2020/07/14 09:47:01:237  INFO com.sinosoft.test.base.TestBase:59 - 配置文件路径：config.properties
2020/07/14 09:47:01:248 DEBUG com.sinosoft.test.base.TestBase:69 - 初始化class com.sinosoft.testcases.fccb.TBGLTestCase
2020/07/14 09:47:01:377 DEBUG com.sinosoft.test.base.TestBase:69 - 初始化class com.sinosoft.test.util.ExcelDataProvider
2020/07/14 09:47:02:671  INFO com.sinosoft.test.base.TestBase:80 - 当前文件里面一共有数据：4
2020/07/14 09:47:02:726  INFO com.sinosoft.test.base.TestBase:91 - start InternetExplorerDriver
2020/07/14 09:47:06:226 DEBUG com.sinosoft.test.base.TestBase:69 - 初始化class com.sinosoft.test.util.WebEventListener
2020/07/14 09:47:06:253  INFO com.sinosoft.test.base.TestBase:80 - 开始运行测试脚本，获取到的测试数据《getTBCLTestData》如下:
2020/07/14 09:47:06:255  INFO com.sinosoft.test.base.TestBase:81 - ROW_ID=2
ProcessFlag=Y
TestCaseName=FCCB_TB_JCX
TestCaseSeq=2
TestDescription=非车承保企财险-工程机械设备保险-出单
riskClass=01
riskCode=0122
renewalInd=0
renewalPolicy=
prePay=
carrayOver=
carrayOverPolicy=
relatedInd=
relatedPolicy=
fbbs=
ywgs=01620189
qdlx=04
gdbs=0
xstd=T6209880101
ywy=S000000029
ywly=01010101
dljg=
xsxy=
cxywbs=HXXT
cdjg=
htzyjjfs=
jnwbz=
jw_country=
jw_Addr=
snbz=
sftkbd=0
sfdzbd=0
sfxb=0
fxqkyjytz=
sfydyw=
sfsn=
xbbdh=
tbr_lx=2
tbr_mc=
tbr_vip=
tbr_dm=G6200019984
tbr_zjlx=
tbr_zjhm=
tbr_sj=
tbr_csrq=
tbr_lxdz=
tbr_dwdh=010-67549095-455
lxr_xm=
lxr_xb=
lxr_zw=
lxr_sj=
lxr_yx=
xzsyfw=1
tqmc=
qbrq=
zbrq=
lgbbz=0
yyzdbz=
sfgxdm=1
cbdq=0001
zzfwlx=2
hydl=03
hyxl=03006
jqbm=121121123123
bbdm=CNY
sf=130000
cs=130300
qx=130302
yb=065201
jzdj=
bxcs=
bdw_jd=
bdw_yyxz=
bdw_sfhyf=
bdw_fxlx=
bdw_sbmc=大型联合收割机
bdw_cjh=V1239876895
bdw_fdjh=E00239988
bdw_cjdjrq=20150101
bdw_cllx=车辆类型
bdw_cpcx=厂牌车型
bdw_sccj=东方红
bdw_gzjz=2000000
bdw_sgzyqy=华北地区
bdw_zylx=
bdw=010007
bdwmx=
xbdm=0107001
jrbe=1
jzfs=09
bxje=2000000
bffl=0.5
dqflbz=2
ysbf=8000
yyzd_zdpcg=
yyzd_sndmlrze=
yyzd_sndyye=
yyzd_bdw=
yyzd_bdwmx=
yyzd_xbdm=
yyzd_jrbe=
yyzd_jzfs=
yyzd_bxje=
yyzd_bffl=
yyzd_dqflbz=
yyzd_ysbf=
fsh=5
xsfdj=A
xsfxs=2
jgx_sf=
jgx_cs=
jgx_qx=
jgx_gcdd=
jgx_bb=
jgx_gcmc=
jgx_gclx_1=
jgx_gclx_2=
jgx_gclx_3=
jgx_gclx_4=
jgx_gclx_5=
jgx_gclx_6=
jgx_yzssjt=
jgx_yz=
jgx_cbs_ssjt=
jgx_cbs=
jgx_gchth=
jgx_gcjz=
jgx_gcqsrq=
jgx_gczzrq=
jgx_gcfw=
jgx_scqqsrq=
jgx_scqzzrq=
jgx_bzqqsrq=
jgx_bzqzzrq=
jgx_ws_xmlbdm=
jgx_ws_jrbe=
jgx_ws_bxje=
jgx_ws_fl=
jgx_ws_dqflbz=
jgx_ws_ysbf=
jgx_sz_xbdm=
jgx_sz_jrbe=
jgx_sz_ljpcxe=
jgx_sz_fv=
jgx_sz_dqflbz=
jgx_sz_ysbf=
proposalNumber=06201890122202000000000003
message=未知异常Unable to find element with css selector == *[name='GuItemPropertyConstruction']
For documentation on this error, please visit: http://seleniumhq.org/exceptions/no_such_element.html
Build info: version: '3.9.0', revision: '698b3178f0', time: '2018-02-05T14:26:55.441Z'
System info: host: 'DESKTOP-I9S3ABE', ip: '100.100.90.161', os.name: 'Windows 10', os.arch: 'amd64', os.version: '10.0', java.version: '1.8.0_101'
Driver info: org.openqa.selenium.ie.InternetExplorerDriver
Capabilities {acceptInsecureCerts: false, browserName: internet explorer, browserVersion: 11, javascriptEnabled: true, pageLoadStrategy: normal, platform: WINDOWS, platformName: WINDOWS, proxy: Proxy(), se:ieOptions: {browserAttachTimeout: 0, elementScrollBehavior: 0, enablePersistentHover: true, ie.browserCommandLineSwitches: , ie.ensureCleanSession: false, ie.fileUploadDialogTimeout: 3000, ie.forceCreateProcessApi: false, ignoreProtectedModeSettings: true, ignoreZoomSetting: false, initialBrowserUrl: http://localhost:26174/, nativeEvents: true, requireWindowFocus: false}, setWindowRect: true, timeouts: {implicit: 0, pageLoad: 300000, script: 30000}, unhandledPromptBehavior: ignore}
Session ID: 55d9d75e-1a0f-404a-a6c4-053a9f2d89a0
*** Element info: {Using=name, value=GuItemPropertyConstruction}
screenshot=C:\Users\liu-b\git\PageObjectModel\screenshots\FCCB_TB_JCX_2_异常截屏_20200713104015098.png
testCaseName=FCCB_TBCL

2020/07/14 09:47:06:260 DEBUG com.sinosoft.test.base.TestBase:69 - 初始化class com.sinosoft.test.fccp.common.LoginPage
2020/07/14 09:47:11:305 DEBUG com.sinosoft.test.base.TestBase:26 - Before navigating to: 'http://tvfchxyw.ypic.cn'
2020/07/14 09:47:11:385 DEBUG com.sinosoft.test.base.TestBase:66 - 系统自动捕获异常：Exception occured: org.openqa.selenium.WebDriverException: Failed to navigate to http://tvfchxyw.ypic.cn. This usually means that a call to the COM method IWebBrowser2::Navigate2() failed.
Build info: version: '3.9.0', revision: '698b3178f0', time: '2018-02-05T14:26:55.441Z'
System info: host: 'DESKTOP-I9S3ABE', ip: '100.100.96.220', os.name: 'Windows 10', os.arch: 'amd64', os.version: '10.0', java.version: '1.8.0_101'
Driver info: org.openqa.selenium.ie.InternetExplorerDriver
Capabilities {acceptInsecureCerts: false, browserName: internet explorer, browserVersion: 11, javascriptEnabled: true, pageLoadStrategy: normal, platform: WINDOWS, platformName: WINDOWS, proxy: Proxy(), se:ieOptions: {browserAttachTimeout: 0, elementScrollBehavior: 0, enablePersistentHover: true, ie.browserCommandLineSwitches: , ie.ensureCleanSession: false, ie.fileUploadDialogTimeout: 3000, ie.forceCreateProcessApi: false, ignoreProtectedModeSettings: true, ignoreZoomSetting: false, initialBrowserUrl: http://localhost:20791/, nativeEvents: true, requireWindowFocus: false}, setWindowRect: true, timeouts: {implicit: 0, pageLoad: 300000, script: 30000}, unhandledPromptBehavior: ignore}
Session ID: 264a28d6-b59d-40e9-ae30-840a57087c8c
2020/07/14 09:47:11:386  INFO com.sinosoft.test.base.TestBase:68 - 异常的message 是：Failed to navigate to http://tvfchxyw.ypic.cn. This usually means that a call to the COM method IWebBrowser2::Navigate2() failed.
Build info: version: '3.9.0', revision: '698b3178f0', time: '2018-02-05T14:26:55.441Z'
System info: host: 'DESKTOP-I9S3ABE', ip: '100.100.96.220', os.name: 'Windows 10', os.arch: 'amd64', os.version: '10.0', java.version: '1.8.0_101'
Driver info: org.openqa.selenium.ie.InternetExplorerDriver
Capabilities {acceptInsecureCerts: false, browserName: internet explorer, browserVersion: 11, javascriptEnabled: true, pageLoadStrategy: normal, platform: WINDOWS, platformName: WINDOWS, proxy: Proxy(), se:ieOptions: {browserAttachTimeout: 0, elementScrollBehavior: 0, enablePersistentHover: true, ie.browserCommandLineSwitches: , ie.ensureCleanSession: false, ie.fileUploadDialogTimeout: 3000, ie.forceCreateProcessApi: false, ignoreProtectedModeSettings: true, ignoreZoomSetting: false, initialBrowserUrl: http://localhost:20791/, nativeEvents: true, requireWindowFocus: false}, setWindowRect: true, timeouts: {implicit: 0, pageLoad: 300000, script: 30000}, unhandledPromptBehavior: ignore}
Session ID: 264a28d6-b59d-40e9-ae30-840a57087c8c
2020/07/14 09:47:11:394  INFO com.sinosoft.test.base.TestBase:125 - 执行测试用例发生了异常，开始截屏
org.openqa.selenium.WebDriverException: Failed to navigate to http://tvfchxyw.ypic.cn. This usually means that a call to the COM method IWebBrowser2::Navigate2() failed.
Build info: version: '3.9.0', revision: '698b3178f0', time: '2018-02-05T14:26:55.441Z'
System info: host: 'DESKTOP-I9S3ABE', ip: '100.100.96.220', os.name: 'Windows 10', os.arch: 'amd64', os.version: '10.0', java.version: '1.8.0_101'
Driver info: org.openqa.selenium.ie.InternetExplorerDriver
Capabilities {acceptInsecureCerts: false, browserName: internet explorer, browserVersion: 11, javascriptEnabled: true, pageLoadStrategy: normal, platform: WINDOWS, platformName: WINDOWS, proxy: Proxy(), se:ieOptions: {browserAttachTimeout: 0, elementScrollBehavior: 0, enablePersistentHover: true, ie.browserCommandLineSwitches: , ie.ensureCleanSession: false, ie.fileUploadDialogTimeout: 3000, ie.forceCreateProcessApi: false, ignoreProtectedModeSettings: true, ignoreZoomSetting: false, initialBrowserUrl: http://localhost:20791/, nativeEvents: true, requireWindowFocus: false}, setWindowRect: true, timeouts: {implicit: 0, pageLoad: 300000, script: 30000}, unhandledPromptBehavior: ignore}
Session ID: 264a28d6-b59d-40e9-ae30-840a57087c8c
	at sun.reflect.NativeConstructorAccessorImpl.newInstance0(Native Method)
	at sun.reflect.NativeConstructorAccessorImpl.newInstance(NativeConstructorAccessorImpl.java:62)
	at sun.reflect.DelegatingConstructorAccessorImpl.newInstance(DelegatingConstructorAccessorImpl.java:45)
	at java.lang.reflect.Constructor.newInstance(Constructor.java:423)
	at org.openqa.selenium.remote.http.W3CHttpResponseCodec.createException(W3CHttpResponseCodec.java:187)
	at org.openqa.selenium.remote.http.W3CHttpResponseCodec.decode(W3CHttpResponseCodec.java:122)
	at org.openqa.selenium.remote.http.W3CHttpResponseCodec.decode(W3CHttpResponseCodec.java:49)
	at org.openqa.selenium.remote.HttpCommandExecutor.execute(HttpCommandExecutor.java:160)
	at org.openqa.selenium.remote.service.DriverCommandExecutor.execute(DriverCommandExecutor.java:83)
	at org.openqa.selenium.remote.RemoteWebDriver.execute(RemoteWebDriver.java:601)
	at org.openqa.selenium.remote.RemoteWebDriver.get(RemoteWebDriver.java:325)
	at sun.reflect.NativeMethodAccessorImpl.invoke0(Native Method)
	at sun.reflect.NativeMethodAccessorImpl.invoke(NativeMethodAccessorImpl.java:62)
	at sun.reflect.DelegatingMethodAccessorImpl.invoke(DelegatingMethodAccessorImpl.java:43)
	at java.lang.reflect.Method.invoke(Method.java:498)
	at org.openqa.selenium.support.events.EventFiringWebDriver$2.invoke(EventFiringWebDriver.java:108)
	at com.sun.proxy.$Proxy8.get(Unknown Source)
	at org.openqa.selenium.support.events.EventFiringWebDriver.get(EventFiringWebDriver.java:167)
	at com.sinosoft.test.base.TestBase.goToURL(TestBase.java:311)
	at com.sinosoft.test.fccp.common.LoginPage.login(LoginPage.java:64)
	at com.sinosoft.test.fccp.common.LoginPage.login_normal(LoginPage.java:87)
	at com.sinosoft.testcases.fccb.TBGLTestCase.FCCB_TBCL(TBGLTestCase.java:88)
	at sun.reflect.NativeMethodAccessorImpl.invoke0(Native Method)
	at sun.reflect.NativeMethodAccessorImpl.invoke(NativeMethodAccessorImpl.java:62)
	at sun.reflect.DelegatingMethodAccessorImpl.invoke(DelegatingMethodAccessorImpl.java:43)
	at java.lang.reflect.Method.invoke(Method.java:498)
	at org.testng.internal.MethodInvocationHelper.invokeMethod(MethodInvocationHelper.java:108)
	at org.testng.internal.Invoker.invokeMethod(Invoker.java:661)
	at org.testng.internal.Invoker.invokeTestMethod(Invoker.java:869)
	at org.testng.internal.Invoker.invokeTestMethods(Invoker.java:1193)
	at org.testng.internal.TestMethodWorker.invokeTestMethods(TestMethodWorker.java:126)
	at org.testng.internal.TestMethodWorker.run(TestMethodWorker.java:109)
	at org.testng.TestRunner.privateRun(TestRunner.java:744)
	at org.testng.TestRunner.run(TestRunner.java:602)
	at org.testng.SuiteRunner.runTest(SuiteRunner.java:380)
	at org.testng.SuiteRunner.runSequentially(SuiteRunner.java:375)
	at org.testng.SuiteRunner.privateRun(SuiteRunner.java:340)
	at org.testng.SuiteRunner.run(SuiteRunner.java:289)
	at org.testng.SuiteRunnerWorker.runSuite(SuiteRunnerWorker.java:52)
	at org.testng.SuiteRunnerWorker.run(SuiteRunnerWorker.java:86)
	at org.testng.TestNG.runSuitesSequentially(TestNG.java:1301)
	at org.testng.TestNG.runSuitesLocally(TestNG.java:1226)
	at org.testng.TestNG.runSuites(TestNG.java:1144)
	at org.testng.TestNG.run(TestNG.java:1115)
	at org.apache.maven.surefire.testng.TestNGExecutor.run(TestNGExecutor.java:283)
	at org.apache.maven.surefire.testng.TestNGXmlTestSuite.execute(TestNGXmlTestSuite.java:75)
	at org.apache.maven.surefire.testng.TestNGProvider.invoke(TestNGProvider.java:120)
	at org.apache.maven.surefire.booter.ForkedBooter.invokeProviderInSameClassLoader(ForkedBooter.java:384)
	at org.apache.maven.surefire.booter.ForkedBooter.runSuitesInProcess(ForkedBooter.java:345)
	at org.apache.maven.surefire.booter.ForkedBooter.execute(ForkedBooter.java:126)
	at org.apache.maven.surefire.booter.ForkedBooter.main(ForkedBooter.java:418)
2020/07/14 09:47:11:404 DEBUG com.sinosoft.test.base.TestBase:88 - 截屏文件名字是：FCCB_TB_JCX_2_异常截屏
2020/07/14 09:47:11:632  INFO com.sinosoft.test.base.TestBase:129 - 执行测试用例发生了异常，截屏结束！
2020/07/14 09:47:11:636  INFO com.sinosoft.test.base.TestBase:132 - 进入Finally事件:RowID:2
2020/07/14 09:47:11:637  INFO com.sinosoft.test.base.TestBase:133 - 进入Finally事件:testCaseName:FCCB_TBCL
2020/07/14 09:47:11:637  INFO com.sinosoft.test.base.TestBase:134 - 进入Finally事件:proposalNumber:06201890122202000000000003
2020/07/14 09:47:11:638  INFO com.sinosoft.test.base.TestBase:135 - 进入Finally事件:message:未知异常Failed to navigate to http://tvfchxyw.ypic.cn. This usually means that a call to the COM method IWebBrowser2::Navigate2() failed.
Build info: version: '3.9.0', revision: '698b3178f0', time: '2018-02-05T14:26:55.441Z'
System info: host: 'DESKTOP-I9S3ABE', ip: '100.100.96.220', os.name: 'Windows 10', os.arch: 'amd64', os.version: '10.0', java.version: '1.8.0_101'
Driver info: org.openqa.selenium.ie.InternetExplorerDriver
Capabilities {acceptInsecureCerts: false, browserName: internet explorer, browserVersion: 11, javascriptEnabled: true, pageLoadStrategy: normal, platform: WINDOWS, platformName: WINDOWS, proxy: Proxy(), se:ieOptions: {browserAttachTimeout: 0, elementScrollBehavior: 0, enablePersistentHover: true, ie.browserCommandLineSwitches: , ie.ensureCleanSession: false, ie.fileUploadDialogTimeout: 3000, ie.forceCreateProcessApi: false, ignoreProtectedModeSettings: true, ignoreZoomSetting: false, initialBrowserUrl: http://localhost:20791/, nativeEvents: true, requireWindowFocus: false}, setWindowRect: true, timeouts: {implicit: 0, pageLoad: 300000, script: 30000}, unhandledPromptBehavior: ignore}
Session ID: 264a28d6-b59d-40e9-ae30-840a57087c8c
2020/07/14 09:47:11:639  INFO com.sinosoft.test.base.TestBase:136 - 进入Finally事件:screenshot:C:\Users\liu-b\git\PageObjectModel\screenshots\FCCB_TB_JCX_2_异常截屏_20200714094711606.png
2020/07/14 09:47:12:007  INFO com.sinosoft.test.base.TestBase:91 - start InternetExplorerDriver
2020/07/14 09:47:14:163 DEBUG com.sinosoft.test.base.TestBase:69 - 初始化class com.sinosoft.test.util.WebEventListener
2020/07/14 09:47:14:180  INFO com.sinosoft.test.base.TestBase:80 - 开始运行测试脚本，获取到的测试数据《getTBCLTestData》如下:
2020/07/14 09:47:14:181  INFO com.sinosoft.test.base.TestBase:81 - ROW_ID=3
ProcessFlag=N
TestCaseName=FCCB_TB_GCX
TestCaseSeq=1
TestDescription=非车承保企财险-建工一切险-出单
riskClass=07
riskCode=0701
renewalInd=0
renewalPolicy=
prePay=
carrayOver=
carrayOverPolicy=
relatedInd=
relatedPolicy=
fbbs=
ywgs=01620190
qdlx=01
gdbs=6
xstd=T6201900101
ywy=S000000006
ywly=01010101
dljg=
xsxy=
cxywbs=YDW
cdjg=01
htzyjjfs=2
jnwbz=
jw_country=
jw_Addr=
snbz=
sftkbd=0
sfdzbd=0
sfxb=0
fxqkyjytz=
sfydyw=
sfsn=
xbbdh=
tbr_lx=1
tbr_mc=
tbr_vip=
tbr_dm=I11101757160
tbr_zjlx=
tbr_zjhm=
tbr_sj=
tbr_csrq=
tbr_lxdz=
tbr_dwdh=
lxr_xm=
lxr_xb=
lxr_zw=
lxr_sj=
lxr_yx=
xzsyfw=1
tqmc=
qbrq=
zbrq=
lgbbz=0
yyzdbz=
sfgxdm=1
cbdq=0001
zzfwlx=0
hydl=
hyxl=
jqbm=
bbdm=
sf=
cs=
qx=
yb=
jzdj=
bxcs=
bdw_jd=
bdw_yyxz=
bdw_sfhyf=
bdw_fxlx=
bdw_sbmc=
bdw_cjh=
bdw_fdjh=
bdw_cjdjrq=
bdw_cllx=
bdw_cpcx=
bdw_sccj=
bdw_gzjz=
bdw_sgzyqy=
bdw_zylx=
bdw=
bdwmx=
xbdm=
jrbe=
jzfs=
bxje=
bffl=
dqflbz=
ysbf=
yyzd_zdpcg=
yyzd_sndmlrze=
yyzd_sndyye=
yyzd_bdw=
yyzd_bdwmx=
yyzd_xbdm=
yyzd_jrbe=
yyzd_jzfs=
yyzd_bxje=
yyzd_bffl=
yyzd_dqflbz=
yyzd_ysbf=
fsh=5
xsfdj=A
xsfxs=2
jgx_sf=620000
jgx_cs=620100
jgx_qx=620102
jgx_gcdd=市政府家属院
jgx_bb=CNY
jgx_gcmc=市政府家属院污水改造工程
jgx_gclx_1=001
jgx_gclx_2=002
jgx_gclx_3=005
jgx_gclx_4=
jgx_gclx_5=006
jgx_gclx_6=007
jgx_yzssjt=0020
jgx_yz=00200001
jgx_cbs_ssjt=9999
jgx_cbs=99990018
jgx_gchth=JGX00020002001
jgx_gcjz=20000000
jgx_gcqsrq=20200301
jgx_gczzrq=20201231
jgx_gcfw=商业体开发及装修
jgx_scqqsrq=20200301
jgx_scqzzrq=20200331
jgx_bzqqsrq=20210101
jgx_bzqzzrq=20211231
jgx_ws_xmlbdm=070001
jgx_ws_jrbe=1
jgx_ws_bxje=20000000
jgx_ws_fl=4
jgx_ws_dqflbz=4
jgx_ws_ysbf=8000
jgx_sz_xbdm=0701034
jgx_sz_jrbe=1
jgx_sz_ljpcxe=10,000,000.00
jgx_sz_fv=2
jgx_sz_dqflbz=4
jgx_sz_ysbf=2000
proposalNumber=06201900701202000000000091
message=
screenshot=
testCaseName=FCCB_TBCL

2020/07/14 09:47:14:183  INFO com.sinosoft.test.base.TestBase:132 - 进入Finally事件:RowID:3
2020/07/14 09:47:14:184  INFO com.sinosoft.test.base.TestBase:133 - 进入Finally事件:testCaseName:FCCB_TBCL
2020/07/14 09:47:14:185  INFO com.sinosoft.test.base.TestBase:134 - 进入Finally事件:proposalNumber:06201900701202000000000091
2020/07/14 09:47:14:185  INFO com.sinosoft.test.base.TestBase:135 - 进入Finally事件:message:
2020/07/14 09:47:14:186  INFO com.sinosoft.test.base.TestBase:136 - 进入Finally事件:screenshot:
2020/07/14 09:47:14:410  INFO com.sinosoft.test.base.TestBase:91 - start InternetExplorerDriver
2020/07/14 09:47:16:725 DEBUG com.sinosoft.test.base.TestBase:69 - 初始化class com.sinosoft.test.util.WebEventListener
2020/07/14 09:47:16:744  INFO com.sinosoft.test.base.TestBase:80 - 开始运行测试脚本，获取到的测试数据《getTBCLTestData》如下:
2020/07/14 09:47:16:745  INFO com.sinosoft.test.base.TestBase:81 - ROW_ID=4
ProcessFlag=N
TestCaseName=FCCB_TB_JCX
TestCaseSeq=2
TestDescription=非车承保企财险-机器损坏保险-出单
riskClass=01
riskCode=0107
renewalInd=0
renewalPolicy=
prePay=
carrayOver=
carrayOverPolicy=
relatedInd=
relatedPolicy=
fbbs=
ywgs=01620189
qdlx=04
gdbs=0
xstd=T6209880101
ywy=S000000029
ywly=01010101
dljg=
xsxy=
cxywbs=HXXT
cdjg=
htzyjjfs=
jnwbz=
jw_country=
jw_Addr=
snbz=
sftkbd=0
sfdzbd=0
sfxb=0
fxqkyjytz=
sfydyw=
sfsn=
xbbdh=
tbr_lx=2
tbr_mc=
tbr_vip=
tbr_dm=G6200019984
tbr_zjlx=
tbr_zjhm=
tbr_sj=
tbr_csrq=
tbr_lxdz=
tbr_dwdh=010-67549095-455
lxr_xm=
lxr_xb=
lxr_zw=
lxr_sj=
lxr_yx=
xzsyfw=1
tqmc=
qbrq=
zbrq=
lgbbz=0
yyzdbz=0
sfgxdm=1
cbdq=
zzfwlx=2
hydl=03
hyxl=03006
jqbm=121121123123
bbdm=CNY
sf=130000
cs=130300
qx=130302
yb=065201
jzdj=01
bxcs=北戴河公园
bdw_jd=西城区月坛街道
bdw_yyxz=01
bdw_sfhyf=0
bdw_fxlx=03
bdw_sbmc=
bdw_cjh=
bdw_fdjh=
bdw_cjdjrq=
bdw_cllx=
bdw_cpcx=
bdw_sccj=
bdw_gzjz=
bdw_sgzyqy=
bdw_zylx=
bdw=010007
bdwmx=
xbdm=0107001
jrbe=1
jzfs=09
bxje=2000000
bffl=0.5
dqflbz=2
ysbf=8000
yyzd_zdpcg=
yyzd_sndmlrze=
yyzd_sndyye=
yyzd_bdw=
yyzd_bdwmx=
yyzd_xbdm=
yyzd_jrbe=
yyzd_jzfs=
yyzd_bxje=
yyzd_bffl=
yyzd_dqflbz=
yyzd_ysbf=
fsh=5
xsfdj=A
xsfxs=2
jgx_sf=
jgx_cs=
jgx_qx=
jgx_gcdd=
jgx_bb=
jgx_gcmc=
jgx_gclx_1=
jgx_gclx_2=
jgx_gclx_3=
jgx_gclx_4=
jgx_gclx_5=
jgx_gclx_6=
jgx_yzssjt=
jgx_yz=
jgx_cbs_ssjt=
jgx_cbs=
jgx_gchth=
jgx_gcjz=
jgx_gcqsrq=
jgx_gczzrq=
jgx_gcfw=
jgx_scqqsrq=
jgx_scqzzrq=
jgx_bzqqsrq=
jgx_bzqzzrq=
jgx_ws_xmlbdm=
jgx_ws_jrbe=
jgx_ws_bxje=
jgx_ws_fl=
jgx_ws_dqflbz=
jgx_ws_ysbf=
jgx_sz_xbdm=
jgx_sz_jrbe=
jgx_sz_ljpcxe=
jgx_sz_fv=
jgx_sz_dqflbz=
jgx_sz_ysbf=
proposalNumber=06201890107202000000000005
message=未知异常Currently focused window has been closed.
Build info: version: '3.9.0', revision: '698b3178f0', time: '2018-02-05T14:26:55.441Z'
System info: host: 'DESKTOP-I9S3ABE', ip: '100.100.93.42', os.name: 'Windows 10', os.arch: 'amd64', os.version: '10.0', java.version: '1.8.0_101'
Driver info: org.openqa.selenium.ie.InternetExplorerDriver
Capabilities {acceptInsecureCerts: false, browserName: internet explorer, browserVersion: 11, javascriptEnabled: true, pageLoadStrategy: normal, platform: WINDOWS, platformName: WINDOWS, proxy: Proxy(), se:ieOptions: {browserAttachTimeout: 0, elementScrollBehavior: 0, enablePersistentHover: true, ie.browserCommandLineSwitches: , ie.ensureCleanSession: false, ie.fileUploadDialogTimeout: 3000, ie.forceCreateProcessApi: false, ignoreProtectedModeSettings: true, ignoreZoomSetting: false, initialBrowserUrl: http://localhost:15976/, nativeEvents: true, requireWindowFocus: false}, setWindowRect: true, timeouts: {implicit: 0, pageLoad: 300000, script: 30000}, unhandledPromptBehavior: ignore}
Session ID: a4ddda5b-3c22-4027-b7dd-dd77604460c0
*** Element info: {Using=name, value=codeselect}
screenshot=
testCaseName=FCCB_TBCL

2020/07/14 09:47:16:745  INFO com.sinosoft.test.base.TestBase:132 - 进入Finally事件:RowID:4
2020/07/14 09:47:16:746  INFO com.sinosoft.test.base.TestBase:133 - 进入Finally事件:testCaseName:FCCB_TBCL
2020/07/14 09:47:16:746  INFO com.sinosoft.test.base.TestBase:134 - 进入Finally事件:proposalNumber:06201890107202000000000005
2020/07/14 09:47:16:747  INFO com.sinosoft.test.base.TestBase:135 - 进入Finally事件:message:未知异常Currently focused window has been closed.
Build info: version: '3.9.0', revision: '698b3178f0', time: '2018-02-05T14:26:55.441Z'
System info: host: 'DESKTOP-I9S3ABE', ip: '100.100.93.42', os.name: 'Windows 10', os.arch: 'amd64', os.version: '10.0', java.version: '1.8.0_101'
Driver info: org.openqa.selenium.ie.InternetExplorerDriver
Capabilities {acceptInsecureCerts: false, browserName: internet explorer, browserVersion: 11, javascriptEnabled: true, pageLoadStrategy: normal, platform: WINDOWS, platformName: WINDOWS, proxy: Proxy(), se:ieOptions: {browserAttachTimeout: 0, elementScrollBehavior: 0, enablePersistentHover: true, ie.browserCommandLineSwitches: , ie.ensureCleanSession: false, ie.fileUploadDialogTimeout: 3000, ie.forceCreateProcessApi: false, ignoreProtectedModeSettings: true, ignoreZoomSetting: false, initialBrowserUrl: http://localhost:15976/, nativeEvents: true, requireWindowFocus: false}, setWindowRect: true, timeouts: {implicit: 0, pageLoad: 300000, script: 30000}, unhandledPromptBehavior: ignore}
Session ID: a4ddda5b-3c22-4027-b7dd-dd77604460c0
*** Element info: {Using=name, value=codeselect}
2020/07/14 09:47:16:749  INFO com.sinosoft.test.base.TestBase:136 - 进入Finally事件:screenshot:
2020/07/14 09:47:16:998  INFO com.sinosoft.test.base.TestBase:91 - start InternetExplorerDriver
2020/07/14 09:47:19:257 DEBUG com.sinosoft.test.base.TestBase:69 - 初始化class com.sinosoft.test.util.WebEventListener
2020/07/14 09:47:19:274  INFO com.sinosoft.test.base.TestBase:80 - 开始运行测试脚本，获取到的测试数据《getTBCLTestData》如下:
2020/07/14 09:47:19:275  INFO com.sinosoft.test.base.TestBase:81 - ROW_ID=5
ProcessFlag=N
TestCaseName=FCCB_TB_JCX
TestCaseSeq=1
TestDescription=非车承保企财险-财产基本险-出单
riskClass=01
riskCode=0101
renewalInd=0
renewalPolicy=
prePay=
carrayOver=
carrayOverPolicy=
relatedInd=
relatedPolicy=
fbbs=
ywgs=01620189
qdlx=04
gdbs=0
xstd=T6209880101
ywy=S000000029
ywly=01010101
dljg=
xsxy=
cxywbs=HXXT
cdjg=
htzyjjfs=
jnwbz=
jw_country=
jw_Addr=
snbz=
sftkbd=0
sfdzbd=0
sfxb=0
fxqkyjytz=
sfydyw=
sfsn=
xbbdh=
tbr_lx=2
tbr_mc=
tbr_vip=
tbr_dm=G6200019603
tbr_zjlx=
tbr_zjhm=
tbr_sj=
tbr_csrq=
tbr_lxdz=
tbr_dwdh=010-67549095-456
lxr_xm=
lxr_xb=
lxr_zw=
lxr_sj=
lxr_yx=
xzsyfw=1
tqmc=
qbrq=
zbrq=
lgbbz=1
yyzdbz=1
sfgxdm=1
cbdq=
zzfwlx=0
hydl=12
hyxl=12006
jqbm=121121123123
bbdm=CNY
sf=130000
cs=130300
qx=130302
yb=065201
jzdj=01
bxcs=北戴河公园
bdw_jd=金融街街道
bdw_yyxz=
bdw_sfhyf=
bdw_fxlx=
bdw_sbmc=
bdw_cjh=
bdw_fdjh=
bdw_cjdjrq=
bdw_cllx=
bdw_cpcx=
bdw_sccj=
bdw_gzjz=
bdw_sgzyqy=
bdw_zylx=
bdw=010001
bdwmx=碣石公园礁石群
xbdm=0101001
jrbe=1
jzfs=10
bxje=2000000
bffl=0.5
dqflbz=2
ysbf=400
yyzd_zdpcg=24
yyzd_sndmlrze=6000000
yyzd_sndyye=20000000
yyzd_bdw=010056
yyzd_bdwmx=
yyzd_xbdm=0105001
yyzd_jrbe=1
yyzd_jzfs=18
yyzd_bxje=200000
yyzd_bffl=3
yyzd_dqflbz=3
yyzd_ysbf=4000
fsh=6
xsfdj=B
xsfxs=2
jgx_sf=
jgx_cs=
jgx_qx=
jgx_gcdd=
jgx_bb=
jgx_gcmc=
jgx_gclx_1=
jgx_gclx_2=
jgx_gclx_3=
jgx_gclx_4=
jgx_gclx_5=
jgx_gclx_6=
jgx_yzssjt=
jgx_yz=
jgx_cbs_ssjt=
jgx_cbs=
jgx_gchth=
jgx_gcjz=
jgx_gcqsrq=
jgx_gczzrq=
jgx_gcfw=
jgx_scqqsrq=
jgx_scqzzrq=
jgx_bzqqsrq=
jgx_bzqzzrq=
jgx_ws_xmlbdm=
jgx_ws_jrbe=
jgx_ws_bxje=
jgx_ws_fl=
jgx_ws_dqflbz=
jgx_ws_ysbf=
jgx_sz_xbdm=
jgx_sz_jrbe=
jgx_sz_ljpcxe=
jgx_sz_fv=
jgx_sz_dqflbz=
jgx_sz_ysbf=
proposalNumber=06201890101202000000000224
message=未知异常No frame element found by name or id myFrame
Build info: version: '3.9.0', revision: '698b3178f0', time: '2018-02-05T14:26:55.441Z'
System info: host: 'DESKTOP-I9S3ABE', ip: '100.100.94.122', os.name: 'Windows 10', os.arch: 'amd64', os.version: '10.0', java.version: '1.8.0_101'
Driver info: driver.version: unknown
screenshot=C:\Users\liu-b\git\PageObjectModel\screenshots\FCCB_TB_JCX_1_异常截屏_20200713064216351.png
testCaseName=FCCB_TBCL

2020/07/14 09:47:19:276  INFO com.sinosoft.test.base.TestBase:132 - 进入Finally事件:RowID:5
2020/07/14 09:47:19:277  INFO com.sinosoft.test.base.TestBase:133 - 进入Finally事件:testCaseName:FCCB_TBCL
2020/07/14 09:47:19:278  INFO com.sinosoft.test.base.TestBase:134 - 进入Finally事件:proposalNumber:06201890101202000000000224
2020/07/14 09:47:19:279  INFO com.sinosoft.test.base.TestBase:135 - 进入Finally事件:message:未知异常No frame element found by name or id myFrame
Build info: version: '3.9.0', revision: '698b3178f0', time: '2018-02-05T14:26:55.441Z'
System info: host: 'DESKTOP-I9S3ABE', ip: '100.100.94.122', os.name: 'Windows 10', os.arch: 'amd64', os.version: '10.0', java.version: '1.8.0_101'
Driver info: driver.version: unknown
2020/07/14 09:47:19:280  INFO com.sinosoft.test.base.TestBase:136 - 进入Finally事件:screenshot:C:\Users\liu-b\git\PageObjectModel\screenshots\FCCB_TB_JCX_1_异常截屏_20200713064216351.png
2020/07/14 09:47:19:760 DEBUG freemarker.cache:45 - Couldn't find template in cache for "index.ftl"("en", UTF-8, parsed); will try to load it.
2020/07/14 09:47:19:762 DEBUG freemarker.cache:45 - TemplateLoader.findTemplateSource("index_en.ftl"): Not found
2020/07/14 09:47:19:765 DEBUG freemarker.cache:45 - TemplateLoader.findTemplateSource("index.ftl"): Found
2020/07/14 09:47:19:766 DEBUG freemarker.cache:45 - Loading template for "index.ftl"("en", UTF-8, parsed) from "jar:file:/C:/Users/liu-b/.m2/repository/com/aventstack/extentreports/3.1.3/extentreports-3.1.3.jar!/com/aventstack/extentreports/view/html-report/index.ftl"
2020/07/14 09:47:20:157 DEBUG freemarker.cache:45 - Couldn't find template in cache for "head.ftl"("en", UTF-8, parsed); will try to load it.
2020/07/14 09:47:20:159 DEBUG freemarker.cache:45 - TemplateLoader.findTemplateSource("head_en.ftl"): Not found
2020/07/14 09:47:20:160 DEBUG freemarker.cache:45 - TemplateLoader.findTemplateSource("head.ftl"): Found
2020/07/14 09:47:20:161 DEBUG freemarker.cache:45 - Loading template for "head.ftl"("en", UTF-8, parsed) from "jar:file:/C:/Users/liu-b/.m2/repository/com/aventstack/extentreports/3.1.3/extentreports-3.1.3.jar!/com/aventstack/extentreports/view/html-report/head.ftl"
2020/07/14 09:47:20:168 DEBUG freemarker.cache:45 - Couldn't find template in cache for "nav.ftl"("en", UTF-8, parsed); will try to load it.
2020/07/14 09:47:20:169 DEBUG freemarker.cache:45 - TemplateLoader.findTemplateSource("nav_en.ftl"): Not found
2020/07/14 09:47:20:172 DEBUG freemarker.cache:45 - TemplateLoader.findTemplateSource("nav.ftl"): Found
2020/07/14 09:47:20:173 DEBUG freemarker.cache:45 - Loading template for "nav.ftl"("en", UTF-8, parsed) from "jar:file:/C:/Users/liu-b/.m2/repository/com/aventstack/extentreports/3.1.3/extentreports-3.1.3.jar!/com/aventstack/extentreports/view/html-report/nav.ftl"
2020/07/14 09:47:20:192 DEBUG freemarker.cache:45 - Couldn't find template in cache for "test-view/test-view.ftl"("en", UTF-8, parsed); will try to load it.
2020/07/14 09:47:20:193 DEBUG freemarker.cache:45 - TemplateLoader.findTemplateSource("test-view/test-view_en.ftl"): Not found
2020/07/14 09:47:20:194 DEBUG freemarker.cache:45 - TemplateLoader.findTemplateSource("test-view/test-view.ftl"): Found
2020/07/14 09:47:20:194 DEBUG freemarker.cache:45 - Loading template for "test-view/test-view.ftl"("en", UTF-8, parsed) from "jar:file:/C:/Users/liu-b/.m2/repository/com/aventstack/extentreports/3.1.3/extentreports-3.1.3.jar!/com/aventstack/extentreports/view/html-report/test-view/test-view.ftl"
2020/07/14 09:47:20:210 DEBUG freemarker.cache:45 - Couldn't find template in cache for "test-view/test-view-charts.ftl"("en", UTF-8, parsed); will try to load it.
2020/07/14 09:47:20:211 DEBUG freemarker.cache:45 - TemplateLoader.findTemplateSource("test-view/test-view-charts_en.ftl"): Not found
2020/07/14 09:47:20:212 DEBUG freemarker.cache:45 - TemplateLoader.findTemplateSource("test-view/test-view-charts.ftl"): Found
2020/07/14 09:47:20:213 DEBUG freemarker.cache:45 - Loading template for "test-view/test-view-charts.ftl"("en", UTF-8, parsed) from "jar:file:/C:/Users/liu-b/.m2/repository/com/aventstack/extentreports/3.1.3/extentreports-3.1.3.jar!/com/aventstack/extentreports/view/html-report/test-view/test-view-charts.ftl"
2020/07/14 09:47:20:240 DEBUG freemarker.cache:45 - Couldn't find template in cache for "test-view/standard.ftl"("en", UTF-8, parsed); will try to load it.
2020/07/14 09:47:20:241 DEBUG freemarker.cache:45 - TemplateLoader.findTemplateSource("test-view/standard_en.ftl"): Not found
2020/07/14 09:47:20:242 DEBUG freemarker.cache:45 - TemplateLoader.findTemplateSource("test-view/standard.ftl"): Found
2020/07/14 09:47:20:242 DEBUG freemarker.cache:45 - Loading template for "test-view/standard.ftl"("en", UTF-8, parsed) from "jar:file:/C:/Users/liu-b/.m2/repository/com/aventstack/extentreports/3.1.3/extentreports-3.1.3.jar!/com/aventstack/extentreports/view/html-report/test-view/standard.ftl"
2020/07/14 09:47:20:274 DEBUG freemarker.cache:45 - "test-view/standard.ftl"("en", UTF-8, parsed) cached copy not yet stale; using cached.
2020/07/14 09:47:20:277 DEBUG freemarker.cache:45 - "test-view/standard.ftl"("en", UTF-8, parsed) cached copy not yet stale; using cached.
2020/07/14 09:47:20:280 DEBUG freemarker.cache:45 - "test-view/standard.ftl"("en", UTF-8, parsed) cached copy not yet stale; using cached.
2020/07/14 09:47:20:283 DEBUG freemarker.cache:45 - Couldn't find template in cache for "category-view/category-view.ftl"("en", UTF-8, parsed); will try to load it.
2020/07/14 09:47:20:284 DEBUG freemarker.cache:45 - TemplateLoader.findTemplateSource("category-view/category-view_en.ftl"): Not found
2020/07/14 09:47:20:285 DEBUG freemarker.cache:45 - TemplateLoader.findTemplateSource("category-view/category-view.ftl"): Found
2020/07/14 09:47:20:288 DEBUG freemarker.cache:45 - Loading template for "category-view/category-view.ftl"("en", UTF-8, parsed) from "jar:file:/C:/Users/liu-b/.m2/repository/com/aventstack/extentreports/3.1.3/extentreports-3.1.3.jar!/com/aventstack/extentreports/view/html-report/category-view/category-view.ftl"
2020/07/14 09:47:20:296 DEBUG freemarker.cache:45 - Couldn't find template in cache for "author-view/author-view.ftl"("en", UTF-8, parsed); will try to load it.
2020/07/14 09:47:20:297 DEBUG freemarker.cache:45 - TemplateLoader.findTemplateSource("author-view/author-view_en.ftl"): Not found
2020/07/14 09:47:20:298 DEBUG freemarker.cache:45 - TemplateLoader.findTemplateSource("author-view/author-view.ftl"): Found
2020/07/14 09:47:20:299 DEBUG freemarker.cache:45 - Loading template for "author-view/author-view.ftl"("en", UTF-8, parsed) from "jar:file:/C:/Users/liu-b/.m2/repository/com/aventstack/extentreports/3.1.3/extentreports-3.1.3.jar!/com/aventstack/extentreports/view/html-report/author-view/author-view.ftl"
2020/07/14 09:47:20:309 DEBUG freemarker.cache:45 - Couldn't find template in cache for "exception-view/exception-view.ftl"("en", UTF-8, parsed); will try to load it.
2020/07/14 09:47:20:310 DEBUG freemarker.cache:45 - TemplateLoader.findTemplateSource("exception-view/exception-view_en.ftl"): Not found
2020/07/14 09:47:20:311 DEBUG freemarker.cache:45 - TemplateLoader.findTemplateSource("exception-view/exception-view.ftl"): Found
2020/07/14 09:47:20:312 DEBUG freemarker.cache:45 - Loading template for "exception-view/exception-view.ftl"("en", UTF-8, parsed) from "jar:file:/C:/Users/liu-b/.m2/repository/com/aventstack/extentreports/3.1.3/extentreports-3.1.3.jar!/com/aventstack/extentreports/view/html-report/exception-view/exception-view.ftl"
2020/07/14 09:47:20:327 DEBUG freemarker.cache:45 - Couldn't find template in cache for "dashboard-view/dashboard-view.ftl"("en", UTF-8, parsed); will try to load it.
2020/07/14 09:47:20:328 DEBUG freemarker.cache:45 - TemplateLoader.findTemplateSource("dashboard-view/dashboard-view_en.ftl"): Not found
2020/07/14 09:47:20:330 DEBUG freemarker.cache:45 - TemplateLoader.findTemplateSource("dashboard-view/dashboard-view.ftl"): Found
2020/07/14 09:47:20:331 DEBUG freemarker.cache:45 - Loading template for "dashboard-view/dashboard-view.ftl"("en", UTF-8, parsed) from "jar:file:/C:/Users/liu-b/.m2/repository/com/aventstack/extentreports/3.1.3/extentreports-3.1.3.jar!/com/aventstack/extentreports/view/html-report/dashboard-view/dashboard-view.ftl"
2020/07/14 09:47:20:340 DEBUG freemarker.cache:45 - Couldn't find template in cache for "logs-view/testrunner-logs-view.ftl"("en", UTF-8, parsed); will try to load it.
2020/07/14 09:47:20:341 DEBUG freemarker.cache:45 - TemplateLoader.findTemplateSource("logs-view/testrunner-logs-view_en.ftl"): Not found
2020/07/14 09:47:20:342 DEBUG freemarker.cache:45 - TemplateLoader.findTemplateSource("logs-view/testrunner-logs-view.ftl"): Found
2020/07/14 09:47:20:344 DEBUG freemarker.cache:45 - Loading template for "logs-view/testrunner-logs-view.ftl"("en", UTF-8, parsed) from "jar:file:/C:/Users/liu-b/.m2/repository/com/aventstack/extentreports/3.1.3/extentreports-3.1.3.jar!/com/aventstack/extentreports/view/html-report/logs-view/testrunner-logs-view.ftl"
2020/07/14 09:49:14:408  INFO com.sinosoft.test.base.TestBase:59 - 配置文件路径：config.properties
2020/07/14 09:49:14:417 DEBUG com.sinosoft.test.base.TestBase:69 - 初始化class com.sinosoft.testcases.fccb.TBGLTestCase
2020/07/14 09:49:14:511 DEBUG com.sinosoft.test.base.TestBase:69 - 初始化class com.sinosoft.test.util.ExcelDataProvider
2020/07/14 09:49:15:606  INFO com.sinosoft.test.base.TestBase:80 - 当前文件里面一共有数据：4
2020/07/14 09:49:15:659  INFO com.sinosoft.test.base.TestBase:91 - start InternetExplorerDriver
2020/07/14 09:49:18:566 DEBUG com.sinosoft.test.base.TestBase:69 - 初始化class com.sinosoft.test.util.WebEventListener
2020/07/14 09:49:18:591  INFO com.sinosoft.test.base.TestBase:80 - 开始运行测试脚本，获取到的测试数据《getTBCLTestData》如下:
2020/07/14 09:49:18:593  INFO com.sinosoft.test.base.TestBase:81 - ROW_ID=2
ProcessFlag=Y
TestCaseName=FCCB_TB_JCX
TestCaseSeq=2
TestDescription=非车承保企财险-工程机械设备保险-出单
riskClass=01
riskCode=0122
renewalInd=0
renewalPolicy=
prePay=
carrayOver=
carrayOverPolicy=
relatedInd=
relatedPolicy=
fbbs=
ywgs=01620189
qdlx=04
gdbs=0
xstd=T6209880101
ywy=S000000029
ywly=01010101
dljg=
xsxy=
cxywbs=HXXT
cdjg=
htzyjjfs=
jnwbz=
jw_country=
jw_Addr=
snbz=
sftkbd=0
sfdzbd=0
sfxb=0
fxqkyjytz=
sfydyw=
sfsn=
xbbdh=
tbr_lx=2
tbr_mc=
tbr_vip=
tbr_dm=G6200019984
tbr_zjlx=
tbr_zjhm=
tbr_sj=
tbr_csrq=
tbr_lxdz=
tbr_dwdh=010-67549095-455
lxr_xm=
lxr_xb=
lxr_zw=
lxr_sj=
lxr_yx=
xzsyfw=1
tqmc=
qbrq=
zbrq=
lgbbz=0
yyzdbz=
sfgxdm=1
cbdq=0001
zzfwlx=2
hydl=03
hyxl=03006
jqbm=121121123123
bbdm=CNY
sf=130000
cs=130300
qx=130302
yb=065201
jzdj=
bxcs=
bdw_jd=
bdw_yyxz=
bdw_sfhyf=
bdw_fxlx=
bdw_sbmc=大型联合收割机
bdw_cjh=V1239876895
bdw_fdjh=E00239988
bdw_cjdjrq=20150101
bdw_cllx=车辆类型
bdw_cpcx=厂牌车型
bdw_sccj=东方红
bdw_gzjz=2000000
bdw_sgzyqy=华北地区
bdw_zylx=
bdw=010007
bdwmx=
xbdm=0107001
jrbe=1
jzfs=09
bxje=2000000
bffl=0.5
dqflbz=2
ysbf=8000
yyzd_zdpcg=
yyzd_sndmlrze=
yyzd_sndyye=
yyzd_bdw=
yyzd_bdwmx=
yyzd_xbdm=
yyzd_jrbe=
yyzd_jzfs=
yyzd_bxje=
yyzd_bffl=
yyzd_dqflbz=
yyzd_ysbf=
fsh=5
xsfdj=A
xsfxs=2
jgx_sf=
jgx_cs=
jgx_qx=
jgx_gcdd=
jgx_bb=
jgx_gcmc=
jgx_gclx_1=
jgx_gclx_2=
jgx_gclx_3=
jgx_gclx_4=
jgx_gclx_5=
jgx_gclx_6=
jgx_yzssjt=
jgx_yz=
jgx_cbs_ssjt=
jgx_cbs=
jgx_gchth=
jgx_gcjz=
jgx_gcqsrq=
jgx_gczzrq=
jgx_gcfw=
jgx_scqqsrq=
jgx_scqzzrq=
jgx_bzqqsrq=
jgx_bzqzzrq=
jgx_ws_xmlbdm=
jgx_ws_jrbe=
jgx_ws_bxje=
jgx_ws_fl=
jgx_ws_dqflbz=
jgx_ws_ysbf=
jgx_sz_xbdm=
jgx_sz_jrbe=
jgx_sz_ljpcxe=
jgx_sz_fv=
jgx_sz_dqflbz=
jgx_sz_ysbf=
proposalNumber=06201890122202000000000003
message=未知异常Failed to navigate to http://tvfchxyw.ypic.cn. This usually means that a call to the COM method IWebBrowser2::Navigate2() failed.
Build info: version: '3.9.0', revision: '698b3178f0', time: '2018-02-05T14:26:55.441Z'
System info: host: 'DESKTOP-I9S3ABE', ip: '100.100.96.220', os.name: 'Windows 10', os.arch: 'amd64', os.version: '10.0', java.version: '1.8.0_101'
Driver info: org.openqa.selenium.ie.InternetExplorerDriver
Capabilities {acceptInsecureCerts: false, browserName: internet explorer, browserVersion: 11, javascriptEnabled: true, pageLoadStrategy: normal, platform: WINDOWS, platformName: WINDOWS, proxy: Proxy(), se:ieOptions: {browserAttachTimeout: 0, elementScrollBehavior: 0, enablePersistentHover: true, ie.browserCommandLineSwitches: , ie.ensureCleanSession: false, ie.fileUploadDialogTimeout: 3000, ie.forceCreateProcessApi: false, ignoreProtectedModeSettings: true, ignoreZoomSetting: false, initialBrowserUrl: http://localhost:20791/, nativeEvents: true, requireWindowFocus: false}, setWindowRect: true, timeouts: {implicit: 0, pageLoad: 300000, script: 30000}, unhandledPromptBehavior: ignore}
Session ID: 264a28d6-b59d-40e9-ae30-840a57087c8c
screenshot=C:\Users\liu-b\git\PageObjectModel\screenshots\FCCB_TB_JCX_2_异常截屏_20200714094711606.png
testCaseName=FCCB_TBCL

2020/07/14 09:49:18:598 DEBUG com.sinosoft.test.base.TestBase:69 - 初始化class com.sinosoft.test.fccp.common.LoginPage
2020/07/14 09:49:23:639 DEBUG com.sinosoft.test.base.TestBase:26 - Before navigating to: 'http://tvfchxyw.ypic.cn'
2020/07/14 09:49:24:523 DEBUG com.sinosoft.test.base.TestBase:30 - Navigated to:'http://tvfchxyw.ypic.cn'
2020/07/14 09:49:24:524 DEBUG com.sinosoft.test.base.TestBase:76 - Trying to find Element By : By.id: username
2020/07/14 09:49:24:769 DEBUG com.sinosoft.test.base.TestBase:80 - Found Element By : By.id: username
2020/07/14 09:49:24:778  INFO com.sinosoft.test.base.TestBase:360 - setEditboxValue:[[InternetExplorerDriver: internet explorer on WINDOWS (60887b1b-566a-4cb8-bc95-752268e296fa)] -> id: username]：policy1@ypic
2020/07/14 09:49:24:778 DEBUG com.sinosoft.test.base.TestBase:76 - Trying to find Element By : By.id: username
2020/07/14 09:49:25:037 DEBUG com.sinosoft.test.base.TestBase:80 - Found Element By : By.id: username
2020/07/14 09:49:25:536 DEBUG com.sinosoft.test.base.TestBase:76 - Trying to find Element By : By.id: username
2020/07/14 09:49:25:771 DEBUG com.sinosoft.test.base.TestBase:80 - Found Element By : By.id: username
2020/07/14 09:49:26:400 DEBUG com.sinosoft.test.base.TestBase:76 - Trying to find Element By : By.id: username
2020/07/14 09:49:26:607 DEBUG com.sinosoft.test.base.TestBase:80 - Found Element By : By.id: username
2020/07/14 09:49:26:608  INFO com.sinosoft.test.base.TestBase:363 - setEditboxValue—End:[[InternetExplorerDriver: internet explorer on WINDOWS (60887b1b-566a-4cb8-bc95-752268e296fa)] -> id: username]：policy1@ypic
2020/07/14 09:49:26:609 DEBUG com.sinosoft.test.base.TestBase:76 - Trying to find Element By : By.id: password
2020/07/14 09:49:26:835 DEBUG com.sinosoft.test.base.TestBase:80 - Found Element By : By.id: password
2020/07/14 09:49:26:836  INFO com.sinosoft.test.base.TestBase:360 - setEditboxValue:[[InternetExplorerDriver: internet explorer on WINDOWS (60887b1b-566a-4cb8-bc95-752268e296fa)] -> id: password]：ypic@1234
2020/07/14 09:49:26:837 DEBUG com.sinosoft.test.base.TestBase:76 - Trying to find Element By : By.id: password
2020/07/14 09:49:27:053 DEBUG com.sinosoft.test.base.TestBase:80 - Found Element By : By.id: password
2020/07/14 09:49:27:507 DEBUG com.sinosoft.test.base.TestBase:76 - Trying to find Element By : By.id: password
2020/07/14 09:49:27:734 DEBUG com.sinosoft.test.base.TestBase:80 - Found Element By : By.id: password
2020/07/14 09:49:28:219 DEBUG com.sinosoft.test.base.TestBase:76 - Trying to find Element By : By.id: password
2020/07/14 09:49:28:484 DEBUG com.sinosoft.test.base.TestBase:80 - Found Element By : By.id: password
2020/07/14 09:49:28:485  INFO com.sinosoft.test.base.TestBase:363 - setEditboxValue—End:[[InternetExplorerDriver: internet explorer on WINDOWS (60887b1b-566a-4cb8-bc95-752268e296fa)] -> id: password]：ypic@1234
2020/07/14 09:49:28:486 DEBUG com.sinosoft.test.base.TestBase:76 - Trying to find Element By : By.id: bt_submit
2020/07/14 09:49:28:702 DEBUG com.sinosoft.test.base.TestBase:80 - Found Element By : By.id: bt_submit
2020/07/14 09:49:28:703  INFO com.sinosoft.test.base.TestBase:402 - clickButton:[[InternetExplorerDriver: internet explorer on WINDOWS (60887b1b-566a-4cb8-bc95-752268e296fa)] -> id: bt_submit]
2020/07/14 09:49:28:704 DEBUG com.sinosoft.test.base.TestBase:76 - Trying to find Element By : By.id: bt_submit
2020/07/14 09:49:28:952 DEBUG com.sinosoft.test.base.TestBase:80 - Found Element By : By.id: bt_submit
2020/07/14 09:49:28:953 DEBUG com.sinosoft.test.base.TestBase:42 - Trying to click on: [[InternetExplorerDriver: internet explorer on WINDOWS (60887b1b-566a-4cb8-bc95-752268e296fa)] -> id: bt_submit]
2020/07/14 09:49:31:606 DEBUG com.sinosoft.test.base.TestBase:46 - Clicked on: [[InternetExplorerDriver: internet explorer on WINDOWS (60887b1b-566a-4cb8-bc95-752268e296fa)] -> id: bt_submit]
2020/07/14 09:49:31:617 DEBUG com.sinosoft.test.base.TestBase:76 - Trying to find Element By : By.xpath: //input[@value='继续登录']
2020/07/14 09:49:33:866 DEBUG com.sinosoft.test.base.TestBase:66 - 系统自动捕获异常：Exception occured: org.openqa.selenium.NoSuchElementException: Unable to find element with xpath == //input[@value='继续登录']
For documentation on this error, please visit: http://seleniumhq.org/exceptions/no_such_element.html
Build info: version: '3.9.0', revision: '698b3178f0', time: '2018-02-05T14:26:55.441Z'
System info: host: 'DESKTOP-I9S3ABE', ip: '100.100.96.220', os.name: 'Windows 10', os.arch: 'amd64', os.version: '10.0', java.version: '1.8.0_101'
Driver info: org.openqa.selenium.ie.InternetExplorerDriver
Capabilities {acceptInsecureCerts: false, browserName: internet explorer, browserVersion: 11, javascriptEnabled: true, pageLoadStrategy: normal, platform: WINDOWS, platformName: WINDOWS, proxy: Proxy(), se:ieOptions: {browserAttachTimeout: 0, elementScrollBehavior: 0, enablePersistentHover: true, ie.browserCommandLineSwitches: , ie.ensureCleanSession: false, ie.fileUploadDialogTimeout: 3000, ie.forceCreateProcessApi: false, ignoreProtectedModeSettings: true, ignoreZoomSetting: false, initialBrowserUrl: http://localhost:22609/, nativeEvents: true, requireWindowFocus: false}, setWindowRect: true, timeouts: {implicit: 0, pageLoad: 300000, script: 30000}, unhandledPromptBehavior: ignore}
Session ID: 60887b1b-566a-4cb8-bc95-752268e296fa
*** Element info: {Using=xpath, value=//input[@value='继续登录']}
2020/07/14 09:49:33:868  INFO com.sinosoft.test.base.TestBase:68 - 异常的message 是：Unable to find element with xpath == //input[@value='继续登录']
For documentation on this error, please visit: http://seleniumhq.org/exceptions/no_such_element.html
Build info: version: '3.9.0', revision: '698b3178f0', time: '2018-02-05T14:26:55.441Z'
System info: host: 'DESKTOP-I9S3ABE', ip: '100.100.96.220', os.name: 'Windows 10', os.arch: 'amd64', os.version: '10.0', java.version: '1.8.0_101'
Driver info: org.openqa.selenium.ie.InternetExplorerDriver
Capabilities {acceptInsecureCerts: false, browserName: internet explorer, browserVersion: 11, javascriptEnabled: true, pageLoadStrategy: normal, platform: WINDOWS, platformName: WINDOWS, proxy: Proxy(), se:ieOptions: {browserAttachTimeout: 0, elementScrollBehavior: 0, enablePersistentHover: true, ie.browserCommandLineSwitches: , ie.ensureCleanSession: false, ie.fileUploadDialogTimeout: 3000, ie.forceCreateProcessApi: false, ignoreProtectedModeSettings: true, ignoreZoomSetting: false, initialBrowserUrl: http://localhost:22609/, nativeEvents: true, requireWindowFocus: false}, setWindowRect: true, timeouts: {implicit: 0, pageLoad: 300000, script: 30000}, unhandledPromptBehavior: ignore}
Session ID: 60887b1b-566a-4cb8-bc95-752268e296fa
*** Element info: {Using=xpath, value=//input[@value='继续登录']}
2020/07/14 09:49:33:870  INFO com.sinosoft.test.base.TestBase:198 - 没有找到页面元素:By.xpath: //input[@value='继续登录'] - 错误信息Expected condition failed: waiting for com.sinosoft.test.base.TestBase$1@561868a0 (tried for 2 second(s) with 500 MILLISECONDS interval)
2020/07/14 09:49:33:871  INFO com.sinosoft.test.base.TestBase:77 - 常规登录，没有继续登录按钮
2020/07/14 09:49:33:878 DEBUG com.sinosoft.test.base.TestBase:69 - 初始化class com.sinosoft.test.fccp.common.HomePage
2020/07/14 09:49:34:482 DEBUG com.sinosoft.test.base.TestBase:76 - Trying to find Element By : By.linkText: 承保子系统
2020/07/14 09:49:34:596 DEBUG com.sinosoft.test.base.TestBase:80 - Found Element By : By.linkText: 承保子系统
2020/07/14 09:49:34:597  INFO com.sinosoft.test.base.TestBase:144 - RunJavaScript:[[InternetExplorerDriver: internet explorer on WINDOWS (60887b1b-566a-4cb8-bc95-752268e296fa)] -> link text: 承保子系统]	arguments[0].click();
2020/07/14 09:49:35:184 DEBUG com.sinosoft.test.base.TestBase:76 - Trying to find Element By : By.linkText: 投保管理
2020/07/14 09:49:35:334 DEBUG com.sinosoft.test.base.TestBase:80 - Found Element By : By.linkText: 投保管理
2020/07/14 09:49:35:335  INFO com.sinosoft.test.base.TestBase:144 - RunJavaScript:[[InternetExplorerDriver: internet explorer on WINDOWS (60887b1b-566a-4cb8-bc95-752268e296fa)] -> link text: 投保管理]	arguments[0].click();
2020/07/14 09:49:35:696 DEBUG com.sinosoft.test.base.TestBase:76 - Trying to find Element By : By.linkText: 投保处理
2020/07/14 09:49:35:780 DEBUG com.sinosoft.test.base.TestBase:80 - Found Element By : By.linkText: 投保处理
2020/07/14 09:49:35:781  INFO com.sinosoft.test.base.TestBase:144 - RunJavaScript:[[InternetExplorerDriver: internet explorer on WINDOWS (60887b1b-566a-4cb8-bc95-752268e296fa)] -> link text: 投保处理]	arguments[0].click();
2020/07/14 09:49:36:031 DEBUG com.sinosoft.test.base.TestBase:69 - 初始化class com.sinosoft.test.fccp.tbcl.RiskSelectPage
2020/07/14 09:49:36:698 DEBUG com.sinosoft.test.base.TestBase:93 - 投保处理/险种选择
2020/07/14 09:49:36:700 DEBUG com.sinosoft.test.base.TestBase:76 - Trying to find Element By : By.name: riskClassTemp
2020/07/14 09:49:36:796 DEBUG com.sinosoft.test.base.TestBase:80 - Found Element By : By.name: riskClassTemp
2020/07/14 09:49:36:850 DEBUG com.sinosoft.test.base.TestBase:76 - Trying to find Element By : By.name: riskClassTemp
2020/07/14 09:49:36:945 DEBUG com.sinosoft.test.base.TestBase:80 - Found Element By : By.name: riskClassTemp
2020/07/14 09:49:36:945 DEBUG com.sinosoft.test.base.TestBase:63 - SetCodeEditBox:开始设置:[[InternetExplorerDriver: internet explorer on WINDOWS (60887b1b-566a-4cb8-bc95-752268e296fa)] -> name: riskClassTemp] & Code=01
2020/07/14 09:49:36:946 DEBUG com.sinosoft.test.base.TestBase:76 - Trying to find Element By : By.name: riskClassTemp
2020/07/14 09:49:37:020 DEBUG com.sinosoft.test.base.TestBase:80 - Found Element By : By.name: riskClassTemp
2020/07/14 09:49:37:355 DEBUG com.sinosoft.test.base.TestBase:76 - Trying to find Element By : By.name: riskClassTemp
2020/07/14 09:49:37:420 DEBUG com.sinosoft.test.base.TestBase:80 - Found Element By : By.name: riskClassTemp
2020/07/14 09:49:38:046 DEBUG com.sinosoft.test.base.TestBase:76 - Trying to find Element By : By.name: riskClassTemp
2020/07/14 09:49:38:144 DEBUG com.sinosoft.test.base.TestBase:80 - Found Element By : By.name: riskClassTemp
2020/07/14 09:49:38:145 DEBUG com.sinosoft.test.base.TestBase:76 - Trying to find Element By : By.xpath: ../input[last()]
2020/07/14 09:49:38:244 DEBUG com.sinosoft.test.base.TestBase:80 - Found Element By : By.xpath: ../input[last()]
2020/07/14 09:49:38:459  INFO com.sinosoft.test.base.TestBase:71 - SetCodeEditBox:找到了Code对应的文本显示框并点击触发显示:riskClassName
2020/07/14 09:49:38:461 DEBUG com.sinosoft.test.base.TestBase:42 - Trying to click on: [[[[InternetExplorerDriver: internet explorer on WINDOWS (60887b1b-566a-4cb8-bc95-752268e296fa)] -> name: riskClassTemp]] -> xpath: ../input[last()]]
2020/07/14 09:49:39:605 DEBUG com.sinosoft.test.base.TestBase:46 - Clicked on: [[[[InternetExplorerDriver: internet explorer on WINDOWS (60887b1b-566a-4cb8-bc95-752268e296fa)] -> name: riskClassTemp]] -> xpath: ../input[last()]]
2020/07/14 09:49:39:807 DEBUG com.sinosoft.test.base.TestBase:76 - Trying to find Element By : By.name: riskClassTemp
2020/07/14 09:49:39:876 DEBUG com.sinosoft.test.base.TestBase:80 - Found Element By : By.name: riskClassTemp
2020/07/14 09:49:39:877 DEBUG com.sinosoft.test.base.TestBase:87 - SetCodeEditBox:设置完毕[[InternetExplorerDriver: internet explorer on WINDOWS (60887b1b-566a-4cb8-bc95-752268e296fa)] -> name: riskClassTemp],设置值 Code=01
2020/07/14 09:49:39:877 DEBUG com.sinosoft.test.base.TestBase:76 - Trying to find Element By : By.name: riskCode
2020/07/14 09:49:39:940 DEBUG com.sinosoft.test.base.TestBase:80 - Found Element By : By.name: riskCode
2020/07/14 09:49:39:992 DEBUG com.sinosoft.test.base.TestBase:76 - Trying to find Element By : By.name: riskCode
2020/07/14 09:49:40:064 DEBUG com.sinosoft.test.base.TestBase:80 - Found Element By : By.name: riskCode
2020/07/14 09:49:40:066 DEBUG com.sinosoft.test.base.TestBase:63 - SetCodeEditBox:开始设置:[[InternetExplorerDriver: internet explorer on WINDOWS (60887b1b-566a-4cb8-bc95-752268e296fa)] -> name: riskCode] & Code=0122
2020/07/14 09:49:40:066 DEBUG com.sinosoft.test.base.TestBase:76 - Trying to find Element By : By.name: riskCode
2020/07/14 09:49:40:144 DEBUG com.sinosoft.test.base.TestBase:80 - Found Element By : By.name: riskCode
2020/07/14 09:49:40:461 DEBUG com.sinosoft.test.base.TestBase:76 - Trying to find Element By : By.name: riskCode
2020/07/14 09:49:40:561 DEBUG com.sinosoft.test.base.TestBase:80 - Found Element By : By.name: riskCode
2020/07/14 09:49:41:239 DEBUG com.sinosoft.test.base.TestBase:76 - Trying to find Element By : By.name: riskCode
2020/07/14 09:49:41:398 DEBUG com.sinosoft.test.base.TestBase:80 - Found Element By : By.name: riskCode
2020/07/14 09:49:41:399 DEBUG com.sinosoft.test.base.TestBase:76 - Trying to find Element By : By.xpath: ../input[last()]
2020/07/14 09:49:41:601 DEBUG com.sinosoft.test.base.TestBase:80 - Found Element By : By.xpath: ../input[last()]
2020/07/14 09:49:41:939  INFO com.sinosoft.test.base.TestBase:71 - SetCodeEditBox:找到了Code对应的文本显示框并点击触发显示:riskName
2020/07/14 09:49:41:939 DEBUG com.sinosoft.test.base.TestBase:42 - Trying to click on: [[[[InternetExplorerDriver: internet explorer on WINDOWS (60887b1b-566a-4cb8-bc95-752268e296fa)] -> name: riskCode]] -> xpath: ../input[last()]]
2020/07/14 09:49:43:226 DEBUG com.sinosoft.test.base.TestBase:46 - Clicked on: [[[[InternetExplorerDriver: internet explorer on WINDOWS (60887b1b-566a-4cb8-bc95-752268e296fa)] -> name: riskCode]] -> xpath: ../input[last()]]
2020/07/14 09:49:43:426 DEBUG com.sinosoft.test.base.TestBase:76 - Trying to find Element By : By.name: riskCode
2020/07/14 09:49:43:523 DEBUG com.sinosoft.test.base.TestBase:80 - Found Element By : By.name: riskCode
2020/07/14 09:49:43:524 DEBUG com.sinosoft.test.base.TestBase:87 - SetCodeEditBox:设置完毕[[InternetExplorerDriver: internet explorer on WINDOWS (60887b1b-566a-4cb8-bc95-752268e296fa)] -> name: riskCode],设置值 Code=0122
2020/07/14 09:49:43:526 DEBUG com.sinosoft.test.base.TestBase:76 - Trying to find Element By : By.name: renewInd
2020/07/14 09:49:43:658 DEBUG com.sinosoft.test.base.TestBase:80 - Found Element By : By.name: renewInd
2020/07/14 09:49:43:660  INFO com.sinosoft.test.base.TestBase:321 - setEditboxTValue:[[[InternetExplorerDriver: internet explorer on WINDOWS (60887b1b-566a-4cb8-bc95-752268e296fa)] -> name: renewInd], [[InternetExplorerDriver: internet explorer on WINDOWS (60887b1b-566a-4cb8-bc95-752268e296fa)] -> name: renewInd]]：0
2020/07/14 09:49:43:660 DEBUG com.sinosoft.test.base.TestBase:76 - Trying to find Element By : By.name: renewInd
2020/07/14 09:49:43:769 DEBUG com.sinosoft.test.base.TestBase:80 - Found Element By : By.name: renewInd
2020/07/14 09:49:43:921 DEBUG com.sinosoft.test.base.TestBase:76 - Trying to find Element By : By.name: buttonNextStep
2020/07/14 09:49:44:004 DEBUG com.sinosoft.test.base.TestBase:80 - Found Element By : By.name: buttonNextStep
2020/07/14 09:49:44:006  INFO com.sinosoft.test.base.TestBase:402 - clickButton:[[InternetExplorerDriver: internet explorer on WINDOWS (60887b1b-566a-4cb8-bc95-752268e296fa)] -> name: buttonNextStep]
2020/07/14 09:49:44:006 DEBUG com.sinosoft.test.base.TestBase:42 - Trying to click on: [[InternetExplorerDriver: internet explorer on WINDOWS (60887b1b-566a-4cb8-bc95-752268e296fa)] -> name: buttonNextStep]
2020/07/14 09:49:47:647 DEBUG com.sinosoft.test.base.TestBase:46 - Clicked on: [[InternetExplorerDriver: internet explorer on WINDOWS (60887b1b-566a-4cb8-bc95-752268e296fa)] -> name: buttonNextStep]
2020/07/14 09:49:47:655 DEBUG com.sinosoft.test.base.TestBase:69 - 初始化class com.sinosoft.test.fccp.tbcl.BasicInfoPage
2020/07/14 09:49:50:666 DEBUG com.sinosoft.test.base.TestBase:322 - 投保处理/基本信息
2020/07/14 09:49:50:666 DEBUG com.sinosoft.test.base.TestBase:76 - Trying to find Element By : By.name: GuMainBusinessType
2020/07/14 09:49:50:797 DEBUG com.sinosoft.test.base.TestBase:80 - Found Element By : By.name: GuMainBusinessType
2020/07/14 09:49:50:799  INFO com.sinosoft.test.base.TestBase:96 - setSelectWithStartText:[[InternetExplorerDriver: internet explorer on WINDOWS (60887b1b-566a-4cb8-bc95-752268e296fa)] -> name: GuMainBusinessType]->
2020/07/14 09:49:50:800 DEBUG com.sinosoft.test.base.TestBase:76 - Trying to find Element By : By.name: GuMainCompanyCode
2020/07/14 09:49:50:901 DEBUG com.sinosoft.test.base.TestBase:80 - Found Element By : By.name: GuMainCompanyCode
2020/07/14 09:49:50:955 DEBUG com.sinosoft.test.base.TestBase:76 - Trying to find Element By : By.name: GuMainCompanyCode
2020/07/14 09:49:51:082 DEBUG com.sinosoft.test.base.TestBase:80 - Found Element By : By.name: GuMainCompanyCode
2020/07/14 09:49:51:083 DEBUG com.sinosoft.test.base.TestBase:63 - SetCodeEditBox:开始设置:[[InternetExplorerDriver: internet explorer on WINDOWS (60887b1b-566a-4cb8-bc95-752268e296fa)] -> name: GuMainCompanyCode] & Code=01620189
2020/07/14 09:49:51:083 DEBUG com.sinosoft.test.base.TestBase:76 - Trying to find Element By : By.name: GuMainCompanyCode
2020/07/14 09:49:51:183 DEBUG com.sinosoft.test.base.TestBase:80 - Found Element By : By.name: GuMainCompanyCode
2020/07/14 09:49:51:586 DEBUG com.sinosoft.test.base.TestBase:76 - Trying to find Element By : By.name: GuMainCompanyCode
2020/07/14 09:49:51:728 DEBUG com.sinosoft.test.base.TestBase:80 - Found Element By : By.name: GuMainCompanyCode
2020/07/14 09:49:53:038 DEBUG com.sinosoft.test.base.TestBase:76 - Trying to find Element By : By.name: GuMainCompanyCode
2020/07/14 09:49:53:131 DEBUG com.sinosoft.test.base.TestBase:80 - Found Element By : By.name: GuMainCompanyCode
2020/07/14 09:49:53:132 DEBUG com.sinosoft.test.base.TestBase:76 - Trying to find Element By : By.xpath: ../input[last()]
2020/07/14 09:49:53:226 DEBUG com.sinosoft.test.base.TestBase:80 - Found Element By : By.xpath: ../input[last()]
2020/07/14 09:49:53:435  INFO com.sinosoft.test.base.TestBase:71 - SetCodeEditBox:找到了Code对应的文本显示框并点击触发显示:GuMainCompanyName
2020/07/14 09:49:53:436 DEBUG com.sinosoft.test.base.TestBase:42 - Trying to click on: [[[[InternetExplorerDriver: internet explorer on WINDOWS (60887b1b-566a-4cb8-bc95-752268e296fa)] -> name: GuMainCompanyCode]] -> xpath: ../input[last()]]
2020/07/14 09:49:54:735 DEBUG com.sinosoft.test.base.TestBase:46 - Clicked on: [[[[InternetExplorerDriver: internet explorer on WINDOWS (60887b1b-566a-4cb8-bc95-752268e296fa)] -> name: GuMainCompanyCode]] -> xpath: ../input[last()]]
2020/07/14 09:49:54:935 DEBUG com.sinosoft.test.base.TestBase:76 - Trying to find Element By : By.name: GuMainCompanyCode
2020/07/14 09:49:55:147 DEBUG com.sinosoft.test.base.TestBase:80 - Found Element By : By.name: GuMainCompanyCode
2020/07/14 09:49:55:147 DEBUG com.sinosoft.test.base.TestBase:87 - SetCodeEditBox:设置完毕[[InternetExplorerDriver: internet explorer on WINDOWS (60887b1b-566a-4cb8-bc95-752268e296fa)] -> name: GuMainCompanyCode],设置值 Code=01620189
2020/07/14 09:49:55:148 DEBUG com.sinosoft.test.base.TestBase:76 - Trying to find Element By : By.name: GuMainChannelDetailCode
2020/07/14 09:49:55:230 DEBUG com.sinosoft.test.base.TestBase:80 - Found Element By : By.name: GuMainChannelDetailCode
2020/07/14 09:49:55:309 DEBUG com.sinosoft.test.base.TestBase:76 - Trying to find Element By : By.name: GuMainChannelDetailCode
2020/07/14 09:49:55:464 DEBUG com.sinosoft.test.base.TestBase:80 - Found Element By : By.name: GuMainChannelDetailCode
2020/07/14 09:49:55:465 DEBUG com.sinosoft.test.base.TestBase:63 - SetCodeEditBox:开始设置:[[InternetExplorerDriver: internet explorer on WINDOWS (60887b1b-566a-4cb8-bc95-752268e296fa)] -> name: GuMainChannelDetailCode] & Code=04
2020/07/14 09:49:55:465 DEBUG com.sinosoft.test.base.TestBase:76 - Trying to find Element By : By.name: GuMainChannelDetailCode
2020/07/14 09:49:55:592 DEBUG com.sinosoft.test.base.TestBase:80 - Found Element By : By.name: GuMainChannelDetailCode
2020/07/14 09:49:56:001 DEBUG com.sinosoft.test.base.TestBase:76 - Trying to find Element By : By.name: GuMainChannelDetailCode
2020/07/14 09:49:56:118 DEBUG com.sinosoft.test.base.TestBase:80 - Found Element By : By.name: GuMainChannelDetailCode
2020/07/14 09:49:56:873 DEBUG com.sinosoft.test.base.TestBase:76 - Trying to find Element By : By.name: GuMainChannelDetailCode
2020/07/14 09:49:57:090 DEBUG com.sinosoft.test.base.TestBase:80 - Found Element By : By.name: GuMainChannelDetailCode
2020/07/14 09:49:57:090 DEBUG com.sinosoft.test.base.TestBase:76 - Trying to find Element By : By.xpath: ../input[last()]
2020/07/14 09:49:57:193 DEBUG com.sinosoft.test.base.TestBase:80 - Found Element By : By.xpath: ../input[last()]
2020/07/14 09:49:57:385  INFO com.sinosoft.test.base.TestBase:71 - SetCodeEditBox:找到了Code对应的文本显示框并点击触发显示:GuMainChannelDetailName
2020/07/14 09:49:57:386 DEBUG com.sinosoft.test.base.TestBase:42 - Trying to click on: [[[[InternetExplorerDriver: internet explorer on WINDOWS (60887b1b-566a-4cb8-bc95-752268e296fa)] -> name: GuMainChannelDetailCode]] -> xpath: ../input[last()]]
2020/07/14 09:49:58:687 DEBUG com.sinosoft.test.base.TestBase:46 - Clicked on: [[[[InternetExplorerDriver: internet explorer on WINDOWS (60887b1b-566a-4cb8-bc95-752268e296fa)] -> name: GuMainChannelDetailCode]] -> xpath: ../input[last()]]
2020/07/14 09:49:58:889 DEBUG com.sinosoft.test.base.TestBase:76 - Trying to find Element By : By.name: GuMainChannelDetailCode
2020/07/14 09:49:59:079 DEBUG com.sinosoft.test.base.TestBase:80 - Found Element By : By.name: GuMainChannelDetailCode
2020/07/14 09:49:59:080 DEBUG com.sinosoft.test.base.TestBase:87 - SetCodeEditBox:设置完毕[[InternetExplorerDriver: internet explorer on WINDOWS (60887b1b-566a-4cb8-bc95-752268e296fa)] -> name: GuMainChannelDetailCode],设置值 Code=04
2020/07/14 09:49:59:080 DEBUG com.sinosoft.test.base.TestBase:76 - Trying to find Element By : By.name: GuMainShareHolderFlag
2020/07/14 09:49:59:267 DEBUG com.sinosoft.test.base.TestBase:80 - Found Element By : By.name: GuMainShareHolderFlag
2020/07/14 09:49:59:357 DEBUG com.sinosoft.test.base.TestBase:76 - Trying to find Element By : By.name: GuMainShareHolderFlag
2020/07/14 09:49:59:477 DEBUG com.sinosoft.test.base.TestBase:80 - Found Element By : By.name: GuMainShareHolderFlag
2020/07/14 09:49:59:477 DEBUG com.sinosoft.test.base.TestBase:42 - CodeSelect:开始设置[[InternetExplorerDriver: internet explorer on WINDOWS (60887b1b-566a-4cb8-bc95-752268e296fa)] -> name: GuMainShareHolderFlag] & Code=0
2020/07/14 09:49:59:494 DEBUG com.sinosoft.test.base.TestBase:76 - Trying to find Element By : By.name: GuMainShareHolderFlag
2020/07/14 09:49:59:616 DEBUG com.sinosoft.test.base.TestBase:80 - Found Element By : By.name: GuMainShareHolderFlag
2020/07/14 09:50:01:182 DEBUG com.sinosoft.test.base.TestBase:272 - 系统窗口【黄河财险业务系统】with handle -1987adfe-32af-4ced-bf03-abafb6132099
2020/07/14 09:50:01:874 DEBUG com.sinosoft.test.base.TestBase:272 - 系统窗口【黄河财险业务系统】with handle -1987adfe-32af-4ced-bf03-abafb6132099
2020/07/14 09:50:02:556 DEBUG com.sinosoft.test.base.TestBase:272 - 系统窗口【Code Select】with handle -c3d2d83a-cca8-4bcb-a2a4-0709315af8a8
2020/07/14 09:50:03:110 DEBUG com.sinosoft.test.base.TestBase:69 - 初始化class com.sinosoft.test.fccp.common.CodeSelectPage
2020/07/14 09:50:03:113 DEBUG com.sinosoft.test.base.TestBase:39 - 基础码表选择！
2020/07/14 09:50:03:113 DEBUG com.sinosoft.test.base.TestBase:76 - Trying to find Element By : By.name: fieldValue
2020/07/14 09:50:03:416 DEBUG com.sinosoft.test.base.TestBase:80 - Found Element By : By.name: fieldValue
2020/07/14 09:50:03:417  INFO com.sinosoft.test.base.TestBase:360 - setEditboxValue:[[InternetExplorerDriver: internet explorer on WINDOWS (60887b1b-566a-4cb8-bc95-752268e296fa)] -> name: fieldValue]：0
2020/07/14 09:50:04:903  INFO com.sinosoft.test.base.TestBase:363 - setEditboxValue—End:[[InternetExplorerDriver: internet explorer on WINDOWS (60887b1b-566a-4cb8-bc95-752268e296fa)] -> name: fieldValue]：0
2020/07/14 09:50:04:904 DEBUG com.sinosoft.test.base.TestBase:76 - Trying to find Element By : By.xpath: //input[@value='查询(Q)']
2020/07/14 09:50:05:214 DEBUG com.sinosoft.test.base.TestBase:80 - Found Element By : By.xpath: //input[@value='查询(Q)']
2020/07/14 09:50:05:216  INFO com.sinosoft.test.base.TestBase:402 - clickButton:[[InternetExplorerDriver: internet explorer on WINDOWS (60887b1b-566a-4cb8-bc95-752268e296fa)] -> xpath: //input[@value='查询(Q)']]
2020/07/14 09:50:05:219 DEBUG com.sinosoft.test.base.TestBase:42 - Trying to click on: [[InternetExplorerDriver: internet explorer on WINDOWS (60887b1b-566a-4cb8-bc95-752268e296fa)] -> xpath: //input[@value='查询(Q)']]
2020/07/14 09:50:06:876 DEBUG com.sinosoft.test.base.TestBase:46 - Clicked on: [[InternetExplorerDriver: internet explorer on WINDOWS (60887b1b-566a-4cb8-bc95-752268e296fa)] -> xpath: //input[@value='查询(Q)']]
2020/07/14 09:50:06:877 DEBUG com.sinosoft.test.base.TestBase:76 - Trying to find Element By : By.name: codeselect
2020/07/14 09:50:07:205 DEBUG com.sinosoft.test.base.TestBase:80 - Found Element By : By.name: codeselect
2020/07/14 09:50:07:206  INFO com.sinosoft.test.base.TestBase:132 - setFuzzySelect:[[InternetExplorerDriver: internet explorer on WINDOWS (60887b1b-566a-4cb8-bc95-752268e296fa)] -> name: codeselect]->0
2020/07/14 09:50:07:777 DEBUG com.sinosoft.test.base.TestBase:76 - Trying to find Element By : By.tagName: option
2020/07/14 09:50:08:239 DEBUG com.sinosoft.test.base.TestBase:80 - Found Element By : By.tagName: option
2020/07/14 09:50:11:539  INFO com.sinosoft.test.base.TestBase:142 - 找到匹配【0】的选项：0--非股东
2020/07/14 09:50:11:543 DEBUG com.sinosoft.test.base.TestBase:76 - Trying to find Element By : By.xpath: .//option[normalize-space(.) = "0--非股东"]
2020/07/14 09:50:11:878 DEBUG com.sinosoft.test.base.TestBase:80 - Found Element By : By.xpath: .//option[normalize-space(.) = "0--非股东"]
2020/07/14 09:50:12:212 DEBUG com.sinosoft.test.base.TestBase:42 - Trying to click on: [[[[InternetExplorerDriver: internet explorer on WINDOWS (60887b1b-566a-4cb8-bc95-752268e296fa)] -> name: codeselect]] -> xpath: .//option[normalize-space(.) = "0--非股东"]]
2020/07/14 09:50:12:745 DEBUG com.sinosoft.test.base.TestBase:46 - Clicked on: [[[[InternetExplorerDriver: internet explorer on WINDOWS (60887b1b-566a-4cb8-bc95-752268e296fa)] -> name: codeselect]] -> xpath: .//option[normalize-space(.) = "0--非股东"]]
2020/07/14 09:50:12:746 DEBUG com.sinosoft.test.base.TestBase:151 - setFuzzySelect 结束！
2020/07/14 09:50:12:747 DEBUG com.sinosoft.test.base.TestBase:76 - Trying to find Element By : By.name: SelectIt
2020/07/14 09:50:13:072 DEBUG com.sinosoft.test.base.TestBase:80 - Found Element By : By.name: SelectIt
2020/07/14 09:50:13:073  INFO com.sinosoft.test.base.TestBase:416 - jsClickButton:[[InternetExplorerDriver: internet explorer on WINDOWS (60887b1b-566a-4cb8-bc95-752268e296fa)] -> name: SelectIt]
2020/07/14 09:50:13:076  INFO com.sinosoft.test.base.TestBase:144 - RunJavaScript:[[InternetExplorerDriver: internet explorer on WINDOWS (60887b1b-566a-4cb8-bc95-752268e296fa)] -> name: SelectIt]	arguments[0].click();
2020/07/14 09:50:14:395 DEBUG com.sinosoft.test.base.TestBase:272 - 系统窗口【黄河财险业务系统】with handle -1987adfe-32af-4ced-bf03-abafb6132099
2020/07/14 09:50:17:752 DEBUG com.sinosoft.test.base.TestBase:76 - Trying to find Element By : By.name: GuMainShareHolderFlag
2020/07/14 09:50:17:850 DEBUG com.sinosoft.test.base.TestBase:80 - Found Element By : By.name: GuMainShareHolderFlag
2020/07/14 09:50:17:850 DEBUG com.sinosoft.test.base.TestBase:49 - CodeSelect:设置完毕[[InternetExplorerDriver: internet explorer on WINDOWS (60887b1b-566a-4cb8-bc95-752268e296fa)] -> name: GuMainShareHolderFlag] & Code=0
2020/07/14 09:50:17:851 DEBUG com.sinosoft.test.base.TestBase:76 - Trying to find Element By : By.name: GuMainSalesTeamCode
2020/07/14 09:50:17:959 DEBUG com.sinosoft.test.base.TestBase:80 - Found Element By : By.name: GuMainSalesTeamCode
2020/07/14 09:50:18:008 DEBUG com.sinosoft.test.base.TestBase:76 - Trying to find Element By : By.name: GuMainSalesTeamCode
2020/07/14 09:50:18:168 DEBUG com.sinosoft.test.base.TestBase:80 - Found Element By : By.name: GuMainSalesTeamCode
2020/07/14 09:50:18:169 DEBUG com.sinosoft.test.base.TestBase:42 - CodeSelect:开始设置[[InternetExplorerDriver: internet explorer on WINDOWS (60887b1b-566a-4cb8-bc95-752268e296fa)] -> name: GuMainSalesTeamCode] & Code=T6209880101
2020/07/14 09:50:18:171 DEBUG com.sinosoft.test.base.TestBase:76 - Trying to find Element By : By.name: GuMainSalesTeamCode
2020/07/14 09:50:18:317 DEBUG com.sinosoft.test.base.TestBase:80 - Found Element By : By.name: GuMainSalesTeamCode
2020/07/14 09:50:19:841 DEBUG com.sinosoft.test.base.TestBase:272 - 系统窗口【黄河财险业务系统】with handle -1987adfe-32af-4ced-bf03-abafb6132099
2020/07/14 09:50:20:508 DEBUG com.sinosoft.test.base.TestBase:272 - 系统窗口【黄河财险业务系统】with handle -1987adfe-32af-4ced-bf03-abafb6132099
2020/07/14 09:50:21:156 DEBUG com.sinosoft.test.base.TestBase:272 - 系统窗口【Code Select】with handle -7bdbf351-7460-48f7-966c-491e2a2011b0
2020/07/14 09:50:21:678 DEBUG com.sinosoft.test.base.TestBase:69 - 初始化class com.sinosoft.test.fccp.common.CodeSelectPage
2020/07/14 09:50:21:679 DEBUG com.sinosoft.test.base.TestBase:39 - 基础码表选择！
2020/07/14 09:50:21:679 DEBUG com.sinosoft.test.base.TestBase:76 - Trying to find Element By : By.name: fieldValue
2020/07/14 09:50:21:994 DEBUG com.sinosoft.test.base.TestBase:80 - Found Element By : By.name: fieldValue
2020/07/14 09:50:21:994  INFO com.sinosoft.test.base.TestBase:360 - setEditboxValue:[[InternetExplorerDriver: internet explorer on WINDOWS (60887b1b-566a-4cb8-bc95-752268e296fa)] -> name: fieldValue]：T6209880101
2020/07/14 09:50:23:296  INFO com.sinosoft.test.base.TestBase:363 - setEditboxValue—End:[[InternetExplorerDriver: internet explorer on WINDOWS (60887b1b-566a-4cb8-bc95-752268e296fa)] -> name: fieldValue]：T6209880101
2020/07/14 09:50:23:297 DEBUG com.sinosoft.test.base.TestBase:76 - Trying to find Element By : By.xpath: //input[@value='查询(Q)']
2020/07/14 09:50:23:628 DEBUG com.sinosoft.test.base.TestBase:80 - Found Element By : By.xpath: //input[@value='查询(Q)']
2020/07/14 09:50:23:629  INFO com.sinosoft.test.base.TestBase:402 - clickButton:[[InternetExplorerDriver: internet explorer on WINDOWS (60887b1b-566a-4cb8-bc95-752268e296fa)] -> xpath: //input[@value='查询(Q)']]
2020/07/14 09:50:23:630 DEBUG com.sinosoft.test.base.TestBase:42 - Trying to click on: [[InternetExplorerDriver: internet explorer on WINDOWS (60887b1b-566a-4cb8-bc95-752268e296fa)] -> xpath: //input[@value='查询(Q)']]
2020/07/14 09:50:25:296 DEBUG com.sinosoft.test.base.TestBase:46 - Clicked on: [[InternetExplorerDriver: internet explorer on WINDOWS (60887b1b-566a-4cb8-bc95-752268e296fa)] -> xpath: //input[@value='查询(Q)']]
2020/07/14 09:50:25:296 DEBUG com.sinosoft.test.base.TestBase:76 - Trying to find Element By : By.name: codeselect
2020/07/14 09:50:25:641 DEBUG com.sinosoft.test.base.TestBase:80 - Found Element By : By.name: codeselect
2020/07/14 09:50:25:641  INFO com.sinosoft.test.base.TestBase:132 - setFuzzySelect:[[InternetExplorerDriver: internet explorer on WINDOWS (60887b1b-566a-4cb8-bc95-752268e296fa)] -> name: codeselect]->T6209880101
2020/07/14 09:50:26:207 DEBUG com.sinosoft.test.base.TestBase:76 - Trying to find Element By : By.tagName: option
2020/07/14 09:50:26:574 DEBUG com.sinosoft.test.base.TestBase:80 - Found Element By : By.tagName: option
2020/07/14 09:50:26:918  INFO com.sinosoft.test.base.TestBase:142 - 找到匹配【T6209880101】的选项：T6209880101--重客业务三部
2020/07/14 09:50:26:918 DEBUG com.sinosoft.test.base.TestBase:76 - Trying to find Element By : By.xpath: .//option[normalize-space(.) = "T6209880101--重客业务三部"]
2020/07/14 09:50:27:239 DEBUG com.sinosoft.test.base.TestBase:80 - Found Element By : By.xpath: .//option[normalize-space(.) = "T6209880101--重客业务三部"]
2020/07/14 09:50:27:583 DEBUG com.sinosoft.test.base.TestBase:42 - Trying to click on: [[[[InternetExplorerDriver: internet explorer on WINDOWS (60887b1b-566a-4cb8-bc95-752268e296fa)] -> name: codeselect]] -> xpath: .//option[normalize-space(.) = "T6209880101--重客业务三部"]]
2020/07/14 09:50:28:057 DEBUG com.sinosoft.test.base.TestBase:46 - Clicked on: [[[[InternetExplorerDriver: internet explorer on WINDOWS (60887b1b-566a-4cb8-bc95-752268e296fa)] -> name: codeselect]] -> xpath: .//option[normalize-space(.) = "T6209880101--重客业务三部"]]
2020/07/14 09:50:28:057 DEBUG com.sinosoft.test.base.TestBase:151 - setFuzzySelect 结束！
2020/07/14 09:50:28:058 DEBUG com.sinosoft.test.base.TestBase:76 - Trying to find Element By : By.name: SelectIt
2020/07/14 09:50:28:348 DEBUG com.sinosoft.test.base.TestBase:80 - Found Element By : By.name: SelectIt
2020/07/14 09:50:28:350  INFO com.sinosoft.test.base.TestBase:416 - jsClickButton:[[InternetExplorerDriver: internet explorer on WINDOWS (60887b1b-566a-4cb8-bc95-752268e296fa)] -> name: SelectIt]
2020/07/14 09:50:28:350  INFO com.sinosoft.test.base.TestBase:144 - RunJavaScript:[[InternetExplorerDriver: internet explorer on WINDOWS (60887b1b-566a-4cb8-bc95-752268e296fa)] -> name: SelectIt]	arguments[0].click();
2020/07/14 09:50:29:283 DEBUG com.sinosoft.test.base.TestBase:272 - 系统窗口【黄河财险业务系统】with handle -1987adfe-32af-4ced-bf03-abafb6132099
2020/07/14 09:50:32:479 DEBUG com.sinosoft.test.base.TestBase:76 - Trying to find Element By : By.name: GuMainSalesTeamCode
2020/07/14 09:50:32:572 DEBUG com.sinosoft.test.base.TestBase:80 - Found Element By : By.name: GuMainSalesTeamCode
2020/07/14 09:50:32:573 DEBUG com.sinosoft.test.base.TestBase:49 - CodeSelect:设置完毕[[InternetExplorerDriver: internet explorer on WINDOWS (60887b1b-566a-4cb8-bc95-752268e296fa)] -> name: GuMainSalesTeamCode] & Code=T6209880101
2020/07/14 09:50:32:573 DEBUG com.sinosoft.test.base.TestBase:76 - Trying to find Element By : By.name: GuMainSalesmanCode
2020/07/14 09:50:32:681 DEBUG com.sinosoft.test.base.TestBase:80 - Found Element By : By.name: GuMainSalesmanCode
2020/07/14 09:50:32:729 DEBUG com.sinosoft.test.base.TestBase:76 - Trying to find Element By : By.name: GuMainSalesmanCode
2020/07/14 09:50:32:899 DEBUG com.sinosoft.test.base.TestBase:80 - Found Element By : By.name: GuMainSalesmanCode
2020/07/14 09:50:32:901 DEBUG com.sinosoft.test.base.TestBase:42 - CodeSelect:开始设置[[InternetExplorerDriver: internet explorer on WINDOWS (60887b1b-566a-4cb8-bc95-752268e296fa)] -> name: GuMainSalesmanCode] & Code=S000000029
2020/07/14 09:50:32:901 DEBUG com.sinosoft.test.base.TestBase:76 - Trying to find Element By : By.name: GuMainSalesmanCode
2020/07/14 09:50:33:053 DEBUG com.sinosoft.test.base.TestBase:80 - Found Element By : By.name: GuMainSalesmanCode
2020/07/14 09:50:34:561 DEBUG com.sinosoft.test.base.TestBase:272 - 系统窗口【黄河财险业务系统】with handle -1987adfe-32af-4ced-bf03-abafb6132099
2020/07/14 09:50:35:246 DEBUG com.sinosoft.test.base.TestBase:272 - 系统窗口【黄河财险业务系统】with handle -1987adfe-32af-4ced-bf03-abafb6132099
2020/07/14 09:50:35:920 DEBUG com.sinosoft.test.base.TestBase:272 - 系统窗口【Code Select】with handle -4bdb98ed-11cd-4453-bdc8-b00dfba7a3bd
2020/07/14 09:50:36:460 DEBUG com.sinosoft.test.base.TestBase:69 - 初始化class com.sinosoft.test.fccp.common.CodeSelectPage
2020/07/14 09:50:36:462 DEBUG com.sinosoft.test.base.TestBase:39 - 基础码表选择！
2020/07/14 09:50:36:463 DEBUG com.sinosoft.test.base.TestBase:76 - Trying to find Element By : By.name: fieldValue
2020/07/14 09:50:36:819 DEBUG com.sinosoft.test.base.TestBase:80 - Found Element By : By.name: fieldValue
2020/07/14 09:50:36:820  INFO com.sinosoft.test.base.TestBase:360 - setEditboxValue:[[InternetExplorerDriver: internet explorer on WINDOWS (60887b1b-566a-4cb8-bc95-752268e296fa)] -> name: fieldValue]：S000000029
2020/07/14 09:50:38:561  INFO com.sinosoft.test.base.TestBase:363 - setEditboxValue—End:[[InternetExplorerDriver: internet explorer on WINDOWS (60887b1b-566a-4cb8-bc95-752268e296fa)] -> name: fieldValue]：S000000029
2020/07/14 09:50:38:561 DEBUG com.sinosoft.test.base.TestBase:76 - Trying to find Element By : By.xpath: //input[@value='查询(Q)']
2020/07/14 09:50:38:874 DEBUG com.sinosoft.test.base.TestBase:80 - Found Element By : By.xpath: //input[@value='查询(Q)']
2020/07/14 09:50:38:874  INFO com.sinosoft.test.base.TestBase:402 - clickButton:[[InternetExplorerDriver: internet explorer on WINDOWS (60887b1b-566a-4cb8-bc95-752268e296fa)] -> xpath: //input[@value='查询(Q)']]
2020/07/14 09:50:38:875 DEBUG com.sinosoft.test.base.TestBase:42 - Trying to click on: [[InternetExplorerDriver: internet explorer on WINDOWS (60887b1b-566a-4cb8-bc95-752268e296fa)] -> xpath: //input[@value='查询(Q)']]
2020/07/14 09:50:40:528 DEBUG com.sinosoft.test.base.TestBase:46 - Clicked on: [[InternetExplorerDriver: internet explorer on WINDOWS (60887b1b-566a-4cb8-bc95-752268e296fa)] -> xpath: //input[@value='查询(Q)']]
2020/07/14 09:50:40:528 DEBUG com.sinosoft.test.base.TestBase:76 - Trying to find Element By : By.name: codeselect
2020/07/14 09:50:40:839 DEBUG com.sinosoft.test.base.TestBase:80 - Found Element By : By.name: codeselect
2020/07/14 09:50:40:840  INFO com.sinosoft.test.base.TestBase:132 - setFuzzySelect:[[InternetExplorerDriver: internet explorer on WINDOWS (60887b1b-566a-4cb8-bc95-752268e296fa)] -> name: codeselect]->S000000029
2020/07/14 09:50:41:414 DEBUG com.sinosoft.test.base.TestBase:76 - Trying to find Element By : By.tagName: option
2020/07/14 09:50:41:851 DEBUG com.sinosoft.test.base.TestBase:80 - Found Element By : By.tagName: option
2020/07/14 09:50:42:170  INFO com.sinosoft.test.base.TestBase:142 - 找到匹配【S000000029】的选项：S000000029--于超
2020/07/14 09:50:42:172 DEBUG com.sinosoft.test.base.TestBase:76 - Trying to find Element By : By.xpath: .//option[normalize-space(.) = "S000000029--于超"]
2020/07/14 09:50:42:513 DEBUG com.sinosoft.test.base.TestBase:80 - Found Element By : By.xpath: .//option[normalize-space(.) = "S000000029--于超"]
2020/07/14 09:50:42:815 DEBUG com.sinosoft.test.base.TestBase:42 - Trying to click on: [[[[InternetExplorerDriver: internet explorer on WINDOWS (60887b1b-566a-4cb8-bc95-752268e296fa)] -> name: codeselect]] -> xpath: .//option[normalize-space(.) = "S000000029--于超"]]
2020/07/14 09:50:43:287 DEBUG com.sinosoft.test.base.TestBase:46 - Clicked on: [[[[InternetExplorerDriver: internet explorer on WINDOWS (60887b1b-566a-4cb8-bc95-752268e296fa)] -> name: codeselect]] -> xpath: .//option[normalize-space(.) = "S000000029--于超"]]
2020/07/14 09:50:43:287 DEBUG com.sinosoft.test.base.TestBase:151 - setFuzzySelect 结束！
2020/07/14 09:50:43:288 DEBUG com.sinosoft.test.base.TestBase:76 - Trying to find Element By : By.name: SelectIt
2020/07/14 09:50:43:585 DEBUG com.sinosoft.test.base.TestBase:80 - Found Element By : By.name: SelectIt
2020/07/14 09:50:43:587  INFO com.sinosoft.test.base.TestBase:416 - jsClickButton:[[InternetExplorerDriver: internet explorer on WINDOWS (60887b1b-566a-4cb8-bc95-752268e296fa)] -> name: SelectIt]
2020/07/14 09:50:43:587  INFO com.sinosoft.test.base.TestBase:144 - RunJavaScript:[[InternetExplorerDriver: internet explorer on WINDOWS (60887b1b-566a-4cb8-bc95-752268e296fa)] -> name: SelectIt]	arguments[0].click();
2020/07/14 09:50:44:419 DEBUG com.sinosoft.test.base.TestBase:272 - 系统窗口【黄河财险业务系统】with handle -1987adfe-32af-4ced-bf03-abafb6132099
2020/07/14 09:50:47:568 DEBUG com.sinosoft.test.base.TestBase:76 - Trying to find Element By : By.name: GuMainSalesmanCode
2020/07/14 09:50:47:727 DEBUG com.sinosoft.test.base.TestBase:80 - Found Element By : By.name: GuMainSalesmanCode
2020/07/14 09:50:47:727 DEBUG com.sinosoft.test.base.TestBase:49 - CodeSelect:设置完毕[[InternetExplorerDriver: internet explorer on WINDOWS (60887b1b-566a-4cb8-bc95-752268e296fa)] -> name: GuMainSalesmanCode] & Code=S000000029
2020/07/14 09:50:47:728 DEBUG com.sinosoft.test.base.TestBase:76 - Trying to find Element By : By.name: GuMainBusinessSource
2020/07/14 09:50:47:887 DEBUG com.sinosoft.test.base.TestBase:80 - Found Element By : By.name: GuMainBusinessSource
2020/07/14 09:50:47:994 DEBUG com.sinosoft.test.base.TestBase:76 - Trying to find Element By : By.name: GuMainBusinessSource
2020/07/14 09:50:48:132 DEBUG com.sinosoft.test.base.TestBase:80 - Found Element By : By.name: GuMainBusinessSource
2020/07/14 09:50:48:134 DEBUG com.sinosoft.test.base.TestBase:42 - CodeSelect:开始设置[[InternetExplorerDriver: internet explorer on WINDOWS (60887b1b-566a-4cb8-bc95-752268e296fa)] -> name: GuMainBusinessSource] & Code=01010101
2020/07/14 09:50:48:137 DEBUG com.sinosoft.test.base.TestBase:76 - Trying to find Element By : By.name: GuMainBusinessSource
2020/07/14 09:50:48:269 DEBUG com.sinosoft.test.base.TestBase:80 - Found Element By : By.name: GuMainBusinessSource
2020/07/14 09:50:49:800 DEBUG com.sinosoft.test.base.TestBase:272 - 系统窗口【黄河财险业务系统】with handle -1987adfe-32af-4ced-bf03-abafb6132099
2020/07/14 09:50:50:979 DEBUG com.sinosoft.test.base.TestBase:272 - 系统窗口【Code Select】with handle -e44f9bfa-6e31-4b5b-90cc-195dbe44773e
2020/07/14 09:50:51:519 DEBUG com.sinosoft.test.base.TestBase:69 - 初始化class com.sinosoft.test.fccp.common.CodeSelectPage
2020/07/14 09:50:51:520 DEBUG com.sinosoft.test.base.TestBase:39 - 基础码表选择！
2020/07/14 09:50:51:521 DEBUG com.sinosoft.test.base.TestBase:76 - Trying to find Element By : By.name: fieldValue
2020/07/14 09:50:51:833 DEBUG com.sinosoft.test.base.TestBase:80 - Found Element By : By.name: fieldValue
2020/07/14 09:50:51:834  INFO com.sinosoft.test.base.TestBase:360 - setEditboxValue:[[InternetExplorerDriver: internet explorer on WINDOWS (60887b1b-566a-4cb8-bc95-752268e296fa)] -> name: fieldValue]：01010101
2020/07/14 09:50:53:357  INFO com.sinosoft.test.base.TestBase:363 - setEditboxValue—End:[[InternetExplorerDriver: internet explorer on WINDOWS (60887b1b-566a-4cb8-bc95-752268e296fa)] -> name: fieldValue]：01010101
2020/07/14 09:50:53:357 DEBUG com.sinosoft.test.base.TestBase:76 - Trying to find Element By : By.xpath: //input[@value='查询(Q)']
2020/07/14 09:50:53:678 DEBUG com.sinosoft.test.base.TestBase:80 - Found Element By : By.xpath: //input[@value='查询(Q)']
2020/07/14 09:50:53:678  INFO com.sinosoft.test.base.TestBase:402 - clickButton:[[InternetExplorerDriver: internet explorer on WINDOWS (60887b1b-566a-4cb8-bc95-752268e296fa)] -> xpath: //input[@value='查询(Q)']]
2020/07/14 09:50:53:679 DEBUG com.sinosoft.test.base.TestBase:42 - Trying to click on: [[InternetExplorerDriver: internet explorer on WINDOWS (60887b1b-566a-4cb8-bc95-752268e296fa)] -> xpath: //input[@value='查询(Q)']]
2020/07/14 09:50:55:316 DEBUG com.sinosoft.test.base.TestBase:46 - Clicked on: [[InternetExplorerDriver: internet explorer on WINDOWS (60887b1b-566a-4cb8-bc95-752268e296fa)] -> xpath: //input[@value='查询(Q)']]
2020/07/14 09:50:55:316 DEBUG com.sinosoft.test.base.TestBase:76 - Trying to find Element By : By.name: codeselect
2020/07/14 09:50:55:638 DEBUG com.sinosoft.test.base.TestBase:80 - Found Element By : By.name: codeselect
2020/07/14 09:50:55:640  INFO com.sinosoft.test.base.TestBase:132 - setFuzzySelect:[[InternetExplorerDriver: internet explorer on WINDOWS (60887b1b-566a-4cb8-bc95-752268e296fa)] -> name: codeselect]->01010101
2020/07/14 09:50:56:217 DEBUG com.sinosoft.test.base.TestBase:76 - Trying to find Element By : By.tagName: option
2020/07/14 09:50:56:720 DEBUG com.sinosoft.test.base.TestBase:80 - Found Element By : By.tagName: option
2020/07/14 09:50:57:037  INFO com.sinosoft.test.base.TestBase:142 - 找到匹配【01010101】的选项：01010101--柜面直销
2020/07/14 09:50:57:040 DEBUG com.sinosoft.test.base.TestBase:76 - Trying to find Element By : By.xpath: .//option[normalize-space(.) = "01010101--柜面直销"]
2020/07/14 09:50:57:375 DEBUG com.sinosoft.test.base.TestBase:80 - Found Element By : By.xpath: .//option[normalize-space(.) = "01010101--柜面直销"]
2020/07/14 09:50:57:682 DEBUG com.sinosoft.test.base.TestBase:42 - Trying to click on: [[[[InternetExplorerDriver: internet explorer on WINDOWS (60887b1b-566a-4cb8-bc95-752268e296fa)] -> name: codeselect]] -> xpath: .//option[normalize-space(.) = "01010101--柜面直销"]]
2020/07/14 09:50:58:178 DEBUG com.sinosoft.test.base.TestBase:46 - Clicked on: [[[[InternetExplorerDriver: internet explorer on WINDOWS (60887b1b-566a-4cb8-bc95-752268e296fa)] -> name: codeselect]] -> xpath: .//option[normalize-space(.) = "01010101--柜面直销"]]
2020/07/14 09:50:58:179 DEBUG com.sinosoft.test.base.TestBase:151 - setFuzzySelect 结束！
2020/07/14 09:50:58:179 DEBUG com.sinosoft.test.base.TestBase:76 - Trying to find Element By : By.name: SelectIt
2020/07/14 09:50:58:484 DEBUG com.sinosoft.test.base.TestBase:80 - Found Element By : By.name: SelectIt
2020/07/14 09:50:58:485  INFO com.sinosoft.test.base.TestBase:416 - jsClickButton:[[InternetExplorerDriver: internet explorer on WINDOWS (60887b1b-566a-4cb8-bc95-752268e296fa)] -> name: SelectIt]
2020/07/14 09:50:58:486  INFO com.sinosoft.test.base.TestBase:144 - RunJavaScript:[[InternetExplorerDriver: internet explorer on WINDOWS (60887b1b-566a-4cb8-bc95-752268e296fa)] -> name: SelectIt]	arguments[0].click();
2020/07/14 09:50:59:330 DEBUG com.sinosoft.test.base.TestBase:272 - 系统窗口【黄河财险业务系统】with handle -1987adfe-32af-4ced-bf03-abafb6132099
2020/07/14 09:51:02:655 DEBUG com.sinosoft.test.base.TestBase:76 - Trying to find Element By : By.name: GuMainBusinessSource
2020/07/14 09:51:02:759 DEBUG com.sinosoft.test.base.TestBase:80 - Found Element By : By.name: GuMainBusinessSource
2020/07/14 09:51:02:760 DEBUG com.sinosoft.test.base.TestBase:49 - CodeSelect:设置完毕[[InternetExplorerDriver: internet explorer on WINDOWS (60887b1b-566a-4cb8-bc95-752268e296fa)] -> name: GuMainBusinessSource] & Code=01010101
2020/07/14 09:51:02:760 DEBUG com.sinosoft.test.base.TestBase:76 - Trying to find Element By : By.name: GuMainSurveyInd
2020/07/14 09:51:02:937 DEBUG com.sinosoft.test.base.TestBase:80 - Found Element By : By.name: GuMainSurveyInd
2020/07/14 09:51:02:938  INFO com.sinosoft.test.base.TestBase:96 - setSelectWithStartText:[[InternetExplorerDriver: internet explorer on WINDOWS (60887b1b-566a-4cb8-bc95-752268e296fa)] -> name: GuMainSurveyInd]->HXXT
2020/07/14 09:51:02:938 DEBUG com.sinosoft.test.base.TestBase:76 - Trying to find Element By : By.name: GuMainSurveyInd
2020/07/14 09:51:03:058 DEBUG com.sinosoft.test.base.TestBase:80 - Found Element By : By.name: GuMainSurveyInd
2020/07/14 09:51:03:108 DEBUG com.sinosoft.test.base.TestBase:76 - Trying to find Element By : By.name: GuMainSurveyInd
2020/07/14 09:51:03:245 DEBUG com.sinosoft.test.base.TestBase:80 - Found Element By : By.name: GuMainSurveyInd
2020/07/14 09:51:03:330 DEBUG com.sinosoft.test.base.TestBase:76 - Trying to find Element By : By.name: GuMainSurveyInd
2020/07/14 09:51:03:478 DEBUG com.sinosoft.test.base.TestBase:80 - Found Element By : By.name: GuMainSurveyInd
2020/07/14 09:51:03:478 DEBUG com.sinosoft.test.base.TestBase:76 - Trying to find Element By : By.tagName: option
2020/07/14 09:51:04:409 DEBUG com.sinosoft.test.base.TestBase:80 - Found Element By : By.tagName: option
2020/07/14 09:51:04:487  INFO com.sinosoft.test.base.TestBase:114 - 找到匹配【HXXT】的选项：HXXT-核心
2020/07/14 09:51:04:488 DEBUG com.sinosoft.test.base.TestBase:76 - Trying to find Element By : By.name: GuMainSurveyInd
2020/07/14 09:51:04:620 DEBUG com.sinosoft.test.base.TestBase:80 - Found Element By : By.name: GuMainSurveyInd
2020/07/14 09:51:04:620 DEBUG com.sinosoft.test.base.TestBase:76 - Trying to find Element By : By.xpath: .//option[normalize-space(.) = "HXXT-核心"]
2020/07/14 09:51:04:736 DEBUG com.sinosoft.test.base.TestBase:80 - Found Element By : By.xpath: .//option[normalize-space(.) = "HXXT-核心"]
2020/07/14 09:51:04:775 DEBUG com.sinosoft.test.base.TestBase:123 - setSelectWithStartText 结束！
2020/07/14 09:51:04:775 DEBUG com.sinosoft.test.base.TestBase:76 - Trying to find Element By : By.name: GuMainArgueSolution
2020/07/14 09:51:04:988 DEBUG com.sinosoft.test.base.TestBase:80 - Found Element By : By.name: GuMainArgueSolution
2020/07/14 09:51:04:989  INFO com.sinosoft.test.base.TestBase:96 - setSelectWithStartText:[[InternetExplorerDriver: internet explorer on WINDOWS (60887b1b-566a-4cb8-bc95-752268e296fa)] -> name: GuMainArgueSolution]->
2020/07/14 09:51:04:989 DEBUG com.sinosoft.test.base.TestBase:76 - Trying to find Element By : By.name: GuMainDomesticInd
2020/07/14 09:51:05:188 DEBUG com.sinosoft.test.base.TestBase:80 - Found Element By : By.name: GuMainDomesticInd
2020/07/14 09:51:05:189  INFO com.sinosoft.test.base.TestBase:96 - setSelectWithStartText:[[InternetExplorerDriver: internet explorer on WINDOWS (60887b1b-566a-4cb8-bc95-752268e296fa)] -> name: GuMainDomesticInd]->
2020/07/14 09:51:05:189 DEBUG com.sinosoft.test.base.TestBase:76 - Trying to find Element By : By.name: GuMainComInsureInd
2020/07/14 09:51:05:321 DEBUG com.sinosoft.test.base.TestBase:80 - Found Element By : By.name: GuMainComInsureInd
2020/07/14 09:51:05:322  INFO com.sinosoft.test.base.TestBase:96 - setSelectWithStartText:[[InternetExplorerDriver: internet explorer on WINDOWS (60887b1b-566a-4cb8-bc95-752268e296fa)] -> name: GuMainComInsureInd]->0
2020/07/14 09:51:05:322 DEBUG com.sinosoft.test.base.TestBase:76 - Trying to find Element By : By.name: GuMainComInsureInd
2020/07/14 09:51:05:481 DEBUG com.sinosoft.test.base.TestBase:80 - Found Element By : By.name: GuMainComInsureInd
2020/07/14 09:51:05:520 DEBUG com.sinosoft.test.base.TestBase:76 - Trying to find Element By : By.name: GuMainComInsureInd
2020/07/14 09:51:05:614 DEBUG com.sinosoft.test.base.TestBase:80 - Found Element By : By.name: GuMainComInsureInd
2020/07/14 09:51:05:667 DEBUG com.sinosoft.test.base.TestBase:76 - Trying to find Element By : By.name: GuMainComInsureInd
2020/07/14 09:51:05:828 DEBUG com.sinosoft.test.base.TestBase:80 - Found Element By : By.name: GuMainComInsureInd
2020/07/14 09:51:05:828 DEBUG com.sinosoft.test.base.TestBase:76 - Trying to find Element By : By.tagName: option
2020/07/14 09:51:06:146 DEBUG com.sinosoft.test.base.TestBase:80 - Found Element By : By.tagName: option
2020/07/14 09:51:06:236  INFO com.sinosoft.test.base.TestBase:114 - 找到匹配【0】的选项：0-非统括业务
2020/07/14 09:51:06:237 DEBUG com.sinosoft.test.base.TestBase:76 - Trying to find Element By : By.name: GuMainComInsureInd
2020/07/14 09:51:06:369 DEBUG com.sinosoft.test.base.TestBase:80 - Found Element By : By.name: GuMainComInsureInd
2020/07/14 09:51:06:370 DEBUG com.sinosoft.test.base.TestBase:76 - Trying to find Element By : By.xpath: .//option[normalize-space(.) = "0-非统括业务"]
2020/07/14 09:51:06:489 DEBUG com.sinosoft.test.base.TestBase:80 - Found Element By : By.xpath: .//option[normalize-space(.) = "0-非统括业务"]
2020/07/14 09:51:06:575 DEBUG com.sinosoft.test.base.TestBase:123 - setSelectWithStartText 结束！
2020/07/14 09:51:06:575 DEBUG com.sinosoft.test.base.TestBase:76 - Trying to find Element By : By.name: GuMainPolicyStyle
2020/07/14 09:51:06:727 DEBUG com.sinosoft.test.base.TestBase:80 - Found Element By : By.name: GuMainPolicyStyle
2020/07/14 09:51:06:728  INFO com.sinosoft.test.base.TestBase:96 - setSelectWithStartText:[[InternetExplorerDriver: internet explorer on WINDOWS (60887b1b-566a-4cb8-bc95-752268e296fa)] -> name: GuMainPolicyStyle]->0
2020/07/14 09:51:06:728 DEBUG com.sinosoft.test.base.TestBase:76 - Trying to find Element By : By.name: GuMainPolicyStyle
2020/07/14 09:51:06:868 DEBUG com.sinosoft.test.base.TestBase:80 - Found Element By : By.name: GuMainPolicyStyle
2020/07/14 09:51:06:905 DEBUG com.sinosoft.test.base.TestBase:76 - Trying to find Element By : By.name: GuMainPolicyStyle
2020/07/14 09:51:07:049 DEBUG com.sinosoft.test.base.TestBase:80 - Found Element By : By.name: GuMainPolicyStyle
2020/07/14 09:51:07:091 DEBUG com.sinosoft.test.base.TestBase:76 - Trying to find Element By : By.name: GuMainPolicyStyle
2020/07/14 09:51:07:238 DEBUG com.sinosoft.test.base.TestBase:80 - Found Element By : By.name: GuMainPolicyStyle
2020/07/14 09:51:07:239 DEBUG com.sinosoft.test.base.TestBase:76 - Trying to find Element By : By.tagName: option
2020/07/14 09:51:07:432 DEBUG com.sinosoft.test.base.TestBase:80 - Found Element By : By.tagName: option
2020/07/14 09:51:07:496  INFO com.sinosoft.test.base.TestBase:114 - 找到匹配【0】的选项：0-否
2020/07/14 09:51:07:498 DEBUG com.sinosoft.test.base.TestBase:76 - Trying to find Element By : By.name: GuMainPolicyStyle
2020/07/14 09:51:07:640 DEBUG com.sinosoft.test.base.TestBase:80 - Found Element By : By.name: GuMainPolicyStyle
2020/07/14 09:51:07:641 DEBUG com.sinosoft.test.base.TestBase:76 - Trying to find Element By : By.xpath: .//option[normalize-space(.) = "0-否"]
2020/07/14 09:51:07:767 DEBUG com.sinosoft.test.base.TestBase:80 - Found Element By : By.xpath: .//option[normalize-space(.) = "0-否"]
2020/07/14 09:51:07:819 DEBUG com.sinosoft.test.base.TestBase:123 - setSelectWithStartText 结束！
2020/07/14 09:51:07:819 DEBUG com.sinosoft.test.base.TestBase:76 - Trying to find Element By : By.name: RenewalOfInsuranceSelect
2020/07/14 09:51:07:977 DEBUG com.sinosoft.test.base.TestBase:80 - Found Element By : By.name: RenewalOfInsuranceSelect
2020/07/14 09:51:07:978  INFO com.sinosoft.test.base.TestBase:96 - setSelectWithStartText:[[InternetExplorerDriver: internet explorer on WINDOWS (60887b1b-566a-4cb8-bc95-752268e296fa)] -> name: RenewalOfInsuranceSelect]->0
2020/07/14 09:51:07:978 DEBUG com.sinosoft.test.base.TestBase:76 - Trying to find Element By : By.name: RenewalOfInsuranceSelect
2020/07/14 09:51:08:088 DEBUG com.sinosoft.test.base.TestBase:80 - Found Element By : By.name: RenewalOfInsuranceSelect
2020/07/14 09:51:08:126 DEBUG com.sinosoft.test.base.TestBase:76 - Trying to find Element By : By.name: RenewalOfInsuranceSelect
2020/07/14 09:51:08:269 DEBUG com.sinosoft.test.base.TestBase:80 - Found Element By : By.name: RenewalOfInsuranceSelect
2020/07/14 09:51:08:308 DEBUG com.sinosoft.test.base.TestBase:76 - Trying to find Element By : By.name: RenewalOfInsuranceSelect
2020/07/14 09:51:08:438 DEBUG com.sinosoft.test.base.TestBase:80 - Found Element By : By.name: RenewalOfInsuranceSelect
2020/07/14 09:51:08:439 DEBUG com.sinosoft.test.base.TestBase:76 - Trying to find Element By : By.tagName: option
2020/07/14 09:51:08:721 DEBUG com.sinosoft.test.base.TestBase:80 - Found Element By : By.tagName: option
2020/07/14 09:51:08:853  INFO com.sinosoft.test.base.TestBase:114 - 找到匹配【0】的选项：0-否
2020/07/14 09:51:08:854 DEBUG com.sinosoft.test.base.TestBase:76 - Trying to find Element By : By.name: RenewalOfInsuranceSelect
2020/07/14 09:51:09:005 DEBUG com.sinosoft.test.base.TestBase:80 - Found Element By : By.name: RenewalOfInsuranceSelect
2020/07/14 09:51:09:006 DEBUG com.sinosoft.test.base.TestBase:76 - Trying to find Element By : By.xpath: .//option[normalize-space(.) = "0-否"]
2020/07/14 09:51:09:123 DEBUG com.sinosoft.test.base.TestBase:80 - Found Element By : By.xpath: .//option[normalize-space(.) = "0-否"]
2020/07/14 09:51:09:215 DEBUG com.sinosoft.test.base.TestBase:42 - Trying to click on: [[[[InternetExplorerDriver: internet explorer on WINDOWS (60887b1b-566a-4cb8-bc95-752268e296fa)] -> name: RenewalOfInsuranceSelect]] -> xpath: .//option[normalize-space(.) = "0-否"]]
2020/07/14 09:51:09:552 DEBUG com.sinosoft.test.base.TestBase:46 - Clicked on: [[[[InternetExplorerDriver: internet explorer on WINDOWS (60887b1b-566a-4cb8-bc95-752268e296fa)] -> name: RenewalOfInsuranceSelect]] -> xpath: .//option[normalize-space(.) = "0-否"]]
2020/07/14 09:51:09:553 DEBUG com.sinosoft.test.base.TestBase:123 - setSelectWithStartText 结束！
2020/07/14 09:51:09:553 DEBUG com.sinosoft.test.base.TestBase:76 - Trying to find Element By : By.name: GuMainIsDifferentPlace
2020/07/14 09:51:09:691 DEBUG com.sinosoft.test.base.TestBase:80 - Found Element By : By.name: GuMainIsDifferentPlace
2020/07/14 09:51:09:691  INFO com.sinosoft.test.base.TestBase:96 - setSelectWithStartText:[[InternetExplorerDriver: internet explorer on WINDOWS (60887b1b-566a-4cb8-bc95-752268e296fa)] -> name: GuMainIsDifferentPlace]->
2020/07/14 09:51:09:691 DEBUG com.sinosoft.test.base.TestBase:76 - Trying to find Element By : By.name: GuMainIsFarming
2020/07/14 09:51:09:819 DEBUG com.sinosoft.test.base.TestBase:80 - Found Element By : By.name: GuMainIsFarming
2020/07/14 09:51:09:820  INFO com.sinosoft.test.base.TestBase:96 - setSelectWithStartText:[[InternetExplorerDriver: internet explorer on WINDOWS (60887b1b-566a-4cb8-bc95-752268e296fa)] -> name: GuMainIsFarming]->
2020/07/14 09:51:09:821 DEBUG com.sinosoft.test.base.TestBase:76 - Trying to find Element By : By.name: AppliGuRelatedPartyInsuredType
2020/07/14 09:51:09:972 DEBUG com.sinosoft.test.base.TestBase:80 - Found Element By : By.name: AppliGuRelatedPartyInsuredType
2020/07/14 09:51:09:973  INFO com.sinosoft.test.base.TestBase:96 - setSelectWithStartText:[[InternetExplorerDriver: internet explorer on WINDOWS (60887b1b-566a-4cb8-bc95-752268e296fa)] -> name: AppliGuRelatedPartyInsuredType]->2
2020/07/14 09:51:09:973 DEBUG com.sinosoft.test.base.TestBase:76 - Trying to find Element By : By.name: AppliGuRelatedPartyInsuredType
2020/07/14 09:51:10:102 DEBUG com.sinosoft.test.base.TestBase:80 - Found Element By : By.name: AppliGuRelatedPartyInsuredType
2020/07/14 09:51:10:140 DEBUG com.sinosoft.test.base.TestBase:76 - Trying to find Element By : By.name: AppliGuRelatedPartyInsuredType
2020/07/14 09:51:10:256 DEBUG com.sinosoft.test.base.TestBase:80 - Found Element By : By.name: AppliGuRelatedPartyInsuredType
2020/07/14 09:51:10:341 DEBUG com.sinosoft.test.base.TestBase:76 - Trying to find Element By : By.name: AppliGuRelatedPartyInsuredType
2020/07/14 09:51:10:435 DEBUG com.sinosoft.test.base.TestBase:80 - Found Element By : By.name: AppliGuRelatedPartyInsuredType
2020/07/14 09:51:10:436 DEBUG com.sinosoft.test.base.TestBase:76 - Trying to find Element By : By.tagName: option
2020/07/14 09:51:10:634 DEBUG com.sinosoft.test.base.TestBase:80 - Found Element By : By.tagName: option
2020/07/14 09:51:10:841  INFO com.sinosoft.test.base.TestBase:114 - 找到匹配【2】的选项：2-团体
2020/07/14 09:51:10:842 DEBUG com.sinosoft.test.base.TestBase:76 - Trying to find Element By : By.name: AppliGuRelatedPartyInsuredType
2020/07/14 09:51:10:971 DEBUG com.sinosoft.test.base.TestBase:80 - Found Element By : By.name: AppliGuRelatedPartyInsuredType
2020/07/14 09:51:10:971 DEBUG com.sinosoft.test.base.TestBase:76 - Trying to find Element By : By.xpath: .//option[normalize-space(.) = "2-团体"]
2020/07/14 09:51:11:074 DEBUG com.sinosoft.test.base.TestBase:80 - Found Element By : By.xpath: .//option[normalize-space(.) = "2-团体"]
2020/07/14 09:51:11:170 DEBUG com.sinosoft.test.base.TestBase:123 - setSelectWithStartText 结束！
2020/07/14 09:51:11:170 DEBUG com.sinosoft.test.base.TestBase:76 - Trying to find Element By : By.name: AppliGuRelatedPartyInsuredCode
2020/07/14 09:51:11:323 DEBUG com.sinosoft.test.base.TestBase:80 - Found Element By : By.name: AppliGuRelatedPartyInsuredCode
2020/07/14 09:51:11:324  INFO com.sinosoft.test.base.TestBase:388 - setEditboxTValue:[[InternetExplorerDriver: internet explorer on WINDOWS (60887b1b-566a-4cb8-bc95-752268e296fa)] -> name: AppliGuRelatedPartyInsuredCode]->G6200019984
2020/07/14 09:51:11:324 DEBUG com.sinosoft.test.base.TestBase:76 - Trying to find Element By : By.name: AppliGuRelatedPartyInsuredCode
2020/07/14 09:51:11:467 DEBUG com.sinosoft.test.base.TestBase:80 - Found Element By : By.name: AppliGuRelatedPartyInsuredCode
2020/07/14 09:51:11:883 DEBUG com.sinosoft.test.base.TestBase:76 - Trying to find Element By : By.name: AppliGuRelatedPartyInsuredCode
2020/07/14 09:51:12:040 DEBUG com.sinosoft.test.base.TestBase:80 - Found Element By : By.name: AppliGuRelatedPartyInsuredCode
2020/07/14 09:51:17:662 DEBUG com.sinosoft.test.base.TestBase:76 - Trying to find Element By : By.name: buttonSaveCustomer
2020/07/14 09:51:17:887 DEBUG com.sinosoft.test.base.TestBase:80 - Found Element By : By.name: buttonSaveCustomer
2020/07/14 09:51:17:890 DEBUG com.sinosoft.test.base.TestBase:42 - Trying to click on: [[InternetExplorerDriver: internet explorer on WINDOWS (60887b1b-566a-4cb8-bc95-752268e296fa)] -> name: buttonSaveCustomer]
2020/07/14 09:51:19:304 DEBUG com.sinosoft.test.base.TestBase:46 - Clicked on: [[InternetExplorerDriver: internet explorer on WINDOWS (60887b1b-566a-4cb8-bc95-752268e296fa)] -> name: buttonSaveCustomer]
2020/07/14 09:51:19:537  INFO com.sinosoft.test.base.TestBase:519 - 在保存客户时捕获了一个弹窗：客户已经保存，或不需要保存.
2020/07/14 09:51:19:769 DEBUG com.sinosoft.test.base.TestBase:218 - Alert的标题是：客户已经保存，或不需要保存.
2020/07/14 09:51:20:676 DEBUG com.sinosoft.test.base.TestBase:76 - Trying to find Element By : By.name: AppliGuRelatedPartyInsuredCode
2020/07/14 09:51:20:772 DEBUG com.sinosoft.test.base.TestBase:80 - Found Element By : By.name: AppliGuRelatedPartyInsuredCode
2020/07/14 09:51:20:891 DEBUG com.sinosoft.test.base.TestBase:76 - Trying to find Element By : By.id: saveButton
2020/07/14 09:51:20:998 DEBUG com.sinosoft.test.base.TestBase:80 - Found Element By : By.id: saveButton
2020/07/14 09:51:20:998 DEBUG com.sinosoft.test.base.TestBase:42 - Trying to click on: [[InternetExplorerDriver: internet explorer on WINDOWS (60887b1b-566a-4cb8-bc95-752268e296fa)] -> id: saveButton]
2020/07/14 09:51:27:036 DEBUG com.sinosoft.test.base.TestBase:46 - Clicked on: [[InternetExplorerDriver: internet explorer on WINDOWS (60887b1b-566a-4cb8-bc95-752268e296fa)] -> id: saveButton]
2020/07/14 09:51:27:036 DEBUG com.sinosoft.test.base.TestBase:88 - 截屏文件名字是：FCCB_TB_JCX_2保存基本信息
2020/07/14 09:51:27:246 DEBUG com.sinosoft.test.base.TestBase:69 - 初始化class com.sinosoft.test.fccp.tbcl.RiskDetail_TypePage
2020/07/14 09:51:32:857 DEBUG com.sinosoft.test.base.TestBase:76 - Trying to find Element By : By.name: GuRiskRiskApplyType
2020/07/14 09:51:33:011 DEBUG com.sinosoft.test.base.TestBase:80 - Found Element By : By.name: GuRiskRiskApplyType
2020/07/14 09:51:33:013 DEBUG com.sinosoft.test.base.TestBase:107 - 投保处理/险种信息
2020/07/14 09:51:36:162 DEBUG com.sinosoft.test.base.TestBase:76 - Trying to find Element By : By.id: RiskItem
2020/07/14 09:51:36:316 DEBUG com.sinosoft.test.base.TestBase:80 - Found Element By : By.id: RiskItem
2020/07/14 09:51:36:316 DEBUG com.sinosoft.test.base.TestBase:76 - Trying to find Element By : By.name: summarySubBusinessNo
2020/07/14 09:51:36:459 DEBUG com.sinosoft.test.base.TestBase:80 - Found Element By : By.name: summarySubBusinessNo
2020/07/14 09:51:36:512 DEBUG com.sinosoft.test.base.TestBase:113 - 投保单号：06201890122202000000000004
2020/07/14 09:51:36:513 DEBUG com.sinosoft.test.base.TestBase:121 - 保存投保单号完毕！
2020/07/14 09:51:42:492 DEBUG com.sinosoft.test.base.TestBase:123 - 返回工作区，准备下一步操作！
2020/07/14 09:51:42:494  INFO com.sinosoft.test.base.TestBase:125 - 开始处理风险类别信息
2020/07/14 09:51:42:494 DEBUG com.sinosoft.test.base.TestBase:76 - Trying to find Element By : By.name: GuRiskRiskApplyType
2020/07/14 09:51:42:612 DEBUG com.sinosoft.test.base.TestBase:80 - Found Element By : By.name: GuRiskRiskApplyType
2020/07/14 09:51:42:612  INFO com.sinosoft.test.base.TestBase:96 - setSelectWithStartText:[[InternetExplorerDriver: internet explorer on WINDOWS (60887b1b-566a-4cb8-bc95-752268e296fa)] -> name: GuRiskRiskApplyType]->1
2020/07/14 09:51:42:612 DEBUG com.sinosoft.test.base.TestBase:76 - Trying to find Element By : By.name: GuRiskRiskApplyType
2020/07/14 09:51:42:716 DEBUG com.sinosoft.test.base.TestBase:80 - Found Element By : By.name: GuRiskRiskApplyType
2020/07/14 09:51:42:749 DEBUG com.sinosoft.test.base.TestBase:76 - Trying to find Element By : By.name: GuRiskRiskApplyType
2020/07/14 09:51:42:894 DEBUG com.sinosoft.test.base.TestBase:80 - Found Element By : By.name: GuRiskRiskApplyType
2020/07/14 09:51:42:967 DEBUG com.sinosoft.test.base.TestBase:76 - Trying to find Element By : By.name: GuRiskRiskApplyType
2020/07/14 09:51:43:080 DEBUG com.sinosoft.test.base.TestBase:80 - Found Element By : By.name: GuRiskRiskApplyType
2020/07/14 09:51:43:081 DEBUG com.sinosoft.test.base.TestBase:76 - Trying to find Element By : By.tagName: option
2020/07/14 09:51:43:220 DEBUG com.sinosoft.test.base.TestBase:80 - Found Element By : By.tagName: option
2020/07/14 09:51:43:338  INFO com.sinosoft.test.base.TestBase:114 - 找到匹配【1】的选项：1-全国
2020/07/14 09:51:43:339 DEBUG com.sinosoft.test.base.TestBase:76 - Trying to find Element By : By.name: GuRiskRiskApplyType
2020/07/14 09:51:43:470 DEBUG com.sinosoft.test.base.TestBase:80 - Found Element By : By.name: GuRiskRiskApplyType
2020/07/14 09:51:43:470 DEBUG com.sinosoft.test.base.TestBase:76 - Trying to find Element By : By.xpath: .//option[normalize-space(.) = "1-全国"]
2020/07/14 09:51:43:567 DEBUG com.sinosoft.test.base.TestBase:80 - Found Element By : By.xpath: .//option[normalize-space(.) = "1-全国"]
2020/07/14 09:51:43:621 DEBUG com.sinosoft.test.base.TestBase:123 - setSelectWithStartText 结束！
2020/07/14 09:51:43:621 DEBUG com.sinosoft.test.base.TestBase:76 - Trying to find Element By : By.name: GuRiskCoinsInd
2020/07/14 09:51:43:757 DEBUG com.sinosoft.test.base.TestBase:80 - Found Element By : By.name: GuRiskCoinsInd
2020/07/14 09:51:43:758  INFO com.sinosoft.test.base.TestBase:96 - setSelectWithStartText:[[InternetExplorerDriver: internet explorer on WINDOWS (60887b1b-566a-4cb8-bc95-752268e296fa)] -> name: GuRiskCoinsInd]->0
2020/07/14 09:51:43:758 DEBUG com.sinosoft.test.base.TestBase:76 - Trying to find Element By : By.name: GuRiskCoinsInd
2020/07/14 09:51:43:831 DEBUG com.sinosoft.test.base.TestBase:80 - Found Element By : By.name: GuRiskCoinsInd
2020/07/14 09:51:43:870 DEBUG com.sinosoft.test.base.TestBase:76 - Trying to find Element By : By.name: GuRiskCoinsInd
2020/07/14 09:51:44:010 DEBUG com.sinosoft.test.base.TestBase:80 - Found Element By : By.name: GuRiskCoinsInd
2020/07/14 09:51:44:085 DEBUG com.sinosoft.test.base.TestBase:76 - Trying to find Element By : By.name: GuRiskCoinsInd
2020/07/14 09:51:44:184 DEBUG com.sinosoft.test.base.TestBase:80 - Found Element By : By.name: GuRiskCoinsInd
2020/07/14 09:51:44:186 DEBUG com.sinosoft.test.base.TestBase:76 - Trying to find Element By : By.tagName: option
2020/07/14 09:51:44:537 DEBUG com.sinosoft.test.base.TestBase:80 - Found Element By : By.tagName: option
2020/07/14 09:51:44:634  INFO com.sinosoft.test.base.TestBase:114 - 找到匹配【0】的选项：0-非联共保
2020/07/14 09:51:44:635 DEBUG com.sinosoft.test.base.TestBase:76 - Trying to find Element By : By.name: GuRiskCoinsInd
2020/07/14 09:51:44:772 DEBUG com.sinosoft.test.base.TestBase:80 - Found Element By : By.name: GuRiskCoinsInd
2020/07/14 09:51:44:773 DEBUG com.sinosoft.test.base.TestBase:76 - Trying to find Element By : By.xpath: .//option[normalize-space(.) = "0-非联共保"]
2020/07/14 09:51:44:903 DEBUG com.sinosoft.test.base.TestBase:80 - Found Element By : By.xpath: .//option[normalize-space(.) = "0-非联共保"]
2020/07/14 09:51:44:989 DEBUG com.sinosoft.test.base.TestBase:123 - setSelectWithStartText 结束！
2020/07/14 09:51:44:989 DEBUG com.sinosoft.test.base.TestBase:76 - Trying to find Element By : By.name: GuRiskBusinessFlag
2020/07/14 09:51:47:054 DEBUG com.sinosoft.test.base.TestBase:66 - 系统自动捕获异常：Exception occured: org.openqa.selenium.NoSuchElementException: Unable to find element with css selector == *[name='GuRiskBusinessFlag']
For documentation on this error, please visit: http://seleniumhq.org/exceptions/no_such_element.html
Build info: version: '3.9.0', revision: '698b3178f0', time: '2018-02-05T14:26:55.441Z'
System info: host: 'DESKTOP-I9S3ABE', ip: '100.100.96.220', os.name: 'Windows 10', os.arch: 'amd64', os.version: '10.0', java.version: '1.8.0_101'
Driver info: org.openqa.selenium.ie.InternetExplorerDriver
Capabilities {acceptInsecureCerts: false, browserName: internet explorer, browserVersion: 11, javascriptEnabled: true, pageLoadStrategy: normal, platform: WINDOWS, platformName: WINDOWS, proxy: Proxy(), se:ieOptions: {browserAttachTimeout: 0, elementScrollBehavior: 0, enablePersistentHover: true, ie.browserCommandLineSwitches: , ie.ensureCleanSession: false, ie.fileUploadDialogTimeout: 3000, ie.forceCreateProcessApi: false, ignoreProtectedModeSettings: true, ignoreZoomSetting: false, initialBrowserUrl: http://localhost:22609/, nativeEvents: true, requireWindowFocus: false}, setWindowRect: true, timeouts: {implicit: 0, pageLoad: 300000, script: 30000}, unhandledPromptBehavior: ignore}
Session ID: 60887b1b-566a-4cb8-bc95-752268e296fa
*** Element info: {Using=name, value=GuRiskBusinessFlag}
2020/07/14 09:51:47:056  INFO com.sinosoft.test.base.TestBase:68 - 异常的message 是：Unable to find element with css selector == *[name='GuRiskBusinessFlag']
For documentation on this error, please visit: http://seleniumhq.org/exceptions/no_such_element.html
Build info: version: '3.9.0', revision: '698b3178f0', time: '2018-02-05T14:26:55.441Z'
System info: host: 'DESKTOP-I9S3ABE', ip: '100.100.96.220', os.name: 'Windows 10', os.arch: 'amd64', os.version: '10.0', java.version: '1.8.0_101'
Driver info: org.openqa.selenium.ie.InternetExplorerDriver
Capabilities {acceptInsecureCerts: false, browserName: internet explorer, browserVersion: 11, javascriptEnabled: true, pageLoadStrategy: normal, platform: WINDOWS, platformName: WINDOWS, proxy: Proxy(), se:ieOptions: {browserAttachTimeout: 0, elementScrollBehavior: 0, enablePersistentHover: true, ie.browserCommandLineSwitches: , ie.ensureCleanSession: false, ie.fileUploadDialogTimeout: 3000, ie.forceCreateProcessApi: false, ignoreProtectedModeSettings: true, ignoreZoomSetting: false, initialBrowserUrl: http://localhost:22609/, nativeEvents: true, requireWindowFocus: false}, setWindowRect: true, timeouts: {implicit: 0, pageLoad: 300000, script: 30000}, unhandledPromptBehavior: ignore}
Session ID: 60887b1b-566a-4cb8-bc95-752268e296fa
*** Element info: {Using=name, value=GuRiskBusinessFlag}
2020/07/14 09:51:47:057  INFO com.sinosoft.test.base.TestBase:96 - setSelectWithStartText:Proxy element for: DefaultElementLocator 'By.name: GuRiskBusinessFlag'->
2020/07/14 09:51:47:057 DEBUG com.sinosoft.test.base.TestBase:76 - Trying to find Element By : By.name: GuRiskJudicalCode
2020/07/14 09:51:47:141 DEBUG com.sinosoft.test.base.TestBase:80 - Found Element By : By.name: GuRiskJudicalCode
2020/07/14 09:51:47:141  INFO com.sinosoft.test.base.TestBase:96 - setSelectWithStartText:[[InternetExplorerDriver: internet explorer on WINDOWS (60887b1b-566a-4cb8-bc95-752268e296fa)] -> name: GuRiskJudicalCode]->1
2020/07/14 09:51:47:141 DEBUG com.sinosoft.test.base.TestBase:76 - Trying to find Element By : By.name: GuRiskJudicalCode
2020/07/14 09:51:47:269 DEBUG com.sinosoft.test.base.TestBase:80 - Found Element By : By.name: GuRiskJudicalCode
2020/07/14 09:51:47:296 DEBUG com.sinosoft.test.base.TestBase:76 - Trying to find Element By : By.name: GuRiskJudicalCode
2020/07/14 09:51:47:503 DEBUG com.sinosoft.test.base.TestBase:80 - Found Element By : By.name: GuRiskJudicalCode
2020/07/14 09:51:47:556 DEBUG com.sinosoft.test.base.TestBase:76 - Trying to find Element By : By.name: GuRiskJudicalCode
2020/07/14 09:51:47:707 DEBUG com.sinosoft.test.base.TestBase:80 - Found Element By : By.name: GuRiskJudicalCode
2020/07/14 09:51:47:708 DEBUG com.sinosoft.test.base.TestBase:76 - Trying to find Element By : By.tagName: option
2020/07/14 09:51:48:245 DEBUG com.sinosoft.test.base.TestBase:80 - Found Element By : By.tagName: option
2020/07/14 09:51:48:344  INFO com.sinosoft.test.base.TestBase:114 - 找到匹配【1】的选项：1-中华人民共和国管辖(港澳台除外)
2020/07/14 09:51:48:345 DEBUG com.sinosoft.test.base.TestBase:76 - Trying to find Element By : By.name: GuRiskJudicalCode
2020/07/14 09:51:48:484 DEBUG com.sinosoft.test.base.TestBase:80 - Found Element By : By.name: GuRiskJudicalCode
2020/07/14 09:51:48:485 DEBUG com.sinosoft.test.base.TestBase:76 - Trying to find Element By : By.xpath: .//option[normalize-space(.) = "1-中华人民共和国管辖(港澳台除外)"]
2020/07/14 09:51:48:609 DEBUG com.sinosoft.test.base.TestBase:80 - Found Element By : By.xpath: .//option[normalize-space(.) = "1-中华人民共和国管辖(港澳台除外)"]
2020/07/14 09:51:48:664 DEBUG com.sinosoft.test.base.TestBase:123 - setSelectWithStartText 结束！
2020/07/14 09:51:48:665 DEBUG com.sinosoft.test.base.TestBase:76 - Trying to find Element By : By.name: GuRiskGeographicalArea
2020/07/14 09:51:48:817 DEBUG com.sinosoft.test.base.TestBase:80 - Found Element By : By.name: GuRiskGeographicalArea
2020/07/14 09:51:48:873 DEBUG com.sinosoft.test.base.TestBase:76 - Trying to find Element By : By.xpath: //table[@id='InsuredRelatedParty']/tbody/tr[@id='InsuredGuRelatedPartyCorInsuredType']/td/select[@name='InsuredGuRelatedPartyStarLevel']
2020/07/14 09:51:49:017 DEBUG com.sinosoft.test.base.TestBase:80 - Found Element By : By.xpath: //table[@id='InsuredRelatedParty']/tbody/tr[@id='InsuredGuRelatedPartyCorInsuredType']/td/select[@name='InsuredGuRelatedPartyStarLevel']
2020/07/14 09:51:49:017  INFO com.sinosoft.test.base.TestBase:96 - setSelectWithStartText:[[InternetExplorerDriver: internet explorer on WINDOWS (60887b1b-566a-4cb8-bc95-752268e296fa)] -> xpath: //table[@id='InsuredRelatedParty']/tbody/tr[@id='InsuredGuRelatedPartyCorInsuredType']/td/select[@name='InsuredGuRelatedPartyStarLevel']]->2
2020/07/14 09:51:49:018 DEBUG com.sinosoft.test.base.TestBase:76 - Trying to find Element By : By.xpath: //table[@id='InsuredRelatedParty']/tbody/tr[@id='InsuredGuRelatedPartyCorInsuredType']/td/select[@name='InsuredGuRelatedPartyStarLevel']
2020/07/14 09:51:49:099 DEBUG com.sinosoft.test.base.TestBase:80 - Found Element By : By.xpath: //table[@id='InsuredRelatedParty']/tbody/tr[@id='InsuredGuRelatedPartyCorInsuredType']/td/select[@name='InsuredGuRelatedPartyStarLevel']
2020/07/14 09:51:49:150 DEBUG com.sinosoft.test.base.TestBase:76 - Trying to find Element By : By.xpath: //table[@id='InsuredRelatedParty']/tbody/tr[@id='InsuredGuRelatedPartyCorInsuredType']/td/select[@name='InsuredGuRelatedPartyStarLevel']
2020/07/14 09:51:49:246 DEBUG com.sinosoft.test.base.TestBase:80 - Found Element By : By.xpath: //table[@id='InsuredRelatedParty']/tbody/tr[@id='InsuredGuRelatedPartyCorInsuredType']/td/select[@name='InsuredGuRelatedPartyStarLevel']
2020/07/14 09:51:49:318 DEBUG com.sinosoft.test.base.TestBase:76 - Trying to find Element By : By.xpath: //table[@id='InsuredRelatedParty']/tbody/tr[@id='InsuredGuRelatedPartyCorInsuredType']/td/select[@name='InsuredGuRelatedPartyStarLevel']
2020/07/14 09:51:49:543 DEBUG com.sinosoft.test.base.TestBase:80 - Found Element By : By.xpath: //table[@id='InsuredRelatedParty']/tbody/tr[@id='InsuredGuRelatedPartyCorInsuredType']/td/select[@name='InsuredGuRelatedPartyStarLevel']
2020/07/14 09:51:49:543 DEBUG com.sinosoft.test.base.TestBase:76 - Trying to find Element By : By.tagName: option
2020/07/14 09:51:49:852 DEBUG com.sinosoft.test.base.TestBase:80 - Found Element By : By.tagName: option
2020/07/14 09:51:50:232  INFO com.sinosoft.test.base.TestBase:114 - 找到匹配【2】的选项：2-铂金VIP客户
2020/07/14 09:51:50:234 DEBUG com.sinosoft.test.base.TestBase:76 - Trying to find Element By : By.xpath: //table[@id='InsuredRelatedParty']/tbody/tr[@id='InsuredGuRelatedPartyCorInsuredType']/td/select[@name='InsuredGuRelatedPartyStarLevel']
2020/07/14 09:51:50:318 DEBUG com.sinosoft.test.base.TestBase:80 - Found Element By : By.xpath: //table[@id='InsuredRelatedParty']/tbody/tr[@id='InsuredGuRelatedPartyCorInsuredType']/td/select[@name='InsuredGuRelatedPartyStarLevel']
2020/07/14 09:51:50:319 DEBUG com.sinosoft.test.base.TestBase:76 - Trying to find Element By : By.xpath: .//option[normalize-space(.) = "2-铂金VIP客户"]
2020/07/14 09:51:50:489 DEBUG com.sinosoft.test.base.TestBase:80 - Found Element By : By.xpath: .//option[normalize-space(.) = "2-铂金VIP客户"]
2020/07/14 09:51:50:540 DEBUG com.sinosoft.test.base.TestBase:42 - Trying to click on: [[[[InternetExplorerDriver: internet explorer on WINDOWS (60887b1b-566a-4cb8-bc95-752268e296fa)] -> xpath: //table[@id='InsuredRelatedParty']/tbody/tr[@id='InsuredGuRelatedPartyCorInsuredType']/td/select[@name='InsuredGuRelatedPartyStarLevel']]] -> xpath: .//option[normalize-space(.) = "2-铂金VIP客户"]]
2020/07/14 09:51:50:881 DEBUG com.sinosoft.test.base.TestBase:46 - Clicked on: [[[[InternetExplorerDriver: internet explorer on WINDOWS (60887b1b-566a-4cb8-bc95-752268e296fa)] -> xpath: //table[@id='InsuredRelatedParty']/tbody/tr[@id='InsuredGuRelatedPartyCorInsuredType']/td/select[@name='InsuredGuRelatedPartyStarLevel']]] -> xpath: .//option[normalize-space(.) = "2-铂金VIP客户"]]
2020/07/14 09:51:50:881 DEBUG com.sinosoft.test.base.TestBase:123 - setSelectWithStartText 结束！
2020/07/14 09:51:50:882 DEBUG com.sinosoft.test.base.TestBase:76 - Trying to find Element By : By.xpath: //table[@id='InsuredRelatedParty']/tbody/tr[@id='InsuredGuRelatedPartyVocation']/td/input[@name='InsuredGuRelatedPartyIndustryMainCode']
2020/07/14 09:51:50:986 DEBUG com.sinosoft.test.base.TestBase:80 - Found Element By : By.xpath: //table[@id='InsuredRelatedParty']/tbody/tr[@id='InsuredGuRelatedPartyVocation']/td/input[@name='InsuredGuRelatedPartyIndustryMainCode']
2020/07/14 09:51:51:025 DEBUG com.sinosoft.test.base.TestBase:76 - Trying to find Element By : By.xpath: //table[@id='InsuredRelatedParty']/tbody/tr[@id='InsuredGuRelatedPartyVocation']/td/input[@name='InsuredGuRelatedPartyIndustryMainCode']
2020/07/14 09:51:51:120 DEBUG com.sinosoft.test.base.TestBase:80 - Found Element By : By.xpath: //table[@id='InsuredRelatedParty']/tbody/tr[@id='InsuredGuRelatedPartyVocation']/td/input[@name='InsuredGuRelatedPartyIndustryMainCode']
2020/07/14 09:51:51:120 DEBUG com.sinosoft.test.base.TestBase:42 - CodeSelect:开始设置[[InternetExplorerDriver: internet explorer on WINDOWS (60887b1b-566a-4cb8-bc95-752268e296fa)] -> xpath: //table[@id='InsuredRelatedParty']/tbody/tr[@id='InsuredGuRelatedPartyVocation']/td/input[@name='InsuredGuRelatedPartyIndustryMainCode']] & Code=03
2020/07/14 09:51:51:121 DEBUG com.sinosoft.test.base.TestBase:76 - Trying to find Element By : By.xpath: //table[@id='InsuredRelatedParty']/tbody/tr[@id='InsuredGuRelatedPartyVocation']/td/input[@name='InsuredGuRelatedPartyIndustryMainCode']
2020/07/14 09:51:51:212 DEBUG com.sinosoft.test.base.TestBase:80 - Found Element By : By.xpath: //table[@id='InsuredRelatedParty']/tbody/tr[@id='InsuredGuRelatedPartyVocation']/td/input[@name='InsuredGuRelatedPartyIndustryMainCode']
2020/07/14 09:51:52:911 DEBUG com.sinosoft.test.base.TestBase:272 - 系统窗口【黄河财险业务系统】with handle -1987adfe-32af-4ced-bf03-abafb6132099
2020/07/14 09:51:53:582 DEBUG com.sinosoft.test.base.TestBase:272 - 系统窗口【黄河财险业务系统】with handle -1987adfe-32af-4ced-bf03-abafb6132099
2020/07/14 09:51:54:242 DEBUG com.sinosoft.test.base.TestBase:272 - 系统窗口【Code Select】with handle -68afd235-d87e-45a1-9dd1-024e3bd33aeb
2020/07/14 09:51:54:780 DEBUG com.sinosoft.test.base.TestBase:69 - 初始化class com.sinosoft.test.fccp.common.CodeSelectPage
2020/07/14 09:51:54:782 DEBUG com.sinosoft.test.base.TestBase:39 - 基础码表选择！
2020/07/14 09:51:54:783 DEBUG com.sinosoft.test.base.TestBase:76 - Trying to find Element By : By.name: fieldValue
2020/07/14 09:51:55:126 DEBUG com.sinosoft.test.base.TestBase:80 - Found Element By : By.name: fieldValue
2020/07/14 09:51:55:127  INFO com.sinosoft.test.base.TestBase:360 - setEditboxValue:[[InternetExplorerDriver: internet explorer on WINDOWS (60887b1b-566a-4cb8-bc95-752268e296fa)] -> name: fieldValue]：03
2020/07/14 09:51:56:694  INFO com.sinosoft.test.base.TestBase:363 - setEditboxValue—End:[[InternetExplorerDriver: internet explorer on WINDOWS (60887b1b-566a-4cb8-bc95-752268e296fa)] -> name: fieldValue]：03
2020/07/14 09:51:56:695 DEBUG com.sinosoft.test.base.TestBase:76 - Trying to find Element By : By.xpath: //input[@value='查询(Q)']
2020/07/14 09:51:57:020 DEBUG com.sinosoft.test.base.TestBase:80 - Found Element By : By.xpath: //input[@value='查询(Q)']
2020/07/14 09:51:57:020  INFO com.sinosoft.test.base.TestBase:402 - clickButton:[[InternetExplorerDriver: internet explorer on WINDOWS (60887b1b-566a-4cb8-bc95-752268e296fa)] -> xpath: //input[@value='查询(Q)']]
2020/07/14 09:51:57:020 DEBUG com.sinosoft.test.base.TestBase:42 - Trying to click on: [[InternetExplorerDriver: internet explorer on WINDOWS (60887b1b-566a-4cb8-bc95-752268e296fa)] -> xpath: //input[@value='查询(Q)']]
2020/07/14 09:51:58:647 DEBUG com.sinosoft.test.base.TestBase:46 - Clicked on: [[InternetExplorerDriver: internet explorer on WINDOWS (60887b1b-566a-4cb8-bc95-752268e296fa)] -> xpath: //input[@value='查询(Q)']]
2020/07/14 09:51:58:647 DEBUG com.sinosoft.test.base.TestBase:76 - Trying to find Element By : By.name: codeselect
2020/07/14 09:51:58:941 DEBUG com.sinosoft.test.base.TestBase:80 - Found Element By : By.name: codeselect
2020/07/14 09:51:58:942  INFO com.sinosoft.test.base.TestBase:132 - setFuzzySelect:[[InternetExplorerDriver: internet explorer on WINDOWS (60887b1b-566a-4cb8-bc95-752268e296fa)] -> name: codeselect]->03
2020/07/14 09:51:59:512 DEBUG com.sinosoft.test.base.TestBase:76 - Trying to find Element By : By.tagName: option
2020/07/14 09:51:59:846 DEBUG com.sinosoft.test.base.TestBase:80 - Found Element By : By.tagName: option
2020/07/14 09:52:00:148  INFO com.sinosoft.test.base.TestBase:142 - 找到匹配【03】的选项：03--三级工业
2020/07/14 09:52:00:149 DEBUG com.sinosoft.test.base.TestBase:76 - Trying to find Element By : By.xpath: .//option[normalize-space(.) = "03--三级工业"]
2020/07/14 09:52:00:478 DEBUG com.sinosoft.test.base.TestBase:80 - Found Element By : By.xpath: .//option[normalize-space(.) = "03--三级工业"]
2020/07/14 09:52:00:799 DEBUG com.sinosoft.test.base.TestBase:42 - Trying to click on: [[[[InternetExplorerDriver: internet explorer on WINDOWS (60887b1b-566a-4cb8-bc95-752268e296fa)] -> name: codeselect]] -> xpath: .//option[normalize-space(.) = "03--三级工业"]]
2020/07/14 09:52:01:342 DEBUG com.sinosoft.test.base.TestBase:46 - Clicked on: [[[[InternetExplorerDriver: internet explorer on WINDOWS (60887b1b-566a-4cb8-bc95-752268e296fa)] -> name: codeselect]] -> xpath: .//option[normalize-space(.) = "03--三级工业"]]
2020/07/14 09:52:01:342 DEBUG com.sinosoft.test.base.TestBase:151 - setFuzzySelect 结束！
2020/07/14 09:52:01:342 DEBUG com.sinosoft.test.base.TestBase:76 - Trying to find Element By : By.name: SelectIt
2020/07/14 09:52:01:648 DEBUG com.sinosoft.test.base.TestBase:80 - Found Element By : By.name: SelectIt
2020/07/14 09:52:01:648  INFO com.sinosoft.test.base.TestBase:416 - jsClickButton:[[InternetExplorerDriver: internet explorer on WINDOWS (60887b1b-566a-4cb8-bc95-752268e296fa)] -> name: SelectIt]
2020/07/14 09:52:01:649  INFO com.sinosoft.test.base.TestBase:144 - RunJavaScript:[[InternetExplorerDriver: internet explorer on WINDOWS (60887b1b-566a-4cb8-bc95-752268e296fa)] -> name: SelectIt]	arguments[0].click();
2020/07/14 09:52:02:504 DEBUG com.sinosoft.test.base.TestBase:272 - 系统窗口【黄河财险业务系统】with handle -1987adfe-32af-4ced-bf03-abafb6132099
2020/07/14 09:52:07:846 DEBUG com.sinosoft.test.base.TestBase:76 - Trying to find Element By : By.xpath: //table[@id='InsuredRelatedParty']/tbody/tr[@id='InsuredGuRelatedPartyVocation']/td/input[@name='InsuredGuRelatedPartyIndustryMainCode']
2020/07/14 09:52:07:950 DEBUG com.sinosoft.test.base.TestBase:80 - Found Element By : By.xpath: //table[@id='InsuredRelatedParty']/tbody/tr[@id='InsuredGuRelatedPartyVocation']/td/input[@name='InsuredGuRelatedPartyIndustryMainCode']
2020/07/14 09:52:07:951 DEBUG com.sinosoft.test.base.TestBase:49 - CodeSelect:设置完毕[[InternetExplorerDriver: internet explorer on WINDOWS (60887b1b-566a-4cb8-bc95-752268e296fa)] -> xpath: //table[@id='InsuredRelatedParty']/tbody/tr[@id='InsuredGuRelatedPartyVocation']/td/input[@name='InsuredGuRelatedPartyIndustryMainCode']] & Code=03
2020/07/14 09:52:07:951 DEBUG com.sinosoft.test.base.TestBase:76 - Trying to find Element By : By.xpath: //table[@id='InsuredRelatedParty']/tbody/tr[@id='InsuredGuRelatedPartyVocation']/td/input[@name='InsuredGuRelatedPartyIndustryKindCode']
2020/07/14 09:52:08:047 DEBUG com.sinosoft.test.base.TestBase:80 - Found Element By : By.xpath: //table[@id='InsuredRelatedParty']/tbody/tr[@id='InsuredGuRelatedPartyVocation']/td/input[@name='InsuredGuRelatedPartyIndustryKindCode']
2020/07/14 09:52:08:092 DEBUG com.sinosoft.test.base.TestBase:76 - Trying to find Element By : By.xpath: //table[@id='InsuredRelatedParty']/tbody/tr[@id='InsuredGuRelatedPartyVocation']/td/input[@name='InsuredGuRelatedPartyIndustryKindCode']
2020/07/14 09:52:08:205 DEBUG com.sinosoft.test.base.TestBase:80 - Found Element By : By.xpath: //table[@id='InsuredRelatedParty']/tbody/tr[@id='InsuredGuRelatedPartyVocation']/td/input[@name='InsuredGuRelatedPartyIndustryKindCode']
2020/07/14 09:52:08:206 DEBUG com.sinosoft.test.base.TestBase:63 - SetCodeEditBox:开始设置:[[InternetExplorerDriver: internet explorer on WINDOWS (60887b1b-566a-4cb8-bc95-752268e296fa)] -> xpath: //table[@id='InsuredRelatedParty']/tbody/tr[@id='InsuredGuRelatedPartyVocation']/td/input[@name='InsuredGuRelatedPartyIndustryKindCode']] & Code=03006
2020/07/14 09:52:08:206 DEBUG com.sinosoft.test.base.TestBase:76 - Trying to find Element By : By.xpath: //table[@id='InsuredRelatedParty']/tbody/tr[@id='InsuredGuRelatedPartyVocation']/td/input[@name='InsuredGuRelatedPartyIndustryKindCode']
2020/07/14 09:52:08:312 DEBUG com.sinosoft.test.base.TestBase:80 - Found Element By : By.xpath: //table[@id='InsuredRelatedParty']/tbody/tr[@id='InsuredGuRelatedPartyVocation']/td/input[@name='InsuredGuRelatedPartyIndustryKindCode']
2020/07/14 09:52:08:757 DEBUG com.sinosoft.test.base.TestBase:76 - Trying to find Element By : By.xpath: //table[@id='InsuredRelatedParty']/tbody/tr[@id='InsuredGuRelatedPartyVocation']/td/input[@name='InsuredGuRelatedPartyIndustryKindCode']
2020/07/14 09:52:08:861 DEBUG com.sinosoft.test.base.TestBase:80 - Found Element By : By.xpath: //table[@id='InsuredRelatedParty']/tbody/tr[@id='InsuredGuRelatedPartyVocation']/td/input[@name='InsuredGuRelatedPartyIndustryKindCode']
2020/07/14 09:52:09:652 DEBUG com.sinosoft.test.base.TestBase:76 - Trying to find Element By : By.xpath: //table[@id='InsuredRelatedParty']/tbody/tr[@id='InsuredGuRelatedPartyVocation']/td/input[@name='InsuredGuRelatedPartyIndustryKindCode']
2020/07/14 09:52:09:732 DEBUG com.sinosoft.test.base.TestBase:80 - Found Element By : By.xpath: //table[@id='InsuredRelatedParty']/tbody/tr[@id='InsuredGuRelatedPartyVocation']/td/input[@name='InsuredGuRelatedPartyIndustryKindCode']
2020/07/14 09:52:09:732 DEBUG com.sinosoft.test.base.TestBase:76 - Trying to find Element By : By.xpath: ../input[last()]
2020/07/14 09:52:09:814 DEBUG com.sinosoft.test.base.TestBase:80 - Found Element By : By.xpath: ../input[last()]
2020/07/14 09:52:10:013  INFO com.sinosoft.test.base.TestBase:71 - SetCodeEditBox:找到了Code对应的文本显示框并点击触发显示:InsuredGuRelatedPartyIndustryKindCName
2020/07/14 09:52:10:014 DEBUG com.sinosoft.test.base.TestBase:42 - Trying to click on: [[[[InternetExplorerDriver: internet explorer on WINDOWS (60887b1b-566a-4cb8-bc95-752268e296fa)] -> xpath: //table[@id='InsuredRelatedParty']/tbody/tr[@id='InsuredGuRelatedPartyVocation']/td/input[@name='InsuredGuRelatedPartyIndustryKindCode']]] -> xpath: ../input[last()]]
2020/07/14 09:52:11:397 DEBUG com.sinosoft.test.base.TestBase:46 - Clicked on: [[[[InternetExplorerDriver: internet explorer on WINDOWS (60887b1b-566a-4cb8-bc95-752268e296fa)] -> xpath: //table[@id='InsuredRelatedParty']/tbody/tr[@id='InsuredGuRelatedPartyVocation']/td/input[@name='InsuredGuRelatedPartyIndustryKindCode']]] -> xpath: ../input[last()]]
2020/07/14 09:52:11:598 DEBUG com.sinosoft.test.base.TestBase:76 - Trying to find Element By : By.xpath: //table[@id='InsuredRelatedParty']/tbody/tr[@id='InsuredGuRelatedPartyVocation']/td/input[@name='InsuredGuRelatedPartyIndustryKindCode']
2020/07/14 09:52:11:747 DEBUG com.sinosoft.test.base.TestBase:80 - Found Element By : By.xpath: //table[@id='InsuredRelatedParty']/tbody/tr[@id='InsuredGuRelatedPartyVocation']/td/input[@name='InsuredGuRelatedPartyIndustryKindCode']
2020/07/14 09:52:11:748 DEBUG com.sinosoft.test.base.TestBase:87 - SetCodeEditBox:设置完毕[[InternetExplorerDriver: internet explorer on WINDOWS (60887b1b-566a-4cb8-bc95-752268e296fa)] -> xpath: //table[@id='InsuredRelatedParty']/tbody/tr[@id='InsuredGuRelatedPartyVocation']/td/input[@name='InsuredGuRelatedPartyIndustryKindCode']],设置值 Code=03006
2020/07/14 09:52:11:748  INFO com.sinosoft.test.base.TestBase:157 - 保存险种基本信息
2020/07/14 09:52:11:748 DEBUG com.sinosoft.test.base.TestBase:76 - Trying to find Element By : By.id: saveButton
2020/07/14 09:52:11:885 DEBUG com.sinosoft.test.base.TestBase:80 - Found Element By : By.id: saveButton
2020/07/14 09:52:11:885  INFO com.sinosoft.test.base.TestBase:416 - jsClickButton:[[InternetExplorerDriver: internet explorer on WINDOWS (60887b1b-566a-4cb8-bc95-752268e296fa)] -> id: saveButton]
2020/07/14 09:52:11:886 DEBUG com.sinosoft.test.base.TestBase:76 - Trying to find Element By : By.id: saveButton
2020/07/14 09:52:12:017 DEBUG com.sinosoft.test.base.TestBase:80 - Found Element By : By.id: saveButton
2020/07/14 09:52:12:017  INFO com.sinosoft.test.base.TestBase:144 - RunJavaScript:[[InternetExplorerDriver: internet explorer on WINDOWS (60887b1b-566a-4cb8-bc95-752268e296fa)] -> id: saveButton]	arguments[0].click();
2020/07/14 09:52:12:017 DEBUG com.sinosoft.test.base.TestBase:76 - Trying to find Element By : By.id: saveButton
2020/07/14 09:52:12:158 DEBUG com.sinosoft.test.base.TestBase:80 - Found Element By : By.id: saveButton
2020/07/14 09:52:13:504 DEBUG com.sinosoft.test.base.TestBase:69 - 初始化class com.sinosoft.test.fccp.tbcl.RiskDetail_insuredObjPage
2020/07/14 09:52:19:226 DEBUG com.sinosoft.test.base.TestBase:76 - Trying to find Element By : By.id: ItemPropertyDetail
2020/07/14 09:52:19:318 DEBUG com.sinosoft.test.base.TestBase:80 - Found Element By : By.id: ItemPropertyDetail
2020/07/14 09:52:19:320 DEBUG com.sinosoft.test.base.TestBase:213 - 进入保险标的信息页面对象！
2020/07/14 09:52:19:321  INFO com.sinosoft.test.base.TestBase:222 - 开始录入标的物信息！
2020/07/14 09:52:19:329 DEBUG com.sinosoft.test.base.TestBase:69 - 初始化class com.sinosoft.test.fccp.tbcl.InsuredObjectInfoPage_0122
2020/07/14 09:52:19:331 DEBUG com.sinosoft.test.base.TestBase:76 - Trying to find Element By : By.name: GuItemPropertyBlockCode
2020/07/14 09:52:19:457 DEBUG com.sinosoft.test.base.TestBase:80 - Found Element By : By.name: GuItemPropertyBlockCode
2020/07/14 09:52:19:458  INFO com.sinosoft.test.base.TestBase:80 - 开始录入标的物信息！
2020/07/14 09:52:19:459 DEBUG com.sinosoft.test.base.TestBase:76 - Trying to find Element By : By.name: GuItemPropertyBlockCode
2020/07/14 09:52:19:544 DEBUG com.sinosoft.test.base.TestBase:80 - Found Element By : By.name: GuItemPropertyBlockCode
2020/07/14 09:52:19:545  INFO com.sinosoft.test.base.TestBase:388 - setEditboxTValue:[[InternetExplorerDriver: internet explorer on WINDOWS (60887b1b-566a-4cb8-bc95-752268e296fa)] -> name: GuItemPropertyBlockCode]->121121123123
2020/07/14 09:52:19:545 DEBUG com.sinosoft.test.base.TestBase:76 - Trying to find Element By : By.name: GuItemPropertyBlockCode
2020/07/14 09:52:19:672 DEBUG com.sinosoft.test.base.TestBase:80 - Found Element By : By.name: GuItemPropertyBlockCode
2020/07/14 09:52:20:065 DEBUG com.sinosoft.test.base.TestBase:76 - Trying to find Element By : By.name: GuItemPropertyBlockCode
2020/07/14 09:52:20:192 DEBUG com.sinosoft.test.base.TestBase:80 - Found Element By : By.name: GuItemPropertyBlockCode
2020/07/14 09:52:25:928 DEBUG com.sinosoft.test.base.TestBase:76 - Trying to find Element By : By.name: GuItemPropertyCurrency
2020/07/14 09:52:26:112 DEBUG com.sinosoft.test.base.TestBase:80 - Found Element By : By.name: GuItemPropertyCurrency
2020/07/14 09:52:26:154 DEBUG com.sinosoft.test.base.TestBase:76 - Trying to find Element By : By.name: GuItemPropertyItemProvinceCode
2020/07/14 09:52:26:291 DEBUG com.sinosoft.test.base.TestBase:80 - Found Element By : By.name: GuItemPropertyItemProvinceCode
2020/07/14 09:52:26:346 DEBUG com.sinosoft.test.base.TestBase:76 - Trying to find Element By : By.name: GuItemPropertyItemProvinceCode
2020/07/14 09:52:26:489 DEBUG com.sinosoft.test.base.TestBase:80 - Found Element By : By.name: GuItemPropertyItemProvinceCode
2020/07/14 09:52:26:490 DEBUG com.sinosoft.test.base.TestBase:63 - SetCodeEditBox:开始设置:[[InternetExplorerDriver: internet explorer on WINDOWS (60887b1b-566a-4cb8-bc95-752268e296fa)] -> name: GuItemPropertyItemProvinceCode] & Code=130000
2020/07/14 09:52:26:490 DEBUG com.sinosoft.test.base.TestBase:76 - Trying to find Element By : By.name: GuItemPropertyItemProvinceCode
2020/07/14 09:52:26:602 DEBUG com.sinosoft.test.base.TestBase:80 - Found Element By : By.name: GuItemPropertyItemProvinceCode
2020/07/14 09:52:26:895 DEBUG com.sinosoft.test.base.TestBase:76 - Trying to find Element By : By.name: GuItemPropertyItemProvinceCode
2020/07/14 09:52:26:970 DEBUG com.sinosoft.test.base.TestBase:80 - Found Element By : By.name: GuItemPropertyItemProvinceCode
2020/07/14 09:52:27:774 DEBUG com.sinosoft.test.base.TestBase:76 - Trying to find Element By : By.name: GuItemPropertyItemProvinceCode
2020/07/14 09:52:27:932 DEBUG com.sinosoft.test.base.TestBase:80 - Found Element By : By.name: GuItemPropertyItemProvinceCode
2020/07/14 09:52:27:933 DEBUG com.sinosoft.test.base.TestBase:76 - Trying to find Element By : By.xpath: ../input[last()]
2020/07/14 09:52:28:035 DEBUG com.sinosoft.test.base.TestBase:80 - Found Element By : By.xpath: ../input[last()]
2020/07/14 09:52:28:223  INFO com.sinosoft.test.base.TestBase:71 - SetCodeEditBox:找到了Code对应的文本显示框并点击触发显示:GuItemPropertyItemProvinceCName
2020/07/14 09:52:28:223 DEBUG com.sinosoft.test.base.TestBase:42 - Trying to click on: [[[[InternetExplorerDriver: internet explorer on WINDOWS (60887b1b-566a-4cb8-bc95-752268e296fa)] -> name: GuItemPropertyItemProvinceCode]] -> xpath: ../input[last()]]
2020/07/14 09:52:29:574 DEBUG com.sinosoft.test.base.TestBase:46 - Clicked on: [[[[InternetExplorerDriver: internet explorer on WINDOWS (60887b1b-566a-4cb8-bc95-752268e296fa)] -> name: GuItemPropertyItemProvinceCode]] -> xpath: ../input[last()]]
2020/07/14 09:52:29:776 DEBUG com.sinosoft.test.base.TestBase:76 - Trying to find Element By : By.name: GuItemPropertyItemProvinceCode
2020/07/14 09:52:29:952 DEBUG com.sinosoft.test.base.TestBase:80 - Found Element By : By.name: GuItemPropertyItemProvinceCode
2020/07/14 09:52:29:952 DEBUG com.sinosoft.test.base.TestBase:87 - SetCodeEditBox:设置完毕[[InternetExplorerDriver: internet explorer on WINDOWS (60887b1b-566a-4cb8-bc95-752268e296fa)] -> name: GuItemPropertyItemProvinceCode],设置值 Code=130000
2020/07/14 09:52:29:953 DEBUG com.sinosoft.test.base.TestBase:76 - Trying to find Element By : By.name: GuItemPropertyItemCityCode
2020/07/14 09:52:30:053 DEBUG com.sinosoft.test.base.TestBase:80 - Found Element By : By.name: GuItemPropertyItemCityCode
2020/07/14 09:52:30:098 DEBUG com.sinosoft.test.base.TestBase:76 - Trying to find Element By : By.name: GuItemPropertyItemCityCode
2020/07/14 09:52:30:225 DEBUG com.sinosoft.test.base.TestBase:80 - Found Element By : By.name: GuItemPropertyItemCityCode
2020/07/14 09:52:30:225 DEBUG com.sinosoft.test.base.TestBase:63 - SetCodeEditBox:开始设置:[[InternetExplorerDriver: internet explorer on WINDOWS (60887b1b-566a-4cb8-bc95-752268e296fa)] -> name: GuItemPropertyItemCityCode] & Code=130300
2020/07/14 09:52:30:225 DEBUG com.sinosoft.test.base.TestBase:76 - Trying to find Element By : By.name: GuItemPropertyItemCityCode
2020/07/14 09:52:30:334 DEBUG com.sinosoft.test.base.TestBase:80 - Found Element By : By.name: GuItemPropertyItemCityCode
2020/07/14 09:52:30:725 DEBUG com.sinosoft.test.base.TestBase:76 - Trying to find Element By : By.name: GuItemPropertyItemCityCode
2020/07/14 09:52:30:806 DEBUG com.sinosoft.test.base.TestBase:80 - Found Element By : By.name: GuItemPropertyItemCityCode
2020/07/14 09:52:31:673 DEBUG com.sinosoft.test.base.TestBase:76 - Trying to find Element By : By.name: GuItemPropertyItemCityCode
2020/07/14 09:52:31:796 DEBUG com.sinosoft.test.base.TestBase:80 - Found Element By : By.name: GuItemPropertyItemCityCode
2020/07/14 09:52:31:797 DEBUG com.sinosoft.test.base.TestBase:76 - Trying to find Element By : By.xpath: ../input[last()]
2020/07/14 09:52:31:896 DEBUG com.sinosoft.test.base.TestBase:80 - Found Element By : By.xpath: ../input[last()]
2020/07/14 09:52:32:081  INFO com.sinosoft.test.base.TestBase:71 - SetCodeEditBox:找到了Code对应的文本显示框并点击触发显示:GuItemPropertyItemCityCName
2020/07/14 09:52:32:081 DEBUG com.sinosoft.test.base.TestBase:42 - Trying to click on: [[[[InternetExplorerDriver: internet explorer on WINDOWS (60887b1b-566a-4cb8-bc95-752268e296fa)] -> name: GuItemPropertyItemCityCode]] -> xpath: ../input[last()]]
2020/07/14 09:52:33:428 DEBUG com.sinosoft.test.base.TestBase:46 - Clicked on: [[[[InternetExplorerDriver: internet explorer on WINDOWS (60887b1b-566a-4cb8-bc95-752268e296fa)] -> name: GuItemPropertyItemCityCode]] -> xpath: ../input[last()]]
2020/07/14 09:52:33:629 DEBUG com.sinosoft.test.base.TestBase:76 - Trying to find Element By : By.name: GuItemPropertyItemCityCode
2020/07/14 09:52:33:851 DEBUG com.sinosoft.test.base.TestBase:80 - Found Element By : By.name: GuItemPropertyItemCityCode
2020/07/14 09:52:33:852 DEBUG com.sinosoft.test.base.TestBase:87 - SetCodeEditBox:设置完毕[[InternetExplorerDriver: internet explorer on WINDOWS (60887b1b-566a-4cb8-bc95-752268e296fa)] -> name: GuItemPropertyItemCityCode],设置值 Code=130300
2020/07/14 09:52:33:852 DEBUG com.sinosoft.test.base.TestBase:76 - Trying to find Element By : By.name: GuItemPropertyItemPostalCode
2020/07/14 09:52:34:094 DEBUG com.sinosoft.test.base.TestBase:80 - Found Element By : By.name: GuItemPropertyItemPostalCode
2020/07/14 09:52:34:095  INFO com.sinosoft.test.base.TestBase:360 - setEditboxValue:[[InternetExplorerDriver: internet explorer on WINDOWS (60887b1b-566a-4cb8-bc95-752268e296fa)] -> name: GuItemPropertyItemPostalCode]：065201
2020/07/14 09:52:34:096 DEBUG com.sinosoft.test.base.TestBase:76 - Trying to find Element By : By.name: GuItemPropertyItemPostalCode
2020/07/14 09:52:34:249 DEBUG com.sinosoft.test.base.TestBase:80 - Found Element By : By.name: GuItemPropertyItemPostalCode
2020/07/14 09:52:34:633 DEBUG com.sinosoft.test.base.TestBase:76 - Trying to find Element By : By.name: GuItemPropertyItemPostalCode
2020/07/14 09:52:34:737 DEBUG com.sinosoft.test.base.TestBase:80 - Found Element By : By.name: GuItemPropertyItemPostalCode
2020/07/14 09:52:35:385 DEBUG com.sinosoft.test.base.TestBase:76 - Trying to find Element By : By.name: GuItemPropertyItemPostalCode
2020/07/14 09:52:35:488 DEBUG com.sinosoft.test.base.TestBase:80 - Found Element By : By.name: GuItemPropertyItemPostalCode
2020/07/14 09:52:35:489  INFO com.sinosoft.test.base.TestBase:363 - setEditboxValue—End:[[InternetExplorerDriver: internet explorer on WINDOWS (60887b1b-566a-4cb8-bc95-752268e296fa)] -> name: GuItemPropertyItemPostalCode]：065201
2020/07/14 09:52:35:489 DEBUG com.sinosoft.test.base.TestBase:76 - Trying to find Element By : By.xpath: //table[@id='itemDynamic']/tbody/tr/td/input[@name='GuItemDynamicFieldAP']
2020/07/14 09:52:35:578 DEBUG com.sinosoft.test.base.TestBase:80 - Found Element By : By.xpath: //table[@id='itemDynamic']/tbody/tr/td/input[@name='GuItemDynamicFieldAP']
2020/07/14 09:52:35:579  INFO com.sinosoft.test.base.TestBase:360 - setEditboxValue:[[InternetExplorerDriver: internet explorer on WINDOWS (60887b1b-566a-4cb8-bc95-752268e296fa)] -> xpath: //table[@id='itemDynamic']/tbody/tr/td/input[@name='GuItemDynamicFieldAP']]：大型联合收割机
2020/07/14 09:52:35:580 DEBUG com.sinosoft.test.base.TestBase:76 - Trying to find Element By : By.xpath: //table[@id='itemDynamic']/tbody/tr/td/input[@name='GuItemDynamicFieldAP']
2020/07/14 09:52:35:698 DEBUG com.sinosoft.test.base.TestBase:80 - Found Element By : By.xpath: //table[@id='itemDynamic']/tbody/tr/td/input[@name='GuItemDynamicFieldAP']
2020/07/14 09:52:36:081 DEBUG com.sinosoft.test.base.TestBase:76 - Trying to find Element By : By.xpath: //table[@id='itemDynamic']/tbody/tr/td/input[@name='GuItemDynamicFieldAP']
2020/07/14 09:52:36:164 DEBUG com.sinosoft.test.base.TestBase:80 - Found Element By : By.xpath: //table[@id='itemDynamic']/tbody/tr/td/input[@name='GuItemDynamicFieldAP']
2020/07/14 09:52:36:813 DEBUG com.sinosoft.test.base.TestBase:76 - Trying to find Element By : By.xpath: //table[@id='itemDynamic']/tbody/tr/td/input[@name='GuItemDynamicFieldAP']
2020/07/14 09:52:36:956 DEBUG com.sinosoft.test.base.TestBase:80 - Found Element By : By.xpath: //table[@id='itemDynamic']/tbody/tr/td/input[@name='GuItemDynamicFieldAP']
2020/07/14 09:52:36:957  INFO com.sinosoft.test.base.TestBase:363 - setEditboxValue—End:[[InternetExplorerDriver: internet explorer on WINDOWS (60887b1b-566a-4cb8-bc95-752268e296fa)] -> xpath: //table[@id='itemDynamic']/tbody/tr/td/input[@name='GuItemDynamicFieldAP']]：大型联合收割机
2020/07/14 09:52:36:958 DEBUG com.sinosoft.test.base.TestBase:76 - Trying to find Element By : By.xpath: //table[@id='itemDynamic']/tbody/tr/td/input[@name='GuItemDynamicFieldAB']
2020/07/14 09:52:37:042 DEBUG com.sinosoft.test.base.TestBase:80 - Found Element By : By.xpath: //table[@id='itemDynamic']/tbody/tr/td/input[@name='GuItemDynamicFieldAB']
2020/07/14 09:52:37:043  INFO com.sinosoft.test.base.TestBase:360 - setEditboxValue:[[InternetExplorerDriver: internet explorer on WINDOWS (60887b1b-566a-4cb8-bc95-752268e296fa)] -> xpath: //table[@id='itemDynamic']/tbody/tr/td/input[@name='GuItemDynamicFieldAB']]：V1239876895
2020/07/14 09:52:37:043 DEBUG com.sinosoft.test.base.TestBase:76 - Trying to find Element By : By.xpath: //table[@id='itemDynamic']/tbody/tr/td/input[@name='GuItemDynamicFieldAB']
2020/07/14 09:52:37:118 DEBUG com.sinosoft.test.base.TestBase:80 - Found Element By : By.xpath: //table[@id='itemDynamic']/tbody/tr/td/input[@name='GuItemDynamicFieldAB']
2020/07/14 09:52:37:466 DEBUG com.sinosoft.test.base.TestBase:76 - Trying to find Element By : By.xpath: //table[@id='itemDynamic']/tbody/tr/td/input[@name='GuItemDynamicFieldAB']
2020/07/14 09:52:37:560 DEBUG com.sinosoft.test.base.TestBase:80 - Found Element By : By.xpath: //table[@id='itemDynamic']/tbody/tr/td/input[@name='GuItemDynamicFieldAB']
2020/07/14 09:52:38:214 DEBUG com.sinosoft.test.base.TestBase:76 - Trying to find Element By : By.xpath: //table[@id='itemDynamic']/tbody/tr/td/input[@name='GuItemDynamicFieldAB']
2020/07/14 09:52:38:367 DEBUG com.sinosoft.test.base.TestBase:80 - Found Element By : By.xpath: //table[@id='itemDynamic']/tbody/tr/td/input[@name='GuItemDynamicFieldAB']
2020/07/14 09:52:38:368  INFO com.sinosoft.test.base.TestBase:363 - setEditboxValue—End:[[InternetExplorerDriver: internet explorer on WINDOWS (60887b1b-566a-4cb8-bc95-752268e296fa)] -> xpath: //table[@id='itemDynamic']/tbody/tr/td/input[@name='GuItemDynamicFieldAB']]：V1239876895
2020/07/14 09:52:38:368 DEBUG com.sinosoft.test.base.TestBase:76 - Trying to find Element By : By.xpath: //table[@id='itemDynamic']/tbody/tr/td/input[@name='GuItemDynamicFieldAC']
2020/07/14 09:52:38:459 DEBUG com.sinosoft.test.base.TestBase:80 - Found Element By : By.xpath: //table[@id='itemDynamic']/tbody/tr/td/input[@name='GuItemDynamicFieldAC']
2020/07/14 09:52:38:459  INFO com.sinosoft.test.base.TestBase:360 - setEditboxValue:[[InternetExplorerDriver: internet explorer on WINDOWS (60887b1b-566a-4cb8-bc95-752268e296fa)] -> xpath: //table[@id='itemDynamic']/tbody/tr/td/input[@name='GuItemDynamicFieldAC']]：E00239988
2020/07/14 09:52:38:459 DEBUG com.sinosoft.test.base.TestBase:76 - Trying to find Element By : By.xpath: //table[@id='itemDynamic']/tbody/tr/td/input[@name='GuItemDynamicFieldAC']
2020/07/14 09:52:38:527 DEBUG com.sinosoft.test.base.TestBase:80 - Found Element By : By.xpath: //table[@id='itemDynamic']/tbody/tr/td/input[@name='GuItemDynamicFieldAC']
2020/07/14 09:52:38:925 DEBUG com.sinosoft.test.base.TestBase:76 - Trying to find Element By : By.xpath: //table[@id='itemDynamic']/tbody/tr/td/input[@name='GuItemDynamicFieldAC']
2020/07/14 09:52:39:008 DEBUG com.sinosoft.test.base.TestBase:80 - Found Element By : By.xpath: //table[@id='itemDynamic']/tbody/tr/td/input[@name='GuItemDynamicFieldAC']
2020/07/14 09:52:39:657 DEBUG com.sinosoft.test.base.TestBase:76 - Trying to find Element By : By.xpath: //table[@id='itemDynamic']/tbody/tr/td/input[@name='GuItemDynamicFieldAC']
2020/07/14 09:52:39:798 DEBUG com.sinosoft.test.base.TestBase:80 - Found Element By : By.xpath: //table[@id='itemDynamic']/tbody/tr/td/input[@name='GuItemDynamicFieldAC']
2020/07/14 09:52:39:799  INFO com.sinosoft.test.base.TestBase:363 - setEditboxValue—End:[[InternetExplorerDriver: internet explorer on WINDOWS (60887b1b-566a-4cb8-bc95-752268e296fa)] -> xpath: //table[@id='itemDynamic']/tbody/tr/td/input[@name='GuItemDynamicFieldAC']]：E00239988
2020/07/14 09:52:39:799 DEBUG com.sinosoft.test.base.TestBase:76 - Trying to find Element By : By.xpath: //table[@id='itemDynamic']/tbody/tr/td/input[@fieldShowDesc='初次登记日期']
2020/07/14 09:52:39:890 DEBUG com.sinosoft.test.base.TestBase:80 - Found Element By : By.xpath: //table[@id='itemDynamic']/tbody/tr/td/input[@fieldShowDesc='初次登记日期']
2020/07/14 09:52:39:891  INFO com.sinosoft.test.base.TestBase:360 - setEditboxValue:[[InternetExplorerDriver: internet explorer on WINDOWS (60887b1b-566a-4cb8-bc95-752268e296fa)] -> xpath: //table[@id='itemDynamic']/tbody/tr/td/input[@fieldShowDesc='初次登记日期']]：20150101
2020/07/14 09:52:39:891 DEBUG com.sinosoft.test.base.TestBase:76 - Trying to find Element By : By.xpath: //table[@id='itemDynamic']/tbody/tr/td/input[@fieldShowDesc='初次登记日期']
2020/07/14 09:52:39:972 DEBUG com.sinosoft.test.base.TestBase:80 - Found Element By : By.xpath: //table[@id='itemDynamic']/tbody/tr/td/input[@fieldShowDesc='初次登记日期']
2020/07/14 09:52:40:345 DEBUG com.sinosoft.test.base.TestBase:76 - Trying to find Element By : By.xpath: //table[@id='itemDynamic']/tbody/tr/td/input[@fieldShowDesc='初次登记日期']
2020/07/14 09:52:40:474 DEBUG com.sinosoft.test.base.TestBase:80 - Found Element By : By.xpath: //table[@id='itemDynamic']/tbody/tr/td/input[@fieldShowDesc='初次登记日期']
2020/07/14 09:52:41:174 DEBUG com.sinosoft.test.base.TestBase:76 - Trying to find Element By : By.xpath: //table[@id='itemDynamic']/tbody/tr/td/input[@fieldShowDesc='初次登记日期']
2020/07/14 09:52:41:315 DEBUG com.sinosoft.test.base.TestBase:80 - Found Element By : By.xpath: //table[@id='itemDynamic']/tbody/tr/td/input[@fieldShowDesc='初次登记日期']
2020/07/14 09:52:41:315  INFO com.sinosoft.test.base.TestBase:363 - setEditboxValue—End:[[InternetExplorerDriver: internet explorer on WINDOWS (60887b1b-566a-4cb8-bc95-752268e296fa)] -> xpath: //table[@id='itemDynamic']/tbody/tr/td/input[@fieldShowDesc='初次登记日期']]：20150101
2020/07/14 09:52:41:315 DEBUG com.sinosoft.test.base.TestBase:76 - Trying to find Element By : By.xpath: //table[@id='itemDynamic']/tbody/tr/td/input[@name='GuItemDynamicFieldAE']
2020/07/14 09:52:41:398 DEBUG com.sinosoft.test.base.TestBase:80 - Found Element By : By.xpath: //table[@id='itemDynamic']/tbody/tr/td/input[@name='GuItemDynamicFieldAE']
2020/07/14 09:52:41:398  INFO com.sinosoft.test.base.TestBase:360 - setEditboxValue:[[InternetExplorerDriver: internet explorer on WINDOWS (60887b1b-566a-4cb8-bc95-752268e296fa)] -> xpath: //table[@id='itemDynamic']/tbody/tr/td/input[@name='GuItemDynamicFieldAE']]：车辆类型
2020/07/14 09:52:41:398 DEBUG com.sinosoft.test.base.TestBase:76 - Trying to find Element By : By.xpath: //table[@id='itemDynamic']/tbody/tr/td/input[@name='GuItemDynamicFieldAE']
2020/07/14 09:52:41:490 DEBUG com.sinosoft.test.base.TestBase:80 - Found Element By : By.xpath: //table[@id='itemDynamic']/tbody/tr/td/input[@name='GuItemDynamicFieldAE']
2020/07/14 09:52:41:892 DEBUG com.sinosoft.test.base.TestBase:76 - Trying to find Element By : By.xpath: //table[@id='itemDynamic']/tbody/tr/td/input[@name='GuItemDynamicFieldAE']
2020/07/14 09:52:42:006 DEBUG com.sinosoft.test.base.TestBase:80 - Found Element By : By.xpath: //table[@id='itemDynamic']/tbody/tr/td/input[@name='GuItemDynamicFieldAE']
2020/07/14 09:52:42:642 DEBUG com.sinosoft.test.base.TestBase:76 - Trying to find Element By : By.xpath: //table[@id='itemDynamic']/tbody/tr/td/input[@name='GuItemDynamicFieldAE']
2020/07/14 09:52:42:792 DEBUG com.sinosoft.test.base.TestBase:80 - Found Element By : By.xpath: //table[@id='itemDynamic']/tbody/tr/td/input[@name='GuItemDynamicFieldAE']
2020/07/14 09:52:42:793  INFO com.sinosoft.test.base.TestBase:363 - setEditboxValue—End:[[InternetExplorerDriver: internet explorer on WINDOWS (60887b1b-566a-4cb8-bc95-752268e296fa)] -> xpath: //table[@id='itemDynamic']/tbody/tr/td/input[@name='GuItemDynamicFieldAE']]：车辆类型
2020/07/14 09:52:42:794 DEBUG com.sinosoft.test.base.TestBase:76 - Trying to find Element By : By.xpath: //table[@id='itemDynamic']/tbody/tr/td/input[@name='GuItemDynamicFieldAF']
2020/07/14 09:52:42:993 DEBUG com.sinosoft.test.base.TestBase:80 - Found Element By : By.xpath: //table[@id='itemDynamic']/tbody/tr/td/input[@name='GuItemDynamicFieldAF']
2020/07/14 09:52:42:994  INFO com.sinosoft.test.base.TestBase:360 - setEditboxValue:[[InternetExplorerDriver: internet explorer on WINDOWS (60887b1b-566a-4cb8-bc95-752268e296fa)] -> xpath: //table[@id='itemDynamic']/tbody/tr/td/input[@name='GuItemDynamicFieldAF']]：厂牌车型
2020/07/14 09:52:42:995 DEBUG com.sinosoft.test.base.TestBase:76 - Trying to find Element By : By.xpath: //table[@id='itemDynamic']/tbody/tr/td/input[@name='GuItemDynamicFieldAF']
2020/07/14 09:52:43:132 DEBUG com.sinosoft.test.base.TestBase:80 - Found Element By : By.xpath: //table[@id='itemDynamic']/tbody/tr/td/input[@name='GuItemDynamicFieldAF']
2020/07/14 09:52:43:575 DEBUG com.sinosoft.test.base.TestBase:76 - Trying to find Element By : By.xpath: //table[@id='itemDynamic']/tbody/tr/td/input[@name='GuItemDynamicFieldAF']
2020/07/14 09:52:43:670 DEBUG com.sinosoft.test.base.TestBase:80 - Found Element By : By.xpath: //table[@id='itemDynamic']/tbody/tr/td/input[@name='GuItemDynamicFieldAF']
2020/07/14 09:52:44:294 DEBUG com.sinosoft.test.base.TestBase:76 - Trying to find Element By : By.xpath: //table[@id='itemDynamic']/tbody/tr/td/input[@name='GuItemDynamicFieldAF']
2020/07/14 09:52:44:388 DEBUG com.sinosoft.test.base.TestBase:80 - Found Element By : By.xpath: //table[@id='itemDynamic']/tbody/tr/td/input[@name='GuItemDynamicFieldAF']
2020/07/14 09:52:44:388  INFO com.sinosoft.test.base.TestBase:363 - setEditboxValue—End:[[InternetExplorerDriver: internet explorer on WINDOWS (60887b1b-566a-4cb8-bc95-752268e296fa)] -> xpath: //table[@id='itemDynamic']/tbody/tr/td/input[@name='GuItemDynamicFieldAF']]：厂牌车型
2020/07/14 09:52:44:389 DEBUG com.sinosoft.test.base.TestBase:76 - Trying to find Element By : By.xpath: //table[@id='itemDynamic']/tbody/tr/td/input[@name='GuItemDynamicFieldAG']
2020/07/14 09:52:44:494 DEBUG com.sinosoft.test.base.TestBase:80 - Found Element By : By.xpath: //table[@id='itemDynamic']/tbody/tr/td/input[@name='GuItemDynamicFieldAG']
2020/07/14 09:52:44:494  INFO com.sinosoft.test.base.TestBase:360 - setEditboxValue:[[InternetExplorerDriver: internet explorer on WINDOWS (60887b1b-566a-4cb8-bc95-752268e296fa)] -> xpath: //table[@id='itemDynamic']/tbody/tr/td/input[@name='GuItemDynamicFieldAG']]：东方红
2020/07/14 09:52:44:495 DEBUG com.sinosoft.test.base.TestBase:76 - Trying to find Element By : By.xpath: //table[@id='itemDynamic']/tbody/tr/td/input[@name='GuItemDynamicFieldAG']
2020/07/14 09:52:44:636 DEBUG com.sinosoft.test.base.TestBase:80 - Found Element By : By.xpath: //table[@id='itemDynamic']/tbody/tr/td/input[@name='GuItemDynamicFieldAG']
2020/07/14 09:52:44:997 DEBUG com.sinosoft.test.base.TestBase:76 - Trying to find Element By : By.xpath: //table[@id='itemDynamic']/tbody/tr/td/input[@name='GuItemDynamicFieldAG']
2020/07/14 09:52:45:088 DEBUG com.sinosoft.test.base.TestBase:80 - Found Element By : By.xpath: //table[@id='itemDynamic']/tbody/tr/td/input[@name='GuItemDynamicFieldAG']
2020/07/14 09:52:45:692 DEBUG com.sinosoft.test.base.TestBase:76 - Trying to find Element By : By.xpath: //table[@id='itemDynamic']/tbody/tr/td/input[@name='GuItemDynamicFieldAG']
2020/07/14 09:52:45:784 DEBUG com.sinosoft.test.base.TestBase:80 - Found Element By : By.xpath: //table[@id='itemDynamic']/tbody/tr/td/input[@name='GuItemDynamicFieldAG']
2020/07/14 09:52:45:785  INFO com.sinosoft.test.base.TestBase:363 - setEditboxValue—End:[[InternetExplorerDriver: internet explorer on WINDOWS (60887b1b-566a-4cb8-bc95-752268e296fa)] -> xpath: //table[@id='itemDynamic']/tbody/tr/td/input[@name='GuItemDynamicFieldAG']]：东方红
2020/07/14 09:52:45:785 DEBUG com.sinosoft.test.base.TestBase:76 - Trying to find Element By : By.xpath: //table[@id='itemDynamic']/tbody/tr/td/input[@name='GuItemDynamicFieldAK']
2020/07/14 09:52:45:856 DEBUG com.sinosoft.test.base.TestBase:80 - Found Element By : By.xpath: //table[@id='itemDynamic']/tbody/tr/td/input[@name='GuItemDynamicFieldAK']
2020/07/14 09:52:45:856  INFO com.sinosoft.test.base.TestBase:360 - setEditboxValue:[[InternetExplorerDriver: internet explorer on WINDOWS (60887b1b-566a-4cb8-bc95-752268e296fa)] -> xpath: //table[@id='itemDynamic']/tbody/tr/td/input[@name='GuItemDynamicFieldAK']]：2000000
2020/07/14 09:52:45:856 DEBUG com.sinosoft.test.base.TestBase:76 - Trying to find Element By : By.xpath: //table[@id='itemDynamic']/tbody/tr/td/input[@name='GuItemDynamicFieldAK']
2020/07/14 09:52:45:936 DEBUG com.sinosoft.test.base.TestBase:80 - Found Element By : By.xpath: //table[@id='itemDynamic']/tbody/tr/td/input[@name='GuItemDynamicFieldAK']
2020/07/14 09:52:46:338 DEBUG com.sinosoft.test.base.TestBase:76 - Trying to find Element By : By.xpath: //table[@id='itemDynamic']/tbody/tr/td/input[@name='GuItemDynamicFieldAK']
2020/07/14 09:52:46:418 DEBUG com.sinosoft.test.base.TestBase:80 - Found Element By : By.xpath: //table[@id='itemDynamic']/tbody/tr/td/input[@name='GuItemDynamicFieldAK']
2020/07/14 09:52:47:058 DEBUG com.sinosoft.test.base.TestBase:76 - Trying to find Element By : By.xpath: //table[@id='itemDynamic']/tbody/tr/td/input[@name='GuItemDynamicFieldAK']
2020/07/14 09:52:47:150 DEBUG com.sinosoft.test.base.TestBase:80 - Found Element By : By.xpath: //table[@id='itemDynamic']/tbody/tr/td/input[@name='GuItemDynamicFieldAK']
2020/07/14 09:52:47:152  INFO com.sinosoft.test.base.TestBase:363 - setEditboxValue—End:[[InternetExplorerDriver: internet explorer on WINDOWS (60887b1b-566a-4cb8-bc95-752268e296fa)] -> xpath: //table[@id='itemDynamic']/tbody/tr/td/input[@name='GuItemDynamicFieldAK']]：2000000
2020/07/14 09:52:47:153 DEBUG com.sinosoft.test.base.TestBase:76 - Trying to find Element By : By.xpath: //table[@id='itemDynamic']/tbody/tr/td/input[@name='GuItemDynamicFieldAM']
2020/07/14 09:52:47:244 DEBUG com.sinosoft.test.base.TestBase:80 - Found Element By : By.xpath: //table[@id='itemDynamic']/tbody/tr/td/input[@name='GuItemDynamicFieldAM']
2020/07/14 09:52:47:244  INFO com.sinosoft.test.base.TestBase:360 - setEditboxValue:[[InternetExplorerDriver: internet explorer on WINDOWS (60887b1b-566a-4cb8-bc95-752268e296fa)] -> xpath: //table[@id='itemDynamic']/tbody/tr/td/input[@name='GuItemDynamicFieldAM']]：null
2020/07/14 09:52:47:245 DEBUG com.sinosoft.test.base.TestBase:76 - Trying to find Element By : By.xpath: //table[@id='itemDynamic']/tbody/tr/td/input[@name='GuItemDynamicFieldAM']
2020/07/14 09:52:47:316 DEBUG com.sinosoft.test.base.TestBase:80 - Found Element By : By.xpath: //table[@id='itemDynamic']/tbody/tr/td/input[@name='GuItemDynamicFieldAM']
2020/07/14 09:52:47:717 DEBUG com.sinosoft.test.base.TestBase:76 - Trying to find Element By : By.xpath: //table[@id='itemDynamic']/tbody/tr/td/input[@name='GuItemDynamicFieldAM']
2020/07/14 09:52:47:809 DEBUG com.sinosoft.test.base.TestBase:80 - Found Element By : By.xpath: //table[@id='itemDynamic']/tbody/tr/td/input[@name='GuItemDynamicFieldAM']
2020/07/14 09:52:48:428 DEBUG com.sinosoft.test.base.TestBase:76 - Trying to find Element By : By.xpath: //table[@id='itemDynamic']/tbody/tr/td/input[@name='GuItemDynamicFieldAM']
2020/07/14 09:52:48:593 DEBUG com.sinosoft.test.base.TestBase:80 - Found Element By : By.xpath: //table[@id='itemDynamic']/tbody/tr/td/input[@name='GuItemDynamicFieldAM']
2020/07/14 09:52:48:593  INFO com.sinosoft.test.base.TestBase:363 - setEditboxValue—End:[[InternetExplorerDriver: internet explorer on WINDOWS (60887b1b-566a-4cb8-bc95-752268e296fa)] -> xpath: //table[@id='itemDynamic']/tbody/tr/td/input[@name='GuItemDynamicFieldAM']]：null
2020/07/14 09:52:48:594 DEBUG com.sinosoft.test.base.TestBase:232 - 开始录入险种明细信息
2020/07/14 09:52:48:594 DEBUG com.sinosoft.test.base.TestBase:76 - Trying to find Element By : By.id: ItemPropertyDetail
2020/07/14 09:52:48:724 DEBUG com.sinosoft.test.base.TestBase:80 - Found Element By : By.id: ItemPropertyDetail
2020/07/14 09:52:48:725  INFO com.sinosoft.test.base.TestBase:406 - clickElement:[[InternetExplorerDriver: internet explorer on WINDOWS (60887b1b-566a-4cb8-bc95-752268e296fa)] -> id: ItemPropertyDetail]
2020/07/14 09:52:48:725 DEBUG com.sinosoft.test.base.TestBase:76 - Trying to find Element By : By.id: ItemPropertyDetail
2020/07/14 09:52:48:851 DEBUG com.sinosoft.test.base.TestBase:80 - Found Element By : By.id: ItemPropertyDetail
2020/07/14 09:52:48:851 DEBUG com.sinosoft.test.base.TestBase:42 - Trying to click on: [[InternetExplorerDriver: internet explorer on WINDOWS (60887b1b-566a-4cb8-bc95-752268e296fa)] -> id: ItemPropertyDetail]
2020/07/14 09:52:50:642 DEBUG com.sinosoft.test.base.TestBase:46 - Clicked on: [[InternetExplorerDriver: internet explorer on WINDOWS (60887b1b-566a-4cb8-bc95-752268e296fa)] -> id: ItemPropertyDetail]
2020/07/14 09:52:50:642 DEBUG com.sinosoft.test.base.TestBase:76 - Trying to find Element By : By.id: ItemPropertyDetail
2020/07/14 09:52:50:784 DEBUG com.sinosoft.test.base.TestBase:80 - Found Element By : By.id: ItemPropertyDetail
2020/07/14 09:52:50:785 DEBUG com.sinosoft.test.base.TestBase:76 - Trying to find Element By : By.name: GuItemPropertyDetailItemDetailCode
2020/07/14 09:52:50:999 DEBUG com.sinosoft.test.base.TestBase:80 - Found Element By : By.name: GuItemPropertyDetailItemDetailCode
2020/07/14 09:52:51:001 DEBUG com.sinosoft.test.base.TestBase:76 - Trying to find Element By : By.id: ItemPropertyDetail
2020/07/14 09:52:51:107 DEBUG com.sinosoft.test.base.TestBase:80 - Found Element By : By.id: ItemPropertyDetail
2020/07/14 09:52:51:107 DEBUG com.sinosoft.test.base.TestBase:76 - Trying to find Element By : By.name: GuItemPropertyDetailItemDetailList
2020/07/14 09:52:51:214 DEBUG com.sinosoft.test.base.TestBase:80 - Found Element By : By.name: GuItemPropertyDetailItemDetailList
2020/07/14 09:52:51:253 DEBUG com.sinosoft.test.base.TestBase:42 - CodeSelect:开始设置[[[[InternetExplorerDriver: internet explorer on WINDOWS (60887b1b-566a-4cb8-bc95-752268e296fa)] -> id: ItemPropertyDetail]] -> name: GuItemPropertyDetailItemDetailCode] & Code=010007
2020/07/14 09:52:52:863 DEBUG com.sinosoft.test.base.TestBase:272 - 系统窗口【黄河财险业务系统】with handle -1987adfe-32af-4ced-bf03-abafb6132099
2020/07/14 09:52:54:046 DEBUG com.sinosoft.test.base.TestBase:272 - 系统窗口【Code Select】with handle -28c4af37-5d7e-4d81-87ca-059395e14abe
2020/07/14 09:52:54:585 DEBUG com.sinosoft.test.base.TestBase:69 - 初始化class com.sinosoft.test.fccp.common.CodeSelectPage
2020/07/14 09:52:54:587 DEBUG com.sinosoft.test.base.TestBase:39 - 基础码表选择！
2020/07/14 09:52:54:587 DEBUG com.sinosoft.test.base.TestBase:76 - Trying to find Element By : By.name: fieldValue
2020/07/14 09:52:54:921 DEBUG com.sinosoft.test.base.TestBase:80 - Found Element By : By.name: fieldValue
2020/07/14 09:52:54:922  INFO com.sinosoft.test.base.TestBase:360 - setEditboxValue:[[InternetExplorerDriver: internet explorer on WINDOWS (60887b1b-566a-4cb8-bc95-752268e296fa)] -> name: fieldValue]：010007
2020/07/14 09:52:56:395  INFO com.sinosoft.test.base.TestBase:363 - setEditboxValue—End:[[InternetExplorerDriver: internet explorer on WINDOWS (60887b1b-566a-4cb8-bc95-752268e296fa)] -> name: fieldValue]：010007
2020/07/14 09:52:56:395 DEBUG com.sinosoft.test.base.TestBase:76 - Trying to find Element By : By.xpath: //input[@value='查询(Q)']
2020/07/14 09:52:56:709 DEBUG com.sinosoft.test.base.TestBase:80 - Found Element By : By.xpath: //input[@value='查询(Q)']
2020/07/14 09:52:56:710  INFO com.sinosoft.test.base.TestBase:402 - clickButton:[[InternetExplorerDriver: internet explorer on WINDOWS (60887b1b-566a-4cb8-bc95-752268e296fa)] -> xpath: //input[@value='查询(Q)']]
2020/07/14 09:52:56:710 DEBUG com.sinosoft.test.base.TestBase:42 - Trying to click on: [[InternetExplorerDriver: internet explorer on WINDOWS (60887b1b-566a-4cb8-bc95-752268e296fa)] -> xpath: //input[@value='查询(Q)']]
2020/07/14 09:52:58:345 DEBUG com.sinosoft.test.base.TestBase:46 - Clicked on: [[InternetExplorerDriver: internet explorer on WINDOWS (60887b1b-566a-4cb8-bc95-752268e296fa)] -> xpath: //input[@value='查询(Q)']]
2020/07/14 09:52:58:346 DEBUG com.sinosoft.test.base.TestBase:76 - Trying to find Element By : By.name: codeselect
2020/07/14 09:52:58:654 DEBUG com.sinosoft.test.base.TestBase:80 - Found Element By : By.name: codeselect
2020/07/14 09:52:58:656  INFO com.sinosoft.test.base.TestBase:132 - setFuzzySelect:[[InternetExplorerDriver: internet explorer on WINDOWS (60887b1b-566a-4cb8-bc95-752268e296fa)] -> name: codeselect]->010007
2020/07/14 09:52:59:225 DEBUG com.sinosoft.test.base.TestBase:76 - Trying to find Element By : By.tagName: option
2020/07/14 09:53:01:565 DEBUG com.sinosoft.test.base.TestBase:80 - Found Element By : By.tagName: option
2020/07/14 09:53:01:565 ERROR com.sinosoft.test.base.TestBase:149 - 没有找到以【010007】为起始的选项！
2020/07/14 09:53:01:565 DEBUG com.sinosoft.test.base.TestBase:151 - setFuzzySelect 结束！
2020/07/14 09:53:01:566 DEBUG com.sinosoft.test.base.TestBase:76 - Trying to find Element By : By.name: SelectIt
2020/07/14 09:53:01:862 DEBUG com.sinosoft.test.base.TestBase:80 - Found Element By : By.name: SelectIt
2020/07/14 09:53:01:862  INFO com.sinosoft.test.base.TestBase:416 - jsClickButton:[[InternetExplorerDriver: internet explorer on WINDOWS (60887b1b-566a-4cb8-bc95-752268e296fa)] -> name: SelectIt]
2020/07/14 09:53:01:863  INFO com.sinosoft.test.base.TestBase:144 - RunJavaScript:[[InternetExplorerDriver: internet explorer on WINDOWS (60887b1b-566a-4cb8-bc95-752268e296fa)] -> name: SelectIt]	arguments[0].click();
2020/07/14 09:53:03:032 DEBUG com.sinosoft.test.base.TestBase:272 - 系统窗口【Code Select】with handle -28c4af37-5d7e-4d81-87ca-059395e14abe
2020/07/14 09:53:03:456 DEBUG com.sinosoft.test.base.TestBase:272 - 系统窗口【黄河财险业务系统】with handle -1987adfe-32af-4ced-bf03-abafb6132099
2020/07/14 09:53:08:843 DEBUG com.sinosoft.test.base.TestBase:49 - CodeSelect:设置完毕[[[[InternetExplorerDriver: internet explorer on WINDOWS (60887b1b-566a-4cb8-bc95-752268e296fa)] -> id: ItemPropertyDetail]] -> name: GuItemPropertyDetailItemDetailCode] & Code=010007
2020/07/14 09:53:08:844 DEBUG com.sinosoft.test.base.TestBase:76 - Trying to find Element By : By.id: ItemPropertyDetail
2020/07/14 09:53:09:275 DEBUG com.sinosoft.test.base.TestBase:80 - Found Element By : By.id: ItemPropertyDetail
2020/07/14 09:53:09:277 DEBUG com.sinosoft.test.base.TestBase:76 - Trying to find Element By : By.name: GuItemKindKindCode
2020/07/14 09:53:09:404 DEBUG com.sinosoft.test.base.TestBase:80 - Found Element By : By.name: GuItemKindKindCode
2020/07/14 09:53:09:476 DEBUG com.sinosoft.test.base.TestBase:42 - CodeSelect:开始设置[[[[InternetExplorerDriver: internet explorer on WINDOWS (60887b1b-566a-4cb8-bc95-752268e296fa)] -> id: ItemPropertyDetail]] -> name: GuItemKindKindCode] & Code=0107001
2020/07/14 09:53:11:837 DEBUG com.sinosoft.test.base.TestBase:272 - 系统窗口【黄河财险业务系统】with handle -1987adfe-32af-4ced-bf03-abafb6132099
2020/07/14 09:53:13:012 DEBUG com.sinosoft.test.base.TestBase:272 - 系统窗口【Code Select】with handle -9c188100-7c55-4745-a89b-9855040c9768
2020/07/14 09:53:13:537 DEBUG com.sinosoft.test.base.TestBase:69 - 初始化class com.sinosoft.test.fccp.common.CodeSelectPage
2020/07/14 09:53:13:539 DEBUG com.sinosoft.test.base.TestBase:39 - 基础码表选择！
2020/07/14 09:53:13:539 DEBUG com.sinosoft.test.base.TestBase:76 - Trying to find Element By : By.name: fieldValue
2020/07/14 09:53:13:841 DEBUG com.sinosoft.test.base.TestBase:80 - Found Element By : By.name: fieldValue
2020/07/14 09:53:13:843  INFO com.sinosoft.test.base.TestBase:360 - setEditboxValue:[[InternetExplorerDriver: internet explorer on WINDOWS (60887b1b-566a-4cb8-bc95-752268e296fa)] -> name: fieldValue]：0107001
2020/07/14 09:53:15:418  INFO com.sinosoft.test.base.TestBase:363 - setEditboxValue—End:[[InternetExplorerDriver: internet explorer on WINDOWS (60887b1b-566a-4cb8-bc95-752268e296fa)] -> name: fieldValue]：0107001
2020/07/14 09:53:15:419 DEBUG com.sinosoft.test.base.TestBase:76 - Trying to find Element By : By.xpath: //input[@value='查询(Q)']
2020/07/14 09:53:15:823 DEBUG com.sinosoft.test.base.TestBase:80 - Found Element By : By.xpath: //input[@value='查询(Q)']
2020/07/14 09:53:15:824  INFO com.sinosoft.test.base.TestBase:402 - clickButton:[[InternetExplorerDriver: internet explorer on WINDOWS (60887b1b-566a-4cb8-bc95-752268e296fa)] -> xpath: //input[@value='查询(Q)']]
2020/07/14 09:53:15:825 DEBUG com.sinosoft.test.base.TestBase:42 - Trying to click on: [[InternetExplorerDriver: internet explorer on WINDOWS (60887b1b-566a-4cb8-bc95-752268e296fa)] -> xpath: //input[@value='查询(Q)']]
2020/07/14 09:53:17:595 DEBUG com.sinosoft.test.base.TestBase:46 - Clicked on: [[InternetExplorerDriver: internet explorer on WINDOWS (60887b1b-566a-4cb8-bc95-752268e296fa)] -> xpath: //input[@value='查询(Q)']]
2020/07/14 09:53:17:595 DEBUG com.sinosoft.test.base.TestBase:76 - Trying to find Element By : By.name: codeselect
2020/07/14 09:53:17:892 DEBUG com.sinosoft.test.base.TestBase:80 - Found Element By : By.name: codeselect
2020/07/14 09:53:17:892  INFO com.sinosoft.test.base.TestBase:132 - setFuzzySelect:[[InternetExplorerDriver: internet explorer on WINDOWS (60887b1b-566a-4cb8-bc95-752268e296fa)] -> name: codeselect]->0107001
2020/07/14 09:53:18:464 DEBUG com.sinosoft.test.base.TestBase:76 - Trying to find Element By : By.tagName: option
2020/07/14 09:53:20:855 DEBUG com.sinosoft.test.base.TestBase:80 - Found Element By : By.tagName: option
2020/07/14 09:53:20:856 ERROR com.sinosoft.test.base.TestBase:149 - 没有找到以【0107001】为起始的选项！
2020/07/14 09:53:20:856 DEBUG com.sinosoft.test.base.TestBase:151 - setFuzzySelect 结束！
2020/07/14 09:53:20:857 DEBUG com.sinosoft.test.base.TestBase:76 - Trying to find Element By : By.name: SelectIt
2020/07/14 09:53:21:188 DEBUG com.sinosoft.test.base.TestBase:80 - Found Element By : By.name: SelectIt
2020/07/14 09:53:21:189  INFO com.sinosoft.test.base.TestBase:416 - jsClickButton:[[InternetExplorerDriver: internet explorer on WINDOWS (60887b1b-566a-4cb8-bc95-752268e296fa)] -> name: SelectIt]
2020/07/14 09:53:21:190  INFO com.sinosoft.test.base.TestBase:144 - RunJavaScript:[[InternetExplorerDriver: internet explorer on WINDOWS (60887b1b-566a-4cb8-bc95-752268e296fa)] -> name: SelectIt]	arguments[0].click();
2020/07/14 09:53:22:411 DEBUG com.sinosoft.test.base.TestBase:272 - 系统窗口【Code Select】with handle -9c188100-7c55-4745-a89b-9855040c9768
2020/07/14 09:53:22:834 DEBUG com.sinosoft.test.base.TestBase:272 - 系统窗口【黄河财险业务系统】with handle -1987adfe-32af-4ced-bf03-abafb6132099
2020/07/14 09:53:27:945 DEBUG com.sinosoft.test.base.TestBase:49 - CodeSelect:设置完毕[[[[InternetExplorerDriver: internet explorer on WINDOWS (60887b1b-566a-4cb8-bc95-752268e296fa)] -> id: ItemPropertyDetail]] -> name: GuItemKindKindCode] & Code=0107001
2020/07/14 09:53:27:950 DEBUG com.sinosoft.test.base.TestBase:76 - Trying to find Element By : By.id: ItemPropertyDetail
2020/07/14 09:53:28:165 DEBUG com.sinosoft.test.base.TestBase:80 - Found Element By : By.id: ItemPropertyDetail
2020/07/14 09:53:28:170 DEBUG com.sinosoft.test.base.TestBase:76 - Trying to find Element By : By.name: GuItemKindCalculateInd
2020/07/14 09:53:28:377 DEBUG com.sinosoft.test.base.TestBase:80 - Found Element By : By.name: GuItemKindCalculateInd
2020/07/14 09:53:28:483 DEBUG com.sinosoft.test.base.TestBase:42 - CodeSelect:开始设置[[[[InternetExplorerDriver: internet explorer on WINDOWS (60887b1b-566a-4cb8-bc95-752268e296fa)] -> id: ItemPropertyDetail]] -> name: GuItemKindCalculateInd] & Code=1
2020/07/14 09:53:30:549 DEBUG com.sinosoft.test.base.TestBase:272 - 系统窗口【黄河财险业务系统】with handle -1987adfe-32af-4ced-bf03-abafb6132099
2020/07/14 09:53:31:756 DEBUG com.sinosoft.test.base.TestBase:272 - 系统窗口【Code Select】with handle -48c1072c-1706-4e17-bdd8-4a6a49efeab3
2020/07/14 09:53:32:333 DEBUG com.sinosoft.test.base.TestBase:66 - 系统自动捕获异常：Exception occured: org.openqa.selenium.NoSuchWindowException: Window is closed
Build info: version: '3.9.0', revision: '698b3178f0', time: '2018-02-05T14:26:55.441Z'
System info: host: 'DESKTOP-I9S3ABE', ip: '100.100.96.220', os.name: 'Windows 10', os.arch: 'amd64', os.version: '10.0', java.version: '1.8.0_101'
Driver info: org.openqa.selenium.ie.InternetExplorerDriver
Capabilities {acceptInsecureCerts: false, browserName: internet explorer, browserVersion: 11, javascriptEnabled: true, pageLoadStrategy: normal, platform: WINDOWS, platformName: WINDOWS, proxy: Proxy(), se:ieOptions: {browserAttachTimeout: 0, elementScrollBehavior: 0, enablePersistentHover: true, ie.browserCommandLineSwitches: , ie.ensureCleanSession: false, ie.fileUploadDialogTimeout: 3000, ie.forceCreateProcessApi: false, ignoreProtectedModeSettings: true, ignoreZoomSetting: false, initialBrowserUrl: http://localhost:22609/, nativeEvents: true, requireWindowFocus: false}, setWindowRect: true, timeouts: {implicit: 0, pageLoad: 300000, script: 30000}, unhandledPromptBehavior: ignore}
Session ID: 60887b1b-566a-4cb8-bc95-752268e296fa
2020/07/14 09:53:32:334  INFO com.sinosoft.test.base.TestBase:68 - 异常的message 是：Window is closed
Build info: version: '3.9.0', revision: '698b3178f0', time: '2018-02-05T14:26:55.441Z'
System info: host: 'DESKTOP-I9S3ABE', ip: '100.100.96.220', os.name: 'Windows 10', os.arch: 'amd64', os.version: '10.0', java.version: '1.8.0_101'
Driver info: org.openqa.selenium.ie.InternetExplorerDriver
Capabilities {acceptInsecureCerts: false, browserName: internet explorer, browserVersion: 11, javascriptEnabled: true, pageLoadStrategy: normal, platform: WINDOWS, platformName: WINDOWS, proxy: Proxy(), se:ieOptions: {browserAttachTimeout: 0, elementScrollBehavior: 0, enablePersistentHover: true, ie.browserCommandLineSwitches: , ie.ensureCleanSession: false, ie.fileUploadDialogTimeout: 3000, ie.forceCreateProcessApi: false, ignoreProtectedModeSettings: true, ignoreZoomSetting: false, initialBrowserUrl: http://localhost:22609/, nativeEvents: true, requireWindowFocus: false}, setWindowRect: true, timeouts: {implicit: 0, pageLoad: 300000, script: 30000}, unhandledPromptBehavior: ignore}
Session ID: 60887b1b-566a-4cb8-bc95-752268e296fa
2020/07/14 09:53:33:170 DEBUG com.sinosoft.test.base.TestBase:272 - 系统窗口【黄河财险业务系统】with handle -1987adfe-32af-4ced-bf03-abafb6132099
2020/07/14 09:53:33:998 DEBUG com.sinosoft.test.base.TestBase:272 - 系统窗口【黄河财险业务系统】with handle -1987adfe-32af-4ced-bf03-abafb6132099
2020/07/14 09:53:34:813 DEBUG com.sinosoft.test.base.TestBase:272 - 系统窗口【黄河财险业务系统】with handle -1987adfe-32af-4ced-bf03-abafb6132099
2020/07/14 09:53:35:615 DEBUG com.sinosoft.test.base.TestBase:272 - 系统窗口【黄河财险业务系统】with handle -1987adfe-32af-4ced-bf03-abafb6132099
2020/07/14 09:53:35:632 DEBUG com.sinosoft.test.base.TestBase:281 - 窗口切换异常:
org.openqa.selenium.TimeoutException: Expected condition failed: waiting for com.sinosoft.test.base.TestBase$4@553f1d75 (tried for 5 second(s) with 500 MILLISECONDS interval)
Build info: version: '3.9.0', revision: '698b3178f0', time: '2018-02-05T14:26:55.441Z'
System info: host: 'DESKTOP-I9S3ABE', ip: '100.100.96.220', os.name: 'Windows 10', os.arch: 'amd64', os.version: '10.0', java.version: '1.8.0_101'
Driver info: org.openqa.selenium.support.events.EventFiringWebDriver
Capabilities {acceptInsecureCerts: false, browserName: internet explorer, browserVersion: 11, javascriptEnabled: true, pageLoadStrategy: normal, platform: WINDOWS, platformName: WINDOWS, proxy: Proxy(), se:ieOptions: {browserAttachTimeout: 0, elementScrollBehavior: 0, enablePersistentHover: true, ie.browserCommandLineSwitches: , ie.ensureCleanSession: false, ie.fileUploadDialogTimeout: 3000, ie.forceCreateProcessApi: false, ignoreProtectedModeSettings: true, ignoreZoomSetting: false, initialBrowserUrl: http://localhost:22609/, nativeEvents: true, requireWindowFocus: false}, setWindowRect: true, timeouts: {implicit: 0, pageLoad: 300000, script: 30000}, unhandledPromptBehavior: ignore}
Session ID: 60887b1b-566a-4cb8-bc95-752268e296fa
	at org.openqa.selenium.support.ui.WebDriverWait.timeoutException(WebDriverWait.java:82)
	at org.openqa.selenium.support.ui.FluentWait.until(FluentWait.java:231)
	at com.sinosoft.test.base.TestBase.navigateToWindowByTitle(TestBase.java:265)
	at com.sinosoft.test.fccp.common.FccbBase.CodeSelect(FccbBase.java:44)
	at com.sinosoft.test.fccp.tbcl.RiskDetail_insuredObjPage.inputRiskCodeAction(RiskDetail_insuredObjPage.java:305)
	at com.sinosoft.test.fccp.tbcl.RiskDetail_insuredObjPage.inputRiskCoverageAction(RiskDetail_insuredObjPage.java:233)
	at com.sinosoft.testcases.fccb.TBGLTestCase.FCCB_TBCL(TBGLTestCase.java:104)
	at sun.reflect.NativeMethodAccessorImpl.invoke0(Native Method)
	at sun.reflect.NativeMethodAccessorImpl.invoke(NativeMethodAccessorImpl.java:62)
	at sun.reflect.DelegatingMethodAccessorImpl.invoke(DelegatingMethodAccessorImpl.java:43)
	at java.lang.reflect.Method.invoke(Method.java:498)
	at org.testng.internal.MethodInvocationHelper.invokeMethod(MethodInvocationHelper.java:108)
	at org.testng.internal.Invoker.invokeMethod(Invoker.java:661)
	at org.testng.internal.Invoker.invokeTestMethod(Invoker.java:869)
	at org.testng.internal.Invoker.invokeTestMethods(Invoker.java:1193)
	at org.testng.internal.TestMethodWorker.invokeTestMethods(TestMethodWorker.java:126)
	at org.testng.internal.TestMethodWorker.run(TestMethodWorker.java:109)
	at org.testng.TestRunner.privateRun(TestRunner.java:744)
	at org.testng.TestRunner.run(TestRunner.java:602)
	at org.testng.SuiteRunner.runTest(SuiteRunner.java:380)
	at org.testng.SuiteRunner.runSequentially(SuiteRunner.java:375)
	at org.testng.SuiteRunner.privateRun(SuiteRunner.java:340)
	at org.testng.SuiteRunner.run(SuiteRunner.java:289)
	at org.testng.SuiteRunnerWorker.runSuite(SuiteRunnerWorker.java:52)
	at org.testng.SuiteRunnerWorker.run(SuiteRunnerWorker.java:86)
	at org.testng.TestNG.runSuitesSequentially(TestNG.java:1301)
	at org.testng.TestNG.runSuitesLocally(TestNG.java:1226)
	at org.testng.TestNG.runSuites(TestNG.java:1144)
	at org.testng.TestNG.run(TestNG.java:1115)
	at org.apache.maven.surefire.testng.TestNGExecutor.run(TestNGExecutor.java:283)
	at org.apache.maven.surefire.testng.TestNGXmlTestSuite.execute(TestNGXmlTestSuite.java:75)
	at org.apache.maven.surefire.testng.TestNGProvider.invoke(TestNGProvider.java:120)
	at org.apache.maven.surefire.booter.ForkedBooter.invokeProviderInSameClassLoader(ForkedBooter.java:384)
	at org.apache.maven.surefire.booter.ForkedBooter.runSuitesInProcess(ForkedBooter.java:345)
	at org.apache.maven.surefire.booter.ForkedBooter.execute(ForkedBooter.java:126)
	at org.apache.maven.surefire.booter.ForkedBooter.main(ForkedBooter.java:418)
2020/07/14 09:53:35:635 DEBUG com.sinosoft.test.base.TestBase:69 - 初始化class com.sinosoft.test.fccp.common.CodeSelectPage
2020/07/14 09:53:35:637 DEBUG com.sinosoft.test.base.TestBase:39 - 基础码表选择！
2020/07/14 09:53:35:639 DEBUG com.sinosoft.test.base.TestBase:76 - Trying to find Element By : By.name: fieldValue
2020/07/14 09:53:37:925 DEBUG com.sinosoft.test.base.TestBase:66 - 系统自动捕获异常：Exception occured: org.openqa.selenium.NoSuchElementException: Unable to find element with css selector == *[name='fieldValue']
For documentation on this error, please visit: http://seleniumhq.org/exceptions/no_such_element.html
Build info: version: '3.9.0', revision: '698b3178f0', time: '2018-02-05T14:26:55.441Z'
System info: host: 'DESKTOP-I9S3ABE', ip: '100.100.96.220', os.name: 'Windows 10', os.arch: 'amd64', os.version: '10.0', java.version: '1.8.0_101'
Driver info: org.openqa.selenium.ie.InternetExplorerDriver
Capabilities {acceptInsecureCerts: false, browserName: internet explorer, browserVersion: 11, javascriptEnabled: true, pageLoadStrategy: normal, platform: WINDOWS, platformName: WINDOWS, proxy: Proxy(), se:ieOptions: {browserAttachTimeout: 0, elementScrollBehavior: 0, enablePersistentHover: true, ie.browserCommandLineSwitches: , ie.ensureCleanSession: false, ie.fileUploadDialogTimeout: 3000, ie.forceCreateProcessApi: false, ignoreProtectedModeSettings: true, ignoreZoomSetting: false, initialBrowserUrl: http://localhost:22609/, nativeEvents: true, requireWindowFocus: false}, setWindowRect: true, timeouts: {implicit: 0, pageLoad: 300000, script: 30000}, unhandledPromptBehavior: ignore}
Session ID: 60887b1b-566a-4cb8-bc95-752268e296fa
*** Element info: {Using=name, value=fieldValue}
2020/07/14 09:53:37:929  INFO com.sinosoft.test.base.TestBase:68 - 异常的message 是：Unable to find element with css selector == *[name='fieldValue']
For documentation on this error, please visit: http://seleniumhq.org/exceptions/no_such_element.html
Build info: version: '3.9.0', revision: '698b3178f0', time: '2018-02-05T14:26:55.441Z'
System info: host: 'DESKTOP-I9S3ABE', ip: '100.100.96.220', os.name: 'Windows 10', os.arch: 'amd64', os.version: '10.0', java.version: '1.8.0_101'
Driver info: org.openqa.selenium.ie.InternetExplorerDriver
Capabilities {acceptInsecureCerts: false, browserName: internet explorer, browserVersion: 11, javascriptEnabled: true, pageLoadStrategy: normal, platform: WINDOWS, platformName: WINDOWS, proxy: Proxy(), se:ieOptions: {browserAttachTimeout: 0, elementScrollBehavior: 0, enablePersistentHover: true, ie.browserCommandLineSwitches: , ie.ensureCleanSession: false, ie.fileUploadDialogTimeout: 3000, ie.forceCreateProcessApi: false, ignoreProtectedModeSettings: true, ignoreZoomSetting: false, initialBrowserUrl: http://localhost:22609/, nativeEvents: true, requireWindowFocus: false}, setWindowRect: true, timeouts: {implicit: 0, pageLoad: 300000, script: 30000}, unhandledPromptBehavior: ignore}
Session ID: 60887b1b-566a-4cb8-bc95-752268e296fa
*** Element info: {Using=name, value=fieldValue}
2020/07/14 09:53:37:931 DEBUG com.sinosoft.test.base.TestBase:76 - Trying to find Element By : By.name: fieldValue
2020/07/14 09:53:40:340 DEBUG com.sinosoft.test.base.TestBase:66 - 系统自动捕获异常：Exception occured: org.openqa.selenium.NoSuchElementException: Unable to find element with css selector == *[name='fieldValue']
For documentation on this error, please visit: http://seleniumhq.org/exceptions/no_such_element.html
Build info: version: '3.9.0', revision: '698b3178f0', time: '2018-02-05T14:26:55.441Z'
System info: host: 'DESKTOP-I9S3ABE', ip: '100.100.96.220', os.name: 'Windows 10', os.arch: 'amd64', os.version: '10.0', java.version: '1.8.0_101'
Driver info: org.openqa.selenium.ie.InternetExplorerDriver
Capabilities {acceptInsecureCerts: false, browserName: internet explorer, browserVersion: 11, javascriptEnabled: true, pageLoadStrategy: normal, platform: WINDOWS, platformName: WINDOWS, proxy: Proxy(), se:ieOptions: {browserAttachTimeout: 0, elementScrollBehavior: 0, enablePersistentHover: true, ie.browserCommandLineSwitches: , ie.ensureCleanSession: false, ie.fileUploadDialogTimeout: 3000, ie.forceCreateProcessApi: false, ignoreProtectedModeSettings: true, ignoreZoomSetting: false, initialBrowserUrl: http://localhost:22609/, nativeEvents: true, requireWindowFocus: false}, setWindowRect: true, timeouts: {implicit: 0, pageLoad: 300000, script: 30000}, unhandledPromptBehavior: ignore}
Session ID: 60887b1b-566a-4cb8-bc95-752268e296fa
*** Element info: {Using=name, value=fieldValue}
2020/07/14 09:53:40:343  INFO com.sinosoft.test.base.TestBase:68 - 异常的message 是：Unable to find element with css selector == *[name='fieldValue']
For documentation on this error, please visit: http://seleniumhq.org/exceptions/no_such_element.html
Build info: version: '3.9.0', revision: '698b3178f0', time: '2018-02-05T14:26:55.441Z'
System info: host: 'DESKTOP-I9S3ABE', ip: '100.100.96.220', os.name: 'Windows 10', os.arch: 'amd64', os.version: '10.0', java.version: '1.8.0_101'
Driver info: org.openqa.selenium.ie.InternetExplorerDriver
Capabilities {acceptInsecureCerts: false, browserName: internet explorer, browserVersion: 11, javascriptEnabled: true, pageLoadStrategy: normal, platform: WINDOWS, platformName: WINDOWS, proxy: Proxy(), se:ieOptions: {browserAttachTimeout: 0, elementScrollBehavior: 0, enablePersistentHover: true, ie.browserCommandLineSwitches: , ie.ensureCleanSession: false, ie.fileUploadDialogTimeout: 3000, ie.forceCreateProcessApi: false, ignoreProtectedModeSettings: true, ignoreZoomSetting: false, initialBrowserUrl: http://localhost:22609/, nativeEvents: true, requireWindowFocus: false}, setWindowRect: true, timeouts: {implicit: 0, pageLoad: 300000, script: 30000}, unhandledPromptBehavior: ignore}
Session ID: 60887b1b-566a-4cb8-bc95-752268e296fa
*** Element info: {Using=name, value=fieldValue}
2020/07/14 09:53:40:596 DEBUG com.sinosoft.test.base.TestBase:76 - Trying to find Element By : By.name: fieldValue
2020/07/14 09:53:42:854 DEBUG com.sinosoft.test.base.TestBase:66 - 系统自动捕获异常：Exception occured: org.openqa.selenium.NoSuchElementException: Unable to find element with css selector == *[name='fieldValue']
For documentation on this error, please visit: http://seleniumhq.org/exceptions/no_such_element.html
Build info: version: '3.9.0', revision: '698b3178f0', time: '2018-02-05T14:26:55.441Z'
System info: host: 'DESKTOP-I9S3ABE', ip: '100.100.96.220', os.name: 'Windows 10', os.arch: 'amd64', os.version: '10.0', java.version: '1.8.0_101'
Driver info: org.openqa.selenium.ie.InternetExplorerDriver
Capabilities {acceptInsecureCerts: false, browserName: internet explorer, browserVersion: 11, javascriptEnabled: true, pageLoadStrategy: normal, platform: WINDOWS, platformName: WINDOWS, proxy: Proxy(), se:ieOptions: {browserAttachTimeout: 0, elementScrollBehavior: 0, enablePersistentHover: true, ie.browserCommandLineSwitches: , ie.ensureCleanSession: false, ie.fileUploadDialogTimeout: 3000, ie.forceCreateProcessApi: false, ignoreProtectedModeSettings: true, ignoreZoomSetting: false, initialBrowserUrl: http://localhost:22609/, nativeEvents: true, requireWindowFocus: false}, setWindowRect: true, timeouts: {implicit: 0, pageLoad: 300000, script: 30000}, unhandledPromptBehavior: ignore}
Session ID: 60887b1b-566a-4cb8-bc95-752268e296fa
*** Element info: {Using=name, value=fieldValue}
2020/07/14 09:53:42:858  INFO com.sinosoft.test.base.TestBase:68 - 异常的message 是：Unable to find element with css selector == *[name='fieldValue']
For documentation on this error, please visit: http://seleniumhq.org/exceptions/no_such_element.html
Build info: version: '3.9.0', revision: '698b3178f0', time: '2018-02-05T14:26:55.441Z'
System info: host: 'DESKTOP-I9S3ABE', ip: '100.100.96.220', os.name: 'Windows 10', os.arch: 'amd64', os.version: '10.0', java.version: '1.8.0_101'
Driver info: org.openqa.selenium.ie.InternetExplorerDriver
Capabilities {acceptInsecureCerts: false, browserName: internet explorer, browserVersion: 11, javascriptEnabled: true, pageLoadStrategy: normal, platform: WINDOWS, platformName: WINDOWS, proxy: Proxy(), se:ieOptions: {browserAttachTimeout: 0, elementScrollBehavior: 0, enablePersistentHover: true, ie.browserCommandLineSwitches: , ie.ensureCleanSession: false, ie.fileUploadDialogTimeout: 3000, ie.forceCreateProcessApi: false, ignoreProtectedModeSettings: true, ignoreZoomSetting: false, initialBrowserUrl: http://localhost:22609/, nativeEvents: true, requireWindowFocus: false}, setWindowRect: true, timeouts: {implicit: 0, pageLoad: 300000, script: 30000}, unhandledPromptBehavior: ignore}
Session ID: 60887b1b-566a-4cb8-bc95-752268e296fa
*** Element info: {Using=name, value=fieldValue}
2020/07/14 09:53:43:111 DEBUG com.sinosoft.test.base.TestBase:76 - Trying to find Element By : By.name: fieldValue
2020/07/14 09:53:45:347 DEBUG com.sinosoft.test.base.TestBase:66 - 系统自动捕获异常：Exception occured: org.openqa.selenium.NoSuchElementException: Unable to find element with css selector == *[name='fieldValue']
For documentation on this error, please visit: http://seleniumhq.org/exceptions/no_such_element.html
Build info: version: '3.9.0', revision: '698b3178f0', time: '2018-02-05T14:26:55.441Z'
System info: host: 'DESKTOP-I9S3ABE', ip: '100.100.96.220', os.name: 'Windows 10', os.arch: 'amd64', os.version: '10.0', java.version: '1.8.0_101'
Driver info: org.openqa.selenium.ie.InternetExplorerDriver
Capabilities {acceptInsecureCerts: false, browserName: internet explorer, browserVersion: 11, javascriptEnabled: true, pageLoadStrategy: normal, platform: WINDOWS, platformName: WINDOWS, proxy: Proxy(), se:ieOptions: {browserAttachTimeout: 0, elementScrollBehavior: 0, enablePersistentHover: true, ie.browserCommandLineSwitches: , ie.ensureCleanSession: false, ie.fileUploadDialogTimeout: 3000, ie.forceCreateProcessApi: false, ignoreProtectedModeSettings: true, ignoreZoomSetting: false, initialBrowserUrl: http://localhost:22609/, nativeEvents: true, requireWindowFocus: false}, setWindowRect: true, timeouts: {implicit: 0, pageLoad: 300000, script: 30000}, unhandledPromptBehavior: ignore}
Session ID: 60887b1b-566a-4cb8-bc95-752268e296fa
*** Element info: {Using=name, value=fieldValue}
2020/07/14 09:53:45:353  INFO com.sinosoft.test.base.TestBase:68 - 异常的message 是：Unable to find element with css selector == *[name='fieldValue']
For documentation on this error, please visit: http://seleniumhq.org/exceptions/no_such_element.html
Build info: version: '3.9.0', revision: '698b3178f0', time: '2018-02-05T14:26:55.441Z'
System info: host: 'DESKTOP-I9S3ABE', ip: '100.100.96.220', os.name: 'Windows 10', os.arch: 'amd64', os.version: '10.0', java.version: '1.8.0_101'
Driver info: org.openqa.selenium.ie.InternetExplorerDriver
Capabilities {acceptInsecureCerts: false, browserName: internet explorer, browserVersion: 11, javascriptEnabled: true, pageLoadStrategy: normal, platform: WINDOWS, platformName: WINDOWS, proxy: Proxy(), se:ieOptions: {browserAttachTimeout: 0, elementScrollBehavior: 0, enablePersistentHover: true, ie.browserCommandLineSwitches: , ie.ensureCleanSession: false, ie.fileUploadDialogTimeout: 3000, ie.forceCreateProcessApi: false, ignoreProtectedModeSettings: true, ignoreZoomSetting: false, initialBrowserUrl: http://localhost:22609/, nativeEvents: true, requireWindowFocus: false}, setWindowRect: true, timeouts: {implicit: 0, pageLoad: 300000, script: 30000}, unhandledPromptBehavior: ignore}
Session ID: 60887b1b-566a-4cb8-bc95-752268e296fa
*** Element info: {Using=name, value=fieldValue}
2020/07/14 09:53:45:605 DEBUG com.sinosoft.test.base.TestBase:76 - Trying to find Element By : By.name: fieldValue
2020/07/14 09:53:47:709 DEBUG com.sinosoft.test.base.TestBase:66 - 系统自动捕获异常：Exception occured: org.openqa.selenium.NoSuchElementException: Unable to find element with css selector == *[name='fieldValue']
For documentation on this error, please visit: http://seleniumhq.org/exceptions/no_such_element.html
Build info: version: '3.9.0', revision: '698b3178f0', time: '2018-02-05T14:26:55.441Z'
System info: host: 'DESKTOP-I9S3ABE', ip: '100.100.96.220', os.name: 'Windows 10', os.arch: 'amd64', os.version: '10.0', java.version: '1.8.0_101'
Driver info: org.openqa.selenium.ie.InternetExplorerDriver
Capabilities {acceptInsecureCerts: false, browserName: internet explorer, browserVersion: 11, javascriptEnabled: true, pageLoadStrategy: normal, platform: WINDOWS, platformName: WINDOWS, proxy: Proxy(), se:ieOptions: {browserAttachTimeout: 0, elementScrollBehavior: 0, enablePersistentHover: true, ie.browserCommandLineSwitches: , ie.ensureCleanSession: false, ie.fileUploadDialogTimeout: 3000, ie.forceCreateProcessApi: false, ignoreProtectedModeSettings: true, ignoreZoomSetting: false, initialBrowserUrl: http://localhost:22609/, nativeEvents: true, requireWindowFocus: false}, setWindowRect: true, timeouts: {implicit: 0, pageLoad: 300000, script: 30000}, unhandledPromptBehavior: ignore}
Session ID: 60887b1b-566a-4cb8-bc95-752268e296fa
*** Element info: {Using=name, value=fieldValue}
2020/07/14 09:53:47:711  INFO com.sinosoft.test.base.TestBase:68 - 异常的message 是：Unable to find element with css selector == *[name='fieldValue']
For documentation on this error, please visit: http://seleniumhq.org/exceptions/no_such_element.html
Build info: version: '3.9.0', revision: '698b3178f0', time: '2018-02-05T14:26:55.441Z'
System info: host: 'DESKTOP-I9S3ABE', ip: '100.100.96.220', os.name: 'Windows 10', os.arch: 'amd64', os.version: '10.0', java.version: '1.8.0_101'
Driver info: org.openqa.selenium.ie.InternetExplorerDriver
Capabilities {acceptInsecureCerts: false, browserName: internet explorer, browserVersion: 11, javascriptEnabled: true, pageLoadStrategy: normal, platform: WINDOWS, platformName: WINDOWS, proxy: Proxy(), se:ieOptions: {browserAttachTimeout: 0, elementScrollBehavior: 0, enablePersistentHover: true, ie.browserCommandLineSwitches: , ie.ensureCleanSession: false, ie.fileUploadDialogTimeout: 3000, ie.forceCreateProcessApi: false, ignoreProtectedModeSettings: true, ignoreZoomSetting: false, initialBrowserUrl: http://localhost:22609/, nativeEvents: true, requireWindowFocus: false}, setWindowRect: true, timeouts: {implicit: 0, pageLoad: 300000, script: 30000}, unhandledPromptBehavior: ignore}
Session ID: 60887b1b-566a-4cb8-bc95-752268e296fa
*** Element info: {Using=name, value=fieldValue}
2020/07/14 09:53:47:965 DEBUG com.sinosoft.test.base.TestBase:76 - Trying to find Element By : By.name: fieldValue
2020/07/14 09:53:50:046 DEBUG com.sinosoft.test.base.TestBase:66 - 系统自动捕获异常：Exception occured: org.openqa.selenium.NoSuchElementException: Unable to find element with css selector == *[name='fieldValue']
For documentation on this error, please visit: http://seleniumhq.org/exceptions/no_such_element.html
Build info: version: '3.9.0', revision: '698b3178f0', time: '2018-02-05T14:26:55.441Z'
System info: host: 'DESKTOP-I9S3ABE', ip: '100.100.96.220', os.name: 'Windows 10', os.arch: 'amd64', os.version: '10.0', java.version: '1.8.0_101'
Driver info: org.openqa.selenium.ie.InternetExplorerDriver
Capabilities {acceptInsecureCerts: false, browserName: internet explorer, browserVersion: 11, javascriptEnabled: true, pageLoadStrategy: normal, platform: WINDOWS, platformName: WINDOWS, proxy: Proxy(), se:ieOptions: {browserAttachTimeout: 0, elementScrollBehavior: 0, enablePersistentHover: true, ie.browserCommandLineSwitches: , ie.ensureCleanSession: false, ie.fileUploadDialogTimeout: 3000, ie.forceCreateProcessApi: false, ignoreProtectedModeSettings: true, ignoreZoomSetting: false, initialBrowserUrl: http://localhost:22609/, nativeEvents: true, requireWindowFocus: false}, setWindowRect: true, timeouts: {implicit: 0, pageLoad: 300000, script: 30000}, unhandledPromptBehavior: ignore}
Session ID: 60887b1b-566a-4cb8-bc95-752268e296fa
*** Element info: {Using=name, value=fieldValue}
2020/07/14 09:53:50:052  INFO com.sinosoft.test.base.TestBase:68 - 异常的message 是：Unable to find element with css selector == *[name='fieldValue']
For documentation on this error, please visit: http://seleniumhq.org/exceptions/no_such_element.html
Build info: version: '3.9.0', revision: '698b3178f0', time: '2018-02-05T14:26:55.441Z'
System info: host: 'DESKTOP-I9S3ABE', ip: '100.100.96.220', os.name: 'Windows 10', os.arch: 'amd64', os.version: '10.0', java.version: '1.8.0_101'
Driver info: org.openqa.selenium.ie.InternetExplorerDriver
Capabilities {acceptInsecureCerts: false, browserName: internet explorer, browserVersion: 11, javascriptEnabled: true, pageLoadStrategy: normal, platform: WINDOWS, platformName: WINDOWS, proxy: Proxy(), se:ieOptions: {browserAttachTimeout: 0, elementScrollBehavior: 0, enablePersistentHover: true, ie.browserCommandLineSwitches: , ie.ensureCleanSession: false, ie.fileUploadDialogTimeout: 3000, ie.forceCreateProcessApi: false, ignoreProtectedModeSettings: true, ignoreZoomSetting: false, initialBrowserUrl: http://localhost:22609/, nativeEvents: true, requireWindowFocus: false}, setWindowRect: true, timeouts: {implicit: 0, pageLoad: 300000, script: 30000}, unhandledPromptBehavior: ignore}
Session ID: 60887b1b-566a-4cb8-bc95-752268e296fa
*** Element info: {Using=name, value=fieldValue}
2020/07/14 09:53:50:056  INFO com.sinosoft.test.base.TestBase:360 - setEditboxValue:Proxy element for: AjaxElementLocator 'By.name: fieldValue'：1
2020/07/14 09:53:50:058 DEBUG com.sinosoft.test.base.TestBase:76 - Trying to find Element By : By.name: fieldValue
2020/07/14 09:53:52:408 DEBUG com.sinosoft.test.base.TestBase:66 - 系统自动捕获异常：Exception occured: org.openqa.selenium.NoSuchElementException: Unable to find element with css selector == *[name='fieldValue']
For documentation on this error, please visit: http://seleniumhq.org/exceptions/no_such_element.html
Build info: version: '3.9.0', revision: '698b3178f0', time: '2018-02-05T14:26:55.441Z'
System info: host: 'DESKTOP-I9S3ABE', ip: '100.100.96.220', os.name: 'Windows 10', os.arch: 'amd64', os.version: '10.0', java.version: '1.8.0_101'
Driver info: org.openqa.selenium.ie.InternetExplorerDriver
Capabilities {acceptInsecureCerts: false, browserName: internet explorer, browserVersion: 11, javascriptEnabled: true, pageLoadStrategy: normal, platform: WINDOWS, platformName: WINDOWS, proxy: Proxy(), se:ieOptions: {browserAttachTimeout: 0, elementScrollBehavior: 0, enablePersistentHover: true, ie.browserCommandLineSwitches: , ie.ensureCleanSession: false, ie.fileUploadDialogTimeout: 3000, ie.forceCreateProcessApi: false, ignoreProtectedModeSettings: true, ignoreZoomSetting: false, initialBrowserUrl: http://localhost:22609/, nativeEvents: true, requireWindowFocus: false}, setWindowRect: true, timeouts: {implicit: 0, pageLoad: 300000, script: 30000}, unhandledPromptBehavior: ignore}
Session ID: 60887b1b-566a-4cb8-bc95-752268e296fa
*** Element info: {Using=name, value=fieldValue}
2020/07/14 09:53:52:415  INFO com.sinosoft.test.base.TestBase:68 - 异常的message 是：Unable to find element with css selector == *[name='fieldValue']
For documentation on this error, please visit: http://seleniumhq.org/exceptions/no_such_element.html
Build info: version: '3.9.0', revision: '698b3178f0', time: '2018-02-05T14:26:55.441Z'
System info: host: 'DESKTOP-I9S3ABE', ip: '100.100.96.220', os.name: 'Windows 10', os.arch: 'amd64', os.version: '10.0', java.version: '1.8.0_101'
Driver info: org.openqa.selenium.ie.InternetExplorerDriver
Capabilities {acceptInsecureCerts: false, browserName: internet explorer, browserVersion: 11, javascriptEnabled: true, pageLoadStrategy: normal, platform: WINDOWS, platformName: WINDOWS, proxy: Proxy(), se:ieOptions: {browserAttachTimeout: 0, elementScrollBehavior: 0, enablePersistentHover: true, ie.browserCommandLineSwitches: , ie.ensureCleanSession: false, ie.fileUploadDialogTimeout: 3000, ie.forceCreateProcessApi: false, ignoreProtectedModeSettings: true, ignoreZoomSetting: false, initialBrowserUrl: http://localhost:22609/, nativeEvents: true, requireWindowFocus: false}, setWindowRect: true, timeouts: {implicit: 0, pageLoad: 300000, script: 30000}, unhandledPromptBehavior: ignore}
Session ID: 60887b1b-566a-4cb8-bc95-752268e296fa
*** Element info: {Using=name, value=fieldValue}
2020/07/14 09:53:52:417 DEBUG com.sinosoft.test.base.TestBase:76 - Trying to find Element By : By.name: fieldValue
2020/07/14 09:53:54:549 DEBUG com.sinosoft.test.base.TestBase:66 - 系统自动捕获异常：Exception occured: org.openqa.selenium.NoSuchElementException: Unable to find element with css selector == *[name='fieldValue']
For documentation on this error, please visit: http://seleniumhq.org/exceptions/no_such_element.html
Build info: version: '3.9.0', revision: '698b3178f0', time: '2018-02-05T14:26:55.441Z'
System info: host: 'DESKTOP-I9S3ABE', ip: '100.100.96.220', os.name: 'Windows 10', os.arch: 'amd64', os.version: '10.0', java.version: '1.8.0_101'
Driver info: org.openqa.selenium.ie.InternetExplorerDriver
Capabilities {acceptInsecureCerts: false, browserName: internet explorer, browserVersion: 11, javascriptEnabled: true, pageLoadStrategy: normal, platform: WINDOWS, platformName: WINDOWS, proxy: Proxy(), se:ieOptions: {browserAttachTimeout: 0, elementScrollBehavior: 0, enablePersistentHover: true, ie.browserCommandLineSwitches: , ie.ensureCleanSession: false, ie.fileUploadDialogTimeout: 3000, ie.forceCreateProcessApi: false, ignoreProtectedModeSettings: true, ignoreZoomSetting: false, initialBrowserUrl: http://localhost:22609/, nativeEvents: true, requireWindowFocus: false}, setWindowRect: true, timeouts: {implicit: 0, pageLoad: 300000, script: 30000}, unhandledPromptBehavior: ignore}
Session ID: 60887b1b-566a-4cb8-bc95-752268e296fa
*** Element info: {Using=name, value=fieldValue}
2020/07/14 09:53:54:552  INFO com.sinosoft.test.base.TestBase:68 - 异常的message 是：Unable to find element with css selector == *[name='fieldValue']
For documentation on this error, please visit: http://seleniumhq.org/exceptions/no_such_element.html
Build info: version: '3.9.0', revision: '698b3178f0', time: '2018-02-05T14:26:55.441Z'
System info: host: 'DESKTOP-I9S3ABE', ip: '100.100.96.220', os.name: 'Windows 10', os.arch: 'amd64', os.version: '10.0', java.version: '1.8.0_101'
Driver info: org.openqa.selenium.ie.InternetExplorerDriver
Capabilities {acceptInsecureCerts: false, browserName: internet explorer, browserVersion: 11, javascriptEnabled: true, pageLoadStrategy: normal, platform: WINDOWS, platformName: WINDOWS, proxy: Proxy(), se:ieOptions: {browserAttachTimeout: 0, elementScrollBehavior: 0, enablePersistentHover: true, ie.browserCommandLineSwitches: , ie.ensureCleanSession: false, ie.fileUploadDialogTimeout: 3000, ie.forceCreateProcessApi: false, ignoreProtectedModeSettings: true, ignoreZoomSetting: false, initialBrowserUrl: http://localhost:22609/, nativeEvents: true, requireWindowFocus: false}, setWindowRect: true, timeouts: {implicit: 0, pageLoad: 300000, script: 30000}, unhandledPromptBehavior: ignore}
Session ID: 60887b1b-566a-4cb8-bc95-752268e296fa
*** Element info: {Using=name, value=fieldValue}
2020/07/14 09:53:54:805 DEBUG com.sinosoft.test.base.TestBase:76 - Trying to find Element By : By.name: fieldValue
2020/07/14 09:53:57:118 DEBUG com.sinosoft.test.base.TestBase:66 - 系统自动捕获异常：Exception occured: org.openqa.selenium.NoSuchElementException: Unable to find element with css selector == *[name='fieldValue']
For documentation on this error, please visit: http://seleniumhq.org/exceptions/no_such_element.html
Build info: version: '3.9.0', revision: '698b3178f0', time: '2018-02-05T14:26:55.441Z'
System info: host: 'DESKTOP-I9S3ABE', ip: '100.100.96.220', os.name: 'Windows 10', os.arch: 'amd64', os.version: '10.0', java.version: '1.8.0_101'
Driver info: org.openqa.selenium.ie.InternetExplorerDriver
Capabilities {acceptInsecureCerts: false, browserName: internet explorer, browserVersion: 11, javascriptEnabled: true, pageLoadStrategy: normal, platform: WINDOWS, platformName: WINDOWS, proxy: Proxy(), se:ieOptions: {browserAttachTimeout: 0, elementScrollBehavior: 0, enablePersistentHover: true, ie.browserCommandLineSwitches: , ie.ensureCleanSession: false, ie.fileUploadDialogTimeout: 3000, ie.forceCreateProcessApi: false, ignoreProtectedModeSettings: true, ignoreZoomSetting: false, initialBrowserUrl: http://localhost:22609/, nativeEvents: true, requireWindowFocus: false}, setWindowRect: true, timeouts: {implicit: 0, pageLoad: 300000, script: 30000}, unhandledPromptBehavior: ignore}
Session ID: 60887b1b-566a-4cb8-bc95-752268e296fa
*** Element info: {Using=name, value=fieldValue}
2020/07/14 09:53:57:121  INFO com.sinosoft.test.base.TestBase:68 - 异常的message 是：Unable to find element with css selector == *[name='fieldValue']
For documentation on this error, please visit: http://seleniumhq.org/exceptions/no_such_element.html
Build info: version: '3.9.0', revision: '698b3178f0', time: '2018-02-05T14:26:55.441Z'
System info: host: 'DESKTOP-I9S3ABE', ip: '100.100.96.220', os.name: 'Windows 10', os.arch: 'amd64', os.version: '10.0', java.version: '1.8.0_101'
Driver info: org.openqa.selenium.ie.InternetExplorerDriver
Capabilities {acceptInsecureCerts: false, browserName: internet explorer, browserVersion: 11, javascriptEnabled: true, pageLoadStrategy: normal, platform: WINDOWS, platformName: WINDOWS, proxy: Proxy(), se:ieOptions: {browserAttachTimeout: 0, elementScrollBehavior: 0, enablePersistentHover: true, ie.browserCommandLineSwitches: , ie.ensureCleanSession: false, ie.fileUploadDialogTimeout: 3000, ie.forceCreateProcessApi: false, ignoreProtectedModeSettings: true, ignoreZoomSetting: false, initialBrowserUrl: http://localhost:22609/, nativeEvents: true, requireWindowFocus: false}, setWindowRect: true, timeouts: {implicit: 0, pageLoad: 300000, script: 30000}, unhandledPromptBehavior: ignore}
Session ID: 60887b1b-566a-4cb8-bc95-752268e296fa
*** Element info: {Using=name, value=fieldValue}
2020/07/14 09:53:57:377 DEBUG com.sinosoft.test.base.TestBase:76 - Trying to find Element By : By.name: fieldValue
2020/07/14 09:53:59:697 DEBUG com.sinosoft.test.base.TestBase:66 - 系统自动捕获异常：Exception occured: org.openqa.selenium.NoSuchElementException: Unable to find element with css selector == *[name='fieldValue']
For documentation on this error, please visit: http://seleniumhq.org/exceptions/no_such_element.html
Build info: version: '3.9.0', revision: '698b3178f0', time: '2018-02-05T14:26:55.441Z'
System info: host: 'DESKTOP-I9S3ABE', ip: '100.100.96.220', os.name: 'Windows 10', os.arch: 'amd64', os.version: '10.0', java.version: '1.8.0_101'
Driver info: org.openqa.selenium.ie.InternetExplorerDriver
Capabilities {acceptInsecureCerts: false, browserName: internet explorer, browserVersion: 11, javascriptEnabled: true, pageLoadStrategy: normal, platform: WINDOWS, platformName: WINDOWS, proxy: Proxy(), se:ieOptions: {browserAttachTimeout: 0, elementScrollBehavior: 0, enablePersistentHover: true, ie.browserCommandLineSwitches: , ie.ensureCleanSession: false, ie.fileUploadDialogTimeout: 3000, ie.forceCreateProcessApi: false, ignoreProtectedModeSettings: true, ignoreZoomSetting: false, initialBrowserUrl: http://localhost:22609/, nativeEvents: true, requireWindowFocus: false}, setWindowRect: true, timeouts: {implicit: 0, pageLoad: 300000, script: 30000}, unhandledPromptBehavior: ignore}
Session ID: 60887b1b-566a-4cb8-bc95-752268e296fa
*** Element info: {Using=name, value=fieldValue}
2020/07/14 09:53:59:700  INFO com.sinosoft.test.base.TestBase:68 - 异常的message 是：Unable to find element with css selector == *[name='fieldValue']
For documentation on this error, please visit: http://seleniumhq.org/exceptions/no_such_element.html
Build info: version: '3.9.0', revision: '698b3178f0', time: '2018-02-05T14:26:55.441Z'
System info: host: 'DESKTOP-I9S3ABE', ip: '100.100.96.220', os.name: 'Windows 10', os.arch: 'amd64', os.version: '10.0', java.version: '1.8.0_101'
Driver info: org.openqa.selenium.ie.InternetExplorerDriver
Capabilities {acceptInsecureCerts: false, browserName: internet explorer, browserVersion: 11, javascriptEnabled: true, pageLoadStrategy: normal, platform: WINDOWS, platformName: WINDOWS, proxy: Proxy(), se:ieOptions: {browserAttachTimeout: 0, elementScrollBehavior: 0, enablePersistentHover: true, ie.browserCommandLineSwitches: , ie.ensureCleanSession: false, ie.fileUploadDialogTimeout: 3000, ie.forceCreateProcessApi: false, ignoreProtectedModeSettings: true, ignoreZoomSetting: false, initialBrowserUrl: http://localhost:22609/, nativeEvents: true, requireWindowFocus: false}, setWindowRect: true, timeouts: {implicit: 0, pageLoad: 300000, script: 30000}, unhandledPromptBehavior: ignore}
Session ID: 60887b1b-566a-4cb8-bc95-752268e296fa
*** Element info: {Using=name, value=fieldValue}
2020/07/14 09:53:59:953 DEBUG com.sinosoft.test.base.TestBase:76 - Trying to find Element By : By.name: fieldValue
2020/07/14 09:54:02:305 DEBUG com.sinosoft.test.base.TestBase:66 - 系统自动捕获异常：Exception occured: org.openqa.selenium.NoSuchElementException: Unable to find element with css selector == *[name='fieldValue']
For documentation on this error, please visit: http://seleniumhq.org/exceptions/no_such_element.html
Build info: version: '3.9.0', revision: '698b3178f0', time: '2018-02-05T14:26:55.441Z'
System info: host: 'DESKTOP-I9S3ABE', ip: '100.100.96.220', os.name: 'Windows 10', os.arch: 'amd64', os.version: '10.0', java.version: '1.8.0_101'
Driver info: org.openqa.selenium.ie.InternetExplorerDriver
Capabilities {acceptInsecureCerts: false, browserName: internet explorer, browserVersion: 11, javascriptEnabled: true, pageLoadStrategy: normal, platform: WINDOWS, platformName: WINDOWS, proxy: Proxy(), se:ieOptions: {browserAttachTimeout: 0, elementScrollBehavior: 0, enablePersistentHover: true, ie.browserCommandLineSwitches: , ie.ensureCleanSession: false, ie.fileUploadDialogTimeout: 3000, ie.forceCreateProcessApi: false, ignoreProtectedModeSettings: true, ignoreZoomSetting: false, initialBrowserUrl: http://localhost:22609/, nativeEvents: true, requireWindowFocus: false}, setWindowRect: true, timeouts: {implicit: 0, pageLoad: 300000, script: 30000}, unhandledPromptBehavior: ignore}
Session ID: 60887b1b-566a-4cb8-bc95-752268e296fa
*** Element info: {Using=name, value=fieldValue}
2020/07/14 09:54:02:308  INFO com.sinosoft.test.base.TestBase:68 - 异常的message 是：Unable to find element with css selector == *[name='fieldValue']
For documentation on this error, please visit: http://seleniumhq.org/exceptions/no_such_element.html
Build info: version: '3.9.0', revision: '698b3178f0', time: '2018-02-05T14:26:55.441Z'
System info: host: 'DESKTOP-I9S3ABE', ip: '100.100.96.220', os.name: 'Windows 10', os.arch: 'amd64', os.version: '10.0', java.version: '1.8.0_101'
Driver info: org.openqa.selenium.ie.InternetExplorerDriver
Capabilities {acceptInsecureCerts: false, browserName: internet explorer, browserVersion: 11, javascriptEnabled: true, pageLoadStrategy: normal, platform: WINDOWS, platformName: WINDOWS, proxy: Proxy(), se:ieOptions: {browserAttachTimeout: 0, elementScrollBehavior: 0, enablePersistentHover: true, ie.browserCommandLineSwitches: , ie.ensureCleanSession: false, ie.fileUploadDialogTimeout: 3000, ie.forceCreateProcessApi: false, ignoreProtectedModeSettings: true, ignoreZoomSetting: false, initialBrowserUrl: http://localhost:22609/, nativeEvents: true, requireWindowFocus: false}, setWindowRect: true, timeouts: {implicit: 0, pageLoad: 300000, script: 30000}, unhandledPromptBehavior: ignore}
Session ID: 60887b1b-566a-4cb8-bc95-752268e296fa
*** Element info: {Using=name, value=fieldValue}
2020/07/14 09:54:02:562 DEBUG com.sinosoft.test.base.TestBase:76 - Trying to find Element By : By.name: fieldValue
2020/07/14 09:54:04:911 DEBUG com.sinosoft.test.base.TestBase:66 - 系统自动捕获异常：Exception occured: org.openqa.selenium.NoSuchElementException: Unable to find element with css selector == *[name='fieldValue']
For documentation on this error, please visit: http://seleniumhq.org/exceptions/no_such_element.html
Build info: version: '3.9.0', revision: '698b3178f0', time: '2018-02-05T14:26:55.441Z'
System info: host: 'DESKTOP-I9S3ABE', ip: '100.100.96.220', os.name: 'Windows 10', os.arch: 'amd64', os.version: '10.0', java.version: '1.8.0_101'
Driver info: org.openqa.selenium.ie.InternetExplorerDriver
Capabilities {acceptInsecureCerts: false, browserName: internet explorer, browserVersion: 11, javascriptEnabled: true, pageLoadStrategy: normal, platform: WINDOWS, platformName: WINDOWS, proxy: Proxy(), se:ieOptions: {browserAttachTimeout: 0, elementScrollBehavior: 0, enablePersistentHover: true, ie.browserCommandLineSwitches: , ie.ensureCleanSession: false, ie.fileUploadDialogTimeout: 3000, ie.forceCreateProcessApi: false, ignoreProtectedModeSettings: true, ignoreZoomSetting: false, initialBrowserUrl: http://localhost:22609/, nativeEvents: true, requireWindowFocus: false}, setWindowRect: true, timeouts: {implicit: 0, pageLoad: 300000, script: 30000}, unhandledPromptBehavior: ignore}
Session ID: 60887b1b-566a-4cb8-bc95-752268e296fa
*** Element info: {Using=name, value=fieldValue}
2020/07/14 09:54:04:914  INFO com.sinosoft.test.base.TestBase:68 - 异常的message 是：Unable to find element with css selector == *[name='fieldValue']
For documentation on this error, please visit: http://seleniumhq.org/exceptions/no_such_element.html
Build info: version: '3.9.0', revision: '698b3178f0', time: '2018-02-05T14:26:55.441Z'
System info: host: 'DESKTOP-I9S3ABE', ip: '100.100.96.220', os.name: 'Windows 10', os.arch: 'amd64', os.version: '10.0', java.version: '1.8.0_101'
Driver info: org.openqa.selenium.ie.InternetExplorerDriver
Capabilities {acceptInsecureCerts: false, browserName: internet explorer, browserVersion: 11, javascriptEnabled: true, pageLoadStrategy: normal, platform: WINDOWS, platformName: WINDOWS, proxy: Proxy(), se:ieOptions: {browserAttachTimeout: 0, elementScrollBehavior: 0, enablePersistentHover: true, ie.browserCommandLineSwitches: , ie.ensureCleanSession: false, ie.fileUploadDialogTimeout: 3000, ie.forceCreateProcessApi: false, ignoreProtectedModeSettings: true, ignoreZoomSetting: false, initialBrowserUrl: http://localhost:22609/, nativeEvents: true, requireWindowFocus: false}, setWindowRect: true, timeouts: {implicit: 0, pageLoad: 300000, script: 30000}, unhandledPromptBehavior: ignore}
Session ID: 60887b1b-566a-4cb8-bc95-752268e296fa
*** Element info: {Using=name, value=fieldValue}
2020/07/14 09:54:04:921  INFO com.sinosoft.test.base.TestBase:125 - 执行测试用例发生了异常，开始截屏
org.openqa.selenium.NoSuchElementException: Timed out after 10 seconds. Unable to locate the element
	at org.openqa.selenium.support.pagefactory.AjaxElementLocator.findElement(AjaxElementLocator.java:91)
	at org.openqa.selenium.support.pagefactory.internal.LocatingElementHandler.invoke(LocatingElementHandler.java:38)
	at com.sun.proxy.$Proxy12.clear(Unknown Source)
	at com.sinosoft.test.base.TestBase.setEditboxValue(TestBase.java:361)
	at com.sinosoft.test.fccp.common.CodeSelectPage.selectByCodes(CodeSelectPage.java:45)
	at com.sinosoft.test.fccp.common.FccbBase.CodeSelect(FccbBase.java:46)
	at com.sinosoft.test.fccp.tbcl.RiskDetail_insuredObjPage.inputRiskCodeAction(RiskDetail_insuredObjPage.java:305)
	at com.sinosoft.test.fccp.tbcl.RiskDetail_insuredObjPage.inputRiskCoverageAction(RiskDetail_insuredObjPage.java:233)
	at com.sinosoft.testcases.fccb.TBGLTestCase.FCCB_TBCL(TBGLTestCase.java:104)
	at sun.reflect.NativeMethodAccessorImpl.invoke0(Native Method)
	at sun.reflect.NativeMethodAccessorImpl.invoke(NativeMethodAccessorImpl.java:62)
	at sun.reflect.DelegatingMethodAccessorImpl.invoke(DelegatingMethodAccessorImpl.java:43)
	at java.lang.reflect.Method.invoke(Method.java:498)
	at org.testng.internal.MethodInvocationHelper.invokeMethod(MethodInvocationHelper.java:108)
	at org.testng.internal.Invoker.invokeMethod(Invoker.java:661)
	at org.testng.internal.Invoker.invokeTestMethod(Invoker.java:869)
	at org.testng.internal.Invoker.invokeTestMethods(Invoker.java:1193)
	at org.testng.internal.TestMethodWorker.invokeTestMethods(TestMethodWorker.java:126)
	at org.testng.internal.TestMethodWorker.run(TestMethodWorker.java:109)
	at org.testng.TestRunner.privateRun(TestRunner.java:744)
	at org.testng.TestRunner.run(TestRunner.java:602)
	at org.testng.SuiteRunner.runTest(SuiteRunner.java:380)
	at org.testng.SuiteRunner.runSequentially(SuiteRunner.java:375)
	at org.testng.SuiteRunner.privateRun(SuiteRunner.java:340)
	at org.testng.SuiteRunner.run(SuiteRunner.java:289)
	at org.testng.SuiteRunnerWorker.runSuite(SuiteRunnerWorker.java:52)
	at org.testng.SuiteRunnerWorker.run(SuiteRunnerWorker.java:86)
	at org.testng.TestNG.runSuitesSequentially(TestNG.java:1301)
	at org.testng.TestNG.runSuitesLocally(TestNG.java:1226)
	at org.testng.TestNG.runSuites(TestNG.java:1144)
	at org.testng.TestNG.run(TestNG.java:1115)
	at org.apache.maven.surefire.testng.TestNGExecutor.run(TestNGExecutor.java:283)
	at org.apache.maven.surefire.testng.TestNGXmlTestSuite.execute(TestNGXmlTestSuite.java:75)
	at org.apache.maven.surefire.testng.TestNGProvider.invoke(TestNGProvider.java:120)
	at org.apache.maven.surefire.booter.ForkedBooter.invokeProviderInSameClassLoader(ForkedBooter.java:384)
	at org.apache.maven.surefire.booter.ForkedBooter.runSuitesInProcess(ForkedBooter.java:345)
	at org.apache.maven.surefire.booter.ForkedBooter.execute(ForkedBooter.java:126)
	at org.apache.maven.surefire.booter.ForkedBooter.main(ForkedBooter.java:418)
Caused by: org.openqa.selenium.NoSuchElementException: Unable to find element with css selector == *[name='fieldValue']
For documentation on this error, please visit: http://seleniumhq.org/exceptions/no_such_element.html
Build info: version: '3.9.0', revision: '698b3178f0', time: '2018-02-05T14:26:55.441Z'
System info: host: 'DESKTOP-I9S3ABE', ip: '100.100.96.220', os.name: 'Windows 10', os.arch: 'amd64', os.version: '10.0', java.version: '1.8.0_101'
Driver info: org.openqa.selenium.ie.InternetExplorerDriver
Capabilities {acceptInsecureCerts: false, browserName: internet explorer, browserVersion: 11, javascriptEnabled: true, pageLoadStrategy: normal, platform: WINDOWS, platformName: WINDOWS, proxy: Proxy(), se:ieOptions: {browserAttachTimeout: 0, elementScrollBehavior: 0, enablePersistentHover: true, ie.browserCommandLineSwitches: , ie.ensureCleanSession: false, ie.fileUploadDialogTimeout: 3000, ie.forceCreateProcessApi: false, ignoreProtectedModeSettings: true, ignoreZoomSetting: false, initialBrowserUrl: http://localhost:22609/, nativeEvents: true, requireWindowFocus: false}, setWindowRect: true, timeouts: {implicit: 0, pageLoad: 300000, script: 30000}, unhandledPromptBehavior: ignore}
Session ID: 60887b1b-566a-4cb8-bc95-752268e296fa
*** Element info: {Using=name, value=fieldValue}
	at sun.reflect.NativeConstructorAccessorImpl.newInstance0(Native Method)
	at sun.reflect.NativeConstructorAccessorImpl.newInstance(NativeConstructorAccessorImpl.java:62)
	at sun.reflect.DelegatingConstructorAccessorImpl.newInstance(DelegatingConstructorAccessorImpl.java:45)
	at java.lang.reflect.Constructor.newInstance(Constructor.java:423)
	at org.openqa.selenium.remote.http.W3CHttpResponseCodec.createException(W3CHttpResponseCodec.java:187)
	at org.openqa.selenium.remote.http.W3CHttpResponseCodec.decode(W3CHttpResponseCodec.java:122)
	at org.openqa.selenium.remote.http.W3CHttpResponseCodec.decode(W3CHttpResponseCodec.java:49)
	at org.openqa.selenium.remote.HttpCommandExecutor.execute(HttpCommandExecutor.java:160)
	at org.openqa.selenium.remote.service.DriverCommandExecutor.execute(DriverCommandExecutor.java:83)
	at org.openqa.selenium.remote.RemoteWebDriver.execute(RemoteWebDriver.java:601)
	at org.openqa.selenium.remote.RemoteWebDriver.findElement(RemoteWebDriver.java:371)
	at org.openqa.selenium.remote.RemoteWebDriver.findElementByName(RemoteWebDriver.java:449)
	at org.openqa.selenium.By$ByName.findElement(By.java:303)
	at org.openqa.selenium.remote.RemoteWebDriver.findElement(RemoteWebDriver.java:363)
	at sun.reflect.GeneratedMethodAccessor3.invoke(Unknown Source)
	at sun.reflect.DelegatingMethodAccessorImpl.invoke(DelegatingMethodAccessorImpl.java:43)
	at java.lang.reflect.Method.invoke(Method.java:498)
	at org.openqa.selenium.support.events.EventFiringWebDriver$2.invoke(EventFiringWebDriver.java:108)
	at com.sun.proxy.$Proxy8.findElement(Unknown Source)
	at org.openqa.selenium.support.events.EventFiringWebDriver.findElement(EventFiringWebDriver.java:192)
	at org.openqa.selenium.support.pagefactory.DefaultElementLocator.findElement(DefaultElementLocator.java:69)
	at org.openqa.selenium.support.pagefactory.AjaxElementLocator.access$001(AjaxElementLocator.java:41)
	at org.openqa.selenium.support.pagefactory.AjaxElementLocator$SlowLoadingElement.isLoaded(AjaxElementLocator.java:157)
	at org.openqa.selenium.support.ui.SlowLoadableComponent.get(SlowLoadableComponent.java:69)
	at org.openqa.selenium.support.pagefactory.AjaxElementLocator.findElement(AjaxElementLocator.java:87)
	... 37 more
2020/07/14 09:54:04:926 DEBUG com.sinosoft.test.base.TestBase:88 - 截屏文件名字是：FCCB_TB_JCX_2_异常截屏
2020/07/14 09:54:05:160  INFO com.sinosoft.test.base.TestBase:129 - 执行测试用例发生了异常，截屏结束！
2020/07/14 09:54:05:163  INFO com.sinosoft.test.base.TestBase:132 - 进入Finally事件:RowID:2
2020/07/14 09:54:05:165  INFO com.sinosoft.test.base.TestBase:133 - 进入Finally事件:testCaseName:FCCB_TBCL
2020/07/14 09:54:05:169  INFO com.sinosoft.test.base.TestBase:134 - 进入Finally事件:proposalNumber:06201890122202000000000004
2020/07/14 09:54:05:171  INFO com.sinosoft.test.base.TestBase:135 - 进入Finally事件:message:未知异常Timed out after 10 seconds. Unable to locate the element
2020/07/14 09:54:05:172  INFO com.sinosoft.test.base.TestBase:136 - 进入Finally事件:screenshot:C:\Users\liu-b\git\PageObjectModel\screenshots\FCCB_TB_JCX_2_异常截屏_20200714095405155.png
2020/07/14 09:54:05:512  INFO com.sinosoft.test.base.TestBase:91 - start InternetExplorerDriver
2020/07/14 09:54:07:972 DEBUG com.sinosoft.test.base.TestBase:69 - 初始化class com.sinosoft.test.util.WebEventListener
2020/07/14 09:54:07:989  INFO com.sinosoft.test.base.TestBase:80 - 开始运行测试脚本，获取到的测试数据《getTBCLTestData》如下:
2020/07/14 09:54:07:989  INFO com.sinosoft.test.base.TestBase:81 - ROW_ID=3
ProcessFlag=N
TestCaseName=FCCB_TB_GCX
TestCaseSeq=1
TestDescription=非车承保企财险-建工一切险-出单
riskClass=07
riskCode=0701
renewalInd=0
renewalPolicy=
prePay=
carrayOver=
carrayOverPolicy=
relatedInd=
relatedPolicy=
fbbs=
ywgs=01620190
qdlx=01
gdbs=6
xstd=T6201900101
ywy=S000000006
ywly=01010101
dljg=
xsxy=
cxywbs=YDW
cdjg=01
htzyjjfs=2
jnwbz=
jw_country=
jw_Addr=
snbz=
sftkbd=0
sfdzbd=0
sfxb=0
fxqkyjytz=
sfydyw=
sfsn=
xbbdh=
tbr_lx=1
tbr_mc=
tbr_vip=
tbr_dm=I11101757160
tbr_zjlx=
tbr_zjhm=
tbr_sj=
tbr_csrq=
tbr_lxdz=
tbr_dwdh=
lxr_xm=
lxr_xb=
lxr_zw=
lxr_sj=
lxr_yx=
xzsyfw=1
tqmc=
qbrq=
zbrq=
lgbbz=0
yyzdbz=
sfgxdm=1
cbdq=0001
zzfwlx=0
hydl=
hyxl=
jqbm=
bbdm=
sf=
cs=
qx=
yb=
jzdj=
bxcs=
bdw_jd=
bdw_yyxz=
bdw_sfhyf=
bdw_fxlx=
bdw_sbmc=
bdw_cjh=
bdw_fdjh=
bdw_cjdjrq=
bdw_cllx=
bdw_cpcx=
bdw_sccj=
bdw_gzjz=
bdw_sgzyqy=
bdw_zylx=
bdw=
bdwmx=
xbdm=
jrbe=
jzfs=
bxje=
bffl=
dqflbz=
ysbf=
yyzd_zdpcg=
yyzd_sndmlrze=
yyzd_sndyye=
yyzd_bdw=
yyzd_bdwmx=
yyzd_xbdm=
yyzd_jrbe=
yyzd_jzfs=
yyzd_bxje=
yyzd_bffl=
yyzd_dqflbz=
yyzd_ysbf=
fsh=5
xsfdj=A
xsfxs=2
jgx_sf=620000
jgx_cs=620100
jgx_qx=620102
jgx_gcdd=市政府家属院
jgx_bb=CNY
jgx_gcmc=市政府家属院污水改造工程
jgx_gclx_1=001
jgx_gclx_2=002
jgx_gclx_3=005
jgx_gclx_4=
jgx_gclx_5=006
jgx_gclx_6=007
jgx_yzssjt=0020
jgx_yz=00200001
jgx_cbs_ssjt=9999
jgx_cbs=99990018
jgx_gchth=JGX00020002001
jgx_gcjz=20000000
jgx_gcqsrq=20200301
jgx_gczzrq=20201231
jgx_gcfw=商业体开发及装修
jgx_scqqsrq=20200301
jgx_scqzzrq=20200331
jgx_bzqqsrq=20210101
jgx_bzqzzrq=20211231
jgx_ws_xmlbdm=070001
jgx_ws_jrbe=1
jgx_ws_bxje=20000000
jgx_ws_fl=4
jgx_ws_dqflbz=4
jgx_ws_ysbf=8000
jgx_sz_xbdm=0701034
jgx_sz_jrbe=1
jgx_sz_ljpcxe=10,000,000.00
jgx_sz_fv=2
jgx_sz_dqflbz=4
jgx_sz_ysbf=2000
proposalNumber=06201900701202000000000091
message=
screenshot=
testCaseName=FCCB_TBCL

2020/07/14 09:54:07:990  INFO com.sinosoft.test.base.TestBase:132 - 进入Finally事件:RowID:3
2020/07/14 09:54:07:991  INFO com.sinosoft.test.base.TestBase:133 - 进入Finally事件:testCaseName:FCCB_TBCL
2020/07/14 09:54:07:992  INFO com.sinosoft.test.base.TestBase:134 - 进入Finally事件:proposalNumber:06201900701202000000000091
2020/07/14 09:54:07:993  INFO com.sinosoft.test.base.TestBase:135 - 进入Finally事件:message:
2020/07/14 09:54:07:993  INFO com.sinosoft.test.base.TestBase:136 - 进入Finally事件:screenshot:
2020/07/14 09:54:08:165  INFO com.sinosoft.test.base.TestBase:91 - start InternetExplorerDriver
2020/07/14 09:54:10:161 DEBUG com.sinosoft.test.base.TestBase:69 - 初始化class com.sinosoft.test.util.WebEventListener
2020/07/14 09:54:10:177  INFO com.sinosoft.test.base.TestBase:80 - 开始运行测试脚本，获取到的测试数据《getTBCLTestData》如下:
2020/07/14 09:54:10:178  INFO com.sinosoft.test.base.TestBase:81 - ROW_ID=4
ProcessFlag=N
TestCaseName=FCCB_TB_JCX
TestCaseSeq=2
TestDescription=非车承保企财险-机器损坏保险-出单
riskClass=01
riskCode=0107
renewalInd=0
renewalPolicy=
prePay=
carrayOver=
carrayOverPolicy=
relatedInd=
relatedPolicy=
fbbs=
ywgs=01620189
qdlx=04
gdbs=0
xstd=T6209880101
ywy=S000000029
ywly=01010101
dljg=
xsxy=
cxywbs=HXXT
cdjg=
htzyjjfs=
jnwbz=
jw_country=
jw_Addr=
snbz=
sftkbd=0
sfdzbd=0
sfxb=0
fxqkyjytz=
sfydyw=
sfsn=
xbbdh=
tbr_lx=2
tbr_mc=
tbr_vip=
tbr_dm=G6200019984
tbr_zjlx=
tbr_zjhm=
tbr_sj=
tbr_csrq=
tbr_lxdz=
tbr_dwdh=010-67549095-455
lxr_xm=
lxr_xb=
lxr_zw=
lxr_sj=
lxr_yx=
xzsyfw=1
tqmc=
qbrq=
zbrq=
lgbbz=0
yyzdbz=0
sfgxdm=1
cbdq=
zzfwlx=2
hydl=03
hyxl=03006
jqbm=121121123123
bbdm=CNY
sf=130000
cs=130300
qx=130302
yb=065201
jzdj=01
bxcs=北戴河公园
bdw_jd=西城区月坛街道
bdw_yyxz=01
bdw_sfhyf=0
bdw_fxlx=03
bdw_sbmc=
bdw_cjh=
bdw_fdjh=
bdw_cjdjrq=
bdw_cllx=
bdw_cpcx=
bdw_sccj=
bdw_gzjz=
bdw_sgzyqy=
bdw_zylx=
bdw=010007
bdwmx=
xbdm=0107001
jrbe=1
jzfs=09
bxje=2000000
bffl=0.5
dqflbz=2
ysbf=8000
yyzd_zdpcg=
yyzd_sndmlrze=
yyzd_sndyye=
yyzd_bdw=
yyzd_bdwmx=
yyzd_xbdm=
yyzd_jrbe=
yyzd_jzfs=
yyzd_bxje=
yyzd_bffl=
yyzd_dqflbz=
yyzd_ysbf=
fsh=5
xsfdj=A
xsfxs=2
jgx_sf=
jgx_cs=
jgx_qx=
jgx_gcdd=
jgx_bb=
jgx_gcmc=
jgx_gclx_1=
jgx_gclx_2=
jgx_gclx_3=
jgx_gclx_4=
jgx_gclx_5=
jgx_gclx_6=
jgx_yzssjt=
jgx_yz=
jgx_cbs_ssjt=
jgx_cbs=
jgx_gchth=
jgx_gcjz=
jgx_gcqsrq=
jgx_gczzrq=
jgx_gcfw=
jgx_scqqsrq=
jgx_scqzzrq=
jgx_bzqqsrq=
jgx_bzqzzrq=
jgx_ws_xmlbdm=
jgx_ws_jrbe=
jgx_ws_bxje=
jgx_ws_fl=
jgx_ws_dqflbz=
jgx_ws_ysbf=
jgx_sz_xbdm=
jgx_sz_jrbe=
jgx_sz_ljpcxe=
jgx_sz_fv=
jgx_sz_dqflbz=
jgx_sz_ysbf=
proposalNumber=06201890107202000000000005
message=未知异常Currently focused window has been closed.
Build info: version: '3.9.0', revision: '698b3178f0', time: '2018-02-05T14:26:55.441Z'
System info: host: 'DESKTOP-I9S3ABE', ip: '100.100.93.42', os.name: 'Windows 10', os.arch: 'amd64', os.version: '10.0', java.version: '1.8.0_101'
Driver info: org.openqa.selenium.ie.InternetExplorerDriver
Capabilities {acceptInsecureCerts: false, browserName: internet explorer, browserVersion: 11, javascriptEnabled: true, pageLoadStrategy: normal, platform: WINDOWS, platformName: WINDOWS, proxy: Proxy(), se:ieOptions: {browserAttachTimeout: 0, elementScrollBehavior: 0, enablePersistentHover: true, ie.browserCommandLineSwitches: , ie.ensureCleanSession: false, ie.fileUploadDialogTimeout: 3000, ie.forceCreateProcessApi: false, ignoreProtectedModeSettings: true, ignoreZoomSetting: false, initialBrowserUrl: http://localhost:15976/, nativeEvents: true, requireWindowFocus: false}, setWindowRect: true, timeouts: {implicit: 0, pageLoad: 300000, script: 30000}, unhandledPromptBehavior: ignore}
Session ID: a4ddda5b-3c22-4027-b7dd-dd77604460c0
*** Element info: {Using=name, value=codeselect}
screenshot=
testCaseName=FCCB_TBCL

2020/07/14 09:54:10:179  INFO com.sinosoft.test.base.TestBase:132 - 进入Finally事件:RowID:4
2020/07/14 09:54:10:181  INFO com.sinosoft.test.base.TestBase:133 - 进入Finally事件:testCaseName:FCCB_TBCL
2020/07/14 09:54:10:182  INFO com.sinosoft.test.base.TestBase:134 - 进入Finally事件:proposalNumber:06201890107202000000000005
2020/07/14 09:54:10:182  INFO com.sinosoft.test.base.TestBase:135 - 进入Finally事件:message:未知异常Currently focused window has been closed.
Build info: version: '3.9.0', revision: '698b3178f0', time: '2018-02-05T14:26:55.441Z'
System info: host: 'DESKTOP-I9S3ABE', ip: '100.100.93.42', os.name: 'Windows 10', os.arch: 'amd64', os.version: '10.0', java.version: '1.8.0_101'
Driver info: org.openqa.selenium.ie.InternetExplorerDriver
Capabilities {acceptInsecureCerts: false, browserName: internet explorer, browserVersion: 11, javascriptEnabled: true, pageLoadStrategy: normal, platform: WINDOWS, platformName: WINDOWS, proxy: Proxy(), se:ieOptions: {browserAttachTimeout: 0, elementScrollBehavior: 0, enablePersistentHover: true, ie.browserCommandLineSwitches: , ie.ensureCleanSession: false, ie.fileUploadDialogTimeout: 3000, ie.forceCreateProcessApi: false, ignoreProtectedModeSettings: true, ignoreZoomSetting: false, initialBrowserUrl: http://localhost:15976/, nativeEvents: true, requireWindowFocus: false}, setWindowRect: true, timeouts: {implicit: 0, pageLoad: 300000, script: 30000}, unhandledPromptBehavior: ignore}
Session ID: a4ddda5b-3c22-4027-b7dd-dd77604460c0
*** Element info: {Using=name, value=codeselect}
2020/07/14 09:54:10:183  INFO com.sinosoft.test.base.TestBase:136 - 进入Finally事件:screenshot:
2020/07/14 09:54:10:346  INFO com.sinosoft.test.base.TestBase:91 - start InternetExplorerDriver
2020/07/14 09:54:12:393 DEBUG com.sinosoft.test.base.TestBase:69 - 初始化class com.sinosoft.test.util.WebEventListener
2020/07/14 09:54:12:409  INFO com.sinosoft.test.base.TestBase:80 - 开始运行测试脚本，获取到的测试数据《getTBCLTestData》如下:
2020/07/14 09:54:12:411  INFO com.sinosoft.test.base.TestBase:81 - ROW_ID=5
ProcessFlag=N
TestCaseName=FCCB_TB_JCX
TestCaseSeq=1
TestDescription=非车承保企财险-财产基本险-出单
riskClass=01
riskCode=0101
renewalInd=0
renewalPolicy=
prePay=
carrayOver=
carrayOverPolicy=
relatedInd=
relatedPolicy=
fbbs=
ywgs=01620189
qdlx=04
gdbs=0
xstd=T6209880101
ywy=S000000029
ywly=01010101
dljg=
xsxy=
cxywbs=HXXT
cdjg=
htzyjjfs=
jnwbz=
jw_country=
jw_Addr=
snbz=
sftkbd=0
sfdzbd=0
sfxb=0
fxqkyjytz=
sfydyw=
sfsn=
xbbdh=
tbr_lx=2
tbr_mc=
tbr_vip=
tbr_dm=G6200019603
tbr_zjlx=
tbr_zjhm=
tbr_sj=
tbr_csrq=
tbr_lxdz=
tbr_dwdh=010-67549095-456
lxr_xm=
lxr_xb=
lxr_zw=
lxr_sj=
lxr_yx=
xzsyfw=1
tqmc=
qbrq=
zbrq=
lgbbz=1
yyzdbz=1
sfgxdm=1
cbdq=
zzfwlx=0
hydl=12
hyxl=12006
jqbm=121121123123
bbdm=CNY
sf=130000
cs=130300
qx=130302
yb=065201
jzdj=01
bxcs=北戴河公园
bdw_jd=金融街街道
bdw_yyxz=
bdw_sfhyf=
bdw_fxlx=
bdw_sbmc=
bdw_cjh=
bdw_fdjh=
bdw_cjdjrq=
bdw_cllx=
bdw_cpcx=
bdw_sccj=
bdw_gzjz=
bdw_sgzyqy=
bdw_zylx=
bdw=010001
bdwmx=碣石公园礁石群
xbdm=0101001
jrbe=1
jzfs=10
bxje=2000000
bffl=0.5
dqflbz=2
ysbf=400
yyzd_zdpcg=24
yyzd_sndmlrze=6000000
yyzd_sndyye=20000000
yyzd_bdw=010056
yyzd_bdwmx=
yyzd_xbdm=0105001
yyzd_jrbe=1
yyzd_jzfs=18
yyzd_bxje=200000
yyzd_bffl=3
yyzd_dqflbz=3
yyzd_ysbf=4000
fsh=6
xsfdj=B
xsfxs=2
jgx_sf=
jgx_cs=
jgx_qx=
jgx_gcdd=
jgx_bb=
jgx_gcmc=
jgx_gclx_1=
jgx_gclx_2=
jgx_gclx_3=
jgx_gclx_4=
jgx_gclx_5=
jgx_gclx_6=
jgx_yzssjt=
jgx_yz=
jgx_cbs_ssjt=
jgx_cbs=
jgx_gchth=
jgx_gcjz=
jgx_gcqsrq=
jgx_gczzrq=
jgx_gcfw=
jgx_scqqsrq=
jgx_scqzzrq=
jgx_bzqqsrq=
jgx_bzqzzrq=
jgx_ws_xmlbdm=
jgx_ws_jrbe=
jgx_ws_bxje=
jgx_ws_fl=
jgx_ws_dqflbz=
jgx_ws_ysbf=
jgx_sz_xbdm=
jgx_sz_jrbe=
jgx_sz_ljpcxe=
jgx_sz_fv=
jgx_sz_dqflbz=
jgx_sz_ysbf=
proposalNumber=06201890101202000000000224
message=未知异常No frame element found by name or id myFrame
Build info: version: '3.9.0', revision: '698b3178f0', time: '2018-02-05T14:26:55.441Z'
System info: host: 'DESKTOP-I9S3ABE', ip: '100.100.94.122', os.name: 'Windows 10', os.arch: 'amd64', os.version: '10.0', java.version: '1.8.0_101'
Driver info: driver.version: unknown
screenshot=C:\Users\liu-b\git\PageObjectModel\screenshots\FCCB_TB_JCX_1_异常截屏_20200713064216351.png
testCaseName=FCCB_TBCL

2020/07/14 09:54:12:411  INFO com.sinosoft.test.base.TestBase:132 - 进入Finally事件:RowID:5
2020/07/14 09:54:12:413  INFO com.sinosoft.test.base.TestBase:133 - 进入Finally事件:testCaseName:FCCB_TBCL
2020/07/14 09:54:12:414  INFO com.sinosoft.test.base.TestBase:134 - 进入Finally事件:proposalNumber:06201890101202000000000224
2020/07/14 09:54:12:415  INFO com.sinosoft.test.base.TestBase:135 - 进入Finally事件:message:未知异常No frame element found by name or id myFrame
Build info: version: '3.9.0', revision: '698b3178f0', time: '2018-02-05T14:26:55.441Z'
System info: host: 'DESKTOP-I9S3ABE', ip: '100.100.94.122', os.name: 'Windows 10', os.arch: 'amd64', os.version: '10.0', java.version: '1.8.0_101'
Driver info: driver.version: unknown
2020/07/14 09:54:12:417  INFO com.sinosoft.test.base.TestBase:136 - 进入Finally事件:screenshot:C:\Users\liu-b\git\PageObjectModel\screenshots\FCCB_TB_JCX_1_异常截屏_20200713064216351.png
2020/07/14 09:54:12:821 DEBUG freemarker.cache:45 - Couldn't find template in cache for "index.ftl"("en", UTF-8, parsed); will try to load it.
2020/07/14 09:54:12:825 DEBUG freemarker.cache:45 - TemplateLoader.findTemplateSource("index_en.ftl"): Not found
2020/07/14 09:54:12:830 DEBUG freemarker.cache:45 - TemplateLoader.findTemplateSource("index.ftl"): Found
2020/07/14 09:54:12:832 DEBUG freemarker.cache:45 - Loading template for "index.ftl"("en", UTF-8, parsed) from "jar:file:/C:/Users/liu-b/.m2/repository/com/aventstack/extentreports/3.1.3/extentreports-3.1.3.jar!/com/aventstack/extentreports/view/html-report/index.ftl"
2020/07/14 09:54:13:141 DEBUG freemarker.cache:45 - Couldn't find template in cache for "head.ftl"("en", UTF-8, parsed); will try to load it.
2020/07/14 09:54:13:148 DEBUG freemarker.cache:45 - TemplateLoader.findTemplateSource("head_en.ftl"): Not found
2020/07/14 09:54:13:149 DEBUG freemarker.cache:45 - TemplateLoader.findTemplateSource("head.ftl"): Found
2020/07/14 09:54:13:150 DEBUG freemarker.cache:45 - Loading template for "head.ftl"("en", UTF-8, parsed) from "jar:file:/C:/Users/liu-b/.m2/repository/com/aventstack/extentreports/3.1.3/extentreports-3.1.3.jar!/com/aventstack/extentreports/view/html-report/head.ftl"
2020/07/14 09:54:13:154 DEBUG freemarker.cache:45 - Couldn't find template in cache for "nav.ftl"("en", UTF-8, parsed); will try to load it.
2020/07/14 09:54:13:155 DEBUG freemarker.cache:45 - TemplateLoader.findTemplateSource("nav_en.ftl"): Not found
2020/07/14 09:54:13:157 DEBUG freemarker.cache:45 - TemplateLoader.findTemplateSource("nav.ftl"): Found
2020/07/14 09:54:13:157 DEBUG freemarker.cache:45 - Loading template for "nav.ftl"("en", UTF-8, parsed) from "jar:file:/C:/Users/liu-b/.m2/repository/com/aventstack/extentreports/3.1.3/extentreports-3.1.3.jar!/com/aventstack/extentreports/view/html-report/nav.ftl"
2020/07/14 09:54:13:174 DEBUG freemarker.cache:45 - Couldn't find template in cache for "test-view/test-view.ftl"("en", UTF-8, parsed); will try to load it.
2020/07/14 09:54:13:176 DEBUG freemarker.cache:45 - TemplateLoader.findTemplateSource("test-view/test-view_en.ftl"): Not found
2020/07/14 09:54:13:179 DEBUG freemarker.cache:45 - TemplateLoader.findTemplateSource("test-view/test-view.ftl"): Found
2020/07/14 09:54:13:182 DEBUG freemarker.cache:45 - Loading template for "test-view/test-view.ftl"("en", UTF-8, parsed) from "jar:file:/C:/Users/liu-b/.m2/repository/com/aventstack/extentreports/3.1.3/extentreports-3.1.3.jar!/com/aventstack/extentreports/view/html-report/test-view/test-view.ftl"
2020/07/14 09:54:13:203 DEBUG freemarker.cache:45 - Couldn't find template in cache for "test-view/test-view-charts.ftl"("en", UTF-8, parsed); will try to load it.
2020/07/14 09:54:13:205 DEBUG freemarker.cache:45 - TemplateLoader.findTemplateSource("test-view/test-view-charts_en.ftl"): Not found
2020/07/14 09:54:13:207 DEBUG freemarker.cache:45 - TemplateLoader.findTemplateSource("test-view/test-view-charts.ftl"): Found
2020/07/14 09:54:13:209 DEBUG freemarker.cache:45 - Loading template for "test-view/test-view-charts.ftl"("en", UTF-8, parsed) from "jar:file:/C:/Users/liu-b/.m2/repository/com/aventstack/extentreports/3.1.3/extentreports-3.1.3.jar!/com/aventstack/extentreports/view/html-report/test-view/test-view-charts.ftl"
2020/07/14 09:54:13:241 DEBUG freemarker.cache:45 - Couldn't find template in cache for "test-view/standard.ftl"("en", UTF-8, parsed); will try to load it.
2020/07/14 09:54:13:246 DEBUG freemarker.cache:45 - TemplateLoader.findTemplateSource("test-view/standard_en.ftl"): Not found
2020/07/14 09:54:13:248 DEBUG freemarker.cache:45 - TemplateLoader.findTemplateSource("test-view/standard.ftl"): Found
2020/07/14 09:54:13:250 DEBUG freemarker.cache:45 - Loading template for "test-view/standard.ftl"("en", UTF-8, parsed) from "jar:file:/C:/Users/liu-b/.m2/repository/com/aventstack/extentreports/3.1.3/extentreports-3.1.3.jar!/com/aventstack/extentreports/view/html-report/test-view/standard.ftl"
2020/07/14 09:54:13:280 DEBUG freemarker.cache:45 - "test-view/standard.ftl"("en", UTF-8, parsed) cached copy not yet stale; using cached.
2020/07/14 09:54:13:282 DEBUG freemarker.cache:45 - "test-view/standard.ftl"("en", UTF-8, parsed) cached copy not yet stale; using cached.
2020/07/14 09:54:13:285 DEBUG freemarker.cache:45 - "test-view/standard.ftl"("en", UTF-8, parsed) cached copy not yet stale; using cached.
2020/07/14 09:54:13:287 DEBUG freemarker.cache:45 - Couldn't find template in cache for "category-view/category-view.ftl"("en", UTF-8, parsed); will try to load it.
2020/07/14 09:54:13:289 DEBUG freemarker.cache:45 - TemplateLoader.findTemplateSource("category-view/category-view_en.ftl"): Not found
2020/07/14 09:54:13:291 DEBUG freemarker.cache:45 - TemplateLoader.findTemplateSource("category-view/category-view.ftl"): Found
2020/07/14 09:54:13:292 DEBUG freemarker.cache:45 - Loading template for "category-view/category-view.ftl"("en", UTF-8, parsed) from "jar:file:/C:/Users/liu-b/.m2/repository/com/aventstack/extentreports/3.1.3/extentreports-3.1.3.jar!/com/aventstack/extentreports/view/html-report/category-view/category-view.ftl"
2020/07/14 09:54:13:299 DEBUG freemarker.cache:45 - Couldn't find template in cache for "author-view/author-view.ftl"("en", UTF-8, parsed); will try to load it.
2020/07/14 09:54:13:301 DEBUG freemarker.cache:45 - TemplateLoader.findTemplateSource("author-view/author-view_en.ftl"): Not found
2020/07/14 09:54:13:303 DEBUG freemarker.cache:45 - TemplateLoader.findTemplateSource("author-view/author-view.ftl"): Found
2020/07/14 09:54:13:305 DEBUG freemarker.cache:45 - Loading template for "author-view/author-view.ftl"("en", UTF-8, parsed) from "jar:file:/C:/Users/liu-b/.m2/repository/com/aventstack/extentreports/3.1.3/extentreports-3.1.3.jar!/com/aventstack/extentreports/view/html-report/author-view/author-view.ftl"
2020/07/14 09:54:13:315 DEBUG freemarker.cache:45 - Couldn't find template in cache for "exception-view/exception-view.ftl"("en", UTF-8, parsed); will try to load it.
2020/07/14 09:54:13:316 DEBUG freemarker.cache:45 - TemplateLoader.findTemplateSource("exception-view/exception-view_en.ftl"): Not found
2020/07/14 09:54:13:316 DEBUG freemarker.cache:45 - TemplateLoader.findTemplateSource("exception-view/exception-view.ftl"): Found
2020/07/14 09:54:13:316 DEBUG freemarker.cache:45 - Loading template for "exception-view/exception-view.ftl"("en", UTF-8, parsed) from "jar:file:/C:/Users/liu-b/.m2/repository/com/aventstack/extentreports/3.1.3/extentreports-3.1.3.jar!/com/aventstack/extentreports/view/html-report/exception-view/exception-view.ftl"
2020/07/14 09:54:13:334 DEBUG freemarker.cache:45 - Couldn't find template in cache for "dashboard-view/dashboard-view.ftl"("en", UTF-8, parsed); will try to load it.
2020/07/14 09:54:13:337 DEBUG freemarker.cache:45 - TemplateLoader.findTemplateSource("dashboard-view/dashboard-view_en.ftl"): Not found
2020/07/14 09:54:13:339 DEBUG freemarker.cache:45 - TemplateLoader.findTemplateSource("dashboard-view/dashboard-view.ftl"): Found
2020/07/14 09:54:13:341 DEBUG freemarker.cache:45 - Loading template for "dashboard-view/dashboard-view.ftl"("en", UTF-8, parsed) from "jar:file:/C:/Users/liu-b/.m2/repository/com/aventstack/extentreports/3.1.3/extentreports-3.1.3.jar!/com/aventstack/extentreports/view/html-report/dashboard-view/dashboard-view.ftl"
2020/07/14 09:54:13:353 DEBUG freemarker.cache:45 - Couldn't find template in cache for "logs-view/testrunner-logs-view.ftl"("en", UTF-8, parsed); will try to load it.
2020/07/14 09:54:13:356 DEBUG freemarker.cache:45 - TemplateLoader.findTemplateSource("logs-view/testrunner-logs-view_en.ftl"): Not found
2020/07/14 09:54:13:362 DEBUG freemarker.cache:45 - TemplateLoader.findTemplateSource("logs-view/testrunner-logs-view.ftl"): Found
2020/07/14 09:54:13:364 DEBUG freemarker.cache:45 - Loading template for "logs-view/testrunner-logs-view.ftl"("en", UTF-8, parsed) from "jar:file:/C:/Users/liu-b/.m2/repository/com/aventstack/extentreports/3.1.3/extentreports-3.1.3.jar!/com/aventstack/extentreports/view/html-report/logs-view/testrunner-logs-view.ftl"
2020/07/14 10:12:17:701  INFO com.sinosoft.test.base.TestBase:59 - 配置文件路径：config.properties
2020/07/14 10:12:17:705 DEBUG com.sinosoft.test.base.TestBase:69 - 初始化class com.sinosoft.testcases.fccb.TBGLTestCase
2020/07/14 10:12:17:756 DEBUG com.sinosoft.test.base.TestBase:69 - 初始化class com.sinosoft.test.util.ExcelDataProvider
2020/07/14 10:12:18:475  INFO com.sinosoft.test.base.TestBase:80 - 当前文件里面一共有数据：4
2020/07/14 10:12:18:519  INFO com.sinosoft.test.base.TestBase:91 - start InternetExplorerDriver
2020/07/14 10:12:20:652 DEBUG com.sinosoft.test.base.TestBase:69 - 初始化class com.sinosoft.test.util.WebEventListener
2020/07/14 10:12:20:678  INFO com.sinosoft.test.base.TestBase:80 - 开始运行测试脚本，获取到的测试数据《getTBCLTestData》如下:
2020/07/14 10:12:20:679  INFO com.sinosoft.test.base.TestBase:81 - ROW_ID=2
ProcessFlag=Y
TestCaseName=FCCB_TB_JCX
TestCaseSeq=2
TestDescription=非车承保企财险-工程机械设备保险-出单
riskClass=01
riskCode=0122
renewalInd=0
renewalPolicy=
prePay=
carrayOver=
carrayOverPolicy=
relatedInd=
relatedPolicy=
fbbs=
ywgs=01620189
qdlx=04
gdbs=0
xstd=T6209880101
ywy=S000000029
ywly=01010101
dljg=
xsxy=
cxywbs=HXXT
cdjg=
htzyjjfs=
jnwbz=
jw_country=
jw_Addr=
snbz=
sftkbd=0
sfdzbd=0
sfxb=0
fxqkyjytz=
sfydyw=
sfsn=
xbbdh=
tbr_lx=2
tbr_mc=
tbr_vip=
tbr_dm=G6200019984
tbr_zjlx=
tbr_zjhm=
tbr_sj=
tbr_csrq=
tbr_lxdz=
tbr_dwdh=010-67549095-455
lxr_xm=
lxr_xb=
lxr_zw=
lxr_sj=
lxr_yx=
xzsyfw=1
tqmc=
qbrq=
zbrq=
lgbbz=0
yyzdbz=
sfgxdm=1
cbdq=0001
zzfwlx=2
hydl=03
hyxl=03006
jqbm=121121123123
bbdm=CNY
sf=130000
cs=130300
qx=130302
yb=065201
jzdj=
bxcs=
bdw_jd=
bdw_yyxz=
bdw_sfhyf=
bdw_fxlx=
bdw_sbmc=大型联合收割机
bdw_cjh=V1239876895
bdw_fdjh=E00239988
bdw_cjdjrq=20150101
bdw_cllx=车辆类型
bdw_cpcx=厂牌车型
bdw_sccj=东方红
bdw_gzjz=2000000
bdw_sgzyqy=华北地区
bdw_zylx=
bdw=010081
bdwmx=
xbdm=0122001
jrbe=1
jzfs=10
bxje=2000000
bffl=3
dqflbz=2
ysbf=600
yyzd_zdpcg=
yyzd_sndmlrze=
yyzd_sndyye=
yyzd_bdw=
yyzd_bdwmx=
yyzd_xbdm=
yyzd_jrbe=
yyzd_jzfs=
yyzd_bxje=
yyzd_bffl=
yyzd_dqflbz=
yyzd_ysbf=
fsh=5
xsfdj=A
xsfxs=2
jgx_sf=
jgx_cs=
jgx_qx=
jgx_gcdd=
jgx_bb=
jgx_gcmc=
jgx_gclx_1=
jgx_gclx_2=
jgx_gclx_3=
jgx_gclx_4=
jgx_gclx_5=
jgx_gclx_6=
jgx_yzssjt=
jgx_yz=
jgx_cbs_ssjt=
jgx_cbs=
jgx_gchth=
jgx_gcjz=
jgx_gcqsrq=
jgx_gczzrq=
jgx_gcfw=
jgx_scqqsrq=
jgx_scqzzrq=
jgx_bzqqsrq=
jgx_bzqzzrq=
jgx_ws_xmlbdm=
jgx_ws_jrbe=
jgx_ws_bxje=
jgx_ws_fl=
jgx_ws_dqflbz=
jgx_ws_ysbf=
jgx_sz_xbdm=
jgx_sz_jrbe=
jgx_sz_ljpcxe=
jgx_sz_fv=
jgx_sz_dqflbz=
jgx_sz_ysbf=
proposalNumber=06201890122202000000000004
message=未知异常Timed out after 10 seconds. Unable to locate the element
screenshot=C:\Users\liu-b\git\PageObjectModel\screenshots\FCCB_TB_JCX_2_异常截屏_20200714095405155.png
testCaseName=FCCB_TBCL

2020/07/14 10:12:20:683 DEBUG com.sinosoft.test.base.TestBase:69 - 初始化class com.sinosoft.test.fccp.common.LoginPage
2020/07/14 10:12:25:717 DEBUG com.sinosoft.test.base.TestBase:26 - Before navigating to: 'http://tvfchxyw.ypic.cn'
2020/07/14 10:12:26:366 DEBUG com.sinosoft.test.base.TestBase:30 - Navigated to:'http://tvfchxyw.ypic.cn'
2020/07/14 10:12:26:366 DEBUG com.sinosoft.test.base.TestBase:76 - Trying to find Element By : By.id: username
2020/07/14 10:12:26:510 DEBUG com.sinosoft.test.base.TestBase:80 - Found Element By : By.id: username
2020/07/14 10:12:26:514  INFO com.sinosoft.test.base.TestBase:360 - setEditboxValue:[[InternetExplorerDriver: internet explorer on WINDOWS (7a56cff7-bff3-4e73-9241-177c580d1162)] -> id: username]：policy1@ypic
2020/07/14 10:12:26:515 DEBUG com.sinosoft.test.base.TestBase:76 - Trying to find Element By : By.id: username
2020/07/14 10:12:26:665 DEBUG com.sinosoft.test.base.TestBase:80 - Found Element By : By.id: username
2020/07/14 10:12:26:984 DEBUG com.sinosoft.test.base.TestBase:76 - Trying to find Element By : By.id: username
2020/07/14 10:12:27:113 DEBUG com.sinosoft.test.base.TestBase:80 - Found Element By : By.id: username
2020/07/14 10:12:27:525 DEBUG com.sinosoft.test.base.TestBase:76 - Trying to find Element By : By.id: username
2020/07/14 10:12:27:673 DEBUG com.sinosoft.test.base.TestBase:80 - Found Element By : By.id: username
2020/07/14 10:12:27:674  INFO com.sinosoft.test.base.TestBase:363 - setEditboxValue—End:[[InternetExplorerDriver: internet explorer on WINDOWS (7a56cff7-bff3-4e73-9241-177c580d1162)] -> id: username]：policy1@ypic
2020/07/14 10:12:27:674 DEBUG com.sinosoft.test.base.TestBase:76 - Trying to find Element By : By.id: password
2020/07/14 10:12:27:823 DEBUG com.sinosoft.test.base.TestBase:80 - Found Element By : By.id: password
2020/07/14 10:12:27:824  INFO com.sinosoft.test.base.TestBase:360 - setEditboxValue:[[InternetExplorerDriver: internet explorer on WINDOWS (7a56cff7-bff3-4e73-9241-177c580d1162)] -> id: password]：ypic@1234
2020/07/14 10:12:27:824 DEBUG com.sinosoft.test.base.TestBase:76 - Trying to find Element By : By.id: password
2020/07/14 10:12:27:964 DEBUG com.sinosoft.test.base.TestBase:80 - Found Element By : By.id: password
2020/07/14 10:12:28:270 DEBUG com.sinosoft.test.base.TestBase:76 - Trying to find Element By : By.id: password
2020/07/14 10:12:28:423 DEBUG com.sinosoft.test.base.TestBase:80 - Found Element By : By.id: password
2020/07/14 10:12:28:822 DEBUG com.sinosoft.test.base.TestBase:76 - Trying to find Element By : By.id: password
2020/07/14 10:12:28:972 DEBUG com.sinosoft.test.base.TestBase:80 - Found Element By : By.id: password
2020/07/14 10:12:28:973  INFO com.sinosoft.test.base.TestBase:363 - setEditboxValue—End:[[InternetExplorerDriver: internet explorer on WINDOWS (7a56cff7-bff3-4e73-9241-177c580d1162)] -> id: password]：ypic@1234
2020/07/14 10:12:28:973 DEBUG com.sinosoft.test.base.TestBase:76 - Trying to find Element By : By.id: bt_submit
2020/07/14 10:12:29:121 DEBUG com.sinosoft.test.base.TestBase:80 - Found Element By : By.id: bt_submit
2020/07/14 10:12:29:121  INFO com.sinosoft.test.base.TestBase:402 - clickButton:[[InternetExplorerDriver: internet explorer on WINDOWS (7a56cff7-bff3-4e73-9241-177c580d1162)] -> id: bt_submit]
2020/07/14 10:12:29:122 DEBUG com.sinosoft.test.base.TestBase:76 - Trying to find Element By : By.id: bt_submit
2020/07/14 10:12:29:272 DEBUG com.sinosoft.test.base.TestBase:80 - Found Element By : By.id: bt_submit
2020/07/14 10:12:29:272 DEBUG com.sinosoft.test.base.TestBase:42 - Trying to click on: [[InternetExplorerDriver: internet explorer on WINDOWS (7a56cff7-bff3-4e73-9241-177c580d1162)] -> id: bt_submit]
2020/07/14 10:12:30:451 DEBUG com.sinosoft.test.base.TestBase:46 - Clicked on: [[InternetExplorerDriver: internet explorer on WINDOWS (7a56cff7-bff3-4e73-9241-177c580d1162)] -> id: bt_submit]
2020/07/14 10:12:30:455 DEBUG com.sinosoft.test.base.TestBase:76 - Trying to find Element By : By.xpath: //input[@value='继续登录']
2020/07/14 10:12:30:560 DEBUG com.sinosoft.test.base.TestBase:80 - Found Element By : By.xpath: //input[@value='继续登录']
2020/07/14 10:12:30:822  INFO com.sinosoft.test.base.TestBase:73 - 重复登录，发现继续登录按钮，强制登录ButtonName:[[InternetExplorerDriver: internet explorer on WINDOWS (7a56cff7-bff3-4e73-9241-177c580d1162)] -> xpath: //input[@value='继续登录']];Displayed：+true;Enabled=true
2020/07/14 10:12:30:822  INFO com.sinosoft.test.base.TestBase:402 - clickButton:[[InternetExplorerDriver: internet explorer on WINDOWS (7a56cff7-bff3-4e73-9241-177c580d1162)] -> xpath: //input[@value='继续登录']]
2020/07/14 10:12:30:823 DEBUG com.sinosoft.test.base.TestBase:42 - Trying to click on: [[InternetExplorerDriver: internet explorer on WINDOWS (7a56cff7-bff3-4e73-9241-177c580d1162)] -> xpath: //input[@value='继续登录']]
2020/07/14 10:12:32:686 DEBUG com.sinosoft.test.base.TestBase:46 - Clicked on: [[InternetExplorerDriver: internet explorer on WINDOWS (7a56cff7-bff3-4e73-9241-177c580d1162)] -> xpath: //input[@value='继续登录']]
2020/07/14 10:12:32:687 DEBUG com.sinosoft.test.base.TestBase:69 - 初始化class com.sinosoft.test.fccp.common.HomePage
2020/07/14 10:12:33:085 DEBUG com.sinosoft.test.base.TestBase:76 - Trying to find Element By : By.linkText: 承保子系统
2020/07/14 10:12:33:138 DEBUG com.sinosoft.test.base.TestBase:80 - Found Element By : By.linkText: 承保子系统
2020/07/14 10:12:33:139  INFO com.sinosoft.test.base.TestBase:144 - RunJavaScript:[[InternetExplorerDriver: internet explorer on WINDOWS (7a56cff7-bff3-4e73-9241-177c580d1162)] -> link text: 承保子系统]	arguments[0].click();
2020/07/14 10:12:33:588 DEBUG com.sinosoft.test.base.TestBase:76 - Trying to find Element By : By.linkText: 投保管理
2020/07/14 10:12:33:650 DEBUG com.sinosoft.test.base.TestBase:80 - Found Element By : By.linkText: 投保管理
2020/07/14 10:12:33:650  INFO com.sinosoft.test.base.TestBase:144 - RunJavaScript:[[InternetExplorerDriver: internet explorer on WINDOWS (7a56cff7-bff3-4e73-9241-177c580d1162)] -> link text: 投保管理]	arguments[0].click();
2020/07/14 10:12:33:968 DEBUG com.sinosoft.test.base.TestBase:76 - Trying to find Element By : By.linkText: 投保处理
2020/07/14 10:12:34:037 DEBUG com.sinosoft.test.base.TestBase:80 - Found Element By : By.linkText: 投保处理
2020/07/14 10:12:34:038  INFO com.sinosoft.test.base.TestBase:144 - RunJavaScript:[[InternetExplorerDriver: internet explorer on WINDOWS (7a56cff7-bff3-4e73-9241-177c580d1162)] -> link text: 投保处理]	arguments[0].click();
2020/07/14 10:12:34:287 DEBUG com.sinosoft.test.base.TestBase:69 - 初始化class com.sinosoft.test.fccp.tbcl.RiskSelectPage
2020/07/14 10:12:34:856 DEBUG com.sinosoft.test.base.TestBase:93 - 投保处理/险种选择
2020/07/14 10:12:34:858 DEBUG com.sinosoft.test.base.TestBase:76 - Trying to find Element By : By.name: riskClassTemp
2020/07/14 10:12:34:936 DEBUG com.sinosoft.test.base.TestBase:80 - Found Element By : By.name: riskClassTemp
2020/07/14 10:12:34:975 DEBUG com.sinosoft.test.base.TestBase:76 - Trying to find Element By : By.name: riskClassTemp
2020/07/14 10:12:35:040 DEBUG com.sinosoft.test.base.TestBase:80 - Found Element By : By.name: riskClassTemp
2020/07/14 10:12:35:041 DEBUG com.sinosoft.test.base.TestBase:63 - SetCodeEditBox:开始设置:[[InternetExplorerDriver: internet explorer on WINDOWS (7a56cff7-bff3-4e73-9241-177c580d1162)] -> name: riskClassTemp] & Code=01
2020/07/14 10:12:35:041 DEBUG com.sinosoft.test.base.TestBase:76 - Trying to find Element By : By.name: riskClassTemp
2020/07/14 10:12:35:108 DEBUG com.sinosoft.test.base.TestBase:80 - Found Element By : By.name: riskClassTemp
2020/07/14 10:12:35:371 DEBUG com.sinosoft.test.base.TestBase:76 - Trying to find Element By : By.name: riskClassTemp
2020/07/14 10:12:35:435 DEBUG com.sinosoft.test.base.TestBase:80 - Found Element By : By.name: riskClassTemp
2020/07/14 10:12:35:933 DEBUG com.sinosoft.test.base.TestBase:76 - Trying to find Element By : By.name: riskClassTemp
2020/07/14 10:12:35:984 DEBUG com.sinosoft.test.base.TestBase:80 - Found Element By : By.name: riskClassTemp
2020/07/14 10:12:35:984 DEBUG com.sinosoft.test.base.TestBase:76 - Trying to find Element By : By.xpath: ../input[last()]
2020/07/14 10:12:36:031 DEBUG com.sinosoft.test.base.TestBase:80 - Found Element By : By.xpath: ../input[last()]
2020/07/14 10:12:36:158  INFO com.sinosoft.test.base.TestBase:71 - SetCodeEditBox:找到了Code对应的文本显示框并点击触发显示:riskClassName
2020/07/14 10:12:36:161 DEBUG com.sinosoft.test.base.TestBase:42 - Trying to click on: [[[[InternetExplorerDriver: internet explorer on WINDOWS (7a56cff7-bff3-4e73-9241-177c580d1162)] -> name: riskClassTemp]] -> xpath: ../input[last()]]
2020/07/14 10:12:37:070 DEBUG com.sinosoft.test.base.TestBase:46 - Clicked on: [[[[InternetExplorerDriver: internet explorer on WINDOWS (7a56cff7-bff3-4e73-9241-177c580d1162)] -> name: riskClassTemp]] -> xpath: ../input[last()]]
2020/07/14 10:12:37:272 DEBUG com.sinosoft.test.base.TestBase:76 - Trying to find Element By : By.name: riskClassTemp
2020/07/14 10:12:37:308 DEBUG com.sinosoft.test.base.TestBase:80 - Found Element By : By.name: riskClassTemp
2020/07/14 10:12:37:309 DEBUG com.sinosoft.test.base.TestBase:87 - SetCodeEditBox:设置完毕[[InternetExplorerDriver: internet explorer on WINDOWS (7a56cff7-bff3-4e73-9241-177c580d1162)] -> name: riskClassTemp],设置值 Code=01
2020/07/14 10:12:37:311 DEBUG com.sinosoft.test.base.TestBase:76 - Trying to find Element By : By.name: riskCode
2020/07/14 10:12:37:367 DEBUG com.sinosoft.test.base.TestBase:80 - Found Element By : By.name: riskCode
2020/07/14 10:12:37:412 DEBUG com.sinosoft.test.base.TestBase:76 - Trying to find Element By : By.name: riskCode
2020/07/14 10:12:37:472 DEBUG com.sinosoft.test.base.TestBase:80 - Found Element By : By.name: riskCode
2020/07/14 10:12:37:473 DEBUG com.sinosoft.test.base.TestBase:63 - SetCodeEditBox:开始设置:[[InternetExplorerDriver: internet explorer on WINDOWS (7a56cff7-bff3-4e73-9241-177c580d1162)] -> name: riskCode] & Code=0122
2020/07/14 10:12:37:473 DEBUG com.sinosoft.test.base.TestBase:76 - Trying to find Element By : By.name: riskCode
2020/07/14 10:12:37:549 DEBUG com.sinosoft.test.base.TestBase:80 - Found Element By : By.name: riskCode
2020/07/14 10:12:37:748 DEBUG com.sinosoft.test.base.TestBase:76 - Trying to find Element By : By.name: riskCode
2020/07/14 10:12:37:799 DEBUG com.sinosoft.test.base.TestBase:80 - Found Element By : By.name: riskCode
2020/07/14 10:12:38:263 DEBUG com.sinosoft.test.base.TestBase:76 - Trying to find Element By : By.name: riskCode
2020/07/14 10:12:38:315 DEBUG com.sinosoft.test.base.TestBase:80 - Found Element By : By.name: riskCode
2020/07/14 10:12:38:315 DEBUG com.sinosoft.test.base.TestBase:76 - Trying to find Element By : By.xpath: ../input[last()]
2020/07/14 10:12:38:365 DEBUG com.sinosoft.test.base.TestBase:80 - Found Element By : By.xpath: ../input[last()]
2020/07/14 10:12:38:469  INFO com.sinosoft.test.base.TestBase:71 - SetCodeEditBox:找到了Code对应的文本显示框并点击触发显示:riskName
2020/07/14 10:12:38:470 DEBUG com.sinosoft.test.base.TestBase:42 - Trying to click on: [[[[InternetExplorerDriver: internet explorer on WINDOWS (7a56cff7-bff3-4e73-9241-177c580d1162)] -> name: riskCode]] -> xpath: ../input[last()]]
2020/07/14 10:12:39:451 DEBUG com.sinosoft.test.base.TestBase:46 - Clicked on: [[[[InternetExplorerDriver: internet explorer on WINDOWS (7a56cff7-bff3-4e73-9241-177c580d1162)] -> name: riskCode]] -> xpath: ../input[last()]]
2020/07/14 10:12:39:651 DEBUG com.sinosoft.test.base.TestBase:76 - Trying to find Element By : By.name: riskCode
2020/07/14 10:12:39:678 DEBUG com.sinosoft.test.base.TestBase:80 - Found Element By : By.name: riskCode
2020/07/14 10:12:39:678 DEBUG com.sinosoft.test.base.TestBase:87 - SetCodeEditBox:设置完毕[[InternetExplorerDriver: internet explorer on WINDOWS (7a56cff7-bff3-4e73-9241-177c580d1162)] -> name: riskCode],设置值 Code=0122
2020/07/14 10:12:39:679 DEBUG com.sinosoft.test.base.TestBase:76 - Trying to find Element By : By.name: renewInd
2020/07/14 10:12:39:749 DEBUG com.sinosoft.test.base.TestBase:80 - Found Element By : By.name: renewInd
2020/07/14 10:12:39:750  INFO com.sinosoft.test.base.TestBase:321 - setEditboxTValue:[[[InternetExplorerDriver: internet explorer on WINDOWS (7a56cff7-bff3-4e73-9241-177c580d1162)] -> name: renewInd], [[InternetExplorerDriver: internet explorer on WINDOWS (7a56cff7-bff3-4e73-9241-177c580d1162)] -> name: renewInd]]：0
2020/07/14 10:12:39:750 DEBUG com.sinosoft.test.base.TestBase:76 - Trying to find Element By : By.name: renewInd
2020/07/14 10:12:39:798 DEBUG com.sinosoft.test.base.TestBase:80 - Found Element By : By.name: renewInd
2020/07/14 10:12:39:921 DEBUG com.sinosoft.test.base.TestBase:76 - Trying to find Element By : By.name: buttonNextStep
2020/07/14 10:12:39:960 DEBUG com.sinosoft.test.base.TestBase:80 - Found Element By : By.name: buttonNextStep
2020/07/14 10:12:39:963  INFO com.sinosoft.test.base.TestBase:402 - clickButton:[[InternetExplorerDriver: internet explorer on WINDOWS (7a56cff7-bff3-4e73-9241-177c580d1162)] -> name: buttonNextStep]
2020/07/14 10:12:39:964 DEBUG com.sinosoft.test.base.TestBase:42 - Trying to click on: [[InternetExplorerDriver: internet explorer on WINDOWS (7a56cff7-bff3-4e73-9241-177c580d1162)] -> name: buttonNextStep]
2020/07/14 10:12:42:792 DEBUG com.sinosoft.test.base.TestBase:46 - Clicked on: [[InternetExplorerDriver: internet explorer on WINDOWS (7a56cff7-bff3-4e73-9241-177c580d1162)] -> name: buttonNextStep]
2020/07/14 10:12:42:795 DEBUG com.sinosoft.test.base.TestBase:69 - 初始化class com.sinosoft.test.fccp.tbcl.BasicInfoPage
2020/07/14 10:12:45:362 DEBUG com.sinosoft.test.base.TestBase:322 - 投保处理/基本信息
2020/07/14 10:12:45:362 DEBUG com.sinosoft.test.base.TestBase:76 - Trying to find Element By : By.name: GuMainBusinessType
2020/07/14 10:12:45:422 DEBUG com.sinosoft.test.base.TestBase:80 - Found Element By : By.name: GuMainBusinessType
2020/07/14 10:12:45:424  INFO com.sinosoft.test.base.TestBase:96 - setSelectWithStartText:[[InternetExplorerDriver: internet explorer on WINDOWS (7a56cff7-bff3-4e73-9241-177c580d1162)] -> name: GuMainBusinessType]->
2020/07/14 10:12:45:426 DEBUG com.sinosoft.test.base.TestBase:76 - Trying to find Element By : By.name: GuMainCompanyCode
2020/07/14 10:12:45:534 DEBUG com.sinosoft.test.base.TestBase:80 - Found Element By : By.name: GuMainCompanyCode
2020/07/14 10:12:45:573 DEBUG com.sinosoft.test.base.TestBase:76 - Trying to find Element By : By.name: GuMainCompanyCode
2020/07/14 10:12:45:657 DEBUG com.sinosoft.test.base.TestBase:80 - Found Element By : By.name: GuMainCompanyCode
2020/07/14 10:12:45:658 DEBUG com.sinosoft.test.base.TestBase:63 - SetCodeEditBox:开始设置:[[InternetExplorerDriver: internet explorer on WINDOWS (7a56cff7-bff3-4e73-9241-177c580d1162)] -> name: GuMainCompanyCode] & Code=01620189
2020/07/14 10:12:45:658 DEBUG com.sinosoft.test.base.TestBase:76 - Trying to find Element By : By.name: GuMainCompanyCode
2020/07/14 10:12:45:739 DEBUG com.sinosoft.test.base.TestBase:80 - Found Element By : By.name: GuMainCompanyCode
2020/07/14 10:12:46:062 DEBUG com.sinosoft.test.base.TestBase:76 - Trying to find Element By : By.name: GuMainCompanyCode
2020/07/14 10:12:46:195 DEBUG com.sinosoft.test.base.TestBase:80 - Found Element By : By.name: GuMainCompanyCode
2020/07/14 10:12:47:246 DEBUG com.sinosoft.test.base.TestBase:76 - Trying to find Element By : By.name: GuMainCompanyCode
2020/07/14 10:12:47:314 DEBUG com.sinosoft.test.base.TestBase:80 - Found Element By : By.name: GuMainCompanyCode
2020/07/14 10:12:47:315 DEBUG com.sinosoft.test.base.TestBase:76 - Trying to find Element By : By.xpath: ../input[last()]
2020/07/14 10:12:47:388 DEBUG com.sinosoft.test.base.TestBase:80 - Found Element By : By.xpath: ../input[last()]
2020/07/14 10:12:47:566  INFO com.sinosoft.test.base.TestBase:71 - SetCodeEditBox:找到了Code对应的文本显示框并点击触发显示:GuMainCompanyName
2020/07/14 10:12:47:566 DEBUG com.sinosoft.test.base.TestBase:42 - Trying to click on: [[[[InternetExplorerDriver: internet explorer on WINDOWS (7a56cff7-bff3-4e73-9241-177c580d1162)] -> name: GuMainCompanyCode]] -> xpath: ../input[last()]]
2020/07/14 10:12:48:661 DEBUG com.sinosoft.test.base.TestBase:46 - Clicked on: [[[[InternetExplorerDriver: internet explorer on WINDOWS (7a56cff7-bff3-4e73-9241-177c580d1162)] -> name: GuMainCompanyCode]] -> xpath: ../input[last()]]
2020/07/14 10:12:48:863 DEBUG com.sinosoft.test.base.TestBase:76 - Trying to find Element By : By.name: GuMainCompanyCode
2020/07/14 10:12:48:959 DEBUG com.sinosoft.test.base.TestBase:80 - Found Element By : By.name: GuMainCompanyCode
2020/07/14 10:12:48:960 DEBUG com.sinosoft.test.base.TestBase:87 - SetCodeEditBox:设置完毕[[InternetExplorerDriver: internet explorer on WINDOWS (7a56cff7-bff3-4e73-9241-177c580d1162)] -> name: GuMainCompanyCode],设置值 Code=01620189
2020/07/14 10:12:48:960 DEBUG com.sinosoft.test.base.TestBase:76 - Trying to find Element By : By.name: GuMainChannelDetailCode
2020/07/14 10:12:49:021 DEBUG com.sinosoft.test.base.TestBase:80 - Found Element By : By.name: GuMainChannelDetailCode
2020/07/14 10:12:49:088 DEBUG com.sinosoft.test.base.TestBase:76 - Trying to find Element By : By.name: GuMainChannelDetailCode
2020/07/14 10:12:49:153 DEBUG com.sinosoft.test.base.TestBase:80 - Found Element By : By.name: GuMainChannelDetailCode
2020/07/14 10:12:49:154 DEBUG com.sinosoft.test.base.TestBase:63 - SetCodeEditBox:开始设置:[[InternetExplorerDriver: internet explorer on WINDOWS (7a56cff7-bff3-4e73-9241-177c580d1162)] -> name: GuMainChannelDetailCode] & Code=04
2020/07/14 10:12:49:156 DEBUG com.sinosoft.test.base.TestBase:76 - Trying to find Element By : By.name: GuMainChannelDetailCode
2020/07/14 10:12:49:222 DEBUG com.sinosoft.test.base.TestBase:80 - Found Element By : By.name: GuMainChannelDetailCode
2020/07/14 10:12:49:537 DEBUG com.sinosoft.test.base.TestBase:76 - Trying to find Element By : By.name: GuMainChannelDetailCode
2020/07/14 10:12:49:655 DEBUG com.sinosoft.test.base.TestBase:80 - Found Element By : By.name: GuMainChannelDetailCode
2020/07/14 10:12:50:243 DEBUG com.sinosoft.test.base.TestBase:76 - Trying to find Element By : By.name: GuMainChannelDetailCode
2020/07/14 10:12:50:311 DEBUG com.sinosoft.test.base.TestBase:80 - Found Element By : By.name: GuMainChannelDetailCode
2020/07/14 10:12:50:311 DEBUG com.sinosoft.test.base.TestBase:76 - Trying to find Element By : By.xpath: ../input[last()]
2020/07/14 10:12:50:400 DEBUG com.sinosoft.test.base.TestBase:80 - Found Element By : By.xpath: ../input[last()]
2020/07/14 10:12:50:527  INFO com.sinosoft.test.base.TestBase:71 - SetCodeEditBox:找到了Code对应的文本显示框并点击触发显示:GuMainChannelDetailName
2020/07/14 10:12:50:527 DEBUG com.sinosoft.test.base.TestBase:42 - Trying to click on: [[[[InternetExplorerDriver: internet explorer on WINDOWS (7a56cff7-bff3-4e73-9241-177c580d1162)] -> name: GuMainChannelDetailCode]] -> xpath: ../input[last()]]
2020/07/14 10:12:51:608 DEBUG com.sinosoft.test.base.TestBase:46 - Clicked on: [[[[InternetExplorerDriver: internet explorer on WINDOWS (7a56cff7-bff3-4e73-9241-177c580d1162)] -> name: GuMainChannelDetailCode]] -> xpath: ../input[last()]]
2020/07/14 10:12:51:809 DEBUG com.sinosoft.test.base.TestBase:76 - Trying to find Element By : By.name: GuMainChannelDetailCode
2020/07/14 10:12:51:915 DEBUG com.sinosoft.test.base.TestBase:80 - Found Element By : By.name: GuMainChannelDetailCode
2020/07/14 10:12:51:917 DEBUG com.sinosoft.test.base.TestBase:87 - SetCodeEditBox:设置完毕[[InternetExplorerDriver: internet explorer on WINDOWS (7a56cff7-bff3-4e73-9241-177c580d1162)] -> name: GuMainChannelDetailCode],设置值 Code=04
2020/07/14 10:12:51:918 DEBUG com.sinosoft.test.base.TestBase:76 - Trying to find Element By : By.name: GuMainShareHolderFlag
2020/07/14 10:12:51:985 DEBUG com.sinosoft.test.base.TestBase:80 - Found Element By : By.name: GuMainShareHolderFlag
2020/07/14 10:12:52:027 DEBUG com.sinosoft.test.base.TestBase:76 - Trying to find Element By : By.name: GuMainShareHolderFlag
2020/07/14 10:12:52:131 DEBUG com.sinosoft.test.base.TestBase:80 - Found Element By : By.name: GuMainShareHolderFlag
2020/07/14 10:12:52:132 DEBUG com.sinosoft.test.base.TestBase:42 - CodeSelect:开始设置[[InternetExplorerDriver: internet explorer on WINDOWS (7a56cff7-bff3-4e73-9241-177c580d1162)] -> name: GuMainShareHolderFlag] & Code=0
2020/07/14 10:12:52:141 DEBUG com.sinosoft.test.base.TestBase:76 - Trying to find Element By : By.name: GuMainShareHolderFlag
2020/07/14 10:12:52:203 DEBUG com.sinosoft.test.base.TestBase:80 - Found Element By : By.name: GuMainShareHolderFlag
2020/07/14 10:12:53:151 DEBUG com.sinosoft.test.base.TestBase:272 - 系统窗口【黄河财险业务系统】with handle -3696dd8c-4f7b-47c1-94a3-0a69338cbca3
2020/07/14 10:12:53:868 DEBUG com.sinosoft.test.base.TestBase:272 - 系统窗口【黄河财险业务系统】with handle -3696dd8c-4f7b-47c1-94a3-0a69338cbca3
2020/07/14 10:12:54:587 DEBUG com.sinosoft.test.base.TestBase:272 - 系统窗口【黄河财险业务系统】with handle -3696dd8c-4f7b-47c1-94a3-0a69338cbca3
2020/07/14 10:12:55:298 DEBUG com.sinosoft.test.base.TestBase:272 - 系统窗口【黄河财险业务系统】with handle -3696dd8c-4f7b-47c1-94a3-0a69338cbca3
2020/07/14 10:12:56:013 DEBUG com.sinosoft.test.base.TestBase:272 - 系统窗口【黄河财险业务系统】with handle -3696dd8c-4f7b-47c1-94a3-0a69338cbca3
2020/07/14 10:12:56:746 DEBUG com.sinosoft.test.base.TestBase:272 - 系统窗口【黄河财险业务系统】with handle -3696dd8c-4f7b-47c1-94a3-0a69338cbca3
2020/07/14 10:12:57:463 DEBUG com.sinosoft.test.base.TestBase:272 - 系统窗口【黄河财险业务系统】with handle -3696dd8c-4f7b-47c1-94a3-0a69338cbca3
2020/07/14 10:12:58:179 DEBUG com.sinosoft.test.base.TestBase:272 - 系统窗口【黄河财险业务系统】with handle -3696dd8c-4f7b-47c1-94a3-0a69338cbca3
2020/07/14 10:12:58:201 DEBUG com.sinosoft.test.base.TestBase:281 - 窗口切换异常:
org.openqa.selenium.TimeoutException: Expected condition failed: waiting for com.sinosoft.test.base.TestBase$4@7203c7ff (tried for 5 second(s) with 500 MILLISECONDS interval)
Build info: version: '3.9.0', revision: '698b3178f0', time: '2018-02-05T14:26:55.441Z'
System info: host: 'DESKTOP-I9S3ABE', ip: '100.100.96.220', os.name: 'Windows 10', os.arch: 'amd64', os.version: '10.0', java.version: '1.8.0_101'
Driver info: org.openqa.selenium.support.events.EventFiringWebDriver
Capabilities {acceptInsecureCerts: false, browserName: internet explorer, browserVersion: 11, javascriptEnabled: true, pageLoadStrategy: normal, platform: WINDOWS, platformName: WINDOWS, proxy: Proxy(), se:ieOptions: {browserAttachTimeout: 0, elementScrollBehavior: 0, enablePersistentHover: true, ie.browserCommandLineSwitches: , ie.ensureCleanSession: false, ie.fileUploadDialogTimeout: 3000, ie.forceCreateProcessApi: false, ignoreProtectedModeSettings: true, ignoreZoomSetting: false, initialBrowserUrl: http://localhost:48130/, nativeEvents: true, requireWindowFocus: false}, setWindowRect: true, timeouts: {implicit: 0, pageLoad: 300000, script: 30000}, unhandledPromptBehavior: ignore}
Session ID: 7a56cff7-bff3-4e73-9241-177c580d1162
	at org.openqa.selenium.support.ui.WebDriverWait.timeoutException(WebDriverWait.java:82)
	at org.openqa.selenium.support.ui.FluentWait.until(FluentWait.java:231)
	at com.sinosoft.test.base.TestBase.navigateToWindowByTitle(TestBase.java:265)
	at com.sinosoft.test.fccp.common.FccbBase.CodeSelect(FccbBase.java:44)
	at com.sinosoft.test.fccp.tbcl.BasicInfoPage.inputSalesInfoAction(BasicInfoPage.java:348)
	at com.sinosoft.test.fccp.tbcl.BasicInfoPage.inputSalesInfoAction(BasicInfoPage.java:363)
	at com.sinosoft.testcases.fccb.TBGLTestCase.FCCB_TBCL(TBGLTestCase.java:93)
	at sun.reflect.NativeMethodAccessorImpl.invoke0(Native Method)
	at sun.reflect.NativeMethodAccessorImpl.invoke(NativeMethodAccessorImpl.java:62)
	at sun.reflect.DelegatingMethodAccessorImpl.invoke(DelegatingMethodAccessorImpl.java:43)
	at java.lang.reflect.Method.invoke(Method.java:498)
	at org.testng.internal.MethodInvocationHelper.invokeMethod(MethodInvocationHelper.java:108)
	at org.testng.internal.Invoker.invokeMethod(Invoker.java:661)
	at org.testng.internal.Invoker.invokeTestMethod(Invoker.java:869)
	at org.testng.internal.Invoker.invokeTestMethods(Invoker.java:1193)
	at org.testng.internal.TestMethodWorker.invokeTestMethods(TestMethodWorker.java:126)
	at org.testng.internal.TestMethodWorker.run(TestMethodWorker.java:109)
	at org.testng.TestRunner.privateRun(TestRunner.java:744)
	at org.testng.TestRunner.run(TestRunner.java:602)
	at org.testng.SuiteRunner.runTest(SuiteRunner.java:380)
	at org.testng.SuiteRunner.runSequentially(SuiteRunner.java:375)
	at org.testng.SuiteRunner.privateRun(SuiteRunner.java:340)
	at org.testng.SuiteRunner.run(SuiteRunner.java:289)
	at org.testng.SuiteRunnerWorker.runSuite(SuiteRunnerWorker.java:52)
	at org.testng.SuiteRunnerWorker.run(SuiteRunnerWorker.java:86)
	at org.testng.TestNG.runSuitesSequentially(TestNG.java:1301)
	at org.testng.TestNG.runSuitesLocally(TestNG.java:1226)
	at org.testng.TestNG.runSuites(TestNG.java:1144)
	at org.testng.TestNG.run(TestNG.java:1115)
	at org.apache.maven.surefire.testng.TestNGExecutor.run(TestNGExecutor.java:283)
	at org.apache.maven.surefire.testng.TestNGXmlTestSuite.execute(TestNGXmlTestSuite.java:75)
	at org.apache.maven.surefire.testng.TestNGProvider.invoke(TestNGProvider.java:120)
	at org.apache.maven.surefire.booter.ForkedBooter.invokeProviderInSameClassLoader(ForkedBooter.java:384)
	at org.apache.maven.surefire.booter.ForkedBooter.runSuitesInProcess(ForkedBooter.java:345)
	at org.apache.maven.surefire.booter.ForkedBooter.execute(ForkedBooter.java:126)
	at org.apache.maven.surefire.booter.ForkedBooter.main(ForkedBooter.java:418)
2020/07/14 10:12:58:204 DEBUG com.sinosoft.test.base.TestBase:69 - 初始化class com.sinosoft.test.fccp.common.CodeSelectPage
2020/07/14 10:12:58:205 DEBUG com.sinosoft.test.base.TestBase:39 - 基础码表选择！
2020/07/14 10:12:58:205 DEBUG com.sinosoft.test.base.TestBase:76 - Trying to find Element By : By.name: fieldValue
2020/07/14 10:13:00:351 DEBUG com.sinosoft.test.base.TestBase:66 - 系统自动捕获异常：Exception occured: org.openqa.selenium.NoSuchElementException: Unable to find element with css selector == *[name='fieldValue']
For documentation on this error, please visit: http://seleniumhq.org/exceptions/no_such_element.html
Build info: version: '3.9.0', revision: '698b3178f0', time: '2018-02-05T14:26:55.441Z'
System info: host: 'DESKTOP-I9S3ABE', ip: '100.100.96.220', os.name: 'Windows 10', os.arch: 'amd64', os.version: '10.0', java.version: '1.8.0_101'
Driver info: org.openqa.selenium.ie.InternetExplorerDriver
Capabilities {acceptInsecureCerts: false, browserName: internet explorer, browserVersion: 11, javascriptEnabled: true, pageLoadStrategy: normal, platform: WINDOWS, platformName: WINDOWS, proxy: Proxy(), se:ieOptions: {browserAttachTimeout: 0, elementScrollBehavior: 0, enablePersistentHover: true, ie.browserCommandLineSwitches: , ie.ensureCleanSession: false, ie.fileUploadDialogTimeout: 3000, ie.forceCreateProcessApi: false, ignoreProtectedModeSettings: true, ignoreZoomSetting: false, initialBrowserUrl: http://localhost:48130/, nativeEvents: true, requireWindowFocus: false}, setWindowRect: true, timeouts: {implicit: 0, pageLoad: 300000, script: 30000}, unhandledPromptBehavior: ignore}
Session ID: 7a56cff7-bff3-4e73-9241-177c580d1162
*** Element info: {Using=name, value=fieldValue}
2020/07/14 10:13:00:352  INFO com.sinosoft.test.base.TestBase:68 - 异常的message 是：Unable to find element with css selector == *[name='fieldValue']
For documentation on this error, please visit: http://seleniumhq.org/exceptions/no_such_element.html
Build info: version: '3.9.0', revision: '698b3178f0', time: '2018-02-05T14:26:55.441Z'
System info: host: 'DESKTOP-I9S3ABE', ip: '100.100.96.220', os.name: 'Windows 10', os.arch: 'amd64', os.version: '10.0', java.version: '1.8.0_101'
Driver info: org.openqa.selenium.ie.InternetExplorerDriver
Capabilities {acceptInsecureCerts: false, browserName: internet explorer, browserVersion: 11, javascriptEnabled: true, pageLoadStrategy: normal, platform: WINDOWS, platformName: WINDOWS, proxy: Proxy(), se:ieOptions: {browserAttachTimeout: 0, elementScrollBehavior: 0, enablePersistentHover: true, ie.browserCommandLineSwitches: , ie.ensureCleanSession: false, ie.fileUploadDialogTimeout: 3000, ie.forceCreateProcessApi: false, ignoreProtectedModeSettings: true, ignoreZoomSetting: false, initialBrowserUrl: http://localhost:48130/, nativeEvents: true, requireWindowFocus: false}, setWindowRect: true, timeouts: {implicit: 0, pageLoad: 300000, script: 30000}, unhandledPromptBehavior: ignore}
Session ID: 7a56cff7-bff3-4e73-9241-177c580d1162
*** Element info: {Using=name, value=fieldValue}
2020/07/14 10:13:00:352 DEBUG com.sinosoft.test.base.TestBase:76 - Trying to find Element By : By.name: fieldValue
2020/07/14 10:13:02:484 DEBUG com.sinosoft.test.base.TestBase:66 - 系统自动捕获异常：Exception occured: org.openqa.selenium.NoSuchElementException: Unable to find element with css selector == *[name='fieldValue']
For documentation on this error, please visit: http://seleniumhq.org/exceptions/no_such_element.html
Build info: version: '3.9.0', revision: '698b3178f0', time: '2018-02-05T14:26:55.441Z'
System info: host: 'DESKTOP-I9S3ABE', ip: '100.100.96.220', os.name: 'Windows 10', os.arch: 'amd64', os.version: '10.0', java.version: '1.8.0_101'
Driver info: org.openqa.selenium.ie.InternetExplorerDriver
Capabilities {acceptInsecureCerts: false, browserName: internet explorer, browserVersion: 11, javascriptEnabled: true, pageLoadStrategy: normal, platform: WINDOWS, platformName: WINDOWS, proxy: Proxy(), se:ieOptions: {browserAttachTimeout: 0, elementScrollBehavior: 0, enablePersistentHover: true, ie.browserCommandLineSwitches: , ie.ensureCleanSession: false, ie.fileUploadDialogTimeout: 3000, ie.forceCreateProcessApi: false, ignoreProtectedModeSettings: true, ignoreZoomSetting: false, initialBrowserUrl: http://localhost:48130/, nativeEvents: true, requireWindowFocus: false}, setWindowRect: true, timeouts: {implicit: 0, pageLoad: 300000, script: 30000}, unhandledPromptBehavior: ignore}
Session ID: 7a56cff7-bff3-4e73-9241-177c580d1162
*** Element info: {Using=name, value=fieldValue}
2020/07/14 10:13:02:485  INFO com.sinosoft.test.base.TestBase:68 - 异常的message 是：Unable to find element with css selector == *[name='fieldValue']
For documentation on this error, please visit: http://seleniumhq.org/exceptions/no_such_element.html
Build info: version: '3.9.0', revision: '698b3178f0', time: '2018-02-05T14:26:55.441Z'
System info: host: 'DESKTOP-I9S3ABE', ip: '100.100.96.220', os.name: 'Windows 10', os.arch: 'amd64', os.version: '10.0', java.version: '1.8.0_101'
Driver info: org.openqa.selenium.ie.InternetExplorerDriver
Capabilities {acceptInsecureCerts: false, browserName: internet explorer, browserVersion: 11, javascriptEnabled: true, pageLoadStrategy: normal, platform: WINDOWS, platformName: WINDOWS, proxy: Proxy(), se:ieOptions: {browserAttachTimeout: 0, elementScrollBehavior: 0, enablePersistentHover: true, ie.browserCommandLineSwitches: , ie.ensureCleanSession: false, ie.fileUploadDialogTimeout: 3000, ie.forceCreateProcessApi: false, ignoreProtectedModeSettings: true, ignoreZoomSetting: false, initialBrowserUrl: http://localhost:48130/, nativeEvents: true, requireWindowFocus: false}, setWindowRect: true, timeouts: {implicit: 0, pageLoad: 300000, script: 30000}, unhandledPromptBehavior: ignore}
Session ID: 7a56cff7-bff3-4e73-9241-177c580d1162
*** Element info: {Using=name, value=fieldValue}
2020/07/14 10:13:02:736 DEBUG com.sinosoft.test.base.TestBase:76 - Trying to find Element By : By.name: fieldValue
2020/07/14 10:13:04:883 DEBUG com.sinosoft.test.base.TestBase:66 - 系统自动捕获异常：Exception occured: org.openqa.selenium.NoSuchElementException: Unable to find element with css selector == *[name='fieldValue']
For documentation on this error, please visit: http://seleniumhq.org/exceptions/no_such_element.html
Build info: version: '3.9.0', revision: '698b3178f0', time: '2018-02-05T14:26:55.441Z'
System info: host: 'DESKTOP-I9S3ABE', ip: '100.100.96.220', os.name: 'Windows 10', os.arch: 'amd64', os.version: '10.0', java.version: '1.8.0_101'
Driver info: org.openqa.selenium.ie.InternetExplorerDriver
Capabilities {acceptInsecureCerts: false, browserName: internet explorer, browserVersion: 11, javascriptEnabled: true, pageLoadStrategy: normal, platform: WINDOWS, platformName: WINDOWS, proxy: Proxy(), se:ieOptions: {browserAttachTimeout: 0, elementScrollBehavior: 0, enablePersistentHover: true, ie.browserCommandLineSwitches: , ie.ensureCleanSession: false, ie.fileUploadDialogTimeout: 3000, ie.forceCreateProcessApi: false, ignoreProtectedModeSettings: true, ignoreZoomSetting: false, initialBrowserUrl: http://localhost:48130/, nativeEvents: true, requireWindowFocus: false}, setWindowRect: true, timeouts: {implicit: 0, pageLoad: 300000, script: 30000}, unhandledPromptBehavior: ignore}
Session ID: 7a56cff7-bff3-4e73-9241-177c580d1162
*** Element info: {Using=name, value=fieldValue}
2020/07/14 10:13:04:883  INFO com.sinosoft.test.base.TestBase:68 - 异常的message 是：Unable to find element with css selector == *[name='fieldValue']
For documentation on this error, please visit: http://seleniumhq.org/exceptions/no_such_element.html
Build info: version: '3.9.0', revision: '698b3178f0', time: '2018-02-05T14:26:55.441Z'
System info: host: 'DESKTOP-I9S3ABE', ip: '100.100.96.220', os.name: 'Windows 10', os.arch: 'amd64', os.version: '10.0', java.version: '1.8.0_101'
Driver info: org.openqa.selenium.ie.InternetExplorerDriver
Capabilities {acceptInsecureCerts: false, browserName: internet explorer, browserVersion: 11, javascriptEnabled: true, pageLoadStrategy: normal, platform: WINDOWS, platformName: WINDOWS, proxy: Proxy(), se:ieOptions: {browserAttachTimeout: 0, elementScrollBehavior: 0, enablePersistentHover: true, ie.browserCommandLineSwitches: , ie.ensureCleanSession: false, ie.fileUploadDialogTimeout: 3000, ie.forceCreateProcessApi: false, ignoreProtectedModeSettings: true, ignoreZoomSetting: false, initialBrowserUrl: http://localhost:48130/, nativeEvents: true, requireWindowFocus: false}, setWindowRect: true, timeouts: {implicit: 0, pageLoad: 300000, script: 30000}, unhandledPromptBehavior: ignore}
Session ID: 7a56cff7-bff3-4e73-9241-177c580d1162
*** Element info: {Using=name, value=fieldValue}
2020/07/14 10:13:05:135 DEBUG com.sinosoft.test.base.TestBase:76 - Trying to find Element By : By.name: fieldValue
2020/07/14 10:13:05:266 DEBUG com.sinosoft.test.base.TestBase:66 - 系统自动捕获异常：Exception occured: org.openqa.selenium.NoSuchWindowException: Currently focused window has been closed.
Build info: version: '3.9.0', revision: '698b3178f0', time: '2018-02-05T14:26:55.441Z'
System info: host: 'DESKTOP-I9S3ABE', ip: '100.100.96.220', os.name: 'Windows 10', os.arch: 'amd64', os.version: '10.0', java.version: '1.8.0_101'
Driver info: org.openqa.selenium.ie.InternetExplorerDriver
Capabilities {acceptInsecureCerts: false, browserName: internet explorer, browserVersion: 11, javascriptEnabled: true, pageLoadStrategy: normal, platform: WINDOWS, platformName: WINDOWS, proxy: Proxy(), se:ieOptions: {browserAttachTimeout: 0, elementScrollBehavior: 0, enablePersistentHover: true, ie.browserCommandLineSwitches: , ie.ensureCleanSession: false, ie.fileUploadDialogTimeout: 3000, ie.forceCreateProcessApi: false, ignoreProtectedModeSettings: true, ignoreZoomSetting: false, initialBrowserUrl: http://localhost:48130/, nativeEvents: true, requireWindowFocus: false}, setWindowRect: true, timeouts: {implicit: 0, pageLoad: 300000, script: 30000}, unhandledPromptBehavior: ignore}
Session ID: 7a56cff7-bff3-4e73-9241-177c580d1162
*** Element info: {Using=name, value=fieldValue}
2020/07/14 10:13:05:266  INFO com.sinosoft.test.base.TestBase:68 - 异常的message 是：Currently focused window has been closed.
Build info: version: '3.9.0', revision: '698b3178f0', time: '2018-02-05T14:26:55.441Z'
System info: host: 'DESKTOP-I9S3ABE', ip: '100.100.96.220', os.name: 'Windows 10', os.arch: 'amd64', os.version: '10.0', java.version: '1.8.0_101'
Driver info: org.openqa.selenium.ie.InternetExplorerDriver
Capabilities {acceptInsecureCerts: false, browserName: internet explorer, browserVersion: 11, javascriptEnabled: true, pageLoadStrategy: normal, platform: WINDOWS, platformName: WINDOWS, proxy: Proxy(), se:ieOptions: {browserAttachTimeout: 0, elementScrollBehavior: 0, enablePersistentHover: true, ie.browserCommandLineSwitches: , ie.ensureCleanSession: false, ie.fileUploadDialogTimeout: 3000, ie.forceCreateProcessApi: false, ignoreProtectedModeSettings: true, ignoreZoomSetting: false, initialBrowserUrl: http://localhost:48130/, nativeEvents: true, requireWindowFocus: false}, setWindowRect: true, timeouts: {implicit: 0, pageLoad: 300000, script: 30000}, unhandledPromptBehavior: ignore}
Session ID: 7a56cff7-bff3-4e73-9241-177c580d1162
*** Element info: {Using=name, value=fieldValue}
2020/07/14 10:13:05:267  INFO com.sinosoft.test.base.TestBase:125 - 执行测试用例发生了异常，开始截屏
org.openqa.selenium.NoSuchWindowException: Currently focused window has been closed.
Build info: version: '3.9.0', revision: '698b3178f0', time: '2018-02-05T14:26:55.441Z'
System info: host: 'DESKTOP-I9S3ABE', ip: '100.100.96.220', os.name: 'Windows 10', os.arch: 'amd64', os.version: '10.0', java.version: '1.8.0_101'
Driver info: org.openqa.selenium.ie.InternetExplorerDriver
Capabilities {acceptInsecureCerts: false, browserName: internet explorer, browserVersion: 11, javascriptEnabled: true, pageLoadStrategy: normal, platform: WINDOWS, platformName: WINDOWS, proxy: Proxy(), se:ieOptions: {browserAttachTimeout: 0, elementScrollBehavior: 0, enablePersistentHover: true, ie.browserCommandLineSwitches: , ie.ensureCleanSession: false, ie.fileUploadDialogTimeout: 3000, ie.forceCreateProcessApi: false, ignoreProtectedModeSettings: true, ignoreZoomSetting: false, initialBrowserUrl: http://localhost:48130/, nativeEvents: true, requireWindowFocus: false}, setWindowRect: true, timeouts: {implicit: 0, pageLoad: 300000, script: 30000}, unhandledPromptBehavior: ignore}
Session ID: 7a56cff7-bff3-4e73-9241-177c580d1162
*** Element info: {Using=name, value=fieldValue}
	at sun.reflect.NativeConstructorAccessorImpl.newInstance0(Native Method)
	at sun.reflect.NativeConstructorAccessorImpl.newInstance(NativeConstructorAccessorImpl.java:62)
	at sun.reflect.DelegatingConstructorAccessorImpl.newInstance(DelegatingConstructorAccessorImpl.java:45)
	at java.lang.reflect.Constructor.newInstance(Constructor.java:423)
	at org.openqa.selenium.remote.http.W3CHttpResponseCodec.createException(W3CHttpResponseCodec.java:187)
	at org.openqa.selenium.remote.http.W3CHttpResponseCodec.decode(W3CHttpResponseCodec.java:122)
	at org.openqa.selenium.remote.http.W3CHttpResponseCodec.decode(W3CHttpResponseCodec.java:49)
	at org.openqa.selenium.remote.HttpCommandExecutor.execute(HttpCommandExecutor.java:160)
	at org.openqa.selenium.remote.service.DriverCommandExecutor.execute(DriverCommandExecutor.java:83)
	at org.openqa.selenium.remote.RemoteWebDriver.execute(RemoteWebDriver.java:601)
	at org.openqa.selenium.remote.RemoteWebDriver.findElement(RemoteWebDriver.java:371)
	at org.openqa.selenium.remote.RemoteWebDriver.findElementByName(RemoteWebDriver.java:449)
	at org.openqa.selenium.By$ByName.findElement(By.java:303)
	at org.openqa.selenium.remote.RemoteWebDriver.findElement(RemoteWebDriver.java:363)
	at sun.reflect.GeneratedMethodAccessor3.invoke(Unknown Source)
	at sun.reflect.DelegatingMethodAccessorImpl.invoke(DelegatingMethodAccessorImpl.java:43)
	at java.lang.reflect.Method.invoke(Method.java:498)
	at org.openqa.selenium.support.events.EventFiringWebDriver$2.invoke(EventFiringWebDriver.java:108)
	at com.sun.proxy.$Proxy8.findElement(Unknown Source)
	at org.openqa.selenium.support.events.EventFiringWebDriver.findElement(EventFiringWebDriver.java:192)
	at org.openqa.selenium.support.pagefactory.DefaultElementLocator.findElement(DefaultElementLocator.java:69)
	at org.openqa.selenium.support.pagefactory.AjaxElementLocator.access$001(AjaxElementLocator.java:41)
	at org.openqa.selenium.support.pagefactory.AjaxElementLocator$SlowLoadingElement.isLoaded(AjaxElementLocator.java:157)
	at org.openqa.selenium.support.ui.SlowLoadableComponent.get(SlowLoadableComponent.java:58)
	at org.openqa.selenium.support.pagefactory.AjaxElementLocator.findElement(AjaxElementLocator.java:87)
	at org.openqa.selenium.support.pagefactory.internal.LocatingElementHandler.invoke(LocatingElementHandler.java:38)
	at com.sun.proxy.$Proxy12.toString(Unknown Source)
	at com.sinosoft.test.base.TestBase.setEditboxValue(TestBase.java:360)
	at com.sinosoft.test.fccp.common.CodeSelectPage.selectByCodes(CodeSelectPage.java:45)
	at com.sinosoft.test.fccp.common.FccbBase.CodeSelect(FccbBase.java:46)
	at com.sinosoft.test.fccp.tbcl.BasicInfoPage.inputSalesInfoAction(BasicInfoPage.java:348)
	at com.sinosoft.test.fccp.tbcl.BasicInfoPage.inputSalesInfoAction(BasicInfoPage.java:363)
	at com.sinosoft.testcases.fccb.TBGLTestCase.FCCB_TBCL(TBGLTestCase.java:93)
	at sun.reflect.NativeMethodAccessorImpl.invoke0(Native Method)
	at sun.reflect.NativeMethodAccessorImpl.invoke(NativeMethodAccessorImpl.java:62)
	at sun.reflect.DelegatingMethodAccessorImpl.invoke(DelegatingMethodAccessorImpl.java:43)
	at java.lang.reflect.Method.invoke(Method.java:498)
	at org.testng.internal.MethodInvocationHelper.invokeMethod(MethodInvocationHelper.java:108)
	at org.testng.internal.Invoker.invokeMethod(Invoker.java:661)
	at org.testng.internal.Invoker.invokeTestMethod(Invoker.java:869)
	at org.testng.internal.Invoker.invokeTestMethods(Invoker.java:1193)
	at org.testng.internal.TestMethodWorker.invokeTestMethods(TestMethodWorker.java:126)
	at org.testng.internal.TestMethodWorker.run(TestMethodWorker.java:109)
	at org.testng.TestRunner.privateRun(TestRunner.java:744)
	at org.testng.TestRunner.run(TestRunner.java:602)
	at org.testng.SuiteRunner.runTest(SuiteRunner.java:380)
	at org.testng.SuiteRunner.runSequentially(SuiteRunner.java:375)
	at org.testng.SuiteRunner.privateRun(SuiteRunner.java:340)
	at org.testng.SuiteRunner.run(SuiteRunner.java:289)
	at org.testng.SuiteRunnerWorker.runSuite(SuiteRunnerWorker.java:52)
	at org.testng.SuiteRunnerWorker.run(SuiteRunnerWorker.java:86)
	at org.testng.TestNG.runSuitesSequentially(TestNG.java:1301)
	at org.testng.TestNG.runSuitesLocally(TestNG.java:1226)
	at org.testng.TestNG.runSuites(TestNG.java:1144)
	at org.testng.TestNG.run(TestNG.java:1115)
	at org.apache.maven.surefire.testng.TestNGExecutor.run(TestNGExecutor.java:283)
	at org.apache.maven.surefire.testng.TestNGXmlTestSuite.execute(TestNGXmlTestSuite.java:75)
	at org.apache.maven.surefire.testng.TestNGProvider.invoke(TestNGProvider.java:120)
	at org.apache.maven.surefire.booter.ForkedBooter.invokeProviderInSameClassLoader(ForkedBooter.java:384)
	at org.apache.maven.surefire.booter.ForkedBooter.runSuitesInProcess(ForkedBooter.java:345)
	at org.apache.maven.surefire.booter.ForkedBooter.execute(ForkedBooter.java:126)
	at org.apache.maven.surefire.booter.ForkedBooter.main(ForkedBooter.java:418)
2020/07/14 10:13:05:268 DEBUG com.sinosoft.test.base.TestBase:88 - 截屏文件名字是：FCCB_TB_JCX_2_异常截屏
2020/07/14 10:13:05:289 DEBUG com.sinosoft.test.base.TestBase:66 - 系统自动捕获异常：Exception occured: org.openqa.selenium.NoSuchWindowException: Unable to get browser
Build info: version: '3.9.0', revision: '698b3178f0', time: '2018-02-05T14:26:55.441Z'
System info: host: 'DESKTOP-I9S3ABE', ip: '100.100.96.220', os.name: 'Windows 10', os.arch: 'amd64', os.version: '10.0', java.version: '1.8.0_101'
Driver info: org.openqa.selenium.ie.InternetExplorerDriver
Capabilities {acceptInsecureCerts: false, browserName: internet explorer, browserVersion: 11, javascriptEnabled: true, pageLoadStrategy: normal, platform: WINDOWS, platformName: WINDOWS, proxy: Proxy(), se:ieOptions: {browserAttachTimeout: 0, elementScrollBehavior: 0, enablePersistentHover: true, ie.browserCommandLineSwitches: , ie.ensureCleanSession: false, ie.fileUploadDialogTimeout: 3000, ie.forceCreateProcessApi: false, ignoreProtectedModeSettings: true, ignoreZoomSetting: false, initialBrowserUrl: http://localhost:48130/, nativeEvents: true, requireWindowFocus: false}, setWindowRect: true, timeouts: {implicit: 0, pageLoad: 300000, script: 30000}, unhandledPromptBehavior: ignore}
Session ID: 7a56cff7-bff3-4e73-9241-177c580d1162
2020/07/14 10:13:05:290  INFO com.sinosoft.test.base.TestBase:68 - 异常的message 是：Unable to get browser
Build info: version: '3.9.0', revision: '698b3178f0', time: '2018-02-05T14:26:55.441Z'
System info: host: 'DESKTOP-I9S3ABE', ip: '100.100.96.220', os.name: 'Windows 10', os.arch: 'amd64', os.version: '10.0', java.version: '1.8.0_101'
Driver info: org.openqa.selenium.ie.InternetExplorerDriver
Capabilities {acceptInsecureCerts: false, browserName: internet explorer, browserVersion: 11, javascriptEnabled: true, pageLoadStrategy: normal, platform: WINDOWS, platformName: WINDOWS, proxy: Proxy(), se:ieOptions: {browserAttachTimeout: 0, elementScrollBehavior: 0, enablePersistentHover: true, ie.browserCommandLineSwitches: , ie.ensureCleanSession: false, ie.fileUploadDialogTimeout: 3000, ie.forceCreateProcessApi: false, ignoreProtectedModeSettings: true, ignoreZoomSetting: false, initialBrowserUrl: http://localhost:48130/, nativeEvents: true, requireWindowFocus: false}, setWindowRect: true, timeouts: {implicit: 0, pageLoad: 300000, script: 30000}, unhandledPromptBehavior: ignore}
Session ID: 7a56cff7-bff3-4e73-9241-177c580d1162
2020/07/14 10:13:05:291 ERROR com.sinosoft.test.base.TestBase:94 - 浏览截屏失败：
org.openqa.selenium.NoSuchWindowException: Unable to get browser
Build info: version: '3.9.0', revision: '698b3178f0', time: '2018-02-05T14:26:55.441Z'
System info: host: 'DESKTOP-I9S3ABE', ip: '100.100.96.220', os.name: 'Windows 10', os.arch: 'amd64', os.version: '10.0', java.version: '1.8.0_101'
Driver info: org.openqa.selenium.ie.InternetExplorerDriver
Capabilities {acceptInsecureCerts: false, browserName: internet explorer, browserVersion: 11, javascriptEnabled: true, pageLoadStrategy: normal, platform: WINDOWS, platformName: WINDOWS, proxy: Proxy(), se:ieOptions: {browserAttachTimeout: 0, elementScrollBehavior: 0, enablePersistentHover: true, ie.browserCommandLineSwitches: , ie.ensureCleanSession: false, ie.fileUploadDialogTimeout: 3000, ie.forceCreateProcessApi: false, ignoreProtectedModeSettings: true, ignoreZoomSetting: false, initialBrowserUrl: http://localhost:48130/, nativeEvents: true, requireWindowFocus: false}, setWindowRect: true, timeouts: {implicit: 0, pageLoad: 300000, script: 30000}, unhandledPromptBehavior: ignore}
Session ID: 7a56cff7-bff3-4e73-9241-177c580d1162
	at sun.reflect.NativeConstructorAccessorImpl.newInstance0(Native Method)
	at sun.reflect.NativeConstructorAccessorImpl.newInstance(NativeConstructorAccessorImpl.java:62)
	at sun.reflect.DelegatingConstructorAccessorImpl.newInstance(DelegatingConstructorAccessorImpl.java:45)
	at java.lang.reflect.Constructor.newInstance(Constructor.java:423)
	at org.openqa.selenium.remote.http.W3CHttpResponseCodec.createException(W3CHttpResponseCodec.java:187)
	at org.openqa.selenium.remote.http.W3CHttpResponseCodec.decode(W3CHttpResponseCodec.java:122)
	at org.openqa.selenium.remote.http.W3CHttpResponseCodec.decode(W3CHttpResponseCodec.java:49)
	at org.openqa.selenium.remote.HttpCommandExecutor.execute(HttpCommandExecutor.java:160)
	at org.openqa.selenium.remote.service.DriverCommandExecutor.execute(DriverCommandExecutor.java:83)
	at org.openqa.selenium.remote.RemoteWebDriver.execute(RemoteWebDriver.java:601)
	at org.openqa.selenium.remote.RemoteWebDriver.execute(RemoteWebDriver.java:658)
	at org.openqa.selenium.ie.InternetExplorerDriver.getScreenshotAs(InternetExplorerDriver.java:235)
	at sun.reflect.NativeMethodAccessorImpl.invoke0(Native Method)
	at sun.reflect.NativeMethodAccessorImpl.invoke(NativeMethodAccessorImpl.java:62)
	at sun.reflect.DelegatingMethodAccessorImpl.invoke(DelegatingMethodAccessorImpl.java:43)
	at java.lang.reflect.Method.invoke(Method.java:498)
	at org.openqa.selenium.support.events.EventFiringWebDriver$2.invoke(EventFiringWebDriver.java:108)
	at com.sun.proxy.$Proxy8.getScreenshotAs(Unknown Source)
	at org.openqa.selenium.support.events.EventFiringWebDriver.getScreenshotAs(EventFiringWebDriver.java:291)
	at com.sinosoft.test.util.TestUtil.takeScreenshot(TestUtil.java:89)
	at com.sinosoft.testcases.fccb.TBGLTestCase.FCCB_TBCL(TBGLTestCase.java:126)
	at sun.reflect.NativeMethodAccessorImpl.invoke0(Native Method)
	at sun.reflect.NativeMethodAccessorImpl.invoke(NativeMethodAccessorImpl.java:62)
	at sun.reflect.DelegatingMethodAccessorImpl.invoke(DelegatingMethodAccessorImpl.java:43)
	at java.lang.reflect.Method.invoke(Method.java:498)
	at org.testng.internal.MethodInvocationHelper.invokeMethod(MethodInvocationHelper.java:108)
	at org.testng.internal.Invoker.invokeMethod(Invoker.java:661)
	at org.testng.internal.Invoker.invokeTestMethod(Invoker.java:869)
	at org.testng.internal.Invoker.invokeTestMethods(Invoker.java:1193)
	at org.testng.internal.TestMethodWorker.invokeTestMethods(TestMethodWorker.java:126)
	at org.testng.internal.TestMethodWorker.run(TestMethodWorker.java:109)
	at org.testng.TestRunner.privateRun(TestRunner.java:744)
	at org.testng.TestRunner.run(TestRunner.java:602)
	at org.testng.SuiteRunner.runTest(SuiteRunner.java:380)
	at org.testng.SuiteRunner.runSequentially(SuiteRunner.java:375)
	at org.testng.SuiteRunner.privateRun(SuiteRunner.java:340)
	at org.testng.SuiteRunner.run(SuiteRunner.java:289)
	at org.testng.SuiteRunnerWorker.runSuite(SuiteRunnerWorker.java:52)
	at org.testng.SuiteRunnerWorker.run(SuiteRunnerWorker.java:86)
	at org.testng.TestNG.runSuitesSequentially(TestNG.java:1301)
	at org.testng.TestNG.runSuitesLocally(TestNG.java:1226)
	at org.testng.TestNG.runSuites(TestNG.java:1144)
	at org.testng.TestNG.run(TestNG.java:1115)
	at org.apache.maven.surefire.testng.TestNGExecutor.run(TestNGExecutor.java:283)
	at org.apache.maven.surefire.testng.TestNGXmlTestSuite.execute(TestNGXmlTestSuite.java:75)
	at org.apache.maven.surefire.testng.TestNGProvider.invoke(TestNGProvider.java:120)
	at org.apache.maven.surefire.booter.ForkedBooter.invokeProviderInSameClassLoader(ForkedBooter.java:384)
	at org.apache.maven.surefire.booter.ForkedBooter.runSuitesInProcess(ForkedBooter.java:345)
	at org.apache.maven.surefire.booter.ForkedBooter.execute(ForkedBooter.java:126)
	at org.apache.maven.surefire.booter.ForkedBooter.main(ForkedBooter.java:418)
2020/07/14 10:13:05:292  INFO com.sinosoft.test.base.TestBase:129 - 执行测试用例发生了异常，截屏结束！
2020/07/14 10:13:05:295  INFO com.sinosoft.test.base.TestBase:132 - 进入Finally事件:RowID:2
2020/07/14 10:13:05:295  INFO com.sinosoft.test.base.TestBase:133 - 进入Finally事件:testCaseName:FCCB_TBCL
2020/07/14 10:13:05:295  INFO com.sinosoft.test.base.TestBase:134 - 进入Finally事件:proposalNumber:06201890122202000000000004
2020/07/14 10:13:05:295  INFO com.sinosoft.test.base.TestBase:135 - 进入Finally事件:message:未知异常Currently focused window has been closed.
Build info: version: '3.9.0', revision: '698b3178f0', time: '2018-02-05T14:26:55.441Z'
System info: host: 'DESKTOP-I9S3ABE', ip: '100.100.96.220', os.name: 'Windows 10', os.arch: 'amd64', os.version: '10.0', java.version: '1.8.0_101'
Driver info: org.openqa.selenium.ie.InternetExplorerDriver
Capabilities {acceptInsecureCerts: false, browserName: internet explorer, browserVersion: 11, javascriptEnabled: true, pageLoadStrategy: normal, platform: WINDOWS, platformName: WINDOWS, proxy: Proxy(), se:ieOptions: {browserAttachTimeout: 0, elementScrollBehavior: 0, enablePersistentHover: true, ie.browserCommandLineSwitches: , ie.ensureCleanSession: false, ie.fileUploadDialogTimeout: 3000, ie.forceCreateProcessApi: false, ignoreProtectedModeSettings: true, ignoreZoomSetting: false, initialBrowserUrl: http://localhost:48130/, nativeEvents: true, requireWindowFocus: false}, setWindowRect: true, timeouts: {implicit: 0, pageLoad: 300000, script: 30000}, unhandledPromptBehavior: ignore}
Session ID: 7a56cff7-bff3-4e73-9241-177c580d1162
*** Element info: {Using=name, value=fieldValue}
2020/07/14 10:13:05:296  INFO com.sinosoft.test.base.TestBase:136 - 进入Finally事件:screenshot:
2020/07/14 10:13:05:516  INFO com.sinosoft.test.base.TestBase:91 - start InternetExplorerDriver
2020/07/14 10:13:06:873 DEBUG com.sinosoft.test.base.TestBase:69 - 初始化class com.sinosoft.test.util.WebEventListener
2020/07/14 10:13:06:887  INFO com.sinosoft.test.base.TestBase:80 - 开始运行测试脚本，获取到的测试数据《getTBCLTestData》如下:
2020/07/14 10:13:06:887  INFO com.sinosoft.test.base.TestBase:81 - ROW_ID=3
ProcessFlag=N
TestCaseName=FCCB_TB_GCX
TestCaseSeq=1
TestDescription=非车承保企财险-建工一切险-出单
riskClass=07
riskCode=0701
renewalInd=0
renewalPolicy=
prePay=
carrayOver=
carrayOverPolicy=
relatedInd=
relatedPolicy=
fbbs=
ywgs=01620190
qdlx=01
gdbs=6
xstd=T6201900101
ywy=S000000006
ywly=01010101
dljg=
xsxy=
cxywbs=YDW
cdjg=01
htzyjjfs=2
jnwbz=
jw_country=
jw_Addr=
snbz=
sftkbd=0
sfdzbd=0
sfxb=0
fxqkyjytz=
sfydyw=
sfsn=
xbbdh=
tbr_lx=1
tbr_mc=
tbr_vip=
tbr_dm=I11101757160
tbr_zjlx=
tbr_zjhm=
tbr_sj=
tbr_csrq=
tbr_lxdz=
tbr_dwdh=
lxr_xm=
lxr_xb=
lxr_zw=
lxr_sj=
lxr_yx=
xzsyfw=1
tqmc=
qbrq=
zbrq=
lgbbz=0
yyzdbz=
sfgxdm=1
cbdq=0001
zzfwlx=0
hydl=
hyxl=
jqbm=
bbdm=
sf=
cs=
qx=
yb=
jzdj=
bxcs=
bdw_jd=
bdw_yyxz=
bdw_sfhyf=
bdw_fxlx=
bdw_sbmc=
bdw_cjh=
bdw_fdjh=
bdw_cjdjrq=
bdw_cllx=
bdw_cpcx=
bdw_sccj=
bdw_gzjz=
bdw_sgzyqy=
bdw_zylx=
bdw=
bdwmx=
xbdm=
jrbe=
jzfs=
bxje=
bffl=
dqflbz=
ysbf=
yyzd_zdpcg=
yyzd_sndmlrze=
yyzd_sndyye=
yyzd_bdw=
yyzd_bdwmx=
yyzd_xbdm=
yyzd_jrbe=
yyzd_jzfs=
yyzd_bxje=
yyzd_bffl=
yyzd_dqflbz=
yyzd_ysbf=
fsh=5
xsfdj=A
xsfxs=2
jgx_sf=620000
jgx_cs=620100
jgx_qx=620102
jgx_gcdd=市政府家属院
jgx_bb=CNY
jgx_gcmc=市政府家属院污水改造工程
jgx_gclx_1=001
jgx_gclx_2=002
jgx_gclx_3=005
jgx_gclx_4=
jgx_gclx_5=006
jgx_gclx_6=007
jgx_yzssjt=0020
jgx_yz=00200001
jgx_cbs_ssjt=9999
jgx_cbs=99990018
jgx_gchth=JGX00020002001
jgx_gcjz=20000000
jgx_gcqsrq=20200301
jgx_gczzrq=20201231
jgx_gcfw=商业体开发及装修
jgx_scqqsrq=20200301
jgx_scqzzrq=20200331
jgx_bzqqsrq=20210101
jgx_bzqzzrq=20211231
jgx_ws_xmlbdm=070001
jgx_ws_jrbe=1
jgx_ws_bxje=20000000
jgx_ws_fl=4
jgx_ws_dqflbz=4
jgx_ws_ysbf=8000
jgx_sz_xbdm=0701034
jgx_sz_jrbe=1
jgx_sz_ljpcxe=10,000,000.00
jgx_sz_fv=2
jgx_sz_dqflbz=4
jgx_sz_ysbf=2000
proposalNumber=06201900701202000000000091
message=
screenshot=
testCaseName=FCCB_TBCL

2020/07/14 10:13:06:888  INFO com.sinosoft.test.base.TestBase:132 - 进入Finally事件:RowID:3
2020/07/14 10:13:06:888  INFO com.sinosoft.test.base.TestBase:133 - 进入Finally事件:testCaseName:FCCB_TBCL
2020/07/14 10:13:06:888  INFO com.sinosoft.test.base.TestBase:134 - 进入Finally事件:proposalNumber:06201900701202000000000091
2020/07/14 10:13:06:888  INFO com.sinosoft.test.base.TestBase:135 - 进入Finally事件:message:
2020/07/14 10:13:06:888  INFO com.sinosoft.test.base.TestBase:136 - 进入Finally事件:screenshot:
2020/07/14 10:13:07:006  INFO com.sinosoft.test.base.TestBase:91 - start InternetExplorerDriver
2020/07/14 10:13:08:696 DEBUG com.sinosoft.test.base.TestBase:69 - 初始化class com.sinosoft.test.util.WebEventListener
2020/07/14 10:13:08:711  INFO com.sinosoft.test.base.TestBase:80 - 开始运行测试脚本，获取到的测试数据《getTBCLTestData》如下:
2020/07/14 10:13:08:712  INFO com.sinosoft.test.base.TestBase:81 - ROW_ID=4
ProcessFlag=N
TestCaseName=FCCB_TB_JCX
TestCaseSeq=2
TestDescription=非车承保企财险-机器损坏保险-出单
riskClass=01
riskCode=0107
renewalInd=0
renewalPolicy=
prePay=
carrayOver=
carrayOverPolicy=
relatedInd=
relatedPolicy=
fbbs=
ywgs=01620189
qdlx=04
gdbs=0
xstd=T6209880101
ywy=S000000029
ywly=01010101
dljg=
xsxy=
cxywbs=HXXT
cdjg=
htzyjjfs=
jnwbz=
jw_country=
jw_Addr=
snbz=
sftkbd=0
sfdzbd=0
sfxb=0
fxqkyjytz=
sfydyw=
sfsn=
xbbdh=
tbr_lx=2
tbr_mc=
tbr_vip=
tbr_dm=G6200019984
tbr_zjlx=
tbr_zjhm=
tbr_sj=
tbr_csrq=
tbr_lxdz=
tbr_dwdh=010-67549095-455
lxr_xm=
lxr_xb=
lxr_zw=
lxr_sj=
lxr_yx=
xzsyfw=1
tqmc=
qbrq=
zbrq=
lgbbz=0
yyzdbz=0
sfgxdm=1
cbdq=
zzfwlx=2
hydl=03
hyxl=03006
jqbm=121121123123
bbdm=CNY
sf=130000
cs=130300
qx=130302
yb=065201
jzdj=01
bxcs=北戴河公园
bdw_jd=西城区月坛街道
bdw_yyxz=01
bdw_sfhyf=0
bdw_fxlx=03
bdw_sbmc=
bdw_cjh=
bdw_fdjh=
bdw_cjdjrq=
bdw_cllx=
bdw_cpcx=
bdw_sccj=
bdw_gzjz=
bdw_sgzyqy=
bdw_zylx=
bdw=010007
bdwmx=
xbdm=0107001
jrbe=1
jzfs=09
bxje=2000000
bffl=0.5
dqflbz=2
ysbf=8000
yyzd_zdpcg=
yyzd_sndmlrze=
yyzd_sndyye=
yyzd_bdw=
yyzd_bdwmx=
yyzd_xbdm=
yyzd_jrbe=
yyzd_jzfs=
yyzd_bxje=
yyzd_bffl=
yyzd_dqflbz=
yyzd_ysbf=
fsh=5
xsfdj=A
xsfxs=2
jgx_sf=
jgx_cs=
jgx_qx=
jgx_gcdd=
jgx_bb=
jgx_gcmc=
jgx_gclx_1=
jgx_gclx_2=
jgx_gclx_3=
jgx_gclx_4=
jgx_gclx_5=
jgx_gclx_6=
jgx_yzssjt=
jgx_yz=
jgx_cbs_ssjt=
jgx_cbs=
jgx_gchth=
jgx_gcjz=
jgx_gcqsrq=
jgx_gczzrq=
jgx_gcfw=
jgx_scqqsrq=
jgx_scqzzrq=
jgx_bzqqsrq=
jgx_bzqzzrq=
jgx_ws_xmlbdm=
jgx_ws_jrbe=
jgx_ws_bxje=
jgx_ws_fl=
jgx_ws_dqflbz=
jgx_ws_ysbf=
jgx_sz_xbdm=
jgx_sz_jrbe=
jgx_sz_ljpcxe=
jgx_sz_fv=
jgx_sz_dqflbz=
jgx_sz_ysbf=
proposalNumber=06201890107202000000000005
message=未知异常Currently focused window has been closed.
Build info: version: '3.9.0', revision: '698b3178f0', time: '2018-02-05T14:26:55.441Z'
System info: host: 'DESKTOP-I9S3ABE', ip: '100.100.93.42', os.name: 'Windows 10', os.arch: 'amd64', os.version: '10.0', java.version: '1.8.0_101'
Driver info: org.openqa.selenium.ie.InternetExplorerDriver
Capabilities {acceptInsecureCerts: false, browserName: internet explorer, browserVersion: 11, javascriptEnabled: true, pageLoadStrategy: normal, platform: WINDOWS, platformName: WINDOWS, proxy: Proxy(), se:ieOptions: {browserAttachTimeout: 0, elementScrollBehavior: 0, enablePersistentHover: true, ie.browserCommandLineSwitches: , ie.ensureCleanSession: false, ie.fileUploadDialogTimeout: 3000, ie.forceCreateProcessApi: false, ignoreProtectedModeSettings: true, ignoreZoomSetting: false, initialBrowserUrl: http://localhost:15976/, nativeEvents: true, requireWindowFocus: false}, setWindowRect: true, timeouts: {implicit: 0, pageLoad: 300000, script: 30000}, unhandledPromptBehavior: ignore}
Session ID: a4ddda5b-3c22-4027-b7dd-dd77604460c0
*** Element info: {Using=name, value=codeselect}
screenshot=
testCaseName=FCCB_TBCL

2020/07/14 10:13:08:712  INFO com.sinosoft.test.base.TestBase:132 - 进入Finally事件:RowID:4
2020/07/14 10:13:08:712  INFO com.sinosoft.test.base.TestBase:133 - 进入Finally事件:testCaseName:FCCB_TBCL
2020/07/14 10:13:08:713  INFO com.sinosoft.test.base.TestBase:134 - 进入Finally事件:proposalNumber:06201890107202000000000005
2020/07/14 10:13:08:713  INFO com.sinosoft.test.base.TestBase:135 - 进入Finally事件:message:未知异常Currently focused window has been closed.
Build info: version: '3.9.0', revision: '698b3178f0', time: '2018-02-05T14:26:55.441Z'
System info: host: 'DESKTOP-I9S3ABE', ip: '100.100.93.42', os.name: 'Windows 10', os.arch: 'amd64', os.version: '10.0', java.version: '1.8.0_101'
Driver info: org.openqa.selenium.ie.InternetExplorerDriver
Capabilities {acceptInsecureCerts: false, browserName: internet explorer, browserVersion: 11, javascriptEnabled: true, pageLoadStrategy: normal, platform: WINDOWS, platformName: WINDOWS, proxy: Proxy(), se:ieOptions: {browserAttachTimeout: 0, elementScrollBehavior: 0, enablePersistentHover: true, ie.browserCommandLineSwitches: , ie.ensureCleanSession: false, ie.fileUploadDialogTimeout: 3000, ie.forceCreateProcessApi: false, ignoreProtectedModeSettings: true, ignoreZoomSetting: false, initialBrowserUrl: http://localhost:15976/, nativeEvents: true, requireWindowFocus: false}, setWindowRect: true, timeouts: {implicit: 0, pageLoad: 300000, script: 30000}, unhandledPromptBehavior: ignore}
Session ID: a4ddda5b-3c22-4027-b7dd-dd77604460c0
*** Element info: {Using=name, value=codeselect}
2020/07/14 10:13:08:713  INFO com.sinosoft.test.base.TestBase:136 - 进入Finally事件:screenshot:
2020/07/14 10:13:08:798  INFO com.sinosoft.test.base.TestBase:91 - start InternetExplorerDriver
2020/07/14 10:13:10:154 DEBUG com.sinosoft.test.base.TestBase:69 - 初始化class com.sinosoft.test.util.WebEventListener
2020/07/14 10:13:10:169  INFO com.sinosoft.test.base.TestBase:80 - 开始运行测试脚本，获取到的测试数据《getTBCLTestData》如下:
2020/07/14 10:13:10:170  INFO com.sinosoft.test.base.TestBase:81 - ROW_ID=5
ProcessFlag=N
TestCaseName=FCCB_TB_JCX
TestCaseSeq=1
TestDescription=非车承保企财险-财产基本险-出单
riskClass=01
riskCode=0101
renewalInd=0
renewalPolicy=
prePay=
carrayOver=
carrayOverPolicy=
relatedInd=
relatedPolicy=
fbbs=
ywgs=01620189
qdlx=04
gdbs=0
xstd=T6209880101
ywy=S000000029
ywly=01010101
dljg=
xsxy=
cxywbs=HXXT
cdjg=
htzyjjfs=
jnwbz=
jw_country=
jw_Addr=
snbz=
sftkbd=0
sfdzbd=0
sfxb=0
fxqkyjytz=
sfydyw=
sfsn=
xbbdh=
tbr_lx=2
tbr_mc=
tbr_vip=
tbr_dm=G6200019603
tbr_zjlx=
tbr_zjhm=
tbr_sj=
tbr_csrq=
tbr_lxdz=
tbr_dwdh=010-67549095-456
lxr_xm=
lxr_xb=
lxr_zw=
lxr_sj=
lxr_yx=
xzsyfw=1
tqmc=
qbrq=
zbrq=
lgbbz=1
yyzdbz=1
sfgxdm=1
cbdq=
zzfwlx=0
hydl=12
hyxl=12006
jqbm=121121123123
bbdm=CNY
sf=130000
cs=130300
qx=130302
yb=065201
jzdj=01
bxcs=北戴河公园
bdw_jd=金融街街道
bdw_yyxz=
bdw_sfhyf=
bdw_fxlx=
bdw_sbmc=
bdw_cjh=
bdw_fdjh=
bdw_cjdjrq=
bdw_cllx=
bdw_cpcx=
bdw_sccj=
bdw_gzjz=
bdw_sgzyqy=
bdw_zylx=
bdw=010001
bdwmx=碣石公园礁石群
xbdm=0101001
jrbe=1
jzfs=10
bxje=2000000
bffl=0.5
dqflbz=2
ysbf=400
yyzd_zdpcg=24
yyzd_sndmlrze=6000000
yyzd_sndyye=20000000
yyzd_bdw=010056
yyzd_bdwmx=
yyzd_xbdm=0105001
yyzd_jrbe=1
yyzd_jzfs=18
yyzd_bxje=200000
yyzd_bffl=3
yyzd_dqflbz=3
yyzd_ysbf=4000
fsh=6
xsfdj=B
xsfxs=2
jgx_sf=
jgx_cs=
jgx_qx=
jgx_gcdd=
jgx_bb=
jgx_gcmc=
jgx_gclx_1=
jgx_gclx_2=
jgx_gclx_3=
jgx_gclx_4=
jgx_gclx_5=
jgx_gclx_6=
jgx_yzssjt=
jgx_yz=
jgx_cbs_ssjt=
jgx_cbs=
jgx_gchth=
jgx_gcjz=
jgx_gcqsrq=
jgx_gczzrq=
jgx_gcfw=
jgx_scqqsrq=
jgx_scqzzrq=
jgx_bzqqsrq=
jgx_bzqzzrq=
jgx_ws_xmlbdm=
jgx_ws_jrbe=
jgx_ws_bxje=
jgx_ws_fl=
jgx_ws_dqflbz=
jgx_ws_ysbf=
jgx_sz_xbdm=
jgx_sz_jrbe=
jgx_sz_ljpcxe=
jgx_sz_fv=
jgx_sz_dqflbz=
jgx_sz_ysbf=
proposalNumber=06201890101202000000000224
message=未知异常No frame element found by name or id myFrame
Build info: version: '3.9.0', revision: '698b3178f0', time: '2018-02-05T14:26:55.441Z'
System info: host: 'DESKTOP-I9S3ABE', ip: '100.100.94.122', os.name: 'Windows 10', os.arch: 'amd64', os.version: '10.0', java.version: '1.8.0_101'
Driver info: driver.version: unknown
screenshot=C:\Users\liu-b\git\PageObjectModel\screenshots\FCCB_TB_JCX_1_异常截屏_20200713064216351.png
testCaseName=FCCB_TBCL

2020/07/14 10:13:10:170  INFO com.sinosoft.test.base.TestBase:132 - 进入Finally事件:RowID:5
2020/07/14 10:13:10:171  INFO com.sinosoft.test.base.TestBase:133 - 进入Finally事件:testCaseName:FCCB_TBCL
2020/07/14 10:13:10:172  INFO com.sinosoft.test.base.TestBase:134 - 进入Finally事件:proposalNumber:06201890101202000000000224
2020/07/14 10:13:10:172  INFO com.sinosoft.test.base.TestBase:135 - 进入Finally事件:message:未知异常No frame element found by name or id myFrame
Build info: version: '3.9.0', revision: '698b3178f0', time: '2018-02-05T14:26:55.441Z'
System info: host: 'DESKTOP-I9S3ABE', ip: '100.100.94.122', os.name: 'Windows 10', os.arch: 'amd64', os.version: '10.0', java.version: '1.8.0_101'
Driver info: driver.version: unknown
2020/07/14 10:13:10:173  INFO com.sinosoft.test.base.TestBase:136 - 进入Finally事件:screenshot:C:\Users\liu-b\git\PageObjectModel\screenshots\FCCB_TB_JCX_1_异常截屏_20200713064216351.png
2020/07/14 10:13:10:404 DEBUG freemarker.cache:45 - Couldn't find template in cache for "index.ftl"("en", UTF-8, parsed); will try to load it.
2020/07/14 10:13:10:406 DEBUG freemarker.cache:45 - TemplateLoader.findTemplateSource("index_en.ftl"): Not found
2020/07/14 10:13:10:408 DEBUG freemarker.cache:45 - TemplateLoader.findTemplateSource("index.ftl"): Found
2020/07/14 10:13:10:409 DEBUG freemarker.cache:45 - Loading template for "index.ftl"("en", UTF-8, parsed) from "jar:file:/C:/Users/liu-b/.m2/repository/com/aventstack/extentreports/3.1.3/extentreports-3.1.3.jar!/com/aventstack/extentreports/view/html-report/index.ftl"
2020/07/14 10:13:10:578 DEBUG freemarker.cache:45 - Couldn't find template in cache for "head.ftl"("en", UTF-8, parsed); will try to load it.
2020/07/14 10:13:10:579 DEBUG freemarker.cache:45 - TemplateLoader.findTemplateSource("head_en.ftl"): Not found
2020/07/14 10:13:10:580 DEBUG freemarker.cache:45 - TemplateLoader.findTemplateSource("head.ftl"): Found
2020/07/14 10:13:10:581 DEBUG freemarker.cache:45 - Loading template for "head.ftl"("en", UTF-8, parsed) from "jar:file:/C:/Users/liu-b/.m2/repository/com/aventstack/extentreports/3.1.3/extentreports-3.1.3.jar!/com/aventstack/extentreports/view/html-report/head.ftl"
2020/07/14 10:13:10:584 DEBUG freemarker.cache:45 - Couldn't find template in cache for "nav.ftl"("en", UTF-8, parsed); will try to load it.
2020/07/14 10:13:10:585 DEBUG freemarker.cache:45 - TemplateLoader.findTemplateSource("nav_en.ftl"): Not found
2020/07/14 10:13:10:586 DEBUG freemarker.cache:45 - TemplateLoader.findTemplateSource("nav.ftl"): Found
2020/07/14 10:13:10:586 DEBUG freemarker.cache:45 - Loading template for "nav.ftl"("en", UTF-8, parsed) from "jar:file:/C:/Users/liu-b/.m2/repository/com/aventstack/extentreports/3.1.3/extentreports-3.1.3.jar!/com/aventstack/extentreports/view/html-report/nav.ftl"
2020/07/14 10:13:10:595 DEBUG freemarker.cache:45 - Couldn't find template in cache for "test-view/test-view.ftl"("en", UTF-8, parsed); will try to load it.
2020/07/14 10:13:10:597 DEBUG freemarker.cache:45 - TemplateLoader.findTemplateSource("test-view/test-view_en.ftl"): Not found
2020/07/14 10:13:10:598 DEBUG freemarker.cache:45 - TemplateLoader.findTemplateSource("test-view/test-view.ftl"): Found
2020/07/14 10:13:10:599 DEBUG freemarker.cache:45 - Loading template for "test-view/test-view.ftl"("en", UTF-8, parsed) from "jar:file:/C:/Users/liu-b/.m2/repository/com/aventstack/extentreports/3.1.3/extentreports-3.1.3.jar!/com/aventstack/extentreports/view/html-report/test-view/test-view.ftl"
2020/07/14 10:13:10:607 DEBUG freemarker.cache:45 - Couldn't find template in cache for "test-view/test-view-charts.ftl"("en", UTF-8, parsed); will try to load it.
2020/07/14 10:13:10:608 DEBUG freemarker.cache:45 - TemplateLoader.findTemplateSource("test-view/test-view-charts_en.ftl"): Not found
2020/07/14 10:13:10:609 DEBUG freemarker.cache:45 - TemplateLoader.findTemplateSource("test-view/test-view-charts.ftl"): Found
2020/07/14 10:13:10:610 DEBUG freemarker.cache:45 - Loading template for "test-view/test-view-charts.ftl"("en", UTF-8, parsed) from "jar:file:/C:/Users/liu-b/.m2/repository/com/aventstack/extentreports/3.1.3/extentreports-3.1.3.jar!/com/aventstack/extentreports/view/html-report/test-view/test-view-charts.ftl"
2020/07/14 10:13:10:622 DEBUG freemarker.cache:45 - Couldn't find template in cache for "test-view/standard.ftl"("en", UTF-8, parsed); will try to load it.
2020/07/14 10:13:10:624 DEBUG freemarker.cache:45 - TemplateLoader.findTemplateSource("test-view/standard_en.ftl"): Not found
2020/07/14 10:13:10:625 DEBUG freemarker.cache:45 - TemplateLoader.findTemplateSource("test-view/standard.ftl"): Found
2020/07/14 10:13:10:626 DEBUG freemarker.cache:45 - Loading template for "test-view/standard.ftl"("en", UTF-8, parsed) from "jar:file:/C:/Users/liu-b/.m2/repository/com/aventstack/extentreports/3.1.3/extentreports-3.1.3.jar!/com/aventstack/extentreports/view/html-report/test-view/standard.ftl"
2020/07/14 10:13:10:639 DEBUG freemarker.cache:45 - "test-view/standard.ftl"("en", UTF-8, parsed) cached copy not yet stale; using cached.
2020/07/14 10:13:10:641 DEBUG freemarker.cache:45 - "test-view/standard.ftl"("en", UTF-8, parsed) cached copy not yet stale; using cached.
2020/07/14 10:13:10:642 DEBUG freemarker.cache:45 - "test-view/standard.ftl"("en", UTF-8, parsed) cached copy not yet stale; using cached.
2020/07/14 10:13:10:644 DEBUG freemarker.cache:45 - Couldn't find template in cache for "category-view/category-view.ftl"("en", UTF-8, parsed); will try to load it.
2020/07/14 10:13:10:645 DEBUG freemarker.cache:45 - TemplateLoader.findTemplateSource("category-view/category-view_en.ftl"): Not found
2020/07/14 10:13:10:645 DEBUG freemarker.cache:45 - TemplateLoader.findTemplateSource("category-view/category-view.ftl"): Found
2020/07/14 10:13:10:646 DEBUG freemarker.cache:45 - Loading template for "category-view/category-view.ftl"("en", UTF-8, parsed) from "jar:file:/C:/Users/liu-b/.m2/repository/com/aventstack/extentreports/3.1.3/extentreports-3.1.3.jar!/com/aventstack/extentreports/view/html-report/category-view/category-view.ftl"
2020/07/14 10:13:10:650 DEBUG freemarker.cache:45 - Couldn't find template in cache for "author-view/author-view.ftl"("en", UTF-8, parsed); will try to load it.
2020/07/14 10:13:10:651 DEBUG freemarker.cache:45 - TemplateLoader.findTemplateSource("author-view/author-view_en.ftl"): Not found
2020/07/14 10:13:10:652 DEBUG freemarker.cache:45 - TemplateLoader.findTemplateSource("author-view/author-view.ftl"): Found
2020/07/14 10:13:10:653 DEBUG freemarker.cache:45 - Loading template for "author-view/author-view.ftl"("en", UTF-8, parsed) from "jar:file:/C:/Users/liu-b/.m2/repository/com/aventstack/extentreports/3.1.3/extentreports-3.1.3.jar!/com/aventstack/extentreports/view/html-report/author-view/author-view.ftl"
2020/07/14 10:13:10:656 DEBUG freemarker.cache:45 - Couldn't find template in cache for "exception-view/exception-view.ftl"("en", UTF-8, parsed); will try to load it.
2020/07/14 10:13:10:658 DEBUG freemarker.cache:45 - TemplateLoader.findTemplateSource("exception-view/exception-view_en.ftl"): Not found
2020/07/14 10:13:10:659 DEBUG freemarker.cache:45 - TemplateLoader.findTemplateSource("exception-view/exception-view.ftl"): Found
2020/07/14 10:13:10:659 DEBUG freemarker.cache:45 - Loading template for "exception-view/exception-view.ftl"("en", UTF-8, parsed) from "jar:file:/C:/Users/liu-b/.m2/repository/com/aventstack/extentreports/3.1.3/extentreports-3.1.3.jar!/com/aventstack/extentreports/view/html-report/exception-view/exception-view.ftl"
2020/07/14 10:13:10:666 DEBUG freemarker.cache:45 - Couldn't find template in cache for "dashboard-view/dashboard-view.ftl"("en", UTF-8, parsed); will try to load it.
2020/07/14 10:13:10:667 DEBUG freemarker.cache:45 - TemplateLoader.findTemplateSource("dashboard-view/dashboard-view_en.ftl"): Not found
2020/07/14 10:13:10:668 DEBUG freemarker.cache:45 - TemplateLoader.findTemplateSource("dashboard-view/dashboard-view.ftl"): Found
2020/07/14 10:13:10:669 DEBUG freemarker.cache:45 - Loading template for "dashboard-view/dashboard-view.ftl"("en", UTF-8, parsed) from "jar:file:/C:/Users/liu-b/.m2/repository/com/aventstack/extentreports/3.1.3/extentreports-3.1.3.jar!/com/aventstack/extentreports/view/html-report/dashboard-view/dashboard-view.ftl"
2020/07/14 10:13:10:673 DEBUG freemarker.cache:45 - Couldn't find template in cache for "logs-view/testrunner-logs-view.ftl"("en", UTF-8, parsed); will try to load it.
2020/07/14 10:13:10:674 DEBUG freemarker.cache:45 - TemplateLoader.findTemplateSource("logs-view/testrunner-logs-view_en.ftl"): Not found
2020/07/14 10:13:10:675 DEBUG freemarker.cache:45 - TemplateLoader.findTemplateSource("logs-view/testrunner-logs-view.ftl"): Found
2020/07/14 10:13:10:676 DEBUG freemarker.cache:45 - Loading template for "logs-view/testrunner-logs-view.ftl"("en", UTF-8, parsed) from "jar:file:/C:/Users/liu-b/.m2/repository/com/aventstack/extentreports/3.1.3/extentreports-3.1.3.jar!/com/aventstack/extentreports/view/html-report/logs-view/testrunner-logs-view.ftl"
2020/07/14 10:13:34:680  INFO com.sinosoft.test.base.TestBase:59 - 配置文件路径：config.properties
2020/07/14 10:13:34:683 DEBUG com.sinosoft.test.base.TestBase:69 - 初始化class com.sinosoft.testcases.fccb.TBGLTestCase
2020/07/14 10:13:34:735 DEBUG com.sinosoft.test.base.TestBase:69 - 初始化class com.sinosoft.test.util.ExcelDataProvider
2020/07/14 10:13:35:459  INFO com.sinosoft.test.base.TestBase:80 - 当前文件里面一共有数据：4
2020/07/14 10:13:35:503  INFO com.sinosoft.test.base.TestBase:91 - start InternetExplorerDriver
2020/07/14 10:13:37:637 DEBUG com.sinosoft.test.base.TestBase:69 - 初始化class com.sinosoft.test.util.WebEventListener
2020/07/14 10:13:37:662  INFO com.sinosoft.test.base.TestBase:80 - 开始运行测试脚本，获取到的测试数据《getTBCLTestData》如下:
2020/07/14 10:13:37:663  INFO com.sinosoft.test.base.TestBase:81 - ROW_ID=2
ProcessFlag=Y
TestCaseName=FCCB_TB_JCX
TestCaseSeq=2
TestDescription=非车承保企财险-工程机械设备保险-出单
riskClass=01
riskCode=0122
renewalInd=0
renewalPolicy=
prePay=
carrayOver=
carrayOverPolicy=
relatedInd=
relatedPolicy=
fbbs=
ywgs=01620189
qdlx=04
gdbs=0
xstd=T6209880101
ywy=S000000029
ywly=01010101
dljg=
xsxy=
cxywbs=HXXT
cdjg=
htzyjjfs=
jnwbz=
jw_country=
jw_Addr=
snbz=
sftkbd=0
sfdzbd=0
sfxb=0
fxqkyjytz=
sfydyw=
sfsn=
xbbdh=
tbr_lx=2
tbr_mc=
tbr_vip=
tbr_dm=G6200019984
tbr_zjlx=
tbr_zjhm=
tbr_sj=
tbr_csrq=
tbr_lxdz=
tbr_dwdh=010-67549095-455
lxr_xm=
lxr_xb=
lxr_zw=
lxr_sj=
lxr_yx=
xzsyfw=1
tqmc=
qbrq=
zbrq=
lgbbz=0
yyzdbz=
sfgxdm=1
cbdq=0001
zzfwlx=2
hydl=03
hyxl=03006
jqbm=121121123123
bbdm=CNY
sf=130000
cs=130300
qx=130302
yb=065201
jzdj=
bxcs=
bdw_jd=
bdw_yyxz=
bdw_sfhyf=
bdw_fxlx=
bdw_sbmc=大型联合收割机
bdw_cjh=V1239876895
bdw_fdjh=E00239988
bdw_cjdjrq=20150101
bdw_cllx=车辆类型
bdw_cpcx=厂牌车型
bdw_sccj=东方红
bdw_gzjz=2000000
bdw_sgzyqy=华北地区
bdw_zylx=
bdw=010081
bdwmx=
xbdm=0122001
jrbe=1
jzfs=10
bxje=2000000
bffl=3
dqflbz=2
ysbf=600
yyzd_zdpcg=
yyzd_sndmlrze=
yyzd_sndyye=
yyzd_bdw=
yyzd_bdwmx=
yyzd_xbdm=
yyzd_jrbe=
yyzd_jzfs=
yyzd_bxje=
yyzd_bffl=
yyzd_dqflbz=
yyzd_ysbf=
fsh=5
xsfdj=A
xsfxs=2
jgx_sf=
jgx_cs=
jgx_qx=
jgx_gcdd=
jgx_bb=
jgx_gcmc=
jgx_gclx_1=
jgx_gclx_2=
jgx_gclx_3=
jgx_gclx_4=
jgx_gclx_5=
jgx_gclx_6=
jgx_yzssjt=
jgx_yz=
jgx_cbs_ssjt=
jgx_cbs=
jgx_gchth=
jgx_gcjz=
jgx_gcqsrq=
jgx_gczzrq=
jgx_gcfw=
jgx_scqqsrq=
jgx_scqzzrq=
jgx_bzqqsrq=
jgx_bzqzzrq=
jgx_ws_xmlbdm=
jgx_ws_jrbe=
jgx_ws_bxje=
jgx_ws_fl=
jgx_ws_dqflbz=
jgx_ws_ysbf=
jgx_sz_xbdm=
jgx_sz_jrbe=
jgx_sz_ljpcxe=
jgx_sz_fv=
jgx_sz_dqflbz=
jgx_sz_ysbf=
proposalNumber=06201890122202000000000004
message=未知异常Currently focused window has been closed.
Build info: version: '3.9.0', revision: '698b3178f0', time: '2018-02-05T14:26:55.441Z'
System info: host: 'DESKTOP-I9S3ABE', ip: '100.100.96.220', os.name: 'Windows 10', os.arch: 'amd64', os.version: '10.0', java.version: '1.8.0_101'
Driver info: org.openqa.selenium.ie.InternetExplorerDriver
Capabilities {acceptInsecureCerts: false, browserName: internet explorer, browserVersion: 11, javascriptEnabled: true, pageLoadStrategy: normal, platform: WINDOWS, platformName: WINDOWS, proxy: Proxy(), se:ieOptions: {browserAttachTimeout: 0, elementScrollBehavior: 0, enablePersistentHover: true, ie.browserCommandLineSwitches: , ie.ensureCleanSession: false, ie.fileUploadDialogTimeout: 3000, ie.forceCreateProcessApi: false, ignoreProtectedModeSettings: true, ignoreZoomSetting: false, initialBrowserUrl: http://localhost:48130/, nativeEvents: true, requireWindowFocus: false}, setWindowRect: true, timeouts: {implicit: 0, pageLoad: 300000, script: 30000}, unhandledPromptBehavior: ignore}
Session ID: 7a56cff7-bff3-4e73-9241-177c580d1162
*** Element info: {Using=name, value=fieldValue}
screenshot=
testCaseName=FCCB_TBCL

2020/07/14 10:13:37:668 DEBUG com.sinosoft.test.base.TestBase:69 - 初始化class com.sinosoft.test.fccp.common.LoginPage
2020/07/14 10:13:42:699 DEBUG com.sinosoft.test.base.TestBase:26 - Before navigating to: 'http://tvfchxyw.ypic.cn'
2020/07/14 10:13:43:343 DEBUG com.sinosoft.test.base.TestBase:30 - Navigated to:'http://tvfchxyw.ypic.cn'
2020/07/14 10:13:43:343 DEBUG com.sinosoft.test.base.TestBase:76 - Trying to find Element By : By.id: username
2020/07/14 10:13:43:491 DEBUG com.sinosoft.test.base.TestBase:80 - Found Element By : By.id: username
2020/07/14 10:13:43:494  INFO com.sinosoft.test.base.TestBase:360 - setEditboxValue:[[InternetExplorerDriver: internet explorer on WINDOWS (0442c62f-d207-464f-a903-6bb6a7051a17)] -> id: username]：policy1@ypic
2020/07/14 10:13:43:494 DEBUG com.sinosoft.test.base.TestBase:76 - Trying to find Element By : By.id: username
2020/07/14 10:13:43:628 DEBUG com.sinosoft.test.base.TestBase:80 - Found Element By : By.id: username
2020/07/14 10:13:43:939 DEBUG com.sinosoft.test.base.TestBase:76 - Trying to find Element By : By.id: username
2020/07/14 10:13:44:093 DEBUG com.sinosoft.test.base.TestBase:80 - Found Element By : By.id: username
2020/07/14 10:13:44:523 DEBUG com.sinosoft.test.base.TestBase:76 - Trying to find Element By : By.id: username
2020/07/14 10:13:44:663 DEBUG com.sinosoft.test.base.TestBase:80 - Found Element By : By.id: username
2020/07/14 10:13:44:663  INFO com.sinosoft.test.base.TestBase:363 - setEditboxValue—End:[[InternetExplorerDriver: internet explorer on WINDOWS (0442c62f-d207-464f-a903-6bb6a7051a17)] -> id: username]：policy1@ypic
2020/07/14 10:13:44:664 DEBUG com.sinosoft.test.base.TestBase:76 - Trying to find Element By : By.id: password
2020/07/14 10:13:44:809 DEBUG com.sinosoft.test.base.TestBase:80 - Found Element By : By.id: password
2020/07/14 10:13:44:809  INFO com.sinosoft.test.base.TestBase:360 - setEditboxValue:[[InternetExplorerDriver: internet explorer on WINDOWS (0442c62f-d207-464f-a903-6bb6a7051a17)] -> id: password]：ypic@1234
2020/07/14 10:13:44:810 DEBUG com.sinosoft.test.base.TestBase:76 - Trying to find Element By : By.id: password
2020/07/14 10:13:44:952 DEBUG com.sinosoft.test.base.TestBase:80 - Found Element By : By.id: password
2020/07/14 10:13:45:259 DEBUG com.sinosoft.test.base.TestBase:76 - Trying to find Element By : By.id: password
2020/07/14 10:13:45:409 DEBUG com.sinosoft.test.base.TestBase:80 - Found Element By : By.id: password
2020/07/14 10:13:45:796 DEBUG com.sinosoft.test.base.TestBase:76 - Trying to find Element By : By.id: password
2020/07/14 10:13:45:938 DEBUG com.sinosoft.test.base.TestBase:80 - Found Element By : By.id: password
2020/07/14 10:13:45:940  INFO com.sinosoft.test.base.TestBase:363 - setEditboxValue—End:[[InternetExplorerDriver: internet explorer on WINDOWS (0442c62f-d207-464f-a903-6bb6a7051a17)] -> id: password]：ypic@1234
2020/07/14 10:13:45:941 DEBUG com.sinosoft.test.base.TestBase:76 - Trying to find Element By : By.id: bt_submit
2020/07/14 10:13:46:090 DEBUG com.sinosoft.test.base.TestBase:80 - Found Element By : By.id: bt_submit
2020/07/14 10:13:46:091  INFO com.sinosoft.test.base.TestBase:402 - clickButton:[[InternetExplorerDriver: internet explorer on WINDOWS (0442c62f-d207-464f-a903-6bb6a7051a17)] -> id: bt_submit]
2020/07/14 10:13:46:091 DEBUG com.sinosoft.test.base.TestBase:76 - Trying to find Element By : By.id: bt_submit
2020/07/14 10:13:46:234 DEBUG com.sinosoft.test.base.TestBase:80 - Found Element By : By.id: bt_submit
2020/07/14 10:13:46:235 DEBUG com.sinosoft.test.base.TestBase:42 - Trying to click on: [[InternetExplorerDriver: internet explorer on WINDOWS (0442c62f-d207-464f-a903-6bb6a7051a17)] -> id: bt_submit]
2020/07/14 10:13:47:421 DEBUG com.sinosoft.test.base.TestBase:46 - Clicked on: [[InternetExplorerDriver: internet explorer on WINDOWS (0442c62f-d207-464f-a903-6bb6a7051a17)] -> id: bt_submit]
2020/07/14 10:13:47:425 DEBUG com.sinosoft.test.base.TestBase:76 - Trying to find Element By : By.xpath: //input[@value='继续登录']
2020/07/14 10:13:47:539 DEBUG com.sinosoft.test.base.TestBase:80 - Found Element By : By.xpath: //input[@value='继续登录']
2020/07/14 10:13:47:789  INFO com.sinosoft.test.base.TestBase:73 - 重复登录，发现继续登录按钮，强制登录ButtonName:[[InternetExplorerDriver: internet explorer on WINDOWS (0442c62f-d207-464f-a903-6bb6a7051a17)] -> xpath: //input[@value='继续登录']];Displayed：+true;Enabled=true
2020/07/14 10:13:47:789  INFO com.sinosoft.test.base.TestBase:402 - clickButton:[[InternetExplorerDriver: internet explorer on WINDOWS (0442c62f-d207-464f-a903-6bb6a7051a17)] -> xpath: //input[@value='继续登录']]
2020/07/14 10:13:47:790 DEBUG com.sinosoft.test.base.TestBase:42 - Trying to click on: [[InternetExplorerDriver: internet explorer on WINDOWS (0442c62f-d207-464f-a903-6bb6a7051a17)] -> xpath: //input[@value='继续登录']]
2020/07/14 10:13:49:458 DEBUG com.sinosoft.test.base.TestBase:46 - Clicked on: [[InternetExplorerDriver: internet explorer on WINDOWS (0442c62f-d207-464f-a903-6bb6a7051a17)] -> xpath: //input[@value='继续登录']]
2020/07/14 10:13:49:459 DEBUG com.sinosoft.test.base.TestBase:69 - 初始化class com.sinosoft.test.fccp.common.HomePage
2020/07/14 10:13:49:873 DEBUG com.sinosoft.test.base.TestBase:76 - Trying to find Element By : By.linkText: 承保子系统
2020/07/14 10:13:49:944 DEBUG com.sinosoft.test.base.TestBase:80 - Found Element By : By.linkText: 承保子系统
2020/07/14 10:13:49:945  INFO com.sinosoft.test.base.TestBase:144 - RunJavaScript:[[InternetExplorerDriver: internet explorer on WINDOWS (0442c62f-d207-464f-a903-6bb6a7051a17)] -> link text: 承保子系统]	arguments[0].click();
2020/07/14 10:13:50:292 DEBUG com.sinosoft.test.base.TestBase:76 - Trying to find Element By : By.linkText: 投保管理
2020/07/14 10:13:50:356 DEBUG com.sinosoft.test.base.TestBase:80 - Found Element By : By.linkText: 投保管理
2020/07/14 10:13:50:357  INFO com.sinosoft.test.base.TestBase:144 - RunJavaScript:[[InternetExplorerDriver: internet explorer on WINDOWS (0442c62f-d207-464f-a903-6bb6a7051a17)] -> link text: 投保管理]	arguments[0].click();
2020/07/14 10:13:50:686 DEBUG com.sinosoft.test.base.TestBase:76 - Trying to find Element By : By.linkText: 投保处理
2020/07/14 10:13:50:755 DEBUG com.sinosoft.test.base.TestBase:80 - Found Element By : By.linkText: 投保处理
2020/07/14 10:13:50:755  INFO com.sinosoft.test.base.TestBase:144 - RunJavaScript:[[InternetExplorerDriver: internet explorer on WINDOWS (0442c62f-d207-464f-a903-6bb6a7051a17)] -> link text: 投保处理]	arguments[0].click();
2020/07/14 10:13:51:005 DEBUG com.sinosoft.test.base.TestBase:69 - 初始化class com.sinosoft.test.fccp.tbcl.RiskSelectPage
2020/07/14 10:13:51:540 DEBUG com.sinosoft.test.base.TestBase:93 - 投保处理/险种选择
2020/07/14 10:13:51:542 DEBUG com.sinosoft.test.base.TestBase:76 - Trying to find Element By : By.name: riskClassTemp
2020/07/14 10:13:51:639 DEBUG com.sinosoft.test.base.TestBase:80 - Found Element By : By.name: riskClassTemp
2020/07/14 10:13:51:678 DEBUG com.sinosoft.test.base.TestBase:76 - Trying to find Element By : By.name: riskClassTemp
2020/07/14 10:13:51:742 DEBUG com.sinosoft.test.base.TestBase:80 - Found Element By : By.name: riskClassTemp
2020/07/14 10:13:51:743 DEBUG com.sinosoft.test.base.TestBase:63 - SetCodeEditBox:开始设置:[[InternetExplorerDriver: internet explorer on WINDOWS (0442c62f-d207-464f-a903-6bb6a7051a17)] -> name: riskClassTemp] & Code=01
2020/07/14 10:13:51:744 DEBUG com.sinosoft.test.base.TestBase:76 - Trying to find Element By : By.name: riskClassTemp
2020/07/14 10:13:51:802 DEBUG com.sinosoft.test.base.TestBase:80 - Found Element By : By.name: riskClassTemp
2020/07/14 10:13:52:112 DEBUG com.sinosoft.test.base.TestBase:76 - Trying to find Element By : By.name: riskClassTemp
2020/07/14 10:13:52:167 DEBUG com.sinosoft.test.base.TestBase:80 - Found Element By : By.name: riskClassTemp
2020/07/14 10:13:52:674 DEBUG com.sinosoft.test.base.TestBase:76 - Trying to find Element By : By.name: riskClassTemp
2020/07/14 10:13:52:722 DEBUG com.sinosoft.test.base.TestBase:80 - Found Element By : By.name: riskClassTemp
2020/07/14 10:13:52:722 DEBUG com.sinosoft.test.base.TestBase:76 - Trying to find Element By : By.xpath: ../input[last()]
2020/07/14 10:13:52:769 DEBUG com.sinosoft.test.base.TestBase:80 - Found Element By : By.xpath: ../input[last()]
2020/07/14 10:13:52:901  INFO com.sinosoft.test.base.TestBase:71 - SetCodeEditBox:找到了Code对应的文本显示框并点击触发显示:riskClassName
2020/07/14 10:13:52:902 DEBUG com.sinosoft.test.base.TestBase:42 - Trying to click on: [[[[InternetExplorerDriver: internet explorer on WINDOWS (0442c62f-d207-464f-a903-6bb6a7051a17)] -> name: riskClassTemp]] -> xpath: ../input[last()]]
2020/07/14 10:13:53:811 DEBUG com.sinosoft.test.base.TestBase:46 - Clicked on: [[[[InternetExplorerDriver: internet explorer on WINDOWS (0442c62f-d207-464f-a903-6bb6a7051a17)] -> name: riskClassTemp]] -> xpath: ../input[last()]]
2020/07/14 10:13:54:011 DEBUG com.sinosoft.test.base.TestBase:76 - Trying to find Element By : By.name: riskClassTemp
2020/07/14 10:13:54:053 DEBUG com.sinosoft.test.base.TestBase:80 - Found Element By : By.name: riskClassTemp
2020/07/14 10:13:54:053 DEBUG com.sinosoft.test.base.TestBase:87 - SetCodeEditBox:设置完毕[[InternetExplorerDriver: internet explorer on WINDOWS (0442c62f-d207-464f-a903-6bb6a7051a17)] -> name: riskClassTemp],设置值 Code=01
2020/07/14 10:13:54:053 DEBUG com.sinosoft.test.base.TestBase:76 - Trying to find Element By : By.name: riskCode
2020/07/14 10:13:54:103 DEBUG com.sinosoft.test.base.TestBase:80 - Found Element By : By.name: riskCode
2020/07/14 10:13:54:132 DEBUG com.sinosoft.test.base.TestBase:76 - Trying to find Element By : By.name: riskCode
2020/07/14 10:13:54:160 DEBUG com.sinosoft.test.base.TestBase:80 - Found Element By : By.name: riskCode
2020/07/14 10:13:54:160 DEBUG com.sinosoft.test.base.TestBase:63 - SetCodeEditBox:开始设置:[[InternetExplorerDriver: internet explorer on WINDOWS (0442c62f-d207-464f-a903-6bb6a7051a17)] -> name: riskCode] & Code=0122
2020/07/14 10:13:54:160 DEBUG com.sinosoft.test.base.TestBase:76 - Trying to find Element By : By.name: riskCode
2020/07/14 10:13:54:236 DEBUG com.sinosoft.test.base.TestBase:80 - Found Element By : By.name: riskCode
2020/07/14 10:13:54:472 DEBUG com.sinosoft.test.base.TestBase:76 - Trying to find Element By : By.name: riskCode
2020/07/14 10:13:54:544 DEBUG com.sinosoft.test.base.TestBase:80 - Found Element By : By.name: riskCode
2020/07/14 10:13:55:008 DEBUG com.sinosoft.test.base.TestBase:76 - Trying to find Element By : By.name: riskCode
2020/07/14 10:13:55:043 DEBUG com.sinosoft.test.base.TestBase:80 - Found Element By : By.name: riskCode
2020/07/14 10:13:55:043 DEBUG com.sinosoft.test.base.TestBase:76 - Trying to find Element By : By.xpath: ../input[last()]
2020/07/14 10:13:55:099 DEBUG com.sinosoft.test.base.TestBase:80 - Found Element By : By.xpath: ../input[last()]
2020/07/14 10:13:55:219  INFO com.sinosoft.test.base.TestBase:71 - SetCodeEditBox:找到了Code对应的文本显示框并点击触发显示:riskName
2020/07/14 10:13:55:220 DEBUG com.sinosoft.test.base.TestBase:42 - Trying to click on: [[[[InternetExplorerDriver: internet explorer on WINDOWS (0442c62f-d207-464f-a903-6bb6a7051a17)] -> name: riskCode]] -> xpath: ../input[last()]]
2020/07/14 10:13:56:182 DEBUG com.sinosoft.test.base.TestBase:46 - Clicked on: [[[[InternetExplorerDriver: internet explorer on WINDOWS (0442c62f-d207-464f-a903-6bb6a7051a17)] -> name: riskCode]] -> xpath: ../input[last()]]
2020/07/14 10:13:56:382 DEBUG com.sinosoft.test.base.TestBase:76 - Trying to find Element By : By.name: riskCode
2020/07/14 10:13:56:440 DEBUG com.sinosoft.test.base.TestBase:80 - Found Element By : By.name: riskCode
2020/07/14 10:13:56:441 DEBUG com.sinosoft.test.base.TestBase:87 - SetCodeEditBox:设置完毕[[InternetExplorerDriver: internet explorer on WINDOWS (0442c62f-d207-464f-a903-6bb6a7051a17)] -> name: riskCode],设置值 Code=0122
2020/07/14 10:13:56:441 DEBUG com.sinosoft.test.base.TestBase:76 - Trying to find Element By : By.name: renewInd
2020/07/14 10:13:56:503 DEBUG com.sinosoft.test.base.TestBase:80 - Found Element By : By.name: renewInd
2020/07/14 10:13:56:505  INFO com.sinosoft.test.base.TestBase:321 - setEditboxTValue:[[[InternetExplorerDriver: internet explorer on WINDOWS (0442c62f-d207-464f-a903-6bb6a7051a17)] -> name: renewInd], [[InternetExplorerDriver: internet explorer on WINDOWS (0442c62f-d207-464f-a903-6bb6a7051a17)] -> name: renewInd]]：0
2020/07/14 10:13:56:506 DEBUG com.sinosoft.test.base.TestBase:76 - Trying to find Element By : By.name: renewInd
2020/07/14 10:13:56:586 DEBUG com.sinosoft.test.base.TestBase:80 - Found Element By : By.name: renewInd
2020/07/14 10:13:56:696 DEBUG com.sinosoft.test.base.TestBase:76 - Trying to find Element By : By.name: buttonNextStep
2020/07/14 10:13:56:750 DEBUG com.sinosoft.test.base.TestBase:80 - Found Element By : By.name: buttonNextStep
2020/07/14 10:13:56:751  INFO com.sinosoft.test.base.TestBase:402 - clickButton:[[InternetExplorerDriver: internet explorer on WINDOWS (0442c62f-d207-464f-a903-6bb6a7051a17)] -> name: buttonNextStep]
2020/07/14 10:13:56:751 DEBUG com.sinosoft.test.base.TestBase:42 - Trying to click on: [[InternetExplorerDriver: internet explorer on WINDOWS (0442c62f-d207-464f-a903-6bb6a7051a17)] -> name: buttonNextStep]
2020/07/14 10:13:59:134 DEBUG com.sinosoft.test.base.TestBase:46 - Clicked on: [[InternetExplorerDriver: internet explorer on WINDOWS (0442c62f-d207-464f-a903-6bb6a7051a17)] -> name: buttonNextStep]
2020/07/14 10:13:59:135 DEBUG com.sinosoft.test.base.TestBase:69 - 初始化class com.sinosoft.test.fccp.tbcl.BasicInfoPage
2020/07/14 10:14:01:798 DEBUG com.sinosoft.test.base.TestBase:322 - 投保处理/基本信息
2020/07/14 10:14:01:799 DEBUG com.sinosoft.test.base.TestBase:76 - Trying to find Element By : By.name: GuMainBusinessType
2020/07/14 10:14:01:866 DEBUG com.sinosoft.test.base.TestBase:80 - Found Element By : By.name: GuMainBusinessType
2020/07/14 10:14:01:866  INFO com.sinosoft.test.base.TestBase:96 - setSelectWithStartText:[[InternetExplorerDriver: internet explorer on WINDOWS (0442c62f-d207-464f-a903-6bb6a7051a17)] -> name: GuMainBusinessType]->
2020/07/14 10:14:01:867 DEBUG com.sinosoft.test.base.TestBase:76 - Trying to find Element By : By.name: GuMainCompanyCode
2020/07/14 10:14:01:914 DEBUG com.sinosoft.test.base.TestBase:80 - Found Element By : By.name: GuMainCompanyCode
2020/07/14 10:14:01:943 DEBUG com.sinosoft.test.base.TestBase:76 - Trying to find Element By : By.name: GuMainCompanyCode
2020/07/14 10:14:02:001 DEBUG com.sinosoft.test.base.TestBase:80 - Found Element By : By.name: GuMainCompanyCode
2020/07/14 10:14:02:001 DEBUG com.sinosoft.test.base.TestBase:63 - SetCodeEditBox:开始设置:[[InternetExplorerDriver: internet explorer on WINDOWS (0442c62f-d207-464f-a903-6bb6a7051a17)] -> name: GuMainCompanyCode] & Code=01620189
2020/07/14 10:14:02:001 DEBUG com.sinosoft.test.base.TestBase:76 - Trying to find Element By : By.name: GuMainCompanyCode
2020/07/14 10:14:02:061 DEBUG com.sinosoft.test.base.TestBase:80 - Found Element By : By.name: GuMainCompanyCode
2020/07/14 10:14:02:302 DEBUG com.sinosoft.test.base.TestBase:76 - Trying to find Element By : By.name: GuMainCompanyCode
2020/07/14 10:14:02:363 DEBUG com.sinosoft.test.base.TestBase:80 - Found Element By : By.name: GuMainCompanyCode
2020/07/14 10:14:03:186 DEBUG com.sinosoft.test.base.TestBase:76 - Trying to find Element By : By.name: GuMainCompanyCode
2020/07/14 10:14:03:248 DEBUG com.sinosoft.test.base.TestBase:80 - Found Element By : By.name: GuMainCompanyCode
2020/07/14 10:14:03:248 DEBUG com.sinosoft.test.base.TestBase:76 - Trying to find Element By : By.xpath: ../input[last()]
2020/07/14 10:14:03:294 DEBUG com.sinosoft.test.base.TestBase:80 - Found Element By : By.xpath: ../input[last()]
2020/07/14 10:14:03:429  INFO com.sinosoft.test.base.TestBase:71 - SetCodeEditBox:找到了Code对应的文本显示框并点击触发显示:GuMainCompanyName
2020/07/14 10:14:03:431 DEBUG com.sinosoft.test.base.TestBase:42 - Trying to click on: [[[[InternetExplorerDriver: internet explorer on WINDOWS (0442c62f-d207-464f-a903-6bb6a7051a17)] -> name: GuMainCompanyCode]] -> xpath: ../input[last()]]
2020/07/14 10:14:04:441 DEBUG com.sinosoft.test.base.TestBase:46 - Clicked on: [[[[InternetExplorerDriver: internet explorer on WINDOWS (0442c62f-d207-464f-a903-6bb6a7051a17)] -> name: GuMainCompanyCode]] -> xpath: ../input[last()]]
2020/07/14 10:14:04:641 DEBUG com.sinosoft.test.base.TestBase:76 - Trying to find Element By : By.name: GuMainCompanyCode
2020/07/14 10:14:04:690 DEBUG com.sinosoft.test.base.TestBase:80 - Found Element By : By.name: GuMainCompanyCode
2020/07/14 10:14:04:690 DEBUG com.sinosoft.test.base.TestBase:87 - SetCodeEditBox:设置完毕[[InternetExplorerDriver: internet explorer on WINDOWS (0442c62f-d207-464f-a903-6bb6a7051a17)] -> name: GuMainCompanyCode],设置值 Code=01620189
2020/07/14 10:14:04:691 DEBUG com.sinosoft.test.base.TestBase:76 - Trying to find Element By : By.name: GuMainChannelDetailCode
2020/07/14 10:14:04:740 DEBUG com.sinosoft.test.base.TestBase:80 - Found Element By : By.name: GuMainChannelDetailCode
2020/07/14 10:14:04:769 DEBUG com.sinosoft.test.base.TestBase:76 - Trying to find Element By : By.name: GuMainChannelDetailCode
2020/07/14 10:14:04:841 DEBUG com.sinosoft.test.base.TestBase:80 - Found Element By : By.name: GuMainChannelDetailCode
2020/07/14 10:14:04:841 DEBUG com.sinosoft.test.base.TestBase:63 - SetCodeEditBox:开始设置:[[InternetExplorerDriver: internet explorer on WINDOWS (0442c62f-d207-464f-a903-6bb6a7051a17)] -> name: GuMainChannelDetailCode] & Code=04
2020/07/14 10:14:04:842 DEBUG com.sinosoft.test.base.TestBase:76 - Trying to find Element By : By.name: GuMainChannelDetailCode
2020/07/14 10:14:04:923 DEBUG com.sinosoft.test.base.TestBase:80 - Found Element By : By.name: GuMainChannelDetailCode
2020/07/14 10:14:05:148 DEBUG com.sinosoft.test.base.TestBase:76 - Trying to find Element By : By.name: GuMainChannelDetailCode
2020/07/14 10:14:05:219 DEBUG com.sinosoft.test.base.TestBase:80 - Found Element By : By.name: GuMainChannelDetailCode
2020/07/14 10:14:05:731 DEBUG com.sinosoft.test.base.TestBase:76 - Trying to find Element By : By.name: GuMainChannelDetailCode
2020/07/14 10:14:05:779 DEBUG com.sinosoft.test.base.TestBase:80 - Found Element By : By.name: GuMainChannelDetailCode
2020/07/14 10:14:05:779 DEBUG com.sinosoft.test.base.TestBase:76 - Trying to find Element By : By.xpath: ../input[last()]
2020/07/14 10:14:05:825 DEBUG com.sinosoft.test.base.TestBase:80 - Found Element By : By.xpath: ../input[last()]
2020/07/14 10:14:05:988  INFO com.sinosoft.test.base.TestBase:71 - SetCodeEditBox:找到了Code对应的文本显示框并点击触发显示:GuMainChannelDetailName
2020/07/14 10:14:05:989 DEBUG com.sinosoft.test.base.TestBase:42 - Trying to click on: [[[[InternetExplorerDriver: internet explorer on WINDOWS (0442c62f-d207-464f-a903-6bb6a7051a17)] -> name: GuMainChannelDetailCode]] -> xpath: ../input[last()]]
2020/07/14 10:14:06:964 DEBUG com.sinosoft.test.base.TestBase:46 - Clicked on: [[[[InternetExplorerDriver: internet explorer on WINDOWS (0442c62f-d207-464f-a903-6bb6a7051a17)] -> name: GuMainChannelDetailCode]] -> xpath: ../input[last()]]
2020/07/14 10:14:07:166 DEBUG com.sinosoft.test.base.TestBase:76 - Trying to find Element By : By.name: GuMainChannelDetailCode
2020/07/14 10:14:07:215 DEBUG com.sinosoft.test.base.TestBase:80 - Found Element By : By.name: GuMainChannelDetailCode
2020/07/14 10:14:07:215 DEBUG com.sinosoft.test.base.TestBase:87 - SetCodeEditBox:设置完毕[[InternetExplorerDriver: internet explorer on WINDOWS (0442c62f-d207-464f-a903-6bb6a7051a17)] -> name: GuMainChannelDetailCode],设置值 Code=04
2020/07/14 10:14:07:215 DEBUG com.sinosoft.test.base.TestBase:76 - Trying to find Element By : By.name: GuMainShareHolderFlag
2020/07/14 10:14:07:261 DEBUG com.sinosoft.test.base.TestBase:80 - Found Element By : By.name: GuMainShareHolderFlag
2020/07/14 10:14:07:289 DEBUG com.sinosoft.test.base.TestBase:76 - Trying to find Element By : By.name: GuMainShareHolderFlag
2020/07/14 10:14:07:347 DEBUG com.sinosoft.test.base.TestBase:80 - Found Element By : By.name: GuMainShareHolderFlag
2020/07/14 10:14:07:347 DEBUG com.sinosoft.test.base.TestBase:42 - CodeSelect:开始设置[[InternetExplorerDriver: internet explorer on WINDOWS (0442c62f-d207-464f-a903-6bb6a7051a17)] -> name: GuMainShareHolderFlag] & Code=0
2020/07/14 10:14:07:361 DEBUG com.sinosoft.test.base.TestBase:76 - Trying to find Element By : By.name: GuMainShareHolderFlag
2020/07/14 10:14:07:421 DEBUG com.sinosoft.test.base.TestBase:80 - Found Element By : By.name: GuMainShareHolderFlag
2020/07/14 10:14:08:508 DEBUG com.sinosoft.test.base.TestBase:272 - 系统窗口【黄河财险业务系统】with handle -bd573043-38a1-42cd-b2de-e493904bc31b
2020/07/14 10:14:09:170 DEBUG com.sinosoft.test.base.TestBase:272 - 系统窗口【黄河财险业务系统】with handle -bd573043-38a1-42cd-b2de-e493904bc31b
2020/07/14 10:14:09:799 DEBUG com.sinosoft.test.base.TestBase:272 - 系统窗口【Code Select】with handle -2143edbe-88c1-498f-a86a-41d9f4e4f598
2020/07/14 10:14:10:312 DEBUG com.sinosoft.test.base.TestBase:69 - 初始化class com.sinosoft.test.fccp.common.CodeSelectPage
2020/07/14 10:14:10:313 DEBUG com.sinosoft.test.base.TestBase:39 - 基础码表选择！
2020/07/14 10:14:10:313 DEBUG com.sinosoft.test.base.TestBase:76 - Trying to find Element By : By.name: fieldValue
2020/07/14 10:14:10:592 DEBUG com.sinosoft.test.base.TestBase:80 - Found Element By : By.name: fieldValue
2020/07/14 10:14:10:592  INFO com.sinosoft.test.base.TestBase:360 - setEditboxValue:[[InternetExplorerDriver: internet explorer on WINDOWS (0442c62f-d207-464f-a903-6bb6a7051a17)] -> name: fieldValue]：0
2020/07/14 10:14:11:653  INFO com.sinosoft.test.base.TestBase:363 - setEditboxValue—End:[[InternetExplorerDriver: internet explorer on WINDOWS (0442c62f-d207-464f-a903-6bb6a7051a17)] -> name: fieldValue]：0
2020/07/14 10:14:11:653 DEBUG com.sinosoft.test.base.TestBase:76 - Trying to find Element By : By.xpath: //input[@value='查询(Q)']
2020/07/14 10:14:11:941 DEBUG com.sinosoft.test.base.TestBase:80 - Found Element By : By.xpath: //input[@value='查询(Q)']
2020/07/14 10:14:11:941  INFO com.sinosoft.test.base.TestBase:402 - clickButton:[[InternetExplorerDriver: internet explorer on WINDOWS (0442c62f-d207-464f-a903-6bb6a7051a17)] -> xpath: //input[@value='查询(Q)']]
2020/07/14 10:14:11:942 DEBUG com.sinosoft.test.base.TestBase:42 - Trying to click on: [[InternetExplorerDriver: internet explorer on WINDOWS (0442c62f-d207-464f-a903-6bb6a7051a17)] -> xpath: //input[@value='查询(Q)']]
2020/07/14 10:14:13:522 DEBUG com.sinosoft.test.base.TestBase:46 - Clicked on: [[InternetExplorerDriver: internet explorer on WINDOWS (0442c62f-d207-464f-a903-6bb6a7051a17)] -> xpath: //input[@value='查询(Q)']]
2020/07/14 10:14:13:522 DEBUG com.sinosoft.test.base.TestBase:76 - Trying to find Element By : By.name: codeselect
2020/07/14 10:14:13:799 DEBUG com.sinosoft.test.base.TestBase:80 - Found Element By : By.name: codeselect
2020/07/14 10:14:13:799  INFO com.sinosoft.test.base.TestBase:132 - setFuzzySelect:[[InternetExplorerDriver: internet explorer on WINDOWS (0442c62f-d207-464f-a903-6bb6a7051a17)] -> name: codeselect]->0
2020/07/14 10:14:14:356 DEBUG com.sinosoft.test.base.TestBase:76 - Trying to find Element By : By.tagName: option
2020/07/14 10:14:14:764 DEBUG com.sinosoft.test.base.TestBase:80 - Found Element By : By.tagName: option
2020/07/14 10:14:17:586  INFO com.sinosoft.test.base.TestBase:142 - 找到匹配【0】的选项：0--非股东
2020/07/14 10:14:17:587 DEBUG com.sinosoft.test.base.TestBase:76 - Trying to find Element By : By.xpath: .//option[normalize-space(.) = "0--非股东"]
2020/07/14 10:14:17:883 DEBUG com.sinosoft.test.base.TestBase:80 - Found Element By : By.xpath: .//option[normalize-space(.) = "0--非股东"]
2020/07/14 10:14:18:154 DEBUG com.sinosoft.test.base.TestBase:42 - Trying to click on: [[[[InternetExplorerDriver: internet explorer on WINDOWS (0442c62f-d207-464f-a903-6bb6a7051a17)] -> name: codeselect]] -> xpath: .//option[normalize-space(.) = "0--非股东"]]
2020/07/14 10:14:18:504 DEBUG com.sinosoft.test.base.TestBase:46 - Clicked on: [[[[InternetExplorerDriver: internet explorer on WINDOWS (0442c62f-d207-464f-a903-6bb6a7051a17)] -> name: codeselect]] -> xpath: .//option[normalize-space(.) = "0--非股东"]]
2020/07/14 10:14:18:505 DEBUG com.sinosoft.test.base.TestBase:151 - setFuzzySelect 结束！
2020/07/14 10:14:18:505 DEBUG com.sinosoft.test.base.TestBase:76 - Trying to find Element By : By.name: SelectIt
2020/07/14 10:14:18:782 DEBUG com.sinosoft.test.base.TestBase:80 - Found Element By : By.name: SelectIt
2020/07/14 10:14:18:782  INFO com.sinosoft.test.base.TestBase:416 - jsClickButton:[[InternetExplorerDriver: internet explorer on WINDOWS (0442c62f-d207-464f-a903-6bb6a7051a17)] -> name: SelectIt]
2020/07/14 10:14:18:782  INFO com.sinosoft.test.base.TestBase:144 - RunJavaScript:[[InternetExplorerDriver: internet explorer on WINDOWS (0442c62f-d207-464f-a903-6bb6a7051a17)] -> name: SelectIt]	arguments[0].click();
2020/07/14 10:14:19:460 DEBUG com.sinosoft.test.base.TestBase:272 - 系统窗口【黄河财险业务系统】with handle -bd573043-38a1-42cd-b2de-e493904bc31b
2020/07/14 10:14:22:044 DEBUG com.sinosoft.test.base.TestBase:76 - Trying to find Element By : By.name: GuMainShareHolderFlag
2020/07/14 10:14:22:092 DEBUG com.sinosoft.test.base.TestBase:80 - Found Element By : By.name: GuMainShareHolderFlag
2020/07/14 10:14:22:093 DEBUG com.sinosoft.test.base.TestBase:49 - CodeSelect:设置完毕[[InternetExplorerDriver: internet explorer on WINDOWS (0442c62f-d207-464f-a903-6bb6a7051a17)] -> name: GuMainShareHolderFlag] & Code=0
2020/07/14 10:14:22:093 DEBUG com.sinosoft.test.base.TestBase:76 - Trying to find Element By : By.name: GuMainSalesTeamCode
2020/07/14 10:14:22:138 DEBUG com.sinosoft.test.base.TestBase:80 - Found Element By : By.name: GuMainSalesTeamCode
2020/07/14 10:14:22:168 DEBUG com.sinosoft.test.base.TestBase:76 - Trying to find Element By : By.name: GuMainSalesTeamCode
2020/07/14 10:14:22:238 DEBUG com.sinosoft.test.base.TestBase:80 - Found Element By : By.name: GuMainSalesTeamCode
2020/07/14 10:14:22:240 DEBUG com.sinosoft.test.base.TestBase:42 - CodeSelect:开始设置[[InternetExplorerDriver: internet explorer on WINDOWS (0442c62f-d207-464f-a903-6bb6a7051a17)] -> name: GuMainSalesTeamCode] & Code=T6209880101
2020/07/14 10:14:22:242 DEBUG com.sinosoft.test.base.TestBase:76 - Trying to find Element By : By.name: GuMainSalesTeamCode
2020/07/14 10:14:22:304 DEBUG com.sinosoft.test.base.TestBase:80 - Found Element By : By.name: GuMainSalesTeamCode
2020/07/14 10:14:23:363 DEBUG com.sinosoft.test.base.TestBase:272 - 系统窗口【黄河财险业务系统】with handle -bd573043-38a1-42cd-b2de-e493904bc31b
2020/07/14 10:14:24:507 DEBUG com.sinosoft.test.base.TestBase:272 - 系统窗口【Code Select】with handle -420c2184-b8b6-40a7-9a81-458afa97795a
2020/07/14 10:14:25:018 DEBUG com.sinosoft.test.base.TestBase:69 - 初始化class com.sinosoft.test.fccp.common.CodeSelectPage
2020/07/14 10:14:25:019 DEBUG com.sinosoft.test.base.TestBase:39 - 基础码表选择！
2020/07/14 10:14:25:021 DEBUG com.sinosoft.test.base.TestBase:76 - Trying to find Element By : By.name: fieldValue
2020/07/14 10:14:25:302 DEBUG com.sinosoft.test.base.TestBase:80 - Found Element By : By.name: fieldValue
2020/07/14 10:14:25:303  INFO com.sinosoft.test.base.TestBase:360 - setEditboxValue:[[InternetExplorerDriver: internet explorer on WINDOWS (0442c62f-d207-464f-a903-6bb6a7051a17)] -> name: fieldValue]：T6209880101
2020/07/14 10:14:26:513  INFO com.sinosoft.test.base.TestBase:363 - setEditboxValue—End:[[InternetExplorerDriver: internet explorer on WINDOWS (0442c62f-d207-464f-a903-6bb6a7051a17)] -> name: fieldValue]：T6209880101
2020/07/14 10:14:26:513 DEBUG com.sinosoft.test.base.TestBase:76 - Trying to find Element By : By.xpath: //input[@value='查询(Q)']
2020/07/14 10:14:26:800 DEBUG com.sinosoft.test.base.TestBase:80 - Found Element By : By.xpath: //input[@value='查询(Q)']
2020/07/14 10:14:26:800  INFO com.sinosoft.test.base.TestBase:402 - clickButton:[[InternetExplorerDriver: internet explorer on WINDOWS (0442c62f-d207-464f-a903-6bb6a7051a17)] -> xpath: //input[@value='查询(Q)']]
2020/07/14 10:14:26:800 DEBUG com.sinosoft.test.base.TestBase:42 - Trying to click on: [[InternetExplorerDriver: internet explorer on WINDOWS (0442c62f-d207-464f-a903-6bb6a7051a17)] -> xpath: //input[@value='查询(Q)']]
2020/07/14 10:14:28:376 DEBUG com.sinosoft.test.base.TestBase:46 - Clicked on: [[InternetExplorerDriver: internet explorer on WINDOWS (0442c62f-d207-464f-a903-6bb6a7051a17)] -> xpath: //input[@value='查询(Q)']]
2020/07/14 10:14:28:376 DEBUG com.sinosoft.test.base.TestBase:76 - Trying to find Element By : By.name: codeselect
2020/07/14 10:14:28:649 DEBUG com.sinosoft.test.base.TestBase:80 - Found Element By : By.name: codeselect
2020/07/14 10:14:28:650  INFO com.sinosoft.test.base.TestBase:132 - setFuzzySelect:[[InternetExplorerDriver: internet explorer on WINDOWS (0442c62f-d207-464f-a903-6bb6a7051a17)] -> name: codeselect]->T6209880101
2020/07/14 10:14:29:182 DEBUG com.sinosoft.test.base.TestBase:76 - Trying to find Element By : By.tagName: option
2020/07/14 10:14:29:464 DEBUG com.sinosoft.test.base.TestBase:80 - Found Element By : By.tagName: option
2020/07/14 10:14:29:745  INFO com.sinosoft.test.base.TestBase:142 - 找到匹配【T6209880101】的选项：T6209880101--重客业务三部
2020/07/14 10:14:29:745 DEBUG com.sinosoft.test.base.TestBase:76 - Trying to find Element By : By.xpath: .//option[normalize-space(.) = "T6209880101--重客业务三部"]
2020/07/14 10:14:30:030 DEBUG com.sinosoft.test.base.TestBase:80 - Found Element By : By.xpath: .//option[normalize-space(.) = "T6209880101--重客业务三部"]
2020/07/14 10:14:30:306 DEBUG com.sinosoft.test.base.TestBase:42 - Trying to click on: [[[[InternetExplorerDriver: internet explorer on WINDOWS (0442c62f-d207-464f-a903-6bb6a7051a17)] -> name: codeselect]] -> xpath: .//option[normalize-space(.) = "T6209880101--重客业务三部"]]
2020/07/14 10:14:30:659 DEBUG com.sinosoft.test.base.TestBase:46 - Clicked on: [[[[InternetExplorerDriver: internet explorer on WINDOWS (0442c62f-d207-464f-a903-6bb6a7051a17)] -> name: codeselect]] -> xpath: .//option[normalize-space(.) = "T6209880101--重客业务三部"]]
2020/07/14 10:14:30:659 DEBUG com.sinosoft.test.base.TestBase:151 - setFuzzySelect 结束！
2020/07/14 10:14:30:659 DEBUG com.sinosoft.test.base.TestBase:76 - Trying to find Element By : By.name: SelectIt
2020/07/14 10:14:30:927 DEBUG com.sinosoft.test.base.TestBase:80 - Found Element By : By.name: SelectIt
2020/07/14 10:14:30:927  INFO com.sinosoft.test.base.TestBase:416 - jsClickButton:[[InternetExplorerDriver: internet explorer on WINDOWS (0442c62f-d207-464f-a903-6bb6a7051a17)] -> name: SelectIt]
2020/07/14 10:14:30:927  INFO com.sinosoft.test.base.TestBase:144 - RunJavaScript:[[InternetExplorerDriver: internet explorer on WINDOWS (0442c62f-d207-464f-a903-6bb6a7051a17)] -> name: SelectIt]	arguments[0].click();
2020/07/14 10:14:31:638 DEBUG com.sinosoft.test.base.TestBase:272 - 系统窗口【黄河财险业务系统】with handle -bd573043-38a1-42cd-b2de-e493904bc31b
2020/07/14 10:14:34:229 DEBUG com.sinosoft.test.base.TestBase:76 - Trying to find Element By : By.name: GuMainSalesTeamCode
2020/07/14 10:14:34:280 DEBUG com.sinosoft.test.base.TestBase:80 - Found Element By : By.name: GuMainSalesTeamCode
2020/07/14 10:14:34:281 DEBUG com.sinosoft.test.base.TestBase:49 - CodeSelect:设置完毕[[InternetExplorerDriver: internet explorer on WINDOWS (0442c62f-d207-464f-a903-6bb6a7051a17)] -> name: GuMainSalesTeamCode] & Code=T6209880101
2020/07/14 10:14:34:281 DEBUG com.sinosoft.test.base.TestBase:76 - Trying to find Element By : By.name: GuMainSalesmanCode
2020/07/14 10:14:34:366 DEBUG com.sinosoft.test.base.TestBase:80 - Found Element By : By.name: GuMainSalesmanCode
2020/07/14 10:14:34:394 DEBUG com.sinosoft.test.base.TestBase:76 - Trying to find Element By : By.name: GuMainSalesmanCode
2020/07/14 10:14:34:503 DEBUG com.sinosoft.test.base.TestBase:80 - Found Element By : By.name: GuMainSalesmanCode
2020/07/14 10:14:34:503 DEBUG com.sinosoft.test.base.TestBase:42 - CodeSelect:开始设置[[InternetExplorerDriver: internet explorer on WINDOWS (0442c62f-d207-464f-a903-6bb6a7051a17)] -> name: GuMainSalesmanCode] & Code=S000000029
2020/07/14 10:14:34:504 DEBUG com.sinosoft.test.base.TestBase:76 - Trying to find Element By : By.name: GuMainSalesmanCode
2020/07/14 10:14:34:565 DEBUG com.sinosoft.test.base.TestBase:80 - Found Element By : By.name: GuMainSalesmanCode
2020/07/14 10:14:35:615 DEBUG com.sinosoft.test.base.TestBase:272 - 系统窗口【黄河财险业务系统】with handle -bd573043-38a1-42cd-b2de-e493904bc31b
2020/07/14 10:14:36:281 DEBUG com.sinosoft.test.base.TestBase:272 - 系统窗口【黄河财险业务系统】with handle -bd573043-38a1-42cd-b2de-e493904bc31b
2020/07/14 10:14:36:908 DEBUG com.sinosoft.test.base.TestBase:272 - 系统窗口【Code Select】with handle -bb7c3a98-a8ed-4603-9d47-419b9d44cb14
2020/07/14 10:14:37:420 DEBUG com.sinosoft.test.base.TestBase:69 - 初始化class com.sinosoft.test.fccp.common.CodeSelectPage
2020/07/14 10:14:37:420 DEBUG com.sinosoft.test.base.TestBase:39 - 基础码表选择！
2020/07/14 10:14:37:421 DEBUG com.sinosoft.test.base.TestBase:76 - Trying to find Element By : By.name: fieldValue
2020/07/14 10:14:37:697 DEBUG com.sinosoft.test.base.TestBase:80 - Found Element By : By.name: fieldValue
2020/07/14 10:14:37:698  INFO com.sinosoft.test.base.TestBase:360 - setEditboxValue:[[InternetExplorerDriver: internet explorer on WINDOWS (0442c62f-d207-464f-a903-6bb6a7051a17)] -> name: fieldValue]：S000000029
2020/07/14 10:14:38:761  INFO com.sinosoft.test.base.TestBase:363 - setEditboxValue—End:[[InternetExplorerDriver: internet explorer on WINDOWS (0442c62f-d207-464f-a903-6bb6a7051a17)] -> name: fieldValue]：S000000029
2020/07/14 10:14:38:762 DEBUG com.sinosoft.test.base.TestBase:76 - Trying to find Element By : By.xpath: //input[@value='查询(Q)']
2020/07/14 10:14:39:042 DEBUG com.sinosoft.test.base.TestBase:80 - Found Element By : By.xpath: //input[@value='查询(Q)']
2020/07/14 10:14:39:044  INFO com.sinosoft.test.base.TestBase:402 - clickButton:[[InternetExplorerDriver: internet explorer on WINDOWS (0442c62f-d207-464f-a903-6bb6a7051a17)] -> xpath: //input[@value='查询(Q)']]
2020/07/14 10:14:39:046 DEBUG com.sinosoft.test.base.TestBase:42 - Trying to click on: [[InternetExplorerDriver: internet explorer on WINDOWS (0442c62f-d207-464f-a903-6bb6a7051a17)] -> xpath: //input[@value='查询(Q)']]
2020/07/14 10:14:40:602 DEBUG com.sinosoft.test.base.TestBase:46 - Clicked on: [[InternetExplorerDriver: internet explorer on WINDOWS (0442c62f-d207-464f-a903-6bb6a7051a17)] -> xpath: //input[@value='查询(Q)']]
2020/07/14 10:14:40:602 DEBUG com.sinosoft.test.base.TestBase:76 - Trying to find Element By : By.name: codeselect
2020/07/14 10:14:40:885 DEBUG com.sinosoft.test.base.TestBase:80 - Found Element By : By.name: codeselect
2020/07/14 10:14:40:885  INFO com.sinosoft.test.base.TestBase:132 - setFuzzySelect:[[InternetExplorerDriver: internet explorer on WINDOWS (0442c62f-d207-464f-a903-6bb6a7051a17)] -> name: codeselect]->S000000029
2020/07/14 10:14:41:432 DEBUG com.sinosoft.test.base.TestBase:76 - Trying to find Element By : By.tagName: option
2020/07/14 10:14:41:723 DEBUG com.sinosoft.test.base.TestBase:80 - Found Element By : By.tagName: option
2020/07/14 10:14:42:000  INFO com.sinosoft.test.base.TestBase:142 - 找到匹配【S000000029】的选项：S000000029--于超
2020/07/14 10:14:42:000 DEBUG com.sinosoft.test.base.TestBase:76 - Trying to find Element By : By.xpath: .//option[normalize-space(.) = "S000000029--于超"]
2020/07/14 10:14:42:294 DEBUG com.sinosoft.test.base.TestBase:80 - Found Element By : By.xpath: .//option[normalize-space(.) = "S000000029--于超"]
2020/07/14 10:14:42:569 DEBUG com.sinosoft.test.base.TestBase:42 - Trying to click on: [[[[InternetExplorerDriver: internet explorer on WINDOWS (0442c62f-d207-464f-a903-6bb6a7051a17)] -> name: codeselect]] -> xpath: .//option[normalize-space(.) = "S000000029--于超"]]
2020/07/14 10:14:42:929 DEBUG com.sinosoft.test.base.TestBase:46 - Clicked on: [[[[InternetExplorerDriver: internet explorer on WINDOWS (0442c62f-d207-464f-a903-6bb6a7051a17)] -> name: codeselect]] -> xpath: .//option[normalize-space(.) = "S000000029--于超"]]
2020/07/14 10:14:42:929 DEBUG com.sinosoft.test.base.TestBase:151 - setFuzzySelect 结束！
2020/07/14 10:14:42:929 DEBUG com.sinosoft.test.base.TestBase:76 - Trying to find Element By : By.name: SelectIt
2020/07/14 10:14:43:199 DEBUG com.sinosoft.test.base.TestBase:80 - Found Element By : By.name: SelectIt
2020/07/14 10:14:43:200  INFO com.sinosoft.test.base.TestBase:416 - jsClickButton:[[InternetExplorerDriver: internet explorer on WINDOWS (0442c62f-d207-464f-a903-6bb6a7051a17)] -> name: SelectIt]
2020/07/14 10:14:43:200  INFO com.sinosoft.test.base.TestBase:144 - RunJavaScript:[[InternetExplorerDriver: internet explorer on WINDOWS (0442c62f-d207-464f-a903-6bb6a7051a17)] -> name: SelectIt]	arguments[0].click();
2020/07/14 10:14:43:910 DEBUG com.sinosoft.test.base.TestBase:272 - 系统窗口【黄河财险业务系统】with handle -bd573043-38a1-42cd-b2de-e493904bc31b
2020/07/14 10:14:46:579 DEBUG com.sinosoft.test.base.TestBase:76 - Trying to find Element By : By.name: GuMainSalesmanCode
2020/07/14 10:14:46:638 DEBUG com.sinosoft.test.base.TestBase:80 - Found Element By : By.name: GuMainSalesmanCode
2020/07/14 10:14:46:642 DEBUG com.sinosoft.test.base.TestBase:49 - CodeSelect:设置完毕[[InternetExplorerDriver: internet explorer on WINDOWS (0442c62f-d207-464f-a903-6bb6a7051a17)] -> name: GuMainSalesmanCode] & Code=S000000029
2020/07/14 10:14:46:643 DEBUG com.sinosoft.test.base.TestBase:76 - Trying to find Element By : By.name: GuMainBusinessSource
2020/07/14 10:14:46:737 DEBUG com.sinosoft.test.base.TestBase:80 - Found Element By : By.name: GuMainBusinessSource
2020/07/14 10:14:46:771 DEBUG com.sinosoft.test.base.TestBase:76 - Trying to find Element By : By.name: GuMainBusinessSource
2020/07/14 10:14:46:876 DEBUG com.sinosoft.test.base.TestBase:80 - Found Element By : By.name: GuMainBusinessSource
2020/07/14 10:14:46:876 DEBUG com.sinosoft.test.base.TestBase:42 - CodeSelect:开始设置[[InternetExplorerDriver: internet explorer on WINDOWS (0442c62f-d207-464f-a903-6bb6a7051a17)] -> name: GuMainBusinessSource] & Code=01010101
2020/07/14 10:14:46:877 DEBUG com.sinosoft.test.base.TestBase:76 - Trying to find Element By : By.name: GuMainBusinessSource
2020/07/14 10:14:46:959 DEBUG com.sinosoft.test.base.TestBase:80 - Found Element By : By.name: GuMainBusinessSource
2020/07/14 10:14:48:005 DEBUG com.sinosoft.test.base.TestBase:272 - 系统窗口【黄河财险业务系统】with handle -bd573043-38a1-42cd-b2de-e493904bc31b
2020/07/14 10:14:48:670 DEBUG com.sinosoft.test.base.TestBase:272 - 系统窗口【黄河财险业务系统】with handle -bd573043-38a1-42cd-b2de-e493904bc31b
2020/07/14 10:14:49:306 DEBUG com.sinosoft.test.base.TestBase:272 - 系统窗口【Code Select】with handle -213fa29e-0998-49f6-ac9c-e8b5feacf5cf
2020/07/14 10:14:49:821 DEBUG com.sinosoft.test.base.TestBase:69 - 初始化class com.sinosoft.test.fccp.common.CodeSelectPage
2020/07/14 10:14:49:821 DEBUG com.sinosoft.test.base.TestBase:39 - 基础码表选择！
2020/07/14 10:14:49:821 DEBUG com.sinosoft.test.base.TestBase:76 - Trying to find Element By : By.name: fieldValue
2020/07/14 10:14:50:108 DEBUG com.sinosoft.test.base.TestBase:80 - Found Element By : By.name: fieldValue
2020/07/14 10:14:50:108  INFO com.sinosoft.test.base.TestBase:360 - setEditboxValue:[[InternetExplorerDriver: internet explorer on WINDOWS (0442c62f-d207-464f-a903-6bb6a7051a17)] -> name: fieldValue]：01010101
2020/07/14 10:14:51:255  INFO com.sinosoft.test.base.TestBase:363 - setEditboxValue—End:[[InternetExplorerDriver: internet explorer on WINDOWS (0442c62f-d207-464f-a903-6bb6a7051a17)] -> name: fieldValue]：01010101
2020/07/14 10:14:51:255 DEBUG com.sinosoft.test.base.TestBase:76 - Trying to find Element By : By.xpath: //input[@value='查询(Q)']
2020/07/14 10:14:51:542 DEBUG com.sinosoft.test.base.TestBase:80 - Found Element By : By.xpath: //input[@value='查询(Q)']
2020/07/14 10:14:51:542  INFO com.sinosoft.test.base.TestBase:402 - clickButton:[[InternetExplorerDriver: internet explorer on WINDOWS (0442c62f-d207-464f-a903-6bb6a7051a17)] -> xpath: //input[@value='查询(Q)']]
2020/07/14 10:14:51:542 DEBUG com.sinosoft.test.base.TestBase:42 - Trying to click on: [[InternetExplorerDriver: internet explorer on WINDOWS (0442c62f-d207-464f-a903-6bb6a7051a17)] -> xpath: //input[@value='查询(Q)']]
2020/07/14 10:14:53:110 DEBUG com.sinosoft.test.base.TestBase:46 - Clicked on: [[InternetExplorerDriver: internet explorer on WINDOWS (0442c62f-d207-464f-a903-6bb6a7051a17)] -> xpath: //input[@value='查询(Q)']]
2020/07/14 10:14:53:111 DEBUG com.sinosoft.test.base.TestBase:76 - Trying to find Element By : By.name: codeselect
2020/07/14 10:14:53:395 DEBUG com.sinosoft.test.base.TestBase:80 - Found Element By : By.name: codeselect
2020/07/14 10:14:53:395  INFO com.sinosoft.test.base.TestBase:132 - setFuzzySelect:[[InternetExplorerDriver: internet explorer on WINDOWS (0442c62f-d207-464f-a903-6bb6a7051a17)] -> name: codeselect]->01010101
2020/07/14 10:14:53:939 DEBUG com.sinosoft.test.base.TestBase:76 - Trying to find Element By : By.tagName: option
2020/07/14 10:14:54:366 DEBUG com.sinosoft.test.base.TestBase:80 - Found Element By : By.tagName: option
2020/07/14 10:14:54:655  INFO com.sinosoft.test.base.TestBase:142 - 找到匹配【01010101】的选项：01010101--柜面直销
2020/07/14 10:14:54:655 DEBUG com.sinosoft.test.base.TestBase:76 - Trying to find Element By : By.xpath: .//option[normalize-space(.) = "01010101--柜面直销"]
2020/07/14 10:14:54:957 DEBUG com.sinosoft.test.base.TestBase:80 - Found Element By : By.xpath: .//option[normalize-space(.) = "01010101--柜面直销"]
2020/07/14 10:14:55:239 DEBUG com.sinosoft.test.base.TestBase:42 - Trying to click on: [[[[InternetExplorerDriver: internet explorer on WINDOWS (0442c62f-d207-464f-a903-6bb6a7051a17)] -> name: codeselect]] -> xpath: .//option[normalize-space(.) = "01010101--柜面直销"]]
2020/07/14 10:14:55:618 DEBUG com.sinosoft.test.base.TestBase:46 - Clicked on: [[[[InternetExplorerDriver: internet explorer on WINDOWS (0442c62f-d207-464f-a903-6bb6a7051a17)] -> name: codeselect]] -> xpath: .//option[normalize-space(.) = "01010101--柜面直销"]]
2020/07/14 10:14:55:618 DEBUG com.sinosoft.test.base.TestBase:151 - setFuzzySelect 结束！
2020/07/14 10:14:55:618 DEBUG com.sinosoft.test.base.TestBase:76 - Trying to find Element By : By.name: SelectIt
2020/07/14 10:14:55:900 DEBUG com.sinosoft.test.base.TestBase:80 - Found Element By : By.name: SelectIt
2020/07/14 10:14:55:902  INFO com.sinosoft.test.base.TestBase:416 - jsClickButton:[[InternetExplorerDriver: internet explorer on WINDOWS (0442c62f-d207-464f-a903-6bb6a7051a17)] -> name: SelectIt]
2020/07/14 10:14:55:903  INFO com.sinosoft.test.base.TestBase:144 - RunJavaScript:[[InternetExplorerDriver: internet explorer on WINDOWS (0442c62f-d207-464f-a903-6bb6a7051a17)] -> name: SelectIt]	arguments[0].click();
2020/07/14 10:14:56:631 DEBUG com.sinosoft.test.base.TestBase:272 - 系统窗口【黄河财险业务系统】with handle -bd573043-38a1-42cd-b2de-e493904bc31b
2020/07/14 10:14:59:233 DEBUG com.sinosoft.test.base.TestBase:76 - Trying to find Element By : By.name: GuMainBusinessSource
2020/07/14 10:14:59:290 DEBUG com.sinosoft.test.base.TestBase:80 - Found Element By : By.name: GuMainBusinessSource
2020/07/14 10:14:59:290 DEBUG com.sinosoft.test.base.TestBase:49 - CodeSelect:设置完毕[[InternetExplorerDriver: internet explorer on WINDOWS (0442c62f-d207-464f-a903-6bb6a7051a17)] -> name: GuMainBusinessSource] & Code=01010101
2020/07/14 10:14:59:290 DEBUG com.sinosoft.test.base.TestBase:76 - Trying to find Element By : By.name: GuMainSurveyInd
2020/07/14 10:14:59:378 DEBUG com.sinosoft.test.base.TestBase:80 - Found Element By : By.name: GuMainSurveyInd
2020/07/14 10:14:59:378  INFO com.sinosoft.test.base.TestBase:96 - setSelectWithStartText:[[InternetExplorerDriver: internet explorer on WINDOWS (0442c62f-d207-464f-a903-6bb6a7051a17)] -> name: GuMainSurveyInd]->HXXT
2020/07/14 10:14:59:379 DEBUG com.sinosoft.test.base.TestBase:76 - Trying to find Element By : By.name: GuMainSurveyInd
2020/07/14 10:14:59:462 DEBUG com.sinosoft.test.base.TestBase:80 - Found Element By : By.name: GuMainSurveyInd
2020/07/14 10:14:59:489 DEBUG com.sinosoft.test.base.TestBase:76 - Trying to find Element By : By.name: GuMainSurveyInd
2020/07/14 10:14:59:557 DEBUG com.sinosoft.test.base.TestBase:80 - Found Element By : By.name: GuMainSurveyInd
2020/07/14 10:14:59:585 DEBUG com.sinosoft.test.base.TestBase:76 - Trying to find Element By : By.name: GuMainSurveyInd
2020/07/14 10:14:59:680 DEBUG com.sinosoft.test.base.TestBase:80 - Found Element By : By.name: GuMainSurveyInd
2020/07/14 10:14:59:681 DEBUG com.sinosoft.test.base.TestBase:76 - Trying to find Element By : By.tagName: option
2020/07/14 10:15:00:104 DEBUG com.sinosoft.test.base.TestBase:80 - Found Element By : By.tagName: option
2020/07/14 10:15:00:174  INFO com.sinosoft.test.base.TestBase:114 - 找到匹配【HXXT】的选项：HXXT-核心
2020/07/14 10:15:00:176 DEBUG com.sinosoft.test.base.TestBase:76 - Trying to find Element By : By.name: GuMainSurveyInd
2020/07/14 10:15:00:243 DEBUG com.sinosoft.test.base.TestBase:80 - Found Element By : By.name: GuMainSurveyInd
2020/07/14 10:15:00:244 DEBUG com.sinosoft.test.base.TestBase:76 - Trying to find Element By : By.xpath: .//option[normalize-space(.) = "HXXT-核心"]
2020/07/14 10:15:00:318 DEBUG com.sinosoft.test.base.TestBase:80 - Found Element By : By.xpath: .//option[normalize-space(.) = "HXXT-核心"]
2020/07/14 10:15:00:344 DEBUG com.sinosoft.test.base.TestBase:123 - setSelectWithStartText 结束！
2020/07/14 10:15:00:345 DEBUG com.sinosoft.test.base.TestBase:76 - Trying to find Element By : By.name: GuMainArgueSolution
2020/07/14 10:15:00:428 DEBUG com.sinosoft.test.base.TestBase:80 - Found Element By : By.name: GuMainArgueSolution
2020/07/14 10:15:00:428  INFO com.sinosoft.test.base.TestBase:96 - setSelectWithStartText:[[InternetExplorerDriver: internet explorer on WINDOWS (0442c62f-d207-464f-a903-6bb6a7051a17)] -> name: GuMainArgueSolution]->
2020/07/14 10:15:00:428 DEBUG com.sinosoft.test.base.TestBase:76 - Trying to find Element By : By.name: GuMainDomesticInd
2020/07/14 10:15:00:496 DEBUG com.sinosoft.test.base.TestBase:80 - Found Element By : By.name: GuMainDomesticInd
2020/07/14 10:15:00:497  INFO com.sinosoft.test.base.TestBase:96 - setSelectWithStartText:[[InternetExplorerDriver: internet explorer on WINDOWS (0442c62f-d207-464f-a903-6bb6a7051a17)] -> name: GuMainDomesticInd]->
2020/07/14 10:15:00:497 DEBUG com.sinosoft.test.base.TestBase:76 - Trying to find Element By : By.name: GuMainComInsureInd
2020/07/14 10:15:00:577 DEBUG com.sinosoft.test.base.TestBase:80 - Found Element By : By.name: GuMainComInsureInd
2020/07/14 10:15:00:580  INFO com.sinosoft.test.base.TestBase:96 - setSelectWithStartText:[[InternetExplorerDriver: internet explorer on WINDOWS (0442c62f-d207-464f-a903-6bb6a7051a17)] -> name: GuMainComInsureInd]->0
2020/07/14 10:15:00:581 DEBUG com.sinosoft.test.base.TestBase:76 - Trying to find Element By : By.name: GuMainComInsureInd
2020/07/14 10:15:00:665 DEBUG com.sinosoft.test.base.TestBase:80 - Found Element By : By.name: GuMainComInsureInd
2020/07/14 10:15:00:690 DEBUG com.sinosoft.test.base.TestBase:76 - Trying to find Element By : By.name: GuMainComInsureInd
2020/07/14 10:15:00:797 DEBUG com.sinosoft.test.base.TestBase:80 - Found Element By : By.name: GuMainComInsureInd
2020/07/14 10:15:00:825 DEBUG com.sinosoft.test.base.TestBase:76 - Trying to find Element By : By.name: GuMainComInsureInd
2020/07/14 10:15:00:941 DEBUG com.sinosoft.test.base.TestBase:80 - Found Element By : By.name: GuMainComInsureInd
2020/07/14 10:15:00:943 DEBUG com.sinosoft.test.base.TestBase:76 - Trying to find Element By : By.tagName: option
2020/07/14 10:15:01:076 DEBUG com.sinosoft.test.base.TestBase:80 - Found Element By : By.tagName: option
2020/07/14 10:15:01:143  INFO com.sinosoft.test.base.TestBase:114 - 找到匹配【0】的选项：0-非统括业务
2020/07/14 10:15:01:145 DEBUG com.sinosoft.test.base.TestBase:76 - Trying to find Element By : By.name: GuMainComInsureInd
2020/07/14 10:15:01:248 DEBUG com.sinosoft.test.base.TestBase:80 - Found Element By : By.name: GuMainComInsureInd
2020/07/14 10:15:01:248 DEBUG com.sinosoft.test.base.TestBase:76 - Trying to find Element By : By.xpath: .//option[normalize-space(.) = "0-非统括业务"]
2020/07/14 10:15:01:295 DEBUG com.sinosoft.test.base.TestBase:80 - Found Element By : By.xpath: .//option[normalize-space(.) = "0-非统括业务"]
2020/07/14 10:15:01:346 DEBUG com.sinosoft.test.base.TestBase:123 - setSelectWithStartText 结束！
2020/07/14 10:15:01:346 DEBUG com.sinosoft.test.base.TestBase:76 - Trying to find Element By : By.name: GuMainPolicyStyle
2020/07/14 10:15:01:439 DEBUG com.sinosoft.test.base.TestBase:80 - Found Element By : By.name: GuMainPolicyStyle
2020/07/14 10:15:01:439  INFO com.sinosoft.test.base.TestBase:96 - setSelectWithStartText:[[InternetExplorerDriver: internet explorer on WINDOWS (0442c62f-d207-464f-a903-6bb6a7051a17)] -> name: GuMainPolicyStyle]->0
2020/07/14 10:15:01:439 DEBUG com.sinosoft.test.base.TestBase:76 - Trying to find Element By : By.name: GuMainPolicyStyle
2020/07/14 10:15:01:533 DEBUG com.sinosoft.test.base.TestBase:80 - Found Element By : By.name: GuMainPolicyStyle
2020/07/14 10:15:01:560 DEBUG com.sinosoft.test.base.TestBase:76 - Trying to find Element By : By.name: GuMainPolicyStyle
2020/07/14 10:15:01:646 DEBUG com.sinosoft.test.base.TestBase:80 - Found Element By : By.name: GuMainPolicyStyle
2020/07/14 10:15:01:677 DEBUG com.sinosoft.test.base.TestBase:76 - Trying to find Element By : By.name: GuMainPolicyStyle
2020/07/14 10:15:01:793 DEBUG com.sinosoft.test.base.TestBase:80 - Found Element By : By.name: GuMainPolicyStyle
2020/07/14 10:15:01:795 DEBUG com.sinosoft.test.base.TestBase:76 - Trying to find Element By : By.tagName: option
2020/07/14 10:15:01:859 DEBUG com.sinosoft.test.base.TestBase:80 - Found Element By : By.tagName: option
2020/07/14 10:15:01:920  INFO com.sinosoft.test.base.TestBase:114 - 找到匹配【0】的选项：0-否
2020/07/14 10:15:01:920 DEBUG com.sinosoft.test.base.TestBase:76 - Trying to find Element By : By.name: GuMainPolicyStyle
2020/07/14 10:15:02:041 DEBUG com.sinosoft.test.base.TestBase:80 - Found Element By : By.name: GuMainPolicyStyle
2020/07/14 10:15:02:042 DEBUG com.sinosoft.test.base.TestBase:76 - Trying to find Element By : By.xpath: .//option[normalize-space(.) = "0-否"]
2020/07/14 10:15:02:115 DEBUG com.sinosoft.test.base.TestBase:80 - Found Element By : By.xpath: .//option[normalize-space(.) = "0-否"]
2020/07/14 10:15:02:145 DEBUG com.sinosoft.test.base.TestBase:123 - setSelectWithStartText 结束！
2020/07/14 10:15:02:146 DEBUG com.sinosoft.test.base.TestBase:76 - Trying to find Element By : By.name: RenewalOfInsuranceSelect
2020/07/14 10:15:02:249 DEBUG com.sinosoft.test.base.TestBase:80 - Found Element By : By.name: RenewalOfInsuranceSelect
2020/07/14 10:15:02:249  INFO com.sinosoft.test.base.TestBase:96 - setSelectWithStartText:[[InternetExplorerDriver: internet explorer on WINDOWS (0442c62f-d207-464f-a903-6bb6a7051a17)] -> name: RenewalOfInsuranceSelect]->0
2020/07/14 10:15:02:249 DEBUG com.sinosoft.test.base.TestBase:76 - Trying to find Element By : By.name: RenewalOfInsuranceSelect
2020/07/14 10:15:02:308 DEBUG com.sinosoft.test.base.TestBase:80 - Found Element By : By.name: RenewalOfInsuranceSelect
2020/07/14 10:15:02:338 DEBUG com.sinosoft.test.base.TestBase:76 - Trying to find Element By : By.name: RenewalOfInsuranceSelect
2020/07/14 10:15:02:425 DEBUG com.sinosoft.test.base.TestBase:80 - Found Element By : By.name: RenewalOfInsuranceSelect
2020/07/14 10:15:02:458 DEBUG com.sinosoft.test.base.TestBase:76 - Trying to find Element By : By.name: RenewalOfInsuranceSelect
2020/07/14 10:15:02:529 DEBUG com.sinosoft.test.base.TestBase:80 - Found Element By : By.name: RenewalOfInsuranceSelect
2020/07/14 10:15:02:530 DEBUG com.sinosoft.test.base.TestBase:76 - Trying to find Element By : By.tagName: option
2020/07/14 10:15:02:588 DEBUG com.sinosoft.test.base.TestBase:80 - Found Element By : By.tagName: option
2020/07/14 10:15:02:671  INFO com.sinosoft.test.base.TestBase:114 - 找到匹配【0】的选项：0-否
2020/07/14 10:15:02:671 DEBUG com.sinosoft.test.base.TestBase:76 - Trying to find Element By : By.name: RenewalOfInsuranceSelect
2020/07/14 10:15:02:757 DEBUG com.sinosoft.test.base.TestBase:80 - Found Element By : By.name: RenewalOfInsuranceSelect
2020/07/14 10:15:02:758 DEBUG com.sinosoft.test.base.TestBase:76 - Trying to find Element By : By.xpath: .//option[normalize-space(.) = "0-否"]
2020/07/14 10:15:02:831 DEBUG com.sinosoft.test.base.TestBase:80 - Found Element By : By.xpath: .//option[normalize-space(.) = "0-否"]
2020/07/14 10:15:02:891 DEBUG com.sinosoft.test.base.TestBase:42 - Trying to click on: [[[[InternetExplorerDriver: internet explorer on WINDOWS (0442c62f-d207-464f-a903-6bb6a7051a17)] -> name: RenewalOfInsuranceSelect]] -> xpath: .//option[normalize-space(.) = "0-否"]]
2020/07/14 10:15:03:134 DEBUG com.sinosoft.test.base.TestBase:46 - Clicked on: [[[[InternetExplorerDriver: internet explorer on WINDOWS (0442c62f-d207-464f-a903-6bb6a7051a17)] -> name: RenewalOfInsuranceSelect]] -> xpath: .//option[normalize-space(.) = "0-否"]]
2020/07/14 10:15:03:134 DEBUG com.sinosoft.test.base.TestBase:123 - setSelectWithStartText 结束！
2020/07/14 10:15:03:134 DEBUG com.sinosoft.test.base.TestBase:76 - Trying to find Element By : By.name: GuMainIsDifferentPlace
2020/07/14 10:15:03:258 DEBUG com.sinosoft.test.base.TestBase:80 - Found Element By : By.name: GuMainIsDifferentPlace
2020/07/14 10:15:03:261  INFO com.sinosoft.test.base.TestBase:96 - setSelectWithStartText:[[InternetExplorerDriver: internet explorer on WINDOWS (0442c62f-d207-464f-a903-6bb6a7051a17)] -> name: GuMainIsDifferentPlace]->
2020/07/14 10:15:03:263 DEBUG com.sinosoft.test.base.TestBase:76 - Trying to find Element By : By.name: GuMainIsFarming
2020/07/14 10:15:03:332 DEBUG com.sinosoft.test.base.TestBase:80 - Found Element By : By.name: GuMainIsFarming
2020/07/14 10:15:03:333  INFO com.sinosoft.test.base.TestBase:96 - setSelectWithStartText:[[InternetExplorerDriver: internet explorer on WINDOWS (0442c62f-d207-464f-a903-6bb6a7051a17)] -> name: GuMainIsFarming]->
2020/07/14 10:15:03:333 DEBUG com.sinosoft.test.base.TestBase:76 - Trying to find Element By : By.name: AppliGuRelatedPartyInsuredType
2020/07/14 10:15:03:403 DEBUG com.sinosoft.test.base.TestBase:80 - Found Element By : By.name: AppliGuRelatedPartyInsuredType
2020/07/14 10:15:03:403  INFO com.sinosoft.test.base.TestBase:96 - setSelectWithStartText:[[InternetExplorerDriver: internet explorer on WINDOWS (0442c62f-d207-464f-a903-6bb6a7051a17)] -> name: AppliGuRelatedPartyInsuredType]->2
2020/07/14 10:15:03:403 DEBUG com.sinosoft.test.base.TestBase:76 - Trying to find Element By : By.name: AppliGuRelatedPartyInsuredType
2020/07/14 10:15:03:477 DEBUG com.sinosoft.test.base.TestBase:80 - Found Element By : By.name: AppliGuRelatedPartyInsuredType
2020/07/14 10:15:03:502 DEBUG com.sinosoft.test.base.TestBase:76 - Trying to find Element By : By.name: AppliGuRelatedPartyInsuredType
2020/07/14 10:15:03:627 DEBUG com.sinosoft.test.base.TestBase:80 - Found Element By : By.name: AppliGuRelatedPartyInsuredType
2020/07/14 10:15:03:653 DEBUG com.sinosoft.test.base.TestBase:76 - Trying to find Element By : By.name: AppliGuRelatedPartyInsuredType
2020/07/14 10:15:03:759 DEBUG com.sinosoft.test.base.TestBase:80 - Found Element By : By.name: AppliGuRelatedPartyInsuredType
2020/07/14 10:15:03:761 DEBUG com.sinosoft.test.base.TestBase:76 - Trying to find Element By : By.tagName: option
2020/07/14 10:15:03:831 DEBUG com.sinosoft.test.base.TestBase:80 - Found Element By : By.tagName: option
2020/07/14 10:15:03:978  INFO com.sinosoft.test.base.TestBase:114 - 找到匹配【2】的选项：2-团体
2020/07/14 10:15:03:979 DEBUG com.sinosoft.test.base.TestBase:76 - Trying to find Element By : By.name: AppliGuRelatedPartyInsuredType
2020/07/14 10:15:04:061 DEBUG com.sinosoft.test.base.TestBase:80 - Found Element By : By.name: AppliGuRelatedPartyInsuredType
2020/07/14 10:15:04:061 DEBUG com.sinosoft.test.base.TestBase:76 - Trying to find Element By : By.xpath: .//option[normalize-space(.) = "2-团体"]
2020/07/14 10:15:04:109 DEBUG com.sinosoft.test.base.TestBase:80 - Found Element By : By.xpath: .//option[normalize-space(.) = "2-团体"]
2020/07/14 10:15:04:160 DEBUG com.sinosoft.test.base.TestBase:123 - setSelectWithStartText 结束！
2020/07/14 10:15:04:160 DEBUG com.sinosoft.test.base.TestBase:76 - Trying to find Element By : By.name: AppliGuRelatedPartyInsuredCode
2020/07/14 10:15:04:262 DEBUG com.sinosoft.test.base.TestBase:80 - Found Element By : By.name: AppliGuRelatedPartyInsuredCode
2020/07/14 10:15:04:262  INFO com.sinosoft.test.base.TestBase:388 - setEditboxTValue:[[InternetExplorerDriver: internet explorer on WINDOWS (0442c62f-d207-464f-a903-6bb6a7051a17)] -> name: AppliGuRelatedPartyInsuredCode]->G6200019984
2020/07/14 10:15:04:262 DEBUG com.sinosoft.test.base.TestBase:76 - Trying to find Element By : By.name: AppliGuRelatedPartyInsuredCode
2020/07/14 10:15:04:343 DEBUG com.sinosoft.test.base.TestBase:80 - Found Element By : By.name: AppliGuRelatedPartyInsuredCode
2020/07/14 10:15:04:620 DEBUG com.sinosoft.test.base.TestBase:76 - Trying to find Element By : By.name: AppliGuRelatedPartyInsuredCode
2020/07/14 10:15:04:707 DEBUG com.sinosoft.test.base.TestBase:80 - Found Element By : By.name: AppliGuRelatedPartyInsuredCode
2020/07/14 10:15:10:124 DEBUG com.sinosoft.test.base.TestBase:76 - Trying to find Element By : By.name: buttonSaveCustomer
2020/07/14 10:15:10:195 DEBUG com.sinosoft.test.base.TestBase:80 - Found Element By : By.name: buttonSaveCustomer
2020/07/14 10:15:10:195 DEBUG com.sinosoft.test.base.TestBase:42 - Trying to click on: [[InternetExplorerDriver: internet explorer on WINDOWS (0442c62f-d207-464f-a903-6bb6a7051a17)] -> name: buttonSaveCustomer]
2020/07/14 10:15:11:436 DEBUG com.sinosoft.test.base.TestBase:46 - Clicked on: [[InternetExplorerDriver: internet explorer on WINDOWS (0442c62f-d207-464f-a903-6bb6a7051a17)] -> name: buttonSaveCustomer]
2020/07/14 10:15:11:644  INFO com.sinosoft.test.base.TestBase:519 - 在保存客户时捕获了一个弹窗：客户已经保存，或不需要保存.
2020/07/14 10:15:11:854 DEBUG com.sinosoft.test.base.TestBase:218 - Alert的标题是：客户已经保存，或不需要保存.
2020/07/14 10:15:12:673 DEBUG com.sinosoft.test.base.TestBase:76 - Trying to find Element By : By.name: AppliGuRelatedPartyInsuredCode
2020/07/14 10:15:12:734 DEBUG com.sinosoft.test.base.TestBase:80 - Found Element By : By.name: AppliGuRelatedPartyInsuredCode
2020/07/14 10:15:12:785 DEBUG com.sinosoft.test.base.TestBase:76 - Trying to find Element By : By.id: saveButton
2020/07/14 10:15:12:901 DEBUG com.sinosoft.test.base.TestBase:80 - Found Element By : By.id: saveButton
2020/07/14 10:15:12:902 DEBUG com.sinosoft.test.base.TestBase:42 - Trying to click on: [[InternetExplorerDriver: internet explorer on WINDOWS (0442c62f-d207-464f-a903-6bb6a7051a17)] -> id: saveButton]
2020/07/14 10:15:17:556 DEBUG com.sinosoft.test.base.TestBase:46 - Clicked on: [[InternetExplorerDriver: internet explorer on WINDOWS (0442c62f-d207-464f-a903-6bb6a7051a17)] -> id: saveButton]
2020/07/14 10:15:17:556 DEBUG com.sinosoft.test.base.TestBase:88 - 截屏文件名字是：FCCB_TB_JCX_2保存基本信息
2020/07/14 10:15:17:664 DEBUG com.sinosoft.test.base.TestBase:69 - 初始化class com.sinosoft.test.fccp.tbcl.RiskDetail_TypePage
2020/07/14 10:15:22:511 DEBUG com.sinosoft.test.base.TestBase:76 - Trying to find Element By : By.name: GuRiskRiskApplyType
2020/07/14 10:15:22:578 DEBUG com.sinosoft.test.base.TestBase:80 - Found Element By : By.name: GuRiskRiskApplyType
2020/07/14 10:15:22:579 DEBUG com.sinosoft.test.base.TestBase:107 - 投保处理/险种信息
2020/07/14 10:15:25:173 DEBUG com.sinosoft.test.base.TestBase:76 - Trying to find Element By : By.id: RiskItem
2020/07/14 10:15:25:239 DEBUG com.sinosoft.test.base.TestBase:80 - Found Element By : By.id: RiskItem
2020/07/14 10:15:25:239 DEBUG com.sinosoft.test.base.TestBase:76 - Trying to find Element By : By.name: summarySubBusinessNo
2020/07/14 10:15:25:286 DEBUG com.sinosoft.test.base.TestBase:80 - Found Element By : By.name: summarySubBusinessNo
2020/07/14 10:15:25:321 DEBUG com.sinosoft.test.base.TestBase:113 - 投保单号：06201890122202000000000005
2020/07/14 10:15:25:323 DEBUG com.sinosoft.test.base.TestBase:121 - 保存投保单号完毕！
2020/07/14 10:15:30:246 DEBUG com.sinosoft.test.base.TestBase:123 - 返回工作区，准备下一步操作！
2020/07/14 10:15:30:247  INFO com.sinosoft.test.base.TestBase:125 - 开始处理风险类别信息
2020/07/14 10:15:30:247 DEBUG com.sinosoft.test.base.TestBase:76 - Trying to find Element By : By.name: GuRiskRiskApplyType
2020/07/14 10:15:30:294 DEBUG com.sinosoft.test.base.TestBase:80 - Found Element By : By.name: GuRiskRiskApplyType
2020/07/14 10:15:30:295  INFO com.sinosoft.test.base.TestBase:96 - setSelectWithStartText:[[InternetExplorerDriver: internet explorer on WINDOWS (0442c62f-d207-464f-a903-6bb6a7051a17)] -> name: GuRiskRiskApplyType]->1
2020/07/14 10:15:30:295 DEBUG com.sinosoft.test.base.TestBase:76 - Trying to find Element By : By.name: GuRiskRiskApplyType
2020/07/14 10:15:30:347 DEBUG com.sinosoft.test.base.TestBase:80 - Found Element By : By.name: GuRiskRiskApplyType
2020/07/14 10:15:30:364 DEBUG com.sinosoft.test.base.TestBase:76 - Trying to find Element By : By.name: GuRiskRiskApplyType
2020/07/14 10:15:30:409 DEBUG com.sinosoft.test.base.TestBase:80 - Found Element By : By.name: GuRiskRiskApplyType
2020/07/14 10:15:30:457 DEBUG com.sinosoft.test.base.TestBase:76 - Trying to find Element By : By.name: GuRiskRiskApplyType
2020/07/14 10:15:30:539 DEBUG com.sinosoft.test.base.TestBase:80 - Found Element By : By.name: GuRiskRiskApplyType
2020/07/14 10:15:30:540 DEBUG com.sinosoft.test.base.TestBase:76 - Trying to find Element By : By.tagName: option
2020/07/14 10:15:30:596 DEBUG com.sinosoft.test.base.TestBase:80 - Found Element By : By.tagName: option
2020/07/14 10:15:30:634  INFO com.sinosoft.test.base.TestBase:114 - 找到匹配【1】的选项：1-全国
2020/07/14 10:15:30:635 DEBUG com.sinosoft.test.base.TestBase:76 - Trying to find Element By : By.name: GuRiskRiskApplyType
2020/07/14 10:15:30:705 DEBUG com.sinosoft.test.base.TestBase:80 - Found Element By : By.name: GuRiskRiskApplyType
2020/07/14 10:15:30:705 DEBUG com.sinosoft.test.base.TestBase:76 - Trying to find Element By : By.xpath: .//option[normalize-space(.) = "1-全国"]
2020/07/14 10:15:30:762 DEBUG com.sinosoft.test.base.TestBase:80 - Found Element By : By.xpath: .//option[normalize-space(.) = "1-全国"]
2020/07/14 10:15:30:787 DEBUG com.sinosoft.test.base.TestBase:123 - setSelectWithStartText 结束！
2020/07/14 10:15:30:788 DEBUG com.sinosoft.test.base.TestBase:76 - Trying to find Element By : By.name: GuRiskCoinsInd
2020/07/14 10:15:30:857 DEBUG com.sinosoft.test.base.TestBase:80 - Found Element By : By.name: GuRiskCoinsInd
2020/07/14 10:15:30:857  INFO com.sinosoft.test.base.TestBase:96 - setSelectWithStartText:[[InternetExplorerDriver: internet explorer on WINDOWS (0442c62f-d207-464f-a903-6bb6a7051a17)] -> name: GuRiskCoinsInd]->0
2020/07/14 10:15:30:857 DEBUG com.sinosoft.test.base.TestBase:76 - Trying to find Element By : By.name: GuRiskCoinsInd
2020/07/14 10:15:30:926 DEBUG com.sinosoft.test.base.TestBase:80 - Found Element By : By.name: GuRiskCoinsInd
2020/07/14 10:15:30:952 DEBUG com.sinosoft.test.base.TestBase:76 - Trying to find Element By : By.name: GuRiskCoinsInd
2020/07/14 10:15:31:001 DEBUG com.sinosoft.test.base.TestBase:80 - Found Element By : By.name: GuRiskCoinsInd
2020/07/14 10:15:31:034 DEBUG com.sinosoft.test.base.TestBase:76 - Trying to find Element By : By.name: GuRiskCoinsInd
2020/07/14 10:15:31:105 DEBUG com.sinosoft.test.base.TestBase:80 - Found Element By : By.name: GuRiskCoinsInd
2020/07/14 10:15:31:105 DEBUG com.sinosoft.test.base.TestBase:76 - Trying to find Element By : By.tagName: option
2020/07/14 10:15:31:254 DEBUG com.sinosoft.test.base.TestBase:80 - Found Element By : By.tagName: option
2020/07/14 10:15:31:302  INFO com.sinosoft.test.base.TestBase:114 - 找到匹配【0】的选项：0-非联共保
2020/07/14 10:15:31:302 DEBUG com.sinosoft.test.base.TestBase:76 - Trying to find Element By : By.name: GuRiskCoinsInd
2020/07/14 10:15:31:363 DEBUG com.sinosoft.test.base.TestBase:80 - Found Element By : By.name: GuRiskCoinsInd
2020/07/14 10:15:31:363 DEBUG com.sinosoft.test.base.TestBase:76 - Trying to find Element By : By.xpath: .//option[normalize-space(.) = "0-非联共保"]
2020/07/14 10:15:31:423 DEBUG com.sinosoft.test.base.TestBase:80 - Found Element By : By.xpath: .//option[normalize-space(.) = "0-非联共保"]
2020/07/14 10:15:31:446 DEBUG com.sinosoft.test.base.TestBase:123 - setSelectWithStartText 结束！
2020/07/14 10:15:31:446 DEBUG com.sinosoft.test.base.TestBase:76 - Trying to find Element By : By.name: GuRiskBusinessFlag
2020/07/14 10:15:33:566 DEBUG com.sinosoft.test.base.TestBase:66 - 系统自动捕获异常：Exception occured: org.openqa.selenium.NoSuchElementException: Unable to find element with css selector == *[name='GuRiskBusinessFlag']
For documentation on this error, please visit: http://seleniumhq.org/exceptions/no_such_element.html
Build info: version: '3.9.0', revision: '698b3178f0', time: '2018-02-05T14:26:55.441Z'
System info: host: 'DESKTOP-I9S3ABE', ip: '100.100.96.220', os.name: 'Windows 10', os.arch: 'amd64', os.version: '10.0', java.version: '1.8.0_101'
Driver info: org.openqa.selenium.ie.InternetExplorerDriver
Capabilities {acceptInsecureCerts: false, browserName: internet explorer, browserVersion: 11, javascriptEnabled: true, pageLoadStrategy: normal, platform: WINDOWS, platformName: WINDOWS, proxy: Proxy(), se:ieOptions: {browserAttachTimeout: 0, elementScrollBehavior: 0, enablePersistentHover: true, ie.browserCommandLineSwitches: , ie.ensureCleanSession: false, ie.fileUploadDialogTimeout: 3000, ie.forceCreateProcessApi: false, ignoreProtectedModeSettings: true, ignoreZoomSetting: false, initialBrowserUrl: http://localhost:29973/, nativeEvents: true, requireWindowFocus: false}, setWindowRect: true, timeouts: {implicit: 0, pageLoad: 300000, script: 30000}, unhandledPromptBehavior: ignore}
Session ID: 0442c62f-d207-464f-a903-6bb6a7051a17
*** Element info: {Using=name, value=GuRiskBusinessFlag}
2020/07/14 10:15:33:566  INFO com.sinosoft.test.base.TestBase:68 - 异常的message 是：Unable to find element with css selector == *[name='GuRiskBusinessFlag']
For documentation on this error, please visit: http://seleniumhq.org/exceptions/no_such_element.html
Build info: version: '3.9.0', revision: '698b3178f0', time: '2018-02-05T14:26:55.441Z'
System info: host: 'DESKTOP-I9S3ABE', ip: '100.100.96.220', os.name: 'Windows 10', os.arch: 'amd64', os.version: '10.0', java.version: '1.8.0_101'
Driver info: org.openqa.selenium.ie.InternetExplorerDriver
Capabilities {acceptInsecureCerts: false, browserName: internet explorer, browserVersion: 11, javascriptEnabled: true, pageLoadStrategy: normal, platform: WINDOWS, platformName: WINDOWS, proxy: Proxy(), se:ieOptions: {browserAttachTimeout: 0, elementScrollBehavior: 0, enablePersistentHover: true, ie.browserCommandLineSwitches: , ie.ensureCleanSession: false, ie.fileUploadDialogTimeout: 3000, ie.forceCreateProcessApi: false, ignoreProtectedModeSettings: true, ignoreZoomSetting: false, initialBrowserUrl: http://localhost:29973/, nativeEvents: true, requireWindowFocus: false}, setWindowRect: true, timeouts: {implicit: 0, pageLoad: 300000, script: 30000}, unhandledPromptBehavior: ignore}
Session ID: 0442c62f-d207-464f-a903-6bb6a7051a17
*** Element info: {Using=name, value=GuRiskBusinessFlag}
2020/07/14 10:15:33:567  INFO com.sinosoft.test.base.TestBase:96 - setSelectWithStartText:Proxy element for: DefaultElementLocator 'By.name: GuRiskBusinessFlag'->
2020/07/14 10:15:33:567 DEBUG com.sinosoft.test.base.TestBase:76 - Trying to find Element By : By.name: GuRiskJudicalCode
2020/07/14 10:15:33:602 DEBUG com.sinosoft.test.base.TestBase:80 - Found Element By : By.name: GuRiskJudicalCode
2020/07/14 10:15:33:603  INFO com.sinosoft.test.base.TestBase:96 - setSelectWithStartText:[[InternetExplorerDriver: internet explorer on WINDOWS (0442c62f-d207-464f-a903-6bb6a7051a17)] -> name: GuRiskJudicalCode]->1
2020/07/14 10:15:33:603 DEBUG com.sinosoft.test.base.TestBase:76 - Trying to find Element By : By.name: GuRiskJudicalCode
2020/07/14 10:15:33:650 DEBUG com.sinosoft.test.base.TestBase:80 - Found Element By : By.name: GuRiskJudicalCode
2020/07/14 10:15:33:665 DEBUG com.sinosoft.test.base.TestBase:76 - Trying to find Element By : By.name: GuRiskJudicalCode
2020/07/14 10:15:33:710 DEBUG com.sinosoft.test.base.TestBase:80 - Found Element By : By.name: GuRiskJudicalCode
2020/07/14 10:15:33:734 DEBUG com.sinosoft.test.base.TestBase:76 - Trying to find Element By : By.name: GuRiskJudicalCode
2020/07/14 10:15:33:782 DEBUG com.sinosoft.test.base.TestBase:80 - Found Element By : By.name: GuRiskJudicalCode
2020/07/14 10:15:33:783 DEBUG com.sinosoft.test.base.TestBase:76 - Trying to find Element By : By.tagName: option
2020/07/14 10:15:33:922 DEBUG com.sinosoft.test.base.TestBase:80 - Found Element By : By.tagName: option
2020/07/14 10:15:33:970  INFO com.sinosoft.test.base.TestBase:114 - 找到匹配【1】的选项：1-中华人民共和国管辖(港澳台除外)
2020/07/14 10:15:33:970 DEBUG com.sinosoft.test.base.TestBase:76 - Trying to find Element By : By.name: GuRiskJudicalCode
2020/07/14 10:15:34:038 DEBUG com.sinosoft.test.base.TestBase:80 - Found Element By : By.name: GuRiskJudicalCode
2020/07/14 10:15:34:039 DEBUG com.sinosoft.test.base.TestBase:76 - Trying to find Element By : By.xpath: .//option[normalize-space(.) = "1-中华人民共和国管辖(港澳台除外)"]
2020/07/14 10:15:34:099 DEBUG com.sinosoft.test.base.TestBase:80 - Found Element By : By.xpath: .//option[normalize-space(.) = "1-中华人民共和国管辖(港澳台除外)"]
2020/07/14 10:15:34:123 DEBUG com.sinosoft.test.base.TestBase:123 - setSelectWithStartText 结束！
2020/07/14 10:15:34:123 DEBUG com.sinosoft.test.base.TestBase:76 - Trying to find Element By : By.name: GuRiskGeographicalArea
2020/07/14 10:15:34:215 DEBUG com.sinosoft.test.base.TestBase:80 - Found Element By : By.name: GuRiskGeographicalArea
2020/07/14 10:15:34:243 DEBUG com.sinosoft.test.base.TestBase:76 - Trying to find Element By : By.xpath: //table[@id='InsuredRelatedParty']/tbody/tr[@id='InsuredGuRelatedPartyCorInsuredType']/td/select[@name='InsuredGuRelatedPartyStarLevel']
2020/07/14 10:15:34:316 DEBUG com.sinosoft.test.base.TestBase:80 - Found Element By : By.xpath: //table[@id='InsuredRelatedParty']/tbody/tr[@id='InsuredGuRelatedPartyCorInsuredType']/td/select[@name='InsuredGuRelatedPartyStarLevel']
2020/07/14 10:15:34:316  INFO com.sinosoft.test.base.TestBase:96 - setSelectWithStartText:[[InternetExplorerDriver: internet explorer on WINDOWS (0442c62f-d207-464f-a903-6bb6a7051a17)] -> xpath: //table[@id='InsuredRelatedParty']/tbody/tr[@id='InsuredGuRelatedPartyCorInsuredType']/td/select[@name='InsuredGuRelatedPartyStarLevel']]->2
2020/07/14 10:15:34:318 DEBUG com.sinosoft.test.base.TestBase:76 - Trying to find Element By : By.xpath: //table[@id='InsuredRelatedParty']/tbody/tr[@id='InsuredGuRelatedPartyCorInsuredType']/td/select[@name='InsuredGuRelatedPartyStarLevel']
2020/07/14 10:15:34:376 DEBUG com.sinosoft.test.base.TestBase:80 - Found Element By : By.xpath: //table[@id='InsuredRelatedParty']/tbody/tr[@id='InsuredGuRelatedPartyCorInsuredType']/td/select[@name='InsuredGuRelatedPartyStarLevel']
2020/07/14 10:15:34:401 DEBUG com.sinosoft.test.base.TestBase:76 - Trying to find Element By : By.xpath: //table[@id='InsuredRelatedParty']/tbody/tr[@id='InsuredGuRelatedPartyCorInsuredType']/td/select[@name='InsuredGuRelatedPartyStarLevel']
2020/07/14 10:15:34:436 DEBUG com.sinosoft.test.base.TestBase:80 - Found Element By : By.xpath: //table[@id='InsuredRelatedParty']/tbody/tr[@id='InsuredGuRelatedPartyCorInsuredType']/td/select[@name='InsuredGuRelatedPartyStarLevel']
2020/07/14 10:15:34:462 DEBUG com.sinosoft.test.base.TestBase:76 - Trying to find Element By : By.xpath: //table[@id='InsuredRelatedParty']/tbody/tr[@id='InsuredGuRelatedPartyCorInsuredType']/td/select[@name='InsuredGuRelatedPartyStarLevel']
2020/07/14 10:15:34:533 DEBUG com.sinosoft.test.base.TestBase:80 - Found Element By : By.xpath: //table[@id='InsuredRelatedParty']/tbody/tr[@id='InsuredGuRelatedPartyCorInsuredType']/td/select[@name='InsuredGuRelatedPartyStarLevel']
2020/07/14 10:15:34:533 DEBUG com.sinosoft.test.base.TestBase:76 - Trying to find Element By : By.tagName: option
2020/07/14 10:15:34:650 DEBUG com.sinosoft.test.base.TestBase:80 - Found Element By : By.tagName: option
2020/07/14 10:15:34:850  INFO com.sinosoft.test.base.TestBase:114 - 找到匹配【2】的选项：2-铂金VIP客户
2020/07/14 10:15:34:850 DEBUG com.sinosoft.test.base.TestBase:76 - Trying to find Element By : By.xpath: //table[@id='InsuredRelatedParty']/tbody/tr[@id='InsuredGuRelatedPartyCorInsuredType']/td/select[@name='InsuredGuRelatedPartyStarLevel']
2020/07/14 10:15:34:919 DEBUG com.sinosoft.test.base.TestBase:80 - Found Element By : By.xpath: //table[@id='InsuredRelatedParty']/tbody/tr[@id='InsuredGuRelatedPartyCorInsuredType']/td/select[@name='InsuredGuRelatedPartyStarLevel']
2020/07/14 10:15:34:919 DEBUG com.sinosoft.test.base.TestBase:76 - Trying to find Element By : By.xpath: .//option[normalize-space(.) = "2-铂金VIP客户"]
2020/07/14 10:15:34:977 DEBUG com.sinosoft.test.base.TestBase:80 - Found Element By : By.xpath: .//option[normalize-space(.) = "2-铂金VIP客户"]
2020/07/14 10:15:35:016 DEBUG com.sinosoft.test.base.TestBase:42 - Trying to click on: [[[[InternetExplorerDriver: internet explorer on WINDOWS (0442c62f-d207-464f-a903-6bb6a7051a17)] -> xpath: //table[@id='InsuredRelatedParty']/tbody/tr[@id='InsuredGuRelatedPartyCorInsuredType']/td/select[@name='InsuredGuRelatedPartyStarLevel']]] -> xpath: .//option[normalize-space(.) = "2-铂金VIP客户"]]
2020/07/14 10:15:35:236 DEBUG com.sinosoft.test.base.TestBase:46 - Clicked on: [[[[InternetExplorerDriver: internet explorer on WINDOWS (0442c62f-d207-464f-a903-6bb6a7051a17)] -> xpath: //table[@id='InsuredRelatedParty']/tbody/tr[@id='InsuredGuRelatedPartyCorInsuredType']/td/select[@name='InsuredGuRelatedPartyStarLevel']]] -> xpath: .//option[normalize-space(.) = "2-铂金VIP客户"]]
2020/07/14 10:15:35:236 DEBUG com.sinosoft.test.base.TestBase:123 - setSelectWithStartText 结束！
2020/07/14 10:15:35:236 DEBUG com.sinosoft.test.base.TestBase:76 - Trying to find Element By : By.xpath: //table[@id='InsuredRelatedParty']/tbody/tr[@id='InsuredGuRelatedPartyVocation']/td/input[@name='InsuredGuRelatedPartyIndustryMainCode']
2020/07/14 10:15:35:284 DEBUG com.sinosoft.test.base.TestBase:80 - Found Element By : By.xpath: //table[@id='InsuredRelatedParty']/tbody/tr[@id='InsuredGuRelatedPartyVocation']/td/input[@name='InsuredGuRelatedPartyIndustryMainCode']
2020/07/14 10:15:35:321 DEBUG com.sinosoft.test.base.TestBase:76 - Trying to find Element By : By.xpath: //table[@id='InsuredRelatedParty']/tbody/tr[@id='InsuredGuRelatedPartyVocation']/td/input[@name='InsuredGuRelatedPartyIndustryMainCode']
2020/07/14 10:15:35:388 DEBUG com.sinosoft.test.base.TestBase:80 - Found Element By : By.xpath: //table[@id='InsuredRelatedParty']/tbody/tr[@id='InsuredGuRelatedPartyVocation']/td/input[@name='InsuredGuRelatedPartyIndustryMainCode']
2020/07/14 10:15:35:389 DEBUG com.sinosoft.test.base.TestBase:42 - CodeSelect:开始设置[[InternetExplorerDriver: internet explorer on WINDOWS (0442c62f-d207-464f-a903-6bb6a7051a17)] -> xpath: //table[@id='InsuredRelatedParty']/tbody/tr[@id='InsuredGuRelatedPartyVocation']/td/input[@name='InsuredGuRelatedPartyIndustryMainCode']] & Code=03
2020/07/14 10:15:35:389 DEBUG com.sinosoft.test.base.TestBase:76 - Trying to find Element By : By.xpath: //table[@id='InsuredRelatedParty']/tbody/tr[@id='InsuredGuRelatedPartyVocation']/td/input[@name='InsuredGuRelatedPartyIndustryMainCode']
2020/07/14 10:15:35:416 DEBUG com.sinosoft.test.base.TestBase:80 - Found Element By : By.xpath: //table[@id='InsuredRelatedParty']/tbody/tr[@id='InsuredGuRelatedPartyVocation']/td/input[@name='InsuredGuRelatedPartyIndustryMainCode']
2020/07/14 10:15:36:620 DEBUG com.sinosoft.test.base.TestBase:272 - 系统窗口【黄河财险业务系统】with handle -bd573043-38a1-42cd-b2de-e493904bc31b
2020/07/14 10:15:37:280 DEBUG com.sinosoft.test.base.TestBase:272 - 系统窗口【黄河财险业务系统】with handle -bd573043-38a1-42cd-b2de-e493904bc31b
2020/07/14 10:15:37:910 DEBUG com.sinosoft.test.base.TestBase:272 - 系统窗口【Code Select】with handle -1fae33cd-5145-488b-8659-e39a307e9b04
2020/07/14 10:15:38:422 DEBUG com.sinosoft.test.base.TestBase:69 - 初始化class com.sinosoft.test.fccp.common.CodeSelectPage
2020/07/14 10:15:38:423 DEBUG com.sinosoft.test.base.TestBase:39 - 基础码表选择！
2020/07/14 10:15:38:423 DEBUG com.sinosoft.test.base.TestBase:76 - Trying to find Element By : By.name: fieldValue
2020/07/14 10:15:38:699 DEBUG com.sinosoft.test.base.TestBase:80 - Found Element By : By.name: fieldValue
2020/07/14 10:15:38:699  INFO com.sinosoft.test.base.TestBase:360 - setEditboxValue:[[InternetExplorerDriver: internet explorer on WINDOWS (0442c62f-d207-464f-a903-6bb6a7051a17)] -> name: fieldValue]：03
2020/07/14 10:15:39:681  INFO com.sinosoft.test.base.TestBase:363 - setEditboxValue—End:[[InternetExplorerDriver: internet explorer on WINDOWS (0442c62f-d207-464f-a903-6bb6a7051a17)] -> name: fieldValue]：03
2020/07/14 10:15:39:682 DEBUG com.sinosoft.test.base.TestBase:76 - Trying to find Element By : By.xpath: //input[@value='查询(Q)']
2020/07/14 10:15:39:957 DEBUG com.sinosoft.test.base.TestBase:80 - Found Element By : By.xpath: //input[@value='查询(Q)']
2020/07/14 10:15:39:960  INFO com.sinosoft.test.base.TestBase:402 - clickButton:[[InternetExplorerDriver: internet explorer on WINDOWS (0442c62f-d207-464f-a903-6bb6a7051a17)] -> xpath: //input[@value='查询(Q)']]
2020/07/14 10:15:39:962 DEBUG com.sinosoft.test.base.TestBase:42 - Trying to click on: [[InternetExplorerDriver: internet explorer on WINDOWS (0442c62f-d207-464f-a903-6bb6a7051a17)] -> xpath: //input[@value='查询(Q)']]
2020/07/14 10:15:41:487 DEBUG com.sinosoft.test.base.TestBase:46 - Clicked on: [[InternetExplorerDriver: internet explorer on WINDOWS (0442c62f-d207-464f-a903-6bb6a7051a17)] -> xpath: //input[@value='查询(Q)']]
2020/07/14 10:15:41:488 DEBUG com.sinosoft.test.base.TestBase:76 - Trying to find Element By : By.name: codeselect
2020/07/14 10:15:41:769 DEBUG com.sinosoft.test.base.TestBase:80 - Found Element By : By.name: codeselect
2020/07/14 10:15:41:770  INFO com.sinosoft.test.base.TestBase:132 - setFuzzySelect:[[InternetExplorerDriver: internet explorer on WINDOWS (0442c62f-d207-464f-a903-6bb6a7051a17)] -> name: codeselect]->03
2020/07/14 10:15:42:318 DEBUG com.sinosoft.test.base.TestBase:76 - Trying to find Element By : By.tagName: option
2020/07/14 10:15:42:615 DEBUG com.sinosoft.test.base.TestBase:80 - Found Element By : By.tagName: option
2020/07/14 10:15:42:901  INFO com.sinosoft.test.base.TestBase:142 - 找到匹配【03】的选项：03--三级工业
2020/07/14 10:15:42:902 DEBUG com.sinosoft.test.base.TestBase:76 - Trying to find Element By : By.xpath: .//option[normalize-space(.) = "03--三级工业"]
2020/07/14 10:15:43:198 DEBUG com.sinosoft.test.base.TestBase:80 - Found Element By : By.xpath: .//option[normalize-space(.) = "03--三级工业"]
2020/07/14 10:15:43:485 DEBUG com.sinosoft.test.base.TestBase:42 - Trying to click on: [[[[InternetExplorerDriver: internet explorer on WINDOWS (0442c62f-d207-464f-a903-6bb6a7051a17)] -> name: codeselect]] -> xpath: .//option[normalize-space(.) = "03--三级工业"]]
2020/07/14 10:15:43:859 DEBUG com.sinosoft.test.base.TestBase:46 - Clicked on: [[[[InternetExplorerDriver: internet explorer on WINDOWS (0442c62f-d207-464f-a903-6bb6a7051a17)] -> name: codeselect]] -> xpath: .//option[normalize-space(.) = "03--三级工业"]]
2020/07/14 10:15:43:859 DEBUG com.sinosoft.test.base.TestBase:151 - setFuzzySelect 结束！
2020/07/14 10:15:43:859 DEBUG com.sinosoft.test.base.TestBase:76 - Trying to find Element By : By.name: SelectIt
2020/07/14 10:15:44:131 DEBUG com.sinosoft.test.base.TestBase:80 - Found Element By : By.name: SelectIt
2020/07/14 10:15:44:131  INFO com.sinosoft.test.base.TestBase:416 - jsClickButton:[[InternetExplorerDriver: internet explorer on WINDOWS (0442c62f-d207-464f-a903-6bb6a7051a17)] -> name: SelectIt]
2020/07/14 10:15:44:131  INFO com.sinosoft.test.base.TestBase:144 - RunJavaScript:[[InternetExplorerDriver: internet explorer on WINDOWS (0442c62f-d207-464f-a903-6bb6a7051a17)] -> name: SelectIt]	arguments[0].click();
2020/07/14 10:15:44:846 DEBUG com.sinosoft.test.base.TestBase:272 - 系统窗口【黄河财险业务系统】with handle -bd573043-38a1-42cd-b2de-e493904bc31b
2020/07/14 10:15:49:878 DEBUG com.sinosoft.test.base.TestBase:76 - Trying to find Element By : By.xpath: //table[@id='InsuredRelatedParty']/tbody/tr[@id='InsuredGuRelatedPartyVocation']/td/input[@name='InsuredGuRelatedPartyIndustryMainCode']
2020/07/14 10:15:49:903 DEBUG com.sinosoft.test.base.TestBase:80 - Found Element By : By.xpath: //table[@id='InsuredRelatedParty']/tbody/tr[@id='InsuredGuRelatedPartyVocation']/td/input[@name='InsuredGuRelatedPartyIndustryMainCode']
2020/07/14 10:15:49:903 DEBUG com.sinosoft.test.base.TestBase:49 - CodeSelect:设置完毕[[InternetExplorerDriver: internet explorer on WINDOWS (0442c62f-d207-464f-a903-6bb6a7051a17)] -> xpath: //table[@id='InsuredRelatedParty']/tbody/tr[@id='InsuredGuRelatedPartyVocation']/td/input[@name='InsuredGuRelatedPartyIndustryMainCode']] & Code=03
2020/07/14 10:15:49:903 DEBUG com.sinosoft.test.base.TestBase:76 - Trying to find Element By : By.xpath: //table[@id='InsuredRelatedParty']/tbody/tr[@id='InsuredGuRelatedPartyVocation']/td/input[@name='InsuredGuRelatedPartyIndustryKindCode']
2020/07/14 10:15:49:964 DEBUG com.sinosoft.test.base.TestBase:80 - Found Element By : By.xpath: //table[@id='InsuredRelatedParty']/tbody/tr[@id='InsuredGuRelatedPartyVocation']/td/input[@name='InsuredGuRelatedPartyIndustryKindCode']
2020/07/14 10:15:50:000 DEBUG com.sinosoft.test.base.TestBase:76 - Trying to find Element By : By.xpath: //table[@id='InsuredRelatedParty']/tbody/tr[@id='InsuredGuRelatedPartyVocation']/td/input[@name='InsuredGuRelatedPartyIndustryKindCode']
2020/07/14 10:15:50:073 DEBUG com.sinosoft.test.base.TestBase:80 - Found Element By : By.xpath: //table[@id='InsuredRelatedParty']/tbody/tr[@id='InsuredGuRelatedPartyVocation']/td/input[@name='InsuredGuRelatedPartyIndustryKindCode']
2020/07/14 10:15:50:074 DEBUG com.sinosoft.test.base.TestBase:63 - SetCodeEditBox:开始设置:[[InternetExplorerDriver: internet explorer on WINDOWS (0442c62f-d207-464f-a903-6bb6a7051a17)] -> xpath: //table[@id='InsuredRelatedParty']/tbody/tr[@id='InsuredGuRelatedPartyVocation']/td/input[@name='InsuredGuRelatedPartyIndustryKindCode']] & Code=03006
2020/07/14 10:15:50:074 DEBUG com.sinosoft.test.base.TestBase:76 - Trying to find Element By : By.xpath: //table[@id='InsuredRelatedParty']/tbody/tr[@id='InsuredGuRelatedPartyVocation']/td/input[@name='InsuredGuRelatedPartyIndustryKindCode']
2020/07/14 10:15:50:097 DEBUG com.sinosoft.test.base.TestBase:80 - Found Element By : By.xpath: //table[@id='InsuredRelatedParty']/tbody/tr[@id='InsuredGuRelatedPartyVocation']/td/input[@name='InsuredGuRelatedPartyIndustryKindCode']
2020/07/14 10:15:50:326 DEBUG com.sinosoft.test.base.TestBase:76 - Trying to find Element By : By.xpath: //table[@id='InsuredRelatedParty']/tbody/tr[@id='InsuredGuRelatedPartyVocation']/td/input[@name='InsuredGuRelatedPartyIndustryKindCode']
2020/07/14 10:15:50:362 DEBUG com.sinosoft.test.base.TestBase:80 - Found Element By : By.xpath: //table[@id='InsuredRelatedParty']/tbody/tr[@id='InsuredGuRelatedPartyVocation']/td/input[@name='InsuredGuRelatedPartyIndustryKindCode']
2020/07/14 10:15:50:969 DEBUG com.sinosoft.test.base.TestBase:76 - Trying to find Element By : By.xpath: //table[@id='InsuredRelatedParty']/tbody/tr[@id='InsuredGuRelatedPartyVocation']/td/input[@name='InsuredGuRelatedPartyIndustryKindCode']
2020/07/14 10:15:51:006 DEBUG com.sinosoft.test.base.TestBase:80 - Found Element By : By.xpath: //table[@id='InsuredRelatedParty']/tbody/tr[@id='InsuredGuRelatedPartyVocation']/td/input[@name='InsuredGuRelatedPartyIndustryKindCode']
2020/07/14 10:15:51:007 DEBUG com.sinosoft.test.base.TestBase:76 - Trying to find Element By : By.xpath: ../input[last()]
2020/07/14 10:15:51:079 DEBUG com.sinosoft.test.base.TestBase:80 - Found Element By : By.xpath: ../input[last()]
2020/07/14 10:15:51:225  INFO com.sinosoft.test.base.TestBase:71 - SetCodeEditBox:找到了Code对应的文本显示框并点击触发显示:InsuredGuRelatedPartyIndustryKindCName
2020/07/14 10:15:51:225 DEBUG com.sinosoft.test.base.TestBase:42 - Trying to click on: [[[[InternetExplorerDriver: internet explorer on WINDOWS (0442c62f-d207-464f-a903-6bb6a7051a17)] -> xpath: //table[@id='InsuredRelatedParty']/tbody/tr[@id='InsuredGuRelatedPartyVocation']/td/input[@name='InsuredGuRelatedPartyIndustryKindCode']]] -> xpath: ../input[last()]]
2020/07/14 10:15:52:313 DEBUG com.sinosoft.test.base.TestBase:46 - Clicked on: [[[[InternetExplorerDriver: internet explorer on WINDOWS (0442c62f-d207-464f-a903-6bb6a7051a17)] -> xpath: //table[@id='InsuredRelatedParty']/tbody/tr[@id='InsuredGuRelatedPartyVocation']/td/input[@name='InsuredGuRelatedPartyIndustryKindCode']]] -> xpath: ../input[last()]]
2020/07/14 10:15:52:514 DEBUG com.sinosoft.test.base.TestBase:76 - Trying to find Element By : By.xpath: //table[@id='InsuredRelatedParty']/tbody/tr[@id='InsuredGuRelatedPartyVocation']/td/input[@name='InsuredGuRelatedPartyIndustryKindCode']
2020/07/14 10:15:52:567 DEBUG com.sinosoft.test.base.TestBase:80 - Found Element By : By.xpath: //table[@id='InsuredRelatedParty']/tbody/tr[@id='InsuredGuRelatedPartyVocation']/td/input[@name='InsuredGuRelatedPartyIndustryKindCode']
2020/07/14 10:15:52:567 DEBUG com.sinosoft.test.base.TestBase:87 - SetCodeEditBox:设置完毕[[InternetExplorerDriver: internet explorer on WINDOWS (0442c62f-d207-464f-a903-6bb6a7051a17)] -> xpath: //table[@id='InsuredRelatedParty']/tbody/tr[@id='InsuredGuRelatedPartyVocation']/td/input[@name='InsuredGuRelatedPartyIndustryKindCode']],设置值 Code=03006
2020/07/14 10:15:52:567  INFO com.sinosoft.test.base.TestBase:157 - 保存险种基本信息
2020/07/14 10:15:52:567 DEBUG com.sinosoft.test.base.TestBase:76 - Trying to find Element By : By.id: saveButton
2020/07/14 10:15:52:637 DEBUG com.sinosoft.test.base.TestBase:80 - Found Element By : By.id: saveButton
2020/07/14 10:15:52:637  INFO com.sinosoft.test.base.TestBase:416 - jsClickButton:[[InternetExplorerDriver: internet explorer on WINDOWS (0442c62f-d207-464f-a903-6bb6a7051a17)] -> id: saveButton]
2020/07/14 10:15:52:638 DEBUG com.sinosoft.test.base.TestBase:76 - Trying to find Element By : By.id: saveButton
2020/07/14 10:15:52:686 DEBUG com.sinosoft.test.base.TestBase:80 - Found Element By : By.id: saveButton
2020/07/14 10:15:52:686  INFO com.sinosoft.test.base.TestBase:144 - RunJavaScript:[[InternetExplorerDriver: internet explorer on WINDOWS (0442c62f-d207-464f-a903-6bb6a7051a17)] -> id: saveButton]	arguments[0].click();
2020/07/14 10:15:52:686 DEBUG com.sinosoft.test.base.TestBase:76 - Trying to find Element By : By.id: saveButton
2020/07/14 10:15:52:734 DEBUG com.sinosoft.test.base.TestBase:80 - Found Element By : By.id: saveButton
2020/07/14 10:15:53:919 DEBUG com.sinosoft.test.base.TestBase:69 - 初始化class com.sinosoft.test.fccp.tbcl.RiskDetail_insuredObjPage
2020/07/14 10:15:58:795 DEBUG com.sinosoft.test.base.TestBase:76 - Trying to find Element By : By.id: ItemPropertyDetail
2020/07/14 10:15:58:841 DEBUG com.sinosoft.test.base.TestBase:80 - Found Element By : By.id: ItemPropertyDetail
2020/07/14 10:15:58:842 DEBUG com.sinosoft.test.base.TestBase:213 - 进入保险标的信息页面对象！
2020/07/14 10:15:58:843  INFO com.sinosoft.test.base.TestBase:222 - 开始录入标的物信息！
2020/07/14 10:15:58:850 DEBUG com.sinosoft.test.base.TestBase:69 - 初始化class com.sinosoft.test.fccp.tbcl.InsuredObjectInfoPage_0122
2020/07/14 10:15:58:851 DEBUG com.sinosoft.test.base.TestBase:76 - Trying to find Element By : By.name: GuItemPropertyBlockCode
2020/07/14 10:15:58:898 DEBUG com.sinosoft.test.base.TestBase:80 - Found Element By : By.name: GuItemPropertyBlockCode
2020/07/14 10:15:58:899  INFO com.sinosoft.test.base.TestBase:80 - 开始录入标的物信息！
2020/07/14 10:15:58:899 DEBUG com.sinosoft.test.base.TestBase:76 - Trying to find Element By : By.name: GuItemPropertyBlockCode
2020/07/14 10:15:58:946 DEBUG com.sinosoft.test.base.TestBase:80 - Found Element By : By.name: GuItemPropertyBlockCode
2020/07/14 10:15:58:946  INFO com.sinosoft.test.base.TestBase:388 - setEditboxTValue:[[InternetExplorerDriver: internet explorer on WINDOWS (0442c62f-d207-464f-a903-6bb6a7051a17)] -> name: GuItemPropertyBlockCode]->121121123123
2020/07/14 10:15:58:946 DEBUG com.sinosoft.test.base.TestBase:76 - Trying to find Element By : By.name: GuItemPropertyBlockCode
2020/07/14 10:15:59:015 DEBUG com.sinosoft.test.base.TestBase:80 - Found Element By : By.name: GuItemPropertyBlockCode
2020/07/14 10:15:59:258 DEBUG com.sinosoft.test.base.TestBase:76 - Trying to find Element By : By.name: GuItemPropertyBlockCode
2020/07/14 10:15:59:307 DEBUG com.sinosoft.test.base.TestBase:80 - Found Element By : By.name: GuItemPropertyBlockCode
2020/07/14 10:16:04:715 DEBUG com.sinosoft.test.base.TestBase:76 - Trying to find Element By : By.name: GuItemPropertyCurrency
2020/07/14 10:16:04:776 DEBUG com.sinosoft.test.base.TestBase:80 - Found Element By : By.name: GuItemPropertyCurrency
2020/07/14 10:16:04:807 DEBUG com.sinosoft.test.base.TestBase:76 - Trying to find Element By : By.name: GuItemPropertyItemProvinceCode
2020/07/14 10:16:04:878 DEBUG com.sinosoft.test.base.TestBase:80 - Found Element By : By.name: GuItemPropertyItemProvinceCode
2020/07/14 10:16:04:903 DEBUG com.sinosoft.test.base.TestBase:76 - Trying to find Element By : By.name: GuItemPropertyItemProvinceCode
2020/07/14 10:16:04:978 DEBUG com.sinosoft.test.base.TestBase:80 - Found Element By : By.name: GuItemPropertyItemProvinceCode
2020/07/14 10:16:04:979 DEBUG com.sinosoft.test.base.TestBase:63 - SetCodeEditBox:开始设置:[[InternetExplorerDriver: internet explorer on WINDOWS (0442c62f-d207-464f-a903-6bb6a7051a17)] -> name: GuItemPropertyItemProvinceCode] & Code=130000
2020/07/14 10:16:04:979 DEBUG com.sinosoft.test.base.TestBase:76 - Trying to find Element By : By.name: GuItemPropertyItemProvinceCode
2020/07/14 10:16:05:027 DEBUG com.sinosoft.test.base.TestBase:80 - Found Element By : By.name: GuItemPropertyItemProvinceCode
2020/07/14 10:16:05:245 DEBUG com.sinosoft.test.base.TestBase:76 - Trying to find Element By : By.name: GuItemPropertyItemProvinceCode
2020/07/14 10:16:05:313 DEBUG com.sinosoft.test.base.TestBase:80 - Found Element By : By.name: GuItemPropertyItemProvinceCode
2020/07/14 10:16:05:891 DEBUG com.sinosoft.test.base.TestBase:76 - Trying to find Element By : By.name: GuItemPropertyItemProvinceCode
2020/07/14 10:16:05:958 DEBUG com.sinosoft.test.base.TestBase:80 - Found Element By : By.name: GuItemPropertyItemProvinceCode
2020/07/14 10:16:05:959 DEBUG com.sinosoft.test.base.TestBase:76 - Trying to find Element By : By.xpath: ../input[last()]
2020/07/14 10:16:06:006 DEBUG com.sinosoft.test.base.TestBase:80 - Found Element By : By.xpath: ../input[last()]
2020/07/14 10:16:06:132  INFO com.sinosoft.test.base.TestBase:71 - SetCodeEditBox:找到了Code对应的文本显示框并点击触发显示:GuItemPropertyItemProvinceCName
2020/07/14 10:16:06:132 DEBUG com.sinosoft.test.base.TestBase:42 - Trying to click on: [[[[InternetExplorerDriver: internet explorer on WINDOWS (0442c62f-d207-464f-a903-6bb6a7051a17)] -> name: GuItemPropertyItemProvinceCode]] -> xpath: ../input[last()]]
2020/07/14 10:16:07:205 DEBUG com.sinosoft.test.base.TestBase:46 - Clicked on: [[[[InternetExplorerDriver: internet explorer on WINDOWS (0442c62f-d207-464f-a903-6bb6a7051a17)] -> name: GuItemPropertyItemProvinceCode]] -> xpath: ../input[last()]]
2020/07/14 10:16:07:406 DEBUG com.sinosoft.test.base.TestBase:76 - Trying to find Element By : By.name: GuItemPropertyItemProvinceCode
2020/07/14 10:16:07:475 DEBUG com.sinosoft.test.base.TestBase:80 - Found Element By : By.name: GuItemPropertyItemProvinceCode
2020/07/14 10:16:07:475 DEBUG com.sinosoft.test.base.TestBase:87 - SetCodeEditBox:设置完毕[[InternetExplorerDriver: internet explorer on WINDOWS (0442c62f-d207-464f-a903-6bb6a7051a17)] -> name: GuItemPropertyItemProvinceCode],设置值 Code=130000
2020/07/14 10:16:07:475 DEBUG com.sinosoft.test.base.TestBase:76 - Trying to find Element By : By.name: GuItemPropertyItemCityCode
2020/07/14 10:16:07:533 DEBUG com.sinosoft.test.base.TestBase:80 - Found Element By : By.name: GuItemPropertyItemCityCode
2020/07/14 10:16:07:558 DEBUG com.sinosoft.test.base.TestBase:76 - Trying to find Element By : By.name: GuItemPropertyItemCityCode
2020/07/14 10:16:07:605 DEBUG com.sinosoft.test.base.TestBase:80 - Found Element By : By.name: GuItemPropertyItemCityCode
2020/07/14 10:16:07:605 DEBUG com.sinosoft.test.base.TestBase:63 - SetCodeEditBox:开始设置:[[InternetExplorerDriver: internet explorer on WINDOWS (0442c62f-d207-464f-a903-6bb6a7051a17)] -> name: GuItemPropertyItemCityCode] & Code=130300
2020/07/14 10:16:07:605 DEBUG com.sinosoft.test.base.TestBase:76 - Trying to find Element By : By.name: GuItemPropertyItemCityCode
2020/07/14 10:16:07:654 DEBUG com.sinosoft.test.base.TestBase:80 - Found Element By : By.name: GuItemPropertyItemCityCode
2020/07/14 10:16:07:868 DEBUG com.sinosoft.test.base.TestBase:76 - Trying to find Element By : By.name: GuItemPropertyItemCityCode
2020/07/14 10:16:07:931 DEBUG com.sinosoft.test.base.TestBase:80 - Found Element By : By.name: GuItemPropertyItemCityCode
2020/07/14 10:16:08:490 DEBUG com.sinosoft.test.base.TestBase:76 - Trying to find Element By : By.name: GuItemPropertyItemCityCode
2020/07/14 10:16:08:538 DEBUG com.sinosoft.test.base.TestBase:80 - Found Element By : By.name: GuItemPropertyItemCityCode
2020/07/14 10:16:08:538 DEBUG com.sinosoft.test.base.TestBase:76 - Trying to find Element By : By.xpath: ../input[last()]
2020/07/14 10:16:08:587 DEBUG com.sinosoft.test.base.TestBase:80 - Found Element By : By.xpath: ../input[last()]
2020/07/14 10:16:08:731  INFO com.sinosoft.test.base.TestBase:71 - SetCodeEditBox:找到了Code对应的文本显示框并点击触发显示:GuItemPropertyItemCityCName
2020/07/14 10:16:08:732 DEBUG com.sinosoft.test.base.TestBase:42 - Trying to click on: [[[[InternetExplorerDriver: internet explorer on WINDOWS (0442c62f-d207-464f-a903-6bb6a7051a17)] -> name: GuItemPropertyItemCityCode]] -> xpath: ../input[last()]]
2020/07/14 10:16:09:783 DEBUG com.sinosoft.test.base.TestBase:46 - Clicked on: [[[[InternetExplorerDriver: internet explorer on WINDOWS (0442c62f-d207-464f-a903-6bb6a7051a17)] -> name: GuItemPropertyItemCityCode]] -> xpath: ../input[last()]]
2020/07/14 10:16:09:984 DEBUG com.sinosoft.test.base.TestBase:76 - Trying to find Element By : By.name: GuItemPropertyItemCityCode
2020/07/14 10:16:10:020 DEBUG com.sinosoft.test.base.TestBase:80 - Found Element By : By.name: GuItemPropertyItemCityCode
2020/07/14 10:16:10:021 DEBUG com.sinosoft.test.base.TestBase:87 - SetCodeEditBox:设置完毕[[InternetExplorerDriver: internet explorer on WINDOWS (0442c62f-d207-464f-a903-6bb6a7051a17)] -> name: GuItemPropertyItemCityCode],设置值 Code=130300
2020/07/14 10:16:10:021 DEBUG com.sinosoft.test.base.TestBase:76 - Trying to find Element By : By.name: GuItemPropertyItemPostalCode
2020/07/14 10:16:10:078 DEBUG com.sinosoft.test.base.TestBase:80 - Found Element By : By.name: GuItemPropertyItemPostalCode
2020/07/14 10:16:10:079  INFO com.sinosoft.test.base.TestBase:360 - setEditboxValue:[[InternetExplorerDriver: internet explorer on WINDOWS (0442c62f-d207-464f-a903-6bb6a7051a17)] -> name: GuItemPropertyItemPostalCode]：065201
2020/07/14 10:16:10:079 DEBUG com.sinosoft.test.base.TestBase:76 - Trying to find Element By : By.name: GuItemPropertyItemPostalCode
2020/07/14 10:16:10:113 DEBUG com.sinosoft.test.base.TestBase:80 - Found Element By : By.name: GuItemPropertyItemPostalCode
2020/07/14 10:16:10:315 DEBUG com.sinosoft.test.base.TestBase:76 - Trying to find Element By : By.name: GuItemPropertyItemPostalCode
2020/07/14 10:16:10:362 DEBUG com.sinosoft.test.base.TestBase:80 - Found Element By : By.name: GuItemPropertyItemPostalCode
2020/07/14 10:16:10:754 DEBUG com.sinosoft.test.base.TestBase:76 - Trying to find Element By : By.name: GuItemPropertyItemPostalCode
2020/07/14 10:16:10:802 DEBUG com.sinosoft.test.base.TestBase:80 - Found Element By : By.name: GuItemPropertyItemPostalCode
2020/07/14 10:16:10:803  INFO com.sinosoft.test.base.TestBase:363 - setEditboxValue—End:[[InternetExplorerDriver: internet explorer on WINDOWS (0442c62f-d207-464f-a903-6bb6a7051a17)] -> name: GuItemPropertyItemPostalCode]：065201
2020/07/14 10:16:10:803 DEBUG com.sinosoft.test.base.TestBase:76 - Trying to find Element By : By.xpath: //table[@id='itemDynamic']/tbody/tr/td/input[@name='GuItemDynamicFieldAP']
2020/07/14 10:16:10:837 DEBUG com.sinosoft.test.base.TestBase:80 - Found Element By : By.xpath: //table[@id='itemDynamic']/tbody/tr/td/input[@name='GuItemDynamicFieldAP']
2020/07/14 10:16:10:837  INFO com.sinosoft.test.base.TestBase:360 - setEditboxValue:[[InternetExplorerDriver: internet explorer on WINDOWS (0442c62f-d207-464f-a903-6bb6a7051a17)] -> xpath: //table[@id='itemDynamic']/tbody/tr/td/input[@name='GuItemDynamicFieldAP']]：大型联合收割机
2020/07/14 10:16:10:837 DEBUG com.sinosoft.test.base.TestBase:76 - Trying to find Element By : By.xpath: //table[@id='itemDynamic']/tbody/tr/td/input[@name='GuItemDynamicFieldAP']
2020/07/14 10:16:10:894 DEBUG com.sinosoft.test.base.TestBase:80 - Found Element By : By.xpath: //table[@id='itemDynamic']/tbody/tr/td/input[@name='GuItemDynamicFieldAP']
2020/07/14 10:16:11:123 DEBUG com.sinosoft.test.base.TestBase:76 - Trying to find Element By : By.xpath: //table[@id='itemDynamic']/tbody/tr/td/input[@name='GuItemDynamicFieldAP']
2020/07/14 10:16:11:180 DEBUG com.sinosoft.test.base.TestBase:80 - Found Element By : By.xpath: //table[@id='itemDynamic']/tbody/tr/td/input[@name='GuItemDynamicFieldAP']
2020/07/14 10:16:11:603 DEBUG com.sinosoft.test.base.TestBase:76 - Trying to find Element By : By.xpath: //table[@id='itemDynamic']/tbody/tr/td/input[@name='GuItemDynamicFieldAP']
2020/07/14 10:16:11:640 DEBUG com.sinosoft.test.base.TestBase:80 - Found Element By : By.xpath: //table[@id='itemDynamic']/tbody/tr/td/input[@name='GuItemDynamicFieldAP']
2020/07/14 10:16:11:640  INFO com.sinosoft.test.base.TestBase:363 - setEditboxValue—End:[[InternetExplorerDriver: internet explorer on WINDOWS (0442c62f-d207-464f-a903-6bb6a7051a17)] -> xpath: //table[@id='itemDynamic']/tbody/tr/td/input[@name='GuItemDynamicFieldAP']]：大型联合收割机
2020/07/14 10:16:11:640 DEBUG com.sinosoft.test.base.TestBase:76 - Trying to find Element By : By.xpath: //table[@id='itemDynamic']/tbody/tr/td/input[@name='GuItemDynamicFieldAB']
2020/07/14 10:16:11:703 DEBUG com.sinosoft.test.base.TestBase:80 - Found Element By : By.xpath: //table[@id='itemDynamic']/tbody/tr/td/input[@name='GuItemDynamicFieldAB']
2020/07/14 10:16:11:704  INFO com.sinosoft.test.base.TestBase:360 - setEditboxValue:[[InternetExplorerDriver: internet explorer on WINDOWS (0442c62f-d207-464f-a903-6bb6a7051a17)] -> xpath: //table[@id='itemDynamic']/tbody/tr/td/input[@name='GuItemDynamicFieldAB']]：V1239876895
2020/07/14 10:16:11:704 DEBUG com.sinosoft.test.base.TestBase:76 - Trying to find Element By : By.xpath: //table[@id='itemDynamic']/tbody/tr/td/input[@name='GuItemDynamicFieldAB']
2020/07/14 10:16:11:762 DEBUG com.sinosoft.test.base.TestBase:80 - Found Element By : By.xpath: //table[@id='itemDynamic']/tbody/tr/td/input[@name='GuItemDynamicFieldAB']
2020/07/14 10:16:12:013 DEBUG com.sinosoft.test.base.TestBase:76 - Trying to find Element By : By.xpath: //table[@id='itemDynamic']/tbody/tr/td/input[@name='GuItemDynamicFieldAB']
2020/07/14 10:16:12:059 DEBUG com.sinosoft.test.base.TestBase:80 - Found Element By : By.xpath: //table[@id='itemDynamic']/tbody/tr/td/input[@name='GuItemDynamicFieldAB']
2020/07/14 10:16:12:490 DEBUG com.sinosoft.test.base.TestBase:76 - Trying to find Element By : By.xpath: //table[@id='itemDynamic']/tbody/tr/td/input[@name='GuItemDynamicFieldAB']
2020/07/14 10:16:12:538 DEBUG com.sinosoft.test.base.TestBase:80 - Found Element By : By.xpath: //table[@id='itemDynamic']/tbody/tr/td/input[@name='GuItemDynamicFieldAB']
2020/07/14 10:16:12:538  INFO com.sinosoft.test.base.TestBase:363 - setEditboxValue—End:[[InternetExplorerDriver: internet explorer on WINDOWS (0442c62f-d207-464f-a903-6bb6a7051a17)] -> xpath: //table[@id='itemDynamic']/tbody/tr/td/input[@name='GuItemDynamicFieldAB']]：V1239876895
2020/07/14 10:16:12:538 DEBUG com.sinosoft.test.base.TestBase:76 - Trying to find Element By : By.xpath: //table[@id='itemDynamic']/tbody/tr/td/input[@name='GuItemDynamicFieldAC']
2020/07/14 10:16:12:594 DEBUG com.sinosoft.test.base.TestBase:80 - Found Element By : By.xpath: //table[@id='itemDynamic']/tbody/tr/td/input[@name='GuItemDynamicFieldAC']
2020/07/14 10:16:12:595  INFO com.sinosoft.test.base.TestBase:360 - setEditboxValue:[[InternetExplorerDriver: internet explorer on WINDOWS (0442c62f-d207-464f-a903-6bb6a7051a17)] -> xpath: //table[@id='itemDynamic']/tbody/tr/td/input[@name='GuItemDynamicFieldAC']]：E00239988
2020/07/14 10:16:12:595 DEBUG com.sinosoft.test.base.TestBase:76 - Trying to find Element By : By.xpath: //table[@id='itemDynamic']/tbody/tr/td/input[@name='GuItemDynamicFieldAC']
2020/07/14 10:16:12:641 DEBUG com.sinosoft.test.base.TestBase:80 - Found Element By : By.xpath: //table[@id='itemDynamic']/tbody/tr/td/input[@name='GuItemDynamicFieldAC']
2020/07/14 10:16:12:910 DEBUG com.sinosoft.test.base.TestBase:76 - Trying to find Element By : By.xpath: //table[@id='itemDynamic']/tbody/tr/td/input[@name='GuItemDynamicFieldAC']
2020/07/14 10:16:12:977 DEBUG com.sinosoft.test.base.TestBase:80 - Found Element By : By.xpath: //table[@id='itemDynamic']/tbody/tr/td/input[@name='GuItemDynamicFieldAC']
2020/07/14 10:16:13:394 DEBUG com.sinosoft.test.base.TestBase:76 - Trying to find Element By : By.xpath: //table[@id='itemDynamic']/tbody/tr/td/input[@name='GuItemDynamicFieldAC']
2020/07/14 10:16:13:440 DEBUG com.sinosoft.test.base.TestBase:80 - Found Element By : By.xpath: //table[@id='itemDynamic']/tbody/tr/td/input[@name='GuItemDynamicFieldAC']
2020/07/14 10:16:13:440  INFO com.sinosoft.test.base.TestBase:363 - setEditboxValue—End:[[InternetExplorerDriver: internet explorer on WINDOWS (0442c62f-d207-464f-a903-6bb6a7051a17)] -> xpath: //table[@id='itemDynamic']/tbody/tr/td/input[@name='GuItemDynamicFieldAC']]：E00239988
2020/07/14 10:16:13:441 DEBUG com.sinosoft.test.base.TestBase:76 - Trying to find Element By : By.xpath: //table[@id='itemDynamic']/tbody/tr/td/input[@fieldShowDesc='初次登记日期']
2020/07/14 10:16:13:500 DEBUG com.sinosoft.test.base.TestBase:80 - Found Element By : By.xpath: //table[@id='itemDynamic']/tbody/tr/td/input[@fieldShowDesc='初次登记日期']
2020/07/14 10:16:13:501  INFO com.sinosoft.test.base.TestBase:360 - setEditboxValue:[[InternetExplorerDriver: internet explorer on WINDOWS (0442c62f-d207-464f-a903-6bb6a7051a17)] -> xpath: //table[@id='itemDynamic']/tbody/tr/td/input[@fieldShowDesc='初次登记日期']]：20150101
2020/07/14 10:16:13:501 DEBUG com.sinosoft.test.base.TestBase:76 - Trying to find Element By : By.xpath: //table[@id='itemDynamic']/tbody/tr/td/input[@fieldShowDesc='初次登记日期']
2020/07/14 10:16:13:536 DEBUG com.sinosoft.test.base.TestBase:80 - Found Element By : By.xpath: //table[@id='itemDynamic']/tbody/tr/td/input[@fieldShowDesc='初次登记日期']
2020/07/14 10:16:13:746 DEBUG com.sinosoft.test.base.TestBase:76 - Trying to find Element By : By.xpath: //table[@id='itemDynamic']/tbody/tr/td/input[@fieldShowDesc='初次登记日期']
2020/07/14 10:16:13:799 DEBUG com.sinosoft.test.base.TestBase:80 - Found Element By : By.xpath: //table[@id='itemDynamic']/tbody/tr/td/input[@fieldShowDesc='初次登记日期']
2020/07/14 10:16:14:324 DEBUG com.sinosoft.test.base.TestBase:76 - Trying to find Element By : By.xpath: //table[@id='itemDynamic']/tbody/tr/td/input[@fieldShowDesc='初次登记日期']
2020/07/14 10:16:14:393 DEBUG com.sinosoft.test.base.TestBase:80 - Found Element By : By.xpath: //table[@id='itemDynamic']/tbody/tr/td/input[@fieldShowDesc='初次登记日期']
2020/07/14 10:16:14:393  INFO com.sinosoft.test.base.TestBase:363 - setEditboxValue—End:[[InternetExplorerDriver: internet explorer on WINDOWS (0442c62f-d207-464f-a903-6bb6a7051a17)] -> xpath: //table[@id='itemDynamic']/tbody/tr/td/input[@fieldShowDesc='初次登记日期']]：20150101
2020/07/14 10:16:14:393 DEBUG com.sinosoft.test.base.TestBase:76 - Trying to find Element By : By.xpath: //table[@id='itemDynamic']/tbody/tr/td/input[@name='GuItemDynamicFieldAE']
2020/07/14 10:16:14:453 DEBUG com.sinosoft.test.base.TestBase:80 - Found Element By : By.xpath: //table[@id='itemDynamic']/tbody/tr/td/input[@name='GuItemDynamicFieldAE']
2020/07/14 10:16:14:453  INFO com.sinosoft.test.base.TestBase:360 - setEditboxValue:[[InternetExplorerDriver: internet explorer on WINDOWS (0442c62f-d207-464f-a903-6bb6a7051a17)] -> xpath: //table[@id='itemDynamic']/tbody/tr/td/input[@name='GuItemDynamicFieldAE']]：车辆类型
2020/07/14 10:16:14:453 DEBUG com.sinosoft.test.base.TestBase:76 - Trying to find Element By : By.xpath: //table[@id='itemDynamic']/tbody/tr/td/input[@name='GuItemDynamicFieldAE']
2020/07/14 10:16:14:477 DEBUG com.sinosoft.test.base.TestBase:80 - Found Element By : By.xpath: //table[@id='itemDynamic']/tbody/tr/td/input[@name='GuItemDynamicFieldAE']
2020/07/14 10:16:14:770 DEBUG com.sinosoft.test.base.TestBase:76 - Trying to find Element By : By.xpath: //table[@id='itemDynamic']/tbody/tr/td/input[@name='GuItemDynamicFieldAE']
2020/07/14 10:16:14:817 DEBUG com.sinosoft.test.base.TestBase:80 - Found Element By : By.xpath: //table[@id='itemDynamic']/tbody/tr/td/input[@name='GuItemDynamicFieldAE']
2020/07/14 10:16:15:249 DEBUG com.sinosoft.test.base.TestBase:76 - Trying to find Element By : By.xpath: //table[@id='itemDynamic']/tbody/tr/td/input[@name='GuItemDynamicFieldAE']
2020/07/14 10:16:15:284 DEBUG com.sinosoft.test.base.TestBase:80 - Found Element By : By.xpath: //table[@id='itemDynamic']/tbody/tr/td/input[@name='GuItemDynamicFieldAE']
2020/07/14 10:16:15:285  INFO com.sinosoft.test.base.TestBase:363 - setEditboxValue—End:[[InternetExplorerDriver: internet explorer on WINDOWS (0442c62f-d207-464f-a903-6bb6a7051a17)] -> xpath: //table[@id='itemDynamic']/tbody/tr/td/input[@name='GuItemDynamicFieldAE']]：车辆类型
2020/07/14 10:16:15:285 DEBUG com.sinosoft.test.base.TestBase:76 - Trying to find Element By : By.xpath: //table[@id='itemDynamic']/tbody/tr/td/input[@name='GuItemDynamicFieldAF']
2020/07/14 10:16:15:366 DEBUG com.sinosoft.test.base.TestBase:80 - Found Element By : By.xpath: //table[@id='itemDynamic']/tbody/tr/td/input[@name='GuItemDynamicFieldAF']
2020/07/14 10:16:15:367  INFO com.sinosoft.test.base.TestBase:360 - setEditboxValue:[[InternetExplorerDriver: internet explorer on WINDOWS (0442c62f-d207-464f-a903-6bb6a7051a17)] -> xpath: //table[@id='itemDynamic']/tbody/tr/td/input[@name='GuItemDynamicFieldAF']]：厂牌车型
2020/07/14 10:16:15:368 DEBUG com.sinosoft.test.base.TestBase:76 - Trying to find Element By : By.xpath: //table[@id='itemDynamic']/tbody/tr/td/input[@name='GuItemDynamicFieldAF']
2020/07/14 10:16:15:427 DEBUG com.sinosoft.test.base.TestBase:80 - Found Element By : By.xpath: //table[@id='itemDynamic']/tbody/tr/td/input[@name='GuItemDynamicFieldAF']
2020/07/14 10:16:15:693 DEBUG com.sinosoft.test.base.TestBase:76 - Trying to find Element By : By.xpath: //table[@id='itemDynamic']/tbody/tr/td/input[@name='GuItemDynamicFieldAF']
2020/07/14 10:16:15:730 DEBUG com.sinosoft.test.base.TestBase:80 - Found Element By : By.xpath: //table[@id='itemDynamic']/tbody/tr/td/input[@name='GuItemDynamicFieldAF']
2020/07/14 10:16:16:168 DEBUG com.sinosoft.test.base.TestBase:76 - Trying to find Element By : By.xpath: //table[@id='itemDynamic']/tbody/tr/td/input[@name='GuItemDynamicFieldAF']
2020/07/14 10:16:16:204 DEBUG com.sinosoft.test.base.TestBase:80 - Found Element By : By.xpath: //table[@id='itemDynamic']/tbody/tr/td/input[@name='GuItemDynamicFieldAF']
2020/07/14 10:16:16:204  INFO com.sinosoft.test.base.TestBase:363 - setEditboxValue—End:[[InternetExplorerDriver: internet explorer on WINDOWS (0442c62f-d207-464f-a903-6bb6a7051a17)] -> xpath: //table[@id='itemDynamic']/tbody/tr/td/input[@name='GuItemDynamicFieldAF']]：厂牌车型
2020/07/14 10:16:16:204 DEBUG com.sinosoft.test.base.TestBase:76 - Trying to find Element By : By.xpath: //table[@id='itemDynamic']/tbody/tr/td/input[@name='GuItemDynamicFieldAG']
2020/07/14 10:16:16:265 DEBUG com.sinosoft.test.base.TestBase:80 - Found Element By : By.xpath: //table[@id='itemDynamic']/tbody/tr/td/input[@name='GuItemDynamicFieldAG']
2020/07/14 10:16:16:265  INFO com.sinosoft.test.base.TestBase:360 - setEditboxValue:[[InternetExplorerDriver: internet explorer on WINDOWS (0442c62f-d207-464f-a903-6bb6a7051a17)] -> xpath: //table[@id='itemDynamic']/tbody/tr/td/input[@name='GuItemDynamicFieldAG']]：东方红
2020/07/14 10:16:16:267 DEBUG com.sinosoft.test.base.TestBase:76 - Trying to find Element By : By.xpath: //table[@id='itemDynamic']/tbody/tr/td/input[@name='GuItemDynamicFieldAG']
2020/07/14 10:16:16:292 DEBUG com.sinosoft.test.base.TestBase:80 - Found Element By : By.xpath: //table[@id='itemDynamic']/tbody/tr/td/input[@name='GuItemDynamicFieldAG']
2020/07/14 10:16:16:591 DEBUG com.sinosoft.test.base.TestBase:76 - Trying to find Element By : By.xpath: //table[@id='itemDynamic']/tbody/tr/td/input[@name='GuItemDynamicFieldAG']
2020/07/14 10:16:16:660 DEBUG com.sinosoft.test.base.TestBase:80 - Found Element By : By.xpath: //table[@id='itemDynamic']/tbody/tr/td/input[@name='GuItemDynamicFieldAG']
2020/07/14 10:16:17:056 DEBUG com.sinosoft.test.base.TestBase:76 - Trying to find Element By : By.xpath: //table[@id='itemDynamic']/tbody/tr/td/input[@name='GuItemDynamicFieldAG']
2020/07/14 10:16:17:114 DEBUG com.sinosoft.test.base.TestBase:80 - Found Element By : By.xpath: //table[@id='itemDynamic']/tbody/tr/td/input[@name='GuItemDynamicFieldAG']
2020/07/14 10:16:17:114  INFO com.sinosoft.test.base.TestBase:363 - setEditboxValue—End:[[InternetExplorerDriver: internet explorer on WINDOWS (0442c62f-d207-464f-a903-6bb6a7051a17)] -> xpath: //table[@id='itemDynamic']/tbody/tr/td/input[@name='GuItemDynamicFieldAG']]：东方红
2020/07/14 10:16:17:114 DEBUG com.sinosoft.test.base.TestBase:76 - Trying to find Element By : By.xpath: //table[@id='itemDynamic']/tbody/tr/td/input[@name='GuItemDynamicFieldAK']
2020/07/14 10:16:17:150 DEBUG com.sinosoft.test.base.TestBase:80 - Found Element By : By.xpath: //table[@id='itemDynamic']/tbody/tr/td/input[@name='GuItemDynamicFieldAK']
2020/07/14 10:16:17:150  INFO com.sinosoft.test.base.TestBase:360 - setEditboxValue:[[InternetExplorerDriver: internet explorer on WINDOWS (0442c62f-d207-464f-a903-6bb6a7051a17)] -> xpath: //table[@id='itemDynamic']/tbody/tr/td/input[@name='GuItemDynamicFieldAK']]：2000000
2020/07/14 10:16:17:150 DEBUG com.sinosoft.test.base.TestBase:76 - Trying to find Element By : By.xpath: //table[@id='itemDynamic']/tbody/tr/td/input[@name='GuItemDynamicFieldAK']
2020/07/14 10:16:17:206 DEBUG com.sinosoft.test.base.TestBase:80 - Found Element By : By.xpath: //table[@id='itemDynamic']/tbody/tr/td/input[@name='GuItemDynamicFieldAK']
2020/07/14 10:16:17:436 DEBUG com.sinosoft.test.base.TestBase:76 - Trying to find Element By : By.xpath: //table[@id='itemDynamic']/tbody/tr/td/input[@name='GuItemDynamicFieldAK']
2020/07/14 10:16:17:482 DEBUG com.sinosoft.test.base.TestBase:80 - Found Element By : By.xpath: //table[@id='itemDynamic']/tbody/tr/td/input[@name='GuItemDynamicFieldAK']
2020/07/14 10:16:17:948 DEBUG com.sinosoft.test.base.TestBase:76 - Trying to find Element By : By.xpath: //table[@id='itemDynamic']/tbody/tr/td/input[@name='GuItemDynamicFieldAK']
2020/07/14 10:16:17:982 DEBUG com.sinosoft.test.base.TestBase:80 - Found Element By : By.xpath: //table[@id='itemDynamic']/tbody/tr/td/input[@name='GuItemDynamicFieldAK']
2020/07/14 10:16:17:983  INFO com.sinosoft.test.base.TestBase:363 - setEditboxValue—End:[[InternetExplorerDriver: internet explorer on WINDOWS (0442c62f-d207-464f-a903-6bb6a7051a17)] -> xpath: //table[@id='itemDynamic']/tbody/tr/td/input[@name='GuItemDynamicFieldAK']]：2000000
2020/07/14 10:16:17:983 DEBUG com.sinosoft.test.base.TestBase:76 - Trying to find Element By : By.xpath: //table[@id='itemDynamic']/tbody/tr/td/input[@name='GuItemDynamicFieldAM']
2020/07/14 10:16:18:051 DEBUG com.sinosoft.test.base.TestBase:80 - Found Element By : By.xpath: //table[@id='itemDynamic']/tbody/tr/td/input[@name='GuItemDynamicFieldAM']
2020/07/14 10:16:18:052  INFO com.sinosoft.test.base.TestBase:360 - setEditboxValue:[[InternetExplorerDriver: internet explorer on WINDOWS (0442c62f-d207-464f-a903-6bb6a7051a17)] -> xpath: //table[@id='itemDynamic']/tbody/tr/td/input[@name='GuItemDynamicFieldAM']]：华北地区
2020/07/14 10:16:18:052 DEBUG com.sinosoft.test.base.TestBase:76 - Trying to find Element By : By.xpath: //table[@id='itemDynamic']/tbody/tr/td/input[@name='GuItemDynamicFieldAM']
2020/07/14 10:16:18:110 DEBUG com.sinosoft.test.base.TestBase:80 - Found Element By : By.xpath: //table[@id='itemDynamic']/tbody/tr/td/input[@name='GuItemDynamicFieldAM']
2020/07/14 10:16:18:368 DEBUG com.sinosoft.test.base.TestBase:76 - Trying to find Element By : By.xpath: //table[@id='itemDynamic']/tbody/tr/td/input[@name='GuItemDynamicFieldAM']
2020/07/14 10:16:18:414 DEBUG com.sinosoft.test.base.TestBase:80 - Found Element By : By.xpath: //table[@id='itemDynamic']/tbody/tr/td/input[@name='GuItemDynamicFieldAM']
2020/07/14 10:16:18:847 DEBUG com.sinosoft.test.base.TestBase:76 - Trying to find Element By : By.xpath: //table[@id='itemDynamic']/tbody/tr/td/input[@name='GuItemDynamicFieldAM']
2020/07/14 10:16:18:882 DEBUG com.sinosoft.test.base.TestBase:80 - Found Element By : By.xpath: //table[@id='itemDynamic']/tbody/tr/td/input[@name='GuItemDynamicFieldAM']
2020/07/14 10:16:18:883  INFO com.sinosoft.test.base.TestBase:363 - setEditboxValue—End:[[InternetExplorerDriver: internet explorer on WINDOWS (0442c62f-d207-464f-a903-6bb6a7051a17)] -> xpath: //table[@id='itemDynamic']/tbody/tr/td/input[@name='GuItemDynamicFieldAM']]：华北地区
2020/07/14 10:16:18:883 DEBUG com.sinosoft.test.base.TestBase:232 - 开始录入险种明细信息
2020/07/14 10:16:18:883 DEBUG com.sinosoft.test.base.TestBase:76 - Trying to find Element By : By.id: ItemPropertyDetail
2020/07/14 10:16:18:942 DEBUG com.sinosoft.test.base.TestBase:80 - Found Element By : By.id: ItemPropertyDetail
2020/07/14 10:16:18:942  INFO com.sinosoft.test.base.TestBase:406 - clickElement:[[InternetExplorerDriver: internet explorer on WINDOWS (0442c62f-d207-464f-a903-6bb6a7051a17)] -> id: ItemPropertyDetail]
2020/07/14 10:16:18:942 DEBUG com.sinosoft.test.base.TestBase:76 - Trying to find Element By : By.id: ItemPropertyDetail
2020/07/14 10:16:19:024 DEBUG com.sinosoft.test.base.TestBase:80 - Found Element By : By.id: ItemPropertyDetail
2020/07/14 10:16:19:026 DEBUG com.sinosoft.test.base.TestBase:42 - Trying to click on: [[InternetExplorerDriver: internet explorer on WINDOWS (0442c62f-d207-464f-a903-6bb6a7051a17)] -> id: ItemPropertyDetail]
2020/07/14 10:16:20:361 DEBUG com.sinosoft.test.base.TestBase:46 - Clicked on: [[InternetExplorerDriver: internet explorer on WINDOWS (0442c62f-d207-464f-a903-6bb6a7051a17)] -> id: ItemPropertyDetail]
2020/07/14 10:16:20:362 DEBUG com.sinosoft.test.base.TestBase:76 - Trying to find Element By : By.id: ItemPropertyDetail
2020/07/14 10:16:20:418 DEBUG com.sinosoft.test.base.TestBase:80 - Found Element By : By.id: ItemPropertyDetail
2020/07/14 10:16:20:419 DEBUG com.sinosoft.test.base.TestBase:76 - Trying to find Element By : By.name: GuItemPropertyDetailItemDetailCode
2020/07/14 10:16:20:487 DEBUG com.sinosoft.test.base.TestBase:80 - Found Element By : By.name: GuItemPropertyDetailItemDetailCode
2020/07/14 10:16:20:487 DEBUG com.sinosoft.test.base.TestBase:76 - Trying to find Element By : By.id: ItemPropertyDetail
2020/07/14 10:16:20:544 DEBUG com.sinosoft.test.base.TestBase:80 - Found Element By : By.id: ItemPropertyDetail
2020/07/14 10:16:20:546 DEBUG com.sinosoft.test.base.TestBase:76 - Trying to find Element By : By.name: GuItemPropertyDetailItemDetailList
2020/07/14 10:16:20:572 DEBUG com.sinosoft.test.base.TestBase:80 - Found Element By : By.name: GuItemPropertyDetailItemDetailList
2020/07/14 10:16:20:612 DEBUG com.sinosoft.test.base.TestBase:42 - CodeSelect:开始设置[[[[InternetExplorerDriver: internet explorer on WINDOWS (0442c62f-d207-464f-a903-6bb6a7051a17)] -> id: ItemPropertyDetail]] -> name: GuItemPropertyDetailItemDetailCode] & Code=010081
2020/07/14 10:16:21:684 DEBUG com.sinosoft.test.base.TestBase:272 - 系统窗口【黄河财险业务系统】with handle -bd573043-38a1-42cd-b2de-e493904bc31b
2020/07/14 10:16:22:343 DEBUG com.sinosoft.test.base.TestBase:272 - 系统窗口【黄河财险业务系统】with handle -bd573043-38a1-42cd-b2de-e493904bc31b
2020/07/14 10:16:22:971 DEBUG com.sinosoft.test.base.TestBase:272 - 系统窗口【Code Select】with handle -4aa40af0-03a3-49ee-981f-c88a473bb993
2020/07/14 10:16:23:483 DEBUG com.sinosoft.test.base.TestBase:69 - 初始化class com.sinosoft.test.fccp.common.CodeSelectPage
2020/07/14 10:16:23:483 DEBUG com.sinosoft.test.base.TestBase:39 - 基础码表选择！
2020/07/14 10:16:23:483 DEBUG com.sinosoft.test.base.TestBase:76 - Trying to find Element By : By.name: fieldValue
2020/07/14 10:16:23:754 DEBUG com.sinosoft.test.base.TestBase:80 - Found Element By : By.name: fieldValue
2020/07/14 10:16:23:755  INFO com.sinosoft.test.base.TestBase:360 - setEditboxValue:[[InternetExplorerDriver: internet explorer on WINDOWS (0442c62f-d207-464f-a903-6bb6a7051a17)] -> name: fieldValue]：010081
2020/07/14 10:16:24:789  INFO com.sinosoft.test.base.TestBase:363 - setEditboxValue—End:[[InternetExplorerDriver: internet explorer on WINDOWS (0442c62f-d207-464f-a903-6bb6a7051a17)] -> name: fieldValue]：010081
2020/07/14 10:16:24:791 DEBUG com.sinosoft.test.base.TestBase:76 - Trying to find Element By : By.xpath: //input[@value='查询(Q)']
2020/07/14 10:16:25:091 DEBUG com.sinosoft.test.base.TestBase:80 - Found Element By : By.xpath: //input[@value='查询(Q)']
2020/07/14 10:16:25:092  INFO com.sinosoft.test.base.TestBase:402 - clickButton:[[InternetExplorerDriver: internet explorer on WINDOWS (0442c62f-d207-464f-a903-6bb6a7051a17)] -> xpath: //input[@value='查询(Q)']]
2020/07/14 10:16:25:092 DEBUG com.sinosoft.test.base.TestBase:42 - Trying to click on: [[InternetExplorerDriver: internet explorer on WINDOWS (0442c62f-d207-464f-a903-6bb6a7051a17)] -> xpath: //input[@value='查询(Q)']]
2020/07/14 10:16:26:695 DEBUG com.sinosoft.test.base.TestBase:46 - Clicked on: [[InternetExplorerDriver: internet explorer on WINDOWS (0442c62f-d207-464f-a903-6bb6a7051a17)] -> xpath: //input[@value='查询(Q)']]
2020/07/14 10:16:26:696 DEBUG com.sinosoft.test.base.TestBase:76 - Trying to find Element By : By.name: codeselect
2020/07/14 10:16:26:984 DEBUG com.sinosoft.test.base.TestBase:80 - Found Element By : By.name: codeselect
2020/07/14 10:16:26:984  INFO com.sinosoft.test.base.TestBase:132 - setFuzzySelect:[[InternetExplorerDriver: internet explorer on WINDOWS (0442c62f-d207-464f-a903-6bb6a7051a17)] -> name: codeselect]->010081
2020/07/14 10:16:27:538 DEBUG com.sinosoft.test.base.TestBase:76 - Trying to find Element By : By.tagName: option
2020/07/14 10:16:27:845 DEBUG com.sinosoft.test.base.TestBase:80 - Found Element By : By.tagName: option
2020/07/14 10:16:28:147  INFO com.sinosoft.test.base.TestBase:142 - 找到匹配【010081】的选项：010081--机械设备
2020/07/14 10:16:28:147 DEBUG com.sinosoft.test.base.TestBase:76 - Trying to find Element By : By.xpath: .//option[normalize-space(.) = "010081--机械设备"]
2020/07/14 10:16:28:471 DEBUG com.sinosoft.test.base.TestBase:80 - Found Element By : By.xpath: .//option[normalize-space(.) = "010081--机械设备"]
2020/07/14 10:16:28:765 DEBUG com.sinosoft.test.base.TestBase:42 - Trying to click on: [[[[InternetExplorerDriver: internet explorer on WINDOWS (0442c62f-d207-464f-a903-6bb6a7051a17)] -> name: codeselect]] -> xpath: .//option[normalize-space(.) = "010081--机械设备"]]
2020/07/14 10:16:29:178 DEBUG com.sinosoft.test.base.TestBase:46 - Clicked on: [[[[InternetExplorerDriver: internet explorer on WINDOWS (0442c62f-d207-464f-a903-6bb6a7051a17)] -> name: codeselect]] -> xpath: .//option[normalize-space(.) = "010081--机械设备"]]
2020/07/14 10:16:29:179 DEBUG com.sinosoft.test.base.TestBase:151 - setFuzzySelect 结束！
2020/07/14 10:16:29:179 DEBUG com.sinosoft.test.base.TestBase:76 - Trying to find Element By : By.name: SelectIt
2020/07/14 10:16:29:462 DEBUG com.sinosoft.test.base.TestBase:80 - Found Element By : By.name: SelectIt
2020/07/14 10:16:29:463  INFO com.sinosoft.test.base.TestBase:416 - jsClickButton:[[InternetExplorerDriver: internet explorer on WINDOWS (0442c62f-d207-464f-a903-6bb6a7051a17)] -> name: SelectIt]
2020/07/14 10:16:29:463  INFO com.sinosoft.test.base.TestBase:144 - RunJavaScript:[[InternetExplorerDriver: internet explorer on WINDOWS (0442c62f-d207-464f-a903-6bb6a7051a17)] -> name: SelectIt]	arguments[0].click();
2020/07/14 10:16:30:228 DEBUG com.sinosoft.test.base.TestBase:272 - 系统窗口【黄河财险业务系统】with handle -bd573043-38a1-42cd-b2de-e493904bc31b
2020/07/14 10:16:35:414 DEBUG com.sinosoft.test.base.TestBase:49 - CodeSelect:设置完毕[[[[InternetExplorerDriver: internet explorer on WINDOWS (0442c62f-d207-464f-a903-6bb6a7051a17)] -> id: ItemPropertyDetail]] -> name: GuItemPropertyDetailItemDetailCode] & Code=010081
2020/07/14 10:16:35:416 DEBUG com.sinosoft.test.base.TestBase:76 - Trying to find Element By : By.id: ItemPropertyDetail
2020/07/14 10:16:35:474 DEBUG com.sinosoft.test.base.TestBase:80 - Found Element By : By.id: ItemPropertyDetail
2020/07/14 10:16:35:475 DEBUG com.sinosoft.test.base.TestBase:76 - Trying to find Element By : By.name: GuItemKindKindCode
2020/07/14 10:16:35:534 DEBUG com.sinosoft.test.base.TestBase:80 - Found Element By : By.name: GuItemKindKindCode
2020/07/14 10:16:35:585 DEBUG com.sinosoft.test.base.TestBase:42 - CodeSelect:开始设置[[[[InternetExplorerDriver: internet explorer on WINDOWS (0442c62f-d207-464f-a903-6bb6a7051a17)] -> id: ItemPropertyDetail]] -> name: GuItemKindKindCode] & Code=0122001
2020/07/14 10:16:36:948 DEBUG com.sinosoft.test.base.TestBase:272 - 系统窗口【黄河财险业务系统】with handle -bd573043-38a1-42cd-b2de-e493904bc31b
2020/07/14 10:16:37:597 DEBUG com.sinosoft.test.base.TestBase:272 - 系统窗口【黄河财险业务系统】with handle -bd573043-38a1-42cd-b2de-e493904bc31b
2020/07/14 10:16:38:230 DEBUG com.sinosoft.test.base.TestBase:272 - 系统窗口【Code Select】with handle -a6644cda-1e18-4d3d-bd01-8842c4a4e6e9
2020/07/14 10:16:38:738 DEBUG com.sinosoft.test.base.TestBase:69 - 初始化class com.sinosoft.test.fccp.common.CodeSelectPage
2020/07/14 10:16:38:739 DEBUG com.sinosoft.test.base.TestBase:39 - 基础码表选择！
2020/07/14 10:16:38:739 DEBUG com.sinosoft.test.base.TestBase:76 - Trying to find Element By : By.name: fieldValue
2020/07/14 10:16:39:020 DEBUG com.sinosoft.test.base.TestBase:80 - Found Element By : By.name: fieldValue
2020/07/14 10:16:39:021  INFO com.sinosoft.test.base.TestBase:360 - setEditboxValue:[[InternetExplorerDriver: internet explorer on WINDOWS (0442c62f-d207-464f-a903-6bb6a7051a17)] -> name: fieldValue]：0122001
2020/07/14 10:16:40:382  INFO com.sinosoft.test.base.TestBase:363 - setEditboxValue—End:[[InternetExplorerDriver: internet explorer on WINDOWS (0442c62f-d207-464f-a903-6bb6a7051a17)] -> name: fieldValue]：0122001
2020/07/14 10:16:40:382 DEBUG com.sinosoft.test.base.TestBase:76 - Trying to find Element By : By.xpath: //input[@value='查询(Q)']
2020/07/14 10:16:40:676 DEBUG com.sinosoft.test.base.TestBase:80 - Found Element By : By.xpath: //input[@value='查询(Q)']
2020/07/14 10:16:40:679  INFO com.sinosoft.test.base.TestBase:402 - clickButton:[[InternetExplorerDriver: internet explorer on WINDOWS (0442c62f-d207-464f-a903-6bb6a7051a17)] -> xpath: //input[@value='查询(Q)']]
2020/07/14 10:16:40:679 DEBUG com.sinosoft.test.base.TestBase:42 - Trying to click on: [[InternetExplorerDriver: internet explorer on WINDOWS (0442c62f-d207-464f-a903-6bb6a7051a17)] -> xpath: //input[@value='查询(Q)']]
2020/07/14 10:16:42:282 DEBUG com.sinosoft.test.base.TestBase:46 - Clicked on: [[InternetExplorerDriver: internet explorer on WINDOWS (0442c62f-d207-464f-a903-6bb6a7051a17)] -> xpath: //input[@value='查询(Q)']]
2020/07/14 10:16:42:282 DEBUG com.sinosoft.test.base.TestBase:76 - Trying to find Element By : By.name: codeselect
2020/07/14 10:16:42:570 DEBUG com.sinosoft.test.base.TestBase:80 - Found Element By : By.name: codeselect
2020/07/14 10:16:42:570  INFO com.sinosoft.test.base.TestBase:132 - setFuzzySelect:[[InternetExplorerDriver: internet explorer on WINDOWS (0442c62f-d207-464f-a903-6bb6a7051a17)] -> name: codeselect]->0122001
2020/07/14 10:16:43:118 DEBUG com.sinosoft.test.base.TestBase:76 - Trying to find Element By : By.tagName: option
2020/07/14 10:16:43:434 DEBUG com.sinosoft.test.base.TestBase:80 - Found Element By : By.tagName: option
2020/07/14 10:16:43:734  INFO com.sinosoft.test.base.TestBase:142 - 找到匹配【0122001】的选项：0122001--工程机械设备保险（2018版）条款
2020/07/14 10:16:43:734 DEBUG com.sinosoft.test.base.TestBase:76 - Trying to find Element By : By.xpath: .//option[normalize-space(.) = "0122001--工程机械设备保险（2018版）条款"]
2020/07/14 10:16:44:059 DEBUG com.sinosoft.test.base.TestBase:80 - Found Element By : By.xpath: .//option[normalize-space(.) = "0122001--工程机械设备保险（2018版）条款"]
2020/07/14 10:16:44:350 DEBUG com.sinosoft.test.base.TestBase:42 - Trying to click on: [[[[InternetExplorerDriver: internet explorer on WINDOWS (0442c62f-d207-464f-a903-6bb6a7051a17)] -> name: codeselect]] -> xpath: .//option[normalize-space(.) = "0122001--工程机械设备保险（2018版）条款"]]
2020/07/14 10:16:44:778 DEBUG com.sinosoft.test.base.TestBase:46 - Clicked on: [[[[InternetExplorerDriver: internet explorer on WINDOWS (0442c62f-d207-464f-a903-6bb6a7051a17)] -> name: codeselect]] -> xpath: .//option[normalize-space(.) = "0122001--工程机械设备保险（2018版）条款"]]
2020/07/14 10:16:44:778 DEBUG com.sinosoft.test.base.TestBase:151 - setFuzzySelect 结束！
2020/07/14 10:16:44:778 DEBUG com.sinosoft.test.base.TestBase:76 - Trying to find Element By : By.name: SelectIt
2020/07/14 10:16:45:064 DEBUG com.sinosoft.test.base.TestBase:80 - Found Element By : By.name: SelectIt
2020/07/14 10:16:45:065  INFO com.sinosoft.test.base.TestBase:416 - jsClickButton:[[InternetExplorerDriver: internet explorer on WINDOWS (0442c62f-d207-464f-a903-6bb6a7051a17)] -> name: SelectIt]
2020/07/14 10:16:45:065  INFO com.sinosoft.test.base.TestBase:144 - RunJavaScript:[[InternetExplorerDriver: internet explorer on WINDOWS (0442c62f-d207-464f-a903-6bb6a7051a17)] -> name: SelectIt]	arguments[0].click();
2020/07/14 10:16:45:841 DEBUG com.sinosoft.test.base.TestBase:272 - 系统窗口【黄河财险业务系统】with handle -bd573043-38a1-42cd-b2de-e493904bc31b
2020/07/14 10:16:50:952 DEBUG com.sinosoft.test.base.TestBase:49 - CodeSelect:设置完毕[[[[InternetExplorerDriver: internet explorer on WINDOWS (0442c62f-d207-464f-a903-6bb6a7051a17)] -> id: ItemPropertyDetail]] -> name: GuItemKindKindCode] & Code=0122001
2020/07/14 10:16:50:952 DEBUG com.sinosoft.test.base.TestBase:76 - Trying to find Element By : By.id: ItemPropertyDetail
2020/07/14 10:16:51:003 DEBUG com.sinosoft.test.base.TestBase:80 - Found Element By : By.id: ItemPropertyDetail
2020/07/14 10:16:51:003 DEBUG com.sinosoft.test.base.TestBase:76 - Trying to find Element By : By.name: GuItemKindCalculateInd
2020/07/14 10:16:51:042 DEBUG com.sinosoft.test.base.TestBase:80 - Found Element By : By.name: GuItemKindCalculateInd
2020/07/14 10:16:51:082 DEBUG com.sinosoft.test.base.TestBase:76 - Trying to find Element By : By.id: ItemPropertyDetail
2020/07/14 10:16:51:156 DEBUG com.sinosoft.test.base.TestBase:80 - Found Element By : By.id: ItemPropertyDetail
2020/07/14 10:16:51:156 DEBUG com.sinosoft.test.base.TestBase:76 - Trying to find Element By : By.name: GuItemKindValueType
2020/07/14 10:16:51:191 DEBUG com.sinosoft.test.base.TestBase:80 - Found Element By : By.name: GuItemKindValueType
2020/07/14 10:16:51:192  INFO com.sinosoft.test.base.TestBase:96 - setSelectWithStartText:[[[[InternetExplorerDriver: internet explorer on WINDOWS (0442c62f-d207-464f-a903-6bb6a7051a17)] -> id: ItemPropertyDetail]] -> name: GuItemKindValueType]->10
2020/07/14 10:16:51:254 DEBUG com.sinosoft.test.base.TestBase:76 - Trying to find Element By : By.tagName: option
2020/07/14 10:16:51:434 DEBUG com.sinosoft.test.base.TestBase:80 - Found Element By : By.tagName: option
2020/07/14 10:16:51:605  INFO com.sinosoft.test.base.TestBase:114 - 找到匹配【10】的选项：10-出险时市场价值
2020/07/14 10:16:51:606 DEBUG com.sinosoft.test.base.TestBase:76 - Trying to find Element By : By.xpath: .//option[normalize-space(.) = "10-出险时市场价值"]
2020/07/14 10:16:51:666 DEBUG com.sinosoft.test.base.TestBase:80 - Found Element By : By.xpath: .//option[normalize-space(.) = "10-出险时市场价值"]
2020/07/14 10:16:51:692 DEBUG com.sinosoft.test.base.TestBase:42 - Trying to click on: [[[[[[InternetExplorerDriver: internet explorer on WINDOWS (0442c62f-d207-464f-a903-6bb6a7051a17)] -> id: ItemPropertyDetail]] -> name: GuItemKindValueType]] -> xpath: .//option[normalize-space(.) = "10-出险时市场价值"]]
2020/07/14 10:16:51:926 DEBUG com.sinosoft.test.base.TestBase:46 - Clicked on: [[[[[[InternetExplorerDriver: internet explorer on WINDOWS (0442c62f-d207-464f-a903-6bb6a7051a17)] -> id: ItemPropertyDetail]] -> name: GuItemKindValueType]] -> xpath: .//option[normalize-space(.) = "10-出险时市场价值"]]
2020/07/14 10:16:51:926 DEBUG com.sinosoft.test.base.TestBase:123 - setSelectWithStartText 结束！
2020/07/14 10:16:51:927 DEBUG com.sinosoft.test.base.TestBase:76 - Trying to find Element By : By.id: ItemPropertyDetail
2020/07/14 10:16:52:027 DEBUG com.sinosoft.test.base.TestBase:80 - Found Element By : By.id: ItemPropertyDetail
2020/07/14 10:16:52:027 DEBUG com.sinosoft.test.base.TestBase:76 - Trying to find Element By : By.name: GuItemKindSumInsured
2020/07/14 10:16:52:085 DEBUG com.sinosoft.test.base.TestBase:80 - Found Element By : By.name: GuItemKindSumInsured
2020/07/14 10:16:52:085  INFO com.sinosoft.test.base.TestBase:360 - setEditboxValue:[[[[InternetExplorerDriver: internet explorer on WINDOWS (0442c62f-d207-464f-a903-6bb6a7051a17)] -> id: ItemPropertyDetail]] -> name: GuItemKindSumInsured]：2000000
2020/07/14 10:16:52:804  INFO com.sinosoft.test.base.TestBase:363 - setEditboxValue—End:[[[[InternetExplorerDriver: internet explorer on WINDOWS (0442c62f-d207-464f-a903-6bb6a7051a17)] -> id: ItemPropertyDetail]] -> name: GuItemKindSumInsured]：2000000
2020/07/14 10:16:52:804 DEBUG com.sinosoft.test.base.TestBase:76 - Trying to find Element By : By.xpath: //table[@id='ItemPropertyDetailKind']/tbody/tr/td/input[@name='GuItemKindRate']
2020/07/14 10:16:52:837 DEBUG com.sinosoft.test.base.TestBase:80 - Found Element By : By.xpath: //table[@id='ItemPropertyDetailKind']/tbody/tr/td/input[@name='GuItemKindRate']
2020/07/14 10:16:52:838  INFO com.sinosoft.test.base.TestBase:388 - setEditboxTValue:[[InternetExplorerDriver: internet explorer on WINDOWS (0442c62f-d207-464f-a903-6bb6a7051a17)] -> xpath: //table[@id='ItemPropertyDetailKind']/tbody/tr/td/input[@name='GuItemKindRate']]->3
2020/07/14 10:16:52:838 DEBUG com.sinosoft.test.base.TestBase:76 - Trying to find Element By : By.xpath: //table[@id='ItemPropertyDetailKind']/tbody/tr/td/input[@name='GuItemKindRate']
2020/07/14 10:16:52:894 DEBUG com.sinosoft.test.base.TestBase:80 - Found Element By : By.xpath: //table[@id='ItemPropertyDetailKind']/tbody/tr/td/input[@name='GuItemKindRate']
2020/07/14 10:16:53:210 DEBUG com.sinosoft.test.base.TestBase:76 - Trying to find Element By : By.xpath: //table[@id='ItemPropertyDetailKind']/tbody/tr/td/input[@name='GuItemKindRate']
2020/07/14 10:16:53:280 DEBUG com.sinosoft.test.base.TestBase:80 - Found Element By : By.xpath: //table[@id='ItemPropertyDetailKind']/tbody/tr/td/input[@name='GuItemKindRate']
2020/07/14 10:16:58:668 DEBUG com.sinosoft.test.base.TestBase:76 - Trying to find Element By : By.xpath: //table[@id='ItemPropertyDetailKind']/tbody/tr/td/input[@name='GuItemKindShortRateFlag']
2020/07/14 10:16:58:724 DEBUG com.sinosoft.test.base.TestBase:80 - Found Element By : By.xpath: //table[@id='ItemPropertyDetailKind']/tbody/tr/td/input[@name='GuItemKindShortRateFlag']
2020/07/14 10:16:58:764 DEBUG com.sinosoft.test.base.TestBase:76 - Trying to find Element By : By.xpath: //table[@id='ItemPropertyDetailKind']/tbody/tr/td/input[@name='GuItemKindShortRateFlag']
2020/07/14 10:16:58:848 DEBUG com.sinosoft.test.base.TestBase:80 - Found Element By : By.xpath: //table[@id='ItemPropertyDetailKind']/tbody/tr/td/input[@name='GuItemKindShortRateFlag']
2020/07/14 10:16:58:850 DEBUG com.sinosoft.test.base.TestBase:42 - CodeSelect:开始设置[[InternetExplorerDriver: internet explorer on WINDOWS (0442c62f-d207-464f-a903-6bb6a7051a17)] -> xpath: //table[@id='ItemPropertyDetailKind']/tbody/tr/td/input[@name='GuItemKindShortRateFlag']] & Code=2
2020/07/14 10:16:58:850 DEBUG com.sinosoft.test.base.TestBase:76 - Trying to find Element By : By.xpath: //table[@id='ItemPropertyDetailKind']/tbody/tr/td/input[@name='GuItemKindShortRateFlag']
2020/07/14 10:16:58:908 DEBUG com.sinosoft.test.base.TestBase:80 - Found Element By : By.xpath: //table[@id='ItemPropertyDetailKind']/tbody/tr/td/input[@name='GuItemKindShortRateFlag']
2020/07/14 10:17:00:115 DEBUG com.sinosoft.test.base.TestBase:272 - 系统窗口【黄河财险业务系统】with handle -bd573043-38a1-42cd-b2de-e493904bc31b
2020/07/14 10:17:00:774 DEBUG com.sinosoft.test.base.TestBase:272 - 系统窗口【黄河财险业务系统】with handle -bd573043-38a1-42cd-b2de-e493904bc31b
2020/07/14 10:17:01:406 DEBUG com.sinosoft.test.base.TestBase:272 - 系统窗口【Code Select】with handle -9802846b-1448-4660-bfbb-ddb544bd37c2
2020/07/14 10:17:01:917 DEBUG com.sinosoft.test.base.TestBase:69 - 初始化class com.sinosoft.test.fccp.common.CodeSelectPage
2020/07/14 10:17:01:917 DEBUG com.sinosoft.test.base.TestBase:39 - 基础码表选择！
2020/07/14 10:17:01:917 DEBUG com.sinosoft.test.base.TestBase:76 - Trying to find Element By : By.name: fieldValue
2020/07/14 10:17:02:193 DEBUG com.sinosoft.test.base.TestBase:80 - Found Element By : By.name: fieldValue
2020/07/14 10:17:02:194  INFO com.sinosoft.test.base.TestBase:360 - setEditboxValue:[[InternetExplorerDriver: internet explorer on WINDOWS (0442c62f-d207-464f-a903-6bb6a7051a17)] -> name: fieldValue]：2
2020/07/14 10:17:03:232  INFO com.sinosoft.test.base.TestBase:363 - setEditboxValue—End:[[InternetExplorerDriver: internet explorer on WINDOWS (0442c62f-d207-464f-a903-6bb6a7051a17)] -> name: fieldValue]：2
2020/07/14 10:17:03:233 DEBUG com.sinosoft.test.base.TestBase:76 - Trying to find Element By : By.xpath: //input[@value='查询(Q)']
2020/07/14 10:17:03:519 DEBUG com.sinosoft.test.base.TestBase:80 - Found Element By : By.xpath: //input[@value='查询(Q)']
2020/07/14 10:17:03:520  INFO com.sinosoft.test.base.TestBase:402 - clickButton:[[InternetExplorerDriver: internet explorer on WINDOWS (0442c62f-d207-464f-a903-6bb6a7051a17)] -> xpath: //input[@value='查询(Q)']]
2020/07/14 10:17:03:520 DEBUG com.sinosoft.test.base.TestBase:42 - Trying to click on: [[InternetExplorerDriver: internet explorer on WINDOWS (0442c62f-d207-464f-a903-6bb6a7051a17)] -> xpath: //input[@value='查询(Q)']]
2020/07/14 10:17:05:110 DEBUG com.sinosoft.test.base.TestBase:46 - Clicked on: [[InternetExplorerDriver: internet explorer on WINDOWS (0442c62f-d207-464f-a903-6bb6a7051a17)] -> xpath: //input[@value='查询(Q)']]
2020/07/14 10:17:05:111 DEBUG com.sinosoft.test.base.TestBase:76 - Trying to find Element By : By.name: codeselect
2020/07/14 10:17:05:395 DEBUG com.sinosoft.test.base.TestBase:80 - Found Element By : By.name: codeselect
2020/07/14 10:17:05:396  INFO com.sinosoft.test.base.TestBase:132 - setFuzzySelect:[[InternetExplorerDriver: internet explorer on WINDOWS (0442c62f-d207-464f-a903-6bb6a7051a17)] -> name: codeselect]->2
2020/07/14 10:17:05:933 DEBUG com.sinosoft.test.base.TestBase:76 - Trying to find Element By : By.tagName: option
2020/07/14 10:17:06:232 DEBUG com.sinosoft.test.base.TestBase:80 - Found Element By : By.tagName: option
2020/07/14 10:17:06:518  INFO com.sinosoft.test.base.TestBase:142 - 找到匹配【2】的选项：2--月比例
2020/07/14 10:17:06:519 DEBUG com.sinosoft.test.base.TestBase:76 - Trying to find Element By : By.xpath: .//option[normalize-space(.) = "2--月比例"]
2020/07/14 10:17:06:817 DEBUG com.sinosoft.test.base.TestBase:80 - Found Element By : By.xpath: .//option[normalize-space(.) = "2--月比例"]
2020/07/14 10:17:07:098 DEBUG com.sinosoft.test.base.TestBase:42 - Trying to click on: [[[[InternetExplorerDriver: internet explorer on WINDOWS (0442c62f-d207-464f-a903-6bb6a7051a17)] -> name: codeselect]] -> xpath: .//option[normalize-space(.) = "2--月比例"]]
2020/07/14 10:17:07:471 DEBUG com.sinosoft.test.base.TestBase:46 - Clicked on: [[[[InternetExplorerDriver: internet explorer on WINDOWS (0442c62f-d207-464f-a903-6bb6a7051a17)] -> name: codeselect]] -> xpath: .//option[normalize-space(.) = "2--月比例"]]
2020/07/14 10:17:07:472 DEBUG com.sinosoft.test.base.TestBase:151 - setFuzzySelect 结束！
2020/07/14 10:17:07:472 DEBUG com.sinosoft.test.base.TestBase:76 - Trying to find Element By : By.name: SelectIt
2020/07/14 10:17:07:743 DEBUG com.sinosoft.test.base.TestBase:80 - Found Element By : By.name: SelectIt
2020/07/14 10:17:07:743  INFO com.sinosoft.test.base.TestBase:416 - jsClickButton:[[InternetExplorerDriver: internet explorer on WINDOWS (0442c62f-d207-464f-a903-6bb6a7051a17)] -> name: SelectIt]
2020/07/14 10:17:07:743  INFO com.sinosoft.test.base.TestBase:144 - RunJavaScript:[[InternetExplorerDriver: internet explorer on WINDOWS (0442c62f-d207-464f-a903-6bb6a7051a17)] -> name: SelectIt]	arguments[0].click();
2020/07/14 10:17:08:470 DEBUG com.sinosoft.test.base.TestBase:272 - 系统窗口【黄河财险业务系统】with handle -bd573043-38a1-42cd-b2de-e493904bc31b
2020/07/14 10:17:13:381 DEBUG com.sinosoft.test.base.TestBase:76 - Trying to find Element By : By.xpath: //table[@id='ItemPropertyDetailKind']/tbody/tr/td/input[@name='GuItemKindShortRateFlag']
2020/07/14 10:17:13:420 DEBUG com.sinosoft.test.base.TestBase:80 - Found Element By : By.xpath: //table[@id='ItemPropertyDetailKind']/tbody/tr/td/input[@name='GuItemKindShortRateFlag']
2020/07/14 10:17:13:421 DEBUG com.sinosoft.test.base.TestBase:49 - CodeSelect:设置完毕[[InternetExplorerDriver: internet explorer on WINDOWS (0442c62f-d207-464f-a903-6bb6a7051a17)] -> xpath: //table[@id='ItemPropertyDetailKind']/tbody/tr/td/input[@name='GuItemKindShortRateFlag']] & Code=2
2020/07/14 10:17:13:421 DEBUG com.sinosoft.test.base.TestBase:76 - Trying to find Element By : By.xpath: //table[@id='ItemPropertyDetailKind']/tbody/tr/td/input[@name='GuItemKindGrossPremium']
2020/07/14 10:17:13:444 DEBUG com.sinosoft.test.base.TestBase:80 - Found Element By : By.xpath: //table[@id='ItemPropertyDetailKind']/tbody/tr/td/input[@name='GuItemKindGrossPremium']
2020/07/14 10:17:13:444  INFO com.sinosoft.test.base.TestBase:388 - setEditboxTValue:[[InternetExplorerDriver: internet explorer on WINDOWS (0442c62f-d207-464f-a903-6bb6a7051a17)] -> xpath: //table[@id='ItemPropertyDetailKind']/tbody/tr/td/input[@name='GuItemKindGrossPremium']]->600
2020/07/14 10:17:13:444 DEBUG com.sinosoft.test.base.TestBase:76 - Trying to find Element By : By.xpath: //table[@id='ItemPropertyDetailKind']/tbody/tr/td/input[@name='GuItemKindGrossPremium']
2020/07/14 10:17:13:503 DEBUG com.sinosoft.test.base.TestBase:80 - Found Element By : By.xpath: //table[@id='ItemPropertyDetailKind']/tbody/tr/td/input[@name='GuItemKindGrossPremium']
2020/07/14 10:17:13:894 DEBUG com.sinosoft.test.base.TestBase:76 - Trying to find Element By : By.xpath: //table[@id='ItemPropertyDetailKind']/tbody/tr/td/input[@name='GuItemKindGrossPremium']
2020/07/14 10:17:13:930 DEBUG com.sinosoft.test.base.TestBase:80 - Found Element By : By.xpath: //table[@id='ItemPropertyDetailKind']/tbody/tr/td/input[@name='GuItemKindGrossPremium']
2020/07/14 10:17:19:332 DEBUG com.sinosoft.test.base.TestBase:234 - 开始录入营业中断险！
2020/07/14 10:17:19:332 DEBUG com.sinosoft.test.base.TestBase:76 - Trying to find Element By : By.id: saveButton
2020/07/14 10:17:19:412 DEBUG com.sinosoft.test.base.TestBase:80 - Found Element By : By.id: saveButton
2020/07/14 10:17:19:413  INFO com.sinosoft.test.base.TestBase:402 - clickButton:[[InternetExplorerDriver: internet explorer on WINDOWS (0442c62f-d207-464f-a903-6bb6a7051a17)] -> id: saveButton]
2020/07/14 10:17:19:414 DEBUG com.sinosoft.test.base.TestBase:76 - Trying to find Element By : By.id: saveButton
2020/07/14 10:17:19:485 DEBUG com.sinosoft.test.base.TestBase:80 - Found Element By : By.id: saveButton
2020/07/14 10:17:19:485 DEBUG com.sinosoft.test.base.TestBase:42 - Trying to click on: [[InternetExplorerDriver: internet explorer on WINDOWS (0442c62f-d207-464f-a903-6bb6a7051a17)] -> id: saveButton]
2020/07/14 10:17:20:786 DEBUG com.sinosoft.test.base.TestBase:46 - Clicked on: [[InternetExplorerDriver: internet explorer on WINDOWS (0442c62f-d207-464f-a903-6bb6a7051a17)] -> id: saveButton]
2020/07/14 10:17:24:442 DEBUG com.sinosoft.test.base.TestBase:76 - Trying to find Element By : By.xpath: //td[text()='条款信息']
2020/07/14 10:17:24:509 DEBUG com.sinosoft.test.base.TestBase:80 - Found Element By : By.xpath: //td[text()='条款信息']
2020/07/14 10:17:24:509  INFO com.sinosoft.test.base.TestBase:402 - clickButton:[[InternetExplorerDriver: internet explorer on WINDOWS (0442c62f-d207-464f-a903-6bb6a7051a17)] -> xpath: //td[text()='条款信息']]
2020/07/14 10:17:24:509 DEBUG com.sinosoft.test.base.TestBase:42 - Trying to click on: [[InternetExplorerDriver: internet explorer on WINDOWS (0442c62f-d207-464f-a903-6bb6a7051a17)] -> xpath: //td[text()='条款信息']]
2020/07/14 10:17:26:599 DEBUG com.sinosoft.test.base.TestBase:46 - Clicked on: [[InternetExplorerDriver: internet explorer on WINDOWS (0442c62f-d207-464f-a903-6bb6a7051a17)] -> xpath: //td[text()='条款信息']]
2020/07/14 10:17:31:360 DEBUG com.sinosoft.test.base.TestBase:69 - 初始化class com.sinosoft.test.fccp.tbcl.RiskDetail_TermsPage
2020/07/14 10:17:36:106 DEBUG com.sinosoft.test.base.TestBase:76 - Trying to find Element By : By.id: saveButton
2020/07/14 10:17:36:141 DEBUG com.sinosoft.test.base.TestBase:80 - Found Element By : By.id: saveButton
2020/07/14 10:17:36:141  INFO com.sinosoft.test.base.TestBase:402 - clickButton:[[InternetExplorerDriver: internet explorer on WINDOWS (0442c62f-d207-464f-a903-6bb6a7051a17)] -> id: saveButton]
2020/07/14 10:17:36:141 DEBUG com.sinosoft.test.base.TestBase:76 - Trying to find Element By : By.id: saveButton
2020/07/14 10:17:36:202 DEBUG com.sinosoft.test.base.TestBase:80 - Found Element By : By.id: saveButton
2020/07/14 10:17:36:202 DEBUG com.sinosoft.test.base.TestBase:42 - Trying to click on: [[InternetExplorerDriver: internet explorer on WINDOWS (0442c62f-d207-464f-a903-6bb6a7051a17)] -> id: saveButton]
2020/07/14 10:17:37:265 DEBUG com.sinosoft.test.base.TestBase:46 - Clicked on: [[InternetExplorerDriver: internet explorer on WINDOWS (0442c62f-d207-464f-a903-6bb6a7051a17)] -> id: saveButton]
2020/07/14 10:17:37:602 DEBUG com.sinosoft.test.base.TestBase:76 - Trying to find Element By : By.xpath: //td[text()='保单费用信息']
2020/07/14 10:17:37:660 DEBUG com.sinosoft.test.base.TestBase:80 - Found Element By : By.xpath: //td[text()='保单费用信息']
2020/07/14 10:17:37:660  INFO com.sinosoft.test.base.TestBase:416 - jsClickButton:[[InternetExplorerDriver: internet explorer on WINDOWS (0442c62f-d207-464f-a903-6bb6a7051a17)] -> xpath: //td[text()='保单费用信息']]
2020/07/14 10:17:37:660  INFO com.sinosoft.test.base.TestBase:144 - RunJavaScript:[[InternetExplorerDriver: internet explorer on WINDOWS (0442c62f-d207-464f-a903-6bb6a7051a17)] -> xpath: //td[text()='保单费用信息']]	arguments[0].click();
2020/07/14 10:17:38:701 DEBUG com.sinosoft.test.base.TestBase:69 - 初始化class com.sinosoft.test.fccp.tbcl.PolicyFeePage
2020/07/14 10:17:38:701 DEBUG com.sinosoft.test.base.TestBase:36 - 初始化PolicyFeePage：
2020/07/14 10:17:41:336 DEBUG com.sinosoft.test.base.TestBase:76 - Trying to find Element By : By.name: GuMainXsfInd
2020/07/14 10:17:41:371 DEBUG com.sinosoft.test.base.TestBase:80 - Found Element By : By.name: GuMainXsfInd
2020/07/14 10:17:41:372 DEBUG com.sinosoft.test.base.TestBase:76 - Trying to find Element By : By.name: GuMainFsh
2020/07/14 10:17:41:406 DEBUG com.sinosoft.test.base.TestBase:80 - Found Element By : By.name: GuMainFsh
2020/07/14 10:17:41:407  INFO com.sinosoft.test.base.TestBase:388 - setEditboxTValue:[[InternetExplorerDriver: internet explorer on WINDOWS (0442c62f-d207-464f-a903-6bb6a7051a17)] -> name: GuMainFsh]->5
2020/07/14 10:17:41:407 DEBUG com.sinosoft.test.base.TestBase:76 - Trying to find Element By : By.name: GuMainFsh
2020/07/14 10:17:41:455 DEBUG com.sinosoft.test.base.TestBase:80 - Found Element By : By.name: GuMainFsh
2020/07/14 10:17:41:678 DEBUG com.sinosoft.test.base.TestBase:76 - Trying to find Element By : By.name: GuMainFsh
2020/07/14 10:17:41:726 DEBUG com.sinosoft.test.base.TestBase:80 - Found Element By : By.name: GuMainFsh
2020/07/14 10:17:47:032 DEBUG com.sinosoft.test.base.TestBase:42 - CodeSelect:开始设置[[InternetExplorerDriver: internet explorer on WINDOWS (0442c62f-d207-464f-a903-6bb6a7051a17)] -> name: GuMainXsfInd] & Code=A
2020/07/14 10:17:48:115 DEBUG com.sinosoft.test.base.TestBase:272 - 系统窗口【黄河财险业务系统】with handle -bd573043-38a1-42cd-b2de-e493904bc31b
2020/07/14 10:17:48:767 DEBUG com.sinosoft.test.base.TestBase:272 - 系统窗口【黄河财险业务系统】with handle -bd573043-38a1-42cd-b2de-e493904bc31b
2020/07/14 10:17:49:398 DEBUG com.sinosoft.test.base.TestBase:272 - 系统窗口【Code Select】with handle -4a2f514e-bd00-484f-8136-c8cc89b43492
2020/07/14 10:17:49:910 DEBUG com.sinosoft.test.base.TestBase:69 - 初始化class com.sinosoft.test.fccp.common.CodeSelectPage
2020/07/14 10:17:49:910 DEBUG com.sinosoft.test.base.TestBase:39 - 基础码表选择！
2020/07/14 10:17:49:910 DEBUG com.sinosoft.test.base.TestBase:76 - Trying to find Element By : By.name: fieldValue
2020/07/14 10:17:50:183 DEBUG com.sinosoft.test.base.TestBase:80 - Found Element By : By.name: fieldValue
2020/07/14 10:17:50:183  INFO com.sinosoft.test.base.TestBase:360 - setEditboxValue:[[InternetExplorerDriver: internet explorer on WINDOWS (0442c62f-d207-464f-a903-6bb6a7051a17)] -> name: fieldValue]：A
2020/07/14 10:17:51:169  INFO com.sinosoft.test.base.TestBase:363 - setEditboxValue—End:[[InternetExplorerDriver: internet explorer on WINDOWS (0442c62f-d207-464f-a903-6bb6a7051a17)] -> name: fieldValue]：A
2020/07/14 10:17:51:169 DEBUG com.sinosoft.test.base.TestBase:76 - Trying to find Element By : By.xpath: //input[@value='查询(Q)']
2020/07/14 10:17:51:446 DEBUG com.sinosoft.test.base.TestBase:80 - Found Element By : By.xpath: //input[@value='查询(Q)']
2020/07/14 10:17:51:447  INFO com.sinosoft.test.base.TestBase:402 - clickButton:[[InternetExplorerDriver: internet explorer on WINDOWS (0442c62f-d207-464f-a903-6bb6a7051a17)] -> xpath: //input[@value='查询(Q)']]
2020/07/14 10:17:51:447 DEBUG com.sinosoft.test.base.TestBase:42 - Trying to click on: [[InternetExplorerDriver: internet explorer on WINDOWS (0442c62f-d207-464f-a903-6bb6a7051a17)] -> xpath: //input[@value='查询(Q)']]
2020/07/14 10:17:53:004 DEBUG com.sinosoft.test.base.TestBase:46 - Clicked on: [[InternetExplorerDriver: internet explorer on WINDOWS (0442c62f-d207-464f-a903-6bb6a7051a17)] -> xpath: //input[@value='查询(Q)']]
2020/07/14 10:17:53:004 DEBUG com.sinosoft.test.base.TestBase:76 - Trying to find Element By : By.name: codeselect
2020/07/14 10:17:53:287 DEBUG com.sinosoft.test.base.TestBase:80 - Found Element By : By.name: codeselect
2020/07/14 10:17:53:288  INFO com.sinosoft.test.base.TestBase:132 - setFuzzySelect:[[InternetExplorerDriver: internet explorer on WINDOWS (0442c62f-d207-464f-a903-6bb6a7051a17)] -> name: codeselect]->A
2020/07/14 10:17:53:827 DEBUG com.sinosoft.test.base.TestBase:76 - Trying to find Element By : By.tagName: option
2020/07/14 10:17:54:120 DEBUG com.sinosoft.test.base.TestBase:80 - Found Element By : By.tagName: option
2020/07/14 10:17:54:406  INFO com.sinosoft.test.base.TestBase:142 - 找到匹配【A】的选项：A
2020/07/14 10:17:54:406 DEBUG com.sinosoft.test.base.TestBase:76 - Trying to find Element By : By.xpath: .//option[normalize-space(.) = "A"]
2020/07/14 10:17:54:696 DEBUG com.sinosoft.test.base.TestBase:80 - Found Element By : By.xpath: .//option[normalize-space(.) = "A"]
2020/07/14 10:17:54:977 DEBUG com.sinosoft.test.base.TestBase:42 - Trying to click on: [[[[InternetExplorerDriver: internet explorer on WINDOWS (0442c62f-d207-464f-a903-6bb6a7051a17)] -> name: codeselect]] -> xpath: .//option[normalize-space(.) = "A"]]
2020/07/14 10:17:55:333 DEBUG com.sinosoft.test.base.TestBase:46 - Clicked on: [[[[InternetExplorerDriver: internet explorer on WINDOWS (0442c62f-d207-464f-a903-6bb6a7051a17)] -> name: codeselect]] -> xpath: .//option[normalize-space(.) = "A"]]
2020/07/14 10:17:55:333 DEBUG com.sinosoft.test.base.TestBase:151 - setFuzzySelect 结束！
2020/07/14 10:17:55:334 DEBUG com.sinosoft.test.base.TestBase:76 - Trying to find Element By : By.name: SelectIt
2020/07/14 10:17:55:603 DEBUG com.sinosoft.test.base.TestBase:80 - Found Element By : By.name: SelectIt
2020/07/14 10:17:55:603  INFO com.sinosoft.test.base.TestBase:416 - jsClickButton:[[InternetExplorerDriver: internet explorer on WINDOWS (0442c62f-d207-464f-a903-6bb6a7051a17)] -> name: SelectIt]
2020/07/14 10:17:55:603  INFO com.sinosoft.test.base.TestBase:144 - RunJavaScript:[[InternetExplorerDriver: internet explorer on WINDOWS (0442c62f-d207-464f-a903-6bb6a7051a17)] -> name: SelectIt]	arguments[0].click();
2020/07/14 10:17:56:273 DEBUG com.sinosoft.test.base.TestBase:272 - 系统窗口【黄河财险业务系统】with handle -bd573043-38a1-42cd-b2de-e493904bc31b
2020/07/14 10:17:58:946 DEBUG com.sinosoft.test.base.TestBase:49 - CodeSelect:设置完毕[[InternetExplorerDriver: internet explorer on WINDOWS (0442c62f-d207-464f-a903-6bb6a7051a17)] -> name: GuMainXsfInd] & Code=A
2020/07/14 10:17:58:947 DEBUG com.sinosoft.test.base.TestBase:76 - Trying to find Element By : By.name: GuMainAdjustRate
2020/07/14 10:17:58:982 DEBUG com.sinosoft.test.base.TestBase:80 - Found Element By : By.name: GuMainAdjustRate
2020/07/14 10:17:58:982  INFO com.sinosoft.test.base.TestBase:360 - setEditboxValue:[[InternetExplorerDriver: internet explorer on WINDOWS (0442c62f-d207-464f-a903-6bb6a7051a17)] -> name: GuMainAdjustRate]：2
2020/07/14 10:17:58:982 DEBUG com.sinosoft.test.base.TestBase:76 - Trying to find Element By : By.name: GuMainAdjustRate
2020/07/14 10:17:59:031 DEBUG com.sinosoft.test.base.TestBase:80 - Found Element By : By.name: GuMainAdjustRate
2020/07/14 10:17:59:224 DEBUG com.sinosoft.test.base.TestBase:76 - Trying to find Element By : By.name: GuMainAdjustRate
2020/07/14 10:17:59:258 DEBUG com.sinosoft.test.base.TestBase:80 - Found Element By : By.name: GuMainAdjustRate
2020/07/14 10:17:59:535 DEBUG com.sinosoft.test.base.TestBase:76 - Trying to find Element By : By.name: GuMainAdjustRate
2020/07/14 10:17:59:562 DEBUG com.sinosoft.test.base.TestBase:80 - Found Element By : By.name: GuMainAdjustRate
2020/07/14 10:17:59:562  INFO com.sinosoft.test.base.TestBase:363 - setEditboxValue—End:[[InternetExplorerDriver: internet explorer on WINDOWS (0442c62f-d207-464f-a903-6bb6a7051a17)] -> name: GuMainAdjustRate]：2
2020/07/14 10:17:59:562 DEBUG com.sinosoft.test.base.TestBase:76 - Trying to find Element By : By.id: saveButton
2020/07/14 10:17:59:607 DEBUG com.sinosoft.test.base.TestBase:80 - Found Element By : By.id: saveButton
2020/07/14 10:17:59:608  INFO com.sinosoft.test.base.TestBase:402 - clickButton:[[InternetExplorerDriver: internet explorer on WINDOWS (0442c62f-d207-464f-a903-6bb6a7051a17)] -> id: saveButton]
2020/07/14 10:17:59:608 DEBUG com.sinosoft.test.base.TestBase:76 - Trying to find Element By : By.id: saveButton
2020/07/14 10:17:59:647 DEBUG com.sinosoft.test.base.TestBase:80 - Found Element By : By.id: saveButton
2020/07/14 10:17:59:647 DEBUG com.sinosoft.test.base.TestBase:42 - Trying to click on: [[InternetExplorerDriver: internet explorer on WINDOWS (0442c62f-d207-464f-a903-6bb6a7051a17)] -> id: saveButton]
2020/07/14 10:18:01:798 DEBUG com.sinosoft.test.base.TestBase:46 - Clicked on: [[InternetExplorerDriver: internet explorer on WINDOWS (0442c62f-d207-464f-a903-6bb6a7051a17)] -> id: saveButton]
2020/07/14 10:18:02:260  INFO com.sinosoft.test.base.TestBase:51 - 开始点击提交复核按钮
2020/07/14 10:18:02:260 DEBUG com.sinosoft.test.base.TestBase:76 - Trying to find Element By : By.name: Save
2020/07/14 10:18:02:296 DEBUG com.sinosoft.test.base.TestBase:80 - Found Element By : By.name: Save
2020/07/14 10:18:02:296  INFO com.sinosoft.test.base.TestBase:416 - jsClickButton:[[InternetExplorerDriver: internet explorer on WINDOWS (0442c62f-d207-464f-a903-6bb6a7051a17)] -> name: Save]
2020/07/14 10:18:02:296 DEBUG com.sinosoft.test.base.TestBase:76 - Trying to find Element By : By.name: Save
2020/07/14 10:18:02:330 DEBUG com.sinosoft.test.base.TestBase:80 - Found Element By : By.name: Save
2020/07/14 10:18:02:331  INFO com.sinosoft.test.base.TestBase:144 - RunJavaScript:[[InternetExplorerDriver: internet explorer on WINDOWS (0442c62f-d207-464f-a903-6bb6a7051a17)] -> name: Save]	arguments[0].click();
2020/07/14 10:18:02:331 DEBUG com.sinosoft.test.base.TestBase:76 - Trying to find Element By : By.name: Save
2020/07/14 10:18:02:378 DEBUG com.sinosoft.test.base.TestBase:80 - Found Element By : By.name: Save
2020/07/14 10:18:03:184  INFO com.sinosoft.test.base.TestBase:53 - 点击复核完毕！
2020/07/14 10:18:08:731  INFO com.sinosoft.test.base.TestBase:55 - 返回的窗口标题：
2020/07/14 10:18:08:732 DEBUG com.sinosoft.test.base.TestBase:88 - 截屏文件名字是：FCCB_TB_JCX_2_提交复核结果
2020/07/14 10:18:08:816 DEBUG com.sinosoft.test.base.TestBase:69 - 初始化class com.sinosoft.test.fccp.tbcl.SubmitReviewResult
2020/07/14 10:18:09:126 DEBUG com.sinosoft.test.base.TestBase:76 - Trying to find Element By : By.name: GuProposalProposalNo
2020/07/14 10:18:09:184 DEBUG com.sinosoft.test.base.TestBase:80 - Found Element By : By.name: GuProposalProposalNo
2020/07/14 10:18:09:185 DEBUG com.sinosoft.test.base.TestBase:76 - Trying to find Element By : By.xpath: ..
2020/07/14 10:18:09:260 DEBUG com.sinosoft.test.base.TestBase:80 - Found Element By : By.xpath: ..
2020/07/14 10:18:09:295 DEBUG com.sinosoft.test.base.TestBase:115 - 提交结果:_投保单号码 06201890122202000000000005  状态为: 待双核审核
2020/07/14 10:18:09:296  INFO com.sinosoft.test.base.TestBase:132 - 进入Finally事件:RowID:2
2020/07/14 10:18:09:296  INFO com.sinosoft.test.base.TestBase:133 - 进入Finally事件:testCaseName:FCCB_TBCL
2020/07/14 10:18:09:296  INFO com.sinosoft.test.base.TestBase:134 - 进入Finally事件:proposalNumber:06201890122202000000000005
2020/07/14 10:18:09:296  INFO com.sinosoft.test.base.TestBase:135 - 进入Finally事件:message:未知异常Currently focused window has been closed.
Build info: version: '3.9.0', revision: '698b3178f0', time: '2018-02-05T14:26:55.441Z'
System info: host: 'DESKTOP-I9S3ABE', ip: '100.100.96.220', os.name: 'Windows 10', os.arch: 'amd64', os.version: '10.0', java.version: '1.8.0_101'
Driver info: org.openqa.selenium.ie.InternetExplorerDriver
Capabilities {acceptInsecureCerts: false, browserName: internet explorer, browserVersion: 11, javascriptEnabled: true, pageLoadStrategy: normal, platform: WINDOWS, platformName: WINDOWS, proxy: Proxy(), se:ieOptions: {browserAttachTimeout: 0, elementScrollBehavior: 0, enablePersistentHover: true, ie.browserCommandLineSwitches: , ie.ensureCleanSession: false, ie.fileUploadDialogTimeout: 3000, ie.forceCreateProcessApi: false, ignoreProtectedModeSettings: true, ignoreZoomSetting: false, initialBrowserUrl: http://localhost:48130/, nativeEvents: true, requireWindowFocus: false}, setWindowRect: true, timeouts: {implicit: 0, pageLoad: 300000, script: 30000}, unhandledPromptBehavior: ignore}
Session ID: 7a56cff7-bff3-4e73-9241-177c580d1162
*** Element info: {Using=name, value=fieldValue}
2020/07/14 10:18:09:296  INFO com.sinosoft.test.base.TestBase:136 - 进入Finally事件:screenshot:
2020/07/14 10:18:09:542  INFO com.sinosoft.test.base.TestBase:91 - start InternetExplorerDriver
2020/07/14 10:18:11:554 DEBUG com.sinosoft.test.base.TestBase:69 - 初始化class com.sinosoft.test.util.WebEventListener
2020/07/14 10:18:11:570  INFO com.sinosoft.test.base.TestBase:80 - 开始运行测试脚本，获取到的测试数据《getTBCLTestData》如下:
2020/07/14 10:18:11:571  INFO com.sinosoft.test.base.TestBase:81 - ROW_ID=3
ProcessFlag=N
TestCaseName=FCCB_TB_GCX
TestCaseSeq=1
TestDescription=非车承保企财险-建工一切险-出单
riskClass=07
riskCode=0701
renewalInd=0
renewalPolicy=
prePay=
carrayOver=
carrayOverPolicy=
relatedInd=
relatedPolicy=
fbbs=
ywgs=01620190
qdlx=01
gdbs=6
xstd=T6201900101
ywy=S000000006
ywly=01010101
dljg=
xsxy=
cxywbs=YDW
cdjg=01
htzyjjfs=2
jnwbz=
jw_country=
jw_Addr=
snbz=
sftkbd=0
sfdzbd=0
sfxb=0
fxqkyjytz=
sfydyw=
sfsn=
xbbdh=
tbr_lx=1
tbr_mc=
tbr_vip=
tbr_dm=I11101757160
tbr_zjlx=
tbr_zjhm=
tbr_sj=
tbr_csrq=
tbr_lxdz=
tbr_dwdh=
lxr_xm=
lxr_xb=
lxr_zw=
lxr_sj=
lxr_yx=
xzsyfw=1
tqmc=
qbrq=
zbrq=
lgbbz=0
yyzdbz=
sfgxdm=1
cbdq=0001
zzfwlx=0
hydl=
hyxl=
jqbm=
bbdm=
sf=
cs=
qx=
yb=
jzdj=
bxcs=
bdw_jd=
bdw_yyxz=
bdw_sfhyf=
bdw_fxlx=
bdw_sbmc=
bdw_cjh=
bdw_fdjh=
bdw_cjdjrq=
bdw_cllx=
bdw_cpcx=
bdw_sccj=
bdw_gzjz=
bdw_sgzyqy=
bdw_zylx=
bdw=
bdwmx=
xbdm=
jrbe=
jzfs=
bxje=
bffl=
dqflbz=
ysbf=
yyzd_zdpcg=
yyzd_sndmlrze=
yyzd_sndyye=
yyzd_bdw=
yyzd_bdwmx=
yyzd_xbdm=
yyzd_jrbe=
yyzd_jzfs=
yyzd_bxje=
yyzd_bffl=
yyzd_dqflbz=
yyzd_ysbf=
fsh=5
xsfdj=A
xsfxs=2
jgx_sf=620000
jgx_cs=620100
jgx_qx=620102
jgx_gcdd=市政府家属院
jgx_bb=CNY
jgx_gcmc=市政府家属院污水改造工程
jgx_gclx_1=001
jgx_gclx_2=002
jgx_gclx_3=005
jgx_gclx_4=
jgx_gclx_5=006
jgx_gclx_6=007
jgx_yzssjt=0020
jgx_yz=00200001
jgx_cbs_ssjt=9999
jgx_cbs=99990018
jgx_gchth=JGX00020002001
jgx_gcjz=20000000
jgx_gcqsrq=20200301
jgx_gczzrq=20201231
jgx_gcfw=商业体开发及装修
jgx_scqqsrq=20200301
jgx_scqzzrq=20200331
jgx_bzqqsrq=20210101
jgx_bzqzzrq=20211231
jgx_ws_xmlbdm=070001
jgx_ws_jrbe=1
jgx_ws_bxje=20000000
jgx_ws_fl=4
jgx_ws_dqflbz=4
jgx_ws_ysbf=8000
jgx_sz_xbdm=0701034
jgx_sz_jrbe=1
jgx_sz_ljpcxe=10,000,000.00
jgx_sz_fv=2
jgx_sz_dqflbz=4
jgx_sz_ysbf=2000
proposalNumber=06201900701202000000000091
message=
screenshot=
testCaseName=FCCB_TBCL

2020/07/14 10:18:11:571  INFO com.sinosoft.test.base.TestBase:132 - 进入Finally事件:RowID:3
2020/07/14 10:18:11:571  INFO com.sinosoft.test.base.TestBase:133 - 进入Finally事件:testCaseName:FCCB_TBCL
2020/07/14 10:18:11:571  INFO com.sinosoft.test.base.TestBase:134 - 进入Finally事件:proposalNumber:06201900701202000000000091
2020/07/14 10:18:11:572  INFO com.sinosoft.test.base.TestBase:135 - 进入Finally事件:message:
2020/07/14 10:18:11:572  INFO com.sinosoft.test.base.TestBase:136 - 进入Finally事件:screenshot:
2020/07/14 10:18:11:714  INFO com.sinosoft.test.base.TestBase:91 - start InternetExplorerDriver
2020/07/14 10:18:13:519 DEBUG com.sinosoft.test.base.TestBase:69 - 初始化class com.sinosoft.test.util.WebEventListener
2020/07/14 10:18:13:534  INFO com.sinosoft.test.base.TestBase:80 - 开始运行测试脚本，获取到的测试数据《getTBCLTestData》如下:
2020/07/14 10:18:13:534  INFO com.sinosoft.test.base.TestBase:81 - ROW_ID=4
ProcessFlag=N
TestCaseName=FCCB_TB_JCX
TestCaseSeq=2
TestDescription=非车承保企财险-机器损坏保险-出单
riskClass=01
riskCode=0107
renewalInd=0
renewalPolicy=
prePay=
carrayOver=
carrayOverPolicy=
relatedInd=
relatedPolicy=
fbbs=
ywgs=01620189
qdlx=04
gdbs=0
xstd=T6209880101
ywy=S000000029
ywly=01010101
dljg=
xsxy=
cxywbs=HXXT
cdjg=
htzyjjfs=
jnwbz=
jw_country=
jw_Addr=
snbz=
sftkbd=0
sfdzbd=0
sfxb=0
fxqkyjytz=
sfydyw=
sfsn=
xbbdh=
tbr_lx=2
tbr_mc=
tbr_vip=
tbr_dm=G6200019984
tbr_zjlx=
tbr_zjhm=
tbr_sj=
tbr_csrq=
tbr_lxdz=
tbr_dwdh=010-67549095-455
lxr_xm=
lxr_xb=
lxr_zw=
lxr_sj=
lxr_yx=
xzsyfw=1
tqmc=
qbrq=
zbrq=
lgbbz=0
yyzdbz=0
sfgxdm=1
cbdq=
zzfwlx=2
hydl=03
hyxl=03006
jqbm=121121123123
bbdm=CNY
sf=130000
cs=130300
qx=130302
yb=065201
jzdj=01
bxcs=北戴河公园
bdw_jd=西城区月坛街道
bdw_yyxz=01
bdw_sfhyf=0
bdw_fxlx=03
bdw_sbmc=
bdw_cjh=
bdw_fdjh=
bdw_cjdjrq=
bdw_cllx=
bdw_cpcx=
bdw_sccj=
bdw_gzjz=
bdw_sgzyqy=
bdw_zylx=
bdw=010007
bdwmx=
xbdm=0107001
jrbe=1
jzfs=09
bxje=2000000
bffl=0.5
dqflbz=2
ysbf=8000
yyzd_zdpcg=
yyzd_sndmlrze=
yyzd_sndyye=
yyzd_bdw=
yyzd_bdwmx=
yyzd_xbdm=
yyzd_jrbe=
yyzd_jzfs=
yyzd_bxje=
yyzd_bffl=
yyzd_dqflbz=
yyzd_ysbf=
fsh=5
xsfdj=A
xsfxs=2
jgx_sf=
jgx_cs=
jgx_qx=
jgx_gcdd=
jgx_bb=
jgx_gcmc=
jgx_gclx_1=
jgx_gclx_2=
jgx_gclx_3=
jgx_gclx_4=
jgx_gclx_5=
jgx_gclx_6=
jgx_yzssjt=
jgx_yz=
jgx_cbs_ssjt=
jgx_cbs=
jgx_gchth=
jgx_gcjz=
jgx_gcqsrq=
jgx_gczzrq=
jgx_gcfw=
jgx_scqqsrq=
jgx_scqzzrq=
jgx_bzqqsrq=
jgx_bzqzzrq=
jgx_ws_xmlbdm=
jgx_ws_jrbe=
jgx_ws_bxje=
jgx_ws_fl=
jgx_ws_dqflbz=
jgx_ws_ysbf=
jgx_sz_xbdm=
jgx_sz_jrbe=
jgx_sz_ljpcxe=
jgx_sz_fv=
jgx_sz_dqflbz=
jgx_sz_ysbf=
proposalNumber=06201890107202000000000005
message=未知异常Currently focused window has been closed.
Build info: version: '3.9.0', revision: '698b3178f0', time: '2018-02-05T14:26:55.441Z'
System info: host: 'DESKTOP-I9S3ABE', ip: '100.100.93.42', os.name: 'Windows 10', os.arch: 'amd64', os.version: '10.0', java.version: '1.8.0_101'
Driver info: org.openqa.selenium.ie.InternetExplorerDriver
Capabilities {acceptInsecureCerts: false, browserName: internet explorer, browserVersion: 11, javascriptEnabled: true, pageLoadStrategy: normal, platform: WINDOWS, platformName: WINDOWS, proxy: Proxy(), se:ieOptions: {browserAttachTimeout: 0, elementScrollBehavior: 0, enablePersistentHover: true, ie.browserCommandLineSwitches: , ie.ensureCleanSession: false, ie.fileUploadDialogTimeout: 3000, ie.forceCreateProcessApi: false, ignoreProtectedModeSettings: true, ignoreZoomSetting: false, initialBrowserUrl: http://localhost:15976/, nativeEvents: true, requireWindowFocus: false}, setWindowRect: true, timeouts: {implicit: 0, pageLoad: 300000, script: 30000}, unhandledPromptBehavior: ignore}
Session ID: a4ddda5b-3c22-4027-b7dd-dd77604460c0
*** Element info: {Using=name, value=codeselect}
screenshot=
testCaseName=FCCB_TBCL

2020/07/14 10:18:13:534  INFO com.sinosoft.test.base.TestBase:132 - 进入Finally事件:RowID:4
2020/07/14 10:18:13:534  INFO com.sinosoft.test.base.TestBase:133 - 进入Finally事件:testCaseName:FCCB_TBCL
2020/07/14 10:18:13:535  INFO com.sinosoft.test.base.TestBase:134 - 进入Finally事件:proposalNumber:06201890107202000000000005
2020/07/14 10:18:13:535  INFO com.sinosoft.test.base.TestBase:135 - 进入Finally事件:message:未知异常Currently focused window has been closed.
Build info: version: '3.9.0', revision: '698b3178f0', time: '2018-02-05T14:26:55.441Z'
System info: host: 'DESKTOP-I9S3ABE', ip: '100.100.93.42', os.name: 'Windows 10', os.arch: 'amd64', os.version: '10.0', java.version: '1.8.0_101'
Driver info: org.openqa.selenium.ie.InternetExplorerDriver
Capabilities {acceptInsecureCerts: false, browserName: internet explorer, browserVersion: 11, javascriptEnabled: true, pageLoadStrategy: normal, platform: WINDOWS, platformName: WINDOWS, proxy: Proxy(), se:ieOptions: {browserAttachTimeout: 0, elementScrollBehavior: 0, enablePersistentHover: true, ie.browserCommandLineSwitches: , ie.ensureCleanSession: false, ie.fileUploadDialogTimeout: 3000, ie.forceCreateProcessApi: false, ignoreProtectedModeSettings: true, ignoreZoomSetting: false, initialBrowserUrl: http://localhost:15976/, nativeEvents: true, requireWindowFocus: false}, setWindowRect: true, timeouts: {implicit: 0, pageLoad: 300000, script: 30000}, unhandledPromptBehavior: ignore}
Session ID: a4ddda5b-3c22-4027-b7dd-dd77604460c0
*** Element info: {Using=name, value=codeselect}
2020/07/14 10:18:13:535  INFO com.sinosoft.test.base.TestBase:136 - 进入Finally事件:screenshot:
2020/07/14 10:18:13:651  INFO com.sinosoft.test.base.TestBase:91 - start InternetExplorerDriver
2020/07/14 10:18:15:473 DEBUG com.sinosoft.test.base.TestBase:69 - 初始化class com.sinosoft.test.util.WebEventListener
2020/07/14 10:18:15:487  INFO com.sinosoft.test.base.TestBase:80 - 开始运行测试脚本，获取到的测试数据《getTBCLTestData》如下:
2020/07/14 10:18:15:487  INFO com.sinosoft.test.base.TestBase:81 - ROW_ID=5
ProcessFlag=N
TestCaseName=FCCB_TB_JCX
TestCaseSeq=1
TestDescription=非车承保企财险-财产基本险-出单
riskClass=01
riskCode=0101
renewalInd=0
renewalPolicy=
prePay=
carrayOver=
carrayOverPolicy=
relatedInd=
relatedPolicy=
fbbs=
ywgs=01620189
qdlx=04
gdbs=0
xstd=T6209880101
ywy=S000000029
ywly=01010101
dljg=
xsxy=
cxywbs=HXXT
cdjg=
htzyjjfs=
jnwbz=
jw_country=
jw_Addr=
snbz=
sftkbd=0
sfdzbd=0
sfxb=0
fxqkyjytz=
sfydyw=
sfsn=
xbbdh=
tbr_lx=2
tbr_mc=
tbr_vip=
tbr_dm=G6200019603
tbr_zjlx=
tbr_zjhm=
tbr_sj=
tbr_csrq=
tbr_lxdz=
tbr_dwdh=010-67549095-456
lxr_xm=
lxr_xb=
lxr_zw=
lxr_sj=
lxr_yx=
xzsyfw=1
tqmc=
qbrq=
zbrq=
lgbbz=1
yyzdbz=1
sfgxdm=1
cbdq=
zzfwlx=0
hydl=12
hyxl=12006
jqbm=121121123123
bbdm=CNY
sf=130000
cs=130300
qx=130302
yb=065201
jzdj=01
bxcs=北戴河公园
bdw_jd=金融街街道
bdw_yyxz=
bdw_sfhyf=
bdw_fxlx=
bdw_sbmc=
bdw_cjh=
bdw_fdjh=
bdw_cjdjrq=
bdw_cllx=
bdw_cpcx=
bdw_sccj=
bdw_gzjz=
bdw_sgzyqy=
bdw_zylx=
bdw=010001
bdwmx=碣石公园礁石群
xbdm=0101001
jrbe=1
jzfs=10
bxje=2000000
bffl=0.5
dqflbz=2
ysbf=400
yyzd_zdpcg=24
yyzd_sndmlrze=6000000
yyzd_sndyye=20000000
yyzd_bdw=010056
yyzd_bdwmx=
yyzd_xbdm=0105001
yyzd_jrbe=1
yyzd_jzfs=18
yyzd_bxje=200000
yyzd_bffl=3
yyzd_dqflbz=3
yyzd_ysbf=4000
fsh=6
xsfdj=B
xsfxs=2
jgx_sf=
jgx_cs=
jgx_qx=
jgx_gcdd=
jgx_bb=
jgx_gcmc=
jgx_gclx_1=
jgx_gclx_2=
jgx_gclx_3=
jgx_gclx_4=
jgx_gclx_5=
jgx_gclx_6=
jgx_yzssjt=
jgx_yz=
jgx_cbs_ssjt=
jgx_cbs=
jgx_gchth=
jgx_gcjz=
jgx_gcqsrq=
jgx_gczzrq=
jgx_gcfw=
jgx_scqqsrq=
jgx_scqzzrq=
jgx_bzqqsrq=
jgx_bzqzzrq=
jgx_ws_xmlbdm=
jgx_ws_jrbe=
jgx_ws_bxje=
jgx_ws_fl=
jgx_ws_dqflbz=
jgx_ws_ysbf=
jgx_sz_xbdm=
jgx_sz_jrbe=
jgx_sz_ljpcxe=
jgx_sz_fv=
jgx_sz_dqflbz=
jgx_sz_ysbf=
proposalNumber=06201890101202000000000224
message=未知异常No frame element found by name or id myFrame
Build info: version: '3.9.0', revision: '698b3178f0', time: '2018-02-05T14:26:55.441Z'
System info: host: 'DESKTOP-I9S3ABE', ip: '100.100.94.122', os.name: 'Windows 10', os.arch: 'amd64', os.version: '10.0', java.version: '1.8.0_101'
Driver info: driver.version: unknown
screenshot=C:\Users\liu-b\git\PageObjectModel\screenshots\FCCB_TB_JCX_1_异常截屏_20200713064216351.png
testCaseName=FCCB_TBCL

2020/07/14 10:18:15:487  INFO com.sinosoft.test.base.TestBase:132 - 进入Finally事件:RowID:5
2020/07/14 10:18:15:488  INFO com.sinosoft.test.base.TestBase:133 - 进入Finally事件:testCaseName:FCCB_TBCL
2020/07/14 10:18:15:488  INFO com.sinosoft.test.base.TestBase:134 - 进入Finally事件:proposalNumber:06201890101202000000000224
2020/07/14 10:18:15:488  INFO com.sinosoft.test.base.TestBase:135 - 进入Finally事件:message:未知异常No frame element found by name or id myFrame
Build info: version: '3.9.0', revision: '698b3178f0', time: '2018-02-05T14:26:55.441Z'
System info: host: 'DESKTOP-I9S3ABE', ip: '100.100.94.122', os.name: 'Windows 10', os.arch: 'amd64', os.version: '10.0', java.version: '1.8.0_101'
Driver info: driver.version: unknown
2020/07/14 10:18:15:488  INFO com.sinosoft.test.base.TestBase:136 - 进入Finally事件:screenshot:C:\Users\liu-b\git\PageObjectModel\screenshots\FCCB_TB_JCX_1_异常截屏_20200713064216351.png
2020/07/14 10:18:15:838 DEBUG freemarker.cache:45 - Couldn't find template in cache for "index.ftl"("en", UTF-8, parsed); will try to load it.
2020/07/14 10:18:15:839 DEBUG freemarker.cache:45 - TemplateLoader.findTemplateSource("index_en.ftl"): Not found
2020/07/14 10:18:15:842 DEBUG freemarker.cache:45 - TemplateLoader.findTemplateSource("index.ftl"): Found
2020/07/14 10:18:15:842 DEBUG freemarker.cache:45 - Loading template for "index.ftl"("en", UTF-8, parsed) from "jar:file:/C:/Users/liu-b/.m2/repository/com/aventstack/extentreports/3.1.3/extentreports-3.1.3.jar!/com/aventstack/extentreports/view/html-report/index.ftl"
2020/07/14 10:18:16:100 DEBUG freemarker.cache:45 - Couldn't find template in cache for "head.ftl"("en", UTF-8, parsed); will try to load it.
2020/07/14 10:18:16:101 DEBUG freemarker.cache:45 - TemplateLoader.findTemplateSource("head_en.ftl"): Not found
2020/07/14 10:18:16:102 DEBUG freemarker.cache:45 - TemplateLoader.findTemplateSource("head.ftl"): Found
2020/07/14 10:18:16:102 DEBUG freemarker.cache:45 - Loading template for "head.ftl"("en", UTF-8, parsed) from "jar:file:/C:/Users/liu-b/.m2/repository/com/aventstack/extentreports/3.1.3/extentreports-3.1.3.jar!/com/aventstack/extentreports/view/html-report/head.ftl"
2020/07/14 10:18:16:106 DEBUG freemarker.cache:45 - Couldn't find template in cache for "nav.ftl"("en", UTF-8, parsed); will try to load it.
2020/07/14 10:18:16:107 DEBUG freemarker.cache:45 - TemplateLoader.findTemplateSource("nav_en.ftl"): Not found
2020/07/14 10:18:16:107 DEBUG freemarker.cache:45 - TemplateLoader.findTemplateSource("nav.ftl"): Found
2020/07/14 10:18:16:107 DEBUG freemarker.cache:45 - Loading template for "nav.ftl"("en", UTF-8, parsed) from "jar:file:/C:/Users/liu-b/.m2/repository/com/aventstack/extentreports/3.1.3/extentreports-3.1.3.jar!/com/aventstack/extentreports/view/html-report/nav.ftl"
2020/07/14 10:18:16:119 DEBUG freemarker.cache:45 - Couldn't find template in cache for "test-view/test-view.ftl"("en", UTF-8, parsed); will try to load it.
2020/07/14 10:18:16:119 DEBUG freemarker.cache:45 - TemplateLoader.findTemplateSource("test-view/test-view_en.ftl"): Not found
2020/07/14 10:18:16:120 DEBUG freemarker.cache:45 - TemplateLoader.findTemplateSource("test-view/test-view.ftl"): Found
2020/07/14 10:18:16:120 DEBUG freemarker.cache:45 - Loading template for "test-view/test-view.ftl"("en", UTF-8, parsed) from "jar:file:/C:/Users/liu-b/.m2/repository/com/aventstack/extentreports/3.1.3/extentreports-3.1.3.jar!/com/aventstack/extentreports/view/html-report/test-view/test-view.ftl"
2020/07/14 10:18:16:131 DEBUG freemarker.cache:45 - Couldn't find template in cache for "test-view/test-view-charts.ftl"("en", UTF-8, parsed); will try to load it.
2020/07/14 10:18:16:132 DEBUG freemarker.cache:45 - TemplateLoader.findTemplateSource("test-view/test-view-charts_en.ftl"): Not found
2020/07/14 10:18:16:133 DEBUG freemarker.cache:45 - TemplateLoader.findTemplateSource("test-view/test-view-charts.ftl"): Found
2020/07/14 10:18:16:133 DEBUG freemarker.cache:45 - Loading template for "test-view/test-view-charts.ftl"("en", UTF-8, parsed) from "jar:file:/C:/Users/liu-b/.m2/repository/com/aventstack/extentreports/3.1.3/extentreports-3.1.3.jar!/com/aventstack/extentreports/view/html-report/test-view/test-view-charts.ftl"
2020/07/14 10:18:16:146 DEBUG freemarker.cache:45 - Couldn't find template in cache for "test-view/standard.ftl"("en", UTF-8, parsed); will try to load it.
2020/07/14 10:18:16:147 DEBUG freemarker.cache:45 - TemplateLoader.findTemplateSource("test-view/standard_en.ftl"): Not found
2020/07/14 10:18:16:147 DEBUG freemarker.cache:45 - TemplateLoader.findTemplateSource("test-view/standard.ftl"): Found
2020/07/14 10:18:16:148 DEBUG freemarker.cache:45 - Loading template for "test-view/standard.ftl"("en", UTF-8, parsed) from "jar:file:/C:/Users/liu-b/.m2/repository/com/aventstack/extentreports/3.1.3/extentreports-3.1.3.jar!/com/aventstack/extentreports/view/html-report/test-view/standard.ftl"
2020/07/14 10:18:16:165 DEBUG freemarker.cache:45 - "test-view/standard.ftl"("en", UTF-8, parsed) cached copy not yet stale; using cached.
2020/07/14 10:18:16:166 DEBUG freemarker.cache:45 - "test-view/standard.ftl"("en", UTF-8, parsed) cached copy not yet stale; using cached.
2020/07/14 10:18:16:167 DEBUG freemarker.cache:45 - "test-view/standard.ftl"("en", UTF-8, parsed) cached copy not yet stale; using cached.
2020/07/14 10:18:16:168 DEBUG freemarker.cache:45 - Couldn't find template in cache for "category-view/category-view.ftl"("en", UTF-8, parsed); will try to load it.
2020/07/14 10:18:16:169 DEBUG freemarker.cache:45 - TemplateLoader.findTemplateSource("category-view/category-view_en.ftl"): Not found
2020/07/14 10:18:16:169 DEBUG freemarker.cache:45 - TemplateLoader.findTemplateSource("category-view/category-view.ftl"): Found
2020/07/14 10:18:16:169 DEBUG freemarker.cache:45 - Loading template for "category-view/category-view.ftl"("en", UTF-8, parsed) from "jar:file:/C:/Users/liu-b/.m2/repository/com/aventstack/extentreports/3.1.3/extentreports-3.1.3.jar!/com/aventstack/extentreports/view/html-report/category-view/category-view.ftl"
2020/07/14 10:18:16:175 DEBUG freemarker.cache:45 - Couldn't find template in cache for "author-view/author-view.ftl"("en", UTF-8, parsed); will try to load it.
2020/07/14 10:18:16:175 DEBUG freemarker.cache:45 - TemplateLoader.findTemplateSource("author-view/author-view_en.ftl"): Not found
2020/07/14 10:18:16:176 DEBUG freemarker.cache:45 - TemplateLoader.findTemplateSource("author-view/author-view.ftl"): Found
2020/07/14 10:18:16:176 DEBUG freemarker.cache:45 - Loading template for "author-view/author-view.ftl"("en", UTF-8, parsed) from "jar:file:/C:/Users/liu-b/.m2/repository/com/aventstack/extentreports/3.1.3/extentreports-3.1.3.jar!/com/aventstack/extentreports/view/html-report/author-view/author-view.ftl"
2020/07/14 10:18:16:184 DEBUG freemarker.cache:45 - Couldn't find template in cache for "exception-view/exception-view.ftl"("en", UTF-8, parsed); will try to load it.
2020/07/14 10:18:16:184 DEBUG freemarker.cache:45 - TemplateLoader.findTemplateSource("exception-view/exception-view_en.ftl"): Not found
2020/07/14 10:18:16:185 DEBUG freemarker.cache:45 - TemplateLoader.findTemplateSource("exception-view/exception-view.ftl"): Found
2020/07/14 10:18:16:185 DEBUG freemarker.cache:45 - Loading template for "exception-view/exception-view.ftl"("en", UTF-8, parsed) from "jar:file:/C:/Users/liu-b/.m2/repository/com/aventstack/extentreports/3.1.3/extentreports-3.1.3.jar!/com/aventstack/extentreports/view/html-report/exception-view/exception-view.ftl"
2020/07/14 10:18:16:191 DEBUG freemarker.cache:45 - Couldn't find template in cache for "dashboard-view/dashboard-view.ftl"("en", UTF-8, parsed); will try to load it.
2020/07/14 10:18:16:192 DEBUG freemarker.cache:45 - TemplateLoader.findTemplateSource("dashboard-view/dashboard-view_en.ftl"): Not found
2020/07/14 10:18:16:193 DEBUG freemarker.cache:45 - TemplateLoader.findTemplateSource("dashboard-view/dashboard-view.ftl"): Found
2020/07/14 10:18:16:193 DEBUG freemarker.cache:45 - Loading template for "dashboard-view/dashboard-view.ftl"("en", UTF-8, parsed) from "jar:file:/C:/Users/liu-b/.m2/repository/com/aventstack/extentreports/3.1.3/extentreports-3.1.3.jar!/com/aventstack/extentreports/view/html-report/dashboard-view/dashboard-view.ftl"
2020/07/14 10:18:16:201 DEBUG freemarker.cache:45 - Couldn't find template in cache for "logs-view/testrunner-logs-view.ftl"("en", UTF-8, parsed); will try to load it.
2020/07/14 10:18:16:201 DEBUG freemarker.cache:45 - TemplateLoader.findTemplateSource("logs-view/testrunner-logs-view_en.ftl"): Not found
2020/07/14 10:18:16:203 DEBUG freemarker.cache:45 - TemplateLoader.findTemplateSource("logs-view/testrunner-logs-view.ftl"): Found
2020/07/14 10:18:16:203 DEBUG freemarker.cache:45 - Loading template for "logs-view/testrunner-logs-view.ftl"("en", UTF-8, parsed) from "jar:file:/C:/Users/liu-b/.m2/repository/com/aventstack/extentreports/3.1.3/extentreports-3.1.3.jar!/com/aventstack/extentreports/view/html-report/logs-view/testrunner-logs-view.ftl"
2020/07/14 10:35:40:672  INFO com.sinosoft.test.base.TestBase:59 - 配置文件路径：config.properties
2020/07/14 10:35:40:675 DEBUG com.sinosoft.test.base.TestBase:69 - 初始化class com.sinosoft.testcases.fccb.TBGLTestCase
2020/07/14 10:35:40:723 DEBUG com.sinosoft.test.base.TestBase:69 - 初始化class com.sinosoft.test.util.ExcelDataProvider
2020/07/14 10:35:41:429  INFO com.sinosoft.test.base.TestBase:80 - 当前文件里面一共有数据：4
2020/07/14 10:35:41:471  INFO com.sinosoft.test.base.TestBase:91 - start InternetExplorerDriver
2020/07/14 10:35:44:284 DEBUG com.sinosoft.test.base.TestBase:69 - 初始化class com.sinosoft.test.util.WebEventListener
2020/07/14 10:35:44:304  INFO com.sinosoft.test.base.TestBase:80 - 开始运行测试脚本，获取到的测试数据《getTBCLTestData》如下:
2020/07/14 10:35:44:305  INFO com.sinosoft.test.base.TestBase:81 - ROW_ID=2
ProcessFlag=Y
TestCaseName=FCCB_TB_JCX
TestCaseSeq=1
TestDescription=非车承保企财险-财产基本险-出单
riskClass=01
riskCode=0101
renewalInd=0
renewalPolicy=
prePay=
carrayOver=
carrayOverPolicy=
relatedInd=
relatedPolicy=
fbbs=
ywgs=01620189
qdlx=04
gdbs=0
xstd=T6209880101
ywy=S000000029
ywly=01010101
dljg=
xsxy=
cxywbs=HXXT
cdjg=
htzyjjfs=
jnwbz=
jw_country=
jw_Addr=
snbz=
sftkbd=0
sfdzbd=0
sfxb=0
fxqkyjytz=
sfydyw=
sfsn=
xbbdh=
tbr_lx=2
tbr_mc=
tbr_vip=
tbr_dm=G6200019603
tbr_zjlx=
tbr_zjhm=
tbr_sj=
tbr_csrq=
tbr_lxdz=
tbr_dwdh=010-67549095-456
lxr_xm=
lxr_xb=
lxr_zw=
lxr_sj=
lxr_yx=
xzsyfw=1
tqmc=
qbrq=
zbrq=
lgbbz=1
yyzdbz=1
sfgxdm=1
cbdq=
zzfwlx=0
hydl=12
hyxl=12006
jqbm=121121123123
bbdm=CNY
sf=130000
cs=130300
qx=130302
yb=065201
jzdj=01
bxcs=北戴河公园
bdw_jd=金融街街道
bdw_yyxz=
bdw_sfhyf=
bdw_fxlx=
bdw_sbmc=
bdw_cjh=
bdw_fdjh=
bdw_cjdjrq=
bdw_cllx=
bdw_cpcx=
bdw_sccj=
bdw_gzjz=
bdw_sgzyqy=
bdw_zylx=
bdw=010001
bdwmx=碣石公园礁石群
xbdm=0101001
jrbe=1
jzfs=10
bxje=2000000
bffl=0.5
dqflbz=2
ysbf=400
yyzd_zdpcg=24
yyzd_sndmlrze=6000000
yyzd_sndyye=20000000
yyzd_bdw=010056
yyzd_bdwmx=
yyzd_xbdm=0105001
yyzd_jrbe=1
yyzd_jzfs=18
yyzd_bxje=200000
yyzd_bffl=3
yyzd_dqflbz=3
yyzd_ysbf=4000
fsh=6
xsfdj=B
xsfxs=2
jgx_sf=
jgx_cs=
jgx_qx=
jgx_gcdd=
jgx_bb=
jgx_gcmc=
jgx_gclx_1=
jgx_gclx_2=
jgx_gclx_3=
jgx_gclx_4=
jgx_gclx_5=
jgx_gclx_6=
jgx_yzssjt=
jgx_yz=
jgx_cbs_ssjt=
jgx_cbs=
jgx_gchth=
jgx_gcjz=
jgx_gcqsrq=
jgx_gczzrq=
jgx_gcfw=
jgx_scqqsrq=
jgx_scqzzrq=
jgx_bzqqsrq=
jgx_bzqzzrq=
jgx_ws_xmlbdm=
jgx_ws_jrbe=
jgx_ws_bxje=
jgx_ws_fl=
jgx_ws_dqflbz=
jgx_ws_ysbf=
jgx_sz_xbdm=
jgx_sz_jrbe=
jgx_sz_ljpcxe=
jgx_sz_fv=
jgx_sz_dqflbz=
jgx_sz_ysbf=
proposalNumber=06201890101202000000000224
message=未知异常No frame element found by name or id myFrame
Build info: version: '3.9.0', revision: '698b3178f0', time: '2018-02-05T14:26:55.441Z'
System info: host: 'DESKTOP-I9S3ABE', ip: '100.100.94.122', os.name: 'Windows 10', os.arch: 'amd64', os.version: '10.0', java.version: '1.8.0_101'
Driver info: driver.version: unknown
screenshot=C:\Users\liu-b\git\PageObjectModel\screenshots\FCCB_TB_JCX_1_异常截屏_20200713064216351.png
testCaseName=FCCB_TBCL

2020/07/14 10:35:44:309 DEBUG com.sinosoft.test.base.TestBase:69 - 初始化class com.sinosoft.test.fccp.common.LoginPage
2020/07/14 10:35:49:332 DEBUG com.sinosoft.test.base.TestBase:26 - Before navigating to: 'http://tvfchxyw.ypic.cn'
2020/07/14 10:35:49:787 DEBUG com.sinosoft.test.base.TestBase:30 - Navigated to:'http://tvfchxyw.ypic.cn'
2020/07/14 10:35:49:788 DEBUG com.sinosoft.test.base.TestBase:76 - Trying to find Element By : By.id: username
2020/07/14 10:35:49:915 DEBUG com.sinosoft.test.base.TestBase:80 - Found Element By : By.id: username
2020/07/14 10:35:49:920  INFO com.sinosoft.test.base.TestBase:360 - setEditboxValue:[[InternetExplorerDriver: internet explorer on WINDOWS (caa726fe-13ea-481d-915a-c9c133c227a5)] -> id: username]：policy1@ypic
2020/07/14 10:35:49:921 DEBUG com.sinosoft.test.base.TestBase:76 - Trying to find Element By : By.id: username
2020/07/14 10:35:50:054 DEBUG com.sinosoft.test.base.TestBase:80 - Found Element By : By.id: username
2020/07/14 10:35:50:319 DEBUG com.sinosoft.test.base.TestBase:76 - Trying to find Element By : By.id: username
2020/07/14 10:35:50:502 DEBUG com.sinosoft.test.base.TestBase:80 - Found Element By : By.id: username
2020/07/14 10:35:50:946 DEBUG com.sinosoft.test.base.TestBase:76 - Trying to find Element By : By.id: username
2020/07/14 10:35:51:097 DEBUG com.sinosoft.test.base.TestBase:80 - Found Element By : By.id: username
2020/07/14 10:35:51:098  INFO com.sinosoft.test.base.TestBase:363 - setEditboxValue—End:[[InternetExplorerDriver: internet explorer on WINDOWS (caa726fe-13ea-481d-915a-c9c133c227a5)] -> id: username]：policy1@ypic
2020/07/14 10:35:51:098 DEBUG com.sinosoft.test.base.TestBase:76 - Trying to find Element By : By.id: password
2020/07/14 10:35:51:230 DEBUG com.sinosoft.test.base.TestBase:80 - Found Element By : By.id: password
2020/07/14 10:35:51:231  INFO com.sinosoft.test.base.TestBase:360 - setEditboxValue:[[InternetExplorerDriver: internet explorer on WINDOWS (caa726fe-13ea-481d-915a-c9c133c227a5)] -> id: password]：ypic@1234
2020/07/14 10:35:51:231 DEBUG com.sinosoft.test.base.TestBase:76 - Trying to find Element By : By.id: password
2020/07/14 10:35:51:365 DEBUG com.sinosoft.test.base.TestBase:80 - Found Element By : By.id: password
2020/07/14 10:35:51:732 DEBUG com.sinosoft.test.base.TestBase:76 - Trying to find Element By : By.id: password
2020/07/14 10:35:51:897 DEBUG com.sinosoft.test.base.TestBase:80 - Found Element By : By.id: password
2020/07/14 10:35:52:271 DEBUG com.sinosoft.test.base.TestBase:76 - Trying to find Element By : By.id: password
2020/07/14 10:35:52:416 DEBUG com.sinosoft.test.base.TestBase:80 - Found Element By : By.id: password
2020/07/14 10:35:52:417  INFO com.sinosoft.test.base.TestBase:363 - setEditboxValue—End:[[InternetExplorerDriver: internet explorer on WINDOWS (caa726fe-13ea-481d-915a-c9c133c227a5)] -> id: password]：ypic@1234
2020/07/14 10:35:52:417 DEBUG com.sinosoft.test.base.TestBase:76 - Trying to find Element By : By.id: bt_submit
2020/07/14 10:35:52:563 DEBUG com.sinosoft.test.base.TestBase:80 - Found Element By : By.id: bt_submit
2020/07/14 10:35:52:563  INFO com.sinosoft.test.base.TestBase:402 - clickButton:[[InternetExplorerDriver: internet explorer on WINDOWS (caa726fe-13ea-481d-915a-c9c133c227a5)] -> id: bt_submit]
2020/07/14 10:35:52:563 DEBUG com.sinosoft.test.base.TestBase:76 - Trying to find Element By : By.id: bt_submit
2020/07/14 10:35:52:701 DEBUG com.sinosoft.test.base.TestBase:80 - Found Element By : By.id: bt_submit
2020/07/14 10:35:52:701 DEBUG com.sinosoft.test.base.TestBase:42 - Trying to click on: [[InternetExplorerDriver: internet explorer on WINDOWS (caa726fe-13ea-481d-915a-c9c133c227a5)] -> id: bt_submit]
2020/07/14 10:35:54:578 DEBUG com.sinosoft.test.base.TestBase:46 - Clicked on: [[InternetExplorerDriver: internet explorer on WINDOWS (caa726fe-13ea-481d-915a-c9c133c227a5)] -> id: bt_submit]
2020/07/14 10:35:54:583 DEBUG com.sinosoft.test.base.TestBase:76 - Trying to find Element By : By.xpath: //input[@value='继续登录']
2020/07/14 10:35:56:792 DEBUG com.sinosoft.test.base.TestBase:66 - 系统自动捕获异常：Exception occured: org.openqa.selenium.NoSuchElementException: Unable to find element with xpath == //input[@value='继续登录']
For documentation on this error, please visit: http://seleniumhq.org/exceptions/no_such_element.html
Build info: version: '3.9.0', revision: '698b3178f0', time: '2018-02-05T14:26:55.441Z'
System info: host: 'DESKTOP-I9S3ABE', ip: '100.100.96.220', os.name: 'Windows 10', os.arch: 'amd64', os.version: '10.0', java.version: '1.8.0_101'
Driver info: org.openqa.selenium.ie.InternetExplorerDriver
Capabilities {acceptInsecureCerts: false, browserName: internet explorer, browserVersion: 11, javascriptEnabled: true, pageLoadStrategy: normal, platform: WINDOWS, platformName: WINDOWS, proxy: Proxy(), se:ieOptions: {browserAttachTimeout: 0, elementScrollBehavior: 0, enablePersistentHover: true, ie.browserCommandLineSwitches: , ie.ensureCleanSession: false, ie.fileUploadDialogTimeout: 3000, ie.forceCreateProcessApi: false, ignoreProtectedModeSettings: true, ignoreZoomSetting: false, initialBrowserUrl: http://localhost:5225/, nativeEvents: true, requireWindowFocus: false}, setWindowRect: true, timeouts: {implicit: 0, pageLoad: 300000, script: 30000}, unhandledPromptBehavior: ignore}
Session ID: caa726fe-13ea-481d-915a-c9c133c227a5
*** Element info: {Using=xpath, value=//input[@value='继续登录']}
2020/07/14 10:35:56:793  INFO com.sinosoft.test.base.TestBase:68 - 异常的message 是：Unable to find element with xpath == //input[@value='继续登录']
For documentation on this error, please visit: http://seleniumhq.org/exceptions/no_such_element.html
Build info: version: '3.9.0', revision: '698b3178f0', time: '2018-02-05T14:26:55.441Z'
System info: host: 'DESKTOP-I9S3ABE', ip: '100.100.96.220', os.name: 'Windows 10', os.arch: 'amd64', os.version: '10.0', java.version: '1.8.0_101'
Driver info: org.openqa.selenium.ie.InternetExplorerDriver
Capabilities {acceptInsecureCerts: false, browserName: internet explorer, browserVersion: 11, javascriptEnabled: true, pageLoadStrategy: normal, platform: WINDOWS, platformName: WINDOWS, proxy: Proxy(), se:ieOptions: {browserAttachTimeout: 0, elementScrollBehavior: 0, enablePersistentHover: true, ie.browserCommandLineSwitches: , ie.ensureCleanSession: false, ie.fileUploadDialogTimeout: 3000, ie.forceCreateProcessApi: false, ignoreProtectedModeSettings: true, ignoreZoomSetting: false, initialBrowserUrl: http://localhost:5225/, nativeEvents: true, requireWindowFocus: false}, setWindowRect: true, timeouts: {implicit: 0, pageLoad: 300000, script: 30000}, unhandledPromptBehavior: ignore}
Session ID: caa726fe-13ea-481d-915a-c9c133c227a5
*** Element info: {Using=xpath, value=//input[@value='继续登录']}
2020/07/14 10:35:56:794  INFO com.sinosoft.test.base.TestBase:198 - 没有找到页面元素:By.xpath: //input[@value='继续登录'] - 错误信息Expected condition failed: waiting for com.sinosoft.test.base.TestBase$1@5dcb4f5f (tried for 2 second(s) with 500 MILLISECONDS interval)
2020/07/14 10:35:56:795  INFO com.sinosoft.test.base.TestBase:77 - 常规登录，没有继续登录按钮
2020/07/14 10:35:56:797 DEBUG com.sinosoft.test.base.TestBase:69 - 初始化class com.sinosoft.test.fccp.common.HomePage
2020/07/14 10:35:57:171 DEBUG com.sinosoft.test.base.TestBase:76 - Trying to find Element By : By.linkText: 承保子系统
2020/07/14 10:35:57:223 DEBUG com.sinosoft.test.base.TestBase:80 - Found Element By : By.linkText: 承保子系统
2020/07/14 10:35:57:225  INFO com.sinosoft.test.base.TestBase:144 - RunJavaScript:[[InternetExplorerDriver: internet explorer on WINDOWS (caa726fe-13ea-481d-915a-c9c133c227a5)] -> link text: 承保子系统]	arguments[0].click();
2020/07/14 10:35:57:676 DEBUG com.sinosoft.test.base.TestBase:76 - Trying to find Element By : By.linkText: 投保管理
2020/07/14 10:35:57:726 DEBUG com.sinosoft.test.base.TestBase:80 - Found Element By : By.linkText: 投保管理
2020/07/14 10:35:57:727  INFO com.sinosoft.test.base.TestBase:144 - RunJavaScript:[[InternetExplorerDriver: internet explorer on WINDOWS (caa726fe-13ea-481d-915a-c9c133c227a5)] -> link text: 投保管理]	arguments[0].click();
2020/07/14 10:35:58:054 DEBUG com.sinosoft.test.base.TestBase:76 - Trying to find Element By : By.linkText: 投保处理
2020/07/14 10:35:58:106 DEBUG com.sinosoft.test.base.TestBase:80 - Found Element By : By.linkText: 投保处理
2020/07/14 10:35:58:107  INFO com.sinosoft.test.base.TestBase:144 - RunJavaScript:[[InternetExplorerDriver: internet explorer on WINDOWS (caa726fe-13ea-481d-915a-c9c133c227a5)] -> link text: 投保处理]	arguments[0].click();
2020/07/14 10:35:58:346 DEBUG com.sinosoft.test.base.TestBase:69 - 初始化class com.sinosoft.test.fccp.tbcl.RiskSelectPage
2020/07/14 10:35:58:646 DEBUG com.sinosoft.test.base.TestBase:93 - 投保处理/险种选择
2020/07/14 10:35:58:647 DEBUG com.sinosoft.test.base.TestBase:76 - Trying to find Element By : By.name: riskClassTemp
2020/07/14 10:35:58:729 DEBUG com.sinosoft.test.base.TestBase:80 - Found Element By : By.name: riskClassTemp
2020/07/14 10:35:58:807 DEBUG com.sinosoft.test.base.TestBase:76 - Trying to find Element By : By.name: riskClassTemp
2020/07/14 10:35:58:856 DEBUG com.sinosoft.test.base.TestBase:80 - Found Element By : By.name: riskClassTemp
2020/07/14 10:35:58:856 DEBUG com.sinosoft.test.base.TestBase:63 - SetCodeEditBox:开始设置:[[InternetExplorerDriver: internet explorer on WINDOWS (caa726fe-13ea-481d-915a-c9c133c227a5)] -> name: riskClassTemp] & Code=01
2020/07/14 10:35:58:857 DEBUG com.sinosoft.test.base.TestBase:76 - Trying to find Element By : By.name: riskClassTemp
2020/07/14 10:35:58:907 DEBUG com.sinosoft.test.base.TestBase:80 - Found Element By : By.name: riskClassTemp
2020/07/14 10:35:59:111 DEBUG com.sinosoft.test.base.TestBase:76 - Trying to find Element By : By.name: riskClassTemp
2020/07/14 10:35:59:161 DEBUG com.sinosoft.test.base.TestBase:80 - Found Element By : By.name: riskClassTemp
2020/07/14 10:35:59:607 DEBUG com.sinosoft.test.base.TestBase:76 - Trying to find Element By : By.name: riskClassTemp
2020/07/14 10:35:59:655 DEBUG com.sinosoft.test.base.TestBase:80 - Found Element By : By.name: riskClassTemp
2020/07/14 10:35:59:658 DEBUG com.sinosoft.test.base.TestBase:76 - Trying to find Element By : By.xpath: ../input[last()]
2020/07/14 10:35:59:697 DEBUG com.sinosoft.test.base.TestBase:80 - Found Element By : By.xpath: ../input[last()]
2020/07/14 10:35:59:874  INFO com.sinosoft.test.base.TestBase:71 - SetCodeEditBox:找到了Code对应的文本显示框并点击触发显示:riskClassName
2020/07/14 10:35:59:875 DEBUG com.sinosoft.test.base.TestBase:42 - Trying to click on: [[[[InternetExplorerDriver: internet explorer on WINDOWS (caa726fe-13ea-481d-915a-c9c133c227a5)] -> name: riskClassTemp]] -> xpath: ../input[last()]]
2020/07/14 10:36:00:880 DEBUG com.sinosoft.test.base.TestBase:46 - Clicked on: [[[[InternetExplorerDriver: internet explorer on WINDOWS (caa726fe-13ea-481d-915a-c9c133c227a5)] -> name: riskClassTemp]] -> xpath: ../input[last()]]
2020/07/14 10:36:01:080 DEBUG com.sinosoft.test.base.TestBase:76 - Trying to find Element By : By.name: riskClassTemp
2020/07/14 10:36:01:116 DEBUG com.sinosoft.test.base.TestBase:80 - Found Element By : By.name: riskClassTemp
2020/07/14 10:36:01:117 DEBUG com.sinosoft.test.base.TestBase:87 - SetCodeEditBox:设置完毕[[InternetExplorerDriver: internet explorer on WINDOWS (caa726fe-13ea-481d-915a-c9c133c227a5)] -> name: riskClassTemp],设置值 Code=01
2020/07/14 10:36:01:119 DEBUG com.sinosoft.test.base.TestBase:76 - Trying to find Element By : By.name: riskCode
2020/07/14 10:36:01:174 DEBUG com.sinosoft.test.base.TestBase:80 - Found Element By : By.name: riskCode
2020/07/14 10:36:01:202 DEBUG com.sinosoft.test.base.TestBase:76 - Trying to find Element By : By.name: riskCode
2020/07/14 10:36:01:254 DEBUG com.sinosoft.test.base.TestBase:80 - Found Element By : By.name: riskCode
2020/07/14 10:36:01:255 DEBUG com.sinosoft.test.base.TestBase:63 - SetCodeEditBox:开始设置:[[InternetExplorerDriver: internet explorer on WINDOWS (caa726fe-13ea-481d-915a-c9c133c227a5)] -> name: riskCode] & Code=0101
2020/07/14 10:36:01:255 DEBUG com.sinosoft.test.base.TestBase:76 - Trying to find Element By : By.name: riskCode
2020/07/14 10:36:01:305 DEBUG com.sinosoft.test.base.TestBase:80 - Found Element By : By.name: riskCode
2020/07/14 10:36:01:505 DEBUG com.sinosoft.test.base.TestBase:76 - Trying to find Element By : By.name: riskCode
2020/07/14 10:36:01:554 DEBUG com.sinosoft.test.base.TestBase:80 - Found Element By : By.name: riskCode
2020/07/14 10:36:02:013 DEBUG com.sinosoft.test.base.TestBase:76 - Trying to find Element By : By.name: riskCode
2020/07/14 10:36:02:053 DEBUG com.sinosoft.test.base.TestBase:80 - Found Element By : By.name: riskCode
2020/07/14 10:36:02:056 DEBUG com.sinosoft.test.base.TestBase:76 - Trying to find Element By : By.xpath: ../input[last()]
2020/07/14 10:36:02:104 DEBUG com.sinosoft.test.base.TestBase:80 - Found Element By : By.xpath: ../input[last()]
2020/07/14 10:36:02:227  INFO com.sinosoft.test.base.TestBase:71 - SetCodeEditBox:找到了Code对应的文本显示框并点击触发显示:riskName
2020/07/14 10:36:02:227 DEBUG com.sinosoft.test.base.TestBase:42 - Trying to click on: [[[[InternetExplorerDriver: internet explorer on WINDOWS (caa726fe-13ea-481d-915a-c9c133c227a5)] -> name: riskCode]] -> xpath: ../input[last()]]
2020/07/14 10:36:03:204 DEBUG com.sinosoft.test.base.TestBase:46 - Clicked on: [[[[InternetExplorerDriver: internet explorer on WINDOWS (caa726fe-13ea-481d-915a-c9c133c227a5)] -> name: riskCode]] -> xpath: ../input[last()]]
2020/07/14 10:36:03:405 DEBUG com.sinosoft.test.base.TestBase:76 - Trying to find Element By : By.name: riskCode
2020/07/14 10:36:03:454 DEBUG com.sinosoft.test.base.TestBase:80 - Found Element By : By.name: riskCode
2020/07/14 10:36:03:455 DEBUG com.sinosoft.test.base.TestBase:87 - SetCodeEditBox:设置完毕[[InternetExplorerDriver: internet explorer on WINDOWS (caa726fe-13ea-481d-915a-c9c133c227a5)] -> name: riskCode],设置值 Code=0101
2020/07/14 10:36:03:456 DEBUG com.sinosoft.test.base.TestBase:76 - Trying to find Element By : By.name: renewInd
2020/07/14 10:36:03:560 DEBUG com.sinosoft.test.base.TestBase:80 - Found Element By : By.name: renewInd
2020/07/14 10:36:03:560  INFO com.sinosoft.test.base.TestBase:321 - setEditboxTValue:[[[InternetExplorerDriver: internet explorer on WINDOWS (caa726fe-13ea-481d-915a-c9c133c227a5)] -> name: renewInd], [[InternetExplorerDriver: internet explorer on WINDOWS (caa726fe-13ea-481d-915a-c9c133c227a5)] -> name: renewInd]]：0
2020/07/14 10:36:03:561 DEBUG com.sinosoft.test.base.TestBase:76 - Trying to find Element By : By.name: renewInd
2020/07/14 10:36:03:641 DEBUG com.sinosoft.test.base.TestBase:80 - Found Element By : By.name: renewInd
2020/07/14 10:36:03:746 DEBUG com.sinosoft.test.base.TestBase:76 - Trying to find Element By : By.name: buttonNextStep
2020/07/14 10:36:03:802 DEBUG com.sinosoft.test.base.TestBase:80 - Found Element By : By.name: buttonNextStep
2020/07/14 10:36:03:802  INFO com.sinosoft.test.base.TestBase:402 - clickButton:[[InternetExplorerDriver: internet explorer on WINDOWS (caa726fe-13ea-481d-915a-c9c133c227a5)] -> name: buttonNextStep]
2020/07/14 10:36:03:802 DEBUG com.sinosoft.test.base.TestBase:42 - Trying to click on: [[InternetExplorerDriver: internet explorer on WINDOWS (caa726fe-13ea-481d-915a-c9c133c227a5)] -> name: buttonNextStep]
2020/07/14 10:36:06:640 DEBUG com.sinosoft.test.base.TestBase:46 - Clicked on: [[InternetExplorerDriver: internet explorer on WINDOWS (caa726fe-13ea-481d-915a-c9c133c227a5)] -> name: buttonNextStep]
2020/07/14 10:36:06:642 DEBUG com.sinosoft.test.base.TestBase:69 - 初始化class com.sinosoft.test.fccp.tbcl.BasicInfoPage
2020/07/14 10:36:09:387 DEBUG com.sinosoft.test.base.TestBase:322 - 投保处理/基本信息
2020/07/14 10:36:09:387 DEBUG com.sinosoft.test.base.TestBase:76 - Trying to find Element By : By.name: GuMainBusinessType
2020/07/14 10:36:09:446 DEBUG com.sinosoft.test.base.TestBase:80 - Found Element By : By.name: GuMainBusinessType
2020/07/14 10:36:09:447  INFO com.sinosoft.test.base.TestBase:96 - setSelectWithStartText:[[InternetExplorerDriver: internet explorer on WINDOWS (caa726fe-13ea-481d-915a-c9c133c227a5)] -> name: GuMainBusinessType]->
2020/07/14 10:36:09:448 DEBUG com.sinosoft.test.base.TestBase:76 - Trying to find Element By : By.name: GuMainCompanyCode
2020/07/14 10:36:09:548 DEBUG com.sinosoft.test.base.TestBase:80 - Found Element By : By.name: GuMainCompanyCode
2020/07/14 10:36:09:576 DEBUG com.sinosoft.test.base.TestBase:76 - Trying to find Element By : By.name: GuMainCompanyCode
2020/07/14 10:36:09:675 DEBUG com.sinosoft.test.base.TestBase:80 - Found Element By : By.name: GuMainCompanyCode
2020/07/14 10:36:09:675 DEBUG com.sinosoft.test.base.TestBase:63 - SetCodeEditBox:开始设置:[[InternetExplorerDriver: internet explorer on WINDOWS (caa726fe-13ea-481d-915a-c9c133c227a5)] -> name: GuMainCompanyCode] & Code=01620189
2020/07/14 10:36:09:676 DEBUG com.sinosoft.test.base.TestBase:76 - Trying to find Element By : By.name: GuMainCompanyCode
2020/07/14 10:36:09:784 DEBUG com.sinosoft.test.base.TestBase:80 - Found Element By : By.name: GuMainCompanyCode
2020/07/14 10:36:10:082 DEBUG com.sinosoft.test.base.TestBase:76 - Trying to find Element By : By.name: GuMainCompanyCode
2020/07/14 10:36:10:192 DEBUG com.sinosoft.test.base.TestBase:80 - Found Element By : By.name: GuMainCompanyCode
2020/07/14 10:36:11:247 DEBUG com.sinosoft.test.base.TestBase:76 - Trying to find Element By : By.name: GuMainCompanyCode
2020/07/14 10:36:11:349 DEBUG com.sinosoft.test.base.TestBase:80 - Found Element By : By.name: GuMainCompanyCode
2020/07/14 10:36:11:350 DEBUG com.sinosoft.test.base.TestBase:76 - Trying to find Element By : By.xpath: ../input[last()]
2020/07/14 10:36:11:464 DEBUG com.sinosoft.test.base.TestBase:80 - Found Element By : By.xpath: ../input[last()]
2020/07/14 10:36:11:630  INFO com.sinosoft.test.base.TestBase:71 - SetCodeEditBox:找到了Code对应的文本显示框并点击触发显示:GuMainCompanyName
2020/07/14 10:36:11:631 DEBUG com.sinosoft.test.base.TestBase:42 - Trying to click on: [[[[InternetExplorerDriver: internet explorer on WINDOWS (caa726fe-13ea-481d-915a-c9c133c227a5)] -> name: GuMainCompanyCode]] -> xpath: ../input[last()]]
2020/07/14 10:36:12:710 DEBUG com.sinosoft.test.base.TestBase:46 - Clicked on: [[[[InternetExplorerDriver: internet explorer on WINDOWS (caa726fe-13ea-481d-915a-c9c133c227a5)] -> name: GuMainCompanyCode]] -> xpath: ../input[last()]]
2020/07/14 10:36:12:912 DEBUG com.sinosoft.test.base.TestBase:76 - Trying to find Element By : By.name: GuMainCompanyCode
2020/07/14 10:36:12:980 DEBUG com.sinosoft.test.base.TestBase:80 - Found Element By : By.name: GuMainCompanyCode
2020/07/14 10:36:12:980 DEBUG com.sinosoft.test.base.TestBase:87 - SetCodeEditBox:设置完毕[[InternetExplorerDriver: internet explorer on WINDOWS (caa726fe-13ea-481d-915a-c9c133c227a5)] -> name: GuMainCompanyCode],设置值 Code=01620189
2020/07/14 10:36:12:981 DEBUG com.sinosoft.test.base.TestBase:76 - Trying to find Element By : By.name: GuMainChannelDetailCode
2020/07/14 10:36:13:062 DEBUG com.sinosoft.test.base.TestBase:80 - Found Element By : By.name: GuMainChannelDetailCode
2020/07/14 10:36:13:128 DEBUG com.sinosoft.test.base.TestBase:76 - Trying to find Element By : By.name: GuMainChannelDetailCode
2020/07/14 10:36:13:215 DEBUG com.sinosoft.test.base.TestBase:80 - Found Element By : By.name: GuMainChannelDetailCode
2020/07/14 10:36:13:216 DEBUG com.sinosoft.test.base.TestBase:63 - SetCodeEditBox:开始设置:[[InternetExplorerDriver: internet explorer on WINDOWS (caa726fe-13ea-481d-915a-c9c133c227a5)] -> name: GuMainChannelDetailCode] & Code=04
2020/07/14 10:36:13:216 DEBUG com.sinosoft.test.base.TestBase:76 - Trying to find Element By : By.name: GuMainChannelDetailCode
2020/07/14 10:36:13:277 DEBUG com.sinosoft.test.base.TestBase:80 - Found Element By : By.name: GuMainChannelDetailCode
2020/07/14 10:36:13:538 DEBUG com.sinosoft.test.base.TestBase:76 - Trying to find Element By : By.name: GuMainChannelDetailCode
2020/07/14 10:36:13:663 DEBUG com.sinosoft.test.base.TestBase:80 - Found Element By : By.name: GuMainChannelDetailCode
2020/07/14 10:36:14:279 DEBUG com.sinosoft.test.base.TestBase:76 - Trying to find Element By : By.name: GuMainChannelDetailCode
2020/07/14 10:36:14:362 DEBUG com.sinosoft.test.base.TestBase:80 - Found Element By : By.name: GuMainChannelDetailCode
2020/07/14 10:36:14:365 DEBUG com.sinosoft.test.base.TestBase:76 - Trying to find Element By : By.xpath: ../input[last()]
2020/07/14 10:36:14:412 DEBUG com.sinosoft.test.base.TestBase:80 - Found Element By : By.xpath: ../input[last()]
2020/07/14 10:36:14:594  INFO com.sinosoft.test.base.TestBase:71 - SetCodeEditBox:找到了Code对应的文本显示框并点击触发显示:GuMainChannelDetailName
2020/07/14 10:36:14:594 DEBUG com.sinosoft.test.base.TestBase:42 - Trying to click on: [[[[InternetExplorerDriver: internet explorer on WINDOWS (caa726fe-13ea-481d-915a-c9c133c227a5)] -> name: GuMainChannelDetailCode]] -> xpath: ../input[last()]]
2020/07/14 10:36:15:694 DEBUG com.sinosoft.test.base.TestBase:46 - Clicked on: [[[[InternetExplorerDriver: internet explorer on WINDOWS (caa726fe-13ea-481d-915a-c9c133c227a5)] -> name: GuMainChannelDetailCode]] -> xpath: ../input[last()]]
2020/07/14 10:36:15:894 DEBUG com.sinosoft.test.base.TestBase:76 - Trying to find Element By : By.name: GuMainChannelDetailCode
2020/07/14 10:36:15:984 DEBUG com.sinosoft.test.base.TestBase:80 - Found Element By : By.name: GuMainChannelDetailCode
2020/07/14 10:36:15:985 DEBUG com.sinosoft.test.base.TestBase:87 - SetCodeEditBox:设置完毕[[InternetExplorerDriver: internet explorer on WINDOWS (caa726fe-13ea-481d-915a-c9c133c227a5)] -> name: GuMainChannelDetailCode],设置值 Code=04
2020/07/14 10:36:15:985 DEBUG com.sinosoft.test.base.TestBase:76 - Trying to find Element By : By.name: GuMainShareHolderFlag
2020/07/14 10:36:16:064 DEBUG com.sinosoft.test.base.TestBase:80 - Found Element By : By.name: GuMainShareHolderFlag
2020/07/14 10:36:16:100 DEBUG com.sinosoft.test.base.TestBase:76 - Trying to find Element By : By.name: GuMainShareHolderFlag
2020/07/14 10:36:16:226 DEBUG com.sinosoft.test.base.TestBase:80 - Found Element By : By.name: GuMainShareHolderFlag
2020/07/14 10:36:16:227 DEBUG com.sinosoft.test.base.TestBase:42 - CodeSelect:开始设置[[InternetExplorerDriver: internet explorer on WINDOWS (caa726fe-13ea-481d-915a-c9c133c227a5)] -> name: GuMainShareHolderFlag] & Code=0
2020/07/14 10:36:16:234 DEBUG com.sinosoft.test.base.TestBase:76 - Trying to find Element By : By.name: GuMainShareHolderFlag
2020/07/14 10:36:16:303 DEBUG com.sinosoft.test.base.TestBase:80 - Found Element By : By.name: GuMainShareHolderFlag
2020/07/14 10:36:17:225 DEBUG com.sinosoft.test.base.TestBase:272 - 系统窗口【黄河财险业务系统】with handle -eb999084-9d41-4f89-8c56-4346815159f7
2020/07/14 10:36:17:957 DEBUG com.sinosoft.test.base.TestBase:272 - 系统窗口【黄河财险业务系统】with handle -eb999084-9d41-4f89-8c56-4346815159f7
2020/07/14 10:36:18:709 DEBUG com.sinosoft.test.base.TestBase:272 - 系统窗口【黄河财险业务系统】with handle -eb999084-9d41-4f89-8c56-4346815159f7
2020/07/14 10:36:19:688 DEBUG com.sinosoft.test.base.TestBase:272 - 系统窗口【黄河财险业务系统】with handle -eb999084-9d41-4f89-8c56-4346815159f7
2020/07/14 10:36:20:524 DEBUG com.sinosoft.test.base.TestBase:272 - 系统窗口【黄河财险业务系统】with handle -eb999084-9d41-4f89-8c56-4346815159f7
2020/07/14 10:36:21:390 DEBUG com.sinosoft.test.base.TestBase:272 - 系统窗口【黄河财险业务系统】with handle -eb999084-9d41-4f89-8c56-4346815159f7
2020/07/14 10:36:22:190 DEBUG com.sinosoft.test.base.TestBase:272 - 系统窗口【黄河财险业务系统】with handle -eb999084-9d41-4f89-8c56-4346815159f7
2020/07/14 10:36:22:208 DEBUG com.sinosoft.test.base.TestBase:281 - 窗口切换异常:
org.openqa.selenium.TimeoutException: Expected condition failed: waiting for com.sinosoft.test.base.TestBase$4@2a640157 (tried for 5 second(s) with 500 MILLISECONDS interval)
Build info: version: '3.9.0', revision: '698b3178f0', time: '2018-02-05T14:26:55.441Z'
System info: host: 'DESKTOP-I9S3ABE', ip: '100.100.96.220', os.name: 'Windows 10', os.arch: 'amd64', os.version: '10.0', java.version: '1.8.0_101'
Driver info: org.openqa.selenium.support.events.EventFiringWebDriver
Capabilities {acceptInsecureCerts: false, browserName: internet explorer, browserVersion: 11, javascriptEnabled: true, pageLoadStrategy: normal, platform: WINDOWS, platformName: WINDOWS, proxy: Proxy(), se:ieOptions: {browserAttachTimeout: 0, elementScrollBehavior: 0, enablePersistentHover: true, ie.browserCommandLineSwitches: , ie.ensureCleanSession: false, ie.fileUploadDialogTimeout: 3000, ie.forceCreateProcessApi: false, ignoreProtectedModeSettings: true, ignoreZoomSetting: false, initialBrowserUrl: http://localhost:5225/, nativeEvents: true, requireWindowFocus: false}, setWindowRect: true, timeouts: {implicit: 0, pageLoad: 300000, script: 30000}, unhandledPromptBehavior: ignore}
Session ID: caa726fe-13ea-481d-915a-c9c133c227a5
	at org.openqa.selenium.support.ui.WebDriverWait.timeoutException(WebDriverWait.java:82)
	at org.openqa.selenium.support.ui.FluentWait.until(FluentWait.java:231)
	at com.sinosoft.test.base.TestBase.navigateToWindowByTitle(TestBase.java:265)
	at com.sinosoft.test.fccp.common.FccbBase.CodeSelect(FccbBase.java:44)
	at com.sinosoft.test.fccp.tbcl.BasicInfoPage.inputSalesInfoAction(BasicInfoPage.java:348)
	at com.sinosoft.test.fccp.tbcl.BasicInfoPage.inputSalesInfoAction(BasicInfoPage.java:363)
	at com.sinosoft.testcases.fccb.TBGLTestCase.FCCB_TBCL(TBGLTestCase.java:93)
	at sun.reflect.NativeMethodAccessorImpl.invoke0(Native Method)
	at sun.reflect.NativeMethodAccessorImpl.invoke(NativeMethodAccessorImpl.java:62)
	at sun.reflect.DelegatingMethodAccessorImpl.invoke(DelegatingMethodAccessorImpl.java:43)
	at java.lang.reflect.Method.invoke(Method.java:498)
	at org.testng.internal.MethodInvocationHelper.invokeMethod(MethodInvocationHelper.java:108)
	at org.testng.internal.Invoker.invokeMethod(Invoker.java:661)
	at org.testng.internal.Invoker.invokeTestMethod(Invoker.java:869)
	at org.testng.internal.Invoker.invokeTestMethods(Invoker.java:1193)
	at org.testng.internal.TestMethodWorker.invokeTestMethods(TestMethodWorker.java:126)
	at org.testng.internal.TestMethodWorker.run(TestMethodWorker.java:109)
	at org.testng.TestRunner.privateRun(TestRunner.java:744)
	at org.testng.TestRunner.run(TestRunner.java:602)
	at org.testng.SuiteRunner.runTest(SuiteRunner.java:380)
	at org.testng.SuiteRunner.runSequentially(SuiteRunner.java:375)
	at org.testng.SuiteRunner.privateRun(SuiteRunner.java:340)
	at org.testng.SuiteRunner.run(SuiteRunner.java:289)
	at org.testng.SuiteRunnerWorker.runSuite(SuiteRunnerWorker.java:52)
	at org.testng.SuiteRunnerWorker.run(SuiteRunnerWorker.java:86)
	at org.testng.TestNG.runSuitesSequentially(TestNG.java:1301)
	at org.testng.TestNG.runSuitesLocally(TestNG.java:1226)
	at org.testng.TestNG.runSuites(TestNG.java:1144)
	at org.testng.TestNG.run(TestNG.java:1115)
	at org.apache.maven.surefire.testng.TestNGExecutor.run(TestNGExecutor.java:283)
	at org.apache.maven.surefire.testng.TestNGXmlTestSuite.execute(TestNGXmlTestSuite.java:75)
	at org.apache.maven.surefire.testng.TestNGProvider.invoke(TestNGProvider.java:120)
	at org.apache.maven.surefire.booter.ForkedBooter.invokeProviderInSameClassLoader(ForkedBooter.java:384)
	at org.apache.maven.surefire.booter.ForkedBooter.runSuitesInProcess(ForkedBooter.java:345)
	at org.apache.maven.surefire.booter.ForkedBooter.execute(ForkedBooter.java:126)
	at org.apache.maven.surefire.booter.ForkedBooter.main(ForkedBooter.java:418)
2020/07/14 10:36:22:212 DEBUG com.sinosoft.test.base.TestBase:69 - 初始化class com.sinosoft.test.fccp.common.CodeSelectPage
2020/07/14 10:36:22:214 DEBUG com.sinosoft.test.base.TestBase:39 - 基础码表选择！
2020/07/14 10:36:22:214 DEBUG com.sinosoft.test.base.TestBase:76 - Trying to find Element By : By.name: fieldValue
2020/07/14 10:36:24:558 DEBUG com.sinosoft.test.base.TestBase:66 - 系统自动捕获异常：Exception occured: org.openqa.selenium.NoSuchElementException: Unable to find element with css selector == *[name='fieldValue']
For documentation on this error, please visit: http://seleniumhq.org/exceptions/no_such_element.html
Build info: version: '3.9.0', revision: '698b3178f0', time: '2018-02-05T14:26:55.441Z'
System info: host: 'DESKTOP-I9S3ABE', ip: '100.100.96.220', os.name: 'Windows 10', os.arch: 'amd64', os.version: '10.0', java.version: '1.8.0_101'
Driver info: org.openqa.selenium.ie.InternetExplorerDriver
Capabilities {acceptInsecureCerts: false, browserName: internet explorer, browserVersion: 11, javascriptEnabled: true, pageLoadStrategy: normal, platform: WINDOWS, platformName: WINDOWS, proxy: Proxy(), se:ieOptions: {browserAttachTimeout: 0, elementScrollBehavior: 0, enablePersistentHover: true, ie.browserCommandLineSwitches: , ie.ensureCleanSession: false, ie.fileUploadDialogTimeout: 3000, ie.forceCreateProcessApi: false, ignoreProtectedModeSettings: true, ignoreZoomSetting: false, initialBrowserUrl: http://localhost:5225/, nativeEvents: true, requireWindowFocus: false}, setWindowRect: true, timeouts: {implicit: 0, pageLoad: 300000, script: 30000}, unhandledPromptBehavior: ignore}
Session ID: caa726fe-13ea-481d-915a-c9c133c227a5
*** Element info: {Using=name, value=fieldValue}
2020/07/14 10:36:24:558  INFO com.sinosoft.test.base.TestBase:68 - 异常的message 是：Unable to find element with css selector == *[name='fieldValue']
For documentation on this error, please visit: http://seleniumhq.org/exceptions/no_such_element.html
Build info: version: '3.9.0', revision: '698b3178f0', time: '2018-02-05T14:26:55.441Z'
System info: host: 'DESKTOP-I9S3ABE', ip: '100.100.96.220', os.name: 'Windows 10', os.arch: 'amd64', os.version: '10.0', java.version: '1.8.0_101'
Driver info: org.openqa.selenium.ie.InternetExplorerDriver
Capabilities {acceptInsecureCerts: false, browserName: internet explorer, browserVersion: 11, javascriptEnabled: true, pageLoadStrategy: normal, platform: WINDOWS, platformName: WINDOWS, proxy: Proxy(), se:ieOptions: {browserAttachTimeout: 0, elementScrollBehavior: 0, enablePersistentHover: true, ie.browserCommandLineSwitches: , ie.ensureCleanSession: false, ie.fileUploadDialogTimeout: 3000, ie.forceCreateProcessApi: false, ignoreProtectedModeSettings: true, ignoreZoomSetting: false, initialBrowserUrl: http://localhost:5225/, nativeEvents: true, requireWindowFocus: false}, setWindowRect: true, timeouts: {implicit: 0, pageLoad: 300000, script: 30000}, unhandledPromptBehavior: ignore}
Session ID: caa726fe-13ea-481d-915a-c9c133c227a5
*** Element info: {Using=name, value=fieldValue}
2020/07/14 10:36:24:559 DEBUG com.sinosoft.test.base.TestBase:76 - Trying to find Element By : By.name: fieldValue
2020/07/14 10:36:26:968 DEBUG com.sinosoft.test.base.TestBase:66 - 系统自动捕获异常：Exception occured: org.openqa.selenium.NoSuchElementException: Unable to find element with css selector == *[name='fieldValue']
For documentation on this error, please visit: http://seleniumhq.org/exceptions/no_such_element.html
Build info: version: '3.9.0', revision: '698b3178f0', time: '2018-02-05T14:26:55.441Z'
System info: host: 'DESKTOP-I9S3ABE', ip: '100.100.96.220', os.name: 'Windows 10', os.arch: 'amd64', os.version: '10.0', java.version: '1.8.0_101'
Driver info: org.openqa.selenium.ie.InternetExplorerDriver
Capabilities {acceptInsecureCerts: false, browserName: internet explorer, browserVersion: 11, javascriptEnabled: true, pageLoadStrategy: normal, platform: WINDOWS, platformName: WINDOWS, proxy: Proxy(), se:ieOptions: {browserAttachTimeout: 0, elementScrollBehavior: 0, enablePersistentHover: true, ie.browserCommandLineSwitches: , ie.ensureCleanSession: false, ie.fileUploadDialogTimeout: 3000, ie.forceCreateProcessApi: false, ignoreProtectedModeSettings: true, ignoreZoomSetting: false, initialBrowserUrl: http://localhost:5225/, nativeEvents: true, requireWindowFocus: false}, setWindowRect: true, timeouts: {implicit: 0, pageLoad: 300000, script: 30000}, unhandledPromptBehavior: ignore}
Session ID: caa726fe-13ea-481d-915a-c9c133c227a5
*** Element info: {Using=name, value=fieldValue}
2020/07/14 10:36:26:968  INFO com.sinosoft.test.base.TestBase:68 - 异常的message 是：Unable to find element with css selector == *[name='fieldValue']
For documentation on this error, please visit: http://seleniumhq.org/exceptions/no_such_element.html
Build info: version: '3.9.0', revision: '698b3178f0', time: '2018-02-05T14:26:55.441Z'
System info: host: 'DESKTOP-I9S3ABE', ip: '100.100.96.220', os.name: 'Windows 10', os.arch: 'amd64', os.version: '10.0', java.version: '1.8.0_101'
Driver info: org.openqa.selenium.ie.InternetExplorerDriver
Capabilities {acceptInsecureCerts: false, browserName: internet explorer, browserVersion: 11, javascriptEnabled: true, pageLoadStrategy: normal, platform: WINDOWS, platformName: WINDOWS, proxy: Proxy(), se:ieOptions: {browserAttachTimeout: 0, elementScrollBehavior: 0, enablePersistentHover: true, ie.browserCommandLineSwitches: , ie.ensureCleanSession: false, ie.fileUploadDialogTimeout: 3000, ie.forceCreateProcessApi: false, ignoreProtectedModeSettings: true, ignoreZoomSetting: false, initialBrowserUrl: http://localhost:5225/, nativeEvents: true, requireWindowFocus: false}, setWindowRect: true, timeouts: {implicit: 0, pageLoad: 300000, script: 30000}, unhandledPromptBehavior: ignore}
Session ID: caa726fe-13ea-481d-915a-c9c133c227a5
*** Element info: {Using=name, value=fieldValue}
2020/07/14 10:36:27:219 DEBUG com.sinosoft.test.base.TestBase:76 - Trying to find Element By : By.name: fieldValue
2020/07/14 10:36:30:141 DEBUG com.sinosoft.test.base.TestBase:66 - 系统自动捕获异常：Exception occured: org.openqa.selenium.WebDriverException: java.net.ConnectException: Failed to connect to localhost/0:0:0:0:0:0:0:1:5225
Build info: version: '3.9.0', revision: '698b3178f0', time: '2018-02-05T14:26:55.441Z'
System info: host: 'DESKTOP-I9S3ABE', ip: '100.100.96.220', os.name: 'Windows 10', os.arch: 'amd64', os.version: '10.0', java.version: '1.8.0_101'
Driver info: driver.version: EventFiringWebDriver
2020/07/14 10:36:30:142  INFO com.sinosoft.test.base.TestBase:68 - 异常的message 是：java.net.ConnectException: Failed to connect to localhost/0:0:0:0:0:0:0:1:5225
Build info: version: '3.9.0', revision: '698b3178f0', time: '2018-02-05T14:26:55.441Z'
System info: host: 'DESKTOP-I9S3ABE', ip: '100.100.96.220', os.name: 'Windows 10', os.arch: 'amd64', os.version: '10.0', java.version: '1.8.0_101'
Driver info: driver.version: EventFiringWebDriver
2020/07/14 10:36:30:142  INFO com.sinosoft.test.base.TestBase:125 - 执行测试用例发生了异常，开始截屏
org.openqa.selenium.WebDriverException: java.net.ConnectException: Failed to connect to localhost/0:0:0:0:0:0:0:1:5225
Build info: version: '3.9.0', revision: '698b3178f0', time: '2018-02-05T14:26:55.441Z'
System info: host: 'DESKTOP-I9S3ABE', ip: '100.100.96.220', os.name: 'Windows 10', os.arch: 'amd64', os.version: '10.0', java.version: '1.8.0_101'
Driver info: driver.version: EventFiringWebDriver
	at org.openqa.selenium.remote.service.DriverCommandExecutor.execute(DriverCommandExecutor.java:92)
	at org.openqa.selenium.remote.RemoteWebDriver.execute(RemoteWebDriver.java:601)
	at org.openqa.selenium.remote.RemoteWebDriver.findElement(RemoteWebDriver.java:371)
	at org.openqa.selenium.remote.RemoteWebDriver.findElementByName(RemoteWebDriver.java:449)
	at org.openqa.selenium.By$ByName.findElement(By.java:303)
	at org.openqa.selenium.remote.RemoteWebDriver.findElement(RemoteWebDriver.java:363)
	at sun.reflect.GeneratedMethodAccessor3.invoke(Unknown Source)
	at sun.reflect.DelegatingMethodAccessorImpl.invoke(DelegatingMethodAccessorImpl.java:43)
	at java.lang.reflect.Method.invoke(Method.java:498)
	at org.openqa.selenium.support.events.EventFiringWebDriver$2.invoke(EventFiringWebDriver.java:108)
	at com.sun.proxy.$Proxy8.findElement(Unknown Source)
	at org.openqa.selenium.support.events.EventFiringWebDriver.findElement(EventFiringWebDriver.java:192)
	at org.openqa.selenium.support.pagefactory.DefaultElementLocator.findElement(DefaultElementLocator.java:69)
	at org.openqa.selenium.support.pagefactory.AjaxElementLocator.access$001(AjaxElementLocator.java:41)
	at org.openqa.selenium.support.pagefactory.AjaxElementLocator$SlowLoadingElement.isLoaded(AjaxElementLocator.java:157)
	at org.openqa.selenium.support.ui.SlowLoadableComponent.get(SlowLoadableComponent.java:58)
	at org.openqa.selenium.support.pagefactory.AjaxElementLocator.findElement(AjaxElementLocator.java:87)
	at org.openqa.selenium.support.pagefactory.internal.LocatingElementHandler.invoke(LocatingElementHandler.java:38)
	at com.sun.proxy.$Proxy12.toString(Unknown Source)
	at com.sinosoft.test.base.TestBase.setEditboxValue(TestBase.java:360)
	at com.sinosoft.test.fccp.common.CodeSelectPage.selectByCodes(CodeSelectPage.java:45)
	at com.sinosoft.test.fccp.common.FccbBase.CodeSelect(FccbBase.java:46)
	at com.sinosoft.test.fccp.tbcl.BasicInfoPage.inputSalesInfoAction(BasicInfoPage.java:348)
	at com.sinosoft.test.fccp.tbcl.BasicInfoPage.inputSalesInfoAction(BasicInfoPage.java:363)
	at com.sinosoft.testcases.fccb.TBGLTestCase.FCCB_TBCL(TBGLTestCase.java:93)
	at sun.reflect.NativeMethodAccessorImpl.invoke0(Native Method)
	at sun.reflect.NativeMethodAccessorImpl.invoke(NativeMethodAccessorImpl.java:62)
	at sun.reflect.DelegatingMethodAccessorImpl.invoke(DelegatingMethodAccessorImpl.java:43)
	at java.lang.reflect.Method.invoke(Method.java:498)
	at org.testng.internal.MethodInvocationHelper.invokeMethod(MethodInvocationHelper.java:108)
	at org.testng.internal.Invoker.invokeMethod(Invoker.java:661)
	at org.testng.internal.Invoker.invokeTestMethod(Invoker.java:869)
	at org.testng.internal.Invoker.invokeTestMethods(Invoker.java:1193)
	at org.testng.internal.TestMethodWorker.invokeTestMethods(TestMethodWorker.java:126)
	at org.testng.internal.TestMethodWorker.run(TestMethodWorker.java:109)
	at org.testng.TestRunner.privateRun(TestRunner.java:744)
	at org.testng.TestRunner.run(TestRunner.java:602)
	at org.testng.SuiteRunner.runTest(SuiteRunner.java:380)
	at org.testng.SuiteRunner.runSequentially(SuiteRunner.java:375)
	at org.testng.SuiteRunner.privateRun(SuiteRunner.java:340)
	at org.testng.SuiteRunner.run(SuiteRunner.java:289)
	at org.testng.SuiteRunnerWorker.runSuite(SuiteRunnerWorker.java:52)
	at org.testng.SuiteRunnerWorker.run(SuiteRunnerWorker.java:86)
	at org.testng.TestNG.runSuitesSequentially(TestNG.java:1301)
	at org.testng.TestNG.runSuitesLocally(TestNG.java:1226)
	at org.testng.TestNG.runSuites(TestNG.java:1144)
	at org.testng.TestNG.run(TestNG.java:1115)
	at org.apache.maven.surefire.testng.TestNGExecutor.run(TestNGExecutor.java:283)
	at org.apache.maven.surefire.testng.TestNGXmlTestSuite.execute(TestNGXmlTestSuite.java:75)
	at org.apache.maven.surefire.testng.TestNGProvider.invoke(TestNGProvider.java:120)
	at org.apache.maven.surefire.booter.ForkedBooter.invokeProviderInSameClassLoader(ForkedBooter.java:384)
	at org.apache.maven.surefire.booter.ForkedBooter.runSuitesInProcess(ForkedBooter.java:345)
	at org.apache.maven.surefire.booter.ForkedBooter.execute(ForkedBooter.java:126)
	at org.apache.maven.surefire.booter.ForkedBooter.main(ForkedBooter.java:418)
Caused by: java.net.ConnectException: Failed to connect to localhost/0:0:0:0:0:0:0:1:5225
	at okhttp3.internal.connection.RealConnection.connectSocket(RealConnection.java:240)
	at okhttp3.internal.connection.RealConnection.connect(RealConnection.java:158)
	at okhttp3.internal.connection.StreamAllocation.findConnection(StreamAllocation.java:256)
	at okhttp3.internal.connection.StreamAllocation.findHealthyConnection(StreamAllocation.java:134)
	at okhttp3.internal.connection.StreamAllocation.newStream(StreamAllocation.java:113)
	at okhttp3.internal.connection.ConnectInterceptor.intercept(ConnectInterceptor.java:42)
	at okhttp3.internal.http.RealInterceptorChain.proceed(RealInterceptorChain.java:147)
	at okhttp3.internal.http.RealInterceptorChain.proceed(RealInterceptorChain.java:121)
	at okhttp3.internal.cache.CacheInterceptor.intercept(CacheInterceptor.java:93)
	at okhttp3.internal.http.RealInterceptorChain.proceed(RealInterceptorChain.java:147)
	at okhttp3.internal.http.RealInterceptorChain.proceed(RealInterceptorChain.java:121)
	at okhttp3.internal.http.BridgeInterceptor.intercept(BridgeInterceptor.java:93)
	at okhttp3.internal.http.RealInterceptorChain.proceed(RealInterceptorChain.java:147)
	at okhttp3.internal.http.RetryAndFollowUpInterceptor.intercept(RetryAndFollowUpInterceptor.java:125)
	at okhttp3.internal.http.RealInterceptorChain.proceed(RealInterceptorChain.java:147)
	at okhttp3.internal.http.RealInterceptorChain.proceed(RealInterceptorChain.java:121)
	at okhttp3.RealCall.getResponseWithInterceptorChain(RealCall.java:200)
	at okhttp3.RealCall.execute(RealCall.java:77)
	at org.openqa.selenium.remote.internal.OkHttpClient.execute(OkHttpClient.java:97)
	at org.openqa.selenium.remote.internal.OkHttpClient.execute(OkHttpClient.java:47)
	at org.openqa.selenium.remote.HttpCommandExecutor.execute(HttpCommandExecutor.java:157)
	at org.openqa.selenium.remote.service.DriverCommandExecutor.execute(DriverCommandExecutor.java:83)
	... 53 more
Caused by: java.net.ConnectException: Connection refused: connect
	at java.net.DualStackPlainSocketImpl.waitForConnect(Native Method)
	at java.net.DualStackPlainSocketImpl.socketConnect(DualStackPlainSocketImpl.java:85)
	at java.net.AbstractPlainSocketImpl.doConnect(AbstractPlainSocketImpl.java:350)
	at java.net.AbstractPlainSocketImpl.connectToAddress(AbstractPlainSocketImpl.java:206)
	at java.net.AbstractPlainSocketImpl.connect(AbstractPlainSocketImpl.java:188)
	at java.net.PlainSocketImpl.connect(PlainSocketImpl.java:172)
	at java.net.SocksSocketImpl.connect(SocksSocketImpl.java:392)
	at java.net.Socket.connect(Socket.java:589)
	at okhttp3.internal.platform.Platform.connectSocket(Platform.java:125)
	at okhttp3.internal.connection.RealConnection.connectSocket(RealConnection.java:238)
	... 74 more
2020/07/14 10:36:30:143 DEBUG com.sinosoft.test.base.TestBase:88 - 截屏文件名字是：FCCB_TB_JCX_1_异常截屏
2020/07/14 10:36:34:162 DEBUG com.sinosoft.test.base.TestBase:66 - 系统自动捕获异常：Exception occured: org.openqa.selenium.WebDriverException: java.net.ConnectException: Failed to connect to localhost/0:0:0:0:0:0:0:1:5225
Build info: version: '3.9.0', revision: '698b3178f0', time: '2018-02-05T14:26:55.441Z'
System info: host: 'DESKTOP-I9S3ABE', ip: '100.100.96.220', os.name: 'Windows 10', os.arch: 'amd64', os.version: '10.0', java.version: '1.8.0_101'
Driver info: driver.version: EventFiringWebDriver
2020/07/14 10:36:34:168  INFO com.sinosoft.test.base.TestBase:68 - 异常的message 是：java.net.ConnectException: Failed to connect to localhost/0:0:0:0:0:0:0:1:5225
Build info: version: '3.9.0', revision: '698b3178f0', time: '2018-02-05T14:26:55.441Z'
System info: host: 'DESKTOP-I9S3ABE', ip: '100.100.96.220', os.name: 'Windows 10', os.arch: 'amd64', os.version: '10.0', java.version: '1.8.0_101'
Driver info: driver.version: EventFiringWebDriver
2020/07/14 10:36:34:169 ERROR com.sinosoft.test.base.TestBase:94 - 浏览截屏失败：
org.openqa.selenium.WebDriverException: java.net.ConnectException: Failed to connect to localhost/0:0:0:0:0:0:0:1:5225
Build info: version: '3.9.0', revision: '698b3178f0', time: '2018-02-05T14:26:55.441Z'
System info: host: 'DESKTOP-I9S3ABE', ip: '100.100.96.220', os.name: 'Windows 10', os.arch: 'amd64', os.version: '10.0', java.version: '1.8.0_101'
Driver info: driver.version: EventFiringWebDriver
	at org.openqa.selenium.remote.service.DriverCommandExecutor.execute(DriverCommandExecutor.java:92)
	at org.openqa.selenium.remote.RemoteWebDriver.execute(RemoteWebDriver.java:601)
	at org.openqa.selenium.remote.RemoteWebDriver.execute(RemoteWebDriver.java:658)
	at org.openqa.selenium.ie.InternetExplorerDriver.getScreenshotAs(InternetExplorerDriver.java:235)
	at sun.reflect.NativeMethodAccessorImpl.invoke0(Native Method)
	at sun.reflect.NativeMethodAccessorImpl.invoke(NativeMethodAccessorImpl.java:62)
	at sun.reflect.DelegatingMethodAccessorImpl.invoke(DelegatingMethodAccessorImpl.java:43)
	at java.lang.reflect.Method.invoke(Method.java:498)
	at org.openqa.selenium.support.events.EventFiringWebDriver$2.invoke(EventFiringWebDriver.java:108)
	at com.sun.proxy.$Proxy8.getScreenshotAs(Unknown Source)
	at org.openqa.selenium.support.events.EventFiringWebDriver.getScreenshotAs(EventFiringWebDriver.java:291)
	at com.sinosoft.test.util.TestUtil.takeScreenshot(TestUtil.java:89)
	at com.sinosoft.testcases.fccb.TBGLTestCase.FCCB_TBCL(TBGLTestCase.java:126)
	at sun.reflect.NativeMethodAccessorImpl.invoke0(Native Method)
	at sun.reflect.NativeMethodAccessorImpl.invoke(NativeMethodAccessorImpl.java:62)
	at sun.reflect.DelegatingMethodAccessorImpl.invoke(DelegatingMethodAccessorImpl.java:43)
	at java.lang.reflect.Method.invoke(Method.java:498)
	at org.testng.internal.MethodInvocationHelper.invokeMethod(MethodInvocationHelper.java:108)
	at org.testng.internal.Invoker.invokeMethod(Invoker.java:661)
	at org.testng.internal.Invoker.invokeTestMethod(Invoker.java:869)
	at org.testng.internal.Invoker.invokeTestMethods(Invoker.java:1193)
	at org.testng.internal.TestMethodWorker.invokeTestMethods(TestMethodWorker.java:126)
	at org.testng.internal.TestMethodWorker.run(TestMethodWorker.java:109)
	at org.testng.TestRunner.privateRun(TestRunner.java:744)
	at org.testng.TestRunner.run(TestRunner.java:602)
	at org.testng.SuiteRunner.runTest(SuiteRunner.java:380)
	at org.testng.SuiteRunner.runSequentially(SuiteRunner.java:375)
	at org.testng.SuiteRunner.privateRun(SuiteRunner.java:340)
	at org.testng.SuiteRunner.run(SuiteRunner.java:289)
	at org.testng.SuiteRunnerWorker.runSuite(SuiteRunnerWorker.java:52)
	at org.testng.SuiteRunnerWorker.run(SuiteRunnerWorker.java:86)
	at org.testng.TestNG.runSuitesSequentially(TestNG.java:1301)
	at org.testng.TestNG.runSuitesLocally(TestNG.java:1226)
	at org.testng.TestNG.runSuites(TestNG.java:1144)
	at org.testng.TestNG.run(TestNG.java:1115)
	at org.apache.maven.surefire.testng.TestNGExecutor.run(TestNGExecutor.java:283)
	at org.apache.maven.surefire.testng.TestNGXmlTestSuite.execute(TestNGXmlTestSuite.java:75)
	at org.apache.maven.surefire.testng.TestNGProvider.invoke(TestNGProvider.java:120)
	at org.apache.maven.surefire.booter.ForkedBooter.invokeProviderInSameClassLoader(ForkedBooter.java:384)
	at org.apache.maven.surefire.booter.ForkedBooter.runSuitesInProcess(ForkedBooter.java:345)
	at org.apache.maven.surefire.booter.ForkedBooter.execute(ForkedBooter.java:126)
	at org.apache.maven.surefire.booter.ForkedBooter.main(ForkedBooter.java:418)
Caused by: java.net.ConnectException: Failed to connect to localhost/0:0:0:0:0:0:0:1:5225
	at okhttp3.internal.connection.RealConnection.connectSocket(RealConnection.java:240)
	at okhttp3.internal.connection.RealConnection.connect(RealConnection.java:158)
	at okhttp3.internal.connection.StreamAllocation.findConnection(StreamAllocation.java:256)
	at okhttp3.internal.connection.StreamAllocation.findHealthyConnection(StreamAllocation.java:134)
	at okhttp3.internal.connection.StreamAllocation.newStream(StreamAllocation.java:113)
	at okhttp3.internal.connection.ConnectInterceptor.intercept(ConnectInterceptor.java:42)
	at okhttp3.internal.http.RealInterceptorChain.proceed(RealInterceptorChain.java:147)
	at okhttp3.internal.http.RealInterceptorChain.proceed(RealInterceptorChain.java:121)
	at okhttp3.internal.cache.CacheInterceptor.intercept(CacheInterceptor.java:93)
	at okhttp3.internal.http.RealInterceptorChain.proceed(RealInterceptorChain.java:147)
	at okhttp3.internal.http.RealInterceptorChain.proceed(RealInterceptorChain.java:121)
	at okhttp3.internal.http.BridgeInterceptor.intercept(BridgeInterceptor.java:93)
	at okhttp3.internal.http.RealInterceptorChain.proceed(RealInterceptorChain.java:147)
	at okhttp3.internal.http.RetryAndFollowUpInterceptor.intercept(RetryAndFollowUpInterceptor.java:125)
	at okhttp3.internal.http.RealInterceptorChain.proceed(RealInterceptorChain.java:147)
	at okhttp3.internal.http.RealInterceptorChain.proceed(RealInterceptorChain.java:121)
	at okhttp3.RealCall.getResponseWithInterceptorChain(RealCall.java:200)
	at okhttp3.RealCall.execute(RealCall.java:77)
	at org.openqa.selenium.remote.internal.OkHttpClient.execute(OkHttpClient.java:97)
	at org.openqa.selenium.remote.internal.OkHttpClient.execute(OkHttpClient.java:47)
	at org.openqa.selenium.remote.HttpCommandExecutor.execute(HttpCommandExecutor.java:157)
	at org.openqa.selenium.remote.service.DriverCommandExecutor.execute(DriverCommandExecutor.java:83)
	... 41 more
Caused by: java.net.ConnectException: Connection refused: connect
	at java.net.DualStackPlainSocketImpl.waitForConnect(Native Method)
	at java.net.DualStackPlainSocketImpl.socketConnect(DualStackPlainSocketImpl.java:85)
	at java.net.AbstractPlainSocketImpl.doConnect(AbstractPlainSocketImpl.java:350)
	at java.net.AbstractPlainSocketImpl.connectToAddress(AbstractPlainSocketImpl.java:206)
	at java.net.AbstractPlainSocketImpl.connect(AbstractPlainSocketImpl.java:188)
	at java.net.PlainSocketImpl.connect(PlainSocketImpl.java:172)
	at java.net.SocksSocketImpl.connect(SocksSocketImpl.java:392)
	at java.net.Socket.connect(Socket.java:589)
	at okhttp3.internal.platform.Platform.connectSocket(Platform.java:125)
	at okhttp3.internal.connection.RealConnection.connectSocket(RealConnection.java:238)
	... 62 more
2020/07/14 10:36:34:170  INFO com.sinosoft.test.base.TestBase:129 - 执行测试用例发生了异常，截屏结束！
2020/07/14 10:36:34:175  INFO com.sinosoft.test.base.TestBase:132 - 进入Finally事件:RowID:2
2020/07/14 10:36:34:176  INFO com.sinosoft.test.base.TestBase:133 - 进入Finally事件:testCaseName:FCCB_TBCL
2020/07/14 10:36:34:176  INFO com.sinosoft.test.base.TestBase:134 - 进入Finally事件:proposalNumber:06201890101202000000000224
2020/07/14 10:36:34:177  INFO com.sinosoft.test.base.TestBase:135 - 进入Finally事件:message:未知异常java.net.ConnectException: Failed to connect to localhost/0:0:0:0:0:0:0:1:5225
Build info: version: '3.9.0', revision: '698b3178f0', time: '2018-02-05T14:26:55.441Z'
System info: host: 'DESKTOP-I9S3ABE', ip: '100.100.96.220', os.name: 'Windows 10', os.arch: 'amd64', os.version: '10.0', java.version: '1.8.0_101'
Driver info: driver.version: EventFiringWebDriver
2020/07/14 10:36:34:177  INFO com.sinosoft.test.base.TestBase:136 - 进入Finally事件:screenshot:
2020/07/14 10:36:34:337  INFO com.sinosoft.test.base.TestBase:91 - start InternetExplorerDriver
2020/07/14 10:36:35:751 DEBUG com.sinosoft.test.base.TestBase:69 - 初始化class com.sinosoft.test.util.WebEventListener
2020/07/14 10:36:35:769  INFO com.sinosoft.test.base.TestBase:80 - 开始运行测试脚本，获取到的测试数据《getTBCLTestData》如下:
2020/07/14 10:36:35:770  INFO com.sinosoft.test.base.TestBase:81 - ROW_ID=3
ProcessFlag=N
TestCaseName=FCCB_TB_JCX
TestCaseSeq=2
TestDescription=非车承保企财险-工程机械设备保险-出单
riskClass=01
riskCode=0122
renewalInd=0
renewalPolicy=
prePay=
carrayOver=
carrayOverPolicy=
relatedInd=
relatedPolicy=
fbbs=
ywgs=01620189
qdlx=04
gdbs=0
xstd=T6209880101
ywy=S000000029
ywly=01010101
dljg=
xsxy=
cxywbs=HXXT
cdjg=
htzyjjfs=
jnwbz=
jw_country=
jw_Addr=
snbz=
sftkbd=0
sfdzbd=0
sfxb=0
fxqkyjytz=
sfydyw=
sfsn=
xbbdh=
tbr_lx=2
tbr_mc=
tbr_vip=
tbr_dm=G6200019984
tbr_zjlx=
tbr_zjhm=
tbr_sj=
tbr_csrq=
tbr_lxdz=
tbr_dwdh=010-67549095-455
lxr_xm=
lxr_xb=
lxr_zw=
lxr_sj=
lxr_yx=
xzsyfw=1
tqmc=
qbrq=
zbrq=
lgbbz=0
yyzdbz=
sfgxdm=1
cbdq=0001
zzfwlx=2
hydl=03
hyxl=03006
jqbm=121121123123
bbdm=CNY
sf=130000
cs=130300
qx=130302
yb=065201
jzdj=
bxcs=
bdw_jd=
bdw_yyxz=
bdw_sfhyf=
bdw_fxlx=
bdw_sbmc=大型联合收割机
bdw_cjh=V1239876895
bdw_fdjh=E00239988
bdw_cjdjrq=20150101
bdw_cllx=车辆类型
bdw_cpcx=厂牌车型
bdw_sccj=东方红
bdw_gzjz=2000000
bdw_sgzyqy=华北地区
bdw_zylx=
bdw=010081
bdwmx=
xbdm=0122001
jrbe=1
jzfs=10
bxje=2000000
bffl=3
dqflbz=2
ysbf=600
yyzd_zdpcg=
yyzd_sndmlrze=
yyzd_sndyye=
yyzd_bdw=
yyzd_bdwmx=
yyzd_xbdm=
yyzd_jrbe=
yyzd_jzfs=
yyzd_bxje=
yyzd_bffl=
yyzd_dqflbz=
yyzd_ysbf=
fsh=5
xsfdj=A
xsfxs=2
jgx_sf=
jgx_cs=
jgx_qx=
jgx_gcdd=
jgx_bb=
jgx_gcmc=
jgx_gclx_1=
jgx_gclx_2=
jgx_gclx_3=
jgx_gclx_4=
jgx_gclx_5=
jgx_gclx_6=
jgx_yzssjt=
jgx_yz=
jgx_cbs_ssjt=
jgx_cbs=
jgx_gchth=
jgx_gcjz=
jgx_gcqsrq=
jgx_gczzrq=
jgx_gcfw=
jgx_scqqsrq=
jgx_scqzzrq=
jgx_bzqqsrq=
jgx_bzqzzrq=
jgx_ws_xmlbdm=
jgx_ws_jrbe=
jgx_ws_bxje=
jgx_ws_fl=
jgx_ws_dqflbz=
jgx_ws_ysbf=
jgx_sz_xbdm=
jgx_sz_jrbe=
jgx_sz_ljpcxe=
jgx_sz_fv=
jgx_sz_dqflbz=
jgx_sz_ysbf=
proposalNumber=06201890122202000000000005
message=未知异常Currently focused window has been closed.
Build info: version: '3.9.0', revision: '698b3178f0', time: '2018-02-05T14:26:55.441Z'
System info: host: 'DESKTOP-I9S3ABE', ip: '100.100.96.220', os.name: 'Windows 10', os.arch: 'amd64', os.version: '10.0', java.version: '1.8.0_101'
Driver info: org.openqa.selenium.ie.InternetExplorerDriver
Capabilities {acceptInsecureCerts: false, browserName: internet explorer, browserVersion: 11, javascriptEnabled: true, pageLoadStrategy: normal, platform: WINDOWS, platformName: WINDOWS, proxy: Proxy(), se:ieOptions: {browserAttachTimeout: 0, elementScrollBehavior: 0, enablePersistentHover: true, ie.browserCommandLineSwitches: , ie.ensureCleanSession: false, ie.fileUploadDialogTimeout: 3000, ie.forceCreateProcessApi: false, ignoreProtectedModeSettings: true, ignoreZoomSetting: false, initialBrowserUrl: http://localhost:48130/, nativeEvents: true, requireWindowFocus: false}, setWindowRect: true, timeouts: {implicit: 0, pageLoad: 300000, script: 30000}, unhandledPromptBehavior: ignore}
Session ID: 7a56cff7-bff3-4e73-9241-177c580d1162
*** Element info: {Using=name, value=fieldValue}
screenshot=
testCaseName=FCCB_TBCL

2020/07/14 10:36:35:773  INFO com.sinosoft.test.base.TestBase:132 - 进入Finally事件:RowID:3
2020/07/14 10:36:35:774  INFO com.sinosoft.test.base.TestBase:133 - 进入Finally事件:testCaseName:FCCB_TBCL
2020/07/14 10:36:35:774  INFO com.sinosoft.test.base.TestBase:134 - 进入Finally事件:proposalNumber:06201890122202000000000005
2020/07/14 10:36:35:775  INFO com.sinosoft.test.base.TestBase:135 - 进入Finally事件:message:未知异常Currently focused window has been closed.
Build info: version: '3.9.0', revision: '698b3178f0', time: '2018-02-05T14:26:55.441Z'
System info: host: 'DESKTOP-I9S3ABE', ip: '100.100.96.220', os.name: 'Windows 10', os.arch: 'amd64', os.version: '10.0', java.version: '1.8.0_101'
Driver info: org.openqa.selenium.ie.InternetExplorerDriver
Capabilities {acceptInsecureCerts: false, browserName: internet explorer, browserVersion: 11, javascriptEnabled: true, pageLoadStrategy: normal, platform: WINDOWS, platformName: WINDOWS, proxy: Proxy(), se:ieOptions: {browserAttachTimeout: 0, elementScrollBehavior: 0, enablePersistentHover: true, ie.browserCommandLineSwitches: , ie.ensureCleanSession: false, ie.fileUploadDialogTimeout: 3000, ie.forceCreateProcessApi: false, ignoreProtectedModeSettings: true, ignoreZoomSetting: false, initialBrowserUrl: http://localhost:48130/, nativeEvents: true, requireWindowFocus: false}, setWindowRect: true, timeouts: {implicit: 0, pageLoad: 300000, script: 30000}, unhandledPromptBehavior: ignore}
Session ID: 7a56cff7-bff3-4e73-9241-177c580d1162
*** Element info: {Using=name, value=fieldValue}
2020/07/14 10:36:35:776  INFO com.sinosoft.test.base.TestBase:136 - 进入Finally事件:screenshot:
2020/07/14 10:36:35:891  INFO com.sinosoft.test.base.TestBase:91 - start InternetExplorerDriver
2020/07/14 10:36:37:632 DEBUG com.sinosoft.test.base.TestBase:69 - 初始化class com.sinosoft.test.util.WebEventListener
2020/07/14 10:36:37:648  INFO com.sinosoft.test.base.TestBase:80 - 开始运行测试脚本，获取到的测试数据《getTBCLTestData》如下:
2020/07/14 10:36:37:649  INFO com.sinosoft.test.base.TestBase:81 - ROW_ID=4
ProcessFlag=N
TestCaseName=FCCB_TB_GCX
TestCaseSeq=1
TestDescription=非车承保企财险-建工一切险-出单
riskClass=07
riskCode=0701
renewalInd=0
renewalPolicy=
prePay=
carrayOver=
carrayOverPolicy=
relatedInd=
relatedPolicy=
fbbs=
ywgs=01620190
qdlx=01
gdbs=6
xstd=T6201900101
ywy=S000000006
ywly=01010101
dljg=
xsxy=
cxywbs=YDW
cdjg=01
htzyjjfs=2
jnwbz=
jw_country=
jw_Addr=
snbz=
sftkbd=0
sfdzbd=0
sfxb=0
fxqkyjytz=
sfydyw=
sfsn=
xbbdh=
tbr_lx=1
tbr_mc=
tbr_vip=
tbr_dm=I11101757160
tbr_zjlx=
tbr_zjhm=
tbr_sj=
tbr_csrq=
tbr_lxdz=
tbr_dwdh=
lxr_xm=
lxr_xb=
lxr_zw=
lxr_sj=
lxr_yx=
xzsyfw=1
tqmc=
qbrq=
zbrq=
lgbbz=0
yyzdbz=
sfgxdm=1
cbdq=0001
zzfwlx=0
hydl=
hyxl=
jqbm=
bbdm=
sf=
cs=
qx=
yb=
jzdj=
bxcs=
bdw_jd=
bdw_yyxz=
bdw_sfhyf=
bdw_fxlx=
bdw_sbmc=
bdw_cjh=
bdw_fdjh=
bdw_cjdjrq=
bdw_cllx=
bdw_cpcx=
bdw_sccj=
bdw_gzjz=
bdw_sgzyqy=
bdw_zylx=
bdw=
bdwmx=
xbdm=
jrbe=
jzfs=
bxje=
bffl=
dqflbz=
ysbf=
yyzd_zdpcg=
yyzd_sndmlrze=
yyzd_sndyye=
yyzd_bdw=
yyzd_bdwmx=
yyzd_xbdm=
yyzd_jrbe=
yyzd_jzfs=
yyzd_bxje=
yyzd_bffl=
yyzd_dqflbz=
yyzd_ysbf=
fsh=5
xsfdj=A
xsfxs=2
jgx_sf=620000
jgx_cs=620100
jgx_qx=620102
jgx_gcdd=市政府家属院
jgx_bb=CNY
jgx_gcmc=市政府家属院污水改造工程
jgx_gclx_1=001
jgx_gclx_2=002
jgx_gclx_3=005
jgx_gclx_4=
jgx_gclx_5=006
jgx_gclx_6=007
jgx_yzssjt=0020
jgx_yz=00200001
jgx_cbs_ssjt=9999
jgx_cbs=99990018
jgx_gchth=JGX00020002001
jgx_gcjz=20000000
jgx_gcqsrq=20200301
jgx_gczzrq=20201231
jgx_gcfw=商业体开发及装修
jgx_scqqsrq=20200301
jgx_scqzzrq=20200331
jgx_bzqqsrq=20210101
jgx_bzqzzrq=20211231
jgx_ws_xmlbdm=070001
jgx_ws_jrbe=1
jgx_ws_bxje=20000000
jgx_ws_fl=4
jgx_ws_dqflbz=4
jgx_ws_ysbf=8000
jgx_sz_xbdm=0701034
jgx_sz_jrbe=1
jgx_sz_ljpcxe=10,000,000.00
jgx_sz_fv=2
jgx_sz_dqflbz=4
jgx_sz_ysbf=2000
proposalNumber=06201900701202000000000091
message=
screenshot=
testCaseName=FCCB_TBCL

2020/07/14 10:36:37:650  INFO com.sinosoft.test.base.TestBase:132 - 进入Finally事件:RowID:4
2020/07/14 10:36:37:650  INFO com.sinosoft.test.base.TestBase:133 - 进入Finally事件:testCaseName:FCCB_TBCL
2020/07/14 10:36:37:651  INFO com.sinosoft.test.base.TestBase:134 - 进入Finally事件:proposalNumber:06201900701202000000000091
2020/07/14 10:36:37:652  INFO com.sinosoft.test.base.TestBase:135 - 进入Finally事件:message:
2020/07/14 10:36:37:652  INFO com.sinosoft.test.base.TestBase:136 - 进入Finally事件:screenshot:
2020/07/14 10:36:37:736  INFO com.sinosoft.test.base.TestBase:91 - start InternetExplorerDriver
2020/07/14 10:36:39:144 DEBUG com.sinosoft.test.base.TestBase:69 - 初始化class com.sinosoft.test.util.WebEventListener
2020/07/14 10:36:39:160  INFO com.sinosoft.test.base.TestBase:80 - 开始运行测试脚本，获取到的测试数据《getTBCLTestData》如下:
2020/07/14 10:36:39:161  INFO com.sinosoft.test.base.TestBase:81 - ROW_ID=5
ProcessFlag=N
TestCaseName=FCCB_TB_JCX
TestCaseSeq=2
TestDescription=非车承保企财险-机器损坏保险-出单
riskClass=01
riskCode=0107
renewalInd=0
renewalPolicy=
prePay=
carrayOver=
carrayOverPolicy=
relatedInd=
relatedPolicy=
fbbs=
ywgs=01620189
qdlx=04
gdbs=0
xstd=T6209880101
ywy=S000000029
ywly=01010101
dljg=
xsxy=
cxywbs=HXXT
cdjg=
htzyjjfs=
jnwbz=
jw_country=
jw_Addr=
snbz=
sftkbd=0
sfdzbd=0
sfxb=0
fxqkyjytz=
sfydyw=
sfsn=
xbbdh=
tbr_lx=2
tbr_mc=
tbr_vip=
tbr_dm=G6200019984
tbr_zjlx=
tbr_zjhm=
tbr_sj=
tbr_csrq=
tbr_lxdz=
tbr_dwdh=010-67549095-455
lxr_xm=
lxr_xb=
lxr_zw=
lxr_sj=
lxr_yx=
xzsyfw=1
tqmc=
qbrq=
zbrq=
lgbbz=0
yyzdbz=0
sfgxdm=1
cbdq=
zzfwlx=2
hydl=03
hyxl=03006
jqbm=121121123123
bbdm=CNY
sf=130000
cs=130300
qx=130302
yb=065201
jzdj=01
bxcs=北戴河公园
bdw_jd=西城区月坛街道
bdw_yyxz=01
bdw_sfhyf=0
bdw_fxlx=03
bdw_sbmc=
bdw_cjh=
bdw_fdjh=
bdw_cjdjrq=
bdw_cllx=
bdw_cpcx=
bdw_sccj=
bdw_gzjz=
bdw_sgzyqy=
bdw_zylx=
bdw=010007
bdwmx=
xbdm=0107001
jrbe=1
jzfs=09
bxje=2000000
bffl=0.5
dqflbz=2
ysbf=8000
yyzd_zdpcg=
yyzd_sndmlrze=
yyzd_sndyye=
yyzd_bdw=
yyzd_bdwmx=
yyzd_xbdm=
yyzd_jrbe=
yyzd_jzfs=
yyzd_bxje=
yyzd_bffl=
yyzd_dqflbz=
yyzd_ysbf=
fsh=5
xsfdj=A
xsfxs=2
jgx_sf=
jgx_cs=
jgx_qx=
jgx_gcdd=
jgx_bb=
jgx_gcmc=
jgx_gclx_1=
jgx_gclx_2=
jgx_gclx_3=
jgx_gclx_4=
jgx_gclx_5=
jgx_gclx_6=
jgx_yzssjt=
jgx_yz=
jgx_cbs_ssjt=
jgx_cbs=
jgx_gchth=
jgx_gcjz=
jgx_gcqsrq=
jgx_gczzrq=
jgx_gcfw=
jgx_scqqsrq=
jgx_scqzzrq=
jgx_bzqqsrq=
jgx_bzqzzrq=
jgx_ws_xmlbdm=
jgx_ws_jrbe=
jgx_ws_bxje=
jgx_ws_fl=
jgx_ws_dqflbz=
jgx_ws_ysbf=
jgx_sz_xbdm=
jgx_sz_jrbe=
jgx_sz_ljpcxe=
jgx_sz_fv=
jgx_sz_dqflbz=
jgx_sz_ysbf=
proposalNumber=06201890107202000000000005
message=未知异常Currently focused window has been closed.
Build info: version: '3.9.0', revision: '698b3178f0', time: '2018-02-05T14:26:55.441Z'
System info: host: 'DESKTOP-I9S3ABE', ip: '100.100.93.42', os.name: 'Windows 10', os.arch: 'amd64', os.version: '10.0', java.version: '1.8.0_101'
Driver info: org.openqa.selenium.ie.InternetExplorerDriver
Capabilities {acceptInsecureCerts: false, browserName: internet explorer, browserVersion: 11, javascriptEnabled: true, pageLoadStrategy: normal, platform: WINDOWS, platformName: WINDOWS, proxy: Proxy(), se:ieOptions: {browserAttachTimeout: 0, elementScrollBehavior: 0, enablePersistentHover: true, ie.browserCommandLineSwitches: , ie.ensureCleanSession: false, ie.fileUploadDialogTimeout: 3000, ie.forceCreateProcessApi: false, ignoreProtectedModeSettings: true, ignoreZoomSetting: false, initialBrowserUrl: http://localhost:15976/, nativeEvents: true, requireWindowFocus: false}, setWindowRect: true, timeouts: {implicit: 0, pageLoad: 300000, script: 30000}, unhandledPromptBehavior: ignore}
Session ID: a4ddda5b-3c22-4027-b7dd-dd77604460c0
*** Element info: {Using=name, value=codeselect}
screenshot=
testCaseName=FCCB_TBCL

2020/07/14 10:36:39:161  INFO com.sinosoft.test.base.TestBase:132 - 进入Finally事件:RowID:5
2020/07/14 10:36:39:162  INFO com.sinosoft.test.base.TestBase:133 - 进入Finally事件:testCaseName:FCCB_TBCL
2020/07/14 10:36:39:162  INFO com.sinosoft.test.base.TestBase:134 - 进入Finally事件:proposalNumber:06201890107202000000000005
2020/07/14 10:36:39:163  INFO com.sinosoft.test.base.TestBase:135 - 进入Finally事件:message:未知异常Currently focused window has been closed.
Build info: version: '3.9.0', revision: '698b3178f0', time: '2018-02-05T14:26:55.441Z'
System info: host: 'DESKTOP-I9S3ABE', ip: '100.100.93.42', os.name: 'Windows 10', os.arch: 'amd64', os.version: '10.0', java.version: '1.8.0_101'
Driver info: org.openqa.selenium.ie.InternetExplorerDriver
Capabilities {acceptInsecureCerts: false, browserName: internet explorer, browserVersion: 11, javascriptEnabled: true, pageLoadStrategy: normal, platform: WINDOWS, platformName: WINDOWS, proxy: Proxy(), se:ieOptions: {browserAttachTimeout: 0, elementScrollBehavior: 0, enablePersistentHover: true, ie.browserCommandLineSwitches: , ie.ensureCleanSession: false, ie.fileUploadDialogTimeout: 3000, ie.forceCreateProcessApi: false, ignoreProtectedModeSettings: true, ignoreZoomSetting: false, initialBrowserUrl: http://localhost:15976/, nativeEvents: true, requireWindowFocus: false}, setWindowRect: true, timeouts: {implicit: 0, pageLoad: 300000, script: 30000}, unhandledPromptBehavior: ignore}
Session ID: a4ddda5b-3c22-4027-b7dd-dd77604460c0
*** Element info: {Using=name, value=codeselect}
2020/07/14 10:36:39:163  INFO com.sinosoft.test.base.TestBase:136 - 进入Finally事件:screenshot:
2020/07/14 10:36:39:428 DEBUG freemarker.cache:45 - Couldn't find template in cache for "index.ftl"("en", UTF-8, parsed); will try to load it.
2020/07/14 10:36:39:431 DEBUG freemarker.cache:45 - TemplateLoader.findTemplateSource("index_en.ftl"): Not found
2020/07/14 10:36:39:436 DEBUG freemarker.cache:45 - TemplateLoader.findTemplateSource("index.ftl"): Found
2020/07/14 10:36:39:438 DEBUG freemarker.cache:45 - Loading template for "index.ftl"("en", UTF-8, parsed) from "jar:file:/C:/Users/liu-b/.m2/repository/com/aventstack/extentreports/3.1.3/extentreports-3.1.3.jar!/com/aventstack/extentreports/view/html-report/index.ftl"
2020/07/14 10:36:39:657 DEBUG freemarker.cache:45 - Couldn't find template in cache for "head.ftl"("en", UTF-8, parsed); will try to load it.
2020/07/14 10:36:39:659 DEBUG freemarker.cache:45 - TemplateLoader.findTemplateSource("head_en.ftl"): Not found
2020/07/14 10:36:39:660 DEBUG freemarker.cache:45 - TemplateLoader.findTemplateSource("head.ftl"): Found
2020/07/14 10:36:39:661 DEBUG freemarker.cache:45 - Loading template for "head.ftl"("en", UTF-8, parsed) from "jar:file:/C:/Users/liu-b/.m2/repository/com/aventstack/extentreports/3.1.3/extentreports-3.1.3.jar!/com/aventstack/extentreports/view/html-report/head.ftl"
2020/07/14 10:36:39:666 DEBUG freemarker.cache:45 - Couldn't find template in cache for "nav.ftl"("en", UTF-8, parsed); will try to load it.
2020/07/14 10:36:39:668 DEBUG freemarker.cache:45 - TemplateLoader.findTemplateSource("nav_en.ftl"): Not found
2020/07/14 10:36:39:669 DEBUG freemarker.cache:45 - TemplateLoader.findTemplateSource("nav.ftl"): Found
2020/07/14 10:36:39:670 DEBUG freemarker.cache:45 - Loading template for "nav.ftl"("en", UTF-8, parsed) from "jar:file:/C:/Users/liu-b/.m2/repository/com/aventstack/extentreports/3.1.3/extentreports-3.1.3.jar!/com/aventstack/extentreports/view/html-report/nav.ftl"
2020/07/14 10:36:39:680 DEBUG freemarker.cache:45 - Couldn't find template in cache for "test-view/test-view.ftl"("en", UTF-8, parsed); will try to load it.
2020/07/14 10:36:39:682 DEBUG freemarker.cache:45 - TemplateLoader.findTemplateSource("test-view/test-view_en.ftl"): Not found
2020/07/14 10:36:39:684 DEBUG freemarker.cache:45 - TemplateLoader.findTemplateSource("test-view/test-view.ftl"): Found
2020/07/14 10:36:39:685 DEBUG freemarker.cache:45 - Loading template for "test-view/test-view.ftl"("en", UTF-8, parsed) from "jar:file:/C:/Users/liu-b/.m2/repository/com/aventstack/extentreports/3.1.3/extentreports-3.1.3.jar!/com/aventstack/extentreports/view/html-report/test-view/test-view.ftl"
2020/07/14 10:36:39:696 DEBUG freemarker.cache:45 - Couldn't find template in cache for "test-view/test-view-charts.ftl"("en", UTF-8, parsed); will try to load it.
2020/07/14 10:36:39:698 DEBUG freemarker.cache:45 - TemplateLoader.findTemplateSource("test-view/test-view-charts_en.ftl"): Not found
2020/07/14 10:36:39:699 DEBUG freemarker.cache:45 - TemplateLoader.findTemplateSource("test-view/test-view-charts.ftl"): Found
2020/07/14 10:36:39:701 DEBUG freemarker.cache:45 - Loading template for "test-view/test-view-charts.ftl"("en", UTF-8, parsed) from "jar:file:/C:/Users/liu-b/.m2/repository/com/aventstack/extentreports/3.1.3/extentreports-3.1.3.jar!/com/aventstack/extentreports/view/html-report/test-view/test-view-charts.ftl"
2020/07/14 10:36:39:718 DEBUG freemarker.cache:45 - Couldn't find template in cache for "test-view/standard.ftl"("en", UTF-8, parsed); will try to load it.
2020/07/14 10:36:39:720 DEBUG freemarker.cache:45 - TemplateLoader.findTemplateSource("test-view/standard_en.ftl"): Not found
2020/07/14 10:36:39:722 DEBUG freemarker.cache:45 - TemplateLoader.findTemplateSource("test-view/standard.ftl"): Found
2020/07/14 10:36:39:723 DEBUG freemarker.cache:45 - Loading template for "test-view/standard.ftl"("en", UTF-8, parsed) from "jar:file:/C:/Users/liu-b/.m2/repository/com/aventstack/extentreports/3.1.3/extentreports-3.1.3.jar!/com/aventstack/extentreports/view/html-report/test-view/standard.ftl"
2020/07/14 10:36:39:748 DEBUG freemarker.cache:45 - "test-view/standard.ftl"("en", UTF-8, parsed) cached copy not yet stale; using cached.
2020/07/14 10:36:39:751 DEBUG freemarker.cache:45 - "test-view/standard.ftl"("en", UTF-8, parsed) cached copy not yet stale; using cached.
2020/07/14 10:36:39:754 DEBUG freemarker.cache:45 - "test-view/standard.ftl"("en", UTF-8, parsed) cached copy not yet stale; using cached.
2020/07/14 10:36:39:756 DEBUG freemarker.cache:45 - Couldn't find template in cache for "category-view/category-view.ftl"("en", UTF-8, parsed); will try to load it.
2020/07/14 10:36:39:758 DEBUG freemarker.cache:45 - TemplateLoader.findTemplateSource("category-view/category-view_en.ftl"): Not found
2020/07/14 10:36:39:759 DEBUG freemarker.cache:45 - TemplateLoader.findTemplateSource("category-view/category-view.ftl"): Found
2020/07/14 10:36:39:760 DEBUG freemarker.cache:45 - Loading template for "category-view/category-view.ftl"("en", UTF-8, parsed) from "jar:file:/C:/Users/liu-b/.m2/repository/com/aventstack/extentreports/3.1.3/extentreports-3.1.3.jar!/com/aventstack/extentreports/view/html-report/category-view/category-view.ftl"
2020/07/14 10:36:39:766 DEBUG freemarker.cache:45 - Couldn't find template in cache for "author-view/author-view.ftl"("en", UTF-8, parsed); will try to load it.
2020/07/14 10:36:39:767 DEBUG freemarker.cache:45 - TemplateLoader.findTemplateSource("author-view/author-view_en.ftl"): Not found
2020/07/14 10:36:39:769 DEBUG freemarker.cache:45 - TemplateLoader.findTemplateSource("author-view/author-view.ftl"): Found
2020/07/14 10:36:39:770 DEBUG freemarker.cache:45 - Loading template for "author-view/author-view.ftl"("en", UTF-8, parsed) from "jar:file:/C:/Users/liu-b/.m2/repository/com/aventstack/extentreports/3.1.3/extentreports-3.1.3.jar!/com/aventstack/extentreports/view/html-report/author-view/author-view.ftl"
2020/07/14 10:36:39:776 DEBUG freemarker.cache:45 - Couldn't find template in cache for "exception-view/exception-view.ftl"("en", UTF-8, parsed); will try to load it.
2020/07/14 10:36:39:778 DEBUG freemarker.cache:45 - TemplateLoader.findTemplateSource("exception-view/exception-view_en.ftl"): Not found
2020/07/14 10:36:39:779 DEBUG freemarker.cache:45 - TemplateLoader.findTemplateSource("exception-view/exception-view.ftl"): Found
2020/07/14 10:36:39:780 DEBUG freemarker.cache:45 - Loading template for "exception-view/exception-view.ftl"("en", UTF-8, parsed) from "jar:file:/C:/Users/liu-b/.m2/repository/com/aventstack/extentreports/3.1.3/extentreports-3.1.3.jar!/com/aventstack/extentreports/view/html-report/exception-view/exception-view.ftl"
2020/07/14 10:36:39:788 DEBUG freemarker.cache:45 - Couldn't find template in cache for "dashboard-view/dashboard-view.ftl"("en", UTF-8, parsed); will try to load it.
2020/07/14 10:36:39:790 DEBUG freemarker.cache:45 - TemplateLoader.findTemplateSource("dashboard-view/dashboard-view_en.ftl"): Not found
2020/07/14 10:36:39:791 DEBUG freemarker.cache:45 - TemplateLoader.findTemplateSource("dashboard-view/dashboard-view.ftl"): Found
2020/07/14 10:36:39:792 DEBUG freemarker.cache:45 - Loading template for "dashboard-view/dashboard-view.ftl"("en", UTF-8, parsed) from "jar:file:/C:/Users/liu-b/.m2/repository/com/aventstack/extentreports/3.1.3/extentreports-3.1.3.jar!/com/aventstack/extentreports/view/html-report/dashboard-view/dashboard-view.ftl"
2020/07/14 10:36:39:800 DEBUG freemarker.cache:45 - Couldn't find template in cache for "logs-view/testrunner-logs-view.ftl"("en", UTF-8, parsed); will try to load it.
2020/07/14 10:36:39:801 DEBUG freemarker.cache:45 - TemplateLoader.findTemplateSource("logs-view/testrunner-logs-view_en.ftl"): Not found
2020/07/14 10:36:39:803 DEBUG freemarker.cache:45 - TemplateLoader.findTemplateSource("logs-view/testrunner-logs-view.ftl"): Found
2020/07/14 10:36:39:804 DEBUG freemarker.cache:45 - Loading template for "logs-view/testrunner-logs-view.ftl"("en", UTF-8, parsed) from "jar:file:/C:/Users/liu-b/.m2/repository/com/aventstack/extentreports/3.1.3/extentreports-3.1.3.jar!/com/aventstack/extentreports/view/html-report/logs-view/testrunner-logs-view.ftl"
2020/07/14 10:37:03:423  INFO com.sinosoft.test.base.TestBase:59 - 配置文件路径：config.properties
2020/07/14 10:37:03:426 DEBUG com.sinosoft.test.base.TestBase:69 - 初始化class com.sinosoft.testcases.fccb.TBGLTestCase
2020/07/14 10:37:03:473 DEBUG com.sinosoft.test.base.TestBase:69 - 初始化class com.sinosoft.test.util.ExcelDataProvider
2020/07/14 10:37:04:205  INFO com.sinosoft.test.base.TestBase:80 - 当前文件里面一共有数据：4
2020/07/14 10:37:04:251  INFO com.sinosoft.test.base.TestBase:91 - start InternetExplorerDriver
2020/07/14 10:37:06:647 DEBUG com.sinosoft.test.base.TestBase:69 - 初始化class com.sinosoft.test.util.WebEventListener
2020/07/14 10:37:06:669  INFO com.sinosoft.test.base.TestBase:80 - 开始运行测试脚本，获取到的测试数据《getTBCLTestData》如下:
2020/07/14 10:37:06:669  INFO com.sinosoft.test.base.TestBase:81 - ROW_ID=2
ProcessFlag=Y
TestCaseName=FCCB_TB_JCX
TestCaseSeq=1
TestDescription=非车承保企财险-财产基本险-出单
riskClass=01
riskCode=0101
renewalInd=0
renewalPolicy=
prePay=
carrayOver=
carrayOverPolicy=
relatedInd=
relatedPolicy=
fbbs=
ywgs=01620189
qdlx=04
gdbs=0
xstd=T6209880101
ywy=S000000029
ywly=01010101
dljg=
xsxy=
cxywbs=HXXT
cdjg=
htzyjjfs=
jnwbz=
jw_country=
jw_Addr=
snbz=
sftkbd=0
sfdzbd=0
sfxb=0
fxqkyjytz=
sfydyw=
sfsn=
xbbdh=
tbr_lx=2
tbr_mc=
tbr_vip=
tbr_dm=G6200019603
tbr_zjlx=
tbr_zjhm=
tbr_sj=
tbr_csrq=
tbr_lxdz=
tbr_dwdh=010-67549095-456
lxr_xm=
lxr_xb=
lxr_zw=
lxr_sj=
lxr_yx=
xzsyfw=1
tqmc=
qbrq=
zbrq=
lgbbz=1
yyzdbz=1
sfgxdm=1
cbdq=
zzfwlx=0
hydl=12
hyxl=12006
jqbm=121121123123
bbdm=CNY
sf=130000
cs=130300
qx=130302
yb=065201
jzdj=01
bxcs=北戴河公园
bdw_jd=金融街街道
bdw_yyxz=
bdw_sfhyf=
bdw_fxlx=
bdw_sbmc=
bdw_cjh=
bdw_fdjh=
bdw_cjdjrq=
bdw_cllx=
bdw_cpcx=
bdw_sccj=
bdw_gzjz=
bdw_sgzyqy=
bdw_zylx=
bdw=010001
bdwmx=碣石公园礁石群
xbdm=0101001
jrbe=1
jzfs=10
bxje=2000000
bffl=0.5
dqflbz=2
ysbf=400
yyzd_zdpcg=24
yyzd_sndmlrze=6000000
yyzd_sndyye=20000000
yyzd_bdw=010056
yyzd_bdwmx=
yyzd_xbdm=0105001
yyzd_jrbe=1
yyzd_jzfs=18
yyzd_bxje=200000
yyzd_bffl=3
yyzd_dqflbz=3
yyzd_ysbf=4000
fsh=6
xsfdj=B
xsfxs=2
jgx_sf=
jgx_cs=
jgx_qx=
jgx_gcdd=
jgx_bb=
jgx_gcmc=
jgx_gclx_1=
jgx_gclx_2=
jgx_gclx_3=
jgx_gclx_4=
jgx_gclx_5=
jgx_gclx_6=
jgx_yzssjt=
jgx_yz=
jgx_cbs_ssjt=
jgx_cbs=
jgx_gchth=
jgx_gcjz=
jgx_gcqsrq=
jgx_gczzrq=
jgx_gcfw=
jgx_scqqsrq=
jgx_scqzzrq=
jgx_bzqqsrq=
jgx_bzqzzrq=
jgx_ws_xmlbdm=
jgx_ws_jrbe=
jgx_ws_bxje=
jgx_ws_fl=
jgx_ws_dqflbz=
jgx_ws_ysbf=
jgx_sz_xbdm=
jgx_sz_jrbe=
jgx_sz_ljpcxe=
jgx_sz_fv=
jgx_sz_dqflbz=
jgx_sz_ysbf=
proposalNumber=06201890101202000000000224
message=未知异常java.net.ConnectException: Failed to connect to localhost/0:0:0:0:0:0:0:1:5225
Build info: version: '3.9.0', revision: '698b3178f0', time: '2018-02-05T14:26:55.441Z'
System info: host: 'DESKTOP-I9S3ABE', ip: '100.100.96.220', os.name: 'Windows 10', os.arch: 'amd64', os.version: '10.0', java.version: '1.8.0_101'
Driver info: driver.version: EventFiringWebDriver
screenshot=
testCaseName=FCCB_TBCL

2020/07/14 10:37:06:674 DEBUG com.sinosoft.test.base.TestBase:69 - 初始化class com.sinosoft.test.fccp.common.LoginPage
2020/07/14 10:37:11:703 DEBUG com.sinosoft.test.base.TestBase:26 - Before navigating to: 'http://tvfchxyw.ypic.cn'
2020/07/14 10:37:12:548 DEBUG com.sinosoft.test.base.TestBase:30 - Navigated to:'http://tvfchxyw.ypic.cn'
2020/07/14 10:37:12:548 DEBUG com.sinosoft.test.base.TestBase:76 - Trying to find Element By : By.id: username
2020/07/14 10:37:12:711 DEBUG com.sinosoft.test.base.TestBase:80 - Found Element By : By.id: username
2020/07/14 10:37:12:715  INFO com.sinosoft.test.base.TestBase:360 - setEditboxValue:[[InternetExplorerDriver: internet explorer on WINDOWS (7545f504-ca13-4362-85b1-84d98684a734)] -> id: username]：policy1@ypic
2020/07/14 10:37:12:716 DEBUG com.sinosoft.test.base.TestBase:76 - Trying to find Element By : By.id: username
2020/07/14 10:37:12:846 DEBUG com.sinosoft.test.base.TestBase:80 - Found Element By : By.id: username
2020/07/14 10:37:13:179 DEBUG com.sinosoft.test.base.TestBase:76 - Trying to find Element By : By.id: username
2020/07/14 10:37:13:330 DEBUG com.sinosoft.test.base.TestBase:80 - Found Element By : By.id: username
2020/07/14 10:37:13:739 DEBUG com.sinosoft.test.base.TestBase:76 - Trying to find Element By : By.id: username
2020/07/14 10:37:13:911 DEBUG com.sinosoft.test.base.TestBase:80 - Found Element By : By.id: username
2020/07/14 10:37:13:912  INFO com.sinosoft.test.base.TestBase:363 - setEditboxValue—End:[[InternetExplorerDriver: internet explorer on WINDOWS (7545f504-ca13-4362-85b1-84d98684a734)] -> id: username]：policy1@ypic
2020/07/14 10:37:13:912 DEBUG com.sinosoft.test.base.TestBase:76 - Trying to find Element By : By.id: password
2020/07/14 10:37:14:073 DEBUG com.sinosoft.test.base.TestBase:80 - Found Element By : By.id: password
2020/07/14 10:37:14:075  INFO com.sinosoft.test.base.TestBase:360 - setEditboxValue:[[InternetExplorerDriver: internet explorer on WINDOWS (7545f504-ca13-4362-85b1-84d98684a734)] -> id: password]：ypic@1234
2020/07/14 10:37:14:076 DEBUG com.sinosoft.test.base.TestBase:76 - Trying to find Element By : By.id: password
2020/07/14 10:37:14:231 DEBUG com.sinosoft.test.base.TestBase:80 - Found Element By : By.id: password
2020/07/14 10:37:14:632 DEBUG com.sinosoft.test.base.TestBase:76 - Trying to find Element By : By.id: password
2020/07/14 10:37:14:797 DEBUG com.sinosoft.test.base.TestBase:80 - Found Element By : By.id: password
2020/07/14 10:37:15:184 DEBUG com.sinosoft.test.base.TestBase:76 - Trying to find Element By : By.id: password
2020/07/14 10:37:15:330 DEBUG com.sinosoft.test.base.TestBase:80 - Found Element By : By.id: password
2020/07/14 10:37:15:330  INFO com.sinosoft.test.base.TestBase:363 - setEditboxValue—End:[[InternetExplorerDriver: internet explorer on WINDOWS (7545f504-ca13-4362-85b1-84d98684a734)] -> id: password]：ypic@1234
2020/07/14 10:37:15:331 DEBUG com.sinosoft.test.base.TestBase:76 - Trying to find Element By : By.id: bt_submit
2020/07/14 10:37:15:511 DEBUG com.sinosoft.test.base.TestBase:80 - Found Element By : By.id: bt_submit
2020/07/14 10:37:15:511  INFO com.sinosoft.test.base.TestBase:402 - clickButton:[[InternetExplorerDriver: internet explorer on WINDOWS (7545f504-ca13-4362-85b1-84d98684a734)] -> id: bt_submit]
2020/07/14 10:37:15:512 DEBUG com.sinosoft.test.base.TestBase:76 - Trying to find Element By : By.id: bt_submit
2020/07/14 10:37:15:661 DEBUG com.sinosoft.test.base.TestBase:80 - Found Element By : By.id: bt_submit
2020/07/14 10:37:15:662 DEBUG com.sinosoft.test.base.TestBase:42 - Trying to click on: [[InternetExplorerDriver: internet explorer on WINDOWS (7545f504-ca13-4362-85b1-84d98684a734)] -> id: bt_submit]
2020/07/14 10:37:17:541 DEBUG com.sinosoft.test.base.TestBase:46 - Clicked on: [[InternetExplorerDriver: internet explorer on WINDOWS (7545f504-ca13-4362-85b1-84d98684a734)] -> id: bt_submit]
2020/07/14 10:37:17:546 DEBUG com.sinosoft.test.base.TestBase:76 - Trying to find Element By : By.xpath: //input[@value='继续登录']
2020/07/14 10:37:19:790 DEBUG com.sinosoft.test.base.TestBase:66 - 系统自动捕获异常：Exception occured: org.openqa.selenium.NoSuchElementException: Unable to find element with xpath == //input[@value='继续登录']
For documentation on this error, please visit: http://seleniumhq.org/exceptions/no_such_element.html
Build info: version: '3.9.0', revision: '698b3178f0', time: '2018-02-05T14:26:55.441Z'
System info: host: 'DESKTOP-I9S3ABE', ip: '100.100.96.220', os.name: 'Windows 10', os.arch: 'amd64', os.version: '10.0', java.version: '1.8.0_101'
Driver info: org.openqa.selenium.ie.InternetExplorerDriver
Capabilities {acceptInsecureCerts: false, browserName: internet explorer, browserVersion: 11, javascriptEnabled: true, pageLoadStrategy: normal, platform: WINDOWS, platformName: WINDOWS, proxy: Proxy(), se:ieOptions: {browserAttachTimeout: 0, elementScrollBehavior: 0, enablePersistentHover: true, ie.browserCommandLineSwitches: , ie.ensureCleanSession: false, ie.fileUploadDialogTimeout: 3000, ie.forceCreateProcessApi: false, ignoreProtectedModeSettings: true, ignoreZoomSetting: false, initialBrowserUrl: http://localhost:9782/, nativeEvents: true, requireWindowFocus: false}, setWindowRect: true, timeouts: {implicit: 0, pageLoad: 300000, script: 30000}, unhandledPromptBehavior: ignore}
Session ID: 7545f504-ca13-4362-85b1-84d98684a734
*** Element info: {Using=xpath, value=//input[@value='继续登录']}
2020/07/14 10:37:19:791  INFO com.sinosoft.test.base.TestBase:68 - 异常的message 是：Unable to find element with xpath == //input[@value='继续登录']
For documentation on this error, please visit: http://seleniumhq.org/exceptions/no_such_element.html
Build info: version: '3.9.0', revision: '698b3178f0', time: '2018-02-05T14:26:55.441Z'
System info: host: 'DESKTOP-I9S3ABE', ip: '100.100.96.220', os.name: 'Windows 10', os.arch: 'amd64', os.version: '10.0', java.version: '1.8.0_101'
Driver info: org.openqa.selenium.ie.InternetExplorerDriver
Capabilities {acceptInsecureCerts: false, browserName: internet explorer, browserVersion: 11, javascriptEnabled: true, pageLoadStrategy: normal, platform: WINDOWS, platformName: WINDOWS, proxy: Proxy(), se:ieOptions: {browserAttachTimeout: 0, elementScrollBehavior: 0, enablePersistentHover: true, ie.browserCommandLineSwitches: , ie.ensureCleanSession: false, ie.fileUploadDialogTimeout: 3000, ie.forceCreateProcessApi: false, ignoreProtectedModeSettings: true, ignoreZoomSetting: false, initialBrowserUrl: http://localhost:9782/, nativeEvents: true, requireWindowFocus: false}, setWindowRect: true, timeouts: {implicit: 0, pageLoad: 300000, script: 30000}, unhandledPromptBehavior: ignore}
Session ID: 7545f504-ca13-4362-85b1-84d98684a734
*** Element info: {Using=xpath, value=//input[@value='继续登录']}
2020/07/14 10:37:19:792  INFO com.sinosoft.test.base.TestBase:198 - 没有找到页面元素:By.xpath: //input[@value='继续登录'] - 错误信息Expected condition failed: waiting for com.sinosoft.test.base.TestBase$1@561868a0 (tried for 2 second(s) with 500 MILLISECONDS interval)
2020/07/14 10:37:19:793  INFO com.sinosoft.test.base.TestBase:77 - 常规登录，没有继续登录按钮
2020/07/14 10:37:19:794 DEBUG com.sinosoft.test.base.TestBase:69 - 初始化class com.sinosoft.test.fccp.common.HomePage
2020/07/14 10:37:20:217 DEBUG com.sinosoft.test.base.TestBase:76 - Trying to find Element By : By.linkText: 承保子系统
2020/07/14 10:37:20:276 DEBUG com.sinosoft.test.base.TestBase:80 - Found Element By : By.linkText: 承保子系统
2020/07/14 10:37:20:277  INFO com.sinosoft.test.base.TestBase:144 - RunJavaScript:[[InternetExplorerDriver: internet explorer on WINDOWS (7545f504-ca13-4362-85b1-84d98684a734)] -> link text: 承保子系统]	arguments[0].click();
2020/07/14 10:37:20:723 DEBUG com.sinosoft.test.base.TestBase:76 - Trying to find Element By : By.linkText: 投保管理
2020/07/14 10:37:20:749 DEBUG com.sinosoft.test.base.TestBase:80 - Found Element By : By.linkText: 投保管理
2020/07/14 10:37:20:749  INFO com.sinosoft.test.base.TestBase:144 - RunJavaScript:[[InternetExplorerDriver: internet explorer on WINDOWS (7545f504-ca13-4362-85b1-84d98684a734)] -> link text: 投保管理]	arguments[0].click();
2020/07/14 10:37:21:069 DEBUG com.sinosoft.test.base.TestBase:76 - Trying to find Element By : By.linkText: 投保处理
2020/07/14 10:37:21:122 DEBUG com.sinosoft.test.base.TestBase:80 - Found Element By : By.linkText: 投保处理
2020/07/14 10:37:21:122  INFO com.sinosoft.test.base.TestBase:144 - RunJavaScript:[[InternetExplorerDriver: internet explorer on WINDOWS (7545f504-ca13-4362-85b1-84d98684a734)] -> link text: 投保处理]	arguments[0].click();
2020/07/14 10:37:21:362 DEBUG com.sinosoft.test.base.TestBase:69 - 初始化class com.sinosoft.test.fccp.tbcl.RiskSelectPage
2020/07/14 10:37:21:706 DEBUG com.sinosoft.test.base.TestBase:93 - 投保处理/险种选择
2020/07/14 10:37:21:707 DEBUG com.sinosoft.test.base.TestBase:76 - Trying to find Element By : By.name: riskClassTemp
2020/07/14 10:37:21:765 DEBUG com.sinosoft.test.base.TestBase:80 - Found Element By : By.name: riskClassTemp
2020/07/14 10:37:21:799 DEBUG com.sinosoft.test.base.TestBase:76 - Trying to find Element By : By.name: riskClassTemp
2020/07/14 10:37:21:841 DEBUG com.sinosoft.test.base.TestBase:80 - Found Element By : By.name: riskClassTemp
2020/07/14 10:37:21:842 DEBUG com.sinosoft.test.base.TestBase:63 - SetCodeEditBox:开始设置:[[InternetExplorerDriver: internet explorer on WINDOWS (7545f504-ca13-4362-85b1-84d98684a734)] -> name: riskClassTemp] & Code=01
2020/07/14 10:37:21:842 DEBUG com.sinosoft.test.base.TestBase:76 - Trying to find Element By : By.name: riskClassTemp
2020/07/14 10:37:21:890 DEBUG com.sinosoft.test.base.TestBase:80 - Found Element By : By.name: riskClassTemp
2020/07/14 10:37:22:098 DEBUG com.sinosoft.test.base.TestBase:76 - Trying to find Element By : By.name: riskClassTemp
2020/07/14 10:37:22:160 DEBUG com.sinosoft.test.base.TestBase:80 - Found Element By : By.name: riskClassTemp
2020/07/14 10:37:22:614 DEBUG com.sinosoft.test.base.TestBase:76 - Trying to find Element By : By.name: riskClassTemp
2020/07/14 10:37:22:664 DEBUG com.sinosoft.test.base.TestBase:80 - Found Element By : By.name: riskClassTemp
2020/07/14 10:37:22:665 DEBUG com.sinosoft.test.base.TestBase:76 - Trying to find Element By : By.xpath: ../input[last()]
2020/07/14 10:37:22:720 DEBUG com.sinosoft.test.base.TestBase:80 - Found Element By : By.xpath: ../input[last()]
2020/07/14 10:37:22:927  INFO com.sinosoft.test.base.TestBase:71 - SetCodeEditBox:找到了Code对应的文本显示框并点击触发显示:riskClassName
2020/07/14 10:37:22:928 DEBUG com.sinosoft.test.base.TestBase:42 - Trying to click on: [[[[InternetExplorerDriver: internet explorer on WINDOWS (7545f504-ca13-4362-85b1-84d98684a734)] -> name: riskClassTemp]] -> xpath: ../input[last()]]
2020/07/14 10:37:23:866 DEBUG com.sinosoft.test.base.TestBase:46 - Clicked on: [[[[InternetExplorerDriver: internet explorer on WINDOWS (7545f504-ca13-4362-85b1-84d98684a734)] -> name: riskClassTemp]] -> xpath: ../input[last()]]
2020/07/14 10:37:24:068 DEBUG com.sinosoft.test.base.TestBase:76 - Trying to find Element By : By.name: riskClassTemp
2020/07/14 10:37:24:105 DEBUG com.sinosoft.test.base.TestBase:80 - Found Element By : By.name: riskClassTemp
2020/07/14 10:37:24:106 DEBUG com.sinosoft.test.base.TestBase:87 - SetCodeEditBox:设置完毕[[InternetExplorerDriver: internet explorer on WINDOWS (7545f504-ca13-4362-85b1-84d98684a734)] -> name: riskClassTemp],设置值 Code=01
2020/07/14 10:37:24:106 DEBUG com.sinosoft.test.base.TestBase:76 - Trying to find Element By : By.name: riskCode
2020/07/14 10:37:24:156 DEBUG com.sinosoft.test.base.TestBase:80 - Found Element By : By.name: riskCode
2020/07/14 10:37:24:182 DEBUG com.sinosoft.test.base.TestBase:76 - Trying to find Element By : By.name: riskCode
2020/07/14 10:37:24:235 DEBUG com.sinosoft.test.base.TestBase:80 - Found Element By : By.name: riskCode
2020/07/14 10:37:24:238 DEBUG com.sinosoft.test.base.TestBase:63 - SetCodeEditBox:开始设置:[[InternetExplorerDriver: internet explorer on WINDOWS (7545f504-ca13-4362-85b1-84d98684a734)] -> name: riskCode] & Code=0101
2020/07/14 10:37:24:239 DEBUG com.sinosoft.test.base.TestBase:76 - Trying to find Element By : By.name: riskCode
2020/07/14 10:37:24:290 DEBUG com.sinosoft.test.base.TestBase:80 - Found Element By : By.name: riskCode
2020/07/14 10:37:24:496 DEBUG com.sinosoft.test.base.TestBase:76 - Trying to find Element By : By.name: riskCode
2020/07/14 10:37:24:538 DEBUG com.sinosoft.test.base.TestBase:80 - Found Element By : By.name: riskCode
2020/07/14 10:37:24:986 DEBUG com.sinosoft.test.base.TestBase:76 - Trying to find Element By : By.name: riskCode
2020/07/14 10:37:25:034 DEBUG com.sinosoft.test.base.TestBase:80 - Found Element By : By.name: riskCode
2020/07/14 10:37:25:037 DEBUG com.sinosoft.test.base.TestBase:76 - Trying to find Element By : By.xpath: ../input[last()]
2020/07/14 10:37:25:089 DEBUG com.sinosoft.test.base.TestBase:80 - Found Element By : By.xpath: ../input[last()]
2020/07/14 10:37:25:196  INFO com.sinosoft.test.base.TestBase:71 - SetCodeEditBox:找到了Code对应的文本显示框并点击触发显示:riskName
2020/07/14 10:37:25:200 DEBUG com.sinosoft.test.base.TestBase:42 - Trying to click on: [[[[InternetExplorerDriver: internet explorer on WINDOWS (7545f504-ca13-4362-85b1-84d98684a734)] -> name: riskCode]] -> xpath: ../input[last()]]
2020/07/14 10:37:26:154 DEBUG com.sinosoft.test.base.TestBase:46 - Clicked on: [[[[InternetExplorerDriver: internet explorer on WINDOWS (7545f504-ca13-4362-85b1-84d98684a734)] -> name: riskCode]] -> xpath: ../input[last()]]
2020/07/14 10:37:26:356 DEBUG com.sinosoft.test.base.TestBase:76 - Trying to find Element By : By.name: riskCode
2020/07/14 10:37:26:386 DEBUG com.sinosoft.test.base.TestBase:80 - Found Element By : By.name: riskCode
2020/07/14 10:37:26:386 DEBUG com.sinosoft.test.base.TestBase:87 - SetCodeEditBox:设置完毕[[InternetExplorerDriver: internet explorer on WINDOWS (7545f504-ca13-4362-85b1-84d98684a734)] -> name: riskCode],设置值 Code=0101
2020/07/14 10:37:26:387 DEBUG com.sinosoft.test.base.TestBase:76 - Trying to find Element By : By.name: renewInd
2020/07/14 10:37:26:450 DEBUG com.sinosoft.test.base.TestBase:80 - Found Element By : By.name: renewInd
2020/07/14 10:37:26:454  INFO com.sinosoft.test.base.TestBase:321 - setEditboxTValue:[[[InternetExplorerDriver: internet explorer on WINDOWS (7545f504-ca13-4362-85b1-84d98684a734)] -> name: renewInd], [[InternetExplorerDriver: internet explorer on WINDOWS (7545f504-ca13-4362-85b1-84d98684a734)] -> name: renewInd]]：0
2020/07/14 10:37:26:454 DEBUG com.sinosoft.test.base.TestBase:76 - Trying to find Element By : By.name: renewInd
2020/07/14 10:37:26:537 DEBUG com.sinosoft.test.base.TestBase:80 - Found Element By : By.name: renewInd
2020/07/14 10:37:26:629 DEBUG com.sinosoft.test.base.TestBase:76 - Trying to find Element By : By.name: buttonNextStep
2020/07/14 10:37:26:683 DEBUG com.sinosoft.test.base.TestBase:80 - Found Element By : By.name: buttonNextStep
2020/07/14 10:37:26:687  INFO com.sinosoft.test.base.TestBase:402 - clickButton:[[InternetExplorerDriver: internet explorer on WINDOWS (7545f504-ca13-4362-85b1-84d98684a734)] -> name: buttonNextStep]
2020/07/14 10:37:26:688 DEBUG com.sinosoft.test.base.TestBase:42 - Trying to click on: [[InternetExplorerDriver: internet explorer on WINDOWS (7545f504-ca13-4362-85b1-84d98684a734)] -> name: buttonNextStep]
2020/07/14 10:37:29:217 DEBUG com.sinosoft.test.base.TestBase:46 - Clicked on: [[InternetExplorerDriver: internet explorer on WINDOWS (7545f504-ca13-4362-85b1-84d98684a734)] -> name: buttonNextStep]
2020/07/14 10:37:29:220 DEBUG com.sinosoft.test.base.TestBase:69 - 初始化class com.sinosoft.test.fccp.tbcl.BasicInfoPage
2020/07/14 10:37:31:813 DEBUG com.sinosoft.test.base.TestBase:322 - 投保处理/基本信息
2020/07/14 10:37:31:814 DEBUG com.sinosoft.test.base.TestBase:76 - Trying to find Element By : By.name: GuMainBusinessType
2020/07/14 10:37:31:871 DEBUG com.sinosoft.test.base.TestBase:80 - Found Element By : By.name: GuMainBusinessType
2020/07/14 10:37:31:872  INFO com.sinosoft.test.base.TestBase:96 - setSelectWithStartText:[[InternetExplorerDriver: internet explorer on WINDOWS (7545f504-ca13-4362-85b1-84d98684a734)] -> name: GuMainBusinessType]->
2020/07/14 10:37:31:872 DEBUG com.sinosoft.test.base.TestBase:76 - Trying to find Element By : By.name: GuMainCompanyCode
2020/07/14 10:37:31:931 DEBUG com.sinosoft.test.base.TestBase:80 - Found Element By : By.name: GuMainCompanyCode
2020/07/14 10:37:31:983 DEBUG com.sinosoft.test.base.TestBase:76 - Trying to find Element By : By.name: GuMainCompanyCode
2020/07/14 10:37:32:045 DEBUG com.sinosoft.test.base.TestBase:80 - Found Element By : By.name: GuMainCompanyCode
2020/07/14 10:37:32:046 DEBUG com.sinosoft.test.base.TestBase:63 - SetCodeEditBox:开始设置:[[InternetExplorerDriver: internet explorer on WINDOWS (7545f504-ca13-4362-85b1-84d98684a734)] -> name: GuMainCompanyCode] & Code=01620189
2020/07/14 10:37:32:053 DEBUG com.sinosoft.test.base.TestBase:76 - Trying to find Element By : By.name: GuMainCompanyCode
2020/07/14 10:37:32:101 DEBUG com.sinosoft.test.base.TestBase:80 - Found Element By : By.name: GuMainCompanyCode
2020/07/14 10:37:32:351 DEBUG com.sinosoft.test.base.TestBase:76 - Trying to find Element By : By.name: GuMainCompanyCode
2020/07/14 10:37:32:445 DEBUG com.sinosoft.test.base.TestBase:80 - Found Element By : By.name: GuMainCompanyCode
2020/07/14 10:37:33:470 DEBUG com.sinosoft.test.base.TestBase:76 - Trying to find Element By : By.name: GuMainCompanyCode
2020/07/14 10:37:33:529 DEBUG com.sinosoft.test.base.TestBase:80 - Found Element By : By.name: GuMainCompanyCode
2020/07/14 10:37:33:531 DEBUG com.sinosoft.test.base.TestBase:76 - Trying to find Element By : By.xpath: ../input[last()]
2020/07/14 10:37:33:570 DEBUG com.sinosoft.test.base.TestBase:80 - Found Element By : By.xpath: ../input[last()]
2020/07/14 10:37:33:729  INFO com.sinosoft.test.base.TestBase:71 - SetCodeEditBox:找到了Code对应的文本显示框并点击触发显示:GuMainCompanyName
2020/07/14 10:37:33:730 DEBUG com.sinosoft.test.base.TestBase:42 - Trying to click on: [[[[InternetExplorerDriver: internet explorer on WINDOWS (7545f504-ca13-4362-85b1-84d98684a734)] -> name: GuMainCompanyCode]] -> xpath: ../input[last()]]
2020/07/14 10:37:34:793 DEBUG com.sinosoft.test.base.TestBase:46 - Clicked on: [[[[InternetExplorerDriver: internet explorer on WINDOWS (7545f504-ca13-4362-85b1-84d98684a734)] -> name: GuMainCompanyCode]] -> xpath: ../input[last()]]
2020/07/14 10:37:34:994 DEBUG com.sinosoft.test.base.TestBase:76 - Trying to find Element By : By.name: GuMainCompanyCode
2020/07/14 10:37:35:076 DEBUG com.sinosoft.test.base.TestBase:80 - Found Element By : By.name: GuMainCompanyCode
2020/07/14 10:37:35:078 DEBUG com.sinosoft.test.base.TestBase:87 - SetCodeEditBox:设置完毕[[InternetExplorerDriver: internet explorer on WINDOWS (7545f504-ca13-4362-85b1-84d98684a734)] -> name: GuMainCompanyCode],设置值 Code=01620189
2020/07/14 10:37:35:080 DEBUG com.sinosoft.test.base.TestBase:76 - Trying to find Element By : By.name: GuMainChannelDetailCode
2020/07/14 10:37:35:176 DEBUG com.sinosoft.test.base.TestBase:80 - Found Element By : By.name: GuMainChannelDetailCode
2020/07/14 10:37:35:211 DEBUG com.sinosoft.test.base.TestBase:76 - Trying to find Element By : By.name: GuMainChannelDetailCode
2020/07/14 10:37:35:268 DEBUG com.sinosoft.test.base.TestBase:80 - Found Element By : By.name: GuMainChannelDetailCode
2020/07/14 10:37:35:269 DEBUG com.sinosoft.test.base.TestBase:63 - SetCodeEditBox:开始设置:[[InternetExplorerDriver: internet explorer on WINDOWS (7545f504-ca13-4362-85b1-84d98684a734)] -> name: GuMainChannelDetailCode] & Code=04
2020/07/14 10:37:35:269 DEBUG com.sinosoft.test.base.TestBase:76 - Trying to find Element By : By.name: GuMainChannelDetailCode
2020/07/14 10:37:35:327 DEBUG com.sinosoft.test.base.TestBase:80 - Found Element By : By.name: GuMainChannelDetailCode
2020/07/14 10:37:35:576 DEBUG com.sinosoft.test.base.TestBase:76 - Trying to find Element By : By.name: GuMainChannelDetailCode
2020/07/14 10:37:35:654 DEBUG com.sinosoft.test.base.TestBase:80 - Found Element By : By.name: GuMainChannelDetailCode
2020/07/14 10:37:36:200 DEBUG com.sinosoft.test.base.TestBase:76 - Trying to find Element By : By.name: GuMainChannelDetailCode
2020/07/14 10:37:36:259 DEBUG com.sinosoft.test.base.TestBase:80 - Found Element By : By.name: GuMainChannelDetailCode
2020/07/14 10:37:36:261 DEBUG com.sinosoft.test.base.TestBase:76 - Trying to find Element By : By.xpath: ../input[last()]
2020/07/14 10:37:36:346 DEBUG com.sinosoft.test.base.TestBase:80 - Found Element By : By.xpath: ../input[last()]
2020/07/14 10:37:36:467  INFO com.sinosoft.test.base.TestBase:71 - SetCodeEditBox:找到了Code对应的文本显示框并点击触发显示:GuMainChannelDetailName
2020/07/14 10:37:36:467 DEBUG com.sinosoft.test.base.TestBase:42 - Trying to click on: [[[[InternetExplorerDriver: internet explorer on WINDOWS (7545f504-ca13-4362-85b1-84d98684a734)] -> name: GuMainChannelDetailCode]] -> xpath: ../input[last()]]
2020/07/14 10:37:37:490 DEBUG com.sinosoft.test.base.TestBase:46 - Clicked on: [[[[InternetExplorerDriver: internet explorer on WINDOWS (7545f504-ca13-4362-85b1-84d98684a734)] -> name: GuMainChannelDetailCode]] -> xpath: ../input[last()]]
2020/07/14 10:37:37:691 DEBUG com.sinosoft.test.base.TestBase:76 - Trying to find Element By : By.name: GuMainChannelDetailCode
2020/07/14 10:37:37:750 DEBUG com.sinosoft.test.base.TestBase:80 - Found Element By : By.name: GuMainChannelDetailCode
2020/07/14 10:37:37:751 DEBUG com.sinosoft.test.base.TestBase:87 - SetCodeEditBox:设置完毕[[InternetExplorerDriver: internet explorer on WINDOWS (7545f504-ca13-4362-85b1-84d98684a734)] -> name: GuMainChannelDetailCode],设置值 Code=04
2020/07/14 10:37:37:751 DEBUG com.sinosoft.test.base.TestBase:76 - Trying to find Element By : By.name: GuMainShareHolderFlag
2020/07/14 10:37:37:797 DEBUG com.sinosoft.test.base.TestBase:80 - Found Element By : By.name: GuMainShareHolderFlag
2020/07/14 10:37:37:824 DEBUG com.sinosoft.test.base.TestBase:76 - Trying to find Element By : By.name: GuMainShareHolderFlag
2020/07/14 10:37:37:882 DEBUG com.sinosoft.test.base.TestBase:80 - Found Element By : By.name: GuMainShareHolderFlag
2020/07/14 10:37:37:883 DEBUG com.sinosoft.test.base.TestBase:42 - CodeSelect:开始设置[[InternetExplorerDriver: internet explorer on WINDOWS (7545f504-ca13-4362-85b1-84d98684a734)] -> name: GuMainShareHolderFlag] & Code=0
2020/07/14 10:37:37:895 DEBUG com.sinosoft.test.base.TestBase:76 - Trying to find Element By : By.name: GuMainShareHolderFlag
2020/07/14 10:37:37:978 DEBUG com.sinosoft.test.base.TestBase:80 - Found Element By : By.name: GuMainShareHolderFlag
2020/07/14 10:37:39:074 DEBUG com.sinosoft.test.base.TestBase:272 - 系统窗口【黄河财险业务系统】with handle -d8deca63-0e75-4401-9645-7c33e9d94f74
2020/07/14 10:37:39:739 DEBUG com.sinosoft.test.base.TestBase:272 - 系统窗口【黄河财险业务系统】with handle -d8deca63-0e75-4401-9645-7c33e9d94f74
2020/07/14 10:37:40:371 DEBUG com.sinosoft.test.base.TestBase:272 - 系统窗口【Code Select】with handle -6d85c846-0ce3-48be-b83d-618a788e2a3d
2020/07/14 10:37:40:888 DEBUG com.sinosoft.test.base.TestBase:69 - 初始化class com.sinosoft.test.fccp.common.CodeSelectPage
2020/07/14 10:37:40:889 DEBUG com.sinosoft.test.base.TestBase:39 - 基础码表选择！
2020/07/14 10:37:40:889 DEBUG com.sinosoft.test.base.TestBase:76 - Trying to find Element By : By.name: fieldValue
2020/07/14 10:37:41:162 DEBUG com.sinosoft.test.base.TestBase:80 - Found Element By : By.name: fieldValue
2020/07/14 10:37:41:162  INFO com.sinosoft.test.base.TestBase:360 - setEditboxValue:[[InternetExplorerDriver: internet explorer on WINDOWS (7545f504-ca13-4362-85b1-84d98684a734)] -> name: fieldValue]：0
2020/07/14 10:37:42:206  INFO com.sinosoft.test.base.TestBase:363 - setEditboxValue—End:[[InternetExplorerDriver: internet explorer on WINDOWS (7545f504-ca13-4362-85b1-84d98684a734)] -> name: fieldValue]：0
2020/07/14 10:37:42:206 DEBUG com.sinosoft.test.base.TestBase:76 - Trying to find Element By : By.xpath: //input[@value='查询(Q)']
2020/07/14 10:37:42:495 DEBUG com.sinosoft.test.base.TestBase:80 - Found Element By : By.xpath: //input[@value='查询(Q)']
2020/07/14 10:37:42:495  INFO com.sinosoft.test.base.TestBase:402 - clickButton:[[InternetExplorerDriver: internet explorer on WINDOWS (7545f504-ca13-4362-85b1-84d98684a734)] -> xpath: //input[@value='查询(Q)']]
2020/07/14 10:37:42:495 DEBUG com.sinosoft.test.base.TestBase:42 - Trying to click on: [[InternetExplorerDriver: internet explorer on WINDOWS (7545f504-ca13-4362-85b1-84d98684a734)] -> xpath: //input[@value='查询(Q)']]
2020/07/14 10:37:44:058 DEBUG com.sinosoft.test.base.TestBase:46 - Clicked on: [[InternetExplorerDriver: internet explorer on WINDOWS (7545f504-ca13-4362-85b1-84d98684a734)] -> xpath: //input[@value='查询(Q)']]
2020/07/14 10:37:44:058 DEBUG com.sinosoft.test.base.TestBase:76 - Trying to find Element By : By.name: codeselect
2020/07/14 10:37:44:345 DEBUG com.sinosoft.test.base.TestBase:80 - Found Element By : By.name: codeselect
2020/07/14 10:37:44:346  INFO com.sinosoft.test.base.TestBase:132 - setFuzzySelect:[[InternetExplorerDriver: internet explorer on WINDOWS (7545f504-ca13-4362-85b1-84d98684a734)] -> name: codeselect]->0
2020/07/14 10:37:44:903 DEBUG com.sinosoft.test.base.TestBase:76 - Trying to find Element By : By.tagName: option
2020/07/14 10:37:45:361 DEBUG com.sinosoft.test.base.TestBase:80 - Found Element By : By.tagName: option
2020/07/14 10:37:48:238  INFO com.sinosoft.test.base.TestBase:142 - 找到匹配【0】的选项：0--非股东
2020/07/14 10:37:48:238 DEBUG com.sinosoft.test.base.TestBase:76 - Trying to find Element By : By.xpath: .//option[normalize-space(.) = "0--非股东"]
2020/07/14 10:37:48:524 DEBUG com.sinosoft.test.base.TestBase:80 - Found Element By : By.xpath: .//option[normalize-space(.) = "0--非股东"]
2020/07/14 10:37:48:795 DEBUG com.sinosoft.test.base.TestBase:42 - Trying to click on: [[[[InternetExplorerDriver: internet explorer on WINDOWS (7545f504-ca13-4362-85b1-84d98684a734)] -> name: codeselect]] -> xpath: .//option[normalize-space(.) = "0--非股东"]]
2020/07/14 10:37:49:152 DEBUG com.sinosoft.test.base.TestBase:46 - Clicked on: [[[[InternetExplorerDriver: internet explorer on WINDOWS (7545f504-ca13-4362-85b1-84d98684a734)] -> name: codeselect]] -> xpath: .//option[normalize-space(.) = "0--非股东"]]
2020/07/14 10:37:49:152 DEBUG com.sinosoft.test.base.TestBase:151 - setFuzzySelect 结束！
2020/07/14 10:37:49:152 DEBUG com.sinosoft.test.base.TestBase:76 - Trying to find Element By : By.name: SelectIt
2020/07/14 10:37:49:430 DEBUG com.sinosoft.test.base.TestBase:80 - Found Element By : By.name: SelectIt
2020/07/14 10:37:49:432  INFO com.sinosoft.test.base.TestBase:416 - jsClickButton:[[InternetExplorerDriver: internet explorer on WINDOWS (7545f504-ca13-4362-85b1-84d98684a734)] -> name: SelectIt]
2020/07/14 10:37:49:432  INFO com.sinosoft.test.base.TestBase:144 - RunJavaScript:[[InternetExplorerDriver: internet explorer on WINDOWS (7545f504-ca13-4362-85b1-84d98684a734)] -> name: SelectIt]	arguments[0].click();
2020/07/14 10:37:50:150 DEBUG com.sinosoft.test.base.TestBase:272 - 系统窗口【黄河财险业务系统】with handle -d8deca63-0e75-4401-9645-7c33e9d94f74
2020/07/14 10:37:52:851 DEBUG com.sinosoft.test.base.TestBase:76 - Trying to find Element By : By.name: GuMainShareHolderFlag
2020/07/14 10:37:52:911 DEBUG com.sinosoft.test.base.TestBase:80 - Found Element By : By.name: GuMainShareHolderFlag
2020/07/14 10:37:52:911 DEBUG com.sinosoft.test.base.TestBase:49 - CodeSelect:设置完毕[[InternetExplorerDriver: internet explorer on WINDOWS (7545f504-ca13-4362-85b1-84d98684a734)] -> name: GuMainShareHolderFlag] & Code=0
2020/07/14 10:37:52:911 DEBUG com.sinosoft.test.base.TestBase:76 - Trying to find Element By : By.name: GuMainSalesTeamCode
2020/07/14 10:37:52:999 DEBUG com.sinosoft.test.base.TestBase:80 - Found Element By : By.name: GuMainSalesTeamCode
2020/07/14 10:37:53:029 DEBUG com.sinosoft.test.base.TestBase:76 - Trying to find Element By : By.name: GuMainSalesTeamCode
2020/07/14 10:37:53:102 DEBUG com.sinosoft.test.base.TestBase:80 - Found Element By : By.name: GuMainSalesTeamCode
2020/07/14 10:37:53:102 DEBUG com.sinosoft.test.base.TestBase:42 - CodeSelect:开始设置[[InternetExplorerDriver: internet explorer on WINDOWS (7545f504-ca13-4362-85b1-84d98684a734)] -> name: GuMainSalesTeamCode] & Code=T6209880101
2020/07/14 10:37:53:103 DEBUG com.sinosoft.test.base.TestBase:76 - Trying to find Element By : By.name: GuMainSalesTeamCode
2020/07/14 10:37:53:161 DEBUG com.sinosoft.test.base.TestBase:80 - Found Element By : By.name: GuMainSalesTeamCode
2020/07/14 10:37:54:211 DEBUG com.sinosoft.test.base.TestBase:272 - 系统窗口【黄河财险业务系统】with handle -d8deca63-0e75-4401-9645-7c33e9d94f74
2020/07/14 10:37:54:876 DEBUG com.sinosoft.test.base.TestBase:272 - 系统窗口【黄河财险业务系统】with handle -d8deca63-0e75-4401-9645-7c33e9d94f74
2020/07/14 10:37:55:508 DEBUG com.sinosoft.test.base.TestBase:272 - 系统窗口【Code Select】with handle -eeb8120f-248d-4b57-b886-251d49a3c21b
2020/07/14 10:37:56:020 DEBUG com.sinosoft.test.base.TestBase:69 - 初始化class com.sinosoft.test.fccp.common.CodeSelectPage
2020/07/14 10:37:56:020 DEBUG com.sinosoft.test.base.TestBase:39 - 基础码表选择！
2020/07/14 10:37:56:020 DEBUG com.sinosoft.test.base.TestBase:76 - Trying to find Element By : By.name: fieldValue
2020/07/14 10:37:56:302 DEBUG com.sinosoft.test.base.TestBase:80 - Found Element By : By.name: fieldValue
2020/07/14 10:37:56:302  INFO com.sinosoft.test.base.TestBase:360 - setEditboxValue:[[InternetExplorerDriver: internet explorer on WINDOWS (7545f504-ca13-4362-85b1-84d98684a734)] -> name: fieldValue]：T6209880101
2020/07/14 10:37:57:385  INFO com.sinosoft.test.base.TestBase:363 - setEditboxValue—End:[[InternetExplorerDriver: internet explorer on WINDOWS (7545f504-ca13-4362-85b1-84d98684a734)] -> name: fieldValue]：T6209880101
2020/07/14 10:37:57:385 DEBUG com.sinosoft.test.base.TestBase:76 - Trying to find Element By : By.xpath: //input[@value='查询(Q)']
2020/07/14 10:37:57:669 DEBUG com.sinosoft.test.base.TestBase:80 - Found Element By : By.xpath: //input[@value='查询(Q)']
2020/07/14 10:37:57:669  INFO com.sinosoft.test.base.TestBase:402 - clickButton:[[InternetExplorerDriver: internet explorer on WINDOWS (7545f504-ca13-4362-85b1-84d98684a734)] -> xpath: //input[@value='查询(Q)']]
2020/07/14 10:37:57:669 DEBUG com.sinosoft.test.base.TestBase:42 - Trying to click on: [[InternetExplorerDriver: internet explorer on WINDOWS (7545f504-ca13-4362-85b1-84d98684a734)] -> xpath: //input[@value='查询(Q)']]
2020/07/14 10:37:59:229 DEBUG com.sinosoft.test.base.TestBase:46 - Clicked on: [[InternetExplorerDriver: internet explorer on WINDOWS (7545f504-ca13-4362-85b1-84d98684a734)] -> xpath: //input[@value='查询(Q)']]
2020/07/14 10:37:59:229 DEBUG com.sinosoft.test.base.TestBase:76 - Trying to find Element By : By.name: codeselect
2020/07/14 10:37:59:512 DEBUG com.sinosoft.test.base.TestBase:80 - Found Element By : By.name: codeselect
2020/07/14 10:37:59:512  INFO com.sinosoft.test.base.TestBase:132 - setFuzzySelect:[[InternetExplorerDriver: internet explorer on WINDOWS (7545f504-ca13-4362-85b1-84d98684a734)] -> name: codeselect]->T6209880101
2020/07/14 10:38:00:061 DEBUG com.sinosoft.test.base.TestBase:76 - Trying to find Element By : By.tagName: option
2020/07/14 10:38:00:363 DEBUG com.sinosoft.test.base.TestBase:80 - Found Element By : By.tagName: option
2020/07/14 10:38:00:649  INFO com.sinosoft.test.base.TestBase:142 - 找到匹配【T6209880101】的选项：T6209880101--重客业务三部
2020/07/14 10:38:00:649 DEBUG com.sinosoft.test.base.TestBase:76 - Trying to find Element By : By.xpath: .//option[normalize-space(.) = "T6209880101--重客业务三部"]
2020/07/14 10:38:00:953 DEBUG com.sinosoft.test.base.TestBase:80 - Found Element By : By.xpath: .//option[normalize-space(.) = "T6209880101--重客业务三部"]
2020/07/14 10:38:01:232 DEBUG com.sinosoft.test.base.TestBase:42 - Trying to click on: [[[[InternetExplorerDriver: internet explorer on WINDOWS (7545f504-ca13-4362-85b1-84d98684a734)] -> name: codeselect]] -> xpath: .//option[normalize-space(.) = "T6209880101--重客业务三部"]]
2020/07/14 10:38:01:595 DEBUG com.sinosoft.test.base.TestBase:46 - Clicked on: [[[[InternetExplorerDriver: internet explorer on WINDOWS (7545f504-ca13-4362-85b1-84d98684a734)] -> name: codeselect]] -> xpath: .//option[normalize-space(.) = "T6209880101--重客业务三部"]]
2020/07/14 10:38:01:595 DEBUG com.sinosoft.test.base.TestBase:151 - setFuzzySelect 结束！
2020/07/14 10:38:01:595 DEBUG com.sinosoft.test.base.TestBase:76 - Trying to find Element By : By.name: SelectIt
2020/07/14 10:38:01:864 DEBUG com.sinosoft.test.base.TestBase:80 - Found Element By : By.name: SelectIt
2020/07/14 10:38:01:864  INFO com.sinosoft.test.base.TestBase:416 - jsClickButton:[[InternetExplorerDriver: internet explorer on WINDOWS (7545f504-ca13-4362-85b1-84d98684a734)] -> name: SelectIt]
2020/07/14 10:38:01:864  INFO com.sinosoft.test.base.TestBase:144 - RunJavaScript:[[InternetExplorerDriver: internet explorer on WINDOWS (7545f504-ca13-4362-85b1-84d98684a734)] -> name: SelectIt]	arguments[0].click();
2020/07/14 10:38:02:563 DEBUG com.sinosoft.test.base.TestBase:272 - 系统窗口【黄河财险业务系统】with handle -d8deca63-0e75-4401-9645-7c33e9d94f74
2020/07/14 10:38:05:193 DEBUG com.sinosoft.test.base.TestBase:76 - Trying to find Element By : By.name: GuMainSalesTeamCode
2020/07/14 10:38:05:251 DEBUG com.sinosoft.test.base.TestBase:80 - Found Element By : By.name: GuMainSalesTeamCode
2020/07/14 10:38:05:254 DEBUG com.sinosoft.test.base.TestBase:49 - CodeSelect:设置完毕[[InternetExplorerDriver: internet explorer on WINDOWS (7545f504-ca13-4362-85b1-84d98684a734)] -> name: GuMainSalesTeamCode] & Code=T6209880101
2020/07/14 10:38:05:255 DEBUG com.sinosoft.test.base.TestBase:76 - Trying to find Element By : By.name: GuMainSalesmanCode
2020/07/14 10:38:05:336 DEBUG com.sinosoft.test.base.TestBase:80 - Found Element By : By.name: GuMainSalesmanCode
2020/07/14 10:38:05:363 DEBUG com.sinosoft.test.base.TestBase:76 - Trying to find Element By : By.name: GuMainSalesmanCode
2020/07/14 10:38:05:437 DEBUG com.sinosoft.test.base.TestBase:80 - Found Element By : By.name: GuMainSalesmanCode
2020/07/14 10:38:05:438 DEBUG com.sinosoft.test.base.TestBase:42 - CodeSelect:开始设置[[InternetExplorerDriver: internet explorer on WINDOWS (7545f504-ca13-4362-85b1-84d98684a734)] -> name: GuMainSalesmanCode] & Code=S000000029
2020/07/14 10:38:05:438 DEBUG com.sinosoft.test.base.TestBase:76 - Trying to find Element By : By.name: GuMainSalesmanCode
2020/07/14 10:38:05:522 DEBUG com.sinosoft.test.base.TestBase:80 - Found Element By : By.name: GuMainSalesmanCode
2020/07/14 10:38:06:580 DEBUG com.sinosoft.test.base.TestBase:272 - 系统窗口【黄河财险业务系统】with handle -d8deca63-0e75-4401-9645-7c33e9d94f74
2020/07/14 10:38:07:249 DEBUG com.sinosoft.test.base.TestBase:272 - 系统窗口【黄河财险业务系统】with handle -d8deca63-0e75-4401-9645-7c33e9d94f74
2020/07/14 10:38:07:877 DEBUG com.sinosoft.test.base.TestBase:272 - 系统窗口【Code Select】with handle -bcdc954c-a04a-4910-a19f-16e34010beaa
2020/07/14 10:38:08:388 DEBUG com.sinosoft.test.base.TestBase:69 - 初始化class com.sinosoft.test.fccp.common.CodeSelectPage
2020/07/14 10:38:08:389 DEBUG com.sinosoft.test.base.TestBase:39 - 基础码表选择！
2020/07/14 10:38:08:389 DEBUG com.sinosoft.test.base.TestBase:76 - Trying to find Element By : By.name: fieldValue
2020/07/14 10:38:08:666 DEBUG com.sinosoft.test.base.TestBase:80 - Found Element By : By.name: fieldValue
2020/07/14 10:38:08:666  INFO com.sinosoft.test.base.TestBase:360 - setEditboxValue:[[InternetExplorerDriver: internet explorer on WINDOWS (7545f504-ca13-4362-85b1-84d98684a734)] -> name: fieldValue]：S000000029
2020/07/14 10:38:09:772  INFO com.sinosoft.test.base.TestBase:363 - setEditboxValue—End:[[InternetExplorerDriver: internet explorer on WINDOWS (7545f504-ca13-4362-85b1-84d98684a734)] -> name: fieldValue]：S000000029
2020/07/14 10:38:09:772 DEBUG com.sinosoft.test.base.TestBase:76 - Trying to find Element By : By.xpath: //input[@value='查询(Q)']
2020/07/14 10:38:10:072 DEBUG com.sinosoft.test.base.TestBase:80 - Found Element By : By.xpath: //input[@value='查询(Q)']
2020/07/14 10:38:10:072  INFO com.sinosoft.test.base.TestBase:402 - clickButton:[[InternetExplorerDriver: internet explorer on WINDOWS (7545f504-ca13-4362-85b1-84d98684a734)] -> xpath: //input[@value='查询(Q)']]
2020/07/14 10:38:10:072 DEBUG com.sinosoft.test.base.TestBase:42 - Trying to click on: [[InternetExplorerDriver: internet explorer on WINDOWS (7545f504-ca13-4362-85b1-84d98684a734)] -> xpath: //input[@value='查询(Q)']]
2020/07/14 10:38:11:633 DEBUG com.sinosoft.test.base.TestBase:46 - Clicked on: [[InternetExplorerDriver: internet explorer on WINDOWS (7545f504-ca13-4362-85b1-84d98684a734)] -> xpath: //input[@value='查询(Q)']]
2020/07/14 10:38:11:634 DEBUG com.sinosoft.test.base.TestBase:76 - Trying to find Element By : By.name: codeselect
2020/07/14 10:38:11:919 DEBUG com.sinosoft.test.base.TestBase:80 - Found Element By : By.name: codeselect
2020/07/14 10:38:11:919  INFO com.sinosoft.test.base.TestBase:132 - setFuzzySelect:[[InternetExplorerDriver: internet explorer on WINDOWS (7545f504-ca13-4362-85b1-84d98684a734)] -> name: codeselect]->S000000029
2020/07/14 10:38:12:469 DEBUG com.sinosoft.test.base.TestBase:76 - Trying to find Element By : By.tagName: option
2020/07/14 10:38:12:780 DEBUG com.sinosoft.test.base.TestBase:80 - Found Element By : By.tagName: option
2020/07/14 10:38:13:068  INFO com.sinosoft.test.base.TestBase:142 - 找到匹配【S000000029】的选项：S000000029--于超
2020/07/14 10:38:13:069 DEBUG com.sinosoft.test.base.TestBase:76 - Trying to find Element By : By.xpath: .//option[normalize-space(.) = "S000000029--于超"]
2020/07/14 10:38:13:371 DEBUG com.sinosoft.test.base.TestBase:80 - Found Element By : By.xpath: .//option[normalize-space(.) = "S000000029--于超"]
2020/07/14 10:38:13:662 DEBUG com.sinosoft.test.base.TestBase:42 - Trying to click on: [[[[InternetExplorerDriver: internet explorer on WINDOWS (7545f504-ca13-4362-85b1-84d98684a734)] -> name: codeselect]] -> xpath: .//option[normalize-space(.) = "S000000029--于超"]]
2020/07/14 10:38:14:048 DEBUG com.sinosoft.test.base.TestBase:46 - Clicked on: [[[[InternetExplorerDriver: internet explorer on WINDOWS (7545f504-ca13-4362-85b1-84d98684a734)] -> name: codeselect]] -> xpath: .//option[normalize-space(.) = "S000000029--于超"]]
2020/07/14 10:38:14:048 DEBUG com.sinosoft.test.base.TestBase:151 - setFuzzySelect 结束！
2020/07/14 10:38:14:048 DEBUG com.sinosoft.test.base.TestBase:76 - Trying to find Element By : By.name: SelectIt
2020/07/14 10:38:14:321 DEBUG com.sinosoft.test.base.TestBase:80 - Found Element By : By.name: SelectIt
2020/07/14 10:38:14:321  INFO com.sinosoft.test.base.TestBase:416 - jsClickButton:[[InternetExplorerDriver: internet explorer on WINDOWS (7545f504-ca13-4362-85b1-84d98684a734)] -> name: SelectIt]
2020/07/14 10:38:14:321  INFO com.sinosoft.test.base.TestBase:144 - RunJavaScript:[[InternetExplorerDriver: internet explorer on WINDOWS (7545f504-ca13-4362-85b1-84d98684a734)] -> name: SelectIt]	arguments[0].click();
2020/07/14 10:38:15:013 DEBUG com.sinosoft.test.base.TestBase:272 - 系统窗口【黄河财险业务系统】with handle -d8deca63-0e75-4401-9645-7c33e9d94f74
2020/07/14 10:38:17:677 DEBUG com.sinosoft.test.base.TestBase:76 - Trying to find Element By : By.name: GuMainSalesmanCode
2020/07/14 10:38:17:757 DEBUG com.sinosoft.test.base.TestBase:80 - Found Element By : By.name: GuMainSalesmanCode
2020/07/14 10:38:17:759 DEBUG com.sinosoft.test.base.TestBase:49 - CodeSelect:设置完毕[[InternetExplorerDriver: internet explorer on WINDOWS (7545f504-ca13-4362-85b1-84d98684a734)] -> name: GuMainSalesmanCode] & Code=S000000029
2020/07/14 10:38:17:760 DEBUG com.sinosoft.test.base.TestBase:76 - Trying to find Element By : By.name: GuMainBusinessSource
2020/07/14 10:38:17:845 DEBUG com.sinosoft.test.base.TestBase:80 - Found Element By : By.name: GuMainBusinessSource
2020/07/14 10:38:17:876 DEBUG com.sinosoft.test.base.TestBase:76 - Trying to find Element By : By.name: GuMainBusinessSource
2020/07/14 10:38:17:969 DEBUG com.sinosoft.test.base.TestBase:80 - Found Element By : By.name: GuMainBusinessSource
2020/07/14 10:38:17:969 DEBUG com.sinosoft.test.base.TestBase:42 - CodeSelect:开始设置[[InternetExplorerDriver: internet explorer on WINDOWS (7545f504-ca13-4362-85b1-84d98684a734)] -> name: GuMainBusinessSource] & Code=01010101
2020/07/14 10:38:17:969 DEBUG com.sinosoft.test.base.TestBase:76 - Trying to find Element By : By.name: GuMainBusinessSource
2020/07/14 10:38:18:067 DEBUG com.sinosoft.test.base.TestBase:80 - Found Element By : By.name: GuMainBusinessSource
2020/07/14 10:38:19:153 DEBUG com.sinosoft.test.base.TestBase:272 - 系统窗口【黄河财险业务系统】with handle -d8deca63-0e75-4401-9645-7c33e9d94f74
2020/07/14 10:38:20:307 DEBUG com.sinosoft.test.base.TestBase:272 - 系统窗口【Code Select】with handle -9a5a5cb8-1c63-433f-96cf-dd90a1b56939
2020/07/14 10:38:20:815 DEBUG com.sinosoft.test.base.TestBase:69 - 初始化class com.sinosoft.test.fccp.common.CodeSelectPage
2020/07/14 10:38:20:816 DEBUG com.sinosoft.test.base.TestBase:39 - 基础码表选择！
2020/07/14 10:38:20:816 DEBUG com.sinosoft.test.base.TestBase:76 - Trying to find Element By : By.name: fieldValue
2020/07/14 10:38:21:095 DEBUG com.sinosoft.test.base.TestBase:80 - Found Element By : By.name: fieldValue
2020/07/14 10:38:21:095  INFO com.sinosoft.test.base.TestBase:360 - setEditboxValue:[[InternetExplorerDriver: internet explorer on WINDOWS (7545f504-ca13-4362-85b1-84d98684a734)] -> name: fieldValue]：01010101
2020/07/14 10:38:22:155  INFO com.sinosoft.test.base.TestBase:363 - setEditboxValue—End:[[InternetExplorerDriver: internet explorer on WINDOWS (7545f504-ca13-4362-85b1-84d98684a734)] -> name: fieldValue]：01010101
2020/07/14 10:38:22:155 DEBUG com.sinosoft.test.base.TestBase:76 - Trying to find Element By : By.xpath: //input[@value='查询(Q)']
2020/07/14 10:38:22:442 DEBUG com.sinosoft.test.base.TestBase:80 - Found Element By : By.xpath: //input[@value='查询(Q)']
2020/07/14 10:38:22:442  INFO com.sinosoft.test.base.TestBase:402 - clickButton:[[InternetExplorerDriver: internet explorer on WINDOWS (7545f504-ca13-4362-85b1-84d98684a734)] -> xpath: //input[@value='查询(Q)']]
2020/07/14 10:38:22:442 DEBUG com.sinosoft.test.base.TestBase:42 - Trying to click on: [[InternetExplorerDriver: internet explorer on WINDOWS (7545f504-ca13-4362-85b1-84d98684a734)] -> xpath: //input[@value='查询(Q)']]
2020/07/14 10:38:23:990 DEBUG com.sinosoft.test.base.TestBase:46 - Clicked on: [[InternetExplorerDriver: internet explorer on WINDOWS (7545f504-ca13-4362-85b1-84d98684a734)] -> xpath: //input[@value='查询(Q)']]
2020/07/14 10:38:23:991 DEBUG com.sinosoft.test.base.TestBase:76 - Trying to find Element By : By.name: codeselect
2020/07/14 10:38:24:275 DEBUG com.sinosoft.test.base.TestBase:80 - Found Element By : By.name: codeselect
2020/07/14 10:38:24:276  INFO com.sinosoft.test.base.TestBase:132 - setFuzzySelect:[[InternetExplorerDriver: internet explorer on WINDOWS (7545f504-ca13-4362-85b1-84d98684a734)] -> name: codeselect]->01010101
2020/07/14 10:38:24:816 DEBUG com.sinosoft.test.base.TestBase:76 - Trying to find Element By : By.tagName: option
2020/07/14 10:38:25:218 DEBUG com.sinosoft.test.base.TestBase:80 - Found Element By : By.tagName: option
2020/07/14 10:38:25:507  INFO com.sinosoft.test.base.TestBase:142 - 找到匹配【01010101】的选项：01010101--柜面直销
2020/07/14 10:38:25:507 DEBUG com.sinosoft.test.base.TestBase:76 - Trying to find Element By : By.xpath: .//option[normalize-space(.) = "01010101--柜面直销"]
2020/07/14 10:38:25:812 DEBUG com.sinosoft.test.base.TestBase:80 - Found Element By : By.xpath: .//option[normalize-space(.) = "01010101--柜面直销"]
2020/07/14 10:38:26:091 DEBUG com.sinosoft.test.base.TestBase:42 - Trying to click on: [[[[InternetExplorerDriver: internet explorer on WINDOWS (7545f504-ca13-4362-85b1-84d98684a734)] -> name: codeselect]] -> xpath: .//option[normalize-space(.) = "01010101--柜面直销"]]
2020/07/14 10:38:26:472 DEBUG com.sinosoft.test.base.TestBase:46 - Clicked on: [[[[InternetExplorerDriver: internet explorer on WINDOWS (7545f504-ca13-4362-85b1-84d98684a734)] -> name: codeselect]] -> xpath: .//option[normalize-space(.) = "01010101--柜面直销"]]
2020/07/14 10:38:26:472 DEBUG com.sinosoft.test.base.TestBase:151 - setFuzzySelect 结束！
2020/07/14 10:38:26:472 DEBUG com.sinosoft.test.base.TestBase:76 - Trying to find Element By : By.name: SelectIt
2020/07/14 10:38:26:749 DEBUG com.sinosoft.test.base.TestBase:80 - Found Element By : By.name: SelectIt
2020/07/14 10:38:26:750  INFO com.sinosoft.test.base.TestBase:416 - jsClickButton:[[InternetExplorerDriver: internet explorer on WINDOWS (7545f504-ca13-4362-85b1-84d98684a734)] -> name: SelectIt]
2020/07/14 10:38:26:750  INFO com.sinosoft.test.base.TestBase:144 - RunJavaScript:[[InternetExplorerDriver: internet explorer on WINDOWS (7545f504-ca13-4362-85b1-84d98684a734)] -> name: SelectIt]	arguments[0].click();
2020/07/14 10:38:27:468 DEBUG com.sinosoft.test.base.TestBase:272 - 系统窗口【黄河财险业务系统】with handle -d8deca63-0e75-4401-9645-7c33e9d94f74
2020/07/14 10:38:30:285 DEBUG com.sinosoft.test.base.TestBase:76 - Trying to find Element By : By.name: GuMainBusinessSource
2020/07/14 10:38:30:352 DEBUG com.sinosoft.test.base.TestBase:80 - Found Element By : By.name: GuMainBusinessSource
2020/07/14 10:38:30:352 DEBUG com.sinosoft.test.base.TestBase:49 - CodeSelect:设置完毕[[InternetExplorerDriver: internet explorer on WINDOWS (7545f504-ca13-4362-85b1-84d98684a734)] -> name: GuMainBusinessSource] & Code=01010101
2020/07/14 10:38:30:352 DEBUG com.sinosoft.test.base.TestBase:76 - Trying to find Element By : By.name: GuMainSurveyInd
2020/07/14 10:38:30:435 DEBUG com.sinosoft.test.base.TestBase:80 - Found Element By : By.name: GuMainSurveyInd
2020/07/14 10:38:30:435  INFO com.sinosoft.test.base.TestBase:96 - setSelectWithStartText:[[InternetExplorerDriver: internet explorer on WINDOWS (7545f504-ca13-4362-85b1-84d98684a734)] -> name: GuMainSurveyInd]->HXXT
2020/07/14 10:38:30:435 DEBUG com.sinosoft.test.base.TestBase:76 - Trying to find Element By : By.name: GuMainSurveyInd
2020/07/14 10:38:30:503 DEBUG com.sinosoft.test.base.TestBase:80 - Found Element By : By.name: GuMainSurveyInd
2020/07/14 10:38:30:530 DEBUG com.sinosoft.test.base.TestBase:76 - Trying to find Element By : By.name: GuMainSurveyInd
2020/07/14 10:38:30:576 DEBUG com.sinosoft.test.base.TestBase:80 - Found Element By : By.name: GuMainSurveyInd
2020/07/14 10:38:30:607 DEBUG com.sinosoft.test.base.TestBase:76 - Trying to find Element By : By.name: GuMainSurveyInd
2020/07/14 10:38:30:679 DEBUG com.sinosoft.test.base.TestBase:80 - Found Element By : By.name: GuMainSurveyInd
2020/07/14 10:38:30:680 DEBUG com.sinosoft.test.base.TestBase:76 - Trying to find Element By : By.tagName: option
2020/07/14 10:38:30:985 DEBUG com.sinosoft.test.base.TestBase:80 - Found Element By : By.tagName: option
2020/07/14 10:38:31:046  INFO com.sinosoft.test.base.TestBase:114 - 找到匹配【HXXT】的选项：HXXT-核心
2020/07/14 10:38:31:047 DEBUG com.sinosoft.test.base.TestBase:76 - Trying to find Element By : By.name: GuMainSurveyInd
2020/07/14 10:38:31:117 DEBUG com.sinosoft.test.base.TestBase:80 - Found Element By : By.name: GuMainSurveyInd
2020/07/14 10:38:31:117 DEBUG com.sinosoft.test.base.TestBase:76 - Trying to find Element By : By.xpath: .//option[normalize-space(.) = "HXXT-核心"]
2020/07/14 10:38:31:187 DEBUG com.sinosoft.test.base.TestBase:80 - Found Element By : By.xpath: .//option[normalize-space(.) = "HXXT-核心"]
2020/07/14 10:38:31:223 DEBUG com.sinosoft.test.base.TestBase:123 - setSelectWithStartText 结束！
2020/07/14 10:38:31:223 DEBUG com.sinosoft.test.base.TestBase:76 - Trying to find Element By : By.name: GuMainArgueSolution
2020/07/14 10:38:31:315 DEBUG com.sinosoft.test.base.TestBase:80 - Found Element By : By.name: GuMainArgueSolution
2020/07/14 10:38:31:316  INFO com.sinosoft.test.base.TestBase:96 - setSelectWithStartText:[[InternetExplorerDriver: internet explorer on WINDOWS (7545f504-ca13-4362-85b1-84d98684a734)] -> name: GuMainArgueSolution]->
2020/07/14 10:38:31:316 DEBUG com.sinosoft.test.base.TestBase:76 - Trying to find Element By : By.name: GuMainDomesticInd
2020/07/14 10:38:31:398 DEBUG com.sinosoft.test.base.TestBase:80 - Found Element By : By.name: GuMainDomesticInd
2020/07/14 10:38:31:399  INFO com.sinosoft.test.base.TestBase:96 - setSelectWithStartText:[[InternetExplorerDriver: internet explorer on WINDOWS (7545f504-ca13-4362-85b1-84d98684a734)] -> name: GuMainDomesticInd]->
2020/07/14 10:38:31:401 DEBUG com.sinosoft.test.base.TestBase:76 - Trying to find Element By : By.name: GuMainComInsureInd
2020/07/14 10:38:31:462 DEBUG com.sinosoft.test.base.TestBase:80 - Found Element By : By.name: GuMainComInsureInd
2020/07/14 10:38:31:463  INFO com.sinosoft.test.base.TestBase:96 - setSelectWithStartText:[[InternetExplorerDriver: internet explorer on WINDOWS (7545f504-ca13-4362-85b1-84d98684a734)] -> name: GuMainComInsureInd]->0
2020/07/14 10:38:31:464 DEBUG com.sinosoft.test.base.TestBase:76 - Trying to find Element By : By.name: GuMainComInsureInd
2020/07/14 10:38:31:534 DEBUG com.sinosoft.test.base.TestBase:80 - Found Element By : By.name: GuMainComInsureInd
2020/07/14 10:38:31:558 DEBUG com.sinosoft.test.base.TestBase:76 - Trying to find Element By : By.name: GuMainComInsureInd
2020/07/14 10:38:31:621 DEBUG com.sinosoft.test.base.TestBase:80 - Found Element By : By.name: GuMainComInsureInd
2020/07/14 10:38:31:646 DEBUG com.sinosoft.test.base.TestBase:76 - Trying to find Element By : By.name: GuMainComInsureInd
2020/07/14 10:38:31:707 DEBUG com.sinosoft.test.base.TestBase:80 - Found Element By : By.name: GuMainComInsureInd
2020/07/14 10:38:31:707 DEBUG com.sinosoft.test.base.TestBase:76 - Trying to find Element By : By.tagName: option
2020/07/14 10:38:31:781 DEBUG com.sinosoft.test.base.TestBase:80 - Found Element By : By.tagName: option
2020/07/14 10:38:31:854  INFO com.sinosoft.test.base.TestBase:114 - 找到匹配【0】的选项：0-非统括业务
2020/07/14 10:38:31:854 DEBUG com.sinosoft.test.base.TestBase:76 - Trying to find Element By : By.name: GuMainComInsureInd
2020/07/14 10:38:31:912 DEBUG com.sinosoft.test.base.TestBase:80 - Found Element By : By.name: GuMainComInsureInd
2020/07/14 10:38:31:913 DEBUG com.sinosoft.test.base.TestBase:76 - Trying to find Element By : By.xpath: .//option[normalize-space(.) = "0-非统括业务"]
2020/07/14 10:38:31:972 DEBUG com.sinosoft.test.base.TestBase:80 - Found Element By : By.xpath: .//option[normalize-space(.) = "0-非统括业务"]
2020/07/14 10:38:32:010 DEBUG com.sinosoft.test.base.TestBase:123 - setSelectWithStartText 结束！
2020/07/14 10:38:32:012 DEBUG com.sinosoft.test.base.TestBase:76 - Trying to find Element By : By.name: GuMainPolicyStyle
2020/07/14 10:38:32:129 DEBUG com.sinosoft.test.base.TestBase:80 - Found Element By : By.name: GuMainPolicyStyle
2020/07/14 10:38:32:131  INFO com.sinosoft.test.base.TestBase:96 - setSelectWithStartText:[[InternetExplorerDriver: internet explorer on WINDOWS (7545f504-ca13-4362-85b1-84d98684a734)] -> name: GuMainPolicyStyle]->0
2020/07/14 10:38:32:133 DEBUG com.sinosoft.test.base.TestBase:76 - Trying to find Element By : By.name: GuMainPolicyStyle
2020/07/14 10:38:32:191 DEBUG com.sinosoft.test.base.TestBase:80 - Found Element By : By.name: GuMainPolicyStyle
2020/07/14 10:38:32:220 DEBUG com.sinosoft.test.base.TestBase:76 - Trying to find Element By : By.name: GuMainPolicyStyle
2020/07/14 10:38:32:278 DEBUG com.sinosoft.test.base.TestBase:80 - Found Element By : By.name: GuMainPolicyStyle
2020/07/14 10:38:32:306 DEBUG com.sinosoft.test.base.TestBase:76 - Trying to find Element By : By.name: GuMainPolicyStyle
2020/07/14 10:38:32:378 DEBUG com.sinosoft.test.base.TestBase:80 - Found Element By : By.name: GuMainPolicyStyle
2020/07/14 10:38:32:378 DEBUG com.sinosoft.test.base.TestBase:76 - Trying to find Element By : By.tagName: option
2020/07/14 10:38:32:450 DEBUG com.sinosoft.test.base.TestBase:80 - Found Element By : By.tagName: option
2020/07/14 10:38:32:533  INFO com.sinosoft.test.base.TestBase:114 - 找到匹配【0】的选项：0-否
2020/07/14 10:38:32:533 DEBUG com.sinosoft.test.base.TestBase:76 - Trying to find Element By : By.name: GuMainPolicyStyle
2020/07/14 10:38:32:607 DEBUG com.sinosoft.test.base.TestBase:80 - Found Element By : By.name: GuMainPolicyStyle
2020/07/14 10:38:32:607 DEBUG com.sinosoft.test.base.TestBase:76 - Trying to find Element By : By.xpath: .//option[normalize-space(.) = "0-否"]
2020/07/14 10:38:32:680 DEBUG com.sinosoft.test.base.TestBase:80 - Found Element By : By.xpath: .//option[normalize-space(.) = "0-否"]
2020/07/14 10:38:32:707 DEBUG com.sinosoft.test.base.TestBase:123 - setSelectWithStartText 结束！
2020/07/14 10:38:32:707 DEBUG com.sinosoft.test.base.TestBase:76 - Trying to find Element By : By.name: RenewalOfInsuranceSelect
2020/07/14 10:38:32:813 DEBUG com.sinosoft.test.base.TestBase:80 - Found Element By : By.name: RenewalOfInsuranceSelect
2020/07/14 10:38:32:813  INFO com.sinosoft.test.base.TestBase:96 - setSelectWithStartText:[[InternetExplorerDriver: internet explorer on WINDOWS (7545f504-ca13-4362-85b1-84d98684a734)] -> name: RenewalOfInsuranceSelect]->0
2020/07/14 10:38:32:813 DEBUG com.sinosoft.test.base.TestBase:76 - Trying to find Element By : By.name: RenewalOfInsuranceSelect
2020/07/14 10:38:32:895 DEBUG com.sinosoft.test.base.TestBase:80 - Found Element By : By.name: RenewalOfInsuranceSelect
2020/07/14 10:38:32:923 DEBUG com.sinosoft.test.base.TestBase:76 - Trying to find Element By : By.name: RenewalOfInsuranceSelect
2020/07/14 10:38:32:973 DEBUG com.sinosoft.test.base.TestBase:80 - Found Element By : By.name: RenewalOfInsuranceSelect
2020/07/14 10:38:33:003 DEBUG com.sinosoft.test.base.TestBase:76 - Trying to find Element By : By.name: RenewalOfInsuranceSelect
2020/07/14 10:38:33:073 DEBUG com.sinosoft.test.base.TestBase:80 - Found Element By : By.name: RenewalOfInsuranceSelect
2020/07/14 10:38:33:073 DEBUG com.sinosoft.test.base.TestBase:76 - Trying to find Element By : By.tagName: option
2020/07/14 10:38:33:144 DEBUG com.sinosoft.test.base.TestBase:80 - Found Element By : By.tagName: option
2020/07/14 10:38:33:229  INFO com.sinosoft.test.base.TestBase:114 - 找到匹配【0】的选项：0-否
2020/07/14 10:38:33:231 DEBUG com.sinosoft.test.base.TestBase:76 - Trying to find Element By : By.name: RenewalOfInsuranceSelect
2020/07/14 10:38:33:289 DEBUG com.sinosoft.test.base.TestBase:80 - Found Element By : By.name: RenewalOfInsuranceSelect
2020/07/14 10:38:33:290 DEBUG com.sinosoft.test.base.TestBase:76 - Trying to find Element By : By.xpath: .//option[normalize-space(.) = "0-否"]
2020/07/14 10:38:33:365 DEBUG com.sinosoft.test.base.TestBase:80 - Found Element By : By.xpath: .//option[normalize-space(.) = "0-否"]
2020/07/14 10:38:33:427 DEBUG com.sinosoft.test.base.TestBase:42 - Trying to click on: [[[[InternetExplorerDriver: internet explorer on WINDOWS (7545f504-ca13-4362-85b1-84d98684a734)] -> name: RenewalOfInsuranceSelect]] -> xpath: .//option[normalize-space(.) = "0-否"]]
2020/07/14 10:38:33:649 DEBUG com.sinosoft.test.base.TestBase:46 - Clicked on: [[[[InternetExplorerDriver: internet explorer on WINDOWS (7545f504-ca13-4362-85b1-84d98684a734)] -> name: RenewalOfInsuranceSelect]] -> xpath: .//option[normalize-space(.) = "0-否"]]
2020/07/14 10:38:33:649 DEBUG com.sinosoft.test.base.TestBase:123 - setSelectWithStartText 结束！
2020/07/14 10:38:33:650 DEBUG com.sinosoft.test.base.TestBase:76 - Trying to find Element By : By.name: GuMainIsDifferentPlace
2020/07/14 10:38:33:720 DEBUG com.sinosoft.test.base.TestBase:80 - Found Element By : By.name: GuMainIsDifferentPlace
2020/07/14 10:38:33:720  INFO com.sinosoft.test.base.TestBase:96 - setSelectWithStartText:[[InternetExplorerDriver: internet explorer on WINDOWS (7545f504-ca13-4362-85b1-84d98684a734)] -> name: GuMainIsDifferentPlace]->
2020/07/14 10:38:33:720 DEBUG com.sinosoft.test.base.TestBase:76 - Trying to find Element By : By.name: GuMainIsFarming
2020/07/14 10:38:33:813 DEBUG com.sinosoft.test.base.TestBase:80 - Found Element By : By.name: GuMainIsFarming
2020/07/14 10:38:33:814  INFO com.sinosoft.test.base.TestBase:96 - setSelectWithStartText:[[InternetExplorerDriver: internet explorer on WINDOWS (7545f504-ca13-4362-85b1-84d98684a734)] -> name: GuMainIsFarming]->
2020/07/14 10:38:33:814 DEBUG com.sinosoft.test.base.TestBase:76 - Trying to find Element By : By.name: AppliGuRelatedPartyInsuredType
2020/07/14 10:38:33:898 DEBUG com.sinosoft.test.base.TestBase:80 - Found Element By : By.name: AppliGuRelatedPartyInsuredType
2020/07/14 10:38:33:898  INFO com.sinosoft.test.base.TestBase:96 - setSelectWithStartText:[[InternetExplorerDriver: internet explorer on WINDOWS (7545f504-ca13-4362-85b1-84d98684a734)] -> name: AppliGuRelatedPartyInsuredType]->2
2020/07/14 10:38:33:898 DEBUG com.sinosoft.test.base.TestBase:76 - Trying to find Element By : By.name: AppliGuRelatedPartyInsuredType
2020/07/14 10:38:33:980 DEBUG com.sinosoft.test.base.TestBase:80 - Found Element By : By.name: AppliGuRelatedPartyInsuredType
2020/07/14 10:38:34:007 DEBUG com.sinosoft.test.base.TestBase:76 - Trying to find Element By : By.name: AppliGuRelatedPartyInsuredType
2020/07/14 10:38:34:056 DEBUG com.sinosoft.test.base.TestBase:80 - Found Element By : By.name: AppliGuRelatedPartyInsuredType
2020/07/14 10:38:34:086 DEBUG com.sinosoft.test.base.TestBase:76 - Trying to find Element By : By.name: AppliGuRelatedPartyInsuredType
2020/07/14 10:38:34:166 DEBUG com.sinosoft.test.base.TestBase:80 - Found Element By : By.name: AppliGuRelatedPartyInsuredType
2020/07/14 10:38:34:166 DEBUG com.sinosoft.test.base.TestBase:76 - Trying to find Element By : By.tagName: option
2020/07/14 10:38:34:260 DEBUG com.sinosoft.test.base.TestBase:80 - Found Element By : By.tagName: option
2020/07/14 10:38:34:355  INFO com.sinosoft.test.base.TestBase:114 - 找到匹配【2】的选项：2-团体
2020/07/14 10:38:34:355 DEBUG com.sinosoft.test.base.TestBase:76 - Trying to find Element By : By.name: AppliGuRelatedPartyInsuredType
2020/07/14 10:38:34:440 DEBUG com.sinosoft.test.base.TestBase:80 - Found Element By : By.name: AppliGuRelatedPartyInsuredType
2020/07/14 10:38:34:442 DEBUG com.sinosoft.test.base.TestBase:76 - Trying to find Element By : By.xpath: .//option[normalize-space(.) = "2-团体"]
2020/07/14 10:38:34:514 DEBUG com.sinosoft.test.base.TestBase:80 - Found Element By : By.xpath: .//option[normalize-space(.) = "2-团体"]
2020/07/14 10:38:34:540 DEBUG com.sinosoft.test.base.TestBase:123 - setSelectWithStartText 结束！
2020/07/14 10:38:34:541 DEBUG com.sinosoft.test.base.TestBase:76 - Trying to find Element By : By.name: AppliGuRelatedPartyInsuredCode
2020/07/14 10:38:34:648 DEBUG com.sinosoft.test.base.TestBase:80 - Found Element By : By.name: AppliGuRelatedPartyInsuredCode
2020/07/14 10:38:34:648  INFO com.sinosoft.test.base.TestBase:388 - setEditboxTValue:[[InternetExplorerDriver: internet explorer on WINDOWS (7545f504-ca13-4362-85b1-84d98684a734)] -> name: AppliGuRelatedPartyInsuredCode]->G6200019603
2020/07/14 10:38:34:648 DEBUG com.sinosoft.test.base.TestBase:76 - Trying to find Element By : By.name: AppliGuRelatedPartyInsuredCode
2020/07/14 10:38:34:729 DEBUG com.sinosoft.test.base.TestBase:80 - Found Element By : By.name: AppliGuRelatedPartyInsuredCode
2020/07/14 10:38:35:005 DEBUG com.sinosoft.test.base.TestBase:76 - Trying to find Element By : By.name: AppliGuRelatedPartyInsuredCode
2020/07/14 10:38:35:066 DEBUG com.sinosoft.test.base.TestBase:80 - Found Element By : By.name: AppliGuRelatedPartyInsuredCode
2020/07/14 10:38:40:457 DEBUG com.sinosoft.test.base.TestBase:76 - Trying to find Element By : By.name: buttonSaveCustomer
2020/07/14 10:38:40:538 DEBUG com.sinosoft.test.base.TestBase:80 - Found Element By : By.name: buttonSaveCustomer
2020/07/14 10:38:40:540 DEBUG com.sinosoft.test.base.TestBase:42 - Trying to click on: [[InternetExplorerDriver: internet explorer on WINDOWS (7545f504-ca13-4362-85b1-84d98684a734)] -> name: buttonSaveCustomer]
2020/07/14 10:38:41:761 DEBUG com.sinosoft.test.base.TestBase:46 - Clicked on: [[InternetExplorerDriver: internet explorer on WINDOWS (7545f504-ca13-4362-85b1-84d98684a734)] -> name: buttonSaveCustomer]
2020/07/14 10:38:41:973  INFO com.sinosoft.test.base.TestBase:519 - 在保存客户时捕获了一个弹窗：客户已经保存，或不需要保存.
2020/07/14 10:38:42:180 DEBUG com.sinosoft.test.base.TestBase:218 - Alert的标题是：客户已经保存，或不需要保存.
2020/07/14 10:38:43:009 DEBUG com.sinosoft.test.base.TestBase:76 - Trying to find Element By : By.name: AppliGuRelatedPartyInsuredCode
2020/07/14 10:38:43:090 DEBUG com.sinosoft.test.base.TestBase:80 - Found Element By : By.name: AppliGuRelatedPartyInsuredCode
2020/07/14 10:38:43:125 DEBUG com.sinosoft.test.base.TestBase:76 - Trying to find Element By : By.id: saveButton
2020/07/14 10:38:43:206 DEBUG com.sinosoft.test.base.TestBase:80 - Found Element By : By.id: saveButton
2020/07/14 10:38:43:206 DEBUG com.sinosoft.test.base.TestBase:42 - Trying to click on: [[InternetExplorerDriver: internet explorer on WINDOWS (7545f504-ca13-4362-85b1-84d98684a734)] -> id: saveButton]
2020/07/14 10:38:44:813 DEBUG com.sinosoft.test.base.TestBase:46 - Clicked on: [[InternetExplorerDriver: internet explorer on WINDOWS (7545f504-ca13-4362-85b1-84d98684a734)] -> id: saveButton]
2020/07/14 10:38:44:814 DEBUG com.sinosoft.test.base.TestBase:88 - 截屏文件名字是：FCCB_TB_JCX_1保存基本信息
2020/07/14 10:38:44:929 DEBUG com.sinosoft.test.base.TestBase:69 - 初始化class com.sinosoft.test.fccp.tbcl.RiskDetail_TypePage
2020/07/14 10:38:49:515  INFO com.sinosoft.test.base.TestBase:125 - 执行测试用例发生了异常，开始截屏
org.openqa.selenium.NoSuchFrameException: No frame element found by name or id myFrame
Build info: version: '3.9.0', revision: '698b3178f0', time: '2018-02-05T14:26:55.441Z'
System info: host: 'DESKTOP-I9S3ABE', ip: '100.100.96.220', os.name: 'Windows 10', os.arch: 'amd64', os.version: '10.0', java.version: '1.8.0_101'
Driver info: driver.version: unknown
	at org.openqa.selenium.remote.RemoteWebDriver$RemoteTargetLocator.frame(RemoteWebDriver.java:940)
	at org.openqa.selenium.support.events.EventFiringWebDriver$EventFiringTargetLocator.frame(EventFiringWebDriver.java:631)
	at com.sinosoft.test.fccp.tbcl.RiskDetailPage.goToWorkArea(RiskDetailPage.java:43)
	at com.sinosoft.test.fccp.tbcl.RiskDetail_TypePage.<init>(RiskDetail_TypePage.java:104)
	at com.sinosoft.test.fccp.tbcl.BasicInfoPage.saveBasicInfoAction(BasicInfoPage.java:533)
	at com.sinosoft.testcases.fccb.TBGLTestCase.FCCB_TBCL(TBGLTestCase.java:96)
	at sun.reflect.NativeMethodAccessorImpl.invoke0(Native Method)
	at sun.reflect.NativeMethodAccessorImpl.invoke(NativeMethodAccessorImpl.java:62)
	at sun.reflect.DelegatingMethodAccessorImpl.invoke(DelegatingMethodAccessorImpl.java:43)
	at java.lang.reflect.Method.invoke(Method.java:498)
	at org.testng.internal.MethodInvocationHelper.invokeMethod(MethodInvocationHelper.java:108)
	at org.testng.internal.Invoker.invokeMethod(Invoker.java:661)
	at org.testng.internal.Invoker.invokeTestMethod(Invoker.java:869)
	at org.testng.internal.Invoker.invokeTestMethods(Invoker.java:1193)
	at org.testng.internal.TestMethodWorker.invokeTestMethods(TestMethodWorker.java:126)
	at org.testng.internal.TestMethodWorker.run(TestMethodWorker.java:109)
	at org.testng.TestRunner.privateRun(TestRunner.java:744)
	at org.testng.TestRunner.run(TestRunner.java:602)
	at org.testng.SuiteRunner.runTest(SuiteRunner.java:380)
	at org.testng.SuiteRunner.runSequentially(SuiteRunner.java:375)
	at org.testng.SuiteRunner.privateRun(SuiteRunner.java:340)
	at org.testng.SuiteRunner.run(SuiteRunner.java:289)
	at org.testng.SuiteRunnerWorker.runSuite(SuiteRunnerWorker.java:52)
	at org.testng.SuiteRunnerWorker.run(SuiteRunnerWorker.java:86)
	at org.testng.TestNG.runSuitesSequentially(TestNG.java:1301)
	at org.testng.TestNG.runSuitesLocally(TestNG.java:1226)
	at org.testng.TestNG.runSuites(TestNG.java:1144)
	at org.testng.TestNG.run(TestNG.java:1115)
	at org.apache.maven.surefire.testng.TestNGExecutor.run(TestNGExecutor.java:283)
	at org.apache.maven.surefire.testng.TestNGXmlTestSuite.execute(TestNGXmlTestSuite.java:75)
	at org.apache.maven.surefire.testng.TestNGProvider.invoke(TestNGProvider.java:120)
	at org.apache.maven.surefire.booter.ForkedBooter.invokeProviderInSameClassLoader(ForkedBooter.java:384)
	at org.apache.maven.surefire.booter.ForkedBooter.runSuitesInProcess(ForkedBooter.java:345)
	at org.apache.maven.surefire.booter.ForkedBooter.execute(ForkedBooter.java:126)
	at org.apache.maven.surefire.booter.ForkedBooter.main(ForkedBooter.java:418)
2020/07/14 10:38:49:516 DEBUG com.sinosoft.test.base.TestBase:88 - 截屏文件名字是：FCCB_TB_JCX_1_异常截屏
2020/07/14 10:38:49:601  INFO com.sinosoft.test.base.TestBase:129 - 执行测试用例发生了异常，截屏结束！
2020/07/14 10:38:49:602  INFO com.sinosoft.test.base.TestBase:132 - 进入Finally事件:RowID:2
2020/07/14 10:38:49:602  INFO com.sinosoft.test.base.TestBase:133 - 进入Finally事件:testCaseName:FCCB_TBCL
2020/07/14 10:38:49:602  INFO com.sinosoft.test.base.TestBase:134 - 进入Finally事件:proposalNumber:06201890101202000000000224
2020/07/14 10:38:49:602  INFO com.sinosoft.test.base.TestBase:135 - 进入Finally事件:message:未知异常No frame element found by name or id myFrame
Build info: version: '3.9.0', revision: '698b3178f0', time: '2018-02-05T14:26:55.441Z'
System info: host: 'DESKTOP-I9S3ABE', ip: '100.100.96.220', os.name: 'Windows 10', os.arch: 'amd64', os.version: '10.0', java.version: '1.8.0_101'
Driver info: driver.version: unknown
2020/07/14 10:38:49:602  INFO com.sinosoft.test.base.TestBase:136 - 进入Finally事件:screenshot:C:\Users\liu-b\git\PageObjectModel\screenshots\FCCB_TB_JCX_1_异常截屏_20200714103849591.png
2020/07/14 10:38:49:809  INFO com.sinosoft.test.base.TestBase:91 - start InternetExplorerDriver
2020/07/14 10:38:51:519 DEBUG com.sinosoft.test.base.TestBase:69 - 初始化class com.sinosoft.test.util.WebEventListener
2020/07/14 10:38:51:533  INFO com.sinosoft.test.base.TestBase:80 - 开始运行测试脚本，获取到的测试数据《getTBCLTestData》如下:
2020/07/14 10:38:51:534  INFO com.sinosoft.test.base.TestBase:81 - ROW_ID=3
ProcessFlag=N
TestCaseName=FCCB_TB_JCX
TestCaseSeq=2
TestDescription=非车承保企财险-工程机械设备保险-出单
riskClass=01
riskCode=0122
renewalInd=0
renewalPolicy=
prePay=
carrayOver=
carrayOverPolicy=
relatedInd=
relatedPolicy=
fbbs=
ywgs=01620189
qdlx=04
gdbs=0
xstd=T6209880101
ywy=S000000029
ywly=01010101
dljg=
xsxy=
cxywbs=HXXT
cdjg=
htzyjjfs=
jnwbz=
jw_country=
jw_Addr=
snbz=
sftkbd=0
sfdzbd=0
sfxb=0
fxqkyjytz=
sfydyw=
sfsn=
xbbdh=
tbr_lx=2
tbr_mc=
tbr_vip=
tbr_dm=G6200019984
tbr_zjlx=
tbr_zjhm=
tbr_sj=
tbr_csrq=
tbr_lxdz=
tbr_dwdh=010-67549095-455
lxr_xm=
lxr_xb=
lxr_zw=
lxr_sj=
lxr_yx=
xzsyfw=1
tqmc=
qbrq=
zbrq=
lgbbz=0
yyzdbz=
sfgxdm=1
cbdq=0001
zzfwlx=2
hydl=03
hyxl=03006
jqbm=121121123123
bbdm=CNY
sf=130000
cs=130300
qx=130302
yb=065201
jzdj=
bxcs=
bdw_jd=
bdw_yyxz=
bdw_sfhyf=
bdw_fxlx=
bdw_sbmc=大型联合收割机
bdw_cjh=V1239876895
bdw_fdjh=E00239988
bdw_cjdjrq=20150101
bdw_cllx=车辆类型
bdw_cpcx=厂牌车型
bdw_sccj=东方红
bdw_gzjz=2000000
bdw_sgzyqy=华北地区
bdw_zylx=
bdw=010081
bdwmx=
xbdm=0122001
jrbe=1
jzfs=10
bxje=2000000
bffl=3
dqflbz=2
ysbf=600
yyzd_zdpcg=
yyzd_sndmlrze=
yyzd_sndyye=
yyzd_bdw=
yyzd_bdwmx=
yyzd_xbdm=
yyzd_jrbe=
yyzd_jzfs=
yyzd_bxje=
yyzd_bffl=
yyzd_dqflbz=
yyzd_ysbf=
fsh=5
xsfdj=A
xsfxs=2
jgx_sf=
jgx_cs=
jgx_qx=
jgx_gcdd=
jgx_bb=
jgx_gcmc=
jgx_gclx_1=
jgx_gclx_2=
jgx_gclx_3=
jgx_gclx_4=
jgx_gclx_5=
jgx_gclx_6=
jgx_yzssjt=
jgx_yz=
jgx_cbs_ssjt=
jgx_cbs=
jgx_gchth=
jgx_gcjz=
jgx_gcqsrq=
jgx_gczzrq=
jgx_gcfw=
jgx_scqqsrq=
jgx_scqzzrq=
jgx_bzqqsrq=
jgx_bzqzzrq=
jgx_ws_xmlbdm=
jgx_ws_jrbe=
jgx_ws_bxje=
jgx_ws_fl=
jgx_ws_dqflbz=
jgx_ws_ysbf=
jgx_sz_xbdm=
jgx_sz_jrbe=
jgx_sz_ljpcxe=
jgx_sz_fv=
jgx_sz_dqflbz=
jgx_sz_ysbf=
proposalNumber=06201890122202000000000005
message=未知异常Currently focused window has been closed.
Build info: version: '3.9.0', revision: '698b3178f0', time: '2018-02-05T14:26:55.441Z'
System info: host: 'DESKTOP-I9S3ABE', ip: '100.100.96.220', os.name: 'Windows 10', os.arch: 'amd64', os.version: '10.0', java.version: '1.8.0_101'
Driver info: org.openqa.selenium.ie.InternetExplorerDriver
Capabilities {acceptInsecureCerts: false, browserName: internet explorer, browserVersion: 11, javascriptEnabled: true, pageLoadStrategy: normal, platform: WINDOWS, platformName: WINDOWS, proxy: Proxy(), se:ieOptions: {browserAttachTimeout: 0, elementScrollBehavior: 0, enablePersistentHover: true, ie.browserCommandLineSwitches: , ie.ensureCleanSession: false, ie.fileUploadDialogTimeout: 3000, ie.forceCreateProcessApi: false, ignoreProtectedModeSettings: true, ignoreZoomSetting: false, initialBrowserUrl: http://localhost:48130/, nativeEvents: true, requireWindowFocus: false}, setWindowRect: true, timeouts: {implicit: 0, pageLoad: 300000, script: 30000}, unhandledPromptBehavior: ignore}
Session ID: 7a56cff7-bff3-4e73-9241-177c580d1162
*** Element info: {Using=name, value=fieldValue}
screenshot=
testCaseName=FCCB_TBCL

2020/07/14 10:38:51:534  INFO com.sinosoft.test.base.TestBase:132 - 进入Finally事件:RowID:3
2020/07/14 10:38:51:534  INFO com.sinosoft.test.base.TestBase:133 - 进入Finally事件:testCaseName:FCCB_TBCL
2020/07/14 10:38:51:534  INFO com.sinosoft.test.base.TestBase:134 - 进入Finally事件:proposalNumber:06201890122202000000000005
2020/07/14 10:38:51:534  INFO com.sinosoft.test.base.TestBase:135 - 进入Finally事件:message:未知异常Currently focused window has been closed.
Build info: version: '3.9.0', revision: '698b3178f0', time: '2018-02-05T14:26:55.441Z'
System info: host: 'DESKTOP-I9S3ABE', ip: '100.100.96.220', os.name: 'Windows 10', os.arch: 'amd64', os.version: '10.0', java.version: '1.8.0_101'
Driver info: org.openqa.selenium.ie.InternetExplorerDriver
Capabilities {acceptInsecureCerts: false, browserName: internet explorer, browserVersion: 11, javascriptEnabled: true, pageLoadStrategy: normal, platform: WINDOWS, platformName: WINDOWS, proxy: Proxy(), se:ieOptions: {browserAttachTimeout: 0, elementScrollBehavior: 0, enablePersistentHover: true, ie.browserCommandLineSwitches: , ie.ensureCleanSession: false, ie.fileUploadDialogTimeout: 3000, ie.forceCreateProcessApi: false, ignoreProtectedModeSettings: true, ignoreZoomSetting: false, initialBrowserUrl: http://localhost:48130/, nativeEvents: true, requireWindowFocus: false}, setWindowRect: true, timeouts: {implicit: 0, pageLoad: 300000, script: 30000}, unhandledPromptBehavior: ignore}
Session ID: 7a56cff7-bff3-4e73-9241-177c580d1162
*** Element info: {Using=name, value=fieldValue}
2020/07/14 10:38:51:535  INFO com.sinosoft.test.base.TestBase:136 - 进入Finally事件:screenshot:
2020/07/14 10:38:51:734  INFO com.sinosoft.test.base.TestBase:91 - start InternetExplorerDriver
2020/07/14 10:38:54:060 DEBUG com.sinosoft.test.base.TestBase:69 - 初始化class com.sinosoft.test.util.WebEventListener
2020/07/14 10:38:54:078  INFO com.sinosoft.test.base.TestBase:80 - 开始运行测试脚本，获取到的测试数据《getTBCLTestData》如下:
2020/07/14 10:38:54:079  INFO com.sinosoft.test.base.TestBase:81 - ROW_ID=4
ProcessFlag=N
TestCaseName=FCCB_TB_GCX
TestCaseSeq=1
TestDescription=非车承保企财险-建工一切险-出单
riskClass=07
riskCode=0701
renewalInd=0
renewalPolicy=
prePay=
carrayOver=
carrayOverPolicy=
relatedInd=
relatedPolicy=
fbbs=
ywgs=01620190
qdlx=01
gdbs=6
xstd=T6201900101
ywy=S000000006
ywly=01010101
dljg=
xsxy=
cxywbs=YDW
cdjg=01
htzyjjfs=2
jnwbz=
jw_country=
jw_Addr=
snbz=
sftkbd=0
sfdzbd=0
sfxb=0
fxqkyjytz=
sfydyw=
sfsn=
xbbdh=
tbr_lx=1
tbr_mc=
tbr_vip=
tbr_dm=I11101757160
tbr_zjlx=
tbr_zjhm=
tbr_sj=
tbr_csrq=
tbr_lxdz=
tbr_dwdh=
lxr_xm=
lxr_xb=
lxr_zw=
lxr_sj=
lxr_yx=
xzsyfw=1
tqmc=
qbrq=
zbrq=
lgbbz=0
yyzdbz=
sfgxdm=1
cbdq=0001
zzfwlx=0
hydl=
hyxl=
jqbm=
bbdm=
sf=
cs=
qx=
yb=
jzdj=
bxcs=
bdw_jd=
bdw_yyxz=
bdw_sfhyf=
bdw_fxlx=
bdw_sbmc=
bdw_cjh=
bdw_fdjh=
bdw_cjdjrq=
bdw_cllx=
bdw_cpcx=
bdw_sccj=
bdw_gzjz=
bdw_sgzyqy=
bdw_zylx=
bdw=
bdwmx=
xbdm=
jrbe=
jzfs=
bxje=
bffl=
dqflbz=
ysbf=
yyzd_zdpcg=
yyzd_sndmlrze=
yyzd_sndyye=
yyzd_bdw=
yyzd_bdwmx=
yyzd_xbdm=
yyzd_jrbe=
yyzd_jzfs=
yyzd_bxje=
yyzd_bffl=
yyzd_dqflbz=
yyzd_ysbf=
fsh=5
xsfdj=A
xsfxs=2
jgx_sf=620000
jgx_cs=620100
jgx_qx=620102
jgx_gcdd=市政府家属院
jgx_bb=CNY
jgx_gcmc=市政府家属院污水改造工程
jgx_gclx_1=001
jgx_gclx_2=002
jgx_gclx_3=005
jgx_gclx_4=
jgx_gclx_5=006
jgx_gclx_6=007
jgx_yzssjt=0020
jgx_yz=00200001
jgx_cbs_ssjt=9999
jgx_cbs=99990018
jgx_gchth=JGX00020002001
jgx_gcjz=20000000
jgx_gcqsrq=20200301
jgx_gczzrq=20201231
jgx_gcfw=商业体开发及装修
jgx_scqqsrq=20200301
jgx_scqzzrq=20200331
jgx_bzqqsrq=20210101
jgx_bzqzzrq=20211231
jgx_ws_xmlbdm=070001
jgx_ws_jrbe=1
jgx_ws_bxje=20000000
jgx_ws_fl=4
jgx_ws_dqflbz=4
jgx_ws_ysbf=8000
jgx_sz_xbdm=0701034
jgx_sz_jrbe=1
jgx_sz_ljpcxe=10,000,000.00
jgx_sz_fv=2
jgx_sz_dqflbz=4
jgx_sz_ysbf=2000
proposalNumber=06201900701202000000000091
message=
screenshot=
testCaseName=FCCB_TBCL

2020/07/14 10:38:54:079  INFO com.sinosoft.test.base.TestBase:132 - 进入Finally事件:RowID:4
2020/07/14 10:38:54:079  INFO com.sinosoft.test.base.TestBase:133 - 进入Finally事件:testCaseName:FCCB_TBCL
2020/07/14 10:38:54:079  INFO com.sinosoft.test.base.TestBase:134 - 进入Finally事件:proposalNumber:06201900701202000000000091
2020/07/14 10:38:54:079  INFO com.sinosoft.test.base.TestBase:135 - 进入Finally事件:message:
2020/07/14 10:38:54:079  INFO com.sinosoft.test.base.TestBase:136 - 进入Finally事件:screenshot:
2020/07/14 10:38:54:200  INFO com.sinosoft.test.base.TestBase:91 - start InternetExplorerDriver
2020/07/14 10:38:55:928 DEBUG com.sinosoft.test.base.TestBase:69 - 初始化class com.sinosoft.test.util.WebEventListener
2020/07/14 10:38:55:944  INFO com.sinosoft.test.base.TestBase:80 - 开始运行测试脚本，获取到的测试数据《getTBCLTestData》如下:
2020/07/14 10:38:55:944  INFO com.sinosoft.test.base.TestBase:81 - ROW_ID=5
ProcessFlag=N
TestCaseName=FCCB_TB_JCX
TestCaseSeq=2
TestDescription=非车承保企财险-机器损坏保险-出单
riskClass=01
riskCode=0107
renewalInd=0
renewalPolicy=
prePay=
carrayOver=
carrayOverPolicy=
relatedInd=
relatedPolicy=
fbbs=
ywgs=01620189
qdlx=04
gdbs=0
xstd=T6209880101
ywy=S000000029
ywly=01010101
dljg=
xsxy=
cxywbs=HXXT
cdjg=
htzyjjfs=
jnwbz=
jw_country=
jw_Addr=
snbz=
sftkbd=0
sfdzbd=0
sfxb=0
fxqkyjytz=
sfydyw=
sfsn=
xbbdh=
tbr_lx=2
tbr_mc=
tbr_vip=
tbr_dm=G6200019984
tbr_zjlx=
tbr_zjhm=
tbr_sj=
tbr_csrq=
tbr_lxdz=
tbr_dwdh=010-67549095-455
lxr_xm=
lxr_xb=
lxr_zw=
lxr_sj=
lxr_yx=
xzsyfw=1
tqmc=
qbrq=
zbrq=
lgbbz=0
yyzdbz=0
sfgxdm=1
cbdq=
zzfwlx=2
hydl=03
hyxl=03006
jqbm=121121123123
bbdm=CNY
sf=130000
cs=130300
qx=130302
yb=065201
jzdj=01
bxcs=北戴河公园
bdw_jd=西城区月坛街道
bdw_yyxz=01
bdw_sfhyf=0
bdw_fxlx=03
bdw_sbmc=
bdw_cjh=
bdw_fdjh=
bdw_cjdjrq=
bdw_cllx=
bdw_cpcx=
bdw_sccj=
bdw_gzjz=
bdw_sgzyqy=
bdw_zylx=
bdw=010007
bdwmx=
xbdm=0107001
jrbe=1
jzfs=09
bxje=2000000
bffl=0.5
dqflbz=2
ysbf=8000
yyzd_zdpcg=
yyzd_sndmlrze=
yyzd_sndyye=
yyzd_bdw=
yyzd_bdwmx=
yyzd_xbdm=
yyzd_jrbe=
yyzd_jzfs=
yyzd_bxje=
yyzd_bffl=
yyzd_dqflbz=
yyzd_ysbf=
fsh=5
xsfdj=A
xsfxs=2
jgx_sf=
jgx_cs=
jgx_qx=
jgx_gcdd=
jgx_bb=
jgx_gcmc=
jgx_gclx_1=
jgx_gclx_2=
jgx_gclx_3=
jgx_gclx_4=
jgx_gclx_5=
jgx_gclx_6=
jgx_yzssjt=
jgx_yz=
jgx_cbs_ssjt=
jgx_cbs=
jgx_gchth=
jgx_gcjz=
jgx_gcqsrq=
jgx_gczzrq=
jgx_gcfw=
jgx_scqqsrq=
jgx_scqzzrq=
jgx_bzqqsrq=
jgx_bzqzzrq=
jgx_ws_xmlbdm=
jgx_ws_jrbe=
jgx_ws_bxje=
jgx_ws_fl=
jgx_ws_dqflbz=
jgx_ws_ysbf=
jgx_sz_xbdm=
jgx_sz_jrbe=
jgx_sz_ljpcxe=
jgx_sz_fv=
jgx_sz_dqflbz=
jgx_sz_ysbf=
proposalNumber=06201890107202000000000005
message=未知异常Currently focused window has been closed.
Build info: version: '3.9.0', revision: '698b3178f0', time: '2018-02-05T14:26:55.441Z'
System info: host: 'DESKTOP-I9S3ABE', ip: '100.100.93.42', os.name: 'Windows 10', os.arch: 'amd64', os.version: '10.0', java.version: '1.8.0_101'
Driver info: org.openqa.selenium.ie.InternetExplorerDriver
Capabilities {acceptInsecureCerts: false, browserName: internet explorer, browserVersion: 11, javascriptEnabled: true, pageLoadStrategy: normal, platform: WINDOWS, platformName: WINDOWS, proxy: Proxy(), se:ieOptions: {browserAttachTimeout: 0, elementScrollBehavior: 0, enablePersistentHover: true, ie.browserCommandLineSwitches: , ie.ensureCleanSession: false, ie.fileUploadDialogTimeout: 3000, ie.forceCreateProcessApi: false, ignoreProtectedModeSettings: true, ignoreZoomSetting: false, initialBrowserUrl: http://localhost:15976/, nativeEvents: true, requireWindowFocus: false}, setWindowRect: true, timeouts: {implicit: 0, pageLoad: 300000, script: 30000}, unhandledPromptBehavior: ignore}
Session ID: a4ddda5b-3c22-4027-b7dd-dd77604460c0
*** Element info: {Using=name, value=codeselect}
screenshot=
testCaseName=FCCB_TBCL

2020/07/14 10:38:55:944  INFO com.sinosoft.test.base.TestBase:132 - 进入Finally事件:RowID:5
2020/07/14 10:38:55:945  INFO com.sinosoft.test.base.TestBase:133 - 进入Finally事件:testCaseName:FCCB_TBCL
2020/07/14 10:38:55:945  INFO com.sinosoft.test.base.TestBase:134 - 进入Finally事件:proposalNumber:06201890107202000000000005
2020/07/14 10:38:55:945  INFO com.sinosoft.test.base.TestBase:135 - 进入Finally事件:message:未知异常Currently focused window has been closed.
Build info: version: '3.9.0', revision: '698b3178f0', time: '2018-02-05T14:26:55.441Z'
System info: host: 'DESKTOP-I9S3ABE', ip: '100.100.93.42', os.name: 'Windows 10', os.arch: 'amd64', os.version: '10.0', java.version: '1.8.0_101'
Driver info: org.openqa.selenium.ie.InternetExplorerDriver
Capabilities {acceptInsecureCerts: false, browserName: internet explorer, browserVersion: 11, javascriptEnabled: true, pageLoadStrategy: normal, platform: WINDOWS, platformName: WINDOWS, proxy: Proxy(), se:ieOptions: {browserAttachTimeout: 0, elementScrollBehavior: 0, enablePersistentHover: true, ie.browserCommandLineSwitches: , ie.ensureCleanSession: false, ie.fileUploadDialogTimeout: 3000, ie.forceCreateProcessApi: false, ignoreProtectedModeSettings: true, ignoreZoomSetting: false, initialBrowserUrl: http://localhost:15976/, nativeEvents: true, requireWindowFocus: false}, setWindowRect: true, timeouts: {implicit: 0, pageLoad: 300000, script: 30000}, unhandledPromptBehavior: ignore}
Session ID: a4ddda5b-3c22-4027-b7dd-dd77604460c0
*** Element info: {Using=name, value=codeselect}
2020/07/14 10:38:55:945  INFO com.sinosoft.test.base.TestBase:136 - 进入Finally事件:screenshot:
2020/07/14 10:38:56:311 DEBUG freemarker.cache:45 - Couldn't find template in cache for "index.ftl"("en", UTF-8, parsed); will try to load it.
2020/07/14 10:38:56:313 DEBUG freemarker.cache:45 - TemplateLoader.findTemplateSource("index_en.ftl"): Not found
2020/07/14 10:38:56:316 DEBUG freemarker.cache:45 - TemplateLoader.findTemplateSource("index.ftl"): Found
2020/07/14 10:38:56:317 DEBUG freemarker.cache:45 - Loading template for "index.ftl"("en", UTF-8, parsed) from "jar:file:/C:/Users/liu-b/.m2/repository/com/aventstack/extentreports/3.1.3/extentreports-3.1.3.jar!/com/aventstack/extentreports/view/html-report/index.ftl"
2020/07/14 10:38:56:565 DEBUG freemarker.cache:45 - Couldn't find template in cache for "head.ftl"("en", UTF-8, parsed); will try to load it.
2020/07/14 10:38:56:565 DEBUG freemarker.cache:45 - TemplateLoader.findTemplateSource("head_en.ftl"): Not found
2020/07/14 10:38:56:566 DEBUG freemarker.cache:45 - TemplateLoader.findTemplateSource("head.ftl"): Found
2020/07/14 10:38:56:566 DEBUG freemarker.cache:45 - Loading template for "head.ftl"("en", UTF-8, parsed) from "jar:file:/C:/Users/liu-b/.m2/repository/com/aventstack/extentreports/3.1.3/extentreports-3.1.3.jar!/com/aventstack/extentreports/view/html-report/head.ftl"
2020/07/14 10:38:56:568 DEBUG freemarker.cache:45 - Couldn't find template in cache for "nav.ftl"("en", UTF-8, parsed); will try to load it.
2020/07/14 10:38:56:569 DEBUG freemarker.cache:45 - TemplateLoader.findTemplateSource("nav_en.ftl"): Not found
2020/07/14 10:38:56:569 DEBUG freemarker.cache:45 - TemplateLoader.findTemplateSource("nav.ftl"): Found
2020/07/14 10:38:56:569 DEBUG freemarker.cache:45 - Loading template for "nav.ftl"("en", UTF-8, parsed) from "jar:file:/C:/Users/liu-b/.m2/repository/com/aventstack/extentreports/3.1.3/extentreports-3.1.3.jar!/com/aventstack/extentreports/view/html-report/nav.ftl"
2020/07/14 10:38:56:581 DEBUG freemarker.cache:45 - Couldn't find template in cache for "test-view/test-view.ftl"("en", UTF-8, parsed); will try to load it.
2020/07/14 10:38:56:582 DEBUG freemarker.cache:45 - TemplateLoader.findTemplateSource("test-view/test-view_en.ftl"): Not found
2020/07/14 10:38:56:582 DEBUG freemarker.cache:45 - TemplateLoader.findTemplateSource("test-view/test-view.ftl"): Found
2020/07/14 10:38:56:583 DEBUG freemarker.cache:45 - Loading template for "test-view/test-view.ftl"("en", UTF-8, parsed) from "jar:file:/C:/Users/liu-b/.m2/repository/com/aventstack/extentreports/3.1.3/extentreports-3.1.3.jar!/com/aventstack/extentreports/view/html-report/test-view/test-view.ftl"
2020/07/14 10:38:56:594 DEBUG freemarker.cache:45 - Couldn't find template in cache for "test-view/test-view-charts.ftl"("en", UTF-8, parsed); will try to load it.
2020/07/14 10:38:56:594 DEBUG freemarker.cache:45 - TemplateLoader.findTemplateSource("test-view/test-view-charts_en.ftl"): Not found
2020/07/14 10:38:56:595 DEBUG freemarker.cache:45 - TemplateLoader.findTemplateSource("test-view/test-view-charts.ftl"): Found
2020/07/14 10:38:56:595 DEBUG freemarker.cache:45 - Loading template for "test-view/test-view-charts.ftl"("en", UTF-8, parsed) from "jar:file:/C:/Users/liu-b/.m2/repository/com/aventstack/extentreports/3.1.3/extentreports-3.1.3.jar!/com/aventstack/extentreports/view/html-report/test-view/test-view-charts.ftl"
2020/07/14 10:38:56:607 DEBUG freemarker.cache:45 - Couldn't find template in cache for "test-view/standard.ftl"("en", UTF-8, parsed); will try to load it.
2020/07/14 10:38:56:610 DEBUG freemarker.cache:45 - TemplateLoader.findTemplateSource("test-view/standard_en.ftl"): Not found
2020/07/14 10:38:56:611 DEBUG freemarker.cache:45 - TemplateLoader.findTemplateSource("test-view/standard.ftl"): Found
2020/07/14 10:38:56:611 DEBUG freemarker.cache:45 - Loading template for "test-view/standard.ftl"("en", UTF-8, parsed) from "jar:file:/C:/Users/liu-b/.m2/repository/com/aventstack/extentreports/3.1.3/extentreports-3.1.3.jar!/com/aventstack/extentreports/view/html-report/test-view/standard.ftl"
2020/07/14 10:38:56:628 DEBUG freemarker.cache:45 - "test-view/standard.ftl"("en", UTF-8, parsed) cached copy not yet stale; using cached.
2020/07/14 10:38:56:629 DEBUG freemarker.cache:45 - "test-view/standard.ftl"("en", UTF-8, parsed) cached copy not yet stale; using cached.
2020/07/14 10:38:56:630 DEBUG freemarker.cache:45 - "test-view/standard.ftl"("en", UTF-8, parsed) cached copy not yet stale; using cached.
2020/07/14 10:38:56:631 DEBUG freemarker.cache:45 - Couldn't find template in cache for "category-view/category-view.ftl"("en", UTF-8, parsed); will try to load it.
2020/07/14 10:38:56:632 DEBUG freemarker.cache:45 - TemplateLoader.findTemplateSource("category-view/category-view_en.ftl"): Not found
2020/07/14 10:38:56:632 DEBUG freemarker.cache:45 - TemplateLoader.findTemplateSource("category-view/category-view.ftl"): Found
2020/07/14 10:38:56:632 DEBUG freemarker.cache:45 - Loading template for "category-view/category-view.ftl"("en", UTF-8, parsed) from "jar:file:/C:/Users/liu-b/.m2/repository/com/aventstack/extentreports/3.1.3/extentreports-3.1.3.jar!/com/aventstack/extentreports/view/html-report/category-view/category-view.ftl"
2020/07/14 10:38:56:635 DEBUG freemarker.cache:45 - Couldn't find template in cache for "author-view/author-view.ftl"("en", UTF-8, parsed); will try to load it.
2020/07/14 10:38:56:636 DEBUG freemarker.cache:45 - TemplateLoader.findTemplateSource("author-view/author-view_en.ftl"): Not found
2020/07/14 10:38:56:636 DEBUG freemarker.cache:45 - TemplateLoader.findTemplateSource("author-view/author-view.ftl"): Found
2020/07/14 10:38:56:636 DEBUG freemarker.cache:45 - Loading template for "author-view/author-view.ftl"("en", UTF-8, parsed) from "jar:file:/C:/Users/liu-b/.m2/repository/com/aventstack/extentreports/3.1.3/extentreports-3.1.3.jar!/com/aventstack/extentreports/view/html-report/author-view/author-view.ftl"
2020/07/14 10:38:56:645 DEBUG freemarker.cache:45 - Couldn't find template in cache for "exception-view/exception-view.ftl"("en", UTF-8, parsed); will try to load it.
2020/07/14 10:38:56:646 DEBUG freemarker.cache:45 - TemplateLoader.findTemplateSource("exception-view/exception-view_en.ftl"): Not found
2020/07/14 10:38:56:646 DEBUG freemarker.cache:45 - TemplateLoader.findTemplateSource("exception-view/exception-view.ftl"): Found
2020/07/14 10:38:56:647 DEBUG freemarker.cache:45 - Loading template for "exception-view/exception-view.ftl"("en", UTF-8, parsed) from "jar:file:/C:/Users/liu-b/.m2/repository/com/aventstack/extentreports/3.1.3/extentreports-3.1.3.jar!/com/aventstack/extentreports/view/html-report/exception-view/exception-view.ftl"
2020/07/14 10:38:56:654 DEBUG freemarker.cache:45 - Couldn't find template in cache for "dashboard-view/dashboard-view.ftl"("en", UTF-8, parsed); will try to load it.
2020/07/14 10:38:56:654 DEBUG freemarker.cache:45 - TemplateLoader.findTemplateSource("dashboard-view/dashboard-view_en.ftl"): Not found
2020/07/14 10:38:56:655 DEBUG freemarker.cache:45 - TemplateLoader.findTemplateSource("dashboard-view/dashboard-view.ftl"): Found
2020/07/14 10:38:56:657 DEBUG freemarker.cache:45 - Loading template for "dashboard-view/dashboard-view.ftl"("en", UTF-8, parsed) from "jar:file:/C:/Users/liu-b/.m2/repository/com/aventstack/extentreports/3.1.3/extentreports-3.1.3.jar!/com/aventstack/extentreports/view/html-report/dashboard-view/dashboard-view.ftl"
2020/07/14 10:38:56:665 DEBUG freemarker.cache:45 - Couldn't find template in cache for "logs-view/testrunner-logs-view.ftl"("en", UTF-8, parsed); will try to load it.
2020/07/14 10:38:56:666 DEBUG freemarker.cache:45 - TemplateLoader.findTemplateSource("logs-view/testrunner-logs-view_en.ftl"): Not found
2020/07/14 10:38:56:667 DEBUG freemarker.cache:45 - TemplateLoader.findTemplateSource("logs-view/testrunner-logs-view.ftl"): Found
2020/07/14 10:38:56:667 DEBUG freemarker.cache:45 - Loading template for "logs-view/testrunner-logs-view.ftl"("en", UTF-8, parsed) from "jar:file:/C:/Users/liu-b/.m2/repository/com/aventstack/extentreports/3.1.3/extentreports-3.1.3.jar!/com/aventstack/extentreports/view/html-report/logs-view/testrunner-logs-view.ftl"
2020/07/14 10:39:47:854  INFO com.sinosoft.test.base.TestBase:59 - 配置文件路径：config.properties
2020/07/14 10:39:47:858 DEBUG com.sinosoft.test.base.TestBase:69 - 初始化class com.sinosoft.testcases.fccb.TBGLTestCase
2020/07/14 10:39:47:911 DEBUG com.sinosoft.test.base.TestBase:69 - 初始化class com.sinosoft.test.util.ExcelDataProvider
2020/07/14 10:39:48:677  INFO com.sinosoft.test.base.TestBase:80 - 当前文件里面一共有数据：4
2020/07/14 10:39:48:724  INFO com.sinosoft.test.base.TestBase:91 - start InternetExplorerDriver
2020/07/14 10:39:51:125 DEBUG com.sinosoft.test.base.TestBase:69 - 初始化class com.sinosoft.test.util.WebEventListener
2020/07/14 10:39:51:148  INFO com.sinosoft.test.base.TestBase:80 - 开始运行测试脚本，获取到的测试数据《getTBCLTestData》如下:
2020/07/14 10:39:51:149  INFO com.sinosoft.test.base.TestBase:81 - ROW_ID=2
ProcessFlag=Y
TestCaseName=FCCB_TB_JCX
TestCaseSeq=1
TestDescription=非车承保企财险-财产基本险-出单
riskClass=01
riskCode=0101
renewalInd=0
renewalPolicy=
prePay=
carrayOver=
carrayOverPolicy=
relatedInd=
relatedPolicy=
fbbs=
ywgs=01620189
qdlx=04
gdbs=0
xstd=T6209880101
ywy=S000000029
ywly=01010101
dljg=
xsxy=
cxywbs=HXXT
cdjg=
htzyjjfs=
jnwbz=
jw_country=
jw_Addr=
snbz=
sftkbd=0
sfdzbd=0
sfxb=0
fxqkyjytz=
sfydyw=
sfsn=
xbbdh=
tbr_lx=2
tbr_mc=
tbr_vip=
tbr_dm=G6200019603
tbr_zjlx=
tbr_zjhm=
tbr_sj=
tbr_csrq=
tbr_lxdz=
tbr_dwdh=010-67549095-456
lxr_xm=
lxr_xb=
lxr_zw=
lxr_sj=
lxr_yx=
xzsyfw=1
tqmc=
qbrq=
zbrq=
lgbbz=1
yyzdbz=1
sfgxdm=1
cbdq=
zzfwlx=0
hydl=12
hyxl=12006
jqbm=121121123123
bbdm=CNY
sf=130000
cs=130300
qx=130302
yb=065201
jzdj=01
bxcs=北戴河公园
bdw_jd=金融街街道
bdw_yyxz=
bdw_sfhyf=
bdw_fxlx=
bdw_sbmc=
bdw_cjh=
bdw_fdjh=
bdw_cjdjrq=
bdw_cllx=
bdw_cpcx=
bdw_sccj=
bdw_gzjz=
bdw_sgzyqy=
bdw_zylx=
bdw=010001
bdwmx=碣石公园礁石群
xbdm=0101001
jrbe=1
jzfs=10
bxje=2000000
bffl=0.5
dqflbz=2
ysbf=400
yyzd_zdpcg=24
yyzd_sndmlrze=6000000
yyzd_sndyye=20000000
yyzd_bdw=010056
yyzd_bdwmx=
yyzd_xbdm=0105001
yyzd_jrbe=1
yyzd_jzfs=18
yyzd_bxje=200000
yyzd_bffl=3
yyzd_dqflbz=3
yyzd_ysbf=4000
fsh=6
xsfdj=B
xsfxs=2
jgx_sf=
jgx_cs=
jgx_qx=
jgx_gcdd=
jgx_bb=
jgx_gcmc=
jgx_gclx_1=
jgx_gclx_2=
jgx_gclx_3=
jgx_gclx_4=
jgx_gclx_5=
jgx_gclx_6=
jgx_yzssjt=
jgx_yz=
jgx_cbs_ssjt=
jgx_cbs=
jgx_gchth=
jgx_gcjz=
jgx_gcqsrq=
jgx_gczzrq=
jgx_gcfw=
jgx_scqqsrq=
jgx_scqzzrq=
jgx_bzqqsrq=
jgx_bzqzzrq=
jgx_ws_xmlbdm=
jgx_ws_jrbe=
jgx_ws_bxje=
jgx_ws_fl=
jgx_ws_dqflbz=
jgx_ws_ysbf=
jgx_sz_xbdm=
jgx_sz_jrbe=
jgx_sz_ljpcxe=
jgx_sz_fv=
jgx_sz_dqflbz=
jgx_sz_ysbf=
proposalNumber=06201890101202000000000224
message=未知异常No frame element found by name or id myFrame
Build info: version: '3.9.0', revision: '698b3178f0', time: '2018-02-05T14:26:55.441Z'
System info: host: 'DESKTOP-I9S3ABE', ip: '100.100.96.220', os.name: 'Windows 10', os.arch: 'amd64', os.version: '10.0', java.version: '1.8.0_101'
Driver info: driver.version: unknown
screenshot=C:\Users\liu-b\git\PageObjectModel\screenshots\FCCB_TB_JCX_1_异常截屏_20200714103849591.png
testCaseName=FCCB_TBCL

2020/07/14 10:39:51:152 DEBUG com.sinosoft.test.base.TestBase:69 - 初始化class com.sinosoft.test.fccp.common.LoginPage
2020/07/14 10:39:56:176 DEBUG com.sinosoft.test.base.TestBase:26 - Before navigating to: 'http://tvfchxyw.ypic.cn'
2020/07/14 10:39:56:823 DEBUG com.sinosoft.test.base.TestBase:30 - Navigated to:'http://tvfchxyw.ypic.cn'
2020/07/14 10:39:56:825 DEBUG com.sinosoft.test.base.TestBase:76 - Trying to find Element By : By.id: username
2020/07/14 10:39:57:009 DEBUG com.sinosoft.test.base.TestBase:80 - Found Element By : By.id: username
2020/07/14 10:39:57:013  INFO com.sinosoft.test.base.TestBase:360 - setEditboxValue:[[InternetExplorerDriver: internet explorer on WINDOWS (73839bef-5bdf-4684-926a-af9b858f3e7e)] -> id: username]：policy1@ypic
2020/07/14 10:39:57:013 DEBUG com.sinosoft.test.base.TestBase:76 - Trying to find Element By : By.id: username
2020/07/14 10:39:57:165 DEBUG com.sinosoft.test.base.TestBase:80 - Found Element By : By.id: username
2020/07/14 10:39:57:544 DEBUG com.sinosoft.test.base.TestBase:76 - Trying to find Element By : By.id: username
2020/07/14 10:39:57:733 DEBUG com.sinosoft.test.base.TestBase:80 - Found Element By : By.id: username
2020/07/14 10:39:58:213 DEBUG com.sinosoft.test.base.TestBase:76 - Trying to find Element By : By.id: username
2020/07/14 10:39:58:377 DEBUG com.sinosoft.test.base.TestBase:80 - Found Element By : By.id: username
2020/07/14 10:39:58:377  INFO com.sinosoft.test.base.TestBase:363 - setEditboxValue—End:[[InternetExplorerDriver: internet explorer on WINDOWS (73839bef-5bdf-4684-926a-af9b858f3e7e)] -> id: username]：policy1@ypic
2020/07/14 10:39:58:378 DEBUG com.sinosoft.test.base.TestBase:76 - Trying to find Element By : By.id: password
2020/07/14 10:39:58:543 DEBUG com.sinosoft.test.base.TestBase:80 - Found Element By : By.id: password
2020/07/14 10:39:58:544  INFO com.sinosoft.test.base.TestBase:360 - setEditboxValue:[[InternetExplorerDriver: internet explorer on WINDOWS (73839bef-5bdf-4684-926a-af9b858f3e7e)] -> id: password]：ypic@1234
2020/07/14 10:39:58:544 DEBUG com.sinosoft.test.base.TestBase:76 - Trying to find Element By : By.id: password
2020/07/14 10:39:58:743 DEBUG com.sinosoft.test.base.TestBase:80 - Found Element By : By.id: password
2020/07/14 10:39:59:169 DEBUG com.sinosoft.test.base.TestBase:76 - Trying to find Element By : By.id: password
2020/07/14 10:39:59:347 DEBUG com.sinosoft.test.base.TestBase:80 - Found Element By : By.id: password
2020/07/14 10:39:59:742 DEBUG com.sinosoft.test.base.TestBase:76 - Trying to find Element By : By.id: password
2020/07/14 10:39:59:911 DEBUG com.sinosoft.test.base.TestBase:80 - Found Element By : By.id: password
2020/07/14 10:39:59:911  INFO com.sinosoft.test.base.TestBase:363 - setEditboxValue—End:[[InternetExplorerDriver: internet explorer on WINDOWS (73839bef-5bdf-4684-926a-af9b858f3e7e)] -> id: password]：ypic@1234
2020/07/14 10:39:59:912 DEBUG com.sinosoft.test.base.TestBase:76 - Trying to find Element By : By.id: bt_submit
2020/07/14 10:40:00:110 DEBUG com.sinosoft.test.base.TestBase:80 - Found Element By : By.id: bt_submit
2020/07/14 10:40:00:110  INFO com.sinosoft.test.base.TestBase:402 - clickButton:[[InternetExplorerDriver: internet explorer on WINDOWS (73839bef-5bdf-4684-926a-af9b858f3e7e)] -> id: bt_submit]
2020/07/14 10:40:00:111 DEBUG com.sinosoft.test.base.TestBase:76 - Trying to find Element By : By.id: bt_submit
2020/07/14 10:40:00:292 DEBUG com.sinosoft.test.base.TestBase:80 - Found Element By : By.id: bt_submit
2020/07/14 10:40:00:293 DEBUG com.sinosoft.test.base.TestBase:42 - Trying to click on: [[InternetExplorerDriver: internet explorer on WINDOWS (73839bef-5bdf-4684-926a-af9b858f3e7e)] -> id: bt_submit]
2020/07/14 10:40:01:995 DEBUG com.sinosoft.test.base.TestBase:46 - Clicked on: [[InternetExplorerDriver: internet explorer on WINDOWS (73839bef-5bdf-4684-926a-af9b858f3e7e)] -> id: bt_submit]
2020/07/14 10:40:01:999 DEBUG com.sinosoft.test.base.TestBase:76 - Trying to find Element By : By.xpath: //input[@value='继续登录']
2020/07/14 10:40:04:328 DEBUG com.sinosoft.test.base.TestBase:66 - 系统自动捕获异常：Exception occured: org.openqa.selenium.NoSuchElementException: Unable to find element with xpath == //input[@value='继续登录']
For documentation on this error, please visit: http://seleniumhq.org/exceptions/no_such_element.html
Build info: version: '3.9.0', revision: '698b3178f0', time: '2018-02-05T14:26:55.441Z'
System info: host: 'DESKTOP-I9S3ABE', ip: '100.100.96.220', os.name: 'Windows 10', os.arch: 'amd64', os.version: '10.0', java.version: '1.8.0_101'
Driver info: org.openqa.selenium.ie.InternetExplorerDriver
Capabilities {acceptInsecureCerts: false, browserName: internet explorer, browserVersion: 11, javascriptEnabled: true, pageLoadStrategy: normal, platform: WINDOWS, platformName: WINDOWS, proxy: Proxy(), se:ieOptions: {browserAttachTimeout: 0, elementScrollBehavior: 0, enablePersistentHover: true, ie.browserCommandLineSwitches: , ie.ensureCleanSession: false, ie.fileUploadDialogTimeout: 3000, ie.forceCreateProcessApi: false, ignoreProtectedModeSettings: true, ignoreZoomSetting: false, initialBrowserUrl: http://localhost:35740/, nativeEvents: true, requireWindowFocus: false}, setWindowRect: true, timeouts: {implicit: 0, pageLoad: 300000, script: 30000}, unhandledPromptBehavior: ignore}
Session ID: 73839bef-5bdf-4684-926a-af9b858f3e7e
*** Element info: {Using=xpath, value=//input[@value='继续登录']}
2020/07/14 10:40:04:328  INFO com.sinosoft.test.base.TestBase:68 - 异常的message 是：Unable to find element with xpath == //input[@value='继续登录']
For documentation on this error, please visit: http://seleniumhq.org/exceptions/no_such_element.html
Build info: version: '3.9.0', revision: '698b3178f0', time: '2018-02-05T14:26:55.441Z'
System info: host: 'DESKTOP-I9S3ABE', ip: '100.100.96.220', os.name: 'Windows 10', os.arch: 'amd64', os.version: '10.0', java.version: '1.8.0_101'
Driver info: org.openqa.selenium.ie.InternetExplorerDriver
Capabilities {acceptInsecureCerts: false, browserName: internet explorer, browserVersion: 11, javascriptEnabled: true, pageLoadStrategy: normal, platform: WINDOWS, platformName: WINDOWS, proxy: Proxy(), se:ieOptions: {browserAttachTimeout: 0, elementScrollBehavior: 0, enablePersistentHover: true, ie.browserCommandLineSwitches: , ie.ensureCleanSession: false, ie.fileUploadDialogTimeout: 3000, ie.forceCreateProcessApi: false, ignoreProtectedModeSettings: true, ignoreZoomSetting: false, initialBrowserUrl: http://localhost:35740/, nativeEvents: true, requireWindowFocus: false}, setWindowRect: true, timeouts: {implicit: 0, pageLoad: 300000, script: 30000}, unhandledPromptBehavior: ignore}
Session ID: 73839bef-5bdf-4684-926a-af9b858f3e7e
*** Element info: {Using=xpath, value=//input[@value='继续登录']}
2020/07/14 10:40:04:330  INFO com.sinosoft.test.base.TestBase:198 - 没有找到页面元素:By.xpath: //input[@value='继续登录'] - 错误信息Expected condition failed: waiting for com.sinosoft.test.base.TestBase$1@561868a0 (tried for 2 second(s) with 500 MILLISECONDS interval)
2020/07/14 10:40:04:330  INFO com.sinosoft.test.base.TestBase:77 - 常规登录，没有继续登录按钮
2020/07/14 10:40:04:331 DEBUG com.sinosoft.test.base.TestBase:69 - 初始化class com.sinosoft.test.fccp.common.HomePage
2020/07/14 10:40:04:804 DEBUG com.sinosoft.test.base.TestBase:76 - Trying to find Element By : By.linkText: 承保子系统
2020/07/14 10:40:04:855 DEBUG com.sinosoft.test.base.TestBase:80 - Found Element By : By.linkText: 承保子系统
2020/07/14 10:40:04:857  INFO com.sinosoft.test.base.TestBase:144 - RunJavaScript:[[InternetExplorerDriver: internet explorer on WINDOWS (73839bef-5bdf-4684-926a-af9b858f3e7e)] -> link text: 承保子系统]	arguments[0].click();
2020/07/14 10:40:05:303 DEBUG com.sinosoft.test.base.TestBase:76 - Trying to find Element By : By.linkText: 投保管理
2020/07/14 10:40:05:341 DEBUG com.sinosoft.test.base.TestBase:80 - Found Element By : By.linkText: 投保管理
2020/07/14 10:40:05:342  INFO com.sinosoft.test.base.TestBase:144 - RunJavaScript:[[InternetExplorerDriver: internet explorer on WINDOWS (73839bef-5bdf-4684-926a-af9b858f3e7e)] -> link text: 投保管理]	arguments[0].click();
2020/07/14 10:40:05:645 DEBUG com.sinosoft.test.base.TestBase:76 - Trying to find Element By : By.linkText: 投保处理
2020/07/14 10:40:05:691 DEBUG com.sinosoft.test.base.TestBase:80 - Found Element By : By.linkText: 投保处理
2020/07/14 10:40:05:691  INFO com.sinosoft.test.base.TestBase:144 - RunJavaScript:[[InternetExplorerDriver: internet explorer on WINDOWS (73839bef-5bdf-4684-926a-af9b858f3e7e)] -> link text: 投保处理]	arguments[0].click();
2020/07/14 10:40:05:930 DEBUG com.sinosoft.test.base.TestBase:69 - 初始化class com.sinosoft.test.fccp.tbcl.RiskSelectPage
2020/07/14 10:40:06:337 DEBUG com.sinosoft.test.base.TestBase:93 - 投保处理/险种选择
2020/07/14 10:40:06:338 DEBUG com.sinosoft.test.base.TestBase:76 - Trying to find Element By : By.name: riskClassTemp
2020/07/14 10:40:06:397 DEBUG com.sinosoft.test.base.TestBase:80 - Found Element By : By.name: riskClassTemp
2020/07/14 10:40:06:437 DEBUG com.sinosoft.test.base.TestBase:76 - Trying to find Element By : By.name: riskClassTemp
2020/07/14 10:40:06:489 DEBUG com.sinosoft.test.base.TestBase:80 - Found Element By : By.name: riskClassTemp
2020/07/14 10:40:06:490 DEBUG com.sinosoft.test.base.TestBase:63 - SetCodeEditBox:开始设置:[[InternetExplorerDriver: internet explorer on WINDOWS (73839bef-5bdf-4684-926a-af9b858f3e7e)] -> name: riskClassTemp] & Code=01
2020/07/14 10:40:06:490 DEBUG com.sinosoft.test.base.TestBase:76 - Trying to find Element By : By.name: riskClassTemp
2020/07/14 10:40:06:518 DEBUG com.sinosoft.test.base.TestBase:80 - Found Element By : By.name: riskClassTemp
2020/07/14 10:40:06:752 DEBUG com.sinosoft.test.base.TestBase:76 - Trying to find Element By : By.name: riskClassTemp
2020/07/14 10:40:06:804 DEBUG com.sinosoft.test.base.TestBase:80 - Found Element By : By.name: riskClassTemp
2020/07/14 10:40:07:279 DEBUG com.sinosoft.test.base.TestBase:76 - Trying to find Element By : By.name: riskClassTemp
2020/07/14 10:40:07:334 DEBUG com.sinosoft.test.base.TestBase:80 - Found Element By : By.name: riskClassTemp
2020/07/14 10:40:07:335 DEBUG com.sinosoft.test.base.TestBase:76 - Trying to find Element By : By.xpath: ../input[last()]
2020/07/14 10:40:07:471 DEBUG com.sinosoft.test.base.TestBase:80 - Found Element By : By.xpath: ../input[last()]
2020/07/14 10:40:07:654  INFO com.sinosoft.test.base.TestBase:71 - SetCodeEditBox:找到了Code对应的文本显示框并点击触发显示:riskClassName
2020/07/14 10:40:07:654 DEBUG com.sinosoft.test.base.TestBase:42 - Trying to click on: [[[[InternetExplorerDriver: internet explorer on WINDOWS (73839bef-5bdf-4684-926a-af9b858f3e7e)] -> name: riskClassTemp]] -> xpath: ../input[last()]]
2020/07/14 10:40:08:559 DEBUG com.sinosoft.test.base.TestBase:46 - Clicked on: [[[[InternetExplorerDriver: internet explorer on WINDOWS (73839bef-5bdf-4684-926a-af9b858f3e7e)] -> name: riskClassTemp]] -> xpath: ../input[last()]]
2020/07/14 10:40:08:760 DEBUG com.sinosoft.test.base.TestBase:76 - Trying to find Element By : By.name: riskClassTemp
2020/07/14 10:40:08:799 DEBUG com.sinosoft.test.base.TestBase:80 - Found Element By : By.name: riskClassTemp
2020/07/14 10:40:08:800 DEBUG com.sinosoft.test.base.TestBase:87 - SetCodeEditBox:设置完毕[[InternetExplorerDriver: internet explorer on WINDOWS (73839bef-5bdf-4684-926a-af9b858f3e7e)] -> name: riskClassTemp],设置值 Code=01
2020/07/14 10:40:08:803 DEBUG com.sinosoft.test.base.TestBase:76 - Trying to find Element By : By.name: riskCode
2020/07/14 10:40:08:852 DEBUG com.sinosoft.test.base.TestBase:80 - Found Element By : By.name: riskCode
2020/07/14 10:40:08:881 DEBUG com.sinosoft.test.base.TestBase:76 - Trying to find Element By : By.name: riskCode
2020/07/14 10:40:08:931 DEBUG com.sinosoft.test.base.TestBase:80 - Found Element By : By.name: riskCode
2020/07/14 10:40:08:933 DEBUG com.sinosoft.test.base.TestBase:63 - SetCodeEditBox:开始设置:[[InternetExplorerDriver: internet explorer on WINDOWS (73839bef-5bdf-4684-926a-af9b858f3e7e)] -> name: riskCode] & Code=0101
2020/07/14 10:40:08:933 DEBUG com.sinosoft.test.base.TestBase:76 - Trying to find Element By : By.name: riskCode
2020/07/14 10:40:08:977 DEBUG com.sinosoft.test.base.TestBase:80 - Found Element By : By.name: riskCode
2020/07/14 10:40:09:190 DEBUG com.sinosoft.test.base.TestBase:76 - Trying to find Element By : By.name: riskCode
2020/07/14 10:40:09:226 DEBUG com.sinosoft.test.base.TestBase:80 - Found Element By : By.name: riskCode
2020/07/14 10:40:09:703 DEBUG com.sinosoft.test.base.TestBase:76 - Trying to find Element By : By.name: riskCode
2020/07/14 10:40:09:761 DEBUG com.sinosoft.test.base.TestBase:80 - Found Element By : By.name: riskCode
2020/07/14 10:40:09:763 DEBUG com.sinosoft.test.base.TestBase:76 - Trying to find Element By : By.xpath: ../input[last()]
2020/07/14 10:40:09:827 DEBUG com.sinosoft.test.base.TestBase:80 - Found Element By : By.xpath: ../input[last()]
2020/07/14 10:40:09:949  INFO com.sinosoft.test.base.TestBase:71 - SetCodeEditBox:找到了Code对应的文本显示框并点击触发显示:riskName
2020/07/14 10:40:09:950 DEBUG com.sinosoft.test.base.TestBase:42 - Trying to click on: [[[[InternetExplorerDriver: internet explorer on WINDOWS (73839bef-5bdf-4684-926a-af9b858f3e7e)] -> name: riskCode]] -> xpath: ../input[last()]]
2020/07/14 10:40:10:910 DEBUG com.sinosoft.test.base.TestBase:46 - Clicked on: [[[[InternetExplorerDriver: internet explorer on WINDOWS (73839bef-5bdf-4684-926a-af9b858f3e7e)] -> name: riskCode]] -> xpath: ../input[last()]]
2020/07/14 10:40:11:111 DEBUG com.sinosoft.test.base.TestBase:76 - Trying to find Element By : By.name: riskCode
2020/07/14 10:40:11:151 DEBUG com.sinosoft.test.base.TestBase:80 - Found Element By : By.name: riskCode
2020/07/14 10:40:11:151 DEBUG com.sinosoft.test.base.TestBase:87 - SetCodeEditBox:设置完毕[[InternetExplorerDriver: internet explorer on WINDOWS (73839bef-5bdf-4684-926a-af9b858f3e7e)] -> name: riskCode],设置值 Code=0101
2020/07/14 10:40:11:152 DEBUG com.sinosoft.test.base.TestBase:76 - Trying to find Element By : By.name: renewInd
2020/07/14 10:40:11:189 DEBUG com.sinosoft.test.base.TestBase:80 - Found Element By : By.name: renewInd
2020/07/14 10:40:11:189  INFO com.sinosoft.test.base.TestBase:321 - setEditboxTValue:[[[InternetExplorerDriver: internet explorer on WINDOWS (73839bef-5bdf-4684-926a-af9b858f3e7e)] -> name: renewInd], [[InternetExplorerDriver: internet explorer on WINDOWS (73839bef-5bdf-4684-926a-af9b858f3e7e)] -> name: renewInd]]：0
2020/07/14 10:40:11:190 DEBUG com.sinosoft.test.base.TestBase:76 - Trying to find Element By : By.name: renewInd
2020/07/14 10:40:11:249 DEBUG com.sinosoft.test.base.TestBase:80 - Found Element By : By.name: renewInd
2020/07/14 10:40:11:369 DEBUG com.sinosoft.test.base.TestBase:76 - Trying to find Element By : By.name: buttonNextStep
2020/07/14 10:40:11:418 DEBUG com.sinosoft.test.base.TestBase:80 - Found Element By : By.name: buttonNextStep
2020/07/14 10:40:11:418  INFO com.sinosoft.test.base.TestBase:402 - clickButton:[[InternetExplorerDriver: internet explorer on WINDOWS (73839bef-5bdf-4684-926a-af9b858f3e7e)] -> name: buttonNextStep]
2020/07/14 10:40:11:419 DEBUG com.sinosoft.test.base.TestBase:42 - Trying to click on: [[InternetExplorerDriver: internet explorer on WINDOWS (73839bef-5bdf-4684-926a-af9b858f3e7e)] -> name: buttonNextStep]
2020/07/14 10:40:14:007 DEBUG com.sinosoft.test.base.TestBase:46 - Clicked on: [[InternetExplorerDriver: internet explorer on WINDOWS (73839bef-5bdf-4684-926a-af9b858f3e7e)] -> name: buttonNextStep]
2020/07/14 10:40:14:013 DEBUG com.sinosoft.test.base.TestBase:69 - 初始化class com.sinosoft.test.fccp.tbcl.BasicInfoPage
2020/07/14 10:40:16:699 DEBUG com.sinosoft.test.base.TestBase:322 - 投保处理/基本信息
2020/07/14 10:40:16:699 DEBUG com.sinosoft.test.base.TestBase:76 - Trying to find Element By : By.name: GuMainBusinessType
2020/07/14 10:40:16:747 DEBUG com.sinosoft.test.base.TestBase:80 - Found Element By : By.name: GuMainBusinessType
2020/07/14 10:40:16:747  INFO com.sinosoft.test.base.TestBase:96 - setSelectWithStartText:[[InternetExplorerDriver: internet explorer on WINDOWS (73839bef-5bdf-4684-926a-af9b858f3e7e)] -> name: GuMainBusinessType]->
2020/07/14 10:40:16:747 DEBUG com.sinosoft.test.base.TestBase:76 - Trying to find Element By : By.name: GuMainCompanyCode
2020/07/14 10:40:16:804 DEBUG com.sinosoft.test.base.TestBase:80 - Found Element By : By.name: GuMainCompanyCode
2020/07/14 10:40:16:840 DEBUG com.sinosoft.test.base.TestBase:76 - Trying to find Element By : By.name: GuMainCompanyCode
2020/07/14 10:40:16:900 DEBUG com.sinosoft.test.base.TestBase:80 - Found Element By : By.name: GuMainCompanyCode
2020/07/14 10:40:16:900 DEBUG com.sinosoft.test.base.TestBase:63 - SetCodeEditBox:开始设置:[[InternetExplorerDriver: internet explorer on WINDOWS (73839bef-5bdf-4684-926a-af9b858f3e7e)] -> name: GuMainCompanyCode] & Code=01620189
2020/07/14 10:40:16:900 DEBUG com.sinosoft.test.base.TestBase:76 - Trying to find Element By : By.name: GuMainCompanyCode
2020/07/14 10:40:16:961 DEBUG com.sinosoft.test.base.TestBase:80 - Found Element By : By.name: GuMainCompanyCode
2020/07/14 10:40:17:213 DEBUG com.sinosoft.test.base.TestBase:76 - Trying to find Element By : By.name: GuMainCompanyCode
2020/07/14 10:40:17:304 DEBUG com.sinosoft.test.base.TestBase:80 - Found Element By : By.name: GuMainCompanyCode
2020/07/14 10:40:18:318 DEBUG com.sinosoft.test.base.TestBase:76 - Trying to find Element By : By.name: GuMainCompanyCode
2020/07/14 10:40:18:363 DEBUG com.sinosoft.test.base.TestBase:80 - Found Element By : By.name: GuMainCompanyCode
2020/07/14 10:40:18:363 DEBUG com.sinosoft.test.base.TestBase:76 - Trying to find Element By : By.xpath: ../input[last()]
2020/07/14 10:40:18:436 DEBUG com.sinosoft.test.base.TestBase:80 - Found Element By : By.xpath: ../input[last()]
2020/07/14 10:40:18:569  INFO com.sinosoft.test.base.TestBase:71 - SetCodeEditBox:找到了Code对应的文本显示框并点击触发显示:GuMainCompanyName
2020/07/14 10:40:18:569 DEBUG com.sinosoft.test.base.TestBase:42 - Trying to click on: [[[[InternetExplorerDriver: internet explorer on WINDOWS (73839bef-5bdf-4684-926a-af9b858f3e7e)] -> name: GuMainCompanyCode]] -> xpath: ../input[last()]]
2020/07/14 10:40:19:642 DEBUG com.sinosoft.test.base.TestBase:46 - Clicked on: [[[[InternetExplorerDriver: internet explorer on WINDOWS (73839bef-5bdf-4684-926a-af9b858f3e7e)] -> name: GuMainCompanyCode]] -> xpath: ../input[last()]]
2020/07/14 10:40:19:843 DEBUG com.sinosoft.test.base.TestBase:76 - Trying to find Element By : By.name: GuMainCompanyCode
2020/07/14 10:40:19:927 DEBUG com.sinosoft.test.base.TestBase:80 - Found Element By : By.name: GuMainCompanyCode
2020/07/14 10:40:19:928 DEBUG com.sinosoft.test.base.TestBase:87 - SetCodeEditBox:设置完毕[[InternetExplorerDriver: internet explorer on WINDOWS (73839bef-5bdf-4684-926a-af9b858f3e7e)] -> name: GuMainCompanyCode],设置值 Code=01620189
2020/07/14 10:40:19:928 DEBUG com.sinosoft.test.base.TestBase:76 - Trying to find Element By : By.name: GuMainChannelDetailCode
2020/07/14 10:40:19:997 DEBUG com.sinosoft.test.base.TestBase:80 - Found Element By : By.name: GuMainChannelDetailCode
2020/07/14 10:40:20:034 DEBUG com.sinosoft.test.base.TestBase:76 - Trying to find Element By : By.name: GuMainChannelDetailCode
2020/07/14 10:40:20:114 DEBUG com.sinosoft.test.base.TestBase:80 - Found Element By : By.name: GuMainChannelDetailCode
2020/07/14 10:40:20:114 DEBUG com.sinosoft.test.base.TestBase:63 - SetCodeEditBox:开始设置:[[InternetExplorerDriver: internet explorer on WINDOWS (73839bef-5bdf-4684-926a-af9b858f3e7e)] -> name: GuMainChannelDetailCode] & Code=04
2020/07/14 10:40:20:114 DEBUG com.sinosoft.test.base.TestBase:76 - Trying to find Element By : By.name: GuMainChannelDetailCode
2020/07/14 10:40:20:176 DEBUG com.sinosoft.test.base.TestBase:80 - Found Element By : By.name: GuMainChannelDetailCode
2020/07/14 10:40:20:425 DEBUG com.sinosoft.test.base.TestBase:76 - Trying to find Element By : By.name: GuMainChannelDetailCode
2020/07/14 10:40:20:497 DEBUG com.sinosoft.test.base.TestBase:80 - Found Element By : By.name: GuMainChannelDetailCode
2020/07/14 10:40:20:991 DEBUG com.sinosoft.test.base.TestBase:76 - Trying to find Element By : By.name: GuMainChannelDetailCode
2020/07/14 10:40:21:043 DEBUG com.sinosoft.test.base.TestBase:80 - Found Element By : By.name: GuMainChannelDetailCode
2020/07/14 10:40:21:043 DEBUG com.sinosoft.test.base.TestBase:76 - Trying to find Element By : By.xpath: ../input[last()]
2020/07/14 10:40:21:118 DEBUG com.sinosoft.test.base.TestBase:80 - Found Element By : By.xpath: ../input[last()]
2020/07/14 10:40:21:273  INFO com.sinosoft.test.base.TestBase:71 - SetCodeEditBox:找到了Code对应的文本显示框并点击触发显示:GuMainChannelDetailName
2020/07/14 10:40:21:274 DEBUG com.sinosoft.test.base.TestBase:42 - Trying to click on: [[[[InternetExplorerDriver: internet explorer on WINDOWS (73839bef-5bdf-4684-926a-af9b858f3e7e)] -> name: GuMainChannelDetailCode]] -> xpath: ../input[last()]]
2020/07/14 10:40:22:257 DEBUG com.sinosoft.test.base.TestBase:46 - Clicked on: [[[[InternetExplorerDriver: internet explorer on WINDOWS (73839bef-5bdf-4684-926a-af9b858f3e7e)] -> name: GuMainChannelDetailCode]] -> xpath: ../input[last()]]
2020/07/14 10:40:22:458 DEBUG com.sinosoft.test.base.TestBase:76 - Trying to find Element By : By.name: GuMainChannelDetailCode
2020/07/14 10:40:22:541 DEBUG com.sinosoft.test.base.TestBase:80 - Found Element By : By.name: GuMainChannelDetailCode
2020/07/14 10:40:22:542 DEBUG com.sinosoft.test.base.TestBase:87 - SetCodeEditBox:设置完毕[[InternetExplorerDriver: internet explorer on WINDOWS (73839bef-5bdf-4684-926a-af9b858f3e7e)] -> name: GuMainChannelDetailCode],设置值 Code=04
2020/07/14 10:40:22:542 DEBUG com.sinosoft.test.base.TestBase:76 - Trying to find Element By : By.name: GuMainShareHolderFlag
2020/07/14 10:40:22:610 DEBUG com.sinosoft.test.base.TestBase:80 - Found Element By : By.name: GuMainShareHolderFlag
2020/07/14 10:40:22:637 DEBUG com.sinosoft.test.base.TestBase:76 - Trying to find Element By : By.name: GuMainShareHolderFlag
2020/07/14 10:40:22:696 DEBUG com.sinosoft.test.base.TestBase:80 - Found Element By : By.name: GuMainShareHolderFlag
2020/07/14 10:40:22:696 DEBUG com.sinosoft.test.base.TestBase:42 - CodeSelect:开始设置[[InternetExplorerDriver: internet explorer on WINDOWS (73839bef-5bdf-4684-926a-af9b858f3e7e)] -> name: GuMainShareHolderFlag] & Code=0
2020/07/14 10:40:22:709 DEBUG com.sinosoft.test.base.TestBase:76 - Trying to find Element By : By.name: GuMainShareHolderFlag
2020/07/14 10:40:22:770 DEBUG com.sinosoft.test.base.TestBase:80 - Found Element By : By.name: GuMainShareHolderFlag
2020/07/14 10:40:23:875 DEBUG com.sinosoft.test.base.TestBase:272 - 系统窗口【黄河财险业务系统】with handle -03b1d4ba-9c51-4359-b6d5-1a6cf19b93e2
2020/07/14 10:40:24:537 DEBUG com.sinosoft.test.base.TestBase:272 - 系统窗口【黄河财险业务系统】with handle -03b1d4ba-9c51-4359-b6d5-1a6cf19b93e2
2020/07/14 10:40:25:170 DEBUG com.sinosoft.test.base.TestBase:272 - 系统窗口【Code Select】with handle -3d2c56d4-bdc5-48fe-8d1a-2c4e547872b9
2020/07/14 10:40:25:680 DEBUG com.sinosoft.test.base.TestBase:69 - 初始化class com.sinosoft.test.fccp.common.CodeSelectPage
2020/07/14 10:40:25:680 DEBUG com.sinosoft.test.base.TestBase:39 - 基础码表选择！
2020/07/14 10:40:25:681 DEBUG com.sinosoft.test.base.TestBase:76 - Trying to find Element By : By.name: fieldValue
2020/07/14 10:40:25:956 DEBUG com.sinosoft.test.base.TestBase:80 - Found Element By : By.name: fieldValue
2020/07/14 10:40:25:956  INFO com.sinosoft.test.base.TestBase:360 - setEditboxValue:[[InternetExplorerDriver: internet explorer on WINDOWS (73839bef-5bdf-4684-926a-af9b858f3e7e)] -> name: fieldValue]：0
2020/07/14 10:40:27:075  INFO com.sinosoft.test.base.TestBase:363 - setEditboxValue—End:[[InternetExplorerDriver: internet explorer on WINDOWS (73839bef-5bdf-4684-926a-af9b858f3e7e)] -> name: fieldValue]：0
2020/07/14 10:40:27:075 DEBUG com.sinosoft.test.base.TestBase:76 - Trying to find Element By : By.xpath: //input[@value='查询(Q)']
2020/07/14 10:40:27:363 DEBUG com.sinosoft.test.base.TestBase:80 - Found Element By : By.xpath: //input[@value='查询(Q)']
2020/07/14 10:40:27:365  INFO com.sinosoft.test.base.TestBase:402 - clickButton:[[InternetExplorerDriver: internet explorer on WINDOWS (73839bef-5bdf-4684-926a-af9b858f3e7e)] -> xpath: //input[@value='查询(Q)']]
2020/07/14 10:40:27:367 DEBUG com.sinosoft.test.base.TestBase:42 - Trying to click on: [[InternetExplorerDriver: internet explorer on WINDOWS (73839bef-5bdf-4684-926a-af9b858f3e7e)] -> xpath: //input[@value='查询(Q)']]
2020/07/14 10:40:28:922 DEBUG com.sinosoft.test.base.TestBase:46 - Clicked on: [[InternetExplorerDriver: internet explorer on WINDOWS (73839bef-5bdf-4684-926a-af9b858f3e7e)] -> xpath: //input[@value='查询(Q)']]
2020/07/14 10:40:28:923 DEBUG com.sinosoft.test.base.TestBase:76 - Trying to find Element By : By.name: codeselect
2020/07/14 10:40:29:217 DEBUG com.sinosoft.test.base.TestBase:80 - Found Element By : By.name: codeselect
2020/07/14 10:40:29:218  INFO com.sinosoft.test.base.TestBase:132 - setFuzzySelect:[[InternetExplorerDriver: internet explorer on WINDOWS (73839bef-5bdf-4684-926a-af9b858f3e7e)] -> name: codeselect]->0
2020/07/14 10:40:29:761 DEBUG com.sinosoft.test.base.TestBase:76 - Trying to find Element By : By.tagName: option
2020/07/14 10:40:30:141 DEBUG com.sinosoft.test.base.TestBase:80 - Found Element By : By.tagName: option
2020/07/14 10:40:33:016  INFO com.sinosoft.test.base.TestBase:142 - 找到匹配【0】的选项：0--非股东
2020/07/14 10:40:33:017 DEBUG com.sinosoft.test.base.TestBase:76 - Trying to find Element By : By.xpath: .//option[normalize-space(.) = "0--非股东"]
2020/07/14 10:40:33:303 DEBUG com.sinosoft.test.base.TestBase:80 - Found Element By : By.xpath: .//option[normalize-space(.) = "0--非股东"]
2020/07/14 10:40:33:579 DEBUG com.sinosoft.test.base.TestBase:42 - Trying to click on: [[[[InternetExplorerDriver: internet explorer on WINDOWS (73839bef-5bdf-4684-926a-af9b858f3e7e)] -> name: codeselect]] -> xpath: .//option[normalize-space(.) = "0--非股东"]]
2020/07/14 10:40:33:968 DEBUG com.sinosoft.test.base.TestBase:46 - Clicked on: [[[[InternetExplorerDriver: internet explorer on WINDOWS (73839bef-5bdf-4684-926a-af9b858f3e7e)] -> name: codeselect]] -> xpath: .//option[normalize-space(.) = "0--非股东"]]
2020/07/14 10:40:33:968 DEBUG com.sinosoft.test.base.TestBase:151 - setFuzzySelect 结束！
2020/07/14 10:40:33:968 DEBUG com.sinosoft.test.base.TestBase:76 - Trying to find Element By : By.name: SelectIt
2020/07/14 10:40:34:240 DEBUG com.sinosoft.test.base.TestBase:80 - Found Element By : By.name: SelectIt
2020/07/14 10:40:34:240  INFO com.sinosoft.test.base.TestBase:416 - jsClickButton:[[InternetExplorerDriver: internet explorer on WINDOWS (73839bef-5bdf-4684-926a-af9b858f3e7e)] -> name: SelectIt]
2020/07/14 10:40:34:241  INFO com.sinosoft.test.base.TestBase:144 - RunJavaScript:[[InternetExplorerDriver: internet explorer on WINDOWS (73839bef-5bdf-4684-926a-af9b858f3e7e)] -> name: SelectIt]	arguments[0].click();
2020/07/14 10:40:34:959 DEBUG com.sinosoft.test.base.TestBase:272 - 系统窗口【黄河财险业务系统】with handle -03b1d4ba-9c51-4359-b6d5-1a6cf19b93e2
2020/07/14 10:40:37:668 DEBUG com.sinosoft.test.base.TestBase:76 - Trying to find Element By : By.name: GuMainShareHolderFlag
2020/07/14 10:40:37:727 DEBUG com.sinosoft.test.base.TestBase:80 - Found Element By : By.name: GuMainShareHolderFlag
2020/07/14 10:40:37:727 DEBUG com.sinosoft.test.base.TestBase:49 - CodeSelect:设置完毕[[InternetExplorerDriver: internet explorer on WINDOWS (73839bef-5bdf-4684-926a-af9b858f3e7e)] -> name: GuMainShareHolderFlag] & Code=0
2020/07/14 10:40:37:727 DEBUG com.sinosoft.test.base.TestBase:76 - Trying to find Element By : By.name: GuMainSalesTeamCode
2020/07/14 10:40:37:778 DEBUG com.sinosoft.test.base.TestBase:80 - Found Element By : By.name: GuMainSalesTeamCode
2020/07/14 10:40:37:843 DEBUG com.sinosoft.test.base.TestBase:76 - Trying to find Element By : By.name: GuMainSalesTeamCode
2020/07/14 10:40:37:929 DEBUG com.sinosoft.test.base.TestBase:80 - Found Element By : By.name: GuMainSalesTeamCode
2020/07/14 10:40:37:930 DEBUG com.sinosoft.test.base.TestBase:42 - CodeSelect:开始设置[[InternetExplorerDriver: internet explorer on WINDOWS (73839bef-5bdf-4684-926a-af9b858f3e7e)] -> name: GuMainSalesTeamCode] & Code=T6209880101
2020/07/14 10:40:37:930 DEBUG com.sinosoft.test.base.TestBase:76 - Trying to find Element By : By.name: GuMainSalesTeamCode
2020/07/14 10:40:37:999 DEBUG com.sinosoft.test.base.TestBase:80 - Found Element By : By.name: GuMainSalesTeamCode
2020/07/14 10:40:39:143 DEBUG com.sinosoft.test.base.TestBase:272 - 系统窗口【黄河财险业务系统】with handle -03b1d4ba-9c51-4359-b6d5-1a6cf19b93e2
2020/07/14 10:40:39:807 DEBUG com.sinosoft.test.base.TestBase:272 - 系统窗口【黄河财险业务系统】with handle -03b1d4ba-9c51-4359-b6d5-1a6cf19b93e2
2020/07/14 10:40:40:438 DEBUG com.sinosoft.test.base.TestBase:272 - 系统窗口【Code Select】with handle -0f259518-69ce-468f-ba8e-6539fc60265f
2020/07/14 10:40:40:951 DEBUG com.sinosoft.test.base.TestBase:69 - 初始化class com.sinosoft.test.fccp.common.CodeSelectPage
2020/07/14 10:40:40:951 DEBUG com.sinosoft.test.base.TestBase:39 - 基础码表选择！
2020/07/14 10:40:40:952 DEBUG com.sinosoft.test.base.TestBase:76 - Trying to find Element By : By.name: fieldValue
2020/07/14 10:40:41:232 DEBUG com.sinosoft.test.base.TestBase:80 - Found Element By : By.name: fieldValue
2020/07/14 10:40:41:232  INFO com.sinosoft.test.base.TestBase:360 - setEditboxValue:[[InternetExplorerDriver: internet explorer on WINDOWS (73839bef-5bdf-4684-926a-af9b858f3e7e)] -> name: fieldValue]：T6209880101
2020/07/14 10:40:42:383  INFO com.sinosoft.test.base.TestBase:363 - setEditboxValue—End:[[InternetExplorerDriver: internet explorer on WINDOWS (73839bef-5bdf-4684-926a-af9b858f3e7e)] -> name: fieldValue]：T6209880101
2020/07/14 10:40:42:383 DEBUG com.sinosoft.test.base.TestBase:76 - Trying to find Element By : By.xpath: //input[@value='查询(Q)']
2020/07/14 10:40:42:676 DEBUG com.sinosoft.test.base.TestBase:80 - Found Element By : By.xpath: //input[@value='查询(Q)']
2020/07/14 10:40:42:676  INFO com.sinosoft.test.base.TestBase:402 - clickButton:[[InternetExplorerDriver: internet explorer on WINDOWS (73839bef-5bdf-4684-926a-af9b858f3e7e)] -> xpath: //input[@value='查询(Q)']]
2020/07/14 10:40:42:676 DEBUG com.sinosoft.test.base.TestBase:42 - Trying to click on: [[InternetExplorerDriver: internet explorer on WINDOWS (73839bef-5bdf-4684-926a-af9b858f3e7e)] -> xpath: //input[@value='查询(Q)']]
2020/07/14 10:40:44:242 DEBUG com.sinosoft.test.base.TestBase:46 - Clicked on: [[InternetExplorerDriver: internet explorer on WINDOWS (73839bef-5bdf-4684-926a-af9b858f3e7e)] -> xpath: //input[@value='查询(Q)']]
2020/07/14 10:40:44:242 DEBUG com.sinosoft.test.base.TestBase:76 - Trying to find Element By : By.name: codeselect
2020/07/14 10:40:44:529 DEBUG com.sinosoft.test.base.TestBase:80 - Found Element By : By.name: codeselect
2020/07/14 10:40:44:529  INFO com.sinosoft.test.base.TestBase:132 - setFuzzySelect:[[InternetExplorerDriver: internet explorer on WINDOWS (73839bef-5bdf-4684-926a-af9b858f3e7e)] -> name: codeselect]->T6209880101
2020/07/14 10:40:45:075 DEBUG com.sinosoft.test.base.TestBase:76 - Trying to find Element By : By.tagName: option
2020/07/14 10:40:45:376 DEBUG com.sinosoft.test.base.TestBase:80 - Found Element By : By.tagName: option
2020/07/14 10:40:45:676  INFO com.sinosoft.test.base.TestBase:142 - 找到匹配【T6209880101】的选项：T6209880101--重客业务三部
2020/07/14 10:40:45:676 DEBUG com.sinosoft.test.base.TestBase:76 - Trying to find Element By : By.xpath: .//option[normalize-space(.) = "T6209880101--重客业务三部"]
2020/07/14 10:40:45:972 DEBUG com.sinosoft.test.base.TestBase:80 - Found Element By : By.xpath: .//option[normalize-space(.) = "T6209880101--重客业务三部"]
2020/07/14 10:40:46:252 DEBUG com.sinosoft.test.base.TestBase:42 - Trying to click on: [[[[InternetExplorerDriver: internet explorer on WINDOWS (73839bef-5bdf-4684-926a-af9b858f3e7e)] -> name: codeselect]] -> xpath: .//option[normalize-space(.) = "T6209880101--重客业务三部"]]
2020/07/14 10:40:46:621 DEBUG com.sinosoft.test.base.TestBase:46 - Clicked on: [[[[InternetExplorerDriver: internet explorer on WINDOWS (73839bef-5bdf-4684-926a-af9b858f3e7e)] -> name: codeselect]] -> xpath: .//option[normalize-space(.) = "T6209880101--重客业务三部"]]
2020/07/14 10:40:46:622 DEBUG com.sinosoft.test.base.TestBase:151 - setFuzzySelect 结束！
2020/07/14 10:40:46:622 DEBUG com.sinosoft.test.base.TestBase:76 - Trying to find Element By : By.name: SelectIt
2020/07/14 10:40:46:894 DEBUG com.sinosoft.test.base.TestBase:80 - Found Element By : By.name: SelectIt
2020/07/14 10:40:46:894  INFO com.sinosoft.test.base.TestBase:416 - jsClickButton:[[InternetExplorerDriver: internet explorer on WINDOWS (73839bef-5bdf-4684-926a-af9b858f3e7e)] -> name: SelectIt]
2020/07/14 10:40:46:894  INFO com.sinosoft.test.base.TestBase:144 - RunJavaScript:[[InternetExplorerDriver: internet explorer on WINDOWS (73839bef-5bdf-4684-926a-af9b858f3e7e)] -> name: SelectIt]	arguments[0].click();
2020/07/14 10:40:47:574 DEBUG com.sinosoft.test.base.TestBase:272 - 系统窗口【黄河财险业务系统】with handle -03b1d4ba-9c51-4359-b6d5-1a6cf19b93e2
2020/07/14 10:40:50:309 DEBUG com.sinosoft.test.base.TestBase:76 - Trying to find Element By : By.name: GuMainSalesTeamCode
2020/07/14 10:40:50:355 DEBUG com.sinosoft.test.base.TestBase:80 - Found Element By : By.name: GuMainSalesTeamCode
2020/07/14 10:40:50:355 DEBUG com.sinosoft.test.base.TestBase:49 - CodeSelect:设置完毕[[InternetExplorerDriver: internet explorer on WINDOWS (73839bef-5bdf-4684-926a-af9b858f3e7e)] -> name: GuMainSalesTeamCode] & Code=T6209880101
2020/07/14 10:40:50:355 DEBUG com.sinosoft.test.base.TestBase:76 - Trying to find Element By : By.name: GuMainSalesmanCode
2020/07/14 10:40:50:403 DEBUG com.sinosoft.test.base.TestBase:80 - Found Element By : By.name: GuMainSalesmanCode
2020/07/14 10:40:50:430 DEBUG com.sinosoft.test.base.TestBase:76 - Trying to find Element By : By.name: GuMainSalesmanCode
2020/07/14 10:40:50:494 DEBUG com.sinosoft.test.base.TestBase:80 - Found Element By : By.name: GuMainSalesmanCode
2020/07/14 10:40:50:494 DEBUG com.sinosoft.test.base.TestBase:42 - CodeSelect:开始设置[[InternetExplorerDriver: internet explorer on WINDOWS (73839bef-5bdf-4684-926a-af9b858f3e7e)] -> name: GuMainSalesmanCode] & Code=S000000029
2020/07/14 10:40:50:494 DEBUG com.sinosoft.test.base.TestBase:76 - Trying to find Element By : By.name: GuMainSalesmanCode
2020/07/14 10:40:50:545 DEBUG com.sinosoft.test.base.TestBase:80 - Found Element By : By.name: GuMainSalesmanCode
2020/07/14 10:40:51:632 DEBUG com.sinosoft.test.base.TestBase:272 - 系统窗口【黄河财险业务系统】with handle -03b1d4ba-9c51-4359-b6d5-1a6cf19b93e2
2020/07/14 10:40:52:296 DEBUG com.sinosoft.test.base.TestBase:272 - 系统窗口【黄河财险业务系统】with handle -03b1d4ba-9c51-4359-b6d5-1a6cf19b93e2
2020/07/14 10:40:52:925 DEBUG com.sinosoft.test.base.TestBase:272 - 系统窗口【Code Select】with handle -fa038256-fb4f-4a05-8c8e-e619505ce3ec
2020/07/14 10:40:53:437 DEBUG com.sinosoft.test.base.TestBase:69 - 初始化class com.sinosoft.test.fccp.common.CodeSelectPage
2020/07/14 10:40:53:437 DEBUG com.sinosoft.test.base.TestBase:39 - 基础码表选择！
2020/07/14 10:40:53:437 DEBUG com.sinosoft.test.base.TestBase:76 - Trying to find Element By : By.name: fieldValue
2020/07/14 10:40:53:720 DEBUG com.sinosoft.test.base.TestBase:80 - Found Element By : By.name: fieldValue
2020/07/14 10:40:53:721  INFO com.sinosoft.test.base.TestBase:360 - setEditboxValue:[[InternetExplorerDriver: internet explorer on WINDOWS (73839bef-5bdf-4684-926a-af9b858f3e7e)] -> name: fieldValue]：S000000029
2020/07/14 10:40:54:804  INFO com.sinosoft.test.base.TestBase:363 - setEditboxValue—End:[[InternetExplorerDriver: internet explorer on WINDOWS (73839bef-5bdf-4684-926a-af9b858f3e7e)] -> name: fieldValue]：S000000029
2020/07/14 10:40:54:804 DEBUG com.sinosoft.test.base.TestBase:76 - Trying to find Element By : By.xpath: //input[@value='查询(Q)']
2020/07/14 10:40:55:085 DEBUG com.sinosoft.test.base.TestBase:80 - Found Element By : By.xpath: //input[@value='查询(Q)']
2020/07/14 10:40:55:085  INFO com.sinosoft.test.base.TestBase:402 - clickButton:[[InternetExplorerDriver: internet explorer on WINDOWS (73839bef-5bdf-4684-926a-af9b858f3e7e)] -> xpath: //input[@value='查询(Q)']]
2020/07/14 10:40:55:085 DEBUG com.sinosoft.test.base.TestBase:42 - Trying to click on: [[InternetExplorerDriver: internet explorer on WINDOWS (73839bef-5bdf-4684-926a-af9b858f3e7e)] -> xpath: //input[@value='查询(Q)']]
2020/07/14 10:40:56:604 DEBUG com.sinosoft.test.base.TestBase:46 - Clicked on: [[InternetExplorerDriver: internet explorer on WINDOWS (73839bef-5bdf-4684-926a-af9b858f3e7e)] -> xpath: //input[@value='查询(Q)']]
2020/07/14 10:40:56:604 DEBUG com.sinosoft.test.base.TestBase:76 - Trying to find Element By : By.name: codeselect
2020/07/14 10:40:56:883 DEBUG com.sinosoft.test.base.TestBase:80 - Found Element By : By.name: codeselect
2020/07/14 10:40:56:883  INFO com.sinosoft.test.base.TestBase:132 - setFuzzySelect:[[InternetExplorerDriver: internet explorer on WINDOWS (73839bef-5bdf-4684-926a-af9b858f3e7e)] -> name: codeselect]->S000000029
2020/07/14 10:40:57:415 DEBUG com.sinosoft.test.base.TestBase:76 - Trying to find Element By : By.tagName: option
2020/07/14 10:40:57:697 DEBUG com.sinosoft.test.base.TestBase:80 - Found Element By : By.tagName: option
2020/07/14 10:40:57:980  INFO com.sinosoft.test.base.TestBase:142 - 找到匹配【S000000029】的选项：S000000029--于超
2020/07/14 10:40:57:981 DEBUG com.sinosoft.test.base.TestBase:76 - Trying to find Element By : By.xpath: .//option[normalize-space(.) = "S000000029--于超"]
2020/07/14 10:40:58:269 DEBUG com.sinosoft.test.base.TestBase:80 - Found Element By : By.xpath: .//option[normalize-space(.) = "S000000029--于超"]
2020/07/14 10:40:58:548 DEBUG com.sinosoft.test.base.TestBase:42 - Trying to click on: [[[[InternetExplorerDriver: internet explorer on WINDOWS (73839bef-5bdf-4684-926a-af9b858f3e7e)] -> name: codeselect]] -> xpath: .//option[normalize-space(.) = "S000000029--于超"]]
2020/07/14 10:40:58:913 DEBUG com.sinosoft.test.base.TestBase:46 - Clicked on: [[[[InternetExplorerDriver: internet explorer on WINDOWS (73839bef-5bdf-4684-926a-af9b858f3e7e)] -> name: codeselect]] -> xpath: .//option[normalize-space(.) = "S000000029--于超"]]
2020/07/14 10:40:58:913 DEBUG com.sinosoft.test.base.TestBase:151 - setFuzzySelect 结束！
2020/07/14 10:40:58:913 DEBUG com.sinosoft.test.base.TestBase:76 - Trying to find Element By : By.name: SelectIt
2020/07/14 10:40:59:185 DEBUG com.sinosoft.test.base.TestBase:80 - Found Element By : By.name: SelectIt
2020/07/14 10:40:59:186  INFO com.sinosoft.test.base.TestBase:416 - jsClickButton:[[InternetExplorerDriver: internet explorer on WINDOWS (73839bef-5bdf-4684-926a-af9b858f3e7e)] -> name: SelectIt]
2020/07/14 10:40:59:186  INFO com.sinosoft.test.base.TestBase:144 - RunJavaScript:[[InternetExplorerDriver: internet explorer on WINDOWS (73839bef-5bdf-4684-926a-af9b858f3e7e)] -> name: SelectIt]	arguments[0].click();
2020/07/14 10:40:59:870 DEBUG com.sinosoft.test.base.TestBase:272 - 系统窗口【黄河财险业务系统】with handle -03b1d4ba-9c51-4359-b6d5-1a6cf19b93e2
2020/07/14 10:41:02:606 DEBUG com.sinosoft.test.base.TestBase:76 - Trying to find Element By : By.name: GuMainSalesmanCode
2020/07/14 10:41:02:654 DEBUG com.sinosoft.test.base.TestBase:80 - Found Element By : By.name: GuMainSalesmanCode
2020/07/14 10:41:02:655 DEBUG com.sinosoft.test.base.TestBase:49 - CodeSelect:设置完毕[[InternetExplorerDriver: internet explorer on WINDOWS (73839bef-5bdf-4684-926a-af9b858f3e7e)] -> name: GuMainSalesmanCode] & Code=S000000029
2020/07/14 10:41:02:657 DEBUG com.sinosoft.test.base.TestBase:76 - Trying to find Element By : By.name: GuMainBusinessSource
2020/07/14 10:41:02:729 DEBUG com.sinosoft.test.base.TestBase:80 - Found Element By : By.name: GuMainBusinessSource
2020/07/14 10:41:02:776 DEBUG com.sinosoft.test.base.TestBase:76 - Trying to find Element By : By.name: GuMainBusinessSource
2020/07/14 10:41:02:857 DEBUG com.sinosoft.test.base.TestBase:80 - Found Element By : By.name: GuMainBusinessSource
2020/07/14 10:41:02:858 DEBUG com.sinosoft.test.base.TestBase:42 - CodeSelect:开始设置[[InternetExplorerDriver: internet explorer on WINDOWS (73839bef-5bdf-4684-926a-af9b858f3e7e)] -> name: GuMainBusinessSource] & Code=01010101
2020/07/14 10:41:02:861 DEBUG com.sinosoft.test.base.TestBase:76 - Trying to find Element By : By.name: GuMainBusinessSource
2020/07/14 10:41:02:921 DEBUG com.sinosoft.test.base.TestBase:80 - Found Element By : By.name: GuMainBusinessSource
2020/07/14 10:41:03:974 DEBUG com.sinosoft.test.base.TestBase:272 - 系统窗口【黄河财险业务系统】with handle -03b1d4ba-9c51-4359-b6d5-1a6cf19b93e2
2020/07/14 10:41:05:115 DEBUG com.sinosoft.test.base.TestBase:272 - 系统窗口【Code Select】with handle -fb797019-a136-4955-996f-6dab9310b9e6
2020/07/14 10:41:05:628 DEBUG com.sinosoft.test.base.TestBase:69 - 初始化class com.sinosoft.test.fccp.common.CodeSelectPage
2020/07/14 10:41:05:629 DEBUG com.sinosoft.test.base.TestBase:39 - 基础码表选择！
2020/07/14 10:41:05:629 DEBUG com.sinosoft.test.base.TestBase:76 - Trying to find Element By : By.name: fieldValue
2020/07/14 10:41:05:906 DEBUG com.sinosoft.test.base.TestBase:80 - Found Element By : By.name: fieldValue
2020/07/14 10:41:05:906  INFO com.sinosoft.test.base.TestBase:360 - setEditboxValue:[[InternetExplorerDriver: internet explorer on WINDOWS (73839bef-5bdf-4684-926a-af9b858f3e7e)] -> name: fieldValue]：01010101
2020/07/14 10:41:07:009  INFO com.sinosoft.test.base.TestBase:363 - setEditboxValue—End:[[InternetExplorerDriver: internet explorer on WINDOWS (73839bef-5bdf-4684-926a-af9b858f3e7e)] -> name: fieldValue]：01010101
2020/07/14 10:41:07:009 DEBUG com.sinosoft.test.base.TestBase:76 - Trying to find Element By : By.xpath: //input[@value='查询(Q)']
2020/07/14 10:41:07:290 DEBUG com.sinosoft.test.base.TestBase:80 - Found Element By : By.xpath: //input[@value='查询(Q)']
2020/07/14 10:41:07:290  INFO com.sinosoft.test.base.TestBase:402 - clickButton:[[InternetExplorerDriver: internet explorer on WINDOWS (73839bef-5bdf-4684-926a-af9b858f3e7e)] -> xpath: //input[@value='查询(Q)']]
2020/07/14 10:41:07:290 DEBUG com.sinosoft.test.base.TestBase:42 - Trying to click on: [[InternetExplorerDriver: internet explorer on WINDOWS (73839bef-5bdf-4684-926a-af9b858f3e7e)] -> xpath: //input[@value='查询(Q)']]
2020/07/14 10:41:08:806 DEBUG com.sinosoft.test.base.TestBase:46 - Clicked on: [[InternetExplorerDriver: internet explorer on WINDOWS (73839bef-5bdf-4684-926a-af9b858f3e7e)] -> xpath: //input[@value='查询(Q)']]
2020/07/14 10:41:08:806 DEBUG com.sinosoft.test.base.TestBase:76 - Trying to find Element By : By.name: codeselect
2020/07/14 10:41:09:075 DEBUG com.sinosoft.test.base.TestBase:80 - Found Element By : By.name: codeselect
2020/07/14 10:41:09:075  INFO com.sinosoft.test.base.TestBase:132 - setFuzzySelect:[[InternetExplorerDriver: internet explorer on WINDOWS (73839bef-5bdf-4684-926a-af9b858f3e7e)] -> name: codeselect]->01010101
2020/07/14 10:41:09:613 DEBUG com.sinosoft.test.base.TestBase:76 - Trying to find Element By : By.tagName: option
2020/07/14 10:41:09:941 DEBUG com.sinosoft.test.base.TestBase:80 - Found Element By : By.tagName: option
2020/07/14 10:41:10:219  INFO com.sinosoft.test.base.TestBase:142 - 找到匹配【01010101】的选项：01010101--柜面直销
2020/07/14 10:41:10:220 DEBUG com.sinosoft.test.base.TestBase:76 - Trying to find Element By : By.xpath: .//option[normalize-space(.) = "01010101--柜面直销"]
2020/07/14 10:41:10:506 DEBUG com.sinosoft.test.base.TestBase:80 - Found Element By : By.xpath: .//option[normalize-space(.) = "01010101--柜面直销"]
2020/07/14 10:41:10:789 DEBUG com.sinosoft.test.base.TestBase:42 - Trying to click on: [[[[InternetExplorerDriver: internet explorer on WINDOWS (73839bef-5bdf-4684-926a-af9b858f3e7e)] -> name: codeselect]] -> xpath: .//option[normalize-space(.) = "01010101--柜面直销"]]
2020/07/14 10:41:11:167 DEBUG com.sinosoft.test.base.TestBase:46 - Clicked on: [[[[InternetExplorerDriver: internet explorer on WINDOWS (73839bef-5bdf-4684-926a-af9b858f3e7e)] -> name: codeselect]] -> xpath: .//option[normalize-space(.) = "01010101--柜面直销"]]
2020/07/14 10:41:11:167 DEBUG com.sinosoft.test.base.TestBase:151 - setFuzzySelect 结束！
2020/07/14 10:41:11:167 DEBUG com.sinosoft.test.base.TestBase:76 - Trying to find Element By : By.name: SelectIt
2020/07/14 10:41:11:439 DEBUG com.sinosoft.test.base.TestBase:80 - Found Element By : By.name: SelectIt
2020/07/14 10:41:11:439  INFO com.sinosoft.test.base.TestBase:416 - jsClickButton:[[InternetExplorerDriver: internet explorer on WINDOWS (73839bef-5bdf-4684-926a-af9b858f3e7e)] -> name: SelectIt]
2020/07/14 10:41:11:439  INFO com.sinosoft.test.base.TestBase:144 - RunJavaScript:[[InternetExplorerDriver: internet explorer on WINDOWS (73839bef-5bdf-4684-926a-af9b858f3e7e)] -> name: SelectIt]	arguments[0].click();
2020/07/14 10:41:12:128 DEBUG com.sinosoft.test.base.TestBase:272 - 系统窗口【黄河财险业务系统】with handle -03b1d4ba-9c51-4359-b6d5-1a6cf19b93e2
2020/07/14 10:41:14:795 DEBUG com.sinosoft.test.base.TestBase:76 - Trying to find Element By : By.name: GuMainBusinessSource
2020/07/14 10:41:14:840 DEBUG com.sinosoft.test.base.TestBase:80 - Found Element By : By.name: GuMainBusinessSource
2020/07/14 10:41:14:840 DEBUG com.sinosoft.test.base.TestBase:49 - CodeSelect:设置完毕[[InternetExplorerDriver: internet explorer on WINDOWS (73839bef-5bdf-4684-926a-af9b858f3e7e)] -> name: GuMainBusinessSource] & Code=01010101
2020/07/14 10:41:14:841 DEBUG com.sinosoft.test.base.TestBase:76 - Trying to find Element By : By.name: GuMainSurveyInd
2020/07/14 10:41:14:913 DEBUG com.sinosoft.test.base.TestBase:80 - Found Element By : By.name: GuMainSurveyInd
2020/07/14 10:41:14:913  INFO com.sinosoft.test.base.TestBase:96 - setSelectWithStartText:[[InternetExplorerDriver: internet explorer on WINDOWS (73839bef-5bdf-4684-926a-af9b858f3e7e)] -> name: GuMainSurveyInd]->HXXT
2020/07/14 10:41:14:913 DEBUG com.sinosoft.test.base.TestBase:76 - Trying to find Element By : By.name: GuMainSurveyInd
2020/07/14 10:41:14:994 DEBUG com.sinosoft.test.base.TestBase:80 - Found Element By : By.name: GuMainSurveyInd
2020/07/14 10:41:15:022 DEBUG com.sinosoft.test.base.TestBase:76 - Trying to find Element By : By.name: GuMainSurveyInd
2020/07/14 10:41:15:067 DEBUG com.sinosoft.test.base.TestBase:80 - Found Element By : By.name: GuMainSurveyInd
2020/07/14 10:41:15:097 DEBUG com.sinosoft.test.base.TestBase:76 - Trying to find Element By : By.name: GuMainSurveyInd
2020/07/14 10:41:15:178 DEBUG com.sinosoft.test.base.TestBase:80 - Found Element By : By.name: GuMainSurveyInd
2020/07/14 10:41:15:178 DEBUG com.sinosoft.test.base.TestBase:76 - Trying to find Element By : By.tagName: option
2020/07/14 10:41:15:448 DEBUG com.sinosoft.test.base.TestBase:80 - Found Element By : By.tagName: option
2020/07/14 10:41:15:518  INFO com.sinosoft.test.base.TestBase:114 - 找到匹配【HXXT】的选项：HXXT-核心
2020/07/14 10:41:15:518 DEBUG com.sinosoft.test.base.TestBase:76 - Trying to find Element By : By.name: GuMainSurveyInd
2020/07/14 10:41:15:581 DEBUG com.sinosoft.test.base.TestBase:80 - Found Element By : By.name: GuMainSurveyInd
2020/07/14 10:41:15:582 DEBUG com.sinosoft.test.base.TestBase:76 - Trying to find Element By : By.xpath: .//option[normalize-space(.) = "HXXT-核心"]
2020/07/14 10:41:15:643 DEBUG com.sinosoft.test.base.TestBase:80 - Found Element By : By.xpath: .//option[normalize-space(.) = "HXXT-核心"]
2020/07/14 10:41:15:676 DEBUG com.sinosoft.test.base.TestBase:123 - setSelectWithStartText 结束！
2020/07/14 10:41:15:677 DEBUG com.sinosoft.test.base.TestBase:76 - Trying to find Element By : By.name: GuMainArgueSolution
2020/07/14 10:41:15:781 DEBUG com.sinosoft.test.base.TestBase:80 - Found Element By : By.name: GuMainArgueSolution
2020/07/14 10:41:15:781  INFO com.sinosoft.test.base.TestBase:96 - setSelectWithStartText:[[InternetExplorerDriver: internet explorer on WINDOWS (73839bef-5bdf-4684-926a-af9b858f3e7e)] -> name: GuMainArgueSolution]->
2020/07/14 10:41:15:781 DEBUG com.sinosoft.test.base.TestBase:76 - Trying to find Element By : By.name: GuMainDomesticInd
2020/07/14 10:41:15:864 DEBUG com.sinosoft.test.base.TestBase:80 - Found Element By : By.name: GuMainDomesticInd
2020/07/14 10:41:15:864  INFO com.sinosoft.test.base.TestBase:96 - setSelectWithStartText:[[InternetExplorerDriver: internet explorer on WINDOWS (73839bef-5bdf-4684-926a-af9b858f3e7e)] -> name: GuMainDomesticInd]->
2020/07/14 10:41:15:864 DEBUG com.sinosoft.test.base.TestBase:76 - Trying to find Element By : By.name: GuMainComInsureInd
2020/07/14 10:41:15:948 DEBUG com.sinosoft.test.base.TestBase:80 - Found Element By : By.name: GuMainComInsureInd
2020/07/14 10:41:15:948  INFO com.sinosoft.test.base.TestBase:96 - setSelectWithStartText:[[InternetExplorerDriver: internet explorer on WINDOWS (73839bef-5bdf-4684-926a-af9b858f3e7e)] -> name: GuMainComInsureInd]->0
2020/07/14 10:41:15:949 DEBUG com.sinosoft.test.base.TestBase:76 - Trying to find Element By : By.name: GuMainComInsureInd
2020/07/14 10:41:16:017 DEBUG com.sinosoft.test.base.TestBase:80 - Found Element By : By.name: GuMainComInsureInd
2020/07/14 10:41:16:043 DEBUG com.sinosoft.test.base.TestBase:76 - Trying to find Element By : By.name: GuMainComInsureInd
2020/07/14 10:41:16:134 DEBUG com.sinosoft.test.base.TestBase:80 - Found Element By : By.name: GuMainComInsureInd
2020/07/14 10:41:16:162 DEBUG com.sinosoft.test.base.TestBase:76 - Trying to find Element By : By.name: GuMainComInsureInd
2020/07/14 10:41:16:255 DEBUG com.sinosoft.test.base.TestBase:80 - Found Element By : By.name: GuMainComInsureInd
2020/07/14 10:41:16:255 DEBUG com.sinosoft.test.base.TestBase:76 - Trying to find Element By : By.tagName: option
2020/07/14 10:41:16:398 DEBUG com.sinosoft.test.base.TestBase:80 - Found Element By : By.tagName: option
2020/07/14 10:41:16:444  INFO com.sinosoft.test.base.TestBase:114 - 找到匹配【0】的选项：0-非统括业务
2020/07/14 10:41:16:445 DEBUG com.sinosoft.test.base.TestBase:76 - Trying to find Element By : By.name: GuMainComInsureInd
2020/07/14 10:41:16:552 DEBUG com.sinosoft.test.base.TestBase:80 - Found Element By : By.name: GuMainComInsureInd
2020/07/14 10:41:16:552 DEBUG com.sinosoft.test.base.TestBase:76 - Trying to find Element By : By.xpath: .//option[normalize-space(.) = "0-非统括业务"]
2020/07/14 10:41:16:620 DEBUG com.sinosoft.test.base.TestBase:80 - Found Element By : By.xpath: .//option[normalize-space(.) = "0-非统括业务"]
2020/07/14 10:41:16:647 DEBUG com.sinosoft.test.base.TestBase:123 - setSelectWithStartText 结束！
2020/07/14 10:41:16:647 DEBUG com.sinosoft.test.base.TestBase:76 - Trying to find Element By : By.name: GuMainPolicyStyle
2020/07/14 10:41:16:738 DEBUG com.sinosoft.test.base.TestBase:80 - Found Element By : By.name: GuMainPolicyStyle
2020/07/14 10:41:16:739  INFO com.sinosoft.test.base.TestBase:96 - setSelectWithStartText:[[InternetExplorerDriver: internet explorer on WINDOWS (73839bef-5bdf-4684-926a-af9b858f3e7e)] -> name: GuMainPolicyStyle]->0
2020/07/14 10:41:16:739 DEBUG com.sinosoft.test.base.TestBase:76 - Trying to find Element By : By.name: GuMainPolicyStyle
2020/07/14 10:41:16:800 DEBUG com.sinosoft.test.base.TestBase:80 - Found Element By : By.name: GuMainPolicyStyle
2020/07/14 10:41:16:828 DEBUG com.sinosoft.test.base.TestBase:76 - Trying to find Element By : By.name: GuMainPolicyStyle
2020/07/14 10:41:16:911 DEBUG com.sinosoft.test.base.TestBase:80 - Found Element By : By.name: GuMainPolicyStyle
2020/07/14 10:41:16:939 DEBUG com.sinosoft.test.base.TestBase:76 - Trying to find Element By : By.name: GuMainPolicyStyle
2020/07/14 10:41:17:047 DEBUG com.sinosoft.test.base.TestBase:80 - Found Element By : By.name: GuMainPolicyStyle
2020/07/14 10:41:17:047 DEBUG com.sinosoft.test.base.TestBase:76 - Trying to find Element By : By.tagName: option
2020/07/14 10:41:17:109 DEBUG com.sinosoft.test.base.TestBase:80 - Found Element By : By.tagName: option
2020/07/14 10:41:17:175  INFO com.sinosoft.test.base.TestBase:114 - 找到匹配【0】的选项：0-否
2020/07/14 10:41:17:177 DEBUG com.sinosoft.test.base.TestBase:76 - Trying to find Element By : By.name: GuMainPolicyStyle
2020/07/14 10:41:17:261 DEBUG com.sinosoft.test.base.TestBase:80 - Found Element By : By.name: GuMainPolicyStyle
2020/07/14 10:41:17:261 DEBUG com.sinosoft.test.base.TestBase:76 - Trying to find Element By : By.xpath: .//option[normalize-space(.) = "0-否"]
2020/07/14 10:41:17:342 DEBUG com.sinosoft.test.base.TestBase:80 - Found Element By : By.xpath: .//option[normalize-space(.) = "0-否"]
2020/07/14 10:41:17:370 DEBUG com.sinosoft.test.base.TestBase:123 - setSelectWithStartText 结束！
2020/07/14 10:41:17:370 DEBUG com.sinosoft.test.base.TestBase:76 - Trying to find Element By : By.name: RenewalOfInsuranceSelect
2020/07/14 10:41:17:472 DEBUG com.sinosoft.test.base.TestBase:80 - Found Element By : By.name: RenewalOfInsuranceSelect
2020/07/14 10:41:17:472  INFO com.sinosoft.test.base.TestBase:96 - setSelectWithStartText:[[InternetExplorerDriver: internet explorer on WINDOWS (73839bef-5bdf-4684-926a-af9b858f3e7e)] -> name: RenewalOfInsuranceSelect]->0
2020/07/14 10:41:17:473 DEBUG com.sinosoft.test.base.TestBase:76 - Trying to find Element By : By.name: RenewalOfInsuranceSelect
2020/07/14 10:41:17:572 DEBUG com.sinosoft.test.base.TestBase:80 - Found Element By : By.name: RenewalOfInsuranceSelect
2020/07/14 10:41:17:602 DEBUG com.sinosoft.test.base.TestBase:76 - Trying to find Element By : By.name: RenewalOfInsuranceSelect
2020/07/14 10:41:17:686 DEBUG com.sinosoft.test.base.TestBase:80 - Found Element By : By.name: RenewalOfInsuranceSelect
2020/07/14 10:41:17:717 DEBUG com.sinosoft.test.base.TestBase:76 - Trying to find Element By : By.name: RenewalOfInsuranceSelect
2020/07/14 10:41:17:799 DEBUG com.sinosoft.test.base.TestBase:80 - Found Element By : By.name: RenewalOfInsuranceSelect
2020/07/14 10:41:17:799 DEBUG com.sinosoft.test.base.TestBase:76 - Trying to find Element By : By.tagName: option
2020/07/14 10:41:17:926 DEBUG com.sinosoft.test.base.TestBase:80 - Found Element By : By.tagName: option
2020/07/14 10:41:17:976  INFO com.sinosoft.test.base.TestBase:114 - 找到匹配【0】的选项：0-否
2020/07/14 10:41:17:977 DEBUG com.sinosoft.test.base.TestBase:76 - Trying to find Element By : By.name: RenewalOfInsuranceSelect
2020/07/14 10:41:18:045 DEBUG com.sinosoft.test.base.TestBase:80 - Found Element By : By.name: RenewalOfInsuranceSelect
2020/07/14 10:41:18:046 DEBUG com.sinosoft.test.base.TestBase:76 - Trying to find Element By : By.xpath: .//option[normalize-space(.) = "0-否"]
2020/07/14 10:41:18:094 DEBUG com.sinosoft.test.base.TestBase:80 - Found Element By : By.xpath: .//option[normalize-space(.) = "0-否"]
2020/07/14 10:41:18:143 DEBUG com.sinosoft.test.base.TestBase:42 - Trying to click on: [[[[InternetExplorerDriver: internet explorer on WINDOWS (73839bef-5bdf-4684-926a-af9b858f3e7e)] -> name: RenewalOfInsuranceSelect]] -> xpath: .//option[normalize-space(.) = "0-否"]]
2020/07/14 10:41:18:386 DEBUG com.sinosoft.test.base.TestBase:46 - Clicked on: [[[[InternetExplorerDriver: internet explorer on WINDOWS (73839bef-5bdf-4684-926a-af9b858f3e7e)] -> name: RenewalOfInsuranceSelect]] -> xpath: .//option[normalize-space(.) = "0-否"]]
2020/07/14 10:41:18:386 DEBUG com.sinosoft.test.base.TestBase:123 - setSelectWithStartText 结束！
2020/07/14 10:41:18:387 DEBUG com.sinosoft.test.base.TestBase:76 - Trying to find Element By : By.name: GuMainIsDifferentPlace
2020/07/14 10:41:18:483 DEBUG com.sinosoft.test.base.TestBase:80 - Found Element By : By.name: GuMainIsDifferentPlace
2020/07/14 10:41:18:483  INFO com.sinosoft.test.base.TestBase:96 - setSelectWithStartText:[[InternetExplorerDriver: internet explorer on WINDOWS (73839bef-5bdf-4684-926a-af9b858f3e7e)] -> name: GuMainIsDifferentPlace]->
2020/07/14 10:41:18:483 DEBUG com.sinosoft.test.base.TestBase:76 - Trying to find Element By : By.name: GuMainIsFarming
2020/07/14 10:41:18:574 DEBUG com.sinosoft.test.base.TestBase:80 - Found Element By : By.name: GuMainIsFarming
2020/07/14 10:41:18:576  INFO com.sinosoft.test.base.TestBase:96 - setSelectWithStartText:[[InternetExplorerDriver: internet explorer on WINDOWS (73839bef-5bdf-4684-926a-af9b858f3e7e)] -> name: GuMainIsFarming]->
2020/07/14 10:41:18:578 DEBUG com.sinosoft.test.base.TestBase:76 - Trying to find Element By : By.name: AppliGuRelatedPartyInsuredType
2020/07/14 10:41:18:661 DEBUG com.sinosoft.test.base.TestBase:80 - Found Element By : By.name: AppliGuRelatedPartyInsuredType
2020/07/14 10:41:18:662  INFO com.sinosoft.test.base.TestBase:96 - setSelectWithStartText:[[InternetExplorerDriver: internet explorer on WINDOWS (73839bef-5bdf-4684-926a-af9b858f3e7e)] -> name: AppliGuRelatedPartyInsuredType]->2
2020/07/14 10:41:18:662 DEBUG com.sinosoft.test.base.TestBase:76 - Trying to find Element By : By.name: AppliGuRelatedPartyInsuredType
2020/07/14 10:41:18:744 DEBUG com.sinosoft.test.base.TestBase:80 - Found Element By : By.name: AppliGuRelatedPartyInsuredType
2020/07/14 10:41:18:772 DEBUG com.sinosoft.test.base.TestBase:76 - Trying to find Element By : By.name: AppliGuRelatedPartyInsuredType
2020/07/14 10:41:18:865 DEBUG com.sinosoft.test.base.TestBase:80 - Found Element By : By.name: AppliGuRelatedPartyInsuredType
2020/07/14 10:41:18:931 DEBUG com.sinosoft.test.base.TestBase:76 - Trying to find Element By : By.name: AppliGuRelatedPartyInsuredType
2020/07/14 10:41:18:992 DEBUG com.sinosoft.test.base.TestBase:80 - Found Element By : By.name: AppliGuRelatedPartyInsuredType
2020/07/14 10:41:18:994 DEBUG com.sinosoft.test.base.TestBase:76 - Trying to find Element By : By.tagName: option
2020/07/14 10:41:19:146 DEBUG com.sinosoft.test.base.TestBase:80 - Found Element By : By.tagName: option
2020/07/14 10:41:19:291  INFO com.sinosoft.test.base.TestBase:114 - 找到匹配【2】的选项：2-团体
2020/07/14 10:41:19:292 DEBUG com.sinosoft.test.base.TestBase:76 - Trying to find Element By : By.name: AppliGuRelatedPartyInsuredType
2020/07/14 10:41:19:375 DEBUG com.sinosoft.test.base.TestBase:80 - Found Element By : By.name: AppliGuRelatedPartyInsuredType
2020/07/14 10:41:19:377 DEBUG com.sinosoft.test.base.TestBase:76 - Trying to find Element By : By.xpath: .//option[normalize-space(.) = "2-团体"]
2020/07/14 10:41:19:447 DEBUG com.sinosoft.test.base.TestBase:80 - Found Element By : By.xpath: .//option[normalize-space(.) = "2-团体"]
2020/07/14 10:41:19:473 DEBUG com.sinosoft.test.base.TestBase:123 - setSelectWithStartText 结束！
2020/07/14 10:41:19:474 DEBUG com.sinosoft.test.base.TestBase:76 - Trying to find Element By : By.name: AppliGuRelatedPartyInsuredCode
2020/07/14 10:41:19:553 DEBUG com.sinosoft.test.base.TestBase:80 - Found Element By : By.name: AppliGuRelatedPartyInsuredCode
2020/07/14 10:41:19:553  INFO com.sinosoft.test.base.TestBase:388 - setEditboxTValue:[[InternetExplorerDriver: internet explorer on WINDOWS (73839bef-5bdf-4684-926a-af9b858f3e7e)] -> name: AppliGuRelatedPartyInsuredCode]->G6200019603
2020/07/14 10:41:19:554 DEBUG com.sinosoft.test.base.TestBase:76 - Trying to find Element By : By.name: AppliGuRelatedPartyInsuredCode
2020/07/14 10:41:19:615 DEBUG com.sinosoft.test.base.TestBase:80 - Found Element By : By.name: AppliGuRelatedPartyInsuredCode
2020/07/14 10:41:19:910 DEBUG com.sinosoft.test.base.TestBase:76 - Trying to find Element By : By.name: AppliGuRelatedPartyInsuredCode
2020/07/14 10:41:20:014 DEBUG com.sinosoft.test.base.TestBase:80 - Found Element By : By.name: AppliGuRelatedPartyInsuredCode
2020/07/14 10:41:25:467 DEBUG com.sinosoft.test.base.TestBase:76 - Trying to find Element By : By.name: buttonSaveCustomer
2020/07/14 10:41:25:607 DEBUG com.sinosoft.test.base.TestBase:80 - Found Element By : By.name: buttonSaveCustomer
2020/07/14 10:41:25:608 DEBUG com.sinosoft.test.base.TestBase:42 - Trying to click on: [[InternetExplorerDriver: internet explorer on WINDOWS (73839bef-5bdf-4684-926a-af9b858f3e7e)] -> name: buttonSaveCustomer]
2020/07/14 10:41:26:969 DEBUG com.sinosoft.test.base.TestBase:46 - Clicked on: [[InternetExplorerDriver: internet explorer on WINDOWS (73839bef-5bdf-4684-926a-af9b858f3e7e)] -> name: buttonSaveCustomer]
2020/07/14 10:41:27:177  INFO com.sinosoft.test.base.TestBase:519 - 在保存客户时捕获了一个弹窗：客户已经保存，或不需要保存.
2020/07/14 10:41:27:388 DEBUG com.sinosoft.test.base.TestBase:218 - Alert的标题是：客户已经保存，或不需要保存.
2020/07/14 10:41:28:210 DEBUG com.sinosoft.test.base.TestBase:76 - Trying to find Element By : By.name: AppliGuRelatedPartyInsuredCode
2020/07/14 10:41:28:279 DEBUG com.sinosoft.test.base.TestBase:80 - Found Element By : By.name: AppliGuRelatedPartyInsuredCode
2020/07/14 10:41:28:373 DEBUG com.sinosoft.test.base.TestBase:76 - Trying to find Element By : By.id: saveButton
2020/07/14 10:41:28:457 DEBUG com.sinosoft.test.base.TestBase:80 - Found Element By : By.id: saveButton
2020/07/14 10:41:28:458 DEBUG com.sinosoft.test.base.TestBase:42 - Trying to click on: [[InternetExplorerDriver: internet explorer on WINDOWS (73839bef-5bdf-4684-926a-af9b858f3e7e)] -> id: saveButton]
2020/07/14 10:41:29:961 DEBUG com.sinosoft.test.base.TestBase:46 - Clicked on: [[InternetExplorerDriver: internet explorer on WINDOWS (73839bef-5bdf-4684-926a-af9b858f3e7e)] -> id: saveButton]
2020/07/14 10:41:29:963 DEBUG com.sinosoft.test.base.TestBase:88 - 截屏文件名字是：FCCB_TB_JCX_1保存基本信息
2020/07/14 10:41:30:111 DEBUG com.sinosoft.test.base.TestBase:69 - 初始化class com.sinosoft.test.fccp.tbcl.RiskDetail_TypePage
2020/07/14 10:41:34:936  INFO com.sinosoft.test.base.TestBase:125 - 执行测试用例发生了异常，开始截屏
org.openqa.selenium.NoSuchFrameException: No frame element found by name or id myFrame
Build info: version: '3.9.0', revision: '698b3178f0', time: '2018-02-05T14:26:55.441Z'
System info: host: 'DESKTOP-I9S3ABE', ip: '100.100.96.220', os.name: 'Windows 10', os.arch: 'amd64', os.version: '10.0', java.version: '1.8.0_101'
Driver info: driver.version: unknown
	at org.openqa.selenium.remote.RemoteWebDriver$RemoteTargetLocator.frame(RemoteWebDriver.java:940)
	at org.openqa.selenium.support.events.EventFiringWebDriver$EventFiringTargetLocator.frame(EventFiringWebDriver.java:631)
	at com.sinosoft.test.fccp.tbcl.RiskDetailPage.goToWorkArea(RiskDetailPage.java:43)
	at com.sinosoft.test.fccp.tbcl.RiskDetail_TypePage.<init>(RiskDetail_TypePage.java:104)
	at com.sinosoft.test.fccp.tbcl.BasicInfoPage.saveBasicInfoAction(BasicInfoPage.java:533)
	at com.sinosoft.testcases.fccb.TBGLTestCase.FCCB_TBCL(TBGLTestCase.java:96)
	at sun.reflect.NativeMethodAccessorImpl.invoke0(Native Method)
	at sun.reflect.NativeMethodAccessorImpl.invoke(NativeMethodAccessorImpl.java:62)
	at sun.reflect.DelegatingMethodAccessorImpl.invoke(DelegatingMethodAccessorImpl.java:43)
	at java.lang.reflect.Method.invoke(Method.java:498)
	at org.testng.internal.MethodInvocationHelper.invokeMethod(MethodInvocationHelper.java:108)
	at org.testng.internal.Invoker.invokeMethod(Invoker.java:661)
	at org.testng.internal.Invoker.invokeTestMethod(Invoker.java:869)
	at org.testng.internal.Invoker.invokeTestMethods(Invoker.java:1193)
	at org.testng.internal.TestMethodWorker.invokeTestMethods(TestMethodWorker.java:126)
	at org.testng.internal.TestMethodWorker.run(TestMethodWorker.java:109)
	at org.testng.TestRunner.privateRun(TestRunner.java:744)
	at org.testng.TestRunner.run(TestRunner.java:602)
	at org.testng.SuiteRunner.runTest(SuiteRunner.java:380)
	at org.testng.SuiteRunner.runSequentially(SuiteRunner.java:375)
	at org.testng.SuiteRunner.privateRun(SuiteRunner.java:340)
	at org.testng.SuiteRunner.run(SuiteRunner.java:289)
	at org.testng.SuiteRunnerWorker.runSuite(SuiteRunnerWorker.java:52)
	at org.testng.SuiteRunnerWorker.run(SuiteRunnerWorker.java:86)
	at org.testng.TestNG.runSuitesSequentially(TestNG.java:1301)
	at org.testng.TestNG.runSuitesLocally(TestNG.java:1226)
	at org.testng.TestNG.runSuites(TestNG.java:1144)
	at org.testng.TestNG.run(TestNG.java:1115)
	at org.apache.maven.surefire.testng.TestNGExecutor.run(TestNGExecutor.java:283)
	at org.apache.maven.surefire.testng.TestNGXmlTestSuite.execute(TestNGXmlTestSuite.java:75)
	at org.apache.maven.surefire.testng.TestNGProvider.invoke(TestNGProvider.java:120)
	at org.apache.maven.surefire.booter.ForkedBooter.invokeProviderInSameClassLoader(ForkedBooter.java:384)
	at org.apache.maven.surefire.booter.ForkedBooter.runSuitesInProcess(ForkedBooter.java:345)
	at org.apache.maven.surefire.booter.ForkedBooter.execute(ForkedBooter.java:126)
	at org.apache.maven.surefire.booter.ForkedBooter.main(ForkedBooter.java:418)
2020/07/14 10:41:34:940 DEBUG com.sinosoft.test.base.TestBase:88 - 截屏文件名字是：FCCB_TB_JCX_1_异常截屏
2020/07/14 10:41:35:014  INFO com.sinosoft.test.base.TestBase:129 - 执行测试用例发生了异常，截屏结束！
2020/07/14 10:41:35:015  INFO com.sinosoft.test.base.TestBase:132 - 进入Finally事件:RowID:2
2020/07/14 10:41:35:016  INFO com.sinosoft.test.base.TestBase:133 - 进入Finally事件:testCaseName:FCCB_TBCL
2020/07/14 10:41:35:017  INFO com.sinosoft.test.base.TestBase:134 - 进入Finally事件:proposalNumber:06201890101202000000000224
2020/07/14 10:41:35:018  INFO com.sinosoft.test.base.TestBase:135 - 进入Finally事件:message:未知异常No frame element found by name or id myFrame
Build info: version: '3.9.0', revision: '698b3178f0', time: '2018-02-05T14:26:55.441Z'
System info: host: 'DESKTOP-I9S3ABE', ip: '100.100.96.220', os.name: 'Windows 10', os.arch: 'amd64', os.version: '10.0', java.version: '1.8.0_101'
Driver info: driver.version: unknown
2020/07/14 10:41:35:018  INFO com.sinosoft.test.base.TestBase:136 - 进入Finally事件:screenshot:C:\Users\liu-b\git\PageObjectModel\screenshots\FCCB_TB_JCX_1_异常截屏_20200714104135012.png
2020/07/14 10:41:35:152  INFO com.sinosoft.test.base.TestBase:91 - start InternetExplorerDriver
2020/07/14 10:41:36:921 DEBUG com.sinosoft.test.base.TestBase:69 - 初始化class com.sinosoft.test.util.WebEventListener
2020/07/14 10:41:36:942  INFO com.sinosoft.test.base.TestBase:80 - 开始运行测试脚本，获取到的测试数据《getTBCLTestData》如下:
2020/07/14 10:41:36:942  INFO com.sinosoft.test.base.TestBase:81 - ROW_ID=3
ProcessFlag=N
TestCaseName=FCCB_TB_JCX
TestCaseSeq=2
TestDescription=非车承保企财险-工程机械设备保险-出单
riskClass=01
riskCode=0122
renewalInd=0
renewalPolicy=
prePay=
carrayOver=
carrayOverPolicy=
relatedInd=
relatedPolicy=
fbbs=
ywgs=01620189
qdlx=04
gdbs=0
xstd=T6209880101
ywy=S000000029
ywly=01010101
dljg=
xsxy=
cxywbs=HXXT
cdjg=
htzyjjfs=
jnwbz=
jw_country=
jw_Addr=
snbz=
sftkbd=0
sfdzbd=0
sfxb=0
fxqkyjytz=
sfydyw=
sfsn=
xbbdh=
tbr_lx=2
tbr_mc=
tbr_vip=
tbr_dm=G6200019984
tbr_zjlx=
tbr_zjhm=
tbr_sj=
tbr_csrq=
tbr_lxdz=
tbr_dwdh=010-67549095-455
lxr_xm=
lxr_xb=
lxr_zw=
lxr_sj=
lxr_yx=
xzsyfw=1
tqmc=
qbrq=
zbrq=
lgbbz=0
yyzdbz=
sfgxdm=1
cbdq=0001
zzfwlx=2
hydl=03
hyxl=03006
jqbm=121121123123
bbdm=CNY
sf=130000
cs=130300
qx=130302
yb=065201
jzdj=
bxcs=
bdw_jd=
bdw_yyxz=
bdw_sfhyf=
bdw_fxlx=
bdw_sbmc=大型联合收割机
bdw_cjh=V1239876895
bdw_fdjh=E00239988
bdw_cjdjrq=20150101
bdw_cllx=车辆类型
bdw_cpcx=厂牌车型
bdw_sccj=东方红
bdw_gzjz=2000000
bdw_sgzyqy=华北地区
bdw_zylx=
bdw=010081
bdwmx=
xbdm=0122001
jrbe=1
jzfs=10
bxje=2000000
bffl=3
dqflbz=2
ysbf=600
yyzd_zdpcg=
yyzd_sndmlrze=
yyzd_sndyye=
yyzd_bdw=
yyzd_bdwmx=
yyzd_xbdm=
yyzd_jrbe=
yyzd_jzfs=
yyzd_bxje=
yyzd_bffl=
yyzd_dqflbz=
yyzd_ysbf=
fsh=5
xsfdj=A
xsfxs=2
jgx_sf=
jgx_cs=
jgx_qx=
jgx_gcdd=
jgx_bb=
jgx_gcmc=
jgx_gclx_1=
jgx_gclx_2=
jgx_gclx_3=
jgx_gclx_4=
jgx_gclx_5=
jgx_gclx_6=
jgx_yzssjt=
jgx_yz=
jgx_cbs_ssjt=
jgx_cbs=
jgx_gchth=
jgx_gcjz=
jgx_gcqsrq=
jgx_gczzrq=
jgx_gcfw=
jgx_scqqsrq=
jgx_scqzzrq=
jgx_bzqqsrq=
jgx_bzqzzrq=
jgx_ws_xmlbdm=
jgx_ws_jrbe=
jgx_ws_bxje=
jgx_ws_fl=
jgx_ws_dqflbz=
jgx_ws_ysbf=
jgx_sz_xbdm=
jgx_sz_jrbe=
jgx_sz_ljpcxe=
jgx_sz_fv=
jgx_sz_dqflbz=
jgx_sz_ysbf=
proposalNumber=06201890122202000000000005
message=未知异常Currently focused window has been closed.
Build info: version: '3.9.0', revision: '698b3178f0', time: '2018-02-05T14:26:55.441Z'
System info: host: 'DESKTOP-I9S3ABE', ip: '100.100.96.220', os.name: 'Windows 10', os.arch: 'amd64', os.version: '10.0', java.version: '1.8.0_101'
Driver info: org.openqa.selenium.ie.InternetExplorerDriver
Capabilities {acceptInsecureCerts: false, browserName: internet explorer, browserVersion: 11, javascriptEnabled: true, pageLoadStrategy: normal, platform: WINDOWS, platformName: WINDOWS, proxy: Proxy(), se:ieOptions: {browserAttachTimeout: 0, elementScrollBehavior: 0, enablePersistentHover: true, ie.browserCommandLineSwitches: , ie.ensureCleanSession: false, ie.fileUploadDialogTimeout: 3000, ie.forceCreateProcessApi: false, ignoreProtectedModeSettings: true, ignoreZoomSetting: false, initialBrowserUrl: http://localhost:48130/, nativeEvents: true, requireWindowFocus: false}, setWindowRect: true, timeouts: {implicit: 0, pageLoad: 300000, script: 30000}, unhandledPromptBehavior: ignore}
Session ID: 7a56cff7-bff3-4e73-9241-177c580d1162
*** Element info: {Using=name, value=fieldValue}
screenshot=
testCaseName=FCCB_TBCL

2020/07/14 10:41:36:943  INFO com.sinosoft.test.base.TestBase:132 - 进入Finally事件:RowID:3
2020/07/14 10:41:36:944  INFO com.sinosoft.test.base.TestBase:133 - 进入Finally事件:testCaseName:FCCB_TBCL
2020/07/14 10:41:36:944  INFO com.sinosoft.test.base.TestBase:134 - 进入Finally事件:proposalNumber:06201890122202000000000005
2020/07/14 10:41:36:945  INFO com.sinosoft.test.base.TestBase:135 - 进入Finally事件:message:未知异常Currently focused window has been closed.
Build info: version: '3.9.0', revision: '698b3178f0', time: '2018-02-05T14:26:55.441Z'
System info: host: 'DESKTOP-I9S3ABE', ip: '100.100.96.220', os.name: 'Windows 10', os.arch: 'amd64', os.version: '10.0', java.version: '1.8.0_101'
Driver info: org.openqa.selenium.ie.InternetExplorerDriver
Capabilities {acceptInsecureCerts: false, browserName: internet explorer, browserVersion: 11, javascriptEnabled: true, pageLoadStrategy: normal, platform: WINDOWS, platformName: WINDOWS, proxy: Proxy(), se:ieOptions: {browserAttachTimeout: 0, elementScrollBehavior: 0, enablePersistentHover: true, ie.browserCommandLineSwitches: , ie.ensureCleanSession: false, ie.fileUploadDialogTimeout: 3000, ie.forceCreateProcessApi: false, ignoreProtectedModeSettings: true, ignoreZoomSetting: false, initialBrowserUrl: http://localhost:48130/, nativeEvents: true, requireWindowFocus: false}, setWindowRect: true, timeouts: {implicit: 0, pageLoad: 300000, script: 30000}, unhandledPromptBehavior: ignore}
Session ID: 7a56cff7-bff3-4e73-9241-177c580d1162
*** Element info: {Using=name, value=fieldValue}
2020/07/14 10:41:36:946  INFO com.sinosoft.test.base.TestBase:136 - 进入Finally事件:screenshot:
2020/07/14 10:41:37:064  INFO com.sinosoft.test.base.TestBase:91 - start InternetExplorerDriver
2020/07/14 10:41:38:829 DEBUG com.sinosoft.test.base.TestBase:69 - 初始化class com.sinosoft.test.util.WebEventListener
2020/07/14 10:41:38:844  INFO com.sinosoft.test.base.TestBase:80 - 开始运行测试脚本，获取到的测试数据《getTBCLTestData》如下:
2020/07/14 10:41:38:844  INFO com.sinosoft.test.base.TestBase:81 - ROW_ID=4
ProcessFlag=N
TestCaseName=FCCB_TB_GCX
TestCaseSeq=1
TestDescription=非车承保企财险-建工一切险-出单
riskClass=07
riskCode=0701
renewalInd=0
renewalPolicy=
prePay=
carrayOver=
carrayOverPolicy=
relatedInd=
relatedPolicy=
fbbs=
ywgs=01620190
qdlx=01
gdbs=6
xstd=T6201900101
ywy=S000000006
ywly=01010101
dljg=
xsxy=
cxywbs=YDW
cdjg=01
htzyjjfs=2
jnwbz=
jw_country=
jw_Addr=
snbz=
sftkbd=0
sfdzbd=0
sfxb=0
fxqkyjytz=
sfydyw=
sfsn=
xbbdh=
tbr_lx=1
tbr_mc=
tbr_vip=
tbr_dm=I11101757160
tbr_zjlx=
tbr_zjhm=
tbr_sj=
tbr_csrq=
tbr_lxdz=
tbr_dwdh=
lxr_xm=
lxr_xb=
lxr_zw=
lxr_sj=
lxr_yx=
xzsyfw=1
tqmc=
qbrq=
zbrq=
lgbbz=0
yyzdbz=
sfgxdm=1
cbdq=0001
zzfwlx=0
hydl=
hyxl=
jqbm=
bbdm=
sf=
cs=
qx=
yb=
jzdj=
bxcs=
bdw_jd=
bdw_yyxz=
bdw_sfhyf=
bdw_fxlx=
bdw_sbmc=
bdw_cjh=
bdw_fdjh=
bdw_cjdjrq=
bdw_cllx=
bdw_cpcx=
bdw_sccj=
bdw_gzjz=
bdw_sgzyqy=
bdw_zylx=
bdw=
bdwmx=
xbdm=
jrbe=
jzfs=
bxje=
bffl=
dqflbz=
ysbf=
yyzd_zdpcg=
yyzd_sndmlrze=
yyzd_sndyye=
yyzd_bdw=
yyzd_bdwmx=
yyzd_xbdm=
yyzd_jrbe=
yyzd_jzfs=
yyzd_bxje=
yyzd_bffl=
yyzd_dqflbz=
yyzd_ysbf=
fsh=5
xsfdj=A
xsfxs=2
jgx_sf=620000
jgx_cs=620100
jgx_qx=620102
jgx_gcdd=市政府家属院
jgx_bb=CNY
jgx_gcmc=市政府家属院污水改造工程
jgx_gclx_1=001
jgx_gclx_2=002
jgx_gclx_3=005
jgx_gclx_4=
jgx_gclx_5=006
jgx_gclx_6=007
jgx_yzssjt=0020
jgx_yz=00200001
jgx_cbs_ssjt=9999
jgx_cbs=99990018
jgx_gchth=JGX00020002001
jgx_gcjz=20000000
jgx_gcqsrq=20200301
jgx_gczzrq=20201231
jgx_gcfw=商业体开发及装修
jgx_scqqsrq=20200301
jgx_scqzzrq=20200331
jgx_bzqqsrq=20210101
jgx_bzqzzrq=20211231
jgx_ws_xmlbdm=070001
jgx_ws_jrbe=1
jgx_ws_bxje=20000000
jgx_ws_fl=4
jgx_ws_dqflbz=4
jgx_ws_ysbf=8000
jgx_sz_xbdm=0701034
jgx_sz_jrbe=1
jgx_sz_ljpcxe=10,000,000.00
jgx_sz_fv=2
jgx_sz_dqflbz=4
jgx_sz_ysbf=2000
proposalNumber=06201900701202000000000091
message=
screenshot=
testCaseName=FCCB_TBCL

2020/07/14 10:41:38:845  INFO com.sinosoft.test.base.TestBase:132 - 进入Finally事件:RowID:4
2020/07/14 10:41:38:846  INFO com.sinosoft.test.base.TestBase:133 - 进入Finally事件:testCaseName:FCCB_TBCL
2020/07/14 10:41:38:846  INFO com.sinosoft.test.base.TestBase:134 - 进入Finally事件:proposalNumber:06201900701202000000000091
2020/07/14 10:41:38:847  INFO com.sinosoft.test.base.TestBase:135 - 进入Finally事件:message:
2020/07/14 10:41:38:847  INFO com.sinosoft.test.base.TestBase:136 - 进入Finally事件:screenshot:
2020/07/14 10:41:38:968  INFO com.sinosoft.test.base.TestBase:91 - start InternetExplorerDriver
2020/07/14 10:41:40:893 DEBUG com.sinosoft.test.base.TestBase:69 - 初始化class com.sinosoft.test.util.WebEventListener
2020/07/14 10:41:40:909  INFO com.sinosoft.test.base.TestBase:80 - 开始运行测试脚本，获取到的测试数据《getTBCLTestData》如下:
2020/07/14 10:41:40:910  INFO com.sinosoft.test.base.TestBase:81 - ROW_ID=5
ProcessFlag=N
TestCaseName=FCCB_TB_JCX
TestCaseSeq=2
TestDescription=非车承保企财险-机器损坏保险-出单
riskClass=01
riskCode=0107
renewalInd=0
renewalPolicy=
prePay=
carrayOver=
carrayOverPolicy=
relatedInd=
relatedPolicy=
fbbs=
ywgs=01620189
qdlx=04
gdbs=0
xstd=T6209880101
ywy=S000000029
ywly=01010101
dljg=
xsxy=
cxywbs=HXXT
cdjg=
htzyjjfs=
jnwbz=
jw_country=
jw_Addr=
snbz=
sftkbd=0
sfdzbd=0
sfxb=0
fxqkyjytz=
sfydyw=
sfsn=
xbbdh=
tbr_lx=2
tbr_mc=
tbr_vip=
tbr_dm=G6200019984
tbr_zjlx=
tbr_zjhm=
tbr_sj=
tbr_csrq=
tbr_lxdz=
tbr_dwdh=010-67549095-455
lxr_xm=
lxr_xb=
lxr_zw=
lxr_sj=
lxr_yx=
xzsyfw=1
tqmc=
qbrq=
zbrq=
lgbbz=0
yyzdbz=0
sfgxdm=1
cbdq=
zzfwlx=2
hydl=03
hyxl=03006
jqbm=121121123123
bbdm=CNY
sf=130000
cs=130300
qx=130302
yb=065201
jzdj=01
bxcs=北戴河公园
bdw_jd=西城区月坛街道
bdw_yyxz=01
bdw_sfhyf=0
bdw_fxlx=03
bdw_sbmc=
bdw_cjh=
bdw_fdjh=
bdw_cjdjrq=
bdw_cllx=
bdw_cpcx=
bdw_sccj=
bdw_gzjz=
bdw_sgzyqy=
bdw_zylx=
bdw=010007
bdwmx=
xbdm=0107001
jrbe=1
jzfs=09
bxje=2000000
bffl=0.5
dqflbz=2
ysbf=8000
yyzd_zdpcg=
yyzd_sndmlrze=
yyzd_sndyye=
yyzd_bdw=
yyzd_bdwmx=
yyzd_xbdm=
yyzd_jrbe=
yyzd_jzfs=
yyzd_bxje=
yyzd_bffl=
yyzd_dqflbz=
yyzd_ysbf=
fsh=5
xsfdj=A
xsfxs=2
jgx_sf=
jgx_cs=
jgx_qx=
jgx_gcdd=
jgx_bb=
jgx_gcmc=
jgx_gclx_1=
jgx_gclx_2=
jgx_gclx_3=
jgx_gclx_4=
jgx_gclx_5=
jgx_gclx_6=
jgx_yzssjt=
jgx_yz=
jgx_cbs_ssjt=
jgx_cbs=
jgx_gchth=
jgx_gcjz=
jgx_gcqsrq=
jgx_gczzrq=
jgx_gcfw=
jgx_scqqsrq=
jgx_scqzzrq=
jgx_bzqqsrq=
jgx_bzqzzrq=
jgx_ws_xmlbdm=
jgx_ws_jrbe=
jgx_ws_bxje=
jgx_ws_fl=
jgx_ws_dqflbz=
jgx_ws_ysbf=
jgx_sz_xbdm=
jgx_sz_jrbe=
jgx_sz_ljpcxe=
jgx_sz_fv=
jgx_sz_dqflbz=
jgx_sz_ysbf=
proposalNumber=06201890107202000000000005
message=未知异常Currently focused window has been closed.
Build info: version: '3.9.0', revision: '698b3178f0', time: '2018-02-05T14:26:55.441Z'
System info: host: 'DESKTOP-I9S3ABE', ip: '100.100.93.42', os.name: 'Windows 10', os.arch: 'amd64', os.version: '10.0', java.version: '1.8.0_101'
Driver info: org.openqa.selenium.ie.InternetExplorerDriver
Capabilities {acceptInsecureCerts: false, browserName: internet explorer, browserVersion: 11, javascriptEnabled: true, pageLoadStrategy: normal, platform: WINDOWS, platformName: WINDOWS, proxy: Proxy(), se:ieOptions: {browserAttachTimeout: 0, elementScrollBehavior: 0, enablePersistentHover: true, ie.browserCommandLineSwitches: , ie.ensureCleanSession: false, ie.fileUploadDialogTimeout: 3000, ie.forceCreateProcessApi: false, ignoreProtectedModeSettings: true, ignoreZoomSetting: false, initialBrowserUrl: http://localhost:15976/, nativeEvents: true, requireWindowFocus: false}, setWindowRect: true, timeouts: {implicit: 0, pageLoad: 300000, script: 30000}, unhandledPromptBehavior: ignore}
Session ID: a4ddda5b-3c22-4027-b7dd-dd77604460c0
*** Element info: {Using=name, value=codeselect}
screenshot=
testCaseName=FCCB_TBCL

2020/07/14 10:41:40:911  INFO com.sinosoft.test.base.TestBase:132 - 进入Finally事件:RowID:5
2020/07/14 10:41:40:912  INFO com.sinosoft.test.base.TestBase:133 - 进入Finally事件:testCaseName:FCCB_TBCL
2020/07/14 10:41:40:913  INFO com.sinosoft.test.base.TestBase:134 - 进入Finally事件:proposalNumber:06201890107202000000000005
2020/07/14 10:41:40:913  INFO com.sinosoft.test.base.TestBase:135 - 进入Finally事件:message:未知异常Currently focused window has been closed.
Build info: version: '3.9.0', revision: '698b3178f0', time: '2018-02-05T14:26:55.441Z'
System info: host: 'DESKTOP-I9S3ABE', ip: '100.100.93.42', os.name: 'Windows 10', os.arch: 'amd64', os.version: '10.0', java.version: '1.8.0_101'
Driver info: org.openqa.selenium.ie.InternetExplorerDriver
Capabilities {acceptInsecureCerts: false, browserName: internet explorer, browserVersion: 11, javascriptEnabled: true, pageLoadStrategy: normal, platform: WINDOWS, platformName: WINDOWS, proxy: Proxy(), se:ieOptions: {browserAttachTimeout: 0, elementScrollBehavior: 0, enablePersistentHover: true, ie.browserCommandLineSwitches: , ie.ensureCleanSession: false, ie.fileUploadDialogTimeout: 3000, ie.forceCreateProcessApi: false, ignoreProtectedModeSettings: true, ignoreZoomSetting: false, initialBrowserUrl: http://localhost:15976/, nativeEvents: true, requireWindowFocus: false}, setWindowRect: true, timeouts: {implicit: 0, pageLoad: 300000, script: 30000}, unhandledPromptBehavior: ignore}
Session ID: a4ddda5b-3c22-4027-b7dd-dd77604460c0
*** Element info: {Using=name, value=codeselect}
2020/07/14 10:41:40:914  INFO com.sinosoft.test.base.TestBase:136 - 进入Finally事件:screenshot:
2020/07/14 10:41:41:251 DEBUG freemarker.cache:45 - Couldn't find template in cache for "index.ftl"("en", UTF-8, parsed); will try to load it.
2020/07/14 10:41:41:254 DEBUG freemarker.cache:45 - TemplateLoader.findTemplateSource("index_en.ftl"): Not found
2020/07/14 10:41:41:257 DEBUG freemarker.cache:45 - TemplateLoader.findTemplateSource("index.ftl"): Found
2020/07/14 10:41:41:258 DEBUG freemarker.cache:45 - Loading template for "index.ftl"("en", UTF-8, parsed) from "jar:file:/C:/Users/liu-b/.m2/repository/com/aventstack/extentreports/3.1.3/extentreports-3.1.3.jar!/com/aventstack/extentreports/view/html-report/index.ftl"
2020/07/14 10:41:41:452 DEBUG freemarker.cache:45 - Couldn't find template in cache for "head.ftl"("en", UTF-8, parsed); will try to load it.
2020/07/14 10:41:41:453 DEBUG freemarker.cache:45 - TemplateLoader.findTemplateSource("head_en.ftl"): Not found
2020/07/14 10:41:41:454 DEBUG freemarker.cache:45 - TemplateLoader.findTemplateSource("head.ftl"): Found
2020/07/14 10:41:41:454 DEBUG freemarker.cache:45 - Loading template for "head.ftl"("en", UTF-8, parsed) from "jar:file:/C:/Users/liu-b/.m2/repository/com/aventstack/extentreports/3.1.3/extentreports-3.1.3.jar!/com/aventstack/extentreports/view/html-report/head.ftl"
2020/07/14 10:41:41:458 DEBUG freemarker.cache:45 - Couldn't find template in cache for "nav.ftl"("en", UTF-8, parsed); will try to load it.
2020/07/14 10:41:41:459 DEBUG freemarker.cache:45 - TemplateLoader.findTemplateSource("nav_en.ftl"): Not found
2020/07/14 10:41:41:460 DEBUG freemarker.cache:45 - TemplateLoader.findTemplateSource("nav.ftl"): Found
2020/07/14 10:41:41:460 DEBUG freemarker.cache:45 - Loading template for "nav.ftl"("en", UTF-8, parsed) from "jar:file:/C:/Users/liu-b/.m2/repository/com/aventstack/extentreports/3.1.3/extentreports-3.1.3.jar!/com/aventstack/extentreports/view/html-report/nav.ftl"
2020/07/14 10:41:41:470 DEBUG freemarker.cache:45 - Couldn't find template in cache for "test-view/test-view.ftl"("en", UTF-8, parsed); will try to load it.
2020/07/14 10:41:41:471 DEBUG freemarker.cache:45 - TemplateLoader.findTemplateSource("test-view/test-view_en.ftl"): Not found
2020/07/14 10:41:41:472 DEBUG freemarker.cache:45 - TemplateLoader.findTemplateSource("test-view/test-view.ftl"): Found
2020/07/14 10:41:41:472 DEBUG freemarker.cache:45 - Loading template for "test-view/test-view.ftl"("en", UTF-8, parsed) from "jar:file:/C:/Users/liu-b/.m2/repository/com/aventstack/extentreports/3.1.3/extentreports-3.1.3.jar!/com/aventstack/extentreports/view/html-report/test-view/test-view.ftl"
2020/07/14 10:41:41:480 DEBUG freemarker.cache:45 - Couldn't find template in cache for "test-view/test-view-charts.ftl"("en", UTF-8, parsed); will try to load it.
2020/07/14 10:41:41:481 DEBUG freemarker.cache:45 - TemplateLoader.findTemplateSource("test-view/test-view-charts_en.ftl"): Not found
2020/07/14 10:41:41:482 DEBUG freemarker.cache:45 - TemplateLoader.findTemplateSource("test-view/test-view-charts.ftl"): Found
2020/07/14 10:41:41:482 DEBUG freemarker.cache:45 - Loading template for "test-view/test-view-charts.ftl"("en", UTF-8, parsed) from "jar:file:/C:/Users/liu-b/.m2/repository/com/aventstack/extentreports/3.1.3/extentreports-3.1.3.jar!/com/aventstack/extentreports/view/html-report/test-view/test-view-charts.ftl"
2020/07/14 10:41:41:493 DEBUG freemarker.cache:45 - Couldn't find template in cache for "test-view/standard.ftl"("en", UTF-8, parsed); will try to load it.
2020/07/14 10:41:41:494 DEBUG freemarker.cache:45 - TemplateLoader.findTemplateSource("test-view/standard_en.ftl"): Not found
2020/07/14 10:41:41:495 DEBUG freemarker.cache:45 - TemplateLoader.findTemplateSource("test-view/standard.ftl"): Found
2020/07/14 10:41:41:495 DEBUG freemarker.cache:45 - Loading template for "test-view/standard.ftl"("en", UTF-8, parsed) from "jar:file:/C:/Users/liu-b/.m2/repository/com/aventstack/extentreports/3.1.3/extentreports-3.1.3.jar!/com/aventstack/extentreports/view/html-report/test-view/standard.ftl"
2020/07/14 10:41:41:510 DEBUG freemarker.cache:45 - "test-view/standard.ftl"("en", UTF-8, parsed) cached copy not yet stale; using cached.
2020/07/14 10:41:41:511 DEBUG freemarker.cache:45 - "test-view/standard.ftl"("en", UTF-8, parsed) cached copy not yet stale; using cached.
2020/07/14 10:41:41:512 DEBUG freemarker.cache:45 - "test-view/standard.ftl"("en", UTF-8, parsed) cached copy not yet stale; using cached.
2020/07/14 10:41:41:514 DEBUG freemarker.cache:45 - Couldn't find template in cache for "category-view/category-view.ftl"("en", UTF-8, parsed); will try to load it.
2020/07/14 10:41:41:515 DEBUG freemarker.cache:45 - TemplateLoader.findTemplateSource("category-view/category-view_en.ftl"): Not found
2020/07/14 10:41:41:516 DEBUG freemarker.cache:45 - TemplateLoader.findTemplateSource("category-view/category-view.ftl"): Found
2020/07/14 10:41:41:516 DEBUG freemarker.cache:45 - Loading template for "category-view/category-view.ftl"("en", UTF-8, parsed) from "jar:file:/C:/Users/liu-b/.m2/repository/com/aventstack/extentreports/3.1.3/extentreports-3.1.3.jar!/com/aventstack/extentreports/view/html-report/category-view/category-view.ftl"
2020/07/14 10:41:41:520 DEBUG freemarker.cache:45 - Couldn't find template in cache for "author-view/author-view.ftl"("en", UTF-8, parsed); will try to load it.
2020/07/14 10:41:41:521 DEBUG freemarker.cache:45 - TemplateLoader.findTemplateSource("author-view/author-view_en.ftl"): Not found
2020/07/14 10:41:41:522 DEBUG freemarker.cache:45 - TemplateLoader.findTemplateSource("author-view/author-view.ftl"): Found
2020/07/14 10:41:41:522 DEBUG freemarker.cache:45 - Loading template for "author-view/author-view.ftl"("en", UTF-8, parsed) from "jar:file:/C:/Users/liu-b/.m2/repository/com/aventstack/extentreports/3.1.3/extentreports-3.1.3.jar!/com/aventstack/extentreports/view/html-report/author-view/author-view.ftl"
2020/07/14 10:41:41:526 DEBUG freemarker.cache:45 - Couldn't find template in cache for "exception-view/exception-view.ftl"("en", UTF-8, parsed); will try to load it.
2020/07/14 10:41:41:527 DEBUG freemarker.cache:45 - TemplateLoader.findTemplateSource("exception-view/exception-view_en.ftl"): Not found
2020/07/14 10:41:41:528 DEBUG freemarker.cache:45 - TemplateLoader.findTemplateSource("exception-view/exception-view.ftl"): Found
2020/07/14 10:41:41:529 DEBUG freemarker.cache:45 - Loading template for "exception-view/exception-view.ftl"("en", UTF-8, parsed) from "jar:file:/C:/Users/liu-b/.m2/repository/com/aventstack/extentreports/3.1.3/extentreports-3.1.3.jar!/com/aventstack/extentreports/view/html-report/exception-view/exception-view.ftl"
2020/07/14 10:41:41:537 DEBUG freemarker.cache:45 - Couldn't find template in cache for "dashboard-view/dashboard-view.ftl"("en", UTF-8, parsed); will try to load it.
2020/07/14 10:41:41:538 DEBUG freemarker.cache:45 - TemplateLoader.findTemplateSource("dashboard-view/dashboard-view_en.ftl"): Not found
2020/07/14 10:41:41:539 DEBUG freemarker.cache:45 - TemplateLoader.findTemplateSource("dashboard-view/dashboard-view.ftl"): Found
2020/07/14 10:41:41:540 DEBUG freemarker.cache:45 - Loading template for "dashboard-view/dashboard-view.ftl"("en", UTF-8, parsed) from "jar:file:/C:/Users/liu-b/.m2/repository/com/aventstack/extentreports/3.1.3/extentreports-3.1.3.jar!/com/aventstack/extentreports/view/html-report/dashboard-view/dashboard-view.ftl"
2020/07/14 10:41:41:547 DEBUG freemarker.cache:45 - Couldn't find template in cache for "logs-view/testrunner-logs-view.ftl"("en", UTF-8, parsed); will try to load it.
2020/07/14 10:41:41:548 DEBUG freemarker.cache:45 - TemplateLoader.findTemplateSource("logs-view/testrunner-logs-view_en.ftl"): Not found
2020/07/14 10:41:41:550 DEBUG freemarker.cache:45 - TemplateLoader.findTemplateSource("logs-view/testrunner-logs-view.ftl"): Found
2020/07/14 10:41:41:551 DEBUG freemarker.cache:45 - Loading template for "logs-view/testrunner-logs-view.ftl"("en", UTF-8, parsed) from "jar:file:/C:/Users/liu-b/.m2/repository/com/aventstack/extentreports/3.1.3/extentreports-3.1.3.jar!/com/aventstack/extentreports/view/html-report/logs-view/testrunner-logs-view.ftl"
2020/07/14 10:52:09:242  INFO com.sinosoft.test.base.TestBase:59 - 配置文件路径：config.properties
2020/07/14 10:52:09:245 DEBUG com.sinosoft.test.base.TestBase:69 - 初始化class com.sinosoft.testcases.fccb.TBGLTestCase
2020/07/14 10:52:09:298 DEBUG com.sinosoft.test.base.TestBase:69 - 初始化class com.sinosoft.test.util.ExcelDataProvider
2020/07/14 10:52:10:050  INFO com.sinosoft.test.base.TestBase:80 - 当前文件里面一共有数据：4
2020/07/14 10:52:10:090  INFO com.sinosoft.test.base.TestBase:91 - start InternetExplorerDriver
2020/07/14 10:52:12:300 DEBUG com.sinosoft.test.base.TestBase:69 - 初始化class com.sinosoft.test.util.WebEventListener
2020/07/14 10:52:12:322  INFO com.sinosoft.test.base.TestBase:80 - 开始运行测试脚本，获取到的测试数据《getTBCLTestData》如下:
2020/07/14 10:52:12:323  INFO com.sinosoft.test.base.TestBase:81 - ROW_ID=2
ProcessFlag=Y
TestCaseName=FCCB_TB_JCX
TestCaseSeq=1
TestDescription=非车承保企财险-财产基本险-出单
riskClass=01
riskCode=0101
renewalInd=0
renewalPolicy=
prePay=
carrayOver=
carrayOverPolicy=
relatedInd=
relatedPolicy=
fbbs=
ywgs=01620190
qdlx=04
gdbs=0
xstd=T6209880101
ywy=S000000029
ywly=01010101
dljg=
xsxy=
cxywbs=HXXT
cdjg=
htzyjjfs=
jnwbz=
jw_country=
jw_Addr=
snbz=
sftkbd=0
sfdzbd=0
sfxb=0
fxqkyjytz=
sfydyw=
sfsn=
xbbdh=
tbr_lx=2
tbr_mc=
tbr_vip=
tbr_dm=G6200019603
tbr_zjlx=
tbr_zjhm=
tbr_sj=
tbr_csrq=
tbr_lxdz=
tbr_dwdh=010-67549095-456
lxr_xm=
lxr_xb=
lxr_zw=
lxr_sj=
lxr_yx=
xzsyfw=1
tqmc=
qbrq=
zbrq=
lgbbz=1
yyzdbz=1
sfgxdm=1
cbdq=
zzfwlx=0
hydl=12
hyxl=12006
jqbm=121121123123
bbdm=CNY
sf=130000
cs=130300
qx=130302
yb=065201
jzdj=01
bxcs=北戴河公园
bdw_jd=金融街街道
bdw_yyxz=
bdw_sfhyf=
bdw_fxlx=
bdw_sbmc=
bdw_cjh=
bdw_fdjh=
bdw_cjdjrq=
bdw_cllx=
bdw_cpcx=
bdw_sccj=
bdw_gzjz=
bdw_sgzyqy=
bdw_zylx=
bdw=010001
bdwmx=碣石公园礁石群
xbdm=0101001
jrbe=1
jzfs=10
bxje=2000000
bffl=0.5
dqflbz=2
ysbf=400
yyzd_zdpcg=24
yyzd_sndmlrze=6000000
yyzd_sndyye=20000000
yyzd_bdw=010056
yyzd_bdwmx=
yyzd_xbdm=0105001
yyzd_jrbe=1
yyzd_jzfs=18
yyzd_bxje=200000
yyzd_bffl=3
yyzd_dqflbz=3
yyzd_ysbf=4000
fsh=6
xsfdj=B
xsfxs=2
jgx_sf=
jgx_cs=
jgx_qx=
jgx_gcdd=
jgx_bb=
jgx_gcmc=
jgx_gclx_1=
jgx_gclx_2=
jgx_gclx_3=
jgx_gclx_4=
jgx_gclx_5=
jgx_gclx_6=
jgx_yzssjt=
jgx_yz=
jgx_cbs_ssjt=
jgx_cbs=
jgx_gchth=
jgx_gcjz=
jgx_gcqsrq=
jgx_gczzrq=
jgx_gcfw=
jgx_scqqsrq=
jgx_scqzzrq=
jgx_bzqqsrq=
jgx_bzqzzrq=
jgx_ws_xmlbdm=
jgx_ws_jrbe=
jgx_ws_bxje=
jgx_ws_fl=
jgx_ws_dqflbz=
jgx_ws_ysbf=
jgx_sz_xbdm=
jgx_sz_jrbe=
jgx_sz_ljpcxe=
jgx_sz_fv=
jgx_sz_dqflbz=
jgx_sz_ysbf=
proposalNumber=06201890101202000000000224
message=未知异常No frame element found by name or id myFrame
Build info: version: '3.9.0', revision: '698b3178f0', time: '2018-02-05T14:26:55.441Z'
System info: host: 'DESKTOP-I9S3ABE', ip: '100.100.96.220', os.name: 'Windows 10', os.arch: 'amd64', os.version: '10.0', java.version: '1.8.0_101'
Driver info: driver.version: unknown
screenshot=C:\Users\liu-b\git\PageObjectModel\screenshots\FCCB_TB_JCX_1_异常截屏_20200714103849591.png
testCaseName=FCCB_TBCL

2020/07/14 10:52:12:327 DEBUG com.sinosoft.test.base.TestBase:69 - 初始化class com.sinosoft.test.fccp.common.LoginPage
2020/07/14 10:52:17:358 DEBUG com.sinosoft.test.base.TestBase:26 - Before navigating to: 'http://tvfchxyw.ypic.cn'
2020/07/14 10:52:18:004 DEBUG com.sinosoft.test.base.TestBase:30 - Navigated to:'http://tvfchxyw.ypic.cn'
2020/07/14 10:52:18:004 DEBUG com.sinosoft.test.base.TestBase:76 - Trying to find Element By : By.id: username
2020/07/14 10:52:18:148 DEBUG com.sinosoft.test.base.TestBase:80 - Found Element By : By.id: username
2020/07/14 10:52:18:152  INFO com.sinosoft.test.base.TestBase:360 - setEditboxValue:[[InternetExplorerDriver: internet explorer on WINDOWS (44fcf26f-66c8-4537-810a-c904f4e07959)] -> id: username]：policy1@ypic
2020/07/14 10:52:18:152 DEBUG com.sinosoft.test.base.TestBase:76 - Trying to find Element By : By.id: username
2020/07/14 10:52:18:299 DEBUG com.sinosoft.test.base.TestBase:80 - Found Element By : By.id: username
2020/07/14 10:52:18:595 DEBUG com.sinosoft.test.base.TestBase:76 - Trying to find Element By : By.id: username
2020/07/14 10:52:18:732 DEBUG com.sinosoft.test.base.TestBase:80 - Found Element By : By.id: username
2020/07/14 10:52:19:184 DEBUG com.sinosoft.test.base.TestBase:76 - Trying to find Element By : By.id: username
2020/07/14 10:52:19:332 DEBUG com.sinosoft.test.base.TestBase:80 - Found Element By : By.id: username
2020/07/14 10:52:19:332  INFO com.sinosoft.test.base.TestBase:363 - setEditboxValue—End:[[InternetExplorerDriver: internet explorer on WINDOWS (44fcf26f-66c8-4537-810a-c904f4e07959)] -> id: username]：policy1@ypic
2020/07/14 10:52:19:333 DEBUG com.sinosoft.test.base.TestBase:76 - Trying to find Element By : By.id: password
2020/07/14 10:52:19:469 DEBUG com.sinosoft.test.base.TestBase:80 - Found Element By : By.id: password
2020/07/14 10:52:19:469  INFO com.sinosoft.test.base.TestBase:360 - setEditboxValue:[[InternetExplorerDriver: internet explorer on WINDOWS (44fcf26f-66c8-4537-810a-c904f4e07959)] -> id: password]：ypic@1234
2020/07/14 10:52:19:470 DEBUG com.sinosoft.test.base.TestBase:76 - Trying to find Element By : By.id: password
2020/07/14 10:52:19:603 DEBUG com.sinosoft.test.base.TestBase:80 - Found Element By : By.id: password
2020/07/14 10:52:19:929 DEBUG com.sinosoft.test.base.TestBase:76 - Trying to find Element By : By.id: password
2020/07/14 10:52:20:083 DEBUG com.sinosoft.test.base.TestBase:80 - Found Element By : By.id: password
2020/07/14 10:52:20:486 DEBUG com.sinosoft.test.base.TestBase:76 - Trying to find Element By : By.id: password
2020/07/14 10:52:20:631 DEBUG com.sinosoft.test.base.TestBase:80 - Found Element By : By.id: password
2020/07/14 10:52:20:631  INFO com.sinosoft.test.base.TestBase:363 - setEditboxValue—End:[[InternetExplorerDriver: internet explorer on WINDOWS (44fcf26f-66c8-4537-810a-c904f4e07959)] -> id: password]：ypic@1234
2020/07/14 10:52:20:631 DEBUG com.sinosoft.test.base.TestBase:76 - Trying to find Element By : By.id: bt_submit
2020/07/14 10:52:20:781 DEBUG com.sinosoft.test.base.TestBase:80 - Found Element By : By.id: bt_submit
2020/07/14 10:52:20:781  INFO com.sinosoft.test.base.TestBase:402 - clickButton:[[InternetExplorerDriver: internet explorer on WINDOWS (44fcf26f-66c8-4537-810a-c904f4e07959)] -> id: bt_submit]
2020/07/14 10:52:20:782 DEBUG com.sinosoft.test.base.TestBase:76 - Trying to find Element By : By.id: bt_submit
2020/07/14 10:52:20:930 DEBUG com.sinosoft.test.base.TestBase:80 - Found Element By : By.id: bt_submit
2020/07/14 10:52:20:931 DEBUG com.sinosoft.test.base.TestBase:42 - Trying to click on: [[InternetExplorerDriver: internet explorer on WINDOWS (44fcf26f-66c8-4537-810a-c904f4e07959)] -> id: bt_submit]
2020/07/14 10:52:22:746 DEBUG com.sinosoft.test.base.TestBase:46 - Clicked on: [[InternetExplorerDriver: internet explorer on WINDOWS (44fcf26f-66c8-4537-810a-c904f4e07959)] -> id: bt_submit]
2020/07/14 10:52:22:751 DEBUG com.sinosoft.test.base.TestBase:76 - Trying to find Element By : By.xpath: //input[@value='继续登录']
2020/07/14 10:52:24:961 DEBUG com.sinosoft.test.base.TestBase:66 - 系统自动捕获异常：Exception occured: org.openqa.selenium.NoSuchElementException: Unable to find element with xpath == //input[@value='继续登录']
For documentation on this error, please visit: http://seleniumhq.org/exceptions/no_such_element.html
Build info: version: '3.9.0', revision: '698b3178f0', time: '2018-02-05T14:26:55.441Z'
System info: host: 'DESKTOP-I9S3ABE', ip: '100.100.96.220', os.name: 'Windows 10', os.arch: 'amd64', os.version: '10.0', java.version: '1.8.0_101'
Driver info: org.openqa.selenium.ie.InternetExplorerDriver
Capabilities {acceptInsecureCerts: false, browserName: internet explorer, browserVersion: 11, javascriptEnabled: true, pageLoadStrategy: normal, platform: WINDOWS, platformName: WINDOWS, proxy: Proxy(), se:ieOptions: {browserAttachTimeout: 0, elementScrollBehavior: 0, enablePersistentHover: true, ie.browserCommandLineSwitches: , ie.ensureCleanSession: false, ie.fileUploadDialogTimeout: 3000, ie.forceCreateProcessApi: false, ignoreProtectedModeSettings: true, ignoreZoomSetting: false, initialBrowserUrl: http://localhost:29583/, nativeEvents: true, requireWindowFocus: false}, setWindowRect: true, timeouts: {implicit: 0, pageLoad: 300000, script: 30000}, unhandledPromptBehavior: ignore}
Session ID: 44fcf26f-66c8-4537-810a-c904f4e07959
*** Element info: {Using=xpath, value=//input[@value='继续登录']}
2020/07/14 10:52:24:962  INFO com.sinosoft.test.base.TestBase:68 - 异常的message 是：Unable to find element with xpath == //input[@value='继续登录']
For documentation on this error, please visit: http://seleniumhq.org/exceptions/no_such_element.html
Build info: version: '3.9.0', revision: '698b3178f0', time: '2018-02-05T14:26:55.441Z'
System info: host: 'DESKTOP-I9S3ABE', ip: '100.100.96.220', os.name: 'Windows 10', os.arch: 'amd64', os.version: '10.0', java.version: '1.8.0_101'
Driver info: org.openqa.selenium.ie.InternetExplorerDriver
Capabilities {acceptInsecureCerts: false, browserName: internet explorer, browserVersion: 11, javascriptEnabled: true, pageLoadStrategy: normal, platform: WINDOWS, platformName: WINDOWS, proxy: Proxy(), se:ieOptions: {browserAttachTimeout: 0, elementScrollBehavior: 0, enablePersistentHover: true, ie.browserCommandLineSwitches: , ie.ensureCleanSession: false, ie.fileUploadDialogTimeout: 3000, ie.forceCreateProcessApi: false, ignoreProtectedModeSettings: true, ignoreZoomSetting: false, initialBrowserUrl: http://localhost:29583/, nativeEvents: true, requireWindowFocus: false}, setWindowRect: true, timeouts: {implicit: 0, pageLoad: 300000, script: 30000}, unhandledPromptBehavior: ignore}
Session ID: 44fcf26f-66c8-4537-810a-c904f4e07959
*** Element info: {Using=xpath, value=//input[@value='继续登录']}
2020/07/14 10:52:24:963  INFO com.sinosoft.test.base.TestBase:198 - 没有找到页面元素:By.xpath: //input[@value='继续登录'] - 错误信息Expected condition failed: waiting for com.sinosoft.test.base.TestBase$1@5dcb4f5f (tried for 2 second(s) with 500 MILLISECONDS interval)
2020/07/14 10:52:24:963  INFO com.sinosoft.test.base.TestBase:77 - 常规登录，没有继续登录按钮
2020/07/14 10:52:24:965 DEBUG com.sinosoft.test.base.TestBase:69 - 初始化class com.sinosoft.test.fccp.common.HomePage
2020/07/14 10:52:25:391 DEBUG com.sinosoft.test.base.TestBase:76 - Trying to find Element By : By.linkText: 承保子系统
2020/07/14 10:52:25:442 DEBUG com.sinosoft.test.base.TestBase:80 - Found Element By : By.linkText: 承保子系统
2020/07/14 10:52:25:445  INFO com.sinosoft.test.base.TestBase:144 - RunJavaScript:[[InternetExplorerDriver: internet explorer on WINDOWS (44fcf26f-66c8-4537-810a-c904f4e07959)] -> link text: 承保子系统]	arguments[0].click();
2020/07/14 10:52:25:895 DEBUG com.sinosoft.test.base.TestBase:76 - Trying to find Element By : By.linkText: 投保管理
2020/07/14 10:52:25:945 DEBUG com.sinosoft.test.base.TestBase:80 - Found Element By : By.linkText: 投保管理
2020/07/14 10:52:25:946  INFO com.sinosoft.test.base.TestBase:144 - RunJavaScript:[[InternetExplorerDriver: internet explorer on WINDOWS (44fcf26f-66c8-4537-810a-c904f4e07959)] -> link text: 投保管理]	arguments[0].click();
2020/07/14 10:52:26:251 DEBUG com.sinosoft.test.base.TestBase:76 - Trying to find Element By : By.linkText: 投保处理
2020/07/14 10:52:26:298 DEBUG com.sinosoft.test.base.TestBase:80 - Found Element By : By.linkText: 投保处理
2020/07/14 10:52:26:298  INFO com.sinosoft.test.base.TestBase:144 - RunJavaScript:[[InternetExplorerDriver: internet explorer on WINDOWS (44fcf26f-66c8-4537-810a-c904f4e07959)] -> link text: 投保处理]	arguments[0].click();
2020/07/14 10:52:26:536 DEBUG com.sinosoft.test.base.TestBase:69 - 初始化class com.sinosoft.test.fccp.tbcl.RiskSelectPage
2020/07/14 10:52:26:880 DEBUG com.sinosoft.test.base.TestBase:93 - 投保处理/险种选择
2020/07/14 10:52:26:882 DEBUG com.sinosoft.test.base.TestBase:76 - Trying to find Element By : By.name: riskClassTemp
2020/07/14 10:52:26:942 DEBUG com.sinosoft.test.base.TestBase:80 - Found Element By : By.name: riskClassTemp
2020/07/14 10:52:26:991 DEBUG com.sinosoft.test.base.TestBase:76 - Trying to find Element By : By.name: riskClassTemp
2020/07/14 10:52:27:042 DEBUG com.sinosoft.test.base.TestBase:80 - Found Element By : By.name: riskClassTemp
2020/07/14 10:52:27:042 DEBUG com.sinosoft.test.base.TestBase:63 - SetCodeEditBox:开始设置:[[InternetExplorerDriver: internet explorer on WINDOWS (44fcf26f-66c8-4537-810a-c904f4e07959)] -> name: riskClassTemp] & Code=01
2020/07/14 10:52:27:042 DEBUG com.sinosoft.test.base.TestBase:76 - Trying to find Element By : By.name: riskClassTemp
2020/07/14 10:52:27:095 DEBUG com.sinosoft.test.base.TestBase:80 - Found Element By : By.name: riskClassTemp
2020/07/14 10:52:27:326 DEBUG com.sinosoft.test.base.TestBase:76 - Trying to find Element By : By.name: riskClassTemp
2020/07/14 10:52:27:374 DEBUG com.sinosoft.test.base.TestBase:80 - Found Element By : By.name: riskClassTemp
2020/07/14 10:52:27:843 DEBUG com.sinosoft.test.base.TestBase:76 - Trying to find Element By : By.name: riskClassTemp
2020/07/14 10:52:27:901 DEBUG com.sinosoft.test.base.TestBase:80 - Found Element By : By.name: riskClassTemp
2020/07/14 10:52:27:901 DEBUG com.sinosoft.test.base.TestBase:76 - Trying to find Element By : By.xpath: ../input[last()]
2020/07/14 10:52:27:958 DEBUG com.sinosoft.test.base.TestBase:80 - Found Element By : By.xpath: ../input[last()]
2020/07/14 10:52:28:091  INFO com.sinosoft.test.base.TestBase:71 - SetCodeEditBox:找到了Code对应的文本显示框并点击触发显示:riskClassName
2020/07/14 10:52:28:091 DEBUG com.sinosoft.test.base.TestBase:42 - Trying to click on: [[[[InternetExplorerDriver: internet explorer on WINDOWS (44fcf26f-66c8-4537-810a-c904f4e07959)] -> name: riskClassTemp]] -> xpath: ../input[last()]]
2020/07/14 10:52:29:096 DEBUG com.sinosoft.test.base.TestBase:46 - Clicked on: [[[[InternetExplorerDriver: internet explorer on WINDOWS (44fcf26f-66c8-4537-810a-c904f4e07959)] -> name: riskClassTemp]] -> xpath: ../input[last()]]
2020/07/14 10:52:29:296 DEBUG com.sinosoft.test.base.TestBase:76 - Trying to find Element By : By.name: riskClassTemp
2020/07/14 10:52:29:332 DEBUG com.sinosoft.test.base.TestBase:80 - Found Element By : By.name: riskClassTemp
2020/07/14 10:52:29:332 DEBUG com.sinosoft.test.base.TestBase:87 - SetCodeEditBox:设置完毕[[InternetExplorerDriver: internet explorer on WINDOWS (44fcf26f-66c8-4537-810a-c904f4e07959)] -> name: riskClassTemp],设置值 Code=01
2020/07/14 10:52:29:332 DEBUG com.sinosoft.test.base.TestBase:76 - Trying to find Element By : By.name: riskCode
2020/07/14 10:52:29:367 DEBUG com.sinosoft.test.base.TestBase:80 - Found Element By : By.name: riskCode
2020/07/14 10:52:29:400 DEBUG com.sinosoft.test.base.TestBase:76 - Trying to find Element By : By.name: riskCode
2020/07/14 10:52:29:444 DEBUG com.sinosoft.test.base.TestBase:80 - Found Element By : By.name: riskCode
2020/07/14 10:52:29:444 DEBUG com.sinosoft.test.base.TestBase:63 - SetCodeEditBox:开始设置:[[InternetExplorerDriver: internet explorer on WINDOWS (44fcf26f-66c8-4537-810a-c904f4e07959)] -> name: riskCode] & Code=0101
2020/07/14 10:52:29:444 DEBUG com.sinosoft.test.base.TestBase:76 - Trying to find Element By : By.name: riskCode
2020/07/14 10:52:29:492 DEBUG com.sinosoft.test.base.TestBase:80 - Found Element By : By.name: riskCode
2020/07/14 10:52:29:738 DEBUG com.sinosoft.test.base.TestBase:76 - Trying to find Element By : By.name: riskCode
2020/07/14 10:52:29:790 DEBUG com.sinosoft.test.base.TestBase:80 - Found Element By : By.name: riskCode
2020/07/14 10:52:30:247 DEBUG com.sinosoft.test.base.TestBase:76 - Trying to find Element By : By.name: riskCode
2020/07/14 10:52:30:287 DEBUG com.sinosoft.test.base.TestBase:80 - Found Element By : By.name: riskCode
2020/07/14 10:52:30:287 DEBUG com.sinosoft.test.base.TestBase:76 - Trying to find Element By : By.xpath: ../input[last()]
2020/07/14 10:52:30:341 DEBUG com.sinosoft.test.base.TestBase:80 - Found Element By : By.xpath: ../input[last()]
2020/07/14 10:52:30:448  INFO com.sinosoft.test.base.TestBase:71 - SetCodeEditBox:找到了Code对应的文本显示框并点击触发显示:riskName
2020/07/14 10:52:30:448 DEBUG com.sinosoft.test.base.TestBase:42 - Trying to click on: [[[[InternetExplorerDriver: internet explorer on WINDOWS (44fcf26f-66c8-4537-810a-c904f4e07959)] -> name: riskCode]] -> xpath: ../input[last()]]
2020/07/14 10:52:31:435 DEBUG com.sinosoft.test.base.TestBase:46 - Clicked on: [[[[InternetExplorerDriver: internet explorer on WINDOWS (44fcf26f-66c8-4537-810a-c904f4e07959)] -> name: riskCode]] -> xpath: ../input[last()]]
2020/07/14 10:52:31:638 DEBUG com.sinosoft.test.base.TestBase:76 - Trying to find Element By : By.name: riskCode
2020/07/14 10:52:31:663 DEBUG com.sinosoft.test.base.TestBase:80 - Found Element By : By.name: riskCode
2020/07/14 10:52:31:663 DEBUG com.sinosoft.test.base.TestBase:87 - SetCodeEditBox:设置完毕[[InternetExplorerDriver: internet explorer on WINDOWS (44fcf26f-66c8-4537-810a-c904f4e07959)] -> name: riskCode],设置值 Code=0101
2020/07/14 10:52:31:663 DEBUG com.sinosoft.test.base.TestBase:76 - Trying to find Element By : By.name: renewInd
2020/07/14 10:52:31:736 DEBUG com.sinosoft.test.base.TestBase:80 - Found Element By : By.name: renewInd
2020/07/14 10:52:31:740  INFO com.sinosoft.test.base.TestBase:321 - setEditboxTValue:[[[InternetExplorerDriver: internet explorer on WINDOWS (44fcf26f-66c8-4537-810a-c904f4e07959)] -> name: renewInd], [[InternetExplorerDriver: internet explorer on WINDOWS (44fcf26f-66c8-4537-810a-c904f4e07959)] -> name: renewInd]]：0
2020/07/14 10:52:31:740 DEBUG com.sinosoft.test.base.TestBase:76 - Trying to find Element By : By.name: renewInd
2020/07/14 10:52:31:791 DEBUG com.sinosoft.test.base.TestBase:80 - Found Element By : By.name: renewInd
2020/07/14 10:52:31:929 DEBUG com.sinosoft.test.base.TestBase:76 - Trying to find Element By : By.name: buttonNextStep
2020/07/14 10:52:31:978 DEBUG com.sinosoft.test.base.TestBase:80 - Found Element By : By.name: buttonNextStep
2020/07/14 10:52:31:979  INFO com.sinosoft.test.base.TestBase:402 - clickButton:[[InternetExplorerDriver: internet explorer on WINDOWS (44fcf26f-66c8-4537-810a-c904f4e07959)] -> name: buttonNextStep]
2020/07/14 10:52:31:979 DEBUG com.sinosoft.test.base.TestBase:42 - Trying to click on: [[InternetExplorerDriver: internet explorer on WINDOWS (44fcf26f-66c8-4537-810a-c904f4e07959)] -> name: buttonNextStep]
2020/07/14 10:52:35:120 DEBUG com.sinosoft.test.base.TestBase:46 - Clicked on: [[InternetExplorerDriver: internet explorer on WINDOWS (44fcf26f-66c8-4537-810a-c904f4e07959)] -> name: buttonNextStep]
2020/07/14 10:52:35:122 DEBUG com.sinosoft.test.base.TestBase:69 - 初始化class com.sinosoft.test.fccp.tbcl.BasicInfoPage
2020/07/14 10:52:37:853 DEBUG com.sinosoft.test.base.TestBase:322 - 投保处理/基本信息
2020/07/14 10:52:37:853 DEBUG com.sinosoft.test.base.TestBase:76 - Trying to find Element By : By.name: GuMainBusinessType
2020/07/14 10:52:37:917 DEBUG com.sinosoft.test.base.TestBase:80 - Found Element By : By.name: GuMainBusinessType
2020/07/14 10:52:37:918  INFO com.sinosoft.test.base.TestBase:96 - setSelectWithStartText:[[InternetExplorerDriver: internet explorer on WINDOWS (44fcf26f-66c8-4537-810a-c904f4e07959)] -> name: GuMainBusinessType]->
2020/07/14 10:52:37:918 DEBUG com.sinosoft.test.base.TestBase:76 - Trying to find Element By : By.name: GuMainCompanyCode
2020/07/14 10:52:37:976 DEBUG com.sinosoft.test.base.TestBase:80 - Found Element By : By.name: GuMainCompanyCode
2020/07/14 10:52:38:006 DEBUG com.sinosoft.test.base.TestBase:76 - Trying to find Element By : By.name: GuMainCompanyCode
2020/07/14 10:52:38:080 DEBUG com.sinosoft.test.base.TestBase:80 - Found Element By : By.name: GuMainCompanyCode
2020/07/14 10:52:38:082 DEBUG com.sinosoft.test.base.TestBase:63 - SetCodeEditBox:开始设置:[[InternetExplorerDriver: internet explorer on WINDOWS (44fcf26f-66c8-4537-810a-c904f4e07959)] -> name: GuMainCompanyCode] & Code=01620190
2020/07/14 10:52:38:084 DEBUG com.sinosoft.test.base.TestBase:76 - Trying to find Element By : By.name: GuMainCompanyCode
2020/07/14 10:52:38:147 DEBUG com.sinosoft.test.base.TestBase:80 - Found Element By : By.name: GuMainCompanyCode
2020/07/14 10:52:38:370 DEBUG com.sinosoft.test.base.TestBase:76 - Trying to find Element By : By.name: GuMainCompanyCode
2020/07/14 10:52:38:463 DEBUG com.sinosoft.test.base.TestBase:80 - Found Element By : By.name: GuMainCompanyCode
2020/07/14 10:52:39:432 DEBUG com.sinosoft.test.base.TestBase:76 - Trying to find Element By : By.name: GuMainCompanyCode
2020/07/14 10:52:39:480 DEBUG com.sinosoft.test.base.TestBase:80 - Found Element By : By.name: GuMainCompanyCode
2020/07/14 10:52:39:480 DEBUG com.sinosoft.test.base.TestBase:76 - Trying to find Element By : By.xpath: ../input[last()]
2020/07/14 10:52:39:531 DEBUG com.sinosoft.test.base.TestBase:80 - Found Element By : By.xpath: ../input[last()]
2020/07/14 10:52:39:669  INFO com.sinosoft.test.base.TestBase:71 - SetCodeEditBox:找到了Code对应的文本显示框并点击触发显示:GuMainCompanyName
2020/07/14 10:52:39:669 DEBUG com.sinosoft.test.base.TestBase:42 - Trying to click on: [[[[InternetExplorerDriver: internet explorer on WINDOWS (44fcf26f-66c8-4537-810a-c904f4e07959)] -> name: GuMainCompanyCode]] -> xpath: ../input[last()]]
2020/07/14 10:52:40:696 DEBUG com.sinosoft.test.base.TestBase:46 - Clicked on: [[[[InternetExplorerDriver: internet explorer on WINDOWS (44fcf26f-66c8-4537-810a-c904f4e07959)] -> name: GuMainCompanyCode]] -> xpath: ../input[last()]]
2020/07/14 10:52:40:896 DEBUG com.sinosoft.test.base.TestBase:76 - Trying to find Element By : By.name: GuMainCompanyCode
2020/07/14 10:52:40:945 DEBUG com.sinosoft.test.base.TestBase:80 - Found Element By : By.name: GuMainCompanyCode
2020/07/14 10:52:40:945 DEBUG com.sinosoft.test.base.TestBase:87 - SetCodeEditBox:设置完毕[[InternetExplorerDriver: internet explorer on WINDOWS (44fcf26f-66c8-4537-810a-c904f4e07959)] -> name: GuMainCompanyCode],设置值 Code=01620190
2020/07/14 10:52:40:946 DEBUG com.sinosoft.test.base.TestBase:76 - Trying to find Element By : By.name: GuMainChannelDetailCode
2020/07/14 10:52:41:005 DEBUG com.sinosoft.test.base.TestBase:80 - Found Element By : By.name: GuMainChannelDetailCode
2020/07/14 10:52:41:046 DEBUG com.sinosoft.test.base.TestBase:76 - Trying to find Element By : By.name: GuMainChannelDetailCode
2020/07/14 10:52:41:117 DEBUG com.sinosoft.test.base.TestBase:80 - Found Element By : By.name: GuMainChannelDetailCode
2020/07/14 10:52:41:117 DEBUG com.sinosoft.test.base.TestBase:63 - SetCodeEditBox:开始设置:[[InternetExplorerDriver: internet explorer on WINDOWS (44fcf26f-66c8-4537-810a-c904f4e07959)] -> name: GuMainChannelDetailCode] & Code=04
2020/07/14 10:52:41:117 DEBUG com.sinosoft.test.base.TestBase:76 - Trying to find Element By : By.name: GuMainChannelDetailCode
2020/07/14 10:52:41:177 DEBUG com.sinosoft.test.base.TestBase:80 - Found Element By : By.name: GuMainChannelDetailCode
2020/07/14 10:52:41:418 DEBUG com.sinosoft.test.base.TestBase:76 - Trying to find Element By : By.name: GuMainChannelDetailCode
2020/07/14 10:52:41:478 DEBUG com.sinosoft.test.base.TestBase:80 - Found Element By : By.name: GuMainChannelDetailCode
2020/07/14 10:52:41:964 DEBUG com.sinosoft.test.base.TestBase:76 - Trying to find Element By : By.name: GuMainChannelDetailCode
2020/07/14 10:52:42:032 DEBUG com.sinosoft.test.base.TestBase:80 - Found Element By : By.name: GuMainChannelDetailCode
2020/07/14 10:52:42:032 DEBUG com.sinosoft.test.base.TestBase:76 - Trying to find Element By : By.xpath: ../input[last()]
2020/07/14 10:52:42:090 DEBUG com.sinosoft.test.base.TestBase:80 - Found Element By : By.xpath: ../input[last()]
2020/07/14 10:52:42:250  INFO com.sinosoft.test.base.TestBase:71 - SetCodeEditBox:找到了Code对应的文本显示框并点击触发显示:GuMainChannelDetailName
2020/07/14 10:52:42:250 DEBUG com.sinosoft.test.base.TestBase:42 - Trying to click on: [[[[InternetExplorerDriver: internet explorer on WINDOWS (44fcf26f-66c8-4537-810a-c904f4e07959)] -> name: GuMainChannelDetailCode]] -> xpath: ../input[last()]]
2020/07/14 10:52:43:243 DEBUG com.sinosoft.test.base.TestBase:46 - Clicked on: [[[[InternetExplorerDriver: internet explorer on WINDOWS (44fcf26f-66c8-4537-810a-c904f4e07959)] -> name: GuMainChannelDetailCode]] -> xpath: ../input[last()]]
2020/07/14 10:52:43:443 DEBUG com.sinosoft.test.base.TestBase:76 - Trying to find Element By : By.name: GuMainChannelDetailCode
2020/07/14 10:52:43:490 DEBUG com.sinosoft.test.base.TestBase:80 - Found Element By : By.name: GuMainChannelDetailCode
2020/07/14 10:52:43:492 DEBUG com.sinosoft.test.base.TestBase:87 - SetCodeEditBox:设置完毕[[InternetExplorerDriver: internet explorer on WINDOWS (44fcf26f-66c8-4537-810a-c904f4e07959)] -> name: GuMainChannelDetailCode],设置值 Code=04
2020/07/14 10:52:43:493 DEBUG com.sinosoft.test.base.TestBase:76 - Trying to find Element By : By.name: GuMainShareHolderFlag
2020/07/14 10:52:43:544 DEBUG com.sinosoft.test.base.TestBase:80 - Found Element By : By.name: GuMainShareHolderFlag
2020/07/14 10:52:43:581 DEBUG com.sinosoft.test.base.TestBase:76 - Trying to find Element By : By.name: GuMainShareHolderFlag
2020/07/14 10:52:43:630 DEBUG com.sinosoft.test.base.TestBase:80 - Found Element By : By.name: GuMainShareHolderFlag
2020/07/14 10:52:43:631 DEBUG com.sinosoft.test.base.TestBase:42 - CodeSelect:开始设置[[InternetExplorerDriver: internet explorer on WINDOWS (44fcf26f-66c8-4537-810a-c904f4e07959)] -> name: GuMainShareHolderFlag] & Code=0
2020/07/14 10:52:43:646 DEBUG com.sinosoft.test.base.TestBase:76 - Trying to find Element By : By.name: GuMainShareHolderFlag
2020/07/14 10:52:43:730 DEBUG com.sinosoft.test.base.TestBase:80 - Found Element By : By.name: GuMainShareHolderFlag
2020/07/14 10:52:44:804 DEBUG com.sinosoft.test.base.TestBase:272 - 系统窗口【黄河财险业务系统】with handle -136fe572-565f-4788-9ca8-7ff32e804301
2020/07/14 10:52:45:459 DEBUG com.sinosoft.test.base.TestBase:272 - 系统窗口【黄河财险业务系统】with handle -136fe572-565f-4788-9ca8-7ff32e804301
2020/07/14 10:52:46:089 DEBUG com.sinosoft.test.base.TestBase:272 - 系统窗口【Code Select】with handle -fc4c1956-970d-4aa8-bdb9-ce04f00a1c37
2020/07/14 10:52:46:604 DEBUG com.sinosoft.test.base.TestBase:69 - 初始化class com.sinosoft.test.fccp.common.CodeSelectPage
2020/07/14 10:52:46:608 DEBUG com.sinosoft.test.base.TestBase:39 - 基础码表选择！
2020/07/14 10:52:46:609 DEBUG com.sinosoft.test.base.TestBase:76 - Trying to find Element By : By.name: fieldValue
2020/07/14 10:52:46:882 DEBUG com.sinosoft.test.base.TestBase:80 - Found Element By : By.name: fieldValue
2020/07/14 10:52:46:883  INFO com.sinosoft.test.base.TestBase:360 - setEditboxValue:[[InternetExplorerDriver: internet explorer on WINDOWS (44fcf26f-66c8-4537-810a-c904f4e07959)] -> name: fieldValue]：0
2020/07/14 10:52:47:919  INFO com.sinosoft.test.base.TestBase:363 - setEditboxValue—End:[[InternetExplorerDriver: internet explorer on WINDOWS (44fcf26f-66c8-4537-810a-c904f4e07959)] -> name: fieldValue]：0
2020/07/14 10:52:47:923 DEBUG com.sinosoft.test.base.TestBase:76 - Trying to find Element By : By.xpath: //input[@value='查询(Q)']
2020/07/14 10:52:48:223 DEBUG com.sinosoft.test.base.TestBase:80 - Found Element By : By.xpath: //input[@value='查询(Q)']
2020/07/14 10:52:48:224  INFO com.sinosoft.test.base.TestBase:402 - clickButton:[[InternetExplorerDriver: internet explorer on WINDOWS (44fcf26f-66c8-4537-810a-c904f4e07959)] -> xpath: //input[@value='查询(Q)']]
2020/07/14 10:52:48:224 DEBUG com.sinosoft.test.base.TestBase:42 - Trying to click on: [[InternetExplorerDriver: internet explorer on WINDOWS (44fcf26f-66c8-4537-810a-c904f4e07959)] -> xpath: //input[@value='查询(Q)']]
2020/07/14 10:52:49:790 DEBUG com.sinosoft.test.base.TestBase:46 - Clicked on: [[InternetExplorerDriver: internet explorer on WINDOWS (44fcf26f-66c8-4537-810a-c904f4e07959)] -> xpath: //input[@value='查询(Q)']]
2020/07/14 10:52:49:790 DEBUG com.sinosoft.test.base.TestBase:76 - Trying to find Element By : By.name: codeselect
2020/07/14 10:52:50:077 DEBUG com.sinosoft.test.base.TestBase:80 - Found Element By : By.name: codeselect
2020/07/14 10:52:50:077  INFO com.sinosoft.test.base.TestBase:132 - setFuzzySelect:[[InternetExplorerDriver: internet explorer on WINDOWS (44fcf26f-66c8-4537-810a-c904f4e07959)] -> name: codeselect]->0
2020/07/14 10:52:50:627 DEBUG com.sinosoft.test.base.TestBase:76 - Trying to find Element By : By.tagName: option
2020/07/14 10:52:50:998 DEBUG com.sinosoft.test.base.TestBase:80 - Found Element By : By.tagName: option
2020/07/14 10:52:53:850  INFO com.sinosoft.test.base.TestBase:142 - 找到匹配【0】的选项：0--非股东
2020/07/14 10:52:53:851 DEBUG com.sinosoft.test.base.TestBase:76 - Trying to find Element By : By.xpath: .//option[normalize-space(.) = "0--非股东"]
2020/07/14 10:52:54:127 DEBUG com.sinosoft.test.base.TestBase:80 - Found Element By : By.xpath: .//option[normalize-space(.) = "0--非股东"]
2020/07/14 10:52:54:397 DEBUG com.sinosoft.test.base.TestBase:42 - Trying to click on: [[[[InternetExplorerDriver: internet explorer on WINDOWS (44fcf26f-66c8-4537-810a-c904f4e07959)] -> name: codeselect]] -> xpath: .//option[normalize-space(.) = "0--非股东"]]
2020/07/14 10:52:54:743 DEBUG com.sinosoft.test.base.TestBase:46 - Clicked on: [[[[InternetExplorerDriver: internet explorer on WINDOWS (44fcf26f-66c8-4537-810a-c904f4e07959)] -> name: codeselect]] -> xpath: .//option[normalize-space(.) = "0--非股东"]]
2020/07/14 10:52:54:743 DEBUG com.sinosoft.test.base.TestBase:151 - setFuzzySelect 结束！
2020/07/14 10:52:54:743 DEBUG com.sinosoft.test.base.TestBase:76 - Trying to find Element By : By.name: SelectIt
2020/07/14 10:52:55:022 DEBUG com.sinosoft.test.base.TestBase:80 - Found Element By : By.name: SelectIt
2020/07/14 10:52:55:022  INFO com.sinosoft.test.base.TestBase:416 - jsClickButton:[[InternetExplorerDriver: internet explorer on WINDOWS (44fcf26f-66c8-4537-810a-c904f4e07959)] -> name: SelectIt]
2020/07/14 10:52:55:022  INFO com.sinosoft.test.base.TestBase:144 - RunJavaScript:[[InternetExplorerDriver: internet explorer on WINDOWS (44fcf26f-66c8-4537-810a-c904f4e07959)] -> name: SelectIt]	arguments[0].click();
2020/07/14 10:52:55:717 DEBUG com.sinosoft.test.base.TestBase:272 - 系统窗口【黄河财险业务系统】with handle -136fe572-565f-4788-9ca8-7ff32e804301
2020/07/14 10:52:58:519 DEBUG com.sinosoft.test.base.TestBase:76 - Trying to find Element By : By.name: GuMainShareHolderFlag
2020/07/14 10:52:58:576 DEBUG com.sinosoft.test.base.TestBase:80 - Found Element By : By.name: GuMainShareHolderFlag
2020/07/14 10:52:58:576 DEBUG com.sinosoft.test.base.TestBase:49 - CodeSelect:设置完毕[[InternetExplorerDriver: internet explorer on WINDOWS (44fcf26f-66c8-4537-810a-c904f4e07959)] -> name: GuMainShareHolderFlag] & Code=0
2020/07/14 10:52:58:576 DEBUG com.sinosoft.test.base.TestBase:76 - Trying to find Element By : By.name: GuMainSalesTeamCode
2020/07/14 10:52:58:659 DEBUG com.sinosoft.test.base.TestBase:80 - Found Element By : By.name: GuMainSalesTeamCode
2020/07/14 10:52:58:700 DEBUG com.sinosoft.test.base.TestBase:76 - Trying to find Element By : By.name: GuMainSalesTeamCode
2020/07/14 10:52:58:771 DEBUG com.sinosoft.test.base.TestBase:80 - Found Element By : By.name: GuMainSalesTeamCode
2020/07/14 10:52:58:771 DEBUG com.sinosoft.test.base.TestBase:42 - CodeSelect:开始设置[[InternetExplorerDriver: internet explorer on WINDOWS (44fcf26f-66c8-4537-810a-c904f4e07959)] -> name: GuMainSalesTeamCode] & Code=T6209880101
2020/07/14 10:52:58:772 DEBUG com.sinosoft.test.base.TestBase:76 - Trying to find Element By : By.name: GuMainSalesTeamCode
2020/07/14 10:52:58:833 DEBUG com.sinosoft.test.base.TestBase:80 - Found Element By : By.name: GuMainSalesTeamCode
2020/07/14 10:52:59:880 DEBUG com.sinosoft.test.base.TestBase:272 - 系统窗口【黄河财险业务系统】with handle -136fe572-565f-4788-9ca8-7ff32e804301
2020/07/14 10:53:00:547 DEBUG com.sinosoft.test.base.TestBase:272 - 系统窗口【黄河财险业务系统】with handle -136fe572-565f-4788-9ca8-7ff32e804301
2020/07/14 10:53:01:179 DEBUG com.sinosoft.test.base.TestBase:272 - 系统窗口【Code Select】with handle -2f6e5085-5e7c-47be-8381-c556f85317d2
2020/07/14 10:53:01:688 DEBUG com.sinosoft.test.base.TestBase:69 - 初始化class com.sinosoft.test.fccp.common.CodeSelectPage
2020/07/14 10:53:01:688 DEBUG com.sinosoft.test.base.TestBase:39 - 基础码表选择！
2020/07/14 10:53:01:688 DEBUG com.sinosoft.test.base.TestBase:76 - Trying to find Element By : By.name: fieldValue
2020/07/14 10:53:01:967 DEBUG com.sinosoft.test.base.TestBase:80 - Found Element By : By.name: fieldValue
2020/07/14 10:53:01:967  INFO com.sinosoft.test.base.TestBase:360 - setEditboxValue:[[InternetExplorerDriver: internet explorer on WINDOWS (44fcf26f-66c8-4537-810a-c904f4e07959)] -> name: fieldValue]：T6209880101
2020/07/14 10:53:03:063  INFO com.sinosoft.test.base.TestBase:363 - setEditboxValue—End:[[InternetExplorerDriver: internet explorer on WINDOWS (44fcf26f-66c8-4537-810a-c904f4e07959)] -> name: fieldValue]：T6209880101
2020/07/14 10:53:03:064 DEBUG com.sinosoft.test.base.TestBase:76 - Trying to find Element By : By.xpath: //input[@value='查询(Q)']
2020/07/14 10:53:03:353 DEBUG com.sinosoft.test.base.TestBase:80 - Found Element By : By.xpath: //input[@value='查询(Q)']
2020/07/14 10:53:03:353  INFO com.sinosoft.test.base.TestBase:402 - clickButton:[[InternetExplorerDriver: internet explorer on WINDOWS (44fcf26f-66c8-4537-810a-c904f4e07959)] -> xpath: //input[@value='查询(Q)']]
2020/07/14 10:53:03:353 DEBUG com.sinosoft.test.base.TestBase:42 - Trying to click on: [[InternetExplorerDriver: internet explorer on WINDOWS (44fcf26f-66c8-4537-810a-c904f4e07959)] -> xpath: //input[@value='查询(Q)']]
2020/07/14 10:53:04:904 DEBUG com.sinosoft.test.base.TestBase:46 - Clicked on: [[InternetExplorerDriver: internet explorer on WINDOWS (44fcf26f-66c8-4537-810a-c904f4e07959)] -> xpath: //input[@value='查询(Q)']]
2020/07/14 10:53:04:905 DEBUG com.sinosoft.test.base.TestBase:76 - Trying to find Element By : By.name: codeselect
2020/07/14 10:53:05:190 DEBUG com.sinosoft.test.base.TestBase:80 - Found Element By : By.name: codeselect
2020/07/14 10:53:05:191  INFO com.sinosoft.test.base.TestBase:132 - setFuzzySelect:[[InternetExplorerDriver: internet explorer on WINDOWS (44fcf26f-66c8-4537-810a-c904f4e07959)] -> name: codeselect]->T6209880101
2020/07/14 10:53:05:737 DEBUG com.sinosoft.test.base.TestBase:76 - Trying to find Element By : By.tagName: option
2020/07/14 10:53:08:177 DEBUG com.sinosoft.test.base.TestBase:80 - Found Element By : By.tagName: option
2020/07/14 10:53:08:177 ERROR com.sinosoft.test.base.TestBase:149 - 没有找到以【T6209880101】为起始的选项！
2020/07/14 10:53:08:177 DEBUG com.sinosoft.test.base.TestBase:151 - setFuzzySelect 结束！
2020/07/14 10:53:08:177 DEBUG com.sinosoft.test.base.TestBase:76 - Trying to find Element By : By.name: SelectIt
2020/07/14 10:53:08:451 DEBUG com.sinosoft.test.base.TestBase:80 - Found Element By : By.name: SelectIt
2020/07/14 10:53:08:453  INFO com.sinosoft.test.base.TestBase:416 - jsClickButton:[[InternetExplorerDriver: internet explorer on WINDOWS (44fcf26f-66c8-4537-810a-c904f4e07959)] -> name: SelectIt]
2020/07/14 10:53:08:455  INFO com.sinosoft.test.base.TestBase:144 - RunJavaScript:[[InternetExplorerDriver: internet explorer on WINDOWS (44fcf26f-66c8-4537-810a-c904f4e07959)] -> name: SelectIt]	arguments[0].click();
2020/07/14 10:53:09:109 DEBUG com.sinosoft.test.base.TestBase:272 - 系统窗口【黄河财险业务系统】with handle -136fe572-565f-4788-9ca8-7ff32e804301
2020/07/14 10:53:11:507 DEBUG com.sinosoft.test.base.TestBase:76 - Trying to find Element By : By.name: GuMainSalesTeamCode
2020/07/14 10:53:11:575 DEBUG com.sinosoft.test.base.TestBase:80 - Found Element By : By.name: GuMainSalesTeamCode
2020/07/14 10:53:11:576 DEBUG com.sinosoft.test.base.TestBase:49 - CodeSelect:设置完毕[[InternetExplorerDriver: internet explorer on WINDOWS (44fcf26f-66c8-4537-810a-c904f4e07959)] -> name: GuMainSalesTeamCode] & Code=T6209880101
2020/07/14 10:53:11:576 DEBUG com.sinosoft.test.base.TestBase:76 - Trying to find Element By : By.name: GuMainSalesmanCode
2020/07/14 10:53:11:643 DEBUG com.sinosoft.test.base.TestBase:80 - Found Element By : By.name: GuMainSalesmanCode
2020/07/14 10:53:11:670 DEBUG com.sinosoft.test.base.TestBase:76 - Trying to find Element By : By.name: GuMainSalesmanCode
2020/07/14 10:53:11:741 DEBUG com.sinosoft.test.base.TestBase:80 - Found Element By : By.name: GuMainSalesmanCode
2020/07/14 10:53:11:741 DEBUG com.sinosoft.test.base.TestBase:42 - CodeSelect:开始设置[[InternetExplorerDriver: internet explorer on WINDOWS (44fcf26f-66c8-4537-810a-c904f4e07959)] -> name: GuMainSalesmanCode] & Code=S000000029
2020/07/14 10:53:11:742 DEBUG com.sinosoft.test.base.TestBase:76 - Trying to find Element By : By.name: GuMainSalesmanCode
2020/07/14 10:53:11:809 DEBUG com.sinosoft.test.base.TestBase:80 - Found Element By : By.name: GuMainSalesmanCode
2020/07/14 10:53:13:112 DEBUG com.sinosoft.test.base.TestBase:66 - 系统自动捕获异常：Exception occured: org.openqa.selenium.UnhandledAlertException: Modal dialog present: 
Build info: version: '3.9.0', revision: '698b3178f0', time: '2018-02-05T14:26:55.441Z'
System info: host: 'DESKTOP-I9S3ABE', ip: '100.100.96.220', os.name: 'Windows 10', os.arch: 'amd64', os.version: '10.0', java.version: '1.8.0_101'
Driver info: org.openqa.selenium.ie.InternetExplorerDriver
Capabilities {acceptInsecureCerts: false, browserName: internet explorer, browserVersion: 11, javascriptEnabled: true, pageLoadStrategy: normal, platform: WINDOWS, platformName: WINDOWS, proxy: Proxy(), se:ieOptions: {browserAttachTimeout: 0, elementScrollBehavior: 0, enablePersistentHover: true, ie.browserCommandLineSwitches: , ie.ensureCleanSession: false, ie.fileUploadDialogTimeout: 3000, ie.forceCreateProcessApi: false, ignoreProtectedModeSettings: true, ignoreZoomSetting: false, initialBrowserUrl: http://localhost:29583/, nativeEvents: true, requireWindowFocus: false}, setWindowRect: true, timeouts: {implicit: 0, pageLoad: 300000, script: 30000}, unhandledPromptBehavior: ignore}
Session ID: 44fcf26f-66c8-4537-810a-c904f4e07959
2020/07/14 10:53:13:112  INFO com.sinosoft.test.base.TestBase:68 - 异常的message 是：Modal dialog present: 
Build info: version: '3.9.0', revision: '698b3178f0', time: '2018-02-05T14:26:55.441Z'
System info: host: 'DESKTOP-I9S3ABE', ip: '100.100.96.220', os.name: 'Windows 10', os.arch: 'amd64', os.version: '10.0', java.version: '1.8.0_101'
Driver info: org.openqa.selenium.ie.InternetExplorerDriver
Capabilities {acceptInsecureCerts: false, browserName: internet explorer, browserVersion: 11, javascriptEnabled: true, pageLoadStrategy: normal, platform: WINDOWS, platformName: WINDOWS, proxy: Proxy(), se:ieOptions: {browserAttachTimeout: 0, elementScrollBehavior: 0, enablePersistentHover: true, ie.browserCommandLineSwitches: , ie.ensureCleanSession: false, ie.fileUploadDialogTimeout: 3000, ie.forceCreateProcessApi: false, ignoreProtectedModeSettings: true, ignoreZoomSetting: false, initialBrowserUrl: http://localhost:29583/, nativeEvents: true, requireWindowFocus: false}, setWindowRect: true, timeouts: {implicit: 0, pageLoad: 300000, script: 30000}, unhandledPromptBehavior: ignore}
Session ID: 44fcf26f-66c8-4537-810a-c904f4e07959
2020/07/14 10:53:13:114 DEBUG com.sinosoft.test.base.TestBase:281 - 窗口切换异常:
org.openqa.selenium.UnhandledAlertException: Modal dialog present: 
Build info: version: '3.9.0', revision: '698b3178f0', time: '2018-02-05T14:26:55.441Z'
System info: host: 'DESKTOP-I9S3ABE', ip: '100.100.96.220', os.name: 'Windows 10', os.arch: 'amd64', os.version: '10.0', java.version: '1.8.0_101'
Driver info: org.openqa.selenium.ie.InternetExplorerDriver
Capabilities {acceptInsecureCerts: false, browserName: internet explorer, browserVersion: 11, javascriptEnabled: true, pageLoadStrategy: normal, platform: WINDOWS, platformName: WINDOWS, proxy: Proxy(), se:ieOptions: {browserAttachTimeout: 0, elementScrollBehavior: 0, enablePersistentHover: true, ie.browserCommandLineSwitches: , ie.ensureCleanSession: false, ie.fileUploadDialogTimeout: 3000, ie.forceCreateProcessApi: false, ignoreProtectedModeSettings: true, ignoreZoomSetting: false, initialBrowserUrl: http://localhost:29583/, nativeEvents: true, requireWindowFocus: false}, setWindowRect: true, timeouts: {implicit: 0, pageLoad: 300000, script: 30000}, unhandledPromptBehavior: ignore}
Session ID: 44fcf26f-66c8-4537-810a-c904f4e07959
	at org.openqa.selenium.remote.http.W3CHttpResponseCodec.decode(W3CHttpResponseCodec.java:120)
	at org.openqa.selenium.remote.http.W3CHttpResponseCodec.decode(W3CHttpResponseCodec.java:49)
	at org.openqa.selenium.remote.HttpCommandExecutor.execute(HttpCommandExecutor.java:160)
	at org.openqa.selenium.remote.service.DriverCommandExecutor.execute(DriverCommandExecutor.java:83)
	at org.openqa.selenium.remote.RemoteWebDriver.execute(RemoteWebDriver.java:601)
	at org.openqa.selenium.remote.RemoteWebDriver.execute(RemoteWebDriver.java:658)
	at org.openqa.selenium.remote.RemoteWebDriver.getTitle(RemoteWebDriver.java:329)
	at sun.reflect.GeneratedMethodAccessor12.invoke(Unknown Source)
	at sun.reflect.DelegatingMethodAccessorImpl.invoke(DelegatingMethodAccessorImpl.java:43)
	at java.lang.reflect.Method.invoke(Method.java:498)
	at org.openqa.selenium.support.events.EventFiringWebDriver$2.invoke(EventFiringWebDriver.java:108)
	at com.sun.proxy.$Proxy8.getTitle(Unknown Source)
	at org.openqa.selenium.support.events.EventFiringWebDriver.getTitle(EventFiringWebDriver.java:176)
	at com.sinosoft.test.base.TestBase$4.apply(TestBase.java:272)
	at com.sinosoft.test.base.TestBase$4.apply(TestBase.java:1)
	at org.openqa.selenium.support.ui.FluentWait.until(FluentWait.java:208)
	at com.sinosoft.test.base.TestBase.navigateToWindowByTitle(TestBase.java:265)
	at com.sinosoft.test.fccp.common.FccbBase.CodeSelect(FccbBase.java:44)
	at com.sinosoft.test.fccp.tbcl.BasicInfoPage.inputSalesInfoAction(BasicInfoPage.java:350)
	at com.sinosoft.test.fccp.tbcl.BasicInfoPage.inputSalesInfoAction(BasicInfoPage.java:363)
	at com.sinosoft.testcases.fccb.TBGLTestCase.FCCB_TBCL(TBGLTestCase.java:93)
	at sun.reflect.NativeMethodAccessorImpl.invoke0(Native Method)
	at sun.reflect.NativeMethodAccessorImpl.invoke(NativeMethodAccessorImpl.java:62)
	at sun.reflect.DelegatingMethodAccessorImpl.invoke(DelegatingMethodAccessorImpl.java:43)
	at java.lang.reflect.Method.invoke(Method.java:498)
	at org.testng.internal.MethodInvocationHelper.invokeMethod(MethodInvocationHelper.java:108)
	at org.testng.internal.Invoker.invokeMethod(Invoker.java:661)
	at org.testng.internal.Invoker.invokeTestMethod(Invoker.java:869)
	at org.testng.internal.Invoker.invokeTestMethods(Invoker.java:1193)
	at org.testng.internal.TestMethodWorker.invokeTestMethods(TestMethodWorker.java:126)
	at org.testng.internal.TestMethodWorker.run(TestMethodWorker.java:109)
	at org.testng.TestRunner.privateRun(TestRunner.java:744)
	at org.testng.TestRunner.run(TestRunner.java:602)
	at org.testng.SuiteRunner.runTest(SuiteRunner.java:380)
	at org.testng.SuiteRunner.runSequentially(SuiteRunner.java:375)
	at org.testng.SuiteRunner.privateRun(SuiteRunner.java:340)
	at org.testng.SuiteRunner.run(SuiteRunner.java:289)
	at org.testng.SuiteRunnerWorker.runSuite(SuiteRunnerWorker.java:52)
	at org.testng.SuiteRunnerWorker.run(SuiteRunnerWorker.java:86)
	at org.testng.TestNG.runSuitesSequentially(TestNG.java:1301)
	at org.testng.TestNG.runSuitesLocally(TestNG.java:1226)
	at org.testng.TestNG.runSuites(TestNG.java:1144)
	at org.testng.TestNG.run(TestNG.java:1115)
	at org.apache.maven.surefire.testng.TestNGExecutor.run(TestNGExecutor.java:283)
	at org.apache.maven.surefire.testng.TestNGXmlTestSuite.execute(TestNGXmlTestSuite.java:75)
	at org.apache.maven.surefire.testng.TestNGProvider.invoke(TestNGProvider.java:120)
	at org.apache.maven.surefire.booter.ForkedBooter.invokeProviderInSameClassLoader(ForkedBooter.java:384)
	at org.apache.maven.surefire.booter.ForkedBooter.runSuitesInProcess(ForkedBooter.java:345)
	at org.apache.maven.surefire.booter.ForkedBooter.execute(ForkedBooter.java:126)
	at org.apache.maven.surefire.booter.ForkedBooter.main(ForkedBooter.java:418)
2020/07/14 10:53:13:119 DEBUG com.sinosoft.test.base.TestBase:69 - 初始化class com.sinosoft.test.fccp.common.CodeSelectPage
2020/07/14 10:53:13:120 DEBUG com.sinosoft.test.base.TestBase:39 - 基础码表选择！
2020/07/14 10:53:13:120 DEBUG com.sinosoft.test.base.TestBase:76 - Trying to find Element By : By.name: fieldValue
2020/07/14 10:53:13:592 DEBUG com.sinosoft.test.base.TestBase:66 - 系统自动捕获异常：Exception occured: org.openqa.selenium.UnhandledAlertException: Modal dialog present: 
Build info: version: '3.9.0', revision: '698b3178f0', time: '2018-02-05T14:26:55.441Z'
System info: host: 'DESKTOP-I9S3ABE', ip: '100.100.96.220', os.name: 'Windows 10', os.arch: 'amd64', os.version: '10.0', java.version: '1.8.0_101'
Driver info: org.openqa.selenium.ie.InternetExplorerDriver
Capabilities {acceptInsecureCerts: false, browserName: internet explorer, browserVersion: 11, javascriptEnabled: true, pageLoadStrategy: normal, platform: WINDOWS, platformName: WINDOWS, proxy: Proxy(), se:ieOptions: {browserAttachTimeout: 0, elementScrollBehavior: 0, enablePersistentHover: true, ie.browserCommandLineSwitches: , ie.ensureCleanSession: false, ie.fileUploadDialogTimeout: 3000, ie.forceCreateProcessApi: false, ignoreProtectedModeSettings: true, ignoreZoomSetting: false, initialBrowserUrl: http://localhost:29583/, nativeEvents: true, requireWindowFocus: false}, setWindowRect: true, timeouts: {implicit: 0, pageLoad: 300000, script: 30000}, unhandledPromptBehavior: ignore}
Session ID: 44fcf26f-66c8-4537-810a-c904f4e07959
*** Element info: {Using=name, value=fieldValue}
2020/07/14 10:53:13:592  INFO com.sinosoft.test.base.TestBase:68 - 异常的message 是：Modal dialog present: 
Build info: version: '3.9.0', revision: '698b3178f0', time: '2018-02-05T14:26:55.441Z'
System info: host: 'DESKTOP-I9S3ABE', ip: '100.100.96.220', os.name: 'Windows 10', os.arch: 'amd64', os.version: '10.0', java.version: '1.8.0_101'
Driver info: org.openqa.selenium.ie.InternetExplorerDriver
Capabilities {acceptInsecureCerts: false, browserName: internet explorer, browserVersion: 11, javascriptEnabled: true, pageLoadStrategy: normal, platform: WINDOWS, platformName: WINDOWS, proxy: Proxy(), se:ieOptions: {browserAttachTimeout: 0, elementScrollBehavior: 0, enablePersistentHover: true, ie.browserCommandLineSwitches: , ie.ensureCleanSession: false, ie.fileUploadDialogTimeout: 3000, ie.forceCreateProcessApi: false, ignoreProtectedModeSettings: true, ignoreZoomSetting: false, initialBrowserUrl: http://localhost:29583/, nativeEvents: true, requireWindowFocus: false}, setWindowRect: true, timeouts: {implicit: 0, pageLoad: 300000, script: 30000}, unhandledPromptBehavior: ignore}
Session ID: 44fcf26f-66c8-4537-810a-c904f4e07959
*** Element info: {Using=name, value=fieldValue}
2020/07/14 10:53:15:418 DEBUG com.sinosoft.test.base.TestBase:218 - Alert的标题是：
2020/07/14 10:53:16:740  INFO com.sinosoft.test.base.TestBase:132 - 进入Finally事件:RowID:2
2020/07/14 10:53:16:740  INFO com.sinosoft.test.base.TestBase:133 - 进入Finally事件:testCaseName:FCCB_TBCL
2020/07/14 10:53:16:741  INFO com.sinosoft.test.base.TestBase:134 - 进入Finally事件:proposalNumber:06201890101202000000000224
2020/07/14 10:53:16:741  INFO com.sinosoft.test.base.TestBase:135 - 进入Finally事件:message:未知弹窗_
2020/07/14 10:53:16:741  INFO com.sinosoft.test.base.TestBase:136 - 进入Finally事件:screenshot:C:\Users\liu-b\git\PageObjectModel\screenshots\FCCB_TB_JCX_1_未知弹窗_20200714105313780.png
2020/07/14 10:53:17:044  INFO com.sinosoft.test.base.TestBase:91 - start InternetExplorerDriver
2020/07/14 10:53:18:898 DEBUG com.sinosoft.test.base.TestBase:69 - 初始化class com.sinosoft.test.util.WebEventListener
2020/07/14 10:53:18:914  INFO com.sinosoft.test.base.TestBase:80 - 开始运行测试脚本，获取到的测试数据《getTBCLTestData》如下:
2020/07/14 10:53:18:915  INFO com.sinosoft.test.base.TestBase:81 - ROW_ID=3
ProcessFlag=N
TestCaseName=FCCB_TB_JCX
TestCaseSeq=2
TestDescription=非车承保企财险-工程机械设备保险-出单
riskClass=01
riskCode=0122
renewalInd=0
renewalPolicy=
prePay=
carrayOver=
carrayOverPolicy=
relatedInd=
relatedPolicy=
fbbs=
ywgs=01620190
qdlx=04
gdbs=0
xstd=T6209880101
ywy=S000000029
ywly=01010101
dljg=
xsxy=
cxywbs=HXXT
cdjg=
htzyjjfs=
jnwbz=
jw_country=
jw_Addr=
snbz=
sftkbd=0
sfdzbd=0
sfxb=0
fxqkyjytz=
sfydyw=
sfsn=
xbbdh=
tbr_lx=2
tbr_mc=
tbr_vip=
tbr_dm=G6200019984
tbr_zjlx=
tbr_zjhm=
tbr_sj=
tbr_csrq=
tbr_lxdz=
tbr_dwdh=010-67549095-455
lxr_xm=
lxr_xb=
lxr_zw=
lxr_sj=
lxr_yx=
xzsyfw=1
tqmc=
qbrq=
zbrq=
lgbbz=0
yyzdbz=
sfgxdm=1
cbdq=0001
zzfwlx=2
hydl=03
hyxl=03006
jqbm=121121123123
bbdm=CNY
sf=130000
cs=130300
qx=130302
yb=065201
jzdj=
bxcs=
bdw_jd=
bdw_yyxz=
bdw_sfhyf=
bdw_fxlx=
bdw_sbmc=大型联合收割机
bdw_cjh=V1239876895
bdw_fdjh=E00239988
bdw_cjdjrq=20150101
bdw_cllx=车辆类型
bdw_cpcx=厂牌车型
bdw_sccj=东方红
bdw_gzjz=2000000
bdw_sgzyqy=华北地区
bdw_zylx=
bdw=010081
bdwmx=
xbdm=0122001
jrbe=1
jzfs=10
bxje=2000000
bffl=3
dqflbz=2
ysbf=600
yyzd_zdpcg=
yyzd_sndmlrze=
yyzd_sndyye=
yyzd_bdw=
yyzd_bdwmx=
yyzd_xbdm=
yyzd_jrbe=
yyzd_jzfs=
yyzd_bxje=
yyzd_bffl=
yyzd_dqflbz=
yyzd_ysbf=
fsh=5
xsfdj=A
xsfxs=2
jgx_sf=
jgx_cs=
jgx_qx=
jgx_gcdd=
jgx_bb=
jgx_gcmc=
jgx_gclx_1=
jgx_gclx_2=
jgx_gclx_3=
jgx_gclx_4=
jgx_gclx_5=
jgx_gclx_6=
jgx_yzssjt=
jgx_yz=
jgx_cbs_ssjt=
jgx_cbs=
jgx_gchth=
jgx_gcjz=
jgx_gcqsrq=
jgx_gczzrq=
jgx_gcfw=
jgx_scqqsrq=
jgx_scqzzrq=
jgx_bzqqsrq=
jgx_bzqzzrq=
jgx_ws_xmlbdm=
jgx_ws_jrbe=
jgx_ws_bxje=
jgx_ws_fl=
jgx_ws_dqflbz=
jgx_ws_ysbf=
jgx_sz_xbdm=
jgx_sz_jrbe=
jgx_sz_ljpcxe=
jgx_sz_fv=
jgx_sz_dqflbz=
jgx_sz_ysbf=
proposalNumber=06201890122202000000000005
message=未知异常Currently focused window has been closed.
Build info: version: '3.9.0', revision: '698b3178f0', time: '2018-02-05T14:26:55.441Z'
System info: host: 'DESKTOP-I9S3ABE', ip: '100.100.96.220', os.name: 'Windows 10', os.arch: 'amd64', os.version: '10.0', java.version: '1.8.0_101'
Driver info: org.openqa.selenium.ie.InternetExplorerDriver
Capabilities {acceptInsecureCerts: false, browserName: internet explorer, browserVersion: 11, javascriptEnabled: true, pageLoadStrategy: normal, platform: WINDOWS, platformName: WINDOWS, proxy: Proxy(), se:ieOptions: {browserAttachTimeout: 0, elementScrollBehavior: 0, enablePersistentHover: true, ie.browserCommandLineSwitches: , ie.ensureCleanSession: false, ie.fileUploadDialogTimeout: 3000, ie.forceCreateProcessApi: false, ignoreProtectedModeSettings: true, ignoreZoomSetting: false, initialBrowserUrl: http://localhost:48130/, nativeEvents: true, requireWindowFocus: false}, setWindowRect: true, timeouts: {implicit: 0, pageLoad: 300000, script: 30000}, unhandledPromptBehavior: ignore}
Session ID: 7a56cff7-bff3-4e73-9241-177c580d1162
*** Element info: {Using=name, value=fieldValue}
screenshot=
testCaseName=FCCB_TBCL

2020/07/14 10:53:18:915  INFO com.sinosoft.test.base.TestBase:132 - 进入Finally事件:RowID:3
2020/07/14 10:53:18:915  INFO com.sinosoft.test.base.TestBase:133 - 进入Finally事件:testCaseName:FCCB_TBCL
2020/07/14 10:53:18:915  INFO com.sinosoft.test.base.TestBase:134 - 进入Finally事件:proposalNumber:06201890122202000000000005
2020/07/14 10:53:18:915  INFO com.sinosoft.test.base.TestBase:135 - 进入Finally事件:message:未知异常Currently focused window has been closed.
Build info: version: '3.9.0', revision: '698b3178f0', time: '2018-02-05T14:26:55.441Z'
System info: host: 'DESKTOP-I9S3ABE', ip: '100.100.96.220', os.name: 'Windows 10', os.arch: 'amd64', os.version: '10.0', java.version: '1.8.0_101'
Driver info: org.openqa.selenium.ie.InternetExplorerDriver
Capabilities {acceptInsecureCerts: false, browserName: internet explorer, browserVersion: 11, javascriptEnabled: true, pageLoadStrategy: normal, platform: WINDOWS, platformName: WINDOWS, proxy: Proxy(), se:ieOptions: {browserAttachTimeout: 0, elementScrollBehavior: 0, enablePersistentHover: true, ie.browserCommandLineSwitches: , ie.ensureCleanSession: false, ie.fileUploadDialogTimeout: 3000, ie.forceCreateProcessApi: false, ignoreProtectedModeSettings: true, ignoreZoomSetting: false, initialBrowserUrl: http://localhost:48130/, nativeEvents: true, requireWindowFocus: false}, setWindowRect: true, timeouts: {implicit: 0, pageLoad: 300000, script: 30000}, unhandledPromptBehavior: ignore}
Session ID: 7a56cff7-bff3-4e73-9241-177c580d1162
*** Element info: {Using=name, value=fieldValue}
2020/07/14 10:53:18:916  INFO com.sinosoft.test.base.TestBase:136 - 进入Finally事件:screenshot:
2020/07/14 10:53:19:053  INFO com.sinosoft.test.base.TestBase:91 - start InternetExplorerDriver
2020/07/14 10:53:20:997 DEBUG com.sinosoft.test.base.TestBase:69 - 初始化class com.sinosoft.test.util.WebEventListener
2020/07/14 10:53:21:014  INFO com.sinosoft.test.base.TestBase:80 - 开始运行测试脚本，获取到的测试数据《getTBCLTestData》如下:
2020/07/14 10:53:21:014  INFO com.sinosoft.test.base.TestBase:81 - ROW_ID=4
ProcessFlag=N
TestCaseName=FCCB_TB_GCX
TestCaseSeq=1
TestDescription=非车承保企财险-建工一切险-出单
riskClass=07
riskCode=0701
renewalInd=0
renewalPolicy=
prePay=
carrayOver=
carrayOverPolicy=
relatedInd=
relatedPolicy=
fbbs=
ywgs=01620190
qdlx=01
gdbs=6
xstd=T6201900101
ywy=S000000006
ywly=01010101
dljg=
xsxy=
cxywbs=YDW
cdjg=01
htzyjjfs=2
jnwbz=
jw_country=
jw_Addr=
snbz=
sftkbd=0
sfdzbd=0
sfxb=0
fxqkyjytz=
sfydyw=
sfsn=
xbbdh=
tbr_lx=1
tbr_mc=
tbr_vip=
tbr_dm=I11101757160
tbr_zjlx=
tbr_zjhm=
tbr_sj=
tbr_csrq=
tbr_lxdz=
tbr_dwdh=
lxr_xm=
lxr_xb=
lxr_zw=
lxr_sj=
lxr_yx=
xzsyfw=1
tqmc=
qbrq=
zbrq=
lgbbz=0
yyzdbz=
sfgxdm=1
cbdq=0001
zzfwlx=0
hydl=
hyxl=
jqbm=
bbdm=
sf=
cs=
qx=
yb=
jzdj=
bxcs=
bdw_jd=
bdw_yyxz=
bdw_sfhyf=
bdw_fxlx=
bdw_sbmc=
bdw_cjh=
bdw_fdjh=
bdw_cjdjrq=
bdw_cllx=
bdw_cpcx=
bdw_sccj=
bdw_gzjz=
bdw_sgzyqy=
bdw_zylx=
bdw=
bdwmx=
xbdm=
jrbe=
jzfs=
bxje=
bffl=
dqflbz=
ysbf=
yyzd_zdpcg=
yyzd_sndmlrze=
yyzd_sndyye=
yyzd_bdw=
yyzd_bdwmx=
yyzd_xbdm=
yyzd_jrbe=
yyzd_jzfs=
yyzd_bxje=
yyzd_bffl=
yyzd_dqflbz=
yyzd_ysbf=
fsh=5
xsfdj=A
xsfxs=2
jgx_sf=620000
jgx_cs=620100
jgx_qx=620102
jgx_gcdd=市政府家属院
jgx_bb=CNY
jgx_gcmc=市政府家属院污水改造工程
jgx_gclx_1=001
jgx_gclx_2=002
jgx_gclx_3=005
jgx_gclx_4=
jgx_gclx_5=006
jgx_gclx_6=007
jgx_yzssjt=0020
jgx_yz=00200001
jgx_cbs_ssjt=9999
jgx_cbs=99990018
jgx_gchth=JGX00020002001
jgx_gcjz=20000000
jgx_gcqsrq=20200301
jgx_gczzrq=20201231
jgx_gcfw=商业体开发及装修
jgx_scqqsrq=20200301
jgx_scqzzrq=20200331
jgx_bzqqsrq=20210101
jgx_bzqzzrq=20211231
jgx_ws_xmlbdm=070001
jgx_ws_jrbe=1
jgx_ws_bxje=20000000
jgx_ws_fl=4
jgx_ws_dqflbz=4
jgx_ws_ysbf=8000
jgx_sz_xbdm=0701034
jgx_sz_jrbe=1
jgx_sz_ljpcxe=10,000,000.00
jgx_sz_fv=2
jgx_sz_dqflbz=4
jgx_sz_ysbf=2000
proposalNumber=06201900701202000000000091
message=
screenshot=
testCaseName=FCCB_TBCL

2020/07/14 10:53:21:015  INFO com.sinosoft.test.base.TestBase:132 - 进入Finally事件:RowID:4
2020/07/14 10:53:21:015  INFO com.sinosoft.test.base.TestBase:133 - 进入Finally事件:testCaseName:FCCB_TBCL
2020/07/14 10:53:21:015  INFO com.sinosoft.test.base.TestBase:134 - 进入Finally事件:proposalNumber:06201900701202000000000091
2020/07/14 10:53:21:015  INFO com.sinosoft.test.base.TestBase:135 - 进入Finally事件:message:
2020/07/14 10:53:21:015  INFO com.sinosoft.test.base.TestBase:136 - 进入Finally事件:screenshot:
2020/07/14 10:53:21:273  INFO com.sinosoft.test.base.TestBase:91 - start InternetExplorerDriver
2020/07/14 10:53:23:548 DEBUG com.sinosoft.test.base.TestBase:69 - 初始化class com.sinosoft.test.util.WebEventListener
2020/07/14 10:53:23:564  INFO com.sinosoft.test.base.TestBase:80 - 开始运行测试脚本，获取到的测试数据《getTBCLTestData》如下:
2020/07/14 10:53:23:564  INFO com.sinosoft.test.base.TestBase:81 - ROW_ID=5
ProcessFlag=N
TestCaseName=FCCB_TB_JCX
TestCaseSeq=2
TestDescription=非车承保企财险-机器损坏保险-出单
riskClass=01
riskCode=0107
renewalInd=0
renewalPolicy=
prePay=
carrayOver=
carrayOverPolicy=
relatedInd=
relatedPolicy=
fbbs=
ywgs=01620190
qdlx=04
gdbs=0
xstd=T6209880101
ywy=S000000029
ywly=01010101
dljg=
xsxy=
cxywbs=HXXT
cdjg=
htzyjjfs=
jnwbz=
jw_country=
jw_Addr=
snbz=
sftkbd=0
sfdzbd=0
sfxb=0
fxqkyjytz=
sfydyw=
sfsn=
xbbdh=
tbr_lx=2
tbr_mc=
tbr_vip=
tbr_dm=G6200019984
tbr_zjlx=
tbr_zjhm=
tbr_sj=
tbr_csrq=
tbr_lxdz=
tbr_dwdh=010-67549095-455
lxr_xm=
lxr_xb=
lxr_zw=
lxr_sj=
lxr_yx=
xzsyfw=1
tqmc=
qbrq=
zbrq=
lgbbz=0
yyzdbz=0
sfgxdm=1
cbdq=
zzfwlx=2
hydl=03
hyxl=03006
jqbm=121121123123
bbdm=CNY
sf=130000
cs=130300
qx=130302
yb=065201
jzdj=01
bxcs=北戴河公园
bdw_jd=西城区月坛街道
bdw_yyxz=01
bdw_sfhyf=0
bdw_fxlx=03
bdw_sbmc=
bdw_cjh=
bdw_fdjh=
bdw_cjdjrq=
bdw_cllx=
bdw_cpcx=
bdw_sccj=
bdw_gzjz=
bdw_sgzyqy=
bdw_zylx=
bdw=010007
bdwmx=
xbdm=0107001
jrbe=1
jzfs=09
bxje=2000000
bffl=0.5
dqflbz=2
ysbf=8000
yyzd_zdpcg=
yyzd_sndmlrze=
yyzd_sndyye=
yyzd_bdw=
yyzd_bdwmx=
yyzd_xbdm=
yyzd_jrbe=
yyzd_jzfs=
yyzd_bxje=
yyzd_bffl=
yyzd_dqflbz=
yyzd_ysbf=
fsh=5
xsfdj=A
xsfxs=2
jgx_sf=
jgx_cs=
jgx_qx=
jgx_gcdd=
jgx_bb=
jgx_gcmc=
jgx_gclx_1=
jgx_gclx_2=
jgx_gclx_3=
jgx_gclx_4=
jgx_gclx_5=
jgx_gclx_6=
jgx_yzssjt=
jgx_yz=
jgx_cbs_ssjt=
jgx_cbs=
jgx_gchth=
jgx_gcjz=
jgx_gcqsrq=
jgx_gczzrq=
jgx_gcfw=
jgx_scqqsrq=
jgx_scqzzrq=
jgx_bzqqsrq=
jgx_bzqzzrq=
jgx_ws_xmlbdm=
jgx_ws_jrbe=
jgx_ws_bxje=
jgx_ws_fl=
jgx_ws_dqflbz=
jgx_ws_ysbf=
jgx_sz_xbdm=
jgx_sz_jrbe=
jgx_sz_ljpcxe=
jgx_sz_fv=
jgx_sz_dqflbz=
jgx_sz_ysbf=
proposalNumber=06201890107202000000000005
message=未知异常Currently focused window has been closed.
Build info: version: '3.9.0', revision: '698b3178f0', time: '2018-02-05T14:26:55.441Z'
System info: host: 'DESKTOP-I9S3ABE', ip: '100.100.93.42', os.name: 'Windows 10', os.arch: 'amd64', os.version: '10.0', java.version: '1.8.0_101'
Driver info: org.openqa.selenium.ie.InternetExplorerDriver
Capabilities {acceptInsecureCerts: false, browserName: internet explorer, browserVersion: 11, javascriptEnabled: true, pageLoadStrategy: normal, platform: WINDOWS, platformName: WINDOWS, proxy: Proxy(), se:ieOptions: {browserAttachTimeout: 0, elementScrollBehavior: 0, enablePersistentHover: true, ie.browserCommandLineSwitches: , ie.ensureCleanSession: false, ie.fileUploadDialogTimeout: 3000, ie.forceCreateProcessApi: false, ignoreProtectedModeSettings: true, ignoreZoomSetting: false, initialBrowserUrl: http://localhost:15976/, nativeEvents: true, requireWindowFocus: false}, setWindowRect: true, timeouts: {implicit: 0, pageLoad: 300000, script: 30000}, unhandledPromptBehavior: ignore}
Session ID: a4ddda5b-3c22-4027-b7dd-dd77604460c0
*** Element info: {Using=name, value=codeselect}
screenshot=
testCaseName=FCCB_TBCL

2020/07/14 10:53:23:565  INFO com.sinosoft.test.base.TestBase:132 - 进入Finally事件:RowID:5
2020/07/14 10:53:23:565  INFO com.sinosoft.test.base.TestBase:133 - 进入Finally事件:testCaseName:FCCB_TBCL
2020/07/14 10:53:23:565  INFO com.sinosoft.test.base.TestBase:134 - 进入Finally事件:proposalNumber:06201890107202000000000005
2020/07/14 10:53:23:565  INFO com.sinosoft.test.base.TestBase:135 - 进入Finally事件:message:未知异常Currently focused window has been closed.
Build info: version: '3.9.0', revision: '698b3178f0', time: '2018-02-05T14:26:55.441Z'
System info: host: 'DESKTOP-I9S3ABE', ip: '100.100.93.42', os.name: 'Windows 10', os.arch: 'amd64', os.version: '10.0', java.version: '1.8.0_101'
Driver info: org.openqa.selenium.ie.InternetExplorerDriver
Capabilities {acceptInsecureCerts: false, browserName: internet explorer, browserVersion: 11, javascriptEnabled: true, pageLoadStrategy: normal, platform: WINDOWS, platformName: WINDOWS, proxy: Proxy(), se:ieOptions: {browserAttachTimeout: 0, elementScrollBehavior: 0, enablePersistentHover: true, ie.browserCommandLineSwitches: , ie.ensureCleanSession: false, ie.fileUploadDialogTimeout: 3000, ie.forceCreateProcessApi: false, ignoreProtectedModeSettings: true, ignoreZoomSetting: false, initialBrowserUrl: http://localhost:15976/, nativeEvents: true, requireWindowFocus: false}, setWindowRect: true, timeouts: {implicit: 0, pageLoad: 300000, script: 30000}, unhandledPromptBehavior: ignore}
Session ID: a4ddda5b-3c22-4027-b7dd-dd77604460c0
*** Element info: {Using=name, value=codeselect}
2020/07/14 10:53:23:566  INFO com.sinosoft.test.base.TestBase:136 - 进入Finally事件:screenshot:
2020/07/14 10:53:24:164 DEBUG freemarker.cache:45 - Couldn't find template in cache for "index.ftl"("en", UTF-8, parsed); will try to load it.
2020/07/14 10:53:24:166 DEBUG freemarker.cache:45 - TemplateLoader.findTemplateSource("index_en.ftl"): Not found
2020/07/14 10:53:24:169 DEBUG freemarker.cache:45 - TemplateLoader.findTemplateSource("index.ftl"): Found
2020/07/14 10:53:24:169 DEBUG freemarker.cache:45 - Loading template for "index.ftl"("en", UTF-8, parsed) from "jar:file:/C:/Users/liu-b/.m2/repository/com/aventstack/extentreports/3.1.3/extentreports-3.1.3.jar!/com/aventstack/extentreports/view/html-report/index.ftl"
2020/07/14 10:53:24:552 DEBUG freemarker.cache:45 - Couldn't find template in cache for "head.ftl"("en", UTF-8, parsed); will try to load it.
2020/07/14 10:53:24:553 DEBUG freemarker.cache:45 - TemplateLoader.findTemplateSource("head_en.ftl"): Not found
2020/07/14 10:53:24:553 DEBUG freemarker.cache:45 - TemplateLoader.findTemplateSource("head.ftl"): Found
2020/07/14 10:53:24:554 DEBUG freemarker.cache:45 - Loading template for "head.ftl"("en", UTF-8, parsed) from "jar:file:/C:/Users/liu-b/.m2/repository/com/aventstack/extentreports/3.1.3/extentreports-3.1.3.jar!/com/aventstack/extentreports/view/html-report/head.ftl"
2020/07/14 10:53:24:564 DEBUG freemarker.cache:45 - Couldn't find template in cache for "nav.ftl"("en", UTF-8, parsed); will try to load it.
2020/07/14 10:53:24:565 DEBUG freemarker.cache:45 - TemplateLoader.findTemplateSource("nav_en.ftl"): Not found
2020/07/14 10:53:24:566 DEBUG freemarker.cache:45 - TemplateLoader.findTemplateSource("nav.ftl"): Found
2020/07/14 10:53:24:567 DEBUG freemarker.cache:45 - Loading template for "nav.ftl"("en", UTF-8, parsed) from "jar:file:/C:/Users/liu-b/.m2/repository/com/aventstack/extentreports/3.1.3/extentreports-3.1.3.jar!/com/aventstack/extentreports/view/html-report/nav.ftl"
2020/07/14 10:53:24:584 DEBUG freemarker.cache:45 - Couldn't find template in cache for "test-view/test-view.ftl"("en", UTF-8, parsed); will try to load it.
2020/07/14 10:53:24:584 DEBUG freemarker.cache:45 - TemplateLoader.findTemplateSource("test-view/test-view_en.ftl"): Not found
2020/07/14 10:53:24:585 DEBUG freemarker.cache:45 - TemplateLoader.findTemplateSource("test-view/test-view.ftl"): Found
2020/07/14 10:53:24:585 DEBUG freemarker.cache:45 - Loading template for "test-view/test-view.ftl"("en", UTF-8, parsed) from "jar:file:/C:/Users/liu-b/.m2/repository/com/aventstack/extentreports/3.1.3/extentreports-3.1.3.jar!/com/aventstack/extentreports/view/html-report/test-view/test-view.ftl"
2020/07/14 10:53:24:601 DEBUG freemarker.cache:45 - Couldn't find template in cache for "test-view/test-view-charts.ftl"("en", UTF-8, parsed); will try to load it.
2020/07/14 10:53:24:602 DEBUG freemarker.cache:45 - TemplateLoader.findTemplateSource("test-view/test-view-charts_en.ftl"): Not found
2020/07/14 10:53:24:603 DEBUG freemarker.cache:45 - TemplateLoader.findTemplateSource("test-view/test-view-charts.ftl"): Found
2020/07/14 10:53:24:603 DEBUG freemarker.cache:45 - Loading template for "test-view/test-view-charts.ftl"("en", UTF-8, parsed) from "jar:file:/C:/Users/liu-b/.m2/repository/com/aventstack/extentreports/3.1.3/extentreports-3.1.3.jar!/com/aventstack/extentreports/view/html-report/test-view/test-view-charts.ftl"
2020/07/14 10:53:24:630 DEBUG freemarker.cache:45 - Couldn't find template in cache for "test-view/standard.ftl"("en", UTF-8, parsed); will try to load it.
2020/07/14 10:53:24:631 DEBUG freemarker.cache:45 - TemplateLoader.findTemplateSource("test-view/standard_en.ftl"): Not found
2020/07/14 10:53:24:632 DEBUG freemarker.cache:45 - TemplateLoader.findTemplateSource("test-view/standard.ftl"): Found
2020/07/14 10:53:24:632 DEBUG freemarker.cache:45 - Loading template for "test-view/standard.ftl"("en", UTF-8, parsed) from "jar:file:/C:/Users/liu-b/.m2/repository/com/aventstack/extentreports/3.1.3/extentreports-3.1.3.jar!/com/aventstack/extentreports/view/html-report/test-view/standard.ftl"
2020/07/14 10:53:24:662 DEBUG freemarker.cache:45 - "test-view/standard.ftl"("en", UTF-8, parsed) cached copy not yet stale; using cached.
2020/07/14 10:53:24:664 DEBUG freemarker.cache:45 - "test-view/standard.ftl"("en", UTF-8, parsed) cached copy not yet stale; using cached.
2020/07/14 10:53:24:667 DEBUG freemarker.cache:45 - "test-view/standard.ftl"("en", UTF-8, parsed) cached copy not yet stale; using cached.
2020/07/14 10:53:24:669 DEBUG freemarker.cache:45 - Couldn't find template in cache for "category-view/category-view.ftl"("en", UTF-8, parsed); will try to load it.
2020/07/14 10:53:24:670 DEBUG freemarker.cache:45 - TemplateLoader.findTemplateSource("category-view/category-view_en.ftl"): Not found
2020/07/14 10:53:24:671 DEBUG freemarker.cache:45 - TemplateLoader.findTemplateSource("category-view/category-view.ftl"): Found
2020/07/14 10:53:24:671 DEBUG freemarker.cache:45 - Loading template for "category-view/category-view.ftl"("en", UTF-8, parsed) from "jar:file:/C:/Users/liu-b/.m2/repository/com/aventstack/extentreports/3.1.3/extentreports-3.1.3.jar!/com/aventstack/extentreports/view/html-report/category-view/category-view.ftl"
2020/07/14 10:53:24:680 DEBUG freemarker.cache:45 - Couldn't find template in cache for "author-view/author-view.ftl"("en", UTF-8, parsed); will try to load it.
2020/07/14 10:53:24:681 DEBUG freemarker.cache:45 - TemplateLoader.findTemplateSource("author-view/author-view_en.ftl"): Not found
2020/07/14 10:53:24:682 DEBUG freemarker.cache:45 - TemplateLoader.findTemplateSource("author-view/author-view.ftl"): Found
2020/07/14 10:53:24:682 DEBUG freemarker.cache:45 - Loading template for "author-view/author-view.ftl"("en", UTF-8, parsed) from "jar:file:/C:/Users/liu-b/.m2/repository/com/aventstack/extentreports/3.1.3/extentreports-3.1.3.jar!/com/aventstack/extentreports/view/html-report/author-view/author-view.ftl"
2020/07/14 10:53:24:689 DEBUG freemarker.cache:45 - Couldn't find template in cache for "exception-view/exception-view.ftl"("en", UTF-8, parsed); will try to load it.
2020/07/14 10:53:24:694 DEBUG freemarker.cache:45 - TemplateLoader.findTemplateSource("exception-view/exception-view_en.ftl"): Not found
2020/07/14 10:53:24:696 DEBUG freemarker.cache:45 - TemplateLoader.findTemplateSource("exception-view/exception-view.ftl"): Found
2020/07/14 10:53:24:697 DEBUG freemarker.cache:45 - Loading template for "exception-view/exception-view.ftl"("en", UTF-8, parsed) from "jar:file:/C:/Users/liu-b/.m2/repository/com/aventstack/extentreports/3.1.3/extentreports-3.1.3.jar!/com/aventstack/extentreports/view/html-report/exception-view/exception-view.ftl"
2020/07/14 10:53:24:713 DEBUG freemarker.cache:45 - Couldn't find template in cache for "dashboard-view/dashboard-view.ftl"("en", UTF-8, parsed); will try to load it.
2020/07/14 10:53:24:714 DEBUG freemarker.cache:45 - TemplateLoader.findTemplateSource("dashboard-view/dashboard-view_en.ftl"): Not found
2020/07/14 10:53:24:715 DEBUG freemarker.cache:45 - TemplateLoader.findTemplateSource("dashboard-view/dashboard-view.ftl"): Found
2020/07/14 10:53:24:716 DEBUG freemarker.cache:45 - Loading template for "dashboard-view/dashboard-view.ftl"("en", UTF-8, parsed) from "jar:file:/C:/Users/liu-b/.m2/repository/com/aventstack/extentreports/3.1.3/extentreports-3.1.3.jar!/com/aventstack/extentreports/view/html-report/dashboard-view/dashboard-view.ftl"
2020/07/14 10:53:24:733 DEBUG freemarker.cache:45 - Couldn't find template in cache for "logs-view/testrunner-logs-view.ftl"("en", UTF-8, parsed); will try to load it.
2020/07/14 10:53:24:734 DEBUG freemarker.cache:45 - TemplateLoader.findTemplateSource("logs-view/testrunner-logs-view_en.ftl"): Not found
2020/07/14 10:53:24:735 DEBUG freemarker.cache:45 - TemplateLoader.findTemplateSource("logs-view/testrunner-logs-view.ftl"): Found
2020/07/14 10:53:24:735 DEBUG freemarker.cache:45 - Loading template for "logs-view/testrunner-logs-view.ftl"("en", UTF-8, parsed) from "jar:file:/C:/Users/liu-b/.m2/repository/com/aventstack/extentreports/3.1.3/extentreports-3.1.3.jar!/com/aventstack/extentreports/view/html-report/logs-view/testrunner-logs-view.ftl"
2020/07/14 10:56:46:541  INFO com.sinosoft.test.base.TestBase:59 - 配置文件路径：config.properties
2020/07/14 10:56:46:544 DEBUG com.sinosoft.test.base.TestBase:69 - 初始化class com.sinosoft.testcases.fccb.TBGLTestCase
2020/07/14 10:56:46:594 DEBUG com.sinosoft.test.base.TestBase:69 - 初始化class com.sinosoft.test.util.ExcelDataProvider
2020/07/14 10:56:47:311  INFO com.sinosoft.test.base.TestBase:80 - 当前文件里面一共有数据：4
2020/07/14 10:56:47:353  INFO com.sinosoft.test.base.TestBase:91 - start InternetExplorerDriver
2020/07/14 10:56:49:528 DEBUG com.sinosoft.test.base.TestBase:69 - 初始化class com.sinosoft.test.util.WebEventListener
2020/07/14 10:56:49:549  INFO com.sinosoft.test.base.TestBase:80 - 开始运行测试脚本，获取到的测试数据《getTBCLTestData》如下:
2020/07/14 10:56:49:550  INFO com.sinosoft.test.base.TestBase:81 - ROW_ID=2
ProcessFlag=Y
TestCaseName=FCCB_TB_JCX
TestCaseSeq=1
TestDescription=非车承保企财险-财产基本险-出单
riskClass=01
riskCode=0101
renewalInd=0
renewalPolicy=
prePay=
carrayOver=
carrayOverPolicy=
relatedInd=
relatedPolicy=
fbbs=
ywgs=01620190
qdlx=01
gdbs=0
xstd=T6201900101
ywy=S000000006
ywly=01010101
dljg=
xsxy=
cxywbs=HXXT
cdjg=
htzyjjfs=
jnwbz=
jw_country=
jw_Addr=
snbz=
sftkbd=0
sfdzbd=0
sfxb=0
fxqkyjytz=
sfydyw=
sfsn=
xbbdh=
tbr_lx=2
tbr_mc=
tbr_vip=
tbr_dm=G6200019603
tbr_zjlx=
tbr_zjhm=
tbr_sj=
tbr_csrq=
tbr_lxdz=
tbr_dwdh=010-67549095-456
lxr_xm=
lxr_xb=
lxr_zw=
lxr_sj=
lxr_yx=
xzsyfw=1
tqmc=
qbrq=
zbrq=
lgbbz=1
yyzdbz=1
sfgxdm=1
cbdq=
zzfwlx=0
hydl=12
hyxl=12006
jqbm=121121123123
bbdm=CNY
sf=130000
cs=130300
qx=130302
yb=065201
jzdj=01
bxcs=北戴河公园
bdw_jd=金融街街道
bdw_yyxz=
bdw_sfhyf=
bdw_fxlx=
bdw_sbmc=
bdw_cjh=
bdw_fdjh=
bdw_cjdjrq=
bdw_cllx=
bdw_cpcx=
bdw_sccj=
bdw_gzjz=
bdw_sgzyqy=
bdw_zylx=
bdw=010001
bdwmx=碣石公园礁石群
xbdm=0101001
jrbe=1
jzfs=10
bxje=2000000
bffl=0.5
dqflbz=2
ysbf=400
yyzd_zdpcg=24
yyzd_sndmlrze=6000000
yyzd_sndyye=20000000
yyzd_bdw=010056
yyzd_bdwmx=
yyzd_xbdm=0105001
yyzd_jrbe=1
yyzd_jzfs=18
yyzd_bxje=200000
yyzd_bffl=3
yyzd_dqflbz=3
yyzd_ysbf=4000
fsh=6
xsfdj=B
xsfxs=2
jgx_sf=
jgx_cs=
jgx_qx=
jgx_gcdd=
jgx_bb=
jgx_gcmc=
jgx_gclx_1=
jgx_gclx_2=
jgx_gclx_3=
jgx_gclx_4=
jgx_gclx_5=
jgx_gclx_6=
jgx_yzssjt=
jgx_yz=
jgx_cbs_ssjt=
jgx_cbs=
jgx_gchth=
jgx_gcjz=
jgx_gcqsrq=
jgx_gczzrq=
jgx_gcfw=
jgx_scqqsrq=
jgx_scqzzrq=
jgx_bzqqsrq=
jgx_bzqzzrq=
jgx_ws_xmlbdm=
jgx_ws_jrbe=
jgx_ws_bxje=
jgx_ws_fl=
jgx_ws_dqflbz=
jgx_ws_ysbf=
jgx_sz_xbdm=
jgx_sz_jrbe=
jgx_sz_ljpcxe=
jgx_sz_fv=
jgx_sz_dqflbz=
jgx_sz_ysbf=
proposalNumber=06201890101202000000000224
message=未知弹窗_
screenshot=C:\Users\liu-b\git\PageObjectModel\screenshots\FCCB_TB_JCX_1_未知弹窗_20200714105313780.png
testCaseName=FCCB_TBCL

2020/07/14 10:56:49:558 DEBUG com.sinosoft.test.base.TestBase:69 - 初始化class com.sinosoft.test.fccp.common.LoginPage
2020/07/14 10:56:54:587 DEBUG com.sinosoft.test.base.TestBase:26 - Before navigating to: 'http://tvfchxyw.ypic.cn'
2020/07/14 10:56:55:038 DEBUG com.sinosoft.test.base.TestBase:30 - Navigated to:'http://tvfchxyw.ypic.cn'
2020/07/14 10:56:55:039 DEBUG com.sinosoft.test.base.TestBase:76 - Trying to find Element By : By.id: username
2020/07/14 10:56:55:210 DEBUG com.sinosoft.test.base.TestBase:80 - Found Element By : By.id: username
2020/07/14 10:56:55:218  INFO com.sinosoft.test.base.TestBase:360 - setEditboxValue:[[InternetExplorerDriver: internet explorer on WINDOWS (ebcaedd1-e9e1-46eb-89b5-72bd2629f588)] -> id: username]：policy1@ypic
2020/07/14 10:56:55:218 DEBUG com.sinosoft.test.base.TestBase:76 - Trying to find Element By : By.id: username
2020/07/14 10:56:55:371 DEBUG com.sinosoft.test.base.TestBase:80 - Found Element By : By.id: username
2020/07/14 10:56:55:680 DEBUG com.sinosoft.test.base.TestBase:76 - Trying to find Element By : By.id: username
2020/07/14 10:56:55:812 DEBUG com.sinosoft.test.base.TestBase:80 - Found Element By : By.id: username
2020/07/14 10:56:56:295 DEBUG com.sinosoft.test.base.TestBase:76 - Trying to find Element By : By.id: username
2020/07/14 10:56:56:468 DEBUG com.sinosoft.test.base.TestBase:80 - Found Element By : By.id: username
2020/07/14 10:56:56:469  INFO com.sinosoft.test.base.TestBase:363 - setEditboxValue—End:[[InternetExplorerDriver: internet explorer on WINDOWS (ebcaedd1-e9e1-46eb-89b5-72bd2629f588)] -> id: username]：policy1@ypic
2020/07/14 10:56:56:469 DEBUG com.sinosoft.test.base.TestBase:76 - Trying to find Element By : By.id: password
2020/07/14 10:56:56:621 DEBUG com.sinosoft.test.base.TestBase:80 - Found Element By : By.id: password
2020/07/14 10:56:56:622  INFO com.sinosoft.test.base.TestBase:360 - setEditboxValue:[[InternetExplorerDriver: internet explorer on WINDOWS (ebcaedd1-e9e1-46eb-89b5-72bd2629f588)] -> id: password]：ypic@1234
2020/07/14 10:56:56:622 DEBUG com.sinosoft.test.base.TestBase:76 - Trying to find Element By : By.id: password
2020/07/14 10:56:56:784 DEBUG com.sinosoft.test.base.TestBase:80 - Found Element By : By.id: password
2020/07/14 10:56:57:112 DEBUG com.sinosoft.test.base.TestBase:76 - Trying to find Element By : By.id: password
2020/07/14 10:56:57:270 DEBUG com.sinosoft.test.base.TestBase:80 - Found Element By : By.id: password
2020/07/14 10:56:57:670 DEBUG com.sinosoft.test.base.TestBase:76 - Trying to find Element By : By.id: password
2020/07/14 10:56:57:822 DEBUG com.sinosoft.test.base.TestBase:80 - Found Element By : By.id: password
2020/07/14 10:56:57:823  INFO com.sinosoft.test.base.TestBase:363 - setEditboxValue—End:[[InternetExplorerDriver: internet explorer on WINDOWS (ebcaedd1-e9e1-46eb-89b5-72bd2629f588)] -> id: password]：ypic@1234
2020/07/14 10:56:57:823 DEBUG com.sinosoft.test.base.TestBase:76 - Trying to find Element By : By.id: bt_submit
2020/07/14 10:56:57:971 DEBUG com.sinosoft.test.base.TestBase:80 - Found Element By : By.id: bt_submit
2020/07/14 10:56:57:971  INFO com.sinosoft.test.base.TestBase:402 - clickButton:[[InternetExplorerDriver: internet explorer on WINDOWS (ebcaedd1-e9e1-46eb-89b5-72bd2629f588)] -> id: bt_submit]
2020/07/14 10:56:57:972 DEBUG com.sinosoft.test.base.TestBase:76 - Trying to find Element By : By.id: bt_submit
2020/07/14 10:56:58:120 DEBUG com.sinosoft.test.base.TestBase:80 - Found Element By : By.id: bt_submit
2020/07/14 10:56:58:121 DEBUG com.sinosoft.test.base.TestBase:42 - Trying to click on: [[InternetExplorerDriver: internet explorer on WINDOWS (ebcaedd1-e9e1-46eb-89b5-72bd2629f588)] -> id: bt_submit]
2020/07/14 10:57:00:399 DEBUG com.sinosoft.test.base.TestBase:46 - Clicked on: [[InternetExplorerDriver: internet explorer on WINDOWS (ebcaedd1-e9e1-46eb-89b5-72bd2629f588)] -> id: bt_submit]
2020/07/14 10:57:00:404 DEBUG com.sinosoft.test.base.TestBase:76 - Trying to find Element By : By.xpath: //input[@value='继续登录']
2020/07/14 10:57:02:540 DEBUG com.sinosoft.test.base.TestBase:66 - 系统自动捕获异常：Exception occured: org.openqa.selenium.NoSuchElementException: Unable to find element with xpath == //input[@value='继续登录']
For documentation on this error, please visit: http://seleniumhq.org/exceptions/no_such_element.html
Build info: version: '3.9.0', revision: '698b3178f0', time: '2018-02-05T14:26:55.441Z'
System info: host: 'DESKTOP-I9S3ABE', ip: '100.100.96.220', os.name: 'Windows 10', os.arch: 'amd64', os.version: '10.0', java.version: '1.8.0_101'
Driver info: org.openqa.selenium.ie.InternetExplorerDriver
Capabilities {acceptInsecureCerts: false, browserName: internet explorer, browserVersion: 11, javascriptEnabled: true, pageLoadStrategy: normal, platform: WINDOWS, platformName: WINDOWS, proxy: Proxy(), se:ieOptions: {browserAttachTimeout: 0, elementScrollBehavior: 0, enablePersistentHover: true, ie.browserCommandLineSwitches: , ie.ensureCleanSession: false, ie.fileUploadDialogTimeout: 3000, ie.forceCreateProcessApi: false, ignoreProtectedModeSettings: true, ignoreZoomSetting: false, initialBrowserUrl: http://localhost:37532/, nativeEvents: true, requireWindowFocus: false}, setWindowRect: true, timeouts: {implicit: 0, pageLoad: 300000, script: 30000}, unhandledPromptBehavior: ignore}
Session ID: ebcaedd1-e9e1-46eb-89b5-72bd2629f588
*** Element info: {Using=xpath, value=//input[@value='继续登录']}
2020/07/14 10:57:02:541  INFO com.sinosoft.test.base.TestBase:68 - 异常的message 是：Unable to find element with xpath == //input[@value='继续登录']
For documentation on this error, please visit: http://seleniumhq.org/exceptions/no_such_element.html
Build info: version: '3.9.0', revision: '698b3178f0', time: '2018-02-05T14:26:55.441Z'
System info: host: 'DESKTOP-I9S3ABE', ip: '100.100.96.220', os.name: 'Windows 10', os.arch: 'amd64', os.version: '10.0', java.version: '1.8.0_101'
Driver info: org.openqa.selenium.ie.InternetExplorerDriver
Capabilities {acceptInsecureCerts: false, browserName: internet explorer, browserVersion: 11, javascriptEnabled: true, pageLoadStrategy: normal, platform: WINDOWS, platformName: WINDOWS, proxy: Proxy(), se:ieOptions: {browserAttachTimeout: 0, elementScrollBehavior: 0, enablePersistentHover: true, ie.browserCommandLineSwitches: , ie.ensureCleanSession: false, ie.fileUploadDialogTimeout: 3000, ie.forceCreateProcessApi: false, ignoreProtectedModeSettings: true, ignoreZoomSetting: false, initialBrowserUrl: http://localhost:37532/, nativeEvents: true, requireWindowFocus: false}, setWindowRect: true, timeouts: {implicit: 0, pageLoad: 300000, script: 30000}, unhandledPromptBehavior: ignore}
Session ID: ebcaedd1-e9e1-46eb-89b5-72bd2629f588
*** Element info: {Using=xpath, value=//input[@value='继续登录']}
2020/07/14 10:57:02:543  INFO com.sinosoft.test.base.TestBase:198 - 没有找到页面元素:By.xpath: //input[@value='继续登录'] - 错误信息Expected condition failed: waiting for com.sinosoft.test.base.TestBase$1@5dcb4f5f (tried for 2 second(s) with 500 MILLISECONDS interval)
2020/07/14 10:57:02:545  INFO com.sinosoft.test.base.TestBase:77 - 常规登录，没有继续登录按钮
2020/07/14 10:57:02:547 DEBUG com.sinosoft.test.base.TestBase:69 - 初始化class com.sinosoft.test.fccp.common.HomePage
2020/07/14 10:57:02:868 DEBUG com.sinosoft.test.base.TestBase:76 - Trying to find Element By : By.linkText: 承保子系统
2020/07/14 10:57:02:917 DEBUG com.sinosoft.test.base.TestBase:80 - Found Element By : By.linkText: 承保子系统
2020/07/14 10:57:02:918  INFO com.sinosoft.test.base.TestBase:144 - RunJavaScript:[[InternetExplorerDriver: internet explorer on WINDOWS (ebcaedd1-e9e1-46eb-89b5-72bd2629f588)] -> link text: 承保子系统]	arguments[0].click();
2020/07/14 10:57:03:381 DEBUG com.sinosoft.test.base.TestBase:76 - Trying to find Element By : By.linkText: 投保管理
2020/07/14 10:57:03:430 DEBUG com.sinosoft.test.base.TestBase:80 - Found Element By : By.linkText: 投保管理
2020/07/14 10:57:03:432  INFO com.sinosoft.test.base.TestBase:144 - RunJavaScript:[[InternetExplorerDriver: internet explorer on WINDOWS (ebcaedd1-e9e1-46eb-89b5-72bd2629f588)] -> link text: 投保管理]	arguments[0].click();
2020/07/14 10:57:03:737 DEBUG com.sinosoft.test.base.TestBase:76 - Trying to find Element By : By.linkText: 投保处理
2020/07/14 10:57:03:782 DEBUG com.sinosoft.test.base.TestBase:80 - Found Element By : By.linkText: 投保处理
2020/07/14 10:57:03:783  INFO com.sinosoft.test.base.TestBase:144 - RunJavaScript:[[InternetExplorerDriver: internet explorer on WINDOWS (ebcaedd1-e9e1-46eb-89b5-72bd2629f588)] -> link text: 投保处理]	arguments[0].click();
2020/07/14 10:57:04:019 DEBUG com.sinosoft.test.base.TestBase:69 - 初始化class com.sinosoft.test.fccp.tbcl.RiskSelectPage
2020/07/14 10:57:04:368 DEBUG com.sinosoft.test.base.TestBase:93 - 投保处理/险种选择
2020/07/14 10:57:04:369 DEBUG com.sinosoft.test.base.TestBase:76 - Trying to find Element By : By.name: riskClassTemp
2020/07/14 10:57:04:432 DEBUG com.sinosoft.test.base.TestBase:80 - Found Element By : By.name: riskClassTemp
2020/07/14 10:57:04:474 DEBUG com.sinosoft.test.base.TestBase:76 - Trying to find Element By : By.name: riskClassTemp
2020/07/14 10:57:04:531 DEBUG com.sinosoft.test.base.TestBase:80 - Found Element By : By.name: riskClassTemp
2020/07/14 10:57:04:531 DEBUG com.sinosoft.test.base.TestBase:63 - SetCodeEditBox:开始设置:[[InternetExplorerDriver: internet explorer on WINDOWS (ebcaedd1-e9e1-46eb-89b5-72bd2629f588)] -> name: riskClassTemp] & Code=01
2020/07/14 10:57:04:531 DEBUG com.sinosoft.test.base.TestBase:76 - Trying to find Element By : By.name: riskClassTemp
2020/07/14 10:57:04:584 DEBUG com.sinosoft.test.base.TestBase:80 - Found Element By : By.name: riskClassTemp
2020/07/14 10:57:04:804 DEBUG com.sinosoft.test.base.TestBase:76 - Trying to find Element By : By.name: riskClassTemp
2020/07/14 10:57:04:842 DEBUG com.sinosoft.test.base.TestBase:80 - Found Element By : By.name: riskClassTemp
2020/07/14 10:57:05:307 DEBUG com.sinosoft.test.base.TestBase:76 - Trying to find Element By : By.name: riskClassTemp
2020/07/14 10:57:05:349 DEBUG com.sinosoft.test.base.TestBase:80 - Found Element By : By.name: riskClassTemp
2020/07/14 10:57:05:350 DEBUG com.sinosoft.test.base.TestBase:76 - Trying to find Element By : By.xpath: ../input[last()]
2020/07/14 10:57:05:398 DEBUG com.sinosoft.test.base.TestBase:80 - Found Element By : By.xpath: ../input[last()]
2020/07/14 10:57:05:530  INFO com.sinosoft.test.base.TestBase:71 - SetCodeEditBox:找到了Code对应的文本显示框并点击触发显示:riskClassName
2020/07/14 10:57:05:531 DEBUG com.sinosoft.test.base.TestBase:42 - Trying to click on: [[[[InternetExplorerDriver: internet explorer on WINDOWS (ebcaedd1-e9e1-46eb-89b5-72bd2629f588)] -> name: riskClassTemp]] -> xpath: ../input[last()]]
2020/07/14 10:57:06:480 DEBUG com.sinosoft.test.base.TestBase:46 - Clicked on: [[[[InternetExplorerDriver: internet explorer on WINDOWS (ebcaedd1-e9e1-46eb-89b5-72bd2629f588)] -> name: riskClassTemp]] -> xpath: ../input[last()]]
2020/07/14 10:57:06:681 DEBUG com.sinosoft.test.base.TestBase:76 - Trying to find Element By : By.name: riskClassTemp
2020/07/14 10:57:06:716 DEBUG com.sinosoft.test.base.TestBase:80 - Found Element By : By.name: riskClassTemp
2020/07/14 10:57:06:716 DEBUG com.sinosoft.test.base.TestBase:87 - SetCodeEditBox:设置完毕[[InternetExplorerDriver: internet explorer on WINDOWS (ebcaedd1-e9e1-46eb-89b5-72bd2629f588)] -> name: riskClassTemp],设置值 Code=01
2020/07/14 10:57:06:716 DEBUG com.sinosoft.test.base.TestBase:76 - Trying to find Element By : By.name: riskCode
2020/07/14 10:57:06:811 DEBUG com.sinosoft.test.base.TestBase:80 - Found Element By : By.name: riskCode
2020/07/14 10:57:06:837 DEBUG com.sinosoft.test.base.TestBase:76 - Trying to find Element By : By.name: riskCode
2020/07/14 10:57:06:891 DEBUG com.sinosoft.test.base.TestBase:80 - Found Element By : By.name: riskCode
2020/07/14 10:57:06:892 DEBUG com.sinosoft.test.base.TestBase:63 - SetCodeEditBox:开始设置:[[InternetExplorerDriver: internet explorer on WINDOWS (ebcaedd1-e9e1-46eb-89b5-72bd2629f588)] -> name: riskCode] & Code=0101
2020/07/14 10:57:06:894 DEBUG com.sinosoft.test.base.TestBase:76 - Trying to find Element By : By.name: riskCode
2020/07/14 10:57:06:946 DEBUG com.sinosoft.test.base.TestBase:80 - Found Element By : By.name: riskCode
2020/07/14 10:57:07:176 DEBUG com.sinosoft.test.base.TestBase:76 - Trying to find Element By : By.name: riskCode
2020/07/14 10:57:07:237 DEBUG com.sinosoft.test.base.TestBase:80 - Found Element By : By.name: riskCode
2020/07/14 10:57:07:701 DEBUG com.sinosoft.test.base.TestBase:76 - Trying to find Element By : By.name: riskCode
2020/07/14 10:57:07:738 DEBUG com.sinosoft.test.base.TestBase:80 - Found Element By : By.name: riskCode
2020/07/14 10:57:07:740 DEBUG com.sinosoft.test.base.TestBase:76 - Trying to find Element By : By.xpath: ../input[last()]
2020/07/14 10:57:07:802 DEBUG com.sinosoft.test.base.TestBase:80 - Found Element By : By.xpath: ../input[last()]
2020/07/14 10:57:07:918  INFO com.sinosoft.test.base.TestBase:71 - SetCodeEditBox:找到了Code对应的文本显示框并点击触发显示:riskName
2020/07/14 10:57:07:918 DEBUG com.sinosoft.test.base.TestBase:42 - Trying to click on: [[[[InternetExplorerDriver: internet explorer on WINDOWS (ebcaedd1-e9e1-46eb-89b5-72bd2629f588)] -> name: riskCode]] -> xpath: ../input[last()]]
2020/07/14 10:57:08:911 DEBUG com.sinosoft.test.base.TestBase:46 - Clicked on: [[[[InternetExplorerDriver: internet explorer on WINDOWS (ebcaedd1-e9e1-46eb-89b5-72bd2629f588)] -> name: riskCode]] -> xpath: ../input[last()]]
2020/07/14 10:57:09:115 DEBUG com.sinosoft.test.base.TestBase:76 - Trying to find Element By : By.name: riskCode
2020/07/14 10:57:09:163 DEBUG com.sinosoft.test.base.TestBase:80 - Found Element By : By.name: riskCode
2020/07/14 10:57:09:163 DEBUG com.sinosoft.test.base.TestBase:87 - SetCodeEditBox:设置完毕[[InternetExplorerDriver: internet explorer on WINDOWS (ebcaedd1-e9e1-46eb-89b5-72bd2629f588)] -> name: riskCode],设置值 Code=0101
2020/07/14 10:57:09:164 DEBUG com.sinosoft.test.base.TestBase:76 - Trying to find Element By : By.name: renewInd
2020/07/14 10:57:09:228 DEBUG com.sinosoft.test.base.TestBase:80 - Found Element By : By.name: renewInd
2020/07/14 10:57:09:230  INFO com.sinosoft.test.base.TestBase:321 - setEditboxTValue:[[[InternetExplorerDriver: internet explorer on WINDOWS (ebcaedd1-e9e1-46eb-89b5-72bd2629f588)] -> name: renewInd], [[InternetExplorerDriver: internet explorer on WINDOWS (ebcaedd1-e9e1-46eb-89b5-72bd2629f588)] -> name: renewInd]]：0
2020/07/14 10:57:09:230 DEBUG com.sinosoft.test.base.TestBase:76 - Trying to find Element By : By.name: renewInd
2020/07/14 10:57:09:290 DEBUG com.sinosoft.test.base.TestBase:80 - Found Element By : By.name: renewInd
2020/07/14 10:57:09:392 DEBUG com.sinosoft.test.base.TestBase:76 - Trying to find Element By : By.name: buttonNextStep
2020/07/14 10:57:09:441 DEBUG com.sinosoft.test.base.TestBase:80 - Found Element By : By.name: buttonNextStep
2020/07/14 10:57:09:442  INFO com.sinosoft.test.base.TestBase:402 - clickButton:[[InternetExplorerDriver: internet explorer on WINDOWS (ebcaedd1-e9e1-46eb-89b5-72bd2629f588)] -> name: buttonNextStep]
2020/07/14 10:57:09:442 DEBUG com.sinosoft.test.base.TestBase:42 - Trying to click on: [[InternetExplorerDriver: internet explorer on WINDOWS (ebcaedd1-e9e1-46eb-89b5-72bd2629f588)] -> name: buttonNextStep]
2020/07/14 10:57:12:065 DEBUG com.sinosoft.test.base.TestBase:46 - Clicked on: [[InternetExplorerDriver: internet explorer on WINDOWS (ebcaedd1-e9e1-46eb-89b5-72bd2629f588)] -> name: buttonNextStep]
2020/07/14 10:57:12:069 DEBUG com.sinosoft.test.base.TestBase:69 - 初始化class com.sinosoft.test.fccp.tbcl.BasicInfoPage
2020/07/14 10:57:14:660 DEBUG com.sinosoft.test.base.TestBase:322 - 投保处理/基本信息
2020/07/14 10:57:14:661 DEBUG com.sinosoft.test.base.TestBase:76 - Trying to find Element By : By.name: GuMainBusinessType
2020/07/14 10:57:14:720 DEBUG com.sinosoft.test.base.TestBase:80 - Found Element By : By.name: GuMainBusinessType
2020/07/14 10:57:14:722  INFO com.sinosoft.test.base.TestBase:96 - setSelectWithStartText:[[InternetExplorerDriver: internet explorer on WINDOWS (ebcaedd1-e9e1-46eb-89b5-72bd2629f588)] -> name: GuMainBusinessType]->
2020/07/14 10:57:14:723 DEBUG com.sinosoft.test.base.TestBase:76 - Trying to find Element By : By.name: GuMainCompanyCode
2020/07/14 10:57:14:781 DEBUG com.sinosoft.test.base.TestBase:80 - Found Element By : By.name: GuMainCompanyCode
2020/07/14 10:57:14:811 DEBUG com.sinosoft.test.base.TestBase:76 - Trying to find Element By : By.name: GuMainCompanyCode
2020/07/14 10:57:14:881 DEBUG com.sinosoft.test.base.TestBase:80 - Found Element By : By.name: GuMainCompanyCode
2020/07/14 10:57:14:883 DEBUG com.sinosoft.test.base.TestBase:63 - SetCodeEditBox:开始设置:[[InternetExplorerDriver: internet explorer on WINDOWS (ebcaedd1-e9e1-46eb-89b5-72bd2629f588)] -> name: GuMainCompanyCode] & Code=01620190
2020/07/14 10:57:14:885 DEBUG com.sinosoft.test.base.TestBase:76 - Trying to find Element By : By.name: GuMainCompanyCode
2020/07/14 10:57:14:973 DEBUG com.sinosoft.test.base.TestBase:80 - Found Element By : By.name: GuMainCompanyCode
2020/07/14 10:57:15:223 DEBUG com.sinosoft.test.base.TestBase:76 - Trying to find Element By : By.name: GuMainCompanyCode
2020/07/14 10:57:15:286 DEBUG com.sinosoft.test.base.TestBase:80 - Found Element By : By.name: GuMainCompanyCode
2020/07/14 10:57:16:237 DEBUG com.sinosoft.test.base.TestBase:76 - Trying to find Element By : By.name: GuMainCompanyCode
2020/07/14 10:57:16:287 DEBUG com.sinosoft.test.base.TestBase:80 - Found Element By : By.name: GuMainCompanyCode
2020/07/14 10:57:16:289 DEBUG com.sinosoft.test.base.TestBase:76 - Trying to find Element By : By.xpath: ../input[last()]
2020/07/14 10:57:16:358 DEBUG com.sinosoft.test.base.TestBase:80 - Found Element By : By.xpath: ../input[last()]
2020/07/14 10:57:16:512  INFO com.sinosoft.test.base.TestBase:71 - SetCodeEditBox:找到了Code对应的文本显示框并点击触发显示:GuMainCompanyName
2020/07/14 10:57:16:512 DEBUG com.sinosoft.test.base.TestBase:42 - Trying to click on: [[[[InternetExplorerDriver: internet explorer on WINDOWS (ebcaedd1-e9e1-46eb-89b5-72bd2629f588)] -> name: GuMainCompanyCode]] -> xpath: ../input[last()]]
2020/07/14 10:57:17:495 DEBUG com.sinosoft.test.base.TestBase:46 - Clicked on: [[[[InternetExplorerDriver: internet explorer on WINDOWS (ebcaedd1-e9e1-46eb-89b5-72bd2629f588)] -> name: GuMainCompanyCode]] -> xpath: ../input[last()]]
2020/07/14 10:57:17:695 DEBUG com.sinosoft.test.base.TestBase:76 - Trying to find Element By : By.name: GuMainCompanyCode
2020/07/14 10:57:17:770 DEBUG com.sinosoft.test.base.TestBase:80 - Found Element By : By.name: GuMainCompanyCode
2020/07/14 10:57:17:771 DEBUG com.sinosoft.test.base.TestBase:87 - SetCodeEditBox:设置完毕[[InternetExplorerDriver: internet explorer on WINDOWS (ebcaedd1-e9e1-46eb-89b5-72bd2629f588)] -> name: GuMainCompanyCode],设置值 Code=01620190
2020/07/14 10:57:17:771 DEBUG com.sinosoft.test.base.TestBase:76 - Trying to find Element By : By.name: GuMainChannelDetailCode
2020/07/14 10:57:17:839 DEBUG com.sinosoft.test.base.TestBase:80 - Found Element By : By.name: GuMainChannelDetailCode
2020/07/14 10:57:17:868 DEBUG com.sinosoft.test.base.TestBase:76 - Trying to find Element By : By.name: GuMainChannelDetailCode
2020/07/14 10:57:17:927 DEBUG com.sinosoft.test.base.TestBase:80 - Found Element By : By.name: GuMainChannelDetailCode
2020/07/14 10:57:17:927 DEBUG com.sinosoft.test.base.TestBase:63 - SetCodeEditBox:开始设置:[[InternetExplorerDriver: internet explorer on WINDOWS (ebcaedd1-e9e1-46eb-89b5-72bd2629f588)] -> name: GuMainChannelDetailCode] & Code=01
2020/07/14 10:57:17:927 DEBUG com.sinosoft.test.base.TestBase:76 - Trying to find Element By : By.name: GuMainChannelDetailCode
2020/07/14 10:57:17:987 DEBUG com.sinosoft.test.base.TestBase:80 - Found Element By : By.name: GuMainChannelDetailCode
2020/07/14 10:57:18:217 DEBUG com.sinosoft.test.base.TestBase:76 - Trying to find Element By : By.name: GuMainChannelDetailCode
2020/07/14 10:57:18:303 DEBUG com.sinosoft.test.base.TestBase:80 - Found Element By : By.name: GuMainChannelDetailCode
2020/07/14 10:57:18:802 DEBUG com.sinosoft.test.base.TestBase:76 - Trying to find Element By : By.name: GuMainChannelDetailCode
2020/07/14 10:57:18:872 DEBUG com.sinosoft.test.base.TestBase:80 - Found Element By : By.name: GuMainChannelDetailCode
2020/07/14 10:57:18:872 DEBUG com.sinosoft.test.base.TestBase:76 - Trying to find Element By : By.xpath: ../input[last()]
2020/07/14 10:57:18:919 DEBUG com.sinosoft.test.base.TestBase:80 - Found Element By : By.xpath: ../input[last()]
2020/07/14 10:57:19:075  INFO com.sinosoft.test.base.TestBase:71 - SetCodeEditBox:找到了Code对应的文本显示框并点击触发显示:GuMainChannelDetailName
2020/07/14 10:57:19:075 DEBUG com.sinosoft.test.base.TestBase:42 - Trying to click on: [[[[InternetExplorerDriver: internet explorer on WINDOWS (ebcaedd1-e9e1-46eb-89b5-72bd2629f588)] -> name: GuMainChannelDetailCode]] -> xpath: ../input[last()]]
2020/07/14 10:57:20:074 DEBUG com.sinosoft.test.base.TestBase:46 - Clicked on: [[[[InternetExplorerDriver: internet explorer on WINDOWS (ebcaedd1-e9e1-46eb-89b5-72bd2629f588)] -> name: GuMainChannelDetailCode]] -> xpath: ../input[last()]]
2020/07/14 10:57:20:275 DEBUG com.sinosoft.test.base.TestBase:76 - Trying to find Element By : By.name: GuMainChannelDetailCode
2020/07/14 10:57:20:336 DEBUG com.sinosoft.test.base.TestBase:80 - Found Element By : By.name: GuMainChannelDetailCode
2020/07/14 10:57:20:336 DEBUG com.sinosoft.test.base.TestBase:87 - SetCodeEditBox:设置完毕[[InternetExplorerDriver: internet explorer on WINDOWS (ebcaedd1-e9e1-46eb-89b5-72bd2629f588)] -> name: GuMainChannelDetailCode],设置值 Code=01
2020/07/14 10:57:20:336 DEBUG com.sinosoft.test.base.TestBase:76 - Trying to find Element By : By.name: GuMainShareHolderFlag
2020/07/14 10:57:20:404 DEBUG com.sinosoft.test.base.TestBase:80 - Found Element By : By.name: GuMainShareHolderFlag
2020/07/14 10:57:20:433 DEBUG com.sinosoft.test.base.TestBase:76 - Trying to find Element By : By.name: GuMainShareHolderFlag
2020/07/14 10:57:20:502 DEBUG com.sinosoft.test.base.TestBase:80 - Found Element By : By.name: GuMainShareHolderFlag
2020/07/14 10:57:20:502 DEBUG com.sinosoft.test.base.TestBase:42 - CodeSelect:开始设置[[InternetExplorerDriver: internet explorer on WINDOWS (ebcaedd1-e9e1-46eb-89b5-72bd2629f588)] -> name: GuMainShareHolderFlag] & Code=0
2020/07/14 10:57:20:508 DEBUG com.sinosoft.test.base.TestBase:76 - Trying to find Element By : By.name: GuMainShareHolderFlag
2020/07/14 10:57:20:569 DEBUG com.sinosoft.test.base.TestBase:80 - Found Element By : By.name: GuMainShareHolderFlag
2020/07/14 10:57:21:650 DEBUG com.sinosoft.test.base.TestBase:272 - 系统窗口【黄河财险业务系统】with handle -7d5d43f0-9b86-4d03-95af-3eb96c3e6ee8
2020/07/14 10:57:22:313 DEBUG com.sinosoft.test.base.TestBase:272 - 系统窗口【黄河财险业务系统】with handle -7d5d43f0-9b86-4d03-95af-3eb96c3e6ee8
2020/07/14 10:57:22:947 DEBUG com.sinosoft.test.base.TestBase:272 - 系统窗口【Code Select】with handle -d9dae82b-f7b9-4265-9211-495f89fc6fe4
2020/07/14 10:57:23:462 DEBUG com.sinosoft.test.base.TestBase:69 - 初始化class com.sinosoft.test.fccp.common.CodeSelectPage
2020/07/14 10:57:23:463 DEBUG com.sinosoft.test.base.TestBase:39 - 基础码表选择！
2020/07/14 10:57:23:463 DEBUG com.sinosoft.test.base.TestBase:76 - Trying to find Element By : By.name: fieldValue
2020/07/14 10:57:23:735 DEBUG com.sinosoft.test.base.TestBase:80 - Found Element By : By.name: fieldValue
2020/07/14 10:57:23:736  INFO com.sinosoft.test.base.TestBase:360 - setEditboxValue:[[InternetExplorerDriver: internet explorer on WINDOWS (ebcaedd1-e9e1-46eb-89b5-72bd2629f588)] -> name: fieldValue]：0
2020/07/14 10:57:24:744  INFO com.sinosoft.test.base.TestBase:363 - setEditboxValue—End:[[InternetExplorerDriver: internet explorer on WINDOWS (ebcaedd1-e9e1-46eb-89b5-72bd2629f588)] -> name: fieldValue]：0
2020/07/14 10:57:24:744 DEBUG com.sinosoft.test.base.TestBase:76 - Trying to find Element By : By.xpath: //input[@value='查询(Q)']
2020/07/14 10:57:25:029 DEBUG com.sinosoft.test.base.TestBase:80 - Found Element By : By.xpath: //input[@value='查询(Q)']
2020/07/14 10:57:25:029  INFO com.sinosoft.test.base.TestBase:402 - clickButton:[[InternetExplorerDriver: internet explorer on WINDOWS (ebcaedd1-e9e1-46eb-89b5-72bd2629f588)] -> xpath: //input[@value='查询(Q)']]
2020/07/14 10:57:25:030 DEBUG com.sinosoft.test.base.TestBase:42 - Trying to click on: [[InternetExplorerDriver: internet explorer on WINDOWS (ebcaedd1-e9e1-46eb-89b5-72bd2629f588)] -> xpath: //input[@value='查询(Q)']]
2020/07/14 10:57:26:585 DEBUG com.sinosoft.test.base.TestBase:46 - Clicked on: [[InternetExplorerDriver: internet explorer on WINDOWS (ebcaedd1-e9e1-46eb-89b5-72bd2629f588)] -> xpath: //input[@value='查询(Q)']]
2020/07/14 10:57:26:585 DEBUG com.sinosoft.test.base.TestBase:76 - Trying to find Element By : By.name: codeselect
2020/07/14 10:57:26:882 DEBUG com.sinosoft.test.base.TestBase:80 - Found Element By : By.name: codeselect
2020/07/14 10:57:26:882  INFO com.sinosoft.test.base.TestBase:132 - setFuzzySelect:[[InternetExplorerDriver: internet explorer on WINDOWS (ebcaedd1-e9e1-46eb-89b5-72bd2629f588)] -> name: codeselect]->0
2020/07/14 10:57:27:429 DEBUG com.sinosoft.test.base.TestBase:76 - Trying to find Element By : By.tagName: option
2020/07/14 10:57:27:793 DEBUG com.sinosoft.test.base.TestBase:80 - Found Element By : By.tagName: option
2020/07/14 10:57:30:645  INFO com.sinosoft.test.base.TestBase:142 - 找到匹配【0】的选项：0--非股东
2020/07/14 10:57:30:645 DEBUG com.sinosoft.test.base.TestBase:76 - Trying to find Element By : By.xpath: .//option[normalize-space(.) = "0--非股东"]
2020/07/14 10:57:30:930 DEBUG com.sinosoft.test.base.TestBase:80 - Found Element By : By.xpath: .//option[normalize-space(.) = "0--非股东"]
2020/07/14 10:57:31:211 DEBUG com.sinosoft.test.base.TestBase:42 - Trying to click on: [[[[InternetExplorerDriver: internet explorer on WINDOWS (ebcaedd1-e9e1-46eb-89b5-72bd2629f588)] -> name: codeselect]] -> xpath: .//option[normalize-space(.) = "0--非股东"]]
2020/07/14 10:57:31:555 DEBUG com.sinosoft.test.base.TestBase:46 - Clicked on: [[[[InternetExplorerDriver: internet explorer on WINDOWS (ebcaedd1-e9e1-46eb-89b5-72bd2629f588)] -> name: codeselect]] -> xpath: .//option[normalize-space(.) = "0--非股东"]]
2020/07/14 10:57:31:555 DEBUG com.sinosoft.test.base.TestBase:151 - setFuzzySelect 结束！
2020/07/14 10:57:31:556 DEBUG com.sinosoft.test.base.TestBase:76 - Trying to find Element By : By.name: SelectIt
2020/07/14 10:57:31:832 DEBUG com.sinosoft.test.base.TestBase:80 - Found Element By : By.name: SelectIt
2020/07/14 10:57:31:832  INFO com.sinosoft.test.base.TestBase:416 - jsClickButton:[[InternetExplorerDriver: internet explorer on WINDOWS (ebcaedd1-e9e1-46eb-89b5-72bd2629f588)] -> name: SelectIt]
2020/07/14 10:57:31:832  INFO com.sinosoft.test.base.TestBase:144 - RunJavaScript:[[InternetExplorerDriver: internet explorer on WINDOWS (ebcaedd1-e9e1-46eb-89b5-72bd2629f588)] -> name: SelectIt]	arguments[0].click();
2020/07/14 10:57:32:527 DEBUG com.sinosoft.test.base.TestBase:272 - 系统窗口【黄河财险业务系统】with handle -7d5d43f0-9b86-4d03-95af-3eb96c3e6ee8
2020/07/14 10:57:35:190 DEBUG com.sinosoft.test.base.TestBase:76 - Trying to find Element By : By.name: GuMainShareHolderFlag
2020/07/14 10:57:35:249 DEBUG com.sinosoft.test.base.TestBase:80 - Found Element By : By.name: GuMainShareHolderFlag
2020/07/14 10:57:35:251 DEBUG com.sinosoft.test.base.TestBase:49 - CodeSelect:设置完毕[[InternetExplorerDriver: internet explorer on WINDOWS (ebcaedd1-e9e1-46eb-89b5-72bd2629f588)] -> name: GuMainShareHolderFlag] & Code=0
2020/07/14 10:57:35:252 DEBUG com.sinosoft.test.base.TestBase:76 - Trying to find Element By : By.name: GuMainSalesTeamCode
2020/07/14 10:57:35:339 DEBUG com.sinosoft.test.base.TestBase:80 - Found Element By : By.name: GuMainSalesTeamCode
2020/07/14 10:57:35:365 DEBUG com.sinosoft.test.base.TestBase:76 - Trying to find Element By : By.name: GuMainSalesTeamCode
2020/07/14 10:57:35:439 DEBUG com.sinosoft.test.base.TestBase:80 - Found Element By : By.name: GuMainSalesTeamCode
2020/07/14 10:57:35:439 DEBUG com.sinosoft.test.base.TestBase:42 - CodeSelect:开始设置[[InternetExplorerDriver: internet explorer on WINDOWS (ebcaedd1-e9e1-46eb-89b5-72bd2629f588)] -> name: GuMainSalesTeamCode] & Code=T6201900101
2020/07/14 10:57:35:440 DEBUG com.sinosoft.test.base.TestBase:76 - Trying to find Element By : By.name: GuMainSalesTeamCode
2020/07/14 10:57:35:536 DEBUG com.sinosoft.test.base.TestBase:80 - Found Element By : By.name: GuMainSalesTeamCode
2020/07/14 10:57:36:568 DEBUG com.sinosoft.test.base.TestBase:272 - 系统窗口【黄河财险业务系统】with handle -7d5d43f0-9b86-4d03-95af-3eb96c3e6ee8
2020/07/14 10:57:37:233 DEBUG com.sinosoft.test.base.TestBase:272 - 系统窗口【黄河财险业务系统】with handle -7d5d43f0-9b86-4d03-95af-3eb96c3e6ee8
2020/07/14 10:57:37:866 DEBUG com.sinosoft.test.base.TestBase:272 - 系统窗口【Code Select】with handle -46990e65-8800-4eef-ae51-9c936cdb17e5
2020/07/14 10:57:38:376 DEBUG com.sinosoft.test.base.TestBase:69 - 初始化class com.sinosoft.test.fccp.common.CodeSelectPage
2020/07/14 10:57:38:376 DEBUG com.sinosoft.test.base.TestBase:39 - 基础码表选择！
2020/07/14 10:57:38:376 DEBUG com.sinosoft.test.base.TestBase:76 - Trying to find Element By : By.name: fieldValue
2020/07/14 10:57:38:650 DEBUG com.sinosoft.test.base.TestBase:80 - Found Element By : By.name: fieldValue
2020/07/14 10:57:38:651  INFO com.sinosoft.test.base.TestBase:360 - setEditboxValue:[[InternetExplorerDriver: internet explorer on WINDOWS (ebcaedd1-e9e1-46eb-89b5-72bd2629f588)] -> name: fieldValue]：T6201900101
2020/07/14 10:57:39:717  INFO com.sinosoft.test.base.TestBase:363 - setEditboxValue—End:[[InternetExplorerDriver: internet explorer on WINDOWS (ebcaedd1-e9e1-46eb-89b5-72bd2629f588)] -> name: fieldValue]：T6201900101
2020/07/14 10:57:39:718 DEBUG com.sinosoft.test.base.TestBase:76 - Trying to find Element By : By.xpath: //input[@value='查询(Q)']
2020/07/14 10:57:40:004 DEBUG com.sinosoft.test.base.TestBase:80 - Found Element By : By.xpath: //input[@value='查询(Q)']
2020/07/14 10:57:40:004  INFO com.sinosoft.test.base.TestBase:402 - clickButton:[[InternetExplorerDriver: internet explorer on WINDOWS (ebcaedd1-e9e1-46eb-89b5-72bd2629f588)] -> xpath: //input[@value='查询(Q)']]
2020/07/14 10:57:40:004 DEBUG com.sinosoft.test.base.TestBase:42 - Trying to click on: [[InternetExplorerDriver: internet explorer on WINDOWS (ebcaedd1-e9e1-46eb-89b5-72bd2629f588)] -> xpath: //input[@value='查询(Q)']]
2020/07/14 10:57:41:553 DEBUG com.sinosoft.test.base.TestBase:46 - Clicked on: [[InternetExplorerDriver: internet explorer on WINDOWS (ebcaedd1-e9e1-46eb-89b5-72bd2629f588)] -> xpath: //input[@value='查询(Q)']]
2020/07/14 10:57:41:553 DEBUG com.sinosoft.test.base.TestBase:76 - Trying to find Element By : By.name: codeselect
2020/07/14 10:57:41:842 DEBUG com.sinosoft.test.base.TestBase:80 - Found Element By : By.name: codeselect
2020/07/14 10:57:41:842  INFO com.sinosoft.test.base.TestBase:132 - setFuzzySelect:[[InternetExplorerDriver: internet explorer on WINDOWS (ebcaedd1-e9e1-46eb-89b5-72bd2629f588)] -> name: codeselect]->T6201900101
2020/07/14 10:57:42:386 DEBUG com.sinosoft.test.base.TestBase:76 - Trying to find Element By : By.tagName: option
2020/07/14 10:57:42:688 DEBUG com.sinosoft.test.base.TestBase:80 - Found Element By : By.tagName: option
2020/07/14 10:57:42:986  INFO com.sinosoft.test.base.TestBase:142 - 找到匹配【T6201900101】的选项：T6201900101--兰州中支新团队
2020/07/14 10:57:42:986 DEBUG com.sinosoft.test.base.TestBase:76 - Trying to find Element By : By.xpath: .//option[normalize-space(.) = "T6201900101--兰州中支新团队"]
2020/07/14 10:57:43:288 DEBUG com.sinosoft.test.base.TestBase:80 - Found Element By : By.xpath: .//option[normalize-space(.) = "T6201900101--兰州中支新团队"]
2020/07/14 10:57:43:570 DEBUG com.sinosoft.test.base.TestBase:42 - Trying to click on: [[[[InternetExplorerDriver: internet explorer on WINDOWS (ebcaedd1-e9e1-46eb-89b5-72bd2629f588)] -> name: codeselect]] -> xpath: .//option[normalize-space(.) = "T6201900101--兰州中支新团队"]]
2020/07/14 10:57:43:948 DEBUG com.sinosoft.test.base.TestBase:46 - Clicked on: [[[[InternetExplorerDriver: internet explorer on WINDOWS (ebcaedd1-e9e1-46eb-89b5-72bd2629f588)] -> name: codeselect]] -> xpath: .//option[normalize-space(.) = "T6201900101--兰州中支新团队"]]
2020/07/14 10:57:43:949 DEBUG com.sinosoft.test.base.TestBase:151 - setFuzzySelect 结束！
2020/07/14 10:57:43:949 DEBUG com.sinosoft.test.base.TestBase:76 - Trying to find Element By : By.name: SelectIt
2020/07/14 10:57:44:221 DEBUG com.sinosoft.test.base.TestBase:80 - Found Element By : By.name: SelectIt
2020/07/14 10:57:44:221  INFO com.sinosoft.test.base.TestBase:416 - jsClickButton:[[InternetExplorerDriver: internet explorer on WINDOWS (ebcaedd1-e9e1-46eb-89b5-72bd2629f588)] -> name: SelectIt]
2020/07/14 10:57:44:221  INFO com.sinosoft.test.base.TestBase:144 - RunJavaScript:[[InternetExplorerDriver: internet explorer on WINDOWS (ebcaedd1-e9e1-46eb-89b5-72bd2629f588)] -> name: SelectIt]	arguments[0].click();
2020/07/14 10:57:44:915 DEBUG com.sinosoft.test.base.TestBase:272 - 系统窗口【黄河财险业务系统】with handle -7d5d43f0-9b86-4d03-95af-3eb96c3e6ee8
2020/07/14 10:57:47:658 DEBUG com.sinosoft.test.base.TestBase:76 - Trying to find Element By : By.name: GuMainSalesTeamCode
2020/07/14 10:57:47:716 DEBUG com.sinosoft.test.base.TestBase:80 - Found Element By : By.name: GuMainSalesTeamCode
2020/07/14 10:57:47:716 DEBUG com.sinosoft.test.base.TestBase:49 - CodeSelect:设置完毕[[InternetExplorerDriver: internet explorer on WINDOWS (ebcaedd1-e9e1-46eb-89b5-72bd2629f588)] -> name: GuMainSalesTeamCode] & Code=T6201900101
2020/07/14 10:57:47:717 DEBUG com.sinosoft.test.base.TestBase:76 - Trying to find Element By : By.name: GuMainSalesmanCode
2020/07/14 10:57:47:776 DEBUG com.sinosoft.test.base.TestBase:80 - Found Element By : By.name: GuMainSalesmanCode
2020/07/14 10:57:47:806 DEBUG com.sinosoft.test.base.TestBase:76 - Trying to find Element By : By.name: GuMainSalesmanCode
2020/07/14 10:57:47:912 DEBUG com.sinosoft.test.base.TestBase:80 - Found Element By : By.name: GuMainSalesmanCode
2020/07/14 10:57:47:913 DEBUG com.sinosoft.test.base.TestBase:42 - CodeSelect:开始设置[[InternetExplorerDriver: internet explorer on WINDOWS (ebcaedd1-e9e1-46eb-89b5-72bd2629f588)] -> name: GuMainSalesmanCode] & Code=S000000006
2020/07/14 10:57:47:913 DEBUG com.sinosoft.test.base.TestBase:76 - Trying to find Element By : By.name: GuMainSalesmanCode
2020/07/14 10:57:47:995 DEBUG com.sinosoft.test.base.TestBase:80 - Found Element By : By.name: GuMainSalesmanCode
2020/07/14 10:57:49:064 DEBUG com.sinosoft.test.base.TestBase:272 - 系统窗口【黄河财险业务系统】with handle -7d5d43f0-9b86-4d03-95af-3eb96c3e6ee8
2020/07/14 10:57:49:708 DEBUG com.sinosoft.test.base.TestBase:272 - 系统窗口【黄河财险业务系统】with handle -7d5d43f0-9b86-4d03-95af-3eb96c3e6ee8
2020/07/14 10:57:50:335 DEBUG com.sinosoft.test.base.TestBase:272 - 系统窗口【Code Select】with handle -3d8ca18d-4ae7-4c15-b68c-ab50b6e26c06
2020/07/14 10:57:50:850 DEBUG com.sinosoft.test.base.TestBase:69 - 初始化class com.sinosoft.test.fccp.common.CodeSelectPage
2020/07/14 10:57:50:850 DEBUG com.sinosoft.test.base.TestBase:39 - 基础码表选择！
2020/07/14 10:57:50:850 DEBUG com.sinosoft.test.base.TestBase:76 - Trying to find Element By : By.name: fieldValue
2020/07/14 10:57:51:132 DEBUG com.sinosoft.test.base.TestBase:80 - Found Element By : By.name: fieldValue
2020/07/14 10:57:51:132  INFO com.sinosoft.test.base.TestBase:360 - setEditboxValue:[[InternetExplorerDriver: internet explorer on WINDOWS (ebcaedd1-e9e1-46eb-89b5-72bd2629f588)] -> name: fieldValue]：S000000006
2020/07/14 10:57:52:174  INFO com.sinosoft.test.base.TestBase:363 - setEditboxValue—End:[[InternetExplorerDriver: internet explorer on WINDOWS (ebcaedd1-e9e1-46eb-89b5-72bd2629f588)] -> name: fieldValue]：S000000006
2020/07/14 10:57:52:175 DEBUG com.sinosoft.test.base.TestBase:76 - Trying to find Element By : By.xpath: //input[@value='查询(Q)']
2020/07/14 10:57:52:459 DEBUG com.sinosoft.test.base.TestBase:80 - Found Element By : By.xpath: //input[@value='查询(Q)']
2020/07/14 10:57:52:459  INFO com.sinosoft.test.base.TestBase:402 - clickButton:[[InternetExplorerDriver: internet explorer on WINDOWS (ebcaedd1-e9e1-46eb-89b5-72bd2629f588)] -> xpath: //input[@value='查询(Q)']]
2020/07/14 10:57:52:459 DEBUG com.sinosoft.test.base.TestBase:42 - Trying to click on: [[InternetExplorerDriver: internet explorer on WINDOWS (ebcaedd1-e9e1-46eb-89b5-72bd2629f588)] -> xpath: //input[@value='查询(Q)']]
2020/07/14 10:57:54:013 DEBUG com.sinosoft.test.base.TestBase:46 - Clicked on: [[InternetExplorerDriver: internet explorer on WINDOWS (ebcaedd1-e9e1-46eb-89b5-72bd2629f588)] -> xpath: //input[@value='查询(Q)']]
2020/07/14 10:57:54:013 DEBUG com.sinosoft.test.base.TestBase:76 - Trying to find Element By : By.name: codeselect
2020/07/14 10:57:54:296 DEBUG com.sinosoft.test.base.TestBase:80 - Found Element By : By.name: codeselect
2020/07/14 10:57:54:296  INFO com.sinosoft.test.base.TestBase:132 - setFuzzySelect:[[InternetExplorerDriver: internet explorer on WINDOWS (ebcaedd1-e9e1-46eb-89b5-72bd2629f588)] -> name: codeselect]->S000000006
2020/07/14 10:57:54:840 DEBUG com.sinosoft.test.base.TestBase:76 - Trying to find Element By : By.tagName: option
2020/07/14 10:57:55:142 DEBUG com.sinosoft.test.base.TestBase:80 - Found Element By : By.tagName: option
2020/07/14 10:57:55:429  INFO com.sinosoft.test.base.TestBase:142 - 找到匹配【S000000006】的选项：S000000006--赵子毓
2020/07/14 10:57:55:430 DEBUG com.sinosoft.test.base.TestBase:76 - Trying to find Element By : By.xpath: .//option[normalize-space(.) = "S000000006--赵子毓"]
2020/07/14 10:57:55:736 DEBUG com.sinosoft.test.base.TestBase:80 - Found Element By : By.xpath: .//option[normalize-space(.) = "S000000006--赵子毓"]
2020/07/14 10:57:56:026 DEBUG com.sinosoft.test.base.TestBase:42 - Trying to click on: [[[[InternetExplorerDriver: internet explorer on WINDOWS (ebcaedd1-e9e1-46eb-89b5-72bd2629f588)] -> name: codeselect]] -> xpath: .//option[normalize-space(.) = "S000000006--赵子毓"]]
2020/07/14 10:57:56:404 DEBUG com.sinosoft.test.base.TestBase:46 - Clicked on: [[[[InternetExplorerDriver: internet explorer on WINDOWS (ebcaedd1-e9e1-46eb-89b5-72bd2629f588)] -> name: codeselect]] -> xpath: .//option[normalize-space(.) = "S000000006--赵子毓"]]
2020/07/14 10:57:56:404 DEBUG com.sinosoft.test.base.TestBase:151 - setFuzzySelect 结束！
2020/07/14 10:57:56:404 DEBUG com.sinosoft.test.base.TestBase:76 - Trying to find Element By : By.name: SelectIt
2020/07/14 10:57:56:679 DEBUG com.sinosoft.test.base.TestBase:80 - Found Element By : By.name: SelectIt
2020/07/14 10:57:56:680  INFO com.sinosoft.test.base.TestBase:416 - jsClickButton:[[InternetExplorerDriver: internet explorer on WINDOWS (ebcaedd1-e9e1-46eb-89b5-72bd2629f588)] -> name: SelectIt]
2020/07/14 10:57:56:680  INFO com.sinosoft.test.base.TestBase:144 - RunJavaScript:[[InternetExplorerDriver: internet explorer on WINDOWS (ebcaedd1-e9e1-46eb-89b5-72bd2629f588)] -> name: SelectIt]	arguments[0].click();
2020/07/14 10:57:57:390 DEBUG com.sinosoft.test.base.TestBase:272 - 系统窗口【黄河财险业务系统】with handle -7d5d43f0-9b86-4d03-95af-3eb96c3e6ee8
2020/07/14 10:57:59:987 DEBUG com.sinosoft.test.base.TestBase:76 - Trying to find Element By : By.name: GuMainSalesmanCode
2020/07/14 10:58:00:051 DEBUG com.sinosoft.test.base.TestBase:80 - Found Element By : By.name: GuMainSalesmanCode
2020/07/14 10:58:00:052 DEBUG com.sinosoft.test.base.TestBase:49 - CodeSelect:设置完毕[[InternetExplorerDriver: internet explorer on WINDOWS (ebcaedd1-e9e1-46eb-89b5-72bd2629f588)] -> name: GuMainSalesmanCode] & Code=S000000006
2020/07/14 10:58:00:052 DEBUG com.sinosoft.test.base.TestBase:76 - Trying to find Element By : By.name: GuMainBusinessSource
2020/07/14 10:58:00:134 DEBUG com.sinosoft.test.base.TestBase:80 - Found Element By : By.name: GuMainBusinessSource
2020/07/14 10:58:00:165 DEBUG com.sinosoft.test.base.TestBase:76 - Trying to find Element By : By.name: GuMainBusinessSource
2020/07/14 10:58:00:270 DEBUG com.sinosoft.test.base.TestBase:80 - Found Element By : By.name: GuMainBusinessSource
2020/07/14 10:58:00:271 DEBUG com.sinosoft.test.base.TestBase:42 - CodeSelect:开始设置[[InternetExplorerDriver: internet explorer on WINDOWS (ebcaedd1-e9e1-46eb-89b5-72bd2629f588)] -> name: GuMainBusinessSource] & Code=01010101
2020/07/14 10:58:00:271 DEBUG com.sinosoft.test.base.TestBase:76 - Trying to find Element By : By.name: GuMainBusinessSource
2020/07/14 10:58:00:372 DEBUG com.sinosoft.test.base.TestBase:80 - Found Element By : By.name: GuMainBusinessSource
2020/07/14 10:58:01:452 DEBUG com.sinosoft.test.base.TestBase:272 - 系统窗口【黄河财险业务系统】with handle -7d5d43f0-9b86-4d03-95af-3eb96c3e6ee8
2020/07/14 10:58:02:113 DEBUG com.sinosoft.test.base.TestBase:272 - 系统窗口【黄河财险业务系统】with handle -7d5d43f0-9b86-4d03-95af-3eb96c3e6ee8
2020/07/14 10:58:02:741 DEBUG com.sinosoft.test.base.TestBase:272 - 系统窗口【Code Select】with handle -861e5440-2d4e-4b5f-8488-eeea0275be06
2020/07/14 10:58:03:254 DEBUG com.sinosoft.test.base.TestBase:69 - 初始化class com.sinosoft.test.fccp.common.CodeSelectPage
2020/07/14 10:58:03:254 DEBUG com.sinosoft.test.base.TestBase:39 - 基础码表选择！
2020/07/14 10:58:03:255 DEBUG com.sinosoft.test.base.TestBase:76 - Trying to find Element By : By.name: fieldValue
2020/07/14 10:58:03:533 DEBUG com.sinosoft.test.base.TestBase:80 - Found Element By : By.name: fieldValue
2020/07/14 10:58:03:534  INFO com.sinosoft.test.base.TestBase:360 - setEditboxValue:[[InternetExplorerDriver: internet explorer on WINDOWS (ebcaedd1-e9e1-46eb-89b5-72bd2629f588)] -> name: fieldValue]：01010101
2020/07/14 10:58:04:637  INFO com.sinosoft.test.base.TestBase:363 - setEditboxValue—End:[[InternetExplorerDriver: internet explorer on WINDOWS (ebcaedd1-e9e1-46eb-89b5-72bd2629f588)] -> name: fieldValue]：01010101
2020/07/14 10:58:04:638 DEBUG com.sinosoft.test.base.TestBase:76 - Trying to find Element By : By.xpath: //input[@value='查询(Q)']
2020/07/14 10:58:04:928 DEBUG com.sinosoft.test.base.TestBase:80 - Found Element By : By.xpath: //input[@value='查询(Q)']
2020/07/14 10:58:04:929  INFO com.sinosoft.test.base.TestBase:402 - clickButton:[[InternetExplorerDriver: internet explorer on WINDOWS (ebcaedd1-e9e1-46eb-89b5-72bd2629f588)] -> xpath: //input[@value='查询(Q)']]
2020/07/14 10:58:04:930 DEBUG com.sinosoft.test.base.TestBase:42 - Trying to click on: [[InternetExplorerDriver: internet explorer on WINDOWS (ebcaedd1-e9e1-46eb-89b5-72bd2629f588)] -> xpath: //input[@value='查询(Q)']]
2020/07/14 10:58:06:514 DEBUG com.sinosoft.test.base.TestBase:46 - Clicked on: [[InternetExplorerDriver: internet explorer on WINDOWS (ebcaedd1-e9e1-46eb-89b5-72bd2629f588)] -> xpath: //input[@value='查询(Q)']]
2020/07/14 10:58:06:514 DEBUG com.sinosoft.test.base.TestBase:76 - Trying to find Element By : By.name: codeselect
2020/07/14 10:58:06:801 DEBUG com.sinosoft.test.base.TestBase:80 - Found Element By : By.name: codeselect
2020/07/14 10:58:06:801  INFO com.sinosoft.test.base.TestBase:132 - setFuzzySelect:[[InternetExplorerDriver: internet explorer on WINDOWS (ebcaedd1-e9e1-46eb-89b5-72bd2629f588)] -> name: codeselect]->01010101
2020/07/14 10:58:07:350 DEBUG com.sinosoft.test.base.TestBase:76 - Trying to find Element By : By.tagName: option
2020/07/14 10:58:07:801 DEBUG com.sinosoft.test.base.TestBase:80 - Found Element By : By.tagName: option
2020/07/14 10:58:08:097  INFO com.sinosoft.test.base.TestBase:142 - 找到匹配【01010101】的选项：01010101--柜面直销
2020/07/14 10:58:08:097 DEBUG com.sinosoft.test.base.TestBase:76 - Trying to find Element By : By.xpath: .//option[normalize-space(.) = "01010101--柜面直销"]
2020/07/14 10:58:08:399 DEBUG com.sinosoft.test.base.TestBase:80 - Found Element By : By.xpath: .//option[normalize-space(.) = "01010101--柜面直销"]
2020/07/14 10:58:08:685 DEBUG com.sinosoft.test.base.TestBase:42 - Trying to click on: [[[[InternetExplorerDriver: internet explorer on WINDOWS (ebcaedd1-e9e1-46eb-89b5-72bd2629f588)] -> name: codeselect]] -> xpath: .//option[normalize-space(.) = "01010101--柜面直销"]]
2020/07/14 10:58:09:064 DEBUG com.sinosoft.test.base.TestBase:46 - Clicked on: [[[[InternetExplorerDriver: internet explorer on WINDOWS (ebcaedd1-e9e1-46eb-89b5-72bd2629f588)] -> name: codeselect]] -> xpath: .//option[normalize-space(.) = "01010101--柜面直销"]]
2020/07/14 10:58:09:065 DEBUG com.sinosoft.test.base.TestBase:151 - setFuzzySelect 结束！
2020/07/14 10:58:09:065 DEBUG com.sinosoft.test.base.TestBase:76 - Trying to find Element By : By.name: SelectIt
2020/07/14 10:58:09:336 DEBUG com.sinosoft.test.base.TestBase:80 - Found Element By : By.name: SelectIt
2020/07/14 10:58:09:336  INFO com.sinosoft.test.base.TestBase:416 - jsClickButton:[[InternetExplorerDriver: internet explorer on WINDOWS (ebcaedd1-e9e1-46eb-89b5-72bd2629f588)] -> name: SelectIt]
2020/07/14 10:58:09:337  INFO com.sinosoft.test.base.TestBase:144 - RunJavaScript:[[InternetExplorerDriver: internet explorer on WINDOWS (ebcaedd1-e9e1-46eb-89b5-72bd2629f588)] -> name: SelectIt]	arguments[0].click();
2020/07/14 10:58:10:041 DEBUG com.sinosoft.test.base.TestBase:272 - 系统窗口【黄河财险业务系统】with handle -7d5d43f0-9b86-4d03-95af-3eb96c3e6ee8
2020/07/14 10:58:12:844 DEBUG com.sinosoft.test.base.TestBase:76 - Trying to find Element By : By.name: GuMainBusinessSource
2020/07/14 10:58:12:902 DEBUG com.sinosoft.test.base.TestBase:80 - Found Element By : By.name: GuMainBusinessSource
2020/07/14 10:58:12:903 DEBUG com.sinosoft.test.base.TestBase:49 - CodeSelect:设置完毕[[InternetExplorerDriver: internet explorer on WINDOWS (ebcaedd1-e9e1-46eb-89b5-72bd2629f588)] -> name: GuMainBusinessSource] & Code=01010101
2020/07/14 10:58:12:904 DEBUG com.sinosoft.test.base.TestBase:76 - Trying to find Element By : By.name: GuMainSurveyInd
2020/07/14 10:58:12:989 DEBUG com.sinosoft.test.base.TestBase:80 - Found Element By : By.name: GuMainSurveyInd
2020/07/14 10:58:12:990  INFO com.sinosoft.test.base.TestBase:96 - setSelectWithStartText:[[InternetExplorerDriver: internet explorer on WINDOWS (ebcaedd1-e9e1-46eb-89b5-72bd2629f588)] -> name: GuMainSurveyInd]->HXXT
2020/07/14 10:58:12:992 DEBUG com.sinosoft.test.base.TestBase:76 - Trying to find Element By : By.name: GuMainSurveyInd
2020/07/14 10:58:13:049 DEBUG com.sinosoft.test.base.TestBase:80 - Found Element By : By.name: GuMainSurveyInd
2020/07/14 10:58:13:082 DEBUG com.sinosoft.test.base.TestBase:76 - Trying to find Element By : By.name: GuMainSurveyInd
2020/07/14 10:58:13:141 DEBUG com.sinosoft.test.base.TestBase:80 - Found Element By : By.name: GuMainSurveyInd
2020/07/14 10:58:13:167 DEBUG com.sinosoft.test.base.TestBase:76 - Trying to find Element By : By.name: GuMainSurveyInd
2020/07/14 10:58:13:255 DEBUG com.sinosoft.test.base.TestBase:80 - Found Element By : By.name: GuMainSurveyInd
2020/07/14 10:58:13:256 DEBUG com.sinosoft.test.base.TestBase:76 - Trying to find Element By : By.tagName: option
2020/07/14 10:58:13:604 DEBUG com.sinosoft.test.base.TestBase:80 - Found Element By : By.tagName: option
2020/07/14 10:58:13:665  INFO com.sinosoft.test.base.TestBase:114 - 找到匹配【HXXT】的选项：HXXT-核心
2020/07/14 10:58:13:665 DEBUG com.sinosoft.test.base.TestBase:76 - Trying to find Element By : By.name: GuMainSurveyInd
2020/07/14 10:58:13:774 DEBUG com.sinosoft.test.base.TestBase:80 - Found Element By : By.name: GuMainSurveyInd
2020/07/14 10:58:13:774 DEBUG com.sinosoft.test.base.TestBase:76 - Trying to find Element By : By.xpath: .//option[normalize-space(.) = "HXXT-核心"]
2020/07/14 10:58:13:843 DEBUG com.sinosoft.test.base.TestBase:80 - Found Element By : By.xpath: .//option[normalize-space(.) = "HXXT-核心"]
2020/07/14 10:58:13:868 DEBUG com.sinosoft.test.base.TestBase:123 - setSelectWithStartText 结束！
2020/07/14 10:58:13:869 DEBUG com.sinosoft.test.base.TestBase:76 - Trying to find Element By : By.name: GuMainArgueSolution
2020/07/14 10:58:13:954 DEBUG com.sinosoft.test.base.TestBase:80 - Found Element By : By.name: GuMainArgueSolution
2020/07/14 10:58:13:955  INFO com.sinosoft.test.base.TestBase:96 - setSelectWithStartText:[[InternetExplorerDriver: internet explorer on WINDOWS (ebcaedd1-e9e1-46eb-89b5-72bd2629f588)] -> name: GuMainArgueSolution]->
2020/07/14 10:58:13:955 DEBUG com.sinosoft.test.base.TestBase:76 - Trying to find Element By : By.name: GuMainDomesticInd
2020/07/14 10:58:14:035 DEBUG com.sinosoft.test.base.TestBase:80 - Found Element By : By.name: GuMainDomesticInd
2020/07/14 10:58:14:036  INFO com.sinosoft.test.base.TestBase:96 - setSelectWithStartText:[[InternetExplorerDriver: internet explorer on WINDOWS (ebcaedd1-e9e1-46eb-89b5-72bd2629f588)] -> name: GuMainDomesticInd]->
2020/07/14 10:58:14:037 DEBUG com.sinosoft.test.base.TestBase:76 - Trying to find Element By : By.name: GuMainComInsureInd
2020/07/14 10:58:14:119 DEBUG com.sinosoft.test.base.TestBase:80 - Found Element By : By.name: GuMainComInsureInd
2020/07/14 10:58:14:121  INFO com.sinosoft.test.base.TestBase:96 - setSelectWithStartText:[[InternetExplorerDriver: internet explorer on WINDOWS (ebcaedd1-e9e1-46eb-89b5-72bd2629f588)] -> name: GuMainComInsureInd]->0
2020/07/14 10:58:14:123 DEBUG com.sinosoft.test.base.TestBase:76 - Trying to find Element By : By.name: GuMainComInsureInd
2020/07/14 10:58:14:193 DEBUG com.sinosoft.test.base.TestBase:80 - Found Element By : By.name: GuMainComInsureInd
2020/07/14 10:58:14:220 DEBUG com.sinosoft.test.base.TestBase:76 - Trying to find Element By : By.name: GuMainComInsureInd
2020/07/14 10:58:14:269 DEBUG com.sinosoft.test.base.TestBase:80 - Found Element By : By.name: GuMainComInsureInd
2020/07/14 10:58:14:297 DEBUG com.sinosoft.test.base.TestBase:76 - Trying to find Element By : By.name: GuMainComInsureInd
2020/07/14 10:58:14:374 DEBUG com.sinosoft.test.base.TestBase:80 - Found Element By : By.name: GuMainComInsureInd
2020/07/14 10:58:14:375 DEBUG com.sinosoft.test.base.TestBase:76 - Trying to find Element By : By.tagName: option
2020/07/14 10:58:14:510 DEBUG com.sinosoft.test.base.TestBase:80 - Found Element By : By.tagName: option
2020/07/14 10:58:14:569  INFO com.sinosoft.test.base.TestBase:114 - 找到匹配【0】的选项：0-非统括业务
2020/07/14 10:58:14:570 DEBUG com.sinosoft.test.base.TestBase:76 - Trying to find Element By : By.name: GuMainComInsureInd
2020/07/14 10:58:14:640 DEBUG com.sinosoft.test.base.TestBase:80 - Found Element By : By.name: GuMainComInsureInd
2020/07/14 10:58:14:640 DEBUG com.sinosoft.test.base.TestBase:76 - Trying to find Element By : By.xpath: .//option[normalize-space(.) = "0-非统括业务"]
2020/07/14 10:58:14:710 DEBUG com.sinosoft.test.base.TestBase:80 - Found Element By : By.xpath: .//option[normalize-space(.) = "0-非统括业务"]
2020/07/14 10:58:14:746 DEBUG com.sinosoft.test.base.TestBase:123 - setSelectWithStartText 结束！
2020/07/14 10:58:14:746 DEBUG com.sinosoft.test.base.TestBase:76 - Trying to find Element By : By.name: GuMainPolicyStyle
2020/07/14 10:58:14:835 DEBUG com.sinosoft.test.base.TestBase:80 - Found Element By : By.name: GuMainPolicyStyle
2020/07/14 10:58:14:836  INFO com.sinosoft.test.base.TestBase:96 - setSelectWithStartText:[[InternetExplorerDriver: internet explorer on WINDOWS (ebcaedd1-e9e1-46eb-89b5-72bd2629f588)] -> name: GuMainPolicyStyle]->0
2020/07/14 10:58:14:836 DEBUG com.sinosoft.test.base.TestBase:76 - Trying to find Element By : By.name: GuMainPolicyStyle
2020/07/14 10:58:14:919 DEBUG com.sinosoft.test.base.TestBase:80 - Found Element By : By.name: GuMainPolicyStyle
2020/07/14 10:58:14:945 DEBUG com.sinosoft.test.base.TestBase:76 - Trying to find Element By : By.name: GuMainPolicyStyle
2020/07/14 10:58:15:002 DEBUG com.sinosoft.test.base.TestBase:80 - Found Element By : By.name: GuMainPolicyStyle
2020/07/14 10:58:15:031 DEBUG com.sinosoft.test.base.TestBase:76 - Trying to find Element By : By.name: GuMainPolicyStyle
2020/07/14 10:58:15:103 DEBUG com.sinosoft.test.base.TestBase:80 - Found Element By : By.name: GuMainPolicyStyle
2020/07/14 10:58:15:105 DEBUG com.sinosoft.test.base.TestBase:76 - Trying to find Element By : By.tagName: option
2020/07/14 10:58:15:175 DEBUG com.sinosoft.test.base.TestBase:80 - Found Element By : By.tagName: option
2020/07/14 10:58:15:256  INFO com.sinosoft.test.base.TestBase:114 - 找到匹配【0】的选项：0-否
2020/07/14 10:58:15:256 DEBUG com.sinosoft.test.base.TestBase:76 - Trying to find Element By : By.name: GuMainPolicyStyle
2020/07/14 10:58:15:338 DEBUG com.sinosoft.test.base.TestBase:80 - Found Element By : By.name: GuMainPolicyStyle
2020/07/14 10:58:15:339 DEBUG com.sinosoft.test.base.TestBase:76 - Trying to find Element By : By.xpath: .//option[normalize-space(.) = "0-否"]
2020/07/14 10:58:15:396 DEBUG com.sinosoft.test.base.TestBase:80 - Found Element By : By.xpath: .//option[normalize-space(.) = "0-否"]
2020/07/14 10:58:15:433 DEBUG com.sinosoft.test.base.TestBase:123 - setSelectWithStartText 结束！
2020/07/14 10:58:15:434 DEBUG com.sinosoft.test.base.TestBase:76 - Trying to find Element By : By.name: RenewalOfInsuranceSelect
2020/07/14 10:58:15:506 DEBUG com.sinosoft.test.base.TestBase:80 - Found Element By : By.name: RenewalOfInsuranceSelect
2020/07/14 10:58:15:506  INFO com.sinosoft.test.base.TestBase:96 - setSelectWithStartText:[[InternetExplorerDriver: internet explorer on WINDOWS (ebcaedd1-e9e1-46eb-89b5-72bd2629f588)] -> name: RenewalOfInsuranceSelect]->0
2020/07/14 10:58:15:506 DEBUG com.sinosoft.test.base.TestBase:76 - Trying to find Element By : By.name: RenewalOfInsuranceSelect
2020/07/14 10:58:15:588 DEBUG com.sinosoft.test.base.TestBase:80 - Found Element By : By.name: RenewalOfInsuranceSelect
2020/07/14 10:58:15:613 DEBUG com.sinosoft.test.base.TestBase:76 - Trying to find Element By : By.name: RenewalOfInsuranceSelect
2020/07/14 10:58:15:704 DEBUG com.sinosoft.test.base.TestBase:80 - Found Element By : By.name: RenewalOfInsuranceSelect
2020/07/14 10:58:15:729 DEBUG com.sinosoft.test.base.TestBase:76 - Trying to find Element By : By.name: RenewalOfInsuranceSelect
2020/07/14 10:58:15:833 DEBUG com.sinosoft.test.base.TestBase:80 - Found Element By : By.name: RenewalOfInsuranceSelect
2020/07/14 10:58:15:834 DEBUG com.sinosoft.test.base.TestBase:76 - Trying to find Element By : By.tagName: option
2020/07/14 10:58:15:906 DEBUG com.sinosoft.test.base.TestBase:80 - Found Element By : By.tagName: option
2020/07/14 10:58:15:964  INFO com.sinosoft.test.base.TestBase:114 - 找到匹配【0】的选项：0-否
2020/07/14 10:58:15:964 DEBUG com.sinosoft.test.base.TestBase:76 - Trying to find Element By : By.name: RenewalOfInsuranceSelect
2020/07/14 10:58:16:038 DEBUG com.sinosoft.test.base.TestBase:80 - Found Element By : By.name: RenewalOfInsuranceSelect
2020/07/14 10:58:16:039 DEBUG com.sinosoft.test.base.TestBase:76 - Trying to find Element By : By.xpath: .//option[normalize-space(.) = "0-否"]
2020/07/14 10:58:16:096 DEBUG com.sinosoft.test.base.TestBase:80 - Found Element By : By.xpath: .//option[normalize-space(.) = "0-否"]
2020/07/14 10:58:16:136 DEBUG com.sinosoft.test.base.TestBase:42 - Trying to click on: [[[[InternetExplorerDriver: internet explorer on WINDOWS (ebcaedd1-e9e1-46eb-89b5-72bd2629f588)] -> name: RenewalOfInsuranceSelect]] -> xpath: .//option[normalize-space(.) = "0-否"]]
2020/07/14 10:58:16:373 DEBUG com.sinosoft.test.base.TestBase:46 - Clicked on: [[[[InternetExplorerDriver: internet explorer on WINDOWS (ebcaedd1-e9e1-46eb-89b5-72bd2629f588)] -> name: RenewalOfInsuranceSelect]] -> xpath: .//option[normalize-space(.) = "0-否"]]
2020/07/14 10:58:16:373 DEBUG com.sinosoft.test.base.TestBase:123 - setSelectWithStartText 结束！
2020/07/14 10:58:16:373 DEBUG com.sinosoft.test.base.TestBase:76 - Trying to find Element By : By.name: GuMainIsDifferentPlace
2020/07/14 10:58:16:464 DEBUG com.sinosoft.test.base.TestBase:80 - Found Element By : By.name: GuMainIsDifferentPlace
2020/07/14 10:58:16:464  INFO com.sinosoft.test.base.TestBase:96 - setSelectWithStartText:[[InternetExplorerDriver: internet explorer on WINDOWS (ebcaedd1-e9e1-46eb-89b5-72bd2629f588)] -> name: GuMainIsDifferentPlace]->
2020/07/14 10:58:16:464 DEBUG com.sinosoft.test.base.TestBase:76 - Trying to find Element By : By.name: GuMainIsFarming
2020/07/14 10:58:16:559 DEBUG com.sinosoft.test.base.TestBase:80 - Found Element By : By.name: GuMainIsFarming
2020/07/14 10:58:16:559  INFO com.sinosoft.test.base.TestBase:96 - setSelectWithStartText:[[InternetExplorerDriver: internet explorer on WINDOWS (ebcaedd1-e9e1-46eb-89b5-72bd2629f588)] -> name: GuMainIsFarming]->
2020/07/14 10:58:16:559 DEBUG com.sinosoft.test.base.TestBase:76 - Trying to find Element By : By.name: AppliGuRelatedPartyInsuredType
2020/07/14 10:58:16:621 DEBUG com.sinosoft.test.base.TestBase:80 - Found Element By : By.name: AppliGuRelatedPartyInsuredType
2020/07/14 10:58:16:622  INFO com.sinosoft.test.base.TestBase:96 - setSelectWithStartText:[[InternetExplorerDriver: internet explorer on WINDOWS (ebcaedd1-e9e1-46eb-89b5-72bd2629f588)] -> name: AppliGuRelatedPartyInsuredType]->2
2020/07/14 10:58:16:622 DEBUG com.sinosoft.test.base.TestBase:76 - Trying to find Element By : By.name: AppliGuRelatedPartyInsuredType
2020/07/14 10:58:16:706 DEBUG com.sinosoft.test.base.TestBase:80 - Found Element By : By.name: AppliGuRelatedPartyInsuredType
2020/07/14 10:58:16:730 DEBUG com.sinosoft.test.base.TestBase:76 - Trying to find Element By : By.name: AppliGuRelatedPartyInsuredType
2020/07/14 10:58:16:803 DEBUG com.sinosoft.test.base.TestBase:80 - Found Element By : By.name: AppliGuRelatedPartyInsuredType
2020/07/14 10:58:16:830 DEBUG com.sinosoft.test.base.TestBase:76 - Trying to find Element By : By.name: AppliGuRelatedPartyInsuredType
2020/07/14 10:58:16:918 DEBUG com.sinosoft.test.base.TestBase:80 - Found Element By : By.name: AppliGuRelatedPartyInsuredType
2020/07/14 10:58:16:919 DEBUG com.sinosoft.test.base.TestBase:76 - Trying to find Element By : By.tagName: option
2020/07/14 10:58:17:011 DEBUG com.sinosoft.test.base.TestBase:80 - Found Element By : By.tagName: option
2020/07/14 10:58:17:166  INFO com.sinosoft.test.base.TestBase:114 - 找到匹配【2】的选项：2-团体
2020/07/14 10:58:17:167 DEBUG com.sinosoft.test.base.TestBase:76 - Trying to find Element By : By.name: AppliGuRelatedPartyInsuredType
2020/07/14 10:58:17:251 DEBUG com.sinosoft.test.base.TestBase:80 - Found Element By : By.name: AppliGuRelatedPartyInsuredType
2020/07/14 10:58:17:252 DEBUG com.sinosoft.test.base.TestBase:76 - Trying to find Element By : By.xpath: .//option[normalize-space(.) = "2-团体"]
2020/07/14 10:58:17:324 DEBUG com.sinosoft.test.base.TestBase:80 - Found Element By : By.xpath: .//option[normalize-space(.) = "2-团体"]
2020/07/14 10:58:17:383 DEBUG com.sinosoft.test.base.TestBase:123 - setSelectWithStartText 结束！
2020/07/14 10:58:17:384 DEBUG com.sinosoft.test.base.TestBase:76 - Trying to find Element By : By.name: AppliGuRelatedPartyInsuredCode
2020/07/14 10:58:17:470 DEBUG com.sinosoft.test.base.TestBase:80 - Found Element By : By.name: AppliGuRelatedPartyInsuredCode
2020/07/14 10:58:17:471  INFO com.sinosoft.test.base.TestBase:388 - setEditboxTValue:[[InternetExplorerDriver: internet explorer on WINDOWS (ebcaedd1-e9e1-46eb-89b5-72bd2629f588)] -> name: AppliGuRelatedPartyInsuredCode]->G6200019603
2020/07/14 10:58:17:471 DEBUG com.sinosoft.test.base.TestBase:76 - Trying to find Element By : By.name: AppliGuRelatedPartyInsuredCode
2020/07/14 10:58:17:554 DEBUG com.sinosoft.test.base.TestBase:80 - Found Element By : By.name: AppliGuRelatedPartyInsuredCode
2020/07/14 10:58:17:853 DEBUG com.sinosoft.test.base.TestBase:76 - Trying to find Element By : By.name: AppliGuRelatedPartyInsuredCode
2020/07/14 10:58:17:936 DEBUG com.sinosoft.test.base.TestBase:80 - Found Element By : By.name: AppliGuRelatedPartyInsuredCode
2020/07/14 10:58:23:334 DEBUG com.sinosoft.test.base.TestBase:76 - Trying to find Element By : By.name: buttonSaveCustomer
2020/07/14 10:58:23:415 DEBUG com.sinosoft.test.base.TestBase:80 - Found Element By : By.name: buttonSaveCustomer
2020/07/14 10:58:23:417 DEBUG com.sinosoft.test.base.TestBase:42 - Trying to click on: [[InternetExplorerDriver: internet explorer on WINDOWS (ebcaedd1-e9e1-46eb-89b5-72bd2629f588)] -> name: buttonSaveCustomer]
2020/07/14 10:58:24:620 DEBUG com.sinosoft.test.base.TestBase:46 - Clicked on: [[InternetExplorerDriver: internet explorer on WINDOWS (ebcaedd1-e9e1-46eb-89b5-72bd2629f588)] -> name: buttonSaveCustomer]
2020/07/14 10:58:24:832  INFO com.sinosoft.test.base.TestBase:519 - 在保存客户时捕获了一个弹窗：客户已经保存，或不需要保存.
2020/07/14 10:58:25:039 DEBUG com.sinosoft.test.base.TestBase:218 - Alert的标题是：客户已经保存，或不需要保存.
2020/07/14 10:58:25:867 DEBUG com.sinosoft.test.base.TestBase:76 - Trying to find Element By : By.name: AppliGuRelatedPartyInsuredCode
2020/07/14 10:58:25:927 DEBUG com.sinosoft.test.base.TestBase:80 - Found Element By : By.name: AppliGuRelatedPartyInsuredCode
2020/07/14 10:58:26:016 DEBUG com.sinosoft.test.base.TestBase:76 - Trying to find Element By : By.id: saveButton
2020/07/14 10:58:26:086 DEBUG com.sinosoft.test.base.TestBase:80 - Found Element By : By.id: saveButton
2020/07/14 10:58:26:086 DEBUG com.sinosoft.test.base.TestBase:42 - Trying to click on: [[InternetExplorerDriver: internet explorer on WINDOWS (ebcaedd1-e9e1-46eb-89b5-72bd2629f588)] -> id: saveButton]
2020/07/14 10:58:30:782 DEBUG com.sinosoft.test.base.TestBase:46 - Clicked on: [[InternetExplorerDriver: internet explorer on WINDOWS (ebcaedd1-e9e1-46eb-89b5-72bd2629f588)] -> id: saveButton]
2020/07/14 10:58:30:783 DEBUG com.sinosoft.test.base.TestBase:88 - 截屏文件名字是：FCCB_TB_JCX_1保存基本信息
2020/07/14 10:58:30:900 DEBUG com.sinosoft.test.base.TestBase:69 - 初始化class com.sinosoft.test.fccp.tbcl.RiskDetail_TypePage
2020/07/14 10:58:35:951 DEBUG com.sinosoft.test.base.TestBase:76 - Trying to find Element By : By.name: GuRiskRiskApplyType
2020/07/14 10:58:36:009 DEBUG com.sinosoft.test.base.TestBase:80 - Found Element By : By.name: GuRiskRiskApplyType
2020/07/14 10:58:36:009 DEBUG com.sinosoft.test.base.TestBase:107 - 投保处理/险种信息
2020/07/14 10:58:38:605 DEBUG com.sinosoft.test.base.TestBase:76 - Trying to find Element By : By.id: RiskItem
2020/07/14 10:58:38:633 DEBUG com.sinosoft.test.base.TestBase:80 - Found Element By : By.id: RiskItem
2020/07/14 10:58:38:633 DEBUG com.sinosoft.test.base.TestBase:76 - Trying to find Element By : By.name: summarySubBusinessNo
2020/07/14 10:58:38:682 DEBUG com.sinosoft.test.base.TestBase:80 - Found Element By : By.name: summarySubBusinessNo
2020/07/14 10:58:38:732 DEBUG com.sinosoft.test.base.TestBase:113 - 投保单号：06201900101202000000000057
2020/07/14 10:58:38:733 DEBUG com.sinosoft.test.base.TestBase:121 - 保存投保单号完毕！
2020/07/14 10:58:43:736 DEBUG com.sinosoft.test.base.TestBase:123 - 返回工作区，准备下一步操作！
2020/07/14 10:58:43:736  INFO com.sinosoft.test.base.TestBase:125 - 开始处理风险类别信息
2020/07/14 10:58:43:736 DEBUG com.sinosoft.test.base.TestBase:76 - Trying to find Element By : By.name: GuRiskRiskApplyType
2020/07/14 10:58:43:783 DEBUG com.sinosoft.test.base.TestBase:80 - Found Element By : By.name: GuRiskRiskApplyType
2020/07/14 10:58:43:783  INFO com.sinosoft.test.base.TestBase:96 - setSelectWithStartText:[[InternetExplorerDriver: internet explorer on WINDOWS (ebcaedd1-e9e1-46eb-89b5-72bd2629f588)] -> name: GuRiskRiskApplyType]->1
2020/07/14 10:58:43:783 DEBUG com.sinosoft.test.base.TestBase:76 - Trying to find Element By : By.name: GuRiskRiskApplyType
2020/07/14 10:58:43:841 DEBUG com.sinosoft.test.base.TestBase:80 - Found Element By : By.name: GuRiskRiskApplyType
2020/07/14 10:58:43:857 DEBUG com.sinosoft.test.base.TestBase:76 - Trying to find Element By : By.name: GuRiskRiskApplyType
2020/07/14 10:58:43:904 DEBUG com.sinosoft.test.base.TestBase:80 - Found Element By : By.name: GuRiskRiskApplyType
2020/07/14 10:58:43:929 DEBUG com.sinosoft.test.base.TestBase:76 - Trying to find Element By : By.name: GuRiskRiskApplyType
2020/07/14 10:58:43:987 DEBUG com.sinosoft.test.base.TestBase:80 - Found Element By : By.name: GuRiskRiskApplyType
2020/07/14 10:58:43:989 DEBUG com.sinosoft.test.base.TestBase:76 - Trying to find Element By : By.tagName: option
2020/07/14 10:58:44:031 DEBUG com.sinosoft.test.base.TestBase:80 - Found Element By : By.tagName: option
2020/07/14 10:58:44:081  INFO com.sinosoft.test.base.TestBase:114 - 找到匹配【1】的选项：1-全国
2020/07/14 10:58:44:081 DEBUG com.sinosoft.test.base.TestBase:76 - Trying to find Element By : By.name: GuRiskRiskApplyType
2020/07/14 10:58:44:138 DEBUG com.sinosoft.test.base.TestBase:80 - Found Element By : By.name: GuRiskRiskApplyType
2020/07/14 10:58:44:139 DEBUG com.sinosoft.test.base.TestBase:76 - Trying to find Element By : By.xpath: .//option[normalize-space(.) = "1-全国"]
2020/07/14 10:58:44:212 DEBUG com.sinosoft.test.base.TestBase:80 - Found Element By : By.xpath: .//option[normalize-space(.) = "1-全国"]
2020/07/14 10:58:44:239 DEBUG com.sinosoft.test.base.TestBase:123 - setSelectWithStartText 结束！
2020/07/14 10:58:44:239 DEBUG com.sinosoft.test.base.TestBase:76 - Trying to find Element By : By.name: GuRiskCoinsInd
2020/07/14 10:58:44:319 DEBUG com.sinosoft.test.base.TestBase:80 - Found Element By : By.name: GuRiskCoinsInd
2020/07/14 10:58:44:319  INFO com.sinosoft.test.base.TestBase:96 - setSelectWithStartText:[[InternetExplorerDriver: internet explorer on WINDOWS (ebcaedd1-e9e1-46eb-89b5-72bd2629f588)] -> name: GuRiskCoinsInd]->1
2020/07/14 10:58:44:319 DEBUG com.sinosoft.test.base.TestBase:76 - Trying to find Element By : By.name: GuRiskCoinsInd
2020/07/14 10:58:44:379 DEBUG com.sinosoft.test.base.TestBase:80 - Found Element By : By.name: GuRiskCoinsInd
2020/07/14 10:58:44:408 DEBUG com.sinosoft.test.base.TestBase:76 - Trying to find Element By : By.name: GuRiskCoinsInd
2020/07/14 10:58:44:457 DEBUG com.sinosoft.test.base.TestBase:80 - Found Element By : By.name: GuRiskCoinsInd
2020/07/14 10:58:44:489 DEBUG com.sinosoft.test.base.TestBase:76 - Trying to find Element By : By.name: GuRiskCoinsInd
2020/07/14 10:58:44:558 DEBUG com.sinosoft.test.base.TestBase:80 - Found Element By : By.name: GuRiskCoinsInd
2020/07/14 10:58:44:559 DEBUG com.sinosoft.test.base.TestBase:76 - Trying to find Element By : By.tagName: option
2020/07/14 10:58:44:732 DEBUG com.sinosoft.test.base.TestBase:80 - Found Element By : By.tagName: option
2020/07/14 10:58:44:837  INFO com.sinosoft.test.base.TestBase:114 - 找到匹配【1】的选项：1-主共保
2020/07/14 10:58:44:837 DEBUG com.sinosoft.test.base.TestBase:76 - Trying to find Element By : By.name: GuRiskCoinsInd
2020/07/14 10:58:44:906 DEBUG com.sinosoft.test.base.TestBase:80 - Found Element By : By.name: GuRiskCoinsInd
2020/07/14 10:58:44:906 DEBUG com.sinosoft.test.base.TestBase:76 - Trying to find Element By : By.xpath: .//option[normalize-space(.) = "1-主共保"]
2020/07/14 10:58:44:983 DEBUG com.sinosoft.test.base.TestBase:80 - Found Element By : By.xpath: .//option[normalize-space(.) = "1-主共保"]
2020/07/14 10:58:45:018 DEBUG com.sinosoft.test.base.TestBase:42 - Trying to click on: [[[[InternetExplorerDriver: internet explorer on WINDOWS (ebcaedd1-e9e1-46eb-89b5-72bd2629f588)] -> name: GuRiskCoinsInd]] -> xpath: .//option[normalize-space(.) = "1-主共保"]]
2020/07/14 10:58:45:212 DEBUG com.sinosoft.test.base.TestBase:46 - Clicked on: [[[[InternetExplorerDriver: internet explorer on WINDOWS (ebcaedd1-e9e1-46eb-89b5-72bd2629f588)] -> name: GuRiskCoinsInd]] -> xpath: .//option[normalize-space(.) = "1-主共保"]]
2020/07/14 10:58:45:212 DEBUG com.sinosoft.test.base.TestBase:123 - setSelectWithStartText 结束！
2020/07/14 10:58:45:212 DEBUG com.sinosoft.test.base.TestBase:76 - Trying to find Element By : By.name: GuRiskBusinessFlag
2020/07/14 10:58:45:270 DEBUG com.sinosoft.test.base.TestBase:80 - Found Element By : By.name: GuRiskBusinessFlag
2020/07/14 10:58:45:271  INFO com.sinosoft.test.base.TestBase:96 - setSelectWithStartText:[[InternetExplorerDriver: internet explorer on WINDOWS (ebcaedd1-e9e1-46eb-89b5-72bd2629f588)] -> name: GuRiskBusinessFlag]->1
2020/07/14 10:58:45:271 DEBUG com.sinosoft.test.base.TestBase:76 - Trying to find Element By : By.name: GuRiskBusinessFlag
2020/07/14 10:58:45:329 DEBUG com.sinosoft.test.base.TestBase:80 - Found Element By : By.name: GuRiskBusinessFlag
2020/07/14 10:58:45:356 DEBUG com.sinosoft.test.base.TestBase:76 - Trying to find Element By : By.name: GuRiskBusinessFlag
2020/07/14 10:58:45:417 DEBUG com.sinosoft.test.base.TestBase:80 - Found Element By : By.name: GuRiskBusinessFlag
2020/07/14 10:58:45:444 DEBUG com.sinosoft.test.base.TestBase:76 - Trying to find Element By : By.name: GuRiskBusinessFlag
2020/07/14 10:58:45:514 DEBUG com.sinosoft.test.base.TestBase:80 - Found Element By : By.name: GuRiskBusinessFlag
2020/07/14 10:58:45:514 DEBUG com.sinosoft.test.base.TestBase:76 - Trying to find Element By : By.tagName: option
2020/07/14 10:58:45:571 DEBUG com.sinosoft.test.base.TestBase:80 - Found Element By : By.tagName: option
2020/07/14 10:58:45:677  INFO com.sinosoft.test.base.TestBase:114 - 找到匹配【1】的选项：1-是
2020/07/14 10:58:45:678 DEBUG com.sinosoft.test.base.TestBase:76 - Trying to find Element By : By.name: GuRiskBusinessFlag
2020/07/14 10:58:45:745 DEBUG com.sinosoft.test.base.TestBase:80 - Found Element By : By.name: GuRiskBusinessFlag
2020/07/14 10:58:45:745 DEBUG com.sinosoft.test.base.TestBase:76 - Trying to find Element By : By.xpath: .//option[normalize-space(.) = "1-是"]
2020/07/14 10:58:45:802 DEBUG com.sinosoft.test.base.TestBase:80 - Found Element By : By.xpath: .//option[normalize-space(.) = "1-是"]
2020/07/14 10:58:45:848 DEBUG com.sinosoft.test.base.TestBase:42 - Trying to click on: [[[[InternetExplorerDriver: internet explorer on WINDOWS (ebcaedd1-e9e1-46eb-89b5-72bd2629f588)] -> name: GuRiskBusinessFlag]] -> xpath: .//option[normalize-space(.) = "1-是"]]
2020/07/14 10:58:46:050 DEBUG com.sinosoft.test.base.TestBase:46 - Clicked on: [[[[InternetExplorerDriver: internet explorer on WINDOWS (ebcaedd1-e9e1-46eb-89b5-72bd2629f588)] -> name: GuRiskBusinessFlag]] -> xpath: .//option[normalize-space(.) = "1-是"]]
2020/07/14 10:58:46:051 DEBUG com.sinosoft.test.base.TestBase:123 - setSelectWithStartText 结束！
2020/07/14 10:58:46:052 DEBUG com.sinosoft.test.base.TestBase:76 - Trying to find Element By : By.name: GuRiskJudicalCode
2020/07/14 10:58:46:120 DEBUG com.sinosoft.test.base.TestBase:80 - Found Element By : By.name: GuRiskJudicalCode
2020/07/14 10:58:46:120  INFO com.sinosoft.test.base.TestBase:96 - setSelectWithStartText:[[InternetExplorerDriver: internet explorer on WINDOWS (ebcaedd1-e9e1-46eb-89b5-72bd2629f588)] -> name: GuRiskJudicalCode]->1
2020/07/14 10:58:46:120 DEBUG com.sinosoft.test.base.TestBase:76 - Trying to find Element By : By.name: GuRiskJudicalCode
2020/07/14 10:58:46:180 DEBUG com.sinosoft.test.base.TestBase:80 - Found Element By : By.name: GuRiskJudicalCode
2020/07/14 10:58:46:205 DEBUG com.sinosoft.test.base.TestBase:76 - Trying to find Element By : By.name: GuRiskJudicalCode
2020/07/14 10:58:46:273 DEBUG com.sinosoft.test.base.TestBase:80 - Found Element By : By.name: GuRiskJudicalCode
2020/07/14 10:58:46:312 DEBUG com.sinosoft.test.base.TestBase:76 - Trying to find Element By : By.name: GuRiskJudicalCode
2020/07/14 10:58:46:394 DEBUG com.sinosoft.test.base.TestBase:80 - Found Element By : By.name: GuRiskJudicalCode
2020/07/14 10:58:46:395 DEBUG com.sinosoft.test.base.TestBase:76 - Trying to find Element By : By.tagName: option
2020/07/14 10:58:46:487 DEBUG com.sinosoft.test.base.TestBase:80 - Found Element By : By.tagName: option
2020/07/14 10:58:46:555  INFO com.sinosoft.test.base.TestBase:114 - 找到匹配【1】的选项：1-中华人民共和国管辖(港澳台除外)
2020/07/14 10:58:46:555 DEBUG com.sinosoft.test.base.TestBase:76 - Trying to find Element By : By.name: GuRiskJudicalCode
2020/07/14 10:58:46:640 DEBUG com.sinosoft.test.base.TestBase:80 - Found Element By : By.name: GuRiskJudicalCode
2020/07/14 10:58:46:643 DEBUG com.sinosoft.test.base.TestBase:76 - Trying to find Element By : By.xpath: .//option[normalize-space(.) = "1-中华人民共和国管辖(港澳台除外)"]
2020/07/14 10:58:46:711 DEBUG com.sinosoft.test.base.TestBase:80 - Found Element By : By.xpath: .//option[normalize-space(.) = "1-中华人民共和国管辖(港澳台除外)"]
2020/07/14 10:58:46:734 DEBUG com.sinosoft.test.base.TestBase:123 - setSelectWithStartText 结束！
2020/07/14 10:58:46:735 DEBUG com.sinosoft.test.base.TestBase:76 - Trying to find Element By : By.xpath: //table[@id='InsuredRelatedParty']/tbody/tr[@id='InsuredGuRelatedPartyCorInsuredType']/td/select[@name='InsuredGuRelatedPartyStarLevel']
2020/07/14 10:58:46:802 DEBUG com.sinosoft.test.base.TestBase:80 - Found Element By : By.xpath: //table[@id='InsuredRelatedParty']/tbody/tr[@id='InsuredGuRelatedPartyCorInsuredType']/td/select[@name='InsuredGuRelatedPartyStarLevel']
2020/07/14 10:58:46:803  INFO com.sinosoft.test.base.TestBase:96 - setSelectWithStartText:[[InternetExplorerDriver: internet explorer on WINDOWS (ebcaedd1-e9e1-46eb-89b5-72bd2629f588)] -> xpath: //table[@id='InsuredRelatedParty']/tbody/tr[@id='InsuredGuRelatedPartyCorInsuredType']/td/select[@name='InsuredGuRelatedPartyStarLevel']]->0
2020/07/14 10:58:46:803 DEBUG com.sinosoft.test.base.TestBase:76 - Trying to find Element By : By.xpath: //table[@id='InsuredRelatedParty']/tbody/tr[@id='InsuredGuRelatedPartyCorInsuredType']/td/select[@name='InsuredGuRelatedPartyStarLevel']
2020/07/14 10:58:46:849 DEBUG com.sinosoft.test.base.TestBase:80 - Found Element By : By.xpath: //table[@id='InsuredRelatedParty']/tbody/tr[@id='InsuredGuRelatedPartyCorInsuredType']/td/select[@name='InsuredGuRelatedPartyStarLevel']
2020/07/14 10:58:46:876 DEBUG com.sinosoft.test.base.TestBase:76 - Trying to find Element By : By.xpath: //table[@id='InsuredRelatedParty']/tbody/tr[@id='InsuredGuRelatedPartyCorInsuredType']/td/select[@name='InsuredGuRelatedPartyStarLevel']
2020/07/14 10:58:46:922 DEBUG com.sinosoft.test.base.TestBase:80 - Found Element By : By.xpath: //table[@id='InsuredRelatedParty']/tbody/tr[@id='InsuredGuRelatedPartyCorInsuredType']/td/select[@name='InsuredGuRelatedPartyStarLevel']
2020/07/14 10:58:46:950 DEBUG com.sinosoft.test.base.TestBase:76 - Trying to find Element By : By.xpath: //table[@id='InsuredRelatedParty']/tbody/tr[@id='InsuredGuRelatedPartyCorInsuredType']/td/select[@name='InsuredGuRelatedPartyStarLevel']
2020/07/14 10:58:47:030 DEBUG com.sinosoft.test.base.TestBase:80 - Found Element By : By.xpath: //table[@id='InsuredRelatedParty']/tbody/tr[@id='InsuredGuRelatedPartyCorInsuredType']/td/select[@name='InsuredGuRelatedPartyStarLevel']
2020/07/14 10:58:47:030 DEBUG com.sinosoft.test.base.TestBase:76 - Trying to find Element By : By.tagName: option
2020/07/14 10:58:47:119 DEBUG com.sinosoft.test.base.TestBase:80 - Found Element By : By.tagName: option
2020/07/14 10:58:47:233  INFO com.sinosoft.test.base.TestBase:114 - 找到匹配【0】的选项：0-普通客户
2020/07/14 10:58:47:234 DEBUG com.sinosoft.test.base.TestBase:76 - Trying to find Element By : By.xpath: //table[@id='InsuredRelatedParty']/tbody/tr[@id='InsuredGuRelatedPartyCorInsuredType']/td/select[@name='InsuredGuRelatedPartyStarLevel']
2020/07/14 10:58:47:291 DEBUG com.sinosoft.test.base.TestBase:80 - Found Element By : By.xpath: //table[@id='InsuredRelatedParty']/tbody/tr[@id='InsuredGuRelatedPartyCorInsuredType']/td/select[@name='InsuredGuRelatedPartyStarLevel']
2020/07/14 10:58:47:292 DEBUG com.sinosoft.test.base.TestBase:76 - Trying to find Element By : By.xpath: .//option[normalize-space(.) = "0-普通客户"]
2020/07/14 10:58:47:352 DEBUG com.sinosoft.test.base.TestBase:80 - Found Element By : By.xpath: .//option[normalize-space(.) = "0-普通客户"]
2020/07/14 10:58:47:398 DEBUG com.sinosoft.test.base.TestBase:123 - setSelectWithStartText 结束！
2020/07/14 10:58:47:398 DEBUG com.sinosoft.test.base.TestBase:76 - Trying to find Element By : By.xpath: //table[@id='InsuredRelatedParty']/tbody/tr[@id='InsuredGuRelatedPartyVocation']/td/input[@name='InsuredGuRelatedPartyIndustryMainCode']
2020/07/14 10:58:47:455 DEBUG com.sinosoft.test.base.TestBase:80 - Found Element By : By.xpath: //table[@id='InsuredRelatedParty']/tbody/tr[@id='InsuredGuRelatedPartyVocation']/td/input[@name='InsuredGuRelatedPartyIndustryMainCode']
2020/07/14 10:58:47:485 DEBUG com.sinosoft.test.base.TestBase:76 - Trying to find Element By : By.xpath: //table[@id='InsuredRelatedParty']/tbody/tr[@id='InsuredGuRelatedPartyVocation']/td/input[@name='InsuredGuRelatedPartyIndustryMainCode']
2020/07/14 10:58:47:566 DEBUG com.sinosoft.test.base.TestBase:80 - Found Element By : By.xpath: //table[@id='InsuredRelatedParty']/tbody/tr[@id='InsuredGuRelatedPartyVocation']/td/input[@name='InsuredGuRelatedPartyIndustryMainCode']
2020/07/14 10:58:47:567 DEBUG com.sinosoft.test.base.TestBase:42 - CodeSelect:开始设置[[InternetExplorerDriver: internet explorer on WINDOWS (ebcaedd1-e9e1-46eb-89b5-72bd2629f588)] -> xpath: //table[@id='InsuredRelatedParty']/tbody/tr[@id='InsuredGuRelatedPartyVocation']/td/input[@name='InsuredGuRelatedPartyIndustryMainCode']] & Code=12
2020/07/14 10:58:47:567 DEBUG com.sinosoft.test.base.TestBase:76 - Trying to find Element By : By.xpath: //table[@id='InsuredRelatedParty']/tbody/tr[@id='InsuredGuRelatedPartyVocation']/td/input[@name='InsuredGuRelatedPartyIndustryMainCode']
2020/07/14 10:58:47:593 DEBUG com.sinosoft.test.base.TestBase:80 - Found Element By : By.xpath: //table[@id='InsuredRelatedParty']/tbody/tr[@id='InsuredGuRelatedPartyVocation']/td/input[@name='InsuredGuRelatedPartyIndustryMainCode']
2020/07/14 10:58:48:779 DEBUG com.sinosoft.test.base.TestBase:272 - 系统窗口【黄河财险业务系统】with handle -7d5d43f0-9b86-4d03-95af-3eb96c3e6ee8
2020/07/14 10:58:49:441 DEBUG com.sinosoft.test.base.TestBase:272 - 系统窗口【黄河财险业务系统】with handle -7d5d43f0-9b86-4d03-95af-3eb96c3e6ee8
2020/07/14 10:58:50:075 DEBUG com.sinosoft.test.base.TestBase:272 - 系统窗口【Code Select】with handle -44a6cfac-b3ef-4d2c-8d3c-3f0c19c295b4
2020/07/14 10:58:50:584 DEBUG com.sinosoft.test.base.TestBase:69 - 初始化class com.sinosoft.test.fccp.common.CodeSelectPage
2020/07/14 10:58:50:585 DEBUG com.sinosoft.test.base.TestBase:39 - 基础码表选择！
2020/07/14 10:58:50:585 DEBUG com.sinosoft.test.base.TestBase:76 - Trying to find Element By : By.name: fieldValue
2020/07/14 10:58:50:863 DEBUG com.sinosoft.test.base.TestBase:80 - Found Element By : By.name: fieldValue
2020/07/14 10:58:50:863  INFO com.sinosoft.test.base.TestBase:360 - setEditboxValue:[[InternetExplorerDriver: internet explorer on WINDOWS (ebcaedd1-e9e1-46eb-89b5-72bd2629f588)] -> name: fieldValue]：12
2020/07/14 10:58:51:893  INFO com.sinosoft.test.base.TestBase:363 - setEditboxValue—End:[[InternetExplorerDriver: internet explorer on WINDOWS (ebcaedd1-e9e1-46eb-89b5-72bd2629f588)] -> name: fieldValue]：12
2020/07/14 10:58:51:893 DEBUG com.sinosoft.test.base.TestBase:76 - Trying to find Element By : By.xpath: //input[@value='查询(Q)']
2020/07/14 10:58:52:176 DEBUG com.sinosoft.test.base.TestBase:80 - Found Element By : By.xpath: //input[@value='查询(Q)']
2020/07/14 10:58:52:177  INFO com.sinosoft.test.base.TestBase:402 - clickButton:[[InternetExplorerDriver: internet explorer on WINDOWS (ebcaedd1-e9e1-46eb-89b5-72bd2629f588)] -> xpath: //input[@value='查询(Q)']]
2020/07/14 10:58:52:177 DEBUG com.sinosoft.test.base.TestBase:42 - Trying to click on: [[InternetExplorerDriver: internet explorer on WINDOWS (ebcaedd1-e9e1-46eb-89b5-72bd2629f588)] -> xpath: //input[@value='查询(Q)']]
2020/07/14 10:58:53:725 DEBUG com.sinosoft.test.base.TestBase:46 - Clicked on: [[InternetExplorerDriver: internet explorer on WINDOWS (ebcaedd1-e9e1-46eb-89b5-72bd2629f588)] -> xpath: //input[@value='查询(Q)']]
2020/07/14 10:58:53:726 DEBUG com.sinosoft.test.base.TestBase:76 - Trying to find Element By : By.name: codeselect
2020/07/14 10:58:54:011 DEBUG com.sinosoft.test.base.TestBase:80 - Found Element By : By.name: codeselect
2020/07/14 10:58:54:012  INFO com.sinosoft.test.base.TestBase:132 - setFuzzySelect:[[InternetExplorerDriver: internet explorer on WINDOWS (ebcaedd1-e9e1-46eb-89b5-72bd2629f588)] -> name: codeselect]->12
2020/07/14 10:58:54:556 DEBUG com.sinosoft.test.base.TestBase:76 - Trying to find Element By : By.tagName: option
2020/07/14 10:58:54:852 DEBUG com.sinosoft.test.base.TestBase:80 - Found Element By : By.tagName: option
2020/07/14 10:58:55:141  INFO com.sinosoft.test.base.TestBase:142 - 找到匹配【12】的选项：12--社会团体,机关,事业单位
2020/07/14 10:58:55:142 DEBUG com.sinosoft.test.base.TestBase:76 - Trying to find Element By : By.xpath: .//option[normalize-space(.) = "12--社会团体,机关,事业单位"]
2020/07/14 10:58:55:440 DEBUG com.sinosoft.test.base.TestBase:80 - Found Element By : By.xpath: .//option[normalize-space(.) = "12--社会团体,机关,事业单位"]
2020/07/14 10:58:55:724 DEBUG com.sinosoft.test.base.TestBase:42 - Trying to click on: [[[[InternetExplorerDriver: internet explorer on WINDOWS (ebcaedd1-e9e1-46eb-89b5-72bd2629f588)] -> name: codeselect]] -> xpath: .//option[normalize-space(.) = "12--社会团体,机关,事业单位"]]
2020/07/14 10:58:56:105 DEBUG com.sinosoft.test.base.TestBase:46 - Clicked on: [[[[InternetExplorerDriver: internet explorer on WINDOWS (ebcaedd1-e9e1-46eb-89b5-72bd2629f588)] -> name: codeselect]] -> xpath: .//option[normalize-space(.) = "12--社会团体,机关,事业单位"]]
2020/07/14 10:58:56:105 DEBUG com.sinosoft.test.base.TestBase:151 - setFuzzySelect 结束！
2020/07/14 10:58:56:105 DEBUG com.sinosoft.test.base.TestBase:76 - Trying to find Element By : By.name: SelectIt
2020/07/14 10:58:56:378 DEBUG com.sinosoft.test.base.TestBase:80 - Found Element By : By.name: SelectIt
2020/07/14 10:58:56:378  INFO com.sinosoft.test.base.TestBase:416 - jsClickButton:[[InternetExplorerDriver: internet explorer on WINDOWS (ebcaedd1-e9e1-46eb-89b5-72bd2629f588)] -> name: SelectIt]
2020/07/14 10:58:56:378  INFO com.sinosoft.test.base.TestBase:144 - RunJavaScript:[[InternetExplorerDriver: internet explorer on WINDOWS (ebcaedd1-e9e1-46eb-89b5-72bd2629f588)] -> name: SelectIt]	arguments[0].click();
2020/07/14 10:58:57:119 DEBUG com.sinosoft.test.base.TestBase:272 - 系统窗口【黄河财险业务系统】with handle -7d5d43f0-9b86-4d03-95af-3eb96c3e6ee8
2020/07/14 10:59:02:006 DEBUG com.sinosoft.test.base.TestBase:76 - Trying to find Element By : By.xpath: //table[@id='InsuredRelatedParty']/tbody/tr[@id='InsuredGuRelatedPartyVocation']/td/input[@name='InsuredGuRelatedPartyIndustryMainCode']
2020/07/14 10:59:02:051 DEBUG com.sinosoft.test.base.TestBase:80 - Found Element By : By.xpath: //table[@id='InsuredRelatedParty']/tbody/tr[@id='InsuredGuRelatedPartyVocation']/td/input[@name='InsuredGuRelatedPartyIndustryMainCode']
2020/07/14 10:59:02:051 DEBUG com.sinosoft.test.base.TestBase:49 - CodeSelect:设置完毕[[InternetExplorerDriver: internet explorer on WINDOWS (ebcaedd1-e9e1-46eb-89b5-72bd2629f588)] -> xpath: //table[@id='InsuredRelatedParty']/tbody/tr[@id='InsuredGuRelatedPartyVocation']/td/input[@name='InsuredGuRelatedPartyIndustryMainCode']] & Code=12
2020/07/14 10:59:02:052 DEBUG com.sinosoft.test.base.TestBase:76 - Trying to find Element By : By.xpath: //table[@id='InsuredRelatedParty']/tbody/tr[@id='InsuredGuRelatedPartyVocation']/td/input[@name='InsuredGuRelatedPartyIndustryKindCode']
2020/07/14 10:59:02:078 DEBUG com.sinosoft.test.base.TestBase:80 - Found Element By : By.xpath: //table[@id='InsuredRelatedParty']/tbody/tr[@id='InsuredGuRelatedPartyVocation']/td/input[@name='InsuredGuRelatedPartyIndustryKindCode']
2020/07/14 10:59:02:141 DEBUG com.sinosoft.test.base.TestBase:76 - Trying to find Element By : By.xpath: //table[@id='InsuredRelatedParty']/tbody/tr[@id='InsuredGuRelatedPartyVocation']/td/input[@name='InsuredGuRelatedPartyIndustryKindCode']
2020/07/14 10:59:02:199 DEBUG com.sinosoft.test.base.TestBase:80 - Found Element By : By.xpath: //table[@id='InsuredRelatedParty']/tbody/tr[@id='InsuredGuRelatedPartyVocation']/td/input[@name='InsuredGuRelatedPartyIndustryKindCode']
2020/07/14 10:59:02:199 DEBUG com.sinosoft.test.base.TestBase:63 - SetCodeEditBox:开始设置:[[InternetExplorerDriver: internet explorer on WINDOWS (ebcaedd1-e9e1-46eb-89b5-72bd2629f588)] -> xpath: //table[@id='InsuredRelatedParty']/tbody/tr[@id='InsuredGuRelatedPartyVocation']/td/input[@name='InsuredGuRelatedPartyIndustryKindCode']] & Code=12006
2020/07/14 10:59:02:199 DEBUG com.sinosoft.test.base.TestBase:76 - Trying to find Element By : By.xpath: //table[@id='InsuredRelatedParty']/tbody/tr[@id='InsuredGuRelatedPartyVocation']/td/input[@name='InsuredGuRelatedPartyIndustryKindCode']
2020/07/14 10:59:02:222 DEBUG com.sinosoft.test.base.TestBase:80 - Found Element By : By.xpath: //table[@id='InsuredRelatedParty']/tbody/tr[@id='InsuredGuRelatedPartyVocation']/td/input[@name='InsuredGuRelatedPartyIndustryKindCode']
2020/07/14 10:59:02:455 DEBUG com.sinosoft.test.base.TestBase:76 - Trying to find Element By : By.xpath: //table[@id='InsuredRelatedParty']/tbody/tr[@id='InsuredGuRelatedPartyVocation']/td/input[@name='InsuredGuRelatedPartyIndustryKindCode']
2020/07/14 10:59:02:512 DEBUG com.sinosoft.test.base.TestBase:80 - Found Element By : By.xpath: //table[@id='InsuredRelatedParty']/tbody/tr[@id='InsuredGuRelatedPartyVocation']/td/input[@name='InsuredGuRelatedPartyIndustryKindCode']
2020/07/14 10:59:03:100 DEBUG com.sinosoft.test.base.TestBase:76 - Trying to find Element By : By.xpath: //table[@id='InsuredRelatedParty']/tbody/tr[@id='InsuredGuRelatedPartyVocation']/td/input[@name='InsuredGuRelatedPartyIndustryKindCode']
2020/07/14 10:59:03:123 DEBUG com.sinosoft.test.base.TestBase:80 - Found Element By : By.xpath: //table[@id='InsuredRelatedParty']/tbody/tr[@id='InsuredGuRelatedPartyVocation']/td/input[@name='InsuredGuRelatedPartyIndustryKindCode']
2020/07/14 10:59:03:123 DEBUG com.sinosoft.test.base.TestBase:76 - Trying to find Element By : By.xpath: ../input[last()]
2020/07/14 10:59:03:193 DEBUG com.sinosoft.test.base.TestBase:80 - Found Element By : By.xpath: ../input[last()]
2020/07/14 10:59:03:330  INFO com.sinosoft.test.base.TestBase:71 - SetCodeEditBox:找到了Code对应的文本显示框并点击触发显示:InsuredGuRelatedPartyIndustryKindCName
2020/07/14 10:59:03:330 DEBUG com.sinosoft.test.base.TestBase:42 - Trying to click on: [[[[InternetExplorerDriver: internet explorer on WINDOWS (ebcaedd1-e9e1-46eb-89b5-72bd2629f588)] -> xpath: //table[@id='InsuredRelatedParty']/tbody/tr[@id='InsuredGuRelatedPartyVocation']/td/input[@name='InsuredGuRelatedPartyIndustryKindCode']]] -> xpath: ../input[last()]]
2020/07/14 10:59:04:394 DEBUG com.sinosoft.test.base.TestBase:46 - Clicked on: [[[[InternetExplorerDriver: internet explorer on WINDOWS (ebcaedd1-e9e1-46eb-89b5-72bd2629f588)] -> xpath: //table[@id='InsuredRelatedParty']/tbody/tr[@id='InsuredGuRelatedPartyVocation']/td/input[@name='InsuredGuRelatedPartyIndustryKindCode']]] -> xpath: ../input[last()]]
2020/07/14 10:59:04:596 DEBUG com.sinosoft.test.base.TestBase:76 - Trying to find Element By : By.xpath: //table[@id='InsuredRelatedParty']/tbody/tr[@id='InsuredGuRelatedPartyVocation']/td/input[@name='InsuredGuRelatedPartyIndustryKindCode']
2020/07/14 10:59:04:644 DEBUG com.sinosoft.test.base.TestBase:80 - Found Element By : By.xpath: //table[@id='InsuredRelatedParty']/tbody/tr[@id='InsuredGuRelatedPartyVocation']/td/input[@name='InsuredGuRelatedPartyIndustryKindCode']
2020/07/14 10:59:04:644 DEBUG com.sinosoft.test.base.TestBase:87 - SetCodeEditBox:设置完毕[[InternetExplorerDriver: internet explorer on WINDOWS (ebcaedd1-e9e1-46eb-89b5-72bd2629f588)] -> xpath: //table[@id='InsuredRelatedParty']/tbody/tr[@id='InsuredGuRelatedPartyVocation']/td/input[@name='InsuredGuRelatedPartyIndustryKindCode']],设置值 Code=12006
2020/07/14 10:59:04:644  INFO com.sinosoft.test.base.TestBase:157 - 保存险种基本信息
2020/07/14 10:59:04:645 DEBUG com.sinosoft.test.base.TestBase:76 - Trying to find Element By : By.id: saveButton
2020/07/14 10:59:04:691 DEBUG com.sinosoft.test.base.TestBase:80 - Found Element By : By.id: saveButton
2020/07/14 10:59:04:692  INFO com.sinosoft.test.base.TestBase:416 - jsClickButton:[[InternetExplorerDriver: internet explorer on WINDOWS (ebcaedd1-e9e1-46eb-89b5-72bd2629f588)] -> id: saveButton]
2020/07/14 10:59:04:692 DEBUG com.sinosoft.test.base.TestBase:76 - Trying to find Element By : By.id: saveButton
2020/07/14 10:59:04:742 DEBUG com.sinosoft.test.base.TestBase:80 - Found Element By : By.id: saveButton
2020/07/14 10:59:04:743  INFO com.sinosoft.test.base.TestBase:144 - RunJavaScript:[[InternetExplorerDriver: internet explorer on WINDOWS (ebcaedd1-e9e1-46eb-89b5-72bd2629f588)] -> id: saveButton]	arguments[0].click();
2020/07/14 10:59:04:744 DEBUG com.sinosoft.test.base.TestBase:76 - Trying to find Element By : By.id: saveButton
2020/07/14 10:59:04:791 DEBUG com.sinosoft.test.base.TestBase:80 - Found Element By : By.id: saveButton
2020/07/14 10:59:05:979 DEBUG com.sinosoft.test.base.TestBase:69 - 初始化class com.sinosoft.test.fccp.tbcl.RiskDetail_insuredObjPage
2020/07/14 10:59:10:936 DEBUG com.sinosoft.test.base.TestBase:76 - Trying to find Element By : By.id: ItemPropertyDetail
2020/07/14 10:59:11:023 DEBUG com.sinosoft.test.base.TestBase:80 - Found Element By : By.id: ItemPropertyDetail
2020/07/14 10:59:11:024 DEBUG com.sinosoft.test.base.TestBase:213 - 进入保险标的信息页面对象！
2020/07/14 10:59:11:024  INFO com.sinosoft.test.base.TestBase:222 - 开始录入标的物信息！
2020/07/14 10:59:11:027 DEBUG com.sinosoft.test.base.TestBase:69 - 初始化class com.sinosoft.test.fccp.tbcl.InsuredObjectInfoPage_0101
2020/07/14 10:59:11:147 DEBUG com.sinosoft.test.base.TestBase:76 - Trying to find Element By : By.name: GuItemPropertyBlockCode
2020/07/14 10:59:11:209 DEBUG com.sinosoft.test.base.TestBase:80 - Found Element By : By.name: GuItemPropertyBlockCode
2020/07/14 10:59:11:210  INFO com.sinosoft.test.base.TestBase:31 - 开始录入标的物信息！
2020/07/14 10:59:11:210 DEBUG com.sinosoft.test.base.TestBase:76 - Trying to find Element By : By.name: GuItemPropertyBlockCode
2020/07/14 10:59:11:292 DEBUG com.sinosoft.test.base.TestBase:80 - Found Element By : By.name: GuItemPropertyBlockCode
2020/07/14 10:59:11:293  INFO com.sinosoft.test.base.TestBase:388 - setEditboxTValue:[[InternetExplorerDriver: internet explorer on WINDOWS (ebcaedd1-e9e1-46eb-89b5-72bd2629f588)] -> name: GuItemPropertyBlockCode]->121121123123
2020/07/14 10:59:11:293 DEBUG com.sinosoft.test.base.TestBase:76 - Trying to find Element By : By.name: GuItemPropertyBlockCode
2020/07/14 10:59:11:372 DEBUG com.sinosoft.test.base.TestBase:80 - Found Element By : By.name: GuItemPropertyBlockCode
2020/07/14 10:59:11:638 DEBUG com.sinosoft.test.base.TestBase:76 - Trying to find Element By : By.name: GuItemPropertyBlockCode
2020/07/14 10:59:11:723 DEBUG com.sinosoft.test.base.TestBase:80 - Found Element By : By.name: GuItemPropertyBlockCode
2020/07/14 10:59:17:186 DEBUG com.sinosoft.test.base.TestBase:76 - Trying to find Element By : By.name: GuItemPropertyCurrency
2020/07/14 10:59:17:253 DEBUG com.sinosoft.test.base.TestBase:80 - Found Element By : By.name: GuItemPropertyCurrency
2020/07/14 10:59:17:279 DEBUG com.sinosoft.test.base.TestBase:76 - Trying to find Element By : By.name: GuItemPropertyItemProvinceCode
2020/07/14 10:59:17:347 DEBUG com.sinosoft.test.base.TestBase:80 - Found Element By : By.name: GuItemPropertyItemProvinceCode
2020/07/14 10:59:17:374 DEBUG com.sinosoft.test.base.TestBase:76 - Trying to find Element By : By.name: GuItemPropertyItemProvinceCode
2020/07/14 10:59:17:467 DEBUG com.sinosoft.test.base.TestBase:80 - Found Element By : By.name: GuItemPropertyItemProvinceCode
2020/07/14 10:59:17:468 DEBUG com.sinosoft.test.base.TestBase:63 - SetCodeEditBox:开始设置:[[InternetExplorerDriver: internet explorer on WINDOWS (ebcaedd1-e9e1-46eb-89b5-72bd2629f588)] -> name: GuItemPropertyItemProvinceCode] & Code=130000
2020/07/14 10:59:17:469 DEBUG com.sinosoft.test.base.TestBase:76 - Trying to find Element By : By.name: GuItemPropertyItemProvinceCode
2020/07/14 10:59:17:553 DEBUG com.sinosoft.test.base.TestBase:80 - Found Element By : By.name: GuItemPropertyItemProvinceCode
2020/07/14 10:59:17:759 DEBUG com.sinosoft.test.base.TestBase:76 - Trying to find Element By : By.name: GuItemPropertyItemProvinceCode
2020/07/14 10:59:17:818 DEBUG com.sinosoft.test.base.TestBase:80 - Found Element By : By.name: GuItemPropertyItemProvinceCode
2020/07/14 10:59:18:426 DEBUG com.sinosoft.test.base.TestBase:76 - Trying to find Element By : By.name: GuItemPropertyItemProvinceCode
2020/07/14 10:59:18:496 DEBUG com.sinosoft.test.base.TestBase:80 - Found Element By : By.name: GuItemPropertyItemProvinceCode
2020/07/14 10:59:18:496 DEBUG com.sinosoft.test.base.TestBase:76 - Trying to find Element By : By.xpath: ../input[last()]
2020/07/14 10:59:18:556 DEBUG com.sinosoft.test.base.TestBase:80 - Found Element By : By.xpath: ../input[last()]
2020/07/14 10:59:18:703  INFO com.sinosoft.test.base.TestBase:71 - SetCodeEditBox:找到了Code对应的文本显示框并点击触发显示:GuItemPropertyItemProvinceCName
2020/07/14 10:59:18:704 DEBUG com.sinosoft.test.base.TestBase:42 - Trying to click on: [[[[InternetExplorerDriver: internet explorer on WINDOWS (ebcaedd1-e9e1-46eb-89b5-72bd2629f588)] -> name: GuItemPropertyItemProvinceCode]] -> xpath: ../input[last()]]
2020/07/14 10:59:19:741 DEBUG com.sinosoft.test.base.TestBase:46 - Clicked on: [[[[InternetExplorerDriver: internet explorer on WINDOWS (ebcaedd1-e9e1-46eb-89b5-72bd2629f588)] -> name: GuItemPropertyItemProvinceCode]] -> xpath: ../input[last()]]
2020/07/14 10:59:19:942 DEBUG com.sinosoft.test.base.TestBase:76 - Trying to find Element By : By.name: GuItemPropertyItemProvinceCode
2020/07/14 10:59:19:999 DEBUG com.sinosoft.test.base.TestBase:80 - Found Element By : By.name: GuItemPropertyItemProvinceCode
2020/07/14 10:59:20:001 DEBUG com.sinosoft.test.base.TestBase:87 - SetCodeEditBox:设置完毕[[InternetExplorerDriver: internet explorer on WINDOWS (ebcaedd1-e9e1-46eb-89b5-72bd2629f588)] -> name: GuItemPropertyItemProvinceCode],设置值 Code=130000
2020/07/14 10:59:20:003 DEBUG com.sinosoft.test.base.TestBase:76 - Trying to find Element By : By.name: GuItemPropertyItemCityCode
2020/07/14 10:59:20:061 DEBUG com.sinosoft.test.base.TestBase:80 - Found Element By : By.name: GuItemPropertyItemCityCode
2020/07/14 10:59:20:093 DEBUG com.sinosoft.test.base.TestBase:76 - Trying to find Element By : By.name: GuItemPropertyItemCityCode
2020/07/14 10:59:20:165 DEBUG com.sinosoft.test.base.TestBase:80 - Found Element By : By.name: GuItemPropertyItemCityCode
2020/07/14 10:59:20:166 DEBUG com.sinosoft.test.base.TestBase:63 - SetCodeEditBox:开始设置:[[InternetExplorerDriver: internet explorer on WINDOWS (ebcaedd1-e9e1-46eb-89b5-72bd2629f588)] -> name: GuItemPropertyItemCityCode] & Code=130300
2020/07/14 10:59:20:167 DEBUG com.sinosoft.test.base.TestBase:76 - Trying to find Element By : By.name: GuItemPropertyItemCityCode
2020/07/14 10:59:20:249 DEBUG com.sinosoft.test.base.TestBase:80 - Found Element By : By.name: GuItemPropertyItemCityCode
2020/07/14 10:59:20:471 DEBUG com.sinosoft.test.base.TestBase:76 - Trying to find Element By : By.name: GuItemPropertyItemCityCode
2020/07/14 10:59:20:529 DEBUG com.sinosoft.test.base.TestBase:80 - Found Element By : By.name: GuItemPropertyItemCityCode
2020/07/14 10:59:21:120 DEBUG com.sinosoft.test.base.TestBase:76 - Trying to find Element By : By.name: GuItemPropertyItemCityCode
2020/07/14 10:59:21:188 DEBUG com.sinosoft.test.base.TestBase:80 - Found Element By : By.name: GuItemPropertyItemCityCode
2020/07/14 10:59:21:188 DEBUG com.sinosoft.test.base.TestBase:76 - Trying to find Element By : By.xpath: ../input[last()]
2020/07/14 10:59:21:233 DEBUG com.sinosoft.test.base.TestBase:80 - Found Element By : By.xpath: ../input[last()]
2020/07/14 10:59:21:367  INFO com.sinosoft.test.base.TestBase:71 - SetCodeEditBox:找到了Code对应的文本显示框并点击触发显示:GuItemPropertyItemCityCName
2020/07/14 10:59:21:367 DEBUG com.sinosoft.test.base.TestBase:42 - Trying to click on: [[[[InternetExplorerDriver: internet explorer on WINDOWS (ebcaedd1-e9e1-46eb-89b5-72bd2629f588)] -> name: GuItemPropertyItemCityCode]] -> xpath: ../input[last()]]
2020/07/14 10:59:22:415 DEBUG com.sinosoft.test.base.TestBase:46 - Clicked on: [[[[InternetExplorerDriver: internet explorer on WINDOWS (ebcaedd1-e9e1-46eb-89b5-72bd2629f588)] -> name: GuItemPropertyItemCityCode]] -> xpath: ../input[last()]]
2020/07/14 10:59:22:617 DEBUG com.sinosoft.test.base.TestBase:76 - Trying to find Element By : By.name: GuItemPropertyItemCityCode
2020/07/14 10:59:22:697 DEBUG com.sinosoft.test.base.TestBase:80 - Found Element By : By.name: GuItemPropertyItemCityCode
2020/07/14 10:59:22:699 DEBUG com.sinosoft.test.base.TestBase:87 - SetCodeEditBox:设置完毕[[InternetExplorerDriver: internet explorer on WINDOWS (ebcaedd1-e9e1-46eb-89b5-72bd2629f588)] -> name: GuItemPropertyItemCityCode],设置值 Code=130300
2020/07/14 10:59:22:699 DEBUG com.sinosoft.test.base.TestBase:76 - Trying to find Element By : By.name: GuItemPropertyItemPostalCode
2020/07/14 10:59:22:747 DEBUG com.sinosoft.test.base.TestBase:80 - Found Element By : By.name: GuItemPropertyItemPostalCode
2020/07/14 10:59:22:747  INFO com.sinosoft.test.base.TestBase:360 - setEditboxValue:[[InternetExplorerDriver: internet explorer on WINDOWS (ebcaedd1-e9e1-46eb-89b5-72bd2629f588)] -> name: GuItemPropertyItemPostalCode]：065201
2020/07/14 10:59:22:747 DEBUG com.sinosoft.test.base.TestBase:76 - Trying to find Element By : By.name: GuItemPropertyItemPostalCode
2020/07/14 10:59:22:793 DEBUG com.sinosoft.test.base.TestBase:80 - Found Element By : By.name: GuItemPropertyItemPostalCode
2020/07/14 10:59:23:038 DEBUG com.sinosoft.test.base.TestBase:76 - Trying to find Element By : By.name: GuItemPropertyItemPostalCode
2020/07/14 10:59:23:097 DEBUG com.sinosoft.test.base.TestBase:80 - Found Element By : By.name: GuItemPropertyItemPostalCode
2020/07/14 10:59:23:504 DEBUG com.sinosoft.test.base.TestBase:76 - Trying to find Element By : By.name: GuItemPropertyItemPostalCode
2020/07/14 10:59:23:562 DEBUG com.sinosoft.test.base.TestBase:80 - Found Element By : By.name: GuItemPropertyItemPostalCode
2020/07/14 10:59:23:563  INFO com.sinosoft.test.base.TestBase:363 - setEditboxValue—End:[[InternetExplorerDriver: internet explorer on WINDOWS (ebcaedd1-e9e1-46eb-89b5-72bd2629f588)] -> name: GuItemPropertyItemPostalCode]：065201
2020/07/14 10:59:23:564 DEBUG com.sinosoft.test.base.TestBase:76 - Trying to find Element By : By.name: GuItemPropertyConstruction
2020/07/14 10:59:23:648 DEBUG com.sinosoft.test.base.TestBase:80 - Found Element By : By.name: GuItemPropertyConstruction
2020/07/14 10:59:23:673 DEBUG com.sinosoft.test.base.TestBase:76 - Trying to find Element By : By.name: GuItemPropertySituation
2020/07/14 10:59:23:741 DEBUG com.sinosoft.test.base.TestBase:80 - Found Element By : By.name: GuItemPropertySituation
2020/07/14 10:59:23:741  INFO com.sinosoft.test.base.TestBase:360 - setEditboxValue:[[InternetExplorerDriver: internet explorer on WINDOWS (ebcaedd1-e9e1-46eb-89b5-72bd2629f588)] -> name: GuItemPropertySituation]：北戴河公园
2020/07/14 10:59:23:741 DEBUG com.sinosoft.test.base.TestBase:76 - Trying to find Element By : By.name: GuItemPropertySituation
2020/07/14 10:59:23:800 DEBUG com.sinosoft.test.base.TestBase:80 - Found Element By : By.name: GuItemPropertySituation
2020/07/14 10:59:24:046 DEBUG com.sinosoft.test.base.TestBase:76 - Trying to find Element By : By.name: GuItemPropertySituation
2020/07/14 10:59:24:118 DEBUG com.sinosoft.test.base.TestBase:80 - Found Element By : By.name: GuItemPropertySituation
2020/07/14 10:59:24:584 DEBUG com.sinosoft.test.base.TestBase:76 - Trying to find Element By : By.name: GuItemPropertySituation
2020/07/14 10:59:24:665 DEBUG com.sinosoft.test.base.TestBase:80 - Found Element By : By.name: GuItemPropertySituation
2020/07/14 10:59:24:666  INFO com.sinosoft.test.base.TestBase:363 - setEditboxValue—End:[[InternetExplorerDriver: internet explorer on WINDOWS (ebcaedd1-e9e1-46eb-89b5-72bd2629f588)] -> name: GuItemPropertySituation]：北戴河公园
2020/07/14 10:59:24:666 DEBUG com.sinosoft.test.base.TestBase:232 - 开始录入险种明细信息
2020/07/14 10:59:24:666 DEBUG com.sinosoft.test.base.TestBase:76 - Trying to find Element By : By.id: ItemPropertyDetail
2020/07/14 10:59:24:748 DEBUG com.sinosoft.test.base.TestBase:80 - Found Element By : By.id: ItemPropertyDetail
2020/07/14 10:59:24:749  INFO com.sinosoft.test.base.TestBase:406 - clickElement:[[InternetExplorerDriver: internet explorer on WINDOWS (ebcaedd1-e9e1-46eb-89b5-72bd2629f588)] -> id: ItemPropertyDetail]
2020/07/14 10:59:24:749 DEBUG com.sinosoft.test.base.TestBase:76 - Trying to find Element By : By.id: ItemPropertyDetail
2020/07/14 10:59:24:832 DEBUG com.sinosoft.test.base.TestBase:80 - Found Element By : By.id: ItemPropertyDetail
2020/07/14 10:59:24:832 DEBUG com.sinosoft.test.base.TestBase:42 - Trying to click on: [[InternetExplorerDriver: internet explorer on WINDOWS (ebcaedd1-e9e1-46eb-89b5-72bd2629f588)] -> id: ItemPropertyDetail]
2020/07/14 10:59:26:110 DEBUG com.sinosoft.test.base.TestBase:46 - Clicked on: [[InternetExplorerDriver: internet explorer on WINDOWS (ebcaedd1-e9e1-46eb-89b5-72bd2629f588)] -> id: ItemPropertyDetail]
2020/07/14 10:59:26:110 DEBUG com.sinosoft.test.base.TestBase:76 - Trying to find Element By : By.id: ItemPropertyDetail
2020/07/14 10:59:26:156 DEBUG com.sinosoft.test.base.TestBase:80 - Found Element By : By.id: ItemPropertyDetail
2020/07/14 10:59:26:156 DEBUG com.sinosoft.test.base.TestBase:76 - Trying to find Element By : By.name: GuItemPropertyDetailItemDetailCode
2020/07/14 10:59:26:195 DEBUG com.sinosoft.test.base.TestBase:80 - Found Element By : By.name: GuItemPropertyDetailItemDetailCode
2020/07/14 10:59:26:195 DEBUG com.sinosoft.test.base.TestBase:76 - Trying to find Element By : By.id: ItemPropertyDetail
2020/07/14 10:59:26:251 DEBUG com.sinosoft.test.base.TestBase:80 - Found Element By : By.id: ItemPropertyDetail
2020/07/14 10:59:26:251 DEBUG com.sinosoft.test.base.TestBase:76 - Trying to find Element By : By.name: GuItemPropertyDetailItemDetailList
2020/07/14 10:59:26:298 DEBUG com.sinosoft.test.base.TestBase:80 - Found Element By : By.name: GuItemPropertyDetailItemDetailList
2020/07/14 10:59:26:324 DEBUG com.sinosoft.test.base.TestBase:42 - CodeSelect:开始设置[[[[InternetExplorerDriver: internet explorer on WINDOWS (ebcaedd1-e9e1-46eb-89b5-72bd2629f588)] -> id: ItemPropertyDetail]] -> name: GuItemPropertyDetailItemDetailCode] & Code=010001
2020/07/14 10:59:27:480 DEBUG com.sinosoft.test.base.TestBase:272 - 系统窗口【黄河财险业务系统】with handle -7d5d43f0-9b86-4d03-95af-3eb96c3e6ee8
2020/07/14 10:59:28:138 DEBUG com.sinosoft.test.base.TestBase:272 - 系统窗口【黄河财险业务系统】with handle -7d5d43f0-9b86-4d03-95af-3eb96c3e6ee8
2020/07/14 10:59:28:770 DEBUG com.sinosoft.test.base.TestBase:272 - 系统窗口【Code Select】with handle -a5f8812e-5e5c-4c39-9e9b-7906619f4fba
2020/07/14 10:59:29:285 DEBUG com.sinosoft.test.base.TestBase:69 - 初始化class com.sinosoft.test.fccp.common.CodeSelectPage
2020/07/14 10:59:29:285 DEBUG com.sinosoft.test.base.TestBase:39 - 基础码表选择！
2020/07/14 10:59:29:285 DEBUG com.sinosoft.test.base.TestBase:76 - Trying to find Element By : By.name: fieldValue
2020/07/14 10:59:29:562 DEBUG com.sinosoft.test.base.TestBase:80 - Found Element By : By.name: fieldValue
2020/07/14 10:59:29:562  INFO com.sinosoft.test.base.TestBase:360 - setEditboxValue:[[InternetExplorerDriver: internet explorer on WINDOWS (ebcaedd1-e9e1-46eb-89b5-72bd2629f588)] -> name: fieldValue]：010001
2020/07/14 10:59:30:582  INFO com.sinosoft.test.base.TestBase:363 - setEditboxValue—End:[[InternetExplorerDriver: internet explorer on WINDOWS (ebcaedd1-e9e1-46eb-89b5-72bd2629f588)] -> name: fieldValue]：010001
2020/07/14 10:59:30:582 DEBUG com.sinosoft.test.base.TestBase:76 - Trying to find Element By : By.xpath: //input[@value='查询(Q)']
2020/07/14 10:59:30:867 DEBUG com.sinosoft.test.base.TestBase:80 - Found Element By : By.xpath: //input[@value='查询(Q)']
2020/07/14 10:59:30:868  INFO com.sinosoft.test.base.TestBase:402 - clickButton:[[InternetExplorerDriver: internet explorer on WINDOWS (ebcaedd1-e9e1-46eb-89b5-72bd2629f588)] -> xpath: //input[@value='查询(Q)']]
2020/07/14 10:59:30:868 DEBUG com.sinosoft.test.base.TestBase:42 - Trying to click on: [[InternetExplorerDriver: internet explorer on WINDOWS (ebcaedd1-e9e1-46eb-89b5-72bd2629f588)] -> xpath: //input[@value='查询(Q)']]
2020/07/14 10:59:32:428 DEBUG com.sinosoft.test.base.TestBase:46 - Clicked on: [[InternetExplorerDriver: internet explorer on WINDOWS (ebcaedd1-e9e1-46eb-89b5-72bd2629f588)] -> xpath: //input[@value='查询(Q)']]
2020/07/14 10:59:32:428 DEBUG com.sinosoft.test.base.TestBase:76 - Trying to find Element By : By.name: codeselect
2020/07/14 10:59:32:710 DEBUG com.sinosoft.test.base.TestBase:80 - Found Element By : By.name: codeselect
2020/07/14 10:59:32:711  INFO com.sinosoft.test.base.TestBase:132 - setFuzzySelect:[[InternetExplorerDriver: internet explorer on WINDOWS (ebcaedd1-e9e1-46eb-89b5-72bd2629f588)] -> name: codeselect]->010001
2020/07/14 10:59:33:252 DEBUG com.sinosoft.test.base.TestBase:76 - Trying to find Element By : By.tagName: option
2020/07/14 10:59:33:546 DEBUG com.sinosoft.test.base.TestBase:80 - Found Element By : By.tagName: option
2020/07/14 10:59:33:845  INFO com.sinosoft.test.base.TestBase:142 - 找到匹配【010001】的选项：010001--固定资产
2020/07/14 10:59:33:846 DEBUG com.sinosoft.test.base.TestBase:76 - Trying to find Element By : By.xpath: .//option[normalize-space(.) = "010001--固定资产"]
2020/07/14 10:59:34:146 DEBUG com.sinosoft.test.base.TestBase:80 - Found Element By : By.xpath: .//option[normalize-space(.) = "010001--固定资产"]
2020/07/14 10:59:34:430 DEBUG com.sinosoft.test.base.TestBase:42 - Trying to click on: [[[[InternetExplorerDriver: internet explorer on WINDOWS (ebcaedd1-e9e1-46eb-89b5-72bd2629f588)] -> name: codeselect]] -> xpath: .//option[normalize-space(.) = "010001--固定资产"]]
2020/07/14 10:59:34:795 DEBUG com.sinosoft.test.base.TestBase:46 - Clicked on: [[[[InternetExplorerDriver: internet explorer on WINDOWS (ebcaedd1-e9e1-46eb-89b5-72bd2629f588)] -> name: codeselect]] -> xpath: .//option[normalize-space(.) = "010001--固定资产"]]
2020/07/14 10:59:34:795 DEBUG com.sinosoft.test.base.TestBase:151 - setFuzzySelect 结束！
2020/07/14 10:59:34:796 DEBUG com.sinosoft.test.base.TestBase:76 - Trying to find Element By : By.name: SelectIt
2020/07/14 10:59:35:069 DEBUG com.sinosoft.test.base.TestBase:80 - Found Element By : By.name: SelectIt
2020/07/14 10:59:35:069  INFO com.sinosoft.test.base.TestBase:416 - jsClickButton:[[InternetExplorerDriver: internet explorer on WINDOWS (ebcaedd1-e9e1-46eb-89b5-72bd2629f588)] -> name: SelectIt]
2020/07/14 10:59:35:069  INFO com.sinosoft.test.base.TestBase:144 - RunJavaScript:[[InternetExplorerDriver: internet explorer on WINDOWS (ebcaedd1-e9e1-46eb-89b5-72bd2629f588)] -> name: SelectIt]	arguments[0].click();
2020/07/14 10:59:35:785 DEBUG com.sinosoft.test.base.TestBase:272 - 系统窗口【黄河财险业务系统】with handle -7d5d43f0-9b86-4d03-95af-3eb96c3e6ee8
2020/07/14 10:59:40:706 DEBUG com.sinosoft.test.base.TestBase:49 - CodeSelect:设置完毕[[[[InternetExplorerDriver: internet explorer on WINDOWS (ebcaedd1-e9e1-46eb-89b5-72bd2629f588)] -> id: ItemPropertyDetail]] -> name: GuItemPropertyDetailItemDetailCode] & Code=010001
2020/07/14 10:59:40:706  INFO com.sinosoft.test.base.TestBase:360 - setEditboxValue:[[[[InternetExplorerDriver: internet explorer on WINDOWS (ebcaedd1-e9e1-46eb-89b5-72bd2629f588)] -> id: ItemPropertyDetail]] -> name: GuItemPropertyDetailItemDetailList]：碣石公园礁石群
2020/07/14 10:59:41:277  INFO com.sinosoft.test.base.TestBase:363 - setEditboxValue—End:[[[[InternetExplorerDriver: internet explorer on WINDOWS (ebcaedd1-e9e1-46eb-89b5-72bd2629f588)] -> id: ItemPropertyDetail]] -> name: GuItemPropertyDetailItemDetailList]：碣石公园礁石群
2020/07/14 10:59:41:278 DEBUG com.sinosoft.test.base.TestBase:76 - Trying to find Element By : By.id: ItemPropertyDetail
2020/07/14 10:59:41:337 DEBUG com.sinosoft.test.base.TestBase:80 - Found Element By : By.id: ItemPropertyDetail
2020/07/14 10:59:41:338 DEBUG com.sinosoft.test.base.TestBase:76 - Trying to find Element By : By.name: GuItemKindKindCode
2020/07/14 10:59:41:385 DEBUG com.sinosoft.test.base.TestBase:80 - Found Element By : By.name: GuItemKindKindCode
2020/07/14 10:59:41:410 DEBUG com.sinosoft.test.base.TestBase:42 - CodeSelect:开始设置[[[[InternetExplorerDriver: internet explorer on WINDOWS (ebcaedd1-e9e1-46eb-89b5-72bd2629f588)] -> id: ItemPropertyDetail]] -> name: GuItemKindKindCode] & Code=0101001
2020/07/14 10:59:42:533 DEBUG com.sinosoft.test.base.TestBase:272 - 系统窗口【黄河财险业务系统】with handle -7d5d43f0-9b86-4d03-95af-3eb96c3e6ee8
2020/07/14 10:59:43:191 DEBUG com.sinosoft.test.base.TestBase:272 - 系统窗口【黄河财险业务系统】with handle -7d5d43f0-9b86-4d03-95af-3eb96c3e6ee8
2020/07/14 10:59:43:822 DEBUG com.sinosoft.test.base.TestBase:272 - 系统窗口【Code Select】with handle -dc1fd356-1556-4e63-83f5-bd45016c1dca
2020/07/14 10:59:44:336 DEBUG com.sinosoft.test.base.TestBase:69 - 初始化class com.sinosoft.test.fccp.common.CodeSelectPage
2020/07/14 10:59:44:336 DEBUG com.sinosoft.test.base.TestBase:39 - 基础码表选择！
2020/07/14 10:59:44:336 DEBUG com.sinosoft.test.base.TestBase:76 - Trying to find Element By : By.name: fieldValue
2020/07/14 10:59:44:607 DEBUG com.sinosoft.test.base.TestBase:80 - Found Element By : By.name: fieldValue
2020/07/14 10:59:44:607  INFO com.sinosoft.test.base.TestBase:360 - setEditboxValue:[[InternetExplorerDriver: internet explorer on WINDOWS (ebcaedd1-e9e1-46eb-89b5-72bd2629f588)] -> name: fieldValue]：0101001
2020/07/14 10:59:45:612  INFO com.sinosoft.test.base.TestBase:363 - setEditboxValue—End:[[InternetExplorerDriver: internet explorer on WINDOWS (ebcaedd1-e9e1-46eb-89b5-72bd2629f588)] -> name: fieldValue]：0101001
2020/07/14 10:59:45:612 DEBUG com.sinosoft.test.base.TestBase:76 - Trying to find Element By : By.xpath: //input[@value='查询(Q)']
2020/07/14 10:59:45:893 DEBUG com.sinosoft.test.base.TestBase:80 - Found Element By : By.xpath: //input[@value='查询(Q)']
2020/07/14 10:59:45:894  INFO com.sinosoft.test.base.TestBase:402 - clickButton:[[InternetExplorerDriver: internet explorer on WINDOWS (ebcaedd1-e9e1-46eb-89b5-72bd2629f588)] -> xpath: //input[@value='查询(Q)']]
2020/07/14 10:59:45:894 DEBUG com.sinosoft.test.base.TestBase:42 - Trying to click on: [[InternetExplorerDriver: internet explorer on WINDOWS (ebcaedd1-e9e1-46eb-89b5-72bd2629f588)] -> xpath: //input[@value='查询(Q)']]
2020/07/14 10:59:47:446 DEBUG com.sinosoft.test.base.TestBase:46 - Clicked on: [[InternetExplorerDriver: internet explorer on WINDOWS (ebcaedd1-e9e1-46eb-89b5-72bd2629f588)] -> xpath: //input[@value='查询(Q)']]
2020/07/14 10:59:47:447 DEBUG com.sinosoft.test.base.TestBase:76 - Trying to find Element By : By.name: codeselect
2020/07/14 10:59:47:722 DEBUG com.sinosoft.test.base.TestBase:80 - Found Element By : By.name: codeselect
2020/07/14 10:59:47:724  INFO com.sinosoft.test.base.TestBase:132 - setFuzzySelect:[[InternetExplorerDriver: internet explorer on WINDOWS (ebcaedd1-e9e1-46eb-89b5-72bd2629f588)] -> name: codeselect]->0101001
2020/07/14 10:59:48:262 DEBUG com.sinosoft.test.base.TestBase:76 - Trying to find Element By : By.tagName: option
2020/07/14 10:59:48:550 DEBUG com.sinosoft.test.base.TestBase:80 - Found Element By : By.tagName: option
2020/07/14 10:59:48:848  INFO com.sinosoft.test.base.TestBase:142 - 找到匹配【0101001】的选项：0101001--财产基本险（2019版）
2020/07/14 10:59:48:849 DEBUG com.sinosoft.test.base.TestBase:76 - Trying to find Element By : By.xpath: .//option[normalize-space(.) = "0101001--财产基本险（2019版）"]
2020/07/14 10:59:49:151 DEBUG com.sinosoft.test.base.TestBase:80 - Found Element By : By.xpath: .//option[normalize-space(.) = "0101001--财产基本险（2019版）"]
2020/07/14 10:59:49:435 DEBUG com.sinosoft.test.base.TestBase:42 - Trying to click on: [[[[InternetExplorerDriver: internet explorer on WINDOWS (ebcaedd1-e9e1-46eb-89b5-72bd2629f588)] -> name: codeselect]] -> xpath: .//option[normalize-space(.) = "0101001--财产基本险（2019版）"]]
2020/07/14 10:59:49:796 DEBUG com.sinosoft.test.base.TestBase:46 - Clicked on: [[[[InternetExplorerDriver: internet explorer on WINDOWS (ebcaedd1-e9e1-46eb-89b5-72bd2629f588)] -> name: codeselect]] -> xpath: .//option[normalize-space(.) = "0101001--财产基本险（2019版）"]]
2020/07/14 10:59:49:796 DEBUG com.sinosoft.test.base.TestBase:151 - setFuzzySelect 结束！
2020/07/14 10:59:49:796 DEBUG com.sinosoft.test.base.TestBase:76 - Trying to find Element By : By.name: SelectIt
2020/07/14 10:59:50:068 DEBUG com.sinosoft.test.base.TestBase:80 - Found Element By : By.name: SelectIt
2020/07/14 10:59:50:068  INFO com.sinosoft.test.base.TestBase:416 - jsClickButton:[[InternetExplorerDriver: internet explorer on WINDOWS (ebcaedd1-e9e1-46eb-89b5-72bd2629f588)] -> name: SelectIt]
2020/07/14 10:59:50:068  INFO com.sinosoft.test.base.TestBase:144 - RunJavaScript:[[InternetExplorerDriver: internet explorer on WINDOWS (ebcaedd1-e9e1-46eb-89b5-72bd2629f588)] -> name: SelectIt]	arguments[0].click();
2020/07/14 10:59:50:791 DEBUG com.sinosoft.test.base.TestBase:272 - 系统窗口【黄河财险业务系统】with handle -7d5d43f0-9b86-4d03-95af-3eb96c3e6ee8
2020/07/14 10:59:55:736 DEBUG com.sinosoft.test.base.TestBase:49 - CodeSelect:设置完毕[[[[InternetExplorerDriver: internet explorer on WINDOWS (ebcaedd1-e9e1-46eb-89b5-72bd2629f588)] -> id: ItemPropertyDetail]] -> name: GuItemKindKindCode] & Code=0101001
2020/07/14 10:59:55:736 DEBUG com.sinosoft.test.base.TestBase:76 - Trying to find Element By : By.id: ItemPropertyDetail
2020/07/14 10:59:55:782 DEBUG com.sinosoft.test.base.TestBase:80 - Found Element By : By.id: ItemPropertyDetail
2020/07/14 10:59:55:782 DEBUG com.sinosoft.test.base.TestBase:76 - Trying to find Element By : By.name: GuItemKindCalculateInd
2020/07/14 10:59:55:820 DEBUG com.sinosoft.test.base.TestBase:80 - Found Element By : By.name: GuItemKindCalculateInd
2020/07/14 10:59:55:854 DEBUG com.sinosoft.test.base.TestBase:76 - Trying to find Element By : By.id: ItemPropertyDetail
2020/07/14 10:59:55:913 DEBUG com.sinosoft.test.base.TestBase:80 - Found Element By : By.id: ItemPropertyDetail
2020/07/14 10:59:55:913 DEBUG com.sinosoft.test.base.TestBase:76 - Trying to find Element By : By.name: GuItemKindValueType
2020/07/14 10:59:55:969 DEBUG com.sinosoft.test.base.TestBase:80 - Found Element By : By.name: GuItemKindValueType
2020/07/14 10:59:55:969  INFO com.sinosoft.test.base.TestBase:96 - setSelectWithStartText:[[[[InternetExplorerDriver: internet explorer on WINDOWS (ebcaedd1-e9e1-46eb-89b5-72bd2629f588)] -> id: ItemPropertyDetail]] -> name: GuItemKindValueType]->10
2020/07/14 10:59:56:020 DEBUG com.sinosoft.test.base.TestBase:76 - Trying to find Element By : By.tagName: option
2020/07/14 10:59:56:224 DEBUG com.sinosoft.test.base.TestBase:80 - Found Element By : By.tagName: option
2020/07/14 10:59:56:385  INFO com.sinosoft.test.base.TestBase:114 - 找到匹配【10】的选项：10-出险时市场价值
2020/07/14 10:59:56:386 DEBUG com.sinosoft.test.base.TestBase:76 - Trying to find Element By : By.xpath: .//option[normalize-space(.) = "10-出险时市场价值"]
2020/07/14 10:59:56:436 DEBUG com.sinosoft.test.base.TestBase:80 - Found Element By : By.xpath: .//option[normalize-space(.) = "10-出险时市场价值"]
2020/07/14 10:59:56:472 DEBUG com.sinosoft.test.base.TestBase:42 - Trying to click on: [[[[[[InternetExplorerDriver: internet explorer on WINDOWS (ebcaedd1-e9e1-46eb-89b5-72bd2629f588)] -> id: ItemPropertyDetail]] -> name: GuItemKindValueType]] -> xpath: .//option[normalize-space(.) = "10-出险时市场价值"]]
2020/07/14 10:59:56:711 DEBUG com.sinosoft.test.base.TestBase:46 - Clicked on: [[[[[[InternetExplorerDriver: internet explorer on WINDOWS (ebcaedd1-e9e1-46eb-89b5-72bd2629f588)] -> id: ItemPropertyDetail]] -> name: GuItemKindValueType]] -> xpath: .//option[normalize-space(.) = "10-出险时市场价值"]]
2020/07/14 10:59:56:711 DEBUG com.sinosoft.test.base.TestBase:123 - setSelectWithStartText 结束！
2020/07/14 10:59:56:711 DEBUG com.sinosoft.test.base.TestBase:76 - Trying to find Element By : By.id: ItemPropertyDetail
2020/07/14 10:59:56:805 DEBUG com.sinosoft.test.base.TestBase:80 - Found Element By : By.id: ItemPropertyDetail
2020/07/14 10:59:56:805 DEBUG com.sinosoft.test.base.TestBase:76 - Trying to find Element By : By.name: GuItemKindSumInsured
2020/07/14 10:59:56:854 DEBUG com.sinosoft.test.base.TestBase:80 - Found Element By : By.name: GuItemKindSumInsured
2020/07/14 10:59:56:854  INFO com.sinosoft.test.base.TestBase:360 - setEditboxValue:[[[[InternetExplorerDriver: internet explorer on WINDOWS (ebcaedd1-e9e1-46eb-89b5-72bd2629f588)] -> id: ItemPropertyDetail]] -> name: GuItemKindSumInsured]：2000000
2020/07/14 10:59:57:546  INFO com.sinosoft.test.base.TestBase:363 - setEditboxValue—End:[[[[InternetExplorerDriver: internet explorer on WINDOWS (ebcaedd1-e9e1-46eb-89b5-72bd2629f588)] -> id: ItemPropertyDetail]] -> name: GuItemKindSumInsured]：2000000
2020/07/14 10:59:57:546 DEBUG com.sinosoft.test.base.TestBase:76 - Trying to find Element By : By.xpath: //table[@id='ItemPropertyDetailKind']/tbody/tr/td/input[@name='GuItemKindRate']
2020/07/14 10:59:57:605 DEBUG com.sinosoft.test.base.TestBase:80 - Found Element By : By.xpath: //table[@id='ItemPropertyDetailKind']/tbody/tr/td/input[@name='GuItemKindRate']
2020/07/14 10:59:57:606  INFO com.sinosoft.test.base.TestBase:388 - setEditboxTValue:[[InternetExplorerDriver: internet explorer on WINDOWS (ebcaedd1-e9e1-46eb-89b5-72bd2629f588)] -> xpath: //table[@id='ItemPropertyDetailKind']/tbody/tr/td/input[@name='GuItemKindRate']]->0.5
2020/07/14 10:59:57:606 DEBUG com.sinosoft.test.base.TestBase:76 - Trying to find Element By : By.xpath: //table[@id='ItemPropertyDetailKind']/tbody/tr/td/input[@name='GuItemKindRate']
2020/07/14 10:59:57:662 DEBUG com.sinosoft.test.base.TestBase:80 - Found Element By : By.xpath: //table[@id='ItemPropertyDetailKind']/tbody/tr/td/input[@name='GuItemKindRate']
2020/07/14 10:59:57:994 DEBUG com.sinosoft.test.base.TestBase:76 - Trying to find Element By : By.xpath: //table[@id='ItemPropertyDetailKind']/tbody/tr/td/input[@name='GuItemKindRate']
2020/07/14 10:59:58:060 DEBUG com.sinosoft.test.base.TestBase:80 - Found Element By : By.xpath: //table[@id='ItemPropertyDetailKind']/tbody/tr/td/input[@name='GuItemKindRate']
2020/07/14 11:00:03:497 DEBUG com.sinosoft.test.base.TestBase:76 - Trying to find Element By : By.xpath: //table[@id='ItemPropertyDetailKind']/tbody/tr/td/input[@name='GuItemKindShortRateFlag']
2020/07/14 11:00:03:546 DEBUG com.sinosoft.test.base.TestBase:80 - Found Element By : By.xpath: //table[@id='ItemPropertyDetailKind']/tbody/tr/td/input[@name='GuItemKindShortRateFlag']
2020/07/14 11:00:03:571 DEBUG com.sinosoft.test.base.TestBase:76 - Trying to find Element By : By.xpath: //table[@id='ItemPropertyDetailKind']/tbody/tr/td/input[@name='GuItemKindShortRateFlag']
2020/07/14 11:00:03:639 DEBUG com.sinosoft.test.base.TestBase:80 - Found Element By : By.xpath: //table[@id='ItemPropertyDetailKind']/tbody/tr/td/input[@name='GuItemKindShortRateFlag']
2020/07/14 11:00:03:640 DEBUG com.sinosoft.test.base.TestBase:42 - CodeSelect:开始设置[[InternetExplorerDriver: internet explorer on WINDOWS (ebcaedd1-e9e1-46eb-89b5-72bd2629f588)] -> xpath: //table[@id='ItemPropertyDetailKind']/tbody/tr/td/input[@name='GuItemKindShortRateFlag']] & Code=2
2020/07/14 11:00:03:640 DEBUG com.sinosoft.test.base.TestBase:76 - Trying to find Element By : By.xpath: //table[@id='ItemPropertyDetailKind']/tbody/tr/td/input[@name='GuItemKindShortRateFlag']
2020/07/14 11:00:03:697 DEBUG com.sinosoft.test.base.TestBase:80 - Found Element By : By.xpath: //table[@id='ItemPropertyDetailKind']/tbody/tr/td/input[@name='GuItemKindShortRateFlag']
2020/07/14 11:00:04:930 DEBUG com.sinosoft.test.base.TestBase:272 - 系统窗口【黄河财险业务系统】with handle -7d5d43f0-9b86-4d03-95af-3eb96c3e6ee8
2020/07/14 11:00:05:594 DEBUG com.sinosoft.test.base.TestBase:272 - 系统窗口【黄河财险业务系统】with handle -7d5d43f0-9b86-4d03-95af-3eb96c3e6ee8
2020/07/14 11:00:06:223 DEBUG com.sinosoft.test.base.TestBase:272 - 系统窗口【Code Select】with handle -2bec49c6-98f0-4ce3-8868-7bffa78fdf38
2020/07/14 11:00:06:737 DEBUG com.sinosoft.test.base.TestBase:69 - 初始化class com.sinosoft.test.fccp.common.CodeSelectPage
2020/07/14 11:00:06:737 DEBUG com.sinosoft.test.base.TestBase:39 - 基础码表选择！
2020/07/14 11:00:06:737 DEBUG com.sinosoft.test.base.TestBase:76 - Trying to find Element By : By.name: fieldValue
2020/07/14 11:00:07:014 DEBUG com.sinosoft.test.base.TestBase:80 - Found Element By : By.name: fieldValue
2020/07/14 11:00:07:014  INFO com.sinosoft.test.base.TestBase:360 - setEditboxValue:[[InternetExplorerDriver: internet explorer on WINDOWS (ebcaedd1-e9e1-46eb-89b5-72bd2629f588)] -> name: fieldValue]：2
2020/07/14 11:00:07:977  INFO com.sinosoft.test.base.TestBase:363 - setEditboxValue—End:[[InternetExplorerDriver: internet explorer on WINDOWS (ebcaedd1-e9e1-46eb-89b5-72bd2629f588)] -> name: fieldValue]：2
2020/07/14 11:00:07:977 DEBUG com.sinosoft.test.base.TestBase:76 - Trying to find Element By : By.xpath: //input[@value='查询(Q)']
2020/07/14 11:00:08:267 DEBUG com.sinosoft.test.base.TestBase:80 - Found Element By : By.xpath: //input[@value='查询(Q)']
2020/07/14 11:00:08:268  INFO com.sinosoft.test.base.TestBase:402 - clickButton:[[InternetExplorerDriver: internet explorer on WINDOWS (ebcaedd1-e9e1-46eb-89b5-72bd2629f588)] -> xpath: //input[@value='查询(Q)']]
2020/07/14 11:00:08:268 DEBUG com.sinosoft.test.base.TestBase:42 - Trying to click on: [[InternetExplorerDriver: internet explorer on WINDOWS (ebcaedd1-e9e1-46eb-89b5-72bd2629f588)] -> xpath: //input[@value='查询(Q)']]
2020/07/14 11:00:09:811 DEBUG com.sinosoft.test.base.TestBase:46 - Clicked on: [[InternetExplorerDriver: internet explorer on WINDOWS (ebcaedd1-e9e1-46eb-89b5-72bd2629f588)] -> xpath: //input[@value='查询(Q)']]
2020/07/14 11:00:09:811 DEBUG com.sinosoft.test.base.TestBase:76 - Trying to find Element By : By.name: codeselect
2020/07/14 11:00:10:095 DEBUG com.sinosoft.test.base.TestBase:80 - Found Element By : By.name: codeselect
2020/07/14 11:00:10:096  INFO com.sinosoft.test.base.TestBase:132 - setFuzzySelect:[[InternetExplorerDriver: internet explorer on WINDOWS (ebcaedd1-e9e1-46eb-89b5-72bd2629f588)] -> name: codeselect]->2
2020/07/14 11:00:10:633 DEBUG com.sinosoft.test.base.TestBase:76 - Trying to find Element By : By.tagName: option
2020/07/14 11:00:10:930 DEBUG com.sinosoft.test.base.TestBase:80 - Found Element By : By.tagName: option
2020/07/14 11:00:11:216  INFO com.sinosoft.test.base.TestBase:142 - 找到匹配【2】的选项：2--月比例
2020/07/14 11:00:11:217 DEBUG com.sinosoft.test.base.TestBase:76 - Trying to find Element By : By.xpath: .//option[normalize-space(.) = "2--月比例"]
2020/07/14 11:00:11:516 DEBUG com.sinosoft.test.base.TestBase:80 - Found Element By : By.xpath: .//option[normalize-space(.) = "2--月比例"]
2020/07/14 11:00:11:800 DEBUG com.sinosoft.test.base.TestBase:42 - Trying to click on: [[[[InternetExplorerDriver: internet explorer on WINDOWS (ebcaedd1-e9e1-46eb-89b5-72bd2629f588)] -> name: codeselect]] -> xpath: .//option[normalize-space(.) = "2--月比例"]]
2020/07/14 11:00:12:171 DEBUG com.sinosoft.test.base.TestBase:46 - Clicked on: [[[[InternetExplorerDriver: internet explorer on WINDOWS (ebcaedd1-e9e1-46eb-89b5-72bd2629f588)] -> name: codeselect]] -> xpath: .//option[normalize-space(.) = "2--月比例"]]
2020/07/14 11:00:12:172 DEBUG com.sinosoft.test.base.TestBase:151 - setFuzzySelect 结束！
2020/07/14 11:00:12:172 DEBUG com.sinosoft.test.base.TestBase:76 - Trying to find Element By : By.name: SelectIt
2020/07/14 11:00:12:445 DEBUG com.sinosoft.test.base.TestBase:80 - Found Element By : By.name: SelectIt
2020/07/14 11:00:12:445  INFO com.sinosoft.test.base.TestBase:416 - jsClickButton:[[InternetExplorerDriver: internet explorer on WINDOWS (ebcaedd1-e9e1-46eb-89b5-72bd2629f588)] -> name: SelectIt]
2020/07/14 11:00:12:445  INFO com.sinosoft.test.base.TestBase:144 - RunJavaScript:[[InternetExplorerDriver: internet explorer on WINDOWS (ebcaedd1-e9e1-46eb-89b5-72bd2629f588)] -> name: SelectIt]	arguments[0].click();
2020/07/14 11:00:13:150 DEBUG com.sinosoft.test.base.TestBase:272 - 系统窗口【黄河财险业务系统】with handle -7d5d43f0-9b86-4d03-95af-3eb96c3e6ee8
2020/07/14 11:00:18:099 DEBUG com.sinosoft.test.base.TestBase:76 - Trying to find Element By : By.xpath: //table[@id='ItemPropertyDetailKind']/tbody/tr/td/input[@name='GuItemKindShortRateFlag']
2020/07/14 11:00:18:150 DEBUG com.sinosoft.test.base.TestBase:80 - Found Element By : By.xpath: //table[@id='ItemPropertyDetailKind']/tbody/tr/td/input[@name='GuItemKindShortRateFlag']
2020/07/14 11:00:18:150 DEBUG com.sinosoft.test.base.TestBase:49 - CodeSelect:设置完毕[[InternetExplorerDriver: internet explorer on WINDOWS (ebcaedd1-e9e1-46eb-89b5-72bd2629f588)] -> xpath: //table[@id='ItemPropertyDetailKind']/tbody/tr/td/input[@name='GuItemKindShortRateFlag']] & Code=2
2020/07/14 11:00:18:151 DEBUG com.sinosoft.test.base.TestBase:76 - Trying to find Element By : By.xpath: //table[@id='ItemPropertyDetailKind']/tbody/tr/td/input[@name='GuItemKindGrossPremium']
2020/07/14 11:00:18:201 DEBUG com.sinosoft.test.base.TestBase:80 - Found Element By : By.xpath: //table[@id='ItemPropertyDetailKind']/tbody/tr/td/input[@name='GuItemKindGrossPremium']
2020/07/14 11:00:18:201  INFO com.sinosoft.test.base.TestBase:388 - setEditboxTValue:[[InternetExplorerDriver: internet explorer on WINDOWS (ebcaedd1-e9e1-46eb-89b5-72bd2629f588)] -> xpath: //table[@id='ItemPropertyDetailKind']/tbody/tr/td/input[@name='GuItemKindGrossPremium']]->400
2020/07/14 11:00:18:201 DEBUG com.sinosoft.test.base.TestBase:76 - Trying to find Element By : By.xpath: //table[@id='ItemPropertyDetailKind']/tbody/tr/td/input[@name='GuItemKindGrossPremium']
2020/07/14 11:00:18:247 DEBUG com.sinosoft.test.base.TestBase:80 - Found Element By : By.xpath: //table[@id='ItemPropertyDetailKind']/tbody/tr/td/input[@name='GuItemKindGrossPremium']
2020/07/14 11:00:18:750 DEBUG com.sinosoft.test.base.TestBase:76 - Trying to find Element By : By.xpath: //table[@id='ItemPropertyDetailKind']/tbody/tr/td/input[@name='GuItemKindGrossPremium']
2020/07/14 11:00:18:800 DEBUG com.sinosoft.test.base.TestBase:80 - Found Element By : By.xpath: //table[@id='ItemPropertyDetailKind']/tbody/tr/td/input[@name='GuItemKindGrossPremium']
2020/07/14 11:00:24:165 DEBUG com.sinosoft.test.base.TestBase:234 - 开始录入营业中断险！
2020/07/14 11:00:24:165 DEBUG com.sinosoft.test.base.TestBase:76 - Trying to find Element By : By.id: ItemPropertyItem1105
2020/07/14 11:00:24:245 DEBUG com.sinosoft.test.base.TestBase:80 - Found Element By : By.id: ItemPropertyItem1105
2020/07/14 11:00:24:247  INFO com.sinosoft.test.base.TestBase:406 - clickElement:[[InternetExplorerDriver: internet explorer on WINDOWS (ebcaedd1-e9e1-46eb-89b5-72bd2629f588)] -> id: ItemPropertyItem1105]
2020/07/14 11:00:24:249 DEBUG com.sinosoft.test.base.TestBase:76 - Trying to find Element By : By.id: ItemPropertyItem1105
2020/07/14 11:00:24:331 DEBUG com.sinosoft.test.base.TestBase:80 - Found Element By : By.id: ItemPropertyItem1105
2020/07/14 11:00:24:332 DEBUG com.sinosoft.test.base.TestBase:42 - Trying to click on: [[InternetExplorerDriver: internet explorer on WINDOWS (ebcaedd1-e9e1-46eb-89b5-72bd2629f588)] -> id: ItemPropertyItem1105]
2020/07/14 11:00:25:544 DEBUG com.sinosoft.test.base.TestBase:46 - Clicked on: [[InternetExplorerDriver: internet explorer on WINDOWS (ebcaedd1-e9e1-46eb-89b5-72bd2629f588)] -> id: ItemPropertyItem1105]
2020/07/14 11:00:25:545 DEBUG com.sinosoft.test.base.TestBase:76 - Trying to find Element By : By.name: GuItemDynamic0105FieldBG
2020/07/14 11:00:25:602 DEBUG com.sinosoft.test.base.TestBase:80 - Found Element By : By.name: GuItemDynamic0105FieldBG
2020/07/14 11:00:25:602  INFO com.sinosoft.test.base.TestBase:360 - setEditboxValue:[[InternetExplorerDriver: internet explorer on WINDOWS (ebcaedd1-e9e1-46eb-89b5-72bd2629f588)] -> name: GuItemDynamic0105FieldBG]：24
2020/07/14 11:00:25:602 DEBUG com.sinosoft.test.base.TestBase:76 - Trying to find Element By : By.name: GuItemDynamic0105FieldBG
2020/07/14 11:00:25:651 DEBUG com.sinosoft.test.base.TestBase:80 - Found Element By : By.name: GuItemDynamic0105FieldBG
2020/07/14 11:00:25:872 DEBUG com.sinosoft.test.base.TestBase:76 - Trying to find Element By : By.name: GuItemDynamic0105FieldBG
2020/07/14 11:00:25:922 DEBUG com.sinosoft.test.base.TestBase:80 - Found Element By : By.name: GuItemDynamic0105FieldBG
2020/07/14 11:00:26:237 DEBUG com.sinosoft.test.base.TestBase:76 - Trying to find Element By : By.name: GuItemDynamic0105FieldBG
2020/07/14 11:00:26:296 DEBUG com.sinosoft.test.base.TestBase:80 - Found Element By : By.name: GuItemDynamic0105FieldBG
2020/07/14 11:00:26:297  INFO com.sinosoft.test.base.TestBase:363 - setEditboxValue—End:[[InternetExplorerDriver: internet explorer on WINDOWS (ebcaedd1-e9e1-46eb-89b5-72bd2629f588)] -> name: GuItemDynamic0105FieldBG]：24
2020/07/14 11:00:26:297 DEBUG com.sinosoft.test.base.TestBase:76 - Trying to find Element By : By.name: GuItemDynamic0105FieldBF
2020/07/14 11:00:26:381 DEBUG com.sinosoft.test.base.TestBase:80 - Found Element By : By.name: GuItemDynamic0105FieldBF
2020/07/14 11:00:26:411 DEBUG com.sinosoft.test.base.TestBase:76 - Trying to find Element By : By.name: GuItemDynamic0105FieldBF
2020/07/14 11:00:26:482 DEBUG com.sinosoft.test.base.TestBase:80 - Found Element By : By.name: GuItemDynamic0105FieldBF
2020/07/14 11:00:26:482 DEBUG com.sinosoft.test.base.TestBase:63 - SetCodeEditBox:开始设置:[[InternetExplorerDriver: internet explorer on WINDOWS (ebcaedd1-e9e1-46eb-89b5-72bd2629f588)] -> name: GuItemDynamic0105FieldBF] & Code=6000000
2020/07/14 11:00:26:482 DEBUG com.sinosoft.test.base.TestBase:76 - Trying to find Element By : By.name: GuItemDynamic0105FieldBF
2020/07/14 11:00:26:563 DEBUG com.sinosoft.test.base.TestBase:80 - Found Element By : By.name: GuItemDynamic0105FieldBF
2020/07/14 11:00:26:786 DEBUG com.sinosoft.test.base.TestBase:76 - Trying to find Element By : By.name: GuItemDynamic0105FieldBF
2020/07/14 11:00:26:866 DEBUG com.sinosoft.test.base.TestBase:80 - Found Element By : By.name: GuItemDynamic0105FieldBF
2020/07/14 11:00:27:460 DEBUG com.sinosoft.test.base.TestBase:76 - Trying to find Element By : By.name: GuItemDynamic0105FieldBF
2020/07/14 11:00:27:517 DEBUG com.sinosoft.test.base.TestBase:80 - Found Element By : By.name: GuItemDynamic0105FieldBF
2020/07/14 11:00:27:517 DEBUG com.sinosoft.test.base.TestBase:76 - Trying to find Element By : By.xpath: ../input[last()]
2020/07/14 11:00:27:552 DEBUG com.sinosoft.test.base.TestBase:80 - Found Element By : By.xpath: ../input[last()]
2020/07/14 11:00:27:686  INFO com.sinosoft.test.base.TestBase:71 - SetCodeEditBox:找到了Code对应的文本显示框并点击触发显示:GuItemDynamic0105FieldBF
2020/07/14 11:00:27:686 DEBUG com.sinosoft.test.base.TestBase:42 - Trying to click on: [[[[InternetExplorerDriver: internet explorer on WINDOWS (ebcaedd1-e9e1-46eb-89b5-72bd2629f588)] -> name: GuItemDynamic0105FieldBF]] -> xpath: ../input[last()]]
2020/07/14 11:00:28:711 DEBUG com.sinosoft.test.base.TestBase:46 - Clicked on: [[[[InternetExplorerDriver: internet explorer on WINDOWS (ebcaedd1-e9e1-46eb-89b5-72bd2629f588)] -> name: GuItemDynamic0105FieldBF]] -> xpath: ../input[last()]]
2020/07/14 11:00:28:912 DEBUG com.sinosoft.test.base.TestBase:76 - Trying to find Element By : By.name: GuItemDynamic0105FieldBF
2020/07/14 11:00:28:991 DEBUG com.sinosoft.test.base.TestBase:80 - Found Element By : By.name: GuItemDynamic0105FieldBF
2020/07/14 11:00:28:991 DEBUG com.sinosoft.test.base.TestBase:87 - SetCodeEditBox:设置完毕[[InternetExplorerDriver: internet explorer on WINDOWS (ebcaedd1-e9e1-46eb-89b5-72bd2629f588)] -> name: GuItemDynamic0105FieldBF],设置值 Code=6000000
2020/07/14 11:00:28:991 DEBUG com.sinosoft.test.base.TestBase:76 - Trying to find Element By : By.name: GuItemDynamic0105FieldBE
2020/07/14 11:00:29:042 DEBUG com.sinosoft.test.base.TestBase:80 - Found Element By : By.name: GuItemDynamic0105FieldBE
2020/07/14 11:00:29:066 DEBUG com.sinosoft.test.base.TestBase:76 - Trying to find Element By : By.name: GuItemDynamic0105FieldBE
2020/07/14 11:00:29:146 DEBUG com.sinosoft.test.base.TestBase:80 - Found Element By : By.name: GuItemDynamic0105FieldBE
2020/07/14 11:00:29:147 DEBUG com.sinosoft.test.base.TestBase:63 - SetCodeEditBox:开始设置:[[InternetExplorerDriver: internet explorer on WINDOWS (ebcaedd1-e9e1-46eb-89b5-72bd2629f588)] -> name: GuItemDynamic0105FieldBE] & Code=20000000
2020/07/14 11:00:29:147 DEBUG com.sinosoft.test.base.TestBase:76 - Trying to find Element By : By.name: GuItemDynamic0105FieldBE
2020/07/14 11:00:29:215 DEBUG com.sinosoft.test.base.TestBase:80 - Found Element By : By.name: GuItemDynamic0105FieldBE
2020/07/14 11:00:29:449 DEBUG com.sinosoft.test.base.TestBase:76 - Trying to find Element By : By.name: GuItemDynamic0105FieldBE
2020/07/14 11:00:29:510 DEBUG com.sinosoft.test.base.TestBase:80 - Found Element By : By.name: GuItemDynamic0105FieldBE
2020/07/14 11:00:30:129 DEBUG com.sinosoft.test.base.TestBase:76 - Trying to find Element By : By.name: GuItemDynamic0105FieldBE
2020/07/14 11:00:30:209 DEBUG com.sinosoft.test.base.TestBase:80 - Found Element By : By.name: GuItemDynamic0105FieldBE
2020/07/14 11:00:30:211 DEBUG com.sinosoft.test.base.TestBase:76 - Trying to find Element By : By.xpath: ../input[last()]
2020/07/14 11:00:30:257 DEBUG com.sinosoft.test.base.TestBase:80 - Found Element By : By.xpath: ../input[last()]
2020/07/14 11:00:30:368  INFO com.sinosoft.test.base.TestBase:71 - SetCodeEditBox:找到了Code对应的文本显示框并点击触发显示:GuItemDynamic0105FieldBE
2020/07/14 11:00:30:368 DEBUG com.sinosoft.test.base.TestBase:42 - Trying to click on: [[[[InternetExplorerDriver: internet explorer on WINDOWS (ebcaedd1-e9e1-46eb-89b5-72bd2629f588)] -> name: GuItemDynamic0105FieldBE]] -> xpath: ../input[last()]]
2020/07/14 11:00:31:411 DEBUG com.sinosoft.test.base.TestBase:46 - Clicked on: [[[[InternetExplorerDriver: internet explorer on WINDOWS (ebcaedd1-e9e1-46eb-89b5-72bd2629f588)] -> name: GuItemDynamic0105FieldBE]] -> xpath: ../input[last()]]
2020/07/14 11:00:31:611 DEBUG com.sinosoft.test.base.TestBase:76 - Trying to find Element By : By.name: GuItemDynamic0105FieldBE
2020/07/14 11:00:31:692 DEBUG com.sinosoft.test.base.TestBase:80 - Found Element By : By.name: GuItemDynamic0105FieldBE
2020/07/14 11:00:31:693 DEBUG com.sinosoft.test.base.TestBase:87 - SetCodeEditBox:设置完毕[[InternetExplorerDriver: internet explorer on WINDOWS (ebcaedd1-e9e1-46eb-89b5-72bd2629f588)] -> name: GuItemDynamic0105FieldBE],设置值 Code=20000000
2020/07/14 11:00:31:693 DEBUG com.sinosoft.test.base.TestBase:76 - Trying to find Element By : By.id: ItemPropertyDetail0105
2020/07/14 11:00:31:751 DEBUG com.sinosoft.test.base.TestBase:80 - Found Element By : By.id: ItemPropertyDetail0105
2020/07/14 11:00:31:751 DEBUG com.sinosoft.test.base.TestBase:76 - Trying to find Element By : By.name: GuItemPropertyDetail0105ItemDetailCode
2020/07/14 11:00:31:804 DEBUG com.sinosoft.test.base.TestBase:80 - Found Element By : By.name: GuItemPropertyDetail0105ItemDetailCode
2020/07/14 11:00:31:806 DEBUG com.sinosoft.test.base.TestBase:76 - Trying to find Element By : By.id: ItemPropertyDetail0105
2020/07/14 11:00:31:863 DEBUG com.sinosoft.test.base.TestBase:80 - Found Element By : By.id: ItemPropertyDetail0105
2020/07/14 11:00:31:863 DEBUG com.sinosoft.test.base.TestBase:76 - Trying to find Element By : By.name: GuItemPropertyDetail0105ItemDetailList
2020/07/14 11:00:31:909 DEBUG com.sinosoft.test.base.TestBase:80 - Found Element By : By.name: GuItemPropertyDetail0105ItemDetailList
2020/07/14 11:00:31:935 DEBUG com.sinosoft.test.base.TestBase:42 - CodeSelect:开始设置[[[[InternetExplorerDriver: internet explorer on WINDOWS (ebcaedd1-e9e1-46eb-89b5-72bd2629f588)] -> id: ItemPropertyDetail0105]] -> name: GuItemPropertyDetail0105ItemDetailCode] & Code=010056
2020/07/14 11:00:33:067 DEBUG com.sinosoft.test.base.TestBase:272 - 系统窗口【黄河财险业务系统】with handle -7d5d43f0-9b86-4d03-95af-3eb96c3e6ee8
2020/07/14 11:00:33:721 DEBUG com.sinosoft.test.base.TestBase:272 - 系统窗口【黄河财险业务系统】with handle -7d5d43f0-9b86-4d03-95af-3eb96c3e6ee8
2020/07/14 11:00:34:347 DEBUG com.sinosoft.test.base.TestBase:272 - 系统窗口【Code Select】with handle -0026061a-f520-4405-bb6a-bde3af414ea5
2020/07/14 11:00:34:860 DEBUG com.sinosoft.test.base.TestBase:69 - 初始化class com.sinosoft.test.fccp.common.CodeSelectPage
2020/07/14 11:00:34:861 DEBUG com.sinosoft.test.base.TestBase:39 - 基础码表选择！
2020/07/14 11:00:34:861 DEBUG com.sinosoft.test.base.TestBase:76 - Trying to find Element By : By.name: fieldValue
2020/07/14 11:00:35:133 DEBUG com.sinosoft.test.base.TestBase:80 - Found Element By : By.name: fieldValue
2020/07/14 11:00:35:133  INFO com.sinosoft.test.base.TestBase:360 - setEditboxValue:[[InternetExplorerDriver: internet explorer on WINDOWS (ebcaedd1-e9e1-46eb-89b5-72bd2629f588)] -> name: fieldValue]：010056
2020/07/14 11:00:36:169  INFO com.sinosoft.test.base.TestBase:363 - setEditboxValue—End:[[InternetExplorerDriver: internet explorer on WINDOWS (ebcaedd1-e9e1-46eb-89b5-72bd2629f588)] -> name: fieldValue]：010056
2020/07/14 11:00:36:170 DEBUG com.sinosoft.test.base.TestBase:76 - Trying to find Element By : By.xpath: //input[@value='查询(Q)']
2020/07/14 11:00:36:447 DEBUG com.sinosoft.test.base.TestBase:80 - Found Element By : By.xpath: //input[@value='查询(Q)']
2020/07/14 11:00:36:447  INFO com.sinosoft.test.base.TestBase:402 - clickButton:[[InternetExplorerDriver: internet explorer on WINDOWS (ebcaedd1-e9e1-46eb-89b5-72bd2629f588)] -> xpath: //input[@value='查询(Q)']]
2020/07/14 11:00:36:447 DEBUG com.sinosoft.test.base.TestBase:42 - Trying to click on: [[InternetExplorerDriver: internet explorer on WINDOWS (ebcaedd1-e9e1-46eb-89b5-72bd2629f588)] -> xpath: //input[@value='查询(Q)']]
2020/07/14 11:00:38:011 DEBUG com.sinosoft.test.base.TestBase:46 - Clicked on: [[InternetExplorerDriver: internet explorer on WINDOWS (ebcaedd1-e9e1-46eb-89b5-72bd2629f588)] -> xpath: //input[@value='查询(Q)']]
2020/07/14 11:00:38:012 DEBUG com.sinosoft.test.base.TestBase:76 - Trying to find Element By : By.name: codeselect
2020/07/14 11:00:38:293 DEBUG com.sinosoft.test.base.TestBase:80 - Found Element By : By.name: codeselect
2020/07/14 11:00:38:294  INFO com.sinosoft.test.base.TestBase:132 - setFuzzySelect:[[InternetExplorerDriver: internet explorer on WINDOWS (ebcaedd1-e9e1-46eb-89b5-72bd2629f588)] -> name: codeselect]->010056
2020/07/14 11:00:38:836 DEBUG com.sinosoft.test.base.TestBase:76 - Trying to find Element By : By.tagName: option
2020/07/14 11:00:39:126 DEBUG com.sinosoft.test.base.TestBase:80 - Found Element By : By.tagName: option
2020/07/14 11:00:39:410  INFO com.sinosoft.test.base.TestBase:142 - 找到匹配【010056】的选项：010056--营业利润
2020/07/14 11:00:39:411 DEBUG com.sinosoft.test.base.TestBase:76 - Trying to find Element By : By.xpath: .//option[normalize-space(.) = "010056--营业利润"]
2020/07/14 11:00:39:709 DEBUG com.sinosoft.test.base.TestBase:80 - Found Element By : By.xpath: .//option[normalize-space(.) = "010056--营业利润"]
2020/07/14 11:00:39:994 DEBUG com.sinosoft.test.base.TestBase:42 - Trying to click on: [[[[InternetExplorerDriver: internet explorer on WINDOWS (ebcaedd1-e9e1-46eb-89b5-72bd2629f588)] -> name: codeselect]] -> xpath: .//option[normalize-space(.) = "010056--营业利润"]]
2020/07/14 11:00:40:370 DEBUG com.sinosoft.test.base.TestBase:46 - Clicked on: [[[[InternetExplorerDriver: internet explorer on WINDOWS (ebcaedd1-e9e1-46eb-89b5-72bd2629f588)] -> name: codeselect]] -> xpath: .//option[normalize-space(.) = "010056--营业利润"]]
2020/07/14 11:00:40:370 DEBUG com.sinosoft.test.base.TestBase:151 - setFuzzySelect 结束！
2020/07/14 11:00:40:370 DEBUG com.sinosoft.test.base.TestBase:76 - Trying to find Element By : By.name: SelectIt
2020/07/14 11:00:40:640 DEBUG com.sinosoft.test.base.TestBase:80 - Found Element By : By.name: SelectIt
2020/07/14 11:00:40:640  INFO com.sinosoft.test.base.TestBase:416 - jsClickButton:[[InternetExplorerDriver: internet explorer on WINDOWS (ebcaedd1-e9e1-46eb-89b5-72bd2629f588)] -> name: SelectIt]
2020/07/14 11:00:40:640  INFO com.sinosoft.test.base.TestBase:144 - RunJavaScript:[[InternetExplorerDriver: internet explorer on WINDOWS (ebcaedd1-e9e1-46eb-89b5-72bd2629f588)] -> name: SelectIt]	arguments[0].click();
2020/07/14 11:00:41:373 DEBUG com.sinosoft.test.base.TestBase:272 - 系统窗口【黄河财险业务系统】with handle -7d5d43f0-9b86-4d03-95af-3eb96c3e6ee8
2020/07/14 11:00:46:562 DEBUG com.sinosoft.test.base.TestBase:49 - CodeSelect:设置完毕[[[[InternetExplorerDriver: internet explorer on WINDOWS (ebcaedd1-e9e1-46eb-89b5-72bd2629f588)] -> id: ItemPropertyDetail0105]] -> name: GuItemPropertyDetail0105ItemDetailCode] & Code=010056
2020/07/14 11:00:46:562 DEBUG com.sinosoft.test.base.TestBase:76 - Trying to find Element By : By.id: ItemPropertyDetailKind0105
2020/07/14 11:00:46:613 DEBUG com.sinosoft.test.base.TestBase:80 - Found Element By : By.id: ItemPropertyDetailKind0105
2020/07/14 11:00:46:614 DEBUG com.sinosoft.test.base.TestBase:76 - Trying to find Element By : By.name: GuItemKind0105KindCode
2020/07/14 11:00:48:798 DEBUG com.sinosoft.test.base.TestBase:66 - 系统自动捕获异常：Exception occured: org.openqa.selenium.NoSuchElementException: Unable to find element with css selector == *[name='GuItemKind0105KindCode']
For documentation on this error, please visit: http://seleniumhq.org/exceptions/no_such_element.html
Build info: version: '3.9.0', revision: '698b3178f0', time: '2018-02-05T14:26:55.441Z'
System info: host: 'DESKTOP-I9S3ABE', ip: '100.100.96.220', os.name: 'Windows 10', os.arch: 'amd64', os.version: '10.0', java.version: '1.8.0_101'
Driver info: org.openqa.selenium.ie.InternetExplorerDriver
Capabilities {acceptInsecureCerts: false, browserName: internet explorer, browserVersion: 11, javascriptEnabled: true, pageLoadStrategy: normal, platform: WINDOWS, platformName: WINDOWS, proxy: Proxy(), se:ieOptions: {browserAttachTimeout: 0, elementScrollBehavior: 0, enablePersistentHover: true, ie.browserCommandLineSwitches: , ie.ensureCleanSession: false, ie.fileUploadDialogTimeout: 3000, ie.forceCreateProcessApi: false, ignoreProtectedModeSettings: true, ignoreZoomSetting: false, initialBrowserUrl: http://localhost:37532/, nativeEvents: true, requireWindowFocus: false}, setWindowRect: true, timeouts: {implicit: 0, pageLoad: 300000, script: 30000}, unhandledPromptBehavior: ignore}
Session ID: ebcaedd1-e9e1-46eb-89b5-72bd2629f588
*** Element info: {Using=name, value=GuItemKind0105KindCode}
2020/07/14 11:00:48:799  INFO com.sinosoft.test.base.TestBase:68 - 异常的message 是：Unable to find element with css selector == *[name='GuItemKind0105KindCode']
For documentation on this error, please visit: http://seleniumhq.org/exceptions/no_such_element.html
Build info: version: '3.9.0', revision: '698b3178f0', time: '2018-02-05T14:26:55.441Z'
System info: host: 'DESKTOP-I9S3ABE', ip: '100.100.96.220', os.name: 'Windows 10', os.arch: 'amd64', os.version: '10.0', java.version: '1.8.0_101'
Driver info: org.openqa.selenium.ie.InternetExplorerDriver
Capabilities {acceptInsecureCerts: false, browserName: internet explorer, browserVersion: 11, javascriptEnabled: true, pageLoadStrategy: normal, platform: WINDOWS, platformName: WINDOWS, proxy: Proxy(), se:ieOptions: {browserAttachTimeout: 0, elementScrollBehavior: 0, enablePersistentHover: true, ie.browserCommandLineSwitches: , ie.ensureCleanSession: false, ie.fileUploadDialogTimeout: 3000, ie.forceCreateProcessApi: false, ignoreProtectedModeSettings: true, ignoreZoomSetting: false, initialBrowserUrl: http://localhost:37532/, nativeEvents: true, requireWindowFocus: false}, setWindowRect: true, timeouts: {implicit: 0, pageLoad: 300000, script: 30000}, unhandledPromptBehavior: ignore}
Session ID: ebcaedd1-e9e1-46eb-89b5-72bd2629f588
*** Element info: {Using=name, value=GuItemKind0105KindCode}
2020/07/14 11:00:48:800  INFO com.sinosoft.test.base.TestBase:125 - 执行测试用例发生了异常，开始截屏
org.openqa.selenium.NoSuchElementException: Unable to find element with css selector == *[name='GuItemKind0105KindCode']
For documentation on this error, please visit: http://seleniumhq.org/exceptions/no_such_element.html
Build info: version: '3.9.0', revision: '698b3178f0', time: '2018-02-05T14:26:55.441Z'
System info: host: 'DESKTOP-I9S3ABE', ip: '100.100.96.220', os.name: 'Windows 10', os.arch: 'amd64', os.version: '10.0', java.version: '1.8.0_101'
Driver info: org.openqa.selenium.ie.InternetExplorerDriver
Capabilities {acceptInsecureCerts: false, browserName: internet explorer, browserVersion: 11, javascriptEnabled: true, pageLoadStrategy: normal, platform: WINDOWS, platformName: WINDOWS, proxy: Proxy(), se:ieOptions: {browserAttachTimeout: 0, elementScrollBehavior: 0, enablePersistentHover: true, ie.browserCommandLineSwitches: , ie.ensureCleanSession: false, ie.fileUploadDialogTimeout: 3000, ie.forceCreateProcessApi: false, ignoreProtectedModeSettings: true, ignoreZoomSetting: false, initialBrowserUrl: http://localhost:37532/, nativeEvents: true, requireWindowFocus: false}, setWindowRect: true, timeouts: {implicit: 0, pageLoad: 300000, script: 30000}, unhandledPromptBehavior: ignore}
Session ID: ebcaedd1-e9e1-46eb-89b5-72bd2629f588
*** Element info: {Using=name, value=GuItemKind0105KindCode}
	at sun.reflect.NativeConstructorAccessorImpl.newInstance0(Native Method)
	at sun.reflect.NativeConstructorAccessorImpl.newInstance(NativeConstructorAccessorImpl.java:62)
	at sun.reflect.DelegatingConstructorAccessorImpl.newInstance(DelegatingConstructorAccessorImpl.java:45)
	at java.lang.reflect.Constructor.newInstance(Constructor.java:423)
	at org.openqa.selenium.remote.http.W3CHttpResponseCodec.createException(W3CHttpResponseCodec.java:187)
	at org.openqa.selenium.remote.http.W3CHttpResponseCodec.decode(W3CHttpResponseCodec.java:122)
	at org.openqa.selenium.remote.http.W3CHttpResponseCodec.decode(W3CHttpResponseCodec.java:49)
	at org.openqa.selenium.remote.HttpCommandExecutor.execute(HttpCommandExecutor.java:160)
	at org.openqa.selenium.remote.service.DriverCommandExecutor.execute(DriverCommandExecutor.java:83)
	at org.openqa.selenium.remote.RemoteWebDriver.execute(RemoteWebDriver.java:601)
	at org.openqa.selenium.remote.RemoteWebElement.execute(RemoteWebElement.java:279)
	at org.openqa.selenium.remote.RemoteWebElement.findElement(RemoteWebElement.java:179)
	at org.openqa.selenium.remote.RemoteWebElement.findElementByName(RemoteWebElement.java:231)
	at org.openqa.selenium.By$ByName.findElement(By.java:303)
	at org.openqa.selenium.remote.RemoteWebElement.findElement(RemoteWebElement.java:175)
	at sun.reflect.GeneratedMethodAccessor20.invoke(Unknown Source)
	at sun.reflect.DelegatingMethodAccessorImpl.invoke(DelegatingMethodAccessorImpl.java:43)
	at java.lang.reflect.Method.invoke(Method.java:498)
	at org.openqa.selenium.support.events.EventFiringWebDriver$EventFiringWebElement$1.invoke(EventFiringWebDriver.java:375)
	at com.sun.proxy.$Proxy13.findElement(Unknown Source)
	at org.openqa.selenium.support.events.EventFiringWebDriver$EventFiringWebElement.findElement(EventFiringWebDriver.java:450)
	at sun.reflect.GeneratedMethodAccessor20.invoke(Unknown Source)
	at sun.reflect.DelegatingMethodAccessorImpl.invoke(DelegatingMethodAccessorImpl.java:43)
	at java.lang.reflect.Method.invoke(Method.java:498)
	at org.openqa.selenium.support.pagefactory.internal.LocatingElementHandler.invoke(LocatingElementHandler.java:51)
	at com.sun.proxy.$Proxy12.findElement(Unknown Source)
	at com.sinosoft.test.fccp.tbcl.RiskDetail_insuredObjPage.inputBizInterruptionAction(RiskDetail_insuredObjPage.java:254)
	at com.sinosoft.test.fccp.tbcl.RiskDetail_insuredObjPage.inputRiskCoverageAction(RiskDetail_insuredObjPage.java:235)
	at com.sinosoft.testcases.fccb.TBGLTestCase.FCCB_TBCL(TBGLTestCase.java:104)
	at sun.reflect.NativeMethodAccessorImpl.invoke0(Native Method)
	at sun.reflect.NativeMethodAccessorImpl.invoke(NativeMethodAccessorImpl.java:62)
	at sun.reflect.DelegatingMethodAccessorImpl.invoke(DelegatingMethodAccessorImpl.java:43)
	at java.lang.reflect.Method.invoke(Method.java:498)
	at org.testng.internal.MethodInvocationHelper.invokeMethod(MethodInvocationHelper.java:108)
	at org.testng.internal.Invoker.invokeMethod(Invoker.java:661)
	at org.testng.internal.Invoker.invokeTestMethod(Invoker.java:869)
	at org.testng.internal.Invoker.invokeTestMethods(Invoker.java:1193)
	at org.testng.internal.TestMethodWorker.invokeTestMethods(TestMethodWorker.java:126)
	at org.testng.internal.TestMethodWorker.run(TestMethodWorker.java:109)
	at org.testng.TestRunner.privateRun(TestRunner.java:744)
	at org.testng.TestRunner.run(TestRunner.java:602)
	at org.testng.SuiteRunner.runTest(SuiteRunner.java:380)
	at org.testng.SuiteRunner.runSequentially(SuiteRunner.java:375)
	at org.testng.SuiteRunner.privateRun(SuiteRunner.java:340)
	at org.testng.SuiteRunner.run(SuiteRunner.java:289)
	at org.testng.SuiteRunnerWorker.runSuite(SuiteRunnerWorker.java:52)
	at org.testng.SuiteRunnerWorker.run(SuiteRunnerWorker.java:86)
	at org.testng.TestNG.runSuitesSequentially(TestNG.java:1301)
	at org.testng.TestNG.runSuitesLocally(TestNG.java:1226)
	at org.testng.TestNG.runSuites(TestNG.java:1144)
	at org.testng.TestNG.run(TestNG.java:1115)
	at org.apache.maven.surefire.testng.TestNGExecutor.run(TestNGExecutor.java:283)
	at org.apache.maven.surefire.testng.TestNGXmlTestSuite.execute(TestNGXmlTestSuite.java:75)
	at org.apache.maven.surefire.testng.TestNGProvider.invoke(TestNGProvider.java:120)
	at org.apache.maven.surefire.booter.ForkedBooter.invokeProviderInSameClassLoader(ForkedBooter.java:384)
	at org.apache.maven.surefire.booter.ForkedBooter.runSuitesInProcess(ForkedBooter.java:345)
	at org.apache.maven.surefire.booter.ForkedBooter.execute(ForkedBooter.java:126)
	at org.apache.maven.surefire.booter.ForkedBooter.main(ForkedBooter.java:418)
2020/07/14 11:00:48:801 DEBUG com.sinosoft.test.base.TestBase:88 - 截屏文件名字是：FCCB_TB_JCX_1_异常截屏
2020/07/14 11:00:48:883  INFO com.sinosoft.test.base.TestBase:129 - 执行测试用例发生了异常，截屏结束！
2020/07/14 11:00:48:883  INFO com.sinosoft.test.base.TestBase:132 - 进入Finally事件:RowID:2
2020/07/14 11:00:48:883  INFO com.sinosoft.test.base.TestBase:133 - 进入Finally事件:testCaseName:FCCB_TBCL
2020/07/14 11:00:48:883  INFO com.sinosoft.test.base.TestBase:134 - 进入Finally事件:proposalNumber:06201900101202000000000057
2020/07/14 11:00:48:884  INFO com.sinosoft.test.base.TestBase:135 - 进入Finally事件:message:未知异常Unable to find element with css selector == *[name='GuItemKind0105KindCode']
For documentation on this error, please visit: http://seleniumhq.org/exceptions/no_such_element.html
Build info: version: '3.9.0', revision: '698b3178f0', time: '2018-02-05T14:26:55.441Z'
System info: host: 'DESKTOP-I9S3ABE', ip: '100.100.96.220', os.name: 'Windows 10', os.arch: 'amd64', os.version: '10.0', java.version: '1.8.0_101'
Driver info: org.openqa.selenium.ie.InternetExplorerDriver
Capabilities {acceptInsecureCerts: false, browserName: internet explorer, browserVersion: 11, javascriptEnabled: true, pageLoadStrategy: normal, platform: WINDOWS, platformName: WINDOWS, proxy: Proxy(), se:ieOptions: {browserAttachTimeout: 0, elementScrollBehavior: 0, enablePersistentHover: true, ie.browserCommandLineSwitches: , ie.ensureCleanSession: false, ie.fileUploadDialogTimeout: 3000, ie.forceCreateProcessApi: false, ignoreProtectedModeSettings: true, ignoreZoomSetting: false, initialBrowserUrl: http://localhost:37532/, nativeEvents: true, requireWindowFocus: false}, setWindowRect: true, timeouts: {implicit: 0, pageLoad: 300000, script: 30000}, unhandledPromptBehavior: ignore}
Session ID: ebcaedd1-e9e1-46eb-89b5-72bd2629f588
*** Element info: {Using=name, value=GuItemKind0105KindCode}
2020/07/14 11:00:48:884  INFO com.sinosoft.test.base.TestBase:136 - 进入Finally事件:screenshot:C:\Users\liu-b\git\PageObjectModel\screenshots\FCCB_TB_JCX_1_异常截屏_20200714110048881.png
2020/07/14 11:00:49:061  INFO com.sinosoft.test.base.TestBase:91 - start InternetExplorerDriver
2020/07/14 11:00:50:824 DEBUG com.sinosoft.test.base.TestBase:69 - 初始化class com.sinosoft.test.util.WebEventListener
2020/07/14 11:00:50:841  INFO com.sinosoft.test.base.TestBase:80 - 开始运行测试脚本，获取到的测试数据《getTBCLTestData》如下:
2020/07/14 11:00:50:842  INFO com.sinosoft.test.base.TestBase:81 - ROW_ID=3
ProcessFlag=N
TestCaseName=FCCB_TB_JCX
TestCaseSeq=2
TestDescription=非车承保企财险-工程机械设备保险-出单
riskClass=01
riskCode=0122
renewalInd=0
renewalPolicy=
prePay=
carrayOver=
carrayOverPolicy=
relatedInd=
relatedPolicy=
fbbs=
ywgs=01620190
qdlx=04
gdbs=0
xstd=T6209880101
ywy=S000000029
ywly=01010101
dljg=
xsxy=
cxywbs=HXXT
cdjg=
htzyjjfs=
jnwbz=
jw_country=
jw_Addr=
snbz=
sftkbd=0
sfdzbd=0
sfxb=0
fxqkyjytz=
sfydyw=
sfsn=
xbbdh=
tbr_lx=2
tbr_mc=
tbr_vip=
tbr_dm=G6200019984
tbr_zjlx=
tbr_zjhm=
tbr_sj=
tbr_csrq=
tbr_lxdz=
tbr_dwdh=010-67549095-455
lxr_xm=
lxr_xb=
lxr_zw=
lxr_sj=
lxr_yx=
xzsyfw=1
tqmc=
qbrq=
zbrq=
lgbbz=0
yyzdbz=
sfgxdm=1
cbdq=0001
zzfwlx=2
hydl=03
hyxl=03006
jqbm=121121123123
bbdm=CNY
sf=130000
cs=130300
qx=130302
yb=065201
jzdj=
bxcs=
bdw_jd=
bdw_yyxz=
bdw_sfhyf=
bdw_fxlx=
bdw_sbmc=大型联合收割机
bdw_cjh=V1239876895
bdw_fdjh=E00239988
bdw_cjdjrq=20150101
bdw_cllx=车辆类型
bdw_cpcx=厂牌车型
bdw_sccj=东方红
bdw_gzjz=2000000
bdw_sgzyqy=华北地区
bdw_zylx=
bdw=010081
bdwmx=
xbdm=0122001
jrbe=1
jzfs=10
bxje=2000000
bffl=3
dqflbz=2
ysbf=600
yyzd_zdpcg=
yyzd_sndmlrze=
yyzd_sndyye=
yyzd_bdw=
yyzd_bdwmx=
yyzd_xbdm=
yyzd_jrbe=
yyzd_jzfs=
yyzd_bxje=
yyzd_bffl=
yyzd_dqflbz=
yyzd_ysbf=
fsh=5
xsfdj=A
xsfxs=2
jgx_sf=
jgx_cs=
jgx_qx=
jgx_gcdd=
jgx_bb=
jgx_gcmc=
jgx_gclx_1=
jgx_gclx_2=
jgx_gclx_3=
jgx_gclx_4=
jgx_gclx_5=
jgx_gclx_6=
jgx_yzssjt=
jgx_yz=
jgx_cbs_ssjt=
jgx_cbs=
jgx_gchth=
jgx_gcjz=
jgx_gcqsrq=
jgx_gczzrq=
jgx_gcfw=
jgx_scqqsrq=
jgx_scqzzrq=
jgx_bzqqsrq=
jgx_bzqzzrq=
jgx_ws_xmlbdm=
jgx_ws_jrbe=
jgx_ws_bxje=
jgx_ws_fl=
jgx_ws_dqflbz=
jgx_ws_ysbf=
jgx_sz_xbdm=
jgx_sz_jrbe=
jgx_sz_ljpcxe=
jgx_sz_fv=
jgx_sz_dqflbz=
jgx_sz_ysbf=
proposalNumber=06201890122202000000000005
message=未知异常Currently focused window has been closed.
Build info: version: '3.9.0', revision: '698b3178f0', time: '2018-02-05T14:26:55.441Z'
System info: host: 'DESKTOP-I9S3ABE', ip: '100.100.96.220', os.name: 'Windows 10', os.arch: 'amd64', os.version: '10.0', java.version: '1.8.0_101'
Driver info: org.openqa.selenium.ie.InternetExplorerDriver
Capabilities {acceptInsecureCerts: false, browserName: internet explorer, browserVersion: 11, javascriptEnabled: true, pageLoadStrategy: normal, platform: WINDOWS, platformName: WINDOWS, proxy: Proxy(), se:ieOptions: {browserAttachTimeout: 0, elementScrollBehavior: 0, enablePersistentHover: true, ie.browserCommandLineSwitches: , ie.ensureCleanSession: false, ie.fileUploadDialogTimeout: 3000, ie.forceCreateProcessApi: false, ignoreProtectedModeSettings: true, ignoreZoomSetting: false, initialBrowserUrl: http://localhost:48130/, nativeEvents: true, requireWindowFocus: false}, setWindowRect: true, timeouts: {implicit: 0, pageLoad: 300000, script: 30000}, unhandledPromptBehavior: ignore}
Session ID: 7a56cff7-bff3-4e73-9241-177c580d1162
*** Element info: {Using=name, value=fieldValue}
screenshot=
testCaseName=FCCB_TBCL

2020/07/14 11:00:50:842  INFO com.sinosoft.test.base.TestBase:132 - 进入Finally事件:RowID:3
2020/07/14 11:00:50:842  INFO com.sinosoft.test.base.TestBase:133 - 进入Finally事件:testCaseName:FCCB_TBCL
2020/07/14 11:00:50:842  INFO com.sinosoft.test.base.TestBase:134 - 进入Finally事件:proposalNumber:06201890122202000000000005
2020/07/14 11:00:50:842  INFO com.sinosoft.test.base.TestBase:135 - 进入Finally事件:message:未知异常Currently focused window has been closed.
Build info: version: '3.9.0', revision: '698b3178f0', time: '2018-02-05T14:26:55.441Z'
System info: host: 'DESKTOP-I9S3ABE', ip: '100.100.96.220', os.name: 'Windows 10', os.arch: 'amd64', os.version: '10.0', java.version: '1.8.0_101'
Driver info: org.openqa.selenium.ie.InternetExplorerDriver
Capabilities {acceptInsecureCerts: false, browserName: internet explorer, browserVersion: 11, javascriptEnabled: true, pageLoadStrategy: normal, platform: WINDOWS, platformName: WINDOWS, proxy: Proxy(), se:ieOptions: {browserAttachTimeout: 0, elementScrollBehavior: 0, enablePersistentHover: true, ie.browserCommandLineSwitches: , ie.ensureCleanSession: false, ie.fileUploadDialogTimeout: 3000, ie.forceCreateProcessApi: false, ignoreProtectedModeSettings: true, ignoreZoomSetting: false, initialBrowserUrl: http://localhost:48130/, nativeEvents: true, requireWindowFocus: false}, setWindowRect: true, timeouts: {implicit: 0, pageLoad: 300000, script: 30000}, unhandledPromptBehavior: ignore}
Session ID: 7a56cff7-bff3-4e73-9241-177c580d1162
*** Element info: {Using=name, value=fieldValue}
2020/07/14 11:00:50:843  INFO com.sinosoft.test.base.TestBase:136 - 进入Finally事件:screenshot:
2020/07/14 11:00:50:992  INFO com.sinosoft.test.base.TestBase:91 - start InternetExplorerDriver
2020/07/14 11:00:52:829 DEBUG com.sinosoft.test.base.TestBase:69 - 初始化class com.sinosoft.test.util.WebEventListener
2020/07/14 11:00:52:843  INFO com.sinosoft.test.base.TestBase:80 - 开始运行测试脚本，获取到的测试数据《getTBCLTestData》如下:
2020/07/14 11:00:52:843  INFO com.sinosoft.test.base.TestBase:81 - ROW_ID=4
ProcessFlag=N
TestCaseName=FCCB_TB_GCX
TestCaseSeq=1
TestDescription=非车承保企财险-建工一切险-出单
riskClass=07
riskCode=0701
renewalInd=0
renewalPolicy=
prePay=
carrayOver=
carrayOverPolicy=
relatedInd=
relatedPolicy=
fbbs=
ywgs=01620190
qdlx=01
gdbs=6
xstd=T6201900101
ywy=S000000006
ywly=01010101
dljg=
xsxy=
cxywbs=YDW
cdjg=01
htzyjjfs=2
jnwbz=
jw_country=
jw_Addr=
snbz=
sftkbd=0
sfdzbd=0
sfxb=0
fxqkyjytz=
sfydyw=
sfsn=
xbbdh=
tbr_lx=1
tbr_mc=
tbr_vip=
tbr_dm=I11101757160
tbr_zjlx=
tbr_zjhm=
tbr_sj=
tbr_csrq=
tbr_lxdz=
tbr_dwdh=
lxr_xm=
lxr_xb=
lxr_zw=
lxr_sj=
lxr_yx=
xzsyfw=1
tqmc=
qbrq=
zbrq=
lgbbz=0
yyzdbz=
sfgxdm=1
cbdq=0001
zzfwlx=0
hydl=
hyxl=
jqbm=
bbdm=
sf=
cs=
qx=
yb=
jzdj=
bxcs=
bdw_jd=
bdw_yyxz=
bdw_sfhyf=
bdw_fxlx=
bdw_sbmc=
bdw_cjh=
bdw_fdjh=
bdw_cjdjrq=
bdw_cllx=
bdw_cpcx=
bdw_sccj=
bdw_gzjz=
bdw_sgzyqy=
bdw_zylx=
bdw=
bdwmx=
xbdm=
jrbe=
jzfs=
bxje=
bffl=
dqflbz=
ysbf=
yyzd_zdpcg=
yyzd_sndmlrze=
yyzd_sndyye=
yyzd_bdw=
yyzd_bdwmx=
yyzd_xbdm=
yyzd_jrbe=
yyzd_jzfs=
yyzd_bxje=
yyzd_bffl=
yyzd_dqflbz=
yyzd_ysbf=
fsh=5
xsfdj=A
xsfxs=2
jgx_sf=620000
jgx_cs=620100
jgx_qx=620102
jgx_gcdd=市政府家属院
jgx_bb=CNY
jgx_gcmc=市政府家属院污水改造工程
jgx_gclx_1=001
jgx_gclx_2=002
jgx_gclx_3=005
jgx_gclx_4=
jgx_gclx_5=006
jgx_gclx_6=007
jgx_yzssjt=0020
jgx_yz=00200001
jgx_cbs_ssjt=9999
jgx_cbs=99990018
jgx_gchth=JGX00020002001
jgx_gcjz=20000000
jgx_gcqsrq=20200301
jgx_gczzrq=20201231
jgx_gcfw=商业体开发及装修
jgx_scqqsrq=20200301
jgx_scqzzrq=20200331
jgx_bzqqsrq=20210101
jgx_bzqzzrq=20211231
jgx_ws_xmlbdm=070001
jgx_ws_jrbe=1
jgx_ws_bxje=20000000
jgx_ws_fl=4
jgx_ws_dqflbz=4
jgx_ws_ysbf=8000
jgx_sz_xbdm=0701034
jgx_sz_jrbe=1
jgx_sz_ljpcxe=10,000,000.00
jgx_sz_fv=2
jgx_sz_dqflbz=4
jgx_sz_ysbf=2000
proposalNumber=06201900701202000000000091
message=
screenshot=
testCaseName=FCCB_TBCL

2020/07/14 11:00:52:843  INFO com.sinosoft.test.base.TestBase:132 - 进入Finally事件:RowID:4
2020/07/14 11:00:52:844  INFO com.sinosoft.test.base.TestBase:133 - 进入Finally事件:testCaseName:FCCB_TBCL
2020/07/14 11:00:52:844  INFO com.sinosoft.test.base.TestBase:134 - 进入Finally事件:proposalNumber:06201900701202000000000091
2020/07/14 11:00:52:844  INFO com.sinosoft.test.base.TestBase:135 - 进入Finally事件:message:
2020/07/14 11:00:52:844  INFO com.sinosoft.test.base.TestBase:136 - 进入Finally事件:screenshot:
2020/07/14 11:00:52:992  INFO com.sinosoft.test.base.TestBase:91 - start InternetExplorerDriver
2020/07/14 11:00:54:758 DEBUG com.sinosoft.test.base.TestBase:69 - 初始化class com.sinosoft.test.util.WebEventListener
2020/07/14 11:00:54:772  INFO com.sinosoft.test.base.TestBase:80 - 开始运行测试脚本，获取到的测试数据《getTBCLTestData》如下:
2020/07/14 11:00:54:772  INFO com.sinosoft.test.base.TestBase:81 - ROW_ID=5
ProcessFlag=N
TestCaseName=FCCB_TB_JCX
TestCaseSeq=2
TestDescription=非车承保企财险-机器损坏保险-出单
riskClass=01
riskCode=0107
renewalInd=0
renewalPolicy=
prePay=
carrayOver=
carrayOverPolicy=
relatedInd=
relatedPolicy=
fbbs=
ywgs=01620190
qdlx=04
gdbs=0
xstd=T6209880101
ywy=S000000029
ywly=01010101
dljg=
xsxy=
cxywbs=HXXT
cdjg=
htzyjjfs=
jnwbz=
jw_country=
jw_Addr=
snbz=
sftkbd=0
sfdzbd=0
sfxb=0
fxqkyjytz=
sfydyw=
sfsn=
xbbdh=
tbr_lx=2
tbr_mc=
tbr_vip=
tbr_dm=G6200019984
tbr_zjlx=
tbr_zjhm=
tbr_sj=
tbr_csrq=
tbr_lxdz=
tbr_dwdh=010-67549095-455
lxr_xm=
lxr_xb=
lxr_zw=
lxr_sj=
lxr_yx=
xzsyfw=1
tqmc=
qbrq=
zbrq=
lgbbz=0
yyzdbz=0
sfgxdm=1
cbdq=
zzfwlx=2
hydl=03
hyxl=03006
jqbm=121121123123
bbdm=CNY
sf=130000
cs=130300
qx=130302
yb=065201
jzdj=01
bxcs=北戴河公园
bdw_jd=西城区月坛街道
bdw_yyxz=01
bdw_sfhyf=0
bdw_fxlx=03
bdw_sbmc=
bdw_cjh=
bdw_fdjh=
bdw_cjdjrq=
bdw_cllx=
bdw_cpcx=
bdw_sccj=
bdw_gzjz=
bdw_sgzyqy=
bdw_zylx=
bdw=010007
bdwmx=
xbdm=0107001
jrbe=1
jzfs=09
bxje=2000000
bffl=0.5
dqflbz=2
ysbf=8000
yyzd_zdpcg=
yyzd_sndmlrze=
yyzd_sndyye=
yyzd_bdw=
yyzd_bdwmx=
yyzd_xbdm=
yyzd_jrbe=
yyzd_jzfs=
yyzd_bxje=
yyzd_bffl=
yyzd_dqflbz=
yyzd_ysbf=
fsh=5
xsfdj=A
xsfxs=2
jgx_sf=
jgx_cs=
jgx_qx=
jgx_gcdd=
jgx_bb=
jgx_gcmc=
jgx_gclx_1=
jgx_gclx_2=
jgx_gclx_3=
jgx_gclx_4=
jgx_gclx_5=
jgx_gclx_6=
jgx_yzssjt=
jgx_yz=
jgx_cbs_ssjt=
jgx_cbs=
jgx_gchth=
jgx_gcjz=
jgx_gcqsrq=
jgx_gczzrq=
jgx_gcfw=
jgx_scqqsrq=
jgx_scqzzrq=
jgx_bzqqsrq=
jgx_bzqzzrq=
jgx_ws_xmlbdm=
jgx_ws_jrbe=
jgx_ws_bxje=
jgx_ws_fl=
jgx_ws_dqflbz=
jgx_ws_ysbf=
jgx_sz_xbdm=
jgx_sz_jrbe=
jgx_sz_ljpcxe=
jgx_sz_fv=
jgx_sz_dqflbz=
jgx_sz_ysbf=
proposalNumber=06201890107202000000000005
message=未知异常Currently focused window has been closed.
Build info: version: '3.9.0', revision: '698b3178f0', time: '2018-02-05T14:26:55.441Z'
System info: host: 'DESKTOP-I9S3ABE', ip: '100.100.93.42', os.name: 'Windows 10', os.arch: 'amd64', os.version: '10.0', java.version: '1.8.0_101'
Driver info: org.openqa.selenium.ie.InternetExplorerDriver
Capabilities {acceptInsecureCerts: false, browserName: internet explorer, browserVersion: 11, javascriptEnabled: true, pageLoadStrategy: normal, platform: WINDOWS, platformName: WINDOWS, proxy: Proxy(), se:ieOptions: {browserAttachTimeout: 0, elementScrollBehavior: 0, enablePersistentHover: true, ie.browserCommandLineSwitches: , ie.ensureCleanSession: false, ie.fileUploadDialogTimeout: 3000, ie.forceCreateProcessApi: false, ignoreProtectedModeSettings: true, ignoreZoomSetting: false, initialBrowserUrl: http://localhost:15976/, nativeEvents: true, requireWindowFocus: false}, setWindowRect: true, timeouts: {implicit: 0, pageLoad: 300000, script: 30000}, unhandledPromptBehavior: ignore}
Session ID: a4ddda5b-3c22-4027-b7dd-dd77604460c0
*** Element info: {Using=name, value=codeselect}
screenshot=
testCaseName=FCCB_TBCL

2020/07/14 11:00:54:772  INFO com.sinosoft.test.base.TestBase:132 - 进入Finally事件:RowID:5
2020/07/14 11:00:54:773  INFO com.sinosoft.test.base.TestBase:133 - 进入Finally事件:testCaseName:FCCB_TBCL
2020/07/14 11:00:54:773  INFO com.sinosoft.test.base.TestBase:134 - 进入Finally事件:proposalNumber:06201890107202000000000005
2020/07/14 11:00:54:773  INFO com.sinosoft.test.base.TestBase:135 - 进入Finally事件:message:未知异常Currently focused window has been closed.
Build info: version: '3.9.0', revision: '698b3178f0', time: '2018-02-05T14:26:55.441Z'
System info: host: 'DESKTOP-I9S3ABE', ip: '100.100.93.42', os.name: 'Windows 10', os.arch: 'amd64', os.version: '10.0', java.version: '1.8.0_101'
Driver info: org.openqa.selenium.ie.InternetExplorerDriver
Capabilities {acceptInsecureCerts: false, browserName: internet explorer, browserVersion: 11, javascriptEnabled: true, pageLoadStrategy: normal, platform: WINDOWS, platformName: WINDOWS, proxy: Proxy(), se:ieOptions: {browserAttachTimeout: 0, elementScrollBehavior: 0, enablePersistentHover: true, ie.browserCommandLineSwitches: , ie.ensureCleanSession: false, ie.fileUploadDialogTimeout: 3000, ie.forceCreateProcessApi: false, ignoreProtectedModeSettings: true, ignoreZoomSetting: false, initialBrowserUrl: http://localhost:15976/, nativeEvents: true, requireWindowFocus: false}, setWindowRect: true, timeouts: {implicit: 0, pageLoad: 300000, script: 30000}, unhandledPromptBehavior: ignore}
Session ID: a4ddda5b-3c22-4027-b7dd-dd77604460c0
*** Element info: {Using=name, value=codeselect}
2020/07/14 11:00:54:773  INFO com.sinosoft.test.base.TestBase:136 - 进入Finally事件:screenshot:
2020/07/14 11:00:55:076 DEBUG freemarker.cache:45 - Couldn't find template in cache for "index.ftl"("en", UTF-8, parsed); will try to load it.
2020/07/14 11:00:55:077 DEBUG freemarker.cache:45 - TemplateLoader.findTemplateSource("index_en.ftl"): Not found
2020/07/14 11:00:55:080 DEBUG freemarker.cache:45 - TemplateLoader.findTemplateSource("index.ftl"): Found
2020/07/14 11:00:55:080 DEBUG freemarker.cache:45 - Loading template for "index.ftl"("en", UTF-8, parsed) from "jar:file:/C:/Users/liu-b/.m2/repository/com/aventstack/extentreports/3.1.3/extentreports-3.1.3.jar!/com/aventstack/extentreports/view/html-report/index.ftl"
2020/07/14 11:00:55:305 DEBUG freemarker.cache:45 - Couldn't find template in cache for "head.ftl"("en", UTF-8, parsed); will try to load it.
2020/07/14 11:00:55:306 DEBUG freemarker.cache:45 - TemplateLoader.findTemplateSource("head_en.ftl"): Not found
2020/07/14 11:00:55:306 DEBUG freemarker.cache:45 - TemplateLoader.findTemplateSource("head.ftl"): Found
2020/07/14 11:00:55:307 DEBUG freemarker.cache:45 - Loading template for "head.ftl"("en", UTF-8, parsed) from "jar:file:/C:/Users/liu-b/.m2/repository/com/aventstack/extentreports/3.1.3/extentreports-3.1.3.jar!/com/aventstack/extentreports/view/html-report/head.ftl"
2020/07/14 11:00:55:311 DEBUG freemarker.cache:45 - Couldn't find template in cache for "nav.ftl"("en", UTF-8, parsed); will try to load it.
2020/07/14 11:00:55:311 DEBUG freemarker.cache:45 - TemplateLoader.findTemplateSource("nav_en.ftl"): Not found
2020/07/14 11:00:55:312 DEBUG freemarker.cache:45 - TemplateLoader.findTemplateSource("nav.ftl"): Found
2020/07/14 11:00:55:312 DEBUG freemarker.cache:45 - Loading template for "nav.ftl"("en", UTF-8, parsed) from "jar:file:/C:/Users/liu-b/.m2/repository/com/aventstack/extentreports/3.1.3/extentreports-3.1.3.jar!/com/aventstack/extentreports/view/html-report/nav.ftl"
2020/07/14 11:00:55:323 DEBUG freemarker.cache:45 - Couldn't find template in cache for "test-view/test-view.ftl"("en", UTF-8, parsed); will try to load it.
2020/07/14 11:00:55:324 DEBUG freemarker.cache:45 - TemplateLoader.findTemplateSource("test-view/test-view_en.ftl"): Not found
2020/07/14 11:00:55:324 DEBUG freemarker.cache:45 - TemplateLoader.findTemplateSource("test-view/test-view.ftl"): Found
2020/07/14 11:00:55:324 DEBUG freemarker.cache:45 - Loading template for "test-view/test-view.ftl"("en", UTF-8, parsed) from "jar:file:/C:/Users/liu-b/.m2/repository/com/aventstack/extentreports/3.1.3/extentreports-3.1.3.jar!/com/aventstack/extentreports/view/html-report/test-view/test-view.ftl"
2020/07/14 11:00:55:334 DEBUG freemarker.cache:45 - Couldn't find template in cache for "test-view/test-view-charts.ftl"("en", UTF-8, parsed); will try to load it.
2020/07/14 11:00:55:335 DEBUG freemarker.cache:45 - TemplateLoader.findTemplateSource("test-view/test-view-charts_en.ftl"): Not found
2020/07/14 11:00:55:335 DEBUG freemarker.cache:45 - TemplateLoader.findTemplateSource("test-view/test-view-charts.ftl"): Found
2020/07/14 11:00:55:335 DEBUG freemarker.cache:45 - Loading template for "test-view/test-view-charts.ftl"("en", UTF-8, parsed) from "jar:file:/C:/Users/liu-b/.m2/repository/com/aventstack/extentreports/3.1.3/extentreports-3.1.3.jar!/com/aventstack/extentreports/view/html-report/test-view/test-view-charts.ftl"
2020/07/14 11:00:55:349 DEBUG freemarker.cache:45 - Couldn't find template in cache for "test-view/standard.ftl"("en", UTF-8, parsed); will try to load it.
2020/07/14 11:00:55:349 DEBUG freemarker.cache:45 - TemplateLoader.findTemplateSource("test-view/standard_en.ftl"): Not found
2020/07/14 11:00:55:350 DEBUG freemarker.cache:45 - TemplateLoader.findTemplateSource("test-view/standard.ftl"): Found
2020/07/14 11:00:55:350 DEBUG freemarker.cache:45 - Loading template for "test-view/standard.ftl"("en", UTF-8, parsed) from "jar:file:/C:/Users/liu-b/.m2/repository/com/aventstack/extentreports/3.1.3/extentreports-3.1.3.jar!/com/aventstack/extentreports/view/html-report/test-view/standard.ftl"
2020/07/14 11:00:55:368 DEBUG freemarker.cache:45 - "test-view/standard.ftl"("en", UTF-8, parsed) cached copy not yet stale; using cached.
2020/07/14 11:00:55:369 DEBUG freemarker.cache:45 - "test-view/standard.ftl"("en", UTF-8, parsed) cached copy not yet stale; using cached.
2020/07/14 11:00:55:370 DEBUG freemarker.cache:45 - "test-view/standard.ftl"("en", UTF-8, parsed) cached copy not yet stale; using cached.
2020/07/14 11:00:55:372 DEBUG freemarker.cache:45 - Couldn't find template in cache for "category-view/category-view.ftl"("en", UTF-8, parsed); will try to load it.
2020/07/14 11:00:55:372 DEBUG freemarker.cache:45 - TemplateLoader.findTemplateSource("category-view/category-view_en.ftl"): Not found
2020/07/14 11:00:55:373 DEBUG freemarker.cache:45 - TemplateLoader.findTemplateSource("category-view/category-view.ftl"): Found
2020/07/14 11:00:55:373 DEBUG freemarker.cache:45 - Loading template for "category-view/category-view.ftl"("en", UTF-8, parsed) from "jar:file:/C:/Users/liu-b/.m2/repository/com/aventstack/extentreports/3.1.3/extentreports-3.1.3.jar!/com/aventstack/extentreports/view/html-report/category-view/category-view.ftl"
2020/07/14 11:00:55:386 DEBUG freemarker.cache:45 - Couldn't find template in cache for "author-view/author-view.ftl"("en", UTF-8, parsed); will try to load it.
2020/07/14 11:00:55:387 DEBUG freemarker.cache:45 - TemplateLoader.findTemplateSource("author-view/author-view_en.ftl"): Not found
2020/07/14 11:00:55:388 DEBUG freemarker.cache:45 - TemplateLoader.findTemplateSource("author-view/author-view.ftl"): Found
2020/07/14 11:00:55:388 DEBUG freemarker.cache:45 - Loading template for "author-view/author-view.ftl"("en", UTF-8, parsed) from "jar:file:/C:/Users/liu-b/.m2/repository/com/aventstack/extentreports/3.1.3/extentreports-3.1.3.jar!/com/aventstack/extentreports/view/html-report/author-view/author-view.ftl"
2020/07/14 11:00:55:392 DEBUG freemarker.cache:45 - Couldn't find template in cache for "exception-view/exception-view.ftl"("en", UTF-8, parsed); will try to load it.
2020/07/14 11:00:55:393 DEBUG freemarker.cache:45 - TemplateLoader.findTemplateSource("exception-view/exception-view_en.ftl"): Not found
2020/07/14 11:00:55:393 DEBUG freemarker.cache:45 - TemplateLoader.findTemplateSource("exception-view/exception-view.ftl"): Found
2020/07/14 11:00:55:393 DEBUG freemarker.cache:45 - Loading template for "exception-view/exception-view.ftl"("en", UTF-8, parsed) from "jar:file:/C:/Users/liu-b/.m2/repository/com/aventstack/extentreports/3.1.3/extentreports-3.1.3.jar!/com/aventstack/extentreports/view/html-report/exception-view/exception-view.ftl"
2020/07/14 11:00:55:399 DEBUG freemarker.cache:45 - Couldn't find template in cache for "dashboard-view/dashboard-view.ftl"("en", UTF-8, parsed); will try to load it.
2020/07/14 11:00:55:400 DEBUG freemarker.cache:45 - TemplateLoader.findTemplateSource("dashboard-view/dashboard-view_en.ftl"): Not found
2020/07/14 11:00:55:400 DEBUG freemarker.cache:45 - TemplateLoader.findTemplateSource("dashboard-view/dashboard-view.ftl"): Found
2020/07/14 11:00:55:400 DEBUG freemarker.cache:45 - Loading template for "dashboard-view/dashboard-view.ftl"("en", UTF-8, parsed) from "jar:file:/C:/Users/liu-b/.m2/repository/com/aventstack/extentreports/3.1.3/extentreports-3.1.3.jar!/com/aventstack/extentreports/view/html-report/dashboard-view/dashboard-view.ftl"
2020/07/14 11:00:55:405 DEBUG freemarker.cache:45 - Couldn't find template in cache for "logs-view/testrunner-logs-view.ftl"("en", UTF-8, parsed); will try to load it.
2020/07/14 11:00:55:405 DEBUG freemarker.cache:45 - TemplateLoader.findTemplateSource("logs-view/testrunner-logs-view_en.ftl"): Not found
2020/07/14 11:00:55:406 DEBUG freemarker.cache:45 - TemplateLoader.findTemplateSource("logs-view/testrunner-logs-view.ftl"): Found
2020/07/14 11:00:55:406 DEBUG freemarker.cache:45 - Loading template for "logs-view/testrunner-logs-view.ftl"("en", UTF-8, parsed) from "jar:file:/C:/Users/liu-b/.m2/repository/com/aventstack/extentreports/3.1.3/extentreports-3.1.3.jar!/com/aventstack/extentreports/view/html-report/logs-view/testrunner-logs-view.ftl"
2020/07/14 11:26:07:958  INFO com.sinosoft.test.base.TestBase:59 - 配置文件路径：config.properties
2020/07/14 11:26:07:961 DEBUG com.sinosoft.test.base.TestBase:69 - 初始化class com.sinosoft.testcases.fccb.TBGLTestCase
2020/07/14 11:26:08:015 DEBUG com.sinosoft.test.base.TestBase:69 - 初始化class com.sinosoft.test.util.ExcelDataProvider
2020/07/14 11:26:08:764  INFO com.sinosoft.test.base.TestBase:80 - 当前文件里面一共有数据：4
2020/07/14 11:26:08:807  INFO com.sinosoft.test.base.TestBase:91 - start InternetExplorerDriver
2020/07/14 11:26:11:220 DEBUG com.sinosoft.test.base.TestBase:69 - 初始化class com.sinosoft.test.util.WebEventListener
2020/07/14 11:26:11:241  INFO com.sinosoft.test.base.TestBase:80 - 开始运行测试脚本，获取到的测试数据《getTBCLTestData》如下:
2020/07/14 11:26:11:243  INFO com.sinosoft.test.base.TestBase:81 - ROW_ID=2
ProcessFlag=Y
TestCaseName=FCCB_TB_JCX
TestCaseSeq=1
TestDescription=非车承保企财险-财产基本险-出单
riskClass=01
riskCode=0101
renewalInd=0
renewalPolicy=
prePay=
carrayOver=
carrayOverPolicy=
relatedInd=
relatedPolicy=
fbbs=
ywgs=01620190
qdlx=01
gdbs=0
xstd=T6201900101
ywy=S000000006
ywly=01010101
dljg=
xsxy=
cxywbs=HXXT
cdjg=
htzyjjfs=
jnwbz=
jw_country=
jw_Addr=
snbz=
sftkbd=0
sfdzbd=0
sfxb=0
fxqkyjytz=
sfydyw=
sfsn=
xbbdh=
tbr_lx=2
tbr_mc=
tbr_vip=
tbr_dm=G6200019603
tbr_zjlx=
tbr_zjhm=
tbr_sj=
tbr_csrq=
tbr_lxdz=
tbr_dwdh=010-67549095-456
lxr_xm=
lxr_xb=
lxr_zw=
lxr_sj=
lxr_yx=
xzsyfw=1
tqmc=
qbrq=
zbrq=
lgbbz=1
yyzdbz=1
sfgxdm=1
cbdq=
zzfwlx=0
hydl=12
hyxl=12006
jqbm=121121123123
bbdm=CNY
sf=130000
cs=130300
qx=130302
yb=065201
jzdj=01
bxcs=北戴河公园
bdw_jd=金融街街道
bdw_yyxz=
bdw_sfhyf=
bdw_fxlx=
bdw_sbmc=
bdw_cjh=
bdw_fdjh=
bdw_cjdjrq=
bdw_cllx=
bdw_cpcx=
bdw_sccj=
bdw_gzjz=
bdw_sgzyqy=
bdw_zylx=
bdw=010001
bdwmx=碣石公园礁石群
xbdm=0101001
jrbe=1
jzfs=10
bxje=2000000
bffl=0.5
dqflbz=2
ysbf=400
yyzd_zdpcg=24
yyzd_sndmlrze=6000000
yyzd_sndyye=20000000
yyzd_bdw=010056
yyzd_bdwmx=
yyzd_xbdm=0105001
yyzd_jrbe=1
yyzd_jzfs=18
yyzd_bxje=200000
yyzd_bffl=3
yyzd_dqflbz=3
yyzd_ysbf=4000
fsh=6
xsfdj=B
xsfxs=2
jgx_sf=
jgx_cs=
jgx_qx=
jgx_gcdd=
jgx_bb=
jgx_gcmc=
jgx_gclx_1=
jgx_gclx_2=
jgx_gclx_3=
jgx_gclx_4=
jgx_gclx_5=
jgx_gclx_6=
jgx_yzssjt=
jgx_yz=
jgx_cbs_ssjt=
jgx_cbs=
jgx_gchth=
jgx_gcjz=
jgx_gcqsrq=
jgx_gczzrq=
jgx_gcfw=
jgx_scqqsrq=
jgx_scqzzrq=
jgx_bzqqsrq=
jgx_bzqzzrq=
jgx_ws_xmlbdm=
jgx_ws_jrbe=
jgx_ws_bxje=
jgx_ws_fl=
jgx_ws_dqflbz=
jgx_ws_ysbf=
jgx_sz_xbdm=
jgx_sz_jrbe=
jgx_sz_ljpcxe=
jgx_sz_fv=
jgx_sz_dqflbz=
jgx_sz_ysbf=
proposalNumber=06201900101202000000000057
message=未知异常Unable to find element with css selector == *[name='GuItemKind0105KindCode']
For documentation on this error, please visit: http://seleniumhq.org/exceptions/no_such_element.html
Build info: version: '3.9.0', revision: '698b3178f0', time: '2018-02-05T14:26:55.441Z'
System info: host: 'DESKTOP-I9S3ABE', ip: '100.100.96.220', os.name: 'Windows 10', os.arch: 'amd64', os.version: '10.0', java.version: '1.8.0_101'
Driver info: org.openqa.selenium.ie.InternetExplorerDriver
Capabilities {acceptInsecureCerts: false, browserName: internet explorer, browserVersion: 11, javascriptEnabled: true, pageLoadStrategy: normal, platform: WINDOWS, platformName: WINDOWS, proxy: Proxy(), se:ieOptions: {browserAttachTimeout: 0, elementScrollBehavior: 0, enablePersistentHover: true, ie.browserCommandLineSwitches: , ie.ensureCleanSession: false, ie.fileUploadDialogTimeout: 3000, ie.forceCreateProcessApi: false, ignoreProtectedModeSettings: true, ignoreZoomSetting: false, initialBrowserUrl: http://localhost:37532/, nativeEvents: true, requireWindowFocus: false}, setWindowRect: true, timeouts: {implicit: 0, pageLoad: 300000, script: 30000}, unhandledPromptBehavior: ignore}
Session ID: ebcaedd1-e9e1-46eb-89b5-72bd2629f588
*** Element info: {Using=name, value=GuItemKind0105KindCode}
screenshot=C:\Users\liu-b\git\PageObjectModel\screenshots\FCCB_TB_JCX_1_异常截屏_20200714110048881.png
testCaseName=FCCB_TBCL

2020/07/14 11:26:11:246 DEBUG com.sinosoft.test.base.TestBase:69 - 初始化class com.sinosoft.test.fccp.common.LoginPage
2020/07/14 11:26:16:274 DEBUG com.sinosoft.test.base.TestBase:26 - Before navigating to: 'http://tvfchxyw.ypic.cn'
2020/07/14 11:26:16:921 DEBUG com.sinosoft.test.base.TestBase:30 - Navigated to:'http://tvfchxyw.ypic.cn'
2020/07/14 11:26:16:921 DEBUG com.sinosoft.test.base.TestBase:76 - Trying to find Element By : By.id: username
2020/07/14 11:26:17:084 DEBUG com.sinosoft.test.base.TestBase:80 - Found Element By : By.id: username
2020/07/14 11:26:17:088  INFO com.sinosoft.test.base.TestBase:360 - setEditboxValue:[[InternetExplorerDriver: internet explorer on WINDOWS (ccf7d151-3584-42d0-a3a7-88ba32e95c02)] -> id: username]：policy1@ypic
2020/07/14 11:26:17:089 DEBUG com.sinosoft.test.base.TestBase:76 - Trying to find Element By : By.id: username
2020/07/14 11:26:17:232 DEBUG com.sinosoft.test.base.TestBase:80 - Found Element By : By.id: username
2020/07/14 11:26:17:575 DEBUG com.sinosoft.test.base.TestBase:76 - Trying to find Element By : By.id: username
2020/07/14 11:26:17:734 DEBUG com.sinosoft.test.base.TestBase:80 - Found Element By : By.id: username
2020/07/14 11:26:18:188 DEBUG com.sinosoft.test.base.TestBase:76 - Trying to find Element By : By.id: username
2020/07/14 11:26:18:334 DEBUG com.sinosoft.test.base.TestBase:80 - Found Element By : By.id: username
2020/07/14 11:26:18:335  INFO com.sinosoft.test.base.TestBase:363 - setEditboxValue—End:[[InternetExplorerDriver: internet explorer on WINDOWS (ccf7d151-3584-42d0-a3a7-88ba32e95c02)] -> id: username]：policy1@ypic
2020/07/14 11:26:18:335 DEBUG com.sinosoft.test.base.TestBase:76 - Trying to find Element By : By.id: password
2020/07/14 11:26:18:483 DEBUG com.sinosoft.test.base.TestBase:80 - Found Element By : By.id: password
2020/07/14 11:26:18:483  INFO com.sinosoft.test.base.TestBase:360 - setEditboxValue:[[InternetExplorerDriver: internet explorer on WINDOWS (ccf7d151-3584-42d0-a3a7-88ba32e95c02)] -> id: password]：ypic@1234
2020/07/14 11:26:18:484 DEBUG com.sinosoft.test.base.TestBase:76 - Trying to find Element By : By.id: password
2020/07/14 11:26:18:632 DEBUG com.sinosoft.test.base.TestBase:80 - Found Element By : By.id: password
2020/07/14 11:26:18:988 DEBUG com.sinosoft.test.base.TestBase:76 - Trying to find Element By : By.id: password
2020/07/14 11:26:19:165 DEBUG com.sinosoft.test.base.TestBase:80 - Found Element By : By.id: password
2020/07/14 11:26:19:553 DEBUG com.sinosoft.test.base.TestBase:76 - Trying to find Element By : By.id: password
2020/07/14 11:26:19:700 DEBUG com.sinosoft.test.base.TestBase:80 - Found Element By : By.id: password
2020/07/14 11:26:19:700  INFO com.sinosoft.test.base.TestBase:363 - setEditboxValue—End:[[InternetExplorerDriver: internet explorer on WINDOWS (ccf7d151-3584-42d0-a3a7-88ba32e95c02)] -> id: password]：ypic@1234
2020/07/14 11:26:19:701 DEBUG com.sinosoft.test.base.TestBase:76 - Trying to find Element By : By.id: bt_submit
2020/07/14 11:26:19:849 DEBUG com.sinosoft.test.base.TestBase:80 - Found Element By : By.id: bt_submit
2020/07/14 11:26:19:849  INFO com.sinosoft.test.base.TestBase:402 - clickButton:[[InternetExplorerDriver: internet explorer on WINDOWS (ccf7d151-3584-42d0-a3a7-88ba32e95c02)] -> id: bt_submit]
2020/07/14 11:26:19:850 DEBUG com.sinosoft.test.base.TestBase:76 - Trying to find Element By : By.id: bt_submit
2020/07/14 11:26:19:998 DEBUG com.sinosoft.test.base.TestBase:80 - Found Element By : By.id: bt_submit
2020/07/14 11:26:19:999 DEBUG com.sinosoft.test.base.TestBase:42 - Trying to click on: [[InternetExplorerDriver: internet explorer on WINDOWS (ccf7d151-3584-42d0-a3a7-88ba32e95c02)] -> id: bt_submit]
2020/07/14 11:26:22:900 DEBUG com.sinosoft.test.base.TestBase:46 - Clicked on: [[InternetExplorerDriver: internet explorer on WINDOWS (ccf7d151-3584-42d0-a3a7-88ba32e95c02)] -> id: bt_submit]
2020/07/14 11:26:22:905 DEBUG com.sinosoft.test.base.TestBase:76 - Trying to find Element By : By.xpath: //input[@value='继续登录']
2020/07/14 11:26:25:185 DEBUG com.sinosoft.test.base.TestBase:66 - 系统自动捕获异常：Exception occured: org.openqa.selenium.NoSuchElementException: Unable to find element with xpath == //input[@value='继续登录']
For documentation on this error, please visit: http://seleniumhq.org/exceptions/no_such_element.html
Build info: version: '3.9.0', revision: '698b3178f0', time: '2018-02-05T14:26:55.441Z'
System info: host: 'DESKTOP-I9S3ABE', ip: '100.100.96.220', os.name: 'Windows 10', os.arch: 'amd64', os.version: '10.0', java.version: '1.8.0_101'
Driver info: org.openqa.selenium.ie.InternetExplorerDriver
Capabilities {acceptInsecureCerts: false, browserName: internet explorer, browserVersion: 11, javascriptEnabled: true, pageLoadStrategy: normal, platform: WINDOWS, platformName: WINDOWS, proxy: Proxy(), se:ieOptions: {browserAttachTimeout: 0, elementScrollBehavior: 0, enablePersistentHover: true, ie.browserCommandLineSwitches: , ie.ensureCleanSession: false, ie.fileUploadDialogTimeout: 3000, ie.forceCreateProcessApi: false, ignoreProtectedModeSettings: true, ignoreZoomSetting: false, initialBrowserUrl: http://localhost:12515/, nativeEvents: true, requireWindowFocus: false}, setWindowRect: true, timeouts: {implicit: 0, pageLoad: 300000, script: 30000}, unhandledPromptBehavior: ignore}
Session ID: ccf7d151-3584-42d0-a3a7-88ba32e95c02
*** Element info: {Using=xpath, value=//input[@value='继续登录']}
2020/07/14 11:26:25:186  INFO com.sinosoft.test.base.TestBase:68 - 异常的message 是：Unable to find element with xpath == //input[@value='继续登录']
For documentation on this error, please visit: http://seleniumhq.org/exceptions/no_such_element.html
Build info: version: '3.9.0', revision: '698b3178f0', time: '2018-02-05T14:26:55.441Z'
System info: host: 'DESKTOP-I9S3ABE', ip: '100.100.96.220', os.name: 'Windows 10', os.arch: 'amd64', os.version: '10.0', java.version: '1.8.0_101'
Driver info: org.openqa.selenium.ie.InternetExplorerDriver
Capabilities {acceptInsecureCerts: false, browserName: internet explorer, browserVersion: 11, javascriptEnabled: true, pageLoadStrategy: normal, platform: WINDOWS, platformName: WINDOWS, proxy: Proxy(), se:ieOptions: {browserAttachTimeout: 0, elementScrollBehavior: 0, enablePersistentHover: true, ie.browserCommandLineSwitches: , ie.ensureCleanSession: false, ie.fileUploadDialogTimeout: 3000, ie.forceCreateProcessApi: false, ignoreProtectedModeSettings: true, ignoreZoomSetting: false, initialBrowserUrl: http://localhost:12515/, nativeEvents: true, requireWindowFocus: false}, setWindowRect: true, timeouts: {implicit: 0, pageLoad: 300000, script: 30000}, unhandledPromptBehavior: ignore}
Session ID: ccf7d151-3584-42d0-a3a7-88ba32e95c02
*** Element info: {Using=xpath, value=//input[@value='继续登录']}
2020/07/14 11:26:25:192  INFO com.sinosoft.test.base.TestBase:198 - 没有找到页面元素:By.xpath: //input[@value='继续登录'] - 错误信息Expected condition failed: waiting for com.sinosoft.test.base.TestBase$1@3a5ecce3 (tried for 2 second(s) with 500 MILLISECONDS interval)
2020/07/14 11:26:25:192  INFO com.sinosoft.test.base.TestBase:77 - 常规登录，没有继续登录按钮
2020/07/14 11:26:25:193 DEBUG com.sinosoft.test.base.TestBase:69 - 初始化class com.sinosoft.test.fccp.common.HomePage
2020/07/14 11:26:25:559 DEBUG com.sinosoft.test.base.TestBase:76 - Trying to find Element By : By.linkText: 承保子系统
2020/07/14 11:26:25:595 DEBUG com.sinosoft.test.base.TestBase:80 - Found Element By : By.linkText: 承保子系统
2020/07/14 11:26:25:595  INFO com.sinosoft.test.base.TestBase:144 - RunJavaScript:[[InternetExplorerDriver: internet explorer on WINDOWS (ccf7d151-3584-42d0-a3a7-88ba32e95c02)] -> link text: 承保子系统]	arguments[0].click();
2020/07/14 11:26:26:592 DEBUG com.sinosoft.test.base.TestBase:76 - Trying to find Element By : By.linkText: 投保管理
2020/07/14 11:26:26:628 DEBUG com.sinosoft.test.base.TestBase:80 - Found Element By : By.linkText: 投保管理
2020/07/14 11:26:26:629  INFO com.sinosoft.test.base.TestBase:144 - RunJavaScript:[[InternetExplorerDriver: internet explorer on WINDOWS (ccf7d151-3584-42d0-a3a7-88ba32e95c02)] -> link text: 投保管理]	arguments[0].click();
2020/07/14 11:26:27:383 DEBUG com.sinosoft.test.base.TestBase:76 - Trying to find Element By : By.linkText: 投保处理
2020/07/14 11:26:27:429 DEBUG com.sinosoft.test.base.TestBase:80 - Found Element By : By.linkText: 投保处理
2020/07/14 11:26:27:429  INFO com.sinosoft.test.base.TestBase:144 - RunJavaScript:[[InternetExplorerDriver: internet explorer on WINDOWS (ccf7d151-3584-42d0-a3a7-88ba32e95c02)] -> link text: 投保处理]	arguments[0].click();
2020/07/14 11:26:27:667 DEBUG com.sinosoft.test.base.TestBase:69 - 初始化class com.sinosoft.test.fccp.tbcl.RiskSelectPage
2020/07/14 11:26:28:124 DEBUG com.sinosoft.test.base.TestBase:93 - 投保处理/险种选择
2020/07/14 11:26:28:125 DEBUG com.sinosoft.test.base.TestBase:76 - Trying to find Element By : By.name: riskClassTemp
2020/07/14 11:26:28:178 DEBUG com.sinosoft.test.base.TestBase:80 - Found Element By : By.name: riskClassTemp
2020/07/14 11:26:28:222 DEBUG com.sinosoft.test.base.TestBase:76 - Trying to find Element By : By.name: riskClassTemp
2020/07/14 11:26:28:275 DEBUG com.sinosoft.test.base.TestBase:80 - Found Element By : By.name: riskClassTemp
2020/07/14 11:26:28:277 DEBUG com.sinosoft.test.base.TestBase:63 - SetCodeEditBox:开始设置:[[InternetExplorerDriver: internet explorer on WINDOWS (ccf7d151-3584-42d0-a3a7-88ba32e95c02)] -> name: riskClassTemp] & Code=01
2020/07/14 11:26:28:277 DEBUG com.sinosoft.test.base.TestBase:76 - Trying to find Element By : By.name: riskClassTemp
2020/07/14 11:26:28:314 DEBUG com.sinosoft.test.base.TestBase:80 - Found Element By : By.name: riskClassTemp
2020/07/14 11:26:28:534 DEBUG com.sinosoft.test.base.TestBase:76 - Trying to find Element By : By.name: riskClassTemp
2020/07/14 11:26:28:626 DEBUG com.sinosoft.test.base.TestBase:80 - Found Element By : By.name: riskClassTemp
2020/07/14 11:26:29:093 DEBUG com.sinosoft.test.base.TestBase:76 - Trying to find Element By : By.name: riskClassTemp
2020/07/14 11:26:29:143 DEBUG com.sinosoft.test.base.TestBase:80 - Found Element By : By.name: riskClassTemp
2020/07/14 11:26:29:145 DEBUG com.sinosoft.test.base.TestBase:76 - Trying to find Element By : By.xpath: ../input[last()]
2020/07/14 11:26:29:192 DEBUG com.sinosoft.test.base.TestBase:80 - Found Element By : By.xpath: ../input[last()]
2020/07/14 11:26:29:327  INFO com.sinosoft.test.base.TestBase:71 - SetCodeEditBox:找到了Code对应的文本显示框并点击触发显示:riskClassName
2020/07/14 11:26:29:327 DEBUG com.sinosoft.test.base.TestBase:42 - Trying to click on: [[[[InternetExplorerDriver: internet explorer on WINDOWS (ccf7d151-3584-42d0-a3a7-88ba32e95c02)] -> name: riskClassTemp]] -> xpath: ../input[last()]]
2020/07/14 11:26:30:297 DEBUG com.sinosoft.test.base.TestBase:46 - Clicked on: [[[[InternetExplorerDriver: internet explorer on WINDOWS (ccf7d151-3584-42d0-a3a7-88ba32e95c02)] -> name: riskClassTemp]] -> xpath: ../input[last()]]
2020/07/14 11:26:30:499 DEBUG com.sinosoft.test.base.TestBase:76 - Trying to find Element By : By.name: riskClassTemp
2020/07/14 11:26:30:555 DEBUG com.sinosoft.test.base.TestBase:80 - Found Element By : By.name: riskClassTemp
2020/07/14 11:26:30:558 DEBUG com.sinosoft.test.base.TestBase:87 - SetCodeEditBox:设置完毕[[InternetExplorerDriver: internet explorer on WINDOWS (ccf7d151-3584-42d0-a3a7-88ba32e95c02)] -> name: riskClassTemp],设置值 Code=01
2020/07/14 11:26:30:558 DEBUG com.sinosoft.test.base.TestBase:76 - Trying to find Element By : By.name: riskCode
2020/07/14 11:26:30:604 DEBUG com.sinosoft.test.base.TestBase:80 - Found Element By : By.name: riskCode
2020/07/14 11:26:30:647 DEBUG com.sinosoft.test.base.TestBase:76 - Trying to find Element By : By.name: riskCode
2020/07/14 11:26:30:722 DEBUG com.sinosoft.test.base.TestBase:80 - Found Element By : By.name: riskCode
2020/07/14 11:26:30:723 DEBUG com.sinosoft.test.base.TestBase:63 - SetCodeEditBox:开始设置:[[InternetExplorerDriver: internet explorer on WINDOWS (ccf7d151-3584-42d0-a3a7-88ba32e95c02)] -> name: riskCode] & Code=0101
2020/07/14 11:26:30:723 DEBUG com.sinosoft.test.base.TestBase:76 - Trying to find Element By : By.name: riskCode
2020/07/14 11:26:30:776 DEBUG com.sinosoft.test.base.TestBase:80 - Found Element By : By.name: riskCode
2020/07/14 11:26:31:008 DEBUG com.sinosoft.test.base.TestBase:76 - Trying to find Element By : By.name: riskCode
2020/07/14 11:26:31:070 DEBUG com.sinosoft.test.base.TestBase:80 - Found Element By : By.name: riskCode
2020/07/14 11:26:31:543 DEBUG com.sinosoft.test.base.TestBase:76 - Trying to find Element By : By.name: riskCode
2020/07/14 11:26:31:571 DEBUG com.sinosoft.test.base.TestBase:80 - Found Element By : By.name: riskCode
2020/07/14 11:26:31:571 DEBUG com.sinosoft.test.base.TestBase:76 - Trying to find Element By : By.xpath: ../input[last()]
2020/07/14 11:26:31:619 DEBUG com.sinosoft.test.base.TestBase:80 - Found Element By : By.xpath: ../input[last()]
2020/07/14 11:26:31:741  INFO com.sinosoft.test.base.TestBase:71 - SetCodeEditBox:找到了Code对应的文本显示框并点击触发显示:riskName
2020/07/14 11:26:31:741 DEBUG com.sinosoft.test.base.TestBase:42 - Trying to click on: [[[[InternetExplorerDriver: internet explorer on WINDOWS (ccf7d151-3584-42d0-a3a7-88ba32e95c02)] -> name: riskCode]] -> xpath: ../input[last()]]
2020/07/14 11:26:32:736 DEBUG com.sinosoft.test.base.TestBase:46 - Clicked on: [[[[InternetExplorerDriver: internet explorer on WINDOWS (ccf7d151-3584-42d0-a3a7-88ba32e95c02)] -> name: riskCode]] -> xpath: ../input[last()]]
2020/07/14 11:26:32:937 DEBUG com.sinosoft.test.base.TestBase:76 - Trying to find Element By : By.name: riskCode
2020/07/14 11:26:32:973 DEBUG com.sinosoft.test.base.TestBase:80 - Found Element By : By.name: riskCode
2020/07/14 11:26:32:974 DEBUG com.sinosoft.test.base.TestBase:87 - SetCodeEditBox:设置完毕[[InternetExplorerDriver: internet explorer on WINDOWS (ccf7d151-3584-42d0-a3a7-88ba32e95c02)] -> name: riskCode],设置值 Code=0101
2020/07/14 11:26:32:975 DEBUG com.sinosoft.test.base.TestBase:76 - Trying to find Element By : By.name: renewInd
2020/07/14 11:26:33:037 DEBUG com.sinosoft.test.base.TestBase:80 - Found Element By : By.name: renewInd
2020/07/14 11:26:33:037  INFO com.sinosoft.test.base.TestBase:321 - setEditboxTValue:[[[InternetExplorerDriver: internet explorer on WINDOWS (ccf7d151-3584-42d0-a3a7-88ba32e95c02)] -> name: renewInd], [[InternetExplorerDriver: internet explorer on WINDOWS (ccf7d151-3584-42d0-a3a7-88ba32e95c02)] -> name: renewInd]]：0
2020/07/14 11:26:33:038 DEBUG com.sinosoft.test.base.TestBase:76 - Trying to find Element By : By.name: renewInd
2020/07/14 11:26:33:112 DEBUG com.sinosoft.test.base.TestBase:80 - Found Element By : By.name: renewInd
2020/07/14 11:26:33:239 DEBUG com.sinosoft.test.base.TestBase:76 - Trying to find Element By : By.name: buttonNextStep
2020/07/14 11:26:33:286 DEBUG com.sinosoft.test.base.TestBase:80 - Found Element By : By.name: buttonNextStep
2020/07/14 11:26:33:286  INFO com.sinosoft.test.base.TestBase:402 - clickButton:[[InternetExplorerDriver: internet explorer on WINDOWS (ccf7d151-3584-42d0-a3a7-88ba32e95c02)] -> name: buttonNextStep]
2020/07/14 11:26:33:286 DEBUG com.sinosoft.test.base.TestBase:42 - Trying to click on: [[InternetExplorerDriver: internet explorer on WINDOWS (ccf7d151-3584-42d0-a3a7-88ba32e95c02)] -> name: buttonNextStep]
2020/07/14 11:26:36:409 DEBUG com.sinosoft.test.base.TestBase:46 - Clicked on: [[InternetExplorerDriver: internet explorer on WINDOWS (ccf7d151-3584-42d0-a3a7-88ba32e95c02)] -> name: buttonNextStep]
2020/07/14 11:26:36:415 DEBUG com.sinosoft.test.base.TestBase:69 - 初始化class com.sinosoft.test.fccp.tbcl.BasicInfoPage
2020/07/14 11:26:39:108 DEBUG com.sinosoft.test.base.TestBase:322 - 投保处理/基本信息
2020/07/14 11:26:39:110 DEBUG com.sinosoft.test.base.TestBase:76 - Trying to find Element By : By.name: GuMainBusinessType
2020/07/14 11:26:39:215 DEBUG com.sinosoft.test.base.TestBase:80 - Found Element By : By.name: GuMainBusinessType
2020/07/14 11:26:39:215  INFO com.sinosoft.test.base.TestBase:96 - setSelectWithStartText:[[InternetExplorerDriver: internet explorer on WINDOWS (ccf7d151-3584-42d0-a3a7-88ba32e95c02)] -> name: GuMainBusinessType]->
2020/07/14 11:26:39:216 DEBUG com.sinosoft.test.base.TestBase:76 - Trying to find Element By : By.name: GuMainCompanyCode
2020/07/14 11:26:39:296 DEBUG com.sinosoft.test.base.TestBase:80 - Found Element By : By.name: GuMainCompanyCode
2020/07/14 11:26:39:332 DEBUG com.sinosoft.test.base.TestBase:76 - Trying to find Element By : By.name: GuMainCompanyCode
2020/07/14 11:26:39:403 DEBUG com.sinosoft.test.base.TestBase:80 - Found Element By : By.name: GuMainCompanyCode
2020/07/14 11:26:39:403 DEBUG com.sinosoft.test.base.TestBase:63 - SetCodeEditBox:开始设置:[[InternetExplorerDriver: internet explorer on WINDOWS (ccf7d151-3584-42d0-a3a7-88ba32e95c02)] -> name: GuMainCompanyCode] & Code=01620190
2020/07/14 11:26:39:404 DEBUG com.sinosoft.test.base.TestBase:76 - Trying to find Element By : By.name: GuMainCompanyCode
2020/07/14 11:26:39:451 DEBUG com.sinosoft.test.base.TestBase:80 - Found Element By : By.name: GuMainCompanyCode
2020/07/14 11:26:39:682 DEBUG com.sinosoft.test.base.TestBase:76 - Trying to find Element By : By.name: GuMainCompanyCode
2020/07/14 11:26:39:742 DEBUG com.sinosoft.test.base.TestBase:80 - Found Element By : By.name: GuMainCompanyCode
2020/07/14 11:26:40:744 DEBUG com.sinosoft.test.base.TestBase:76 - Trying to find Element By : By.name: GuMainCompanyCode
2020/07/14 11:26:40:795 DEBUG com.sinosoft.test.base.TestBase:80 - Found Element By : By.name: GuMainCompanyCode
2020/07/14 11:26:40:797 DEBUG com.sinosoft.test.base.TestBase:76 - Trying to find Element By : By.xpath: ../input[last()]
2020/07/14 11:26:40:860 DEBUG com.sinosoft.test.base.TestBase:80 - Found Element By : By.xpath: ../input[last()]
2020/07/14 11:26:40:982  INFO com.sinosoft.test.base.TestBase:71 - SetCodeEditBox:找到了Code对应的文本显示框并点击触发显示:GuMainCompanyName
2020/07/14 11:26:40:982 DEBUG com.sinosoft.test.base.TestBase:42 - Trying to click on: [[[[InternetExplorerDriver: internet explorer on WINDOWS (ccf7d151-3584-42d0-a3a7-88ba32e95c02)] -> name: GuMainCompanyCode]] -> xpath: ../input[last()]]
2020/07/14 11:26:42:015 DEBUG com.sinosoft.test.base.TestBase:46 - Clicked on: [[[[InternetExplorerDriver: internet explorer on WINDOWS (ccf7d151-3584-42d0-a3a7-88ba32e95c02)] -> name: GuMainCompanyCode]] -> xpath: ../input[last()]]
2020/07/14 11:26:42:217 DEBUG com.sinosoft.test.base.TestBase:76 - Trying to find Element By : By.name: GuMainCompanyCode
2020/07/14 11:26:42:286 DEBUG com.sinosoft.test.base.TestBase:80 - Found Element By : By.name: GuMainCompanyCode
2020/07/14 11:26:42:286 DEBUG com.sinosoft.test.base.TestBase:87 - SetCodeEditBox:设置完毕[[InternetExplorerDriver: internet explorer on WINDOWS (ccf7d151-3584-42d0-a3a7-88ba32e95c02)] -> name: GuMainCompanyCode],设置值 Code=01620190
2020/07/14 11:26:42:286 DEBUG com.sinosoft.test.base.TestBase:76 - Trying to find Element By : By.name: GuMainChannelDetailCode
2020/07/14 11:26:42:381 DEBUG com.sinosoft.test.base.TestBase:80 - Found Element By : By.name: GuMainChannelDetailCode
2020/07/14 11:26:42:412 DEBUG com.sinosoft.test.base.TestBase:76 - Trying to find Element By : By.name: GuMainChannelDetailCode
2020/07/14 11:26:42:498 DEBUG com.sinosoft.test.base.TestBase:80 - Found Element By : By.name: GuMainChannelDetailCode
2020/07/14 11:26:42:498 DEBUG com.sinosoft.test.base.TestBase:63 - SetCodeEditBox:开始设置:[[InternetExplorerDriver: internet explorer on WINDOWS (ccf7d151-3584-42d0-a3a7-88ba32e95c02)] -> name: GuMainChannelDetailCode] & Code=01
2020/07/14 11:26:42:499 DEBUG com.sinosoft.test.base.TestBase:76 - Trying to find Element By : By.name: GuMainChannelDetailCode
2020/07/14 11:26:42:582 DEBUG com.sinosoft.test.base.TestBase:80 - Found Element By : By.name: GuMainChannelDetailCode
2020/07/14 11:26:42:833 DEBUG com.sinosoft.test.base.TestBase:76 - Trying to find Element By : By.name: GuMainChannelDetailCode
2020/07/14 11:26:42:901 DEBUG com.sinosoft.test.base.TestBase:80 - Found Element By : By.name: GuMainChannelDetailCode
2020/07/14 11:26:43:450 DEBUG com.sinosoft.test.base.TestBase:76 - Trying to find Element By : By.name: GuMainChannelDetailCode
2020/07/14 11:26:43:513 DEBUG com.sinosoft.test.base.TestBase:80 - Found Element By : By.name: GuMainChannelDetailCode
2020/07/14 11:26:43:514 DEBUG com.sinosoft.test.base.TestBase:76 - Trying to find Element By : By.xpath: ../input[last()]
2020/07/14 11:26:43:560 DEBUG com.sinosoft.test.base.TestBase:80 - Found Element By : By.xpath: ../input[last()]
2020/07/14 11:26:43:737  INFO com.sinosoft.test.base.TestBase:71 - SetCodeEditBox:找到了Code对应的文本显示框并点击触发显示:GuMainChannelDetailName
2020/07/14 11:26:43:737 DEBUG com.sinosoft.test.base.TestBase:42 - Trying to click on: [[[[InternetExplorerDriver: internet explorer on WINDOWS (ccf7d151-3584-42d0-a3a7-88ba32e95c02)] -> name: GuMainChannelDetailCode]] -> xpath: ../input[last()]]
2020/07/14 11:26:44:766 DEBUG com.sinosoft.test.base.TestBase:46 - Clicked on: [[[[InternetExplorerDriver: internet explorer on WINDOWS (ccf7d151-3584-42d0-a3a7-88ba32e95c02)] -> name: GuMainChannelDetailCode]] -> xpath: ../input[last()]]
2020/07/14 11:26:44:967 DEBUG com.sinosoft.test.base.TestBase:76 - Trying to find Element By : By.name: GuMainChannelDetailCode
2020/07/14 11:26:45:014 DEBUG com.sinosoft.test.base.TestBase:80 - Found Element By : By.name: GuMainChannelDetailCode
2020/07/14 11:26:45:014 DEBUG com.sinosoft.test.base.TestBase:87 - SetCodeEditBox:设置完毕[[InternetExplorerDriver: internet explorer on WINDOWS (ccf7d151-3584-42d0-a3a7-88ba32e95c02)] -> name: GuMainChannelDetailCode],设置值 Code=01
2020/07/14 11:26:45:014 DEBUG com.sinosoft.test.base.TestBase:76 - Trying to find Element By : By.name: GuMainShareHolderFlag
2020/07/14 11:26:45:062 DEBUG com.sinosoft.test.base.TestBase:80 - Found Element By : By.name: GuMainShareHolderFlag
2020/07/14 11:26:45:091 DEBUG com.sinosoft.test.base.TestBase:76 - Trying to find Element By : By.name: GuMainShareHolderFlag
2020/07/14 11:26:45:150 DEBUG com.sinosoft.test.base.TestBase:80 - Found Element By : By.name: GuMainShareHolderFlag
2020/07/14 11:26:45:150 DEBUG com.sinosoft.test.base.TestBase:42 - CodeSelect:开始设置[[InternetExplorerDriver: internet explorer on WINDOWS (ccf7d151-3584-42d0-a3a7-88ba32e95c02)] -> name: GuMainShareHolderFlag] & Code=0
2020/07/14 11:26:45:163 DEBUG com.sinosoft.test.base.TestBase:76 - Trying to find Element By : By.name: GuMainShareHolderFlag
2020/07/14 11:26:45:222 DEBUG com.sinosoft.test.base.TestBase:80 - Found Element By : By.name: GuMainShareHolderFlag
2020/07/14 11:26:46:225 DEBUG com.sinosoft.test.base.TestBase:272 - 系统窗口【黄河财险业务系统】with handle -ed1ac4cb-c9bf-4288-9847-761a79ab6069
2020/07/14 11:26:46:891 DEBUG com.sinosoft.test.base.TestBase:272 - 系统窗口【黄河财险业务系统】with handle -ed1ac4cb-c9bf-4288-9847-761a79ab6069
2020/07/14 11:26:47:525 DEBUG com.sinosoft.test.base.TestBase:272 - 系统窗口【Code Select】with handle -d06dfbda-5dce-460a-9fbc-f9b234fb7c49
2020/07/14 11:26:48:042 DEBUG com.sinosoft.test.base.TestBase:69 - 初始化class com.sinosoft.test.fccp.common.CodeSelectPage
2020/07/14 11:26:48:042 DEBUG com.sinosoft.test.base.TestBase:39 - 基础码表选择！
2020/07/14 11:26:48:043 DEBUG com.sinosoft.test.base.TestBase:76 - Trying to find Element By : By.name: fieldValue
2020/07/14 11:26:48:322 DEBUG com.sinosoft.test.base.TestBase:80 - Found Element By : By.name: fieldValue
2020/07/14 11:26:48:322  INFO com.sinosoft.test.base.TestBase:360 - setEditboxValue:[[InternetExplorerDriver: internet explorer on WINDOWS (ccf7d151-3584-42d0-a3a7-88ba32e95c02)] -> name: fieldValue]：0
2020/07/14 11:26:49:395  INFO com.sinosoft.test.base.TestBase:363 - setEditboxValue—End:[[InternetExplorerDriver: internet explorer on WINDOWS (ccf7d151-3584-42d0-a3a7-88ba32e95c02)] -> name: fieldValue]：0
2020/07/14 11:26:49:395 DEBUG com.sinosoft.test.base.TestBase:76 - Trying to find Element By : By.xpath: //input[@value='查询(Q)']
2020/07/14 11:26:49:689 DEBUG com.sinosoft.test.base.TestBase:80 - Found Element By : By.xpath: //input[@value='查询(Q)']
2020/07/14 11:26:49:690  INFO com.sinosoft.test.base.TestBase:402 - clickButton:[[InternetExplorerDriver: internet explorer on WINDOWS (ccf7d151-3584-42d0-a3a7-88ba32e95c02)] -> xpath: //input[@value='查询(Q)']]
2020/07/14 11:26:49:690 DEBUG com.sinosoft.test.base.TestBase:42 - Trying to click on: [[InternetExplorerDriver: internet explorer on WINDOWS (ccf7d151-3584-42d0-a3a7-88ba32e95c02)] -> xpath: //input[@value='查询(Q)']]
2020/07/14 11:26:51:228 DEBUG com.sinosoft.test.base.TestBase:46 - Clicked on: [[InternetExplorerDriver: internet explorer on WINDOWS (ccf7d151-3584-42d0-a3a7-88ba32e95c02)] -> xpath: //input[@value='查询(Q)']]
2020/07/14 11:26:51:228 DEBUG com.sinosoft.test.base.TestBase:76 - Trying to find Element By : By.name: codeselect
2020/07/14 11:26:51:513 DEBUG com.sinosoft.test.base.TestBase:80 - Found Element By : By.name: codeselect
2020/07/14 11:26:51:514  INFO com.sinosoft.test.base.TestBase:132 - setFuzzySelect:[[InternetExplorerDriver: internet explorer on WINDOWS (ccf7d151-3584-42d0-a3a7-88ba32e95c02)] -> name: codeselect]->0
2020/07/14 11:26:52:066 DEBUG com.sinosoft.test.base.TestBase:76 - Trying to find Element By : By.tagName: option
2020/07/14 11:26:52:462 DEBUG com.sinosoft.test.base.TestBase:80 - Found Element By : By.tagName: option
2020/07/14 11:26:55:356  INFO com.sinosoft.test.base.TestBase:142 - 找到匹配【0】的选项：0--非股东
2020/07/14 11:26:55:357 DEBUG com.sinosoft.test.base.TestBase:76 - Trying to find Element By : By.xpath: .//option[normalize-space(.) = "0--非股东"]
2020/07/14 11:26:55:644 DEBUG com.sinosoft.test.base.TestBase:80 - Found Element By : By.xpath: .//option[normalize-space(.) = "0--非股东"]
2020/07/14 11:26:55:918 DEBUG com.sinosoft.test.base.TestBase:42 - Trying to click on: [[[[InternetExplorerDriver: internet explorer on WINDOWS (ccf7d151-3584-42d0-a3a7-88ba32e95c02)] -> name: codeselect]] -> xpath: .//option[normalize-space(.) = "0--非股东"]]
2020/07/14 11:26:56:271 DEBUG com.sinosoft.test.base.TestBase:46 - Clicked on: [[[[InternetExplorerDriver: internet explorer on WINDOWS (ccf7d151-3584-42d0-a3a7-88ba32e95c02)] -> name: codeselect]] -> xpath: .//option[normalize-space(.) = "0--非股东"]]
2020/07/14 11:26:56:272 DEBUG com.sinosoft.test.base.TestBase:151 - setFuzzySelect 结束！
2020/07/14 11:26:56:272 DEBUG com.sinosoft.test.base.TestBase:76 - Trying to find Element By : By.name: SelectIt
2020/07/14 11:26:56:559 DEBUG com.sinosoft.test.base.TestBase:80 - Found Element By : By.name: SelectIt
2020/07/14 11:26:56:559  INFO com.sinosoft.test.base.TestBase:416 - jsClickButton:[[InternetExplorerDriver: internet explorer on WINDOWS (ccf7d151-3584-42d0-a3a7-88ba32e95c02)] -> name: SelectIt]
2020/07/14 11:26:56:559  INFO com.sinosoft.test.base.TestBase:144 - RunJavaScript:[[InternetExplorerDriver: internet explorer on WINDOWS (ccf7d151-3584-42d0-a3a7-88ba32e95c02)] -> name: SelectIt]	arguments[0].click();
2020/07/14 11:26:57:254 DEBUG com.sinosoft.test.base.TestBase:272 - 系统窗口【黄河财险业务系统】with handle -ed1ac4cb-c9bf-4288-9847-761a79ab6069
2020/07/14 11:26:59:965 DEBUG com.sinosoft.test.base.TestBase:76 - Trying to find Element By : By.name: GuMainShareHolderFlag
2020/07/14 11:27:00:056 DEBUG com.sinosoft.test.base.TestBase:80 - Found Element By : By.name: GuMainShareHolderFlag
2020/07/14 11:27:00:057 DEBUG com.sinosoft.test.base.TestBase:49 - CodeSelect:设置完毕[[InternetExplorerDriver: internet explorer on WINDOWS (ccf7d151-3584-42d0-a3a7-88ba32e95c02)] -> name: GuMainShareHolderFlag] & Code=0
2020/07/14 11:27:00:057 DEBUG com.sinosoft.test.base.TestBase:76 - Trying to find Element By : By.name: GuMainSalesTeamCode
2020/07/14 11:27:00:112 DEBUG com.sinosoft.test.base.TestBase:80 - Found Element By : By.name: GuMainSalesTeamCode
2020/07/14 11:27:00:146 DEBUG com.sinosoft.test.base.TestBase:76 - Trying to find Element By : By.name: GuMainSalesTeamCode
2020/07/14 11:27:00:229 DEBUG com.sinosoft.test.base.TestBase:80 - Found Element By : By.name: GuMainSalesTeamCode
2020/07/14 11:27:00:230 DEBUG com.sinosoft.test.base.TestBase:42 - CodeSelect:开始设置[[InternetExplorerDriver: internet explorer on WINDOWS (ccf7d151-3584-42d0-a3a7-88ba32e95c02)] -> name: GuMainSalesTeamCode] & Code=T6201900101
2020/07/14 11:27:00:230 DEBUG com.sinosoft.test.base.TestBase:76 - Trying to find Element By : By.name: GuMainSalesTeamCode
2020/07/14 11:27:00:323 DEBUG com.sinosoft.test.base.TestBase:80 - Found Element By : By.name: GuMainSalesTeamCode
2020/07/14 11:27:01:436 DEBUG com.sinosoft.test.base.TestBase:272 - 系统窗口【黄河财险业务系统】with handle -ed1ac4cb-c9bf-4288-9847-761a79ab6069
2020/07/14 11:27:02:094 DEBUG com.sinosoft.test.base.TestBase:272 - 系统窗口【黄河财险业务系统】with handle -ed1ac4cb-c9bf-4288-9847-761a79ab6069
2020/07/14 11:27:02:726 DEBUG com.sinosoft.test.base.TestBase:272 - 系统窗口【Code Select】with handle -febc84d5-550f-44ae-8a98-9d2d2b5d1037
2020/07/14 11:27:03:237 DEBUG com.sinosoft.test.base.TestBase:69 - 初始化class com.sinosoft.test.fccp.common.CodeSelectPage
2020/07/14 11:27:03:237 DEBUG com.sinosoft.test.base.TestBase:39 - 基础码表选择！
2020/07/14 11:27:03:237 DEBUG com.sinosoft.test.base.TestBase:76 - Trying to find Element By : By.name: fieldValue
2020/07/14 11:27:03:518 DEBUG com.sinosoft.test.base.TestBase:80 - Found Element By : By.name: fieldValue
2020/07/14 11:27:03:519  INFO com.sinosoft.test.base.TestBase:360 - setEditboxValue:[[InternetExplorerDriver: internet explorer on WINDOWS (ccf7d151-3584-42d0-a3a7-88ba32e95c02)] -> name: fieldValue]：T6201900101
2020/07/14 11:27:04:642  INFO com.sinosoft.test.base.TestBase:363 - setEditboxValue—End:[[InternetExplorerDriver: internet explorer on WINDOWS (ccf7d151-3584-42d0-a3a7-88ba32e95c02)] -> name: fieldValue]：T6201900101
2020/07/14 11:27:04:643 DEBUG com.sinosoft.test.base.TestBase:76 - Trying to find Element By : By.xpath: //input[@value='查询(Q)']
2020/07/14 11:27:04:925 DEBUG com.sinosoft.test.base.TestBase:80 - Found Element By : By.xpath: //input[@value='查询(Q)']
2020/07/14 11:27:04:926  INFO com.sinosoft.test.base.TestBase:402 - clickButton:[[InternetExplorerDriver: internet explorer on WINDOWS (ccf7d151-3584-42d0-a3a7-88ba32e95c02)] -> xpath: //input[@value='查询(Q)']]
2020/07/14 11:27:04:926 DEBUG com.sinosoft.test.base.TestBase:42 - Trying to click on: [[InternetExplorerDriver: internet explorer on WINDOWS (ccf7d151-3584-42d0-a3a7-88ba32e95c02)] -> xpath: //input[@value='查询(Q)']]
2020/07/14 11:27:06:485 DEBUG com.sinosoft.test.base.TestBase:46 - Clicked on: [[InternetExplorerDriver: internet explorer on WINDOWS (ccf7d151-3584-42d0-a3a7-88ba32e95c02)] -> xpath: //input[@value='查询(Q)']]
2020/07/14 11:27:06:486 DEBUG com.sinosoft.test.base.TestBase:76 - Trying to find Element By : By.name: codeselect
2020/07/14 11:27:06:771 DEBUG com.sinosoft.test.base.TestBase:80 - Found Element By : By.name: codeselect
2020/07/14 11:27:06:774  INFO com.sinosoft.test.base.TestBase:132 - setFuzzySelect:[[InternetExplorerDriver: internet explorer on WINDOWS (ccf7d151-3584-42d0-a3a7-88ba32e95c02)] -> name: codeselect]->T6201900101
2020/07/14 11:27:07:319 DEBUG com.sinosoft.test.base.TestBase:76 - Trying to find Element By : By.tagName: option
2020/07/14 11:27:07:618 DEBUG com.sinosoft.test.base.TestBase:80 - Found Element By : By.tagName: option
2020/07/14 11:27:07:912  INFO com.sinosoft.test.base.TestBase:142 - 找到匹配【T6201900101】的选项：T6201900101--兰州中支新团队
2020/07/14 11:27:07:912 DEBUG com.sinosoft.test.base.TestBase:76 - Trying to find Element By : By.xpath: .//option[normalize-space(.) = "T6201900101--兰州中支新团队"]
2020/07/14 11:27:08:228 DEBUG com.sinosoft.test.base.TestBase:80 - Found Element By : By.xpath: .//option[normalize-space(.) = "T6201900101--兰州中支新团队"]
2020/07/14 11:27:08:512 DEBUG com.sinosoft.test.base.TestBase:42 - Trying to click on: [[[[InternetExplorerDriver: internet explorer on WINDOWS (ccf7d151-3584-42d0-a3a7-88ba32e95c02)] -> name: codeselect]] -> xpath: .//option[normalize-space(.) = "T6201900101--兰州中支新团队"]]
2020/07/14 11:27:08:910 DEBUG com.sinosoft.test.base.TestBase:46 - Clicked on: [[[[InternetExplorerDriver: internet explorer on WINDOWS (ccf7d151-3584-42d0-a3a7-88ba32e95c02)] -> name: codeselect]] -> xpath: .//option[normalize-space(.) = "T6201900101--兰州中支新团队"]]
2020/07/14 11:27:08:910 DEBUG com.sinosoft.test.base.TestBase:151 - setFuzzySelect 结束！
2020/07/14 11:27:08:910 DEBUG com.sinosoft.test.base.TestBase:76 - Trying to find Element By : By.name: SelectIt
2020/07/14 11:27:09:182 DEBUG com.sinosoft.test.base.TestBase:80 - Found Element By : By.name: SelectIt
2020/07/14 11:27:09:182  INFO com.sinosoft.test.base.TestBase:416 - jsClickButton:[[InternetExplorerDriver: internet explorer on WINDOWS (ccf7d151-3584-42d0-a3a7-88ba32e95c02)] -> name: SelectIt]
2020/07/14 11:27:09:182  INFO com.sinosoft.test.base.TestBase:144 - RunJavaScript:[[InternetExplorerDriver: internet explorer on WINDOWS (ccf7d151-3584-42d0-a3a7-88ba32e95c02)] -> name: SelectIt]	arguments[0].click();
2020/07/14 11:27:09:900 DEBUG com.sinosoft.test.base.TestBase:272 - 系统窗口【黄河财险业务系统】with handle -ed1ac4cb-c9bf-4288-9847-761a79ab6069
2020/07/14 11:27:12:669 DEBUG com.sinosoft.test.base.TestBase:76 - Trying to find Element By : By.name: GuMainSalesTeamCode
2020/07/14 11:27:12:728 DEBUG com.sinosoft.test.base.TestBase:80 - Found Element By : By.name: GuMainSalesTeamCode
2020/07/14 11:27:12:728 DEBUG com.sinosoft.test.base.TestBase:49 - CodeSelect:设置完毕[[InternetExplorerDriver: internet explorer on WINDOWS (ccf7d151-3584-42d0-a3a7-88ba32e95c02)] -> name: GuMainSalesTeamCode] & Code=T6201900101
2020/07/14 11:27:12:728 DEBUG com.sinosoft.test.base.TestBase:76 - Trying to find Element By : By.name: GuMainSalesmanCode
2020/07/14 11:27:12:801 DEBUG com.sinosoft.test.base.TestBase:80 - Found Element By : By.name: GuMainSalesmanCode
2020/07/14 11:27:12:828 DEBUG com.sinosoft.test.base.TestBase:76 - Trying to find Element By : By.name: GuMainSalesmanCode
2020/07/14 11:27:12:922 DEBUG com.sinosoft.test.base.TestBase:80 - Found Element By : By.name: GuMainSalesmanCode
2020/07/14 11:27:12:922 DEBUG com.sinosoft.test.base.TestBase:42 - CodeSelect:开始设置[[InternetExplorerDriver: internet explorer on WINDOWS (ccf7d151-3584-42d0-a3a7-88ba32e95c02)] -> name: GuMainSalesmanCode] & Code=S000000006
2020/07/14 11:27:12:923 DEBUG com.sinosoft.test.base.TestBase:76 - Trying to find Element By : By.name: GuMainSalesmanCode
2020/07/14 11:27:13:004 DEBUG com.sinosoft.test.base.TestBase:80 - Found Element By : By.name: GuMainSalesmanCode
2020/07/14 11:27:14:093 DEBUG com.sinosoft.test.base.TestBase:272 - 系统窗口【黄河财险业务系统】with handle -ed1ac4cb-c9bf-4288-9847-761a79ab6069
2020/07/14 11:27:15:239 DEBUG com.sinosoft.test.base.TestBase:272 - 系统窗口【Code Select】with handle -407a2f98-bf3f-409e-983b-443f99686b3f
2020/07/14 11:27:15:752 DEBUG com.sinosoft.test.base.TestBase:69 - 初始化class com.sinosoft.test.fccp.common.CodeSelectPage
2020/07/14 11:27:15:752 DEBUG com.sinosoft.test.base.TestBase:39 - 基础码表选择！
2020/07/14 11:27:15:752 DEBUG com.sinosoft.test.base.TestBase:76 - Trying to find Element By : By.name: fieldValue
2020/07/14 11:27:16:025 DEBUG com.sinosoft.test.base.TestBase:80 - Found Element By : By.name: fieldValue
2020/07/14 11:27:16:025  INFO com.sinosoft.test.base.TestBase:360 - setEditboxValue:[[InternetExplorerDriver: internet explorer on WINDOWS (ccf7d151-3584-42d0-a3a7-88ba32e95c02)] -> name: fieldValue]：S000000006
2020/07/14 11:27:17:206  INFO com.sinosoft.test.base.TestBase:363 - setEditboxValue—End:[[InternetExplorerDriver: internet explorer on WINDOWS (ccf7d151-3584-42d0-a3a7-88ba32e95c02)] -> name: fieldValue]：S000000006
2020/07/14 11:27:17:206 DEBUG com.sinosoft.test.base.TestBase:76 - Trying to find Element By : By.xpath: //input[@value='查询(Q)']
2020/07/14 11:27:17:492 DEBUG com.sinosoft.test.base.TestBase:80 - Found Element By : By.xpath: //input[@value='查询(Q)']
2020/07/14 11:27:17:492  INFO com.sinosoft.test.base.TestBase:402 - clickButton:[[InternetExplorerDriver: internet explorer on WINDOWS (ccf7d151-3584-42d0-a3a7-88ba32e95c02)] -> xpath: //input[@value='查询(Q)']]
2020/07/14 11:27:17:493 DEBUG com.sinosoft.test.base.TestBase:42 - Trying to click on: [[InternetExplorerDriver: internet explorer on WINDOWS (ccf7d151-3584-42d0-a3a7-88ba32e95c02)] -> xpath: //input[@value='查询(Q)']]
2020/07/14 11:27:19:087 DEBUG com.sinosoft.test.base.TestBase:46 - Clicked on: [[InternetExplorerDriver: internet explorer on WINDOWS (ccf7d151-3584-42d0-a3a7-88ba32e95c02)] -> xpath: //input[@value='查询(Q)']]
2020/07/14 11:27:19:087 DEBUG com.sinosoft.test.base.TestBase:76 - Trying to find Element By : By.name: codeselect
2020/07/14 11:27:19:377 DEBUG com.sinosoft.test.base.TestBase:80 - Found Element By : By.name: codeselect
2020/07/14 11:27:19:380  INFO com.sinosoft.test.base.TestBase:132 - setFuzzySelect:[[InternetExplorerDriver: internet explorer on WINDOWS (ccf7d151-3584-42d0-a3a7-88ba32e95c02)] -> name: codeselect]->S000000006
2020/07/14 11:27:19:923 DEBUG com.sinosoft.test.base.TestBase:76 - Trying to find Element By : By.tagName: option
2020/07/14 11:27:20:252 DEBUG com.sinosoft.test.base.TestBase:80 - Found Element By : By.tagName: option
2020/07/14 11:27:20:541  INFO com.sinosoft.test.base.TestBase:142 - 找到匹配【S000000006】的选项：S000000006--赵子毓
2020/07/14 11:27:20:541 DEBUG com.sinosoft.test.base.TestBase:76 - Trying to find Element By : By.xpath: .//option[normalize-space(.) = "S000000006--赵子毓"]
2020/07/14 11:27:20:858 DEBUG com.sinosoft.test.base.TestBase:80 - Found Element By : By.xpath: .//option[normalize-space(.) = "S000000006--赵子毓"]
2020/07/14 11:27:21:148 DEBUG com.sinosoft.test.base.TestBase:42 - Trying to click on: [[[[InternetExplorerDriver: internet explorer on WINDOWS (ccf7d151-3584-42d0-a3a7-88ba32e95c02)] -> name: codeselect]] -> xpath: .//option[normalize-space(.) = "S000000006--赵子毓"]]
2020/07/14 11:27:21:565 DEBUG com.sinosoft.test.base.TestBase:46 - Clicked on: [[[[InternetExplorerDriver: internet explorer on WINDOWS (ccf7d151-3584-42d0-a3a7-88ba32e95c02)] -> name: codeselect]] -> xpath: .//option[normalize-space(.) = "S000000006--赵子毓"]]
2020/07/14 11:27:21:566 DEBUG com.sinosoft.test.base.TestBase:151 - setFuzzySelect 结束！
2020/07/14 11:27:21:566 DEBUG com.sinosoft.test.base.TestBase:76 - Trying to find Element By : By.name: SelectIt
2020/07/14 11:27:21:839 DEBUG com.sinosoft.test.base.TestBase:80 - Found Element By : By.name: SelectIt
2020/07/14 11:27:21:839  INFO com.sinosoft.test.base.TestBase:416 - jsClickButton:[[InternetExplorerDriver: internet explorer on WINDOWS (ccf7d151-3584-42d0-a3a7-88ba32e95c02)] -> name: SelectIt]
2020/07/14 11:27:21:839  INFO com.sinosoft.test.base.TestBase:144 - RunJavaScript:[[InternetExplorerDriver: internet explorer on WINDOWS (ccf7d151-3584-42d0-a3a7-88ba32e95c02)] -> name: SelectIt]	arguments[0].click();
2020/07/14 11:27:22:548 DEBUG com.sinosoft.test.base.TestBase:272 - 系统窗口【黄河财险业务系统】with handle -ed1ac4cb-c9bf-4288-9847-761a79ab6069
2020/07/14 11:27:25:142 DEBUG com.sinosoft.test.base.TestBase:76 - Trying to find Element By : By.name: GuMainSalesmanCode
2020/07/14 11:27:25:191 DEBUG com.sinosoft.test.base.TestBase:80 - Found Element By : By.name: GuMainSalesmanCode
2020/07/14 11:27:25:192 DEBUG com.sinosoft.test.base.TestBase:49 - CodeSelect:设置完毕[[InternetExplorerDriver: internet explorer on WINDOWS (ccf7d151-3584-42d0-a3a7-88ba32e95c02)] -> name: GuMainSalesmanCode] & Code=S000000006
2020/07/14 11:27:25:192 DEBUG com.sinosoft.test.base.TestBase:76 - Trying to find Element By : By.name: GuMainBusinessSource
2020/07/14 11:27:25:262 DEBUG com.sinosoft.test.base.TestBase:80 - Found Element By : By.name: GuMainBusinessSource
2020/07/14 11:27:25:286 DEBUG com.sinosoft.test.base.TestBase:76 - Trying to find Element By : By.name: GuMainBusinessSource
2020/07/14 11:27:25:358 DEBUG com.sinosoft.test.base.TestBase:80 - Found Element By : By.name: GuMainBusinessSource
2020/07/14 11:27:25:360 DEBUG com.sinosoft.test.base.TestBase:42 - CodeSelect:开始设置[[InternetExplorerDriver: internet explorer on WINDOWS (ccf7d151-3584-42d0-a3a7-88ba32e95c02)] -> name: GuMainBusinessSource] & Code=01010101
2020/07/14 11:27:25:362 DEBUG com.sinosoft.test.base.TestBase:76 - Trying to find Element By : By.name: GuMainBusinessSource
2020/07/14 11:27:25:424 DEBUG com.sinosoft.test.base.TestBase:80 - Found Element By : By.name: GuMainBusinessSource
2020/07/14 11:27:26:466 DEBUG com.sinosoft.test.base.TestBase:272 - 系统窗口【黄河财险业务系统】with handle -ed1ac4cb-c9bf-4288-9847-761a79ab6069
2020/07/14 11:27:27:126 DEBUG com.sinosoft.test.base.TestBase:272 - 系统窗口【黄河财险业务系统】with handle -ed1ac4cb-c9bf-4288-9847-761a79ab6069
2020/07/14 11:27:27:757 DEBUG com.sinosoft.test.base.TestBase:272 - 系统窗口【Code Select】with handle -02b6ad6c-ad80-48b0-a211-8aa6bbeed788
2020/07/14 11:27:28:266 DEBUG com.sinosoft.test.base.TestBase:69 - 初始化class com.sinosoft.test.fccp.common.CodeSelectPage
2020/07/14 11:27:28:266 DEBUG com.sinosoft.test.base.TestBase:39 - 基础码表选择！
2020/07/14 11:27:28:266 DEBUG com.sinosoft.test.base.TestBase:76 - Trying to find Element By : By.name: fieldValue
2020/07/14 11:27:28:547 DEBUG com.sinosoft.test.base.TestBase:80 - Found Element By : By.name: fieldValue
2020/07/14 11:27:28:547  INFO com.sinosoft.test.base.TestBase:360 - setEditboxValue:[[InternetExplorerDriver: internet explorer on WINDOWS (ccf7d151-3584-42d0-a3a7-88ba32e95c02)] -> name: fieldValue]：01010101
2020/07/14 11:27:29:628  INFO com.sinosoft.test.base.TestBase:363 - setEditboxValue—End:[[InternetExplorerDriver: internet explorer on WINDOWS (ccf7d151-3584-42d0-a3a7-88ba32e95c02)] -> name: fieldValue]：01010101
2020/07/14 11:27:29:629 DEBUG com.sinosoft.test.base.TestBase:76 - Trying to find Element By : By.xpath: //input[@value='查询(Q)']
2020/07/14 11:27:29:899 DEBUG com.sinosoft.test.base.TestBase:80 - Found Element By : By.xpath: //input[@value='查询(Q)']
2020/07/14 11:27:29:900  INFO com.sinosoft.test.base.TestBase:402 - clickButton:[[InternetExplorerDriver: internet explorer on WINDOWS (ccf7d151-3584-42d0-a3a7-88ba32e95c02)] -> xpath: //input[@value='查询(Q)']]
2020/07/14 11:27:29:901 DEBUG com.sinosoft.test.base.TestBase:42 - Trying to click on: [[InternetExplorerDriver: internet explorer on WINDOWS (ccf7d151-3584-42d0-a3a7-88ba32e95c02)] -> xpath: //input[@value='查询(Q)']]
2020/07/14 11:27:31:440 DEBUG com.sinosoft.test.base.TestBase:46 - Clicked on: [[InternetExplorerDriver: internet explorer on WINDOWS (ccf7d151-3584-42d0-a3a7-88ba32e95c02)] -> xpath: //input[@value='查询(Q)']]
2020/07/14 11:27:31:440 DEBUG com.sinosoft.test.base.TestBase:76 - Trying to find Element By : By.name: codeselect
2020/07/14 11:27:31:728 DEBUG com.sinosoft.test.base.TestBase:80 - Found Element By : By.name: codeselect
2020/07/14 11:27:31:728  INFO com.sinosoft.test.base.TestBase:132 - setFuzzySelect:[[InternetExplorerDriver: internet explorer on WINDOWS (ccf7d151-3584-42d0-a3a7-88ba32e95c02)] -> name: codeselect]->01010101
2020/07/14 11:27:32:273 DEBUG com.sinosoft.test.base.TestBase:76 - Trying to find Element By : By.tagName: option
2020/07/14 11:27:32:686 DEBUG com.sinosoft.test.base.TestBase:80 - Found Element By : By.tagName: option
2020/07/14 11:27:32:981  INFO com.sinosoft.test.base.TestBase:142 - 找到匹配【01010101】的选项：01010101--柜面直销
2020/07/14 11:27:32:981 DEBUG com.sinosoft.test.base.TestBase:76 - Trying to find Element By : By.xpath: .//option[normalize-space(.) = "01010101--柜面直销"]
2020/07/14 11:27:33:288 DEBUG com.sinosoft.test.base.TestBase:80 - Found Element By : By.xpath: .//option[normalize-space(.) = "01010101--柜面直销"]
2020/07/14 11:27:33:576 DEBUG com.sinosoft.test.base.TestBase:42 - Trying to click on: [[[[InternetExplorerDriver: internet explorer on WINDOWS (ccf7d151-3584-42d0-a3a7-88ba32e95c02)] -> name: codeselect]] -> xpath: .//option[normalize-space(.) = "01010101--柜面直销"]]
2020/07/14 11:27:33:942 DEBUG com.sinosoft.test.base.TestBase:46 - Clicked on: [[[[InternetExplorerDriver: internet explorer on WINDOWS (ccf7d151-3584-42d0-a3a7-88ba32e95c02)] -> name: codeselect]] -> xpath: .//option[normalize-space(.) = "01010101--柜面直销"]]
2020/07/14 11:27:33:942 DEBUG com.sinosoft.test.base.TestBase:151 - setFuzzySelect 结束！
2020/07/14 11:27:33:943 DEBUG com.sinosoft.test.base.TestBase:76 - Trying to find Element By : By.name: SelectIt
2020/07/14 11:27:34:211 DEBUG com.sinosoft.test.base.TestBase:80 - Found Element By : By.name: SelectIt
2020/07/14 11:27:34:211  INFO com.sinosoft.test.base.TestBase:416 - jsClickButton:[[InternetExplorerDriver: internet explorer on WINDOWS (ccf7d151-3584-42d0-a3a7-88ba32e95c02)] -> name: SelectIt]
2020/07/14 11:27:34:211  INFO com.sinosoft.test.base.TestBase:144 - RunJavaScript:[[InternetExplorerDriver: internet explorer on WINDOWS (ccf7d151-3584-42d0-a3a7-88ba32e95c02)] -> name: SelectIt]	arguments[0].click();
2020/07/14 11:27:34:904 DEBUG com.sinosoft.test.base.TestBase:272 - 系统窗口【黄河财险业务系统】with handle -ed1ac4cb-c9bf-4288-9847-761a79ab6069
2020/07/14 11:27:37:632 DEBUG com.sinosoft.test.base.TestBase:76 - Trying to find Element By : By.name: GuMainBusinessSource
2020/07/14 11:27:37:713 DEBUG com.sinosoft.test.base.TestBase:80 - Found Element By : By.name: GuMainBusinessSource
2020/07/14 11:27:37:714 DEBUG com.sinosoft.test.base.TestBase:49 - CodeSelect:设置完毕[[InternetExplorerDriver: internet explorer on WINDOWS (ccf7d151-3584-42d0-a3a7-88ba32e95c02)] -> name: GuMainBusinessSource] & Code=01010101
2020/07/14 11:27:37:714 DEBUG com.sinosoft.test.base.TestBase:76 - Trying to find Element By : By.name: GuMainSurveyInd
2020/07/14 11:27:37:798 DEBUG com.sinosoft.test.base.TestBase:80 - Found Element By : By.name: GuMainSurveyInd
2020/07/14 11:27:37:800  INFO com.sinosoft.test.base.TestBase:96 - setSelectWithStartText:[[InternetExplorerDriver: internet explorer on WINDOWS (ccf7d151-3584-42d0-a3a7-88ba32e95c02)] -> name: GuMainSurveyInd]->HXXT
2020/07/14 11:27:37:802 DEBUG com.sinosoft.test.base.TestBase:76 - Trying to find Element By : By.name: GuMainSurveyInd
2020/07/14 11:27:37:864 DEBUG com.sinosoft.test.base.TestBase:80 - Found Element By : By.name: GuMainSurveyInd
2020/07/14 11:27:37:893 DEBUG com.sinosoft.test.base.TestBase:76 - Trying to find Element By : By.name: GuMainSurveyInd
2020/07/14 11:27:37:976 DEBUG com.sinosoft.test.base.TestBase:80 - Found Element By : By.name: GuMainSurveyInd
2020/07/14 11:27:38:004 DEBUG com.sinosoft.test.base.TestBase:76 - Trying to find Element By : By.name: GuMainSurveyInd
2020/07/14 11:27:38:085 DEBUG com.sinosoft.test.base.TestBase:80 - Found Element By : By.name: GuMainSurveyInd
2020/07/14 11:27:38:085 DEBUG com.sinosoft.test.base.TestBase:76 - Trying to find Element By : By.tagName: option
2020/07/14 11:27:38:380 DEBUG com.sinosoft.test.base.TestBase:80 - Found Element By : By.tagName: option
2020/07/14 11:27:38:463  INFO com.sinosoft.test.base.TestBase:114 - 找到匹配【HXXT】的选项：HXXT-核心
2020/07/14 11:27:38:465 DEBUG com.sinosoft.test.base.TestBase:76 - Trying to find Element By : By.name: GuMainSurveyInd
2020/07/14 11:27:38:526 DEBUG com.sinosoft.test.base.TestBase:80 - Found Element By : By.name: GuMainSurveyInd
2020/07/14 11:27:38:526 DEBUG com.sinosoft.test.base.TestBase:76 - Trying to find Element By : By.xpath: .//option[normalize-space(.) = "HXXT-核心"]
2020/07/14 11:27:38:603 DEBUG com.sinosoft.test.base.TestBase:80 - Found Element By : By.xpath: .//option[normalize-space(.) = "HXXT-核心"]
2020/07/14 11:27:38:638 DEBUG com.sinosoft.test.base.TestBase:123 - setSelectWithStartText 结束！
2020/07/14 11:27:38:638 DEBUG com.sinosoft.test.base.TestBase:76 - Trying to find Element By : By.name: GuMainArgueSolution
2020/07/14 11:27:38:754 DEBUG com.sinosoft.test.base.TestBase:80 - Found Element By : By.name: GuMainArgueSolution
2020/07/14 11:27:38:754  INFO com.sinosoft.test.base.TestBase:96 - setSelectWithStartText:[[InternetExplorerDriver: internet explorer on WINDOWS (ccf7d151-3584-42d0-a3a7-88ba32e95c02)] -> name: GuMainArgueSolution]->
2020/07/14 11:27:38:754 DEBUG com.sinosoft.test.base.TestBase:76 - Trying to find Element By : By.name: GuMainDomesticInd
2020/07/14 11:27:38:835 DEBUG com.sinosoft.test.base.TestBase:80 - Found Element By : By.name: GuMainDomesticInd
2020/07/14 11:27:38:835  INFO com.sinosoft.test.base.TestBase:96 - setSelectWithStartText:[[InternetExplorerDriver: internet explorer on WINDOWS (ccf7d151-3584-42d0-a3a7-88ba32e95c02)] -> name: GuMainDomesticInd]->
2020/07/14 11:27:38:835 DEBUG com.sinosoft.test.base.TestBase:76 - Trying to find Element By : By.name: GuMainComInsureInd
2020/07/14 11:27:38:917 DEBUG com.sinosoft.test.base.TestBase:80 - Found Element By : By.name: GuMainComInsureInd
2020/07/14 11:27:38:917  INFO com.sinosoft.test.base.TestBase:96 - setSelectWithStartText:[[InternetExplorerDriver: internet explorer on WINDOWS (ccf7d151-3584-42d0-a3a7-88ba32e95c02)] -> name: GuMainComInsureInd]->0
2020/07/14 11:27:38:918 DEBUG com.sinosoft.test.base.TestBase:76 - Trying to find Element By : By.name: GuMainComInsureInd
2020/07/14 11:27:38:979 DEBUG com.sinosoft.test.base.TestBase:80 - Found Element By : By.name: GuMainComInsureInd
2020/07/14 11:27:39:009 DEBUG com.sinosoft.test.base.TestBase:76 - Trying to find Element By : By.name: GuMainComInsureInd
2020/07/14 11:27:39:064 DEBUG com.sinosoft.test.base.TestBase:80 - Found Element By : By.name: GuMainComInsureInd
2020/07/14 11:27:39:098 DEBUG com.sinosoft.test.base.TestBase:76 - Trying to find Element By : By.name: GuMainComInsureInd
2020/07/14 11:27:39:208 DEBUG com.sinosoft.test.base.TestBase:80 - Found Element By : By.name: GuMainComInsureInd
2020/07/14 11:27:39:209 DEBUG com.sinosoft.test.base.TestBase:76 - Trying to find Element By : By.tagName: option
2020/07/14 11:27:39:318 DEBUG com.sinosoft.test.base.TestBase:80 - Found Element By : By.tagName: option
2020/07/14 11:27:39:391  INFO com.sinosoft.test.base.TestBase:114 - 找到匹配【0】的选项：0-非统括业务
2020/07/14 11:27:39:391 DEBUG com.sinosoft.test.base.TestBase:76 - Trying to find Element By : By.name: GuMainComInsureInd
2020/07/14 11:27:39:484 DEBUG com.sinosoft.test.base.TestBase:80 - Found Element By : By.name: GuMainComInsureInd
2020/07/14 11:27:39:484 DEBUG com.sinosoft.test.base.TestBase:76 - Trying to find Element By : By.xpath: .//option[normalize-space(.) = "0-非统括业务"]
2020/07/14 11:27:39:534 DEBUG com.sinosoft.test.base.TestBase:80 - Found Element By : By.xpath: .//option[normalize-space(.) = "0-非统括业务"]
2020/07/14 11:27:39:582 DEBUG com.sinosoft.test.base.TestBase:123 - setSelectWithStartText 结束！
2020/07/14 11:27:39:582 DEBUG com.sinosoft.test.base.TestBase:76 - Trying to find Element By : By.name: GuMainPolicyStyle
2020/07/14 11:27:39:686 DEBUG com.sinosoft.test.base.TestBase:80 - Found Element By : By.name: GuMainPolicyStyle
2020/07/14 11:27:39:686  INFO com.sinosoft.test.base.TestBase:96 - setSelectWithStartText:[[InternetExplorerDriver: internet explorer on WINDOWS (ccf7d151-3584-42d0-a3a7-88ba32e95c02)] -> name: GuMainPolicyStyle]->0
2020/07/14 11:27:39:686 DEBUG com.sinosoft.test.base.TestBase:76 - Trying to find Element By : By.name: GuMainPolicyStyle
2020/07/14 11:27:39:745 DEBUG com.sinosoft.test.base.TestBase:80 - Found Element By : By.name: GuMainPolicyStyle
2020/07/14 11:27:39:773 DEBUG com.sinosoft.test.base.TestBase:76 - Trying to find Element By : By.name: GuMainPolicyStyle
2020/07/14 11:27:39:832 DEBUG com.sinosoft.test.base.TestBase:80 - Found Element By : By.name: GuMainPolicyStyle
2020/07/14 11:27:39:866 DEBUG com.sinosoft.test.base.TestBase:76 - Trying to find Element By : By.name: GuMainPolicyStyle
2020/07/14 11:27:39:950 DEBUG com.sinosoft.test.base.TestBase:80 - Found Element By : By.name: GuMainPolicyStyle
2020/07/14 11:27:39:951 DEBUG com.sinosoft.test.base.TestBase:76 - Trying to find Element By : By.tagName: option
2020/07/14 11:27:40:063 DEBUG com.sinosoft.test.base.TestBase:80 - Found Element By : By.tagName: option
2020/07/14 11:27:40:115  INFO com.sinosoft.test.base.TestBase:114 - 找到匹配【0】的选项：0-否
2020/07/14 11:27:40:115 DEBUG com.sinosoft.test.base.TestBase:76 - Trying to find Element By : By.name: GuMainPolicyStyle
2020/07/14 11:27:40:210 DEBUG com.sinosoft.test.base.TestBase:80 - Found Element By : By.name: GuMainPolicyStyle
2020/07/14 11:27:40:212 DEBUG com.sinosoft.test.base.TestBase:76 - Trying to find Element By : By.xpath: .//option[normalize-space(.) = "0-否"]
2020/07/14 11:27:40:285 DEBUG com.sinosoft.test.base.TestBase:80 - Found Element By : By.xpath: .//option[normalize-space(.) = "0-否"]
2020/07/14 11:27:40:341 DEBUG com.sinosoft.test.base.TestBase:123 - setSelectWithStartText 结束！
2020/07/14 11:27:40:342 DEBUG com.sinosoft.test.base.TestBase:76 - Trying to find Element By : By.name: RenewalOfInsuranceSelect
2020/07/14 11:27:40:431 DEBUG com.sinosoft.test.base.TestBase:80 - Found Element By : By.name: RenewalOfInsuranceSelect
2020/07/14 11:27:40:432  INFO com.sinosoft.test.base.TestBase:96 - setSelectWithStartText:[[InternetExplorerDriver: internet explorer on WINDOWS (ccf7d151-3584-42d0-a3a7-88ba32e95c02)] -> name: RenewalOfInsuranceSelect]->0
2020/07/14 11:27:40:433 DEBUG com.sinosoft.test.base.TestBase:76 - Trying to find Element By : By.name: RenewalOfInsuranceSelect
2020/07/14 11:27:40:514 DEBUG com.sinosoft.test.base.TestBase:80 - Found Element By : By.name: RenewalOfInsuranceSelect
2020/07/14 11:27:40:542 DEBUG com.sinosoft.test.base.TestBase:76 - Trying to find Element By : By.name: RenewalOfInsuranceSelect
2020/07/14 11:27:40:625 DEBUG com.sinosoft.test.base.TestBase:80 - Found Element By : By.name: RenewalOfInsuranceSelect
2020/07/14 11:27:40:663 DEBUG com.sinosoft.test.base.TestBase:76 - Trying to find Element By : By.name: RenewalOfInsuranceSelect
2020/07/14 11:27:40:755 DEBUG com.sinosoft.test.base.TestBase:80 - Found Element By : By.name: RenewalOfInsuranceSelect
2020/07/14 11:27:40:755 DEBUG com.sinosoft.test.base.TestBase:76 - Trying to find Element By : By.tagName: option
2020/07/14 11:27:40:826 DEBUG com.sinosoft.test.base.TestBase:80 - Found Element By : By.tagName: option
2020/07/14 11:27:40:897  INFO com.sinosoft.test.base.TestBase:114 - 找到匹配【0】的选项：0-否
2020/07/14 11:27:40:897 DEBUG com.sinosoft.test.base.TestBase:76 - Trying to find Element By : By.name: RenewalOfInsuranceSelect
2020/07/14 11:27:40:991 DEBUG com.sinosoft.test.base.TestBase:80 - Found Element By : By.name: RenewalOfInsuranceSelect
2020/07/14 11:27:40:991 DEBUG com.sinosoft.test.base.TestBase:76 - Trying to find Element By : By.xpath: .//option[normalize-space(.) = "0-否"]
2020/07/14 11:27:41:065 DEBUG com.sinosoft.test.base.TestBase:80 - Found Element By : By.xpath: .//option[normalize-space(.) = "0-否"]
2020/07/14 11:27:41:131 DEBUG com.sinosoft.test.base.TestBase:42 - Trying to click on: [[[[InternetExplorerDriver: internet explorer on WINDOWS (ccf7d151-3584-42d0-a3a7-88ba32e95c02)] -> name: RenewalOfInsuranceSelect]] -> xpath: .//option[normalize-space(.) = "0-否"]]
2020/07/14 11:27:41:388 DEBUG com.sinosoft.test.base.TestBase:46 - Clicked on: [[[[InternetExplorerDriver: internet explorer on WINDOWS (ccf7d151-3584-42d0-a3a7-88ba32e95c02)] -> name: RenewalOfInsuranceSelect]] -> xpath: .//option[normalize-space(.) = "0-否"]]
2020/07/14 11:27:41:388 DEBUG com.sinosoft.test.base.TestBase:123 - setSelectWithStartText 结束！
2020/07/14 11:27:41:388 DEBUG com.sinosoft.test.base.TestBase:76 - Trying to find Element By : By.name: GuMainIsDifferentPlace
2020/07/14 11:27:41:482 DEBUG com.sinosoft.test.base.TestBase:80 - Found Element By : By.name: GuMainIsDifferentPlace
2020/07/14 11:27:41:482  INFO com.sinosoft.test.base.TestBase:96 - setSelectWithStartText:[[InternetExplorerDriver: internet explorer on WINDOWS (ccf7d151-3584-42d0-a3a7-88ba32e95c02)] -> name: GuMainIsDifferentPlace]->
2020/07/14 11:27:41:482 DEBUG com.sinosoft.test.base.TestBase:76 - Trying to find Element By : By.name: GuMainIsFarming
2020/07/14 11:27:41:574 DEBUG com.sinosoft.test.base.TestBase:80 - Found Element By : By.name: GuMainIsFarming
2020/07/14 11:27:41:575  INFO com.sinosoft.test.base.TestBase:96 - setSelectWithStartText:[[InternetExplorerDriver: internet explorer on WINDOWS (ccf7d151-3584-42d0-a3a7-88ba32e95c02)] -> name: GuMainIsFarming]->
2020/07/14 11:27:41:577 DEBUG com.sinosoft.test.base.TestBase:76 - Trying to find Element By : By.name: AppliGuRelatedPartyInsuredType
2020/07/14 11:27:41:643 DEBUG com.sinosoft.test.base.TestBase:80 - Found Element By : By.name: AppliGuRelatedPartyInsuredType
2020/07/14 11:27:41:644  INFO com.sinosoft.test.base.TestBase:96 - setSelectWithStartText:[[InternetExplorerDriver: internet explorer on WINDOWS (ccf7d151-3584-42d0-a3a7-88ba32e95c02)] -> name: AppliGuRelatedPartyInsuredType]->2
2020/07/14 11:27:41:644 DEBUG com.sinosoft.test.base.TestBase:76 - Trying to find Element By : By.name: AppliGuRelatedPartyInsuredType
2020/07/14 11:27:41:691 DEBUG com.sinosoft.test.base.TestBase:80 - Found Element By : By.name: AppliGuRelatedPartyInsuredType
2020/07/14 11:27:41:724 DEBUG com.sinosoft.test.base.TestBase:76 - Trying to find Element By : By.name: AppliGuRelatedPartyInsuredType
2020/07/14 11:27:41:809 DEBUG com.sinosoft.test.base.TestBase:80 - Found Element By : By.name: AppliGuRelatedPartyInsuredType
2020/07/14 11:27:41:840 DEBUG com.sinosoft.test.base.TestBase:76 - Trying to find Element By : By.name: AppliGuRelatedPartyInsuredType
2020/07/14 11:27:41:948 DEBUG com.sinosoft.test.base.TestBase:80 - Found Element By : By.name: AppliGuRelatedPartyInsuredType
2020/07/14 11:27:41:949 DEBUG com.sinosoft.test.base.TestBase:76 - Trying to find Element By : By.tagName: option
2020/07/14 11:27:42:075 DEBUG com.sinosoft.test.base.TestBase:80 - Found Element By : By.tagName: option
2020/07/14 11:27:42:190  INFO com.sinosoft.test.base.TestBase:114 - 找到匹配【2】的选项：2-团体
2020/07/14 11:27:42:191 DEBUG com.sinosoft.test.base.TestBase:76 - Trying to find Element By : By.name: AppliGuRelatedPartyInsuredType
2020/07/14 11:27:42:312 DEBUG com.sinosoft.test.base.TestBase:80 - Found Element By : By.name: AppliGuRelatedPartyInsuredType
2020/07/14 11:27:42:314 DEBUG com.sinosoft.test.base.TestBase:76 - Trying to find Element By : By.xpath: .//option[normalize-space(.) = "2-团体"]
2020/07/14 11:27:42:363 DEBUG com.sinosoft.test.base.TestBase:80 - Found Element By : By.xpath: .//option[normalize-space(.) = "2-团体"]
2020/07/14 11:27:42:412 DEBUG com.sinosoft.test.base.TestBase:123 - setSelectWithStartText 结束！
2020/07/14 11:27:42:412 DEBUG com.sinosoft.test.base.TestBase:76 - Trying to find Element By : By.name: AppliGuRelatedPartyInsuredCode
2020/07/14 11:27:42:515 DEBUG com.sinosoft.test.base.TestBase:80 - Found Element By : By.name: AppliGuRelatedPartyInsuredCode
2020/07/14 11:27:42:515  INFO com.sinosoft.test.base.TestBase:388 - setEditboxTValue:[[InternetExplorerDriver: internet explorer on WINDOWS (ccf7d151-3584-42d0-a3a7-88ba32e95c02)] -> name: AppliGuRelatedPartyInsuredCode]->G6200019603
2020/07/14 11:27:42:515 DEBUG com.sinosoft.test.base.TestBase:76 - Trying to find Element By : By.name: AppliGuRelatedPartyInsuredCode
2020/07/14 11:27:42:609 DEBUG com.sinosoft.test.base.TestBase:80 - Found Element By : By.name: AppliGuRelatedPartyInsuredCode
2020/07/14 11:27:42:916 DEBUG com.sinosoft.test.base.TestBase:76 - Trying to find Element By : By.name: AppliGuRelatedPartyInsuredCode
2020/07/14 11:27:42:975 DEBUG com.sinosoft.test.base.TestBase:80 - Found Element By : By.name: AppliGuRelatedPartyInsuredCode
2020/07/14 11:27:48:390 DEBUG com.sinosoft.test.base.TestBase:76 - Trying to find Element By : By.name: buttonSaveCustomer
2020/07/14 11:27:48:483 DEBUG com.sinosoft.test.base.TestBase:80 - Found Element By : By.name: buttonSaveCustomer
2020/07/14 11:27:48:483 DEBUG com.sinosoft.test.base.TestBase:42 - Trying to click on: [[InternetExplorerDriver: internet explorer on WINDOWS (ccf7d151-3584-42d0-a3a7-88ba32e95c02)] -> name: buttonSaveCustomer]
2020/07/14 11:27:49:695 DEBUG com.sinosoft.test.base.TestBase:46 - Clicked on: [[InternetExplorerDriver: internet explorer on WINDOWS (ccf7d151-3584-42d0-a3a7-88ba32e95c02)] -> name: buttonSaveCustomer]
2020/07/14 11:27:49:909  INFO com.sinosoft.test.base.TestBase:519 - 在保存客户时捕获了一个弹窗：客户已经保存，或不需要保存.
2020/07/14 11:27:50:116 DEBUG com.sinosoft.test.base.TestBase:218 - Alert的标题是：客户已经保存，或不需要保存.
2020/07/14 11:27:50:943 DEBUG com.sinosoft.test.base.TestBase:76 - Trying to find Element By : By.name: AppliGuRelatedPartyInsuredCode
2020/07/14 11:27:51:002 DEBUG com.sinosoft.test.base.TestBase:80 - Found Element By : By.name: AppliGuRelatedPartyInsuredCode
2020/07/14 11:27:51:057 DEBUG com.sinosoft.test.base.TestBase:76 - Trying to find Element By : By.id: saveButton
2020/07/14 11:27:51:141 DEBUG com.sinosoft.test.base.TestBase:80 - Found Element By : By.id: saveButton
2020/07/14 11:27:51:141 DEBUG com.sinosoft.test.base.TestBase:42 - Trying to click on: [[InternetExplorerDriver: internet explorer on WINDOWS (ccf7d151-3584-42d0-a3a7-88ba32e95c02)] -> id: saveButton]
2020/07/14 11:27:56:161 DEBUG com.sinosoft.test.base.TestBase:46 - Clicked on: [[InternetExplorerDriver: internet explorer on WINDOWS (ccf7d151-3584-42d0-a3a7-88ba32e95c02)] -> id: saveButton]
2020/07/14 11:27:56:162 DEBUG com.sinosoft.test.base.TestBase:88 - 截屏文件名字是：FCCB_TB_JCX_1保存基本信息
2020/07/14 11:27:56:292 DEBUG com.sinosoft.test.base.TestBase:69 - 初始化class com.sinosoft.test.fccp.tbcl.RiskDetail_TypePage
2020/07/14 11:28:01:180 DEBUG com.sinosoft.test.base.TestBase:76 - Trying to find Element By : By.name: GuRiskRiskApplyType
2020/07/14 11:28:01:262 DEBUG com.sinosoft.test.base.TestBase:80 - Found Element By : By.name: GuRiskRiskApplyType
2020/07/14 11:28:01:262 DEBUG com.sinosoft.test.base.TestBase:107 - 投保处理/险种信息
2020/07/14 11:28:03:836 DEBUG com.sinosoft.test.base.TestBase:76 - Trying to find Element By : By.id: RiskItem
2020/07/14 11:28:03:874 DEBUG com.sinosoft.test.base.TestBase:80 - Found Element By : By.id: RiskItem
2020/07/14 11:28:03:876 DEBUG com.sinosoft.test.base.TestBase:76 - Trying to find Element By : By.name: summarySubBusinessNo
2020/07/14 11:28:03:915 DEBUG com.sinosoft.test.base.TestBase:80 - Found Element By : By.name: summarySubBusinessNo
2020/07/14 11:28:03:963 DEBUG com.sinosoft.test.base.TestBase:113 - 投保单号：06201900101202000000000077
2020/07/14 11:28:03:963 DEBUG com.sinosoft.test.base.TestBase:121 - 保存投保单号完毕！
2020/07/14 11:28:08:951 DEBUG com.sinosoft.test.base.TestBase:123 - 返回工作区，准备下一步操作！
2020/07/14 11:28:08:954  INFO com.sinosoft.test.base.TestBase:125 - 开始处理风险类别信息
2020/07/14 11:28:08:955 DEBUG com.sinosoft.test.base.TestBase:76 - Trying to find Element By : By.name: GuRiskRiskApplyType
2020/07/14 11:28:09:006 DEBUG com.sinosoft.test.base.TestBase:80 - Found Element By : By.name: GuRiskRiskApplyType
2020/07/14 11:28:09:006  INFO com.sinosoft.test.base.TestBase:96 - setSelectWithStartText:[[InternetExplorerDriver: internet explorer on WINDOWS (ccf7d151-3584-42d0-a3a7-88ba32e95c02)] -> name: GuRiskRiskApplyType]->1
2020/07/14 11:28:09:006 DEBUG com.sinosoft.test.base.TestBase:76 - Trying to find Element By : By.name: GuRiskRiskApplyType
2020/07/14 11:28:09:077 DEBUG com.sinosoft.test.base.TestBase:80 - Found Element By : By.name: GuRiskRiskApplyType
2020/07/14 11:28:09:105 DEBUG com.sinosoft.test.base.TestBase:76 - Trying to find Element By : By.name: GuRiskRiskApplyType
2020/07/14 11:28:09:164 DEBUG com.sinosoft.test.base.TestBase:80 - Found Element By : By.name: GuRiskRiskApplyType
2020/07/14 11:28:09:199 DEBUG com.sinosoft.test.base.TestBase:76 - Trying to find Element By : By.name: GuRiskRiskApplyType
2020/07/14 11:28:09:308 DEBUG com.sinosoft.test.base.TestBase:80 - Found Element By : By.name: GuRiskRiskApplyType
2020/07/14 11:28:09:309 DEBUG com.sinosoft.test.base.TestBase:76 - Trying to find Element By : By.tagName: option
2020/07/14 11:28:09:391 DEBUG com.sinosoft.test.base.TestBase:80 - Found Element By : By.tagName: option
2020/07/14 11:28:09:439  INFO com.sinosoft.test.base.TestBase:114 - 找到匹配【1】的选项：1-全国
2020/07/14 11:28:09:439 DEBUG com.sinosoft.test.base.TestBase:76 - Trying to find Element By : By.name: GuRiskRiskApplyType
2020/07/14 11:28:09:499 DEBUG com.sinosoft.test.base.TestBase:80 - Found Element By : By.name: GuRiskRiskApplyType
2020/07/14 11:28:09:500 DEBUG com.sinosoft.test.base.TestBase:76 - Trying to find Element By : By.xpath: .//option[normalize-space(.) = "1-全国"]
2020/07/14 11:28:09:571 DEBUG com.sinosoft.test.base.TestBase:80 - Found Element By : By.xpath: .//option[normalize-space(.) = "1-全国"]
2020/07/14 11:28:09:597 DEBUG com.sinosoft.test.base.TestBase:123 - setSelectWithStartText 结束！
2020/07/14 11:28:09:598 DEBUG com.sinosoft.test.base.TestBase:76 - Trying to find Element By : By.name: GuRiskCoinsInd
2020/07/14 11:28:09:665 DEBUG com.sinosoft.test.base.TestBase:80 - Found Element By : By.name: GuRiskCoinsInd
2020/07/14 11:28:09:666  INFO com.sinosoft.test.base.TestBase:96 - setSelectWithStartText:[[InternetExplorerDriver: internet explorer on WINDOWS (ccf7d151-3584-42d0-a3a7-88ba32e95c02)] -> name: GuRiskCoinsInd]->1
2020/07/14 11:28:09:666 DEBUG com.sinosoft.test.base.TestBase:76 - Trying to find Element By : By.name: GuRiskCoinsInd
2020/07/14 11:28:09:759 DEBUG com.sinosoft.test.base.TestBase:80 - Found Element By : By.name: GuRiskCoinsInd
2020/07/14 11:28:09:785 DEBUG com.sinosoft.test.base.TestBase:76 - Trying to find Element By : By.name: GuRiskCoinsInd
2020/07/14 11:28:09:870 DEBUG com.sinosoft.test.base.TestBase:80 - Found Element By : By.name: GuRiskCoinsInd
2020/07/14 11:28:09:908 DEBUG com.sinosoft.test.base.TestBase:76 - Trying to find Element By : By.name: GuRiskCoinsInd
2020/07/14 11:28:09:990 DEBUG com.sinosoft.test.base.TestBase:80 - Found Element By : By.name: GuRiskCoinsInd
2020/07/14 11:28:09:990 DEBUG com.sinosoft.test.base.TestBase:76 - Trying to find Element By : By.tagName: option
2020/07/14 11:28:10:194 DEBUG com.sinosoft.test.base.TestBase:80 - Found Element By : By.tagName: option
2020/07/14 11:28:10:287  INFO com.sinosoft.test.base.TestBase:114 - 找到匹配【1】的选项：1-主共保
2020/07/14 11:28:10:288 DEBUG com.sinosoft.test.base.TestBase:76 - Trying to find Element By : By.name: GuRiskCoinsInd
2020/07/14 11:28:10:381 DEBUG com.sinosoft.test.base.TestBase:80 - Found Element By : By.name: GuRiskCoinsInd
2020/07/14 11:28:10:381 DEBUG com.sinosoft.test.base.TestBase:76 - Trying to find Element By : By.xpath: .//option[normalize-space(.) = "1-主共保"]
2020/07/14 11:28:10:452 DEBUG com.sinosoft.test.base.TestBase:80 - Found Element By : By.xpath: .//option[normalize-space(.) = "1-主共保"]
2020/07/14 11:28:10:478 DEBUG com.sinosoft.test.base.TestBase:42 - Trying to click on: [[[[InternetExplorerDriver: internet explorer on WINDOWS (ccf7d151-3584-42d0-a3a7-88ba32e95c02)] -> name: GuRiskCoinsInd]] -> xpath: .//option[normalize-space(.) = "1-主共保"]]
2020/07/14 11:28:10:741 DEBUG com.sinosoft.test.base.TestBase:46 - Clicked on: [[[[InternetExplorerDriver: internet explorer on WINDOWS (ccf7d151-3584-42d0-a3a7-88ba32e95c02)] -> name: GuRiskCoinsInd]] -> xpath: .//option[normalize-space(.) = "1-主共保"]]
2020/07/14 11:28:10:741 DEBUG com.sinosoft.test.base.TestBase:123 - setSelectWithStartText 结束！
2020/07/14 11:28:10:741 DEBUG com.sinosoft.test.base.TestBase:76 - Trying to find Element By : By.name: GuRiskBusinessFlag
2020/07/14 11:28:10:823 DEBUG com.sinosoft.test.base.TestBase:80 - Found Element By : By.name: GuRiskBusinessFlag
2020/07/14 11:28:10:823  INFO com.sinosoft.test.base.TestBase:96 - setSelectWithStartText:[[InternetExplorerDriver: internet explorer on WINDOWS (ccf7d151-3584-42d0-a3a7-88ba32e95c02)] -> name: GuRiskBusinessFlag]->1
2020/07/14 11:28:10:824 DEBUG com.sinosoft.test.base.TestBase:76 - Trying to find Element By : By.name: GuRiskBusinessFlag
2020/07/14 11:28:10:905 DEBUG com.sinosoft.test.base.TestBase:80 - Found Element By : By.name: GuRiskBusinessFlag
2020/07/14 11:28:10:931 DEBUG com.sinosoft.test.base.TestBase:76 - Trying to find Element By : By.name: GuRiskBusinessFlag
2020/07/14 11:28:10:995 DEBUG com.sinosoft.test.base.TestBase:80 - Found Element By : By.name: GuRiskBusinessFlag
2020/07/14 11:28:11:033 DEBUG com.sinosoft.test.base.TestBase:76 - Trying to find Element By : By.name: GuRiskBusinessFlag
2020/07/14 11:28:11:120 DEBUG com.sinosoft.test.base.TestBase:80 - Found Element By : By.name: GuRiskBusinessFlag
2020/07/14 11:28:11:121 DEBUG com.sinosoft.test.base.TestBase:76 - Trying to find Element By : By.tagName: option
2020/07/14 11:28:11:236 DEBUG com.sinosoft.test.base.TestBase:80 - Found Element By : By.tagName: option
2020/07/14 11:28:11:359  INFO com.sinosoft.test.base.TestBase:114 - 找到匹配【1】的选项：1-是
2020/07/14 11:28:11:359 DEBUG com.sinosoft.test.base.TestBase:76 - Trying to find Element By : By.name: GuRiskBusinessFlag
2020/07/14 11:28:11:418 DEBUG com.sinosoft.test.base.TestBase:80 - Found Element By : By.name: GuRiskBusinessFlag
2020/07/14 11:28:11:419 DEBUG com.sinosoft.test.base.TestBase:76 - Trying to find Element By : By.xpath: .//option[normalize-space(.) = "1-是"]
2020/07/14 11:28:11:480 DEBUG com.sinosoft.test.base.TestBase:80 - Found Element By : By.xpath: .//option[normalize-space(.) = "1-是"]
2020/07/14 11:28:11:508 DEBUG com.sinosoft.test.base.TestBase:42 - Trying to click on: [[[[InternetExplorerDriver: internet explorer on WINDOWS (ccf7d151-3584-42d0-a3a7-88ba32e95c02)] -> name: GuRiskBusinessFlag]] -> xpath: .//option[normalize-space(.) = "1-是"]]
2020/07/14 11:28:11:732 DEBUG com.sinosoft.test.base.TestBase:46 - Clicked on: [[[[InternetExplorerDriver: internet explorer on WINDOWS (ccf7d151-3584-42d0-a3a7-88ba32e95c02)] -> name: GuRiskBusinessFlag]] -> xpath: .//option[normalize-space(.) = "1-是"]]
2020/07/14 11:28:11:732 DEBUG com.sinosoft.test.base.TestBase:123 - setSelectWithStartText 结束！
2020/07/14 11:28:11:732 DEBUG com.sinosoft.test.base.TestBase:76 - Trying to find Element By : By.name: GuRiskJudicalCode
2020/07/14 11:28:11:818 DEBUG com.sinosoft.test.base.TestBase:80 - Found Element By : By.name: GuRiskJudicalCode
2020/07/14 11:28:11:818  INFO com.sinosoft.test.base.TestBase:96 - setSelectWithStartText:[[InternetExplorerDriver: internet explorer on WINDOWS (ccf7d151-3584-42d0-a3a7-88ba32e95c02)] -> name: GuRiskJudicalCode]->1
2020/07/14 11:28:11:819 DEBUG com.sinosoft.test.base.TestBase:76 - Trying to find Element By : By.name: GuRiskJudicalCode
2020/07/14 11:28:11:903 DEBUG com.sinosoft.test.base.TestBase:80 - Found Element By : By.name: GuRiskJudicalCode
2020/07/14 11:28:11:931 DEBUG com.sinosoft.test.base.TestBase:76 - Trying to find Element By : By.name: GuRiskJudicalCode
2020/07/14 11:28:11:980 DEBUG com.sinosoft.test.base.TestBase:80 - Found Element By : By.name: GuRiskJudicalCode
2020/07/14 11:28:12:006 DEBUG com.sinosoft.test.base.TestBase:76 - Trying to find Element By : By.name: GuRiskJudicalCode
2020/07/14 11:28:12:090 DEBUG com.sinosoft.test.base.TestBase:80 - Found Element By : By.name: GuRiskJudicalCode
2020/07/14 11:28:12:090 DEBUG com.sinosoft.test.base.TestBase:76 - Trying to find Element By : By.tagName: option
2020/07/14 11:28:12:249 DEBUG com.sinosoft.test.base.TestBase:80 - Found Element By : By.tagName: option
2020/07/14 11:28:12:327  INFO com.sinosoft.test.base.TestBase:114 - 找到匹配【1】的选项：1-中华人民共和国管辖(港澳台除外)
2020/07/14 11:28:12:327 DEBUG com.sinosoft.test.base.TestBase:76 - Trying to find Element By : By.name: GuRiskJudicalCode
2020/07/14 11:28:12:395 DEBUG com.sinosoft.test.base.TestBase:80 - Found Element By : By.name: GuRiskJudicalCode
2020/07/14 11:28:12:395 DEBUG com.sinosoft.test.base.TestBase:76 - Trying to find Element By : By.xpath: .//option[normalize-space(.) = "1-中华人民共和国管辖(港澳台除外)"]
2020/07/14 11:28:12:463 DEBUG com.sinosoft.test.base.TestBase:80 - Found Element By : By.xpath: .//option[normalize-space(.) = "1-中华人民共和国管辖(港澳台除外)"]
2020/07/14 11:28:12:502 DEBUG com.sinosoft.test.base.TestBase:123 - setSelectWithStartText 结束！
2020/07/14 11:28:12:503 DEBUG com.sinosoft.test.base.TestBase:76 - Trying to find Element By : By.xpath: //table[@id='InsuredRelatedParty']/tbody/tr[@id='InsuredGuRelatedPartyCorInsuredType']/td/select[@name='InsuredGuRelatedPartyStarLevel']
2020/07/14 11:28:12:575 DEBUG com.sinosoft.test.base.TestBase:80 - Found Element By : By.xpath: //table[@id='InsuredRelatedParty']/tbody/tr[@id='InsuredGuRelatedPartyCorInsuredType']/td/select[@name='InsuredGuRelatedPartyStarLevel']
2020/07/14 11:28:12:575  INFO com.sinosoft.test.base.TestBase:96 - setSelectWithStartText:[[InternetExplorerDriver: internet explorer on WINDOWS (ccf7d151-3584-42d0-a3a7-88ba32e95c02)] -> xpath: //table[@id='InsuredRelatedParty']/tbody/tr[@id='InsuredGuRelatedPartyCorInsuredType']/td/select[@name='InsuredGuRelatedPartyStarLevel']]->0
2020/07/14 11:28:12:575 DEBUG com.sinosoft.test.base.TestBase:76 - Trying to find Element By : By.xpath: //table[@id='InsuredRelatedParty']/tbody/tr[@id='InsuredGuRelatedPartyCorInsuredType']/td/select[@name='InsuredGuRelatedPartyStarLevel']
2020/07/14 11:28:12:635 DEBUG com.sinosoft.test.base.TestBase:80 - Found Element By : By.xpath: //table[@id='InsuredRelatedParty']/tbody/tr[@id='InsuredGuRelatedPartyCorInsuredType']/td/select[@name='InsuredGuRelatedPartyStarLevel']
2020/07/14 11:28:12:652 DEBUG com.sinosoft.test.base.TestBase:76 - Trying to find Element By : By.xpath: //table[@id='InsuredRelatedParty']/tbody/tr[@id='InsuredGuRelatedPartyCorInsuredType']/td/select[@name='InsuredGuRelatedPartyStarLevel']
2020/07/14 11:28:12:702 DEBUG com.sinosoft.test.base.TestBase:80 - Found Element By : By.xpath: //table[@id='InsuredRelatedParty']/tbody/tr[@id='InsuredGuRelatedPartyCorInsuredType']/td/select[@name='InsuredGuRelatedPartyStarLevel']
2020/07/14 11:28:12:731 DEBUG com.sinosoft.test.base.TestBase:76 - Trying to find Element By : By.xpath: //table[@id='InsuredRelatedParty']/tbody/tr[@id='InsuredGuRelatedPartyCorInsuredType']/td/select[@name='InsuredGuRelatedPartyStarLevel']
2020/07/14 11:28:12:785 DEBUG com.sinosoft.test.base.TestBase:80 - Found Element By : By.xpath: //table[@id='InsuredRelatedParty']/tbody/tr[@id='InsuredGuRelatedPartyCorInsuredType']/td/select[@name='InsuredGuRelatedPartyStarLevel']
2020/07/14 11:28:12:785 DEBUG com.sinosoft.test.base.TestBase:76 - Trying to find Element By : By.tagName: option
2020/07/14 11:28:12:911 DEBUG com.sinosoft.test.base.TestBase:80 - Found Element By : By.tagName: option
2020/07/14 11:28:13:002  INFO com.sinosoft.test.base.TestBase:114 - 找到匹配【0】的选项：0-普通客户
2020/07/14 11:28:13:003 DEBUG com.sinosoft.test.base.TestBase:76 - Trying to find Element By : By.xpath: //table[@id='InsuredRelatedParty']/tbody/tr[@id='InsuredGuRelatedPartyCorInsuredType']/td/select[@name='InsuredGuRelatedPartyStarLevel']
2020/07/14 11:28:13:063 DEBUG com.sinosoft.test.base.TestBase:80 - Found Element By : By.xpath: //table[@id='InsuredRelatedParty']/tbody/tr[@id='InsuredGuRelatedPartyCorInsuredType']/td/select[@name='InsuredGuRelatedPartyStarLevel']
2020/07/14 11:28:13:064 DEBUG com.sinosoft.test.base.TestBase:76 - Trying to find Element By : By.xpath: .//option[normalize-space(.) = "0-普通客户"]
2020/07/14 11:28:13:102 DEBUG com.sinosoft.test.base.TestBase:80 - Found Element By : By.xpath: .//option[normalize-space(.) = "0-普通客户"]
2020/07/14 11:28:13:152 DEBUG com.sinosoft.test.base.TestBase:123 - setSelectWithStartText 结束！
2020/07/14 11:28:13:153 DEBUG com.sinosoft.test.base.TestBase:76 - Trying to find Element By : By.xpath: //table[@id='InsuredRelatedParty']/tbody/tr[@id='InsuredGuRelatedPartyVocation']/td/input[@name='InsuredGuRelatedPartyIndustryMainCode']
2020/07/14 11:28:13:222 DEBUG com.sinosoft.test.base.TestBase:80 - Found Element By : By.xpath: //table[@id='InsuredRelatedParty']/tbody/tr[@id='InsuredGuRelatedPartyVocation']/td/input[@name='InsuredGuRelatedPartyIndustryMainCode']
2020/07/14 11:28:13:246 DEBUG com.sinosoft.test.base.TestBase:76 - Trying to find Element By : By.xpath: //table[@id='InsuredRelatedParty']/tbody/tr[@id='InsuredGuRelatedPartyVocation']/td/input[@name='InsuredGuRelatedPartyIndustryMainCode']
2020/07/14 11:28:13:331 DEBUG com.sinosoft.test.base.TestBase:80 - Found Element By : By.xpath: //table[@id='InsuredRelatedParty']/tbody/tr[@id='InsuredGuRelatedPartyVocation']/td/input[@name='InsuredGuRelatedPartyIndustryMainCode']
2020/07/14 11:28:13:332 DEBUG com.sinosoft.test.base.TestBase:42 - CodeSelect:开始设置[[InternetExplorerDriver: internet explorer on WINDOWS (ccf7d151-3584-42d0-a3a7-88ba32e95c02)] -> xpath: //table[@id='InsuredRelatedParty']/tbody/tr[@id='InsuredGuRelatedPartyVocation']/td/input[@name='InsuredGuRelatedPartyIndustryMainCode']] & Code=12
2020/07/14 11:28:13:335 DEBUG com.sinosoft.test.base.TestBase:76 - Trying to find Element By : By.xpath: //table[@id='InsuredRelatedParty']/tbody/tr[@id='InsuredGuRelatedPartyVocation']/td/input[@name='InsuredGuRelatedPartyIndustryMainCode']
2020/07/14 11:28:13:396 DEBUG com.sinosoft.test.base.TestBase:80 - Found Element By : By.xpath: //table[@id='InsuredRelatedParty']/tbody/tr[@id='InsuredGuRelatedPartyVocation']/td/input[@name='InsuredGuRelatedPartyIndustryMainCode']
2020/07/14 11:28:14:520 DEBUG com.sinosoft.test.base.TestBase:272 - 系统窗口【黄河财险业务系统】with handle -ed1ac4cb-c9bf-4288-9847-761a79ab6069
2020/07/14 11:28:15:178 DEBUG com.sinosoft.test.base.TestBase:272 - 系统窗口【黄河财险业务系统】with handle -ed1ac4cb-c9bf-4288-9847-761a79ab6069
2020/07/14 11:28:15:806 DEBUG com.sinosoft.test.base.TestBase:272 - 系统窗口【Code Select】with handle -d783b6bd-3255-49bf-b945-ec9795717276
2020/07/14 11:28:16:319 DEBUG com.sinosoft.test.base.TestBase:69 - 初始化class com.sinosoft.test.fccp.common.CodeSelectPage
2020/07/14 11:28:16:320 DEBUG com.sinosoft.test.base.TestBase:39 - 基础码表选择！
2020/07/14 11:28:16:320 DEBUG com.sinosoft.test.base.TestBase:76 - Trying to find Element By : By.name: fieldValue
2020/07/14 11:28:16:594 DEBUG com.sinosoft.test.base.TestBase:80 - Found Element By : By.name: fieldValue
2020/07/14 11:28:16:595  INFO com.sinosoft.test.base.TestBase:360 - setEditboxValue:[[InternetExplorerDriver: internet explorer on WINDOWS (ccf7d151-3584-42d0-a3a7-88ba32e95c02)] -> name: fieldValue]：12
2020/07/14 11:28:17:705  INFO com.sinosoft.test.base.TestBase:363 - setEditboxValue—End:[[InternetExplorerDriver: internet explorer on WINDOWS (ccf7d151-3584-42d0-a3a7-88ba32e95c02)] -> name: fieldValue]：12
2020/07/14 11:28:17:706 DEBUG com.sinosoft.test.base.TestBase:76 - Trying to find Element By : By.xpath: //input[@value='查询(Q)']
2020/07/14 11:28:17:994 DEBUG com.sinosoft.test.base.TestBase:80 - Found Element By : By.xpath: //input[@value='查询(Q)']
2020/07/14 11:28:17:994  INFO com.sinosoft.test.base.TestBase:402 - clickButton:[[InternetExplorerDriver: internet explorer on WINDOWS (ccf7d151-3584-42d0-a3a7-88ba32e95c02)] -> xpath: //input[@value='查询(Q)']]
2020/07/14 11:28:17:995 DEBUG com.sinosoft.test.base.TestBase:42 - Trying to click on: [[InternetExplorerDriver: internet explorer on WINDOWS (ccf7d151-3584-42d0-a3a7-88ba32e95c02)] -> xpath: //input[@value='查询(Q)']]
2020/07/14 11:28:19:552 DEBUG com.sinosoft.test.base.TestBase:46 - Clicked on: [[InternetExplorerDriver: internet explorer on WINDOWS (ccf7d151-3584-42d0-a3a7-88ba32e95c02)] -> xpath: //input[@value='查询(Q)']]
2020/07/14 11:28:19:552 DEBUG com.sinosoft.test.base.TestBase:76 - Trying to find Element By : By.name: codeselect
2020/07/14 11:28:19:840 DEBUG com.sinosoft.test.base.TestBase:80 - Found Element By : By.name: codeselect
2020/07/14 11:28:19:841  INFO com.sinosoft.test.base.TestBase:132 - setFuzzySelect:[[InternetExplorerDriver: internet explorer on WINDOWS (ccf7d151-3584-42d0-a3a7-88ba32e95c02)] -> name: codeselect]->12
2020/07/14 11:28:20:381 DEBUG com.sinosoft.test.base.TestBase:76 - Trying to find Element By : By.tagName: option
2020/07/14 11:28:20:698 DEBUG com.sinosoft.test.base.TestBase:80 - Found Element By : By.tagName: option
2020/07/14 11:28:20:990  INFO com.sinosoft.test.base.TestBase:142 - 找到匹配【12】的选项：12--社会团体,机关,事业单位
2020/07/14 11:28:20:991 DEBUG com.sinosoft.test.base.TestBase:76 - Trying to find Element By : By.xpath: .//option[normalize-space(.) = "12--社会团体,机关,事业单位"]
2020/07/14 11:28:21:296 DEBUG com.sinosoft.test.base.TestBase:80 - Found Element By : By.xpath: .//option[normalize-space(.) = "12--社会团体,机关,事业单位"]
2020/07/14 11:28:21:582 DEBUG com.sinosoft.test.base.TestBase:42 - Trying to click on: [[[[InternetExplorerDriver: internet explorer on WINDOWS (ccf7d151-3584-42d0-a3a7-88ba32e95c02)] -> name: codeselect]] -> xpath: .//option[normalize-space(.) = "12--社会团体,机关,事业单位"]]
2020/07/14 11:28:22:014 DEBUG com.sinosoft.test.base.TestBase:46 - Clicked on: [[[[InternetExplorerDriver: internet explorer on WINDOWS (ccf7d151-3584-42d0-a3a7-88ba32e95c02)] -> name: codeselect]] -> xpath: .//option[normalize-space(.) = "12--社会团体,机关,事业单位"]]
2020/07/14 11:28:22:014 DEBUG com.sinosoft.test.base.TestBase:151 - setFuzzySelect 结束！
2020/07/14 11:28:22:014 DEBUG com.sinosoft.test.base.TestBase:76 - Trying to find Element By : By.name: SelectIt
2020/07/14 11:28:22:290 DEBUG com.sinosoft.test.base.TestBase:80 - Found Element By : By.name: SelectIt
2020/07/14 11:28:22:292  INFO com.sinosoft.test.base.TestBase:416 - jsClickButton:[[InternetExplorerDriver: internet explorer on WINDOWS (ccf7d151-3584-42d0-a3a7-88ba32e95c02)] -> name: SelectIt]
2020/07/14 11:28:22:293  INFO com.sinosoft.test.base.TestBase:144 - RunJavaScript:[[InternetExplorerDriver: internet explorer on WINDOWS (ccf7d151-3584-42d0-a3a7-88ba32e95c02)] -> name: SelectIt]	arguments[0].click();
2020/07/14 11:28:23:024 DEBUG com.sinosoft.test.base.TestBase:272 - 系统窗口【黄河财险业务系统】with handle -ed1ac4cb-c9bf-4288-9847-761a79ab6069
2020/07/14 11:28:27:955 DEBUG com.sinosoft.test.base.TestBase:76 - Trying to find Element By : By.xpath: //table[@id='InsuredRelatedParty']/tbody/tr[@id='InsuredGuRelatedPartyVocation']/td/input[@name='InsuredGuRelatedPartyIndustryMainCode']
2020/07/14 11:28:28:006 DEBUG com.sinosoft.test.base.TestBase:80 - Found Element By : By.xpath: //table[@id='InsuredRelatedParty']/tbody/tr[@id='InsuredGuRelatedPartyVocation']/td/input[@name='InsuredGuRelatedPartyIndustryMainCode']
2020/07/14 11:28:28:007 DEBUG com.sinosoft.test.base.TestBase:49 - CodeSelect:设置完毕[[InternetExplorerDriver: internet explorer on WINDOWS (ccf7d151-3584-42d0-a3a7-88ba32e95c02)] -> xpath: //table[@id='InsuredRelatedParty']/tbody/tr[@id='InsuredGuRelatedPartyVocation']/td/input[@name='InsuredGuRelatedPartyIndustryMainCode']] & Code=12
2020/07/14 11:28:28:007 DEBUG com.sinosoft.test.base.TestBase:76 - Trying to find Element By : By.xpath: //table[@id='InsuredRelatedParty']/tbody/tr[@id='InsuredGuRelatedPartyVocation']/td/input[@name='InsuredGuRelatedPartyIndustryKindCode']
2020/07/14 11:28:28:056 DEBUG com.sinosoft.test.base.TestBase:80 - Found Element By : By.xpath: //table[@id='InsuredRelatedParty']/tbody/tr[@id='InsuredGuRelatedPartyVocation']/td/input[@name='InsuredGuRelatedPartyIndustryKindCode']
2020/07/14 11:28:28:081 DEBUG com.sinosoft.test.base.TestBase:76 - Trying to find Element By : By.xpath: //table[@id='InsuredRelatedParty']/tbody/tr[@id='InsuredGuRelatedPartyVocation']/td/input[@name='InsuredGuRelatedPartyIndustryKindCode']
2020/07/14 11:28:28:143 DEBUG com.sinosoft.test.base.TestBase:80 - Found Element By : By.xpath: //table[@id='InsuredRelatedParty']/tbody/tr[@id='InsuredGuRelatedPartyVocation']/td/input[@name='InsuredGuRelatedPartyIndustryKindCode']
2020/07/14 11:28:28:143 DEBUG com.sinosoft.test.base.TestBase:63 - SetCodeEditBox:开始设置:[[InternetExplorerDriver: internet explorer on WINDOWS (ccf7d151-3584-42d0-a3a7-88ba32e95c02)] -> xpath: //table[@id='InsuredRelatedParty']/tbody/tr[@id='InsuredGuRelatedPartyVocation']/td/input[@name='InsuredGuRelatedPartyIndustryKindCode']] & Code=12006
2020/07/14 11:28:28:143 DEBUG com.sinosoft.test.base.TestBase:76 - Trying to find Element By : By.xpath: //table[@id='InsuredRelatedParty']/tbody/tr[@id='InsuredGuRelatedPartyVocation']/td/input[@name='InsuredGuRelatedPartyIndustryKindCode']
2020/07/14 11:28:28:167 DEBUG com.sinosoft.test.base.TestBase:80 - Found Element By : By.xpath: //table[@id='InsuredRelatedParty']/tbody/tr[@id='InsuredGuRelatedPartyVocation']/td/input[@name='InsuredGuRelatedPartyIndustryKindCode']
2020/07/14 11:28:28:414 DEBUG com.sinosoft.test.base.TestBase:76 - Trying to find Element By : By.xpath: //table[@id='InsuredRelatedParty']/tbody/tr[@id='InsuredGuRelatedPartyVocation']/td/input[@name='InsuredGuRelatedPartyIndustryKindCode']
2020/07/14 11:28:28:477 DEBUG com.sinosoft.test.base.TestBase:80 - Found Element By : By.xpath: //table[@id='InsuredRelatedParty']/tbody/tr[@id='InsuredGuRelatedPartyVocation']/td/input[@name='InsuredGuRelatedPartyIndustryKindCode']
2020/07/14 11:28:29:106 DEBUG com.sinosoft.test.base.TestBase:76 - Trying to find Element By : By.xpath: //table[@id='InsuredRelatedParty']/tbody/tr[@id='InsuredGuRelatedPartyVocation']/td/input[@name='InsuredGuRelatedPartyIndustryKindCode']
2020/07/14 11:28:29:130 DEBUG com.sinosoft.test.base.TestBase:80 - Found Element By : By.xpath: //table[@id='InsuredRelatedParty']/tbody/tr[@id='InsuredGuRelatedPartyVocation']/td/input[@name='InsuredGuRelatedPartyIndustryKindCode']
2020/07/14 11:28:29:131 DEBUG com.sinosoft.test.base.TestBase:76 - Trying to find Element By : By.xpath: ../input[last()]
2020/07/14 11:28:29:222 DEBUG com.sinosoft.test.base.TestBase:80 - Found Element By : By.xpath: ../input[last()]
2020/07/14 11:28:29:347  INFO com.sinosoft.test.base.TestBase:71 - SetCodeEditBox:找到了Code对应的文本显示框并点击触发显示:InsuredGuRelatedPartyIndustryKindCName
2020/07/14 11:28:29:348 DEBUG com.sinosoft.test.base.TestBase:42 - Trying to click on: [[[[InternetExplorerDriver: internet explorer on WINDOWS (ccf7d151-3584-42d0-a3a7-88ba32e95c02)] -> xpath: //table[@id='InsuredRelatedParty']/tbody/tr[@id='InsuredGuRelatedPartyVocation']/td/input[@name='InsuredGuRelatedPartyIndustryKindCode']]] -> xpath: ../input[last()]]
2020/07/14 11:28:30:428 DEBUG com.sinosoft.test.base.TestBase:46 - Clicked on: [[[[InternetExplorerDriver: internet explorer on WINDOWS (ccf7d151-3584-42d0-a3a7-88ba32e95c02)] -> xpath: //table[@id='InsuredRelatedParty']/tbody/tr[@id='InsuredGuRelatedPartyVocation']/td/input[@name='InsuredGuRelatedPartyIndustryKindCode']]] -> xpath: ../input[last()]]
2020/07/14 11:28:30:628 DEBUG com.sinosoft.test.base.TestBase:76 - Trying to find Element By : By.xpath: //table[@id='InsuredRelatedParty']/tbody/tr[@id='InsuredGuRelatedPartyVocation']/td/input[@name='InsuredGuRelatedPartyIndustryKindCode']
2020/07/14 11:28:30:654 DEBUG com.sinosoft.test.base.TestBase:80 - Found Element By : By.xpath: //table[@id='InsuredRelatedParty']/tbody/tr[@id='InsuredGuRelatedPartyVocation']/td/input[@name='InsuredGuRelatedPartyIndustryKindCode']
2020/07/14 11:28:30:655 DEBUG com.sinosoft.test.base.TestBase:87 - SetCodeEditBox:设置完毕[[InternetExplorerDriver: internet explorer on WINDOWS (ccf7d151-3584-42d0-a3a7-88ba32e95c02)] -> xpath: //table[@id='InsuredRelatedParty']/tbody/tr[@id='InsuredGuRelatedPartyVocation']/td/input[@name='InsuredGuRelatedPartyIndustryKindCode']],设置值 Code=12006
2020/07/14 11:28:30:655  INFO com.sinosoft.test.base.TestBase:157 - 保存险种基本信息
2020/07/14 11:28:30:655 DEBUG com.sinosoft.test.base.TestBase:76 - Trying to find Element By : By.id: saveButton
2020/07/14 11:28:30:773 DEBUG com.sinosoft.test.base.TestBase:80 - Found Element By : By.id: saveButton
2020/07/14 11:28:30:774  INFO com.sinosoft.test.base.TestBase:416 - jsClickButton:[[InternetExplorerDriver: internet explorer on WINDOWS (ccf7d151-3584-42d0-a3a7-88ba32e95c02)] -> id: saveButton]
2020/07/14 11:28:30:774 DEBUG com.sinosoft.test.base.TestBase:76 - Trying to find Element By : By.id: saveButton
2020/07/14 11:28:30:842 DEBUG com.sinosoft.test.base.TestBase:80 - Found Element By : By.id: saveButton
2020/07/14 11:28:30:843  INFO com.sinosoft.test.base.TestBase:144 - RunJavaScript:[[InternetExplorerDriver: internet explorer on WINDOWS (ccf7d151-3584-42d0-a3a7-88ba32e95c02)] -> id: saveButton]	arguments[0].click();
2020/07/14 11:28:30:843 DEBUG com.sinosoft.test.base.TestBase:76 - Trying to find Element By : By.id: saveButton
2020/07/14 11:28:30:925 DEBUG com.sinosoft.test.base.TestBase:80 - Found Element By : By.id: saveButton
2020/07/14 11:28:32:142 DEBUG com.sinosoft.test.base.TestBase:69 - 初始化class com.sinosoft.test.fccp.tbcl.RiskDetail_insuredObjPage
2020/07/14 11:28:37:199 DEBUG com.sinosoft.test.base.TestBase:76 - Trying to find Element By : By.id: ItemPropertyDetail
2020/07/14 11:28:37:257 DEBUG com.sinosoft.test.base.TestBase:80 - Found Element By : By.id: ItemPropertyDetail
2020/07/14 11:28:37:258 DEBUG com.sinosoft.test.base.TestBase:213 - 进入保险标的信息页面对象！
2020/07/14 11:28:37:258  INFO com.sinosoft.test.base.TestBase:222 - 开始录入标的物信息！
2020/07/14 11:28:37:260 DEBUG com.sinosoft.test.base.TestBase:69 - 初始化class com.sinosoft.test.fccp.tbcl.InsuredObjectInfoPage_0101
2020/07/14 11:28:37:375 DEBUG com.sinosoft.test.base.TestBase:76 - Trying to find Element By : By.name: GuItemPropertyBlockCode
2020/07/14 11:28:37:454 DEBUG com.sinosoft.test.base.TestBase:80 - Found Element By : By.name: GuItemPropertyBlockCode
2020/07/14 11:28:37:455  INFO com.sinosoft.test.base.TestBase:31 - 开始录入标的物信息！
2020/07/14 11:28:37:455 DEBUG com.sinosoft.test.base.TestBase:76 - Trying to find Element By : By.name: GuItemPropertyBlockCode
2020/07/14 11:28:37:514 DEBUG com.sinosoft.test.base.TestBase:80 - Found Element By : By.name: GuItemPropertyBlockCode
2020/07/14 11:28:37:514  INFO com.sinosoft.test.base.TestBase:388 - setEditboxTValue:[[InternetExplorerDriver: internet explorer on WINDOWS (ccf7d151-3584-42d0-a3a7-88ba32e95c02)] -> name: GuItemPropertyBlockCode]->121121123123
2020/07/14 11:28:37:515 DEBUG com.sinosoft.test.base.TestBase:76 - Trying to find Element By : By.name: GuItemPropertyBlockCode
2020/07/14 11:28:37:587 DEBUG com.sinosoft.test.base.TestBase:80 - Found Element By : By.name: GuItemPropertyBlockCode
2020/07/14 11:28:37:857 DEBUG com.sinosoft.test.base.TestBase:76 - Trying to find Element By : By.name: GuItemPropertyBlockCode
2020/07/14 11:28:37:916 DEBUG com.sinosoft.test.base.TestBase:80 - Found Element By : By.name: GuItemPropertyBlockCode
2020/07/14 11:28:43:373 DEBUG com.sinosoft.test.base.TestBase:76 - Trying to find Element By : By.name: GuItemPropertyCurrency
2020/07/14 11:28:43:459 DEBUG com.sinosoft.test.base.TestBase:80 - Found Element By : By.name: GuItemPropertyCurrency
2020/07/14 11:28:43:494 DEBUG com.sinosoft.test.base.TestBase:76 - Trying to find Element By : By.name: GuItemPropertyItemProvinceCode
2020/07/14 11:28:43:564 DEBUG com.sinosoft.test.base.TestBase:80 - Found Element By : By.name: GuItemPropertyItemProvinceCode
2020/07/14 11:28:43:590 DEBUG com.sinosoft.test.base.TestBase:76 - Trying to find Element By : By.name: GuItemPropertyItemProvinceCode
2020/07/14 11:28:43:662 DEBUG com.sinosoft.test.base.TestBase:80 - Found Element By : By.name: GuItemPropertyItemProvinceCode
2020/07/14 11:28:43:663 DEBUG com.sinosoft.test.base.TestBase:63 - SetCodeEditBox:开始设置:[[InternetExplorerDriver: internet explorer on WINDOWS (ccf7d151-3584-42d0-a3a7-88ba32e95c02)] -> name: GuItemPropertyItemProvinceCode] & Code=130000
2020/07/14 11:28:43:663 DEBUG com.sinosoft.test.base.TestBase:76 - Trying to find Element By : By.name: GuItemPropertyItemProvinceCode
2020/07/14 11:28:43:732 DEBUG com.sinosoft.test.base.TestBase:80 - Found Element By : By.name: GuItemPropertyItemProvinceCode
2020/07/14 11:28:43:935 DEBUG com.sinosoft.test.base.TestBase:76 - Trying to find Element By : By.name: GuItemPropertyItemProvinceCode
2020/07/14 11:28:43:997 DEBUG com.sinosoft.test.base.TestBase:80 - Found Element By : By.name: GuItemPropertyItemProvinceCode
2020/07/14 11:28:44:595 DEBUG com.sinosoft.test.base.TestBase:76 - Trying to find Element By : By.name: GuItemPropertyItemProvinceCode
2020/07/14 11:28:44:663 DEBUG com.sinosoft.test.base.TestBase:80 - Found Element By : By.name: GuItemPropertyItemProvinceCode
2020/07/14 11:28:44:664 DEBUG com.sinosoft.test.base.TestBase:76 - Trying to find Element By : By.xpath: ../input[last()]
2020/07/14 11:28:44:721 DEBUG com.sinosoft.test.base.TestBase:80 - Found Element By : By.xpath: ../input[last()]
2020/07/14 11:28:44:867  INFO com.sinosoft.test.base.TestBase:71 - SetCodeEditBox:找到了Code对应的文本显示框并点击触发显示:GuItemPropertyItemProvinceCName
2020/07/14 11:28:44:867 DEBUG com.sinosoft.test.base.TestBase:42 - Trying to click on: [[[[InternetExplorerDriver: internet explorer on WINDOWS (ccf7d151-3584-42d0-a3a7-88ba32e95c02)] -> name: GuItemPropertyItemProvinceCode]] -> xpath: ../input[last()]]
2020/07/14 11:28:45:914 DEBUG com.sinosoft.test.base.TestBase:46 - Clicked on: [[[[InternetExplorerDriver: internet explorer on WINDOWS (ccf7d151-3584-42d0-a3a7-88ba32e95c02)] -> name: GuItemPropertyItemProvinceCode]] -> xpath: ../input[last()]]
2020/07/14 11:28:46:115 DEBUG com.sinosoft.test.base.TestBase:76 - Trying to find Element By : By.name: GuItemPropertyItemProvinceCode
2020/07/14 11:28:46:172 DEBUG com.sinosoft.test.base.TestBase:80 - Found Element By : By.name: GuItemPropertyItemProvinceCode
2020/07/14 11:28:46:173 DEBUG com.sinosoft.test.base.TestBase:87 - SetCodeEditBox:设置完毕[[InternetExplorerDriver: internet explorer on WINDOWS (ccf7d151-3584-42d0-a3a7-88ba32e95c02)] -> name: GuItemPropertyItemProvinceCode],设置值 Code=130000
2020/07/14 11:28:46:174 DEBUG com.sinosoft.test.base.TestBase:76 - Trying to find Element By : By.name: GuItemPropertyItemCityCode
2020/07/14 11:28:46:246 DEBUG com.sinosoft.test.base.TestBase:80 - Found Element By : By.name: GuItemPropertyItemCityCode
2020/07/14 11:28:46:273 DEBUG com.sinosoft.test.base.TestBase:76 - Trying to find Element By : By.name: GuItemPropertyItemCityCode
2020/07/14 11:28:46:357 DEBUG com.sinosoft.test.base.TestBase:80 - Found Element By : By.name: GuItemPropertyItemCityCode
2020/07/14 11:28:46:358 DEBUG com.sinosoft.test.base.TestBase:63 - SetCodeEditBox:开始设置:[[InternetExplorerDriver: internet explorer on WINDOWS (ccf7d151-3584-42d0-a3a7-88ba32e95c02)] -> name: GuItemPropertyItemCityCode] & Code=130300
2020/07/14 11:28:46:358 DEBUG com.sinosoft.test.base.TestBase:76 - Trying to find Element By : By.name: GuItemPropertyItemCityCode
2020/07/14 11:28:46:407 DEBUG com.sinosoft.test.base.TestBase:80 - Found Element By : By.name: GuItemPropertyItemCityCode
2020/07/14 11:28:46:640 DEBUG com.sinosoft.test.base.TestBase:76 - Trying to find Element By : By.name: GuItemPropertyItemCityCode
2020/07/14 11:28:46:713 DEBUG com.sinosoft.test.base.TestBase:80 - Found Element By : By.name: GuItemPropertyItemCityCode
2020/07/14 11:28:47:367 DEBUG com.sinosoft.test.base.TestBase:76 - Trying to find Element By : By.name: GuItemPropertyItemCityCode
2020/07/14 11:28:47:427 DEBUG com.sinosoft.test.base.TestBase:80 - Found Element By : By.name: GuItemPropertyItemCityCode
2020/07/14 11:28:47:427 DEBUG com.sinosoft.test.base.TestBase:76 - Trying to find Element By : By.xpath: ../input[last()]
2020/07/14 11:28:47:490 DEBUG com.sinosoft.test.base.TestBase:80 - Found Element By : By.xpath: ../input[last()]
2020/07/14 11:28:47:601  INFO com.sinosoft.test.base.TestBase:71 - SetCodeEditBox:找到了Code对应的文本显示框并点击触发显示:GuItemPropertyItemCityCName
2020/07/14 11:28:47:601 DEBUG com.sinosoft.test.base.TestBase:42 - Trying to click on: [[[[InternetExplorerDriver: internet explorer on WINDOWS (ccf7d151-3584-42d0-a3a7-88ba32e95c02)] -> name: GuItemPropertyItemCityCode]] -> xpath: ../input[last()]]
2020/07/14 11:28:48:660 DEBUG com.sinosoft.test.base.TestBase:46 - Clicked on: [[[[InternetExplorerDriver: internet explorer on WINDOWS (ccf7d151-3584-42d0-a3a7-88ba32e95c02)] -> name: GuItemPropertyItemCityCode]] -> xpath: ../input[last()]]
2020/07/14 11:28:48:861 DEBUG com.sinosoft.test.base.TestBase:76 - Trying to find Element By : By.name: GuItemPropertyItemCityCode
2020/07/14 11:28:48:918 DEBUG com.sinosoft.test.base.TestBase:80 - Found Element By : By.name: GuItemPropertyItemCityCode
2020/07/14 11:28:48:918 DEBUG com.sinosoft.test.base.TestBase:87 - SetCodeEditBox:设置完毕[[InternetExplorerDriver: internet explorer on WINDOWS (ccf7d151-3584-42d0-a3a7-88ba32e95c02)] -> name: GuItemPropertyItemCityCode],设置值 Code=130300
2020/07/14 11:28:48:918 DEBUG com.sinosoft.test.base.TestBase:76 - Trying to find Element By : By.name: GuItemPropertyItemPostalCode
2020/07/14 11:28:48:977 DEBUG com.sinosoft.test.base.TestBase:80 - Found Element By : By.name: GuItemPropertyItemPostalCode
2020/07/14 11:28:48:977  INFO com.sinosoft.test.base.TestBase:360 - setEditboxValue:[[InternetExplorerDriver: internet explorer on WINDOWS (ccf7d151-3584-42d0-a3a7-88ba32e95c02)] -> name: GuItemPropertyItemPostalCode]：065201
2020/07/14 11:28:48:977 DEBUG com.sinosoft.test.base.TestBase:76 - Trying to find Element By : By.name: GuItemPropertyItemPostalCode
2020/07/14 11:28:49:035 DEBUG com.sinosoft.test.base.TestBase:80 - Found Element By : By.name: GuItemPropertyItemPostalCode
2020/07/14 11:28:49:312 DEBUG com.sinosoft.test.base.TestBase:76 - Trying to find Element By : By.name: GuItemPropertyItemPostalCode
2020/07/14 11:28:49:379 DEBUG com.sinosoft.test.base.TestBase:80 - Found Element By : By.name: GuItemPropertyItemPostalCode
2020/07/14 11:28:49:798 DEBUG com.sinosoft.test.base.TestBase:76 - Trying to find Element By : By.name: GuItemPropertyItemPostalCode
2020/07/14 11:28:49:858 DEBUG com.sinosoft.test.base.TestBase:80 - Found Element By : By.name: GuItemPropertyItemPostalCode
2020/07/14 11:28:49:859  INFO com.sinosoft.test.base.TestBase:363 - setEditboxValue—End:[[InternetExplorerDriver: internet explorer on WINDOWS (ccf7d151-3584-42d0-a3a7-88ba32e95c02)] -> name: GuItemPropertyItemPostalCode]：065201
2020/07/14 11:28:49:859 DEBUG com.sinosoft.test.base.TestBase:76 - Trying to find Element By : By.name: GuItemPropertyConstruction
2020/07/14 11:28:49:942 DEBUG com.sinosoft.test.base.TestBase:80 - Found Element By : By.name: GuItemPropertyConstruction
2020/07/14 11:28:49:972 DEBUG com.sinosoft.test.base.TestBase:76 - Trying to find Element By : By.name: GuItemPropertySituation
2020/07/14 11:28:50:033 DEBUG com.sinosoft.test.base.TestBase:80 - Found Element By : By.name: GuItemPropertySituation
2020/07/14 11:28:50:033  INFO com.sinosoft.test.base.TestBase:360 - setEditboxValue:[[InternetExplorerDriver: internet explorer on WINDOWS (ccf7d151-3584-42d0-a3a7-88ba32e95c02)] -> name: GuItemPropertySituation]：北戴河公园
2020/07/14 11:28:50:033 DEBUG com.sinosoft.test.base.TestBase:76 - Trying to find Element By : By.name: GuItemPropertySituation
2020/07/14 11:28:50:125 DEBUG com.sinosoft.test.base.TestBase:80 - Found Element By : By.name: GuItemPropertySituation
2020/07/14 11:28:50:388 DEBUG com.sinosoft.test.base.TestBase:76 - Trying to find Element By : By.name: GuItemPropertySituation
2020/07/14 11:28:50:472 DEBUG com.sinosoft.test.base.TestBase:80 - Found Element By : By.name: GuItemPropertySituation
2020/07/14 11:28:50:908 DEBUG com.sinosoft.test.base.TestBase:76 - Trying to find Element By : By.name: GuItemPropertySituation
2020/07/14 11:28:50:991 DEBUG com.sinosoft.test.base.TestBase:80 - Found Element By : By.name: GuItemPropertySituation
2020/07/14 11:28:50:991  INFO com.sinosoft.test.base.TestBase:363 - setEditboxValue—End:[[InternetExplorerDriver: internet explorer on WINDOWS (ccf7d151-3584-42d0-a3a7-88ba32e95c02)] -> name: GuItemPropertySituation]：北戴河公园
2020/07/14 11:28:50:991 DEBUG com.sinosoft.test.base.TestBase:232 - 开始录入险种明细信息
2020/07/14 11:28:50:991 DEBUG com.sinosoft.test.base.TestBase:76 - Trying to find Element By : By.id: ItemPropertyDetail
2020/07/14 11:28:51:072 DEBUG com.sinosoft.test.base.TestBase:80 - Found Element By : By.id: ItemPropertyDetail
2020/07/14 11:28:51:074  INFO com.sinosoft.test.base.TestBase:406 - clickElement:[[InternetExplorerDriver: internet explorer on WINDOWS (ccf7d151-3584-42d0-a3a7-88ba32e95c02)] -> id: ItemPropertyDetail]
2020/07/14 11:28:51:074 DEBUG com.sinosoft.test.base.TestBase:76 - Trying to find Element By : By.id: ItemPropertyDetail
2020/07/14 11:28:51:132 DEBUG com.sinosoft.test.base.TestBase:80 - Found Element By : By.id: ItemPropertyDetail
2020/07/14 11:28:51:133 DEBUG com.sinosoft.test.base.TestBase:42 - Trying to click on: [[InternetExplorerDriver: internet explorer on WINDOWS (ccf7d151-3584-42d0-a3a7-88ba32e95c02)] -> id: ItemPropertyDetail]
2020/07/14 11:28:52:459 DEBUG com.sinosoft.test.base.TestBase:46 - Clicked on: [[InternetExplorerDriver: internet explorer on WINDOWS (ccf7d151-3584-42d0-a3a7-88ba32e95c02)] -> id: ItemPropertyDetail]
2020/07/14 11:28:52:459 DEBUG com.sinosoft.test.base.TestBase:76 - Trying to find Element By : By.id: ItemPropertyDetail
2020/07/14 11:28:52:526 DEBUG com.sinosoft.test.base.TestBase:80 - Found Element By : By.id: ItemPropertyDetail
2020/07/14 11:28:52:527 DEBUG com.sinosoft.test.base.TestBase:76 - Trying to find Element By : By.name: GuItemPropertyDetailItemDetailCode
2020/07/14 11:28:52:574 DEBUG com.sinosoft.test.base.TestBase:80 - Found Element By : By.name: GuItemPropertyDetailItemDetailCode
2020/07/14 11:28:52:574 DEBUG com.sinosoft.test.base.TestBase:76 - Trying to find Element By : By.id: ItemPropertyDetail
2020/07/14 11:28:52:656 DEBUG com.sinosoft.test.base.TestBase:80 - Found Element By : By.id: ItemPropertyDetail
2020/07/14 11:28:52:656 DEBUG com.sinosoft.test.base.TestBase:76 - Trying to find Element By : By.name: GuItemPropertyDetailItemDetailList
2020/07/14 11:28:52:715 DEBUG com.sinosoft.test.base.TestBase:80 - Found Element By : By.name: GuItemPropertyDetailItemDetailList
2020/07/14 11:28:52:745 DEBUG com.sinosoft.test.base.TestBase:42 - CodeSelect:开始设置[[[[InternetExplorerDriver: internet explorer on WINDOWS (ccf7d151-3584-42d0-a3a7-88ba32e95c02)] -> id: ItemPropertyDetail]] -> name: GuItemPropertyDetailItemDetailCode] & Code=010001
2020/07/14 11:28:54:118 DEBUG com.sinosoft.test.base.TestBase:272 - 系统窗口【黄河财险业务系统】with handle -ed1ac4cb-c9bf-4288-9847-761a79ab6069
2020/07/14 11:28:54:782 DEBUG com.sinosoft.test.base.TestBase:272 - 系统窗口【黄河财险业务系统】with handle -ed1ac4cb-c9bf-4288-9847-761a79ab6069
2020/07/14 11:28:55:417 DEBUG com.sinosoft.test.base.TestBase:272 - 系统窗口【Code Select】with handle -8c86bc4d-388c-4124-ade6-6d7b667b6e29
2020/07/14 11:28:55:929 DEBUG com.sinosoft.test.base.TestBase:69 - 初始化class com.sinosoft.test.fccp.common.CodeSelectPage
2020/07/14 11:28:55:929 DEBUG com.sinosoft.test.base.TestBase:39 - 基础码表选择！
2020/07/14 11:28:55:930 DEBUG com.sinosoft.test.base.TestBase:76 - Trying to find Element By : By.name: fieldValue
2020/07/14 11:28:56:209 DEBUG com.sinosoft.test.base.TestBase:80 - Found Element By : By.name: fieldValue
2020/07/14 11:28:56:209  INFO com.sinosoft.test.base.TestBase:360 - setEditboxValue:[[InternetExplorerDriver: internet explorer on WINDOWS (ccf7d151-3584-42d0-a3a7-88ba32e95c02)] -> name: fieldValue]：010001
2020/07/14 11:28:57:358  INFO com.sinosoft.test.base.TestBase:363 - setEditboxValue—End:[[InternetExplorerDriver: internet explorer on WINDOWS (ccf7d151-3584-42d0-a3a7-88ba32e95c02)] -> name: fieldValue]：010001
2020/07/14 11:28:57:359 DEBUG com.sinosoft.test.base.TestBase:76 - Trying to find Element By : By.xpath: //input[@value='查询(Q)']
2020/07/14 11:28:57:652 DEBUG com.sinosoft.test.base.TestBase:80 - Found Element By : By.xpath: //input[@value='查询(Q)']
2020/07/14 11:28:57:652  INFO com.sinosoft.test.base.TestBase:402 - clickButton:[[InternetExplorerDriver: internet explorer on WINDOWS (ccf7d151-3584-42d0-a3a7-88ba32e95c02)] -> xpath: //input[@value='查询(Q)']]
2020/07/14 11:28:57:652 DEBUG com.sinosoft.test.base.TestBase:42 - Trying to click on: [[InternetExplorerDriver: internet explorer on WINDOWS (ccf7d151-3584-42d0-a3a7-88ba32e95c02)] -> xpath: //input[@value='查询(Q)']]
2020/07/14 11:28:59:219 DEBUG com.sinosoft.test.base.TestBase:46 - Clicked on: [[InternetExplorerDriver: internet explorer on WINDOWS (ccf7d151-3584-42d0-a3a7-88ba32e95c02)] -> xpath: //input[@value='查询(Q)']]
2020/07/14 11:28:59:219 DEBUG com.sinosoft.test.base.TestBase:76 - Trying to find Element By : By.name: codeselect
2020/07/14 11:28:59:503 DEBUG com.sinosoft.test.base.TestBase:80 - Found Element By : By.name: codeselect
2020/07/14 11:28:59:504  INFO com.sinosoft.test.base.TestBase:132 - setFuzzySelect:[[InternetExplorerDriver: internet explorer on WINDOWS (ccf7d151-3584-42d0-a3a7-88ba32e95c02)] -> name: codeselect]->010001
2020/07/14 11:29:00:046 DEBUG com.sinosoft.test.base.TestBase:76 - Trying to find Element By : By.tagName: option
2020/07/14 11:29:00:354 DEBUG com.sinosoft.test.base.TestBase:80 - Found Element By : By.tagName: option
2020/07/14 11:29:00:640  INFO com.sinosoft.test.base.TestBase:142 - 找到匹配【010001】的选项：010001--固定资产
2020/07/14 11:29:00:641 DEBUG com.sinosoft.test.base.TestBase:76 - Trying to find Element By : By.xpath: .//option[normalize-space(.) = "010001--固定资产"]
2020/07/14 11:29:00:943 DEBUG com.sinosoft.test.base.TestBase:80 - Found Element By : By.xpath: .//option[normalize-space(.) = "010001--固定资产"]
2020/07/14 11:29:01:234 DEBUG com.sinosoft.test.base.TestBase:42 - Trying to click on: [[[[InternetExplorerDriver: internet explorer on WINDOWS (ccf7d151-3584-42d0-a3a7-88ba32e95c02)] -> name: codeselect]] -> xpath: .//option[normalize-space(.) = "010001--固定资产"]]
2020/07/14 11:29:01:632 DEBUG com.sinosoft.test.base.TestBase:46 - Clicked on: [[[[InternetExplorerDriver: internet explorer on WINDOWS (ccf7d151-3584-42d0-a3a7-88ba32e95c02)] -> name: codeselect]] -> xpath: .//option[normalize-space(.) = "010001--固定资产"]]
2020/07/14 11:29:01:632 DEBUG com.sinosoft.test.base.TestBase:151 - setFuzzySelect 结束！
2020/07/14 11:29:01:632 DEBUG com.sinosoft.test.base.TestBase:76 - Trying to find Element By : By.name: SelectIt
2020/07/14 11:29:01:906 DEBUG com.sinosoft.test.base.TestBase:80 - Found Element By : By.name: SelectIt
2020/07/14 11:29:01:906  INFO com.sinosoft.test.base.TestBase:416 - jsClickButton:[[InternetExplorerDriver: internet explorer on WINDOWS (ccf7d151-3584-42d0-a3a7-88ba32e95c02)] -> name: SelectIt]
2020/07/14 11:29:01:906  INFO com.sinosoft.test.base.TestBase:144 - RunJavaScript:[[InternetExplorerDriver: internet explorer on WINDOWS (ccf7d151-3584-42d0-a3a7-88ba32e95c02)] -> name: SelectIt]	arguments[0].click();
2020/07/14 11:29:02:626 DEBUG com.sinosoft.test.base.TestBase:272 - 系统窗口【黄河财险业务系统】with handle -ed1ac4cb-c9bf-4288-9847-761a79ab6069
2020/07/14 11:29:07:767 DEBUG com.sinosoft.test.base.TestBase:49 - CodeSelect:设置完毕[[[[InternetExplorerDriver: internet explorer on WINDOWS (ccf7d151-3584-42d0-a3a7-88ba32e95c02)] -> id: ItemPropertyDetail]] -> name: GuItemPropertyDetailItemDetailCode] & Code=010001
2020/07/14 11:29:07:768  INFO com.sinosoft.test.base.TestBase:360 - setEditboxValue:[[[[InternetExplorerDriver: internet explorer on WINDOWS (ccf7d151-3584-42d0-a3a7-88ba32e95c02)] -> id: ItemPropertyDetail]] -> name: GuItemPropertyDetailItemDetailList]：碣石公园礁石群
2020/07/14 11:29:08:351  INFO com.sinosoft.test.base.TestBase:363 - setEditboxValue—End:[[[[InternetExplorerDriver: internet explorer on WINDOWS (ccf7d151-3584-42d0-a3a7-88ba32e95c02)] -> id: ItemPropertyDetail]] -> name: GuItemPropertyDetailItemDetailList]：碣石公园礁石群
2020/07/14 11:29:08:351 DEBUG com.sinosoft.test.base.TestBase:76 - Trying to find Element By : By.id: ItemPropertyDetail
2020/07/14 11:29:08:419 DEBUG com.sinosoft.test.base.TestBase:80 - Found Element By : By.id: ItemPropertyDetail
2020/07/14 11:29:08:420 DEBUG com.sinosoft.test.base.TestBase:76 - Trying to find Element By : By.name: GuItemKindKindCode
2020/07/14 11:29:08:460 DEBUG com.sinosoft.test.base.TestBase:80 - Found Element By : By.name: GuItemKindKindCode
2020/07/14 11:29:08:500 DEBUG com.sinosoft.test.base.TestBase:42 - CodeSelect:开始设置[[[[InternetExplorerDriver: internet explorer on WINDOWS (ccf7d151-3584-42d0-a3a7-88ba32e95c02)] -> id: ItemPropertyDetail]] -> name: GuItemKindKindCode] & Code=0101001
2020/07/14 11:29:09:707 DEBUG com.sinosoft.test.base.TestBase:272 - 系统窗口【黄河财险业务系统】with handle -ed1ac4cb-c9bf-4288-9847-761a79ab6069
2020/07/14 11:29:10:367 DEBUG com.sinosoft.test.base.TestBase:272 - 系统窗口【黄河财险业务系统】with handle -ed1ac4cb-c9bf-4288-9847-761a79ab6069
2020/07/14 11:29:10:998 DEBUG com.sinosoft.test.base.TestBase:272 - 系统窗口【Code Select】with handle -36950992-122a-4cae-a19d-174854e5d430
2020/07/14 11:29:11:511 DEBUG com.sinosoft.test.base.TestBase:69 - 初始化class com.sinosoft.test.fccp.common.CodeSelectPage
2020/07/14 11:29:11:511 DEBUG com.sinosoft.test.base.TestBase:39 - 基础码表选择！
2020/07/14 11:29:11:512 DEBUG com.sinosoft.test.base.TestBase:76 - Trying to find Element By : By.name: fieldValue
2020/07/14 11:29:11:782 DEBUG com.sinosoft.test.base.TestBase:80 - Found Element By : By.name: fieldValue
2020/07/14 11:29:11:782  INFO com.sinosoft.test.base.TestBase:360 - setEditboxValue:[[InternetExplorerDriver: internet explorer on WINDOWS (ccf7d151-3584-42d0-a3a7-88ba32e95c02)] -> name: fieldValue]：0101001
2020/07/14 11:29:12:860  INFO com.sinosoft.test.base.TestBase:363 - setEditboxValue—End:[[InternetExplorerDriver: internet explorer on WINDOWS (ccf7d151-3584-42d0-a3a7-88ba32e95c02)] -> name: fieldValue]：0101001
2020/07/14 11:29:12:860 DEBUG com.sinosoft.test.base.TestBase:76 - Trying to find Element By : By.xpath: //input[@value='查询(Q)']
2020/07/14 11:29:13:148 DEBUG com.sinosoft.test.base.TestBase:80 - Found Element By : By.xpath: //input[@value='查询(Q)']
2020/07/14 11:29:13:149  INFO com.sinosoft.test.base.TestBase:402 - clickButton:[[InternetExplorerDriver: internet explorer on WINDOWS (ccf7d151-3584-42d0-a3a7-88ba32e95c02)] -> xpath: //input[@value='查询(Q)']]
2020/07/14 11:29:13:150 DEBUG com.sinosoft.test.base.TestBase:42 - Trying to click on: [[InternetExplorerDriver: internet explorer on WINDOWS (ccf7d151-3584-42d0-a3a7-88ba32e95c02)] -> xpath: //input[@value='查询(Q)']]
2020/07/14 11:29:14:706 DEBUG com.sinosoft.test.base.TestBase:46 - Clicked on: [[InternetExplorerDriver: internet explorer on WINDOWS (ccf7d151-3584-42d0-a3a7-88ba32e95c02)] -> xpath: //input[@value='查询(Q)']]
2020/07/14 11:29:14:707 DEBUG com.sinosoft.test.base.TestBase:76 - Trying to find Element By : By.name: codeselect
2020/07/14 11:29:14:991 DEBUG com.sinosoft.test.base.TestBase:80 - Found Element By : By.name: codeselect
2020/07/14 11:29:14:992  INFO com.sinosoft.test.base.TestBase:132 - setFuzzySelect:[[InternetExplorerDriver: internet explorer on WINDOWS (ccf7d151-3584-42d0-a3a7-88ba32e95c02)] -> name: codeselect]->0101001
2020/07/14 11:29:15:537 DEBUG com.sinosoft.test.base.TestBase:76 - Trying to find Element By : By.tagName: option
2020/07/14 11:29:15:838 DEBUG com.sinosoft.test.base.TestBase:80 - Found Element By : By.tagName: option
2020/07/14 11:29:16:125  INFO com.sinosoft.test.base.TestBase:142 - 找到匹配【0101001】的选项：0101001--财产基本险（2019版）
2020/07/14 11:29:16:126 DEBUG com.sinosoft.test.base.TestBase:76 - Trying to find Element By : By.xpath: .//option[normalize-space(.) = "0101001--财产基本险（2019版）"]
2020/07/14 11:29:16:429 DEBUG com.sinosoft.test.base.TestBase:80 - Found Element By : By.xpath: .//option[normalize-space(.) = "0101001--财产基本险（2019版）"]
2020/07/14 11:29:16:722 DEBUG com.sinosoft.test.base.TestBase:42 - Trying to click on: [[[[InternetExplorerDriver: internet explorer on WINDOWS (ccf7d151-3584-42d0-a3a7-88ba32e95c02)] -> name: codeselect]] -> xpath: .//option[normalize-space(.) = "0101001--财产基本险（2019版）"]]
2020/07/14 11:29:17:103 DEBUG com.sinosoft.test.base.TestBase:46 - Clicked on: [[[[InternetExplorerDriver: internet explorer on WINDOWS (ccf7d151-3584-42d0-a3a7-88ba32e95c02)] -> name: codeselect]] -> xpath: .//option[normalize-space(.) = "0101001--财产基本险（2019版）"]]
2020/07/14 11:29:17:104 DEBUG com.sinosoft.test.base.TestBase:151 - setFuzzySelect 结束！
2020/07/14 11:29:17:104 DEBUG com.sinosoft.test.base.TestBase:76 - Trying to find Element By : By.name: SelectIt
2020/07/14 11:29:17:375 DEBUG com.sinosoft.test.base.TestBase:80 - Found Element By : By.name: SelectIt
2020/07/14 11:29:17:375  INFO com.sinosoft.test.base.TestBase:416 - jsClickButton:[[InternetExplorerDriver: internet explorer on WINDOWS (ccf7d151-3584-42d0-a3a7-88ba32e95c02)] -> name: SelectIt]
2020/07/14 11:29:17:375  INFO com.sinosoft.test.base.TestBase:144 - RunJavaScript:[[InternetExplorerDriver: internet explorer on WINDOWS (ccf7d151-3584-42d0-a3a7-88ba32e95c02)] -> name: SelectIt]	arguments[0].click();
2020/07/14 11:29:18:082 DEBUG com.sinosoft.test.base.TestBase:272 - 系统窗口【黄河财险业务系统】with handle -ed1ac4cb-c9bf-4288-9847-761a79ab6069
2020/07/14 11:29:23:052 DEBUG com.sinosoft.test.base.TestBase:49 - CodeSelect:设置完毕[[[[InternetExplorerDriver: internet explorer on WINDOWS (ccf7d151-3584-42d0-a3a7-88ba32e95c02)] -> id: ItemPropertyDetail]] -> name: GuItemKindKindCode] & Code=0101001
2020/07/14 11:29:23:052 DEBUG com.sinosoft.test.base.TestBase:76 - Trying to find Element By : By.id: ItemPropertyDetail
2020/07/14 11:29:23:097 DEBUG com.sinosoft.test.base.TestBase:80 - Found Element By : By.id: ItemPropertyDetail
2020/07/14 11:29:23:097 DEBUG com.sinosoft.test.base.TestBase:76 - Trying to find Element By : By.name: GuItemKindCalculateInd
2020/07/14 11:29:23:144 DEBUG com.sinosoft.test.base.TestBase:80 - Found Element By : By.name: GuItemKindCalculateInd
2020/07/14 11:29:23:189 DEBUG com.sinosoft.test.base.TestBase:76 - Trying to find Element By : By.id: ItemPropertyDetail
2020/07/14 11:29:23:263 DEBUG com.sinosoft.test.base.TestBase:80 - Found Element By : By.id: ItemPropertyDetail
2020/07/14 11:29:23:263 DEBUG com.sinosoft.test.base.TestBase:76 - Trying to find Element By : By.name: GuItemKindValueType
2020/07/14 11:29:23:320 DEBUG com.sinosoft.test.base.TestBase:80 - Found Element By : By.name: GuItemKindValueType
2020/07/14 11:29:23:321  INFO com.sinosoft.test.base.TestBase:96 - setSelectWithStartText:[[[[InternetExplorerDriver: internet explorer on WINDOWS (ccf7d151-3584-42d0-a3a7-88ba32e95c02)] -> id: ItemPropertyDetail]] -> name: GuItemKindValueType]->10
2020/07/14 11:29:23:373 DEBUG com.sinosoft.test.base.TestBase:76 - Trying to find Element By : By.tagName: option
2020/07/14 11:29:23:563 DEBUG com.sinosoft.test.base.TestBase:80 - Found Element By : By.tagName: option
2020/07/14 11:29:23:710  INFO com.sinosoft.test.base.TestBase:114 - 找到匹配【10】的选项：10-出险时市场价值
2020/07/14 11:29:23:710 DEBUG com.sinosoft.test.base.TestBase:76 - Trying to find Element By : By.xpath: .//option[normalize-space(.) = "10-出险时市场价值"]
2020/07/14 11:29:23:781 DEBUG com.sinosoft.test.base.TestBase:80 - Found Element By : By.xpath: .//option[normalize-space(.) = "10-出险时市场价值"]
2020/07/14 11:29:23:806 DEBUG com.sinosoft.test.base.TestBase:42 - Trying to click on: [[[[[[InternetExplorerDriver: internet explorer on WINDOWS (ccf7d151-3584-42d0-a3a7-88ba32e95c02)] -> id: ItemPropertyDetail]] -> name: GuItemKindValueType]] -> xpath: .//option[normalize-space(.) = "10-出险时市场价值"]]
2020/07/14 11:29:24:038 DEBUG com.sinosoft.test.base.TestBase:46 - Clicked on: [[[[[[InternetExplorerDriver: internet explorer on WINDOWS (ccf7d151-3584-42d0-a3a7-88ba32e95c02)] -> id: ItemPropertyDetail]] -> name: GuItemKindValueType]] -> xpath: .//option[normalize-space(.) = "10-出险时市场价值"]]
2020/07/14 11:29:24:039 DEBUG com.sinosoft.test.base.TestBase:123 - setSelectWithStartText 结束！
2020/07/14 11:29:24:039 DEBUG com.sinosoft.test.base.TestBase:76 - Trying to find Element By : By.id: ItemPropertyDetail
2020/07/14 11:29:24:111 DEBUG com.sinosoft.test.base.TestBase:80 - Found Element By : By.id: ItemPropertyDetail
2020/07/14 11:29:24:111 DEBUG com.sinosoft.test.base.TestBase:76 - Trying to find Element By : By.name: GuItemKindSumInsured
2020/07/14 11:29:24:160 DEBUG com.sinosoft.test.base.TestBase:80 - Found Element By : By.name: GuItemKindSumInsured
2020/07/14 11:29:24:161  INFO com.sinosoft.test.base.TestBase:360 - setEditboxValue:[[[[InternetExplorerDriver: internet explorer on WINDOWS (ccf7d151-3584-42d0-a3a7-88ba32e95c02)] -> id: ItemPropertyDetail]] -> name: GuItemKindSumInsured]：2000000
2020/07/14 11:29:24:917  INFO com.sinosoft.test.base.TestBase:363 - setEditboxValue—End:[[[[InternetExplorerDriver: internet explorer on WINDOWS (ccf7d151-3584-42d0-a3a7-88ba32e95c02)] -> id: ItemPropertyDetail]] -> name: GuItemKindSumInsured]：2000000
2020/07/14 11:29:24:917 DEBUG com.sinosoft.test.base.TestBase:76 - Trying to find Element By : By.xpath: //table[@id='ItemPropertyDetailKind']/tbody/tr/td/input[@name='GuItemKindRate']
2020/07/14 11:29:24:978 DEBUG com.sinosoft.test.base.TestBase:80 - Found Element By : By.xpath: //table[@id='ItemPropertyDetailKind']/tbody/tr/td/input[@name='GuItemKindRate']
2020/07/14 11:29:24:979  INFO com.sinosoft.test.base.TestBase:388 - setEditboxTValue:[[InternetExplorerDriver: internet explorer on WINDOWS (ccf7d151-3584-42d0-a3a7-88ba32e95c02)] -> xpath: //table[@id='ItemPropertyDetailKind']/tbody/tr/td/input[@name='GuItemKindRate']]->0.5
2020/07/14 11:29:24:980 DEBUG com.sinosoft.test.base.TestBase:76 - Trying to find Element By : By.xpath: //table[@id='ItemPropertyDetailKind']/tbody/tr/td/input[@name='GuItemKindRate']
2020/07/14 11:29:25:037 DEBUG com.sinosoft.test.base.TestBase:80 - Found Element By : By.xpath: //table[@id='ItemPropertyDetailKind']/tbody/tr/td/input[@name='GuItemKindRate']
2020/07/14 11:29:25:377 DEBUG com.sinosoft.test.base.TestBase:76 - Trying to find Element By : By.xpath: //table[@id='ItemPropertyDetailKind']/tbody/tr/td/input[@name='GuItemKindRate']
2020/07/14 11:29:25:434 DEBUG com.sinosoft.test.base.TestBase:80 - Found Element By : By.xpath: //table[@id='ItemPropertyDetailKind']/tbody/tr/td/input[@name='GuItemKindRate']
2020/07/14 11:29:30:942 DEBUG com.sinosoft.test.base.TestBase:76 - Trying to find Element By : By.xpath: //table[@id='ItemPropertyDetailKind']/tbody/tr/td/input[@name='GuItemKindShortRateFlag']
2020/07/14 11:29:31:002 DEBUG com.sinosoft.test.base.TestBase:80 - Found Element By : By.xpath: //table[@id='ItemPropertyDetailKind']/tbody/tr/td/input[@name='GuItemKindShortRateFlag']
2020/07/14 11:29:31:030 DEBUG com.sinosoft.test.base.TestBase:76 - Trying to find Element By : By.xpath: //table[@id='ItemPropertyDetailKind']/tbody/tr/td/input[@name='GuItemKindShortRateFlag']
2020/07/14 11:29:31:097 DEBUG com.sinosoft.test.base.TestBase:80 - Found Element By : By.xpath: //table[@id='ItemPropertyDetailKind']/tbody/tr/td/input[@name='GuItemKindShortRateFlag']
2020/07/14 11:29:31:098 DEBUG com.sinosoft.test.base.TestBase:42 - CodeSelect:开始设置[[InternetExplorerDriver: internet explorer on WINDOWS (ccf7d151-3584-42d0-a3a7-88ba32e95c02)] -> xpath: //table[@id='ItemPropertyDetailKind']/tbody/tr/td/input[@name='GuItemKindShortRateFlag']] & Code=2
2020/07/14 11:29:31:098 DEBUG com.sinosoft.test.base.TestBase:76 - Trying to find Element By : By.xpath: //table[@id='ItemPropertyDetailKind']/tbody/tr/td/input[@name='GuItemKindShortRateFlag']
2020/07/14 11:29:31:155 DEBUG com.sinosoft.test.base.TestBase:80 - Found Element By : By.xpath: //table[@id='ItemPropertyDetailKind']/tbody/tr/td/input[@name='GuItemKindShortRateFlag']
2020/07/14 11:29:32:374 DEBUG com.sinosoft.test.base.TestBase:272 - 系统窗口【黄河财险业务系统】with handle -ed1ac4cb-c9bf-4288-9847-761a79ab6069
2020/07/14 11:29:33:202 DEBUG com.sinosoft.test.base.TestBase:272 - 系统窗口【黄河财险业务系统】with handle -ed1ac4cb-c9bf-4288-9847-761a79ab6069
2020/07/14 11:29:33:834 DEBUG com.sinosoft.test.base.TestBase:272 - 系统窗口【Code Select】with handle -8b47934f-c11f-4967-aca5-aa310e08e898
2020/07/14 11:29:34:345 DEBUG com.sinosoft.test.base.TestBase:69 - 初始化class com.sinosoft.test.fccp.common.CodeSelectPage
2020/07/14 11:29:34:346 DEBUG com.sinosoft.test.base.TestBase:39 - 基础码表选择！
2020/07/14 11:29:34:346 DEBUG com.sinosoft.test.base.TestBase:76 - Trying to find Element By : By.name: fieldValue
2020/07/14 11:29:34:613 DEBUG com.sinosoft.test.base.TestBase:80 - Found Element By : By.name: fieldValue
2020/07/14 11:29:34:615  INFO com.sinosoft.test.base.TestBase:360 - setEditboxValue:[[InternetExplorerDriver: internet explorer on WINDOWS (ccf7d151-3584-42d0-a3a7-88ba32e95c02)] -> name: fieldValue]：2
2020/07/14 11:29:35:685  INFO com.sinosoft.test.base.TestBase:363 - setEditboxValue—End:[[InternetExplorerDriver: internet explorer on WINDOWS (ccf7d151-3584-42d0-a3a7-88ba32e95c02)] -> name: fieldValue]：2
2020/07/14 11:29:35:685 DEBUG com.sinosoft.test.base.TestBase:76 - Trying to find Element By : By.xpath: //input[@value='查询(Q)']
2020/07/14 11:29:35:963 DEBUG com.sinosoft.test.base.TestBase:80 - Found Element By : By.xpath: //input[@value='查询(Q)']
2020/07/14 11:29:35:963  INFO com.sinosoft.test.base.TestBase:402 - clickButton:[[InternetExplorerDriver: internet explorer on WINDOWS (ccf7d151-3584-42d0-a3a7-88ba32e95c02)] -> xpath: //input[@value='查询(Q)']]
2020/07/14 11:29:35:963 DEBUG com.sinosoft.test.base.TestBase:42 - Trying to click on: [[InternetExplorerDriver: internet explorer on WINDOWS (ccf7d151-3584-42d0-a3a7-88ba32e95c02)] -> xpath: //input[@value='查询(Q)']]
2020/07/14 11:29:37:537 DEBUG com.sinosoft.test.base.TestBase:46 - Clicked on: [[InternetExplorerDriver: internet explorer on WINDOWS (ccf7d151-3584-42d0-a3a7-88ba32e95c02)] -> xpath: //input[@value='查询(Q)']]
2020/07/14 11:29:37:538 DEBUG com.sinosoft.test.base.TestBase:76 - Trying to find Element By : By.name: codeselect
2020/07/14 11:29:37:820 DEBUG com.sinosoft.test.base.TestBase:80 - Found Element By : By.name: codeselect
2020/07/14 11:29:37:821  INFO com.sinosoft.test.base.TestBase:132 - setFuzzySelect:[[InternetExplorerDriver: internet explorer on WINDOWS (ccf7d151-3584-42d0-a3a7-88ba32e95c02)] -> name: codeselect]->2
2020/07/14 11:29:38:357 DEBUG com.sinosoft.test.base.TestBase:76 - Trying to find Element By : By.tagName: option
2020/07/14 11:29:38:653 DEBUG com.sinosoft.test.base.TestBase:80 - Found Element By : By.tagName: option
2020/07/14 11:29:38:941  INFO com.sinosoft.test.base.TestBase:142 - 找到匹配【2】的选项：2--月比例
2020/07/14 11:29:38:942 DEBUG com.sinosoft.test.base.TestBase:76 - Trying to find Element By : By.xpath: .//option[normalize-space(.) = "2--月比例"]
2020/07/14 11:29:39:242 DEBUG com.sinosoft.test.base.TestBase:80 - Found Element By : By.xpath: .//option[normalize-space(.) = "2--月比例"]
2020/07/14 11:29:39:537 DEBUG com.sinosoft.test.base.TestBase:42 - Trying to click on: [[[[InternetExplorerDriver: internet explorer on WINDOWS (ccf7d151-3584-42d0-a3a7-88ba32e95c02)] -> name: codeselect]] -> xpath: .//option[normalize-space(.) = "2--月比例"]]
2020/07/14 11:29:39:933 DEBUG com.sinosoft.test.base.TestBase:46 - Clicked on: [[[[InternetExplorerDriver: internet explorer on WINDOWS (ccf7d151-3584-42d0-a3a7-88ba32e95c02)] -> name: codeselect]] -> xpath: .//option[normalize-space(.) = "2--月比例"]]
2020/07/14 11:29:39:933 DEBUG com.sinosoft.test.base.TestBase:151 - setFuzzySelect 结束！
2020/07/14 11:29:39:933 DEBUG com.sinosoft.test.base.TestBase:76 - Trying to find Element By : By.name: SelectIt
2020/07/14 11:29:40:211 DEBUG com.sinosoft.test.base.TestBase:80 - Found Element By : By.name: SelectIt
2020/07/14 11:29:40:214  INFO com.sinosoft.test.base.TestBase:416 - jsClickButton:[[InternetExplorerDriver: internet explorer on WINDOWS (ccf7d151-3584-42d0-a3a7-88ba32e95c02)] -> name: SelectIt]
2020/07/14 11:29:40:214  INFO com.sinosoft.test.base.TestBase:144 - RunJavaScript:[[InternetExplorerDriver: internet explorer on WINDOWS (ccf7d151-3584-42d0-a3a7-88ba32e95c02)] -> name: SelectIt]	arguments[0].click();
2020/07/14 11:29:40:955 DEBUG com.sinosoft.test.base.TestBase:272 - 系统窗口【黄河财险业务系统】with handle -ed1ac4cb-c9bf-4288-9847-761a79ab6069
2020/07/14 11:29:45:852 DEBUG com.sinosoft.test.base.TestBase:76 - Trying to find Element By : By.xpath: //table[@id='ItemPropertyDetailKind']/tbody/tr/td/input[@name='GuItemKindShortRateFlag']
2020/07/14 11:29:45:897 DEBUG com.sinosoft.test.base.TestBase:80 - Found Element By : By.xpath: //table[@id='ItemPropertyDetailKind']/tbody/tr/td/input[@name='GuItemKindShortRateFlag']
2020/07/14 11:29:45:897 DEBUG com.sinosoft.test.base.TestBase:49 - CodeSelect:设置完毕[[InternetExplorerDriver: internet explorer on WINDOWS (ccf7d151-3584-42d0-a3a7-88ba32e95c02)] -> xpath: //table[@id='ItemPropertyDetailKind']/tbody/tr/td/input[@name='GuItemKindShortRateFlag']] & Code=2
2020/07/14 11:29:45:897 DEBUG com.sinosoft.test.base.TestBase:76 - Trying to find Element By : By.xpath: //table[@id='ItemPropertyDetailKind']/tbody/tr/td/input[@name='GuItemKindGrossPremium']
2020/07/14 11:29:45:943 DEBUG com.sinosoft.test.base.TestBase:80 - Found Element By : By.xpath: //table[@id='ItemPropertyDetailKind']/tbody/tr/td/input[@name='GuItemKindGrossPremium']
2020/07/14 11:29:45:945  INFO com.sinosoft.test.base.TestBase:388 - setEditboxTValue:[[InternetExplorerDriver: internet explorer on WINDOWS (ccf7d151-3584-42d0-a3a7-88ba32e95c02)] -> xpath: //table[@id='ItemPropertyDetailKind']/tbody/tr/td/input[@name='GuItemKindGrossPremium']]->400
2020/07/14 11:29:45:946 DEBUG com.sinosoft.test.base.TestBase:76 - Trying to find Element By : By.xpath: //table[@id='ItemPropertyDetailKind']/tbody/tr/td/input[@name='GuItemKindGrossPremium']
2020/07/14 11:29:45:969 DEBUG com.sinosoft.test.base.TestBase:80 - Found Element By : By.xpath: //table[@id='ItemPropertyDetailKind']/tbody/tr/td/input[@name='GuItemKindGrossPremium']
2020/07/14 11:29:46:403 DEBUG com.sinosoft.test.base.TestBase:76 - Trying to find Element By : By.xpath: //table[@id='ItemPropertyDetailKind']/tbody/tr/td/input[@name='GuItemKindGrossPremium']
2020/07/14 11:29:46:452 DEBUG com.sinosoft.test.base.TestBase:80 - Found Element By : By.xpath: //table[@id='ItemPropertyDetailKind']/tbody/tr/td/input[@name='GuItemKindGrossPremium']
2020/07/14 11:29:51:873 DEBUG com.sinosoft.test.base.TestBase:234 - 开始录入营业中断险！
2020/07/14 11:29:51:873 DEBUG com.sinosoft.test.base.TestBase:76 - Trying to find Element By : By.id: ItemPropertyItem1105
2020/07/14 11:29:51:956 DEBUG com.sinosoft.test.base.TestBase:80 - Found Element By : By.id: ItemPropertyItem1105
2020/07/14 11:29:51:956  INFO com.sinosoft.test.base.TestBase:406 - clickElement:[[InternetExplorerDriver: internet explorer on WINDOWS (ccf7d151-3584-42d0-a3a7-88ba32e95c02)] -> id: ItemPropertyItem1105]
2020/07/14 11:29:51:956 DEBUG com.sinosoft.test.base.TestBase:76 - Trying to find Element By : By.id: ItemPropertyItem1105
2020/07/14 11:29:52:038 DEBUG com.sinosoft.test.base.TestBase:80 - Found Element By : By.id: ItemPropertyItem1105
2020/07/14 11:29:52:040 DEBUG com.sinosoft.test.base.TestBase:42 - Trying to click on: [[InternetExplorerDriver: internet explorer on WINDOWS (ccf7d151-3584-42d0-a3a7-88ba32e95c02)] -> id: ItemPropertyItem1105]
2020/07/14 11:29:53:303 DEBUG com.sinosoft.test.base.TestBase:46 - Clicked on: [[InternetExplorerDriver: internet explorer on WINDOWS (ccf7d151-3584-42d0-a3a7-88ba32e95c02)] -> id: ItemPropertyItem1105]
2020/07/14 11:29:53:303 DEBUG com.sinosoft.test.base.TestBase:76 - Trying to find Element By : By.name: GuItemDynamic0105FieldBG
2020/07/14 11:29:53:362 DEBUG com.sinosoft.test.base.TestBase:80 - Found Element By : By.name: GuItemDynamic0105FieldBG
2020/07/14 11:29:53:363  INFO com.sinosoft.test.base.TestBase:360 - setEditboxValue:[[InternetExplorerDriver: internet explorer on WINDOWS (ccf7d151-3584-42d0-a3a7-88ba32e95c02)] -> name: GuItemDynamic0105FieldBG]：24
2020/07/14 11:29:53:363 DEBUG com.sinosoft.test.base.TestBase:76 - Trying to find Element By : By.name: GuItemDynamic0105FieldBG
2020/07/14 11:29:53:421 DEBUG com.sinosoft.test.base.TestBase:80 - Found Element By : By.name: GuItemDynamic0105FieldBG
2020/07/14 11:29:53:679 DEBUG com.sinosoft.test.base.TestBase:76 - Trying to find Element By : By.name: GuItemDynamic0105FieldBG
2020/07/14 11:29:53:760 DEBUG com.sinosoft.test.base.TestBase:80 - Found Element By : By.name: GuItemDynamic0105FieldBG
2020/07/14 11:29:54:148 DEBUG com.sinosoft.test.base.TestBase:76 - Trying to find Element By : By.name: GuItemDynamic0105FieldBG
2020/07/14 11:29:54:208 DEBUG com.sinosoft.test.base.TestBase:80 - Found Element By : By.name: GuItemDynamic0105FieldBG
2020/07/14 11:29:54:209  INFO com.sinosoft.test.base.TestBase:363 - setEditboxValue—End:[[InternetExplorerDriver: internet explorer on WINDOWS (ccf7d151-3584-42d0-a3a7-88ba32e95c02)] -> name: GuItemDynamic0105FieldBG]：24
2020/07/14 11:29:54:209 DEBUG com.sinosoft.test.base.TestBase:76 - Trying to find Element By : By.name: GuItemDynamic0105FieldBF
2020/07/14 11:29:54:269 DEBUG com.sinosoft.test.base.TestBase:80 - Found Element By : By.name: GuItemDynamic0105FieldBF
2020/07/14 11:29:54:302 DEBUG com.sinosoft.test.base.TestBase:76 - Trying to find Element By : By.name: GuItemDynamic0105FieldBF
2020/07/14 11:29:54:375 DEBUG com.sinosoft.test.base.TestBase:80 - Found Element By : By.name: GuItemDynamic0105FieldBF
2020/07/14 11:29:54:375 DEBUG com.sinosoft.test.base.TestBase:63 - SetCodeEditBox:开始设置:[[InternetExplorerDriver: internet explorer on WINDOWS (ccf7d151-3584-42d0-a3a7-88ba32e95c02)] -> name: GuItemDynamic0105FieldBF] & Code=6000000
2020/07/14 11:29:54:375 DEBUG com.sinosoft.test.base.TestBase:76 - Trying to find Element By : By.name: GuItemDynamic0105FieldBF
2020/07/14 11:29:54:435 DEBUG com.sinosoft.test.base.TestBase:80 - Found Element By : By.name: GuItemDynamic0105FieldBF
2020/07/14 11:29:54:725 DEBUG com.sinosoft.test.base.TestBase:76 - Trying to find Element By : By.name: GuItemDynamic0105FieldBF
2020/07/14 11:29:54:829 DEBUG com.sinosoft.test.base.TestBase:80 - Found Element By : By.name: GuItemDynamic0105FieldBF
2020/07/14 11:29:55:513 DEBUG com.sinosoft.test.base.TestBase:76 - Trying to find Element By : By.name: GuItemDynamic0105FieldBF
2020/07/14 11:29:55:563 DEBUG com.sinosoft.test.base.TestBase:80 - Found Element By : By.name: GuItemDynamic0105FieldBF
2020/07/14 11:29:55:563 DEBUG com.sinosoft.test.base.TestBase:76 - Trying to find Element By : By.xpath: ../input[last()]
2020/07/14 11:29:55:626 DEBUG com.sinosoft.test.base.TestBase:80 - Found Element By : By.xpath: ../input[last()]
2020/07/14 11:29:55:756  INFO com.sinosoft.test.base.TestBase:71 - SetCodeEditBox:找到了Code对应的文本显示框并点击触发显示:GuItemDynamic0105FieldBF
2020/07/14 11:29:55:756 DEBUG com.sinosoft.test.base.TestBase:42 - Trying to click on: [[[[InternetExplorerDriver: internet explorer on WINDOWS (ccf7d151-3584-42d0-a3a7-88ba32e95c02)] -> name: GuItemDynamic0105FieldBF]] -> xpath: ../input[last()]]
2020/07/14 11:29:56:838 DEBUG com.sinosoft.test.base.TestBase:46 - Clicked on: [[[[InternetExplorerDriver: internet explorer on WINDOWS (ccf7d151-3584-42d0-a3a7-88ba32e95c02)] -> name: GuItemDynamic0105FieldBF]] -> xpath: ../input[last()]]
2020/07/14 11:29:57:039 DEBUG com.sinosoft.test.base.TestBase:76 - Trying to find Element By : By.name: GuItemDynamic0105FieldBF
2020/07/14 11:29:57:099 DEBUG com.sinosoft.test.base.TestBase:80 - Found Element By : By.name: GuItemDynamic0105FieldBF
2020/07/14 11:29:57:099 DEBUG com.sinosoft.test.base.TestBase:87 - SetCodeEditBox:设置完毕[[InternetExplorerDriver: internet explorer on WINDOWS (ccf7d151-3584-42d0-a3a7-88ba32e95c02)] -> name: GuItemDynamic0105FieldBF],设置值 Code=6000000
2020/07/14 11:29:57:099 DEBUG com.sinosoft.test.base.TestBase:76 - Trying to find Element By : By.name: GuItemDynamic0105FieldBE
2020/07/14 11:29:57:184 DEBUG com.sinosoft.test.base.TestBase:80 - Found Element By : By.name: GuItemDynamic0105FieldBE
2020/07/14 11:29:57:211 DEBUG com.sinosoft.test.base.TestBase:76 - Trying to find Element By : By.name: GuItemDynamic0105FieldBE
2020/07/14 11:29:57:325 DEBUG com.sinosoft.test.base.TestBase:80 - Found Element By : By.name: GuItemDynamic0105FieldBE
2020/07/14 11:29:57:326 DEBUG com.sinosoft.test.base.TestBase:63 - SetCodeEditBox:开始设置:[[InternetExplorerDriver: internet explorer on WINDOWS (ccf7d151-3584-42d0-a3a7-88ba32e95c02)] -> name: GuItemDynamic0105FieldBE] & Code=20000000
2020/07/14 11:29:57:326 DEBUG com.sinosoft.test.base.TestBase:76 - Trying to find Element By : By.name: GuItemDynamic0105FieldBE
2020/07/14 11:29:57:385 DEBUG com.sinosoft.test.base.TestBase:80 - Found Element By : By.name: GuItemDynamic0105FieldBE
2020/07/14 11:29:57:641 DEBUG com.sinosoft.test.base.TestBase:76 - Trying to find Element By : By.name: GuItemDynamic0105FieldBE
2020/07/14 11:29:57:699 DEBUG com.sinosoft.test.base.TestBase:80 - Found Element By : By.name: GuItemDynamic0105FieldBE
2020/07/14 11:29:58:299 DEBUG com.sinosoft.test.base.TestBase:76 - Trying to find Element By : By.name: GuItemDynamic0105FieldBE
2020/07/14 11:29:58:384 DEBUG com.sinosoft.test.base.TestBase:80 - Found Element By : By.name: GuItemDynamic0105FieldBE
2020/07/14 11:29:58:385 DEBUG com.sinosoft.test.base.TestBase:76 - Trying to find Element By : By.xpath: ../input[last()]
2020/07/14 11:29:58:456 DEBUG com.sinosoft.test.base.TestBase:80 - Found Element By : By.xpath: ../input[last()]
2020/07/14 11:29:58:597  INFO com.sinosoft.test.base.TestBase:71 - SetCodeEditBox:找到了Code对应的文本显示框并点击触发显示:GuItemDynamic0105FieldBE
2020/07/14 11:29:58:598 DEBUG com.sinosoft.test.base.TestBase:42 - Trying to click on: [[[[InternetExplorerDriver: internet explorer on WINDOWS (ccf7d151-3584-42d0-a3a7-88ba32e95c02)] -> name: GuItemDynamic0105FieldBE]] -> xpath: ../input[last()]]
2020/07/14 11:29:59:680 DEBUG com.sinosoft.test.base.TestBase:46 - Clicked on: [[[[InternetExplorerDriver: internet explorer on WINDOWS (ccf7d151-3584-42d0-a3a7-88ba32e95c02)] -> name: GuItemDynamic0105FieldBE]] -> xpath: ../input[last()]]
2020/07/14 11:29:59:882 DEBUG com.sinosoft.test.base.TestBase:76 - Trying to find Element By : By.name: GuItemDynamic0105FieldBE
2020/07/14 11:29:59:951 DEBUG com.sinosoft.test.base.TestBase:80 - Found Element By : By.name: GuItemDynamic0105FieldBE
2020/07/14 11:29:59:952 DEBUG com.sinosoft.test.base.TestBase:87 - SetCodeEditBox:设置完毕[[InternetExplorerDriver: internet explorer on WINDOWS (ccf7d151-3584-42d0-a3a7-88ba32e95c02)] -> name: GuItemDynamic0105FieldBE],设置值 Code=20000000
2020/07/14 11:29:59:952 DEBUG com.sinosoft.test.base.TestBase:76 - Trying to find Element By : By.id: ItemPropertyDetail0105
2020/07/14 11:30:00:035 DEBUG com.sinosoft.test.base.TestBase:80 - Found Element By : By.id: ItemPropertyDetail0105
2020/07/14 11:30:00:035 DEBUG com.sinosoft.test.base.TestBase:76 - Trying to find Element By : By.name: GuItemPropertyDetail0105ItemDetailCode
2020/07/14 11:30:00:092 DEBUG com.sinosoft.test.base.TestBase:80 - Found Element By : By.name: GuItemPropertyDetail0105ItemDetailCode
2020/07/14 11:30:00:092 DEBUG com.sinosoft.test.base.TestBase:76 - Trying to find Element By : By.id: ItemPropertyDetail0105
2020/07/14 11:30:00:146 DEBUG com.sinosoft.test.base.TestBase:80 - Found Element By : By.id: ItemPropertyDetail0105
2020/07/14 11:30:00:146 DEBUG com.sinosoft.test.base.TestBase:76 - Trying to find Element By : By.name: GuItemPropertyDetail0105ItemDetailList
2020/07/14 11:30:00:185 DEBUG com.sinosoft.test.base.TestBase:80 - Found Element By : By.name: GuItemPropertyDetail0105ItemDetailList
2020/07/14 11:30:00:220 DEBUG com.sinosoft.test.base.TestBase:42 - CodeSelect:开始设置[[[[InternetExplorerDriver: internet explorer on WINDOWS (ccf7d151-3584-42d0-a3a7-88ba32e95c02)] -> id: ItemPropertyDetail0105]] -> name: GuItemPropertyDetail0105ItemDetailCode] & Code=010056
2020/07/14 11:30:01:414 DEBUG com.sinosoft.test.base.TestBase:272 - 系统窗口【黄河财险业务系统】with handle -ed1ac4cb-c9bf-4288-9847-761a79ab6069
2020/07/14 11:30:02:074 DEBUG com.sinosoft.test.base.TestBase:272 - 系统窗口【黄河财险业务系统】with handle -ed1ac4cb-c9bf-4288-9847-761a79ab6069
2020/07/14 11:30:02:700 DEBUG com.sinosoft.test.base.TestBase:272 - 系统窗口【Code Select】with handle -fe508a1b-b4be-43e8-8084-18d123f30fc3
2020/07/14 11:30:03:213 DEBUG com.sinosoft.test.base.TestBase:69 - 初始化class com.sinosoft.test.fccp.common.CodeSelectPage
2020/07/14 11:30:03:213 DEBUG com.sinosoft.test.base.TestBase:39 - 基础码表选择！
2020/07/14 11:30:03:213 DEBUG com.sinosoft.test.base.TestBase:76 - Trying to find Element By : By.name: fieldValue
2020/07/14 11:30:03:490 DEBUG com.sinosoft.test.base.TestBase:80 - Found Element By : By.name: fieldValue
2020/07/14 11:30:03:490  INFO com.sinosoft.test.base.TestBase:360 - setEditboxValue:[[InternetExplorerDriver: internet explorer on WINDOWS (ccf7d151-3584-42d0-a3a7-88ba32e95c02)] -> name: fieldValue]：010056
2020/07/14 11:30:04:612  INFO com.sinosoft.test.base.TestBase:363 - setEditboxValue—End:[[InternetExplorerDriver: internet explorer on WINDOWS (ccf7d151-3584-42d0-a3a7-88ba32e95c02)] -> name: fieldValue]：010056
2020/07/14 11:30:04:613 DEBUG com.sinosoft.test.base.TestBase:76 - Trying to find Element By : By.xpath: //input[@value='查询(Q)']
2020/07/14 11:30:04:898 DEBUG com.sinosoft.test.base.TestBase:80 - Found Element By : By.xpath: //input[@value='查询(Q)']
2020/07/14 11:30:04:899  INFO com.sinosoft.test.base.TestBase:402 - clickButton:[[InternetExplorerDriver: internet explorer on WINDOWS (ccf7d151-3584-42d0-a3a7-88ba32e95c02)] -> xpath: //input[@value='查询(Q)']]
2020/07/14 11:30:04:899 DEBUG com.sinosoft.test.base.TestBase:42 - Trying to click on: [[InternetExplorerDriver: internet explorer on WINDOWS (ccf7d151-3584-42d0-a3a7-88ba32e95c02)] -> xpath: //input[@value='查询(Q)']]
2020/07/14 11:30:06:463 DEBUG com.sinosoft.test.base.TestBase:46 - Clicked on: [[InternetExplorerDriver: internet explorer on WINDOWS (ccf7d151-3584-42d0-a3a7-88ba32e95c02)] -> xpath: //input[@value='查询(Q)']]
2020/07/14 11:30:06:464 DEBUG com.sinosoft.test.base.TestBase:76 - Trying to find Element By : By.name: codeselect
2020/07/14 11:30:06:751 DEBUG com.sinosoft.test.base.TestBase:80 - Found Element By : By.name: codeselect
2020/07/14 11:30:06:752  INFO com.sinosoft.test.base.TestBase:132 - setFuzzySelect:[[InternetExplorerDriver: internet explorer on WINDOWS (ccf7d151-3584-42d0-a3a7-88ba32e95c02)] -> name: codeselect]->010056
2020/07/14 11:30:07:297 DEBUG com.sinosoft.test.base.TestBase:76 - Trying to find Element By : By.tagName: option
2020/07/14 11:30:07:591 DEBUG com.sinosoft.test.base.TestBase:80 - Found Element By : By.tagName: option
2020/07/14 11:30:07:882  INFO com.sinosoft.test.base.TestBase:142 - 找到匹配【010056】的选项：010056--营业利润
2020/07/14 11:30:07:882 DEBUG com.sinosoft.test.base.TestBase:76 - Trying to find Element By : By.xpath: .//option[normalize-space(.) = "010056--营业利润"]
2020/07/14 11:30:08:184 DEBUG com.sinosoft.test.base.TestBase:80 - Found Element By : By.xpath: .//option[normalize-space(.) = "010056--营业利润"]
2020/07/14 11:30:08:478 DEBUG com.sinosoft.test.base.TestBase:42 - Trying to click on: [[[[InternetExplorerDriver: internet explorer on WINDOWS (ccf7d151-3584-42d0-a3a7-88ba32e95c02)] -> name: codeselect]] -> xpath: .//option[normalize-space(.) = "010056--营业利润"]]
2020/07/14 11:30:08:863 DEBUG com.sinosoft.test.base.TestBase:46 - Clicked on: [[[[InternetExplorerDriver: internet explorer on WINDOWS (ccf7d151-3584-42d0-a3a7-88ba32e95c02)] -> name: codeselect]] -> xpath: .//option[normalize-space(.) = "010056--营业利润"]]
2020/07/14 11:30:08:863 DEBUG com.sinosoft.test.base.TestBase:151 - setFuzzySelect 结束！
2020/07/14 11:30:08:863 DEBUG com.sinosoft.test.base.TestBase:76 - Trying to find Element By : By.name: SelectIt
2020/07/14 11:30:09:131 DEBUG com.sinosoft.test.base.TestBase:80 - Found Element By : By.name: SelectIt
2020/07/14 11:30:09:132  INFO com.sinosoft.test.base.TestBase:416 - jsClickButton:[[InternetExplorerDriver: internet explorer on WINDOWS (ccf7d151-3584-42d0-a3a7-88ba32e95c02)] -> name: SelectIt]
2020/07/14 11:30:09:132  INFO com.sinosoft.test.base.TestBase:144 - RunJavaScript:[[InternetExplorerDriver: internet explorer on WINDOWS (ccf7d151-3584-42d0-a3a7-88ba32e95c02)] -> name: SelectIt]	arguments[0].click();
2020/07/14 11:30:09:850 DEBUG com.sinosoft.test.base.TestBase:272 - 系统窗口【黄河财险业务系统】with handle -ed1ac4cb-c9bf-4288-9847-761a79ab6069
2020/07/14 11:30:14:847 DEBUG com.sinosoft.test.base.TestBase:49 - CodeSelect:设置完毕[[[[InternetExplorerDriver: internet explorer on WINDOWS (ccf7d151-3584-42d0-a3a7-88ba32e95c02)] -> id: ItemPropertyDetail0105]] -> name: GuItemPropertyDetail0105ItemDetailCode] & Code=010056
2020/07/14 11:30:14:847 DEBUG com.sinosoft.test.base.TestBase:76 - Trying to find Element By : By.id: ItemPropertyDetailKind0105
2020/07/14 11:30:14:894 DEBUG com.sinosoft.test.base.TestBase:80 - Found Element By : By.id: ItemPropertyDetailKind0105
2020/07/14 11:30:14:894  INFO com.sinosoft.test.base.TestBase:406 - clickElement:[[InternetExplorerDriver: internet explorer on WINDOWS (ccf7d151-3584-42d0-a3a7-88ba32e95c02)] -> id: ItemPropertyDetailKind0105]
2020/07/14 11:30:14:895 DEBUG com.sinosoft.test.base.TestBase:76 - Trying to find Element By : By.id: ItemPropertyDetailKind0105
2020/07/14 11:30:14:954 DEBUG com.sinosoft.test.base.TestBase:80 - Found Element By : By.id: ItemPropertyDetailKind0105
2020/07/14 11:30:14:955 DEBUG com.sinosoft.test.base.TestBase:42 - Trying to click on: [[InternetExplorerDriver: internet explorer on WINDOWS (ccf7d151-3584-42d0-a3a7-88ba32e95c02)] -> id: ItemPropertyDetailKind0105]
2020/07/14 11:30:15:547 DEBUG com.sinosoft.test.base.TestBase:66 - 系统自动捕获异常：Exception occured: org.openqa.selenium.ElementNotInteractableException: Cannot click on element
Build info: version: '3.9.0', revision: '698b3178f0', time: '2018-02-05T14:26:55.441Z'
System info: host: 'DESKTOP-I9S3ABE', ip: '100.100.96.220', os.name: 'Windows 10', os.arch: 'amd64', os.version: '10.0', java.version: '1.8.0_101'
Driver info: org.openqa.selenium.ie.InternetExplorerDriver
Capabilities {acceptInsecureCerts: false, browserName: internet explorer, browserVersion: 11, javascriptEnabled: true, pageLoadStrategy: normal, platform: WINDOWS, platformName: WINDOWS, proxy: Proxy(), se:ieOptions: {browserAttachTimeout: 0, elementScrollBehavior: 0, enablePersistentHover: true, ie.browserCommandLineSwitches: , ie.ensureCleanSession: false, ie.fileUploadDialogTimeout: 3000, ie.forceCreateProcessApi: false, ignoreProtectedModeSettings: true, ignoreZoomSetting: false, initialBrowserUrl: http://localhost:12515/, nativeEvents: true, requireWindowFocus: false}, setWindowRect: true, timeouts: {implicit: 0, pageLoad: 300000, script: 30000}, unhandledPromptBehavior: ignore}
Session ID: ccf7d151-3584-42d0-a3a7-88ba32e95c02
2020/07/14 11:30:15:548  INFO com.sinosoft.test.base.TestBase:68 - 异常的message 是：Cannot click on element
Build info: version: '3.9.0', revision: '698b3178f0', time: '2018-02-05T14:26:55.441Z'
System info: host: 'DESKTOP-I9S3ABE', ip: '100.100.96.220', os.name: 'Windows 10', os.arch: 'amd64', os.version: '10.0', java.version: '1.8.0_101'
Driver info: org.openqa.selenium.ie.InternetExplorerDriver
Capabilities {acceptInsecureCerts: false, browserName: internet explorer, browserVersion: 11, javascriptEnabled: true, pageLoadStrategy: normal, platform: WINDOWS, platformName: WINDOWS, proxy: Proxy(), se:ieOptions: {browserAttachTimeout: 0, elementScrollBehavior: 0, enablePersistentHover: true, ie.browserCommandLineSwitches: , ie.ensureCleanSession: false, ie.fileUploadDialogTimeout: 3000, ie.forceCreateProcessApi: false, ignoreProtectedModeSettings: true, ignoreZoomSetting: false, initialBrowserUrl: http://localhost:12515/, nativeEvents: true, requireWindowFocus: false}, setWindowRect: true, timeouts: {implicit: 0, pageLoad: 300000, script: 30000}, unhandledPromptBehavior: ignore}
Session ID: ccf7d151-3584-42d0-a3a7-88ba32e95c02
2020/07/14 11:30:15:553  INFO com.sinosoft.test.base.TestBase:125 - 执行测试用例发生了异常，开始截屏
org.openqa.selenium.ElementNotInteractableException: Cannot click on element
Build info: version: '3.9.0', revision: '698b3178f0', time: '2018-02-05T14:26:55.441Z'
System info: host: 'DESKTOP-I9S3ABE', ip: '100.100.96.220', os.name: 'Windows 10', os.arch: 'amd64', os.version: '10.0', java.version: '1.8.0_101'
Driver info: org.openqa.selenium.ie.InternetExplorerDriver
Capabilities {acceptInsecureCerts: false, browserName: internet explorer, browserVersion: 11, javascriptEnabled: true, pageLoadStrategy: normal, platform: WINDOWS, platformName: WINDOWS, proxy: Proxy(), se:ieOptions: {browserAttachTimeout: 0, elementScrollBehavior: 0, enablePersistentHover: true, ie.browserCommandLineSwitches: , ie.ensureCleanSession: false, ie.fileUploadDialogTimeout: 3000, ie.forceCreateProcessApi: false, ignoreProtectedModeSettings: true, ignoreZoomSetting: false, initialBrowserUrl: http://localhost:12515/, nativeEvents: true, requireWindowFocus: false}, setWindowRect: true, timeouts: {implicit: 0, pageLoad: 300000, script: 30000}, unhandledPromptBehavior: ignore}
Session ID: ccf7d151-3584-42d0-a3a7-88ba32e95c02
	at sun.reflect.NativeConstructorAccessorImpl.newInstance0(Native Method)
	at sun.reflect.NativeConstructorAccessorImpl.newInstance(NativeConstructorAccessorImpl.java:62)
	at sun.reflect.DelegatingConstructorAccessorImpl.newInstance(DelegatingConstructorAccessorImpl.java:45)
	at java.lang.reflect.Constructor.newInstance(Constructor.java:423)
	at org.openqa.selenium.remote.http.W3CHttpResponseCodec.createException(W3CHttpResponseCodec.java:187)
	at org.openqa.selenium.remote.http.W3CHttpResponseCodec.decode(W3CHttpResponseCodec.java:122)
	at org.openqa.selenium.remote.http.W3CHttpResponseCodec.decode(W3CHttpResponseCodec.java:49)
	at org.openqa.selenium.remote.HttpCommandExecutor.execute(HttpCommandExecutor.java:160)
	at org.openqa.selenium.remote.service.DriverCommandExecutor.execute(DriverCommandExecutor.java:83)
	at org.openqa.selenium.remote.RemoteWebDriver.execute(RemoteWebDriver.java:601)
	at org.openqa.selenium.remote.RemoteWebElement.execute(RemoteWebElement.java:279)
	at org.openqa.selenium.remote.RemoteWebElement.click(RemoteWebElement.java:83)
	at sun.reflect.GeneratedMethodAccessor13.invoke(Unknown Source)
	at sun.reflect.DelegatingMethodAccessorImpl.invoke(DelegatingMethodAccessorImpl.java:43)
	at java.lang.reflect.Method.invoke(Method.java:498)
	at org.openqa.selenium.support.events.EventFiringWebDriver$EventFiringWebElement$1.invoke(EventFiringWebDriver.java:375)
	at com.sun.proxy.$Proxy13.click(Unknown Source)
	at org.openqa.selenium.support.events.EventFiringWebDriver$EventFiringWebElement.click(EventFiringWebDriver.java:388)
	at sun.reflect.GeneratedMethodAccessor13.invoke(Unknown Source)
	at sun.reflect.DelegatingMethodAccessorImpl.invoke(DelegatingMethodAccessorImpl.java:43)
	at java.lang.reflect.Method.invoke(Method.java:498)
	at org.openqa.selenium.support.pagefactory.internal.LocatingElementHandler.invoke(LocatingElementHandler.java:51)
	at com.sun.proxy.$Proxy12.click(Unknown Source)
	at com.sinosoft.test.base.TestBase.clickElement(TestBase.java:407)
	at com.sinosoft.test.fccp.tbcl.RiskDetail_insuredObjPage.inputBizInterruptionAction(RiskDetail_insuredObjPage.java:253)
	at com.sinosoft.test.fccp.tbcl.RiskDetail_insuredObjPage.inputRiskCoverageAction(RiskDetail_insuredObjPage.java:235)
	at com.sinosoft.testcases.fccb.TBGLTestCase.FCCB_TBCL(TBGLTestCase.java:104)
	at sun.reflect.NativeMethodAccessorImpl.invoke0(Native Method)
	at sun.reflect.NativeMethodAccessorImpl.invoke(NativeMethodAccessorImpl.java:62)
	at sun.reflect.DelegatingMethodAccessorImpl.invoke(DelegatingMethodAccessorImpl.java:43)
	at java.lang.reflect.Method.invoke(Method.java:498)
	at org.testng.internal.MethodInvocationHelper.invokeMethod(MethodInvocationHelper.java:108)
	at org.testng.internal.Invoker.invokeMethod(Invoker.java:661)
	at org.testng.internal.Invoker.invokeTestMethod(Invoker.java:869)
	at org.testng.internal.Invoker.invokeTestMethods(Invoker.java:1193)
	at org.testng.internal.TestMethodWorker.invokeTestMethods(TestMethodWorker.java:126)
	at org.testng.internal.TestMethodWorker.run(TestMethodWorker.java:109)
	at org.testng.TestRunner.privateRun(TestRunner.java:744)
	at org.testng.TestRunner.run(TestRunner.java:602)
	at org.testng.SuiteRunner.runTest(SuiteRunner.java:380)
	at org.testng.SuiteRunner.runSequentially(SuiteRunner.java:375)
	at org.testng.SuiteRunner.privateRun(SuiteRunner.java:340)
	at org.testng.SuiteRunner.run(SuiteRunner.java:289)
	at org.testng.SuiteRunnerWorker.runSuite(SuiteRunnerWorker.java:52)
	at org.testng.SuiteRunnerWorker.run(SuiteRunnerWorker.java:86)
	at org.testng.TestNG.runSuitesSequentially(TestNG.java:1301)
	at org.testng.TestNG.runSuitesLocally(TestNG.java:1226)
	at org.testng.TestNG.runSuites(TestNG.java:1144)
	at org.testng.TestNG.run(TestNG.java:1115)
	at org.apache.maven.surefire.testng.TestNGExecutor.run(TestNGExecutor.java:283)
	at org.apache.maven.surefire.testng.TestNGXmlTestSuite.execute(TestNGXmlTestSuite.java:75)
	at org.apache.maven.surefire.testng.TestNGProvider.invoke(TestNGProvider.java:120)
	at org.apache.maven.surefire.booter.ForkedBooter.invokeProviderInSameClassLoader(ForkedBooter.java:384)
	at org.apache.maven.surefire.booter.ForkedBooter.runSuitesInProcess(ForkedBooter.java:345)
	at org.apache.maven.surefire.booter.ForkedBooter.execute(ForkedBooter.java:126)
	at org.apache.maven.surefire.booter.ForkedBooter.main(ForkedBooter.java:418)
2020/07/14 11:30:15:554 DEBUG com.sinosoft.test.base.TestBase:88 - 截屏文件名字是：FCCB_TB_JCX_1_异常截屏
2020/07/14 11:30:15:642  INFO com.sinosoft.test.base.TestBase:129 - 执行测试用例发生了异常，截屏结束！
2020/07/14 11:30:15:642  INFO com.sinosoft.test.base.TestBase:132 - 进入Finally事件:RowID:2
2020/07/14 11:30:15:642  INFO com.sinosoft.test.base.TestBase:133 - 进入Finally事件:testCaseName:FCCB_TBCL
2020/07/14 11:30:15:643  INFO com.sinosoft.test.base.TestBase:134 - 进入Finally事件:proposalNumber:06201900101202000000000077
2020/07/14 11:30:15:643  INFO com.sinosoft.test.base.TestBase:135 - 进入Finally事件:message:未知异常Cannot click on element
Build info: version: '3.9.0', revision: '698b3178f0', time: '2018-02-05T14:26:55.441Z'
System info: host: 'DESKTOP-I9S3ABE', ip: '100.100.96.220', os.name: 'Windows 10', os.arch: 'amd64', os.version: '10.0', java.version: '1.8.0_101'
Driver info: org.openqa.selenium.ie.InternetExplorerDriver
Capabilities {acceptInsecureCerts: false, browserName: internet explorer, browserVersion: 11, javascriptEnabled: true, pageLoadStrategy: normal, platform: WINDOWS, platformName: WINDOWS, proxy: Proxy(), se:ieOptions: {browserAttachTimeout: 0, elementScrollBehavior: 0, enablePersistentHover: true, ie.browserCommandLineSwitches: , ie.ensureCleanSession: false, ie.fileUploadDialogTimeout: 3000, ie.forceCreateProcessApi: false, ignoreProtectedModeSettings: true, ignoreZoomSetting: false, initialBrowserUrl: http://localhost:12515/, nativeEvents: true, requireWindowFocus: false}, setWindowRect: true, timeouts: {implicit: 0, pageLoad: 300000, script: 30000}, unhandledPromptBehavior: ignore}
Session ID: ccf7d151-3584-42d0-a3a7-88ba32e95c02
2020/07/14 11:30:15:643  INFO com.sinosoft.test.base.TestBase:136 - 进入Finally事件:screenshot:C:\Users\liu-b\git\PageObjectModel\screenshots\FCCB_TB_JCX_1_异常截屏_20200714113015639.png
2020/07/14 11:30:16:056 DEBUG freemarker.cache:45 - Couldn't find template in cache for "index.ftl"("en", UTF-8, parsed); will try to load it.
2020/07/14 11:30:16:058 DEBUG freemarker.cache:45 - TemplateLoader.findTemplateSource("index_en.ftl"): Not found
2020/07/14 11:30:16:059 DEBUG freemarker.cache:45 - TemplateLoader.findTemplateSource("index.ftl"): Found
2020/07/14 11:30:16:060 DEBUG freemarker.cache:45 - Loading template for "index.ftl"("en", UTF-8, parsed) from "jar:file:/C:/Users/liu-b/.m2/repository/com/aventstack/extentreports/3.1.3/extentreports-3.1.3.jar!/com/aventstack/extentreports/view/html-report/index.ftl"
2020/07/14 11:30:16:263 DEBUG freemarker.cache:45 - Couldn't find template in cache for "head.ftl"("en", UTF-8, parsed); will try to load it.
2020/07/14 11:30:16:265 DEBUG freemarker.cache:45 - TemplateLoader.findTemplateSource("head_en.ftl"): Not found
2020/07/14 11:30:16:267 DEBUG freemarker.cache:45 - TemplateLoader.findTemplateSource("head.ftl"): Found
2020/07/14 11:30:16:268 DEBUG freemarker.cache:45 - Loading template for "head.ftl"("en", UTF-8, parsed) from "jar:file:/C:/Users/liu-b/.m2/repository/com/aventstack/extentreports/3.1.3/extentreports-3.1.3.jar!/com/aventstack/extentreports/view/html-report/head.ftl"
2020/07/14 11:30:16:270 DEBUG freemarker.cache:45 - Couldn't find template in cache for "nav.ftl"("en", UTF-8, parsed); will try to load it.
2020/07/14 11:30:16:270 DEBUG freemarker.cache:45 - TemplateLoader.findTemplateSource("nav_en.ftl"): Not found
2020/07/14 11:30:16:271 DEBUG freemarker.cache:45 - TemplateLoader.findTemplateSource("nav.ftl"): Found
2020/07/14 11:30:16:271 DEBUG freemarker.cache:45 - Loading template for "nav.ftl"("en", UTF-8, parsed) from "jar:file:/C:/Users/liu-b/.m2/repository/com/aventstack/extentreports/3.1.3/extentreports-3.1.3.jar!/com/aventstack/extentreports/view/html-report/nav.ftl"
2020/07/14 11:30:16:277 DEBUG freemarker.cache:45 - Couldn't find template in cache for "test-view/test-view.ftl"("en", UTF-8, parsed); will try to load it.
2020/07/14 11:30:16:278 DEBUG freemarker.cache:45 - TemplateLoader.findTemplateSource("test-view/test-view_en.ftl"): Not found
2020/07/14 11:30:16:278 DEBUG freemarker.cache:45 - TemplateLoader.findTemplateSource("test-view/test-view.ftl"): Found
2020/07/14 11:30:16:279 DEBUG freemarker.cache:45 - Loading template for "test-view/test-view.ftl"("en", UTF-8, parsed) from "jar:file:/C:/Users/liu-b/.m2/repository/com/aventstack/extentreports/3.1.3/extentreports-3.1.3.jar!/com/aventstack/extentreports/view/html-report/test-view/test-view.ftl"
2020/07/14 11:30:16:290 DEBUG freemarker.cache:45 - Couldn't find template in cache for "test-view/test-view-charts.ftl"("en", UTF-8, parsed); will try to load it.
2020/07/14 11:30:16:290 DEBUG freemarker.cache:45 - TemplateLoader.findTemplateSource("test-view/test-view-charts_en.ftl"): Not found
2020/07/14 11:30:16:291 DEBUG freemarker.cache:45 - TemplateLoader.findTemplateSource("test-view/test-view-charts.ftl"): Found
2020/07/14 11:30:16:291 DEBUG freemarker.cache:45 - Loading template for "test-view/test-view-charts.ftl"("en", UTF-8, parsed) from "jar:file:/C:/Users/liu-b/.m2/repository/com/aventstack/extentreports/3.1.3/extentreports-3.1.3.jar!/com/aventstack/extentreports/view/html-report/test-view/test-view-charts.ftl"
2020/07/14 11:30:16:306 DEBUG freemarker.cache:45 - Couldn't find template in cache for "test-view/standard.ftl"("en", UTF-8, parsed); will try to load it.
2020/07/14 11:30:16:307 DEBUG freemarker.cache:45 - TemplateLoader.findTemplateSource("test-view/standard_en.ftl"): Not found
2020/07/14 11:30:16:307 DEBUG freemarker.cache:45 - TemplateLoader.findTemplateSource("test-view/standard.ftl"): Found
2020/07/14 11:30:16:307 DEBUG freemarker.cache:45 - Loading template for "test-view/standard.ftl"("en", UTF-8, parsed) from "jar:file:/C:/Users/liu-b/.m2/repository/com/aventstack/extentreports/3.1.3/extentreports-3.1.3.jar!/com/aventstack/extentreports/view/html-report/test-view/standard.ftl"
2020/07/14 11:30:16:327 DEBUG freemarker.cache:45 - Couldn't find template in cache for "category-view/category-view.ftl"("en", UTF-8, parsed); will try to load it.
2020/07/14 11:30:16:328 DEBUG freemarker.cache:45 - TemplateLoader.findTemplateSource("category-view/category-view_en.ftl"): Not found
2020/07/14 11:30:16:328 DEBUG freemarker.cache:45 - TemplateLoader.findTemplateSource("category-view/category-view.ftl"): Found
2020/07/14 11:30:16:328 DEBUG freemarker.cache:45 - Loading template for "category-view/category-view.ftl"("en", UTF-8, parsed) from "jar:file:/C:/Users/liu-b/.m2/repository/com/aventstack/extentreports/3.1.3/extentreports-3.1.3.jar!/com/aventstack/extentreports/view/html-report/category-view/category-view.ftl"
2020/07/14 11:30:16:334 DEBUG freemarker.cache:45 - Couldn't find template in cache for "author-view/author-view.ftl"("en", UTF-8, parsed); will try to load it.
2020/07/14 11:30:16:335 DEBUG freemarker.cache:45 - TemplateLoader.findTemplateSource("author-view/author-view_en.ftl"): Not found
2020/07/14 11:30:16:335 DEBUG freemarker.cache:45 - TemplateLoader.findTemplateSource("author-view/author-view.ftl"): Found
2020/07/14 11:30:16:335 DEBUG freemarker.cache:45 - Loading template for "author-view/author-view.ftl"("en", UTF-8, parsed) from "jar:file:/C:/Users/liu-b/.m2/repository/com/aventstack/extentreports/3.1.3/extentreports-3.1.3.jar!/com/aventstack/extentreports/view/html-report/author-view/author-view.ftl"
2020/07/14 11:30:16:339 DEBUG freemarker.cache:45 - Couldn't find template in cache for "exception-view/exception-view.ftl"("en", UTF-8, parsed); will try to load it.
2020/07/14 11:30:16:340 DEBUG freemarker.cache:45 - TemplateLoader.findTemplateSource("exception-view/exception-view_en.ftl"): Not found
2020/07/14 11:30:16:340 DEBUG freemarker.cache:45 - TemplateLoader.findTemplateSource("exception-view/exception-view.ftl"): Found
2020/07/14 11:30:16:340 DEBUG freemarker.cache:45 - Loading template for "exception-view/exception-view.ftl"("en", UTF-8, parsed) from "jar:file:/C:/Users/liu-b/.m2/repository/com/aventstack/extentreports/3.1.3/extentreports-3.1.3.jar!/com/aventstack/extentreports/view/html-report/exception-view/exception-view.ftl"
2020/07/14 11:30:16:354 DEBUG freemarker.cache:45 - Couldn't find template in cache for "dashboard-view/dashboard-view.ftl"("en", UTF-8, parsed); will try to load it.
2020/07/14 11:30:16:355 DEBUG freemarker.cache:45 - TemplateLoader.findTemplateSource("dashboard-view/dashboard-view_en.ftl"): Not found
2020/07/14 11:30:16:355 DEBUG freemarker.cache:45 - TemplateLoader.findTemplateSource("dashboard-view/dashboard-view.ftl"): Found
2020/07/14 11:30:16:356 DEBUG freemarker.cache:45 - Loading template for "dashboard-view/dashboard-view.ftl"("en", UTF-8, parsed) from "jar:file:/C:/Users/liu-b/.m2/repository/com/aventstack/extentreports/3.1.3/extentreports-3.1.3.jar!/com/aventstack/extentreports/view/html-report/dashboard-view/dashboard-view.ftl"
2020/07/14 11:30:16:361 DEBUG freemarker.cache:45 - Couldn't find template in cache for "logs-view/testrunner-logs-view.ftl"("en", UTF-8, parsed); will try to load it.
2020/07/14 11:30:16:362 DEBUG freemarker.cache:45 - TemplateLoader.findTemplateSource("logs-view/testrunner-logs-view_en.ftl"): Not found
2020/07/14 11:30:16:363 DEBUG freemarker.cache:45 - TemplateLoader.findTemplateSource("logs-view/testrunner-logs-view.ftl"): Found
2020/07/14 11:30:16:364 DEBUG freemarker.cache:45 - Loading template for "logs-view/testrunner-logs-view.ftl"("en", UTF-8, parsed) from "jar:file:/C:/Users/liu-b/.m2/repository/com/aventstack/extentreports/3.1.3/extentreports-3.1.3.jar!/com/aventstack/extentreports/view/html-report/logs-view/testrunner-logs-view.ftl"
2020/07/14 11:40:45:702  INFO com.sinosoft.test.base.TestBase:59 - 配置文件路径：config.properties
2020/07/14 11:40:45:705 DEBUG com.sinosoft.test.base.TestBase:69 - 初始化class com.sinosoft.testcases.fccb.TBGLTestCase
2020/07/14 11:40:45:750 DEBUG com.sinosoft.test.base.TestBase:69 - 初始化class com.sinosoft.test.util.ExcelDataProvider
2020/07/14 11:40:46:491  INFO com.sinosoft.test.base.TestBase:80 - 当前文件里面一共有数据：4
2020/07/14 11:40:46:538  INFO com.sinosoft.test.base.TestBase:91 - start InternetExplorerDriver
2020/07/14 11:40:48:899 DEBUG com.sinosoft.test.base.TestBase:69 - 初始化class com.sinosoft.test.util.WebEventListener
2020/07/14 11:40:48:920  INFO com.sinosoft.test.base.TestBase:80 - 开始运行测试脚本，获取到的测试数据《getTBCLTestData》如下:
2020/07/14 11:40:48:921  INFO com.sinosoft.test.base.TestBase:81 - ROW_ID=2
ProcessFlag=Y
TestCaseName=FCCB_TB_JCX
TestCaseSeq=1
TestDescription=非车承保企财险-财产基本险-出单
riskClass=01
riskCode=0101
renewalInd=0
renewalPolicy=
prePay=
carrayOver=
carrayOverPolicy=
relatedInd=
relatedPolicy=
fbbs=
ywgs=01620190
qdlx=01
gdbs=0
xstd=T6201900101
ywy=S000000006
ywly=01010101
dljg=
xsxy=
cxywbs=HXXT
cdjg=
htzyjjfs=
jnwbz=
jw_country=
jw_Addr=
snbz=
sftkbd=0
sfdzbd=0
sfxb=0
fxqkyjytz=
sfydyw=
sfsn=
xbbdh=
tbr_lx=2
tbr_mc=
tbr_vip=
tbr_dm=G6200019603
tbr_zjlx=
tbr_zjhm=
tbr_sj=
tbr_csrq=
tbr_lxdz=
tbr_dwdh=010-67549095-456
lxr_xm=
lxr_xb=
lxr_zw=
lxr_sj=
lxr_yx=
xzsyfw=1
tqmc=
qbrq=
zbrq=
lgbbz=1
yyzdbz=1
sfgxdm=1
cbdq=
zzfwlx=0
hydl=12
hyxl=12006
jqbm=121121123123
bbdm=CNY
sf=130000
cs=130300
qx=130302
yb=065201
jzdj=01
bxcs=北戴河公园
bdw_jd=金融街街道
bdw_yyxz=
bdw_sfhyf=
bdw_fxlx=
bdw_sbmc=
bdw_cjh=
bdw_fdjh=
bdw_cjdjrq=
bdw_cllx=
bdw_cpcx=
bdw_sccj=
bdw_gzjz=
bdw_sgzyqy=
bdw_zylx=
bdw=010001
bdwmx=碣石公园礁石群
xbdm=0101001
jrbe=1
jzfs=10
bxje=2000000
bffl=0.5
dqflbz=2
ysbf=400
yyzd_zdpcg=24
yyzd_sndmlrze=6000000
yyzd_sndyye=20000000
yyzd_bdw=010056
yyzd_bdwmx=
yyzd_xbdm=0105001
yyzd_jrbe=1
yyzd_jzfs=18
yyzd_bxje=200000
yyzd_bffl=3
yyzd_dqflbz=3
yyzd_ysbf=4000
fsh=6
xsfdj=B
xsfxs=2
jgx_sf=
jgx_cs=
jgx_qx=
jgx_gcdd=
jgx_bb=
jgx_gcmc=
jgx_gclx_1=
jgx_gclx_2=
jgx_gclx_3=
jgx_gclx_4=
jgx_gclx_5=
jgx_gclx_6=
jgx_yzssjt=
jgx_yz=
jgx_cbs_ssjt=
jgx_cbs=
jgx_gchth=
jgx_gcjz=
jgx_gcqsrq=
jgx_gczzrq=
jgx_gcfw=
jgx_scqqsrq=
jgx_scqzzrq=
jgx_bzqqsrq=
jgx_bzqzzrq=
jgx_ws_xmlbdm=
jgx_ws_jrbe=
jgx_ws_bxje=
jgx_ws_fl=
jgx_ws_dqflbz=
jgx_ws_ysbf=
jgx_sz_xbdm=
jgx_sz_jrbe=
jgx_sz_ljpcxe=
jgx_sz_fv=
jgx_sz_dqflbz=
jgx_sz_ysbf=
proposalNumber=06201900101202000000000077
message=未知异常Cannot click on element
Build info: version: '3.9.0', revision: '698b3178f0', time: '2018-02-05T14:26:55.441Z'
System info: host: 'DESKTOP-I9S3ABE', ip: '100.100.96.220', os.name: 'Windows 10', os.arch: 'amd64', os.version: '10.0', java.version: '1.8.0_101'
Driver info: org.openqa.selenium.ie.InternetExplorerDriver
Capabilities {acceptInsecureCerts: false, browserName: internet explorer, browserVersion: 11, javascriptEnabled: true, pageLoadStrategy: normal, platform: WINDOWS, platformName: WINDOWS, proxy: Proxy(), se:ieOptions: {browserAttachTimeout: 0, elementScrollBehavior: 0, enablePersistentHover: true, ie.browserCommandLineSwitches: , ie.ensureCleanSession: false, ie.fileUploadDialogTimeout: 3000, ie.forceCreateProcessApi: false, ignoreProtectedModeSettings: true, ignoreZoomSetting: false, initialBrowserUrl: http://localhost:12515/, nativeEvents: true, requireWindowFocus: false}, setWindowRect: true, timeouts: {implicit: 0, pageLoad: 300000, script: 30000}, unhandledPromptBehavior: ignore}
Session ID: ccf7d151-3584-42d0-a3a7-88ba32e95c02
screenshot=C:\Users\liu-b\git\PageObjectModel\screenshots\FCCB_TB_JCX_1_异常截屏_20200714113015639.png
testCaseName=FCCB_TBCL

2020/07/14 11:40:48:926 DEBUG com.sinosoft.test.base.TestBase:69 - 初始化class com.sinosoft.test.fccp.common.LoginPage
2020/07/14 11:40:53:951 DEBUG com.sinosoft.test.base.TestBase:26 - Before navigating to: 'http://tvfchxyw.ypic.cn'
2020/07/14 11:40:54:606 DEBUG com.sinosoft.test.base.TestBase:30 - Navigated to:'http://tvfchxyw.ypic.cn'
2020/07/14 11:40:54:607 DEBUG com.sinosoft.test.base.TestBase:76 - Trying to find Element By : By.id: username
2020/07/14 11:40:54:757 DEBUG com.sinosoft.test.base.TestBase:80 - Found Element By : By.id: username
2020/07/14 11:40:54:761  INFO com.sinosoft.test.base.TestBase:360 - setEditboxValue:[[InternetExplorerDriver: internet explorer on WINDOWS (5bfd499a-165c-435f-abb8-14824ccd9ef1)] -> id: username]：policy1@ypic
2020/07/14 11:40:54:761 DEBUG com.sinosoft.test.base.TestBase:76 - Trying to find Element By : By.id: username
2020/07/14 11:40:54:908 DEBUG com.sinosoft.test.base.TestBase:80 - Found Element By : By.id: username
2020/07/14 11:40:55:242 DEBUG com.sinosoft.test.base.TestBase:76 - Trying to find Element By : By.id: username
2020/07/14 11:40:55:381 DEBUG com.sinosoft.test.base.TestBase:80 - Found Element By : By.id: username
2020/07/14 11:41:05:391 DEBUG com.sinosoft.test.base.TestBase:66 - 系统自动捕获异常：Exception occured: org.openqa.selenium.WebDriverException: java.net.SocketTimeoutException: Read timed out
Build info: version: '3.9.0', revision: '698b3178f0', time: '2018-02-05T14:26:55.441Z'
System info: host: 'DESKTOP-I9S3ABE', ip: '100.100.96.220', os.name: 'Windows 10', os.arch: 'amd64', os.version: '10.0', java.version: '1.8.0_101'
Driver info: driver.version: RemoteWebDriver
2020/07/14 11:41:05:391  INFO com.sinosoft.test.base.TestBase:68 - 异常的message 是：java.net.SocketTimeoutException: Read timed out
Build info: version: '3.9.0', revision: '698b3178f0', time: '2018-02-05T14:26:55.441Z'
System info: host: 'DESKTOP-I9S3ABE', ip: '100.100.96.220', os.name: 'Windows 10', os.arch: 'amd64', os.version: '10.0', java.version: '1.8.0_101'
Driver info: driver.version: RemoteWebDriver
2020/07/14 11:41:05:393  INFO com.sinosoft.test.base.TestBase:125 - 执行测试用例发生了异常，开始截屏
org.openqa.selenium.WebDriverException: java.net.SocketTimeoutException: Read timed out
Build info: version: '3.9.0', revision: '698b3178f0', time: '2018-02-05T14:26:55.441Z'
System info: host: 'DESKTOP-I9S3ABE', ip: '100.100.96.220', os.name: 'Windows 10', os.arch: 'amd64', os.version: '10.0', java.version: '1.8.0_101'
Driver info: driver.version: RemoteWebDriver
	at org.openqa.selenium.remote.service.DriverCommandExecutor.execute(DriverCommandExecutor.java:92)
	at org.openqa.selenium.remote.RemoteWebDriver.execute(RemoteWebDriver.java:601)
	at org.openqa.selenium.remote.RemoteWebElement.execute(RemoteWebElement.java:279)
	at org.openqa.selenium.remote.RemoteWebElement.sendKeys(RemoteWebElement.java:100)
	at sun.reflect.NativeMethodAccessorImpl.invoke0(Native Method)
	at sun.reflect.NativeMethodAccessorImpl.invoke(NativeMethodAccessorImpl.java:62)
	at sun.reflect.DelegatingMethodAccessorImpl.invoke(DelegatingMethodAccessorImpl.java:43)
	at java.lang.reflect.Method.invoke(Method.java:498)
	at org.openqa.selenium.support.events.EventFiringWebDriver$EventFiringWebElement$1.invoke(EventFiringWebDriver.java:375)
	at com.sun.proxy.$Proxy13.sendKeys(Unknown Source)
	at org.openqa.selenium.support.events.EventFiringWebDriver$EventFiringWebElement.sendKeys(EventFiringWebDriver.java:398)
	at sun.reflect.NativeMethodAccessorImpl.invoke0(Native Method)
	at sun.reflect.NativeMethodAccessorImpl.invoke(NativeMethodAccessorImpl.java:62)
	at sun.reflect.DelegatingMethodAccessorImpl.invoke(DelegatingMethodAccessorImpl.java:43)
	at java.lang.reflect.Method.invoke(Method.java:498)
	at org.openqa.selenium.support.pagefactory.internal.LocatingElementHandler.invoke(LocatingElementHandler.java:51)
	at com.sun.proxy.$Proxy12.sendKeys(Unknown Source)
	at com.sinosoft.test.base.TestBase.setEditboxValue(TestBase.java:362)
	at com.sinosoft.test.fccp.common.LoginPage.login(LoginPage.java:65)
	at com.sinosoft.test.fccp.common.LoginPage.login_normal(LoginPage.java:87)
	at com.sinosoft.testcases.fccb.TBGLTestCase.FCCB_TBCL(TBGLTestCase.java:88)
	at sun.reflect.NativeMethodAccessorImpl.invoke0(Native Method)
	at sun.reflect.NativeMethodAccessorImpl.invoke(NativeMethodAccessorImpl.java:62)
	at sun.reflect.DelegatingMethodAccessorImpl.invoke(DelegatingMethodAccessorImpl.java:43)
	at java.lang.reflect.Method.invoke(Method.java:498)
	at org.testng.internal.MethodInvocationHelper.invokeMethod(MethodInvocationHelper.java:108)
	at org.testng.internal.Invoker.invokeMethod(Invoker.java:661)
	at org.testng.internal.Invoker.invokeTestMethod(Invoker.java:869)
	at org.testng.internal.Invoker.invokeTestMethods(Invoker.java:1193)
	at org.testng.internal.TestMethodWorker.invokeTestMethods(TestMethodWorker.java:126)
	at org.testng.internal.TestMethodWorker.run(TestMethodWorker.java:109)
	at org.testng.TestRunner.privateRun(TestRunner.java:744)
	at org.testng.TestRunner.run(TestRunner.java:602)
	at org.testng.SuiteRunner.runTest(SuiteRunner.java:380)
	at org.testng.SuiteRunner.runSequentially(SuiteRunner.java:375)
	at org.testng.SuiteRunner.privateRun(SuiteRunner.java:340)
	at org.testng.SuiteRunner.run(SuiteRunner.java:289)
	at org.testng.SuiteRunnerWorker.runSuite(SuiteRunnerWorker.java:52)
	at org.testng.SuiteRunnerWorker.run(SuiteRunnerWorker.java:86)
	at org.testng.TestNG.runSuitesSequentially(TestNG.java:1301)
	at org.testng.TestNG.runSuitesLocally(TestNG.java:1226)
	at org.testng.TestNG.runSuites(TestNG.java:1144)
	at org.testng.TestNG.run(TestNG.java:1115)
	at org.apache.maven.surefire.testng.TestNGExecutor.run(TestNGExecutor.java:283)
	at org.apache.maven.surefire.testng.TestNGXmlTestSuite.execute(TestNGXmlTestSuite.java:75)
	at org.apache.maven.surefire.testng.TestNGProvider.invoke(TestNGProvider.java:120)
	at org.apache.maven.surefire.booter.ForkedBooter.invokeProviderInSameClassLoader(ForkedBooter.java:384)
	at org.apache.maven.surefire.booter.ForkedBooter.runSuitesInProcess(ForkedBooter.java:345)
	at org.apache.maven.surefire.booter.ForkedBooter.execute(ForkedBooter.java:126)
	at org.apache.maven.surefire.booter.ForkedBooter.main(ForkedBooter.java:418)
Caused by: java.net.SocketTimeoutException: Read timed out
	at java.net.SocketInputStream.socketRead0(Native Method)
	at java.net.SocketInputStream.socketRead(SocketInputStream.java:116)
	at java.net.SocketInputStream.read(SocketInputStream.java:170)
	at java.net.SocketInputStream.read(SocketInputStream.java:141)
	at okio.Okio$2.read(Okio.java:139)
	at okio.AsyncTimeout$2.read(AsyncTimeout.java:237)
	at okio.RealBufferedSource.indexOf(RealBufferedSource.java:345)
	at okio.RealBufferedSource.readUtf8LineStrict(RealBufferedSource.java:217)
	at okhttp3.internal.http1.Http1Codec.readHeaderLine(Http1Codec.java:212)
	at okhttp3.internal.http1.Http1Codec.readResponseHeaders(Http1Codec.java:189)
	at okhttp3.internal.http.CallServerInterceptor.intercept(CallServerInterceptor.java:88)
	at okhttp3.internal.http.RealInterceptorChain.proceed(RealInterceptorChain.java:147)
	at okhttp3.internal.connection.ConnectInterceptor.intercept(ConnectInterceptor.java:45)
	at okhttp3.internal.http.RealInterceptorChain.proceed(RealInterceptorChain.java:147)
	at okhttp3.internal.http.RealInterceptorChain.proceed(RealInterceptorChain.java:121)
	at okhttp3.internal.cache.CacheInterceptor.intercept(CacheInterceptor.java:93)
	at okhttp3.internal.http.RealInterceptorChain.proceed(RealInterceptorChain.java:147)
	at okhttp3.internal.http.RealInterceptorChain.proceed(RealInterceptorChain.java:121)
	at okhttp3.internal.http.BridgeInterceptor.intercept(BridgeInterceptor.java:93)
	at okhttp3.internal.http.RealInterceptorChain.proceed(RealInterceptorChain.java:147)
	at okhttp3.internal.http.RetryAndFollowUpInterceptor.intercept(RetryAndFollowUpInterceptor.java:125)
	at okhttp3.internal.http.RealInterceptorChain.proceed(RealInterceptorChain.java:147)
	at okhttp3.internal.http.RealInterceptorChain.proceed(RealInterceptorChain.java:121)
	at okhttp3.RealCall.getResponseWithInterceptorChain(RealCall.java:200)
	at okhttp3.RealCall.execute(RealCall.java:77)
	at org.openqa.selenium.remote.internal.OkHttpClient.execute(OkHttpClient.java:97)
	at org.openqa.selenium.remote.internal.OkHttpClient.execute(OkHttpClient.java:47)
	at org.openqa.selenium.remote.HttpCommandExecutor.execute(HttpCommandExecutor.java:157)
	at org.openqa.selenium.remote.service.DriverCommandExecutor.execute(DriverCommandExecutor.java:83)
	... 49 more
2020/07/14 11:41:05:398 DEBUG com.sinosoft.test.base.TestBase:88 - 截屏文件名字是：FCCB_TB_JCX_1_异常截屏
2020/07/14 11:41:17:417 DEBUG com.sinosoft.test.base.TestBase:66 - 系统自动捕获异常：Exception occured: org.openqa.selenium.WebDriverException: java.net.SocketTimeoutException: timeout
Build info: version: '3.9.0', revision: '698b3178f0', time: '2018-02-05T14:26:55.441Z'
System info: host: 'DESKTOP-I9S3ABE', ip: '100.100.96.220', os.name: 'Windows 10', os.arch: 'amd64', os.version: '10.0', java.version: '1.8.0_101'
Driver info: driver.version: EventFiringWebDriver
2020/07/14 11:41:17:419  INFO com.sinosoft.test.base.TestBase:68 - 异常的message 是：java.net.SocketTimeoutException: timeout
Build info: version: '3.9.0', revision: '698b3178f0', time: '2018-02-05T14:26:55.441Z'
System info: host: 'DESKTOP-I9S3ABE', ip: '100.100.96.220', os.name: 'Windows 10', os.arch: 'amd64', os.version: '10.0', java.version: '1.8.0_101'
Driver info: driver.version: EventFiringWebDriver
2020/07/14 11:41:17:421 ERROR com.sinosoft.test.base.TestBase:94 - 浏览截屏失败：
org.openqa.selenium.WebDriverException: java.net.SocketTimeoutException: timeout
Build info: version: '3.9.0', revision: '698b3178f0', time: '2018-02-05T14:26:55.441Z'
System info: host: 'DESKTOP-I9S3ABE', ip: '100.100.96.220', os.name: 'Windows 10', os.arch: 'amd64', os.version: '10.0', java.version: '1.8.0_101'
Driver info: driver.version: EventFiringWebDriver
	at org.openqa.selenium.remote.service.DriverCommandExecutor.execute(DriverCommandExecutor.java:92)
	at org.openqa.selenium.remote.RemoteWebDriver.execute(RemoteWebDriver.java:601)
	at org.openqa.selenium.remote.RemoteWebDriver.execute(RemoteWebDriver.java:658)
	at org.openqa.selenium.ie.InternetExplorerDriver.getScreenshotAs(InternetExplorerDriver.java:235)
	at sun.reflect.NativeMethodAccessorImpl.invoke0(Native Method)
	at sun.reflect.NativeMethodAccessorImpl.invoke(NativeMethodAccessorImpl.java:62)
	at sun.reflect.DelegatingMethodAccessorImpl.invoke(DelegatingMethodAccessorImpl.java:43)
	at java.lang.reflect.Method.invoke(Method.java:498)
	at org.openqa.selenium.support.events.EventFiringWebDriver$2.invoke(EventFiringWebDriver.java:108)
	at com.sun.proxy.$Proxy8.getScreenshotAs(Unknown Source)
	at org.openqa.selenium.support.events.EventFiringWebDriver.getScreenshotAs(EventFiringWebDriver.java:291)
	at com.sinosoft.test.util.TestUtil.takeScreenshot(TestUtil.java:89)
	at com.sinosoft.testcases.fccb.TBGLTestCase.FCCB_TBCL(TBGLTestCase.java:126)
	at sun.reflect.NativeMethodAccessorImpl.invoke0(Native Method)
	at sun.reflect.NativeMethodAccessorImpl.invoke(NativeMethodAccessorImpl.java:62)
	at sun.reflect.DelegatingMethodAccessorImpl.invoke(DelegatingMethodAccessorImpl.java:43)
	at java.lang.reflect.Method.invoke(Method.java:498)
	at org.testng.internal.MethodInvocationHelper.invokeMethod(MethodInvocationHelper.java:108)
	at org.testng.internal.Invoker.invokeMethod(Invoker.java:661)
	at org.testng.internal.Invoker.invokeTestMethod(Invoker.java:869)
	at org.testng.internal.Invoker.invokeTestMethods(Invoker.java:1193)
	at org.testng.internal.TestMethodWorker.invokeTestMethods(TestMethodWorker.java:126)
	at org.testng.internal.TestMethodWorker.run(TestMethodWorker.java:109)
	at org.testng.TestRunner.privateRun(TestRunner.java:744)
	at org.testng.TestRunner.run(TestRunner.java:602)
	at org.testng.SuiteRunner.runTest(SuiteRunner.java:380)
	at org.testng.SuiteRunner.runSequentially(SuiteRunner.java:375)
	at org.testng.SuiteRunner.privateRun(SuiteRunner.java:340)
	at org.testng.SuiteRunner.run(SuiteRunner.java:289)
	at org.testng.SuiteRunnerWorker.runSuite(SuiteRunnerWorker.java:52)
	at org.testng.SuiteRunnerWorker.run(SuiteRunnerWorker.java:86)
	at org.testng.TestNG.runSuitesSequentially(TestNG.java:1301)
	at org.testng.TestNG.runSuitesLocally(TestNG.java:1226)
	at org.testng.TestNG.runSuites(TestNG.java:1144)
	at org.testng.TestNG.run(TestNG.java:1115)
	at org.apache.maven.surefire.testng.TestNGExecutor.run(TestNGExecutor.java:283)
	at org.apache.maven.surefire.testng.TestNGXmlTestSuite.execute(TestNGXmlTestSuite.java:75)
	at org.apache.maven.surefire.testng.TestNGProvider.invoke(TestNGProvider.java:120)
	at org.apache.maven.surefire.booter.ForkedBooter.invokeProviderInSameClassLoader(ForkedBooter.java:384)
	at org.apache.maven.surefire.booter.ForkedBooter.runSuitesInProcess(ForkedBooter.java:345)
	at org.apache.maven.surefire.booter.ForkedBooter.execute(ForkedBooter.java:126)
	at org.apache.maven.surefire.booter.ForkedBooter.main(ForkedBooter.java:418)
Caused by: java.net.SocketTimeoutException: timeout
	at okio.Okio$4.newTimeoutException(Okio.java:230)
	at okio.AsyncTimeout.exit(AsyncTimeout.java:285)
	at okio.AsyncTimeout$2.read(AsyncTimeout.java:241)
	at okio.RealBufferedSource.indexOf(RealBufferedSource.java:345)
	at okio.RealBufferedSource.readUtf8LineStrict(RealBufferedSource.java:217)
	at okhttp3.internal.http1.Http1Codec.readHeaderLine(Http1Codec.java:212)
	at okhttp3.internal.http1.Http1Codec.readResponseHeaders(Http1Codec.java:189)
	at okhttp3.internal.http.CallServerInterceptor.intercept(CallServerInterceptor.java:88)
	at okhttp3.internal.http.RealInterceptorChain.proceed(RealInterceptorChain.java:147)
	at okhttp3.internal.connection.ConnectInterceptor.intercept(ConnectInterceptor.java:45)
	at okhttp3.internal.http.RealInterceptorChain.proceed(RealInterceptorChain.java:147)
	at okhttp3.internal.http.RealInterceptorChain.proceed(RealInterceptorChain.java:121)
	at okhttp3.internal.cache.CacheInterceptor.intercept(CacheInterceptor.java:93)
	at okhttp3.internal.http.RealInterceptorChain.proceed(RealInterceptorChain.java:147)
	at okhttp3.internal.http.RealInterceptorChain.proceed(RealInterceptorChain.java:121)
	at okhttp3.internal.http.BridgeInterceptor.intercept(BridgeInterceptor.java:93)
	at okhttp3.internal.http.RealInterceptorChain.proceed(RealInterceptorChain.java:147)
	at okhttp3.internal.http.RetryAndFollowUpInterceptor.intercept(RetryAndFollowUpInterceptor.java:125)
	at okhttp3.internal.http.RealInterceptorChain.proceed(RealInterceptorChain.java:147)
	at okhttp3.internal.http.RealInterceptorChain.proceed(RealInterceptorChain.java:121)
	at okhttp3.RealCall.getResponseWithInterceptorChain(RealCall.java:200)
	at okhttp3.RealCall.execute(RealCall.java:77)
	at org.openqa.selenium.remote.internal.OkHttpClient.execute(OkHttpClient.java:97)
	at org.openqa.selenium.remote.internal.OkHttpClient.execute(OkHttpClient.java:47)
	at org.openqa.selenium.remote.HttpCommandExecutor.execute(HttpCommandExecutor.java:157)
	at org.openqa.selenium.remote.service.DriverCommandExecutor.execute(DriverCommandExecutor.java:83)
	... 41 more
Caused by: java.net.SocketTimeoutException: Read timed out
	at java.net.SocketInputStream.socketRead0(Native Method)
	at java.net.SocketInputStream.socketRead(SocketInputStream.java:116)
	at java.net.SocketInputStream.read(SocketInputStream.java:170)
	at java.net.SocketInputStream.read(SocketInputStream.java:141)
	at okio.Okio$2.read(Okio.java:139)
	at okio.AsyncTimeout$2.read(AsyncTimeout.java:237)
	... 64 more
2020/07/14 11:41:17:423  INFO com.sinosoft.test.base.TestBase:129 - 执行测试用例发生了异常，截屏结束！
2020/07/14 11:41:17:424  INFO com.sinosoft.test.base.TestBase:132 - 进入Finally事件:RowID:2
2020/07/14 11:41:17:425  INFO com.sinosoft.test.base.TestBase:133 - 进入Finally事件:testCaseName:FCCB_TBCL
2020/07/14 11:41:17:425  INFO com.sinosoft.test.base.TestBase:134 - 进入Finally事件:proposalNumber:06201900101202000000000077
2020/07/14 11:41:17:425  INFO com.sinosoft.test.base.TestBase:135 - 进入Finally事件:message:未知异常java.net.SocketTimeoutException: Read timed out
Build info: version: '3.9.0', revision: '698b3178f0', time: '2018-02-05T14:26:55.441Z'
System info: host: 'DESKTOP-I9S3ABE', ip: '100.100.96.220', os.name: 'Windows 10', os.arch: 'amd64', os.version: '10.0', java.version: '1.8.0_101'
Driver info: driver.version: RemoteWebDriver
2020/07/14 11:41:17:425  INFO com.sinosoft.test.base.TestBase:136 - 进入Finally事件:screenshot:
2020/07/14 11:41:17:794 DEBUG freemarker.cache:45 - Couldn't find template in cache for "index.ftl"("en", UTF-8, parsed); will try to load it.
2020/07/14 11:41:17:795 DEBUG freemarker.cache:45 - TemplateLoader.findTemplateSource("index_en.ftl"): Not found
2020/07/14 11:41:17:797 DEBUG freemarker.cache:45 - TemplateLoader.findTemplateSource("index.ftl"): Found
2020/07/14 11:41:17:797 DEBUG freemarker.cache:45 - Loading template for "index.ftl"("en", UTF-8, parsed) from "jar:file:/C:/Users/liu-b/.m2/repository/com/aventstack/extentreports/3.1.3/extentreports-3.1.3.jar!/com/aventstack/extentreports/view/html-report/index.ftl"
2020/07/14 11:41:17:974 DEBUG freemarker.cache:45 - Couldn't find template in cache for "head.ftl"("en", UTF-8, parsed); will try to load it.
2020/07/14 11:41:17:974 DEBUG freemarker.cache:45 - TemplateLoader.findTemplateSource("head_en.ftl"): Not found
2020/07/14 11:41:17:975 DEBUG freemarker.cache:45 - TemplateLoader.findTemplateSource("head.ftl"): Found
2020/07/14 11:41:17:975 DEBUG freemarker.cache:45 - Loading template for "head.ftl"("en", UTF-8, parsed) from "jar:file:/C:/Users/liu-b/.m2/repository/com/aventstack/extentreports/3.1.3/extentreports-3.1.3.jar!/com/aventstack/extentreports/view/html-report/head.ftl"
2020/07/14 11:41:17:977 DEBUG freemarker.cache:45 - Couldn't find template in cache for "nav.ftl"("en", UTF-8, parsed); will try to load it.
2020/07/14 11:41:17:978 DEBUG freemarker.cache:45 - TemplateLoader.findTemplateSource("nav_en.ftl"): Not found
2020/07/14 11:41:17:979 DEBUG freemarker.cache:45 - TemplateLoader.findTemplateSource("nav.ftl"): Found
2020/07/14 11:41:17:979 DEBUG freemarker.cache:45 - Loading template for "nav.ftl"("en", UTF-8, parsed) from "jar:file:/C:/Users/liu-b/.m2/repository/com/aventstack/extentreports/3.1.3/extentreports-3.1.3.jar!/com/aventstack/extentreports/view/html-report/nav.ftl"
2020/07/14 11:41:17:989 DEBUG freemarker.cache:45 - Couldn't find template in cache for "test-view/test-view.ftl"("en", UTF-8, parsed); will try to load it.
2020/07/14 11:41:17:990 DEBUG freemarker.cache:45 - TemplateLoader.findTemplateSource("test-view/test-view_en.ftl"): Not found
2020/07/14 11:41:17:991 DEBUG freemarker.cache:45 - TemplateLoader.findTemplateSource("test-view/test-view.ftl"): Found
2020/07/14 11:41:17:991 DEBUG freemarker.cache:45 - Loading template for "test-view/test-view.ftl"("en", UTF-8, parsed) from "jar:file:/C:/Users/liu-b/.m2/repository/com/aventstack/extentreports/3.1.3/extentreports-3.1.3.jar!/com/aventstack/extentreports/view/html-report/test-view/test-view.ftl"
2020/07/14 11:41:17:998 DEBUG freemarker.cache:45 - Couldn't find template in cache for "test-view/test-view-charts.ftl"("en", UTF-8, parsed); will try to load it.
2020/07/14 11:41:17:999 DEBUG freemarker.cache:45 - TemplateLoader.findTemplateSource("test-view/test-view-charts_en.ftl"): Not found
2020/07/14 11:41:18:004 DEBUG freemarker.cache:45 - TemplateLoader.findTemplateSource("test-view/test-view-charts.ftl"): Found
2020/07/14 11:41:18:005 DEBUG freemarker.cache:45 - Loading template for "test-view/test-view-charts.ftl"("en", UTF-8, parsed) from "jar:file:/C:/Users/liu-b/.m2/repository/com/aventstack/extentreports/3.1.3/extentreports-3.1.3.jar!/com/aventstack/extentreports/view/html-report/test-view/test-view-charts.ftl"
2020/07/14 11:41:18:016 DEBUG freemarker.cache:45 - Couldn't find template in cache for "test-view/standard.ftl"("en", UTF-8, parsed); will try to load it.
2020/07/14 11:41:18:017 DEBUG freemarker.cache:45 - TemplateLoader.findTemplateSource("test-view/standard_en.ftl"): Not found
2020/07/14 11:41:18:020 DEBUG freemarker.cache:45 - TemplateLoader.findTemplateSource("test-view/standard.ftl"): Found
2020/07/14 11:41:18:021 DEBUG freemarker.cache:45 - Loading template for "test-view/standard.ftl"("en", UTF-8, parsed) from "jar:file:/C:/Users/liu-b/.m2/repository/com/aventstack/extentreports/3.1.3/extentreports-3.1.3.jar!/com/aventstack/extentreports/view/html-report/test-view/standard.ftl"
2020/07/14 11:41:18:042 DEBUG freemarker.cache:45 - Couldn't find template in cache for "category-view/category-view.ftl"("en", UTF-8, parsed); will try to load it.
2020/07/14 11:41:18:043 DEBUG freemarker.cache:45 - TemplateLoader.findTemplateSource("category-view/category-view_en.ftl"): Not found
2020/07/14 11:41:18:043 DEBUG freemarker.cache:45 - TemplateLoader.findTemplateSource("category-view/category-view.ftl"): Found
2020/07/14 11:41:18:043 DEBUG freemarker.cache:45 - Loading template for "category-view/category-view.ftl"("en", UTF-8, parsed) from "jar:file:/C:/Users/liu-b/.m2/repository/com/aventstack/extentreports/3.1.3/extentreports-3.1.3.jar!/com/aventstack/extentreports/view/html-report/category-view/category-view.ftl"
2020/07/14 11:41:18:047 DEBUG freemarker.cache:45 - Couldn't find template in cache for "author-view/author-view.ftl"("en", UTF-8, parsed); will try to load it.
2020/07/14 11:41:18:047 DEBUG freemarker.cache:45 - TemplateLoader.findTemplateSource("author-view/author-view_en.ftl"): Not found
2020/07/14 11:41:18:048 DEBUG freemarker.cache:45 - TemplateLoader.findTemplateSource("author-view/author-view.ftl"): Found
2020/07/14 11:41:18:048 DEBUG freemarker.cache:45 - Loading template for "author-view/author-view.ftl"("en", UTF-8, parsed) from "jar:file:/C:/Users/liu-b/.m2/repository/com/aventstack/extentreports/3.1.3/extentreports-3.1.3.jar!/com/aventstack/extentreports/view/html-report/author-view/author-view.ftl"
2020/07/14 11:41:18:056 DEBUG freemarker.cache:45 - Couldn't find template in cache for "exception-view/exception-view.ftl"("en", UTF-8, parsed); will try to load it.
2020/07/14 11:41:18:056 DEBUG freemarker.cache:45 - TemplateLoader.findTemplateSource("exception-view/exception-view_en.ftl"): Not found
2020/07/14 11:41:18:057 DEBUG freemarker.cache:45 - TemplateLoader.findTemplateSource("exception-view/exception-view.ftl"): Found
2020/07/14 11:41:18:058 DEBUG freemarker.cache:45 - Loading template for "exception-view/exception-view.ftl"("en", UTF-8, parsed) from "jar:file:/C:/Users/liu-b/.m2/repository/com/aventstack/extentreports/3.1.3/extentreports-3.1.3.jar!/com/aventstack/extentreports/view/html-report/exception-view/exception-view.ftl"
2020/07/14 11:41:18:065 DEBUG freemarker.cache:45 - Couldn't find template in cache for "dashboard-view/dashboard-view.ftl"("en", UTF-8, parsed); will try to load it.
2020/07/14 11:41:18:067 DEBUG freemarker.cache:45 - TemplateLoader.findTemplateSource("dashboard-view/dashboard-view_en.ftl"): Not found
2020/07/14 11:41:18:072 DEBUG freemarker.cache:45 - TemplateLoader.findTemplateSource("dashboard-view/dashboard-view.ftl"): Found
2020/07/14 11:41:18:073 DEBUG freemarker.cache:45 - Loading template for "dashboard-view/dashboard-view.ftl"("en", UTF-8, parsed) from "jar:file:/C:/Users/liu-b/.m2/repository/com/aventstack/extentreports/3.1.3/extentreports-3.1.3.jar!/com/aventstack/extentreports/view/html-report/dashboard-view/dashboard-view.ftl"
2020/07/14 11:41:18:079 DEBUG freemarker.cache:45 - Couldn't find template in cache for "logs-view/testrunner-logs-view.ftl"("en", UTF-8, parsed); will try to load it.
2020/07/14 11:41:18:080 DEBUG freemarker.cache:45 - TemplateLoader.findTemplateSource("logs-view/testrunner-logs-view_en.ftl"): Not found
2020/07/14 11:41:18:083 DEBUG freemarker.cache:45 - TemplateLoader.findTemplateSource("logs-view/testrunner-logs-view.ftl"): Found
2020/07/14 11:41:18:089 DEBUG freemarker.cache:45 - Loading template for "logs-view/testrunner-logs-view.ftl"("en", UTF-8, parsed) from "jar:file:/C:/Users/liu-b/.m2/repository/com/aventstack/extentreports/3.1.3/extentreports-3.1.3.jar!/com/aventstack/extentreports/view/html-report/logs-view/testrunner-logs-view.ftl"
2020/07/14 11:41:59:673  INFO com.sinosoft.test.base.TestBase:59 - 配置文件路径：config.properties
2020/07/14 11:41:59:676 DEBUG com.sinosoft.test.base.TestBase:69 - 初始化class com.sinosoft.testcases.fccb.TBGLTestCase
2020/07/14 11:41:59:723 DEBUG com.sinosoft.test.base.TestBase:69 - 初始化class com.sinosoft.test.util.ExcelDataProvider
2020/07/14 11:42:00:469  INFO com.sinosoft.test.base.TestBase:80 - 当前文件里面一共有数据：4
2020/07/14 11:42:00:509  INFO com.sinosoft.test.base.TestBase:91 - start InternetExplorerDriver
2020/07/14 11:42:02:850 DEBUG com.sinosoft.test.base.TestBase:69 - 初始化class com.sinosoft.test.util.WebEventListener
2020/07/14 11:42:02:870  INFO com.sinosoft.test.base.TestBase:80 - 开始运行测试脚本，获取到的测试数据《getTBCLTestData》如下:
2020/07/14 11:42:02:871  INFO com.sinosoft.test.base.TestBase:81 - ROW_ID=2
ProcessFlag=Y
TestCaseName=FCCB_TB_JCX
TestCaseSeq=1
TestDescription=非车承保企财险-财产基本险-出单
riskClass=01
riskCode=0101
renewalInd=0
renewalPolicy=
prePay=
carrayOver=
carrayOverPolicy=
relatedInd=
relatedPolicy=
fbbs=
ywgs=01620190
qdlx=01
gdbs=0
xstd=T6201900101
ywy=S000000006
ywly=01010101
dljg=
xsxy=
cxywbs=HXXT
cdjg=
htzyjjfs=
jnwbz=
jw_country=
jw_Addr=
snbz=
sftkbd=0
sfdzbd=0
sfxb=0
fxqkyjytz=
sfydyw=
sfsn=
xbbdh=
tbr_lx=2
tbr_mc=
tbr_vip=
tbr_dm=G6200019603
tbr_zjlx=
tbr_zjhm=
tbr_sj=
tbr_csrq=
tbr_lxdz=
tbr_dwdh=010-67549095-456
lxr_xm=
lxr_xb=
lxr_zw=
lxr_sj=
lxr_yx=
xzsyfw=1
tqmc=
qbrq=
zbrq=
lgbbz=1
yyzdbz=1
sfgxdm=1
cbdq=
zzfwlx=0
hydl=12
hyxl=12006
jqbm=121121123123
bbdm=CNY
sf=130000
cs=130300
qx=130302
yb=065201
jzdj=01
bxcs=北戴河公园
bdw_jd=金融街街道
bdw_yyxz=
bdw_sfhyf=
bdw_fxlx=
bdw_sbmc=
bdw_cjh=
bdw_fdjh=
bdw_cjdjrq=
bdw_cllx=
bdw_cpcx=
bdw_sccj=
bdw_gzjz=
bdw_sgzyqy=
bdw_zylx=
bdw=010001
bdwmx=碣石公园礁石群
xbdm=0101001
jrbe=1
jzfs=10
bxje=2000000
bffl=0.5
dqflbz=2
ysbf=400
yyzd_zdpcg=24
yyzd_sndmlrze=6000000
yyzd_sndyye=20000000
yyzd_bdw=010056
yyzd_bdwmx=
yyzd_xbdm=0105001
yyzd_jrbe=1
yyzd_jzfs=18
yyzd_bxje=200000
yyzd_bffl=3
yyzd_dqflbz=3
yyzd_ysbf=4000
fsh=6
xsfdj=B
xsfxs=2
jgx_sf=
jgx_cs=
jgx_qx=
jgx_gcdd=
jgx_bb=
jgx_gcmc=
jgx_gclx_1=
jgx_gclx_2=
jgx_gclx_3=
jgx_gclx_4=
jgx_gclx_5=
jgx_gclx_6=
jgx_yzssjt=
jgx_yz=
jgx_cbs_ssjt=
jgx_cbs=
jgx_gchth=
jgx_gcjz=
jgx_gcqsrq=
jgx_gczzrq=
jgx_gcfw=
jgx_scqqsrq=
jgx_scqzzrq=
jgx_bzqqsrq=
jgx_bzqzzrq=
jgx_ws_xmlbdm=
jgx_ws_jrbe=
jgx_ws_bxje=
jgx_ws_fl=
jgx_ws_dqflbz=
jgx_ws_ysbf=
jgx_sz_xbdm=
jgx_sz_jrbe=
jgx_sz_ljpcxe=
jgx_sz_fv=
jgx_sz_dqflbz=
jgx_sz_ysbf=
proposalNumber=06201900101202000000000077
message=未知异常java.net.SocketTimeoutException: Read timed out
Build info: version: '3.9.0', revision: '698b3178f0', time: '2018-02-05T14:26:55.441Z'
System info: host: 'DESKTOP-I9S3ABE', ip: '100.100.96.220', os.name: 'Windows 10', os.arch: 'amd64', os.version: '10.0', java.version: '1.8.0_101'
Driver info: driver.version: RemoteWebDriver
screenshot=
testCaseName=FCCB_TBCL

2020/07/14 11:42:02:875 DEBUG com.sinosoft.test.base.TestBase:69 - 初始化class com.sinosoft.test.fccp.common.LoginPage
2020/07/14 11:42:07:899 DEBUG com.sinosoft.test.base.TestBase:26 - Before navigating to: 'http://tvfchxyw.ypic.cn'
2020/07/14 11:42:08:562 DEBUG com.sinosoft.test.base.TestBase:30 - Navigated to:'http://tvfchxyw.ypic.cn'
2020/07/14 11:42:08:562 DEBUG com.sinosoft.test.base.TestBase:76 - Trying to find Element By : By.id: username
2020/07/14 11:42:08:712 DEBUG com.sinosoft.test.base.TestBase:80 - Found Element By : By.id: username
2020/07/14 11:42:08:716  INFO com.sinosoft.test.base.TestBase:360 - setEditboxValue:[[InternetExplorerDriver: internet explorer on WINDOWS (1f9e00e7-54a4-492a-823b-b02609543de4)] -> id: username]：policy1@ypic
2020/07/14 11:42:08:716 DEBUG com.sinosoft.test.base.TestBase:76 - Trying to find Element By : By.id: username
2020/07/14 11:42:08:847 DEBUG com.sinosoft.test.base.TestBase:80 - Found Element By : By.id: username
2020/07/14 11:42:09:157 DEBUG com.sinosoft.test.base.TestBase:76 - Trying to find Element By : By.id: username
2020/07/14 11:42:09:316 DEBUG com.sinosoft.test.base.TestBase:80 - Found Element By : By.id: username
2020/07/14 11:42:09:765 DEBUG com.sinosoft.test.base.TestBase:76 - Trying to find Element By : By.id: username
2020/07/14 11:42:09:913 DEBUG com.sinosoft.test.base.TestBase:80 - Found Element By : By.id: username
2020/07/14 11:42:09:914  INFO com.sinosoft.test.base.TestBase:363 - setEditboxValue—End:[[InternetExplorerDriver: internet explorer on WINDOWS (1f9e00e7-54a4-492a-823b-b02609543de4)] -> id: username]：policy1@ypic
2020/07/14 11:42:09:914 DEBUG com.sinosoft.test.base.TestBase:76 - Trying to find Element By : By.id: password
2020/07/14 11:42:10:061 DEBUG com.sinosoft.test.base.TestBase:80 - Found Element By : By.id: password
2020/07/14 11:42:10:062  INFO com.sinosoft.test.base.TestBase:360 - setEditboxValue:[[InternetExplorerDriver: internet explorer on WINDOWS (1f9e00e7-54a4-492a-823b-b02609543de4)] -> id: password]：ypic@1234
2020/07/14 11:42:10:062 DEBUG com.sinosoft.test.base.TestBase:76 - Trying to find Element By : By.id: password
2020/07/14 11:42:10:197 DEBUG com.sinosoft.test.base.TestBase:80 - Found Element By : By.id: password
2020/07/14 11:42:10:531 DEBUG com.sinosoft.test.base.TestBase:76 - Trying to find Element By : By.id: password
2020/07/14 11:42:10:699 DEBUG com.sinosoft.test.base.TestBase:80 - Found Element By : By.id: password
2020/07/14 11:42:11:095 DEBUG com.sinosoft.test.base.TestBase:76 - Trying to find Element By : By.id: password
2020/07/14 11:42:11:246 DEBUG com.sinosoft.test.base.TestBase:80 - Found Element By : By.id: password
2020/07/14 11:42:11:246  INFO com.sinosoft.test.base.TestBase:363 - setEditboxValue—End:[[InternetExplorerDriver: internet explorer on WINDOWS (1f9e00e7-54a4-492a-823b-b02609543de4)] -> id: password]：ypic@1234
2020/07/14 11:42:11:247 DEBUG com.sinosoft.test.base.TestBase:76 - Trying to find Element By : By.id: bt_submit
2020/07/14 11:42:11:383 DEBUG com.sinosoft.test.base.TestBase:80 - Found Element By : By.id: bt_submit
2020/07/14 11:42:11:383  INFO com.sinosoft.test.base.TestBase:402 - clickButton:[[InternetExplorerDriver: internet explorer on WINDOWS (1f9e00e7-54a4-492a-823b-b02609543de4)] -> id: bt_submit]
2020/07/14 11:42:11:383 DEBUG com.sinosoft.test.base.TestBase:76 - Trying to find Element By : By.id: bt_submit
2020/07/14 11:42:11:521 DEBUG com.sinosoft.test.base.TestBase:80 - Found Element By : By.id: bt_submit
2020/07/14 11:42:11:521 DEBUG com.sinosoft.test.base.TestBase:42 - Trying to click on: [[InternetExplorerDriver: internet explorer on WINDOWS (1f9e00e7-54a4-492a-823b-b02609543de4)] -> id: bt_submit]
2020/07/14 11:42:12:945 DEBUG com.sinosoft.test.base.TestBase:46 - Clicked on: [[InternetExplorerDriver: internet explorer on WINDOWS (1f9e00e7-54a4-492a-823b-b02609543de4)] -> id: bt_submit]
2020/07/14 11:42:12:949 DEBUG com.sinosoft.test.base.TestBase:76 - Trying to find Element By : By.xpath: //input[@value='继续登录']
2020/07/14 11:42:13:074 DEBUG com.sinosoft.test.base.TestBase:80 - Found Element By : By.xpath: //input[@value='继续登录']
2020/07/14 11:42:13:346  INFO com.sinosoft.test.base.TestBase:73 - 重复登录，发现继续登录按钮，强制登录ButtonName:[[InternetExplorerDriver: internet explorer on WINDOWS (1f9e00e7-54a4-492a-823b-b02609543de4)] -> xpath: //input[@value='继续登录']];Displayed：+true;Enabled=true
2020/07/14 11:42:13:346  INFO com.sinosoft.test.base.TestBase:402 - clickButton:[[InternetExplorerDriver: internet explorer on WINDOWS (1f9e00e7-54a4-492a-823b-b02609543de4)] -> xpath: //input[@value='继续登录']]
2020/07/14 11:42:13:347 DEBUG com.sinosoft.test.base.TestBase:42 - Trying to click on: [[InternetExplorerDriver: internet explorer on WINDOWS (1f9e00e7-54a4-492a-823b-b02609543de4)] -> xpath: //input[@value='继续登录']]
2020/07/14 11:42:15:189 DEBUG com.sinosoft.test.base.TestBase:46 - Clicked on: [[InternetExplorerDriver: internet explorer on WINDOWS (1f9e00e7-54a4-492a-823b-b02609543de4)] -> xpath: //input[@value='继续登录']]
2020/07/14 11:42:15:193 DEBUG com.sinosoft.test.base.TestBase:69 - 初始化class com.sinosoft.test.fccp.common.HomePage
2020/07/14 11:42:15:642 DEBUG com.sinosoft.test.base.TestBase:76 - Trying to find Element By : By.linkText: 承保子系统
2020/07/14 11:42:15:714 DEBUG com.sinosoft.test.base.TestBase:80 - Found Element By : By.linkText: 承保子系统
2020/07/14 11:42:15:714  INFO com.sinosoft.test.base.TestBase:144 - RunJavaScript:[[InternetExplorerDriver: internet explorer on WINDOWS (1f9e00e7-54a4-492a-823b-b02609543de4)] -> link text: 承保子系统]	arguments[0].click();
2020/07/14 11:42:16:175 DEBUG com.sinosoft.test.base.TestBase:76 - Trying to find Element By : By.linkText: 投保管理
2020/07/14 11:42:16:234 DEBUG com.sinosoft.test.base.TestBase:80 - Found Element By : By.linkText: 投保管理
2020/07/14 11:42:16:234  INFO com.sinosoft.test.base.TestBase:144 - RunJavaScript:[[InternetExplorerDriver: internet explorer on WINDOWS (1f9e00e7-54a4-492a-823b-b02609543de4)] -> link text: 投保管理]	arguments[0].click();
2020/07/14 11:42:16:559 DEBUG com.sinosoft.test.base.TestBase:76 - Trying to find Element By : By.linkText: 投保处理
2020/07/14 11:42:16:618 DEBUG com.sinosoft.test.base.TestBase:80 - Found Element By : By.linkText: 投保处理
2020/07/14 11:42:16:619  INFO com.sinosoft.test.base.TestBase:144 - RunJavaScript:[[InternetExplorerDriver: internet explorer on WINDOWS (1f9e00e7-54a4-492a-823b-b02609543de4)] -> link text: 投保处理]	arguments[0].click();
2020/07/14 11:42:16:877 DEBUG com.sinosoft.test.base.TestBase:69 - 初始化class com.sinosoft.test.fccp.tbcl.RiskSelectPage
2020/07/14 11:42:17:414 DEBUG com.sinosoft.test.base.TestBase:93 - 投保处理/险种选择
2020/07/14 11:42:17:416 DEBUG com.sinosoft.test.base.TestBase:76 - Trying to find Element By : By.name: riskClassTemp
2020/07/14 11:42:17:507 DEBUG com.sinosoft.test.base.TestBase:80 - Found Element By : By.name: riskClassTemp
2020/07/14 11:42:17:560 DEBUG com.sinosoft.test.base.TestBase:76 - Trying to find Element By : By.name: riskClassTemp
2020/07/14 11:42:17:651 DEBUG com.sinosoft.test.base.TestBase:80 - Found Element By : By.name: riskClassTemp
2020/07/14 11:42:17:654 DEBUG com.sinosoft.test.base.TestBase:63 - SetCodeEditBox:开始设置:[[InternetExplorerDriver: internet explorer on WINDOWS (1f9e00e7-54a4-492a-823b-b02609543de4)] -> name: riskClassTemp] & Code=01
2020/07/14 11:42:17:656 DEBUG com.sinosoft.test.base.TestBase:76 - Trying to find Element By : By.name: riskClassTemp
2020/07/14 11:42:17:727 DEBUG com.sinosoft.test.base.TestBase:80 - Found Element By : By.name: riskClassTemp
2020/07/14 11:42:18:030 DEBUG com.sinosoft.test.base.TestBase:76 - Trying to find Element By : By.name: riskClassTemp
2020/07/14 11:42:18:093 DEBUG com.sinosoft.test.base.TestBase:80 - Found Element By : By.name: riskClassTemp
2020/07/14 11:42:18:648 DEBUG com.sinosoft.test.base.TestBase:76 - Trying to find Element By : By.name: riskClassTemp
2020/07/14 11:42:18:690 DEBUG com.sinosoft.test.base.TestBase:80 - Found Element By : By.name: riskClassTemp
2020/07/14 11:42:18:692 DEBUG com.sinosoft.test.base.TestBase:76 - Trying to find Element By : By.xpath: ../input[last()]
2020/07/14 11:42:18:743 DEBUG com.sinosoft.test.base.TestBase:80 - Found Element By : By.xpath: ../input[last()]
2020/07/14 11:42:18:896  INFO com.sinosoft.test.base.TestBase:71 - SetCodeEditBox:找到了Code对应的文本显示框并点击触发显示:riskClassName
2020/07/14 11:42:18:896 DEBUG com.sinosoft.test.base.TestBase:42 - Trying to click on: [[[[InternetExplorerDriver: internet explorer on WINDOWS (1f9e00e7-54a4-492a-823b-b02609543de4)] -> name: riskClassTemp]] -> xpath: ../input[last()]]
2020/07/14 11:42:19:809 DEBUG com.sinosoft.test.base.TestBase:46 - Clicked on: [[[[InternetExplorerDriver: internet explorer on WINDOWS (1f9e00e7-54a4-492a-823b-b02609543de4)] -> name: riskClassTemp]] -> xpath: ../input[last()]]
2020/07/14 11:42:20:010 DEBUG com.sinosoft.test.base.TestBase:76 - Trying to find Element By : By.name: riskClassTemp
2020/07/14 11:42:20:058 DEBUG com.sinosoft.test.base.TestBase:80 - Found Element By : By.name: riskClassTemp
2020/07/14 11:42:20:058 DEBUG com.sinosoft.test.base.TestBase:87 - SetCodeEditBox:设置完毕[[InternetExplorerDriver: internet explorer on WINDOWS (1f9e00e7-54a4-492a-823b-b02609543de4)] -> name: riskClassTemp],设置值 Code=01
2020/07/14 11:42:20:059 DEBUG com.sinosoft.test.base.TestBase:76 - Trying to find Element By : By.name: riskCode
2020/07/14 11:42:20:108 DEBUG com.sinosoft.test.base.TestBase:80 - Found Element By : By.name: riskCode
2020/07/14 11:42:20:136 DEBUG com.sinosoft.test.base.TestBase:76 - Trying to find Element By : By.name: riskCode
2020/07/14 11:42:20:187 DEBUG com.sinosoft.test.base.TestBase:80 - Found Element By : By.name: riskCode
2020/07/14 11:42:20:188 DEBUG com.sinosoft.test.base.TestBase:63 - SetCodeEditBox:开始设置:[[InternetExplorerDriver: internet explorer on WINDOWS (1f9e00e7-54a4-492a-823b-b02609543de4)] -> name: riskCode] & Code=0101
2020/07/14 11:42:20:188 DEBUG com.sinosoft.test.base.TestBase:76 - Trying to find Element By : By.name: riskCode
2020/07/14 11:42:20:238 DEBUG com.sinosoft.test.base.TestBase:80 - Found Element By : By.name: riskCode
2020/07/14 11:42:20:463 DEBUG com.sinosoft.test.base.TestBase:76 - Trying to find Element By : By.name: riskCode
2020/07/14 11:42:20:498 DEBUG com.sinosoft.test.base.TestBase:80 - Found Element By : By.name: riskCode
2020/07/14 11:42:20:966 DEBUG com.sinosoft.test.base.TestBase:76 - Trying to find Element By : By.name: riskCode
2020/07/14 11:42:21:006 DEBUG com.sinosoft.test.base.TestBase:80 - Found Element By : By.name: riskCode
2020/07/14 11:42:21:006 DEBUG com.sinosoft.test.base.TestBase:76 - Trying to find Element By : By.xpath: ../input[last()]
2020/07/14 11:42:21:056 DEBUG com.sinosoft.test.base.TestBase:80 - Found Element By : By.xpath: ../input[last()]
2020/07/14 11:42:21:190  INFO com.sinosoft.test.base.TestBase:71 - SetCodeEditBox:找到了Code对应的文本显示框并点击触发显示:riskName
2020/07/14 11:42:21:191 DEBUG com.sinosoft.test.base.TestBase:42 - Trying to click on: [[[[InternetExplorerDriver: internet explorer on WINDOWS (1f9e00e7-54a4-492a-823b-b02609543de4)] -> name: riskCode]] -> xpath: ../input[last()]]
2020/07/14 11:42:22:179 DEBUG com.sinosoft.test.base.TestBase:46 - Clicked on: [[[[InternetExplorerDriver: internet explorer on WINDOWS (1f9e00e7-54a4-492a-823b-b02609543de4)] -> name: riskCode]] -> xpath: ../input[last()]]
2020/07/14 11:42:22:379 DEBUG com.sinosoft.test.base.TestBase:76 - Trying to find Element By : By.name: riskCode
2020/07/14 11:42:22:422 DEBUG com.sinosoft.test.base.TestBase:80 - Found Element By : By.name: riskCode
2020/07/14 11:42:22:423 DEBUG com.sinosoft.test.base.TestBase:87 - SetCodeEditBox:设置完毕[[InternetExplorerDriver: internet explorer on WINDOWS (1f9e00e7-54a4-492a-823b-b02609543de4)] -> name: riskCode],设置值 Code=0101
2020/07/14 11:42:22:424 DEBUG com.sinosoft.test.base.TestBase:76 - Trying to find Element By : By.name: renewInd
2020/07/14 11:42:22:460 DEBUG com.sinosoft.test.base.TestBase:80 - Found Element By : By.name: renewInd
2020/07/14 11:42:22:460  INFO com.sinosoft.test.base.TestBase:321 - setEditboxTValue:[[[InternetExplorerDriver: internet explorer on WINDOWS (1f9e00e7-54a4-492a-823b-b02609543de4)] -> name: renewInd], [[InternetExplorerDriver: internet explorer on WINDOWS (1f9e00e7-54a4-492a-823b-b02609543de4)] -> name: renewInd]]：0
2020/07/14 11:42:22:460 DEBUG com.sinosoft.test.base.TestBase:76 - Trying to find Element By : By.name: renewInd
2020/07/14 11:42:22:554 DEBUG com.sinosoft.test.base.TestBase:80 - Found Element By : By.name: renewInd
2020/07/14 11:42:22:671 DEBUG com.sinosoft.test.base.TestBase:76 - Trying to find Element By : By.name: buttonNextStep
2020/07/14 11:42:22:719 DEBUG com.sinosoft.test.base.TestBase:80 - Found Element By : By.name: buttonNextStep
2020/07/14 11:42:22:720  INFO com.sinosoft.test.base.TestBase:402 - clickButton:[[InternetExplorerDriver: internet explorer on WINDOWS (1f9e00e7-54a4-492a-823b-b02609543de4)] -> name: buttonNextStep]
2020/07/14 11:42:22:721 DEBUG com.sinosoft.test.base.TestBase:42 - Trying to click on: [[InternetExplorerDriver: internet explorer on WINDOWS (1f9e00e7-54a4-492a-823b-b02609543de4)] -> name: buttonNextStep]
2020/07/14 11:42:25:882 DEBUG com.sinosoft.test.base.TestBase:46 - Clicked on: [[InternetExplorerDriver: internet explorer on WINDOWS (1f9e00e7-54a4-492a-823b-b02609543de4)] -> name: buttonNextStep]
2020/07/14 11:42:25:884 DEBUG com.sinosoft.test.base.TestBase:69 - 初始化class com.sinosoft.test.fccp.tbcl.BasicInfoPage
2020/07/14 11:42:28:436 DEBUG com.sinosoft.test.base.TestBase:322 - 投保处理/基本信息
2020/07/14 11:42:28:436 DEBUG com.sinosoft.test.base.TestBase:76 - Trying to find Element By : By.name: GuMainBusinessType
2020/07/14 11:42:28:496 DEBUG com.sinosoft.test.base.TestBase:80 - Found Element By : By.name: GuMainBusinessType
2020/07/14 11:42:28:497  INFO com.sinosoft.test.base.TestBase:96 - setSelectWithStartText:[[InternetExplorerDriver: internet explorer on WINDOWS (1f9e00e7-54a4-492a-823b-b02609543de4)] -> name: GuMainBusinessType]->
2020/07/14 11:42:28:499 DEBUG com.sinosoft.test.base.TestBase:76 - Trying to find Element By : By.name: GuMainCompanyCode
2020/07/14 11:42:28:597 DEBUG com.sinosoft.test.base.TestBase:80 - Found Element By : By.name: GuMainCompanyCode
2020/07/14 11:42:28:632 DEBUG com.sinosoft.test.base.TestBase:76 - Trying to find Element By : By.name: GuMainCompanyCode
2020/07/14 11:42:28:736 DEBUG com.sinosoft.test.base.TestBase:80 - Found Element By : By.name: GuMainCompanyCode
2020/07/14 11:42:28:736 DEBUG com.sinosoft.test.base.TestBase:63 - SetCodeEditBox:开始设置:[[InternetExplorerDriver: internet explorer on WINDOWS (1f9e00e7-54a4-492a-823b-b02609543de4)] -> name: GuMainCompanyCode] & Code=01620190
2020/07/14 11:42:28:736 DEBUG com.sinosoft.test.base.TestBase:76 - Trying to find Element By : By.name: GuMainCompanyCode
2020/07/14 11:42:28:796 DEBUG com.sinosoft.test.base.TestBase:80 - Found Element By : By.name: GuMainCompanyCode
2020/07/14 11:42:29:066 DEBUG com.sinosoft.test.base.TestBase:76 - Trying to find Element By : By.name: GuMainCompanyCode
2020/07/14 11:42:29:207 DEBUG com.sinosoft.test.base.TestBase:80 - Found Element By : By.name: GuMainCompanyCode
2020/07/14 11:42:30:273 DEBUG com.sinosoft.test.base.TestBase:76 - Trying to find Element By : By.name: GuMainCompanyCode
2020/07/14 11:42:30:347 DEBUG com.sinosoft.test.base.TestBase:80 - Found Element By : By.name: GuMainCompanyCode
2020/07/14 11:42:30:348 DEBUG com.sinosoft.test.base.TestBase:76 - Trying to find Element By : By.xpath: ../input[last()]
2020/07/14 11:42:30:431 DEBUG com.sinosoft.test.base.TestBase:80 - Found Element By : By.xpath: ../input[last()]
2020/07/14 11:42:30:598  INFO com.sinosoft.test.base.TestBase:71 - SetCodeEditBox:找到了Code对应的文本显示框并点击触发显示:GuMainCompanyName
2020/07/14 11:42:30:598 DEBUG com.sinosoft.test.base.TestBase:42 - Trying to click on: [[[[InternetExplorerDriver: internet explorer on WINDOWS (1f9e00e7-54a4-492a-823b-b02609543de4)] -> name: GuMainCompanyCode]] -> xpath: ../input[last()]]
2020/07/14 11:42:31:676 DEBUG com.sinosoft.test.base.TestBase:46 - Clicked on: [[[[InternetExplorerDriver: internet explorer on WINDOWS (1f9e00e7-54a4-492a-823b-b02609543de4)] -> name: GuMainCompanyCode]] -> xpath: ../input[last()]]
2020/07/14 11:42:31:879 DEBUG com.sinosoft.test.base.TestBase:76 - Trying to find Element By : By.name: GuMainCompanyCode
2020/07/14 11:42:31:962 DEBUG com.sinosoft.test.base.TestBase:80 - Found Element By : By.name: GuMainCompanyCode
2020/07/14 11:42:31:965 DEBUG com.sinosoft.test.base.TestBase:87 - SetCodeEditBox:设置完毕[[InternetExplorerDriver: internet explorer on WINDOWS (1f9e00e7-54a4-492a-823b-b02609543de4)] -> name: GuMainCompanyCode],设置值 Code=01620190
2020/07/14 11:42:31:966 DEBUG com.sinosoft.test.base.TestBase:76 - Trying to find Element By : By.name: GuMainChannelDetailCode
2020/07/14 11:42:32:026 DEBUG com.sinosoft.test.base.TestBase:80 - Found Element By : By.name: GuMainChannelDetailCode
2020/07/14 11:42:32:061 DEBUG com.sinosoft.test.base.TestBase:76 - Trying to find Element By : By.name: GuMainChannelDetailCode
2020/07/14 11:42:32:165 DEBUG com.sinosoft.test.base.TestBase:80 - Found Element By : By.name: GuMainChannelDetailCode
2020/07/14 11:42:32:165 DEBUG com.sinosoft.test.base.TestBase:63 - SetCodeEditBox:开始设置:[[InternetExplorerDriver: internet explorer on WINDOWS (1f9e00e7-54a4-492a-823b-b02609543de4)] -> name: GuMainChannelDetailCode] & Code=01
2020/07/14 11:42:32:165 DEBUG com.sinosoft.test.base.TestBase:76 - Trying to find Element By : By.name: GuMainChannelDetailCode
2020/07/14 11:42:32:238 DEBUG com.sinosoft.test.base.TestBase:80 - Found Element By : By.name: GuMainChannelDetailCode
2020/07/14 11:42:32:544 DEBUG com.sinosoft.test.base.TestBase:76 - Trying to find Element By : By.name: GuMainChannelDetailCode
2020/07/14 11:42:32:663 DEBUG com.sinosoft.test.base.TestBase:80 - Found Element By : By.name: GuMainChannelDetailCode
2020/07/14 11:42:33:266 DEBUG com.sinosoft.test.base.TestBase:76 - Trying to find Element By : By.name: GuMainChannelDetailCode
2020/07/14 11:42:33:325 DEBUG com.sinosoft.test.base.TestBase:80 - Found Element By : By.name: GuMainChannelDetailCode
2020/07/14 11:42:33:326 DEBUG com.sinosoft.test.base.TestBase:76 - Trying to find Element By : By.xpath: ../input[last()]
2020/07/14 11:42:33:378 DEBUG com.sinosoft.test.base.TestBase:80 - Found Element By : By.xpath: ../input[last()]
2020/07/14 11:42:33:552  INFO com.sinosoft.test.base.TestBase:71 - SetCodeEditBox:找到了Code对应的文本显示框并点击触发显示:GuMainChannelDetailName
2020/07/14 11:42:33:553 DEBUG com.sinosoft.test.base.TestBase:42 - Trying to click on: [[[[InternetExplorerDriver: internet explorer on WINDOWS (1f9e00e7-54a4-492a-823b-b02609543de4)] -> name: GuMainChannelDetailCode]] -> xpath: ../input[last()]]
2020/07/14 11:42:34:650 DEBUG com.sinosoft.test.base.TestBase:46 - Clicked on: [[[[InternetExplorerDriver: internet explorer on WINDOWS (1f9e00e7-54a4-492a-823b-b02609543de4)] -> name: GuMainChannelDetailCode]] -> xpath: ../input[last()]]
2020/07/14 11:42:34:851 DEBUG com.sinosoft.test.base.TestBase:76 - Trying to find Element By : By.name: GuMainChannelDetailCode
2020/07/14 11:42:34:914 DEBUG com.sinosoft.test.base.TestBase:80 - Found Element By : By.name: GuMainChannelDetailCode
2020/07/14 11:42:34:915 DEBUG com.sinosoft.test.base.TestBase:87 - SetCodeEditBox:设置完毕[[InternetExplorerDriver: internet explorer on WINDOWS (1f9e00e7-54a4-492a-823b-b02609543de4)] -> name: GuMainChannelDetailCode],设置值 Code=01
2020/07/14 11:42:34:915 DEBUG com.sinosoft.test.base.TestBase:76 - Trying to find Element By : By.name: GuMainShareHolderFlag
2020/07/14 11:42:34:975 DEBUG com.sinosoft.test.base.TestBase:80 - Found Element By : By.name: GuMainShareHolderFlag
2020/07/14 11:42:35:120 DEBUG com.sinosoft.test.base.TestBase:76 - Trying to find Element By : By.name: GuMainShareHolderFlag
2020/07/14 11:42:35:229 DEBUG com.sinosoft.test.base.TestBase:80 - Found Element By : By.name: GuMainShareHolderFlag
2020/07/14 11:42:35:230 DEBUG com.sinosoft.test.base.TestBase:42 - CodeSelect:开始设置[[InternetExplorerDriver: internet explorer on WINDOWS (1f9e00e7-54a4-492a-823b-b02609543de4)] -> name: GuMainShareHolderFlag] & Code=0
2020/07/14 11:42:35:238 DEBUG com.sinosoft.test.base.TestBase:76 - Trying to find Element By : By.name: GuMainShareHolderFlag
2020/07/14 11:42:35:334 DEBUG com.sinosoft.test.base.TestBase:80 - Found Element By : By.name: GuMainShareHolderFlag
2020/07/14 11:42:36:455 DEBUG com.sinosoft.test.base.TestBase:272 - 系统窗口【黄河财险业务系统】with handle -b4028d43-382b-423a-8390-a12ba61df816
2020/07/14 11:42:37:191 DEBUG com.sinosoft.test.base.TestBase:272 - 系统窗口【黄河财险业务系统】with handle -b4028d43-382b-423a-8390-a12ba61df816
2020/07/14 11:42:37:906 DEBUG com.sinosoft.test.base.TestBase:272 - 系统窗口【黄河财险业务系统】with handle -b4028d43-382b-423a-8390-a12ba61df816
2020/07/14 11:42:38:622 DEBUG com.sinosoft.test.base.TestBase:272 - 系统窗口【黄河财险业务系统】with handle -b4028d43-382b-423a-8390-a12ba61df816
2020/07/14 11:42:39:334 DEBUG com.sinosoft.test.base.TestBase:272 - 系统窗口【黄河财险业务系统】with handle -b4028d43-382b-423a-8390-a12ba61df816
2020/07/14 11:42:40:051 DEBUG com.sinosoft.test.base.TestBase:272 - 系统窗口【黄河财险业务系统】with handle -b4028d43-382b-423a-8390-a12ba61df816
2020/07/14 11:42:40:715 DEBUG com.sinosoft.test.base.TestBase:272 - 系统窗口【黄河财险业务系统】with handle -b4028d43-382b-423a-8390-a12ba61df816
2020/07/14 11:42:41:347 DEBUG com.sinosoft.test.base.TestBase:272 - 系统窗口【Code Select】with handle -f5217a77-0bad-430d-8891-94eda3029c09
2020/07/14 11:42:41:891 DEBUG com.sinosoft.test.base.TestBase:66 - 系统自动捕获异常：Exception occured: org.openqa.selenium.NoSuchWindowException: Window is closed
Build info: version: '3.9.0', revision: '698b3178f0', time: '2018-02-05T14:26:55.441Z'
System info: host: 'DESKTOP-I9S3ABE', ip: '100.100.96.220', os.name: 'Windows 10', os.arch: 'amd64', os.version: '10.0', java.version: '1.8.0_101'
Driver info: org.openqa.selenium.ie.InternetExplorerDriver
Capabilities {acceptInsecureCerts: false, browserName: internet explorer, browserVersion: 11, javascriptEnabled: true, pageLoadStrategy: normal, platform: WINDOWS, platformName: WINDOWS, proxy: Proxy(), se:ieOptions: {browserAttachTimeout: 0, elementScrollBehavior: 0, enablePersistentHover: true, ie.browserCommandLineSwitches: , ie.ensureCleanSession: false, ie.fileUploadDialogTimeout: 3000, ie.forceCreateProcessApi: false, ignoreProtectedModeSettings: true, ignoreZoomSetting: false, initialBrowserUrl: http://localhost:42208/, nativeEvents: true, requireWindowFocus: false}, setWindowRect: true, timeouts: {implicit: 0, pageLoad: 300000, script: 30000}, unhandledPromptBehavior: ignore}
Session ID: 1f9e00e7-54a4-492a-823b-b02609543de4
2020/07/14 11:42:41:891  INFO com.sinosoft.test.base.TestBase:68 - 异常的message 是：Window is closed
Build info: version: '3.9.0', revision: '698b3178f0', time: '2018-02-05T14:26:55.441Z'
System info: host: 'DESKTOP-I9S3ABE', ip: '100.100.96.220', os.name: 'Windows 10', os.arch: 'amd64', os.version: '10.0', java.version: '1.8.0_101'
Driver info: org.openqa.selenium.ie.InternetExplorerDriver
Capabilities {acceptInsecureCerts: false, browserName: internet explorer, browserVersion: 11, javascriptEnabled: true, pageLoadStrategy: normal, platform: WINDOWS, platformName: WINDOWS, proxy: Proxy(), se:ieOptions: {browserAttachTimeout: 0, elementScrollBehavior: 0, enablePersistentHover: true, ie.browserCommandLineSwitches: , ie.ensureCleanSession: false, ie.fileUploadDialogTimeout: 3000, ie.forceCreateProcessApi: false, ignoreProtectedModeSettings: true, ignoreZoomSetting: false, initialBrowserUrl: http://localhost:42208/, nativeEvents: true, requireWindowFocus: false}, setWindowRect: true, timeouts: {implicit: 0, pageLoad: 300000, script: 30000}, unhandledPromptBehavior: ignore}
Session ID: 1f9e00e7-54a4-492a-823b-b02609543de4
2020/07/14 11:42:41:894 DEBUG com.sinosoft.test.base.TestBase:281 - 窗口切换异常:
org.openqa.selenium.TimeoutException: Expected condition failed: waiting for com.sinosoft.test.base.TestBase$4@6e35bc3d (tried for 5 second(s) with 500 MILLISECONDS interval)
	at org.openqa.selenium.support.ui.WebDriverWait.timeoutException(WebDriverWait.java:82)
	at org.openqa.selenium.support.ui.FluentWait.until(FluentWait.java:231)
	at com.sinosoft.test.base.TestBase.navigateToWindowByTitle(TestBase.java:265)
	at com.sinosoft.test.fccp.common.FccbBase.CodeSelect(FccbBase.java:44)
	at com.sinosoft.test.fccp.tbcl.BasicInfoPage.inputSalesInfoAction(BasicInfoPage.java:348)
	at com.sinosoft.test.fccp.tbcl.BasicInfoPage.inputSalesInfoAction(BasicInfoPage.java:363)
	at com.sinosoft.testcases.fccb.TBGLTestCase.FCCB_TBCL(TBGLTestCase.java:93)
	at sun.reflect.NativeMethodAccessorImpl.invoke0(Native Method)
	at sun.reflect.NativeMethodAccessorImpl.invoke(NativeMethodAccessorImpl.java:62)
	at sun.reflect.DelegatingMethodAccessorImpl.invoke(DelegatingMethodAccessorImpl.java:43)
	at java.lang.reflect.Method.invoke(Method.java:498)
	at org.testng.internal.MethodInvocationHelper.invokeMethod(MethodInvocationHelper.java:108)
	at org.testng.internal.Invoker.invokeMethod(Invoker.java:661)
	at org.testng.internal.Invoker.invokeTestMethod(Invoker.java:869)
	at org.testng.internal.Invoker.invokeTestMethods(Invoker.java:1193)
	at org.testng.internal.TestMethodWorker.invokeTestMethods(TestMethodWorker.java:126)
	at org.testng.internal.TestMethodWorker.run(TestMethodWorker.java:109)
	at org.testng.TestRunner.privateRun(TestRunner.java:744)
	at org.testng.TestRunner.run(TestRunner.java:602)
	at org.testng.SuiteRunner.runTest(SuiteRunner.java:380)
	at org.testng.SuiteRunner.runSequentially(SuiteRunner.java:375)
	at org.testng.SuiteRunner.privateRun(SuiteRunner.java:340)
	at org.testng.SuiteRunner.run(SuiteRunner.java:289)
	at org.testng.SuiteRunnerWorker.runSuite(SuiteRunnerWorker.java:52)
	at org.testng.SuiteRunnerWorker.run(SuiteRunnerWorker.java:86)
	at org.testng.TestNG.runSuitesSequentially(TestNG.java:1301)
	at org.testng.TestNG.runSuitesLocally(TestNG.java:1226)
	at org.testng.TestNG.runSuites(TestNG.java:1144)
	at org.testng.TestNG.run(TestNG.java:1115)
	at org.apache.maven.surefire.testng.TestNGExecutor.run(TestNGExecutor.java:283)
	at org.apache.maven.surefire.testng.TestNGXmlTestSuite.execute(TestNGXmlTestSuite.java:75)
	at org.apache.maven.surefire.testng.TestNGProvider.invoke(TestNGProvider.java:120)
	at org.apache.maven.surefire.booter.ForkedBooter.invokeProviderInSameClassLoader(ForkedBooter.java:384)
	at org.apache.maven.surefire.booter.ForkedBooter.runSuitesInProcess(ForkedBooter.java:345)
	at org.apache.maven.surefire.booter.ForkedBooter.execute(ForkedBooter.java:126)
	at org.apache.maven.surefire.booter.ForkedBooter.main(ForkedBooter.java:418)
Caused by: org.openqa.selenium.NoSuchWindowException: Window is closed
Build info: version: '3.9.0', revision: '698b3178f0', time: '2018-02-05T14:26:55.441Z'
System info: host: 'DESKTOP-I9S3ABE', ip: '100.100.96.220', os.name: 'Windows 10', os.arch: 'amd64', os.version: '10.0', java.version: '1.8.0_101'
Driver info: org.openqa.selenium.ie.InternetExplorerDriver
Capabilities {acceptInsecureCerts: false, browserName: internet explorer, browserVersion: 11, javascriptEnabled: true, pageLoadStrategy: normal, platform: WINDOWS, platformName: WINDOWS, proxy: Proxy(), se:ieOptions: {browserAttachTimeout: 0, elementScrollBehavior: 0, enablePersistentHover: true, ie.browserCommandLineSwitches: , ie.ensureCleanSession: false, ie.fileUploadDialogTimeout: 3000, ie.forceCreateProcessApi: false, ignoreProtectedModeSettings: true, ignoreZoomSetting: false, initialBrowserUrl: http://localhost:42208/, nativeEvents: true, requireWindowFocus: false}, setWindowRect: true, timeouts: {implicit: 0, pageLoad: 300000, script: 30000}, unhandledPromptBehavior: ignore}
Session ID: 1f9e00e7-54a4-492a-823b-b02609543de4
	at sun.reflect.NativeConstructorAccessorImpl.newInstance0(Native Method)
	at sun.reflect.NativeConstructorAccessorImpl.newInstance(NativeConstructorAccessorImpl.java:62)
	at sun.reflect.DelegatingConstructorAccessorImpl.newInstance(DelegatingConstructorAccessorImpl.java:45)
	at java.lang.reflect.Constructor.newInstance(Constructor.java:423)
	at org.openqa.selenium.remote.http.W3CHttpResponseCodec.createException(W3CHttpResponseCodec.java:187)
	at org.openqa.selenium.remote.http.W3CHttpResponseCodec.decode(W3CHttpResponseCodec.java:122)
	at org.openqa.selenium.remote.http.W3CHttpResponseCodec.decode(W3CHttpResponseCodec.java:49)
	at org.openqa.selenium.remote.HttpCommandExecutor.execute(HttpCommandExecutor.java:160)
	at org.openqa.selenium.remote.service.DriverCommandExecutor.execute(DriverCommandExecutor.java:83)
	at org.openqa.selenium.remote.RemoteWebDriver.execute(RemoteWebDriver.java:601)
	at org.openqa.selenium.remote.RemoteWebDriver.execute(RemoteWebDriver.java:658)
	at org.openqa.selenium.remote.RemoteWebDriver.getWindowHandle(RemoteWebDriver.java:518)
	at sun.reflect.NativeMethodAccessorImpl.invoke0(Native Method)
	at sun.reflect.NativeMethodAccessorImpl.invoke(NativeMethodAccessorImpl.java:62)
	at sun.reflect.DelegatingMethodAccessorImpl.invoke(DelegatingMethodAccessorImpl.java:43)
	at java.lang.reflect.Method.invoke(Method.java:498)
	at org.openqa.selenium.support.events.EventFiringWebDriver$2.invoke(EventFiringWebDriver.java:108)
	at com.sun.proxy.$Proxy8.getWindowHandle(Unknown Source)
	at org.openqa.selenium.support.events.EventFiringWebDriver.getWindowHandle(EventFiringWebDriver.java:214)
	at com.sinosoft.test.base.TestBase$4.apply(TestBase.java:275)
	at com.sinosoft.test.base.TestBase$4.apply(TestBase.java:1)
	at org.openqa.selenium.support.ui.FluentWait.until(FluentWait.java:208)
	... 34 more
2020/07/14 11:42:41:899 DEBUG com.sinosoft.test.base.TestBase:69 - 初始化class com.sinosoft.test.fccp.common.CodeSelectPage
2020/07/14 11:42:41:905 DEBUG com.sinosoft.test.base.TestBase:39 - 基础码表选择！
2020/07/14 11:42:41:906 DEBUG com.sinosoft.test.base.TestBase:76 - Trying to find Element By : By.name: fieldValue
2020/07/14 11:42:41:922 DEBUG com.sinosoft.test.base.TestBase:66 - 系统自动捕获异常：Exception occured: org.openqa.selenium.NoSuchWindowException: Currently focused window has been closed.
Build info: version: '3.9.0', revision: '698b3178f0', time: '2018-02-05T14:26:55.441Z'
System info: host: 'DESKTOP-I9S3ABE', ip: '100.100.96.220', os.name: 'Windows 10', os.arch: 'amd64', os.version: '10.0', java.version: '1.8.0_101'
Driver info: org.openqa.selenium.ie.InternetExplorerDriver
Capabilities {acceptInsecureCerts: false, browserName: internet explorer, browserVersion: 11, javascriptEnabled: true, pageLoadStrategy: normal, platform: WINDOWS, platformName: WINDOWS, proxy: Proxy(), se:ieOptions: {browserAttachTimeout: 0, elementScrollBehavior: 0, enablePersistentHover: true, ie.browserCommandLineSwitches: , ie.ensureCleanSession: false, ie.fileUploadDialogTimeout: 3000, ie.forceCreateProcessApi: false, ignoreProtectedModeSettings: true, ignoreZoomSetting: false, initialBrowserUrl: http://localhost:42208/, nativeEvents: true, requireWindowFocus: false}, setWindowRect: true, timeouts: {implicit: 0, pageLoad: 300000, script: 30000}, unhandledPromptBehavior: ignore}
Session ID: 1f9e00e7-54a4-492a-823b-b02609543de4
*** Element info: {Using=name, value=fieldValue}
2020/07/14 11:42:41:922  INFO com.sinosoft.test.base.TestBase:68 - 异常的message 是：Currently focused window has been closed.
Build info: version: '3.9.0', revision: '698b3178f0', time: '2018-02-05T14:26:55.441Z'
System info: host: 'DESKTOP-I9S3ABE', ip: '100.100.96.220', os.name: 'Windows 10', os.arch: 'amd64', os.version: '10.0', java.version: '1.8.0_101'
Driver info: org.openqa.selenium.ie.InternetExplorerDriver
Capabilities {acceptInsecureCerts: false, browserName: internet explorer, browserVersion: 11, javascriptEnabled: true, pageLoadStrategy: normal, platform: WINDOWS, platformName: WINDOWS, proxy: Proxy(), se:ieOptions: {browserAttachTimeout: 0, elementScrollBehavior: 0, enablePersistentHover: true, ie.browserCommandLineSwitches: , ie.ensureCleanSession: false, ie.fileUploadDialogTimeout: 3000, ie.forceCreateProcessApi: false, ignoreProtectedModeSettings: true, ignoreZoomSetting: false, initialBrowserUrl: http://localhost:42208/, nativeEvents: true, requireWindowFocus: false}, setWindowRect: true, timeouts: {implicit: 0, pageLoad: 300000, script: 30000}, unhandledPromptBehavior: ignore}
Session ID: 1f9e00e7-54a4-492a-823b-b02609543de4
*** Element info: {Using=name, value=fieldValue}
2020/07/14 11:42:41:923  INFO com.sinosoft.test.base.TestBase:125 - 执行测试用例发生了异常，开始截屏
org.openqa.selenium.NoSuchWindowException: Currently focused window has been closed.
Build info: version: '3.9.0', revision: '698b3178f0', time: '2018-02-05T14:26:55.441Z'
System info: host: 'DESKTOP-I9S3ABE', ip: '100.100.96.220', os.name: 'Windows 10', os.arch: 'amd64', os.version: '10.0', java.version: '1.8.0_101'
Driver info: org.openqa.selenium.ie.InternetExplorerDriver
Capabilities {acceptInsecureCerts: false, browserName: internet explorer, browserVersion: 11, javascriptEnabled: true, pageLoadStrategy: normal, platform: WINDOWS, platformName: WINDOWS, proxy: Proxy(), se:ieOptions: {browserAttachTimeout: 0, elementScrollBehavior: 0, enablePersistentHover: true, ie.browserCommandLineSwitches: , ie.ensureCleanSession: false, ie.fileUploadDialogTimeout: 3000, ie.forceCreateProcessApi: false, ignoreProtectedModeSettings: true, ignoreZoomSetting: false, initialBrowserUrl: http://localhost:42208/, nativeEvents: true, requireWindowFocus: false}, setWindowRect: true, timeouts: {implicit: 0, pageLoad: 300000, script: 30000}, unhandledPromptBehavior: ignore}
Session ID: 1f9e00e7-54a4-492a-823b-b02609543de4
*** Element info: {Using=name, value=fieldValue}
	at sun.reflect.NativeConstructorAccessorImpl.newInstance0(Native Method)
	at sun.reflect.NativeConstructorAccessorImpl.newInstance(NativeConstructorAccessorImpl.java:62)
	at sun.reflect.DelegatingConstructorAccessorImpl.newInstance(DelegatingConstructorAccessorImpl.java:45)
	at java.lang.reflect.Constructor.newInstance(Constructor.java:423)
	at org.openqa.selenium.remote.http.W3CHttpResponseCodec.createException(W3CHttpResponseCodec.java:187)
	at org.openqa.selenium.remote.http.W3CHttpResponseCodec.decode(W3CHttpResponseCodec.java:122)
	at org.openqa.selenium.remote.http.W3CHttpResponseCodec.decode(W3CHttpResponseCodec.java:49)
	at org.openqa.selenium.remote.HttpCommandExecutor.execute(HttpCommandExecutor.java:160)
	at org.openqa.selenium.remote.service.DriverCommandExecutor.execute(DriverCommandExecutor.java:83)
	at org.openqa.selenium.remote.RemoteWebDriver.execute(RemoteWebDriver.java:601)
	at org.openqa.selenium.remote.RemoteWebDriver.findElement(RemoteWebDriver.java:371)
	at org.openqa.selenium.remote.RemoteWebDriver.findElementByName(RemoteWebDriver.java:449)
	at org.openqa.selenium.By$ByName.findElement(By.java:303)
	at org.openqa.selenium.remote.RemoteWebDriver.findElement(RemoteWebDriver.java:363)
	at sun.reflect.GeneratedMethodAccessor3.invoke(Unknown Source)
	at sun.reflect.DelegatingMethodAccessorImpl.invoke(DelegatingMethodAccessorImpl.java:43)
	at java.lang.reflect.Method.invoke(Method.java:498)
	at org.openqa.selenium.support.events.EventFiringWebDriver$2.invoke(EventFiringWebDriver.java:108)
	at com.sun.proxy.$Proxy8.findElement(Unknown Source)
	at org.openqa.selenium.support.events.EventFiringWebDriver.findElement(EventFiringWebDriver.java:192)
	at org.openqa.selenium.support.pagefactory.DefaultElementLocator.findElement(DefaultElementLocator.java:69)
	at org.openqa.selenium.support.pagefactory.AjaxElementLocator.access$001(AjaxElementLocator.java:41)
	at org.openqa.selenium.support.pagefactory.AjaxElementLocator$SlowLoadingElement.isLoaded(AjaxElementLocator.java:157)
	at org.openqa.selenium.support.ui.SlowLoadableComponent.get(SlowLoadableComponent.java:48)
	at org.openqa.selenium.support.pagefactory.AjaxElementLocator.findElement(AjaxElementLocator.java:87)
	at org.openqa.selenium.support.pagefactory.internal.LocatingElementHandler.invoke(LocatingElementHandler.java:38)
	at com.sun.proxy.$Proxy12.toString(Unknown Source)
	at com.sinosoft.test.base.TestBase.setEditboxValue(TestBase.java:360)
	at com.sinosoft.test.fccp.common.CodeSelectPage.selectByCodes(CodeSelectPage.java:45)
	at com.sinosoft.test.fccp.common.FccbBase.CodeSelect(FccbBase.java:46)
	at com.sinosoft.test.fccp.tbcl.BasicInfoPage.inputSalesInfoAction(BasicInfoPage.java:348)
	at com.sinosoft.test.fccp.tbcl.BasicInfoPage.inputSalesInfoAction(BasicInfoPage.java:363)
	at com.sinosoft.testcases.fccb.TBGLTestCase.FCCB_TBCL(TBGLTestCase.java:93)
	at sun.reflect.NativeMethodAccessorImpl.invoke0(Native Method)
	at sun.reflect.NativeMethodAccessorImpl.invoke(NativeMethodAccessorImpl.java:62)
	at sun.reflect.DelegatingMethodAccessorImpl.invoke(DelegatingMethodAccessorImpl.java:43)
	at java.lang.reflect.Method.invoke(Method.java:498)
	at org.testng.internal.MethodInvocationHelper.invokeMethod(MethodInvocationHelper.java:108)
	at org.testng.internal.Invoker.invokeMethod(Invoker.java:661)
	at org.testng.internal.Invoker.invokeTestMethod(Invoker.java:869)
	at org.testng.internal.Invoker.invokeTestMethods(Invoker.java:1193)
	at org.testng.internal.TestMethodWorker.invokeTestMethods(TestMethodWorker.java:126)
	at org.testng.internal.TestMethodWorker.run(TestMethodWorker.java:109)
	at org.testng.TestRunner.privateRun(TestRunner.java:744)
	at org.testng.TestRunner.run(TestRunner.java:602)
	at org.testng.SuiteRunner.runTest(SuiteRunner.java:380)
	at org.testng.SuiteRunner.runSequentially(SuiteRunner.java:375)
	at org.testng.SuiteRunner.privateRun(SuiteRunner.java:340)
	at org.testng.SuiteRunner.run(SuiteRunner.java:289)
	at org.testng.SuiteRunnerWorker.runSuite(SuiteRunnerWorker.java:52)
	at org.testng.SuiteRunnerWorker.run(SuiteRunnerWorker.java:86)
	at org.testng.TestNG.runSuitesSequentially(TestNG.java:1301)
	at org.testng.TestNG.runSuitesLocally(TestNG.java:1226)
	at org.testng.TestNG.runSuites(TestNG.java:1144)
	at org.testng.TestNG.run(TestNG.java:1115)
	at org.apache.maven.surefire.testng.TestNGExecutor.run(TestNGExecutor.java:283)
	at org.apache.maven.surefire.testng.TestNGXmlTestSuite.execute(TestNGXmlTestSuite.java:75)
	at org.apache.maven.surefire.testng.TestNGProvider.invoke(TestNGProvider.java:120)
	at org.apache.maven.surefire.booter.ForkedBooter.invokeProviderInSameClassLoader(ForkedBooter.java:384)
	at org.apache.maven.surefire.booter.ForkedBooter.runSuitesInProcess(ForkedBooter.java:345)
	at org.apache.maven.surefire.booter.ForkedBooter.execute(ForkedBooter.java:126)
	at org.apache.maven.surefire.booter.ForkedBooter.main(ForkedBooter.java:418)
2020/07/14 11:42:41:924 DEBUG com.sinosoft.test.base.TestBase:88 - 截屏文件名字是：FCCB_TB_JCX_1_异常截屏
2020/07/14 11:42:41:940 DEBUG com.sinosoft.test.base.TestBase:66 - 系统自动捕获异常：Exception occured: org.openqa.selenium.NoSuchWindowException: Unable to get browser
Build info: version: '3.9.0', revision: '698b3178f0', time: '2018-02-05T14:26:55.441Z'
System info: host: 'DESKTOP-I9S3ABE', ip: '100.100.96.220', os.name: 'Windows 10', os.arch: 'amd64', os.version: '10.0', java.version: '1.8.0_101'
Driver info: org.openqa.selenium.ie.InternetExplorerDriver
Capabilities {acceptInsecureCerts: false, browserName: internet explorer, browserVersion: 11, javascriptEnabled: true, pageLoadStrategy: normal, platform: WINDOWS, platformName: WINDOWS, proxy: Proxy(), se:ieOptions: {browserAttachTimeout: 0, elementScrollBehavior: 0, enablePersistentHover: true, ie.browserCommandLineSwitches: , ie.ensureCleanSession: false, ie.fileUploadDialogTimeout: 3000, ie.forceCreateProcessApi: false, ignoreProtectedModeSettings: true, ignoreZoomSetting: false, initialBrowserUrl: http://localhost:42208/, nativeEvents: true, requireWindowFocus: false}, setWindowRect: true, timeouts: {implicit: 0, pageLoad: 300000, script: 30000}, unhandledPromptBehavior: ignore}
Session ID: 1f9e00e7-54a4-492a-823b-b02609543de4
2020/07/14 11:42:41:941  INFO com.sinosoft.test.base.TestBase:68 - 异常的message 是：Unable to get browser
Build info: version: '3.9.0', revision: '698b3178f0', time: '2018-02-05T14:26:55.441Z'
System info: host: 'DESKTOP-I9S3ABE', ip: '100.100.96.220', os.name: 'Windows 10', os.arch: 'amd64', os.version: '10.0', java.version: '1.8.0_101'
Driver info: org.openqa.selenium.ie.InternetExplorerDriver
Capabilities {acceptInsecureCerts: false, browserName: internet explorer, browserVersion: 11, javascriptEnabled: true, pageLoadStrategy: normal, platform: WINDOWS, platformName: WINDOWS, proxy: Proxy(), se:ieOptions: {browserAttachTimeout: 0, elementScrollBehavior: 0, enablePersistentHover: true, ie.browserCommandLineSwitches: , ie.ensureCleanSession: false, ie.fileUploadDialogTimeout: 3000, ie.forceCreateProcessApi: false, ignoreProtectedModeSettings: true, ignoreZoomSetting: false, initialBrowserUrl: http://localhost:42208/, nativeEvents: true, requireWindowFocus: false}, setWindowRect: true, timeouts: {implicit: 0, pageLoad: 300000, script: 30000}, unhandledPromptBehavior: ignore}
Session ID: 1f9e00e7-54a4-492a-823b-b02609543de4
2020/07/14 11:42:41:941 ERROR com.sinosoft.test.base.TestBase:94 - 浏览截屏失败：
org.openqa.selenium.NoSuchWindowException: Unable to get browser
Build info: version: '3.9.0', revision: '698b3178f0', time: '2018-02-05T14:26:55.441Z'
System info: host: 'DESKTOP-I9S3ABE', ip: '100.100.96.220', os.name: 'Windows 10', os.arch: 'amd64', os.version: '10.0', java.version: '1.8.0_101'
Driver info: org.openqa.selenium.ie.InternetExplorerDriver
Capabilities {acceptInsecureCerts: false, browserName: internet explorer, browserVersion: 11, javascriptEnabled: true, pageLoadStrategy: normal, platform: WINDOWS, platformName: WINDOWS, proxy: Proxy(), se:ieOptions: {browserAttachTimeout: 0, elementScrollBehavior: 0, enablePersistentHover: true, ie.browserCommandLineSwitches: , ie.ensureCleanSession: false, ie.fileUploadDialogTimeout: 3000, ie.forceCreateProcessApi: false, ignoreProtectedModeSettings: true, ignoreZoomSetting: false, initialBrowserUrl: http://localhost:42208/, nativeEvents: true, requireWindowFocus: false}, setWindowRect: true, timeouts: {implicit: 0, pageLoad: 300000, script: 30000}, unhandledPromptBehavior: ignore}
Session ID: 1f9e00e7-54a4-492a-823b-b02609543de4
	at sun.reflect.NativeConstructorAccessorImpl.newInstance0(Native Method)
	at sun.reflect.NativeConstructorAccessorImpl.newInstance(NativeConstructorAccessorImpl.java:62)
	at sun.reflect.DelegatingConstructorAccessorImpl.newInstance(DelegatingConstructorAccessorImpl.java:45)
	at java.lang.reflect.Constructor.newInstance(Constructor.java:423)
	at org.openqa.selenium.remote.http.W3CHttpResponseCodec.createException(W3CHttpResponseCodec.java:187)
	at org.openqa.selenium.remote.http.W3CHttpResponseCodec.decode(W3CHttpResponseCodec.java:122)
	at org.openqa.selenium.remote.http.W3CHttpResponseCodec.decode(W3CHttpResponseCodec.java:49)
	at org.openqa.selenium.remote.HttpCommandExecutor.execute(HttpCommandExecutor.java:160)
	at org.openqa.selenium.remote.service.DriverCommandExecutor.execute(DriverCommandExecutor.java:83)
	at org.openqa.selenium.remote.RemoteWebDriver.execute(RemoteWebDriver.java:601)
	at org.openqa.selenium.remote.RemoteWebDriver.execute(RemoteWebDriver.java:658)
	at org.openqa.selenium.ie.InternetExplorerDriver.getScreenshotAs(InternetExplorerDriver.java:235)
	at sun.reflect.NativeMethodAccessorImpl.invoke0(Native Method)
	at sun.reflect.NativeMethodAccessorImpl.invoke(NativeMethodAccessorImpl.java:62)
	at sun.reflect.DelegatingMethodAccessorImpl.invoke(DelegatingMethodAccessorImpl.java:43)
	at java.lang.reflect.Method.invoke(Method.java:498)
	at org.openqa.selenium.support.events.EventFiringWebDriver$2.invoke(EventFiringWebDriver.java:108)
	at com.sun.proxy.$Proxy8.getScreenshotAs(Unknown Source)
	at org.openqa.selenium.support.events.EventFiringWebDriver.getScreenshotAs(EventFiringWebDriver.java:291)
	at com.sinosoft.test.util.TestUtil.takeScreenshot(TestUtil.java:89)
	at com.sinosoft.testcases.fccb.TBGLTestCase.FCCB_TBCL(TBGLTestCase.java:126)
	at sun.reflect.NativeMethodAccessorImpl.invoke0(Native Method)
	at sun.reflect.NativeMethodAccessorImpl.invoke(NativeMethodAccessorImpl.java:62)
	at sun.reflect.DelegatingMethodAccessorImpl.invoke(DelegatingMethodAccessorImpl.java:43)
	at java.lang.reflect.Method.invoke(Method.java:498)
	at org.testng.internal.MethodInvocationHelper.invokeMethod(MethodInvocationHelper.java:108)
	at org.testng.internal.Invoker.invokeMethod(Invoker.java:661)
	at org.testng.internal.Invoker.invokeTestMethod(Invoker.java:869)
	at org.testng.internal.Invoker.invokeTestMethods(Invoker.java:1193)
	at org.testng.internal.TestMethodWorker.invokeTestMethods(TestMethodWorker.java:126)
	at org.testng.internal.TestMethodWorker.run(TestMethodWorker.java:109)
	at org.testng.TestRunner.privateRun(TestRunner.java:744)
	at org.testng.TestRunner.run(TestRunner.java:602)
	at org.testng.SuiteRunner.runTest(SuiteRunner.java:380)
	at org.testng.SuiteRunner.runSequentially(SuiteRunner.java:375)
	at org.testng.SuiteRunner.privateRun(SuiteRunner.java:340)
	at org.testng.SuiteRunner.run(SuiteRunner.java:289)
	at org.testng.SuiteRunnerWorker.runSuite(SuiteRunnerWorker.java:52)
	at org.testng.SuiteRunnerWorker.run(SuiteRunnerWorker.java:86)
	at org.testng.TestNG.runSuitesSequentially(TestNG.java:1301)
	at org.testng.TestNG.runSuitesLocally(TestNG.java:1226)
	at org.testng.TestNG.runSuites(TestNG.java:1144)
	at org.testng.TestNG.run(TestNG.java:1115)
	at org.apache.maven.surefire.testng.TestNGExecutor.run(TestNGExecutor.java:283)
	at org.apache.maven.surefire.testng.TestNGXmlTestSuite.execute(TestNGXmlTestSuite.java:75)
	at org.apache.maven.surefire.testng.TestNGProvider.invoke(TestNGProvider.java:120)
	at org.apache.maven.surefire.booter.ForkedBooter.invokeProviderInSameClassLoader(ForkedBooter.java:384)
	at org.apache.maven.surefire.booter.ForkedBooter.runSuitesInProcess(ForkedBooter.java:345)
	at org.apache.maven.surefire.booter.ForkedBooter.execute(ForkedBooter.java:126)
	at org.apache.maven.surefire.booter.ForkedBooter.main(ForkedBooter.java:418)
2020/07/14 11:42:41:943  INFO com.sinosoft.test.base.TestBase:129 - 执行测试用例发生了异常，截屏结束！
2020/07/14 11:42:41:946  INFO com.sinosoft.test.base.TestBase:132 - 进入Finally事件:RowID:2
2020/07/14 11:42:41:946  INFO com.sinosoft.test.base.TestBase:133 - 进入Finally事件:testCaseName:FCCB_TBCL
2020/07/14 11:42:41:946  INFO com.sinosoft.test.base.TestBase:134 - 进入Finally事件:proposalNumber:06201900101202000000000077
2020/07/14 11:42:41:947  INFO com.sinosoft.test.base.TestBase:135 - 进入Finally事件:message:未知异常Currently focused window has been closed.
Build info: version: '3.9.0', revision: '698b3178f0', time: '2018-02-05T14:26:55.441Z'
System info: host: 'DESKTOP-I9S3ABE', ip: '100.100.96.220', os.name: 'Windows 10', os.arch: 'amd64', os.version: '10.0', java.version: '1.8.0_101'
Driver info: org.openqa.selenium.ie.InternetExplorerDriver
Capabilities {acceptInsecureCerts: false, browserName: internet explorer, browserVersion: 11, javascriptEnabled: true, pageLoadStrategy: normal, platform: WINDOWS, platformName: WINDOWS, proxy: Proxy(), se:ieOptions: {browserAttachTimeout: 0, elementScrollBehavior: 0, enablePersistentHover: true, ie.browserCommandLineSwitches: , ie.ensureCleanSession: false, ie.fileUploadDialogTimeout: 3000, ie.forceCreateProcessApi: false, ignoreProtectedModeSettings: true, ignoreZoomSetting: false, initialBrowserUrl: http://localhost:42208/, nativeEvents: true, requireWindowFocus: false}, setWindowRect: true, timeouts: {implicit: 0, pageLoad: 300000, script: 30000}, unhandledPromptBehavior: ignore}
Session ID: 1f9e00e7-54a4-492a-823b-b02609543de4
*** Element info: {Using=name, value=fieldValue}
2020/07/14 11:42:41:947  INFO com.sinosoft.test.base.TestBase:136 - 进入Finally事件:screenshot:
2020/07/14 11:42:42:542 DEBUG freemarker.cache:45 - Couldn't find template in cache for "index.ftl"("en", UTF-8, parsed); will try to load it.
2020/07/14 11:42:42:544 DEBUG freemarker.cache:45 - TemplateLoader.findTemplateSource("index_en.ftl"): Not found
2020/07/14 11:42:42:546 DEBUG freemarker.cache:45 - TemplateLoader.findTemplateSource("index.ftl"): Found
2020/07/14 11:42:42:546 DEBUG freemarker.cache:45 - Loading template for "index.ftl"("en", UTF-8, parsed) from "jar:file:/C:/Users/liu-b/.m2/repository/com/aventstack/extentreports/3.1.3/extentreports-3.1.3.jar!/com/aventstack/extentreports/view/html-report/index.ftl"
2020/07/14 11:42:42:790 DEBUG freemarker.cache:45 - Couldn't find template in cache for "head.ftl"("en", UTF-8, parsed); will try to load it.
2020/07/14 11:42:42:791 DEBUG freemarker.cache:45 - TemplateLoader.findTemplateSource("head_en.ftl"): Not found
2020/07/14 11:42:42:791 DEBUG freemarker.cache:45 - TemplateLoader.findTemplateSource("head.ftl"): Found
2020/07/14 11:42:42:791 DEBUG freemarker.cache:45 - Loading template for "head.ftl"("en", UTF-8, parsed) from "jar:file:/C:/Users/liu-b/.m2/repository/com/aventstack/extentreports/3.1.3/extentreports-3.1.3.jar!/com/aventstack/extentreports/view/html-report/head.ftl"
2020/07/14 11:42:42:794 DEBUG freemarker.cache:45 - Couldn't find template in cache for "nav.ftl"("en", UTF-8, parsed); will try to load it.
2020/07/14 11:42:42:795 DEBUG freemarker.cache:45 - TemplateLoader.findTemplateSource("nav_en.ftl"): Not found
2020/07/14 11:42:42:795 DEBUG freemarker.cache:45 - TemplateLoader.findTemplateSource("nav.ftl"): Found
2020/07/14 11:42:42:795 DEBUG freemarker.cache:45 - Loading template for "nav.ftl"("en", UTF-8, parsed) from "jar:file:/C:/Users/liu-b/.m2/repository/com/aventstack/extentreports/3.1.3/extentreports-3.1.3.jar!/com/aventstack/extentreports/view/html-report/nav.ftl"
2020/07/14 11:42:42:807 DEBUG freemarker.cache:45 - Couldn't find template in cache for "test-view/test-view.ftl"("en", UTF-8, parsed); will try to load it.
2020/07/14 11:42:42:808 DEBUG freemarker.cache:45 - TemplateLoader.findTemplateSource("test-view/test-view_en.ftl"): Not found
2020/07/14 11:42:42:808 DEBUG freemarker.cache:45 - TemplateLoader.findTemplateSource("test-view/test-view.ftl"): Found
2020/07/14 11:42:42:808 DEBUG freemarker.cache:45 - Loading template for "test-view/test-view.ftl"("en", UTF-8, parsed) from "jar:file:/C:/Users/liu-b/.m2/repository/com/aventstack/extentreports/3.1.3/extentreports-3.1.3.jar!/com/aventstack/extentreports/view/html-report/test-view/test-view.ftl"
2020/07/14 11:42:42:820 DEBUG freemarker.cache:45 - Couldn't find template in cache for "test-view/test-view-charts.ftl"("en", UTF-8, parsed); will try to load it.
2020/07/14 11:42:42:820 DEBUG freemarker.cache:45 - TemplateLoader.findTemplateSource("test-view/test-view-charts_en.ftl"): Not found
2020/07/14 11:42:42:821 DEBUG freemarker.cache:45 - TemplateLoader.findTemplateSource("test-view/test-view-charts.ftl"): Found
2020/07/14 11:42:42:821 DEBUG freemarker.cache:45 - Loading template for "test-view/test-view-charts.ftl"("en", UTF-8, parsed) from "jar:file:/C:/Users/liu-b/.m2/repository/com/aventstack/extentreports/3.1.3/extentreports-3.1.3.jar!/com/aventstack/extentreports/view/html-report/test-view/test-view-charts.ftl"
2020/07/14 11:42:42:836 DEBUG freemarker.cache:45 - Couldn't find template in cache for "test-view/standard.ftl"("en", UTF-8, parsed); will try to load it.
2020/07/14 11:42:42:836 DEBUG freemarker.cache:45 - TemplateLoader.findTemplateSource("test-view/standard_en.ftl"): Not found
2020/07/14 11:42:42:837 DEBUG freemarker.cache:45 - TemplateLoader.findTemplateSource("test-view/standard.ftl"): Found
2020/07/14 11:42:42:837 DEBUG freemarker.cache:45 - Loading template for "test-view/standard.ftl"("en", UTF-8, parsed) from "jar:file:/C:/Users/liu-b/.m2/repository/com/aventstack/extentreports/3.1.3/extentreports-3.1.3.jar!/com/aventstack/extentreports/view/html-report/test-view/standard.ftl"
2020/07/14 11:42:42:855 DEBUG freemarker.cache:45 - Couldn't find template in cache for "category-view/category-view.ftl"("en", UTF-8, parsed); will try to load it.
2020/07/14 11:42:42:856 DEBUG freemarker.cache:45 - TemplateLoader.findTemplateSource("category-view/category-view_en.ftl"): Not found
2020/07/14 11:42:42:856 DEBUG freemarker.cache:45 - TemplateLoader.findTemplateSource("category-view/category-view.ftl"): Found
2020/07/14 11:42:42:856 DEBUG freemarker.cache:45 - Loading template for "category-view/category-view.ftl"("en", UTF-8, parsed) from "jar:file:/C:/Users/liu-b/.m2/repository/com/aventstack/extentreports/3.1.3/extentreports-3.1.3.jar!/com/aventstack/extentreports/view/html-report/category-view/category-view.ftl"
2020/07/14 11:42:42:859 DEBUG freemarker.cache:45 - Couldn't find template in cache for "author-view/author-view.ftl"("en", UTF-8, parsed); will try to load it.
2020/07/14 11:42:42:860 DEBUG freemarker.cache:45 - TemplateLoader.findTemplateSource("author-view/author-view_en.ftl"): Not found
2020/07/14 11:42:42:860 DEBUG freemarker.cache:45 - TemplateLoader.findTemplateSource("author-view/author-view.ftl"): Found
2020/07/14 11:42:42:861 DEBUG freemarker.cache:45 - Loading template for "author-view/author-view.ftl"("en", UTF-8, parsed) from "jar:file:/C:/Users/liu-b/.m2/repository/com/aventstack/extentreports/3.1.3/extentreports-3.1.3.jar!/com/aventstack/extentreports/view/html-report/author-view/author-view.ftl"
2020/07/14 11:42:42:869 DEBUG freemarker.cache:45 - Couldn't find template in cache for "exception-view/exception-view.ftl"("en", UTF-8, parsed); will try to load it.
2020/07/14 11:42:42:870 DEBUG freemarker.cache:45 - TemplateLoader.findTemplateSource("exception-view/exception-view_en.ftl"): Not found
2020/07/14 11:42:42:871 DEBUG freemarker.cache:45 - TemplateLoader.findTemplateSource("exception-view/exception-view.ftl"): Found
2020/07/14 11:42:42:871 DEBUG freemarker.cache:45 - Loading template for "exception-view/exception-view.ftl"("en", UTF-8, parsed) from "jar:file:/C:/Users/liu-b/.m2/repository/com/aventstack/extentreports/3.1.3/extentreports-3.1.3.jar!/com/aventstack/extentreports/view/html-report/exception-view/exception-view.ftl"
2020/07/14 11:42:42:880 DEBUG freemarker.cache:45 - Couldn't find template in cache for "dashboard-view/dashboard-view.ftl"("en", UTF-8, parsed); will try to load it.
2020/07/14 11:42:42:884 DEBUG freemarker.cache:45 - TemplateLoader.findTemplateSource("dashboard-view/dashboard-view_en.ftl"): Not found
2020/07/14 11:42:42:886 DEBUG freemarker.cache:45 - TemplateLoader.findTemplateSource("dashboard-view/dashboard-view.ftl"): Found
2020/07/14 11:42:42:887 DEBUG freemarker.cache:45 - Loading template for "dashboard-view/dashboard-view.ftl"("en", UTF-8, parsed) from "jar:file:/C:/Users/liu-b/.m2/repository/com/aventstack/extentreports/3.1.3/extentreports-3.1.3.jar!/com/aventstack/extentreports/view/html-report/dashboard-view/dashboard-view.ftl"
2020/07/14 11:42:42:893 DEBUG freemarker.cache:45 - Couldn't find template in cache for "logs-view/testrunner-logs-view.ftl"("en", UTF-8, parsed); will try to load it.
2020/07/14 11:42:42:895 DEBUG freemarker.cache:45 - TemplateLoader.findTemplateSource("logs-view/testrunner-logs-view_en.ftl"): Not found
2020/07/14 11:42:42:895 DEBUG freemarker.cache:45 - TemplateLoader.findTemplateSource("logs-view/testrunner-logs-view.ftl"): Found
2020/07/14 11:42:42:902 DEBUG freemarker.cache:45 - Loading template for "logs-view/testrunner-logs-view.ftl"("en", UTF-8, parsed) from "jar:file:/C:/Users/liu-b/.m2/repository/com/aventstack/extentreports/3.1.3/extentreports-3.1.3.jar!/com/aventstack/extentreports/view/html-report/logs-view/testrunner-logs-view.ftl"
2020/07/14 11:43:14:544  INFO com.sinosoft.test.base.TestBase:59 - 配置文件路径：config.properties
2020/07/14 11:43:14:547 DEBUG com.sinosoft.test.base.TestBase:69 - 初始化class com.sinosoft.testcases.fccb.TBGLTestCase
2020/07/14 11:43:14:599 DEBUG com.sinosoft.test.base.TestBase:69 - 初始化class com.sinosoft.test.util.ExcelDataProvider
2020/07/14 11:43:15:355  INFO com.sinosoft.test.base.TestBase:80 - 当前文件里面一共有数据：4
2020/07/14 11:43:15:390  INFO com.sinosoft.test.base.TestBase:91 - start InternetExplorerDriver
2020/07/14 11:43:17:713 DEBUG com.sinosoft.test.base.TestBase:69 - 初始化class com.sinosoft.test.util.WebEventListener
2020/07/14 11:43:17:734  INFO com.sinosoft.test.base.TestBase:80 - 开始运行测试脚本，获取到的测试数据《getTBCLTestData》如下:
2020/07/14 11:43:17:736  INFO com.sinosoft.test.base.TestBase:81 - ROW_ID=2
ProcessFlag=Y
TestCaseName=FCCB_TB_JCX
TestCaseSeq=1
TestDescription=非车承保企财险-财产基本险-出单
riskClass=01
riskCode=0101
renewalInd=0
renewalPolicy=
prePay=
carrayOver=
carrayOverPolicy=
relatedInd=
relatedPolicy=
fbbs=
ywgs=01620190
qdlx=01
gdbs=0
xstd=T6201900101
ywy=S000000006
ywly=01010101
dljg=
xsxy=
cxywbs=HXXT
cdjg=
htzyjjfs=
jnwbz=
jw_country=
jw_Addr=
snbz=
sftkbd=0
sfdzbd=0
sfxb=0
fxqkyjytz=
sfydyw=
sfsn=
xbbdh=
tbr_lx=2
tbr_mc=
tbr_vip=
tbr_dm=G6200019603
tbr_zjlx=
tbr_zjhm=
tbr_sj=
tbr_csrq=
tbr_lxdz=
tbr_dwdh=010-67549095-456
lxr_xm=
lxr_xb=
lxr_zw=
lxr_sj=
lxr_yx=
xzsyfw=1
tqmc=
qbrq=
zbrq=
lgbbz=1
yyzdbz=1
sfgxdm=1
cbdq=
zzfwlx=0
hydl=12
hyxl=12006
jqbm=121121123123
bbdm=CNY
sf=130000
cs=130300
qx=130302
yb=065201
jzdj=01
bxcs=北戴河公园
bdw_jd=金融街街道
bdw_yyxz=
bdw_sfhyf=
bdw_fxlx=
bdw_sbmc=
bdw_cjh=
bdw_fdjh=
bdw_cjdjrq=
bdw_cllx=
bdw_cpcx=
bdw_sccj=
bdw_gzjz=
bdw_sgzyqy=
bdw_zylx=
bdw=010001
bdwmx=碣石公园礁石群
xbdm=0101001
jrbe=1
jzfs=10
bxje=2000000
bffl=0.5
dqflbz=2
ysbf=400
yyzd_zdpcg=24
yyzd_sndmlrze=6000000
yyzd_sndyye=20000000
yyzd_bdw=010056
yyzd_bdwmx=
yyzd_xbdm=0105001
yyzd_jrbe=1
yyzd_jzfs=18
yyzd_bxje=200000
yyzd_bffl=3
yyzd_dqflbz=3
yyzd_ysbf=4000
fsh=6
xsfdj=B
xsfxs=2
jgx_sf=
jgx_cs=
jgx_qx=
jgx_gcdd=
jgx_bb=
jgx_gcmc=
jgx_gclx_1=
jgx_gclx_2=
jgx_gclx_3=
jgx_gclx_4=
jgx_gclx_5=
jgx_gclx_6=
jgx_yzssjt=
jgx_yz=
jgx_cbs_ssjt=
jgx_cbs=
jgx_gchth=
jgx_gcjz=
jgx_gcqsrq=
jgx_gczzrq=
jgx_gcfw=
jgx_scqqsrq=
jgx_scqzzrq=
jgx_bzqqsrq=
jgx_bzqzzrq=
jgx_ws_xmlbdm=
jgx_ws_jrbe=
jgx_ws_bxje=
jgx_ws_fl=
jgx_ws_dqflbz=
jgx_ws_ysbf=
jgx_sz_xbdm=
jgx_sz_jrbe=
jgx_sz_ljpcxe=
jgx_sz_fv=
jgx_sz_dqflbz=
jgx_sz_ysbf=
proposalNumber=06201900101202000000000077
message=未知异常Currently focused window has been closed.
Build info: version: '3.9.0', revision: '698b3178f0', time: '2018-02-05T14:26:55.441Z'
System info: host: 'DESKTOP-I9S3ABE', ip: '100.100.96.220', os.name: 'Windows 10', os.arch: 'amd64', os.version: '10.0', java.version: '1.8.0_101'
Driver info: org.openqa.selenium.ie.InternetExplorerDriver
Capabilities {acceptInsecureCerts: false, browserName: internet explorer, browserVersion: 11, javascriptEnabled: true, pageLoadStrategy: normal, platform: WINDOWS, platformName: WINDOWS, proxy: Proxy(), se:ieOptions: {browserAttachTimeout: 0, elementScrollBehavior: 0, enablePersistentHover: true, ie.browserCommandLineSwitches: , ie.ensureCleanSession: false, ie.fileUploadDialogTimeout: 3000, ie.forceCreateProcessApi: false, ignoreProtectedModeSettings: true, ignoreZoomSetting: false, initialBrowserUrl: http://localhost:42208/, nativeEvents: true, requireWindowFocus: false}, setWindowRect: true, timeouts: {implicit: 0, pageLoad: 300000, script: 30000}, unhandledPromptBehavior: ignore}
Session ID: 1f9e00e7-54a4-492a-823b-b02609543de4
*** Element info: {Using=name, value=fieldValue}
screenshot=
testCaseName=FCCB_TBCL

2020/07/14 11:43:17:739 DEBUG com.sinosoft.test.base.TestBase:69 - 初始化class com.sinosoft.test.fccp.common.LoginPage
2020/07/14 11:43:22:761 DEBUG com.sinosoft.test.base.TestBase:26 - Before navigating to: 'http://tvfchxyw.ypic.cn'
2020/07/14 11:43:23:220 DEBUG com.sinosoft.test.base.TestBase:30 - Navigated to:'http://tvfchxyw.ypic.cn'
2020/07/14 11:43:23:221 DEBUG com.sinosoft.test.base.TestBase:76 - Trying to find Element By : By.id: username
2020/07/14 11:43:23:370 DEBUG com.sinosoft.test.base.TestBase:80 - Found Element By : By.id: username
2020/07/14 11:43:23:373  INFO com.sinosoft.test.base.TestBase:360 - setEditboxValue:[[InternetExplorerDriver: internet explorer on WINDOWS (b98f09c3-cd7e-4a2b-b12c-f212a4033583)] -> id: username]：policy1@ypic
2020/07/14 11:43:23:374 DEBUG com.sinosoft.test.base.TestBase:76 - Trying to find Element By : By.id: username
2020/07/14 11:43:23:545 DEBUG com.sinosoft.test.base.TestBase:80 - Found Element By : By.id: username
2020/07/14 11:43:23:904 DEBUG com.sinosoft.test.base.TestBase:76 - Trying to find Element By : By.id: username
2020/07/14 11:43:24:050 DEBUG com.sinosoft.test.base.TestBase:80 - Found Element By : By.id: username
2020/07/14 11:43:24:522 DEBUG com.sinosoft.test.base.TestBase:76 - Trying to find Element By : By.id: username
2020/07/14 11:43:24:687 DEBUG com.sinosoft.test.base.TestBase:80 - Found Element By : By.id: username
2020/07/14 11:43:24:688  INFO com.sinosoft.test.base.TestBase:363 - setEditboxValue—End:[[InternetExplorerDriver: internet explorer on WINDOWS (b98f09c3-cd7e-4a2b-b12c-f212a4033583)] -> id: username]：policy1@ypic
2020/07/14 11:43:24:688 DEBUG com.sinosoft.test.base.TestBase:76 - Trying to find Element By : By.id: password
2020/07/14 11:43:24:836 DEBUG com.sinosoft.test.base.TestBase:80 - Found Element By : By.id: password
2020/07/14 11:43:24:836  INFO com.sinosoft.test.base.TestBase:360 - setEditboxValue:[[InternetExplorerDriver: internet explorer on WINDOWS (b98f09c3-cd7e-4a2b-b12c-f212a4033583)] -> id: password]：ypic@1234
2020/07/14 11:43:24:837 DEBUG com.sinosoft.test.base.TestBase:76 - Trying to find Element By : By.id: password
2020/07/14 11:43:24:986 DEBUG com.sinosoft.test.base.TestBase:80 - Found Element By : By.id: password
2020/07/14 11:43:25:324 DEBUG com.sinosoft.test.base.TestBase:76 - Trying to find Element By : By.id: password
2020/07/14 11:43:25:503 DEBUG com.sinosoft.test.base.TestBase:80 - Found Element By : By.id: password
2020/07/14 11:43:25:888 DEBUG com.sinosoft.test.base.TestBase:76 - Trying to find Element By : By.id: password
2020/07/14 11:43:26:037 DEBUG com.sinosoft.test.base.TestBase:80 - Found Element By : By.id: password
2020/07/14 11:43:26:038  INFO com.sinosoft.test.base.TestBase:363 - setEditboxValue—End:[[InternetExplorerDriver: internet explorer on WINDOWS (b98f09c3-cd7e-4a2b-b12c-f212a4033583)] -> id: password]：ypic@1234
2020/07/14 11:43:26:038 DEBUG com.sinosoft.test.base.TestBase:76 - Trying to find Element By : By.id: bt_submit
2020/07/14 11:43:26:185 DEBUG com.sinosoft.test.base.TestBase:80 - Found Element By : By.id: bt_submit
2020/07/14 11:43:26:185  INFO com.sinosoft.test.base.TestBase:402 - clickButton:[[InternetExplorerDriver: internet explorer on WINDOWS (b98f09c3-cd7e-4a2b-b12c-f212a4033583)] -> id: bt_submit]
2020/07/14 11:43:26:186 DEBUG com.sinosoft.test.base.TestBase:76 - Trying to find Element By : By.id: bt_submit
2020/07/14 11:43:26:334 DEBUG com.sinosoft.test.base.TestBase:80 - Found Element By : By.id: bt_submit
2020/07/14 11:43:26:334 DEBUG com.sinosoft.test.base.TestBase:42 - Trying to click on: [[InternetExplorerDriver: internet explorer on WINDOWS (b98f09c3-cd7e-4a2b-b12c-f212a4033583)] -> id: bt_submit]
2020/07/14 11:43:27:534 DEBUG com.sinosoft.test.base.TestBase:46 - Clicked on: [[InternetExplorerDriver: internet explorer on WINDOWS (b98f09c3-cd7e-4a2b-b12c-f212a4033583)] -> id: bt_submit]
2020/07/14 11:43:27:537 DEBUG com.sinosoft.test.base.TestBase:76 - Trying to find Element By : By.xpath: //input[@value='继续登录']
2020/07/14 11:43:27:656 DEBUG com.sinosoft.test.base.TestBase:80 - Found Element By : By.xpath: //input[@value='继续登录']
2020/07/14 11:43:27:968  INFO com.sinosoft.test.base.TestBase:73 - 重复登录，发现继续登录按钮，强制登录ButtonName:[[InternetExplorerDriver: internet explorer on WINDOWS (b98f09c3-cd7e-4a2b-b12c-f212a4033583)] -> xpath: //input[@value='继续登录']];Displayed：+true;Enabled=true
2020/07/14 11:43:27:968  INFO com.sinosoft.test.base.TestBase:402 - clickButton:[[InternetExplorerDriver: internet explorer on WINDOWS (b98f09c3-cd7e-4a2b-b12c-f212a4033583)] -> xpath: //input[@value='继续登录']]
2020/07/14 11:43:27:969 DEBUG com.sinosoft.test.base.TestBase:42 - Trying to click on: [[InternetExplorerDriver: internet explorer on WINDOWS (b98f09c3-cd7e-4a2b-b12c-f212a4033583)] -> xpath: //input[@value='继续登录']]
2020/07/14 11:43:29:824 DEBUG com.sinosoft.test.base.TestBase:46 - Clicked on: [[InternetExplorerDriver: internet explorer on WINDOWS (b98f09c3-cd7e-4a2b-b12c-f212a4033583)] -> xpath: //input[@value='继续登录']]
2020/07/14 11:43:29:827 DEBUG com.sinosoft.test.base.TestBase:69 - 初始化class com.sinosoft.test.fccp.common.HomePage
2020/07/14 11:43:30:347 DEBUG com.sinosoft.test.base.TestBase:76 - Trying to find Element By : By.linkText: 承保子系统
2020/07/14 11:43:30:408 DEBUG com.sinosoft.test.base.TestBase:80 - Found Element By : By.linkText: 承保子系统
2020/07/14 11:43:30:410  INFO com.sinosoft.test.base.TestBase:144 - RunJavaScript:[[InternetExplorerDriver: internet explorer on WINDOWS (b98f09c3-cd7e-4a2b-b12c-f212a4033583)] -> link text: 承保子系统]	arguments[0].click();
2020/07/14 11:43:30:865 DEBUG com.sinosoft.test.base.TestBase:76 - Trying to find Element By : By.linkText: 投保管理
2020/07/14 11:43:30:924 DEBUG com.sinosoft.test.base.TestBase:80 - Found Element By : By.linkText: 投保管理
2020/07/14 11:43:30:925  INFO com.sinosoft.test.base.TestBase:144 - RunJavaScript:[[InternetExplorerDriver: internet explorer on WINDOWS (b98f09c3-cd7e-4a2b-b12c-f212a4033583)] -> link text: 投保管理]	arguments[0].click();
2020/07/14 11:43:31:246 DEBUG com.sinosoft.test.base.TestBase:76 - Trying to find Element By : By.linkText: 投保处理
2020/07/14 11:43:31:330 DEBUG com.sinosoft.test.base.TestBase:80 - Found Element By : By.linkText: 投保处理
2020/07/14 11:43:31:331  INFO com.sinosoft.test.base.TestBase:144 - RunJavaScript:[[InternetExplorerDriver: internet explorer on WINDOWS (b98f09c3-cd7e-4a2b-b12c-f212a4033583)] -> link text: 投保处理]	arguments[0].click();
2020/07/14 11:43:31:597 DEBUG com.sinosoft.test.base.TestBase:69 - 初始化class com.sinosoft.test.fccp.tbcl.RiskSelectPage
2020/07/14 11:43:32:164 DEBUG com.sinosoft.test.base.TestBase:93 - 投保处理/险种选择
2020/07/14 11:43:32:165 DEBUG com.sinosoft.test.base.TestBase:76 - Trying to find Element By : By.name: riskClassTemp
2020/07/14 11:43:32:228 DEBUG com.sinosoft.test.base.TestBase:80 - Found Element By : By.name: riskClassTemp
2020/07/14 11:43:32:270 DEBUG com.sinosoft.test.base.TestBase:76 - Trying to find Element By : By.name: riskClassTemp
2020/07/14 11:43:32:362 DEBUG com.sinosoft.test.base.TestBase:80 - Found Element By : By.name: riskClassTemp
2020/07/14 11:43:32:363 DEBUG com.sinosoft.test.base.TestBase:63 - SetCodeEditBox:开始设置:[[InternetExplorerDriver: internet explorer on WINDOWS (b98f09c3-cd7e-4a2b-b12c-f212a4033583)] -> name: riskClassTemp] & Code=01
2020/07/14 11:43:32:363 DEBUG com.sinosoft.test.base.TestBase:76 - Trying to find Element By : By.name: riskClassTemp
2020/07/14 11:43:32:425 DEBUG com.sinosoft.test.base.TestBase:80 - Found Element By : By.name: riskClassTemp
2020/07/14 11:43:32:744 DEBUG com.sinosoft.test.base.TestBase:76 - Trying to find Element By : By.name: riskClassTemp
2020/07/14 11:43:32:799 DEBUG com.sinosoft.test.base.TestBase:80 - Found Element By : By.name: riskClassTemp
2020/07/14 11:43:33:283 DEBUG com.sinosoft.test.base.TestBase:76 - Trying to find Element By : By.name: riskClassTemp
2020/07/14 11:43:33:331 DEBUG com.sinosoft.test.base.TestBase:80 - Found Element By : By.name: riskClassTemp
2020/07/14 11:43:33:331 DEBUG com.sinosoft.test.base.TestBase:76 - Trying to find Element By : By.xpath: ../input[last()]
2020/07/14 11:43:33:378 DEBUG com.sinosoft.test.base.TestBase:80 - Found Element By : By.xpath: ../input[last()]
2020/07/14 11:43:33:505  INFO com.sinosoft.test.base.TestBase:71 - SetCodeEditBox:找到了Code对应的文本显示框并点击触发显示:riskClassName
2020/07/14 11:43:33:508 DEBUG com.sinosoft.test.base.TestBase:42 - Trying to click on: [[[[InternetExplorerDriver: internet explorer on WINDOWS (b98f09c3-cd7e-4a2b-b12c-f212a4033583)] -> name: riskClassTemp]] -> xpath: ../input[last()]]
2020/07/14 11:43:34:400 DEBUG com.sinosoft.test.base.TestBase:46 - Clicked on: [[[[InternetExplorerDriver: internet explorer on WINDOWS (b98f09c3-cd7e-4a2b-b12c-f212a4033583)] -> name: riskClassTemp]] -> xpath: ../input[last()]]
2020/07/14 11:43:34:601 DEBUG com.sinosoft.test.base.TestBase:76 - Trying to find Element By : By.name: riskClassTemp
2020/07/14 11:43:34:649 DEBUG com.sinosoft.test.base.TestBase:80 - Found Element By : By.name: riskClassTemp
2020/07/14 11:43:34:649 DEBUG com.sinosoft.test.base.TestBase:87 - SetCodeEditBox:设置完毕[[InternetExplorerDriver: internet explorer on WINDOWS (b98f09c3-cd7e-4a2b-b12c-f212a4033583)] -> name: riskClassTemp],设置值 Code=01
2020/07/14 11:43:34:650 DEBUG com.sinosoft.test.base.TestBase:76 - Trying to find Element By : By.name: riskCode
2020/07/14 11:43:34:677 DEBUG com.sinosoft.test.base.TestBase:80 - Found Element By : By.name: riskCode
2020/07/14 11:43:34:708 DEBUG com.sinosoft.test.base.TestBase:76 - Trying to find Element By : By.name: riskCode
2020/07/14 11:43:34:758 DEBUG com.sinosoft.test.base.TestBase:80 - Found Element By : By.name: riskCode
2020/07/14 11:43:34:759 DEBUG com.sinosoft.test.base.TestBase:63 - SetCodeEditBox:开始设置:[[InternetExplorerDriver: internet explorer on WINDOWS (b98f09c3-cd7e-4a2b-b12c-f212a4033583)] -> name: riskCode] & Code=0101
2020/07/14 11:43:34:759 DEBUG com.sinosoft.test.base.TestBase:76 - Trying to find Element By : By.name: riskCode
2020/07/14 11:43:34:809 DEBUG com.sinosoft.test.base.TestBase:80 - Found Element By : By.name: riskCode
2020/07/14 11:43:35:060 DEBUG com.sinosoft.test.base.TestBase:76 - Trying to find Element By : By.name: riskCode
2020/07/14 11:43:35:112 DEBUG com.sinosoft.test.base.TestBase:80 - Found Element By : By.name: riskCode
2020/07/14 11:43:35:574 DEBUG com.sinosoft.test.base.TestBase:76 - Trying to find Element By : By.name: riskCode
2020/07/14 11:43:35:613 DEBUG com.sinosoft.test.base.TestBase:80 - Found Element By : By.name: riskCode
2020/07/14 11:43:35:613 DEBUG com.sinosoft.test.base.TestBase:76 - Trying to find Element By : By.xpath: ../input[last()]
2020/07/14 11:43:35:661 DEBUG com.sinosoft.test.base.TestBase:80 - Found Element By : By.xpath: ../input[last()]
2020/07/14 11:43:35:769  INFO com.sinosoft.test.base.TestBase:71 - SetCodeEditBox:找到了Code对应的文本显示框并点击触发显示:riskName
2020/07/14 11:43:35:769 DEBUG com.sinosoft.test.base.TestBase:42 - Trying to click on: [[[[InternetExplorerDriver: internet explorer on WINDOWS (b98f09c3-cd7e-4a2b-b12c-f212a4033583)] -> name: riskCode]] -> xpath: ../input[last()]]
2020/07/14 11:43:36:745 DEBUG com.sinosoft.test.base.TestBase:46 - Clicked on: [[[[InternetExplorerDriver: internet explorer on WINDOWS (b98f09c3-cd7e-4a2b-b12c-f212a4033583)] -> name: riskCode]] -> xpath: ../input[last()]]
2020/07/14 11:43:36:945 DEBUG com.sinosoft.test.base.TestBase:76 - Trying to find Element By : By.name: riskCode
2020/07/14 11:43:36:974 DEBUG com.sinosoft.test.base.TestBase:80 - Found Element By : By.name: riskCode
2020/07/14 11:43:36:974 DEBUG com.sinosoft.test.base.TestBase:87 - SetCodeEditBox:设置完毕[[InternetExplorerDriver: internet explorer on WINDOWS (b98f09c3-cd7e-4a2b-b12c-f212a4033583)] -> name: riskCode],设置值 Code=0101
2020/07/14 11:43:36:975 DEBUG com.sinosoft.test.base.TestBase:76 - Trying to find Element By : By.name: renewInd
2020/07/14 11:43:37:079 DEBUG com.sinosoft.test.base.TestBase:80 - Found Element By : By.name: renewInd
2020/07/14 11:43:37:080  INFO com.sinosoft.test.base.TestBase:321 - setEditboxTValue:[[[InternetExplorerDriver: internet explorer on WINDOWS (b98f09c3-cd7e-4a2b-b12c-f212a4033583)] -> name: renewInd], [[InternetExplorerDriver: internet explorer on WINDOWS (b98f09c3-cd7e-4a2b-b12c-f212a4033583)] -> name: renewInd]]：0
2020/07/14 11:43:37:080 DEBUG com.sinosoft.test.base.TestBase:76 - Trying to find Element By : By.name: renewInd
2020/07/14 11:43:37:127 DEBUG com.sinosoft.test.base.TestBase:80 - Found Element By : By.name: renewInd
2020/07/14 11:43:37:264 DEBUG com.sinosoft.test.base.TestBase:76 - Trying to find Element By : By.name: buttonNextStep
2020/07/14 11:43:37:311 DEBUG com.sinosoft.test.base.TestBase:80 - Found Element By : By.name: buttonNextStep
2020/07/14 11:43:37:312  INFO com.sinosoft.test.base.TestBase:402 - clickButton:[[InternetExplorerDriver: internet explorer on WINDOWS (b98f09c3-cd7e-4a2b-b12c-f212a4033583)] -> name: buttonNextStep]
2020/07/14 11:43:37:312 DEBUG com.sinosoft.test.base.TestBase:42 - Trying to click on: [[InternetExplorerDriver: internet explorer on WINDOWS (b98f09c3-cd7e-4a2b-b12c-f212a4033583)] -> name: buttonNextStep]
2020/07/14 11:43:39:876 DEBUG com.sinosoft.test.base.TestBase:46 - Clicked on: [[InternetExplorerDriver: internet explorer on WINDOWS (b98f09c3-cd7e-4a2b-b12c-f212a4033583)] -> name: buttonNextStep]
2020/07/14 11:43:39:878 DEBUG com.sinosoft.test.base.TestBase:69 - 初始化class com.sinosoft.test.fccp.tbcl.BasicInfoPage
2020/07/14 11:43:42:486 DEBUG com.sinosoft.test.base.TestBase:322 - 投保处理/基本信息
2020/07/14 11:43:42:487 DEBUG com.sinosoft.test.base.TestBase:76 - Trying to find Element By : By.name: GuMainBusinessType
2020/07/14 11:43:42:536 DEBUG com.sinosoft.test.base.TestBase:80 - Found Element By : By.name: GuMainBusinessType
2020/07/14 11:43:42:538  INFO com.sinosoft.test.base.TestBase:96 - setSelectWithStartText:[[InternetExplorerDriver: internet explorer on WINDOWS (b98f09c3-cd7e-4a2b-b12c-f212a4033583)] -> name: GuMainBusinessType]->
2020/07/14 11:43:42:543 DEBUG com.sinosoft.test.base.TestBase:76 - Trying to find Element By : By.name: GuMainCompanyCode
2020/07/14 11:43:42:605 DEBUG com.sinosoft.test.base.TestBase:80 - Found Element By : By.name: GuMainCompanyCode
2020/07/14 11:43:42:630 DEBUG com.sinosoft.test.base.TestBase:76 - Trying to find Element By : By.name: GuMainCompanyCode
2020/07/14 11:43:42:693 DEBUG com.sinosoft.test.base.TestBase:80 - Found Element By : By.name: GuMainCompanyCode
2020/07/14 11:43:42:693 DEBUG com.sinosoft.test.base.TestBase:63 - SetCodeEditBox:开始设置:[[InternetExplorerDriver: internet explorer on WINDOWS (b98f09c3-cd7e-4a2b-b12c-f212a4033583)] -> name: GuMainCompanyCode] & Code=01620190
2020/07/14 11:43:42:693 DEBUG com.sinosoft.test.base.TestBase:76 - Trying to find Element By : By.name: GuMainCompanyCode
2020/07/14 11:43:42:740 DEBUG com.sinosoft.test.base.TestBase:80 - Found Element By : By.name: GuMainCompanyCode
2020/07/14 11:43:42:956 DEBUG com.sinosoft.test.base.TestBase:76 - Trying to find Element By : By.name: GuMainCompanyCode
2020/07/14 11:43:43:058 DEBUG com.sinosoft.test.base.TestBase:80 - Found Element By : By.name: GuMainCompanyCode
2020/07/14 11:43:44:011 DEBUG com.sinosoft.test.base.TestBase:76 - Trying to find Element By : By.name: GuMainCompanyCode
2020/07/14 11:43:44:057 DEBUG com.sinosoft.test.base.TestBase:80 - Found Element By : By.name: GuMainCompanyCode
2020/07/14 11:43:44:057 DEBUG com.sinosoft.test.base.TestBase:76 - Trying to find Element By : By.xpath: ../input[last()]
2020/07/14 11:43:44:125 DEBUG com.sinosoft.test.base.TestBase:80 - Found Element By : By.xpath: ../input[last()]
2020/07/14 11:43:44:285  INFO com.sinosoft.test.base.TestBase:71 - SetCodeEditBox:找到了Code对应的文本显示框并点击触发显示:GuMainCompanyName
2020/07/14 11:43:44:286 DEBUG com.sinosoft.test.base.TestBase:42 - Trying to click on: [[[[InternetExplorerDriver: internet explorer on WINDOWS (b98f09c3-cd7e-4a2b-b12c-f212a4033583)] -> name: GuMainCompanyCode]] -> xpath: ../input[last()]]
2020/07/14 11:43:45:317 DEBUG com.sinosoft.test.base.TestBase:46 - Clicked on: [[[[InternetExplorerDriver: internet explorer on WINDOWS (b98f09c3-cd7e-4a2b-b12c-f212a4033583)] -> name: GuMainCompanyCode]] -> xpath: ../input[last()]]
2020/07/14 11:43:45:517 DEBUG com.sinosoft.test.base.TestBase:76 - Trying to find Element By : By.name: GuMainCompanyCode
2020/07/14 11:43:45:599 DEBUG com.sinosoft.test.base.TestBase:80 - Found Element By : By.name: GuMainCompanyCode
2020/07/14 11:43:45:600 DEBUG com.sinosoft.test.base.TestBase:87 - SetCodeEditBox:设置完毕[[InternetExplorerDriver: internet explorer on WINDOWS (b98f09c3-cd7e-4a2b-b12c-f212a4033583)] -> name: GuMainCompanyCode],设置值 Code=01620190
2020/07/14 11:43:45:602 DEBUG com.sinosoft.test.base.TestBase:76 - Trying to find Element By : By.name: GuMainChannelDetailCode
2020/07/14 11:43:45:673 DEBUG com.sinosoft.test.base.TestBase:80 - Found Element By : By.name: GuMainChannelDetailCode
2020/07/14 11:43:45:721 DEBUG com.sinosoft.test.base.TestBase:76 - Trying to find Element By : By.name: GuMainChannelDetailCode
2020/07/14 11:43:45:803 DEBUG com.sinosoft.test.base.TestBase:80 - Found Element By : By.name: GuMainChannelDetailCode
2020/07/14 11:43:45:803 DEBUG com.sinosoft.test.base.TestBase:63 - SetCodeEditBox:开始设置:[[InternetExplorerDriver: internet explorer on WINDOWS (b98f09c3-cd7e-4a2b-b12c-f212a4033583)] -> name: GuMainChannelDetailCode] & Code=01
2020/07/14 11:43:45:803 DEBUG com.sinosoft.test.base.TestBase:76 - Trying to find Element By : By.name: GuMainChannelDetailCode
2020/07/14 11:43:45:872 DEBUG com.sinosoft.test.base.TestBase:80 - Found Element By : By.name: GuMainChannelDetailCode
2020/07/14 11:43:46:112 DEBUG com.sinosoft.test.base.TestBase:76 - Trying to find Element By : By.name: GuMainChannelDetailCode
2020/07/14 11:43:46:198 DEBUG com.sinosoft.test.base.TestBase:80 - Found Element By : By.name: GuMainChannelDetailCode
2020/07/14 11:43:46:721 DEBUG com.sinosoft.test.base.TestBase:76 - Trying to find Element By : By.name: GuMainChannelDetailCode
2020/07/14 11:43:46:781 DEBUG com.sinosoft.test.base.TestBase:80 - Found Element By : By.name: GuMainChannelDetailCode
2020/07/14 11:43:46:782 DEBUG com.sinosoft.test.base.TestBase:76 - Trying to find Element By : By.xpath: ../input[last()]
2020/07/14 11:43:46:844 DEBUG com.sinosoft.test.base.TestBase:80 - Found Element By : By.xpath: ../input[last()]
2020/07/14 11:43:46:971  INFO com.sinosoft.test.base.TestBase:71 - SetCodeEditBox:找到了Code对应的文本显示框并点击触发显示:GuMainChannelDetailName
2020/07/14 11:43:46:971 DEBUG com.sinosoft.test.base.TestBase:42 - Trying to click on: [[[[InternetExplorerDriver: internet explorer on WINDOWS (b98f09c3-cd7e-4a2b-b12c-f212a4033583)] -> name: GuMainChannelDetailCode]] -> xpath: ../input[last()]]
2020/07/14 11:43:47:998 DEBUG com.sinosoft.test.base.TestBase:46 - Clicked on: [[[[InternetExplorerDriver: internet explorer on WINDOWS (b98f09c3-cd7e-4a2b-b12c-f212a4033583)] -> name: GuMainChannelDetailCode]] -> xpath: ../input[last()]]
2020/07/14 11:43:48:199 DEBUG com.sinosoft.test.base.TestBase:76 - Trying to find Element By : By.name: GuMainChannelDetailCode
2020/07/14 11:43:48:247 DEBUG com.sinosoft.test.base.TestBase:80 - Found Element By : By.name: GuMainChannelDetailCode
2020/07/14 11:43:48:249 DEBUG com.sinosoft.test.base.TestBase:87 - SetCodeEditBox:设置完毕[[InternetExplorerDriver: internet explorer on WINDOWS (b98f09c3-cd7e-4a2b-b12c-f212a4033583)] -> name: GuMainChannelDetailCode],设置值 Code=01
2020/07/14 11:43:48:250 DEBUG com.sinosoft.test.base.TestBase:76 - Trying to find Element By : By.name: GuMainShareHolderFlag
2020/07/14 11:43:48:297 DEBUG com.sinosoft.test.base.TestBase:80 - Found Element By : By.name: GuMainShareHolderFlag
2020/07/14 11:43:48:359 DEBUG com.sinosoft.test.base.TestBase:76 - Trying to find Element By : By.name: GuMainShareHolderFlag
2020/07/14 11:43:48:434 DEBUG com.sinosoft.test.base.TestBase:80 - Found Element By : By.name: GuMainShareHolderFlag
2020/07/14 11:43:48:434 DEBUG com.sinosoft.test.base.TestBase:42 - CodeSelect:开始设置[[InternetExplorerDriver: internet explorer on WINDOWS (b98f09c3-cd7e-4a2b-b12c-f212a4033583)] -> name: GuMainShareHolderFlag] & Code=0
2020/07/14 11:43:48:440 DEBUG com.sinosoft.test.base.TestBase:76 - Trying to find Element By : By.name: GuMainShareHolderFlag
2020/07/14 11:43:48:501 DEBUG com.sinosoft.test.base.TestBase:80 - Found Element By : By.name: GuMainShareHolderFlag
2020/07/14 11:43:49:587 DEBUG com.sinosoft.test.base.TestBase:272 - 系统窗口【黄河财险业务系统】with handle -bcf1a258-b6b9-4130-acb2-d23878ee42b2
2020/07/14 11:43:50:245 DEBUG com.sinosoft.test.base.TestBase:272 - 系统窗口【黄河财险业务系统】with handle -bcf1a258-b6b9-4130-acb2-d23878ee42b2
2020/07/14 11:43:50:875 DEBUG com.sinosoft.test.base.TestBase:272 - 系统窗口【Code Select】with handle -2cab7e6b-0851-4e99-a80a-8edce1dca294
2020/07/14 11:43:51:396 DEBUG com.sinosoft.test.base.TestBase:69 - 初始化class com.sinosoft.test.fccp.common.CodeSelectPage
2020/07/14 11:43:51:397 DEBUG com.sinosoft.test.base.TestBase:39 - 基础码表选择！
2020/07/14 11:43:51:398 DEBUG com.sinosoft.test.base.TestBase:76 - Trying to find Element By : By.name: fieldValue
2020/07/14 11:43:51:672 DEBUG com.sinosoft.test.base.TestBase:80 - Found Element By : By.name: fieldValue
2020/07/14 11:43:51:673  INFO com.sinosoft.test.base.TestBase:360 - setEditboxValue:[[InternetExplorerDriver: internet explorer on WINDOWS (b98f09c3-cd7e-4a2b-b12c-f212a4033583)] -> name: fieldValue]：0
2020/07/14 11:43:52:716  INFO com.sinosoft.test.base.TestBase:363 - setEditboxValue—End:[[InternetExplorerDriver: internet explorer on WINDOWS (b98f09c3-cd7e-4a2b-b12c-f212a4033583)] -> name: fieldValue]：0
2020/07/14 11:43:52:716 DEBUG com.sinosoft.test.base.TestBase:76 - Trying to find Element By : By.xpath: //input[@value='查询(Q)']
2020/07/14 11:43:53:003 DEBUG com.sinosoft.test.base.TestBase:80 - Found Element By : By.xpath: //input[@value='查询(Q)']
2020/07/14 11:43:53:003  INFO com.sinosoft.test.base.TestBase:402 - clickButton:[[InternetExplorerDriver: internet explorer on WINDOWS (b98f09c3-cd7e-4a2b-b12c-f212a4033583)] -> xpath: //input[@value='查询(Q)']]
2020/07/14 11:43:53:003 DEBUG com.sinosoft.test.base.TestBase:42 - Trying to click on: [[InternetExplorerDriver: internet explorer on WINDOWS (b98f09c3-cd7e-4a2b-b12c-f212a4033583)] -> xpath: //input[@value='查询(Q)']]
2020/07/14 11:43:54:569 DEBUG com.sinosoft.test.base.TestBase:46 - Clicked on: [[InternetExplorerDriver: internet explorer on WINDOWS (b98f09c3-cd7e-4a2b-b12c-f212a4033583)] -> xpath: //input[@value='查询(Q)']]
2020/07/14 11:43:54:569 DEBUG com.sinosoft.test.base.TestBase:76 - Trying to find Element By : By.name: codeselect
2020/07/14 11:43:54:866 DEBUG com.sinosoft.test.base.TestBase:80 - Found Element By : By.name: codeselect
2020/07/14 11:43:54:866  INFO com.sinosoft.test.base.TestBase:132 - setFuzzySelect:[[InternetExplorerDriver: internet explorer on WINDOWS (b98f09c3-cd7e-4a2b-b12c-f212a4033583)] -> name: codeselect]->0
2020/07/14 11:43:55:416 DEBUG com.sinosoft.test.base.TestBase:76 - Trying to find Element By : By.tagName: option
2020/07/14 11:43:55:802 DEBUG com.sinosoft.test.base.TestBase:80 - Found Element By : By.tagName: option
2020/07/14 11:43:58:678  INFO com.sinosoft.test.base.TestBase:142 - 找到匹配【0】的选项：0--非股东
2020/07/14 11:43:58:678 DEBUG com.sinosoft.test.base.TestBase:76 - Trying to find Element By : By.xpath: .//option[normalize-space(.) = "0--非股东"]
2020/07/14 11:43:58:965 DEBUG com.sinosoft.test.base.TestBase:80 - Found Element By : By.xpath: .//option[normalize-space(.) = "0--非股东"]
2020/07/14 11:43:59:244 DEBUG com.sinosoft.test.base.TestBase:42 - Trying to click on: [[[[InternetExplorerDriver: internet explorer on WINDOWS (b98f09c3-cd7e-4a2b-b12c-f212a4033583)] -> name: codeselect]] -> xpath: .//option[normalize-space(.) = "0--非股东"]]
2020/07/14 11:43:59:607 DEBUG com.sinosoft.test.base.TestBase:46 - Clicked on: [[[[InternetExplorerDriver: internet explorer on WINDOWS (b98f09c3-cd7e-4a2b-b12c-f212a4033583)] -> name: codeselect]] -> xpath: .//option[normalize-space(.) = "0--非股东"]]
2020/07/14 11:43:59:607 DEBUG com.sinosoft.test.base.TestBase:151 - setFuzzySelect 结束！
2020/07/14 11:43:59:607 DEBUG com.sinosoft.test.base.TestBase:76 - Trying to find Element By : By.name: SelectIt
2020/07/14 11:43:59:880 DEBUG com.sinosoft.test.base.TestBase:80 - Found Element By : By.name: SelectIt
2020/07/14 11:43:59:880  INFO com.sinosoft.test.base.TestBase:416 - jsClickButton:[[InternetExplorerDriver: internet explorer on WINDOWS (b98f09c3-cd7e-4a2b-b12c-f212a4033583)] -> name: SelectIt]
2020/07/14 11:43:59:880  INFO com.sinosoft.test.base.TestBase:144 - RunJavaScript:[[InternetExplorerDriver: internet explorer on WINDOWS (b98f09c3-cd7e-4a2b-b12c-f212a4033583)] -> name: SelectIt]	arguments[0].click();
2020/07/14 11:44:00:578 DEBUG com.sinosoft.test.base.TestBase:272 - 系统窗口【黄河财险业务系统】with handle -bcf1a258-b6b9-4130-acb2-d23878ee42b2
2020/07/14 11:44:03:264 DEBUG com.sinosoft.test.base.TestBase:76 - Trying to find Element By : By.name: GuMainShareHolderFlag
2020/07/14 11:44:03:326 DEBUG com.sinosoft.test.base.TestBase:80 - Found Element By : By.name: GuMainShareHolderFlag
2020/07/14 11:44:03:326 DEBUG com.sinosoft.test.base.TestBase:49 - CodeSelect:设置完毕[[InternetExplorerDriver: internet explorer on WINDOWS (b98f09c3-cd7e-4a2b-b12c-f212a4033583)] -> name: GuMainShareHolderFlag] & Code=0
2020/07/14 11:44:03:327 DEBUG com.sinosoft.test.base.TestBase:76 - Trying to find Element By : By.name: GuMainSalesTeamCode
2020/07/14 11:44:03:385 DEBUG com.sinosoft.test.base.TestBase:80 - Found Element By : By.name: GuMainSalesTeamCode
2020/07/14 11:44:03:417 DEBUG com.sinosoft.test.base.TestBase:76 - Trying to find Element By : By.name: GuMainSalesTeamCode
2020/07/14 11:44:03:511 DEBUG com.sinosoft.test.base.TestBase:80 - Found Element By : By.name: GuMainSalesTeamCode
2020/07/14 11:44:03:511 DEBUG com.sinosoft.test.base.TestBase:42 - CodeSelect:开始设置[[InternetExplorerDriver: internet explorer on WINDOWS (b98f09c3-cd7e-4a2b-b12c-f212a4033583)] -> name: GuMainSalesTeamCode] & Code=T6201900101
2020/07/14 11:44:03:511 DEBUG com.sinosoft.test.base.TestBase:76 - Trying to find Element By : By.name: GuMainSalesTeamCode
2020/07/14 11:44:03:584 DEBUG com.sinosoft.test.base.TestBase:80 - Found Element By : By.name: GuMainSalesTeamCode
2020/07/14 11:44:04:652 DEBUG com.sinosoft.test.base.TestBase:272 - 系统窗口【黄河财险业务系统】with handle -bcf1a258-b6b9-4130-acb2-d23878ee42b2
2020/07/14 11:44:05:795 DEBUG com.sinosoft.test.base.TestBase:272 - 系统窗口【Code Select】with handle -32207902-a862-4333-9500-c7721c043d46
2020/07/14 11:44:06:307 DEBUG com.sinosoft.test.base.TestBase:69 - 初始化class com.sinosoft.test.fccp.common.CodeSelectPage
2020/07/14 11:44:06:307 DEBUG com.sinosoft.test.base.TestBase:39 - 基础码表选择！
2020/07/14 11:44:06:308 DEBUG com.sinosoft.test.base.TestBase:76 - Trying to find Element By : By.name: fieldValue
2020/07/14 11:44:06:587 DEBUG com.sinosoft.test.base.TestBase:80 - Found Element By : By.name: fieldValue
2020/07/14 11:44:06:587  INFO com.sinosoft.test.base.TestBase:360 - setEditboxValue:[[InternetExplorerDriver: internet explorer on WINDOWS (b98f09c3-cd7e-4a2b-b12c-f212a4033583)] -> name: fieldValue]：T6201900101
2020/07/14 11:44:07:716  INFO com.sinosoft.test.base.TestBase:363 - setEditboxValue—End:[[InternetExplorerDriver: internet explorer on WINDOWS (b98f09c3-cd7e-4a2b-b12c-f212a4033583)] -> name: fieldValue]：T6201900101
2020/07/14 11:44:07:716 DEBUG com.sinosoft.test.base.TestBase:76 - Trying to find Element By : By.xpath: //input[@value='查询(Q)']
2020/07/14 11:44:08:002 DEBUG com.sinosoft.test.base.TestBase:80 - Found Element By : By.xpath: //input[@value='查询(Q)']
2020/07/14 11:44:08:002  INFO com.sinosoft.test.base.TestBase:402 - clickButton:[[InternetExplorerDriver: internet explorer on WINDOWS (b98f09c3-cd7e-4a2b-b12c-f212a4033583)] -> xpath: //input[@value='查询(Q)']]
2020/07/14 11:44:08:002 DEBUG com.sinosoft.test.base.TestBase:42 - Trying to click on: [[InternetExplorerDriver: internet explorer on WINDOWS (b98f09c3-cd7e-4a2b-b12c-f212a4033583)] -> xpath: //input[@value='查询(Q)']]
2020/07/14 11:44:09:568 DEBUG com.sinosoft.test.base.TestBase:46 - Clicked on: [[InternetExplorerDriver: internet explorer on WINDOWS (b98f09c3-cd7e-4a2b-b12c-f212a4033583)] -> xpath: //input[@value='查询(Q)']]
2020/07/14 11:44:09:568 DEBUG com.sinosoft.test.base.TestBase:76 - Trying to find Element By : By.name: codeselect
2020/07/14 11:44:09:856 DEBUG com.sinosoft.test.base.TestBase:80 - Found Element By : By.name: codeselect
2020/07/14 11:44:09:856  INFO com.sinosoft.test.base.TestBase:132 - setFuzzySelect:[[InternetExplorerDriver: internet explorer on WINDOWS (b98f09c3-cd7e-4a2b-b12c-f212a4033583)] -> name: codeselect]->T6201900101
2020/07/14 11:44:10:400 DEBUG com.sinosoft.test.base.TestBase:76 - Trying to find Element By : By.tagName: option
2020/07/14 11:44:10:690 DEBUG com.sinosoft.test.base.TestBase:80 - Found Element By : By.tagName: option
2020/07/14 11:44:10:973  INFO com.sinosoft.test.base.TestBase:142 - 找到匹配【T6201900101】的选项：T6201900101--兰州中支新团队
2020/07/14 11:44:10:973 DEBUG com.sinosoft.test.base.TestBase:76 - Trying to find Element By : By.xpath: .//option[normalize-space(.) = "T6201900101--兰州中支新团队"]
2020/07/14 11:44:11:260 DEBUG com.sinosoft.test.base.TestBase:80 - Found Element By : By.xpath: .//option[normalize-space(.) = "T6201900101--兰州中支新团队"]
2020/07/14 11:44:11:535 DEBUG com.sinosoft.test.base.TestBase:42 - Trying to click on: [[[[InternetExplorerDriver: internet explorer on WINDOWS (b98f09c3-cd7e-4a2b-b12c-f212a4033583)] -> name: codeselect]] -> xpath: .//option[normalize-space(.) = "T6201900101--兰州中支新团队"]]
2020/07/14 11:44:11:898 DEBUG com.sinosoft.test.base.TestBase:46 - Clicked on: [[[[InternetExplorerDriver: internet explorer on WINDOWS (b98f09c3-cd7e-4a2b-b12c-f212a4033583)] -> name: codeselect]] -> xpath: .//option[normalize-space(.) = "T6201900101--兰州中支新团队"]]
2020/07/14 11:44:11:898 DEBUG com.sinosoft.test.base.TestBase:151 - setFuzzySelect 结束！
2020/07/14 11:44:11:898 DEBUG com.sinosoft.test.base.TestBase:76 - Trying to find Element By : By.name: SelectIt
2020/07/14 11:44:12:174 DEBUG com.sinosoft.test.base.TestBase:80 - Found Element By : By.name: SelectIt
2020/07/14 11:44:12:177  INFO com.sinosoft.test.base.TestBase:416 - jsClickButton:[[InternetExplorerDriver: internet explorer on WINDOWS (b98f09c3-cd7e-4a2b-b12c-f212a4033583)] -> name: SelectIt]
2020/07/14 11:44:12:178  INFO com.sinosoft.test.base.TestBase:144 - RunJavaScript:[[InternetExplorerDriver: internet explorer on WINDOWS (b98f09c3-cd7e-4a2b-b12c-f212a4033583)] -> name: SelectIt]	arguments[0].click();
2020/07/14 11:44:12:860 DEBUG com.sinosoft.test.base.TestBase:272 - 系统窗口【黄河财险业务系统】with handle -bcf1a258-b6b9-4130-acb2-d23878ee42b2
2020/07/14 11:44:15:575 DEBUG com.sinosoft.test.base.TestBase:76 - Trying to find Element By : By.name: GuMainSalesTeamCode
2020/07/14 11:44:15:642 DEBUG com.sinosoft.test.base.TestBase:80 - Found Element By : By.name: GuMainSalesTeamCode
2020/07/14 11:44:15:644 DEBUG com.sinosoft.test.base.TestBase:49 - CodeSelect:设置完毕[[InternetExplorerDriver: internet explorer on WINDOWS (b98f09c3-cd7e-4a2b-b12c-f212a4033583)] -> name: GuMainSalesTeamCode] & Code=T6201900101
2020/07/14 11:44:15:645 DEBUG com.sinosoft.test.base.TestBase:76 - Trying to find Element By : By.name: GuMainSalesmanCode
2020/07/14 11:44:15:714 DEBUG com.sinosoft.test.base.TestBase:80 - Found Element By : By.name: GuMainSalesmanCode
2020/07/14 11:44:15:752 DEBUG com.sinosoft.test.base.TestBase:76 - Trying to find Element By : By.name: GuMainSalesmanCode
2020/07/14 11:44:15:822 DEBUG com.sinosoft.test.base.TestBase:80 - Found Element By : By.name: GuMainSalesmanCode
2020/07/14 11:44:15:823 DEBUG com.sinosoft.test.base.TestBase:42 - CodeSelect:开始设置[[InternetExplorerDriver: internet explorer on WINDOWS (b98f09c3-cd7e-4a2b-b12c-f212a4033583)] -> name: GuMainSalesmanCode] & Code=S000000006
2020/07/14 11:44:15:823 DEBUG com.sinosoft.test.base.TestBase:76 - Trying to find Element By : By.name: GuMainSalesmanCode
2020/07/14 11:44:15:897 DEBUG com.sinosoft.test.base.TestBase:80 - Found Element By : By.name: GuMainSalesmanCode
2020/07/14 11:44:16:945 DEBUG com.sinosoft.test.base.TestBase:272 - 系统窗口【黄河财险业务系统】with handle -bcf1a258-b6b9-4130-acb2-d23878ee42b2
2020/07/14 11:44:17:602 DEBUG com.sinosoft.test.base.TestBase:272 - 系统窗口【黄河财险业务系统】with handle -bcf1a258-b6b9-4130-acb2-d23878ee42b2
2020/07/14 11:44:18:235 DEBUG com.sinosoft.test.base.TestBase:272 - 系统窗口【Code Select】with handle -a5e864ec-0bdc-4ad1-9abc-43187c4b4c8a
2020/07/14 11:44:18:748 DEBUG com.sinosoft.test.base.TestBase:69 - 初始化class com.sinosoft.test.fccp.common.CodeSelectPage
2020/07/14 11:44:18:748 DEBUG com.sinosoft.test.base.TestBase:39 - 基础码表选择！
2020/07/14 11:44:18:748 DEBUG com.sinosoft.test.base.TestBase:76 - Trying to find Element By : By.name: fieldValue
2020/07/14 11:44:19:033 DEBUG com.sinosoft.test.base.TestBase:80 - Found Element By : By.name: fieldValue
2020/07/14 11:44:19:033  INFO com.sinosoft.test.base.TestBase:360 - setEditboxValue:[[InternetExplorerDriver: internet explorer on WINDOWS (b98f09c3-cd7e-4a2b-b12c-f212a4033583)] -> name: fieldValue]：S000000006
2020/07/14 11:44:20:074  INFO com.sinosoft.test.base.TestBase:363 - setEditboxValue—End:[[InternetExplorerDriver: internet explorer on WINDOWS (b98f09c3-cd7e-4a2b-b12c-f212a4033583)] -> name: fieldValue]：S000000006
2020/07/14 11:44:20:074 DEBUG com.sinosoft.test.base.TestBase:76 - Trying to find Element By : By.xpath: //input[@value='查询(Q)']
2020/07/14 11:44:20:348 DEBUG com.sinosoft.test.base.TestBase:80 - Found Element By : By.xpath: //input[@value='查询(Q)']
2020/07/14 11:44:20:348  INFO com.sinosoft.test.base.TestBase:402 - clickButton:[[InternetExplorerDriver: internet explorer on WINDOWS (b98f09c3-cd7e-4a2b-b12c-f212a4033583)] -> xpath: //input[@value='查询(Q)']]
2020/07/14 11:44:20:349 DEBUG com.sinosoft.test.base.TestBase:42 - Trying to click on: [[InternetExplorerDriver: internet explorer on WINDOWS (b98f09c3-cd7e-4a2b-b12c-f212a4033583)] -> xpath: //input[@value='查询(Q)']]
2020/07/14 11:44:21:857 DEBUG com.sinosoft.test.base.TestBase:46 - Clicked on: [[InternetExplorerDriver: internet explorer on WINDOWS (b98f09c3-cd7e-4a2b-b12c-f212a4033583)] -> xpath: //input[@value='查询(Q)']]
2020/07/14 11:44:21:857 DEBUG com.sinosoft.test.base.TestBase:76 - Trying to find Element By : By.name: codeselect
2020/07/14 11:44:22:141 DEBUG com.sinosoft.test.base.TestBase:80 - Found Element By : By.name: codeselect
2020/07/14 11:44:22:141  INFO com.sinosoft.test.base.TestBase:132 - setFuzzySelect:[[InternetExplorerDriver: internet explorer on WINDOWS (b98f09c3-cd7e-4a2b-b12c-f212a4033583)] -> name: codeselect]->S000000006
2020/07/14 11:44:22:680 DEBUG com.sinosoft.test.base.TestBase:76 - Trying to find Element By : By.tagName: option
2020/07/14 11:44:22:960 DEBUG com.sinosoft.test.base.TestBase:80 - Found Element By : By.tagName: option
2020/07/14 11:44:23:241  INFO com.sinosoft.test.base.TestBase:142 - 找到匹配【S000000006】的选项：S000000006--赵子毓
2020/07/14 11:44:23:242 DEBUG com.sinosoft.test.base.TestBase:76 - Trying to find Element By : By.xpath: .//option[normalize-space(.) = "S000000006--赵子毓"]
2020/07/14 11:44:23:534 DEBUG com.sinosoft.test.base.TestBase:80 - Found Element By : By.xpath: .//option[normalize-space(.) = "S000000006--赵子毓"]
2020/07/14 11:44:23:806 DEBUG com.sinosoft.test.base.TestBase:42 - Trying to click on: [[[[InternetExplorerDriver: internet explorer on WINDOWS (b98f09c3-cd7e-4a2b-b12c-f212a4033583)] -> name: codeselect]] -> xpath: .//option[normalize-space(.) = "S000000006--赵子毓"]]
2020/07/14 11:44:24:156 DEBUG com.sinosoft.test.base.TestBase:46 - Clicked on: [[[[InternetExplorerDriver: internet explorer on WINDOWS (b98f09c3-cd7e-4a2b-b12c-f212a4033583)] -> name: codeselect]] -> xpath: .//option[normalize-space(.) = "S000000006--赵子毓"]]
2020/07/14 11:44:24:156 DEBUG com.sinosoft.test.base.TestBase:151 - setFuzzySelect 结束！
2020/07/14 11:44:24:157 DEBUG com.sinosoft.test.base.TestBase:76 - Trying to find Element By : By.name: SelectIt
2020/07/14 11:44:24:426 DEBUG com.sinosoft.test.base.TestBase:80 - Found Element By : By.name: SelectIt
2020/07/14 11:44:24:427  INFO com.sinosoft.test.base.TestBase:416 - jsClickButton:[[InternetExplorerDriver: internet explorer on WINDOWS (b98f09c3-cd7e-4a2b-b12c-f212a4033583)] -> name: SelectIt]
2020/07/14 11:44:24:427  INFO com.sinosoft.test.base.TestBase:144 - RunJavaScript:[[InternetExplorerDriver: internet explorer on WINDOWS (b98f09c3-cd7e-4a2b-b12c-f212a4033583)] -> name: SelectIt]	arguments[0].click();
2020/07/14 11:44:25:100 DEBUG com.sinosoft.test.base.TestBase:272 - 系统窗口【黄河财险业务系统】with handle -bcf1a258-b6b9-4130-acb2-d23878ee42b2
2020/07/14 11:44:27:721 DEBUG com.sinosoft.test.base.TestBase:76 - Trying to find Element By : By.name: GuMainSalesmanCode
2020/07/14 11:44:27:789 DEBUG com.sinosoft.test.base.TestBase:80 - Found Element By : By.name: GuMainSalesmanCode
2020/07/14 11:44:27:790 DEBUG com.sinosoft.test.base.TestBase:49 - CodeSelect:设置完毕[[InternetExplorerDriver: internet explorer on WINDOWS (b98f09c3-cd7e-4a2b-b12c-f212a4033583)] -> name: GuMainSalesmanCode] & Code=S000000006
2020/07/14 11:44:27:794 DEBUG com.sinosoft.test.base.TestBase:76 - Trying to find Element By : By.name: GuMainBusinessSource
2020/07/14 11:44:27:864 DEBUG com.sinosoft.test.base.TestBase:80 - Found Element By : By.name: GuMainBusinessSource
2020/07/14 11:44:27:894 DEBUG com.sinosoft.test.base.TestBase:76 - Trying to find Element By : By.name: GuMainBusinessSource
2020/07/14 11:44:27:989 DEBUG com.sinosoft.test.base.TestBase:80 - Found Element By : By.name: GuMainBusinessSource
2020/07/14 11:44:27:989 DEBUG com.sinosoft.test.base.TestBase:42 - CodeSelect:开始设置[[InternetExplorerDriver: internet explorer on WINDOWS (b98f09c3-cd7e-4a2b-b12c-f212a4033583)] -> name: GuMainBusinessSource] & Code=01010101
2020/07/14 11:44:27:989 DEBUG com.sinosoft.test.base.TestBase:76 - Trying to find Element By : By.name: GuMainBusinessSource
2020/07/14 11:44:28:047 DEBUG com.sinosoft.test.base.TestBase:80 - Found Element By : By.name: GuMainBusinessSource
2020/07/14 11:44:29:100 DEBUG com.sinosoft.test.base.TestBase:272 - 系统窗口【黄河财险业务系统】with handle -bcf1a258-b6b9-4130-acb2-d23878ee42b2
2020/07/14 11:44:29:758 DEBUG com.sinosoft.test.base.TestBase:272 - 系统窗口【黄河财险业务系统】with handle -bcf1a258-b6b9-4130-acb2-d23878ee42b2
2020/07/14 11:44:30:395 DEBUG com.sinosoft.test.base.TestBase:272 - 系统窗口【Code Select】with handle -add439f7-05ae-4189-8269-3aab7b6e1cf1
2020/07/14 11:44:30:903 DEBUG com.sinosoft.test.base.TestBase:69 - 初始化class com.sinosoft.test.fccp.common.CodeSelectPage
2020/07/14 11:44:30:904 DEBUG com.sinosoft.test.base.TestBase:39 - 基础码表选择！
2020/07/14 11:44:30:904 DEBUG com.sinosoft.test.base.TestBase:76 - Trying to find Element By : By.name: fieldValue
2020/07/14 11:44:31:184 DEBUG com.sinosoft.test.base.TestBase:80 - Found Element By : By.name: fieldValue
2020/07/14 11:44:31:185  INFO com.sinosoft.test.base.TestBase:360 - setEditboxValue:[[InternetExplorerDriver: internet explorer on WINDOWS (b98f09c3-cd7e-4a2b-b12c-f212a4033583)] -> name: fieldValue]：01010101
2020/07/14 11:44:32:480  INFO com.sinosoft.test.base.TestBase:363 - setEditboxValue—End:[[InternetExplorerDriver: internet explorer on WINDOWS (b98f09c3-cd7e-4a2b-b12c-f212a4033583)] -> name: fieldValue]：01010101
2020/07/14 11:44:32:480 DEBUG com.sinosoft.test.base.TestBase:76 - Trying to find Element By : By.xpath: //input[@value='查询(Q)']
2020/07/14 11:44:32:777 DEBUG com.sinosoft.test.base.TestBase:80 - Found Element By : By.xpath: //input[@value='查询(Q)']
2020/07/14 11:44:32:777  INFO com.sinosoft.test.base.TestBase:402 - clickButton:[[InternetExplorerDriver: internet explorer on WINDOWS (b98f09c3-cd7e-4a2b-b12c-f212a4033583)] -> xpath: //input[@value='查询(Q)']]
2020/07/14 11:44:32:777 DEBUG com.sinosoft.test.base.TestBase:42 - Trying to click on: [[InternetExplorerDriver: internet explorer on WINDOWS (b98f09c3-cd7e-4a2b-b12c-f212a4033583)] -> xpath: //input[@value='查询(Q)']]
2020/07/14 11:44:34:346 DEBUG com.sinosoft.test.base.TestBase:46 - Clicked on: [[InternetExplorerDriver: internet explorer on WINDOWS (b98f09c3-cd7e-4a2b-b12c-f212a4033583)] -> xpath: //input[@value='查询(Q)']]
2020/07/14 11:44:34:346 DEBUG com.sinosoft.test.base.TestBase:76 - Trying to find Element By : By.name: codeselect
2020/07/14 11:44:34:617 DEBUG com.sinosoft.test.base.TestBase:80 - Found Element By : By.name: codeselect
2020/07/14 11:44:34:617  INFO com.sinosoft.test.base.TestBase:132 - setFuzzySelect:[[InternetExplorerDriver: internet explorer on WINDOWS (b98f09c3-cd7e-4a2b-b12c-f212a4033583)] -> name: codeselect]->01010101
2020/07/14 11:44:35:150 DEBUG com.sinosoft.test.base.TestBase:76 - Trying to find Element By : By.tagName: option
2020/07/14 11:44:35:479 DEBUG com.sinosoft.test.base.TestBase:80 - Found Element By : By.tagName: option
2020/07/14 11:44:35:761  INFO com.sinosoft.test.base.TestBase:142 - 找到匹配【01010101】的选项：01010101--柜面直销
2020/07/14 11:44:35:762 DEBUG com.sinosoft.test.base.TestBase:76 - Trying to find Element By : By.xpath: .//option[normalize-space(.) = "01010101--柜面直销"]
2020/07/14 11:44:36:050 DEBUG com.sinosoft.test.base.TestBase:80 - Found Element By : By.xpath: .//option[normalize-space(.) = "01010101--柜面直销"]
2020/07/14 11:44:36:331 DEBUG com.sinosoft.test.base.TestBase:42 - Trying to click on: [[[[InternetExplorerDriver: internet explorer on WINDOWS (b98f09c3-cd7e-4a2b-b12c-f212a4033583)] -> name: codeselect]] -> xpath: .//option[normalize-space(.) = "01010101--柜面直销"]]
2020/07/14 11:44:36:670 DEBUG com.sinosoft.test.base.TestBase:46 - Clicked on: [[[[InternetExplorerDriver: internet explorer on WINDOWS (b98f09c3-cd7e-4a2b-b12c-f212a4033583)] -> name: codeselect]] -> xpath: .//option[normalize-space(.) = "01010101--柜面直销"]]
2020/07/14 11:44:36:670 DEBUG com.sinosoft.test.base.TestBase:151 - setFuzzySelect 结束！
2020/07/14 11:44:36:670 DEBUG com.sinosoft.test.base.TestBase:76 - Trying to find Element By : By.name: SelectIt
2020/07/14 11:44:36:945 DEBUG com.sinosoft.test.base.TestBase:80 - Found Element By : By.name: SelectIt
2020/07/14 11:44:36:945  INFO com.sinosoft.test.base.TestBase:416 - jsClickButton:[[InternetExplorerDriver: internet explorer on WINDOWS (b98f09c3-cd7e-4a2b-b12c-f212a4033583)] -> name: SelectIt]
2020/07/14 11:44:36:945  INFO com.sinosoft.test.base.TestBase:144 - RunJavaScript:[[InternetExplorerDriver: internet explorer on WINDOWS (b98f09c3-cd7e-4a2b-b12c-f212a4033583)] -> name: SelectIt]	arguments[0].click();
2020/07/14 11:44:37:618 DEBUG com.sinosoft.test.base.TestBase:272 - 系统窗口【黄河财险业务系统】with handle -bcf1a258-b6b9-4130-acb2-d23878ee42b2
2020/07/14 11:44:40:159 DEBUG com.sinosoft.test.base.TestBase:76 - Trying to find Element By : By.name: GuMainBusinessSource
2020/07/14 11:44:40:228 DEBUG com.sinosoft.test.base.TestBase:80 - Found Element By : By.name: GuMainBusinessSource
2020/07/14 11:44:40:228 DEBUG com.sinosoft.test.base.TestBase:49 - CodeSelect:设置完毕[[InternetExplorerDriver: internet explorer on WINDOWS (b98f09c3-cd7e-4a2b-b12c-f212a4033583)] -> name: GuMainBusinessSource] & Code=01010101
2020/07/14 11:44:40:229 DEBUG com.sinosoft.test.base.TestBase:76 - Trying to find Element By : By.name: GuMainSurveyInd
2020/07/14 11:44:40:300 DEBUG com.sinosoft.test.base.TestBase:80 - Found Element By : By.name: GuMainSurveyInd
2020/07/14 11:44:40:301  INFO com.sinosoft.test.base.TestBase:96 - setSelectWithStartText:[[InternetExplorerDriver: internet explorer on WINDOWS (b98f09c3-cd7e-4a2b-b12c-f212a4033583)] -> name: GuMainSurveyInd]->HXXT
2020/07/14 11:44:40:302 DEBUG com.sinosoft.test.base.TestBase:76 - Trying to find Element By : By.name: GuMainSurveyInd
2020/07/14 11:44:40:398 DEBUG com.sinosoft.test.base.TestBase:80 - Found Element By : By.name: GuMainSurveyInd
2020/07/14 11:44:40:437 DEBUG com.sinosoft.test.base.TestBase:76 - Trying to find Element By : By.name: GuMainSurveyInd
2020/07/14 11:44:40:529 DEBUG com.sinosoft.test.base.TestBase:80 - Found Element By : By.name: GuMainSurveyInd
2020/07/14 11:44:40:570 DEBUG com.sinosoft.test.base.TestBase:76 - Trying to find Element By : By.name: GuMainSurveyInd
2020/07/14 11:44:40:655 DEBUG com.sinosoft.test.base.TestBase:80 - Found Element By : By.name: GuMainSurveyInd
2020/07/14 11:44:40:656 DEBUG com.sinosoft.test.base.TestBase:76 - Trying to find Element By : By.tagName: option
2020/07/14 11:44:41:036 DEBUG com.sinosoft.test.base.TestBase:80 - Found Element By : By.tagName: option
2020/07/14 11:44:41:075  INFO com.sinosoft.test.base.TestBase:114 - 找到匹配【HXXT】的选项：HXXT-核心
2020/07/14 11:44:41:075 DEBUG com.sinosoft.test.base.TestBase:76 - Trying to find Element By : By.name: GuMainSurveyInd
2020/07/14 11:44:41:165 DEBUG com.sinosoft.test.base.TestBase:80 - Found Element By : By.name: GuMainSurveyInd
2020/07/14 11:44:41:165 DEBUG com.sinosoft.test.base.TestBase:76 - Trying to find Element By : By.xpath: .//option[normalize-space(.) = "HXXT-核心"]
2020/07/14 11:44:41:240 DEBUG com.sinosoft.test.base.TestBase:80 - Found Element By : By.xpath: .//option[normalize-space(.) = "HXXT-核心"]
2020/07/14 11:44:41:264 DEBUG com.sinosoft.test.base.TestBase:123 - setSelectWithStartText 结束！
2020/07/14 11:44:41:264 DEBUG com.sinosoft.test.base.TestBase:76 - Trying to find Element By : By.name: GuMainArgueSolution
2020/07/14 11:44:41:380 DEBUG com.sinosoft.test.base.TestBase:80 - Found Element By : By.name: GuMainArgueSolution
2020/07/14 11:44:41:381  INFO com.sinosoft.test.base.TestBase:96 - setSelectWithStartText:[[InternetExplorerDriver: internet explorer on WINDOWS (b98f09c3-cd7e-4a2b-b12c-f212a4033583)] -> name: GuMainArgueSolution]->
2020/07/14 11:44:41:381 DEBUG com.sinosoft.test.base.TestBase:76 - Trying to find Element By : By.name: GuMainDomesticInd
2020/07/14 11:44:41:453 DEBUG com.sinosoft.test.base.TestBase:80 - Found Element By : By.name: GuMainDomesticInd
2020/07/14 11:44:41:454  INFO com.sinosoft.test.base.TestBase:96 - setSelectWithStartText:[[InternetExplorerDriver: internet explorer on WINDOWS (b98f09c3-cd7e-4a2b-b12c-f212a4033583)] -> name: GuMainDomesticInd]->
2020/07/14 11:44:41:455 DEBUG com.sinosoft.test.base.TestBase:76 - Trying to find Element By : By.name: GuMainComInsureInd
2020/07/14 11:44:41:540 DEBUG com.sinosoft.test.base.TestBase:80 - Found Element By : By.name: GuMainComInsureInd
2020/07/14 11:44:41:540  INFO com.sinosoft.test.base.TestBase:96 - setSelectWithStartText:[[InternetExplorerDriver: internet explorer on WINDOWS (b98f09c3-cd7e-4a2b-b12c-f212a4033583)] -> name: GuMainComInsureInd]->0
2020/07/14 11:44:41:540 DEBUG com.sinosoft.test.base.TestBase:76 - Trying to find Element By : By.name: GuMainComInsureInd
2020/07/14 11:44:41:621 DEBUG com.sinosoft.test.base.TestBase:80 - Found Element By : By.name: GuMainComInsureInd
2020/07/14 11:44:41:648 DEBUG com.sinosoft.test.base.TestBase:76 - Trying to find Element By : By.name: GuMainComInsureInd
2020/07/14 11:44:41:735 DEBUG com.sinosoft.test.base.TestBase:80 - Found Element By : By.name: GuMainComInsureInd
2020/07/14 11:44:41:765 DEBUG com.sinosoft.test.base.TestBase:76 - Trying to find Element By : By.name: GuMainComInsureInd
2020/07/14 11:44:41:853 DEBUG com.sinosoft.test.base.TestBase:80 - Found Element By : By.name: GuMainComInsureInd
2020/07/14 11:44:41:853 DEBUG com.sinosoft.test.base.TestBase:76 - Trying to find Element By : By.tagName: option
2020/07/14 11:44:41:957 DEBUG com.sinosoft.test.base.TestBase:80 - Found Element By : By.tagName: option
2020/07/14 11:44:41:993  INFO com.sinosoft.test.base.TestBase:114 - 找到匹配【0】的选项：0-非统括业务
2020/07/14 11:44:41:993 DEBUG com.sinosoft.test.base.TestBase:76 - Trying to find Element By : By.name: GuMainComInsureInd
2020/07/14 11:44:42:086 DEBUG com.sinosoft.test.base.TestBase:80 - Found Element By : By.name: GuMainComInsureInd
2020/07/14 11:44:42:087 DEBUG com.sinosoft.test.base.TestBase:76 - Trying to find Element By : By.xpath: .//option[normalize-space(.) = "0-非统括业务"]
2020/07/14 11:44:42:157 DEBUG com.sinosoft.test.base.TestBase:80 - Found Element By : By.xpath: .//option[normalize-space(.) = "0-非统括业务"]
2020/07/14 11:44:42:187 DEBUG com.sinosoft.test.base.TestBase:123 - setSelectWithStartText 结束！
2020/07/14 11:44:42:188 DEBUG com.sinosoft.test.base.TestBase:76 - Trying to find Element By : By.name: GuMainPolicyStyle
2020/07/14 11:44:42:295 DEBUG com.sinosoft.test.base.TestBase:80 - Found Element By : By.name: GuMainPolicyStyle
2020/07/14 11:44:42:296  INFO com.sinosoft.test.base.TestBase:96 - setSelectWithStartText:[[InternetExplorerDriver: internet explorer on WINDOWS (b98f09c3-cd7e-4a2b-b12c-f212a4033583)] -> name: GuMainPolicyStyle]->0
2020/07/14 11:44:42:296 DEBUG com.sinosoft.test.base.TestBase:76 - Trying to find Element By : By.name: GuMainPolicyStyle
2020/07/14 11:44:42:355 DEBUG com.sinosoft.test.base.TestBase:80 - Found Element By : By.name: GuMainPolicyStyle
2020/07/14 11:44:42:380 DEBUG com.sinosoft.test.base.TestBase:76 - Trying to find Element By : By.name: GuMainPolicyStyle
2020/07/14 11:44:42:441 DEBUG com.sinosoft.test.base.TestBase:80 - Found Element By : By.name: GuMainPolicyStyle
2020/07/14 11:44:42:468 DEBUG com.sinosoft.test.base.TestBase:76 - Trying to find Element By : By.name: GuMainPolicyStyle
2020/07/14 11:44:42:561 DEBUG com.sinosoft.test.base.TestBase:80 - Found Element By : By.name: GuMainPolicyStyle
2020/07/14 11:44:42:561 DEBUG com.sinosoft.test.base.TestBase:76 - Trying to find Element By : By.tagName: option
2020/07/14 11:44:42:707 DEBUG com.sinosoft.test.base.TestBase:80 - Found Element By : By.tagName: option
2020/07/14 11:44:42:754  INFO com.sinosoft.test.base.TestBase:114 - 找到匹配【0】的选项：0-否
2020/07/14 11:44:42:754 DEBUG com.sinosoft.test.base.TestBase:76 - Trying to find Element By : By.name: GuMainPolicyStyle
2020/07/14 11:44:42:848 DEBUG com.sinosoft.test.base.TestBase:80 - Found Element By : By.name: GuMainPolicyStyle
2020/07/14 11:44:42:848 DEBUG com.sinosoft.test.base.TestBase:76 - Trying to find Element By : By.xpath: .//option[normalize-space(.) = "0-否"]
2020/07/14 11:44:42:938 DEBUG com.sinosoft.test.base.TestBase:80 - Found Element By : By.xpath: .//option[normalize-space(.) = "0-否"]
2020/07/14 11:44:42:996 DEBUG com.sinosoft.test.base.TestBase:123 - setSelectWithStartText 结束！
2020/07/14 11:44:42:997 DEBUG com.sinosoft.test.base.TestBase:76 - Trying to find Element By : By.name: RenewalOfInsuranceSelect
2020/07/14 11:44:43:069 DEBUG com.sinosoft.test.base.TestBase:80 - Found Element By : By.name: RenewalOfInsuranceSelect
2020/07/14 11:44:43:070  INFO com.sinosoft.test.base.TestBase:96 - setSelectWithStartText:[[InternetExplorerDriver: internet explorer on WINDOWS (b98f09c3-cd7e-4a2b-b12c-f212a4033583)] -> name: RenewalOfInsuranceSelect]->0
2020/07/14 11:44:43:070 DEBUG com.sinosoft.test.base.TestBase:76 - Trying to find Element By : By.name: RenewalOfInsuranceSelect
2020/07/14 11:44:43:117 DEBUG com.sinosoft.test.base.TestBase:80 - Found Element By : By.name: RenewalOfInsuranceSelect
2020/07/14 11:44:43:146 DEBUG com.sinosoft.test.base.TestBase:76 - Trying to find Element By : By.name: RenewalOfInsuranceSelect
2020/07/14 11:44:43:234 DEBUG com.sinosoft.test.base.TestBase:80 - Found Element By : By.name: RenewalOfInsuranceSelect
2020/07/14 11:44:43:263 DEBUG com.sinosoft.test.base.TestBase:76 - Trying to find Element By : By.name: RenewalOfInsuranceSelect
2020/07/14 11:44:43:372 DEBUG com.sinosoft.test.base.TestBase:80 - Found Element By : By.name: RenewalOfInsuranceSelect
2020/07/14 11:44:43:372 DEBUG com.sinosoft.test.base.TestBase:76 - Trying to find Element By : By.tagName: option
2020/07/14 11:44:43:462 DEBUG com.sinosoft.test.base.TestBase:80 - Found Element By : By.tagName: option
2020/07/14 11:44:43:538  INFO com.sinosoft.test.base.TestBase:114 - 找到匹配【0】的选项：0-否
2020/07/14 11:44:43:538 DEBUG com.sinosoft.test.base.TestBase:76 - Trying to find Element By : By.name: RenewalOfInsuranceSelect
2020/07/14 11:44:43:620 DEBUG com.sinosoft.test.base.TestBase:80 - Found Element By : By.name: RenewalOfInsuranceSelect
2020/07/14 11:44:43:621 DEBUG com.sinosoft.test.base.TestBase:76 - Trying to find Element By : By.xpath: .//option[normalize-space(.) = "0-否"]
2020/07/14 11:44:43:683 DEBUG com.sinosoft.test.base.TestBase:80 - Found Element By : By.xpath: .//option[normalize-space(.) = "0-否"]
2020/07/14 11:44:43:712 DEBUG com.sinosoft.test.base.TestBase:42 - Trying to click on: [[[[InternetExplorerDriver: internet explorer on WINDOWS (b98f09c3-cd7e-4a2b-b12c-f212a4033583)] -> name: RenewalOfInsuranceSelect]] -> xpath: .//option[normalize-space(.) = "0-否"]]
2020/07/14 11:44:43:963 DEBUG com.sinosoft.test.base.TestBase:46 - Clicked on: [[[[InternetExplorerDriver: internet explorer on WINDOWS (b98f09c3-cd7e-4a2b-b12c-f212a4033583)] -> name: RenewalOfInsuranceSelect]] -> xpath: .//option[normalize-space(.) = "0-否"]]
2020/07/14 11:44:43:963 DEBUG com.sinosoft.test.base.TestBase:123 - setSelectWithStartText 结束！
2020/07/14 11:44:43:964 DEBUG com.sinosoft.test.base.TestBase:76 - Trying to find Element By : By.name: GuMainIsDifferentPlace
2020/07/14 11:44:44:058 DEBUG com.sinosoft.test.base.TestBase:80 - Found Element By : By.name: GuMainIsDifferentPlace
2020/07/14 11:44:44:058  INFO com.sinosoft.test.base.TestBase:96 - setSelectWithStartText:[[InternetExplorerDriver: internet explorer on WINDOWS (b98f09c3-cd7e-4a2b-b12c-f212a4033583)] -> name: GuMainIsDifferentPlace]->
2020/07/14 11:44:44:058 DEBUG com.sinosoft.test.base.TestBase:76 - Trying to find Element By : By.name: GuMainIsFarming
2020/07/14 11:44:44:128 DEBUG com.sinosoft.test.base.TestBase:80 - Found Element By : By.name: GuMainIsFarming
2020/07/14 11:44:44:128  INFO com.sinosoft.test.base.TestBase:96 - setSelectWithStartText:[[InternetExplorerDriver: internet explorer on WINDOWS (b98f09c3-cd7e-4a2b-b12c-f212a4033583)] -> name: GuMainIsFarming]->
2020/07/14 11:44:44:128 DEBUG com.sinosoft.test.base.TestBase:76 - Trying to find Element By : By.name: AppliGuRelatedPartyInsuredType
2020/07/14 11:44:44:201 DEBUG com.sinosoft.test.base.TestBase:80 - Found Element By : By.name: AppliGuRelatedPartyInsuredType
2020/07/14 11:44:44:202  INFO com.sinosoft.test.base.TestBase:96 - setSelectWithStartText:[[InternetExplorerDriver: internet explorer on WINDOWS (b98f09c3-cd7e-4a2b-b12c-f212a4033583)] -> name: AppliGuRelatedPartyInsuredType]->2
2020/07/14 11:44:44:202 DEBUG com.sinosoft.test.base.TestBase:76 - Trying to find Element By : By.name: AppliGuRelatedPartyInsuredType
2020/07/14 11:44:44:286 DEBUG com.sinosoft.test.base.TestBase:80 - Found Element By : By.name: AppliGuRelatedPartyInsuredType
2020/07/14 11:44:44:318 DEBUG com.sinosoft.test.base.TestBase:76 - Trying to find Element By : By.name: AppliGuRelatedPartyInsuredType
2020/07/14 11:44:44:400 DEBUG com.sinosoft.test.base.TestBase:80 - Found Element By : By.name: AppliGuRelatedPartyInsuredType
2020/07/14 11:44:44:432 DEBUG com.sinosoft.test.base.TestBase:76 - Trying to find Element By : By.name: AppliGuRelatedPartyInsuredType
2020/07/14 11:44:44:538 DEBUG com.sinosoft.test.base.TestBase:80 - Found Element By : By.name: AppliGuRelatedPartyInsuredType
2020/07/14 11:44:44:538 DEBUG com.sinosoft.test.base.TestBase:76 - Trying to find Element By : By.tagName: option
2020/07/14 11:44:44:612 DEBUG com.sinosoft.test.base.TestBase:80 - Found Element By : By.tagName: option
2020/07/14 11:44:44:743  INFO com.sinosoft.test.base.TestBase:114 - 找到匹配【2】的选项：2-团体
2020/07/14 11:44:44:744 DEBUG com.sinosoft.test.base.TestBase:76 - Trying to find Element By : By.name: AppliGuRelatedPartyInsuredType
2020/07/14 11:44:44:804 DEBUG com.sinosoft.test.base.TestBase:80 - Found Element By : By.name: AppliGuRelatedPartyInsuredType
2020/07/14 11:44:44:804 DEBUG com.sinosoft.test.base.TestBase:76 - Trying to find Element By : By.xpath: .//option[normalize-space(.) = "2-团体"]
2020/07/14 11:44:44:852 DEBUG com.sinosoft.test.base.TestBase:80 - Found Element By : By.xpath: .//option[normalize-space(.) = "2-团体"]
2020/07/14 11:44:44:899 DEBUG com.sinosoft.test.base.TestBase:123 - setSelectWithStartText 结束！
2020/07/14 11:44:44:900 DEBUG com.sinosoft.test.base.TestBase:76 - Trying to find Element By : By.name: AppliGuRelatedPartyInsuredCode
2020/07/14 11:44:44:983 DEBUG com.sinosoft.test.base.TestBase:80 - Found Element By : By.name: AppliGuRelatedPartyInsuredCode
2020/07/14 11:44:44:983  INFO com.sinosoft.test.base.TestBase:388 - setEditboxTValue:[[InternetExplorerDriver: internet explorer on WINDOWS (b98f09c3-cd7e-4a2b-b12c-f212a4033583)] -> name: AppliGuRelatedPartyInsuredCode]->G6200019603
2020/07/14 11:44:44:984 DEBUG com.sinosoft.test.base.TestBase:76 - Trying to find Element By : By.name: AppliGuRelatedPartyInsuredCode
2020/07/14 11:44:45:064 DEBUG com.sinosoft.test.base.TestBase:80 - Found Element By : By.name: AppliGuRelatedPartyInsuredCode
2020/07/14 11:44:45:387 DEBUG com.sinosoft.test.base.TestBase:76 - Trying to find Element By : By.name: AppliGuRelatedPartyInsuredCode
2020/07/14 11:44:45:456 DEBUG com.sinosoft.test.base.TestBase:80 - Found Element By : By.name: AppliGuRelatedPartyInsuredCode
2020/07/14 11:44:50:863 DEBUG com.sinosoft.test.base.TestBase:76 - Trying to find Element By : By.name: buttonSaveCustomer
2020/07/14 11:44:50:944 DEBUG com.sinosoft.test.base.TestBase:80 - Found Element By : By.name: buttonSaveCustomer
2020/07/14 11:44:50:945 DEBUG com.sinosoft.test.base.TestBase:42 - Trying to click on: [[InternetExplorerDriver: internet explorer on WINDOWS (b98f09c3-cd7e-4a2b-b12c-f212a4033583)] -> name: buttonSaveCustomer]
2020/07/14 11:44:52:200 DEBUG com.sinosoft.test.base.TestBase:46 - Clicked on: [[InternetExplorerDriver: internet explorer on WINDOWS (b98f09c3-cd7e-4a2b-b12c-f212a4033583)] -> name: buttonSaveCustomer]
2020/07/14 11:44:52:414  INFO com.sinosoft.test.base.TestBase:519 - 在保存客户时捕获了一个弹窗：客户已经保存，或不需要保存.
2020/07/14 11:44:52:628 DEBUG com.sinosoft.test.base.TestBase:218 - Alert的标题是：客户已经保存，或不需要保存.
2020/07/14 11:44:53:502 DEBUG com.sinosoft.test.base.TestBase:76 - Trying to find Element By : By.name: AppliGuRelatedPartyInsuredCode
2020/07/14 11:44:53:564 DEBUG com.sinosoft.test.base.TestBase:80 - Found Element By : By.name: AppliGuRelatedPartyInsuredCode
2020/07/14 11:44:53:601 DEBUG com.sinosoft.test.base.TestBase:76 - Trying to find Element By : By.id: saveButton
2020/07/14 11:44:53:680 DEBUG com.sinosoft.test.base.TestBase:80 - Found Element By : By.id: saveButton
2020/07/14 11:44:53:680 DEBUG com.sinosoft.test.base.TestBase:42 - Trying to click on: [[InternetExplorerDriver: internet explorer on WINDOWS (b98f09c3-cd7e-4a2b-b12c-f212a4033583)] -> id: saveButton]
2020/07/14 11:44:58:239 DEBUG com.sinosoft.test.base.TestBase:46 - Clicked on: [[InternetExplorerDriver: internet explorer on WINDOWS (b98f09c3-cd7e-4a2b-b12c-f212a4033583)] -> id: saveButton]
2020/07/14 11:44:58:239 DEBUG com.sinosoft.test.base.TestBase:88 - 截屏文件名字是：FCCB_TB_JCX_1保存基本信息
2020/07/14 11:44:58:347 DEBUG com.sinosoft.test.base.TestBase:69 - 初始化class com.sinosoft.test.fccp.tbcl.RiskDetail_TypePage
2020/07/14 11:45:03:119 DEBUG com.sinosoft.test.base.TestBase:76 - Trying to find Element By : By.name: GuRiskRiskApplyType
2020/07/14 11:45:03:201 DEBUG com.sinosoft.test.base.TestBase:80 - Found Element By : By.name: GuRiskRiskApplyType
2020/07/14 11:45:03:204 DEBUG com.sinosoft.test.base.TestBase:107 - 投保处理/险种信息
2020/07/14 11:45:05:816 DEBUG com.sinosoft.test.base.TestBase:76 - Trying to find Element By : By.id: RiskItem
2020/07/14 11:45:05:852 DEBUG com.sinosoft.test.base.TestBase:80 - Found Element By : By.id: RiskItem
2020/07/14 11:45:05:852 DEBUG com.sinosoft.test.base.TestBase:76 - Trying to find Element By : By.name: summarySubBusinessNo
2020/07/14 11:45:05:888 DEBUG com.sinosoft.test.base.TestBase:80 - Found Element By : By.name: summarySubBusinessNo
2020/07/14 11:45:05:937 DEBUG com.sinosoft.test.base.TestBase:113 - 投保单号：06201900101202000000000078
2020/07/14 11:45:05:937 DEBUG com.sinosoft.test.base.TestBase:121 - 保存投保单号完毕！
2020/07/14 11:45:10:920 DEBUG com.sinosoft.test.base.TestBase:123 - 返回工作区，准备下一步操作！
2020/07/14 11:45:10:920  INFO com.sinosoft.test.base.TestBase:125 - 开始处理风险类别信息
2020/07/14 11:45:10:920 DEBUG com.sinosoft.test.base.TestBase:76 - Trying to find Element By : By.name: GuRiskRiskApplyType
2020/07/14 11:45:10:967 DEBUG com.sinosoft.test.base.TestBase:80 - Found Element By : By.name: GuRiskRiskApplyType
2020/07/14 11:45:10:967  INFO com.sinosoft.test.base.TestBase:96 - setSelectWithStartText:[[InternetExplorerDriver: internet explorer on WINDOWS (b98f09c3-cd7e-4a2b-b12c-f212a4033583)] -> name: GuRiskRiskApplyType]->1
2020/07/14 11:45:10:967 DEBUG com.sinosoft.test.base.TestBase:76 - Trying to find Element By : By.name: GuRiskRiskApplyType
2020/07/14 11:45:11:033 DEBUG com.sinosoft.test.base.TestBase:80 - Found Element By : By.name: GuRiskRiskApplyType
2020/07/14 11:45:11:062 DEBUG com.sinosoft.test.base.TestBase:76 - Trying to find Element By : By.name: GuRiskRiskApplyType
2020/07/14 11:45:11:111 DEBUG com.sinosoft.test.base.TestBase:80 - Found Element By : By.name: GuRiskRiskApplyType
2020/07/14 11:45:11:143 DEBUG com.sinosoft.test.base.TestBase:76 - Trying to find Element By : By.name: GuRiskRiskApplyType
2020/07/14 11:45:11:201 DEBUG com.sinosoft.test.base.TestBase:80 - Found Element By : By.name: GuRiskRiskApplyType
2020/07/14 11:45:11:202 DEBUG com.sinosoft.test.base.TestBase:76 - Trying to find Element By : By.tagName: option
2020/07/14 11:45:11:261 DEBUG com.sinosoft.test.base.TestBase:80 - Found Element By : By.tagName: option
2020/07/14 11:45:11:309  INFO com.sinosoft.test.base.TestBase:114 - 找到匹配【1】的选项：1-全国
2020/07/14 11:45:11:311 DEBUG com.sinosoft.test.base.TestBase:76 - Trying to find Element By : By.name: GuRiskRiskApplyType
2020/07/14 11:45:11:381 DEBUG com.sinosoft.test.base.TestBase:80 - Found Element By : By.name: GuRiskRiskApplyType
2020/07/14 11:45:11:381 DEBUG com.sinosoft.test.base.TestBase:76 - Trying to find Element By : By.xpath: .//option[normalize-space(.) = "1-全国"]
2020/07/14 11:45:11:438 DEBUG com.sinosoft.test.base.TestBase:80 - Found Element By : By.xpath: .//option[normalize-space(.) = "1-全国"]
2020/07/14 11:45:11:473 DEBUG com.sinosoft.test.base.TestBase:123 - setSelectWithStartText 结束！
2020/07/14 11:45:11:473 DEBUG com.sinosoft.test.base.TestBase:76 - Trying to find Element By : By.name: GuRiskCoinsInd
2020/07/14 11:45:11:543 DEBUG com.sinosoft.test.base.TestBase:80 - Found Element By : By.name: GuRiskCoinsInd
2020/07/14 11:45:11:546  INFO com.sinosoft.test.base.TestBase:96 - setSelectWithStartText:[[InternetExplorerDriver: internet explorer on WINDOWS (b98f09c3-cd7e-4a2b-b12c-f212a4033583)] -> name: GuRiskCoinsInd]->1
2020/07/14 11:45:11:546 DEBUG com.sinosoft.test.base.TestBase:76 - Trying to find Element By : By.name: GuRiskCoinsInd
2020/07/14 11:45:11:632 DEBUG com.sinosoft.test.base.TestBase:80 - Found Element By : By.name: GuRiskCoinsInd
2020/07/14 11:45:11:657 DEBUG com.sinosoft.test.base.TestBase:76 - Trying to find Element By : By.name: GuRiskCoinsInd
2020/07/14 11:45:11:744 DEBUG com.sinosoft.test.base.TestBase:80 - Found Element By : By.name: GuRiskCoinsInd
2020/07/14 11:45:11:772 DEBUG com.sinosoft.test.base.TestBase:76 - Trying to find Element By : By.name: GuRiskCoinsInd
2020/07/14 11:45:11:844 DEBUG com.sinosoft.test.base.TestBase:80 - Found Element By : By.name: GuRiskCoinsInd
2020/07/14 11:45:11:845 DEBUG com.sinosoft.test.base.TestBase:76 - Trying to find Element By : By.tagName: option
2020/07/14 11:45:12:048 DEBUG com.sinosoft.test.base.TestBase:80 - Found Element By : By.tagName: option
2020/07/14 11:45:12:144  INFO com.sinosoft.test.base.TestBase:114 - 找到匹配【1】的选项：1-主共保
2020/07/14 11:45:12:144 DEBUG com.sinosoft.test.base.TestBase:76 - Trying to find Element By : By.name: GuRiskCoinsInd
2020/07/14 11:45:12:214 DEBUG com.sinosoft.test.base.TestBase:80 - Found Element By : By.name: GuRiskCoinsInd
2020/07/14 11:45:12:214 DEBUG com.sinosoft.test.base.TestBase:76 - Trying to find Element By : By.xpath: .//option[normalize-space(.) = "1-主共保"]
2020/07/14 11:45:12:296 DEBUG com.sinosoft.test.base.TestBase:80 - Found Element By : By.xpath: .//option[normalize-space(.) = "1-主共保"]
2020/07/14 11:45:12:321 DEBUG com.sinosoft.test.base.TestBase:42 - Trying to click on: [[[[InternetExplorerDriver: internet explorer on WINDOWS (b98f09c3-cd7e-4a2b-b12c-f212a4033583)] -> name: GuRiskCoinsInd]] -> xpath: .//option[normalize-space(.) = "1-主共保"]]
2020/07/14 11:45:12:518 DEBUG com.sinosoft.test.base.TestBase:46 - Clicked on: [[[[InternetExplorerDriver: internet explorer on WINDOWS (b98f09c3-cd7e-4a2b-b12c-f212a4033583)] -> name: GuRiskCoinsInd]] -> xpath: .//option[normalize-space(.) = "1-主共保"]]
2020/07/14 11:45:12:518 DEBUG com.sinosoft.test.base.TestBase:123 - setSelectWithStartText 结束！
2020/07/14 11:45:12:518 DEBUG com.sinosoft.test.base.TestBase:76 - Trying to find Element By : By.name: GuRiskBusinessFlag
2020/07/14 11:45:12:576 DEBUG com.sinosoft.test.base.TestBase:80 - Found Element By : By.name: GuRiskBusinessFlag
2020/07/14 11:45:12:578  INFO com.sinosoft.test.base.TestBase:96 - setSelectWithStartText:[[InternetExplorerDriver: internet explorer on WINDOWS (b98f09c3-cd7e-4a2b-b12c-f212a4033583)] -> name: GuRiskBusinessFlag]->1
2020/07/14 11:45:12:580 DEBUG com.sinosoft.test.base.TestBase:76 - Trying to find Element By : By.name: GuRiskBusinessFlag
2020/07/14 11:45:12:650 DEBUG com.sinosoft.test.base.TestBase:80 - Found Element By : By.name: GuRiskBusinessFlag
2020/07/14 11:45:12:678 DEBUG com.sinosoft.test.base.TestBase:76 - Trying to find Element By : By.name: GuRiskBusinessFlag
2020/07/14 11:45:12:726 DEBUG com.sinosoft.test.base.TestBase:80 - Found Element By : By.name: GuRiskBusinessFlag
2020/07/14 11:45:12:751 DEBUG com.sinosoft.test.base.TestBase:76 - Trying to find Element By : By.name: GuRiskBusinessFlag
2020/07/14 11:45:12:843 DEBUG com.sinosoft.test.base.TestBase:80 - Found Element By : By.name: GuRiskBusinessFlag
2020/07/14 11:45:12:844 DEBUG com.sinosoft.test.base.TestBase:76 - Trying to find Element By : By.tagName: option
2020/07/14 11:45:12:904 DEBUG com.sinosoft.test.base.TestBase:80 - Found Element By : By.tagName: option
2020/07/14 11:45:13:028  INFO com.sinosoft.test.base.TestBase:114 - 找到匹配【1】的选项：1-是
2020/07/14 11:45:13:028 DEBUG com.sinosoft.test.base.TestBase:76 - Trying to find Element By : By.name: GuRiskBusinessFlag
2020/07/14 11:45:13:109 DEBUG com.sinosoft.test.base.TestBase:80 - Found Element By : By.name: GuRiskBusinessFlag
2020/07/14 11:45:13:109 DEBUG com.sinosoft.test.base.TestBase:76 - Trying to find Element By : By.xpath: .//option[normalize-space(.) = "1-是"]
2020/07/14 11:45:13:178 DEBUG com.sinosoft.test.base.TestBase:80 - Found Element By : By.xpath: .//option[normalize-space(.) = "1-是"]
2020/07/14 11:45:13:238 DEBUG com.sinosoft.test.base.TestBase:42 - Trying to click on: [[[[InternetExplorerDriver: internet explorer on WINDOWS (b98f09c3-cd7e-4a2b-b12c-f212a4033583)] -> name: GuRiskBusinessFlag]] -> xpath: .//option[normalize-space(.) = "1-是"]]
2020/07/14 11:45:13:450 DEBUG com.sinosoft.test.base.TestBase:46 - Clicked on: [[[[InternetExplorerDriver: internet explorer on WINDOWS (b98f09c3-cd7e-4a2b-b12c-f212a4033583)] -> name: GuRiskBusinessFlag]] -> xpath: .//option[normalize-space(.) = "1-是"]]
2020/07/14 11:45:13:450 DEBUG com.sinosoft.test.base.TestBase:123 - setSelectWithStartText 结束！
2020/07/14 11:45:13:450 DEBUG com.sinosoft.test.base.TestBase:76 - Trying to find Element By : By.name: GuRiskJudicalCode
2020/07/14 11:45:13:519 DEBUG com.sinosoft.test.base.TestBase:80 - Found Element By : By.name: GuRiskJudicalCode
2020/07/14 11:45:13:520  INFO com.sinosoft.test.base.TestBase:96 - setSelectWithStartText:[[InternetExplorerDriver: internet explorer on WINDOWS (b98f09c3-cd7e-4a2b-b12c-f212a4033583)] -> name: GuRiskJudicalCode]->1
2020/07/14 11:45:13:520 DEBUG com.sinosoft.test.base.TestBase:76 - Trying to find Element By : By.name: GuRiskJudicalCode
2020/07/14 11:45:13:588 DEBUG com.sinosoft.test.base.TestBase:80 - Found Element By : By.name: GuRiskJudicalCode
2020/07/14 11:45:13:605 DEBUG com.sinosoft.test.base.TestBase:76 - Trying to find Element By : By.name: GuRiskJudicalCode
2020/07/14 11:45:13:666 DEBUG com.sinosoft.test.base.TestBase:80 - Found Element By : By.name: GuRiskJudicalCode
2020/07/14 11:45:13:694 DEBUG com.sinosoft.test.base.TestBase:76 - Trying to find Element By : By.name: GuRiskJudicalCode
2020/07/14 11:45:13:776 DEBUG com.sinosoft.test.base.TestBase:80 - Found Element By : By.name: GuRiskJudicalCode
2020/07/14 11:45:13:776 DEBUG com.sinosoft.test.base.TestBase:76 - Trying to find Element By : By.tagName: option
2020/07/14 11:45:13:877 DEBUG com.sinosoft.test.base.TestBase:80 - Found Element By : By.tagName: option
2020/07/14 11:45:13:927  INFO com.sinosoft.test.base.TestBase:114 - 找到匹配【1】的选项：1-中华人民共和国管辖(港澳台除外)
2020/07/14 11:45:13:927 DEBUG com.sinosoft.test.base.TestBase:76 - Trying to find Element By : By.name: GuRiskJudicalCode
2020/07/14 11:45:14:031 DEBUG com.sinosoft.test.base.TestBase:80 - Found Element By : By.name: GuRiskJudicalCode
2020/07/14 11:45:14:031 DEBUG com.sinosoft.test.base.TestBase:76 - Trying to find Element By : By.xpath: .//option[normalize-space(.) = "1-中华人民共和国管辖(港澳台除外)"]
2020/07/14 11:45:14:099 DEBUG com.sinosoft.test.base.TestBase:80 - Found Element By : By.xpath: .//option[normalize-space(.) = "1-中华人民共和国管辖(港澳台除外)"]
2020/07/14 11:45:14:138 DEBUG com.sinosoft.test.base.TestBase:123 - setSelectWithStartText 结束！
2020/07/14 11:45:14:138 DEBUG com.sinosoft.test.base.TestBase:76 - Trying to find Element By : By.xpath: //table[@id='InsuredRelatedParty']/tbody/tr[@id='InsuredGuRelatedPartyCorInsuredType']/td/select[@name='InsuredGuRelatedPartyStarLevel']
2020/07/14 11:45:14:213 DEBUG com.sinosoft.test.base.TestBase:80 - Found Element By : By.xpath: //table[@id='InsuredRelatedParty']/tbody/tr[@id='InsuredGuRelatedPartyCorInsuredType']/td/select[@name='InsuredGuRelatedPartyStarLevel']
2020/07/14 11:45:14:214  INFO com.sinosoft.test.base.TestBase:96 - setSelectWithStartText:[[InternetExplorerDriver: internet explorer on WINDOWS (b98f09c3-cd7e-4a2b-b12c-f212a4033583)] -> xpath: //table[@id='InsuredRelatedParty']/tbody/tr[@id='InsuredGuRelatedPartyCorInsuredType']/td/select[@name='InsuredGuRelatedPartyStarLevel']]->0
2020/07/14 11:45:14:214 DEBUG com.sinosoft.test.base.TestBase:76 - Trying to find Element By : By.xpath: //table[@id='InsuredRelatedParty']/tbody/tr[@id='InsuredGuRelatedPartyCorInsuredType']/td/select[@name='InsuredGuRelatedPartyStarLevel']
2020/07/14 11:45:14:262 DEBUG com.sinosoft.test.base.TestBase:80 - Found Element By : By.xpath: //table[@id='InsuredRelatedParty']/tbody/tr[@id='InsuredGuRelatedPartyCorInsuredType']/td/select[@name='InsuredGuRelatedPartyStarLevel']
2020/07/14 11:45:14:287 DEBUG com.sinosoft.test.base.TestBase:76 - Trying to find Element By : By.xpath: //table[@id='InsuredRelatedParty']/tbody/tr[@id='InsuredGuRelatedPartyCorInsuredType']/td/select[@name='InsuredGuRelatedPartyStarLevel']
2020/07/14 11:45:14:343 DEBUG com.sinosoft.test.base.TestBase:80 - Found Element By : By.xpath: //table[@id='InsuredRelatedParty']/tbody/tr[@id='InsuredGuRelatedPartyCorInsuredType']/td/select[@name='InsuredGuRelatedPartyStarLevel']
2020/07/14 11:45:14:368 DEBUG com.sinosoft.test.base.TestBase:76 - Trying to find Element By : By.xpath: //table[@id='InsuredRelatedParty']/tbody/tr[@id='InsuredGuRelatedPartyCorInsuredType']/td/select[@name='InsuredGuRelatedPartyStarLevel']
2020/07/14 11:45:14:436 DEBUG com.sinosoft.test.base.TestBase:80 - Found Element By : By.xpath: //table[@id='InsuredRelatedParty']/tbody/tr[@id='InsuredGuRelatedPartyCorInsuredType']/td/select[@name='InsuredGuRelatedPartyStarLevel']
2020/07/14 11:45:14:437 DEBUG com.sinosoft.test.base.TestBase:76 - Trying to find Element By : By.tagName: option
2020/07/14 11:45:14:529 DEBUG com.sinosoft.test.base.TestBase:80 - Found Element By : By.tagName: option
2020/07/14 11:45:14:644  INFO com.sinosoft.test.base.TestBase:114 - 找到匹配【0】的选项：0-普通客户
2020/07/14 11:45:14:645 DEBUG com.sinosoft.test.base.TestBase:76 - Trying to find Element By : By.xpath: //table[@id='InsuredRelatedParty']/tbody/tr[@id='InsuredGuRelatedPartyCorInsuredType']/td/select[@name='InsuredGuRelatedPartyStarLevel']
2020/07/14 11:45:14:701 DEBUG com.sinosoft.test.base.TestBase:80 - Found Element By : By.xpath: //table[@id='InsuredRelatedParty']/tbody/tr[@id='InsuredGuRelatedPartyCorInsuredType']/td/select[@name='InsuredGuRelatedPartyStarLevel']
2020/07/14 11:45:14:702 DEBUG com.sinosoft.test.base.TestBase:76 - Trying to find Element By : By.xpath: .//option[normalize-space(.) = "0-普通客户"]
2020/07/14 11:45:14:769 DEBUG com.sinosoft.test.base.TestBase:80 - Found Element By : By.xpath: .//option[normalize-space(.) = "0-普通客户"]
2020/07/14 11:45:14:831 DEBUG com.sinosoft.test.base.TestBase:123 - setSelectWithStartText 结束！
2020/07/14 11:45:14:831 DEBUG com.sinosoft.test.base.TestBase:76 - Trying to find Element By : By.xpath: //table[@id='InsuredRelatedParty']/tbody/tr[@id='InsuredGuRelatedPartyVocation']/td/input[@name='InsuredGuRelatedPartyIndustryMainCode']
2020/07/14 11:45:14:859 DEBUG com.sinosoft.test.base.TestBase:80 - Found Element By : By.xpath: //table[@id='InsuredRelatedParty']/tbody/tr[@id='InsuredGuRelatedPartyVocation']/td/input[@name='InsuredGuRelatedPartyIndustryMainCode']
2020/07/14 11:45:14:909 DEBUG com.sinosoft.test.base.TestBase:76 - Trying to find Element By : By.xpath: //table[@id='InsuredRelatedParty']/tbody/tr[@id='InsuredGuRelatedPartyVocation']/td/input[@name='InsuredGuRelatedPartyIndustryMainCode']
2020/07/14 11:45:14:979 DEBUG com.sinosoft.test.base.TestBase:80 - Found Element By : By.xpath: //table[@id='InsuredRelatedParty']/tbody/tr[@id='InsuredGuRelatedPartyVocation']/td/input[@name='InsuredGuRelatedPartyIndustryMainCode']
2020/07/14 11:45:14:979 DEBUG com.sinosoft.test.base.TestBase:42 - CodeSelect:开始设置[[InternetExplorerDriver: internet explorer on WINDOWS (b98f09c3-cd7e-4a2b-b12c-f212a4033583)] -> xpath: //table[@id='InsuredRelatedParty']/tbody/tr[@id='InsuredGuRelatedPartyVocation']/td/input[@name='InsuredGuRelatedPartyIndustryMainCode']] & Code=12
2020/07/14 11:45:14:979 DEBUG com.sinosoft.test.base.TestBase:76 - Trying to find Element By : By.xpath: //table[@id='InsuredRelatedParty']/tbody/tr[@id='InsuredGuRelatedPartyVocation']/td/input[@name='InsuredGuRelatedPartyIndustryMainCode']
2020/07/14 11:45:15:028 DEBUG com.sinosoft.test.base.TestBase:80 - Found Element By : By.xpath: //table[@id='InsuredRelatedParty']/tbody/tr[@id='InsuredGuRelatedPartyVocation']/td/input[@name='InsuredGuRelatedPartyIndustryMainCode']
2020/07/14 11:45:16:249 DEBUG com.sinosoft.test.base.TestBase:272 - 系统窗口【黄河财险业务系统】with handle -bcf1a258-b6b9-4130-acb2-d23878ee42b2
2020/07/14 11:45:16:906 DEBUG com.sinosoft.test.base.TestBase:272 - 系统窗口【黄河财险业务系统】with handle -bcf1a258-b6b9-4130-acb2-d23878ee42b2
2020/07/14 11:45:17:534 DEBUG com.sinosoft.test.base.TestBase:272 - 系统窗口【Code Select】with handle -fba2b85d-c7df-4d9c-b884-b72fabdf8ceb
2020/07/14 11:45:18:046 DEBUG com.sinosoft.test.base.TestBase:69 - 初始化class com.sinosoft.test.fccp.common.CodeSelectPage
2020/07/14 11:45:18:046 DEBUG com.sinosoft.test.base.TestBase:39 - 基础码表选择！
2020/07/14 11:45:18:046 DEBUG com.sinosoft.test.base.TestBase:76 - Trying to find Element By : By.name: fieldValue
2020/07/14 11:45:18:315 DEBUG com.sinosoft.test.base.TestBase:80 - Found Element By : By.name: fieldValue
2020/07/14 11:45:18:316  INFO com.sinosoft.test.base.TestBase:360 - setEditboxValue:[[InternetExplorerDriver: internet explorer on WINDOWS (b98f09c3-cd7e-4a2b-b12c-f212a4033583)] -> name: fieldValue]：12
2020/07/14 11:45:19:393  INFO com.sinosoft.test.base.TestBase:363 - setEditboxValue—End:[[InternetExplorerDriver: internet explorer on WINDOWS (b98f09c3-cd7e-4a2b-b12c-f212a4033583)] -> name: fieldValue]：12
2020/07/14 11:45:19:394 DEBUG com.sinosoft.test.base.TestBase:76 - Trying to find Element By : By.xpath: //input[@value='查询(Q)']
2020/07/14 11:45:19:690 DEBUG com.sinosoft.test.base.TestBase:80 - Found Element By : By.xpath: //input[@value='查询(Q)']
2020/07/14 11:45:19:691  INFO com.sinosoft.test.base.TestBase:402 - clickButton:[[InternetExplorerDriver: internet explorer on WINDOWS (b98f09c3-cd7e-4a2b-b12c-f212a4033583)] -> xpath: //input[@value='查询(Q)']]
2020/07/14 11:45:19:691 DEBUG com.sinosoft.test.base.TestBase:42 - Trying to click on: [[InternetExplorerDriver: internet explorer on WINDOWS (b98f09c3-cd7e-4a2b-b12c-f212a4033583)] -> xpath: //input[@value='查询(Q)']]
2020/07/14 11:45:21:259 DEBUG com.sinosoft.test.base.TestBase:46 - Clicked on: [[InternetExplorerDriver: internet explorer on WINDOWS (b98f09c3-cd7e-4a2b-b12c-f212a4033583)] -> xpath: //input[@value='查询(Q)']]
2020/07/14 11:45:21:259 DEBUG com.sinosoft.test.base.TestBase:76 - Trying to find Element By : By.name: codeselect
2020/07/14 11:45:21:540 DEBUG com.sinosoft.test.base.TestBase:80 - Found Element By : By.name: codeselect
2020/07/14 11:45:21:541  INFO com.sinosoft.test.base.TestBase:132 - setFuzzySelect:[[InternetExplorerDriver: internet explorer on WINDOWS (b98f09c3-cd7e-4a2b-b12c-f212a4033583)] -> name: codeselect]->12
2020/07/14 11:45:22:079 DEBUG com.sinosoft.test.base.TestBase:76 - Trying to find Element By : By.tagName: option
2020/07/14 11:45:22:380 DEBUG com.sinosoft.test.base.TestBase:80 - Found Element By : By.tagName: option
2020/07/14 11:45:22:675  INFO com.sinosoft.test.base.TestBase:142 - 找到匹配【12】的选项：12--社会团体,机关,事业单位
2020/07/14 11:45:22:676 DEBUG com.sinosoft.test.base.TestBase:76 - Trying to find Element By : By.xpath: .//option[normalize-space(.) = "12--社会团体,机关,事业单位"]
2020/07/14 11:45:22:976 DEBUG com.sinosoft.test.base.TestBase:80 - Found Element By : By.xpath: .//option[normalize-space(.) = "12--社会团体,机关,事业单位"]
2020/07/14 11:45:23:263 DEBUG com.sinosoft.test.base.TestBase:42 - Trying to click on: [[[[InternetExplorerDriver: internet explorer on WINDOWS (b98f09c3-cd7e-4a2b-b12c-f212a4033583)] -> name: codeselect]] -> xpath: .//option[normalize-space(.) = "12--社会团体,机关,事业单位"]]
2020/07/14 11:45:23:672 DEBUG com.sinosoft.test.base.TestBase:46 - Clicked on: [[[[InternetExplorerDriver: internet explorer on WINDOWS (b98f09c3-cd7e-4a2b-b12c-f212a4033583)] -> name: codeselect]] -> xpath: .//option[normalize-space(.) = "12--社会团体,机关,事业单位"]]
2020/07/14 11:45:23:672 DEBUG com.sinosoft.test.base.TestBase:151 - setFuzzySelect 结束！
2020/07/14 11:45:23:672 DEBUG com.sinosoft.test.base.TestBase:76 - Trying to find Element By : By.name: SelectIt
2020/07/14 11:45:23:946 DEBUG com.sinosoft.test.base.TestBase:80 - Found Element By : By.name: SelectIt
2020/07/14 11:45:23:946  INFO com.sinosoft.test.base.TestBase:416 - jsClickButton:[[InternetExplorerDriver: internet explorer on WINDOWS (b98f09c3-cd7e-4a2b-b12c-f212a4033583)] -> name: SelectIt]
2020/07/14 11:45:23:946  INFO com.sinosoft.test.base.TestBase:144 - RunJavaScript:[[InternetExplorerDriver: internet explorer on WINDOWS (b98f09c3-cd7e-4a2b-b12c-f212a4033583)] -> name: SelectIt]	arguments[0].click();
2020/07/14 11:45:24:690 DEBUG com.sinosoft.test.base.TestBase:272 - 系统窗口【黄河财险业务系统】with handle -bcf1a258-b6b9-4130-acb2-d23878ee42b2
2020/07/14 11:45:29:630 DEBUG com.sinosoft.test.base.TestBase:76 - Trying to find Element By : By.xpath: //table[@id='InsuredRelatedParty']/tbody/tr[@id='InsuredGuRelatedPartyVocation']/td/input[@name='InsuredGuRelatedPartyIndustryMainCode']
2020/07/14 11:45:29:679 DEBUG com.sinosoft.test.base.TestBase:80 - Found Element By : By.xpath: //table[@id='InsuredRelatedParty']/tbody/tr[@id='InsuredGuRelatedPartyVocation']/td/input[@name='InsuredGuRelatedPartyIndustryMainCode']
2020/07/14 11:45:29:680 DEBUG com.sinosoft.test.base.TestBase:49 - CodeSelect:设置完毕[[InternetExplorerDriver: internet explorer on WINDOWS (b98f09c3-cd7e-4a2b-b12c-f212a4033583)] -> xpath: //table[@id='InsuredRelatedParty']/tbody/tr[@id='InsuredGuRelatedPartyVocation']/td/input[@name='InsuredGuRelatedPartyIndustryMainCode']] & Code=12
2020/07/14 11:45:29:680 DEBUG com.sinosoft.test.base.TestBase:76 - Trying to find Element By : By.xpath: //table[@id='InsuredRelatedParty']/tbody/tr[@id='InsuredGuRelatedPartyVocation']/td/input[@name='InsuredGuRelatedPartyIndustryKindCode']
2020/07/14 11:45:29:729 DEBUG com.sinosoft.test.base.TestBase:80 - Found Element By : By.xpath: //table[@id='InsuredRelatedParty']/tbody/tr[@id='InsuredGuRelatedPartyVocation']/td/input[@name='InsuredGuRelatedPartyIndustryKindCode']
2020/07/14 11:45:29:756 DEBUG com.sinosoft.test.base.TestBase:76 - Trying to find Element By : By.xpath: //table[@id='InsuredRelatedParty']/tbody/tr[@id='InsuredGuRelatedPartyVocation']/td/input[@name='InsuredGuRelatedPartyIndustryKindCode']
2020/07/14 11:45:29:818 DEBUG com.sinosoft.test.base.TestBase:80 - Found Element By : By.xpath: //table[@id='InsuredRelatedParty']/tbody/tr[@id='InsuredGuRelatedPartyVocation']/td/input[@name='InsuredGuRelatedPartyIndustryKindCode']
2020/07/14 11:45:29:818 DEBUG com.sinosoft.test.base.TestBase:63 - SetCodeEditBox:开始设置:[[InternetExplorerDriver: internet explorer on WINDOWS (b98f09c3-cd7e-4a2b-b12c-f212a4033583)] -> xpath: //table[@id='InsuredRelatedParty']/tbody/tr[@id='InsuredGuRelatedPartyVocation']/td/input[@name='InsuredGuRelatedPartyIndustryKindCode']] & Code=12006
2020/07/14 11:45:29:818 DEBUG com.sinosoft.test.base.TestBase:76 - Trying to find Element By : By.xpath: //table[@id='InsuredRelatedParty']/tbody/tr[@id='InsuredGuRelatedPartyVocation']/td/input[@name='InsuredGuRelatedPartyIndustryKindCode']
2020/07/14 11:45:29:843 DEBUG com.sinosoft.test.base.TestBase:80 - Found Element By : By.xpath: //table[@id='InsuredRelatedParty']/tbody/tr[@id='InsuredGuRelatedPartyVocation']/td/input[@name='InsuredGuRelatedPartyIndustryKindCode']
2020/07/14 11:45:30:073 DEBUG com.sinosoft.test.base.TestBase:76 - Trying to find Element By : By.xpath: //table[@id='InsuredRelatedParty']/tbody/tr[@id='InsuredGuRelatedPartyVocation']/td/input[@name='InsuredGuRelatedPartyIndustryKindCode']
2020/07/14 11:45:30:118 DEBUG com.sinosoft.test.base.TestBase:80 - Found Element By : By.xpath: //table[@id='InsuredRelatedParty']/tbody/tr[@id='InsuredGuRelatedPartyVocation']/td/input[@name='InsuredGuRelatedPartyIndustryKindCode']
2020/07/14 11:45:30:715 DEBUG com.sinosoft.test.base.TestBase:76 - Trying to find Element By : By.xpath: //table[@id='InsuredRelatedParty']/tbody/tr[@id='InsuredGuRelatedPartyVocation']/td/input[@name='InsuredGuRelatedPartyIndustryKindCode']
2020/07/14 11:45:30:738 DEBUG com.sinosoft.test.base.TestBase:80 - Found Element By : By.xpath: //table[@id='InsuredRelatedParty']/tbody/tr[@id='InsuredGuRelatedPartyVocation']/td/input[@name='InsuredGuRelatedPartyIndustryKindCode']
2020/07/14 11:45:30:738 DEBUG com.sinosoft.test.base.TestBase:76 - Trying to find Element By : By.xpath: ../input[last()]
2020/07/14 11:45:30:796 DEBUG com.sinosoft.test.base.TestBase:80 - Found Element By : By.xpath: ../input[last()]
2020/07/14 11:45:30:941  INFO com.sinosoft.test.base.TestBase:71 - SetCodeEditBox:找到了Code对应的文本显示框并点击触发显示:InsuredGuRelatedPartyIndustryKindCName
2020/07/14 11:45:30:944 DEBUG com.sinosoft.test.base.TestBase:42 - Trying to click on: [[[[InternetExplorerDriver: internet explorer on WINDOWS (b98f09c3-cd7e-4a2b-b12c-f212a4033583)] -> xpath: //table[@id='InsuredRelatedParty']/tbody/tr[@id='InsuredGuRelatedPartyVocation']/td/input[@name='InsuredGuRelatedPartyIndustryKindCode']]] -> xpath: ../input[last()]]
2020/07/14 11:45:32:027 DEBUG com.sinosoft.test.base.TestBase:46 - Clicked on: [[[[InternetExplorerDriver: internet explorer on WINDOWS (b98f09c3-cd7e-4a2b-b12c-f212a4033583)] -> xpath: //table[@id='InsuredRelatedParty']/tbody/tr[@id='InsuredGuRelatedPartyVocation']/td/input[@name='InsuredGuRelatedPartyIndustryKindCode']]] -> xpath: ../input[last()]]
2020/07/14 11:45:32:228 DEBUG com.sinosoft.test.base.TestBase:76 - Trying to find Element By : By.xpath: //table[@id='InsuredRelatedParty']/tbody/tr[@id='InsuredGuRelatedPartyVocation']/td/input[@name='InsuredGuRelatedPartyIndustryKindCode']
2020/07/14 11:45:32:277 DEBUG com.sinosoft.test.base.TestBase:80 - Found Element By : By.xpath: //table[@id='InsuredRelatedParty']/tbody/tr[@id='InsuredGuRelatedPartyVocation']/td/input[@name='InsuredGuRelatedPartyIndustryKindCode']
2020/07/14 11:45:32:277 DEBUG com.sinosoft.test.base.TestBase:87 - SetCodeEditBox:设置完毕[[InternetExplorerDriver: internet explorer on WINDOWS (b98f09c3-cd7e-4a2b-b12c-f212a4033583)] -> xpath: //table[@id='InsuredRelatedParty']/tbody/tr[@id='InsuredGuRelatedPartyVocation']/td/input[@name='InsuredGuRelatedPartyIndustryKindCode']],设置值 Code=12006
2020/07/14 11:45:32:277  INFO com.sinosoft.test.base.TestBase:157 - 保存险种基本信息
2020/07/14 11:45:32:277 DEBUG com.sinosoft.test.base.TestBase:76 - Trying to find Element By : By.id: saveButton
2020/07/14 11:45:32:324 DEBUG com.sinosoft.test.base.TestBase:80 - Found Element By : By.id: saveButton
2020/07/14 11:45:32:325  INFO com.sinosoft.test.base.TestBase:416 - jsClickButton:[[InternetExplorerDriver: internet explorer on WINDOWS (b98f09c3-cd7e-4a2b-b12c-f212a4033583)] -> id: saveButton]
2020/07/14 11:45:32:326 DEBUG com.sinosoft.test.base.TestBase:76 - Trying to find Element By : By.id: saveButton
2020/07/14 11:45:32:398 DEBUG com.sinosoft.test.base.TestBase:80 - Found Element By : By.id: saveButton
2020/07/14 11:45:32:398  INFO com.sinosoft.test.base.TestBase:144 - RunJavaScript:[[InternetExplorerDriver: internet explorer on WINDOWS (b98f09c3-cd7e-4a2b-b12c-f212a4033583)] -> id: saveButton]	arguments[0].click();
2020/07/14 11:45:32:398 DEBUG com.sinosoft.test.base.TestBase:76 - Trying to find Element By : By.id: saveButton
2020/07/14 11:45:32:467 DEBUG com.sinosoft.test.base.TestBase:80 - Found Element By : By.id: saveButton
2020/07/14 11:45:33:681 DEBUG com.sinosoft.test.base.TestBase:69 - 初始化class com.sinosoft.test.fccp.tbcl.RiskDetail_insuredObjPage
2020/07/14 11:45:38:472 DEBUG com.sinosoft.test.base.TestBase:76 - Trying to find Element By : By.id: ItemPropertyDetail
2020/07/14 11:45:38:529 DEBUG com.sinosoft.test.base.TestBase:80 - Found Element By : By.id: ItemPropertyDetail
2020/07/14 11:45:38:529 DEBUG com.sinosoft.test.base.TestBase:213 - 进入保险标的信息页面对象！
2020/07/14 11:45:38:529  INFO com.sinosoft.test.base.TestBase:222 - 开始录入标的物信息！
2020/07/14 11:45:38:532 DEBUG com.sinosoft.test.base.TestBase:69 - 初始化class com.sinosoft.test.fccp.tbcl.InsuredObjectInfoPage_0101
2020/07/14 11:45:38:532 DEBUG com.sinosoft.test.base.TestBase:76 - Trying to find Element By : By.name: GuItemPropertyBlockCode
2020/07/14 11:45:38:592 DEBUG com.sinosoft.test.base.TestBase:80 - Found Element By : By.name: GuItemPropertyBlockCode
2020/07/14 11:45:38:593  INFO com.sinosoft.test.base.TestBase:30 - 开始录入标的物信息！
2020/07/14 11:45:38:593 DEBUG com.sinosoft.test.base.TestBase:76 - Trying to find Element By : By.name: GuItemPropertyBlockCode
2020/07/14 11:45:38:639 DEBUG com.sinosoft.test.base.TestBase:80 - Found Element By : By.name: GuItemPropertyBlockCode
2020/07/14 11:45:38:639  INFO com.sinosoft.test.base.TestBase:388 - setEditboxTValue:[[InternetExplorerDriver: internet explorer on WINDOWS (b98f09c3-cd7e-4a2b-b12c-f212a4033583)] -> name: GuItemPropertyBlockCode]->121121123123
2020/07/14 11:45:38:639 DEBUG com.sinosoft.test.base.TestBase:76 - Trying to find Element By : By.name: GuItemPropertyBlockCode
2020/07/14 11:45:38:687 DEBUG com.sinosoft.test.base.TestBase:80 - Found Element By : By.name: GuItemPropertyBlockCode
2020/07/14 11:45:38:905 DEBUG com.sinosoft.test.base.TestBase:76 - Trying to find Element By : By.name: GuItemPropertyBlockCode
2020/07/14 11:45:38:988 DEBUG com.sinosoft.test.base.TestBase:80 - Found Element By : By.name: GuItemPropertyBlockCode
2020/07/14 11:45:44:412 DEBUG com.sinosoft.test.base.TestBase:76 - Trying to find Element By : By.name: GuItemPropertyCurrency
2020/07/14 11:45:44:471 DEBUG com.sinosoft.test.base.TestBase:80 - Found Element By : By.name: GuItemPropertyCurrency
2020/07/14 11:45:44:499 DEBUG com.sinosoft.test.base.TestBase:76 - Trying to find Element By : By.name: GuItemPropertyItemProvinceCode
2020/07/14 11:45:44:572 DEBUG com.sinosoft.test.base.TestBase:80 - Found Element By : By.name: GuItemPropertyItemProvinceCode
2020/07/14 11:45:44:601 DEBUG com.sinosoft.test.base.TestBase:76 - Trying to find Element By : By.name: GuItemPropertyItemProvinceCode
2020/07/14 11:45:44:661 DEBUG com.sinosoft.test.base.TestBase:80 - Found Element By : By.name: GuItemPropertyItemProvinceCode
2020/07/14 11:45:44:662 DEBUG com.sinosoft.test.base.TestBase:63 - SetCodeEditBox:开始设置:[[InternetExplorerDriver: internet explorer on WINDOWS (b98f09c3-cd7e-4a2b-b12c-f212a4033583)] -> name: GuItemPropertyItemProvinceCode] & Code=130000
2020/07/14 11:45:44:662 DEBUG com.sinosoft.test.base.TestBase:76 - Trying to find Element By : By.name: GuItemPropertyItemProvinceCode
2020/07/14 11:45:44:731 DEBUG com.sinosoft.test.base.TestBase:80 - Found Element By : By.name: GuItemPropertyItemProvinceCode
2020/07/14 11:45:44:927 DEBUG com.sinosoft.test.base.TestBase:76 - Trying to find Element By : By.name: GuItemPropertyItemProvinceCode
2020/07/14 11:45:45:002 DEBUG com.sinosoft.test.base.TestBase:80 - Found Element By : By.name: GuItemPropertyItemProvinceCode
2020/07/14 11:45:45:641 DEBUG com.sinosoft.test.base.TestBase:76 - Trying to find Element By : By.name: GuItemPropertyItemProvinceCode
2020/07/14 11:45:45:699 DEBUG com.sinosoft.test.base.TestBase:80 - Found Element By : By.name: GuItemPropertyItemProvinceCode
2020/07/14 11:45:45:699 DEBUG com.sinosoft.test.base.TestBase:76 - Trying to find Element By : By.xpath: ../input[last()]
2020/07/14 11:45:45:759 DEBUG com.sinosoft.test.base.TestBase:80 - Found Element By : By.xpath: ../input[last()]
2020/07/14 11:45:45:905  INFO com.sinosoft.test.base.TestBase:71 - SetCodeEditBox:找到了Code对应的文本显示框并点击触发显示:GuItemPropertyItemProvinceCName
2020/07/14 11:45:45:906 DEBUG com.sinosoft.test.base.TestBase:42 - Trying to click on: [[[[InternetExplorerDriver: internet explorer on WINDOWS (b98f09c3-cd7e-4a2b-b12c-f212a4033583)] -> name: GuItemPropertyItemProvinceCode]] -> xpath: ../input[last()]]
2020/07/14 11:45:46:915 DEBUG com.sinosoft.test.base.TestBase:46 - Clicked on: [[[[InternetExplorerDriver: internet explorer on WINDOWS (b98f09c3-cd7e-4a2b-b12c-f212a4033583)] -> name: GuItemPropertyItemProvinceCode]] -> xpath: ../input[last()]]
2020/07/14 11:45:47:115 DEBUG com.sinosoft.test.base.TestBase:76 - Trying to find Element By : By.name: GuItemPropertyItemProvinceCode
2020/07/14 11:45:47:160 DEBUG com.sinosoft.test.base.TestBase:80 - Found Element By : By.name: GuItemPropertyItemProvinceCode
2020/07/14 11:45:47:161 DEBUG com.sinosoft.test.base.TestBase:87 - SetCodeEditBox:设置完毕[[InternetExplorerDriver: internet explorer on WINDOWS (b98f09c3-cd7e-4a2b-b12c-f212a4033583)] -> name: GuItemPropertyItemProvinceCode],设置值 Code=130000
2020/07/14 11:45:47:161 DEBUG com.sinosoft.test.base.TestBase:76 - Trying to find Element By : By.name: GuItemPropertyItemCityCode
2020/07/14 11:45:47:220 DEBUG com.sinosoft.test.base.TestBase:80 - Found Element By : By.name: GuItemPropertyItemCityCode
2020/07/14 11:45:47:243 DEBUG com.sinosoft.test.base.TestBase:76 - Trying to find Element By : By.name: GuItemPropertyItemCityCode
2020/07/14 11:45:47:335 DEBUG com.sinosoft.test.base.TestBase:80 - Found Element By : By.name: GuItemPropertyItemCityCode
2020/07/14 11:45:47:336 DEBUG com.sinosoft.test.base.TestBase:63 - SetCodeEditBox:开始设置:[[InternetExplorerDriver: internet explorer on WINDOWS (b98f09c3-cd7e-4a2b-b12c-f212a4033583)] -> name: GuItemPropertyItemCityCode] & Code=130300
2020/07/14 11:45:47:336 DEBUG com.sinosoft.test.base.TestBase:76 - Trying to find Element By : By.name: GuItemPropertyItemCityCode
2020/07/14 11:45:47:393 DEBUG com.sinosoft.test.base.TestBase:80 - Found Element By : By.name: GuItemPropertyItemCityCode
2020/07/14 11:45:47:611 DEBUG com.sinosoft.test.base.TestBase:76 - Trying to find Element By : By.name: GuItemPropertyItemCityCode
2020/07/14 11:45:47:684 DEBUG com.sinosoft.test.base.TestBase:80 - Found Element By : By.name: GuItemPropertyItemCityCode
2020/07/14 11:45:48:271 DEBUG com.sinosoft.test.base.TestBase:76 - Trying to find Element By : By.name: GuItemPropertyItemCityCode
2020/07/14 11:45:48:316 DEBUG com.sinosoft.test.base.TestBase:80 - Found Element By : By.name: GuItemPropertyItemCityCode
2020/07/14 11:45:48:316 DEBUG com.sinosoft.test.base.TestBase:76 - Trying to find Element By : By.xpath: ../input[last()]
2020/07/14 11:45:48:364 DEBUG com.sinosoft.test.base.TestBase:80 - Found Element By : By.xpath: ../input[last()]
2020/07/14 11:45:48:503  INFO com.sinosoft.test.base.TestBase:71 - SetCodeEditBox:找到了Code对应的文本显示框并点击触发显示:GuItemPropertyItemCityCName
2020/07/14 11:45:48:504 DEBUG com.sinosoft.test.base.TestBase:42 - Trying to click on: [[[[InternetExplorerDriver: internet explorer on WINDOWS (b98f09c3-cd7e-4a2b-b12c-f212a4033583)] -> name: GuItemPropertyItemCityCode]] -> xpath: ../input[last()]]
2020/07/14 11:45:49:564 DEBUG com.sinosoft.test.base.TestBase:46 - Clicked on: [[[[InternetExplorerDriver: internet explorer on WINDOWS (b98f09c3-cd7e-4a2b-b12c-f212a4033583)] -> name: GuItemPropertyItemCityCode]] -> xpath: ../input[last()]]
2020/07/14 11:45:49:765 DEBUG com.sinosoft.test.base.TestBase:76 - Trying to find Element By : By.name: GuItemPropertyItemCityCode
2020/07/14 11:45:49:849 DEBUG com.sinosoft.test.base.TestBase:80 - Found Element By : By.name: GuItemPropertyItemCityCode
2020/07/14 11:45:49:849 DEBUG com.sinosoft.test.base.TestBase:87 - SetCodeEditBox:设置完毕[[InternetExplorerDriver: internet explorer on WINDOWS (b98f09c3-cd7e-4a2b-b12c-f212a4033583)] -> name: GuItemPropertyItemCityCode],设置值 Code=130300
2020/07/14 11:45:49:849 DEBUG com.sinosoft.test.base.TestBase:76 - Trying to find Element By : By.name: GuItemPropertyItemPostalCode
2020/07/14 11:45:49:918 DEBUG com.sinosoft.test.base.TestBase:80 - Found Element By : By.name: GuItemPropertyItemPostalCode
2020/07/14 11:45:49:918  INFO com.sinosoft.test.base.TestBase:360 - setEditboxValue:[[InternetExplorerDriver: internet explorer on WINDOWS (b98f09c3-cd7e-4a2b-b12c-f212a4033583)] -> name: GuItemPropertyItemPostalCode]：065201
2020/07/14 11:45:49:918 DEBUG com.sinosoft.test.base.TestBase:76 - Trying to find Element By : By.name: GuItemPropertyItemPostalCode
2020/07/14 11:45:49:985 DEBUG com.sinosoft.test.base.TestBase:80 - Found Element By : By.name: GuItemPropertyItemPostalCode
2020/07/14 11:45:50:208 DEBUG com.sinosoft.test.base.TestBase:76 - Trying to find Element By : By.name: GuItemPropertyItemPostalCode
2020/07/14 11:45:50:258 DEBUG com.sinosoft.test.base.TestBase:80 - Found Element By : By.name: GuItemPropertyItemPostalCode
2020/07/14 11:45:50:639 DEBUG com.sinosoft.test.base.TestBase:76 - Trying to find Element By : By.name: GuItemPropertyItemPostalCode
2020/07/14 11:45:50:699 DEBUG com.sinosoft.test.base.TestBase:80 - Found Element By : By.name: GuItemPropertyItemPostalCode
2020/07/14 11:45:50:700  INFO com.sinosoft.test.base.TestBase:363 - setEditboxValue—End:[[InternetExplorerDriver: internet explorer on WINDOWS (b98f09c3-cd7e-4a2b-b12c-f212a4033583)] -> name: GuItemPropertyItemPostalCode]：065201
2020/07/14 11:45:50:700 DEBUG com.sinosoft.test.base.TestBase:76 - Trying to find Element By : By.name: GuItemPropertyConstruction
2020/07/14 11:45:50:774 DEBUG com.sinosoft.test.base.TestBase:80 - Found Element By : By.name: GuItemPropertyConstruction
2020/07/14 11:45:50:806 DEBUG com.sinosoft.test.base.TestBase:76 - Trying to find Element By : By.name: GuItemPropertySituation
2020/07/14 11:45:50:897 DEBUG com.sinosoft.test.base.TestBase:80 - Found Element By : By.name: GuItemPropertySituation
2020/07/14 11:45:50:897  INFO com.sinosoft.test.base.TestBase:360 - setEditboxValue:[[InternetExplorerDriver: internet explorer on WINDOWS (b98f09c3-cd7e-4a2b-b12c-f212a4033583)] -> name: GuItemPropertySituation]：北戴河公园
2020/07/14 11:45:50:897 DEBUG com.sinosoft.test.base.TestBase:76 - Trying to find Element By : By.name: GuItemPropertySituation
2020/07/14 11:45:50:966 DEBUG com.sinosoft.test.base.TestBase:80 - Found Element By : By.name: GuItemPropertySituation
2020/07/14 11:45:51:244 DEBUG com.sinosoft.test.base.TestBase:76 - Trying to find Element By : By.name: GuItemPropertySituation
2020/07/14 11:45:51:328 DEBUG com.sinosoft.test.base.TestBase:80 - Found Element By : By.name: GuItemPropertySituation
2020/07/14 11:45:51:761 DEBUG com.sinosoft.test.base.TestBase:76 - Trying to find Element By : By.name: GuItemPropertySituation
2020/07/14 11:45:51:820 DEBUG com.sinosoft.test.base.TestBase:80 - Found Element By : By.name: GuItemPropertySituation
2020/07/14 11:45:51:820  INFO com.sinosoft.test.base.TestBase:363 - setEditboxValue—End:[[InternetExplorerDriver: internet explorer on WINDOWS (b98f09c3-cd7e-4a2b-b12c-f212a4033583)] -> name: GuItemPropertySituation]：北戴河公园
2020/07/14 11:45:51:820 DEBUG com.sinosoft.test.base.TestBase:232 - 开始录入险种明细信息
2020/07/14 11:45:51:820 DEBUG com.sinosoft.test.base.TestBase:76 - Trying to find Element By : By.id: ItemPropertyDetail
2020/07/14 11:45:51:888 DEBUG com.sinosoft.test.base.TestBase:80 - Found Element By : By.id: ItemPropertyDetail
2020/07/14 11:45:51:888  INFO com.sinosoft.test.base.TestBase:406 - clickElement:[[InternetExplorerDriver: internet explorer on WINDOWS (b98f09c3-cd7e-4a2b-b12c-f212a4033583)] -> id: ItemPropertyDetail]
2020/07/14 11:45:51:888 DEBUG com.sinosoft.test.base.TestBase:76 - Trying to find Element By : By.id: ItemPropertyDetail
2020/07/14 11:45:51:946 DEBUG com.sinosoft.test.base.TestBase:80 - Found Element By : By.id: ItemPropertyDetail
2020/07/14 11:45:51:947 DEBUG com.sinosoft.test.base.TestBase:42 - Trying to click on: [[InternetExplorerDriver: internet explorer on WINDOWS (b98f09c3-cd7e-4a2b-b12c-f212a4033583)] -> id: ItemPropertyDetail]
2020/07/14 11:45:53:262 DEBUG com.sinosoft.test.base.TestBase:46 - Clicked on: [[InternetExplorerDriver: internet explorer on WINDOWS (b98f09c3-cd7e-4a2b-b12c-f212a4033583)] -> id: ItemPropertyDetail]
2020/07/14 11:45:53:263 DEBUG com.sinosoft.test.base.TestBase:76 - Trying to find Element By : By.id: ItemPropertyDetail
2020/07/14 11:45:53:344 DEBUG com.sinosoft.test.base.TestBase:80 - Found Element By : By.id: ItemPropertyDetail
2020/07/14 11:45:53:344 DEBUG com.sinosoft.test.base.TestBase:76 - Trying to find Element By : By.name: GuItemPropertyDetailItemDetailCode
2020/07/14 11:45:53:380 DEBUG com.sinosoft.test.base.TestBase:80 - Found Element By : By.name: GuItemPropertyDetailItemDetailCode
2020/07/14 11:45:53:380 DEBUG com.sinosoft.test.base.TestBase:76 - Trying to find Element By : By.id: ItemPropertyDetail
2020/07/14 11:45:53:437 DEBUG com.sinosoft.test.base.TestBase:80 - Found Element By : By.id: ItemPropertyDetail
2020/07/14 11:45:53:438 DEBUG com.sinosoft.test.base.TestBase:76 - Trying to find Element By : By.name: GuItemPropertyDetailItemDetailList
2020/07/14 11:45:53:493 DEBUG com.sinosoft.test.base.TestBase:80 - Found Element By : By.name: GuItemPropertyDetailItemDetailList
2020/07/14 11:45:53:528 DEBUG com.sinosoft.test.base.TestBase:42 - CodeSelect:开始设置[[[[InternetExplorerDriver: internet explorer on WINDOWS (b98f09c3-cd7e-4a2b-b12c-f212a4033583)] -> id: ItemPropertyDetail]] -> name: GuItemPropertyDetailItemDetailCode] & Code=010001
2020/07/14 11:45:54:737 DEBUG com.sinosoft.test.base.TestBase:272 - 系统窗口【黄河财险业务系统】with handle -bcf1a258-b6b9-4130-acb2-d23878ee42b2
2020/07/14 11:45:55:392 DEBUG com.sinosoft.test.base.TestBase:272 - 系统窗口【黄河财险业务系统】with handle -bcf1a258-b6b9-4130-acb2-d23878ee42b2
2020/07/14 11:45:56:020 DEBUG com.sinosoft.test.base.TestBase:272 - 系统窗口【Code Select】with handle -798461d0-35f9-47b1-9d30-e58075a5a202
2020/07/14 11:45:56:533 DEBUG com.sinosoft.test.base.TestBase:69 - 初始化class com.sinosoft.test.fccp.common.CodeSelectPage
2020/07/14 11:45:56:533 DEBUG com.sinosoft.test.base.TestBase:39 - 基础码表选择！
2020/07/14 11:45:56:533 DEBUG com.sinosoft.test.base.TestBase:76 - Trying to find Element By : By.name: fieldValue
2020/07/14 11:45:56:814 DEBUG com.sinosoft.test.base.TestBase:80 - Found Element By : By.name: fieldValue
2020/07/14 11:45:56:814  INFO com.sinosoft.test.base.TestBase:360 - setEditboxValue:[[InternetExplorerDriver: internet explorer on WINDOWS (b98f09c3-cd7e-4a2b-b12c-f212a4033583)] -> name: fieldValue]：010001
2020/07/14 11:45:57:869  INFO com.sinosoft.test.base.TestBase:363 - setEditboxValue—End:[[InternetExplorerDriver: internet explorer on WINDOWS (b98f09c3-cd7e-4a2b-b12c-f212a4033583)] -> name: fieldValue]：010001
2020/07/14 11:45:57:870 DEBUG com.sinosoft.test.base.TestBase:76 - Trying to find Element By : By.xpath: //input[@value='查询(Q)']
2020/07/14 11:45:58:151 DEBUG com.sinosoft.test.base.TestBase:80 - Found Element By : By.xpath: //input[@value='查询(Q)']
2020/07/14 11:45:58:151  INFO com.sinosoft.test.base.TestBase:402 - clickButton:[[InternetExplorerDriver: internet explorer on WINDOWS (b98f09c3-cd7e-4a2b-b12c-f212a4033583)] -> xpath: //input[@value='查询(Q)']]
2020/07/14 11:45:58:152 DEBUG com.sinosoft.test.base.TestBase:42 - Trying to click on: [[InternetExplorerDriver: internet explorer on WINDOWS (b98f09c3-cd7e-4a2b-b12c-f212a4033583)] -> xpath: //input[@value='查询(Q)']]
2020/07/14 11:45:59:708 DEBUG com.sinosoft.test.base.TestBase:46 - Clicked on: [[InternetExplorerDriver: internet explorer on WINDOWS (b98f09c3-cd7e-4a2b-b12c-f212a4033583)] -> xpath: //input[@value='查询(Q)']]
2020/07/14 11:45:59:709 DEBUG com.sinosoft.test.base.TestBase:76 - Trying to find Element By : By.name: codeselect
2020/07/14 11:45:59:995 DEBUG com.sinosoft.test.base.TestBase:80 - Found Element By : By.name: codeselect
2020/07/14 11:45:59:995  INFO com.sinosoft.test.base.TestBase:132 - setFuzzySelect:[[InternetExplorerDriver: internet explorer on WINDOWS (b98f09c3-cd7e-4a2b-b12c-f212a4033583)] -> name: codeselect]->010001
2020/07/14 11:46:00:539 DEBUG com.sinosoft.test.base.TestBase:76 - Trying to find Element By : By.tagName: option
2020/07/14 11:46:00:827 DEBUG com.sinosoft.test.base.TestBase:80 - Found Element By : By.tagName: option
2020/07/14 11:46:01:114  INFO com.sinosoft.test.base.TestBase:142 - 找到匹配【010001】的选项：010001--固定资产
2020/07/14 11:46:01:115 DEBUG com.sinosoft.test.base.TestBase:76 - Trying to find Element By : By.xpath: .//option[normalize-space(.) = "010001--固定资产"]
2020/07/14 11:46:01:428 DEBUG com.sinosoft.test.base.TestBase:80 - Found Element By : By.xpath: .//option[normalize-space(.) = "010001--固定资产"]
2020/07/14 11:46:01:713 DEBUG com.sinosoft.test.base.TestBase:42 - Trying to click on: [[[[InternetExplorerDriver: internet explorer on WINDOWS (b98f09c3-cd7e-4a2b-b12c-f212a4033583)] -> name: codeselect]] -> xpath: .//option[normalize-space(.) = "010001--固定资产"]]
2020/07/14 11:46:02:105 DEBUG com.sinosoft.test.base.TestBase:46 - Clicked on: [[[[InternetExplorerDriver: internet explorer on WINDOWS (b98f09c3-cd7e-4a2b-b12c-f212a4033583)] -> name: codeselect]] -> xpath: .//option[normalize-space(.) = "010001--固定资产"]]
2020/07/14 11:46:02:105 DEBUG com.sinosoft.test.base.TestBase:151 - setFuzzySelect 结束！
2020/07/14 11:46:02:105 DEBUG com.sinosoft.test.base.TestBase:76 - Trying to find Element By : By.name: SelectIt
2020/07/14 11:46:02:379 DEBUG com.sinosoft.test.base.TestBase:80 - Found Element By : By.name: SelectIt
2020/07/14 11:46:02:380  INFO com.sinosoft.test.base.TestBase:416 - jsClickButton:[[InternetExplorerDriver: internet explorer on WINDOWS (b98f09c3-cd7e-4a2b-b12c-f212a4033583)] -> name: SelectIt]
2020/07/14 11:46:02:380  INFO com.sinosoft.test.base.TestBase:144 - RunJavaScript:[[InternetExplorerDriver: internet explorer on WINDOWS (b98f09c3-cd7e-4a2b-b12c-f212a4033583)] -> name: SelectIt]	arguments[0].click();
2020/07/14 11:46:03:085 DEBUG com.sinosoft.test.base.TestBase:272 - 系统窗口【黄河财险业务系统】with handle -bcf1a258-b6b9-4130-acb2-d23878ee42b2
2020/07/14 11:46:08:098 DEBUG com.sinosoft.test.base.TestBase:49 - CodeSelect:设置完毕[[[[InternetExplorerDriver: internet explorer on WINDOWS (b98f09c3-cd7e-4a2b-b12c-f212a4033583)] -> id: ItemPropertyDetail]] -> name: GuItemPropertyDetailItemDetailCode] & Code=010001
2020/07/14 11:46:08:099  INFO com.sinosoft.test.base.TestBase:360 - setEditboxValue:[[[[InternetExplorerDriver: internet explorer on WINDOWS (b98f09c3-cd7e-4a2b-b12c-f212a4033583)] -> id: ItemPropertyDetail]] -> name: GuItemPropertyDetailItemDetailList]：碣石公园礁石群
2020/07/14 11:46:08:714  INFO com.sinosoft.test.base.TestBase:363 - setEditboxValue—End:[[[[InternetExplorerDriver: internet explorer on WINDOWS (b98f09c3-cd7e-4a2b-b12c-f212a4033583)] -> id: ItemPropertyDetail]] -> name: GuItemPropertyDetailItemDetailList]：碣石公园礁石群
2020/07/14 11:46:08:714 DEBUG com.sinosoft.test.base.TestBase:76 - Trying to find Element By : By.id: ItemPropertyDetail
2020/07/14 11:46:08:772 DEBUG com.sinosoft.test.base.TestBase:80 - Found Element By : By.id: ItemPropertyDetail
2020/07/14 11:46:08:772 DEBUG com.sinosoft.test.base.TestBase:76 - Trying to find Element By : By.name: GuItemKindKindCode
2020/07/14 11:46:08:830 DEBUG com.sinosoft.test.base.TestBase:80 - Found Element By : By.name: GuItemKindKindCode
2020/07/14 11:46:08:855 DEBUG com.sinosoft.test.base.TestBase:42 - CodeSelect:开始设置[[[[InternetExplorerDriver: internet explorer on WINDOWS (b98f09c3-cd7e-4a2b-b12c-f212a4033583)] -> id: ItemPropertyDetail]] -> name: GuItemKindKindCode] & Code=0101001
2020/07/14 11:46:09:974 DEBUG com.sinosoft.test.base.TestBase:272 - 系统窗口【黄河财险业务系统】with handle -bcf1a258-b6b9-4130-acb2-d23878ee42b2
2020/07/14 11:46:11:114 DEBUG com.sinosoft.test.base.TestBase:272 - 系统窗口【Code Select】with handle -2d4057a6-d953-4e6c-8820-80fd8d39e07e
2020/07/14 11:46:11:627 DEBUG com.sinosoft.test.base.TestBase:69 - 初始化class com.sinosoft.test.fccp.common.CodeSelectPage
2020/07/14 11:46:11:628 DEBUG com.sinosoft.test.base.TestBase:39 - 基础码表选择！
2020/07/14 11:46:11:628 DEBUG com.sinosoft.test.base.TestBase:76 - Trying to find Element By : By.name: fieldValue
2020/07/14 11:46:11:890 DEBUG com.sinosoft.test.base.TestBase:80 - Found Element By : By.name: fieldValue
2020/07/14 11:46:11:890  INFO com.sinosoft.test.base.TestBase:360 - setEditboxValue:[[InternetExplorerDriver: internet explorer on WINDOWS (b98f09c3-cd7e-4a2b-b12c-f212a4033583)] -> name: fieldValue]：0101001
2020/07/14 11:46:12:944  INFO com.sinosoft.test.base.TestBase:363 - setEditboxValue—End:[[InternetExplorerDriver: internet explorer on WINDOWS (b98f09c3-cd7e-4a2b-b12c-f212a4033583)] -> name: fieldValue]：0101001
2020/07/14 11:46:12:944 DEBUG com.sinosoft.test.base.TestBase:76 - Trying to find Element By : By.xpath: //input[@value='查询(Q)']
2020/07/14 11:46:13:221 DEBUG com.sinosoft.test.base.TestBase:80 - Found Element By : By.xpath: //input[@value='查询(Q)']
2020/07/14 11:46:13:222  INFO com.sinosoft.test.base.TestBase:402 - clickButton:[[InternetExplorerDriver: internet explorer on WINDOWS (b98f09c3-cd7e-4a2b-b12c-f212a4033583)] -> xpath: //input[@value='查询(Q)']]
2020/07/14 11:46:13:222 DEBUG com.sinosoft.test.base.TestBase:42 - Trying to click on: [[InternetExplorerDriver: internet explorer on WINDOWS (b98f09c3-cd7e-4a2b-b12c-f212a4033583)] -> xpath: //input[@value='查询(Q)']]
2020/07/14 11:46:14:781 DEBUG com.sinosoft.test.base.TestBase:46 - Clicked on: [[InternetExplorerDriver: internet explorer on WINDOWS (b98f09c3-cd7e-4a2b-b12c-f212a4033583)] -> xpath: //input[@value='查询(Q)']]
2020/07/14 11:46:14:782 DEBUG com.sinosoft.test.base.TestBase:76 - Trying to find Element By : By.name: codeselect
2020/07/14 11:46:15:068 DEBUG com.sinosoft.test.base.TestBase:80 - Found Element By : By.name: codeselect
2020/07/14 11:46:15:068  INFO com.sinosoft.test.base.TestBase:132 - setFuzzySelect:[[InternetExplorerDriver: internet explorer on WINDOWS (b98f09c3-cd7e-4a2b-b12c-f212a4033583)] -> name: codeselect]->0101001
2020/07/14 11:46:15:617 DEBUG com.sinosoft.test.base.TestBase:76 - Trying to find Element By : By.tagName: option
2020/07/14 11:46:15:912 DEBUG com.sinosoft.test.base.TestBase:80 - Found Element By : By.tagName: option
2020/07/14 11:46:16:199  INFO com.sinosoft.test.base.TestBase:142 - 找到匹配【0101001】的选项：0101001--财产基本险（2019版）
2020/07/14 11:46:16:199 DEBUG com.sinosoft.test.base.TestBase:76 - Trying to find Element By : By.xpath: .//option[normalize-space(.) = "0101001--财产基本险（2019版）"]
2020/07/14 11:46:16:517 DEBUG com.sinosoft.test.base.TestBase:80 - Found Element By : By.xpath: .//option[normalize-space(.) = "0101001--财产基本险（2019版）"]
2020/07/14 11:46:16:830 DEBUG com.sinosoft.test.base.TestBase:42 - Trying to click on: [[[[InternetExplorerDriver: internet explorer on WINDOWS (b98f09c3-cd7e-4a2b-b12c-f212a4033583)] -> name: codeselect]] -> xpath: .//option[normalize-space(.) = "0101001--财产基本险（2019版）"]]
2020/07/14 11:46:17:209 DEBUG com.sinosoft.test.base.TestBase:46 - Clicked on: [[[[InternetExplorerDriver: internet explorer on WINDOWS (b98f09c3-cd7e-4a2b-b12c-f212a4033583)] -> name: codeselect]] -> xpath: .//option[normalize-space(.) = "0101001--财产基本险（2019版）"]]
2020/07/14 11:46:17:209 DEBUG com.sinosoft.test.base.TestBase:151 - setFuzzySelect 结束！
2020/07/14 11:46:17:209 DEBUG com.sinosoft.test.base.TestBase:76 - Trying to find Element By : By.name: SelectIt
2020/07/14 11:46:17:480 DEBUG com.sinosoft.test.base.TestBase:80 - Found Element By : By.name: SelectIt
2020/07/14 11:46:17:480  INFO com.sinosoft.test.base.TestBase:416 - jsClickButton:[[InternetExplorerDriver: internet explorer on WINDOWS (b98f09c3-cd7e-4a2b-b12c-f212a4033583)] -> name: SelectIt]
2020/07/14 11:46:17:480  INFO com.sinosoft.test.base.TestBase:144 - RunJavaScript:[[InternetExplorerDriver: internet explorer on WINDOWS (b98f09c3-cd7e-4a2b-b12c-f212a4033583)] -> name: SelectIt]	arguments[0].click();
2020/07/14 11:46:18:207 DEBUG com.sinosoft.test.base.TestBase:272 - 系统窗口【黄河财险业务系统】with handle -bcf1a258-b6b9-4130-acb2-d23878ee42b2
2020/07/14 11:46:23:212 DEBUG com.sinosoft.test.base.TestBase:49 - CodeSelect:设置完毕[[[[InternetExplorerDriver: internet explorer on WINDOWS (b98f09c3-cd7e-4a2b-b12c-f212a4033583)] -> id: ItemPropertyDetail]] -> name: GuItemKindKindCode] & Code=0101001
2020/07/14 11:46:23:213 DEBUG com.sinosoft.test.base.TestBase:76 - Trying to find Element By : By.id: ItemPropertyDetail
2020/07/14 11:46:23:280 DEBUG com.sinosoft.test.base.TestBase:80 - Found Element By : By.id: ItemPropertyDetail
2020/07/14 11:46:23:280 DEBUG com.sinosoft.test.base.TestBase:76 - Trying to find Element By : By.name: GuItemKindCalculateInd
2020/07/14 11:46:23:339 DEBUG com.sinosoft.test.base.TestBase:80 - Found Element By : By.name: GuItemKindCalculateInd
2020/07/14 11:46:23:378 DEBUG com.sinosoft.test.base.TestBase:76 - Trying to find Element By : By.id: ItemPropertyDetail
2020/07/14 11:46:23:448 DEBUG com.sinosoft.test.base.TestBase:80 - Found Element By : By.id: ItemPropertyDetail
2020/07/14 11:46:23:449 DEBUG com.sinosoft.test.base.TestBase:76 - Trying to find Element By : By.name: GuItemKindValueType
2020/07/14 11:46:23:489 DEBUG com.sinosoft.test.base.TestBase:80 - Found Element By : By.name: GuItemKindValueType
2020/07/14 11:46:23:489  INFO com.sinosoft.test.base.TestBase:96 - setSelectWithStartText:[[[[InternetExplorerDriver: internet explorer on WINDOWS (b98f09c3-cd7e-4a2b-b12c-f212a4033583)] -> id: ItemPropertyDetail]] -> name: GuItemKindValueType]->10
2020/07/14 11:46:23:542 DEBUG com.sinosoft.test.base.TestBase:76 - Trying to find Element By : By.tagName: option
2020/07/14 11:46:23:702 DEBUG com.sinosoft.test.base.TestBase:80 - Found Element By : By.tagName: option
2020/07/14 11:46:23:871  INFO com.sinosoft.test.base.TestBase:114 - 找到匹配【10】的选项：10-出险时市场价值
2020/07/14 11:46:23:872 DEBUG com.sinosoft.test.base.TestBase:76 - Trying to find Element By : By.xpath: .//option[normalize-space(.) = "10-出险时市场价值"]
2020/07/14 11:46:23:930 DEBUG com.sinosoft.test.base.TestBase:80 - Found Element By : By.xpath: .//option[normalize-space(.) = "10-出险时市场价值"]
2020/07/14 11:46:23:969 DEBUG com.sinosoft.test.base.TestBase:42 - Trying to click on: [[[[[[InternetExplorerDriver: internet explorer on WINDOWS (b98f09c3-cd7e-4a2b-b12c-f212a4033583)] -> id: ItemPropertyDetail]] -> name: GuItemKindValueType]] -> xpath: .//option[normalize-space(.) = "10-出险时市场价值"]]
2020/07/14 11:46:24:185 DEBUG com.sinosoft.test.base.TestBase:46 - Clicked on: [[[[[[InternetExplorerDriver: internet explorer on WINDOWS (b98f09c3-cd7e-4a2b-b12c-f212a4033583)] -> id: ItemPropertyDetail]] -> name: GuItemKindValueType]] -> xpath: .//option[normalize-space(.) = "10-出险时市场价值"]]
2020/07/14 11:46:24:185 DEBUG com.sinosoft.test.base.TestBase:123 - setSelectWithStartText 结束！
2020/07/14 11:46:24:185 DEBUG com.sinosoft.test.base.TestBase:76 - Trying to find Element By : By.id: ItemPropertyDetail
2020/07/14 11:46:24:254 DEBUG com.sinosoft.test.base.TestBase:80 - Found Element By : By.id: ItemPropertyDetail
2020/07/14 11:46:24:255 DEBUG com.sinosoft.test.base.TestBase:76 - Trying to find Element By : By.name: GuItemKindSumInsured
2020/07/14 11:46:24:312 DEBUG com.sinosoft.test.base.TestBase:80 - Found Element By : By.name: GuItemKindSumInsured
2020/07/14 11:46:24:312  INFO com.sinosoft.test.base.TestBase:360 - setEditboxValue:[[[[InternetExplorerDriver: internet explorer on WINDOWS (b98f09c3-cd7e-4a2b-b12c-f212a4033583)] -> id: ItemPropertyDetail]] -> name: GuItemKindSumInsured]：2000000
2020/07/14 11:46:25:072  INFO com.sinosoft.test.base.TestBase:363 - setEditboxValue—End:[[[[InternetExplorerDriver: internet explorer on WINDOWS (b98f09c3-cd7e-4a2b-b12c-f212a4033583)] -> id: ItemPropertyDetail]] -> name: GuItemKindSumInsured]：2000000
2020/07/14 11:46:25:072 DEBUG com.sinosoft.test.base.TestBase:76 - Trying to find Element By : By.xpath: //table[@id='ItemPropertyDetailKind']/tbody/tr/td/input[@name='GuItemKindRate']
2020/07/14 11:46:25:128 DEBUG com.sinosoft.test.base.TestBase:80 - Found Element By : By.xpath: //table[@id='ItemPropertyDetailKind']/tbody/tr/td/input[@name='GuItemKindRate']
2020/07/14 11:46:25:129  INFO com.sinosoft.test.base.TestBase:388 - setEditboxTValue:[[InternetExplorerDriver: internet explorer on WINDOWS (b98f09c3-cd7e-4a2b-b12c-f212a4033583)] -> xpath: //table[@id='ItemPropertyDetailKind']/tbody/tr/td/input[@name='GuItemKindRate']]->0.5
2020/07/14 11:46:25:129 DEBUG com.sinosoft.test.base.TestBase:76 - Trying to find Element By : By.xpath: //table[@id='ItemPropertyDetailKind']/tbody/tr/td/input[@name='GuItemKindRate']
2020/07/14 11:46:25:168 DEBUG com.sinosoft.test.base.TestBase:80 - Found Element By : By.xpath: //table[@id='ItemPropertyDetailKind']/tbody/tr/td/input[@name='GuItemKindRate']
2020/07/14 11:46:25:442 DEBUG com.sinosoft.test.base.TestBase:76 - Trying to find Element By : By.xpath: //table[@id='ItemPropertyDetailKind']/tbody/tr/td/input[@name='GuItemKindRate']
2020/07/14 11:46:25:514 DEBUG com.sinosoft.test.base.TestBase:80 - Found Element By : By.xpath: //table[@id='ItemPropertyDetailKind']/tbody/tr/td/input[@name='GuItemKindRate']
2020/07/14 11:46:31:018 DEBUG com.sinosoft.test.base.TestBase:76 - Trying to find Element By : By.xpath: //table[@id='ItemPropertyDetailKind']/tbody/tr/td/input[@name='GuItemKindShortRateFlag']
2020/07/14 11:46:31:066 DEBUG com.sinosoft.test.base.TestBase:80 - Found Element By : By.xpath: //table[@id='ItemPropertyDetailKind']/tbody/tr/td/input[@name='GuItemKindShortRateFlag']
2020/07/14 11:46:31:097 DEBUG com.sinosoft.test.base.TestBase:76 - Trying to find Element By : By.xpath: //table[@id='ItemPropertyDetailKind']/tbody/tr/td/input[@name='GuItemKindShortRateFlag']
2020/07/14 11:46:31:146 DEBUG com.sinosoft.test.base.TestBase:80 - Found Element By : By.xpath: //table[@id='ItemPropertyDetailKind']/tbody/tr/td/input[@name='GuItemKindShortRateFlag']
2020/07/14 11:46:31:146 DEBUG com.sinosoft.test.base.TestBase:42 - CodeSelect:开始设置[[InternetExplorerDriver: internet explorer on WINDOWS (b98f09c3-cd7e-4a2b-b12c-f212a4033583)] -> xpath: //table[@id='ItemPropertyDetailKind']/tbody/tr/td/input[@name='GuItemKindShortRateFlag']] & Code=2
2020/07/14 11:46:31:147 DEBUG com.sinosoft.test.base.TestBase:76 - Trying to find Element By : By.xpath: //table[@id='ItemPropertyDetailKind']/tbody/tr/td/input[@name='GuItemKindShortRateFlag']
2020/07/14 11:46:31:169 DEBUG com.sinosoft.test.base.TestBase:80 - Found Element By : By.xpath: //table[@id='ItemPropertyDetailKind']/tbody/tr/td/input[@name='GuItemKindShortRateFlag']
2020/07/14 11:46:32:530 DEBUG com.sinosoft.test.base.TestBase:272 - 系统窗口【黄河财险业务系统】with handle -bcf1a258-b6b9-4130-acb2-d23878ee42b2
2020/07/14 11:46:33:194 DEBUG com.sinosoft.test.base.TestBase:272 - 系统窗口【黄河财险业务系统】with handle -bcf1a258-b6b9-4130-acb2-d23878ee42b2
2020/07/14 11:46:33:824 DEBUG com.sinosoft.test.base.TestBase:272 - 系统窗口【Code Select】with handle -b7f8f581-bfc0-4469-99e4-469b5bb10e20
2020/07/14 11:46:34:336 DEBUG com.sinosoft.test.base.TestBase:69 - 初始化class com.sinosoft.test.fccp.common.CodeSelectPage
2020/07/14 11:46:34:336 DEBUG com.sinosoft.test.base.TestBase:39 - 基础码表选择！
2020/07/14 11:46:34:336 DEBUG com.sinosoft.test.base.TestBase:76 - Trying to find Element By : By.name: fieldValue
2020/07/14 11:46:34:608 DEBUG com.sinosoft.test.base.TestBase:80 - Found Element By : By.name: fieldValue
2020/07/14 11:46:34:609  INFO com.sinosoft.test.base.TestBase:360 - setEditboxValue:[[InternetExplorerDriver: internet explorer on WINDOWS (b98f09c3-cd7e-4a2b-b12c-f212a4033583)] -> name: fieldValue]：2
2020/07/14 11:46:35:659  INFO com.sinosoft.test.base.TestBase:363 - setEditboxValue—End:[[InternetExplorerDriver: internet explorer on WINDOWS (b98f09c3-cd7e-4a2b-b12c-f212a4033583)] -> name: fieldValue]：2
2020/07/14 11:46:35:659 DEBUG com.sinosoft.test.base.TestBase:76 - Trying to find Element By : By.xpath: //input[@value='查询(Q)']
2020/07/14 11:46:35:933 DEBUG com.sinosoft.test.base.TestBase:80 - Found Element By : By.xpath: //input[@value='查询(Q)']
2020/07/14 11:46:35:933  INFO com.sinosoft.test.base.TestBase:402 - clickButton:[[InternetExplorerDriver: internet explorer on WINDOWS (b98f09c3-cd7e-4a2b-b12c-f212a4033583)] -> xpath: //input[@value='查询(Q)']]
2020/07/14 11:46:35:934 DEBUG com.sinosoft.test.base.TestBase:42 - Trying to click on: [[InternetExplorerDriver: internet explorer on WINDOWS (b98f09c3-cd7e-4a2b-b12c-f212a4033583)] -> xpath: //input[@value='查询(Q)']]
2020/07/14 11:46:37:445 DEBUG com.sinosoft.test.base.TestBase:46 - Clicked on: [[InternetExplorerDriver: internet explorer on WINDOWS (b98f09c3-cd7e-4a2b-b12c-f212a4033583)] -> xpath: //input[@value='查询(Q)']]
2020/07/14 11:46:37:445 DEBUG com.sinosoft.test.base.TestBase:76 - Trying to find Element By : By.name: codeselect
2020/07/14 11:46:37:724 DEBUG com.sinosoft.test.base.TestBase:80 - Found Element By : By.name: codeselect
2020/07/14 11:46:37:725  INFO com.sinosoft.test.base.TestBase:132 - setFuzzySelect:[[InternetExplorerDriver: internet explorer on WINDOWS (b98f09c3-cd7e-4a2b-b12c-f212a4033583)] -> name: codeselect]->2
2020/07/14 11:46:38:260 DEBUG com.sinosoft.test.base.TestBase:76 - Trying to find Element By : By.tagName: option
2020/07/14 11:46:38:561 DEBUG com.sinosoft.test.base.TestBase:80 - Found Element By : By.tagName: option
2020/07/14 11:46:38:846  INFO com.sinosoft.test.base.TestBase:142 - 找到匹配【2】的选项：2--月比例
2020/07/14 11:46:38:847 DEBUG com.sinosoft.test.base.TestBase:76 - Trying to find Element By : By.xpath: .//option[normalize-space(.) = "2--月比例"]
2020/07/14 11:46:39:147 DEBUG com.sinosoft.test.base.TestBase:80 - Found Element By : By.xpath: .//option[normalize-space(.) = "2--月比例"]
2020/07/14 11:46:39:432 DEBUG com.sinosoft.test.base.TestBase:42 - Trying to click on: [[[[InternetExplorerDriver: internet explorer on WINDOWS (b98f09c3-cd7e-4a2b-b12c-f212a4033583)] -> name: codeselect]] -> xpath: .//option[normalize-space(.) = "2--月比例"]]
2020/07/14 11:46:39:841 DEBUG com.sinosoft.test.base.TestBase:46 - Clicked on: [[[[InternetExplorerDriver: internet explorer on WINDOWS (b98f09c3-cd7e-4a2b-b12c-f212a4033583)] -> name: codeselect]] -> xpath: .//option[normalize-space(.) = "2--月比例"]]
2020/07/14 11:46:39:842 DEBUG com.sinosoft.test.base.TestBase:151 - setFuzzySelect 结束！
2020/07/14 11:46:39:842 DEBUG com.sinosoft.test.base.TestBase:76 - Trying to find Element By : By.name: SelectIt
2020/07/14 11:46:40:125 DEBUG com.sinosoft.test.base.TestBase:80 - Found Element By : By.name: SelectIt
2020/07/14 11:46:40:126  INFO com.sinosoft.test.base.TestBase:416 - jsClickButton:[[InternetExplorerDriver: internet explorer on WINDOWS (b98f09c3-cd7e-4a2b-b12c-f212a4033583)] -> name: SelectIt]
2020/07/14 11:46:40:126  INFO com.sinosoft.test.base.TestBase:144 - RunJavaScript:[[InternetExplorerDriver: internet explorer on WINDOWS (b98f09c3-cd7e-4a2b-b12c-f212a4033583)] -> name: SelectIt]	arguments[0].click();
2020/07/14 11:46:40:887 DEBUG com.sinosoft.test.base.TestBase:272 - 系统窗口【黄河财险业务系统】with handle -bcf1a258-b6b9-4130-acb2-d23878ee42b2
2020/07/14 11:46:45:886 DEBUG com.sinosoft.test.base.TestBase:76 - Trying to find Element By : By.xpath: //table[@id='ItemPropertyDetailKind']/tbody/tr/td/input[@name='GuItemKindShortRateFlag']
2020/07/14 11:46:45:909 DEBUG com.sinosoft.test.base.TestBase:80 - Found Element By : By.xpath: //table[@id='ItemPropertyDetailKind']/tbody/tr/td/input[@name='GuItemKindShortRateFlag']
2020/07/14 11:46:45:909 DEBUG com.sinosoft.test.base.TestBase:49 - CodeSelect:设置完毕[[InternetExplorerDriver: internet explorer on WINDOWS (b98f09c3-cd7e-4a2b-b12c-f212a4033583)] -> xpath: //table[@id='ItemPropertyDetailKind']/tbody/tr/td/input[@name='GuItemKindShortRateFlag']] & Code=2
2020/07/14 11:46:45:909 DEBUG com.sinosoft.test.base.TestBase:76 - Trying to find Element By : By.xpath: //table[@id='ItemPropertyDetailKind']/tbody/tr/td/input[@name='GuItemKindGrossPremium']
2020/07/14 11:46:45:956 DEBUG com.sinosoft.test.base.TestBase:80 - Found Element By : By.xpath: //table[@id='ItemPropertyDetailKind']/tbody/tr/td/input[@name='GuItemKindGrossPremium']
2020/07/14 11:46:45:957  INFO com.sinosoft.test.base.TestBase:388 - setEditboxTValue:[[InternetExplorerDriver: internet explorer on WINDOWS (b98f09c3-cd7e-4a2b-b12c-f212a4033583)] -> xpath: //table[@id='ItemPropertyDetailKind']/tbody/tr/td/input[@name='GuItemKindGrossPremium']]->400
2020/07/14 11:46:45:957 DEBUG com.sinosoft.test.base.TestBase:76 - Trying to find Element By : By.xpath: //table[@id='ItemPropertyDetailKind']/tbody/tr/td/input[@name='GuItemKindGrossPremium']
2020/07/14 11:46:46:004 DEBUG com.sinosoft.test.base.TestBase:80 - Found Element By : By.xpath: //table[@id='ItemPropertyDetailKind']/tbody/tr/td/input[@name='GuItemKindGrossPremium']
2020/07/14 11:46:46:425 DEBUG com.sinosoft.test.base.TestBase:76 - Trying to find Element By : By.xpath: //table[@id='ItemPropertyDetailKind']/tbody/tr/td/input[@name='GuItemKindGrossPremium']
2020/07/14 11:46:46:485 DEBUG com.sinosoft.test.base.TestBase:80 - Found Element By : By.xpath: //table[@id='ItemPropertyDetailKind']/tbody/tr/td/input[@name='GuItemKindGrossPremium']
2020/07/14 11:46:51:846 DEBUG com.sinosoft.test.base.TestBase:234 - 开始录入营业中断险！
2020/07/14 11:46:51:846 DEBUG com.sinosoft.test.base.TestBase:76 - Trying to find Element By : By.id: ItemPropertyItem1105
2020/07/14 11:46:51:903 DEBUG com.sinosoft.test.base.TestBase:80 - Found Element By : By.id: ItemPropertyItem1105
2020/07/14 11:46:51:904  INFO com.sinosoft.test.base.TestBase:406 - clickElement:[[InternetExplorerDriver: internet explorer on WINDOWS (b98f09c3-cd7e-4a2b-b12c-f212a4033583)] -> id: ItemPropertyItem1105]
2020/07/14 11:46:51:904 DEBUG com.sinosoft.test.base.TestBase:76 - Trying to find Element By : By.id: ItemPropertyItem1105
2020/07/14 11:46:51:964 DEBUG com.sinosoft.test.base.TestBase:80 - Found Element By : By.id: ItemPropertyItem1105
2020/07/14 11:46:51:964 DEBUG com.sinosoft.test.base.TestBase:42 - Trying to click on: [[InternetExplorerDriver: internet explorer on WINDOWS (b98f09c3-cd7e-4a2b-b12c-f212a4033583)] -> id: ItemPropertyItem1105]
2020/07/14 11:46:53:194 DEBUG com.sinosoft.test.base.TestBase:46 - Clicked on: [[InternetExplorerDriver: internet explorer on WINDOWS (b98f09c3-cd7e-4a2b-b12c-f212a4033583)] -> id: ItemPropertyItem1105]
2020/07/14 11:46:53:194 DEBUG com.sinosoft.test.base.TestBase:76 - Trying to find Element By : By.name: GuItemDynamic0105FieldBG
2020/07/14 11:46:53:266 DEBUG com.sinosoft.test.base.TestBase:80 - Found Element By : By.name: GuItemDynamic0105FieldBG
2020/07/14 11:46:53:266  INFO com.sinosoft.test.base.TestBase:360 - setEditboxValue:[[InternetExplorerDriver: internet explorer on WINDOWS (b98f09c3-cd7e-4a2b-b12c-f212a4033583)] -> name: GuItemDynamic0105FieldBG]：24
2020/07/14 11:46:53:266 DEBUG com.sinosoft.test.base.TestBase:76 - Trying to find Element By : By.name: GuItemDynamic0105FieldBG
2020/07/14 11:46:53:333 DEBUG com.sinosoft.test.base.TestBase:80 - Found Element By : By.name: GuItemDynamic0105FieldBG
2020/07/14 11:46:53:550 DEBUG com.sinosoft.test.base.TestBase:76 - Trying to find Element By : By.name: GuItemDynamic0105FieldBG
2020/07/14 11:46:53:611 DEBUG com.sinosoft.test.base.TestBase:80 - Found Element By : By.name: GuItemDynamic0105FieldBG
2020/07/14 11:46:53:966 DEBUG com.sinosoft.test.base.TestBase:76 - Trying to find Element By : By.name: GuItemDynamic0105FieldBG
2020/07/14 11:46:54:023 DEBUG com.sinosoft.test.base.TestBase:80 - Found Element By : By.name: GuItemDynamic0105FieldBG
2020/07/14 11:46:54:023  INFO com.sinosoft.test.base.TestBase:363 - setEditboxValue—End:[[InternetExplorerDriver: internet explorer on WINDOWS (b98f09c3-cd7e-4a2b-b12c-f212a4033583)] -> name: GuItemDynamic0105FieldBG]：24
2020/07/14 11:46:54:023 DEBUG com.sinosoft.test.base.TestBase:76 - Trying to find Element By : By.name: GuItemDynamic0105FieldBF
2020/07/14 11:46:54:082 DEBUG com.sinosoft.test.base.TestBase:80 - Found Element By : By.name: GuItemDynamic0105FieldBF
2020/07/14 11:46:54:110 DEBUG com.sinosoft.test.base.TestBase:76 - Trying to find Element By : By.name: GuItemDynamic0105FieldBF
2020/07/14 11:46:54:180 DEBUG com.sinosoft.test.base.TestBase:80 - Found Element By : By.name: GuItemDynamic0105FieldBF
2020/07/14 11:46:54:181 DEBUG com.sinosoft.test.base.TestBase:63 - SetCodeEditBox:开始设置:[[InternetExplorerDriver: internet explorer on WINDOWS (b98f09c3-cd7e-4a2b-b12c-f212a4033583)] -> name: GuItemDynamic0105FieldBF] & Code=6000000
2020/07/14 11:46:54:181 DEBUG com.sinosoft.test.base.TestBase:76 - Trying to find Element By : By.name: GuItemDynamic0105FieldBF
2020/07/14 11:46:54:262 DEBUG com.sinosoft.test.base.TestBase:80 - Found Element By : By.name: GuItemDynamic0105FieldBF
2020/07/14 11:46:54:552 DEBUG com.sinosoft.test.base.TestBase:76 - Trying to find Element By : By.name: GuItemDynamic0105FieldBF
2020/07/14 11:46:54:624 DEBUG com.sinosoft.test.base.TestBase:80 - Found Element By : By.name: GuItemDynamic0105FieldBF
2020/07/14 11:46:55:232 DEBUG com.sinosoft.test.base.TestBase:76 - Trying to find Element By : By.name: GuItemDynamic0105FieldBF
2020/07/14 11:46:55:289 DEBUG com.sinosoft.test.base.TestBase:80 - Found Element By : By.name: GuItemDynamic0105FieldBF
2020/07/14 11:46:55:290 DEBUG com.sinosoft.test.base.TestBase:76 - Trying to find Element By : By.xpath: ../input[last()]
2020/07/14 11:46:55:326 DEBUG com.sinosoft.test.base.TestBase:80 - Found Element By : By.xpath: ../input[last()]
2020/07/14 11:46:55:439  INFO com.sinosoft.test.base.TestBase:71 - SetCodeEditBox:找到了Code对应的文本显示框并点击触发显示:GuItemDynamic0105FieldBF
2020/07/14 11:46:55:441 DEBUG com.sinosoft.test.base.TestBase:42 - Trying to click on: [[[[InternetExplorerDriver: internet explorer on WINDOWS (b98f09c3-cd7e-4a2b-b12c-f212a4033583)] -> name: GuItemDynamic0105FieldBF]] -> xpath: ../input[last()]]
2020/07/14 11:46:56:528 DEBUG com.sinosoft.test.base.TestBase:46 - Clicked on: [[[[InternetExplorerDriver: internet explorer on WINDOWS (b98f09c3-cd7e-4a2b-b12c-f212a4033583)] -> name: GuItemDynamic0105FieldBF]] -> xpath: ../input[last()]]
2020/07/14 11:46:56:728 DEBUG com.sinosoft.test.base.TestBase:76 - Trying to find Element By : By.name: GuItemDynamic0105FieldBF
2020/07/14 11:46:56:795 DEBUG com.sinosoft.test.base.TestBase:80 - Found Element By : By.name: GuItemDynamic0105FieldBF
2020/07/14 11:46:56:796 DEBUG com.sinosoft.test.base.TestBase:87 - SetCodeEditBox:设置完毕[[InternetExplorerDriver: internet explorer on WINDOWS (b98f09c3-cd7e-4a2b-b12c-f212a4033583)] -> name: GuItemDynamic0105FieldBF],设置值 Code=6000000
2020/07/14 11:46:56:796 DEBUG com.sinosoft.test.base.TestBase:76 - Trying to find Element By : By.name: GuItemDynamic0105FieldBE
2020/07/14 11:46:56:876 DEBUG com.sinosoft.test.base.TestBase:80 - Found Element By : By.name: GuItemDynamic0105FieldBE
2020/07/14 11:46:56:908 DEBUG com.sinosoft.test.base.TestBase:76 - Trying to find Element By : By.name: GuItemDynamic0105FieldBE
2020/07/14 11:46:56:968 DEBUG com.sinosoft.test.base.TestBase:80 - Found Element By : By.name: GuItemDynamic0105FieldBE
2020/07/14 11:46:56:969 DEBUG com.sinosoft.test.base.TestBase:63 - SetCodeEditBox:开始设置:[[InternetExplorerDriver: internet explorer on WINDOWS (b98f09c3-cd7e-4a2b-b12c-f212a4033583)] -> name: GuItemDynamic0105FieldBE] & Code=20000000
2020/07/14 11:46:56:969 DEBUG com.sinosoft.test.base.TestBase:76 - Trying to find Element By : By.name: GuItemDynamic0105FieldBE
2020/07/14 11:46:57:041 DEBUG com.sinosoft.test.base.TestBase:80 - Found Element By : By.name: GuItemDynamic0105FieldBE
2020/07/14 11:46:57:256 DEBUG com.sinosoft.test.base.TestBase:76 - Trying to find Element By : By.name: GuItemDynamic0105FieldBE
2020/07/14 11:46:57:328 DEBUG com.sinosoft.test.base.TestBase:80 - Found Element By : By.name: GuItemDynamic0105FieldBE
2020/07/14 11:46:57:909 DEBUG com.sinosoft.test.base.TestBase:76 - Trying to find Element By : By.name: GuItemDynamic0105FieldBE
2020/07/14 11:46:57:989 DEBUG com.sinosoft.test.base.TestBase:80 - Found Element By : By.name: GuItemDynamic0105FieldBE
2020/07/14 11:46:57:990 DEBUG com.sinosoft.test.base.TestBase:76 - Trying to find Element By : By.xpath: ../input[last()]
2020/07/14 11:46:58:047 DEBUG com.sinosoft.test.base.TestBase:80 - Found Element By : By.xpath: ../input[last()]
2020/07/14 11:46:58:162  INFO com.sinosoft.test.base.TestBase:71 - SetCodeEditBox:找到了Code对应的文本显示框并点击触发显示:GuItemDynamic0105FieldBE
2020/07/14 11:46:58:163 DEBUG com.sinosoft.test.base.TestBase:42 - Trying to click on: [[[[InternetExplorerDriver: internet explorer on WINDOWS (b98f09c3-cd7e-4a2b-b12c-f212a4033583)] -> name: GuItemDynamic0105FieldBE]] -> xpath: ../input[last()]]
2020/07/14 11:46:59:195 DEBUG com.sinosoft.test.base.TestBase:46 - Clicked on: [[[[InternetExplorerDriver: internet explorer on WINDOWS (b98f09c3-cd7e-4a2b-b12c-f212a4033583)] -> name: GuItemDynamic0105FieldBE]] -> xpath: ../input[last()]]
2020/07/14 11:46:59:395 DEBUG com.sinosoft.test.base.TestBase:76 - Trying to find Element By : By.name: GuItemDynamic0105FieldBE
2020/07/14 11:46:59:454 DEBUG com.sinosoft.test.base.TestBase:80 - Found Element By : By.name: GuItemDynamic0105FieldBE
2020/07/14 11:46:59:455 DEBUG com.sinosoft.test.base.TestBase:87 - SetCodeEditBox:设置完毕[[InternetExplorerDriver: internet explorer on WINDOWS (b98f09c3-cd7e-4a2b-b12c-f212a4033583)] -> name: GuItemDynamic0105FieldBE],设置值 Code=20000000
2020/07/14 11:46:59:455 DEBUG com.sinosoft.test.base.TestBase:76 - Trying to find Element By : By.id: ItemPropertyDetail0105
2020/07/14 11:46:59:525 DEBUG com.sinosoft.test.base.TestBase:80 - Found Element By : By.id: ItemPropertyDetail0105
2020/07/14 11:46:59:525 DEBUG com.sinosoft.test.base.TestBase:76 - Trying to find Element By : By.name: GuItemPropertyDetail0105ItemDetailCode
2020/07/14 11:46:59:549 DEBUG com.sinosoft.test.base.TestBase:80 - Found Element By : By.name: GuItemPropertyDetail0105ItemDetailCode
2020/07/14 11:46:59:549 DEBUG com.sinosoft.test.base.TestBase:76 - Trying to find Element By : By.id: ItemPropertyDetail0105
2020/07/14 11:46:59:619 DEBUG com.sinosoft.test.base.TestBase:80 - Found Element By : By.id: ItemPropertyDetail0105
2020/07/14 11:46:59:619 DEBUG com.sinosoft.test.base.TestBase:76 - Trying to find Element By : By.name: GuItemPropertyDetail0105ItemDetailList
2020/07/14 11:46:59:656 DEBUG com.sinosoft.test.base.TestBase:80 - Found Element By : By.name: GuItemPropertyDetail0105ItemDetailList
2020/07/14 11:46:59:705 DEBUG com.sinosoft.test.base.TestBase:42 - CodeSelect:开始设置[[[[InternetExplorerDriver: internet explorer on WINDOWS (b98f09c3-cd7e-4a2b-b12c-f212a4033583)] -> id: ItemPropertyDetail0105]] -> name: GuItemPropertyDetail0105ItemDetailCode] & Code=010056
2020/07/14 11:47:00:777 DEBUG com.sinosoft.test.base.TestBase:272 - 系统窗口【黄河财险业务系统】with handle -bcf1a258-b6b9-4130-acb2-d23878ee42b2
2020/07/14 11:47:01:433 DEBUG com.sinosoft.test.base.TestBase:272 - 系统窗口【黄河财险业务系统】with handle -bcf1a258-b6b9-4130-acb2-d23878ee42b2
2020/07/14 11:47:02:065 DEBUG com.sinosoft.test.base.TestBase:272 - 系统窗口【Code Select】with handle -863bea03-88b1-42a2-8965-e7b791e35917
2020/07/14 11:47:02:578 DEBUG com.sinosoft.test.base.TestBase:69 - 初始化class com.sinosoft.test.fccp.common.CodeSelectPage
2020/07/14 11:47:02:578 DEBUG com.sinosoft.test.base.TestBase:39 - 基础码表选择！
2020/07/14 11:47:02:578 DEBUG com.sinosoft.test.base.TestBase:76 - Trying to find Element By : By.name: fieldValue
2020/07/14 11:47:02:845 DEBUG com.sinosoft.test.base.TestBase:80 - Found Element By : By.name: fieldValue
2020/07/14 11:47:02:845  INFO com.sinosoft.test.base.TestBase:360 - setEditboxValue:[[InternetExplorerDriver: internet explorer on WINDOWS (b98f09c3-cd7e-4a2b-b12c-f212a4033583)] -> name: fieldValue]：010056
2020/07/14 11:47:03:925  INFO com.sinosoft.test.base.TestBase:363 - setEditboxValue—End:[[InternetExplorerDriver: internet explorer on WINDOWS (b98f09c3-cd7e-4a2b-b12c-f212a4033583)] -> name: fieldValue]：010056
2020/07/14 11:47:03:925 DEBUG com.sinosoft.test.base.TestBase:76 - Trying to find Element By : By.xpath: //input[@value='查询(Q)']
2020/07/14 11:47:04:211 DEBUG com.sinosoft.test.base.TestBase:80 - Found Element By : By.xpath: //input[@value='查询(Q)']
2020/07/14 11:47:04:211  INFO com.sinosoft.test.base.TestBase:402 - clickButton:[[InternetExplorerDriver: internet explorer on WINDOWS (b98f09c3-cd7e-4a2b-b12c-f212a4033583)] -> xpath: //input[@value='查询(Q)']]
2020/07/14 11:47:04:211 DEBUG com.sinosoft.test.base.TestBase:42 - Trying to click on: [[InternetExplorerDriver: internet explorer on WINDOWS (b98f09c3-cd7e-4a2b-b12c-f212a4033583)] -> xpath: //input[@value='查询(Q)']]
2020/07/14 11:47:05:760 DEBUG com.sinosoft.test.base.TestBase:46 - Clicked on: [[InternetExplorerDriver: internet explorer on WINDOWS (b98f09c3-cd7e-4a2b-b12c-f212a4033583)] -> xpath: //input[@value='查询(Q)']]
2020/07/14 11:47:05:761 DEBUG com.sinosoft.test.base.TestBase:76 - Trying to find Element By : By.name: codeselect
2020/07/14 11:47:06:050 DEBUG com.sinosoft.test.base.TestBase:80 - Found Element By : By.name: codeselect
2020/07/14 11:47:06:050  INFO com.sinosoft.test.base.TestBase:132 - setFuzzySelect:[[InternetExplorerDriver: internet explorer on WINDOWS (b98f09c3-cd7e-4a2b-b12c-f212a4033583)] -> name: codeselect]->010056
2020/07/14 11:47:06:588 DEBUG com.sinosoft.test.base.TestBase:76 - Trying to find Element By : By.tagName: option
2020/07/14 11:47:06:880 DEBUG com.sinosoft.test.base.TestBase:80 - Found Element By : By.tagName: option
2020/07/14 11:47:07:170  INFO com.sinosoft.test.base.TestBase:142 - 找到匹配【010056】的选项：010056--营业利润
2020/07/14 11:47:07:171 DEBUG com.sinosoft.test.base.TestBase:76 - Trying to find Element By : By.xpath: .//option[normalize-space(.) = "010056--营业利润"]
2020/07/14 11:47:07:471 DEBUG com.sinosoft.test.base.TestBase:80 - Found Element By : By.xpath: .//option[normalize-space(.) = "010056--营业利润"]
2020/07/14 11:47:07:757 DEBUG com.sinosoft.test.base.TestBase:42 - Trying to click on: [[[[InternetExplorerDriver: internet explorer on WINDOWS (b98f09c3-cd7e-4a2b-b12c-f212a4033583)] -> name: codeselect]] -> xpath: .//option[normalize-space(.) = "010056--营业利润"]]
2020/07/14 11:47:08:134 DEBUG com.sinosoft.test.base.TestBase:46 - Clicked on: [[[[InternetExplorerDriver: internet explorer on WINDOWS (b98f09c3-cd7e-4a2b-b12c-f212a4033583)] -> name: codeselect]] -> xpath: .//option[normalize-space(.) = "010056--营业利润"]]
2020/07/14 11:47:08:134 DEBUG com.sinosoft.test.base.TestBase:151 - setFuzzySelect 结束！
2020/07/14 11:47:08:134 DEBUG com.sinosoft.test.base.TestBase:76 - Trying to find Element By : By.name: SelectIt
2020/07/14 11:47:08:408 DEBUG com.sinosoft.test.base.TestBase:80 - Found Element By : By.name: SelectIt
2020/07/14 11:47:08:409  INFO com.sinosoft.test.base.TestBase:416 - jsClickButton:[[InternetExplorerDriver: internet explorer on WINDOWS (b98f09c3-cd7e-4a2b-b12c-f212a4033583)] -> name: SelectIt]
2020/07/14 11:47:08:409  INFO com.sinosoft.test.base.TestBase:144 - RunJavaScript:[[InternetExplorerDriver: internet explorer on WINDOWS (b98f09c3-cd7e-4a2b-b12c-f212a4033583)] -> name: SelectIt]	arguments[0].click();
2020/07/14 11:47:09:114 DEBUG com.sinosoft.test.base.TestBase:272 - 系统窗口【黄河财险业务系统】with handle -bcf1a258-b6b9-4130-acb2-d23878ee42b2
2020/07/14 11:47:14:130 DEBUG com.sinosoft.test.base.TestBase:49 - CodeSelect:设置完毕[[[[InternetExplorerDriver: internet explorer on WINDOWS (b98f09c3-cd7e-4a2b-b12c-f212a4033583)] -> id: ItemPropertyDetail0105]] -> name: GuItemPropertyDetail0105ItemDetailCode] & Code=010056
2020/07/14 11:47:14:130 DEBUG com.sinosoft.test.base.TestBase:76 - Trying to find Element By : By.id: ItemPropertyDetail0105
2020/07/14 11:47:14:199 DEBUG com.sinosoft.test.base.TestBase:80 - Found Element By : By.id: ItemPropertyDetail0105
2020/07/14 11:47:14:199  INFO com.sinosoft.test.base.TestBase:406 - clickElement:[[InternetExplorerDriver: internet explorer on WINDOWS (b98f09c3-cd7e-4a2b-b12c-f212a4033583)] -> id: ItemPropertyDetail0105]
2020/07/14 11:47:14:199 DEBUG com.sinosoft.test.base.TestBase:76 - Trying to find Element By : By.id: ItemPropertyDetail0105
2020/07/14 11:47:14:254 DEBUG com.sinosoft.test.base.TestBase:80 - Found Element By : By.id: ItemPropertyDetail0105
2020/07/14 11:47:14:255 DEBUG com.sinosoft.test.base.TestBase:42 - Trying to click on: [[InternetExplorerDriver: internet explorer on WINDOWS (b98f09c3-cd7e-4a2b-b12c-f212a4033583)] -> id: ItemPropertyDetail0105]
2020/07/14 11:47:15:290 DEBUG com.sinosoft.test.base.TestBase:46 - Clicked on: [[InternetExplorerDriver: internet explorer on WINDOWS (b98f09c3-cd7e-4a2b-b12c-f212a4033583)] -> id: ItemPropertyDetail0105]
2020/07/14 11:47:15:292 DEBUG com.sinosoft.test.base.TestBase:76 - Trying to find Element By : By.id: ItemPropertyDetail0105
2020/07/14 11:47:15:350 DEBUG com.sinosoft.test.base.TestBase:80 - Found Element By : By.id: ItemPropertyDetail0105
2020/07/14 11:47:15:350 DEBUG com.sinosoft.test.base.TestBase:76 - Trying to find Element By : By.name: GuItemKind0105KindCode
2020/07/14 11:47:15:411 DEBUG com.sinosoft.test.base.TestBase:80 - Found Element By : By.name: GuItemKind0105KindCode
2020/07/14 11:47:15:413 DEBUG com.sinosoft.test.base.TestBase:76 - Trying to find Element By : By.id: ItemPropertyDetail0105
2020/07/14 11:47:15:494 DEBUG com.sinosoft.test.base.TestBase:80 - Found Element By : By.id: ItemPropertyDetail0105
2020/07/14 11:47:15:496 DEBUG com.sinosoft.test.base.TestBase:76 - Trying to find Element By : By.name: GuItemKind0105CalculateInd
2020/07/14 11:47:15:518 DEBUG com.sinosoft.test.base.TestBase:80 - Found Element By : By.name: GuItemKind0105CalculateInd
2020/07/14 11:47:15:518 DEBUG com.sinosoft.test.base.TestBase:76 - Trying to find Element By : By.id: ItemPropertyDetail0105
2020/07/14 11:47:15:611 DEBUG com.sinosoft.test.base.TestBase:80 - Found Element By : By.id: ItemPropertyDetail0105
2020/07/14 11:47:15:612 DEBUG com.sinosoft.test.base.TestBase:76 - Trying to find Element By : By.name: GuItemKind0105ValueType
2020/07/14 11:47:15:636 DEBUG com.sinosoft.test.base.TestBase:80 - Found Element By : By.name: GuItemKind0105ValueType
2020/07/14 11:47:15:636 DEBUG com.sinosoft.test.base.TestBase:76 - Trying to find Element By : By.id: ItemPropertyDetail0105
2020/07/14 11:47:15:708 DEBUG com.sinosoft.test.base.TestBase:80 - Found Element By : By.id: ItemPropertyDetail0105
2020/07/14 11:47:15:709 DEBUG com.sinosoft.test.base.TestBase:76 - Trying to find Element By : By.name: GuItemKind0105CalculateInd
2020/07/14 11:47:15:737 DEBUG com.sinosoft.test.base.TestBase:80 - Found Element By : By.name: GuItemKind0105CalculateInd
2020/07/14 11:47:15:738 DEBUG com.sinosoft.test.base.TestBase:76 - Trying to find Element By : By.id: ItemPropertyDetail0105
2020/07/14 11:47:15:811 DEBUG com.sinosoft.test.base.TestBase:80 - Found Element By : By.id: ItemPropertyDetail0105
2020/07/14 11:47:15:812 DEBUG com.sinosoft.test.base.TestBase:76 - Trying to find Element By : By.name: GuItemKind0105Rate
2020/07/14 11:47:15:846 DEBUG com.sinosoft.test.base.TestBase:80 - Found Element By : By.name: GuItemKind0105Rate
2020/07/14 11:47:15:847 DEBUG com.sinosoft.test.base.TestBase:76 - Trying to find Element By : By.id: ItemPropertyDetail0105
2020/07/14 11:47:15:905 DEBUG com.sinosoft.test.base.TestBase:80 - Found Element By : By.id: ItemPropertyDetail0105
2020/07/14 11:47:15:906 DEBUG com.sinosoft.test.base.TestBase:76 - Trying to find Element By : By.name: GuItemKind0105ShortRateFlag
2020/07/14 11:47:15:944 DEBUG com.sinosoft.test.base.TestBase:80 - Found Element By : By.name: GuItemKind0105ShortRateFlag
2020/07/14 11:47:15:945 DEBUG com.sinosoft.test.base.TestBase:76 - Trying to find Element By : By.id: ItemPropertyDetail0105
2020/07/14 11:47:16:001 DEBUG com.sinosoft.test.base.TestBase:80 - Found Element By : By.id: ItemPropertyDetail0105
2020/07/14 11:47:16:002 DEBUG com.sinosoft.test.base.TestBase:76 - Trying to find Element By : By.name: GuItemKind0105GrossPremium
2020/07/14 11:47:16:043 DEBUG com.sinosoft.test.base.TestBase:80 - Found Element By : By.name: GuItemKind0105GrossPremium
2020/07/14 11:47:16:091 DEBUG com.sinosoft.test.base.TestBase:42 - CodeSelect:开始设置[[[[InternetExplorerDriver: internet explorer on WINDOWS (b98f09c3-cd7e-4a2b-b12c-f212a4033583)] -> id: ItemPropertyDetail0105]] -> name: GuItemKind0105KindCode] & Code=0105001
2020/07/14 11:47:17:258 DEBUG com.sinosoft.test.base.TestBase:272 - 系统窗口【黄河财险业务系统】with handle -bcf1a258-b6b9-4130-acb2-d23878ee42b2
2020/07/14 11:47:17:919 DEBUG com.sinosoft.test.base.TestBase:272 - 系统窗口【黄河财险业务系统】with handle -bcf1a258-b6b9-4130-acb2-d23878ee42b2
2020/07/14 11:47:18:550 DEBUG com.sinosoft.test.base.TestBase:272 - 系统窗口【Code Select】with handle -0314d4fa-37b6-4a65-8f71-a9dfc8714537
2020/07/14 11:47:19:064 DEBUG com.sinosoft.test.base.TestBase:69 - 初始化class com.sinosoft.test.fccp.common.CodeSelectPage
2020/07/14 11:47:19:065 DEBUG com.sinosoft.test.base.TestBase:39 - 基础码表选择！
2020/07/14 11:47:19:065 DEBUG com.sinosoft.test.base.TestBase:76 - Trying to find Element By : By.name: fieldValue
2020/07/14 11:47:19:332 DEBUG com.sinosoft.test.base.TestBase:80 - Found Element By : By.name: fieldValue
2020/07/14 11:47:19:332  INFO com.sinosoft.test.base.TestBase:360 - setEditboxValue:[[InternetExplorerDriver: internet explorer on WINDOWS (b98f09c3-cd7e-4a2b-b12c-f212a4033583)] -> name: fieldValue]：0105001
2020/07/14 11:47:20:404  INFO com.sinosoft.test.base.TestBase:363 - setEditboxValue—End:[[InternetExplorerDriver: internet explorer on WINDOWS (b98f09c3-cd7e-4a2b-b12c-f212a4033583)] -> name: fieldValue]：0105001
2020/07/14 11:47:20:405 DEBUG com.sinosoft.test.base.TestBase:76 - Trying to find Element By : By.xpath: //input[@value='查询(Q)']
2020/07/14 11:47:20:684 DEBUG com.sinosoft.test.base.TestBase:80 - Found Element By : By.xpath: //input[@value='查询(Q)']
2020/07/14 11:47:20:687  INFO com.sinosoft.test.base.TestBase:402 - clickButton:[[InternetExplorerDriver: internet explorer on WINDOWS (b98f09c3-cd7e-4a2b-b12c-f212a4033583)] -> xpath: //input[@value='查询(Q)']]
2020/07/14 11:47:20:689 DEBUG com.sinosoft.test.base.TestBase:42 - Trying to click on: [[InternetExplorerDriver: internet explorer on WINDOWS (b98f09c3-cd7e-4a2b-b12c-f212a4033583)] -> xpath: //input[@value='查询(Q)']]
2020/07/14 11:47:22:240 DEBUG com.sinosoft.test.base.TestBase:46 - Clicked on: [[InternetExplorerDriver: internet explorer on WINDOWS (b98f09c3-cd7e-4a2b-b12c-f212a4033583)] -> xpath: //input[@value='查询(Q)']]
2020/07/14 11:47:22:241 DEBUG com.sinosoft.test.base.TestBase:76 - Trying to find Element By : By.name: codeselect
2020/07/14 11:47:22:525 DEBUG com.sinosoft.test.base.TestBase:80 - Found Element By : By.name: codeselect
2020/07/14 11:47:22:526  INFO com.sinosoft.test.base.TestBase:132 - setFuzzySelect:[[InternetExplorerDriver: internet explorer on WINDOWS (b98f09c3-cd7e-4a2b-b12c-f212a4033583)] -> name: codeselect]->0105001
2020/07/14 11:47:23:062 DEBUG com.sinosoft.test.base.TestBase:76 - Trying to find Element By : By.tagName: option
2020/07/14 11:47:23:357 DEBUG com.sinosoft.test.base.TestBase:80 - Found Element By : By.tagName: option
2020/07/14 11:47:23:644  INFO com.sinosoft.test.base.TestBase:142 - 找到匹配【0105001】的选项：0105001--营业中断保险（2018版）条款
2020/07/14 11:47:23:644 DEBUG com.sinosoft.test.base.TestBase:76 - Trying to find Element By : By.xpath: .//option[normalize-space(.) = "0105001--营业中断保险（2018版）条款"]
2020/07/14 11:47:23:944 DEBUG com.sinosoft.test.base.TestBase:80 - Found Element By : By.xpath: .//option[normalize-space(.) = "0105001--营业中断保险（2018版）条款"]
2020/07/14 11:47:24:230 DEBUG com.sinosoft.test.base.TestBase:42 - Trying to click on: [[[[InternetExplorerDriver: internet explorer on WINDOWS (b98f09c3-cd7e-4a2b-b12c-f212a4033583)] -> name: codeselect]] -> xpath: .//option[normalize-space(.) = "0105001--营业中断保险（2018版）条款"]]
2020/07/14 11:47:24:608 DEBUG com.sinosoft.test.base.TestBase:46 - Clicked on: [[[[InternetExplorerDriver: internet explorer on WINDOWS (b98f09c3-cd7e-4a2b-b12c-f212a4033583)] -> name: codeselect]] -> xpath: .//option[normalize-space(.) = "0105001--营业中断保险（2018版）条款"]]
2020/07/14 11:47:24:608 DEBUG com.sinosoft.test.base.TestBase:151 - setFuzzySelect 结束！
2020/07/14 11:47:24:608 DEBUG com.sinosoft.test.base.TestBase:76 - Trying to find Element By : By.name: SelectIt
2020/07/14 11:47:24:882 DEBUG com.sinosoft.test.base.TestBase:80 - Found Element By : By.name: SelectIt
2020/07/14 11:47:24:883  INFO com.sinosoft.test.base.TestBase:416 - jsClickButton:[[InternetExplorerDriver: internet explorer on WINDOWS (b98f09c3-cd7e-4a2b-b12c-f212a4033583)] -> name: SelectIt]
2020/07/14 11:47:24:884  INFO com.sinosoft.test.base.TestBase:144 - RunJavaScript:[[InternetExplorerDriver: internet explorer on WINDOWS (b98f09c3-cd7e-4a2b-b12c-f212a4033583)] -> name: SelectIt]	arguments[0].click();
2020/07/14 11:47:25:634 DEBUG com.sinosoft.test.base.TestBase:272 - 系统窗口【黄河财险业务系统】with handle -bcf1a258-b6b9-4130-acb2-d23878ee42b2
2020/07/14 11:47:30:553 DEBUG com.sinosoft.test.base.TestBase:49 - CodeSelect:设置完毕[[[[InternetExplorerDriver: internet explorer on WINDOWS (b98f09c3-cd7e-4a2b-b12c-f212a4033583)] -> id: ItemPropertyDetail0105]] -> name: GuItemKind0105KindCode] & Code=0105001
2020/07/14 11:47:30:583  INFO com.sinosoft.test.base.TestBase:96 - setSelectWithStartText:[[[[InternetExplorerDriver: internet explorer on WINDOWS (b98f09c3-cd7e-4a2b-b12c-f212a4033583)] -> id: ItemPropertyDetail0105]] -> name: GuItemKind0105ValueType]->18
2020/07/14 11:47:30:630 DEBUG com.sinosoft.test.base.TestBase:76 - Trying to find Element By : By.tagName: option
2020/07/14 11:47:30:782 DEBUG com.sinosoft.test.base.TestBase:80 - Found Element By : By.tagName: option
2020/07/14 11:47:31:299  INFO com.sinosoft.test.base.TestBase:114 - 找到匹配【18】的选项：18-估价
2020/07/14 11:47:31:299 DEBUG com.sinosoft.test.base.TestBase:76 - Trying to find Element By : By.xpath: .//option[normalize-space(.) = "18-估价"]
2020/07/14 11:47:31:379 DEBUG com.sinosoft.test.base.TestBase:80 - Found Element By : By.xpath: .//option[normalize-space(.) = "18-估价"]
2020/07/14 11:47:31:407 DEBUG com.sinosoft.test.base.TestBase:42 - Trying to click on: [[[[[[InternetExplorerDriver: internet explorer on WINDOWS (b98f09c3-cd7e-4a2b-b12c-f212a4033583)] -> id: ItemPropertyDetail0105]] -> name: GuItemKind0105ValueType]] -> xpath: .//option[normalize-space(.) = "18-估价"]]
2020/07/14 11:47:31:638 DEBUG com.sinosoft.test.base.TestBase:46 - Clicked on: [[[[[[InternetExplorerDriver: internet explorer on WINDOWS (b98f09c3-cd7e-4a2b-b12c-f212a4033583)] -> id: ItemPropertyDetail0105]] -> name: GuItemKind0105ValueType]] -> xpath: .//option[normalize-space(.) = "18-估价"]]
2020/07/14 11:47:31:638 DEBUG com.sinosoft.test.base.TestBase:123 - setSelectWithStartText 结束！
2020/07/14 11:47:31:638  INFO com.sinosoft.test.base.TestBase:360 - setEditboxValue:[[[[InternetExplorerDriver: internet explorer on WINDOWS (b98f09c3-cd7e-4a2b-b12c-f212a4033583)] -> id: ItemPropertyDetail0105]] -> name: GuItemKind0105CalculateInd]：200000
2020/07/14 11:47:32:361  INFO com.sinosoft.test.base.TestBase:363 - setEditboxValue—End:[[[[InternetExplorerDriver: internet explorer on WINDOWS (b98f09c3-cd7e-4a2b-b12c-f212a4033583)] -> id: ItemPropertyDetail0105]] -> name: GuItemKind0105CalculateInd]：200000
2020/07/14 11:47:32:362  INFO com.sinosoft.test.base.TestBase:388 - setEditboxTValue:[[[[InternetExplorerDriver: internet explorer on WINDOWS (b98f09c3-cd7e-4a2b-b12c-f212a4033583)] -> id: ItemPropertyDetail0105]] -> name: GuItemKind0105Rate]->3
2020/07/14 11:47:33:289 DEBUG com.sinosoft.test.base.TestBase:66 - 系统自动捕获异常：Exception occured: org.openqa.selenium.UnhandledAlertException: Modal dialog present: 200000 代码不存在
Build info: version: '3.9.0', revision: '698b3178f0', time: '2018-02-05T14:26:55.441Z'
System info: host: 'DESKTOP-I9S3ABE', ip: '100.100.96.220', os.name: 'Windows 10', os.arch: 'amd64', os.version: '10.0', java.version: '1.8.0_101'
Driver info: org.openqa.selenium.ie.InternetExplorerDriver
Capabilities {acceptInsecureCerts: false, browserName: internet explorer, browserVersion: 11, javascriptEnabled: true, pageLoadStrategy: normal, platform: WINDOWS, platformName: WINDOWS, proxy: Proxy(), se:ieOptions: {browserAttachTimeout: 0, elementScrollBehavior: 0, enablePersistentHover: true, ie.browserCommandLineSwitches: , ie.ensureCleanSession: false, ie.fileUploadDialogTimeout: 3000, ie.forceCreateProcessApi: false, ignoreProtectedModeSettings: true, ignoreZoomSetting: false, initialBrowserUrl: http://localhost:4043/, nativeEvents: true, requireWindowFocus: false}, setWindowRect: true, timeouts: {implicit: 0, pageLoad: 300000, script: 30000}, unhandledPromptBehavior: ignore}
Session ID: b98f09c3-cd7e-4a2b-b12c-f212a4033583
2020/07/14 11:47:33:289  INFO com.sinosoft.test.base.TestBase:68 - 异常的message 是：Modal dialog present: 200000 代码不存在
Build info: version: '3.9.0', revision: '698b3178f0', time: '2018-02-05T14:26:55.441Z'
System info: host: 'DESKTOP-I9S3ABE', ip: '100.100.96.220', os.name: 'Windows 10', os.arch: 'amd64', os.version: '10.0', java.version: '1.8.0_101'
Driver info: org.openqa.selenium.ie.InternetExplorerDriver
Capabilities {acceptInsecureCerts: false, browserName: internet explorer, browserVersion: 11, javascriptEnabled: true, pageLoadStrategy: normal, platform: WINDOWS, platformName: WINDOWS, proxy: Proxy(), se:ieOptions: {browserAttachTimeout: 0, elementScrollBehavior: 0, enablePersistentHover: true, ie.browserCommandLineSwitches: , ie.ensureCleanSession: false, ie.fileUploadDialogTimeout: 3000, ie.forceCreateProcessApi: false, ignoreProtectedModeSettings: true, ignoreZoomSetting: false, initialBrowserUrl: http://localhost:4043/, nativeEvents: true, requireWindowFocus: false}, setWindowRect: true, timeouts: {implicit: 0, pageLoad: 300000, script: 30000}, unhandledPromptBehavior: ignore}
Session ID: b98f09c3-cd7e-4a2b-b12c-f212a4033583
2020/07/14 11:47:34:020 DEBUG com.sinosoft.test.base.TestBase:218 - Alert的标题是：200000 代码不存在
2020/07/14 11:47:34:852  INFO com.sinosoft.test.base.TestBase:132 - 进入Finally事件:RowID:2
2020/07/14 11:47:34:852  INFO com.sinosoft.test.base.TestBase:133 - 进入Finally事件:testCaseName:FCCB_TBCL
2020/07/14 11:47:34:852  INFO com.sinosoft.test.base.TestBase:134 - 进入Finally事件:proposalNumber:06201900101202000000000078
2020/07/14 11:47:34:853  INFO com.sinosoft.test.base.TestBase:135 - 进入Finally事件:message:未知弹窗_200000 代码不存在
2020/07/14 11:47:34:853  INFO com.sinosoft.test.base.TestBase:136 - 进入Finally事件:screenshot:C:\Users\liu-b\git\PageObjectModel\screenshots\FCCB_TB_JCX_1_未知弹窗_20200714114733430.png
2020/07/14 11:47:35:383 DEBUG freemarker.cache:45 - Couldn't find template in cache for "index.ftl"("en", UTF-8, parsed); will try to load it.
2020/07/14 11:47:35:385 DEBUG freemarker.cache:45 - TemplateLoader.findTemplateSource("index_en.ftl"): Not found
2020/07/14 11:47:35:387 DEBUG freemarker.cache:45 - TemplateLoader.findTemplateSource("index.ftl"): Found
2020/07/14 11:47:35:388 DEBUG freemarker.cache:45 - Loading template for "index.ftl"("en", UTF-8, parsed) from "jar:file:/C:/Users/liu-b/.m2/repository/com/aventstack/extentreports/3.1.3/extentreports-3.1.3.jar!/com/aventstack/extentreports/view/html-report/index.ftl"
2020/07/14 11:47:35:671 DEBUG freemarker.cache:45 - Couldn't find template in cache for "head.ftl"("en", UTF-8, parsed); will try to load it.
2020/07/14 11:47:35:673 DEBUG freemarker.cache:45 - TemplateLoader.findTemplateSource("head_en.ftl"): Not found
2020/07/14 11:47:35:676 DEBUG freemarker.cache:45 - TemplateLoader.findTemplateSource("head.ftl"): Found
2020/07/14 11:47:35:677 DEBUG freemarker.cache:45 - Loading template for "head.ftl"("en", UTF-8, parsed) from "jar:file:/C:/Users/liu-b/.m2/repository/com/aventstack/extentreports/3.1.3/extentreports-3.1.3.jar!/com/aventstack/extentreports/view/html-report/head.ftl"
2020/07/14 11:47:35:680 DEBUG freemarker.cache:45 - Couldn't find template in cache for "nav.ftl"("en", UTF-8, parsed); will try to load it.
2020/07/14 11:47:35:681 DEBUG freemarker.cache:45 - TemplateLoader.findTemplateSource("nav_en.ftl"): Not found
2020/07/14 11:47:35:681 DEBUG freemarker.cache:45 - TemplateLoader.findTemplateSource("nav.ftl"): Found
2020/07/14 11:47:35:681 DEBUG freemarker.cache:45 - Loading template for "nav.ftl"("en", UTF-8, parsed) from "jar:file:/C:/Users/liu-b/.m2/repository/com/aventstack/extentreports/3.1.3/extentreports-3.1.3.jar!/com/aventstack/extentreports/view/html-report/nav.ftl"
2020/07/14 11:47:35:695 DEBUG freemarker.cache:45 - Couldn't find template in cache for "test-view/test-view.ftl"("en", UTF-8, parsed); will try to load it.
2020/07/14 11:47:35:695 DEBUG freemarker.cache:45 - TemplateLoader.findTemplateSource("test-view/test-view_en.ftl"): Not found
2020/07/14 11:47:35:696 DEBUG freemarker.cache:45 - TemplateLoader.findTemplateSource("test-view/test-view.ftl"): Found
2020/07/14 11:47:35:696 DEBUG freemarker.cache:45 - Loading template for "test-view/test-view.ftl"("en", UTF-8, parsed) from "jar:file:/C:/Users/liu-b/.m2/repository/com/aventstack/extentreports/3.1.3/extentreports-3.1.3.jar!/com/aventstack/extentreports/view/html-report/test-view/test-view.ftl"
2020/07/14 11:47:35:708 DEBUG freemarker.cache:45 - Couldn't find template in cache for "test-view/test-view-charts.ftl"("en", UTF-8, parsed); will try to load it.
2020/07/14 11:47:35:710 DEBUG freemarker.cache:45 - TemplateLoader.findTemplateSource("test-view/test-view-charts_en.ftl"): Not found
2020/07/14 11:47:35:710 DEBUG freemarker.cache:45 - TemplateLoader.findTemplateSource("test-view/test-view-charts.ftl"): Found
2020/07/14 11:47:35:711 DEBUG freemarker.cache:45 - Loading template for "test-view/test-view-charts.ftl"("en", UTF-8, parsed) from "jar:file:/C:/Users/liu-b/.m2/repository/com/aventstack/extentreports/3.1.3/extentreports-3.1.3.jar!/com/aventstack/extentreports/view/html-report/test-view/test-view-charts.ftl"
2020/07/14 11:47:35:728 DEBUG freemarker.cache:45 - Couldn't find template in cache for "test-view/standard.ftl"("en", UTF-8, parsed); will try to load it.
2020/07/14 11:47:35:728 DEBUG freemarker.cache:45 - TemplateLoader.findTemplateSource("test-view/standard_en.ftl"): Not found
2020/07/14 11:47:35:729 DEBUG freemarker.cache:45 - TemplateLoader.findTemplateSource("test-view/standard.ftl"): Found
2020/07/14 11:47:35:730 DEBUG freemarker.cache:45 - Loading template for "test-view/standard.ftl"("en", UTF-8, parsed) from "jar:file:/C:/Users/liu-b/.m2/repository/com/aventstack/extentreports/3.1.3/extentreports-3.1.3.jar!/com/aventstack/extentreports/view/html-report/test-view/standard.ftl"
2020/07/14 11:47:35:753 DEBUG freemarker.cache:45 - Couldn't find template in cache for "category-view/category-view.ftl"("en", UTF-8, parsed); will try to load it.
2020/07/14 11:47:35:753 DEBUG freemarker.cache:45 - TemplateLoader.findTemplateSource("category-view/category-view_en.ftl"): Not found
2020/07/14 11:47:35:754 DEBUG freemarker.cache:45 - TemplateLoader.findTemplateSource("category-view/category-view.ftl"): Found
2020/07/14 11:47:35:754 DEBUG freemarker.cache:45 - Loading template for "category-view/category-view.ftl"("en", UTF-8, parsed) from "jar:file:/C:/Users/liu-b/.m2/repository/com/aventstack/extentreports/3.1.3/extentreports-3.1.3.jar!/com/aventstack/extentreports/view/html-report/category-view/category-view.ftl"
2020/07/14 11:47:35:761 DEBUG freemarker.cache:45 - Couldn't find template in cache for "author-view/author-view.ftl"("en", UTF-8, parsed); will try to load it.
2020/07/14 11:47:35:761 DEBUG freemarker.cache:45 - TemplateLoader.findTemplateSource("author-view/author-view_en.ftl"): Not found
2020/07/14 11:47:35:762 DEBUG freemarker.cache:45 - TemplateLoader.findTemplateSource("author-view/author-view.ftl"): Found
2020/07/14 11:47:35:762 DEBUG freemarker.cache:45 - Loading template for "author-view/author-view.ftl"("en", UTF-8, parsed) from "jar:file:/C:/Users/liu-b/.m2/repository/com/aventstack/extentreports/3.1.3/extentreports-3.1.3.jar!/com/aventstack/extentreports/view/html-report/author-view/author-view.ftl"
2020/07/14 11:47:35:767 DEBUG freemarker.cache:45 - Couldn't find template in cache for "exception-view/exception-view.ftl"("en", UTF-8, parsed); will try to load it.
2020/07/14 11:47:35:768 DEBUG freemarker.cache:45 - TemplateLoader.findTemplateSource("exception-view/exception-view_en.ftl"): Not found
2020/07/14 11:47:35:769 DEBUG freemarker.cache:45 - TemplateLoader.findTemplateSource("exception-view/exception-view.ftl"): Found
2020/07/14 11:47:35:769 DEBUG freemarker.cache:45 - Loading template for "exception-view/exception-view.ftl"("en", UTF-8, parsed) from "jar:file:/C:/Users/liu-b/.m2/repository/com/aventstack/extentreports/3.1.3/extentreports-3.1.3.jar!/com/aventstack/extentreports/view/html-report/exception-view/exception-view.ftl"
2020/07/14 11:47:35:783 DEBUG freemarker.cache:45 - Couldn't find template in cache for "dashboard-view/dashboard-view.ftl"("en", UTF-8, parsed); will try to load it.
2020/07/14 11:47:35:784 DEBUG freemarker.cache:45 - TemplateLoader.findTemplateSource("dashboard-view/dashboard-view_en.ftl"): Not found
2020/07/14 11:47:35:784 DEBUG freemarker.cache:45 - TemplateLoader.findTemplateSource("dashboard-view/dashboard-view.ftl"): Found
2020/07/14 11:47:35:785 DEBUG freemarker.cache:45 - Loading template for "dashboard-view/dashboard-view.ftl"("en", UTF-8, parsed) from "jar:file:/C:/Users/liu-b/.m2/repository/com/aventstack/extentreports/3.1.3/extentreports-3.1.3.jar!/com/aventstack/extentreports/view/html-report/dashboard-view/dashboard-view.ftl"
2020/07/14 11:47:35:795 DEBUG freemarker.cache:45 - Couldn't find template in cache for "logs-view/testrunner-logs-view.ftl"("en", UTF-8, parsed); will try to load it.
2020/07/14 11:47:35:796 DEBUG freemarker.cache:45 - TemplateLoader.findTemplateSource("logs-view/testrunner-logs-view_en.ftl"): Not found
2020/07/14 11:47:35:797 DEBUG freemarker.cache:45 - TemplateLoader.findTemplateSource("logs-view/testrunner-logs-view.ftl"): Found
2020/07/14 11:47:35:798 DEBUG freemarker.cache:45 - Loading template for "logs-view/testrunner-logs-view.ftl"("en", UTF-8, parsed) from "jar:file:/C:/Users/liu-b/.m2/repository/com/aventstack/extentreports/3.1.3/extentreports-3.1.3.jar!/com/aventstack/extentreports/view/html-report/logs-view/testrunner-logs-view.ftl"
2020/07/14 11:57:17:184  INFO com.sinosoft.test.base.TestBase:59 - 配置文件路径：config.properties
2020/07/14 11:57:17:188 DEBUG com.sinosoft.test.base.TestBase:69 - 初始化class com.sinosoft.testcases.fccb.TBGLTestCase
2020/07/14 11:57:17:234 DEBUG com.sinosoft.test.base.TestBase:69 - 初始化class com.sinosoft.test.util.ExcelDataProvider
2020/07/14 11:57:17:971  INFO com.sinosoft.test.base.TestBase:80 - 当前文件里面一共有数据：4
2020/07/14 11:57:18:011  INFO com.sinosoft.test.base.TestBase:91 - start InternetExplorerDriver
2020/07/14 11:57:20:103 DEBUG com.sinosoft.test.base.TestBase:69 - 初始化class com.sinosoft.test.util.WebEventListener
2020/07/14 11:57:20:128  INFO com.sinosoft.test.base.TestBase:80 - 开始运行测试脚本，获取到的测试数据《getTBCLTestData》如下:
2020/07/14 11:57:20:129  INFO com.sinosoft.test.base.TestBase:81 - ROW_ID=2
ProcessFlag=Y
TestCaseName=FCCB_TB_JCX
TestCaseSeq=1
TestDescription=非车承保企财险-财产基本险-出单
riskClass=01
riskCode=0101
renewalInd=0
renewalPolicy=
prePay=
carrayOver=
carrayOverPolicy=
relatedInd=
relatedPolicy=
fbbs=
ywgs=01620190
qdlx=01
gdbs=0
xstd=T6201900101
ywy=S000000006
ywly=01010101
dljg=
xsxy=
cxywbs=HXXT
cdjg=
htzyjjfs=
jnwbz=
jw_country=
jw_Addr=
snbz=
sftkbd=0
sfdzbd=0
sfxb=0
fxqkyjytz=
sfydyw=
sfsn=
xbbdh=
tbr_lx=2
tbr_mc=
tbr_vip=
tbr_dm=G6200019603
tbr_zjlx=
tbr_zjhm=
tbr_sj=
tbr_csrq=
tbr_lxdz=
tbr_dwdh=010-67549095-456
lxr_xm=
lxr_xb=
lxr_zw=
lxr_sj=
lxr_yx=
xzsyfw=1
tqmc=
qbrq=
zbrq=
lgbbz=1
yyzdbz=1
sfgxdm=1
cbdq=
zzfwlx=0
hydl=12
hyxl=12006
jqbm=121121123123
bbdm=CNY
sf=130000
cs=130300
qx=130302
yb=065201
jzdj=01
bxcs=北戴河公园
bdw_jd=金融街街道
bdw_yyxz=
bdw_sfhyf=
bdw_fxlx=
bdw_sbmc=
bdw_cjh=
bdw_fdjh=
bdw_cjdjrq=
bdw_cllx=
bdw_cpcx=
bdw_sccj=
bdw_gzjz=
bdw_sgzyqy=
bdw_zylx=
bdw=010001
bdwmx=碣石公园礁石群
xbdm=0101001
jrbe=1
jzfs=10
bxje=2000000
bffl=0.5
dqflbz=2
ysbf=400
yyzd_zdpcg=24
yyzd_sndmlrze=6000000
yyzd_sndyye=20000000
yyzd_bdw=010056
yyzd_bdwmx=
yyzd_xbdm=0105001
yyzd_jrbe=1
yyzd_jzfs=18
yyzd_bxje=200000
yyzd_bffl=3
yyzd_dqflbz=3
yyzd_ysbf=4000
fsh=6
xsfdj=B
xsfxs=2
jgx_sf=
jgx_cs=
jgx_qx=
jgx_gcdd=
jgx_bb=
jgx_gcmc=
jgx_gclx_1=
jgx_gclx_2=
jgx_gclx_3=
jgx_gclx_4=
jgx_gclx_5=
jgx_gclx_6=
jgx_yzssjt=
jgx_yz=
jgx_cbs_ssjt=
jgx_cbs=
jgx_gchth=
jgx_gcjz=
jgx_gcqsrq=
jgx_gczzrq=
jgx_gcfw=
jgx_scqqsrq=
jgx_scqzzrq=
jgx_bzqqsrq=
jgx_bzqzzrq=
jgx_ws_xmlbdm=
jgx_ws_jrbe=
jgx_ws_bxje=
jgx_ws_fl=
jgx_ws_dqflbz=
jgx_ws_ysbf=
jgx_sz_xbdm=
jgx_sz_jrbe=
jgx_sz_ljpcxe=
jgx_sz_fv=
jgx_sz_dqflbz=
jgx_sz_ysbf=
proposalNumber=06201900101202000000000078
message=未知弹窗_200000 代码不存在
screenshot=C:\Users\liu-b\git\PageObjectModel\screenshots\FCCB_TB_JCX_1_未知弹窗_20200714114733430.png
testCaseName=FCCB_TBCL

2020/07/14 11:57:20:132 DEBUG com.sinosoft.test.base.TestBase:69 - 初始化class com.sinosoft.test.fccp.common.LoginPage
2020/07/14 11:57:25:160 DEBUG com.sinosoft.test.base.TestBase:26 - Before navigating to: 'http://tvfchxyw.ypic.cn'
2020/07/14 11:57:26:026 DEBUG com.sinosoft.test.base.TestBase:30 - Navigated to:'http://tvfchxyw.ypic.cn'
2020/07/14 11:57:26:026 DEBUG com.sinosoft.test.base.TestBase:76 - Trying to find Element By : By.id: username
2020/07/14 11:57:26:219 DEBUG com.sinosoft.test.base.TestBase:80 - Found Element By : By.id: username
2020/07/14 11:57:26:225  INFO com.sinosoft.test.base.TestBase:360 - setEditboxValue:[[InternetExplorerDriver: internet explorer on WINDOWS (4a548bb5-95c0-4386-9c2f-1957e6da70d5)] -> id: username]：policy1@ypic
2020/07/14 11:57:26:225 DEBUG com.sinosoft.test.base.TestBase:76 - Trying to find Element By : By.id: username
2020/07/14 11:57:26:409 DEBUG com.sinosoft.test.base.TestBase:80 - Found Element By : By.id: username
2020/07/14 11:57:26:771 DEBUG com.sinosoft.test.base.TestBase:76 - Trying to find Element By : By.id: username
2020/07/14 11:57:26:970 DEBUG com.sinosoft.test.base.TestBase:80 - Found Element By : By.id: username
2020/07/14 11:57:27:467 DEBUG com.sinosoft.test.base.TestBase:76 - Trying to find Element By : By.id: username
2020/07/14 11:57:27:640 DEBUG com.sinosoft.test.base.TestBase:80 - Found Element By : By.id: username
2020/07/14 11:57:27:641  INFO com.sinosoft.test.base.TestBase:363 - setEditboxValue—End:[[InternetExplorerDriver: internet explorer on WINDOWS (4a548bb5-95c0-4386-9c2f-1957e6da70d5)] -> id: username]：policy1@ypic
2020/07/14 11:57:27:641 DEBUG com.sinosoft.test.base.TestBase:76 - Trying to find Element By : By.id: password
2020/07/14 11:57:27:824 DEBUG com.sinosoft.test.base.TestBase:80 - Found Element By : By.id: password
2020/07/14 11:57:27:824  INFO com.sinosoft.test.base.TestBase:360 - setEditboxValue:[[InternetExplorerDriver: internet explorer on WINDOWS (4a548bb5-95c0-4386-9c2f-1957e6da70d5)] -> id: password]：ypic@1234
2020/07/14 11:57:27:825 DEBUG com.sinosoft.test.base.TestBase:76 - Trying to find Element By : By.id: password
2020/07/14 11:57:28:008 DEBUG com.sinosoft.test.base.TestBase:80 - Found Element By : By.id: password
2020/07/14 11:57:28:385 DEBUG com.sinosoft.test.base.TestBase:76 - Trying to find Element By : By.id: password
2020/07/14 11:57:28:565 DEBUG com.sinosoft.test.base.TestBase:80 - Found Element By : By.id: password
2020/07/14 11:57:28:971 DEBUG com.sinosoft.test.base.TestBase:76 - Trying to find Element By : By.id: password
2020/07/14 11:57:29:136 DEBUG com.sinosoft.test.base.TestBase:80 - Found Element By : By.id: password
2020/07/14 11:57:29:136  INFO com.sinosoft.test.base.TestBase:363 - setEditboxValue—End:[[InternetExplorerDriver: internet explorer on WINDOWS (4a548bb5-95c0-4386-9c2f-1957e6da70d5)] -> id: password]：ypic@1234
2020/07/14 11:57:29:137 DEBUG com.sinosoft.test.base.TestBase:76 - Trying to find Element By : By.id: bt_submit
2020/07/14 11:57:29:306 DEBUG com.sinosoft.test.base.TestBase:80 - Found Element By : By.id: bt_submit
2020/07/14 11:57:29:307  INFO com.sinosoft.test.base.TestBase:402 - clickButton:[[InternetExplorerDriver: internet explorer on WINDOWS (4a548bb5-95c0-4386-9c2f-1957e6da70d5)] -> id: bt_submit]
2020/07/14 11:57:29:307 DEBUG com.sinosoft.test.base.TestBase:76 - Trying to find Element By : By.id: bt_submit
2020/07/14 11:57:29:506 DEBUG com.sinosoft.test.base.TestBase:80 - Found Element By : By.id: bt_submit
2020/07/14 11:57:29:507 DEBUG com.sinosoft.test.base.TestBase:42 - Trying to click on: [[InternetExplorerDriver: internet explorer on WINDOWS (4a548bb5-95c0-4386-9c2f-1957e6da70d5)] -> id: bt_submit]
2020/07/14 11:57:30:721 DEBUG com.sinosoft.test.base.TestBase:46 - Clicked on: [[InternetExplorerDriver: internet explorer on WINDOWS (4a548bb5-95c0-4386-9c2f-1957e6da70d5)] -> id: bt_submit]
2020/07/14 11:57:30:724 DEBUG com.sinosoft.test.base.TestBase:76 - Trying to find Element By : By.xpath: //input[@value='继续登录']
2020/07/14 11:57:30:870 DEBUG com.sinosoft.test.base.TestBase:80 - Found Element By : By.xpath: //input[@value='继续登录']
2020/07/14 11:57:31:170  INFO com.sinosoft.test.base.TestBase:73 - 重复登录，发现继续登录按钮，强制登录ButtonName:[[InternetExplorerDriver: internet explorer on WINDOWS (4a548bb5-95c0-4386-9c2f-1957e6da70d5)] -> xpath: //input[@value='继续登录']];Displayed：+true;Enabled=true
2020/07/14 11:57:31:171  INFO com.sinosoft.test.base.TestBase:402 - clickButton:[[InternetExplorerDriver: internet explorer on WINDOWS (4a548bb5-95c0-4386-9c2f-1957e6da70d5)] -> xpath: //input[@value='继续登录']]
2020/07/14 11:57:31:171 DEBUG com.sinosoft.test.base.TestBase:42 - Trying to click on: [[InternetExplorerDriver: internet explorer on WINDOWS (4a548bb5-95c0-4386-9c2f-1957e6da70d5)] -> xpath: //input[@value='继续登录']]
2020/07/14 11:57:33:084 DEBUG com.sinosoft.test.base.TestBase:46 - Clicked on: [[InternetExplorerDriver: internet explorer on WINDOWS (4a548bb5-95c0-4386-9c2f-1957e6da70d5)] -> xpath: //input[@value='继续登录']]
2020/07/14 11:57:33:086 DEBUG com.sinosoft.test.base.TestBase:69 - 初始化class com.sinosoft.test.fccp.common.HomePage
2020/07/14 11:57:33:551 DEBUG com.sinosoft.test.base.TestBase:76 - Trying to find Element By : By.linkText: 承保子系统
2020/07/14 11:57:33:615 DEBUG com.sinosoft.test.base.TestBase:80 - Found Element By : By.linkText: 承保子系统
2020/07/14 11:57:33:616  INFO com.sinosoft.test.base.TestBase:144 - RunJavaScript:[[InternetExplorerDriver: internet explorer on WINDOWS (4a548bb5-95c0-4386-9c2f-1957e6da70d5)] -> link text: 承保子系统]	arguments[0].click();
2020/07/14 11:57:34:068 DEBUG com.sinosoft.test.base.TestBase:76 - Trying to find Element By : By.linkText: 投保管理
2020/07/14 11:57:34:139 DEBUG com.sinosoft.test.base.TestBase:80 - Found Element By : By.linkText: 投保管理
2020/07/14 11:57:34:139  INFO com.sinosoft.test.base.TestBase:144 - RunJavaScript:[[InternetExplorerDriver: internet explorer on WINDOWS (4a548bb5-95c0-4386-9c2f-1957e6da70d5)] -> link text: 投保管理]	arguments[0].click();
2020/07/14 11:57:34:468 DEBUG com.sinosoft.test.base.TestBase:76 - Trying to find Element By : By.linkText: 投保处理
2020/07/14 11:57:34:537 DEBUG com.sinosoft.test.base.TestBase:80 - Found Element By : By.linkText: 投保处理
2020/07/14 11:57:34:538  INFO com.sinosoft.test.base.TestBase:144 - RunJavaScript:[[InternetExplorerDriver: internet explorer on WINDOWS (4a548bb5-95c0-4386-9c2f-1957e6da70d5)] -> link text: 投保处理]	arguments[0].click();
2020/07/14 11:57:34:803 DEBUG com.sinosoft.test.base.TestBase:69 - 初始化class com.sinosoft.test.fccp.tbcl.RiskSelectPage
2020/07/14 11:57:35:471 DEBUG com.sinosoft.test.base.TestBase:93 - 投保处理/险种选择
2020/07/14 11:57:35:472 DEBUG com.sinosoft.test.base.TestBase:76 - Trying to find Element By : By.name: riskClassTemp
2020/07/14 11:57:35:556 DEBUG com.sinosoft.test.base.TestBase:80 - Found Element By : By.name: riskClassTemp
2020/07/14 11:57:35:600 DEBUG com.sinosoft.test.base.TestBase:76 - Trying to find Element By : By.name: riskClassTemp
2020/07/14 11:57:35:663 DEBUG com.sinosoft.test.base.TestBase:80 - Found Element By : By.name: riskClassTemp
2020/07/14 11:57:35:669 DEBUG com.sinosoft.test.base.TestBase:63 - SetCodeEditBox:开始设置:[[InternetExplorerDriver: internet explorer on WINDOWS (4a548bb5-95c0-4386-9c2f-1957e6da70d5)] -> name: riskClassTemp] & Code=01
2020/07/14 11:57:35:670 DEBUG com.sinosoft.test.base.TestBase:76 - Trying to find Element By : By.name: riskClassTemp
2020/07/14 11:57:35:721 DEBUG com.sinosoft.test.base.TestBase:80 - Found Element By : By.name: riskClassTemp
2020/07/14 11:57:36:020 DEBUG com.sinosoft.test.base.TestBase:76 - Trying to find Element By : By.name: riskClassTemp
2020/07/14 11:57:36:082 DEBUG com.sinosoft.test.base.TestBase:80 - Found Element By : By.name: riskClassTemp
2020/07/14 11:57:36:639 DEBUG com.sinosoft.test.base.TestBase:76 - Trying to find Element By : By.name: riskClassTemp
2020/07/14 11:57:36:687 DEBUG com.sinosoft.test.base.TestBase:80 - Found Element By : By.name: riskClassTemp
2020/07/14 11:57:36:688 DEBUG com.sinosoft.test.base.TestBase:76 - Trying to find Element By : By.xpath: ../input[last()]
2020/07/14 11:57:36:750 DEBUG com.sinosoft.test.base.TestBase:80 - Found Element By : By.xpath: ../input[last()]
2020/07/14 11:57:36:915  INFO com.sinosoft.test.base.TestBase:71 - SetCodeEditBox:找到了Code对应的文本显示框并点击触发显示:riskClassName
2020/07/14 11:57:36:916 DEBUG com.sinosoft.test.base.TestBase:42 - Trying to click on: [[[[InternetExplorerDriver: internet explorer on WINDOWS (4a548bb5-95c0-4386-9c2f-1957e6da70d5)] -> name: riskClassTemp]] -> xpath: ../input[last()]]
2020/07/14 11:57:37:881 DEBUG com.sinosoft.test.base.TestBase:46 - Clicked on: [[[[InternetExplorerDriver: internet explorer on WINDOWS (4a548bb5-95c0-4386-9c2f-1957e6da70d5)] -> name: riskClassTemp]] -> xpath: ../input[last()]]
2020/07/14 11:57:38:082 DEBUG com.sinosoft.test.base.TestBase:76 - Trying to find Element By : By.name: riskClassTemp
2020/07/14 11:57:38:130 DEBUG com.sinosoft.test.base.TestBase:80 - Found Element By : By.name: riskClassTemp
2020/07/14 11:57:38:132 DEBUG com.sinosoft.test.base.TestBase:87 - SetCodeEditBox:设置完毕[[InternetExplorerDriver: internet explorer on WINDOWS (4a548bb5-95c0-4386-9c2f-1957e6da70d5)] -> name: riskClassTemp],设置值 Code=01
2020/07/14 11:57:38:133 DEBUG com.sinosoft.test.base.TestBase:76 - Trying to find Element By : By.name: riskCode
2020/07/14 11:57:38:182 DEBUG com.sinosoft.test.base.TestBase:80 - Found Element By : By.name: riskCode
2020/07/14 11:57:38:209 DEBUG com.sinosoft.test.base.TestBase:76 - Trying to find Element By : By.name: riskCode
2020/07/14 11:57:38:262 DEBUG com.sinosoft.test.base.TestBase:80 - Found Element By : By.name: riskCode
2020/07/14 11:57:38:263 DEBUG com.sinosoft.test.base.TestBase:63 - SetCodeEditBox:开始设置:[[InternetExplorerDriver: internet explorer on WINDOWS (4a548bb5-95c0-4386-9c2f-1957e6da70d5)] -> name: riskCode] & Code=0101
2020/07/14 11:57:38:263 DEBUG com.sinosoft.test.base.TestBase:76 - Trying to find Element By : By.name: riskCode
2020/07/14 11:57:38:312 DEBUG com.sinosoft.test.base.TestBase:80 - Found Element By : By.name: riskCode
2020/07/14 11:57:38:562 DEBUG com.sinosoft.test.base.TestBase:76 - Trying to find Element By : By.name: riskCode
2020/07/14 11:57:38:612 DEBUG com.sinosoft.test.base.TestBase:80 - Found Element By : By.name: riskCode
2020/07/14 11:57:39:098 DEBUG com.sinosoft.test.base.TestBase:76 - Trying to find Element By : By.name: riskCode
2020/07/14 11:57:39:146 DEBUG com.sinosoft.test.base.TestBase:80 - Found Element By : By.name: riskCode
2020/07/14 11:57:39:148 DEBUG com.sinosoft.test.base.TestBase:76 - Trying to find Element By : By.xpath: ../input[last()]
2020/07/14 11:57:39:206 DEBUG com.sinosoft.test.base.TestBase:80 - Found Element By : By.xpath: ../input[last()]
2020/07/14 11:57:39:323  INFO com.sinosoft.test.base.TestBase:71 - SetCodeEditBox:找到了Code对应的文本显示框并点击触发显示:riskName
2020/07/14 11:57:39:326 DEBUG com.sinosoft.test.base.TestBase:42 - Trying to click on: [[[[InternetExplorerDriver: internet explorer on WINDOWS (4a548bb5-95c0-4386-9c2f-1957e6da70d5)] -> name: riskCode]] -> xpath: ../input[last()]]
2020/07/14 11:57:40:361 DEBUG com.sinosoft.test.base.TestBase:46 - Clicked on: [[[[InternetExplorerDriver: internet explorer on WINDOWS (4a548bb5-95c0-4386-9c2f-1957e6da70d5)] -> name: riskCode]] -> xpath: ../input[last()]]
2020/07/14 11:57:40:562 DEBUG com.sinosoft.test.base.TestBase:76 - Trying to find Element By : By.name: riskCode
2020/07/14 11:57:40:610 DEBUG com.sinosoft.test.base.TestBase:80 - Found Element By : By.name: riskCode
2020/07/14 11:57:40:611 DEBUG com.sinosoft.test.base.TestBase:87 - SetCodeEditBox:设置完毕[[InternetExplorerDriver: internet explorer on WINDOWS (4a548bb5-95c0-4386-9c2f-1957e6da70d5)] -> name: riskCode],设置值 Code=0101
2020/07/14 11:57:40:611 DEBUG com.sinosoft.test.base.TestBase:76 - Trying to find Element By : By.name: renewInd
2020/07/14 11:57:40:694 DEBUG com.sinosoft.test.base.TestBase:80 - Found Element By : By.name: renewInd
2020/07/14 11:57:40:694  INFO com.sinosoft.test.base.TestBase:321 - setEditboxTValue:[[[InternetExplorerDriver: internet explorer on WINDOWS (4a548bb5-95c0-4386-9c2f-1957e6da70d5)] -> name: renewInd], [[InternetExplorerDriver: internet explorer on WINDOWS (4a548bb5-95c0-4386-9c2f-1957e6da70d5)] -> name: renewInd]]：0
2020/07/14 11:57:40:694 DEBUG com.sinosoft.test.base.TestBase:76 - Trying to find Element By : By.name: renewInd
2020/07/14 11:57:40:747 DEBUG com.sinosoft.test.base.TestBase:80 - Found Element By : By.name: renewInd
2020/07/14 11:57:40:863 DEBUG com.sinosoft.test.base.TestBase:76 - Trying to find Element By : By.name: buttonNextStep
2020/07/14 11:57:40:903 DEBUG com.sinosoft.test.base.TestBase:80 - Found Element By : By.name: buttonNextStep
2020/07/14 11:57:40:903  INFO com.sinosoft.test.base.TestBase:402 - clickButton:[[InternetExplorerDriver: internet explorer on WINDOWS (4a548bb5-95c0-4386-9c2f-1957e6da70d5)] -> name: buttonNextStep]
2020/07/14 11:57:40:903 DEBUG com.sinosoft.test.base.TestBase:42 - Trying to click on: [[InternetExplorerDriver: internet explorer on WINDOWS (4a548bb5-95c0-4386-9c2f-1957e6da70d5)] -> name: buttonNextStep]
2020/07/14 11:57:43:657 DEBUG com.sinosoft.test.base.TestBase:46 - Clicked on: [[InternetExplorerDriver: internet explorer on WINDOWS (4a548bb5-95c0-4386-9c2f-1957e6da70d5)] -> name: buttonNextStep]
2020/07/14 11:57:43:659 DEBUG com.sinosoft.test.base.TestBase:69 - 初始化class com.sinosoft.test.fccp.tbcl.BasicInfoPage
2020/07/14 11:57:46:340 DEBUG com.sinosoft.test.base.TestBase:322 - 投保处理/基本信息
2020/07/14 11:57:46:341 DEBUG com.sinosoft.test.base.TestBase:76 - Trying to find Element By : By.name: GuMainBusinessType
2020/07/14 11:57:46:410 DEBUG com.sinosoft.test.base.TestBase:80 - Found Element By : By.name: GuMainBusinessType
2020/07/14 11:57:46:411  INFO com.sinosoft.test.base.TestBase:96 - setSelectWithStartText:[[InternetExplorerDriver: internet explorer on WINDOWS (4a548bb5-95c0-4386-9c2f-1957e6da70d5)] -> name: GuMainBusinessType]->
2020/07/14 11:57:46:411 DEBUG com.sinosoft.test.base.TestBase:76 - Trying to find Element By : By.name: GuMainCompanyCode
2020/07/14 11:57:46:460 DEBUG com.sinosoft.test.base.TestBase:80 - Found Element By : By.name: GuMainCompanyCode
2020/07/14 11:57:46:491 DEBUG com.sinosoft.test.base.TestBase:76 - Trying to find Element By : By.name: GuMainCompanyCode
2020/07/14 11:57:46:560 DEBUG com.sinosoft.test.base.TestBase:80 - Found Element By : By.name: GuMainCompanyCode
2020/07/14 11:57:46:560 DEBUG com.sinosoft.test.base.TestBase:63 - SetCodeEditBox:开始设置:[[InternetExplorerDriver: internet explorer on WINDOWS (4a548bb5-95c0-4386-9c2f-1957e6da70d5)] -> name: GuMainCompanyCode] & Code=01620190
2020/07/14 11:57:46:560 DEBUG com.sinosoft.test.base.TestBase:76 - Trying to find Element By : By.name: GuMainCompanyCode
2020/07/14 11:57:46:590 DEBUG com.sinosoft.test.base.TestBase:80 - Found Element By : By.name: GuMainCompanyCode
2020/07/14 11:57:46:889 DEBUG com.sinosoft.test.base.TestBase:76 - Trying to find Element By : By.name: GuMainCompanyCode
2020/07/14 11:57:46:973 DEBUG com.sinosoft.test.base.TestBase:80 - Found Element By : By.name: GuMainCompanyCode
2020/07/14 11:57:47:923 DEBUG com.sinosoft.test.base.TestBase:76 - Trying to find Element By : By.name: GuMainCompanyCode
2020/07/14 11:57:47:993 DEBUG com.sinosoft.test.base.TestBase:80 - Found Element By : By.name: GuMainCompanyCode
2020/07/14 11:57:47:993 DEBUG com.sinosoft.test.base.TestBase:76 - Trying to find Element By : By.xpath: ../input[last()]
2020/07/14 11:57:48:062 DEBUG com.sinosoft.test.base.TestBase:80 - Found Element By : By.xpath: ../input[last()]
2020/07/14 11:57:48:222  INFO com.sinosoft.test.base.TestBase:71 - SetCodeEditBox:找到了Code对应的文本显示框并点击触发显示:GuMainCompanyName
2020/07/14 11:57:48:223 DEBUG com.sinosoft.test.base.TestBase:42 - Trying to click on: [[[[InternetExplorerDriver: internet explorer on WINDOWS (4a548bb5-95c0-4386-9c2f-1957e6da70d5)] -> name: GuMainCompanyCode]] -> xpath: ../input[last()]]
2020/07/14 11:57:49:360 DEBUG com.sinosoft.test.base.TestBase:46 - Clicked on: [[[[InternetExplorerDriver: internet explorer on WINDOWS (4a548bb5-95c0-4386-9c2f-1957e6da70d5)] -> name: GuMainCompanyCode]] -> xpath: ../input[last()]]
2020/07/14 11:57:49:562 DEBUG com.sinosoft.test.base.TestBase:76 - Trying to find Element By : By.name: GuMainCompanyCode
2020/07/14 11:57:49:623 DEBUG com.sinosoft.test.base.TestBase:80 - Found Element By : By.name: GuMainCompanyCode
2020/07/14 11:57:49:625 DEBUG com.sinosoft.test.base.TestBase:87 - SetCodeEditBox:设置完毕[[InternetExplorerDriver: internet explorer on WINDOWS (4a548bb5-95c0-4386-9c2f-1957e6da70d5)] -> name: GuMainCompanyCode],设置值 Code=01620190
2020/07/14 11:57:49:626 DEBUG com.sinosoft.test.base.TestBase:76 - Trying to find Element By : By.name: GuMainChannelDetailCode
2020/07/14 11:57:49:685 DEBUG com.sinosoft.test.base.TestBase:80 - Found Element By : By.name: GuMainChannelDetailCode
2020/07/14 11:57:49:720 DEBUG com.sinosoft.test.base.TestBase:76 - Trying to find Element By : By.name: GuMainChannelDetailCode
2020/07/14 11:57:49:790 DEBUG com.sinosoft.test.base.TestBase:80 - Found Element By : By.name: GuMainChannelDetailCode
2020/07/14 11:57:49:790 DEBUG com.sinosoft.test.base.TestBase:63 - SetCodeEditBox:开始设置:[[InternetExplorerDriver: internet explorer on WINDOWS (4a548bb5-95c0-4386-9c2f-1957e6da70d5)] -> name: GuMainChannelDetailCode] & Code=01
2020/07/14 11:57:49:791 DEBUG com.sinosoft.test.base.TestBase:76 - Trying to find Element By : By.name: GuMainChannelDetailCode
2020/07/14 11:57:49:859 DEBUG com.sinosoft.test.base.TestBase:80 - Found Element By : By.name: GuMainChannelDetailCode
2020/07/14 11:57:50:110 DEBUG com.sinosoft.test.base.TestBase:76 - Trying to find Element By : By.name: GuMainChannelDetailCode
2020/07/14 11:57:50:171 DEBUG com.sinosoft.test.base.TestBase:80 - Found Element By : By.name: GuMainChannelDetailCode
2020/07/14 11:57:50:707 DEBUG com.sinosoft.test.base.TestBase:76 - Trying to find Element By : By.name: GuMainChannelDetailCode
2020/07/14 11:57:50:788 DEBUG com.sinosoft.test.base.TestBase:80 - Found Element By : By.name: GuMainChannelDetailCode
2020/07/14 11:57:50:789 DEBUG com.sinosoft.test.base.TestBase:76 - Trying to find Element By : By.xpath: ../input[last()]
2020/07/14 11:57:50:847 DEBUG com.sinosoft.test.base.TestBase:80 - Found Element By : By.xpath: ../input[last()]
2020/07/14 11:57:50:964  INFO com.sinosoft.test.base.TestBase:71 - SetCodeEditBox:找到了Code对应的文本显示框并点击触发显示:GuMainChannelDetailName
2020/07/14 11:57:50:964 DEBUG com.sinosoft.test.base.TestBase:42 - Trying to click on: [[[[InternetExplorerDriver: internet explorer on WINDOWS (4a548bb5-95c0-4386-9c2f-1957e6da70d5)] -> name: GuMainChannelDetailCode]] -> xpath: ../input[last()]]
2020/07/14 11:57:51:996 DEBUG com.sinosoft.test.base.TestBase:46 - Clicked on: [[[[InternetExplorerDriver: internet explorer on WINDOWS (4a548bb5-95c0-4386-9c2f-1957e6da70d5)] -> name: GuMainChannelDetailCode]] -> xpath: ../input[last()]]
2020/07/14 11:57:52:196 DEBUG com.sinosoft.test.base.TestBase:76 - Trying to find Element By : By.name: GuMainChannelDetailCode
2020/07/14 11:57:52:246 DEBUG com.sinosoft.test.base.TestBase:80 - Found Element By : By.name: GuMainChannelDetailCode
2020/07/14 11:57:52:246 DEBUG com.sinosoft.test.base.TestBase:87 - SetCodeEditBox:设置完毕[[InternetExplorerDriver: internet explorer on WINDOWS (4a548bb5-95c0-4386-9c2f-1957e6da70d5)] -> name: GuMainChannelDetailCode],设置值 Code=01
2020/07/14 11:57:52:248 DEBUG com.sinosoft.test.base.TestBase:76 - Trying to find Element By : By.name: GuMainShareHolderFlag
2020/07/14 11:57:52:323 DEBUG com.sinosoft.test.base.TestBase:80 - Found Element By : By.name: GuMainShareHolderFlag
2020/07/14 11:57:52:352 DEBUG com.sinosoft.test.base.TestBase:76 - Trying to find Element By : By.name: GuMainShareHolderFlag
2020/07/14 11:57:52:421 DEBUG com.sinosoft.test.base.TestBase:80 - Found Element By : By.name: GuMainShareHolderFlag
2020/07/14 11:57:52:421 DEBUG com.sinosoft.test.base.TestBase:42 - CodeSelect:开始设置[[InternetExplorerDriver: internet explorer on WINDOWS (4a548bb5-95c0-4386-9c2f-1957e6da70d5)] -> name: GuMainShareHolderFlag] & Code=0
2020/07/14 11:57:52:427 DEBUG com.sinosoft.test.base.TestBase:76 - Trying to find Element By : By.name: GuMainShareHolderFlag
2020/07/14 11:57:52:474 DEBUG com.sinosoft.test.base.TestBase:80 - Found Element By : By.name: GuMainShareHolderFlag
2020/07/14 11:57:53:567 DEBUG com.sinosoft.test.base.TestBase:272 - 系统窗口【黄河财险业务系统】with handle -2370f2ee-4274-4c1a-bebe-bf81c8137bb0
2020/07/14 11:57:54:216 DEBUG com.sinosoft.test.base.TestBase:272 - 系统窗口【黄河财险业务系统】with handle -2370f2ee-4274-4c1a-bebe-bf81c8137bb0
2020/07/14 11:57:54:848 DEBUG com.sinosoft.test.base.TestBase:272 - 系统窗口【Code Select】with handle -80cda401-227a-4a66-be09-85c4a9a4d45f
2020/07/14 11:57:55:358 DEBUG com.sinosoft.test.base.TestBase:69 - 初始化class com.sinosoft.test.fccp.common.CodeSelectPage
2020/07/14 11:57:55:359 DEBUG com.sinosoft.test.base.TestBase:39 - 基础码表选择！
2020/07/14 11:57:55:359 DEBUG com.sinosoft.test.base.TestBase:76 - Trying to find Element By : By.name: fieldValue
2020/07/14 11:57:55:638 DEBUG com.sinosoft.test.base.TestBase:80 - Found Element By : By.name: fieldValue
2020/07/14 11:57:55:638  INFO com.sinosoft.test.base.TestBase:360 - setEditboxValue:[[InternetExplorerDriver: internet explorer on WINDOWS (4a548bb5-95c0-4386-9c2f-1957e6da70d5)] -> name: fieldValue]：0
2020/07/14 11:57:56:722  INFO com.sinosoft.test.base.TestBase:363 - setEditboxValue—End:[[InternetExplorerDriver: internet explorer on WINDOWS (4a548bb5-95c0-4386-9c2f-1957e6da70d5)] -> name: fieldValue]：0
2020/07/14 11:57:56:722 DEBUG com.sinosoft.test.base.TestBase:76 - Trying to find Element By : By.xpath: //input[@value='查询(Q)']
2020/07/14 11:57:57:008 DEBUG com.sinosoft.test.base.TestBase:80 - Found Element By : By.xpath: //input[@value='查询(Q)']
2020/07/14 11:57:57:008  INFO com.sinosoft.test.base.TestBase:402 - clickButton:[[InternetExplorerDriver: internet explorer on WINDOWS (4a548bb5-95c0-4386-9c2f-1957e6da70d5)] -> xpath: //input[@value='查询(Q)']]
2020/07/14 11:57:57:008 DEBUG com.sinosoft.test.base.TestBase:42 - Trying to click on: [[InternetExplorerDriver: internet explorer on WINDOWS (4a548bb5-95c0-4386-9c2f-1957e6da70d5)] -> xpath: //input[@value='查询(Q)']]
2020/07/14 11:57:58:567 DEBUG com.sinosoft.test.base.TestBase:46 - Clicked on: [[InternetExplorerDriver: internet explorer on WINDOWS (4a548bb5-95c0-4386-9c2f-1957e6da70d5)] -> xpath: //input[@value='查询(Q)']]
2020/07/14 11:57:58:567 DEBUG com.sinosoft.test.base.TestBase:76 - Trying to find Element By : By.name: codeselect
2020/07/14 11:57:58:857 DEBUG com.sinosoft.test.base.TestBase:80 - Found Element By : By.name: codeselect
2020/07/14 11:57:58:857  INFO com.sinosoft.test.base.TestBase:132 - setFuzzySelect:[[InternetExplorerDriver: internet explorer on WINDOWS (4a548bb5-95c0-4386-9c2f-1957e6da70d5)] -> name: codeselect]->0
2020/07/14 11:57:59:405 DEBUG com.sinosoft.test.base.TestBase:76 - Trying to find Element By : By.tagName: option
2020/07/14 11:57:59:771 DEBUG com.sinosoft.test.base.TestBase:80 - Found Element By : By.tagName: option
2020/07/14 11:58:02:678  INFO com.sinosoft.test.base.TestBase:142 - 找到匹配【0】的选项：0--非股东
2020/07/14 11:58:02:678 DEBUG com.sinosoft.test.base.TestBase:76 - Trying to find Element By : By.xpath: .//option[normalize-space(.) = "0--非股东"]
2020/07/14 11:58:02:964 DEBUG com.sinosoft.test.base.TestBase:80 - Found Element By : By.xpath: .//option[normalize-space(.) = "0--非股东"]
2020/07/14 11:58:03:234 DEBUG com.sinosoft.test.base.TestBase:42 - Trying to click on: [[[[InternetExplorerDriver: internet explorer on WINDOWS (4a548bb5-95c0-4386-9c2f-1957e6da70d5)] -> name: codeselect]] -> xpath: .//option[normalize-space(.) = "0--非股东"]]
2020/07/14 11:58:03:611 DEBUG com.sinosoft.test.base.TestBase:46 - Clicked on: [[[[InternetExplorerDriver: internet explorer on WINDOWS (4a548bb5-95c0-4386-9c2f-1957e6da70d5)] -> name: codeselect]] -> xpath: .//option[normalize-space(.) = "0--非股东"]]
2020/07/14 11:58:03:611 DEBUG com.sinosoft.test.base.TestBase:151 - setFuzzySelect 结束！
2020/07/14 11:58:03:611 DEBUG com.sinosoft.test.base.TestBase:76 - Trying to find Element By : By.name: SelectIt
2020/07/14 11:58:03:884 DEBUG com.sinosoft.test.base.TestBase:80 - Found Element By : By.name: SelectIt
2020/07/14 11:58:03:884  INFO com.sinosoft.test.base.TestBase:416 - jsClickButton:[[InternetExplorerDriver: internet explorer on WINDOWS (4a548bb5-95c0-4386-9c2f-1957e6da70d5)] -> name: SelectIt]
2020/07/14 11:58:03:884  INFO com.sinosoft.test.base.TestBase:144 - RunJavaScript:[[InternetExplorerDriver: internet explorer on WINDOWS (4a548bb5-95c0-4386-9c2f-1957e6da70d5)] -> name: SelectIt]	arguments[0].click();
2020/07/14 11:58:04:578 DEBUG com.sinosoft.test.base.TestBase:272 - 系统窗口【黄河财险业务系统】with handle -2370f2ee-4274-4c1a-bebe-bf81c8137bb0
2020/07/14 11:58:07:372 DEBUG com.sinosoft.test.base.TestBase:76 - Trying to find Element By : By.name: GuMainShareHolderFlag
2020/07/14 11:58:07:456 DEBUG com.sinosoft.test.base.TestBase:80 - Found Element By : By.name: GuMainShareHolderFlag
2020/07/14 11:58:07:458 DEBUG com.sinosoft.test.base.TestBase:49 - CodeSelect:设置完毕[[InternetExplorerDriver: internet explorer on WINDOWS (4a548bb5-95c0-4386-9c2f-1957e6da70d5)] -> name: GuMainShareHolderFlag] & Code=0
2020/07/14 11:58:07:458 DEBUG com.sinosoft.test.base.TestBase:76 - Trying to find Element By : By.name: GuMainSalesTeamCode
2020/07/14 11:58:07:549 DEBUG com.sinosoft.test.base.TestBase:80 - Found Element By : By.name: GuMainSalesTeamCode
2020/07/14 11:58:07:589 DEBUG com.sinosoft.test.base.TestBase:76 - Trying to find Element By : By.name: GuMainSalesTeamCode
2020/07/14 11:58:07:691 DEBUG com.sinosoft.test.base.TestBase:80 - Found Element By : By.name: GuMainSalesTeamCode
2020/07/14 11:58:07:692 DEBUG com.sinosoft.test.base.TestBase:42 - CodeSelect:开始设置[[InternetExplorerDriver: internet explorer on WINDOWS (4a548bb5-95c0-4386-9c2f-1957e6da70d5)] -> name: GuMainSalesTeamCode] & Code=T6201900101
2020/07/14 11:58:07:692 DEBUG com.sinosoft.test.base.TestBase:76 - Trying to find Element By : By.name: GuMainSalesTeamCode
2020/07/14 11:58:07:775 DEBUG com.sinosoft.test.base.TestBase:80 - Found Element By : By.name: GuMainSalesTeamCode
2020/07/14 11:58:08:872 DEBUG com.sinosoft.test.base.TestBase:272 - 系统窗口【黄河财险业务系统】with handle -2370f2ee-4274-4c1a-bebe-bf81c8137bb0
2020/07/14 11:58:09:537 DEBUG com.sinosoft.test.base.TestBase:272 - 系统窗口【黄河财险业务系统】with handle -2370f2ee-4274-4c1a-bebe-bf81c8137bb0
2020/07/14 11:58:10:164 DEBUG com.sinosoft.test.base.TestBase:272 - 系统窗口【Code Select】with handle -d69566e5-fef1-40cd-8b24-89571253d90c
2020/07/14 11:58:10:680 DEBUG com.sinosoft.test.base.TestBase:69 - 初始化class com.sinosoft.test.fccp.common.CodeSelectPage
2020/07/14 11:58:10:680 DEBUG com.sinosoft.test.base.TestBase:39 - 基础码表选择！
2020/07/14 11:58:10:681 DEBUG com.sinosoft.test.base.TestBase:76 - Trying to find Element By : By.name: fieldValue
2020/07/14 11:58:10:958 DEBUG com.sinosoft.test.base.TestBase:80 - Found Element By : By.name: fieldValue
2020/07/14 11:58:10:958  INFO com.sinosoft.test.base.TestBase:360 - setEditboxValue:[[InternetExplorerDriver: internet explorer on WINDOWS (4a548bb5-95c0-4386-9c2f-1957e6da70d5)] -> name: fieldValue]：T6201900101
2020/07/14 11:58:12:091  INFO com.sinosoft.test.base.TestBase:363 - setEditboxValue—End:[[InternetExplorerDriver: internet explorer on WINDOWS (4a548bb5-95c0-4386-9c2f-1957e6da70d5)] -> name: fieldValue]：T6201900101
2020/07/14 11:58:12:091 DEBUG com.sinosoft.test.base.TestBase:76 - Trying to find Element By : By.xpath: //input[@value='查询(Q)']
2020/07/14 11:58:12:378 DEBUG com.sinosoft.test.base.TestBase:80 - Found Element By : By.xpath: //input[@value='查询(Q)']
2020/07/14 11:58:12:378  INFO com.sinosoft.test.base.TestBase:402 - clickButton:[[InternetExplorerDriver: internet explorer on WINDOWS (4a548bb5-95c0-4386-9c2f-1957e6da70d5)] -> xpath: //input[@value='查询(Q)']]
2020/07/14 11:58:12:378 DEBUG com.sinosoft.test.base.TestBase:42 - Trying to click on: [[InternetExplorerDriver: internet explorer on WINDOWS (4a548bb5-95c0-4386-9c2f-1957e6da70d5)] -> xpath: //input[@value='查询(Q)']]
2020/07/14 11:58:13:954 DEBUG com.sinosoft.test.base.TestBase:46 - Clicked on: [[InternetExplorerDriver: internet explorer on WINDOWS (4a548bb5-95c0-4386-9c2f-1957e6da70d5)] -> xpath: //input[@value='查询(Q)']]
2020/07/14 11:58:13:954 DEBUG com.sinosoft.test.base.TestBase:76 - Trying to find Element By : By.name: codeselect
2020/07/14 11:58:14:241 DEBUG com.sinosoft.test.base.TestBase:80 - Found Element By : By.name: codeselect
2020/07/14 11:58:14:241  INFO com.sinosoft.test.base.TestBase:132 - setFuzzySelect:[[InternetExplorerDriver: internet explorer on WINDOWS (4a548bb5-95c0-4386-9c2f-1957e6da70d5)] -> name: codeselect]->T6201900101
2020/07/14 11:58:14:787 DEBUG com.sinosoft.test.base.TestBase:76 - Trying to find Element By : By.tagName: option
2020/07/14 11:58:15:090 DEBUG com.sinosoft.test.base.TestBase:80 - Found Element By : By.tagName: option
2020/07/14 11:58:15:388  INFO com.sinosoft.test.base.TestBase:142 - 找到匹配【T6201900101】的选项：T6201900101--兰州中支新团队
2020/07/14 11:58:15:388 DEBUG com.sinosoft.test.base.TestBase:76 - Trying to find Element By : By.xpath: .//option[normalize-space(.) = "T6201900101--兰州中支新团队"]
2020/07/14 11:58:15:690 DEBUG com.sinosoft.test.base.TestBase:80 - Found Element By : By.xpath: .//option[normalize-space(.) = "T6201900101--兰州中支新团队"]
2020/07/14 11:58:15:978 DEBUG com.sinosoft.test.base.TestBase:42 - Trying to click on: [[[[InternetExplorerDriver: internet explorer on WINDOWS (4a548bb5-95c0-4386-9c2f-1957e6da70d5)] -> name: codeselect]] -> xpath: .//option[normalize-space(.) = "T6201900101--兰州中支新团队"]]
2020/07/14 11:58:16:404 DEBUG com.sinosoft.test.base.TestBase:46 - Clicked on: [[[[InternetExplorerDriver: internet explorer on WINDOWS (4a548bb5-95c0-4386-9c2f-1957e6da70d5)] -> name: codeselect]] -> xpath: .//option[normalize-space(.) = "T6201900101--兰州中支新团队"]]
2020/07/14 11:58:16:404 DEBUG com.sinosoft.test.base.TestBase:151 - setFuzzySelect 结束！
2020/07/14 11:58:16:404 DEBUG com.sinosoft.test.base.TestBase:76 - Trying to find Element By : By.name: SelectIt
2020/07/14 11:58:16:687 DEBUG com.sinosoft.test.base.TestBase:80 - Found Element By : By.name: SelectIt
2020/07/14 11:58:16:688  INFO com.sinosoft.test.base.TestBase:416 - jsClickButton:[[InternetExplorerDriver: internet explorer on WINDOWS (4a548bb5-95c0-4386-9c2f-1957e6da70d5)] -> name: SelectIt]
2020/07/14 11:58:16:688  INFO com.sinosoft.test.base.TestBase:144 - RunJavaScript:[[InternetExplorerDriver: internet explorer on WINDOWS (4a548bb5-95c0-4386-9c2f-1957e6da70d5)] -> name: SelectIt]	arguments[0].click();
2020/07/14 11:58:17:413 DEBUG com.sinosoft.test.base.TestBase:272 - 系统窗口【黄河财险业务系统】with handle -2370f2ee-4274-4c1a-bebe-bf81c8137bb0
2020/07/14 11:58:20:194 DEBUG com.sinosoft.test.base.TestBase:76 - Trying to find Element By : By.name: GuMainSalesTeamCode
2020/07/14 11:58:20:275 DEBUG com.sinosoft.test.base.TestBase:80 - Found Element By : By.name: GuMainSalesTeamCode
2020/07/14 11:58:20:277 DEBUG com.sinosoft.test.base.TestBase:49 - CodeSelect:设置完毕[[InternetExplorerDriver: internet explorer on WINDOWS (4a548bb5-95c0-4386-9c2f-1957e6da70d5)] -> name: GuMainSalesTeamCode] & Code=T6201900101
2020/07/14 11:58:20:277 DEBUG com.sinosoft.test.base.TestBase:76 - Trying to find Element By : By.name: GuMainSalesmanCode
2020/07/14 11:58:20:371 DEBUG com.sinosoft.test.base.TestBase:80 - Found Element By : By.name: GuMainSalesmanCode
2020/07/14 11:58:20:412 DEBUG com.sinosoft.test.base.TestBase:76 - Trying to find Element By : By.name: GuMainSalesmanCode
2020/07/14 11:58:20:504 DEBUG com.sinosoft.test.base.TestBase:80 - Found Element By : By.name: GuMainSalesmanCode
2020/07/14 11:58:20:505 DEBUG com.sinosoft.test.base.TestBase:42 - CodeSelect:开始设置[[InternetExplorerDriver: internet explorer on WINDOWS (4a548bb5-95c0-4386-9c2f-1957e6da70d5)] -> name: GuMainSalesmanCode] & Code=S000000006
2020/07/14 11:58:20:505 DEBUG com.sinosoft.test.base.TestBase:76 - Trying to find Element By : By.name: GuMainSalesmanCode
2020/07/14 11:58:20:587 DEBUG com.sinosoft.test.base.TestBase:80 - Found Element By : By.name: GuMainSalesmanCode
2020/07/14 11:58:21:679 DEBUG com.sinosoft.test.base.TestBase:272 - 系统窗口【黄河财险业务系统】with handle -2370f2ee-4274-4c1a-bebe-bf81c8137bb0
2020/07/14 11:58:22:825 DEBUG com.sinosoft.test.base.TestBase:272 - 系统窗口【Code Select】with handle -43ec5d8c-a020-48eb-b9d2-38f6491fba03
2020/07/14 11:58:23:336 DEBUG com.sinosoft.test.base.TestBase:69 - 初始化class com.sinosoft.test.fccp.common.CodeSelectPage
2020/07/14 11:58:23:336 DEBUG com.sinosoft.test.base.TestBase:39 - 基础码表选择！
2020/07/14 11:58:23:337 DEBUG com.sinosoft.test.base.TestBase:76 - Trying to find Element By : By.name: fieldValue
2020/07/14 11:58:23:607 DEBUG com.sinosoft.test.base.TestBase:80 - Found Element By : By.name: fieldValue
2020/07/14 11:58:23:608  INFO com.sinosoft.test.base.TestBase:360 - setEditboxValue:[[InternetExplorerDriver: internet explorer on WINDOWS (4a548bb5-95c0-4386-9c2f-1957e6da70d5)] -> name: fieldValue]：S000000006
2020/07/14 11:58:24:734  INFO com.sinosoft.test.base.TestBase:363 - setEditboxValue—End:[[InternetExplorerDriver: internet explorer on WINDOWS (4a548bb5-95c0-4386-9c2f-1957e6da70d5)] -> name: fieldValue]：S000000006
2020/07/14 11:58:24:734 DEBUG com.sinosoft.test.base.TestBase:76 - Trying to find Element By : By.xpath: //input[@value='查询(Q)']
2020/07/14 11:58:25:019 DEBUG com.sinosoft.test.base.TestBase:80 - Found Element By : By.xpath: //input[@value='查询(Q)']
2020/07/14 11:58:25:020  INFO com.sinosoft.test.base.TestBase:402 - clickButton:[[InternetExplorerDriver: internet explorer on WINDOWS (4a548bb5-95c0-4386-9c2f-1957e6da70d5)] -> xpath: //input[@value='查询(Q)']]
2020/07/14 11:58:25:024 DEBUG com.sinosoft.test.base.TestBase:42 - Trying to click on: [[InternetExplorerDriver: internet explorer on WINDOWS (4a548bb5-95c0-4386-9c2f-1957e6da70d5)] -> xpath: //input[@value='查询(Q)']]
2020/07/14 11:58:26:582 DEBUG com.sinosoft.test.base.TestBase:46 - Clicked on: [[InternetExplorerDriver: internet explorer on WINDOWS (4a548bb5-95c0-4386-9c2f-1957e6da70d5)] -> xpath: //input[@value='查询(Q)']]
2020/07/14 11:58:26:583 DEBUG com.sinosoft.test.base.TestBase:76 - Trying to find Element By : By.name: codeselect
2020/07/14 11:58:26:864 DEBUG com.sinosoft.test.base.TestBase:80 - Found Element By : By.name: codeselect
2020/07/14 11:58:26:864  INFO com.sinosoft.test.base.TestBase:132 - setFuzzySelect:[[InternetExplorerDriver: internet explorer on WINDOWS (4a548bb5-95c0-4386-9c2f-1957e6da70d5)] -> name: codeselect]->S000000006
2020/07/14 11:58:27:409 DEBUG com.sinosoft.test.base.TestBase:76 - Trying to find Element By : By.tagName: option
2020/07/14 11:58:27:710 DEBUG com.sinosoft.test.base.TestBase:80 - Found Element By : By.tagName: option
2020/07/14 11:58:27:997  INFO com.sinosoft.test.base.TestBase:142 - 找到匹配【S000000006】的选项：S000000006--赵子毓
2020/07/14 11:58:27:997 DEBUG com.sinosoft.test.base.TestBase:76 - Trying to find Element By : By.xpath: .//option[normalize-space(.) = "S000000006--赵子毓"]
2020/07/14 11:58:28:312 DEBUG com.sinosoft.test.base.TestBase:80 - Found Element By : By.xpath: .//option[normalize-space(.) = "S000000006--赵子毓"]
2020/07/14 11:58:28:598 DEBUG com.sinosoft.test.base.TestBase:42 - Trying to click on: [[[[InternetExplorerDriver: internet explorer on WINDOWS (4a548bb5-95c0-4386-9c2f-1957e6da70d5)] -> name: codeselect]] -> xpath: .//option[normalize-space(.) = "S000000006--赵子毓"]]
2020/07/14 11:58:29:009 DEBUG com.sinosoft.test.base.TestBase:46 - Clicked on: [[[[InternetExplorerDriver: internet explorer on WINDOWS (4a548bb5-95c0-4386-9c2f-1957e6da70d5)] -> name: codeselect]] -> xpath: .//option[normalize-space(.) = "S000000006--赵子毓"]]
2020/07/14 11:58:29:009 DEBUG com.sinosoft.test.base.TestBase:151 - setFuzzySelect 结束！
2020/07/14 11:58:29:009 DEBUG com.sinosoft.test.base.TestBase:76 - Trying to find Element By : By.name: SelectIt
2020/07/14 11:58:29:286 DEBUG com.sinosoft.test.base.TestBase:80 - Found Element By : By.name: SelectIt
2020/07/14 11:58:29:287  INFO com.sinosoft.test.base.TestBase:416 - jsClickButton:[[InternetExplorerDriver: internet explorer on WINDOWS (4a548bb5-95c0-4386-9c2f-1957e6da70d5)] -> name: SelectIt]
2020/07/14 11:58:29:287  INFO com.sinosoft.test.base.TestBase:144 - RunJavaScript:[[InternetExplorerDriver: internet explorer on WINDOWS (4a548bb5-95c0-4386-9c2f-1957e6da70d5)] -> name: SelectIt]	arguments[0].click();
2020/07/14 11:58:29:990 DEBUG com.sinosoft.test.base.TestBase:272 - 系统窗口【黄河财险业务系统】with handle -2370f2ee-4274-4c1a-bebe-bf81c8137bb0
2020/07/14 11:58:32:714 DEBUG com.sinosoft.test.base.TestBase:76 - Trying to find Element By : By.name: GuMainSalesmanCode
2020/07/14 11:58:32:810 DEBUG com.sinosoft.test.base.TestBase:80 - Found Element By : By.name: GuMainSalesmanCode
2020/07/14 11:58:32:810 DEBUG com.sinosoft.test.base.TestBase:49 - CodeSelect:设置完毕[[InternetExplorerDriver: internet explorer on WINDOWS (4a548bb5-95c0-4386-9c2f-1957e6da70d5)] -> name: GuMainSalesmanCode] & Code=S000000006
2020/07/14 11:58:32:810 DEBUG com.sinosoft.test.base.TestBase:76 - Trying to find Element By : By.name: GuMainBusinessSource
2020/07/14 11:58:32:911 DEBUG com.sinosoft.test.base.TestBase:80 - Found Element By : By.name: GuMainBusinessSource
2020/07/14 11:58:32:951 DEBUG com.sinosoft.test.base.TestBase:76 - Trying to find Element By : By.name: GuMainBusinessSource
2020/07/14 11:58:33:055 DEBUG com.sinosoft.test.base.TestBase:80 - Found Element By : By.name: GuMainBusinessSource
2020/07/14 11:58:33:055 DEBUG com.sinosoft.test.base.TestBase:42 - CodeSelect:开始设置[[InternetExplorerDriver: internet explorer on WINDOWS (4a548bb5-95c0-4386-9c2f-1957e6da70d5)] -> name: GuMainBusinessSource] & Code=01010101
2020/07/14 11:58:33:055 DEBUG com.sinosoft.test.base.TestBase:76 - Trying to find Element By : By.name: GuMainBusinessSource
2020/07/14 11:58:33:116 DEBUG com.sinosoft.test.base.TestBase:80 - Found Element By : By.name: GuMainBusinessSource
2020/07/14 11:58:34:206 DEBUG com.sinosoft.test.base.TestBase:272 - 系统窗口【黄河财险业务系统】with handle -2370f2ee-4274-4c1a-bebe-bf81c8137bb0
2020/07/14 11:58:34:865 DEBUG com.sinosoft.test.base.TestBase:272 - 系统窗口【黄河财险业务系统】with handle -2370f2ee-4274-4c1a-bebe-bf81c8137bb0
2020/07/14 11:58:35:496 DEBUG com.sinosoft.test.base.TestBase:272 - 系统窗口【Code Select】with handle -9734f715-7ba4-4eb2-8750-4406de7e6f10
2020/07/14 11:58:36:007 DEBUG com.sinosoft.test.base.TestBase:69 - 初始化class com.sinosoft.test.fccp.common.CodeSelectPage
2020/07/14 11:58:36:008 DEBUG com.sinosoft.test.base.TestBase:39 - 基础码表选择！
2020/07/14 11:58:36:008 DEBUG com.sinosoft.test.base.TestBase:76 - Trying to find Element By : By.name: fieldValue
2020/07/14 11:58:36:287 DEBUG com.sinosoft.test.base.TestBase:80 - Found Element By : By.name: fieldValue
2020/07/14 11:58:36:288  INFO com.sinosoft.test.base.TestBase:360 - setEditboxValue:[[InternetExplorerDriver: internet explorer on WINDOWS (4a548bb5-95c0-4386-9c2f-1957e6da70d5)] -> name: fieldValue]：01010101
2020/07/14 11:58:37:422  INFO com.sinosoft.test.base.TestBase:363 - setEditboxValue—End:[[InternetExplorerDriver: internet explorer on WINDOWS (4a548bb5-95c0-4386-9c2f-1957e6da70d5)] -> name: fieldValue]：01010101
2020/07/14 11:58:37:422 DEBUG com.sinosoft.test.base.TestBase:76 - Trying to find Element By : By.xpath: //input[@value='查询(Q)']
2020/07/14 11:58:37:723 DEBUG com.sinosoft.test.base.TestBase:80 - Found Element By : By.xpath: //input[@value='查询(Q)']
2020/07/14 11:58:37:723  INFO com.sinosoft.test.base.TestBase:402 - clickButton:[[InternetExplorerDriver: internet explorer on WINDOWS (4a548bb5-95c0-4386-9c2f-1957e6da70d5)] -> xpath: //input[@value='查询(Q)']]
2020/07/14 11:58:37:723 DEBUG com.sinosoft.test.base.TestBase:42 - Trying to click on: [[InternetExplorerDriver: internet explorer on WINDOWS (4a548bb5-95c0-4386-9c2f-1957e6da70d5)] -> xpath: //input[@value='查询(Q)']]
2020/07/14 11:58:39:288 DEBUG com.sinosoft.test.base.TestBase:46 - Clicked on: [[InternetExplorerDriver: internet explorer on WINDOWS (4a548bb5-95c0-4386-9c2f-1957e6da70d5)] -> xpath: //input[@value='查询(Q)']]
2020/07/14 11:58:39:289 DEBUG com.sinosoft.test.base.TestBase:76 - Trying to find Element By : By.name: codeselect
2020/07/14 11:58:39:571 DEBUG com.sinosoft.test.base.TestBase:80 - Found Element By : By.name: codeselect
2020/07/14 11:58:39:572  INFO com.sinosoft.test.base.TestBase:132 - setFuzzySelect:[[InternetExplorerDriver: internet explorer on WINDOWS (4a548bb5-95c0-4386-9c2f-1957e6da70d5)] -> name: codeselect]->01010101
2020/07/14 11:58:40:118 DEBUG com.sinosoft.test.base.TestBase:76 - Trying to find Element By : By.tagName: option
2020/07/14 11:58:40:484 DEBUG com.sinosoft.test.base.TestBase:80 - Found Element By : By.tagName: option
2020/07/14 11:58:40:766  INFO com.sinosoft.test.base.TestBase:142 - 找到匹配【01010101】的选项：01010101--柜面直销
2020/07/14 11:58:40:766 DEBUG com.sinosoft.test.base.TestBase:76 - Trying to find Element By : By.xpath: .//option[normalize-space(.) = "01010101--柜面直销"]
2020/07/14 11:58:41:054 DEBUG com.sinosoft.test.base.TestBase:80 - Found Element By : By.xpath: .//option[normalize-space(.) = "01010101--柜面直销"]
2020/07/14 11:58:41:333 DEBUG com.sinosoft.test.base.TestBase:42 - Trying to click on: [[[[InternetExplorerDriver: internet explorer on WINDOWS (4a548bb5-95c0-4386-9c2f-1957e6da70d5)] -> name: codeselect]] -> xpath: .//option[normalize-space(.) = "01010101--柜面直销"]]
2020/07/14 11:58:41:714 DEBUG com.sinosoft.test.base.TestBase:46 - Clicked on: [[[[InternetExplorerDriver: internet explorer on WINDOWS (4a548bb5-95c0-4386-9c2f-1957e6da70d5)] -> name: codeselect]] -> xpath: .//option[normalize-space(.) = "01010101--柜面直销"]]
2020/07/14 11:58:41:714 DEBUG com.sinosoft.test.base.TestBase:151 - setFuzzySelect 结束！
2020/07/14 11:58:41:714 DEBUG com.sinosoft.test.base.TestBase:76 - Trying to find Element By : By.name: SelectIt
2020/07/14 11:58:41:987 DEBUG com.sinosoft.test.base.TestBase:80 - Found Element By : By.name: SelectIt
2020/07/14 11:58:41:987  INFO com.sinosoft.test.base.TestBase:416 - jsClickButton:[[InternetExplorerDriver: internet explorer on WINDOWS (4a548bb5-95c0-4386-9c2f-1957e6da70d5)] -> name: SelectIt]
2020/07/14 11:58:41:988  INFO com.sinosoft.test.base.TestBase:144 - RunJavaScript:[[InternetExplorerDriver: internet explorer on WINDOWS (4a548bb5-95c0-4386-9c2f-1957e6da70d5)] -> name: SelectIt]	arguments[0].click();
2020/07/14 11:58:42:674 DEBUG com.sinosoft.test.base.TestBase:272 - 系统窗口【黄河财险业务系统】with handle -2370f2ee-4274-4c1a-bebe-bf81c8137bb0
2020/07/14 11:58:45:368 DEBUG com.sinosoft.test.base.TestBase:76 - Trying to find Element By : By.name: GuMainBusinessSource
2020/07/14 11:58:45:462 DEBUG com.sinosoft.test.base.TestBase:80 - Found Element By : By.name: GuMainBusinessSource
2020/07/14 11:58:45:462 DEBUG com.sinosoft.test.base.TestBase:49 - CodeSelect:设置完毕[[InternetExplorerDriver: internet explorer on WINDOWS (4a548bb5-95c0-4386-9c2f-1957e6da70d5)] -> name: GuMainBusinessSource] & Code=01010101
2020/07/14 11:58:45:462 DEBUG com.sinosoft.test.base.TestBase:76 - Trying to find Element By : By.name: GuMainSurveyInd
2020/07/14 11:58:45:544 DEBUG com.sinosoft.test.base.TestBase:80 - Found Element By : By.name: GuMainSurveyInd
2020/07/14 11:58:45:544  INFO com.sinosoft.test.base.TestBase:96 - setSelectWithStartText:[[InternetExplorerDriver: internet explorer on WINDOWS (4a548bb5-95c0-4386-9c2f-1957e6da70d5)] -> name: GuMainSurveyInd]->HXXT
2020/07/14 11:58:45:544 DEBUG com.sinosoft.test.base.TestBase:76 - Trying to find Element By : By.name: GuMainSurveyInd
2020/07/14 11:58:45:626 DEBUG com.sinosoft.test.base.TestBase:80 - Found Element By : By.name: GuMainSurveyInd
2020/07/14 11:58:45:651 DEBUG com.sinosoft.test.base.TestBase:76 - Trying to find Element By : By.name: GuMainSurveyInd
2020/07/14 11:58:45:706 DEBUG com.sinosoft.test.base.TestBase:80 - Found Element By : By.name: GuMainSurveyInd
2020/07/14 11:58:45:739 DEBUG com.sinosoft.test.base.TestBase:76 - Trying to find Element By : By.name: GuMainSurveyInd
2020/07/14 11:58:45:811 DEBUG com.sinosoft.test.base.TestBase:80 - Found Element By : By.name: GuMainSurveyInd
2020/07/14 11:58:45:811 DEBUG com.sinosoft.test.base.TestBase:76 - Trying to find Element By : By.tagName: option
2020/07/14 11:58:46:069 DEBUG com.sinosoft.test.base.TestBase:80 - Found Element By : By.tagName: option
2020/07/14 11:58:46:133  INFO com.sinosoft.test.base.TestBase:114 - 找到匹配【HXXT】的选项：HXXT-核心
2020/07/14 11:58:46:133 DEBUG com.sinosoft.test.base.TestBase:76 - Trying to find Element By : By.name: GuMainSurveyInd
2020/07/14 11:58:46:192 DEBUG com.sinosoft.test.base.TestBase:80 - Found Element By : By.name: GuMainSurveyInd
2020/07/14 11:58:46:192 DEBUG com.sinosoft.test.base.TestBase:76 - Trying to find Element By : By.xpath: .//option[normalize-space(.) = "HXXT-核心"]
2020/07/14 11:58:46:251 DEBUG com.sinosoft.test.base.TestBase:80 - Found Element By : By.xpath: .//option[normalize-space(.) = "HXXT-核心"]
2020/07/14 11:58:46:276 DEBUG com.sinosoft.test.base.TestBase:123 - setSelectWithStartText 结束！
2020/07/14 11:58:46:277 DEBUG com.sinosoft.test.base.TestBase:76 - Trying to find Element By : By.name: GuMainArgueSolution
2020/07/14 11:58:46:359 DEBUG com.sinosoft.test.base.TestBase:80 - Found Element By : By.name: GuMainArgueSolution
2020/07/14 11:58:46:359  INFO com.sinosoft.test.base.TestBase:96 - setSelectWithStartText:[[InternetExplorerDriver: internet explorer on WINDOWS (4a548bb5-95c0-4386-9c2f-1957e6da70d5)] -> name: GuMainArgueSolution]->
2020/07/14 11:58:46:359 DEBUG com.sinosoft.test.base.TestBase:76 - Trying to find Element By : By.name: GuMainDomesticInd
2020/07/14 11:58:46:442 DEBUG com.sinosoft.test.base.TestBase:80 - Found Element By : By.name: GuMainDomesticInd
2020/07/14 11:58:46:442  INFO com.sinosoft.test.base.TestBase:96 - setSelectWithStartText:[[InternetExplorerDriver: internet explorer on WINDOWS (4a548bb5-95c0-4386-9c2f-1957e6da70d5)] -> name: GuMainDomesticInd]->
2020/07/14 11:58:46:443 DEBUG com.sinosoft.test.base.TestBase:76 - Trying to find Element By : By.name: GuMainComInsureInd
2020/07/14 11:58:46:534 DEBUG com.sinosoft.test.base.TestBase:80 - Found Element By : By.name: GuMainComInsureInd
2020/07/14 11:58:46:534  INFO com.sinosoft.test.base.TestBase:96 - setSelectWithStartText:[[InternetExplorerDriver: internet explorer on WINDOWS (4a548bb5-95c0-4386-9c2f-1957e6da70d5)] -> name: GuMainComInsureInd]->0
2020/07/14 11:58:46:534 DEBUG com.sinosoft.test.base.TestBase:76 - Trying to find Element By : By.name: GuMainComInsureInd
2020/07/14 11:58:46:627 DEBUG com.sinosoft.test.base.TestBase:80 - Found Element By : By.name: GuMainComInsureInd
2020/07/14 11:58:46:656 DEBUG com.sinosoft.test.base.TestBase:76 - Trying to find Element By : By.name: GuMainComInsureInd
2020/07/14 11:58:46:714 DEBUG com.sinosoft.test.base.TestBase:80 - Found Element By : By.name: GuMainComInsureInd
2020/07/14 11:58:46:741 DEBUG com.sinosoft.test.base.TestBase:76 - Trying to find Element By : By.name: GuMainComInsureInd
2020/07/14 11:58:46:845 DEBUG com.sinosoft.test.base.TestBase:80 - Found Element By : By.name: GuMainComInsureInd
2020/07/14 11:58:46:845 DEBUG com.sinosoft.test.base.TestBase:76 - Trying to find Element By : By.tagName: option
2020/07/14 11:58:46:972 DEBUG com.sinosoft.test.base.TestBase:80 - Found Element By : By.tagName: option
2020/07/14 11:58:47:039  INFO com.sinosoft.test.base.TestBase:114 - 找到匹配【0】的选项：0-非统括业务
2020/07/14 11:58:47:040 DEBUG com.sinosoft.test.base.TestBase:76 - Trying to find Element By : By.name: GuMainComInsureInd
2020/07/14 11:58:47:133 DEBUG com.sinosoft.test.base.TestBase:80 - Found Element By : By.name: GuMainComInsureInd
2020/07/14 11:58:47:133 DEBUG com.sinosoft.test.base.TestBase:76 - Trying to find Element By : By.xpath: .//option[normalize-space(.) = "0-非统括业务"]
2020/07/14 11:58:47:203 DEBUG com.sinosoft.test.base.TestBase:80 - Found Element By : By.xpath: .//option[normalize-space(.) = "0-非统括业务"]
2020/07/14 11:58:47:243 DEBUG com.sinosoft.test.base.TestBase:123 - setSelectWithStartText 结束！
2020/07/14 11:58:47:244 DEBUG com.sinosoft.test.base.TestBase:76 - Trying to find Element By : By.name: GuMainPolicyStyle
2020/07/14 11:58:47:325 DEBUG com.sinosoft.test.base.TestBase:80 - Found Element By : By.name: GuMainPolicyStyle
2020/07/14 11:58:47:325  INFO com.sinosoft.test.base.TestBase:96 - setSelectWithStartText:[[InternetExplorerDriver: internet explorer on WINDOWS (4a548bb5-95c0-4386-9c2f-1957e6da70d5)] -> name: GuMainPolicyStyle]->0
2020/07/14 11:58:47:325 DEBUG com.sinosoft.test.base.TestBase:76 - Trying to find Element By : By.name: GuMainPolicyStyle
2020/07/14 11:58:47:405 DEBUG com.sinosoft.test.base.TestBase:80 - Found Element By : By.name: GuMainPolicyStyle
2020/07/14 11:58:47:433 DEBUG com.sinosoft.test.base.TestBase:76 - Trying to find Element By : By.name: GuMainPolicyStyle
2020/07/14 11:58:47:519 DEBUG com.sinosoft.test.base.TestBase:80 - Found Element By : By.name: GuMainPolicyStyle
2020/07/14 11:58:47:549 DEBUG com.sinosoft.test.base.TestBase:76 - Trying to find Element By : By.name: GuMainPolicyStyle
2020/07/14 11:58:47:624 DEBUG com.sinosoft.test.base.TestBase:80 - Found Element By : By.name: GuMainPolicyStyle
2020/07/14 11:58:47:624 DEBUG com.sinosoft.test.base.TestBase:76 - Trying to find Element By : By.tagName: option
2020/07/14 11:58:47:685 DEBUG com.sinosoft.test.base.TestBase:80 - Found Element By : By.tagName: option
2020/07/14 11:58:47:783  INFO com.sinosoft.test.base.TestBase:114 - 找到匹配【0】的选项：0-否
2020/07/14 11:58:47:784 DEBUG com.sinosoft.test.base.TestBase:76 - Trying to find Element By : By.name: GuMainPolicyStyle
2020/07/14 11:58:47:882 DEBUG com.sinosoft.test.base.TestBase:80 - Found Element By : By.name: GuMainPolicyStyle
2020/07/14 11:58:47:882 DEBUG com.sinosoft.test.base.TestBase:76 - Trying to find Element By : By.xpath: .//option[normalize-space(.) = "0-否"]
2020/07/14 11:58:47:943 DEBUG com.sinosoft.test.base.TestBase:80 - Found Element By : By.xpath: .//option[normalize-space(.) = "0-否"]
2020/07/14 11:58:48:015 DEBUG com.sinosoft.test.base.TestBase:123 - setSelectWithStartText 结束！
2020/07/14 11:58:48:015 DEBUG com.sinosoft.test.base.TestBase:76 - Trying to find Element By : By.name: RenewalOfInsuranceSelect
2020/07/14 11:58:48:084 DEBUG com.sinosoft.test.base.TestBase:80 - Found Element By : By.name: RenewalOfInsuranceSelect
2020/07/14 11:58:48:085  INFO com.sinosoft.test.base.TestBase:96 - setSelectWithStartText:[[InternetExplorerDriver: internet explorer on WINDOWS (4a548bb5-95c0-4386-9c2f-1957e6da70d5)] -> name: RenewalOfInsuranceSelect]->0
2020/07/14 11:58:48:086 DEBUG com.sinosoft.test.base.TestBase:76 - Trying to find Element By : By.name: RenewalOfInsuranceSelect
2020/07/14 11:58:48:155 DEBUG com.sinosoft.test.base.TestBase:80 - Found Element By : By.name: RenewalOfInsuranceSelect
2020/07/14 11:58:48:180 DEBUG com.sinosoft.test.base.TestBase:76 - Trying to find Element By : By.name: RenewalOfInsuranceSelect
2020/07/14 11:58:48:237 DEBUG com.sinosoft.test.base.TestBase:80 - Found Element By : By.name: RenewalOfInsuranceSelect
2020/07/14 11:58:48:272 DEBUG com.sinosoft.test.base.TestBase:76 - Trying to find Element By : By.name: RenewalOfInsuranceSelect
2020/07/14 11:58:48:364 DEBUG com.sinosoft.test.base.TestBase:80 - Found Element By : By.name: RenewalOfInsuranceSelect
2020/07/14 11:58:48:364 DEBUG com.sinosoft.test.base.TestBase:76 - Trying to find Element By : By.tagName: option
2020/07/14 11:58:48:467 DEBUG com.sinosoft.test.base.TestBase:80 - Found Element By : By.tagName: option
2020/07/14 11:58:48:521  INFO com.sinosoft.test.base.TestBase:114 - 找到匹配【0】的选项：0-否
2020/07/14 11:58:48:521 DEBUG com.sinosoft.test.base.TestBase:76 - Trying to find Element By : By.name: RenewalOfInsuranceSelect
2020/07/14 11:58:48:604 DEBUG com.sinosoft.test.base.TestBase:80 - Found Element By : By.name: RenewalOfInsuranceSelect
2020/07/14 11:58:48:605 DEBUG com.sinosoft.test.base.TestBase:76 - Trying to find Element By : By.xpath: .//option[normalize-space(.) = "0-否"]
2020/07/14 11:58:48:695 DEBUG com.sinosoft.test.base.TestBase:80 - Found Element By : By.xpath: .//option[normalize-space(.) = "0-否"]
2020/07/14 11:58:48:732 DEBUG com.sinosoft.test.base.TestBase:42 - Trying to click on: [[[[InternetExplorerDriver: internet explorer on WINDOWS (4a548bb5-95c0-4386-9c2f-1957e6da70d5)] -> name: RenewalOfInsuranceSelect]] -> xpath: .//option[normalize-space(.) = "0-否"]]
2020/07/14 11:58:49:030 DEBUG com.sinosoft.test.base.TestBase:46 - Clicked on: [[[[InternetExplorerDriver: internet explorer on WINDOWS (4a548bb5-95c0-4386-9c2f-1957e6da70d5)] -> name: RenewalOfInsuranceSelect]] -> xpath: .//option[normalize-space(.) = "0-否"]]
2020/07/14 11:58:49:030 DEBUG com.sinosoft.test.base.TestBase:123 - setSelectWithStartText 结束！
2020/07/14 11:58:49:031 DEBUG com.sinosoft.test.base.TestBase:76 - Trying to find Element By : By.name: GuMainIsDifferentPlace
2020/07/14 11:58:49:197 DEBUG com.sinosoft.test.base.TestBase:80 - Found Element By : By.name: GuMainIsDifferentPlace
2020/07/14 11:58:49:197  INFO com.sinosoft.test.base.TestBase:96 - setSelectWithStartText:[[InternetExplorerDriver: internet explorer on WINDOWS (4a548bb5-95c0-4386-9c2f-1957e6da70d5)] -> name: GuMainIsDifferentPlace]->
2020/07/14 11:58:49:197 DEBUG com.sinosoft.test.base.TestBase:76 - Trying to find Element By : By.name: GuMainIsFarming
2020/07/14 11:58:49:301 DEBUG com.sinosoft.test.base.TestBase:80 - Found Element By : By.name: GuMainIsFarming
2020/07/14 11:58:49:303  INFO com.sinosoft.test.base.TestBase:96 - setSelectWithStartText:[[InternetExplorerDriver: internet explorer on WINDOWS (4a548bb5-95c0-4386-9c2f-1957e6da70d5)] -> name: GuMainIsFarming]->
2020/07/14 11:58:49:303 DEBUG com.sinosoft.test.base.TestBase:76 - Trying to find Element By : By.name: AppliGuRelatedPartyInsuredType
2020/07/14 11:58:49:390 DEBUG com.sinosoft.test.base.TestBase:80 - Found Element By : By.name: AppliGuRelatedPartyInsuredType
2020/07/14 11:58:49:391  INFO com.sinosoft.test.base.TestBase:96 - setSelectWithStartText:[[InternetExplorerDriver: internet explorer on WINDOWS (4a548bb5-95c0-4386-9c2f-1957e6da70d5)] -> name: AppliGuRelatedPartyInsuredType]->2
2020/07/14 11:58:49:391 DEBUG com.sinosoft.test.base.TestBase:76 - Trying to find Element By : By.name: AppliGuRelatedPartyInsuredType
2020/07/14 11:58:49:473 DEBUG com.sinosoft.test.base.TestBase:80 - Found Element By : By.name: AppliGuRelatedPartyInsuredType
2020/07/14 11:58:49:504 DEBUG com.sinosoft.test.base.TestBase:76 - Trying to find Element By : By.name: AppliGuRelatedPartyInsuredType
2020/07/14 11:58:49:621 DEBUG com.sinosoft.test.base.TestBase:80 - Found Element By : By.name: AppliGuRelatedPartyInsuredType
2020/07/14 11:58:49:685 DEBUG com.sinosoft.test.base.TestBase:76 - Trying to find Element By : By.name: AppliGuRelatedPartyInsuredType
2020/07/14 11:58:49:773 DEBUG com.sinosoft.test.base.TestBase:80 - Found Element By : By.name: AppliGuRelatedPartyInsuredType
2020/07/14 11:58:49:774 DEBUG com.sinosoft.test.base.TestBase:76 - Trying to find Element By : By.tagName: option
2020/07/14 11:58:49:914 DEBUG com.sinosoft.test.base.TestBase:80 - Found Element By : By.tagName: option
2020/07/14 11:58:50:065  INFO com.sinosoft.test.base.TestBase:114 - 找到匹配【2】的选项：2-团体
2020/07/14 11:58:50:067 DEBUG com.sinosoft.test.base.TestBase:76 - Trying to find Element By : By.name: AppliGuRelatedPartyInsuredType
2020/07/14 11:58:50:154 DEBUG com.sinosoft.test.base.TestBase:80 - Found Element By : By.name: AppliGuRelatedPartyInsuredType
2020/07/14 11:58:50:154 DEBUG com.sinosoft.test.base.TestBase:76 - Trying to find Element By : By.xpath: .//option[normalize-space(.) = "2-团体"]
2020/07/14 11:58:50:248 DEBUG com.sinosoft.test.base.TestBase:80 - Found Element By : By.xpath: .//option[normalize-space(.) = "2-团体"]
2020/07/14 11:58:50:327 DEBUG com.sinosoft.test.base.TestBase:123 - setSelectWithStartText 结束！
2020/07/14 11:58:50:327 DEBUG com.sinosoft.test.base.TestBase:76 - Trying to find Element By : By.name: AppliGuRelatedPartyInsuredCode
2020/07/14 11:58:50:461 DEBUG com.sinosoft.test.base.TestBase:80 - Found Element By : By.name: AppliGuRelatedPartyInsuredCode
2020/07/14 11:58:50:461  INFO com.sinosoft.test.base.TestBase:388 - setEditboxTValue:[[InternetExplorerDriver: internet explorer on WINDOWS (4a548bb5-95c0-4386-9c2f-1957e6da70d5)] -> name: AppliGuRelatedPartyInsuredCode]->G6200019603
2020/07/14 11:58:50:461 DEBUG com.sinosoft.test.base.TestBase:76 - Trying to find Element By : By.name: AppliGuRelatedPartyInsuredCode
2020/07/14 11:58:50:578 DEBUG com.sinosoft.test.base.TestBase:80 - Found Element By : By.name: AppliGuRelatedPartyInsuredCode
2020/07/14 11:58:50:954 DEBUG com.sinosoft.test.base.TestBase:76 - Trying to find Element By : By.name: AppliGuRelatedPartyInsuredCode
2020/07/14 11:58:51:036 DEBUG com.sinosoft.test.base.TestBase:80 - Found Element By : By.name: AppliGuRelatedPartyInsuredCode
2020/07/14 11:58:56:550 DEBUG com.sinosoft.test.base.TestBase:76 - Trying to find Element By : By.name: buttonSaveCustomer
2020/07/14 11:58:56:630 DEBUG com.sinosoft.test.base.TestBase:80 - Found Element By : By.name: buttonSaveCustomer
2020/07/14 11:58:56:631 DEBUG com.sinosoft.test.base.TestBase:42 - Trying to click on: [[InternetExplorerDriver: internet explorer on WINDOWS (4a548bb5-95c0-4386-9c2f-1957e6da70d5)] -> name: buttonSaveCustomer]
2020/07/14 11:58:57:891 DEBUG com.sinosoft.test.base.TestBase:46 - Clicked on: [[InternetExplorerDriver: internet explorer on WINDOWS (4a548bb5-95c0-4386-9c2f-1957e6da70d5)] -> name: buttonSaveCustomer]
2020/07/14 11:58:58:106  INFO com.sinosoft.test.base.TestBase:519 - 在保存客户时捕获了一个弹窗：客户已经保存，或不需要保存.
2020/07/14 11:58:58:316 DEBUG com.sinosoft.test.base.TestBase:218 - Alert的标题是：客户已经保存，或不需要保存.
2020/07/14 11:58:59:139 DEBUG com.sinosoft.test.base.TestBase:76 - Trying to find Element By : By.name: AppliGuRelatedPartyInsuredCode
2020/07/14 11:58:59:222 DEBUG com.sinosoft.test.base.TestBase:80 - Found Element By : By.name: AppliGuRelatedPartyInsuredCode
2020/07/14 11:58:59:280 DEBUG com.sinosoft.test.base.TestBase:76 - Trying to find Element By : By.id: saveButton
2020/07/14 11:58:59:384 DEBUG com.sinosoft.test.base.TestBase:80 - Found Element By : By.id: saveButton
2020/07/14 11:58:59:385 DEBUG com.sinosoft.test.base.TestBase:42 - Trying to click on: [[InternetExplorerDriver: internet explorer on WINDOWS (4a548bb5-95c0-4386-9c2f-1957e6da70d5)] -> id: saveButton]
2020/07/14 11:59:04:135 DEBUG com.sinosoft.test.base.TestBase:46 - Clicked on: [[InternetExplorerDriver: internet explorer on WINDOWS (4a548bb5-95c0-4386-9c2f-1957e6da70d5)] -> id: saveButton]
2020/07/14 11:59:04:135 DEBUG com.sinosoft.test.base.TestBase:88 - 截屏文件名字是：FCCB_TB_JCX_1保存基本信息
2020/07/14 11:59:04:245 DEBUG com.sinosoft.test.base.TestBase:69 - 初始化class com.sinosoft.test.fccp.tbcl.RiskDetail_TypePage
2020/07/14 11:59:09:402 DEBUG com.sinosoft.test.base.TestBase:76 - Trying to find Element By : By.name: GuRiskRiskApplyType
2020/07/14 11:59:09:449 DEBUG com.sinosoft.test.base.TestBase:80 - Found Element By : By.name: GuRiskRiskApplyType
2020/07/14 11:59:09:450 DEBUG com.sinosoft.test.base.TestBase:107 - 投保处理/险种信息
2020/07/14 11:59:12:009 DEBUG com.sinosoft.test.base.TestBase:76 - Trying to find Element By : By.id: RiskItem
2020/07/14 11:59:12:034 DEBUG com.sinosoft.test.base.TestBase:80 - Found Element By : By.id: RiskItem
2020/07/14 11:59:12:034 DEBUG com.sinosoft.test.base.TestBase:76 - Trying to find Element By : By.name: summarySubBusinessNo
2020/07/14 11:59:12:104 DEBUG com.sinosoft.test.base.TestBase:80 - Found Element By : By.name: summarySubBusinessNo
2020/07/14 11:59:12:133 DEBUG com.sinosoft.test.base.TestBase:113 - 投保单号：06201900101202000000000079
2020/07/14 11:59:12:134 DEBUG com.sinosoft.test.base.TestBase:121 - 保存投保单号完毕！
2020/07/14 11:59:17:047 DEBUG com.sinosoft.test.base.TestBase:123 - 返回工作区，准备下一步操作！
2020/07/14 11:59:17:048  INFO com.sinosoft.test.base.TestBase:125 - 开始处理风险类别信息
2020/07/14 11:59:17:051 DEBUG com.sinosoft.test.base.TestBase:76 - Trying to find Element By : By.name: GuRiskRiskApplyType
2020/07/14 11:59:17:107 DEBUG com.sinosoft.test.base.TestBase:80 - Found Element By : By.name: GuRiskRiskApplyType
2020/07/14 11:59:17:107  INFO com.sinosoft.test.base.TestBase:96 - setSelectWithStartText:[[InternetExplorerDriver: internet explorer on WINDOWS (4a548bb5-95c0-4386-9c2f-1957e6da70d5)] -> name: GuRiskRiskApplyType]->1
2020/07/14 11:59:17:108 DEBUG com.sinosoft.test.base.TestBase:76 - Trying to find Element By : By.name: GuRiskRiskApplyType
2020/07/14 11:59:17:166 DEBUG com.sinosoft.test.base.TestBase:80 - Found Element By : By.name: GuRiskRiskApplyType
2020/07/14 11:59:17:191 DEBUG com.sinosoft.test.base.TestBase:76 - Trying to find Element By : By.name: GuRiskRiskApplyType
2020/07/14 11:59:17:237 DEBUG com.sinosoft.test.base.TestBase:80 - Found Element By : By.name: GuRiskRiskApplyType
2020/07/14 11:59:17:263 DEBUG com.sinosoft.test.base.TestBase:76 - Trying to find Element By : By.name: GuRiskRiskApplyType
2020/07/14 11:59:17:319 DEBUG com.sinosoft.test.base.TestBase:80 - Found Element By : By.name: GuRiskRiskApplyType
2020/07/14 11:59:17:320 DEBUG com.sinosoft.test.base.TestBase:76 - Trying to find Element By : By.tagName: option
2020/07/14 11:59:17:401 DEBUG com.sinosoft.test.base.TestBase:80 - Found Element By : By.tagName: option
2020/07/14 11:59:17:459  INFO com.sinosoft.test.base.TestBase:114 - 找到匹配【1】的选项：1-全国
2020/07/14 11:59:17:459 DEBUG com.sinosoft.test.base.TestBase:76 - Trying to find Element By : By.name: GuRiskRiskApplyType
2020/07/14 11:59:17:506 DEBUG com.sinosoft.test.base.TestBase:80 - Found Element By : By.name: GuRiskRiskApplyType
2020/07/14 11:59:17:507 DEBUG com.sinosoft.test.base.TestBase:76 - Trying to find Element By : By.xpath: .//option[normalize-space(.) = "1-全国"]
2020/07/14 11:59:17:544 DEBUG com.sinosoft.test.base.TestBase:80 - Found Element By : By.xpath: .//option[normalize-space(.) = "1-全国"]
2020/07/14 11:59:17:596 DEBUG com.sinosoft.test.base.TestBase:123 - setSelectWithStartText 结束！
2020/07/14 11:59:17:596 DEBUG com.sinosoft.test.base.TestBase:76 - Trying to find Element By : By.name: GuRiskCoinsInd
2020/07/14 11:59:17:667 DEBUG com.sinosoft.test.base.TestBase:80 - Found Element By : By.name: GuRiskCoinsInd
2020/07/14 11:59:17:667  INFO com.sinosoft.test.base.TestBase:96 - setSelectWithStartText:[[InternetExplorerDriver: internet explorer on WINDOWS (4a548bb5-95c0-4386-9c2f-1957e6da70d5)] -> name: GuRiskCoinsInd]->1
2020/07/14 11:59:17:667 DEBUG com.sinosoft.test.base.TestBase:76 - Trying to find Element By : By.name: GuRiskCoinsInd
2020/07/14 11:59:17:734 DEBUG com.sinosoft.test.base.TestBase:80 - Found Element By : By.name: GuRiskCoinsInd
2020/07/14 11:59:17:759 DEBUG com.sinosoft.test.base.TestBase:76 - Trying to find Element By : By.name: GuRiskCoinsInd
2020/07/14 11:59:17:820 DEBUG com.sinosoft.test.base.TestBase:80 - Found Element By : By.name: GuRiskCoinsInd
2020/07/14 11:59:17:848 DEBUG com.sinosoft.test.base.TestBase:76 - Trying to find Element By : By.name: GuRiskCoinsInd
2020/07/14 11:59:17:906 DEBUG com.sinosoft.test.base.TestBase:80 - Found Element By : By.name: GuRiskCoinsInd
2020/07/14 11:59:17:906 DEBUG com.sinosoft.test.base.TestBase:76 - Trying to find Element By : By.tagName: option
2020/07/14 11:59:18:013 DEBUG com.sinosoft.test.base.TestBase:80 - Found Element By : By.tagName: option
2020/07/14 11:59:18:130  INFO com.sinosoft.test.base.TestBase:114 - 找到匹配【1】的选项：1-主共保
2020/07/14 11:59:18:130 DEBUG com.sinosoft.test.base.TestBase:76 - Trying to find Element By : By.name: GuRiskCoinsInd
2020/07/14 11:59:18:233 DEBUG com.sinosoft.test.base.TestBase:80 - Found Element By : By.name: GuRiskCoinsInd
2020/07/14 11:59:18:233 DEBUG com.sinosoft.test.base.TestBase:76 - Trying to find Element By : By.xpath: .//option[normalize-space(.) = "1-主共保"]
2020/07/14 11:59:18:289 DEBUG com.sinosoft.test.base.TestBase:80 - Found Element By : By.xpath: .//option[normalize-space(.) = "1-主共保"]
2020/07/14 11:59:18:329 DEBUG com.sinosoft.test.base.TestBase:42 - Trying to click on: [[[[InternetExplorerDriver: internet explorer on WINDOWS (4a548bb5-95c0-4386-9c2f-1957e6da70d5)] -> name: GuRiskCoinsInd]] -> xpath: .//option[normalize-space(.) = "1-主共保"]]
2020/07/14 11:59:18:573 DEBUG com.sinosoft.test.base.TestBase:46 - Clicked on: [[[[InternetExplorerDriver: internet explorer on WINDOWS (4a548bb5-95c0-4386-9c2f-1957e6da70d5)] -> name: GuRiskCoinsInd]] -> xpath: .//option[normalize-space(.) = "1-主共保"]]
2020/07/14 11:59:18:573 DEBUG com.sinosoft.test.base.TestBase:123 - setSelectWithStartText 结束！
2020/07/14 11:59:18:573 DEBUG com.sinosoft.test.base.TestBase:76 - Trying to find Element By : By.name: GuRiskBusinessFlag
2020/07/14 11:59:18:630 DEBUG com.sinosoft.test.base.TestBase:80 - Found Element By : By.name: GuRiskBusinessFlag
2020/07/14 11:59:18:631  INFO com.sinosoft.test.base.TestBase:96 - setSelectWithStartText:[[InternetExplorerDriver: internet explorer on WINDOWS (4a548bb5-95c0-4386-9c2f-1957e6da70d5)] -> name: GuRiskBusinessFlag]->1
2020/07/14 11:59:18:631 DEBUG com.sinosoft.test.base.TestBase:76 - Trying to find Element By : By.name: GuRiskBusinessFlag
2020/07/14 11:59:18:681 DEBUG com.sinosoft.test.base.TestBase:80 - Found Element By : By.name: GuRiskBusinessFlag
2020/07/14 11:59:18:707 DEBUG com.sinosoft.test.base.TestBase:76 - Trying to find Element By : By.name: GuRiskBusinessFlag
2020/07/14 11:59:18:767 DEBUG com.sinosoft.test.base.TestBase:80 - Found Element By : By.name: GuRiskBusinessFlag
2020/07/14 11:59:18:793 DEBUG com.sinosoft.test.base.TestBase:76 - Trying to find Element By : By.name: GuRiskBusinessFlag
2020/07/14 11:59:18:862 DEBUG com.sinosoft.test.base.TestBase:80 - Found Element By : By.name: GuRiskBusinessFlag
2020/07/14 11:59:18:863 DEBUG com.sinosoft.test.base.TestBase:76 - Trying to find Element By : By.tagName: option
2020/07/14 11:59:18:931 DEBUG com.sinosoft.test.base.TestBase:80 - Found Element By : By.tagName: option
2020/07/14 11:59:19:051  INFO com.sinosoft.test.base.TestBase:114 - 找到匹配【1】的选项：1-是
2020/07/14 11:59:19:051 DEBUG com.sinosoft.test.base.TestBase:76 - Trying to find Element By : By.name: GuRiskBusinessFlag
2020/07/14 11:59:19:118 DEBUG com.sinosoft.test.base.TestBase:80 - Found Element By : By.name: GuRiskBusinessFlag
2020/07/14 11:59:19:119 DEBUG com.sinosoft.test.base.TestBase:76 - Trying to find Element By : By.xpath: .//option[normalize-space(.) = "1-是"]
2020/07/14 11:59:19:155 DEBUG com.sinosoft.test.base.TestBase:80 - Found Element By : By.xpath: .//option[normalize-space(.) = "1-是"]
2020/07/14 11:59:19:202 DEBUG com.sinosoft.test.base.TestBase:42 - Trying to click on: [[[[InternetExplorerDriver: internet explorer on WINDOWS (4a548bb5-95c0-4386-9c2f-1957e6da70d5)] -> name: GuRiskBusinessFlag]] -> xpath: .//option[normalize-space(.) = "1-是"]]
2020/07/14 11:59:19:473 DEBUG com.sinosoft.test.base.TestBase:46 - Clicked on: [[[[InternetExplorerDriver: internet explorer on WINDOWS (4a548bb5-95c0-4386-9c2f-1957e6da70d5)] -> name: GuRiskBusinessFlag]] -> xpath: .//option[normalize-space(.) = "1-是"]]
2020/07/14 11:59:19:474 DEBUG com.sinosoft.test.base.TestBase:123 - setSelectWithStartText 结束！
2020/07/14 11:59:19:474 DEBUG com.sinosoft.test.base.TestBase:76 - Trying to find Element By : By.name: GuRiskJudicalCode
2020/07/14 11:59:19:560 DEBUG com.sinosoft.test.base.TestBase:80 - Found Element By : By.name: GuRiskJudicalCode
2020/07/14 11:59:19:560  INFO com.sinosoft.test.base.TestBase:96 - setSelectWithStartText:[[InternetExplorerDriver: internet explorer on WINDOWS (4a548bb5-95c0-4386-9c2f-1957e6da70d5)] -> name: GuRiskJudicalCode]->1
2020/07/14 11:59:19:561 DEBUG com.sinosoft.test.base.TestBase:76 - Trying to find Element By : By.name: GuRiskJudicalCode
2020/07/14 11:59:19:646 DEBUG com.sinosoft.test.base.TestBase:80 - Found Element By : By.name: GuRiskJudicalCode
2020/07/14 11:59:19:673 DEBUG com.sinosoft.test.base.TestBase:76 - Trying to find Element By : By.name: GuRiskJudicalCode
2020/07/14 11:59:19:744 DEBUG com.sinosoft.test.base.TestBase:80 - Found Element By : By.name: GuRiskJudicalCode
2020/07/14 11:59:19:777 DEBUG com.sinosoft.test.base.TestBase:76 - Trying to find Element By : By.name: GuRiskJudicalCode
2020/07/14 11:59:19:861 DEBUG com.sinosoft.test.base.TestBase:80 - Found Element By : By.name: GuRiskJudicalCode
2020/07/14 11:59:19:861 DEBUG com.sinosoft.test.base.TestBase:76 - Trying to find Element By : By.tagName: option
2020/07/14 11:59:19:978 DEBUG com.sinosoft.test.base.TestBase:80 - Found Element By : By.tagName: option
2020/07/14 11:59:20:040  INFO com.sinosoft.test.base.TestBase:114 - 找到匹配【1】的选项：1-中华人民共和国管辖(港澳台除外)
2020/07/14 11:59:20:041 DEBUG com.sinosoft.test.base.TestBase:76 - Trying to find Element By : By.name: GuRiskJudicalCode
2020/07/14 11:59:20:114 DEBUG com.sinosoft.test.base.TestBase:80 - Found Element By : By.name: GuRiskJudicalCode
2020/07/14 11:59:20:115 DEBUG com.sinosoft.test.base.TestBase:76 - Trying to find Element By : By.xpath: .//option[normalize-space(.) = "1-中华人民共和国管辖(港澳台除外)"]
2020/07/14 11:59:20:171 DEBUG com.sinosoft.test.base.TestBase:80 - Found Element By : By.xpath: .//option[normalize-space(.) = "1-中华人民共和国管辖(港澳台除外)"]
2020/07/14 11:59:20:209 DEBUG com.sinosoft.test.base.TestBase:123 - setSelectWithStartText 结束！
2020/07/14 11:59:20:211 DEBUG com.sinosoft.test.base.TestBase:76 - Trying to find Element By : By.xpath: //table[@id='InsuredRelatedParty']/tbody/tr[@id='InsuredGuRelatedPartyCorInsuredType']/td/select[@name='InsuredGuRelatedPartyStarLevel']
2020/07/14 11:59:20:281 DEBUG com.sinosoft.test.base.TestBase:80 - Found Element By : By.xpath: //table[@id='InsuredRelatedParty']/tbody/tr[@id='InsuredGuRelatedPartyCorInsuredType']/td/select[@name='InsuredGuRelatedPartyStarLevel']
2020/07/14 11:59:20:282  INFO com.sinosoft.test.base.TestBase:96 - setSelectWithStartText:[[InternetExplorerDriver: internet explorer on WINDOWS (4a548bb5-95c0-4386-9c2f-1957e6da70d5)] -> xpath: //table[@id='InsuredRelatedParty']/tbody/tr[@id='InsuredGuRelatedPartyCorInsuredType']/td/select[@name='InsuredGuRelatedPartyStarLevel']]->0
2020/07/14 11:59:20:282 DEBUG com.sinosoft.test.base.TestBase:76 - Trying to find Element By : By.xpath: //table[@id='InsuredRelatedParty']/tbody/tr[@id='InsuredGuRelatedPartyCorInsuredType']/td/select[@name='InsuredGuRelatedPartyStarLevel']
2020/07/14 11:59:20:317 DEBUG com.sinosoft.test.base.TestBase:80 - Found Element By : By.xpath: //table[@id='InsuredRelatedParty']/tbody/tr[@id='InsuredGuRelatedPartyCorInsuredType']/td/select[@name='InsuredGuRelatedPartyStarLevel']
2020/07/14 11:59:20:343 DEBUG com.sinosoft.test.base.TestBase:76 - Trying to find Element By : By.xpath: //table[@id='InsuredRelatedParty']/tbody/tr[@id='InsuredGuRelatedPartyCorInsuredType']/td/select[@name='InsuredGuRelatedPartyStarLevel']
2020/07/14 11:59:20:373 DEBUG com.sinosoft.test.base.TestBase:80 - Found Element By : By.xpath: //table[@id='InsuredRelatedParty']/tbody/tr[@id='InsuredGuRelatedPartyCorInsuredType']/td/select[@name='InsuredGuRelatedPartyStarLevel']
2020/07/14 11:59:20:428 DEBUG com.sinosoft.test.base.TestBase:76 - Trying to find Element By : By.xpath: //table[@id='InsuredRelatedParty']/tbody/tr[@id='InsuredGuRelatedPartyCorInsuredType']/td/select[@name='InsuredGuRelatedPartyStarLevel']
2020/07/14 11:59:20:510 DEBUG com.sinosoft.test.base.TestBase:80 - Found Element By : By.xpath: //table[@id='InsuredRelatedParty']/tbody/tr[@id='InsuredGuRelatedPartyCorInsuredType']/td/select[@name='InsuredGuRelatedPartyStarLevel']
2020/07/14 11:59:20:511 DEBUG com.sinosoft.test.base.TestBase:76 - Trying to find Element By : By.tagName: option
2020/07/14 11:59:20:673 DEBUG com.sinosoft.test.base.TestBase:80 - Found Element By : By.tagName: option
2020/07/14 11:59:20:778  INFO com.sinosoft.test.base.TestBase:114 - 找到匹配【0】的选项：0-普通客户
2020/07/14 11:59:20:778 DEBUG com.sinosoft.test.base.TestBase:76 - Trying to find Element By : By.xpath: //table[@id='InsuredRelatedParty']/tbody/tr[@id='InsuredGuRelatedPartyCorInsuredType']/td/select[@name='InsuredGuRelatedPartyStarLevel']
2020/07/14 11:59:20:827 DEBUG com.sinosoft.test.base.TestBase:80 - Found Element By : By.xpath: //table[@id='InsuredRelatedParty']/tbody/tr[@id='InsuredGuRelatedPartyCorInsuredType']/td/select[@name='InsuredGuRelatedPartyStarLevel']
2020/07/14 11:59:20:827 DEBUG com.sinosoft.test.base.TestBase:76 - Trying to find Element By : By.xpath: .//option[normalize-space(.) = "0-普通客户"]
2020/07/14 11:59:20:911 DEBUG com.sinosoft.test.base.TestBase:80 - Found Element By : By.xpath: .//option[normalize-space(.) = "0-普通客户"]
2020/07/14 11:59:20:960 DEBUG com.sinosoft.test.base.TestBase:123 - setSelectWithStartText 结束！
2020/07/14 11:59:20:961 DEBUG com.sinosoft.test.base.TestBase:76 - Trying to find Element By : By.xpath: //table[@id='InsuredRelatedParty']/tbody/tr[@id='InsuredGuRelatedPartyVocation']/td/input[@name='InsuredGuRelatedPartyIndustryMainCode']
2020/07/14 11:59:21:021 DEBUG com.sinosoft.test.base.TestBase:80 - Found Element By : By.xpath: //table[@id='InsuredRelatedParty']/tbody/tr[@id='InsuredGuRelatedPartyVocation']/td/input[@name='InsuredGuRelatedPartyIndustryMainCode']
2020/07/14 11:59:21:060 DEBUG com.sinosoft.test.base.TestBase:76 - Trying to find Element By : By.xpath: //table[@id='InsuredRelatedParty']/tbody/tr[@id='InsuredGuRelatedPartyVocation']/td/input[@name='InsuredGuRelatedPartyIndustryMainCode']
2020/07/14 11:59:21:118 DEBUG com.sinosoft.test.base.TestBase:80 - Found Element By : By.xpath: //table[@id='InsuredRelatedParty']/tbody/tr[@id='InsuredGuRelatedPartyVocation']/td/input[@name='InsuredGuRelatedPartyIndustryMainCode']
2020/07/14 11:59:21:119 DEBUG com.sinosoft.test.base.TestBase:42 - CodeSelect:开始设置[[InternetExplorerDriver: internet explorer on WINDOWS (4a548bb5-95c0-4386-9c2f-1957e6da70d5)] -> xpath: //table[@id='InsuredRelatedParty']/tbody/tr[@id='InsuredGuRelatedPartyVocation']/td/input[@name='InsuredGuRelatedPartyIndustryMainCode']] & Code=12
2020/07/14 11:59:21:119 DEBUG com.sinosoft.test.base.TestBase:76 - Trying to find Element By : By.xpath: //table[@id='InsuredRelatedParty']/tbody/tr[@id='InsuredGuRelatedPartyVocation']/td/input[@name='InsuredGuRelatedPartyIndustryMainCode']
2020/07/14 11:59:21:179 DEBUG com.sinosoft.test.base.TestBase:80 - Found Element By : By.xpath: //table[@id='InsuredRelatedParty']/tbody/tr[@id='InsuredGuRelatedPartyVocation']/td/input[@name='InsuredGuRelatedPartyIndustryMainCode']
2020/07/14 11:59:22:262 DEBUG com.sinosoft.test.base.TestBase:272 - 系统窗口【黄河财险业务系统】with handle -2370f2ee-4274-4c1a-bebe-bf81c8137bb0
2020/07/14 11:59:22:924 DEBUG com.sinosoft.test.base.TestBase:272 - 系统窗口【黄河财险业务系统】with handle -2370f2ee-4274-4c1a-bebe-bf81c8137bb0
2020/07/14 11:59:23:557 DEBUG com.sinosoft.test.base.TestBase:272 - 系统窗口【Code Select】with handle -9ba366fb-2597-495a-8976-2020c3128d93
2020/07/14 11:59:24:067 DEBUG com.sinosoft.test.base.TestBase:69 - 初始化class com.sinosoft.test.fccp.common.CodeSelectPage
2020/07/14 11:59:24:067 DEBUG com.sinosoft.test.base.TestBase:39 - 基础码表选择！
2020/07/14 11:59:24:067 DEBUG com.sinosoft.test.base.TestBase:76 - Trying to find Element By : By.name: fieldValue
2020/07/14 11:59:24:339 DEBUG com.sinosoft.test.base.TestBase:80 - Found Element By : By.name: fieldValue
2020/07/14 11:59:24:342  INFO com.sinosoft.test.base.TestBase:360 - setEditboxValue:[[InternetExplorerDriver: internet explorer on WINDOWS (4a548bb5-95c0-4386-9c2f-1957e6da70d5)] -> name: fieldValue]：12
2020/07/14 11:59:25:396  INFO com.sinosoft.test.base.TestBase:363 - setEditboxValue—End:[[InternetExplorerDriver: internet explorer on WINDOWS (4a548bb5-95c0-4386-9c2f-1957e6da70d5)] -> name: fieldValue]：12
2020/07/14 11:59:25:397 DEBUG com.sinosoft.test.base.TestBase:76 - Trying to find Element By : By.xpath: //input[@value='查询(Q)']
2020/07/14 11:59:25:672 DEBUG com.sinosoft.test.base.TestBase:80 - Found Element By : By.xpath: //input[@value='查询(Q)']
2020/07/14 11:59:25:672  INFO com.sinosoft.test.base.TestBase:402 - clickButton:[[InternetExplorerDriver: internet explorer on WINDOWS (4a548bb5-95c0-4386-9c2f-1957e6da70d5)] -> xpath: //input[@value='查询(Q)']]
2020/07/14 11:59:25:672 DEBUG com.sinosoft.test.base.TestBase:42 - Trying to click on: [[InternetExplorerDriver: internet explorer on WINDOWS (4a548bb5-95c0-4386-9c2f-1957e6da70d5)] -> xpath: //input[@value='查询(Q)']]
2020/07/14 11:59:27:191 DEBUG com.sinosoft.test.base.TestBase:46 - Clicked on: [[InternetExplorerDriver: internet explorer on WINDOWS (4a548bb5-95c0-4386-9c2f-1957e6da70d5)] -> xpath: //input[@value='查询(Q)']]
2020/07/14 11:59:27:192 DEBUG com.sinosoft.test.base.TestBase:76 - Trying to find Element By : By.name: codeselect
2020/07/14 11:59:27:464 DEBUG com.sinosoft.test.base.TestBase:80 - Found Element By : By.name: codeselect
2020/07/14 11:59:27:464  INFO com.sinosoft.test.base.TestBase:132 - setFuzzySelect:[[InternetExplorerDriver: internet explorer on WINDOWS (4a548bb5-95c0-4386-9c2f-1957e6da70d5)] -> name: codeselect]->12
2020/07/14 11:59:28:000 DEBUG com.sinosoft.test.base.TestBase:76 - Trying to find Element By : By.tagName: option
2020/07/14 11:59:28:292 DEBUG com.sinosoft.test.base.TestBase:80 - Found Element By : By.tagName: option
2020/07/14 11:59:28:578  INFO com.sinosoft.test.base.TestBase:142 - 找到匹配【12】的选项：12--社会团体,机关,事业单位
2020/07/14 11:59:28:579 DEBUG com.sinosoft.test.base.TestBase:76 - Trying to find Element By : By.xpath: .//option[normalize-space(.) = "12--社会团体,机关,事业单位"]
2020/07/14 11:59:28:884 DEBUG com.sinosoft.test.base.TestBase:80 - Found Element By : By.xpath: .//option[normalize-space(.) = "12--社会团体,机关,事业单位"]
2020/07/14 11:59:29:176 DEBUG com.sinosoft.test.base.TestBase:42 - Trying to click on: [[[[InternetExplorerDriver: internet explorer on WINDOWS (4a548bb5-95c0-4386-9c2f-1957e6da70d5)] -> name: codeselect]] -> xpath: .//option[normalize-space(.) = "12--社会团体,机关,事业单位"]]
2020/07/14 11:59:29:591 DEBUG com.sinosoft.test.base.TestBase:46 - Clicked on: [[[[InternetExplorerDriver: internet explorer on WINDOWS (4a548bb5-95c0-4386-9c2f-1957e6da70d5)] -> name: codeselect]] -> xpath: .//option[normalize-space(.) = "12--社会团体,机关,事业单位"]]
2020/07/14 11:59:29:592 DEBUG com.sinosoft.test.base.TestBase:151 - setFuzzySelect 结束！
2020/07/14 11:59:29:592 DEBUG com.sinosoft.test.base.TestBase:76 - Trying to find Element By : By.name: SelectIt
2020/07/14 11:59:29:878 DEBUG com.sinosoft.test.base.TestBase:80 - Found Element By : By.name: SelectIt
2020/07/14 11:59:29:879  INFO com.sinosoft.test.base.TestBase:416 - jsClickButton:[[InternetExplorerDriver: internet explorer on WINDOWS (4a548bb5-95c0-4386-9c2f-1957e6da70d5)] -> name: SelectIt]
2020/07/14 11:59:29:879  INFO com.sinosoft.test.base.TestBase:144 - RunJavaScript:[[InternetExplorerDriver: internet explorer on WINDOWS (4a548bb5-95c0-4386-9c2f-1957e6da70d5)] -> name: SelectIt]	arguments[0].click();
2020/07/14 11:59:30:637 DEBUG com.sinosoft.test.base.TestBase:272 - 系统窗口【黄河财险业务系统】with handle -2370f2ee-4274-4c1a-bebe-bf81c8137bb0
2020/07/14 11:59:35:909 DEBUG com.sinosoft.test.base.TestBase:76 - Trying to find Element By : By.xpath: //table[@id='InsuredRelatedParty']/tbody/tr[@id='InsuredGuRelatedPartyVocation']/td/input[@name='InsuredGuRelatedPartyIndustryMainCode']
2020/07/14 11:59:35:957 DEBUG com.sinosoft.test.base.TestBase:80 - Found Element By : By.xpath: //table[@id='InsuredRelatedParty']/tbody/tr[@id='InsuredGuRelatedPartyVocation']/td/input[@name='InsuredGuRelatedPartyIndustryMainCode']
2020/07/14 11:59:35:957 DEBUG com.sinosoft.test.base.TestBase:49 - CodeSelect:设置完毕[[InternetExplorerDriver: internet explorer on WINDOWS (4a548bb5-95c0-4386-9c2f-1957e6da70d5)] -> xpath: //table[@id='InsuredRelatedParty']/tbody/tr[@id='InsuredGuRelatedPartyVocation']/td/input[@name='InsuredGuRelatedPartyIndustryMainCode']] & Code=12
2020/07/14 11:59:35:957 DEBUG com.sinosoft.test.base.TestBase:76 - Trying to find Element By : By.xpath: //table[@id='InsuredRelatedParty']/tbody/tr[@id='InsuredGuRelatedPartyVocation']/td/input[@name='InsuredGuRelatedPartyIndustryKindCode']
2020/07/14 11:59:36:015 DEBUG com.sinosoft.test.base.TestBase:80 - Found Element By : By.xpath: //table[@id='InsuredRelatedParty']/tbody/tr[@id='InsuredGuRelatedPartyVocation']/td/input[@name='InsuredGuRelatedPartyIndustryKindCode']
2020/07/14 11:59:36:041 DEBUG com.sinosoft.test.base.TestBase:76 - Trying to find Element By : By.xpath: //table[@id='InsuredRelatedParty']/tbody/tr[@id='InsuredGuRelatedPartyVocation']/td/input[@name='InsuredGuRelatedPartyIndustryKindCode']
2020/07/14 11:59:36:110 DEBUG com.sinosoft.test.base.TestBase:80 - Found Element By : By.xpath: //table[@id='InsuredRelatedParty']/tbody/tr[@id='InsuredGuRelatedPartyVocation']/td/input[@name='InsuredGuRelatedPartyIndustryKindCode']
2020/07/14 11:59:36:110 DEBUG com.sinosoft.test.base.TestBase:63 - SetCodeEditBox:开始设置:[[InternetExplorerDriver: internet explorer on WINDOWS (4a548bb5-95c0-4386-9c2f-1957e6da70d5)] -> xpath: //table[@id='InsuredRelatedParty']/tbody/tr[@id='InsuredGuRelatedPartyVocation']/td/input[@name='InsuredGuRelatedPartyIndustryKindCode']] & Code=12006
2020/07/14 11:59:36:110 DEBUG com.sinosoft.test.base.TestBase:76 - Trying to find Element By : By.xpath: //table[@id='InsuredRelatedParty']/tbody/tr[@id='InsuredGuRelatedPartyVocation']/td/input[@name='InsuredGuRelatedPartyIndustryKindCode']
2020/07/14 11:59:36:160 DEBUG com.sinosoft.test.base.TestBase:80 - Found Element By : By.xpath: //table[@id='InsuredRelatedParty']/tbody/tr[@id='InsuredGuRelatedPartyVocation']/td/input[@name='InsuredGuRelatedPartyIndustryKindCode']
2020/07/14 11:59:36:391 DEBUG com.sinosoft.test.base.TestBase:76 - Trying to find Element By : By.xpath: //table[@id='InsuredRelatedParty']/tbody/tr[@id='InsuredGuRelatedPartyVocation']/td/input[@name='InsuredGuRelatedPartyIndustryKindCode']
2020/07/14 11:59:36:454 DEBUG com.sinosoft.test.base.TestBase:80 - Found Element By : By.xpath: //table[@id='InsuredRelatedParty']/tbody/tr[@id='InsuredGuRelatedPartyVocation']/td/input[@name='InsuredGuRelatedPartyIndustryKindCode']
2020/07/14 11:59:37:067 DEBUG com.sinosoft.test.base.TestBase:76 - Trying to find Element By : By.xpath: //table[@id='InsuredRelatedParty']/tbody/tr[@id='InsuredGuRelatedPartyVocation']/td/input[@name='InsuredGuRelatedPartyIndustryKindCode']
2020/07/14 11:59:37:097 DEBUG com.sinosoft.test.base.TestBase:80 - Found Element By : By.xpath: //table[@id='InsuredRelatedParty']/tbody/tr[@id='InsuredGuRelatedPartyVocation']/td/input[@name='InsuredGuRelatedPartyIndustryKindCode']
2020/07/14 11:59:37:097 DEBUG com.sinosoft.test.base.TestBase:76 - Trying to find Element By : By.xpath: ../input[last()]
2020/07/14 11:59:37:155 DEBUG com.sinosoft.test.base.TestBase:80 - Found Element By : By.xpath: ../input[last()]
2020/07/14 11:59:37:284  INFO com.sinosoft.test.base.TestBase:71 - SetCodeEditBox:找到了Code对应的文本显示框并点击触发显示:InsuredGuRelatedPartyIndustryKindCName
2020/07/14 11:59:37:284 DEBUG com.sinosoft.test.base.TestBase:42 - Trying to click on: [[[[InternetExplorerDriver: internet explorer on WINDOWS (4a548bb5-95c0-4386-9c2f-1957e6da70d5)] -> xpath: //table[@id='InsuredRelatedParty']/tbody/tr[@id='InsuredGuRelatedPartyVocation']/td/input[@name='InsuredGuRelatedPartyIndustryKindCode']]] -> xpath: ../input[last()]]
2020/07/14 11:59:38:383 DEBUG com.sinosoft.test.base.TestBase:46 - Clicked on: [[[[InternetExplorerDriver: internet explorer on WINDOWS (4a548bb5-95c0-4386-9c2f-1957e6da70d5)] -> xpath: //table[@id='InsuredRelatedParty']/tbody/tr[@id='InsuredGuRelatedPartyVocation']/td/input[@name='InsuredGuRelatedPartyIndustryKindCode']]] -> xpath: ../input[last()]]
2020/07/14 11:59:38:584 DEBUG com.sinosoft.test.base.TestBase:76 - Trying to find Element By : By.xpath: //table[@id='InsuredRelatedParty']/tbody/tr[@id='InsuredGuRelatedPartyVocation']/td/input[@name='InsuredGuRelatedPartyIndustryKindCode']
2020/07/14 11:59:38:608 DEBUG com.sinosoft.test.base.TestBase:80 - Found Element By : By.xpath: //table[@id='InsuredRelatedParty']/tbody/tr[@id='InsuredGuRelatedPartyVocation']/td/input[@name='InsuredGuRelatedPartyIndustryKindCode']
2020/07/14 11:59:38:608 DEBUG com.sinosoft.test.base.TestBase:87 - SetCodeEditBox:设置完毕[[InternetExplorerDriver: internet explorer on WINDOWS (4a548bb5-95c0-4386-9c2f-1957e6da70d5)] -> xpath: //table[@id='InsuredRelatedParty']/tbody/tr[@id='InsuredGuRelatedPartyVocation']/td/input[@name='InsuredGuRelatedPartyIndustryKindCode']],设置值 Code=12006
2020/07/14 11:59:38:610  INFO com.sinosoft.test.base.TestBase:157 - 保存险种基本信息
2020/07/14 11:59:38:611 DEBUG com.sinosoft.test.base.TestBase:76 - Trying to find Element By : By.id: saveButton
2020/07/14 11:59:38:702 DEBUG com.sinosoft.test.base.TestBase:80 - Found Element By : By.id: saveButton
2020/07/14 11:59:38:703  INFO com.sinosoft.test.base.TestBase:416 - jsClickButton:[[InternetExplorerDriver: internet explorer on WINDOWS (4a548bb5-95c0-4386-9c2f-1957e6da70d5)] -> id: saveButton]
2020/07/14 11:59:38:703 DEBUG com.sinosoft.test.base.TestBase:76 - Trying to find Element By : By.id: saveButton
2020/07/14 11:59:38:750 DEBUG com.sinosoft.test.base.TestBase:80 - Found Element By : By.id: saveButton
2020/07/14 11:59:38:750  INFO com.sinosoft.test.base.TestBase:144 - RunJavaScript:[[InternetExplorerDriver: internet explorer on WINDOWS (4a548bb5-95c0-4386-9c2f-1957e6da70d5)] -> id: saveButton]	arguments[0].click();
2020/07/14 11:59:38:750 DEBUG com.sinosoft.test.base.TestBase:76 - Trying to find Element By : By.id: saveButton
2020/07/14 11:59:38:817 DEBUG com.sinosoft.test.base.TestBase:80 - Found Element By : By.id: saveButton
2020/07/14 11:59:40:007 DEBUG com.sinosoft.test.base.TestBase:69 - 初始化class com.sinosoft.test.fccp.tbcl.RiskDetail_insuredObjPage
2020/07/14 11:59:45:184 DEBUG com.sinosoft.test.base.TestBase:76 - Trying to find Element By : By.id: ItemPropertyDetail
2020/07/14 11:59:45:244 DEBUG com.sinosoft.test.base.TestBase:80 - Found Element By : By.id: ItemPropertyDetail
2020/07/14 11:59:45:244 DEBUG com.sinosoft.test.base.TestBase:213 - 进入保险标的信息页面对象！
2020/07/14 11:59:45:245  INFO com.sinosoft.test.base.TestBase:222 - 开始录入标的物信息！
2020/07/14 11:59:45:247 DEBUG com.sinosoft.test.base.TestBase:69 - 初始化class com.sinosoft.test.fccp.tbcl.InsuredObjectInfoPage_0101
2020/07/14 11:59:45:247 DEBUG com.sinosoft.test.base.TestBase:76 - Trying to find Element By : By.name: GuItemPropertyBlockCode
2020/07/14 11:59:45:310 DEBUG com.sinosoft.test.base.TestBase:80 - Found Element By : By.name: GuItemPropertyBlockCode
2020/07/14 11:59:45:310  INFO com.sinosoft.test.base.TestBase:30 - 开始录入标的物信息！
2020/07/14 11:59:45:311 DEBUG com.sinosoft.test.base.TestBase:76 - Trying to find Element By : By.name: GuItemPropertyBlockCode
2020/07/14 11:59:45:369 DEBUG com.sinosoft.test.base.TestBase:80 - Found Element By : By.name: GuItemPropertyBlockCode
2020/07/14 11:59:45:369  INFO com.sinosoft.test.base.TestBase:388 - setEditboxTValue:[[InternetExplorerDriver: internet explorer on WINDOWS (4a548bb5-95c0-4386-9c2f-1957e6da70d5)] -> name: GuItemPropertyBlockCode]->121121123123
2020/07/14 11:59:45:369 DEBUG com.sinosoft.test.base.TestBase:76 - Trying to find Element By : By.name: GuItemPropertyBlockCode
2020/07/14 11:59:45:426 DEBUG com.sinosoft.test.base.TestBase:80 - Found Element By : By.name: GuItemPropertyBlockCode
2020/07/14 11:59:45:660 DEBUG com.sinosoft.test.base.TestBase:76 - Trying to find Element By : By.name: GuItemPropertyBlockCode
2020/07/14 11:59:45:729 DEBUG com.sinosoft.test.base.TestBase:80 - Found Element By : By.name: GuItemPropertyBlockCode
2020/07/14 11:59:51:198 DEBUG com.sinosoft.test.base.TestBase:76 - Trying to find Element By : By.name: GuItemPropertyCurrency
2020/07/14 11:59:51:247 DEBUG com.sinosoft.test.base.TestBase:80 - Found Element By : By.name: GuItemPropertyCurrency
2020/07/14 11:59:51:278 DEBUG com.sinosoft.test.base.TestBase:76 - Trying to find Element By : By.name: GuItemPropertyItemProvinceCode
2020/07/14 11:59:51:348 DEBUG com.sinosoft.test.base.TestBase:80 - Found Element By : By.name: GuItemPropertyItemProvinceCode
2020/07/14 11:59:51:377 DEBUG com.sinosoft.test.base.TestBase:76 - Trying to find Element By : By.name: GuItemPropertyItemProvinceCode
2020/07/14 11:59:51:445 DEBUG com.sinosoft.test.base.TestBase:80 - Found Element By : By.name: GuItemPropertyItemProvinceCode
2020/07/14 11:59:51:446 DEBUG com.sinosoft.test.base.TestBase:63 - SetCodeEditBox:开始设置:[[InternetExplorerDriver: internet explorer on WINDOWS (4a548bb5-95c0-4386-9c2f-1957e6da70d5)] -> name: GuItemPropertyItemProvinceCode] & Code=130000
2020/07/14 11:59:51:446 DEBUG com.sinosoft.test.base.TestBase:76 - Trying to find Element By : By.name: GuItemPropertyItemProvinceCode
2020/07/14 11:59:51:503 DEBUG com.sinosoft.test.base.TestBase:80 - Found Element By : By.name: GuItemPropertyItemProvinceCode
2020/07/14 11:59:51:714 DEBUG com.sinosoft.test.base.TestBase:76 - Trying to find Element By : By.name: GuItemPropertyItemProvinceCode
2020/07/14 11:59:51:801 DEBUG com.sinosoft.test.base.TestBase:80 - Found Element By : By.name: GuItemPropertyItemProvinceCode
2020/07/14 11:59:52:411 DEBUG com.sinosoft.test.base.TestBase:76 - Trying to find Element By : By.name: GuItemPropertyItemProvinceCode
2020/07/14 11:59:52:471 DEBUG com.sinosoft.test.base.TestBase:80 - Found Element By : By.name: GuItemPropertyItemProvinceCode
2020/07/14 11:59:52:472 DEBUG com.sinosoft.test.base.TestBase:76 - Trying to find Element By : By.xpath: ../input[last()]
2020/07/14 11:59:52:535 DEBUG com.sinosoft.test.base.TestBase:80 - Found Element By : By.xpath: ../input[last()]
2020/07/14 11:59:52:669  INFO com.sinosoft.test.base.TestBase:71 - SetCodeEditBox:找到了Code对应的文本显示框并点击触发显示:GuItemPropertyItemProvinceCName
2020/07/14 11:59:52:670 DEBUG com.sinosoft.test.base.TestBase:42 - Trying to click on: [[[[InternetExplorerDriver: internet explorer on WINDOWS (4a548bb5-95c0-4386-9c2f-1957e6da70d5)] -> name: GuItemPropertyItemProvinceCode]] -> xpath: ../input[last()]]
2020/07/14 11:59:53:750 DEBUG com.sinosoft.test.base.TestBase:46 - Clicked on: [[[[InternetExplorerDriver: internet explorer on WINDOWS (4a548bb5-95c0-4386-9c2f-1957e6da70d5)] -> name: GuItemPropertyItemProvinceCode]] -> xpath: ../input[last()]]
2020/07/14 11:59:53:951 DEBUG com.sinosoft.test.base.TestBase:76 - Trying to find Element By : By.name: GuItemPropertyItemProvinceCode
2020/07/14 11:59:54:011 DEBUG com.sinosoft.test.base.TestBase:80 - Found Element By : By.name: GuItemPropertyItemProvinceCode
2020/07/14 11:59:54:012 DEBUG com.sinosoft.test.base.TestBase:87 - SetCodeEditBox:设置完毕[[InternetExplorerDriver: internet explorer on WINDOWS (4a548bb5-95c0-4386-9c2f-1957e6da70d5)] -> name: GuItemPropertyItemProvinceCode],设置值 Code=130000
2020/07/14 11:59:54:012 DEBUG com.sinosoft.test.base.TestBase:76 - Trying to find Element By : By.name: GuItemPropertyItemCityCode
2020/07/14 11:59:54:072 DEBUG com.sinosoft.test.base.TestBase:80 - Found Element By : By.name: GuItemPropertyItemCityCode
2020/07/14 11:59:54:098 DEBUG com.sinosoft.test.base.TestBase:76 - Trying to find Element By : By.name: GuItemPropertyItemCityCode
2020/07/14 11:59:54:170 DEBUG com.sinosoft.test.base.TestBase:80 - Found Element By : By.name: GuItemPropertyItemCityCode
2020/07/14 11:59:54:170 DEBUG com.sinosoft.test.base.TestBase:63 - SetCodeEditBox:开始设置:[[InternetExplorerDriver: internet explorer on WINDOWS (4a548bb5-95c0-4386-9c2f-1957e6da70d5)] -> name: GuItemPropertyItemCityCode] & Code=130300
2020/07/14 11:59:54:170 DEBUG com.sinosoft.test.base.TestBase:76 - Trying to find Element By : By.name: GuItemPropertyItemCityCode
2020/07/14 11:59:54:240 DEBUG com.sinosoft.test.base.TestBase:80 - Found Element By : By.name: GuItemPropertyItemCityCode
2020/07/14 11:59:54:488 DEBUG com.sinosoft.test.base.TestBase:76 - Trying to find Element By : By.name: GuItemPropertyItemCityCode
2020/07/14 11:59:54:548 DEBUG com.sinosoft.test.base.TestBase:80 - Found Element By : By.name: GuItemPropertyItemCityCode
2020/07/14 11:59:55:142 DEBUG com.sinosoft.test.base.TestBase:76 - Trying to find Element By : By.name: GuItemPropertyItemCityCode
2020/07/14 11:59:55:211 DEBUG com.sinosoft.test.base.TestBase:80 - Found Element By : By.name: GuItemPropertyItemCityCode
2020/07/14 11:59:55:212 DEBUG com.sinosoft.test.base.TestBase:76 - Trying to find Element By : By.xpath: ../input[last()]
2020/07/14 11:59:55:279 DEBUG com.sinosoft.test.base.TestBase:80 - Found Element By : By.xpath: ../input[last()]
2020/07/14 11:59:55:398  INFO com.sinosoft.test.base.TestBase:71 - SetCodeEditBox:找到了Code对应的文本显示框并点击触发显示:GuItemPropertyItemCityCName
2020/07/14 11:59:55:399 DEBUG com.sinosoft.test.base.TestBase:42 - Trying to click on: [[[[InternetExplorerDriver: internet explorer on WINDOWS (4a548bb5-95c0-4386-9c2f-1957e6da70d5)] -> name: GuItemPropertyItemCityCode]] -> xpath: ../input[last()]]
2020/07/14 11:59:56:480 DEBUG com.sinosoft.test.base.TestBase:46 - Clicked on: [[[[InternetExplorerDriver: internet explorer on WINDOWS (4a548bb5-95c0-4386-9c2f-1957e6da70d5)] -> name: GuItemPropertyItemCityCode]] -> xpath: ../input[last()]]
2020/07/14 11:59:56:681 DEBUG com.sinosoft.test.base.TestBase:76 - Trying to find Element By : By.name: GuItemPropertyItemCityCode
2020/07/14 11:59:56:730 DEBUG com.sinosoft.test.base.TestBase:80 - Found Element By : By.name: GuItemPropertyItemCityCode
2020/07/14 11:59:56:731 DEBUG com.sinosoft.test.base.TestBase:87 - SetCodeEditBox:设置完毕[[InternetExplorerDriver: internet explorer on WINDOWS (4a548bb5-95c0-4386-9c2f-1957e6da70d5)] -> name: GuItemPropertyItemCityCode],设置值 Code=130300
2020/07/14 11:59:56:731 DEBUG com.sinosoft.test.base.TestBase:76 - Trying to find Element By : By.name: GuItemPropertyItemPostalCode
2020/07/14 11:59:56:777 DEBUG com.sinosoft.test.base.TestBase:80 - Found Element By : By.name: GuItemPropertyItemPostalCode
2020/07/14 11:59:56:777  INFO com.sinosoft.test.base.TestBase:360 - setEditboxValue:[[InternetExplorerDriver: internet explorer on WINDOWS (4a548bb5-95c0-4386-9c2f-1957e6da70d5)] -> name: GuItemPropertyItemPostalCode]：065201
2020/07/14 11:59:56:777 DEBUG com.sinosoft.test.base.TestBase:76 - Trying to find Element By : By.name: GuItemPropertyItemPostalCode
2020/07/14 11:59:56:824 DEBUG com.sinosoft.test.base.TestBase:80 - Found Element By : By.name: GuItemPropertyItemPostalCode
2020/07/14 11:59:57:059 DEBUG com.sinosoft.test.base.TestBase:76 - Trying to find Element By : By.name: GuItemPropertyItemPostalCode
2020/07/14 11:59:57:109 DEBUG com.sinosoft.test.base.TestBase:80 - Found Element By : By.name: GuItemPropertyItemPostalCode
2020/07/14 11:59:57:487 DEBUG com.sinosoft.test.base.TestBase:76 - Trying to find Element By : By.name: GuItemPropertyItemPostalCode
2020/07/14 11:59:57:547 DEBUG com.sinosoft.test.base.TestBase:80 - Found Element By : By.name: GuItemPropertyItemPostalCode
2020/07/14 11:59:57:549  INFO com.sinosoft.test.base.TestBase:363 - setEditboxValue—End:[[InternetExplorerDriver: internet explorer on WINDOWS (4a548bb5-95c0-4386-9c2f-1957e6da70d5)] -> name: GuItemPropertyItemPostalCode]：065201
2020/07/14 11:59:57:550 DEBUG com.sinosoft.test.base.TestBase:76 - Trying to find Element By : By.name: GuItemPropertyConstruction
2020/07/14 11:59:57:633 DEBUG com.sinosoft.test.base.TestBase:80 - Found Element By : By.name: GuItemPropertyConstruction
2020/07/14 11:59:57:658 DEBUG com.sinosoft.test.base.TestBase:76 - Trying to find Element By : By.name: GuItemPropertySituation
2020/07/14 11:59:57:738 DEBUG com.sinosoft.test.base.TestBase:80 - Found Element By : By.name: GuItemPropertySituation
2020/07/14 11:59:57:739  INFO com.sinosoft.test.base.TestBase:360 - setEditboxValue:[[InternetExplorerDriver: internet explorer on WINDOWS (4a548bb5-95c0-4386-9c2f-1957e6da70d5)] -> name: GuItemPropertySituation]：北戴河公园
2020/07/14 11:59:57:739 DEBUG com.sinosoft.test.base.TestBase:76 - Trying to find Element By : By.name: GuItemPropertySituation
2020/07/14 11:59:57:800 DEBUG com.sinosoft.test.base.TestBase:80 - Found Element By : By.name: GuItemPropertySituation
2020/07/14 11:59:58:085 DEBUG com.sinosoft.test.base.TestBase:76 - Trying to find Element By : By.name: GuItemPropertySituation
2020/07/14 11:59:58:154 DEBUG com.sinosoft.test.base.TestBase:80 - Found Element By : By.name: GuItemPropertySituation
2020/07/14 11:59:58:571 DEBUG com.sinosoft.test.base.TestBase:76 - Trying to find Element By : By.name: GuItemPropertySituation
2020/07/14 11:59:58:629 DEBUG com.sinosoft.test.base.TestBase:80 - Found Element By : By.name: GuItemPropertySituation
2020/07/14 11:59:58:631  INFO com.sinosoft.test.base.TestBase:363 - setEditboxValue—End:[[InternetExplorerDriver: internet explorer on WINDOWS (4a548bb5-95c0-4386-9c2f-1957e6da70d5)] -> name: GuItemPropertySituation]：北戴河公园
2020/07/14 11:59:58:632 DEBUG com.sinosoft.test.base.TestBase:232 - 开始录入险种明细信息
2020/07/14 11:59:58:633 DEBUG com.sinosoft.test.base.TestBase:76 - Trying to find Element By : By.id: ItemPropertyDetail
2020/07/14 11:59:58:722 DEBUG com.sinosoft.test.base.TestBase:80 - Found Element By : By.id: ItemPropertyDetail
2020/07/14 11:59:58:723  INFO com.sinosoft.test.base.TestBase:406 - clickElement:[[InternetExplorerDriver: internet explorer on WINDOWS (4a548bb5-95c0-4386-9c2f-1957e6da70d5)] -> id: ItemPropertyDetail]
2020/07/14 11:59:58:723 DEBUG com.sinosoft.test.base.TestBase:76 - Trying to find Element By : By.id: ItemPropertyDetail
2020/07/14 11:59:58:793 DEBUG com.sinosoft.test.base.TestBase:80 - Found Element By : By.id: ItemPropertyDetail
2020/07/14 11:59:58:795 DEBUG com.sinosoft.test.base.TestBase:42 - Trying to click on: [[InternetExplorerDriver: internet explorer on WINDOWS (4a548bb5-95c0-4386-9c2f-1957e6da70d5)] -> id: ItemPropertyDetail]
2020/07/14 12:00:00:097 DEBUG com.sinosoft.test.base.TestBase:46 - Clicked on: [[InternetExplorerDriver: internet explorer on WINDOWS (4a548bb5-95c0-4386-9c2f-1957e6da70d5)] -> id: ItemPropertyDetail]
2020/07/14 12:00:00:097 DEBUG com.sinosoft.test.base.TestBase:76 - Trying to find Element By : By.id: ItemPropertyDetail
2020/07/14 12:00:00:177 DEBUG com.sinosoft.test.base.TestBase:80 - Found Element By : By.id: ItemPropertyDetail
2020/07/14 12:00:00:178 DEBUG com.sinosoft.test.base.TestBase:76 - Trying to find Element By : By.name: GuItemPropertyDetailItemDetailCode
2020/07/14 12:00:00:218 DEBUG com.sinosoft.test.base.TestBase:80 - Found Element By : By.name: GuItemPropertyDetailItemDetailCode
2020/07/14 12:00:00:218 DEBUG com.sinosoft.test.base.TestBase:76 - Trying to find Element By : By.id: ItemPropertyDetail
2020/07/14 12:00:00:277 DEBUG com.sinosoft.test.base.TestBase:80 - Found Element By : By.id: ItemPropertyDetail
2020/07/14 12:00:00:278 DEBUG com.sinosoft.test.base.TestBase:76 - Trying to find Element By : By.name: GuItemPropertyDetailItemDetailList
2020/07/14 12:00:00:310 DEBUG com.sinosoft.test.base.TestBase:80 - Found Element By : By.name: GuItemPropertyDetailItemDetailList
2020/07/14 12:00:00:373 DEBUG com.sinosoft.test.base.TestBase:42 - CodeSelect:开始设置[[[[InternetExplorerDriver: internet explorer on WINDOWS (4a548bb5-95c0-4386-9c2f-1957e6da70d5)] -> id: ItemPropertyDetail]] -> name: GuItemPropertyDetailItemDetailCode] & Code=010001
2020/07/14 12:00:01:534 DEBUG com.sinosoft.test.base.TestBase:272 - 系统窗口【黄河财险业务系统】with handle -2370f2ee-4274-4c1a-bebe-bf81c8137bb0
2020/07/14 12:00:02:191 DEBUG com.sinosoft.test.base.TestBase:272 - 系统窗口【黄河财险业务系统】with handle -2370f2ee-4274-4c1a-bebe-bf81c8137bb0
2020/07/14 12:00:02:820 DEBUG com.sinosoft.test.base.TestBase:272 - 系统窗口【Code Select】with handle -eabc4211-30d9-407a-aa99-3aad5795b5b7
2020/07/14 12:00:03:332 DEBUG com.sinosoft.test.base.TestBase:69 - 初始化class com.sinosoft.test.fccp.common.CodeSelectPage
2020/07/14 12:00:03:332 DEBUG com.sinosoft.test.base.TestBase:39 - 基础码表选择！
2020/07/14 12:00:03:332 DEBUG com.sinosoft.test.base.TestBase:76 - Trying to find Element By : By.name: fieldValue
2020/07/14 12:00:03:603 DEBUG com.sinosoft.test.base.TestBase:80 - Found Element By : By.name: fieldValue
2020/07/14 12:00:03:603  INFO com.sinosoft.test.base.TestBase:360 - setEditboxValue:[[InternetExplorerDriver: internet explorer on WINDOWS (4a548bb5-95c0-4386-9c2f-1957e6da70d5)] -> name: fieldValue]：010001
2020/07/14 12:00:04:661  INFO com.sinosoft.test.base.TestBase:363 - setEditboxValue—End:[[InternetExplorerDriver: internet explorer on WINDOWS (4a548bb5-95c0-4386-9c2f-1957e6da70d5)] -> name: fieldValue]：010001
2020/07/14 12:00:04:662 DEBUG com.sinosoft.test.base.TestBase:76 - Trying to find Element By : By.xpath: //input[@value='查询(Q)']
2020/07/14 12:00:04:946 DEBUG com.sinosoft.test.base.TestBase:80 - Found Element By : By.xpath: //input[@value='查询(Q)']
2020/07/14 12:00:04:946  INFO com.sinosoft.test.base.TestBase:402 - clickButton:[[InternetExplorerDriver: internet explorer on WINDOWS (4a548bb5-95c0-4386-9c2f-1957e6da70d5)] -> xpath: //input[@value='查询(Q)']]
2020/07/14 12:00:04:946 DEBUG com.sinosoft.test.base.TestBase:42 - Trying to click on: [[InternetExplorerDriver: internet explorer on WINDOWS (4a548bb5-95c0-4386-9c2f-1957e6da70d5)] -> xpath: //input[@value='查询(Q)']]
2020/07/14 12:00:06:508 DEBUG com.sinosoft.test.base.TestBase:46 - Clicked on: [[InternetExplorerDriver: internet explorer on WINDOWS (4a548bb5-95c0-4386-9c2f-1957e6da70d5)] -> xpath: //input[@value='查询(Q)']]
2020/07/14 12:00:06:508 DEBUG com.sinosoft.test.base.TestBase:76 - Trying to find Element By : By.name: codeselect
2020/07/14 12:00:06:794 DEBUG com.sinosoft.test.base.TestBase:80 - Found Element By : By.name: codeselect
2020/07/14 12:00:06:794  INFO com.sinosoft.test.base.TestBase:132 - setFuzzySelect:[[InternetExplorerDriver: internet explorer on WINDOWS (4a548bb5-95c0-4386-9c2f-1957e6da70d5)] -> name: codeselect]->010001
2020/07/14 12:00:07:344 DEBUG com.sinosoft.test.base.TestBase:76 - Trying to find Element By : By.tagName: option
2020/07/14 12:00:07:631 DEBUG com.sinosoft.test.base.TestBase:80 - Found Element By : By.tagName: option
2020/07/14 12:00:07:928  INFO com.sinosoft.test.base.TestBase:142 - 找到匹配【010001】的选项：010001--固定资产
2020/07/14 12:00:07:928 DEBUG com.sinosoft.test.base.TestBase:76 - Trying to find Element By : By.xpath: .//option[normalize-space(.) = "010001--固定资产"]
2020/07/14 12:00:08:242 DEBUG com.sinosoft.test.base.TestBase:80 - Found Element By : By.xpath: .//option[normalize-space(.) = "010001--固定资产"]
2020/07/14 12:00:08:529 DEBUG com.sinosoft.test.base.TestBase:42 - Trying to click on: [[[[InternetExplorerDriver: internet explorer on WINDOWS (4a548bb5-95c0-4386-9c2f-1957e6da70d5)] -> name: codeselect]] -> xpath: .//option[normalize-space(.) = "010001--固定资产"]]
2020/07/14 12:00:08:940 DEBUG com.sinosoft.test.base.TestBase:46 - Clicked on: [[[[InternetExplorerDriver: internet explorer on WINDOWS (4a548bb5-95c0-4386-9c2f-1957e6da70d5)] -> name: codeselect]] -> xpath: .//option[normalize-space(.) = "010001--固定资产"]]
2020/07/14 12:00:08:941 DEBUG com.sinosoft.test.base.TestBase:151 - setFuzzySelect 结束！
2020/07/14 12:00:08:941 DEBUG com.sinosoft.test.base.TestBase:76 - Trying to find Element By : By.name: SelectIt
2020/07/14 12:00:09:215 DEBUG com.sinosoft.test.base.TestBase:80 - Found Element By : By.name: SelectIt
2020/07/14 12:00:09:215  INFO com.sinosoft.test.base.TestBase:416 - jsClickButton:[[InternetExplorerDriver: internet explorer on WINDOWS (4a548bb5-95c0-4386-9c2f-1957e6da70d5)] -> name: SelectIt]
2020/07/14 12:00:09:215  INFO com.sinosoft.test.base.TestBase:144 - RunJavaScript:[[InternetExplorerDriver: internet explorer on WINDOWS (4a548bb5-95c0-4386-9c2f-1957e6da70d5)] -> name: SelectIt]	arguments[0].click();
2020/07/14 12:00:09:938 DEBUG com.sinosoft.test.base.TestBase:272 - 系统窗口【黄河财险业务系统】with handle -2370f2ee-4274-4c1a-bebe-bf81c8137bb0
2020/07/14 12:00:15:133 DEBUG com.sinosoft.test.base.TestBase:49 - CodeSelect:设置完毕[[[[InternetExplorerDriver: internet explorer on WINDOWS (4a548bb5-95c0-4386-9c2f-1957e6da70d5)] -> id: ItemPropertyDetail]] -> name: GuItemPropertyDetailItemDetailCode] & Code=010001
2020/07/14 12:00:15:133  INFO com.sinosoft.test.base.TestBase:360 - setEditboxValue:[[[[InternetExplorerDriver: internet explorer on WINDOWS (4a548bb5-95c0-4386-9c2f-1957e6da70d5)] -> id: ItemPropertyDetail]] -> name: GuItemPropertyDetailItemDetailList]：碣石公园礁石群
2020/07/14 12:00:15:698  INFO com.sinosoft.test.base.TestBase:363 - setEditboxValue—End:[[[[InternetExplorerDriver: internet explorer on WINDOWS (4a548bb5-95c0-4386-9c2f-1957e6da70d5)] -> id: ItemPropertyDetail]] -> name: GuItemPropertyDetailItemDetailList]：碣石公园礁石群
2020/07/14 12:00:15:698 DEBUG com.sinosoft.test.base.TestBase:76 - Trying to find Element By : By.id: ItemPropertyDetail
2020/07/14 12:00:15:756 DEBUG com.sinosoft.test.base.TestBase:80 - Found Element By : By.id: ItemPropertyDetail
2020/07/14 12:00:15:756 DEBUG com.sinosoft.test.base.TestBase:76 - Trying to find Element By : By.name: GuItemKindKindCode
2020/07/14 12:00:15:802 DEBUG com.sinosoft.test.base.TestBase:80 - Found Element By : By.name: GuItemKindKindCode
2020/07/14 12:00:15:831 DEBUG com.sinosoft.test.base.TestBase:42 - CodeSelect:开始设置[[[[InternetExplorerDriver: internet explorer on WINDOWS (4a548bb5-95c0-4386-9c2f-1957e6da70d5)] -> id: ItemPropertyDetail]] -> name: GuItemKindKindCode] & Code=0101001
2020/07/14 12:00:16:959 DEBUG com.sinosoft.test.base.TestBase:272 - 系统窗口【黄河财险业务系统】with handle -2370f2ee-4274-4c1a-bebe-bf81c8137bb0
2020/07/14 12:00:17:625 DEBUG com.sinosoft.test.base.TestBase:272 - 系统窗口【黄河财险业务系统】with handle -2370f2ee-4274-4c1a-bebe-bf81c8137bb0
2020/07/14 12:00:18:258 DEBUG com.sinosoft.test.base.TestBase:272 - 系统窗口【Code Select】with handle -f38f58f5-d669-4318-af86-a28d52f0aac8
2020/07/14 12:00:18:772 DEBUG com.sinosoft.test.base.TestBase:69 - 初始化class com.sinosoft.test.fccp.common.CodeSelectPage
2020/07/14 12:00:18:773 DEBUG com.sinosoft.test.base.TestBase:39 - 基础码表选择！
2020/07/14 12:00:18:773 DEBUG com.sinosoft.test.base.TestBase:76 - Trying to find Element By : By.name: fieldValue
2020/07/14 12:00:19:041 DEBUG com.sinosoft.test.base.TestBase:80 - Found Element By : By.name: fieldValue
2020/07/14 12:00:19:042  INFO com.sinosoft.test.base.TestBase:360 - setEditboxValue:[[InternetExplorerDriver: internet explorer on WINDOWS (4a548bb5-95c0-4386-9c2f-1957e6da70d5)] -> name: fieldValue]：0101001
2020/07/14 12:00:20:098  INFO com.sinosoft.test.base.TestBase:363 - setEditboxValue—End:[[InternetExplorerDriver: internet explorer on WINDOWS (4a548bb5-95c0-4386-9c2f-1957e6da70d5)] -> name: fieldValue]：0101001
2020/07/14 12:00:20:099 DEBUG com.sinosoft.test.base.TestBase:76 - Trying to find Element By : By.xpath: //input[@value='查询(Q)']
2020/07/14 12:00:20:384 DEBUG com.sinosoft.test.base.TestBase:80 - Found Element By : By.xpath: //input[@value='查询(Q)']
2020/07/14 12:00:20:384  INFO com.sinosoft.test.base.TestBase:402 - clickButton:[[InternetExplorerDriver: internet explorer on WINDOWS (4a548bb5-95c0-4386-9c2f-1957e6da70d5)] -> xpath: //input[@value='查询(Q)']]
2020/07/14 12:00:20:384 DEBUG com.sinosoft.test.base.TestBase:42 - Trying to click on: [[InternetExplorerDriver: internet explorer on WINDOWS (4a548bb5-95c0-4386-9c2f-1957e6da70d5)] -> xpath: //input[@value='查询(Q)']]
2020/07/14 12:00:21:940 DEBUG com.sinosoft.test.base.TestBase:46 - Clicked on: [[InternetExplorerDriver: internet explorer on WINDOWS (4a548bb5-95c0-4386-9c2f-1957e6da70d5)] -> xpath: //input[@value='查询(Q)']]
2020/07/14 12:00:21:941 DEBUG com.sinosoft.test.base.TestBase:76 - Trying to find Element By : By.name: codeselect
2020/07/14 12:00:22:237 DEBUG com.sinosoft.test.base.TestBase:80 - Found Element By : By.name: codeselect
2020/07/14 12:00:22:238  INFO com.sinosoft.test.base.TestBase:132 - setFuzzySelect:[[InternetExplorerDriver: internet explorer on WINDOWS (4a548bb5-95c0-4386-9c2f-1957e6da70d5)] -> name: codeselect]->0101001
2020/07/14 12:00:22:779 DEBUG com.sinosoft.test.base.TestBase:76 - Trying to find Element By : By.tagName: option
2020/07/14 12:00:23:069 DEBUG com.sinosoft.test.base.TestBase:80 - Found Element By : By.tagName: option
2020/07/14 12:00:23:363  INFO com.sinosoft.test.base.TestBase:142 - 找到匹配【0101001】的选项：0101001--财产基本险（2019版）
2020/07/14 12:00:23:364 DEBUG com.sinosoft.test.base.TestBase:76 - Trying to find Element By : By.xpath: .//option[normalize-space(.) = "0101001--财产基本险（2019版）"]
2020/07/14 12:00:23:659 DEBUG com.sinosoft.test.base.TestBase:80 - Found Element By : By.xpath: .//option[normalize-space(.) = "0101001--财产基本险（2019版）"]
2020/07/14 12:00:23:946 DEBUG com.sinosoft.test.base.TestBase:42 - Trying to click on: [[[[InternetExplorerDriver: internet explorer on WINDOWS (4a548bb5-95c0-4386-9c2f-1957e6da70d5)] -> name: codeselect]] -> xpath: .//option[normalize-space(.) = "0101001--财产基本险（2019版）"]]
2020/07/14 12:00:24:363 DEBUG com.sinosoft.test.base.TestBase:46 - Clicked on: [[[[InternetExplorerDriver: internet explorer on WINDOWS (4a548bb5-95c0-4386-9c2f-1957e6da70d5)] -> name: codeselect]] -> xpath: .//option[normalize-space(.) = "0101001--财产基本险（2019版）"]]
2020/07/14 12:00:24:363 DEBUG com.sinosoft.test.base.TestBase:151 - setFuzzySelect 结束！
2020/07/14 12:00:24:363 DEBUG com.sinosoft.test.base.TestBase:76 - Trying to find Element By : By.name: SelectIt
2020/07/14 12:00:24:633 DEBUG com.sinosoft.test.base.TestBase:80 - Found Element By : By.name: SelectIt
2020/07/14 12:00:24:634  INFO com.sinosoft.test.base.TestBase:416 - jsClickButton:[[InternetExplorerDriver: internet explorer on WINDOWS (4a548bb5-95c0-4386-9c2f-1957e6da70d5)] -> name: SelectIt]
2020/07/14 12:00:24:634  INFO com.sinosoft.test.base.TestBase:144 - RunJavaScript:[[InternetExplorerDriver: internet explorer on WINDOWS (4a548bb5-95c0-4386-9c2f-1957e6da70d5)] -> name: SelectIt]	arguments[0].click();
2020/07/14 12:00:25:359 DEBUG com.sinosoft.test.base.TestBase:272 - 系统窗口【黄河财险业务系统】with handle -2370f2ee-4274-4c1a-bebe-bf81c8137bb0
2020/07/14 12:00:30:602 DEBUG com.sinosoft.test.base.TestBase:49 - CodeSelect:设置完毕[[[[InternetExplorerDriver: internet explorer on WINDOWS (4a548bb5-95c0-4386-9c2f-1957e6da70d5)] -> id: ItemPropertyDetail]] -> name: GuItemKindKindCode] & Code=0101001
2020/07/14 12:00:30:603 DEBUG com.sinosoft.test.base.TestBase:76 - Trying to find Element By : By.id: ItemPropertyDetail
2020/07/14 12:00:30:650 DEBUG com.sinosoft.test.base.TestBase:80 - Found Element By : By.id: ItemPropertyDetail
2020/07/14 12:00:30:651 DEBUG com.sinosoft.test.base.TestBase:76 - Trying to find Element By : By.name: GuItemKindCalculateInd
2020/07/14 12:00:30:691 DEBUG com.sinosoft.test.base.TestBase:80 - Found Element By : By.name: GuItemKindCalculateInd
2020/07/14 12:00:30:728 DEBUG com.sinosoft.test.base.TestBase:76 - Trying to find Element By : By.id: ItemPropertyDetail
2020/07/14 12:00:30:798 DEBUG com.sinosoft.test.base.TestBase:80 - Found Element By : By.id: ItemPropertyDetail
2020/07/14 12:00:30:798 DEBUG com.sinosoft.test.base.TestBase:76 - Trying to find Element By : By.name: GuItemKindValueType
2020/07/14 12:00:30:852 DEBUG com.sinosoft.test.base.TestBase:80 - Found Element By : By.name: GuItemKindValueType
2020/07/14 12:00:30:853  INFO com.sinosoft.test.base.TestBase:96 - setSelectWithStartText:[[[[InternetExplorerDriver: internet explorer on WINDOWS (4a548bb5-95c0-4386-9c2f-1957e6da70d5)] -> id: ItemPropertyDetail]] -> name: GuItemKindValueType]->10
2020/07/14 12:00:30:909 DEBUG com.sinosoft.test.base.TestBase:76 - Trying to find Element By : By.tagName: option
2020/07/14 12:00:31:043 DEBUG com.sinosoft.test.base.TestBase:80 - Found Element By : By.tagName: option
2020/07/14 12:00:31:213  INFO com.sinosoft.test.base.TestBase:114 - 找到匹配【10】的选项：10-出险时市场价值
2020/07/14 12:00:31:214 DEBUG com.sinosoft.test.base.TestBase:76 - Trying to find Element By : By.xpath: .//option[normalize-space(.) = "10-出险时市场价值"]
2020/07/14 12:00:31:296 DEBUG com.sinosoft.test.base.TestBase:80 - Found Element By : By.xpath: .//option[normalize-space(.) = "10-出险时市场价值"]
2020/07/14 12:00:31:334 DEBUG com.sinosoft.test.base.TestBase:42 - Trying to click on: [[[[[[InternetExplorerDriver: internet explorer on WINDOWS (4a548bb5-95c0-4386-9c2f-1957e6da70d5)] -> id: ItemPropertyDetail]] -> name: GuItemKindValueType]] -> xpath: .//option[normalize-space(.) = "10-出险时市场价值"]]
2020/07/14 12:00:31:573 DEBUG com.sinosoft.test.base.TestBase:46 - Clicked on: [[[[[[InternetExplorerDriver: internet explorer on WINDOWS (4a548bb5-95c0-4386-9c2f-1957e6da70d5)] -> id: ItemPropertyDetail]] -> name: GuItemKindValueType]] -> xpath: .//option[normalize-space(.) = "10-出险时市场价值"]]
2020/07/14 12:00:31:573 DEBUG com.sinosoft.test.base.TestBase:123 - setSelectWithStartText 结束！
2020/07/14 12:00:31:573 DEBUG com.sinosoft.test.base.TestBase:76 - Trying to find Element By : By.id: ItemPropertyDetail
2020/07/14 12:00:31:674 DEBUG com.sinosoft.test.base.TestBase:80 - Found Element By : By.id: ItemPropertyDetail
2020/07/14 12:00:31:675 DEBUG com.sinosoft.test.base.TestBase:76 - Trying to find Element By : By.name: GuItemKindSumInsured
2020/07/14 12:00:31:736 DEBUG com.sinosoft.test.base.TestBase:80 - Found Element By : By.name: GuItemKindSumInsured
2020/07/14 12:00:31:736  INFO com.sinosoft.test.base.TestBase:360 - setEditboxValue:[[[[InternetExplorerDriver: internet explorer on WINDOWS (4a548bb5-95c0-4386-9c2f-1957e6da70d5)] -> id: ItemPropertyDetail]] -> name: GuItemKindSumInsured]：2000000
2020/07/14 12:00:32:472  INFO com.sinosoft.test.base.TestBase:363 - setEditboxValue—End:[[[[InternetExplorerDriver: internet explorer on WINDOWS (4a548bb5-95c0-4386-9c2f-1957e6da70d5)] -> id: ItemPropertyDetail]] -> name: GuItemKindSumInsured]：2000000
2020/07/14 12:00:32:472 DEBUG com.sinosoft.test.base.TestBase:76 - Trying to find Element By : By.xpath: //table[@id='ItemPropertyDetailKind']/tbody/tr/td/input[@name='GuItemKindRate']
2020/07/14 12:00:32:528 DEBUG com.sinosoft.test.base.TestBase:80 - Found Element By : By.xpath: //table[@id='ItemPropertyDetailKind']/tbody/tr/td/input[@name='GuItemKindRate']
2020/07/14 12:00:32:529  INFO com.sinosoft.test.base.TestBase:388 - setEditboxTValue:[[InternetExplorerDriver: internet explorer on WINDOWS (4a548bb5-95c0-4386-9c2f-1957e6da70d5)] -> xpath: //table[@id='ItemPropertyDetailKind']/tbody/tr/td/input[@name='GuItemKindRate']]->0.5
2020/07/14 12:00:32:529 DEBUG com.sinosoft.test.base.TestBase:76 - Trying to find Element By : By.xpath: //table[@id='ItemPropertyDetailKind']/tbody/tr/td/input[@name='GuItemKindRate']
2020/07/14 12:00:32:566 DEBUG com.sinosoft.test.base.TestBase:80 - Found Element By : By.xpath: //table[@id='ItemPropertyDetailKind']/tbody/tr/td/input[@name='GuItemKindRate']
2020/07/14 12:00:32:907 DEBUG com.sinosoft.test.base.TestBase:76 - Trying to find Element By : By.xpath: //table[@id='ItemPropertyDetailKind']/tbody/tr/td/input[@name='GuItemKindRate']
2020/07/14 12:00:32:976 DEBUG com.sinosoft.test.base.TestBase:80 - Found Element By : By.xpath: //table[@id='ItemPropertyDetailKind']/tbody/tr/td/input[@name='GuItemKindRate']
2020/07/14 12:00:38:438 DEBUG com.sinosoft.test.base.TestBase:76 - Trying to find Element By : By.xpath: //table[@id='ItemPropertyDetailKind']/tbody/tr/td/input[@name='GuItemKindShortRateFlag']
2020/07/14 12:00:38:497 DEBUG com.sinosoft.test.base.TestBase:80 - Found Element By : By.xpath: //table[@id='ItemPropertyDetailKind']/tbody/tr/td/input[@name='GuItemKindShortRateFlag']
2020/07/14 12:00:38:521 DEBUG com.sinosoft.test.base.TestBase:76 - Trying to find Element By : By.xpath: //table[@id='ItemPropertyDetailKind']/tbody/tr/td/input[@name='GuItemKindShortRateFlag']
2020/07/14 12:00:38:594 DEBUG com.sinosoft.test.base.TestBase:80 - Found Element By : By.xpath: //table[@id='ItemPropertyDetailKind']/tbody/tr/td/input[@name='GuItemKindShortRateFlag']
2020/07/14 12:00:38:595 DEBUG com.sinosoft.test.base.TestBase:42 - CodeSelect:开始设置[[InternetExplorerDriver: internet explorer on WINDOWS (4a548bb5-95c0-4386-9c2f-1957e6da70d5)] -> xpath: //table[@id='ItemPropertyDetailKind']/tbody/tr/td/input[@name='GuItemKindShortRateFlag']] & Code=2
2020/07/14 12:00:38:596 DEBUG com.sinosoft.test.base.TestBase:76 - Trying to find Element By : By.xpath: //table[@id='ItemPropertyDetailKind']/tbody/tr/td/input[@name='GuItemKindShortRateFlag']
2020/07/14 12:00:38:642 DEBUG com.sinosoft.test.base.TestBase:80 - Found Element By : By.xpath: //table[@id='ItemPropertyDetailKind']/tbody/tr/td/input[@name='GuItemKindShortRateFlag']
2020/07/14 12:00:39:826 DEBUG com.sinosoft.test.base.TestBase:272 - 系统窗口【黄河财险业务系统】with handle -2370f2ee-4274-4c1a-bebe-bf81c8137bb0
2020/07/14 12:00:40:656 DEBUG com.sinosoft.test.base.TestBase:272 - 系统窗口【黄河财险业务系统】with handle -2370f2ee-4274-4c1a-bebe-bf81c8137bb0
2020/07/14 12:00:41:289 DEBUG com.sinosoft.test.base.TestBase:272 - 系统窗口【Code Select】with handle -f62d62f3-0ef6-497f-bdff-ae21141dd86f
2020/07/14 12:00:41:803 DEBUG com.sinosoft.test.base.TestBase:69 - 初始化class com.sinosoft.test.fccp.common.CodeSelectPage
2020/07/14 12:00:41:803 DEBUG com.sinosoft.test.base.TestBase:39 - 基础码表选择！
2020/07/14 12:00:41:803 DEBUG com.sinosoft.test.base.TestBase:76 - Trying to find Element By : By.name: fieldValue
2020/07/14 12:00:42:075 DEBUG com.sinosoft.test.base.TestBase:80 - Found Element By : By.name: fieldValue
2020/07/14 12:00:42:076  INFO com.sinosoft.test.base.TestBase:360 - setEditboxValue:[[InternetExplorerDriver: internet explorer on WINDOWS (4a548bb5-95c0-4386-9c2f-1957e6da70d5)] -> name: fieldValue]：2
2020/07/14 12:00:43:104  INFO com.sinosoft.test.base.TestBase:363 - setEditboxValue—End:[[InternetExplorerDriver: internet explorer on WINDOWS (4a548bb5-95c0-4386-9c2f-1957e6da70d5)] -> name: fieldValue]：2
2020/07/14 12:00:43:104 DEBUG com.sinosoft.test.base.TestBase:76 - Trying to find Element By : By.xpath: //input[@value='查询(Q)']
2020/07/14 12:00:43:386 DEBUG com.sinosoft.test.base.TestBase:80 - Found Element By : By.xpath: //input[@value='查询(Q)']
2020/07/14 12:00:43:386  INFO com.sinosoft.test.base.TestBase:402 - clickButton:[[InternetExplorerDriver: internet explorer on WINDOWS (4a548bb5-95c0-4386-9c2f-1957e6da70d5)] -> xpath: //input[@value='查询(Q)']]
2020/07/14 12:00:43:386 DEBUG com.sinosoft.test.base.TestBase:42 - Trying to click on: [[InternetExplorerDriver: internet explorer on WINDOWS (4a548bb5-95c0-4386-9c2f-1957e6da70d5)] -> xpath: //input[@value='查询(Q)']]
2020/07/14 12:00:44:901 DEBUG com.sinosoft.test.base.TestBase:46 - Clicked on: [[InternetExplorerDriver: internet explorer on WINDOWS (4a548bb5-95c0-4386-9c2f-1957e6da70d5)] -> xpath: //input[@value='查询(Q)']]
2020/07/14 12:00:44:902 DEBUG com.sinosoft.test.base.TestBase:76 - Trying to find Element By : By.name: codeselect
2020/07/14 12:00:45:190 DEBUG com.sinosoft.test.base.TestBase:80 - Found Element By : By.name: codeselect
2020/07/14 12:00:45:191  INFO com.sinosoft.test.base.TestBase:132 - setFuzzySelect:[[InternetExplorerDriver: internet explorer on WINDOWS (4a548bb5-95c0-4386-9c2f-1957e6da70d5)] -> name: codeselect]->2
2020/07/14 12:00:45:730 DEBUG com.sinosoft.test.base.TestBase:76 - Trying to find Element By : By.tagName: option
2020/07/14 12:00:46:020 DEBUG com.sinosoft.test.base.TestBase:80 - Found Element By : By.tagName: option
2020/07/14 12:00:46:315  INFO com.sinosoft.test.base.TestBase:142 - 找到匹配【2】的选项：2--月比例
2020/07/14 12:00:46:316 DEBUG com.sinosoft.test.base.TestBase:76 - Trying to find Element By : By.xpath: .//option[normalize-space(.) = "2--月比例"]
2020/07/14 12:00:46:615 DEBUG com.sinosoft.test.base.TestBase:80 - Found Element By : By.xpath: .//option[normalize-space(.) = "2--月比例"]
2020/07/14 12:00:46:907 DEBUG com.sinosoft.test.base.TestBase:42 - Trying to click on: [[[[InternetExplorerDriver: internet explorer on WINDOWS (4a548bb5-95c0-4386-9c2f-1957e6da70d5)] -> name: codeselect]] -> xpath: .//option[normalize-space(.) = "2--月比例"]]
2020/07/14 12:00:47:327 DEBUG com.sinosoft.test.base.TestBase:46 - Clicked on: [[[[InternetExplorerDriver: internet explorer on WINDOWS (4a548bb5-95c0-4386-9c2f-1957e6da70d5)] -> name: codeselect]] -> xpath: .//option[normalize-space(.) = "2--月比例"]]
2020/07/14 12:00:47:327 DEBUG com.sinosoft.test.base.TestBase:151 - setFuzzySelect 结束！
2020/07/14 12:00:47:327 DEBUG com.sinosoft.test.base.TestBase:76 - Trying to find Element By : By.name: SelectIt
2020/07/14 12:00:47:610 DEBUG com.sinosoft.test.base.TestBase:80 - Found Element By : By.name: SelectIt
2020/07/14 12:00:47:611  INFO com.sinosoft.test.base.TestBase:416 - jsClickButton:[[InternetExplorerDriver: internet explorer on WINDOWS (4a548bb5-95c0-4386-9c2f-1957e6da70d5)] -> name: SelectIt]
2020/07/14 12:00:47:611  INFO com.sinosoft.test.base.TestBase:144 - RunJavaScript:[[InternetExplorerDriver: internet explorer on WINDOWS (4a548bb5-95c0-4386-9c2f-1957e6da70d5)] -> name: SelectIt]	arguments[0].click();
2020/07/14 12:00:48:369 DEBUG com.sinosoft.test.base.TestBase:272 - 系统窗口【黄河财险业务系统】with handle -2370f2ee-4274-4c1a-bebe-bf81c8137bb0
2020/07/14 12:00:53:429 DEBUG com.sinosoft.test.base.TestBase:76 - Trying to find Element By : By.xpath: //table[@id='ItemPropertyDetailKind']/tbody/tr/td/input[@name='GuItemKindShortRateFlag']
2020/07/14 12:00:53:485 DEBUG com.sinosoft.test.base.TestBase:80 - Found Element By : By.xpath: //table[@id='ItemPropertyDetailKind']/tbody/tr/td/input[@name='GuItemKindShortRateFlag']
2020/07/14 12:00:53:486 DEBUG com.sinosoft.test.base.TestBase:49 - CodeSelect:设置完毕[[InternetExplorerDriver: internet explorer on WINDOWS (4a548bb5-95c0-4386-9c2f-1957e6da70d5)] -> xpath: //table[@id='ItemPropertyDetailKind']/tbody/tr/td/input[@name='GuItemKindShortRateFlag']] & Code=2
2020/07/14 12:00:53:486 DEBUG com.sinosoft.test.base.TestBase:76 - Trying to find Element By : By.xpath: //table[@id='ItemPropertyDetailKind']/tbody/tr/td/input[@name='GuItemKindGrossPremium']
2020/07/14 12:00:53:538 DEBUG com.sinosoft.test.base.TestBase:80 - Found Element By : By.xpath: //table[@id='ItemPropertyDetailKind']/tbody/tr/td/input[@name='GuItemKindGrossPremium']
2020/07/14 12:00:53:539  INFO com.sinosoft.test.base.TestBase:388 - setEditboxTValue:[[InternetExplorerDriver: internet explorer on WINDOWS (4a548bb5-95c0-4386-9c2f-1957e6da70d5)] -> xpath: //table[@id='ItemPropertyDetailKind']/tbody/tr/td/input[@name='GuItemKindGrossPremium']]->400
2020/07/14 12:00:53:539 DEBUG com.sinosoft.test.base.TestBase:76 - Trying to find Element By : By.xpath: //table[@id='ItemPropertyDetailKind']/tbody/tr/td/input[@name='GuItemKindGrossPremium']
2020/07/14 12:00:53:587 DEBUG com.sinosoft.test.base.TestBase:80 - Found Element By : By.xpath: //table[@id='ItemPropertyDetailKind']/tbody/tr/td/input[@name='GuItemKindGrossPremium']
2020/07/14 12:00:54:006 DEBUG com.sinosoft.test.base.TestBase:76 - Trying to find Element By : By.xpath: //table[@id='ItemPropertyDetailKind']/tbody/tr/td/input[@name='GuItemKindGrossPremium']
2020/07/14 12:00:54:053 DEBUG com.sinosoft.test.base.TestBase:80 - Found Element By : By.xpath: //table[@id='ItemPropertyDetailKind']/tbody/tr/td/input[@name='GuItemKindGrossPremium']
2020/07/14 12:00:59:414 DEBUG com.sinosoft.test.base.TestBase:234 - 开始录入营业中断险！
2020/07/14 12:00:59:414 DEBUG com.sinosoft.test.base.TestBase:76 - Trying to find Element By : By.id: ItemPropertyItem1105
2020/07/14 12:00:59:496 DEBUG com.sinosoft.test.base.TestBase:80 - Found Element By : By.id: ItemPropertyItem1105
2020/07/14 12:00:59:497  INFO com.sinosoft.test.base.TestBase:406 - clickElement:[[InternetExplorerDriver: internet explorer on WINDOWS (4a548bb5-95c0-4386-9c2f-1957e6da70d5)] -> id: ItemPropertyItem1105]
2020/07/14 12:00:59:499 DEBUG com.sinosoft.test.base.TestBase:76 - Trying to find Element By : By.id: ItemPropertyItem1105
2020/07/14 12:00:59:583 DEBUG com.sinosoft.test.base.TestBase:80 - Found Element By : By.id: ItemPropertyItem1105
2020/07/14 12:00:59:584 DEBUG com.sinosoft.test.base.TestBase:42 - Trying to click on: [[InternetExplorerDriver: internet explorer on WINDOWS (4a548bb5-95c0-4386-9c2f-1957e6da70d5)] -> id: ItemPropertyItem1105]
2020/07/14 12:01:00:800 DEBUG com.sinosoft.test.base.TestBase:46 - Clicked on: [[InternetExplorerDriver: internet explorer on WINDOWS (4a548bb5-95c0-4386-9c2f-1957e6da70d5)] -> id: ItemPropertyItem1105]
2020/07/14 12:01:00:800 DEBUG com.sinosoft.test.base.TestBase:76 - Trying to find Element By : By.name: GuItemDynamic0105FieldBG
2020/07/14 12:01:00:856 DEBUG com.sinosoft.test.base.TestBase:80 - Found Element By : By.name: GuItemDynamic0105FieldBG
2020/07/14 12:01:00:857  INFO com.sinosoft.test.base.TestBase:360 - setEditboxValue:[[InternetExplorerDriver: internet explorer on WINDOWS (4a548bb5-95c0-4386-9c2f-1957e6da70d5)] -> name: GuItemDynamic0105FieldBG]：24
2020/07/14 12:01:00:857 DEBUG com.sinosoft.test.base.TestBase:76 - Trying to find Element By : By.name: GuItemDynamic0105FieldBG
2020/07/14 12:01:00:916 DEBUG com.sinosoft.test.base.TestBase:80 - Found Element By : By.name: GuItemDynamic0105FieldBG
2020/07/14 12:01:01:145 DEBUG com.sinosoft.test.base.TestBase:76 - Trying to find Element By : By.name: GuItemDynamic0105FieldBG
2020/07/14 12:01:01:214 DEBUG com.sinosoft.test.base.TestBase:80 - Found Element By : By.name: GuItemDynamic0105FieldBG
2020/07/14 12:01:01:605 DEBUG com.sinosoft.test.base.TestBase:76 - Trying to find Element By : By.name: GuItemDynamic0105FieldBG
2020/07/14 12:01:01:664 DEBUG com.sinosoft.test.base.TestBase:80 - Found Element By : By.name: GuItemDynamic0105FieldBG
2020/07/14 12:01:01:665  INFO com.sinosoft.test.base.TestBase:363 - setEditboxValue—End:[[InternetExplorerDriver: internet explorer on WINDOWS (4a548bb5-95c0-4386-9c2f-1957e6da70d5)] -> name: GuItemDynamic0105FieldBG]：24
2020/07/14 12:01:01:665 DEBUG com.sinosoft.test.base.TestBase:76 - Trying to find Element By : By.name: GuItemDynamic0105FieldBF
2020/07/14 12:01:01:746 DEBUG com.sinosoft.test.base.TestBase:80 - Found Element By : By.name: GuItemDynamic0105FieldBF
2020/07/14 12:01:01:772 DEBUG com.sinosoft.test.base.TestBase:76 - Trying to find Element By : By.name: GuItemDynamic0105FieldBF
2020/07/14 12:01:01:842 DEBUG com.sinosoft.test.base.TestBase:80 - Found Element By : By.name: GuItemDynamic0105FieldBF
2020/07/14 12:01:01:842 DEBUG com.sinosoft.test.base.TestBase:63 - SetCodeEditBox:开始设置:[[InternetExplorerDriver: internet explorer on WINDOWS (4a548bb5-95c0-4386-9c2f-1957e6da70d5)] -> name: GuItemDynamic0105FieldBF] & Code=6000000
2020/07/14 12:01:01:843 DEBUG com.sinosoft.test.base.TestBase:76 - Trying to find Element By : By.name: GuItemDynamic0105FieldBF
2020/07/14 12:01:01:903 DEBUG com.sinosoft.test.base.TestBase:80 - Found Element By : By.name: GuItemDynamic0105FieldBF
2020/07/14 12:01:02:174 DEBUG com.sinosoft.test.base.TestBase:76 - Trying to find Element By : By.name: GuItemDynamic0105FieldBF
2020/07/14 12:01:02:246 DEBUG com.sinosoft.test.base.TestBase:80 - Found Element By : By.name: GuItemDynamic0105FieldBF
2020/07/14 12:01:02:899 DEBUG com.sinosoft.test.base.TestBase:76 - Trying to find Element By : By.name: GuItemDynamic0105FieldBF
2020/07/14 12:01:02:958 DEBUG com.sinosoft.test.base.TestBase:80 - Found Element By : By.name: GuItemDynamic0105FieldBF
2020/07/14 12:01:02:958 DEBUG com.sinosoft.test.base.TestBase:76 - Trying to find Element By : By.xpath: ../input[last()]
2020/07/14 12:01:03:020 DEBUG com.sinosoft.test.base.TestBase:80 - Found Element By : By.xpath: ../input[last()]
2020/07/14 12:01:03:122  INFO com.sinosoft.test.base.TestBase:71 - SetCodeEditBox:找到了Code对应的文本显示框并点击触发显示:GuItemDynamic0105FieldBF
2020/07/14 12:01:03:122 DEBUG com.sinosoft.test.base.TestBase:42 - Trying to click on: [[[[InternetExplorerDriver: internet explorer on WINDOWS (4a548bb5-95c0-4386-9c2f-1957e6da70d5)] -> name: GuItemDynamic0105FieldBF]] -> xpath: ../input[last()]]
2020/07/14 12:01:04:176 DEBUG com.sinosoft.test.base.TestBase:46 - Clicked on: [[[[InternetExplorerDriver: internet explorer on WINDOWS (4a548bb5-95c0-4386-9c2f-1957e6da70d5)] -> name: GuItemDynamic0105FieldBF]] -> xpath: ../input[last()]]
2020/07/14 12:01:04:376 DEBUG com.sinosoft.test.base.TestBase:76 - Trying to find Element By : By.name: GuItemDynamic0105FieldBF
2020/07/14 12:01:04:423 DEBUG com.sinosoft.test.base.TestBase:80 - Found Element By : By.name: GuItemDynamic0105FieldBF
2020/07/14 12:01:04:424 DEBUG com.sinosoft.test.base.TestBase:87 - SetCodeEditBox:设置完毕[[InternetExplorerDriver: internet explorer on WINDOWS (4a548bb5-95c0-4386-9c2f-1957e6da70d5)] -> name: GuItemDynamic0105FieldBF],设置值 Code=6000000
2020/07/14 12:01:04:425 DEBUG com.sinosoft.test.base.TestBase:76 - Trying to find Element By : By.name: GuItemDynamic0105FieldBE
2020/07/14 12:01:04:472 DEBUG com.sinosoft.test.base.TestBase:80 - Found Element By : By.name: GuItemDynamic0105FieldBE
2020/07/14 12:01:04:500 DEBUG com.sinosoft.test.base.TestBase:76 - Trying to find Element By : By.name: GuItemDynamic0105FieldBE
2020/07/14 12:01:04:582 DEBUG com.sinosoft.test.base.TestBase:80 - Found Element By : By.name: GuItemDynamic0105FieldBE
2020/07/14 12:01:04:582 DEBUG com.sinosoft.test.base.TestBase:63 - SetCodeEditBox:开始设置:[[InternetExplorerDriver: internet explorer on WINDOWS (4a548bb5-95c0-4386-9c2f-1957e6da70d5)] -> name: GuItemDynamic0105FieldBE] & Code=20000000
2020/07/14 12:01:04:582 DEBUG com.sinosoft.test.base.TestBase:76 - Trying to find Element By : By.name: GuItemDynamic0105FieldBE
2020/07/14 12:01:04:641 DEBUG com.sinosoft.test.base.TestBase:80 - Found Element By : By.name: GuItemDynamic0105FieldBE
2020/07/14 12:01:04:924 DEBUG com.sinosoft.test.base.TestBase:76 - Trying to find Element By : By.name: GuItemDynamic0105FieldBE
2020/07/14 12:01:04:996 DEBUG com.sinosoft.test.base.TestBase:80 - Found Element By : By.name: GuItemDynamic0105FieldBE
2020/07/14 12:01:05:599 DEBUG com.sinosoft.test.base.TestBase:76 - Trying to find Element By : By.name: GuItemDynamic0105FieldBE
2020/07/14 12:01:05:657 DEBUG com.sinosoft.test.base.TestBase:80 - Found Element By : By.name: GuItemDynamic0105FieldBE
2020/07/14 12:01:05:657 DEBUG com.sinosoft.test.base.TestBase:76 - Trying to find Element By : By.xpath: ../input[last()]
2020/07/14 12:01:05:707 DEBUG com.sinosoft.test.base.TestBase:80 - Found Element By : By.xpath: ../input[last()]
2020/07/14 12:01:05:842  INFO com.sinosoft.test.base.TestBase:71 - SetCodeEditBox:找到了Code对应的文本显示框并点击触发显示:GuItemDynamic0105FieldBE
2020/07/14 12:01:05:842 DEBUG com.sinosoft.test.base.TestBase:42 - Trying to click on: [[[[InternetExplorerDriver: internet explorer on WINDOWS (4a548bb5-95c0-4386-9c2f-1957e6da70d5)] -> name: GuItemDynamic0105FieldBE]] -> xpath: ../input[last()]]
2020/07/14 12:01:06:867 DEBUG com.sinosoft.test.base.TestBase:46 - Clicked on: [[[[InternetExplorerDriver: internet explorer on WINDOWS (4a548bb5-95c0-4386-9c2f-1957e6da70d5)] -> name: GuItemDynamic0105FieldBE]] -> xpath: ../input[last()]]
2020/07/14 12:01:07:068 DEBUG com.sinosoft.test.base.TestBase:76 - Trying to find Element By : By.name: GuItemDynamic0105FieldBE
2020/07/14 12:01:07:128 DEBUG com.sinosoft.test.base.TestBase:80 - Found Element By : By.name: GuItemDynamic0105FieldBE
2020/07/14 12:01:07:128 DEBUG com.sinosoft.test.base.TestBase:87 - SetCodeEditBox:设置完毕[[InternetExplorerDriver: internet explorer on WINDOWS (4a548bb5-95c0-4386-9c2f-1957e6da70d5)] -> name: GuItemDynamic0105FieldBE],设置值 Code=20000000
2020/07/14 12:01:07:128 DEBUG com.sinosoft.test.base.TestBase:76 - Trying to find Element By : By.id: ItemPropertyDetail0105
2020/07/14 12:01:07:210 DEBUG com.sinosoft.test.base.TestBase:80 - Found Element By : By.id: ItemPropertyDetail0105
2020/07/14 12:01:07:210 DEBUG com.sinosoft.test.base.TestBase:76 - Trying to find Element By : By.name: GuItemPropertyDetail0105ItemDetailCode
2020/07/14 12:01:07:233 DEBUG com.sinosoft.test.base.TestBase:80 - Found Element By : By.name: GuItemPropertyDetail0105ItemDetailCode
2020/07/14 12:01:07:234 DEBUG com.sinosoft.test.base.TestBase:76 - Trying to find Element By : By.id: ItemPropertyDetail0105
2020/07/14 12:01:07:302 DEBUG com.sinosoft.test.base.TestBase:80 - Found Element By : By.id: ItemPropertyDetail0105
2020/07/14 12:01:07:302 DEBUG com.sinosoft.test.base.TestBase:76 - Trying to find Element By : By.name: GuItemPropertyDetail0105ItemDetailList
2020/07/14 12:01:07:339 DEBUG com.sinosoft.test.base.TestBase:80 - Found Element By : By.name: GuItemPropertyDetail0105ItemDetailList
2020/07/14 12:01:07:387 DEBUG com.sinosoft.test.base.TestBase:42 - CodeSelect:开始设置[[[[InternetExplorerDriver: internet explorer on WINDOWS (4a548bb5-95c0-4386-9c2f-1957e6da70d5)] -> id: ItemPropertyDetail0105]] -> name: GuItemPropertyDetail0105ItemDetailCode] & Code=010056
2020/07/14 12:01:08:423 DEBUG com.sinosoft.test.base.TestBase:272 - 系统窗口【黄河财险业务系统】with handle -2370f2ee-4274-4c1a-bebe-bf81c8137bb0
2020/07/14 12:01:09:084 DEBUG com.sinosoft.test.base.TestBase:272 - 系统窗口【黄河财险业务系统】with handle -2370f2ee-4274-4c1a-bebe-bf81c8137bb0
2020/07/14 12:01:09:715 DEBUG com.sinosoft.test.base.TestBase:272 - 系统窗口【Code Select】with handle -d6162fa0-8daa-4942-8bad-c2b7d667a41a
2020/07/14 12:01:10:227 DEBUG com.sinosoft.test.base.TestBase:69 - 初始化class com.sinosoft.test.fccp.common.CodeSelectPage
2020/07/14 12:01:10:227 DEBUG com.sinosoft.test.base.TestBase:39 - 基础码表选择！
2020/07/14 12:01:10:227 DEBUG com.sinosoft.test.base.TestBase:76 - Trying to find Element By : By.name: fieldValue
2020/07/14 12:01:10:503 DEBUG com.sinosoft.test.base.TestBase:80 - Found Element By : By.name: fieldValue
2020/07/14 12:01:10:504  INFO com.sinosoft.test.base.TestBase:360 - setEditboxValue:[[InternetExplorerDriver: internet explorer on WINDOWS (4a548bb5-95c0-4386-9c2f-1957e6da70d5)] -> name: fieldValue]：010056
2020/07/14 12:01:11:586  INFO com.sinosoft.test.base.TestBase:363 - setEditboxValue—End:[[InternetExplorerDriver: internet explorer on WINDOWS (4a548bb5-95c0-4386-9c2f-1957e6da70d5)] -> name: fieldValue]：010056
2020/07/14 12:01:11:586 DEBUG com.sinosoft.test.base.TestBase:76 - Trying to find Element By : By.xpath: //input[@value='查询(Q)']
2020/07/14 12:01:11:876 DEBUG com.sinosoft.test.base.TestBase:80 - Found Element By : By.xpath: //input[@value='查询(Q)']
2020/07/14 12:01:11:877  INFO com.sinosoft.test.base.TestBase:402 - clickButton:[[InternetExplorerDriver: internet explorer on WINDOWS (4a548bb5-95c0-4386-9c2f-1957e6da70d5)] -> xpath: //input[@value='查询(Q)']]
2020/07/14 12:01:11:877 DEBUG com.sinosoft.test.base.TestBase:42 - Trying to click on: [[InternetExplorerDriver: internet explorer on WINDOWS (4a548bb5-95c0-4386-9c2f-1957e6da70d5)] -> xpath: //input[@value='查询(Q)']]
2020/07/14 12:01:13:438 DEBUG com.sinosoft.test.base.TestBase:46 - Clicked on: [[InternetExplorerDriver: internet explorer on WINDOWS (4a548bb5-95c0-4386-9c2f-1957e6da70d5)] -> xpath: //input[@value='查询(Q)']]
2020/07/14 12:01:13:439 DEBUG com.sinosoft.test.base.TestBase:76 - Trying to find Element By : By.name: codeselect
2020/07/14 12:01:13:725 DEBUG com.sinosoft.test.base.TestBase:80 - Found Element By : By.name: codeselect
2020/07/14 12:01:13:726  INFO com.sinosoft.test.base.TestBase:132 - setFuzzySelect:[[InternetExplorerDriver: internet explorer on WINDOWS (4a548bb5-95c0-4386-9c2f-1957e6da70d5)] -> name: codeselect]->010056
2020/07/14 12:01:14:262 DEBUG com.sinosoft.test.base.TestBase:76 - Trying to find Element By : By.tagName: option
2020/07/14 12:01:14:554 DEBUG com.sinosoft.test.base.TestBase:80 - Found Element By : By.tagName: option
2020/07/14 12:01:14:841  INFO com.sinosoft.test.base.TestBase:142 - 找到匹配【010056】的选项：010056--营业利润
2020/07/14 12:01:14:842 DEBUG com.sinosoft.test.base.TestBase:76 - Trying to find Element By : By.xpath: .//option[normalize-space(.) = "010056--营业利润"]
2020/07/14 12:01:15:141 DEBUG com.sinosoft.test.base.TestBase:80 - Found Element By : By.xpath: .//option[normalize-space(.) = "010056--营业利润"]
2020/07/14 12:01:15:432 DEBUG com.sinosoft.test.base.TestBase:42 - Trying to click on: [[[[InternetExplorerDriver: internet explorer on WINDOWS (4a548bb5-95c0-4386-9c2f-1957e6da70d5)] -> name: codeselect]] -> xpath: .//option[normalize-space(.) = "010056--营业利润"]]
2020/07/14 12:01:15:838 DEBUG com.sinosoft.test.base.TestBase:46 - Clicked on: [[[[InternetExplorerDriver: internet explorer on WINDOWS (4a548bb5-95c0-4386-9c2f-1957e6da70d5)] -> name: codeselect]] -> xpath: .//option[normalize-space(.) = "010056--营业利润"]]
2020/07/14 12:01:15:838 DEBUG com.sinosoft.test.base.TestBase:151 - setFuzzySelect 结束！
2020/07/14 12:01:15:838 DEBUG com.sinosoft.test.base.TestBase:76 - Trying to find Element By : By.name: SelectIt
2020/07/14 12:01:16:108 DEBUG com.sinosoft.test.base.TestBase:80 - Found Element By : By.name: SelectIt
2020/07/14 12:01:16:108  INFO com.sinosoft.test.base.TestBase:416 - jsClickButton:[[InternetExplorerDriver: internet explorer on WINDOWS (4a548bb5-95c0-4386-9c2f-1957e6da70d5)] -> name: SelectIt]
2020/07/14 12:01:16:108  INFO com.sinosoft.test.base.TestBase:144 - RunJavaScript:[[InternetExplorerDriver: internet explorer on WINDOWS (4a548bb5-95c0-4386-9c2f-1957e6da70d5)] -> name: SelectIt]	arguments[0].click();
2020/07/14 12:01:16:831 DEBUG com.sinosoft.test.base.TestBase:272 - 系统窗口【黄河财险业务系统】with handle -2370f2ee-4274-4c1a-bebe-bf81c8137bb0
2020/07/14 12:01:21:784 DEBUG com.sinosoft.test.base.TestBase:49 - CodeSelect:设置完毕[[[[InternetExplorerDriver: internet explorer on WINDOWS (4a548bb5-95c0-4386-9c2f-1957e6da70d5)] -> id: ItemPropertyDetail0105]] -> name: GuItemPropertyDetail0105ItemDetailCode] & Code=010056
2020/07/14 12:01:21:784 DEBUG com.sinosoft.test.base.TestBase:76 - Trying to find Element By : By.id: ItemPropertyDetail0105
2020/07/14 12:01:21:830 DEBUG com.sinosoft.test.base.TestBase:80 - Found Element By : By.id: ItemPropertyDetail0105
2020/07/14 12:01:21:830  INFO com.sinosoft.test.base.TestBase:406 - clickElement:[[InternetExplorerDriver: internet explorer on WINDOWS (4a548bb5-95c0-4386-9c2f-1957e6da70d5)] -> id: ItemPropertyDetail0105]
2020/07/14 12:01:21:830 DEBUG com.sinosoft.test.base.TestBase:76 - Trying to find Element By : By.id: ItemPropertyDetail0105
2020/07/14 12:01:21:899 DEBUG com.sinosoft.test.base.TestBase:80 - Found Element By : By.id: ItemPropertyDetail0105
2020/07/14 12:01:21:900 DEBUG com.sinosoft.test.base.TestBase:42 - Trying to click on: [[InternetExplorerDriver: internet explorer on WINDOWS (4a548bb5-95c0-4386-9c2f-1957e6da70d5)] -> id: ItemPropertyDetail0105]
2020/07/14 12:01:22:954 DEBUG com.sinosoft.test.base.TestBase:46 - Clicked on: [[InternetExplorerDriver: internet explorer on WINDOWS (4a548bb5-95c0-4386-9c2f-1957e6da70d5)] -> id: ItemPropertyDetail0105]
2020/07/14 12:01:22:954 DEBUG com.sinosoft.test.base.TestBase:76 - Trying to find Element By : By.id: ItemPropertyDetail0105
2020/07/14 12:01:23:015 DEBUG com.sinosoft.test.base.TestBase:80 - Found Element By : By.id: ItemPropertyDetail0105
2020/07/14 12:01:23:015 DEBUG com.sinosoft.test.base.TestBase:76 - Trying to find Element By : By.name: GuItemKind0105KindCode
2020/07/14 12:01:23:063 DEBUG com.sinosoft.test.base.TestBase:80 - Found Element By : By.name: GuItemKind0105KindCode
2020/07/14 12:01:23:063 DEBUG com.sinosoft.test.base.TestBase:76 - Trying to find Element By : By.id: ItemPropertyDetail0105
2020/07/14 12:01:23:109 DEBUG com.sinosoft.test.base.TestBase:80 - Found Element By : By.id: ItemPropertyDetail0105
2020/07/14 12:01:23:110 DEBUG com.sinosoft.test.base.TestBase:76 - Trying to find Element By : By.name: GuItemKind0105CalculateInd
2020/07/14 12:01:23:180 DEBUG com.sinosoft.test.base.TestBase:80 - Found Element By : By.name: GuItemKind0105CalculateInd
2020/07/14 12:01:23:180 DEBUG com.sinosoft.test.base.TestBase:76 - Trying to find Element By : By.id: ItemPropertyDetail0105
2020/07/14 12:01:23:262 DEBUG com.sinosoft.test.base.TestBase:80 - Found Element By : By.id: ItemPropertyDetail0105
2020/07/14 12:01:23:263 DEBUG com.sinosoft.test.base.TestBase:76 - Trying to find Element By : By.name: GuItemKind0105ValueType
2020/07/14 12:01:23:299 DEBUG com.sinosoft.test.base.TestBase:80 - Found Element By : By.name: GuItemKind0105ValueType
2020/07/14 12:01:23:301 DEBUG com.sinosoft.test.base.TestBase:76 - Trying to find Element By : By.id: ItemPropertyDetail0105
2020/07/14 12:01:23:395 DEBUG com.sinosoft.test.base.TestBase:80 - Found Element By : By.id: ItemPropertyDetail0105
2020/07/14 12:01:23:395 DEBUG com.sinosoft.test.base.TestBase:76 - Trying to find Element By : By.name: GuItemKind0105SumInsured
2020/07/14 12:01:23:445 DEBUG com.sinosoft.test.base.TestBase:80 - Found Element By : By.name: GuItemKind0105SumInsured
2020/07/14 12:01:23:445 DEBUG com.sinosoft.test.base.TestBase:76 - Trying to find Element By : By.id: ItemPropertyDetail0105
2020/07/14 12:01:23:528 DEBUG com.sinosoft.test.base.TestBase:80 - Found Element By : By.id: ItemPropertyDetail0105
2020/07/14 12:01:23:528 DEBUG com.sinosoft.test.base.TestBase:76 - Trying to find Element By : By.name: GuItemKind0105Rate
2020/07/14 12:01:23:565 DEBUG com.sinosoft.test.base.TestBase:80 - Found Element By : By.name: GuItemKind0105Rate
2020/07/14 12:01:23:565 DEBUG com.sinosoft.test.base.TestBase:76 - Trying to find Element By : By.id: ItemPropertyDetail0105
2020/07/14 12:01:23:628 DEBUG com.sinosoft.test.base.TestBase:80 - Found Element By : By.id: ItemPropertyDetail0105
2020/07/14 12:01:23:629 DEBUG com.sinosoft.test.base.TestBase:76 - Trying to find Element By : By.name: GuItemKind0105ShortRateFlag
2020/07/14 12:01:23:666 DEBUG com.sinosoft.test.base.TestBase:80 - Found Element By : By.name: GuItemKind0105ShortRateFlag
2020/07/14 12:01:23:666 DEBUG com.sinosoft.test.base.TestBase:76 - Trying to find Element By : By.id: ItemPropertyDetail0105
2020/07/14 12:01:23:725 DEBUG com.sinosoft.test.base.TestBase:80 - Found Element By : By.id: ItemPropertyDetail0105
2020/07/14 12:01:23:725 DEBUG com.sinosoft.test.base.TestBase:76 - Trying to find Element By : By.name: GuItemKind0105GrossPremium
2020/07/14 12:01:23:779 DEBUG com.sinosoft.test.base.TestBase:80 - Found Element By : By.name: GuItemKind0105GrossPremium
2020/07/14 12:01:23:803 DEBUG com.sinosoft.test.base.TestBase:42 - CodeSelect:开始设置[[[[InternetExplorerDriver: internet explorer on WINDOWS (4a548bb5-95c0-4386-9c2f-1957e6da70d5)] -> id: ItemPropertyDetail0105]] -> name: GuItemKind0105KindCode] & Code=0105001
2020/07/14 12:01:24:958 DEBUG com.sinosoft.test.base.TestBase:272 - 系统窗口【黄河财险业务系统】with handle -2370f2ee-4274-4c1a-bebe-bf81c8137bb0
2020/07/14 12:01:25:623 DEBUG com.sinosoft.test.base.TestBase:272 - 系统窗口【黄河财险业务系统】with handle -2370f2ee-4274-4c1a-bebe-bf81c8137bb0
2020/07/14 12:01:26:253 DEBUG com.sinosoft.test.base.TestBase:272 - 系统窗口【Code Select】with handle -d9cf4d4d-b1ca-4b63-acc2-4f053097dd76
2020/07/14 12:01:26:766 DEBUG com.sinosoft.test.base.TestBase:69 - 初始化class com.sinosoft.test.fccp.common.CodeSelectPage
2020/07/14 12:01:26:766 DEBUG com.sinosoft.test.base.TestBase:39 - 基础码表选择！
2020/07/14 12:01:26:766 DEBUG com.sinosoft.test.base.TestBase:76 - Trying to find Element By : By.name: fieldValue
2020/07/14 12:01:27:035 DEBUG com.sinosoft.test.base.TestBase:80 - Found Element By : By.name: fieldValue
2020/07/14 12:01:27:035  INFO com.sinosoft.test.base.TestBase:360 - setEditboxValue:[[InternetExplorerDriver: internet explorer on WINDOWS (4a548bb5-95c0-4386-9c2f-1957e6da70d5)] -> name: fieldValue]：0105001
2020/07/14 12:01:28:125  INFO com.sinosoft.test.base.TestBase:363 - setEditboxValue—End:[[InternetExplorerDriver: internet explorer on WINDOWS (4a548bb5-95c0-4386-9c2f-1957e6da70d5)] -> name: fieldValue]：0105001
2020/07/14 12:01:28:125 DEBUG com.sinosoft.test.base.TestBase:76 - Trying to find Element By : By.xpath: //input[@value='查询(Q)']
2020/07/14 12:01:28:408 DEBUG com.sinosoft.test.base.TestBase:80 - Found Element By : By.xpath: //input[@value='查询(Q)']
2020/07/14 12:01:28:409  INFO com.sinosoft.test.base.TestBase:402 - clickButton:[[InternetExplorerDriver: internet explorer on WINDOWS (4a548bb5-95c0-4386-9c2f-1957e6da70d5)] -> xpath: //input[@value='查询(Q)']]
2020/07/14 12:01:28:409 DEBUG com.sinosoft.test.base.TestBase:42 - Trying to click on: [[InternetExplorerDriver: internet explorer on WINDOWS (4a548bb5-95c0-4386-9c2f-1957e6da70d5)] -> xpath: //input[@value='查询(Q)']]
2020/07/14 12:01:29:958 DEBUG com.sinosoft.test.base.TestBase:46 - Clicked on: [[InternetExplorerDriver: internet explorer on WINDOWS (4a548bb5-95c0-4386-9c2f-1957e6da70d5)] -> xpath: //input[@value='查询(Q)']]
2020/07/14 12:01:29:959 DEBUG com.sinosoft.test.base.TestBase:76 - Trying to find Element By : By.name: codeselect
2020/07/14 12:01:30:244 DEBUG com.sinosoft.test.base.TestBase:80 - Found Element By : By.name: codeselect
2020/07/14 12:01:30:245  INFO com.sinosoft.test.base.TestBase:132 - setFuzzySelect:[[InternetExplorerDriver: internet explorer on WINDOWS (4a548bb5-95c0-4386-9c2f-1957e6da70d5)] -> name: codeselect]->0105001
2020/07/14 12:01:30:781 DEBUG com.sinosoft.test.base.TestBase:76 - Trying to find Element By : By.tagName: option
2020/07/14 12:01:31:074 DEBUG com.sinosoft.test.base.TestBase:80 - Found Element By : By.tagName: option
2020/07/14 12:01:31:360  INFO com.sinosoft.test.base.TestBase:142 - 找到匹配【0105001】的选项：0105001--营业中断保险（2018版）条款
2020/07/14 12:01:31:361 DEBUG com.sinosoft.test.base.TestBase:76 - Trying to find Element By : By.xpath: .//option[normalize-space(.) = "0105001--营业中断保险（2018版）条款"]
2020/07/14 12:01:31:679 DEBUG com.sinosoft.test.base.TestBase:80 - Found Element By : By.xpath: .//option[normalize-space(.) = "0105001--营业中断保险（2018版）条款"]
2020/07/14 12:01:31:975 DEBUG com.sinosoft.test.base.TestBase:42 - Trying to click on: [[[[InternetExplorerDriver: internet explorer on WINDOWS (4a548bb5-95c0-4386-9c2f-1957e6da70d5)] -> name: codeselect]] -> xpath: .//option[normalize-space(.) = "0105001--营业中断保险（2018版）条款"]]
2020/07/14 12:01:32:391 DEBUG com.sinosoft.test.base.TestBase:46 - Clicked on: [[[[InternetExplorerDriver: internet explorer on WINDOWS (4a548bb5-95c0-4386-9c2f-1957e6da70d5)] -> name: codeselect]] -> xpath: .//option[normalize-space(.) = "0105001--营业中断保险（2018版）条款"]]
2020/07/14 12:01:32:392 DEBUG com.sinosoft.test.base.TestBase:151 - setFuzzySelect 结束！
2020/07/14 12:01:32:392 DEBUG com.sinosoft.test.base.TestBase:76 - Trying to find Element By : By.name: SelectIt
2020/07/14 12:01:32:663 DEBUG com.sinosoft.test.base.TestBase:80 - Found Element By : By.name: SelectIt
2020/07/14 12:01:32:663  INFO com.sinosoft.test.base.TestBase:416 - jsClickButton:[[InternetExplorerDriver: internet explorer on WINDOWS (4a548bb5-95c0-4386-9c2f-1957e6da70d5)] -> name: SelectIt]
2020/07/14 12:01:32:663  INFO com.sinosoft.test.base.TestBase:144 - RunJavaScript:[[InternetExplorerDriver: internet explorer on WINDOWS (4a548bb5-95c0-4386-9c2f-1957e6da70d5)] -> name: SelectIt]	arguments[0].click();
2020/07/14 12:01:33:397 DEBUG com.sinosoft.test.base.TestBase:272 - 系统窗口【黄河财险业务系统】with handle -2370f2ee-4274-4c1a-bebe-bf81c8137bb0
2020/07/14 12:01:38:420 DEBUG com.sinosoft.test.base.TestBase:49 - CodeSelect:设置完毕[[[[InternetExplorerDriver: internet explorer on WINDOWS (4a548bb5-95c0-4386-9c2f-1957e6da70d5)] -> id: ItemPropertyDetail0105]] -> name: GuItemKind0105KindCode] & Code=0105001
2020/07/14 12:01:38:446  INFO com.sinosoft.test.base.TestBase:96 - setSelectWithStartText:[[[[InternetExplorerDriver: internet explorer on WINDOWS (4a548bb5-95c0-4386-9c2f-1957e6da70d5)] -> id: ItemPropertyDetail0105]] -> name: GuItemKind0105ValueType]->18
2020/07/14 12:01:38:498 DEBUG com.sinosoft.test.base.TestBase:76 - Trying to find Element By : By.tagName: option
2020/07/14 12:01:38:647 DEBUG com.sinosoft.test.base.TestBase:80 - Found Element By : By.tagName: option
2020/07/14 12:01:39:180  INFO com.sinosoft.test.base.TestBase:114 - 找到匹配【18】的选项：18-估价
2020/07/14 12:01:39:180 DEBUG com.sinosoft.test.base.TestBase:76 - Trying to find Element By : By.xpath: .//option[normalize-space(.) = "18-估价"]
2020/07/14 12:01:39:230 DEBUG com.sinosoft.test.base.TestBase:80 - Found Element By : By.xpath: .//option[normalize-space(.) = "18-估价"]
2020/07/14 12:01:39:279 DEBUG com.sinosoft.test.base.TestBase:42 - Trying to click on: [[[[[[InternetExplorerDriver: internet explorer on WINDOWS (4a548bb5-95c0-4386-9c2f-1957e6da70d5)] -> id: ItemPropertyDetail0105]] -> name: GuItemKind0105ValueType]] -> xpath: .//option[normalize-space(.) = "18-估价"]]
2020/07/14 12:01:39:530 DEBUG com.sinosoft.test.base.TestBase:46 - Clicked on: [[[[[[InternetExplorerDriver: internet explorer on WINDOWS (4a548bb5-95c0-4386-9c2f-1957e6da70d5)] -> id: ItemPropertyDetail0105]] -> name: GuItemKind0105ValueType]] -> xpath: .//option[normalize-space(.) = "18-估价"]]
2020/07/14 12:01:39:531 DEBUG com.sinosoft.test.base.TestBase:123 - setSelectWithStartText 结束！
2020/07/14 12:01:39:531  INFO com.sinosoft.test.base.TestBase:360 - setEditboxValue:[[[[InternetExplorerDriver: internet explorer on WINDOWS (4a548bb5-95c0-4386-9c2f-1957e6da70d5)] -> id: ItemPropertyDetail0105]] -> name: GuItemKind0105SumInsured]：200000
2020/07/14 12:01:40:248  INFO com.sinosoft.test.base.TestBase:363 - setEditboxValue—End:[[[[InternetExplorerDriver: internet explorer on WINDOWS (4a548bb5-95c0-4386-9c2f-1957e6da70d5)] -> id: ItemPropertyDetail0105]] -> name: GuItemKind0105SumInsured]：200000
2020/07/14 12:01:40:248  INFO com.sinosoft.test.base.TestBase:388 - setEditboxTValue:[[[[InternetExplorerDriver: internet explorer on WINDOWS (4a548bb5-95c0-4386-9c2f-1957e6da70d5)] -> id: ItemPropertyDetail0105]] -> name: GuItemKind0105Rate]->3
2020/07/14 12:01:46:001  INFO com.sinosoft.test.base.TestBase:388 - setEditboxTValue:[[[[InternetExplorerDriver: internet explorer on WINDOWS (4a548bb5-95c0-4386-9c2f-1957e6da70d5)] -> id: ItemPropertyDetail0105]] -> name: GuItemKind0105GrossPremium]->4000
2020/07/14 12:01:51:822 DEBUG com.sinosoft.test.base.TestBase:76 - Trying to find Element By : By.id: saveButton
2020/07/14 12:01:51:905 DEBUG com.sinosoft.test.base.TestBase:80 - Found Element By : By.id: saveButton
2020/07/14 12:01:51:905  INFO com.sinosoft.test.base.TestBase:402 - clickButton:[[InternetExplorerDriver: internet explorer on WINDOWS (4a548bb5-95c0-4386-9c2f-1957e6da70d5)] -> id: saveButton]
2020/07/14 12:01:51:905 DEBUG com.sinosoft.test.base.TestBase:76 - Trying to find Element By : By.id: saveButton
2020/07/14 12:01:51:973 DEBUG com.sinosoft.test.base.TestBase:80 - Found Element By : By.id: saveButton
2020/07/14 12:01:51:973 DEBUG com.sinosoft.test.base.TestBase:42 - Trying to click on: [[InternetExplorerDriver: internet explorer on WINDOWS (4a548bb5-95c0-4386-9c2f-1957e6da70d5)] -> id: saveButton]
2020/07/14 12:01:53:270 DEBUG com.sinosoft.test.base.TestBase:46 - Clicked on: [[InternetExplorerDriver: internet explorer on WINDOWS (4a548bb5-95c0-4386-9c2f-1957e6da70d5)] -> id: saveButton]
2020/07/14 12:01:57:186 DEBUG com.sinosoft.test.base.TestBase:76 - Trying to find Element By : By.xpath: //td[text()='条款信息']
2020/07/14 12:01:57:243 DEBUG com.sinosoft.test.base.TestBase:80 - Found Element By : By.xpath: //td[text()='条款信息']
2020/07/14 12:01:57:244  INFO com.sinosoft.test.base.TestBase:402 - clickButton:[[InternetExplorerDriver: internet explorer on WINDOWS (4a548bb5-95c0-4386-9c2f-1957e6da70d5)] -> xpath: //td[text()='条款信息']]
2020/07/14 12:01:57:244 DEBUG com.sinosoft.test.base.TestBase:42 - Trying to click on: [[InternetExplorerDriver: internet explorer on WINDOWS (4a548bb5-95c0-4386-9c2f-1957e6da70d5)] -> xpath: //td[text()='条款信息']]
2020/07/14 12:01:58:917 DEBUG com.sinosoft.test.base.TestBase:46 - Clicked on: [[InternetExplorerDriver: internet explorer on WINDOWS (4a548bb5-95c0-4386-9c2f-1957e6da70d5)] -> xpath: //td[text()='条款信息']]
2020/07/14 12:02:03:834 DEBUG com.sinosoft.test.base.TestBase:69 - 初始化class com.sinosoft.test.fccp.tbcl.RiskDetail_TermsPage
2020/07/14 12:02:08:777 DEBUG com.sinosoft.test.base.TestBase:76 - Trying to find Element By : By.id: saveButton
2020/07/14 12:02:08:845 DEBUG com.sinosoft.test.base.TestBase:80 - Found Element By : By.id: saveButton
2020/07/14 12:02:08:845  INFO com.sinosoft.test.base.TestBase:402 - clickButton:[[InternetExplorerDriver: internet explorer on WINDOWS (4a548bb5-95c0-4386-9c2f-1957e6da70d5)] -> id: saveButton]
2020/07/14 12:02:08:845 DEBUG com.sinosoft.test.base.TestBase:76 - Trying to find Element By : By.id: saveButton
2020/07/14 12:02:08:912 DEBUG com.sinosoft.test.base.TestBase:80 - Found Element By : By.id: saveButton
2020/07/14 12:02:08:913 DEBUG com.sinosoft.test.base.TestBase:42 - Trying to click on: [[InternetExplorerDriver: internet explorer on WINDOWS (4a548bb5-95c0-4386-9c2f-1957e6da70d5)] -> id: saveButton]
2020/07/14 12:02:10:396 DEBUG com.sinosoft.test.base.TestBase:46 - Clicked on: [[InternetExplorerDriver: internet explorer on WINDOWS (4a548bb5-95c0-4386-9c2f-1957e6da70d5)] -> id: saveButton]
2020/07/14 12:02:10:846 DEBUG com.sinosoft.test.base.TestBase:76 - Trying to find Element By : By.xpath: //td[text()='保单费用信息']
2020/07/14 12:02:10:904 DEBUG com.sinosoft.test.base.TestBase:80 - Found Element By : By.xpath: //td[text()='保单费用信息']
2020/07/14 12:02:10:904  INFO com.sinosoft.test.base.TestBase:416 - jsClickButton:[[InternetExplorerDriver: internet explorer on WINDOWS (4a548bb5-95c0-4386-9c2f-1957e6da70d5)] -> xpath: //td[text()='保单费用信息']]
2020/07/14 12:02:10:904  INFO com.sinosoft.test.base.TestBase:144 - RunJavaScript:[[InternetExplorerDriver: internet explorer on WINDOWS (4a548bb5-95c0-4386-9c2f-1957e6da70d5)] -> xpath: //td[text()='保单费用信息']]	arguments[0].click();
2020/07/14 12:02:11:956 DEBUG com.sinosoft.test.base.TestBase:69 - 初始化class com.sinosoft.test.fccp.tbcl.PolicyFeePage
2020/07/14 12:02:11:957 DEBUG com.sinosoft.test.base.TestBase:36 - 初始化PolicyFeePage：
2020/07/14 12:02:14:573 DEBUG com.sinosoft.test.base.TestBase:76 - Trying to find Element By : By.name: GuMainXsfInd
2020/07/14 12:02:14:601 DEBUG com.sinosoft.test.base.TestBase:80 - Found Element By : By.name: GuMainXsfInd
2020/07/14 12:02:14:601 DEBUG com.sinosoft.test.base.TestBase:76 - Trying to find Element By : By.name: GuMainFsh
2020/07/14 12:02:14:634 DEBUG com.sinosoft.test.base.TestBase:80 - Found Element By : By.name: GuMainFsh
2020/07/14 12:02:14:634  INFO com.sinosoft.test.base.TestBase:388 - setEditboxTValue:[[InternetExplorerDriver: internet explorer on WINDOWS (4a548bb5-95c0-4386-9c2f-1957e6da70d5)] -> name: GuMainFsh]->6
2020/07/14 12:02:14:635 DEBUG com.sinosoft.test.base.TestBase:76 - Trying to find Element By : By.name: GuMainFsh
2020/07/14 12:02:14:691 DEBUG com.sinosoft.test.base.TestBase:80 - Found Element By : By.name: GuMainFsh
2020/07/14 12:02:14:900 DEBUG com.sinosoft.test.base.TestBase:76 - Trying to find Element By : By.name: GuMainFsh
2020/07/14 12:02:14:949 DEBUG com.sinosoft.test.base.TestBase:80 - Found Element By : By.name: GuMainFsh
2020/07/14 12:02:20:225 DEBUG com.sinosoft.test.base.TestBase:42 - CodeSelect:开始设置[[InternetExplorerDriver: internet explorer on WINDOWS (4a548bb5-95c0-4386-9c2f-1957e6da70d5)] -> name: GuMainXsfInd] & Code=B
2020/07/14 12:02:21:281 DEBUG com.sinosoft.test.base.TestBase:272 - 系统窗口【黄河财险业务系统】with handle -2370f2ee-4274-4c1a-bebe-bf81c8137bb0
2020/07/14 12:02:21:939 DEBUG com.sinosoft.test.base.TestBase:272 - 系统窗口【黄河财险业务系统】with handle -2370f2ee-4274-4c1a-bebe-bf81c8137bb0
2020/07/14 12:02:22:569 DEBUG com.sinosoft.test.base.TestBase:272 - 系统窗口【Code Select】with handle -a322b318-9315-4f1b-8357-f4f7dba41c57
2020/07/14 12:02:23:081 DEBUG com.sinosoft.test.base.TestBase:69 - 初始化class com.sinosoft.test.fccp.common.CodeSelectPage
2020/07/14 12:02:23:081 DEBUG com.sinosoft.test.base.TestBase:39 - 基础码表选择！
2020/07/14 12:02:23:082 DEBUG com.sinosoft.test.base.TestBase:76 - Trying to find Element By : By.name: fieldValue
2020/07/14 12:02:23:354 DEBUG com.sinosoft.test.base.TestBase:80 - Found Element By : By.name: fieldValue
2020/07/14 12:02:23:354  INFO com.sinosoft.test.base.TestBase:360 - setEditboxValue:[[InternetExplorerDriver: internet explorer on WINDOWS (4a548bb5-95c0-4386-9c2f-1957e6da70d5)] -> name: fieldValue]：B
2020/07/14 12:02:24:444  INFO com.sinosoft.test.base.TestBase:363 - setEditboxValue—End:[[InternetExplorerDriver: internet explorer on WINDOWS (4a548bb5-95c0-4386-9c2f-1957e6da70d5)] -> name: fieldValue]：B
2020/07/14 12:02:24:445 DEBUG com.sinosoft.test.base.TestBase:76 - Trying to find Element By : By.xpath: //input[@value='查询(Q)']
2020/07/14 12:02:24:728 DEBUG com.sinosoft.test.base.TestBase:80 - Found Element By : By.xpath: //input[@value='查询(Q)']
2020/07/14 12:02:24:729  INFO com.sinosoft.test.base.TestBase:402 - clickButton:[[InternetExplorerDriver: internet explorer on WINDOWS (4a548bb5-95c0-4386-9c2f-1957e6da70d5)] -> xpath: //input[@value='查询(Q)']]
2020/07/14 12:02:24:729 DEBUG com.sinosoft.test.base.TestBase:42 - Trying to click on: [[InternetExplorerDriver: internet explorer on WINDOWS (4a548bb5-95c0-4386-9c2f-1957e6da70d5)] -> xpath: //input[@value='查询(Q)']]
2020/07/14 12:02:26:294 DEBUG com.sinosoft.test.base.TestBase:46 - Clicked on: [[InternetExplorerDriver: internet explorer on WINDOWS (4a548bb5-95c0-4386-9c2f-1957e6da70d5)] -> xpath: //input[@value='查询(Q)']]
2020/07/14 12:02:26:295 DEBUG com.sinosoft.test.base.TestBase:76 - Trying to find Element By : By.name: codeselect
2020/07/14 12:02:26:579 DEBUG com.sinosoft.test.base.TestBase:80 - Found Element By : By.name: codeselect
2020/07/14 12:02:26:580  INFO com.sinosoft.test.base.TestBase:132 - setFuzzySelect:[[InternetExplorerDriver: internet explorer on WINDOWS (4a548bb5-95c0-4386-9c2f-1957e6da70d5)] -> name: codeselect]->B
2020/07/14 12:02:27:123 DEBUG com.sinosoft.test.base.TestBase:76 - Trying to find Element By : By.tagName: option
2020/07/14 12:02:27:410 DEBUG com.sinosoft.test.base.TestBase:80 - Found Element By : By.tagName: option
2020/07/14 12:02:27:697  INFO com.sinosoft.test.base.TestBase:142 - 找到匹配【B】的选项：B
2020/07/14 12:02:27:697 DEBUG com.sinosoft.test.base.TestBase:76 - Trying to find Element By : By.xpath: .//option[normalize-space(.) = "B"]
2020/07/14 12:02:27:998 DEBUG com.sinosoft.test.base.TestBase:80 - Found Element By : By.xpath: .//option[normalize-space(.) = "B"]
2020/07/14 12:02:28:292 DEBUG com.sinosoft.test.base.TestBase:42 - Trying to click on: [[[[InternetExplorerDriver: internet explorer on WINDOWS (4a548bb5-95c0-4386-9c2f-1957e6da70d5)] -> name: codeselect]] -> xpath: .//option[normalize-space(.) = "B"]]
2020/07/14 12:02:28:708 DEBUG com.sinosoft.test.base.TestBase:46 - Clicked on: [[[[InternetExplorerDriver: internet explorer on WINDOWS (4a548bb5-95c0-4386-9c2f-1957e6da70d5)] -> name: codeselect]] -> xpath: .//option[normalize-space(.) = "B"]]
2020/07/14 12:02:28:709 DEBUG com.sinosoft.test.base.TestBase:151 - setFuzzySelect 结束！
2020/07/14 12:02:28:709 DEBUG com.sinosoft.test.base.TestBase:76 - Trying to find Element By : By.name: SelectIt
2020/07/14 12:02:28:989 DEBUG com.sinosoft.test.base.TestBase:80 - Found Element By : By.name: SelectIt
2020/07/14 12:02:28:989  INFO com.sinosoft.test.base.TestBase:416 - jsClickButton:[[InternetExplorerDriver: internet explorer on WINDOWS (4a548bb5-95c0-4386-9c2f-1957e6da70d5)] -> name: SelectIt]
2020/07/14 12:02:28:989  INFO com.sinosoft.test.base.TestBase:144 - RunJavaScript:[[InternetExplorerDriver: internet explorer on WINDOWS (4a548bb5-95c0-4386-9c2f-1957e6da70d5)] -> name: SelectIt]	arguments[0].click();
2020/07/14 12:02:29:688 DEBUG com.sinosoft.test.base.TestBase:272 - 系统窗口【黄河财险业务系统】with handle -2370f2ee-4274-4c1a-bebe-bf81c8137bb0
2020/07/14 12:02:32:412 DEBUG com.sinosoft.test.base.TestBase:49 - CodeSelect:设置完毕[[InternetExplorerDriver: internet explorer on WINDOWS (4a548bb5-95c0-4386-9c2f-1957e6da70d5)] -> name: GuMainXsfInd] & Code=B
2020/07/14 12:02:32:413 DEBUG com.sinosoft.test.base.TestBase:76 - Trying to find Element By : By.name: GuMainAdjustRate
2020/07/14 12:02:32:470 DEBUG com.sinosoft.test.base.TestBase:80 - Found Element By : By.name: GuMainAdjustRate
2020/07/14 12:02:32:470  INFO com.sinosoft.test.base.TestBase:360 - setEditboxValue:[[InternetExplorerDriver: internet explorer on WINDOWS (4a548bb5-95c0-4386-9c2f-1957e6da70d5)] -> name: GuMainAdjustRate]：2
2020/07/14 12:02:32:470 DEBUG com.sinosoft.test.base.TestBase:76 - Trying to find Element By : By.name: GuMainAdjustRate
2020/07/14 12:02:32:529 DEBUG com.sinosoft.test.base.TestBase:80 - Found Element By : By.name: GuMainAdjustRate
2020/07/14 12:02:32:821 DEBUG com.sinosoft.test.base.TestBase:76 - Trying to find Element By : By.name: GuMainAdjustRate
2020/07/14 12:02:32:868 DEBUG com.sinosoft.test.base.TestBase:80 - Found Element By : By.name: GuMainAdjustRate
2020/07/14 12:02:33:158 DEBUG com.sinosoft.test.base.TestBase:76 - Trying to find Element By : By.name: GuMainAdjustRate
2020/07/14 12:02:33:185 DEBUG com.sinosoft.test.base.TestBase:80 - Found Element By : By.name: GuMainAdjustRate
2020/07/14 12:02:33:186  INFO com.sinosoft.test.base.TestBase:363 - setEditboxValue—End:[[InternetExplorerDriver: internet explorer on WINDOWS (4a548bb5-95c0-4386-9c2f-1957e6da70d5)] -> name: GuMainAdjustRate]：2
2020/07/14 12:02:33:186 DEBUG com.sinosoft.test.base.TestBase:76 - Trying to find Element By : By.id: saveButton
2020/07/14 12:02:33:244 DEBUG com.sinosoft.test.base.TestBase:80 - Found Element By : By.id: saveButton
2020/07/14 12:02:33:245  INFO com.sinosoft.test.base.TestBase:402 - clickButton:[[InternetExplorerDriver: internet explorer on WINDOWS (4a548bb5-95c0-4386-9c2f-1957e6da70d5)] -> id: saveButton]
2020/07/14 12:02:33:245 DEBUG com.sinosoft.test.base.TestBase:76 - Trying to find Element By : By.id: saveButton
2020/07/14 12:02:33:290 DEBUG com.sinosoft.test.base.TestBase:80 - Found Element By : By.id: saveButton
2020/07/14 12:02:33:291 DEBUG com.sinosoft.test.base.TestBase:42 - Trying to click on: [[InternetExplorerDriver: internet explorer on WINDOWS (4a548bb5-95c0-4386-9c2f-1957e6da70d5)] -> id: saveButton]
2020/07/14 12:02:34:390 DEBUG com.sinosoft.test.base.TestBase:46 - Clicked on: [[InternetExplorerDriver: internet explorer on WINDOWS (4a548bb5-95c0-4386-9c2f-1957e6da70d5)] -> id: saveButton]
2020/07/14 12:02:34:935  INFO com.sinosoft.test.base.TestBase:51 - 开始点击提交复核按钮
2020/07/14 12:02:34:935 DEBUG com.sinosoft.test.base.TestBase:76 - Trying to find Element By : By.name: Save
2020/07/14 12:02:34:970 DEBUG com.sinosoft.test.base.TestBase:80 - Found Element By : By.name: Save
2020/07/14 12:02:34:971  INFO com.sinosoft.test.base.TestBase:416 - jsClickButton:[[InternetExplorerDriver: internet explorer on WINDOWS (4a548bb5-95c0-4386-9c2f-1957e6da70d5)] -> name: Save]
2020/07/14 12:02:34:971 DEBUG com.sinosoft.test.base.TestBase:76 - Trying to find Element By : By.name: Save
2020/07/14 12:02:35:018 DEBUG com.sinosoft.test.base.TestBase:80 - Found Element By : By.name: Save
2020/07/14 12:02:35:019  INFO com.sinosoft.test.base.TestBase:144 - RunJavaScript:[[InternetExplorerDriver: internet explorer on WINDOWS (4a548bb5-95c0-4386-9c2f-1957e6da70d5)] -> name: Save]	arguments[0].click();
2020/07/14 12:02:35:019 DEBUG com.sinosoft.test.base.TestBase:76 - Trying to find Element By : By.name: Save
2020/07/14 12:02:35:044 DEBUG com.sinosoft.test.base.TestBase:80 - Found Element By : By.name: Save
2020/07/14 12:02:45:052 DEBUG com.sinosoft.test.base.TestBase:66 - 系统自动捕获异常：Exception occured: org.openqa.selenium.WebDriverException: java.net.SocketTimeoutException: timeout
Build info: version: '3.9.0', revision: '698b3178f0', time: '2018-02-05T14:26:55.441Z'
System info: host: 'DESKTOP-I9S3ABE', ip: '100.100.96.220', os.name: 'Windows 10', os.arch: 'amd64', os.version: '10.0', java.version: '1.8.0_101'
Driver info: driver.version: EventFiringWebDriver
2020/07/14 12:02:45:052  INFO com.sinosoft.test.base.TestBase:68 - 异常的message 是：java.net.SocketTimeoutException: timeout
Build info: version: '3.9.0', revision: '698b3178f0', time: '2018-02-05T14:26:55.441Z'
System info: host: 'DESKTOP-I9S3ABE', ip: '100.100.96.220', os.name: 'Windows 10', os.arch: 'amd64', os.version: '10.0', java.version: '1.8.0_101'
Driver info: driver.version: EventFiringWebDriver
2020/07/14 12:02:45:052 ERROR com.sinosoft.test.base.TestBase:148 - org.openqa.selenium.WebDriverException: java.net.SocketTimeoutException: timeout
Build info: version: '3.9.0', revision: '698b3178f0', time: '2018-02-05T14:26:55.441Z'
System info: host: 'DESKTOP-I9S3ABE', ip: '100.100.96.220', os.name: 'Windows 10', os.arch: 'amd64', os.version: '10.0', java.version: '1.8.0_101'
Driver info: driver.version: EventFiringWebDriver
2020/07/14 12:02:45:052  INFO com.sinosoft.test.base.TestBase:53 - 点击复核完毕！
2020/07/14 12:02:57:056  INFO com.sinosoft.test.base.TestBase:55 - 返回的窗口标题：
2020/07/14 12:02:57:056 DEBUG com.sinosoft.test.base.TestBase:88 - 截屏文件名字是：FCCB_TB_JCX_1_提交复核结果
2020/07/14 12:03:07:058 DEBUG com.sinosoft.test.base.TestBase:66 - 系统自动捕获异常：Exception occured: org.openqa.selenium.WebDriverException: java.net.SocketTimeoutException: timeout
Build info: version: '3.9.0', revision: '698b3178f0', time: '2018-02-05T14:26:55.441Z'
System info: host: 'DESKTOP-I9S3ABE', ip: '100.100.96.220', os.name: 'Windows 10', os.arch: 'amd64', os.version: '10.0', java.version: '1.8.0_101'
Driver info: driver.version: EventFiringWebDriver
2020/07/14 12:03:07:058  INFO com.sinosoft.test.base.TestBase:68 - 异常的message 是：java.net.SocketTimeoutException: timeout
Build info: version: '3.9.0', revision: '698b3178f0', time: '2018-02-05T14:26:55.441Z'
System info: host: 'DESKTOP-I9S3ABE', ip: '100.100.96.220', os.name: 'Windows 10', os.arch: 'amd64', os.version: '10.0', java.version: '1.8.0_101'
Driver info: driver.version: EventFiringWebDriver
2020/07/14 12:03:07:060 ERROR com.sinosoft.test.base.TestBase:94 - 浏览截屏失败：
org.openqa.selenium.WebDriverException: java.net.SocketTimeoutException: timeout
Build info: version: '3.9.0', revision: '698b3178f0', time: '2018-02-05T14:26:55.441Z'
System info: host: 'DESKTOP-I9S3ABE', ip: '100.100.96.220', os.name: 'Windows 10', os.arch: 'amd64', os.version: '10.0', java.version: '1.8.0_101'
Driver info: driver.version: EventFiringWebDriver
	at org.openqa.selenium.remote.service.DriverCommandExecutor.execute(DriverCommandExecutor.java:92)
	at org.openqa.selenium.remote.RemoteWebDriver.execute(RemoteWebDriver.java:601)
	at org.openqa.selenium.remote.RemoteWebDriver.execute(RemoteWebDriver.java:658)
	at org.openqa.selenium.ie.InternetExplorerDriver.getScreenshotAs(InternetExplorerDriver.java:235)
	at sun.reflect.NativeMethodAccessorImpl.invoke0(Native Method)
	at sun.reflect.NativeMethodAccessorImpl.invoke(NativeMethodAccessorImpl.java:62)
	at sun.reflect.DelegatingMethodAccessorImpl.invoke(DelegatingMethodAccessorImpl.java:43)
	at java.lang.reflect.Method.invoke(Method.java:498)
	at org.openqa.selenium.support.events.EventFiringWebDriver$2.invoke(EventFiringWebDriver.java:108)
	at com.sun.proxy.$Proxy8.getScreenshotAs(Unknown Source)
	at org.openqa.selenium.support.events.EventFiringWebDriver.getScreenshotAs(EventFiringWebDriver.java:291)
	at com.sinosoft.test.util.TestUtil.takeScreenshot(TestUtil.java:89)
	at com.sinosoft.test.fccp.tbcl.TbclMainFramePage.submitForReview(TbclMainFramePage.java:60)
	at com.sinosoft.testcases.fccb.TBGLTestCase.FCCB_TBCL(TBGLTestCase.java:112)
	at sun.reflect.NativeMethodAccessorImpl.invoke0(Native Method)
	at sun.reflect.NativeMethodAccessorImpl.invoke(NativeMethodAccessorImpl.java:62)
	at sun.reflect.DelegatingMethodAccessorImpl.invoke(DelegatingMethodAccessorImpl.java:43)
	at java.lang.reflect.Method.invoke(Method.java:498)
	at org.testng.internal.MethodInvocationHelper.invokeMethod(MethodInvocationHelper.java:108)
	at org.testng.internal.Invoker.invokeMethod(Invoker.java:661)
	at org.testng.internal.Invoker.invokeTestMethod(Invoker.java:869)
	at org.testng.internal.Invoker.invokeTestMethods(Invoker.java:1193)
	at org.testng.internal.TestMethodWorker.invokeTestMethods(TestMethodWorker.java:126)
	at org.testng.internal.TestMethodWorker.run(TestMethodWorker.java:109)
	at org.testng.TestRunner.privateRun(TestRunner.java:744)
	at org.testng.TestRunner.run(TestRunner.java:602)
	at org.testng.SuiteRunner.runTest(SuiteRunner.java:380)
	at org.testng.SuiteRunner.runSequentially(SuiteRunner.java:375)
	at org.testng.SuiteRunner.privateRun(SuiteRunner.java:340)
	at org.testng.SuiteRunner.run(SuiteRunner.java:289)
	at org.testng.SuiteRunnerWorker.runSuite(SuiteRunnerWorker.java:52)
	at org.testng.SuiteRunnerWorker.run(SuiteRunnerWorker.java:86)
	at org.testng.TestNG.runSuitesSequentially(TestNG.java:1301)
	at org.testng.TestNG.runSuitesLocally(TestNG.java:1226)
	at org.testng.TestNG.runSuites(TestNG.java:1144)
	at org.testng.TestNG.run(TestNG.java:1115)
	at org.apache.maven.surefire.testng.TestNGExecutor.run(TestNGExecutor.java:283)
	at org.apache.maven.surefire.testng.TestNGXmlTestSuite.execute(TestNGXmlTestSuite.java:75)
	at org.apache.maven.surefire.testng.TestNGProvider.invoke(TestNGProvider.java:120)
	at org.apache.maven.surefire.booter.ForkedBooter.invokeProviderInSameClassLoader(ForkedBooter.java:384)
	at org.apache.maven.surefire.booter.ForkedBooter.runSuitesInProcess(ForkedBooter.java:345)
	at org.apache.maven.surefire.booter.ForkedBooter.execute(ForkedBooter.java:126)
	at org.apache.maven.surefire.booter.ForkedBooter.main(ForkedBooter.java:418)
Caused by: java.net.SocketTimeoutException: timeout
	at okio.Okio$4.newTimeoutException(Okio.java:230)
	at okio.AsyncTimeout.exit(AsyncTimeout.java:285)
	at okio.AsyncTimeout$2.read(AsyncTimeout.java:241)
	at okio.RealBufferedSource.indexOf(RealBufferedSource.java:345)
	at okio.RealBufferedSource.readUtf8LineStrict(RealBufferedSource.java:217)
	at okhttp3.internal.http1.Http1Codec.readHeaderLine(Http1Codec.java:212)
	at okhttp3.internal.http1.Http1Codec.readResponseHeaders(Http1Codec.java:189)
	at okhttp3.internal.http.CallServerInterceptor.intercept(CallServerInterceptor.java:88)
	at okhttp3.internal.http.RealInterceptorChain.proceed(RealInterceptorChain.java:147)
	at okhttp3.internal.connection.ConnectInterceptor.intercept(ConnectInterceptor.java:45)
	at okhttp3.internal.http.RealInterceptorChain.proceed(RealInterceptorChain.java:147)
	at okhttp3.internal.http.RealInterceptorChain.proceed(RealInterceptorChain.java:121)
	at okhttp3.internal.cache.CacheInterceptor.intercept(CacheInterceptor.java:93)
	at okhttp3.internal.http.RealInterceptorChain.proceed(RealInterceptorChain.java:147)
	at okhttp3.internal.http.RealInterceptorChain.proceed(RealInterceptorChain.java:121)
	at okhttp3.internal.http.BridgeInterceptor.intercept(BridgeInterceptor.java:93)
	at okhttp3.internal.http.RealInterceptorChain.proceed(RealInterceptorChain.java:147)
	at okhttp3.internal.http.RetryAndFollowUpInterceptor.intercept(RetryAndFollowUpInterceptor.java:125)
	at okhttp3.internal.http.RealInterceptorChain.proceed(RealInterceptorChain.java:147)
	at okhttp3.internal.http.RealInterceptorChain.proceed(RealInterceptorChain.java:121)
	at okhttp3.RealCall.getResponseWithInterceptorChain(RealCall.java:200)
	at okhttp3.RealCall.execute(RealCall.java:77)
	at org.openqa.selenium.remote.internal.OkHttpClient.execute(OkHttpClient.java:97)
	at org.openqa.selenium.remote.internal.OkHttpClient.execute(OkHttpClient.java:47)
	at org.openqa.selenium.remote.HttpCommandExecutor.execute(HttpCommandExecutor.java:157)
	at org.openqa.selenium.remote.service.DriverCommandExecutor.execute(DriverCommandExecutor.java:83)
	... 42 more
Caused by: java.net.SocketTimeoutException: Read timed out
	at java.net.SocketInputStream.socketRead0(Native Method)
	at java.net.SocketInputStream.socketRead(SocketInputStream.java:116)
	at java.net.SocketInputStream.read(SocketInputStream.java:170)
	at java.net.SocketInputStream.read(SocketInputStream.java:141)
	at okio.Okio$2.read(Okio.java:139)
	at okio.AsyncTimeout$2.read(AsyncTimeout.java:237)
	... 65 more
2020/07/14 12:03:07:062 DEBUG com.sinosoft.test.base.TestBase:69 - 初始化class com.sinosoft.test.fccp.tbcl.SubmitReviewResult
2020/07/14 12:03:17:064  INFO com.sinosoft.test.base.TestBase:125 - 执行测试用例发生了异常，开始截屏
org.openqa.selenium.WebDriverException: java.net.SocketTimeoutException: timeout
Build info: version: '3.9.0', revision: '698b3178f0', time: '2018-02-05T14:26:55.441Z'
System info: host: 'DESKTOP-I9S3ABE', ip: '100.100.96.220', os.name: 'Windows 10', os.arch: 'amd64', os.version: '10.0', java.version: '1.8.0_101'
Driver info: driver.version: RemoteWebDriver
	at org.openqa.selenium.remote.service.DriverCommandExecutor.execute(DriverCommandExecutor.java:92)
	at org.openqa.selenium.remote.RemoteWebDriver.execute(RemoteWebDriver.java:601)
	at org.openqa.selenium.remote.RemoteWebDriver$RemoteTargetLocator.defaultContent(RemoteWebDriver.java:977)
	at org.openqa.selenium.support.events.EventFiringWebDriver$EventFiringTargetLocator.defaultContent(EventFiringWebDriver.java:647)
	at com.sinosoft.test.fccp.common.FccbBase.goToMainArea(FccbBase.java:204)
	at com.sinosoft.test.fccp.tbcl.SubmitReviewResult.<init>(SubmitReviewResult.java:14)
	at com.sinosoft.test.fccp.tbcl.TbclMainFramePage.submitForReview(TbclMainFramePage.java:61)
	at com.sinosoft.testcases.fccb.TBGLTestCase.FCCB_TBCL(TBGLTestCase.java:112)
	at sun.reflect.NativeMethodAccessorImpl.invoke0(Native Method)
	at sun.reflect.NativeMethodAccessorImpl.invoke(NativeMethodAccessorImpl.java:62)
	at sun.reflect.DelegatingMethodAccessorImpl.invoke(DelegatingMethodAccessorImpl.java:43)
	at java.lang.reflect.Method.invoke(Method.java:498)
	at org.testng.internal.MethodInvocationHelper.invokeMethod(MethodInvocationHelper.java:108)
	at org.testng.internal.Invoker.invokeMethod(Invoker.java:661)
	at org.testng.internal.Invoker.invokeTestMethod(Invoker.java:869)
	at org.testng.internal.Invoker.invokeTestMethods(Invoker.java:1193)
	at org.testng.internal.TestMethodWorker.invokeTestMethods(TestMethodWorker.java:126)
	at org.testng.internal.TestMethodWorker.run(TestMethodWorker.java:109)
	at org.testng.TestRunner.privateRun(TestRunner.java:744)
	at org.testng.TestRunner.run(TestRunner.java:602)
	at org.testng.SuiteRunner.runTest(SuiteRunner.java:380)
	at org.testng.SuiteRunner.runSequentially(SuiteRunner.java:375)
	at org.testng.SuiteRunner.privateRun(SuiteRunner.java:340)
	at org.testng.SuiteRunner.run(SuiteRunner.java:289)
	at org.testng.SuiteRunnerWorker.runSuite(SuiteRunnerWorker.java:52)
	at org.testng.SuiteRunnerWorker.run(SuiteRunnerWorker.java:86)
	at org.testng.TestNG.runSuitesSequentially(TestNG.java:1301)
	at org.testng.TestNG.runSuitesLocally(TestNG.java:1226)
	at org.testng.TestNG.runSuites(TestNG.java:1144)
	at org.testng.TestNG.run(TestNG.java:1115)
	at org.apache.maven.surefire.testng.TestNGExecutor.run(TestNGExecutor.java:283)
	at org.apache.maven.surefire.testng.TestNGXmlTestSuite.execute(TestNGXmlTestSuite.java:75)
	at org.apache.maven.surefire.testng.TestNGProvider.invoke(TestNGProvider.java:120)
	at org.apache.maven.surefire.booter.ForkedBooter.invokeProviderInSameClassLoader(ForkedBooter.java:384)
	at org.apache.maven.surefire.booter.ForkedBooter.runSuitesInProcess(ForkedBooter.java:345)
	at org.apache.maven.surefire.booter.ForkedBooter.execute(ForkedBooter.java:126)
	at org.apache.maven.surefire.booter.ForkedBooter.main(ForkedBooter.java:418)
Caused by: java.net.SocketTimeoutException: timeout
	at okio.Okio$4.newTimeoutException(Okio.java:230)
	at okio.AsyncTimeout.exit(AsyncTimeout.java:285)
	at okio.AsyncTimeout$2.read(AsyncTimeout.java:241)
	at okio.RealBufferedSource.indexOf(RealBufferedSource.java:345)
	at okio.RealBufferedSource.readUtf8LineStrict(RealBufferedSource.java:217)
	at okhttp3.internal.http1.Http1Codec.readHeaderLine(Http1Codec.java:212)
	at okhttp3.internal.http1.Http1Codec.readResponseHeaders(Http1Codec.java:189)
	at okhttp3.internal.http.CallServerInterceptor.intercept(CallServerInterceptor.java:88)
	at okhttp3.internal.http.RealInterceptorChain.proceed(RealInterceptorChain.java:147)
	at okhttp3.internal.connection.ConnectInterceptor.intercept(ConnectInterceptor.java:45)
	at okhttp3.internal.http.RealInterceptorChain.proceed(RealInterceptorChain.java:147)
	at okhttp3.internal.http.RealInterceptorChain.proceed(RealInterceptorChain.java:121)
	at okhttp3.internal.cache.CacheInterceptor.intercept(CacheInterceptor.java:93)
	at okhttp3.internal.http.RealInterceptorChain.proceed(RealInterceptorChain.java:147)
	at okhttp3.internal.http.RealInterceptorChain.proceed(RealInterceptorChain.java:121)
	at okhttp3.internal.http.BridgeInterceptor.intercept(BridgeInterceptor.java:93)
	at okhttp3.internal.http.RealInterceptorChain.proceed(RealInterceptorChain.java:147)
	at okhttp3.internal.http.RetryAndFollowUpInterceptor.intercept(RetryAndFollowUpInterceptor.java:125)
	at okhttp3.internal.http.RealInterceptorChain.proceed(RealInterceptorChain.java:147)
	at okhttp3.internal.http.RealInterceptorChain.proceed(RealInterceptorChain.java:121)
	at okhttp3.RealCall.getResponseWithInterceptorChain(RealCall.java:200)
	at okhttp3.RealCall.execute(RealCall.java:77)
	at org.openqa.selenium.remote.internal.OkHttpClient.execute(OkHttpClient.java:97)
	at org.openqa.selenium.remote.internal.OkHttpClient.execute(OkHttpClient.java:47)
	at org.openqa.selenium.remote.HttpCommandExecutor.execute(HttpCommandExecutor.java:157)
	at org.openqa.selenium.remote.service.DriverCommandExecutor.execute(DriverCommandExecutor.java:83)
	... 36 more
Caused by: java.net.SocketTimeoutException: Read timed out
	at java.net.SocketInputStream.socketRead0(Native Method)
	at java.net.SocketInputStream.socketRead(SocketInputStream.java:116)
	at java.net.SocketInputStream.read(SocketInputStream.java:170)
	at java.net.SocketInputStream.read(SocketInputStream.java:141)
	at okio.Okio$2.read(Okio.java:139)
	at okio.AsyncTimeout$2.read(AsyncTimeout.java:237)
	... 59 more
2020/07/14 12:03:17:065 DEBUG com.sinosoft.test.base.TestBase:88 - 截屏文件名字是：FCCB_TB_JCX_1_异常截屏
2020/07/14 12:03:24:121 DEBUG com.sinosoft.test.base.TestBase:66 - 系统自动捕获异常：Exception occured: org.openqa.selenium.json.JsonException: Unable to convert: Error 404: Not Found
Not Found
Build info: version: '3.9.0', revision: '698b3178f0', time: '2018-02-05T14:26:55.441Z'
System info: host: 'DESKTOP-I9S3ABE', ip: '100.100.96.220', os.name: 'Windows 10', os.arch: 'amd64', os.version: '10.0', java.version: '1.8.0_101'
Driver info: driver.version: EventFiringWebDriver
2020/07/14 12:03:24:122  INFO com.sinosoft.test.base.TestBase:68 - 异常的message 是：Unable to convert: Error 404: Not Found
Not Found
Build info: version: '3.9.0', revision: '698b3178f0', time: '2018-02-05T14:26:55.441Z'
System info: host: 'DESKTOP-I9S3ABE', ip: '100.100.96.220', os.name: 'Windows 10', os.arch: 'amd64', os.version: '10.0', java.version: '1.8.0_101'
Driver info: driver.version: EventFiringWebDriver
2020/07/14 12:03:24:122 ERROR com.sinosoft.test.base.TestBase:94 - 浏览截屏失败：
org.openqa.selenium.json.JsonException: Unable to convert: Error 404: Not Found
Not Found
Build info: version: '3.9.0', revision: '698b3178f0', time: '2018-02-05T14:26:55.441Z'
System info: host: 'DESKTOP-I9S3ABE', ip: '100.100.96.220', os.name: 'Windows 10', os.arch: 'amd64', os.version: '10.0', java.version: '1.8.0_101'
Driver info: driver.version: EventFiringWebDriver
	at com.google.gson.JsonParser.parse(JsonParser.java:65)
	at com.google.gson.JsonParser.parse(JsonParser.java:45)
	at org.openqa.selenium.json.JsonToBeanConverter.convert(JsonToBeanConverter.java:203)
	at org.openqa.selenium.json.JsonToBeanConverter.convert(JsonToBeanConverter.java:57)
	at org.openqa.selenium.json.Json.toType(Json.java:80)
	at org.openqa.selenium.remote.http.W3CHttpResponseCodec.decode(W3CHttpResponseCodec.java:87)
	at org.openqa.selenium.remote.http.W3CHttpResponseCodec.decode(W3CHttpResponseCodec.java:49)
	at org.openqa.selenium.remote.HttpCommandExecutor.execute(HttpCommandExecutor.java:160)
	at org.openqa.selenium.remote.service.DriverCommandExecutor.execute(DriverCommandExecutor.java:83)
	at org.openqa.selenium.remote.RemoteWebDriver.execute(RemoteWebDriver.java:601)
	at org.openqa.selenium.remote.RemoteWebDriver.execute(RemoteWebDriver.java:658)
	at org.openqa.selenium.ie.InternetExplorerDriver.getScreenshotAs(InternetExplorerDriver.java:235)
	at sun.reflect.NativeMethodAccessorImpl.invoke0(Native Method)
	at sun.reflect.NativeMethodAccessorImpl.invoke(NativeMethodAccessorImpl.java:62)
	at sun.reflect.DelegatingMethodAccessorImpl.invoke(DelegatingMethodAccessorImpl.java:43)
	at java.lang.reflect.Method.invoke(Method.java:498)
	at org.openqa.selenium.support.events.EventFiringWebDriver$2.invoke(EventFiringWebDriver.java:108)
	at com.sun.proxy.$Proxy8.getScreenshotAs(Unknown Source)
	at org.openqa.selenium.support.events.EventFiringWebDriver.getScreenshotAs(EventFiringWebDriver.java:291)
	at com.sinosoft.test.util.TestUtil.takeScreenshot(TestUtil.java:89)
	at com.sinosoft.testcases.fccb.TBGLTestCase.FCCB_TBCL(TBGLTestCase.java:126)
	at sun.reflect.NativeMethodAccessorImpl.invoke0(Native Method)
	at sun.reflect.NativeMethodAccessorImpl.invoke(NativeMethodAccessorImpl.java:62)
	at sun.reflect.DelegatingMethodAccessorImpl.invoke(DelegatingMethodAccessorImpl.java:43)
	at java.lang.reflect.Method.invoke(Method.java:498)
	at org.testng.internal.MethodInvocationHelper.invokeMethod(MethodInvocationHelper.java:108)
	at org.testng.internal.Invoker.invokeMethod(Invoker.java:661)
	at org.testng.internal.Invoker.invokeTestMethod(Invoker.java:869)
	at org.testng.internal.Invoker.invokeTestMethods(Invoker.java:1193)
	at org.testng.internal.TestMethodWorker.invokeTestMethods(TestMethodWorker.java:126)
	at org.testng.internal.TestMethodWorker.run(TestMethodWorker.java:109)
	at org.testng.TestRunner.privateRun(TestRunner.java:744)
	at org.testng.TestRunner.run(TestRunner.java:602)
	at org.testng.SuiteRunner.runTest(SuiteRunner.java:380)
	at org.testng.SuiteRunner.runSequentially(SuiteRunner.java:375)
	at org.testng.SuiteRunner.privateRun(SuiteRunner.java:340)
	at org.testng.SuiteRunner.run(SuiteRunner.java:289)
	at org.testng.SuiteRunnerWorker.runSuite(SuiteRunnerWorker.java:52)
	at org.testng.SuiteRunnerWorker.run(SuiteRunnerWorker.java:86)
	at org.testng.TestNG.runSuitesSequentially(TestNG.java:1301)
	at org.testng.TestNG.runSuitesLocally(TestNG.java:1226)
	at org.testng.TestNG.runSuites(TestNG.java:1144)
	at org.testng.TestNG.run(TestNG.java:1115)
	at org.apache.maven.surefire.testng.TestNGExecutor.run(TestNGExecutor.java:283)
	at org.apache.maven.surefire.testng.TestNGXmlTestSuite.execute(TestNGXmlTestSuite.java:75)
	at org.apache.maven.surefire.testng.TestNGProvider.invoke(TestNGProvider.java:120)
	at org.apache.maven.surefire.booter.ForkedBooter.invokeProviderInSameClassLoader(ForkedBooter.java:384)
	at org.apache.maven.surefire.booter.ForkedBooter.runSuitesInProcess(ForkedBooter.java:345)
	at org.apache.maven.surefire.booter.ForkedBooter.execute(ForkedBooter.java:126)
	at org.apache.maven.surefire.booter.ForkedBooter.main(ForkedBooter.java:418)
Caused by: com.google.gson.JsonSyntaxException: com.google.gson.stream.MalformedJsonException: Use JsonReader.setLenient(true) to accept malformed JSON at line 1 column 8 path $
	... 50 more
Caused by: com.google.gson.stream.MalformedJsonException: Use JsonReader.setLenient(true) to accept malformed JSON at line 1 column 8 path $
	at com.google.gson.stream.JsonReader.syntaxError(JsonReader.java:1568)
	at com.google.gson.stream.JsonReader.checkLenient(JsonReader.java:1409)
	at com.google.gson.stream.JsonReader.doPeek(JsonReader.java:542)
	at com.google.gson.stream.JsonReader.peek(JsonReader.java:425)
	at com.google.gson.JsonParser.parse(JsonParser.java:60)
	... 49 more
2020/07/14 12:03:24:126  INFO com.sinosoft.test.base.TestBase:129 - 执行测试用例发生了异常，截屏结束！
2020/07/14 12:03:24:127  INFO com.sinosoft.test.base.TestBase:132 - 进入Finally事件:RowID:2
2020/07/14 12:03:24:127  INFO com.sinosoft.test.base.TestBase:133 - 进入Finally事件:testCaseName:FCCB_TBCL
2020/07/14 12:03:24:127  INFO com.sinosoft.test.base.TestBase:134 - 进入Finally事件:proposalNumber:06201900101202000000000079
2020/07/14 12:03:24:128  INFO com.sinosoft.test.base.TestBase:135 - 进入Finally事件:message:未知异常java.net.SocketTimeoutException: timeout
Build info: version: '3.9.0', revision: '698b3178f0', time: '2018-02-05T14:26:55.441Z'
System info: host: 'DESKTOP-I9S3ABE', ip: '100.100.96.220', os.name: 'Windows 10', os.arch: 'amd64', os.version: '10.0', java.version: '1.8.0_101'
Driver info: driver.version: RemoteWebDriver
2020/07/14 12:03:24:128  INFO com.sinosoft.test.base.TestBase:136 - 进入Finally事件:screenshot:
2020/07/14 12:03:24:543 DEBUG freemarker.cache:45 - Couldn't find template in cache for "index.ftl"("en", UTF-8, parsed); will try to load it.
2020/07/14 12:03:24:544 DEBUG freemarker.cache:45 - TemplateLoader.findTemplateSource("index_en.ftl"): Not found
2020/07/14 12:03:24:548 DEBUG freemarker.cache:45 - TemplateLoader.findTemplateSource("index.ftl"): Found
2020/07/14 12:03:24:548 DEBUG freemarker.cache:45 - Loading template for "index.ftl"("en", UTF-8, parsed) from "jar:file:/C:/Users/liu-b/.m2/repository/com/aventstack/extentreports/3.1.3/extentreports-3.1.3.jar!/com/aventstack/extentreports/view/html-report/index.ftl"
2020/07/14 12:03:24:847 DEBUG freemarker.cache:45 - Couldn't find template in cache for "head.ftl"("en", UTF-8, parsed); will try to load it.
2020/07/14 12:03:24:848 DEBUG freemarker.cache:45 - TemplateLoader.findTemplateSource("head_en.ftl"): Not found
2020/07/14 12:03:24:849 DEBUG freemarker.cache:45 - TemplateLoader.findTemplateSource("head.ftl"): Found
2020/07/14 12:03:24:849 DEBUG freemarker.cache:45 - Loading template for "head.ftl"("en", UTF-8, parsed) from "jar:file:/C:/Users/liu-b/.m2/repository/com/aventstack/extentreports/3.1.3/extentreports-3.1.3.jar!/com/aventstack/extentreports/view/html-report/head.ftl"
2020/07/14 12:03:24:852 DEBUG freemarker.cache:45 - Couldn't find template in cache for "nav.ftl"("en", UTF-8, parsed); will try to load it.
2020/07/14 12:03:24:853 DEBUG freemarker.cache:45 - TemplateLoader.findTemplateSource("nav_en.ftl"): Not found
2020/07/14 12:03:24:853 DEBUG freemarker.cache:45 - TemplateLoader.findTemplateSource("nav.ftl"): Found
2020/07/14 12:03:24:853 DEBUG freemarker.cache:45 - Loading template for "nav.ftl"("en", UTF-8, parsed) from "jar:file:/C:/Users/liu-b/.m2/repository/com/aventstack/extentreports/3.1.3/extentreports-3.1.3.jar!/com/aventstack/extentreports/view/html-report/nav.ftl"
2020/07/14 12:03:24:865 DEBUG freemarker.cache:45 - Couldn't find template in cache for "test-view/test-view.ftl"("en", UTF-8, parsed); will try to load it.
2020/07/14 12:03:24:865 DEBUG freemarker.cache:45 - TemplateLoader.findTemplateSource("test-view/test-view_en.ftl"): Not found
2020/07/14 12:03:24:866 DEBUG freemarker.cache:45 - TemplateLoader.findTemplateSource("test-view/test-view.ftl"): Found
2020/07/14 12:03:24:866 DEBUG freemarker.cache:45 - Loading template for "test-view/test-view.ftl"("en", UTF-8, parsed) from "jar:file:/C:/Users/liu-b/.m2/repository/com/aventstack/extentreports/3.1.3/extentreports-3.1.3.jar!/com/aventstack/extentreports/view/html-report/test-view/test-view.ftl"
2020/07/14 12:03:24:879 DEBUG freemarker.cache:45 - Couldn't find template in cache for "test-view/test-view-charts.ftl"("en", UTF-8, parsed); will try to load it.
2020/07/14 12:03:24:879 DEBUG freemarker.cache:45 - TemplateLoader.findTemplateSource("test-view/test-view-charts_en.ftl"): Not found
2020/07/14 12:03:24:880 DEBUG freemarker.cache:45 - TemplateLoader.findTemplateSource("test-view/test-view-charts.ftl"): Found
2020/07/14 12:03:24:880 DEBUG freemarker.cache:45 - Loading template for "test-view/test-view-charts.ftl"("en", UTF-8, parsed) from "jar:file:/C:/Users/liu-b/.m2/repository/com/aventstack/extentreports/3.1.3/extentreports-3.1.3.jar!/com/aventstack/extentreports/view/html-report/test-view/test-view-charts.ftl"
2020/07/14 12:03:24:896 DEBUG freemarker.cache:45 - Couldn't find template in cache for "test-view/standard.ftl"("en", UTF-8, parsed); will try to load it.
2020/07/14 12:03:24:897 DEBUG freemarker.cache:45 - TemplateLoader.findTemplateSource("test-view/standard_en.ftl"): Not found
2020/07/14 12:03:24:897 DEBUG freemarker.cache:45 - TemplateLoader.findTemplateSource("test-view/standard.ftl"): Found
2020/07/14 12:03:24:898 DEBUG freemarker.cache:45 - Loading template for "test-view/standard.ftl"("en", UTF-8, parsed) from "jar:file:/C:/Users/liu-b/.m2/repository/com/aventstack/extentreports/3.1.3/extentreports-3.1.3.jar!/com/aventstack/extentreports/view/html-report/test-view/standard.ftl"
2020/07/14 12:03:24:920 DEBUG freemarker.cache:45 - Couldn't find template in cache for "category-view/category-view.ftl"("en", UTF-8, parsed); will try to load it.
2020/07/14 12:03:24:921 DEBUG freemarker.cache:45 - TemplateLoader.findTemplateSource("category-view/category-view_en.ftl"): Not found
2020/07/14 12:03:24:921 DEBUG freemarker.cache:45 - TemplateLoader.findTemplateSource("category-view/category-view.ftl"): Found
2020/07/14 12:03:24:922 DEBUG freemarker.cache:45 - Loading template for "category-view/category-view.ftl"("en", UTF-8, parsed) from "jar:file:/C:/Users/liu-b/.m2/repository/com/aventstack/extentreports/3.1.3/extentreports-3.1.3.jar!/com/aventstack/extentreports/view/html-report/category-view/category-view.ftl"
2020/07/14 12:03:24:929 DEBUG freemarker.cache:45 - Couldn't find template in cache for "author-view/author-view.ftl"("en", UTF-8, parsed); will try to load it.
2020/07/14 12:03:24:929 DEBUG freemarker.cache:45 - TemplateLoader.findTemplateSource("author-view/author-view_en.ftl"): Not found
2020/07/14 12:03:24:930 DEBUG freemarker.cache:45 - TemplateLoader.findTemplateSource("author-view/author-view.ftl"): Found
2020/07/14 12:03:24:930 DEBUG freemarker.cache:45 - Loading template for "author-view/author-view.ftl"("en", UTF-8, parsed) from "jar:file:/C:/Users/liu-b/.m2/repository/com/aventstack/extentreports/3.1.3/extentreports-3.1.3.jar!/com/aventstack/extentreports/view/html-report/author-view/author-view.ftl"
2020/07/14 12:03:24:935 DEBUG freemarker.cache:45 - Couldn't find template in cache for "exception-view/exception-view.ftl"("en", UTF-8, parsed); will try to load it.
2020/07/14 12:03:24:936 DEBUG freemarker.cache:45 - TemplateLoader.findTemplateSource("exception-view/exception-view_en.ftl"): Not found
2020/07/14 12:03:24:937 DEBUG freemarker.cache:45 - TemplateLoader.findTemplateSource("exception-view/exception-view.ftl"): Found
2020/07/14 12:03:24:937 DEBUG freemarker.cache:45 - Loading template for "exception-view/exception-view.ftl"("en", UTF-8, parsed) from "jar:file:/C:/Users/liu-b/.m2/repository/com/aventstack/extentreports/3.1.3/extentreports-3.1.3.jar!/com/aventstack/extentreports/view/html-report/exception-view/exception-view.ftl"
2020/07/14 12:03:24:950 DEBUG freemarker.cache:45 - Couldn't find template in cache for "dashboard-view/dashboard-view.ftl"("en", UTF-8, parsed); will try to load it.
2020/07/14 12:03:24:951 DEBUG freemarker.cache:45 - TemplateLoader.findTemplateSource("dashboard-view/dashboard-view_en.ftl"): Not found
2020/07/14 12:03:24:951 DEBUG freemarker.cache:45 - TemplateLoader.findTemplateSource("dashboard-view/dashboard-view.ftl"): Found
2020/07/14 12:03:24:952 DEBUG freemarker.cache:45 - Loading template for "dashboard-view/dashboard-view.ftl"("en", UTF-8, parsed) from "jar:file:/C:/Users/liu-b/.m2/repository/com/aventstack/extentreports/3.1.3/extentreports-3.1.3.jar!/com/aventstack/extentreports/view/html-report/dashboard-view/dashboard-view.ftl"
2020/07/14 12:03:24:960 DEBUG freemarker.cache:45 - Couldn't find template in cache for "logs-view/testrunner-logs-view.ftl"("en", UTF-8, parsed); will try to load it.
2020/07/14 12:03:24:961 DEBUG freemarker.cache:45 - TemplateLoader.findTemplateSource("logs-view/testrunner-logs-view_en.ftl"): Not found
2020/07/14 12:03:24:962 DEBUG freemarker.cache:45 - TemplateLoader.findTemplateSource("logs-view/testrunner-logs-view.ftl"): Found
2020/07/14 12:03:24:962 DEBUG freemarker.cache:45 - Loading template for "logs-view/testrunner-logs-view.ftl"("en", UTF-8, parsed) from "jar:file:/C:/Users/liu-b/.m2/repository/com/aventstack/extentreports/3.1.3/extentreports-3.1.3.jar!/com/aventstack/extentreports/view/html-report/logs-view/testrunner-logs-view.ftl"
2020/07/14 14:18:54:322  INFO com.sinosoft.test.base.TestBase:59 - 配置文件路径：config.properties
2020/07/14 14:18:54:329 DEBUG com.sinosoft.test.base.TestBase:69 - 初始化class com.sinosoft.testcases.fccb.TBGLTestCase
2020/07/14 14:18:54:390 DEBUG com.sinosoft.test.base.TestBase:69 - 初始化class com.sinosoft.test.util.ExcelDataProvider
2020/07/14 14:18:55:352  INFO com.sinosoft.test.base.TestBase:80 - 当前文件里面一共有数据：4
2020/07/14 14:18:55:395  INFO com.sinosoft.test.base.TestBase:91 - start InternetExplorerDriver
2020/07/14 14:18:59:345 DEBUG com.sinosoft.test.base.TestBase:69 - 初始化class com.sinosoft.test.util.WebEventListener
2020/07/14 14:18:59:372  INFO com.sinosoft.test.base.TestBase:83 - 开始运行测试脚本，获取到的测试数据《getTBCLTestData》如下:
2020/07/14 14:18:59:373  INFO com.sinosoft.test.base.TestBase:84 - ROW_ID=2
ProcessFlag=Y
TestCaseName=FCCB_TB_JCX
TestCaseSeq=1
TestDescription=非车承保企财险-财产基本险-出单
riskClass=01
riskCode=0101
renewalInd=0
renewalPolicy=
prePay=
carrayOver=
carrayOverPolicy=
relatedInd=
relatedPolicy=
fbbs=
ywgs=01620190
qdlx=01
gdbs=0
xstd=T6201900101
ywy=S000000006
ywly=01010101
dljg=
xsxy=
cxywbs=HXXT
cdjg=
htzyjjfs=
jnwbz=
jw_country=
jw_Addr=
snbz=
sftkbd=0
sfdzbd=0
sfxb=0
fxqkyjytz=
sfydyw=
sfsn=
xbbdh=
tbr_lx=2
tbr_mc=
tbr_vip=
tbr_dm=G6200019984
tbr_zjlx=
tbr_zjhm=
tbr_sj=
tbr_csrq=
tbr_lxdz=
tbr_dwdh=010-67549095-456
lxr_xm=
lxr_xb=
lxr_zw=
lxr_sj=
lxr_yx=
xzsyfw=1
tqmc=
qbrq=
zbrq=
lgbbz=1
yyzdbz=1
sfgxdm=1
cbdq=
zzfwlx=0
hydl=12
hyxl=12006
jqbm=121121123123
bbdm=CNY
sf=130000
cs=130300
qx=130302
yb=065201
jzdj=01
bxcs=北戴河公园
bdw_jd=金融街街道
bdw_yyxz=
bdw_sfhyf=
bdw_fxlx=
bdw_sbmc=
bdw_cjh=
bdw_fdjh=
bdw_cjdjrq=
bdw_cllx=
bdw_cpcx=
bdw_sccj=
bdw_gzjz=
bdw_sgzyqy=
bdw_zylx=
bdw=010001
bdwmx=碣石公园礁石群
xbdm=0101001
jrbe=1
jzfs=10
bxje=2000000
bffl=0.5
dqflbz=2
ysbf=400
yyzd_zdpcg=24
yyzd_sndmlrze=6000000
yyzd_sndyye=20000000
yyzd_bdw=010056
yyzd_bdwmx=
yyzd_xbdm=0105001
yyzd_jrbe=1
yyzd_jzfs=18
yyzd_bxje=200000
yyzd_bffl=3
yyzd_dqflbz=3
yyzd_ysbf=4000
fsh=6
xsfdj=B
xsfxs=2
jgx_sf=
jgx_cs=
jgx_qx=
jgx_gcdd=
jgx_bb=
jgx_gcmc=
jgx_gclx_1=
jgx_gclx_2=
jgx_gclx_3=
jgx_gclx_4=
jgx_gclx_5=
jgx_gclx_6=
jgx_yzssjt=
jgx_yz=
jgx_cbs_ssjt=
jgx_cbs=
jgx_gchth=
jgx_gcjz=
jgx_gcqsrq=
jgx_gczzrq=
jgx_gcfw=
jgx_scqqsrq=
jgx_scqzzrq=
jgx_bzqqsrq=
jgx_bzqzzrq=
jgx_ws_xmlbdm=
jgx_ws_jrbe=
jgx_ws_bxje=
jgx_ws_fl=
jgx_ws_dqflbz=
jgx_ws_ysbf=
jgx_sz_xbdm=
jgx_sz_jrbe=
jgx_sz_ljpcxe=
jgx_sz_fv=
jgx_sz_dqflbz=
jgx_sz_ysbf=
proposalNumber=06201900101202000000000078
message=未知弹窗_200000 代码不存在
screenshot=C:\Users\liu-b\git\PageObjectModel\screenshots\FCCB_TB_JCX_1_未知弹窗_20200714114733430.png
testCaseName=FCCB_TBCL

2020/07/14 14:18:59:378 DEBUG com.sinosoft.test.base.TestBase:69 - 初始化class com.sinosoft.test.fccp.common.LoginPage
2020/07/14 14:19:04:416 DEBUG com.sinosoft.test.base.TestBase:26 - Before navigating to: 'http://tvfchxyw.ypic.cn'
2020/07/14 14:19:04:482 DEBUG com.sinosoft.test.base.TestBase:66 - 系统自动捕获异常：Exception occured: org.openqa.selenium.NoSuchWindowException: Unable to get browser
Build info: version: '3.9.0', revision: '698b3178f0', time: '2018-02-05T14:26:55.441Z'
System info: host: 'DESKTOP-I9S3ABE', ip: '100.100.99.142', os.name: 'Windows 10', os.arch: 'amd64', os.version: '10.0', java.version: '1.8.0_101'
Driver info: org.openqa.selenium.ie.InternetExplorerDriver
Capabilities {acceptInsecureCerts: false, browserName: internet explorer, browserVersion: 11, javascriptEnabled: true, pageLoadStrategy: normal, platform: WINDOWS, platformName: WINDOWS, proxy: Proxy(), se:ieOptions: {browserAttachTimeout: 0, elementScrollBehavior: 0, enablePersistentHover: true, ie.browserCommandLineSwitches: , ie.ensureCleanSession: false, ie.fileUploadDialogTimeout: 3000, ie.forceCreateProcessApi: false, ignoreProtectedModeSettings: true, ignoreZoomSetting: false, initialBrowserUrl: http://localhost:34024/, nativeEvents: true, requireWindowFocus: false}, setWindowRect: true, timeouts: {implicit: 0, pageLoad: 300000, script: 30000}, unhandledPromptBehavior: ignore}
Session ID: c491dec5-6076-47ac-86c5-ddb1ad76e813
2020/07/14 14:19:04:484  INFO com.sinosoft.test.base.TestBase:68 - 异常的message 是：Unable to get browser
Build info: version: '3.9.0', revision: '698b3178f0', time: '2018-02-05T14:26:55.441Z'
System info: host: 'DESKTOP-I9S3ABE', ip: '100.100.99.142', os.name: 'Windows 10', os.arch: 'amd64', os.version: '10.0', java.version: '1.8.0_101'
Driver info: org.openqa.selenium.ie.InternetExplorerDriver
Capabilities {acceptInsecureCerts: false, browserName: internet explorer, browserVersion: 11, javascriptEnabled: true, pageLoadStrategy: normal, platform: WINDOWS, platformName: WINDOWS, proxy: Proxy(), se:ieOptions: {browserAttachTimeout: 0, elementScrollBehavior: 0, enablePersistentHover: true, ie.browserCommandLineSwitches: , ie.ensureCleanSession: false, ie.fileUploadDialogTimeout: 3000, ie.forceCreateProcessApi: false, ignoreProtectedModeSettings: true, ignoreZoomSetting: false, initialBrowserUrl: http://localhost:34024/, nativeEvents: true, requireWindowFocus: false}, setWindowRect: true, timeouts: {implicit: 0, pageLoad: 300000, script: 30000}, unhandledPromptBehavior: ignore}
Session ID: c491dec5-6076-47ac-86c5-ddb1ad76e813
2020/07/14 14:19:04:487  INFO com.sinosoft.test.base.TestBase:128 - 执行测试用例发生了异常，开始截屏
org.openqa.selenium.NoSuchWindowException: Unable to get browser
Build info: version: '3.9.0', revision: '698b3178f0', time: '2018-02-05T14:26:55.441Z'
System info: host: 'DESKTOP-I9S3ABE', ip: '100.100.99.142', os.name: 'Windows 10', os.arch: 'amd64', os.version: '10.0', java.version: '1.8.0_101'
Driver info: org.openqa.selenium.ie.InternetExplorerDriver
Capabilities {acceptInsecureCerts: false, browserName: internet explorer, browserVersion: 11, javascriptEnabled: true, pageLoadStrategy: normal, platform: WINDOWS, platformName: WINDOWS, proxy: Proxy(), se:ieOptions: {browserAttachTimeout: 0, elementScrollBehavior: 0, enablePersistentHover: true, ie.browserCommandLineSwitches: , ie.ensureCleanSession: false, ie.fileUploadDialogTimeout: 3000, ie.forceCreateProcessApi: false, ignoreProtectedModeSettings: true, ignoreZoomSetting: false, initialBrowserUrl: http://localhost:34024/, nativeEvents: true, requireWindowFocus: false}, setWindowRect: true, timeouts: {implicit: 0, pageLoad: 300000, script: 30000}, unhandledPromptBehavior: ignore}
Session ID: c491dec5-6076-47ac-86c5-ddb1ad76e813
	at sun.reflect.NativeConstructorAccessorImpl.newInstance0(Native Method)
	at sun.reflect.NativeConstructorAccessorImpl.newInstance(NativeConstructorAccessorImpl.java:62)
	at sun.reflect.DelegatingConstructorAccessorImpl.newInstance(DelegatingConstructorAccessorImpl.java:45)
	at java.lang.reflect.Constructor.newInstance(Constructor.java:423)
	at org.openqa.selenium.remote.http.W3CHttpResponseCodec.createException(W3CHttpResponseCodec.java:187)
	at org.openqa.selenium.remote.http.W3CHttpResponseCodec.decode(W3CHttpResponseCodec.java:122)
	at org.openqa.selenium.remote.http.W3CHttpResponseCodec.decode(W3CHttpResponseCodec.java:49)
	at org.openqa.selenium.remote.HttpCommandExecutor.execute(HttpCommandExecutor.java:160)
	at org.openqa.selenium.remote.service.DriverCommandExecutor.execute(DriverCommandExecutor.java:83)
	at org.openqa.selenium.remote.RemoteWebDriver.execute(RemoteWebDriver.java:601)
	at org.openqa.selenium.remote.RemoteWebDriver.get(RemoteWebDriver.java:325)
	at sun.reflect.NativeMethodAccessorImpl.invoke0(Native Method)
	at sun.reflect.NativeMethodAccessorImpl.invoke(NativeMethodAccessorImpl.java:62)
	at sun.reflect.DelegatingMethodAccessorImpl.invoke(DelegatingMethodAccessorImpl.java:43)
	at java.lang.reflect.Method.invoke(Method.java:498)
	at org.openqa.selenium.support.events.EventFiringWebDriver$2.invoke(EventFiringWebDriver.java:108)
	at com.sun.proxy.$Proxy8.get(Unknown Source)
	at org.openqa.selenium.support.events.EventFiringWebDriver.get(EventFiringWebDriver.java:167)
	at com.sinosoft.test.base.TestBase.goToURL(TestBase.java:311)
	at com.sinosoft.test.fccp.common.LoginPage.login(LoginPage.java:64)
	at com.sinosoft.test.fccp.common.LoginPage.login_normal(LoginPage.java:87)
	at com.sinosoft.testcases.fccb.TBGLTestCase.FCCB_TBCL(TBGLTestCase.java:91)
	at sun.reflect.NativeMethodAccessorImpl.invoke0(Native Method)
	at sun.reflect.NativeMethodAccessorImpl.invoke(NativeMethodAccessorImpl.java:62)
	at sun.reflect.DelegatingMethodAccessorImpl.invoke(DelegatingMethodAccessorImpl.java:43)
	at java.lang.reflect.Method.invoke(Method.java:498)
	at org.testng.internal.MethodInvocationHelper.invokeMethod(MethodInvocationHelper.java:108)
	at org.testng.internal.Invoker.invokeMethod(Invoker.java:661)
	at org.testng.internal.Invoker.invokeTestMethod(Invoker.java:869)
	at org.testng.internal.Invoker.invokeTestMethods(Invoker.java:1193)
	at org.testng.internal.TestMethodWorker.invokeTestMethods(TestMethodWorker.java:126)
	at org.testng.internal.TestMethodWorker.run(TestMethodWorker.java:109)
	at org.testng.TestRunner.privateRun(TestRunner.java:744)
	at org.testng.TestRunner.run(TestRunner.java:602)
	at org.testng.SuiteRunner.runTest(SuiteRunner.java:380)
	at org.testng.SuiteRunner.runSequentially(SuiteRunner.java:375)
	at org.testng.SuiteRunner.privateRun(SuiteRunner.java:340)
	at org.testng.SuiteRunner.run(SuiteRunner.java:289)
	at org.testng.SuiteRunnerWorker.runSuite(SuiteRunnerWorker.java:52)
	at org.testng.SuiteRunnerWorker.run(SuiteRunnerWorker.java:86)
	at org.testng.TestNG.runSuitesSequentially(TestNG.java:1301)
	at org.testng.TestNG.runSuitesLocally(TestNG.java:1226)
	at org.testng.TestNG.runSuites(TestNG.java:1144)
	at org.testng.TestNG.run(TestNG.java:1115)
	at org.apache.maven.surefire.testng.TestNGExecutor.run(TestNGExecutor.java:283)
	at org.apache.maven.surefire.testng.TestNGXmlTestSuite.execute(TestNGXmlTestSuite.java:75)
	at org.apache.maven.surefire.testng.TestNGProvider.invoke(TestNGProvider.java:120)
	at org.apache.maven.surefire.booter.ForkedBooter.invokeProviderInSameClassLoader(ForkedBooter.java:384)
	at org.apache.maven.surefire.booter.ForkedBooter.runSuitesInProcess(ForkedBooter.java:345)
	at org.apache.maven.surefire.booter.ForkedBooter.execute(ForkedBooter.java:126)
	at org.apache.maven.surefire.booter.ForkedBooter.main(ForkedBooter.java:418)
2020/07/14 14:19:04:492 DEBUG com.sinosoft.test.base.TestBase:88 - 截屏文件名字是：FCCB_TB_JCX_1_异常截屏
2020/07/14 14:19:04:509 DEBUG com.sinosoft.test.base.TestBase:66 - 系统自动捕获异常：Exception occured: org.openqa.selenium.NoSuchWindowException: Unable to get browser
Build info: version: '3.9.0', revision: '698b3178f0', time: '2018-02-05T14:26:55.441Z'
System info: host: 'DESKTOP-I9S3ABE', ip: '100.100.99.142', os.name: 'Windows 10', os.arch: 'amd64', os.version: '10.0', java.version: '1.8.0_101'
Driver info: org.openqa.selenium.ie.InternetExplorerDriver
Capabilities {acceptInsecureCerts: false, browserName: internet explorer, browserVersion: 11, javascriptEnabled: true, pageLoadStrategy: normal, platform: WINDOWS, platformName: WINDOWS, proxy: Proxy(), se:ieOptions: {browserAttachTimeout: 0, elementScrollBehavior: 0, enablePersistentHover: true, ie.browserCommandLineSwitches: , ie.ensureCleanSession: false, ie.fileUploadDialogTimeout: 3000, ie.forceCreateProcessApi: false, ignoreProtectedModeSettings: true, ignoreZoomSetting: false, initialBrowserUrl: http://localhost:34024/, nativeEvents: true, requireWindowFocus: false}, setWindowRect: true, timeouts: {implicit: 0, pageLoad: 300000, script: 30000}, unhandledPromptBehavior: ignore}
Session ID: c491dec5-6076-47ac-86c5-ddb1ad76e813
2020/07/14 14:19:04:511  INFO com.sinosoft.test.base.TestBase:68 - 异常的message 是：Unable to get browser
Build info: version: '3.9.0', revision: '698b3178f0', time: '2018-02-05T14:26:55.441Z'
System info: host: 'DESKTOP-I9S3ABE', ip: '100.100.99.142', os.name: 'Windows 10', os.arch: 'amd64', os.version: '10.0', java.version: '1.8.0_101'
Driver info: org.openqa.selenium.ie.InternetExplorerDriver
Capabilities {acceptInsecureCerts: false, browserName: internet explorer, browserVersion: 11, javascriptEnabled: true, pageLoadStrategy: normal, platform: WINDOWS, platformName: WINDOWS, proxy: Proxy(), se:ieOptions: {browserAttachTimeout: 0, elementScrollBehavior: 0, enablePersistentHover: true, ie.browserCommandLineSwitches: , ie.ensureCleanSession: false, ie.fileUploadDialogTimeout: 3000, ie.forceCreateProcessApi: false, ignoreProtectedModeSettings: true, ignoreZoomSetting: false, initialBrowserUrl: http://localhost:34024/, nativeEvents: true, requireWindowFocus: false}, setWindowRect: true, timeouts: {implicit: 0, pageLoad: 300000, script: 30000}, unhandledPromptBehavior: ignore}
Session ID: c491dec5-6076-47ac-86c5-ddb1ad76e813
2020/07/14 14:19:04:513 ERROR com.sinosoft.test.base.TestBase:94 - 浏览截屏失败：
org.openqa.selenium.NoSuchWindowException: Unable to get browser
Build info: version: '3.9.0', revision: '698b3178f0', time: '2018-02-05T14:26:55.441Z'
System info: host: 'DESKTOP-I9S3ABE', ip: '100.100.99.142', os.name: 'Windows 10', os.arch: 'amd64', os.version: '10.0', java.version: '1.8.0_101'
Driver info: org.openqa.selenium.ie.InternetExplorerDriver
Capabilities {acceptInsecureCerts: false, browserName: internet explorer, browserVersion: 11, javascriptEnabled: true, pageLoadStrategy: normal, platform: WINDOWS, platformName: WINDOWS, proxy: Proxy(), se:ieOptions: {browserAttachTimeout: 0, elementScrollBehavior: 0, enablePersistentHover: true, ie.browserCommandLineSwitches: , ie.ensureCleanSession: false, ie.fileUploadDialogTimeout: 3000, ie.forceCreateProcessApi: false, ignoreProtectedModeSettings: true, ignoreZoomSetting: false, initialBrowserUrl: http://localhost:34024/, nativeEvents: true, requireWindowFocus: false}, setWindowRect: true, timeouts: {implicit: 0, pageLoad: 300000, script: 30000}, unhandledPromptBehavior: ignore}
Session ID: c491dec5-6076-47ac-86c5-ddb1ad76e813
	at sun.reflect.NativeConstructorAccessorImpl.newInstance0(Native Method)
	at sun.reflect.NativeConstructorAccessorImpl.newInstance(NativeConstructorAccessorImpl.java:62)
	at sun.reflect.DelegatingConstructorAccessorImpl.newInstance(DelegatingConstructorAccessorImpl.java:45)
	at java.lang.reflect.Constructor.newInstance(Constructor.java:423)
	at org.openqa.selenium.remote.http.W3CHttpResponseCodec.createException(W3CHttpResponseCodec.java:187)
	at org.openqa.selenium.remote.http.W3CHttpResponseCodec.decode(W3CHttpResponseCodec.java:122)
	at org.openqa.selenium.remote.http.W3CHttpResponseCodec.decode(W3CHttpResponseCodec.java:49)
	at org.openqa.selenium.remote.HttpCommandExecutor.execute(HttpCommandExecutor.java:160)
	at org.openqa.selenium.remote.service.DriverCommandExecutor.execute(DriverCommandExecutor.java:83)
	at org.openqa.selenium.remote.RemoteWebDriver.execute(RemoteWebDriver.java:601)
	at org.openqa.selenium.remote.RemoteWebDriver.execute(RemoteWebDriver.java:658)
	at org.openqa.selenium.ie.InternetExplorerDriver.getScreenshotAs(InternetExplorerDriver.java:235)
	at sun.reflect.NativeMethodAccessorImpl.invoke0(Native Method)
	at sun.reflect.NativeMethodAccessorImpl.invoke(NativeMethodAccessorImpl.java:62)
	at sun.reflect.DelegatingMethodAccessorImpl.invoke(DelegatingMethodAccessorImpl.java:43)
	at java.lang.reflect.Method.invoke(Method.java:498)
	at org.openqa.selenium.support.events.EventFiringWebDriver$2.invoke(EventFiringWebDriver.java:108)
	at com.sun.proxy.$Proxy8.getScreenshotAs(Unknown Source)
	at org.openqa.selenium.support.events.EventFiringWebDriver.getScreenshotAs(EventFiringWebDriver.java:291)
	at com.sinosoft.test.util.TestUtil.takeScreenshot(TestUtil.java:89)
	at com.sinosoft.testcases.fccb.TBGLTestCase.FCCB_TBCL(TBGLTestCase.java:129)
	at sun.reflect.NativeMethodAccessorImpl.invoke0(Native Method)
	at sun.reflect.NativeMethodAccessorImpl.invoke(NativeMethodAccessorImpl.java:62)
	at sun.reflect.DelegatingMethodAccessorImpl.invoke(DelegatingMethodAccessorImpl.java:43)
	at java.lang.reflect.Method.invoke(Method.java:498)
	at org.testng.internal.MethodInvocationHelper.invokeMethod(MethodInvocationHelper.java:108)
	at org.testng.internal.Invoker.invokeMethod(Invoker.java:661)
	at org.testng.internal.Invoker.invokeTestMethod(Invoker.java:869)
	at org.testng.internal.Invoker.invokeTestMethods(Invoker.java:1193)
	at org.testng.internal.TestMethodWorker.invokeTestMethods(TestMethodWorker.java:126)
	at org.testng.internal.TestMethodWorker.run(TestMethodWorker.java:109)
	at org.testng.TestRunner.privateRun(TestRunner.java:744)
	at org.testng.TestRunner.run(TestRunner.java:602)
	at org.testng.SuiteRunner.runTest(SuiteRunner.java:380)
	at org.testng.SuiteRunner.runSequentially(SuiteRunner.java:375)
	at org.testng.SuiteRunner.privateRun(SuiteRunner.java:340)
	at org.testng.SuiteRunner.run(SuiteRunner.java:289)
	at org.testng.SuiteRunnerWorker.runSuite(SuiteRunnerWorker.java:52)
	at org.testng.SuiteRunnerWorker.run(SuiteRunnerWorker.java:86)
	at org.testng.TestNG.runSuitesSequentially(TestNG.java:1301)
	at org.testng.TestNG.runSuitesLocally(TestNG.java:1226)
	at org.testng.TestNG.runSuites(TestNG.java:1144)
	at org.testng.TestNG.run(TestNG.java:1115)
	at org.apache.maven.surefire.testng.TestNGExecutor.run(TestNGExecutor.java:283)
	at org.apache.maven.surefire.testng.TestNGXmlTestSuite.execute(TestNGXmlTestSuite.java:75)
	at org.apache.maven.surefire.testng.TestNGProvider.invoke(TestNGProvider.java:120)
	at org.apache.maven.surefire.booter.ForkedBooter.invokeProviderInSameClassLoader(ForkedBooter.java:384)
	at org.apache.maven.surefire.booter.ForkedBooter.runSuitesInProcess(ForkedBooter.java:345)
	at org.apache.maven.surefire.booter.ForkedBooter.execute(ForkedBooter.java:126)
	at org.apache.maven.surefire.booter.ForkedBooter.main(ForkedBooter.java:418)
2020/07/14 14:19:04:516  INFO com.sinosoft.test.base.TestBase:132 - 执行测试用例发生了异常，截屏结束！
2020/07/14 14:19:04:519  INFO com.sinosoft.test.base.TestBase:135 - 进入Finally事件:RowID:2
2020/07/14 14:19:04:520  INFO com.sinosoft.test.base.TestBase:136 - 进入Finally事件:testCaseName:FCCB_TBCL
2020/07/14 14:19:04:521  INFO com.sinosoft.test.base.TestBase:137 - 进入Finally事件:proposalNumber:06201900101202000000000078
2020/07/14 14:19:04:522  INFO com.sinosoft.test.base.TestBase:138 - 进入Finally事件:message:未知异常Unable to get browser
Build info: version: '3.9.0', revision: '698b3178f0', time: '2018-02-05T14:26:55.441Z'
System info: host: 'DESKTOP-I9S3ABE', ip: '100.100.99.142', os.name: 'Windows 10', os.arch: 'amd64', os.version: '10.0', java.version: '1.8.0_101'
Driver info: org.openqa.selenium.ie.InternetExplorerDriver
Capabilities {acceptInsecureCerts: false, browserName: internet explorer, browserVersion: 11, javascriptEnabled: true, pageLoadStrategy: normal, platform: WINDOWS, platformName: WINDOWS, proxy: Proxy(), se:ieOptions: {browserAttachTimeout: 0, elementScrollBehavior: 0, enablePersistentHover: true, ie.browserCommandLineSwitches: , ie.ensureCleanSession: false, ie.fileUploadDialogTimeout: 3000, ie.forceCreateProcessApi: false, ignoreProtectedModeSettings: true, ignoreZoomSetting: false, initialBrowserUrl: http://localhost:34024/, nativeEvents: true, requireWindowFocus: false}, setWindowRect: true, timeouts: {implicit: 0, pageLoad: 300000, script: 30000}, unhandledPromptBehavior: ignore}
Session ID: c491dec5-6076-47ac-86c5-ddb1ad76e813
2020/07/14 14:19:04:524  INFO com.sinosoft.test.base.TestBase:139 - 进入Finally事件:screenshot:
2020/07/14 14:19:04:924 DEBUG freemarker.cache:45 - Couldn't find template in cache for "index.ftl"("en", UTF-8, parsed); will try to load it.
2020/07/14 14:19:04:926 DEBUG freemarker.cache:45 - TemplateLoader.findTemplateSource("index_en.ftl"): Not found
2020/07/14 14:19:04:930 DEBUG freemarker.cache:45 - TemplateLoader.findTemplateSource("index.ftl"): Found
2020/07/14 14:19:04:932 DEBUG freemarker.cache:45 - Loading template for "index.ftl"("en", UTF-8, parsed) from "jar:file:/C:/Users/liu-b/.m2/repository/com/aventstack/extentreports/3.1.3/extentreports-3.1.3.jar!/com/aventstack/extentreports/view/html-report/index.ftl"
2020/07/14 14:19:05:136 DEBUG freemarker.cache:45 - Couldn't find template in cache for "head.ftl"("en", UTF-8, parsed); will try to load it.
2020/07/14 14:19:05:137 DEBUG freemarker.cache:45 - TemplateLoader.findTemplateSource("head_en.ftl"): Not found
2020/07/14 14:19:05:139 DEBUG freemarker.cache:45 - TemplateLoader.findTemplateSource("head.ftl"): Found
2020/07/14 14:19:05:140 DEBUG freemarker.cache:45 - Loading template for "head.ftl"("en", UTF-8, parsed) from "jar:file:/C:/Users/liu-b/.m2/repository/com/aventstack/extentreports/3.1.3/extentreports-3.1.3.jar!/com/aventstack/extentreports/view/html-report/head.ftl"
2020/07/14 14:19:05:144 DEBUG freemarker.cache:45 - Couldn't find template in cache for "nav.ftl"("en", UTF-8, parsed); will try to load it.
2020/07/14 14:19:05:145 DEBUG freemarker.cache:45 - TemplateLoader.findTemplateSource("nav_en.ftl"): Not found
2020/07/14 14:19:05:147 DEBUG freemarker.cache:45 - TemplateLoader.findTemplateSource("nav.ftl"): Found
2020/07/14 14:19:05:148 DEBUG freemarker.cache:45 - Loading template for "nav.ftl"("en", UTF-8, parsed) from "jar:file:/C:/Users/liu-b/.m2/repository/com/aventstack/extentreports/3.1.3/extentreports-3.1.3.jar!/com/aventstack/extentreports/view/html-report/nav.ftl"
2020/07/14 14:19:05:157 DEBUG freemarker.cache:45 - Couldn't find template in cache for "test-view/test-view.ftl"("en", UTF-8, parsed); will try to load it.
2020/07/14 14:19:05:158 DEBUG freemarker.cache:45 - TemplateLoader.findTemplateSource("test-view/test-view_en.ftl"): Not found
2020/07/14 14:19:05:159 DEBUG freemarker.cache:45 - TemplateLoader.findTemplateSource("test-view/test-view.ftl"): Found
2020/07/14 14:19:05:160 DEBUG freemarker.cache:45 - Loading template for "test-view/test-view.ftl"("en", UTF-8, parsed) from "jar:file:/C:/Users/liu-b/.m2/repository/com/aventstack/extentreports/3.1.3/extentreports-3.1.3.jar!/com/aventstack/extentreports/view/html-report/test-view/test-view.ftl"
2020/07/14 14:19:05:169 DEBUG freemarker.cache:45 - Couldn't find template in cache for "test-view/test-view-charts.ftl"("en", UTF-8, parsed); will try to load it.
2020/07/14 14:19:05:170 DEBUG freemarker.cache:45 - TemplateLoader.findTemplateSource("test-view/test-view-charts_en.ftl"): Not found
2020/07/14 14:19:05:171 DEBUG freemarker.cache:45 - TemplateLoader.findTemplateSource("test-view/test-view-charts.ftl"): Found
2020/07/14 14:19:05:173 DEBUG freemarker.cache:45 - Loading template for "test-view/test-view-charts.ftl"("en", UTF-8, parsed) from "jar:file:/C:/Users/liu-b/.m2/repository/com/aventstack/extentreports/3.1.3/extentreports-3.1.3.jar!/com/aventstack/extentreports/view/html-report/test-view/test-view-charts.ftl"
2020/07/14 14:19:05:184 DEBUG freemarker.cache:45 - Couldn't find template in cache for "test-view/standard.ftl"("en", UTF-8, parsed); will try to load it.
2020/07/14 14:19:05:186 DEBUG freemarker.cache:45 - TemplateLoader.findTemplateSource("test-view/standard_en.ftl"): Not found
2020/07/14 14:19:05:187 DEBUG freemarker.cache:45 - TemplateLoader.findTemplateSource("test-view/standard.ftl"): Found
2020/07/14 14:19:05:188 DEBUG freemarker.cache:45 - Loading template for "test-view/standard.ftl"("en", UTF-8, parsed) from "jar:file:/C:/Users/liu-b/.m2/repository/com/aventstack/extentreports/3.1.3/extentreports-3.1.3.jar!/com/aventstack/extentreports/view/html-report/test-view/standard.ftl"
2020/07/14 14:19:05:202 DEBUG freemarker.cache:45 - Couldn't find template in cache for "category-view/category-view.ftl"("en", UTF-8, parsed); will try to load it.
2020/07/14 14:19:05:203 DEBUG freemarker.cache:45 - TemplateLoader.findTemplateSource("category-view/category-view_en.ftl"): Not found
2020/07/14 14:19:05:204 DEBUG freemarker.cache:45 - TemplateLoader.findTemplateSource("category-view/category-view.ftl"): Found
2020/07/14 14:19:05:205 DEBUG freemarker.cache:45 - Loading template for "category-view/category-view.ftl"("en", UTF-8, parsed) from "jar:file:/C:/Users/liu-b/.m2/repository/com/aventstack/extentreports/3.1.3/extentreports-3.1.3.jar!/com/aventstack/extentreports/view/html-report/category-view/category-view.ftl"
2020/07/14 14:19:05:208 DEBUG freemarker.cache:45 - Couldn't find template in cache for "author-view/author-view.ftl"("en", UTF-8, parsed); will try to load it.
2020/07/14 14:19:05:210 DEBUG freemarker.cache:45 - TemplateLoader.findTemplateSource("author-view/author-view_en.ftl"): Not found
2020/07/14 14:19:05:211 DEBUG freemarker.cache:45 - TemplateLoader.findTemplateSource("author-view/author-view.ftl"): Found
2020/07/14 14:19:05:212 DEBUG freemarker.cache:45 - Loading template for "author-view/author-view.ftl"("en", UTF-8, parsed) from "jar:file:/C:/Users/liu-b/.m2/repository/com/aventstack/extentreports/3.1.3/extentreports-3.1.3.jar!/com/aventstack/extentreports/view/html-report/author-view/author-view.ftl"
2020/07/14 14:19:05:218 DEBUG freemarker.cache:45 - Couldn't find template in cache for "exception-view/exception-view.ftl"("en", UTF-8, parsed); will try to load it.
2020/07/14 14:19:05:220 DEBUG freemarker.cache:45 - TemplateLoader.findTemplateSource("exception-view/exception-view_en.ftl"): Not found
2020/07/14 14:19:05:222 DEBUG freemarker.cache:45 - TemplateLoader.findTemplateSource("exception-view/exception-view.ftl"): Found
2020/07/14 14:19:05:223 DEBUG freemarker.cache:45 - Loading template for "exception-view/exception-view.ftl"("en", UTF-8, parsed) from "jar:file:/C:/Users/liu-b/.m2/repository/com/aventstack/extentreports/3.1.3/extentreports-3.1.3.jar!/com/aventstack/extentreports/view/html-report/exception-view/exception-view.ftl"
2020/07/14 14:19:05:231 DEBUG freemarker.cache:45 - Couldn't find template in cache for "dashboard-view/dashboard-view.ftl"("en", UTF-8, parsed); will try to load it.
2020/07/14 14:19:05:233 DEBUG freemarker.cache:45 - TemplateLoader.findTemplateSource("dashboard-view/dashboard-view_en.ftl"): Not found
2020/07/14 14:19:05:234 DEBUG freemarker.cache:45 - TemplateLoader.findTemplateSource("dashboard-view/dashboard-view.ftl"): Found
2020/07/14 14:19:05:236 DEBUG freemarker.cache:45 - Loading template for "dashboard-view/dashboard-view.ftl"("en", UTF-8, parsed) from "jar:file:/C:/Users/liu-b/.m2/repository/com/aventstack/extentreports/3.1.3/extentreports-3.1.3.jar!/com/aventstack/extentreports/view/html-report/dashboard-view/dashboard-view.ftl"
2020/07/14 14:19:05:242 DEBUG freemarker.cache:45 - Couldn't find template in cache for "logs-view/testrunner-logs-view.ftl"("en", UTF-8, parsed); will try to load it.
2020/07/14 14:19:05:244 DEBUG freemarker.cache:45 - TemplateLoader.findTemplateSource("logs-view/testrunner-logs-view_en.ftl"): Not found
2020/07/14 14:19:05:245 DEBUG freemarker.cache:45 - TemplateLoader.findTemplateSource("logs-view/testrunner-logs-view.ftl"): Found
2020/07/14 14:19:05:246 DEBUG freemarker.cache:45 - Loading template for "logs-view/testrunner-logs-view.ftl"("en", UTF-8, parsed) from "jar:file:/C:/Users/liu-b/.m2/repository/com/aventstack/extentreports/3.1.3/extentreports-3.1.3.jar!/com/aventstack/extentreports/view/html-report/logs-view/testrunner-logs-view.ftl"
2020/07/14 14:20:24:246  INFO com.sinosoft.test.base.TestBase:59 - 配置文件路径：config.properties
2020/07/14 14:20:24:250 DEBUG com.sinosoft.test.base.TestBase:69 - 初始化class com.sinosoft.testcases.fccb.TBGLTestCase
2020/07/14 14:20:24:316 DEBUG com.sinosoft.test.base.TestBase:69 - 初始化class com.sinosoft.test.util.ExcelDataProvider
2020/07/14 14:20:25:251  INFO com.sinosoft.test.base.TestBase:80 - 当前文件里面一共有数据：4
2020/07/14 14:20:25:291  INFO com.sinosoft.test.base.TestBase:91 - start InternetExplorerDriver
2020/07/14 14:20:28:271 DEBUG com.sinosoft.test.base.TestBase:69 - 初始化class com.sinosoft.test.util.WebEventListener
2020/07/14 14:20:28:293  INFO com.sinosoft.test.base.TestBase:83 - 开始运行测试脚本，获取到的测试数据《getTBCLTestData》如下:
2020/07/14 14:20:28:294  INFO com.sinosoft.test.base.TestBase:84 - ROW_ID=2
ProcessFlag=Y
TestCaseName=FCCB_TB_JCX
TestCaseSeq=1
TestDescription=非车承保企财险-财产基本险-出单
riskClass=01
riskCode=0101
renewalInd=0
renewalPolicy=
prePay=
carrayOver=
carrayOverPolicy=
relatedInd=
relatedPolicy=
fbbs=
ywgs=01620190
qdlx=01
gdbs=0
xstd=T6201900101
ywy=S000000006
ywly=01010101
dljg=
xsxy=
cxywbs=HXXT
cdjg=
htzyjjfs=
jnwbz=
jw_country=
jw_Addr=
snbz=
sftkbd=0
sfdzbd=0
sfxb=0
fxqkyjytz=
sfydyw=
sfsn=
xbbdh=
tbr_lx=2
tbr_mc=
tbr_vip=
tbr_dm=G6200019984
tbr_zjlx=
tbr_zjhm=
tbr_sj=
tbr_csrq=
tbr_lxdz=
tbr_dwdh=010-67549095-456
lxr_xm=
lxr_xb=
lxr_zw=
lxr_sj=
lxr_yx=
xzsyfw=1
tqmc=
qbrq=
zbrq=
lgbbz=1
yyzdbz=1
sfgxdm=1
cbdq=
zzfwlx=0
hydl=12
hyxl=12006
jqbm=121121123123
bbdm=CNY
sf=130000
cs=130300
qx=130302
yb=065201
jzdj=01
bxcs=北戴河公园
bdw_jd=金融街街道
bdw_yyxz=
bdw_sfhyf=
bdw_fxlx=
bdw_sbmc=
bdw_cjh=
bdw_fdjh=
bdw_cjdjrq=
bdw_cllx=
bdw_cpcx=
bdw_sccj=
bdw_gzjz=
bdw_sgzyqy=
bdw_zylx=
bdw=010001
bdwmx=碣石公园礁石群
xbdm=0101001
jrbe=1
jzfs=10
bxje=2000000
bffl=0.5
dqflbz=2
ysbf=400
yyzd_zdpcg=24
yyzd_sndmlrze=6000000
yyzd_sndyye=20000000
yyzd_bdw=010056
yyzd_bdwmx=
yyzd_xbdm=0105001
yyzd_jrbe=1
yyzd_jzfs=18
yyzd_bxje=200000
yyzd_bffl=3
yyzd_dqflbz=3
yyzd_ysbf=4000
fsh=6
xsfdj=B
xsfxs=2
jgx_sf=
jgx_cs=
jgx_qx=
jgx_gcdd=
jgx_bb=
jgx_gcmc=
jgx_gclx_1=
jgx_gclx_2=
jgx_gclx_3=
jgx_gclx_4=
jgx_gclx_5=
jgx_gclx_6=
jgx_yzssjt=
jgx_yz=
jgx_cbs_ssjt=
jgx_cbs=
jgx_gchth=
jgx_gcjz=
jgx_gcqsrq=
jgx_gczzrq=
jgx_gcfw=
jgx_scqqsrq=
jgx_scqzzrq=
jgx_bzqqsrq=
jgx_bzqzzrq=
jgx_ws_xmlbdm=
jgx_ws_jrbe=
jgx_ws_bxje=
jgx_ws_fl=
jgx_ws_dqflbz=
jgx_ws_ysbf=
jgx_sz_xbdm=
jgx_sz_jrbe=
jgx_sz_ljpcxe=
jgx_sz_fv=
jgx_sz_dqflbz=
jgx_sz_ysbf=
proposalNumber=06201900101202000000000078
message=未知异常Unable to get browser
Build info: version: '3.9.0', revision: '698b3178f0', time: '2018-02-05T14:26:55.441Z'
System info: host: 'DESKTOP-I9S3ABE', ip: '100.100.99.142', os.name: 'Windows 10', os.arch: 'amd64', os.version: '10.0', java.version: '1.8.0_101'
Driver info: org.openqa.selenium.ie.InternetExplorerDriver
Capabilities {acceptInsecureCerts: false, browserName: internet explorer, browserVersion: 11, javascriptEnabled: true, pageLoadStrategy: normal, platform: WINDOWS, platformName: WINDOWS, proxy: Proxy(), se:ieOptions: {browserAttachTimeout: 0, elementScrollBehavior: 0, enablePersistentHover: true, ie.browserCommandLineSwitches: , ie.ensureCleanSession: false, ie.fileUploadDialogTimeout: 3000, ie.forceCreateProcessApi: false, ignoreProtectedModeSettings: true, ignoreZoomSetting: false, initialBrowserUrl: http://localhost:34024/, nativeEvents: true, requireWindowFocus: false}, setWindowRect: true, timeouts: {implicit: 0, pageLoad: 300000, script: 30000}, unhandledPromptBehavior: ignore}
Session ID: c491dec5-6076-47ac-86c5-ddb1ad76e813
screenshot=
testCaseName=FCCB_TBCL

2020/07/14 14:20:28:297 DEBUG com.sinosoft.test.base.TestBase:69 - 初始化class com.sinosoft.test.fccp.common.LoginPage
2020/07/14 14:20:33:335 DEBUG com.sinosoft.test.base.TestBase:26 - Before navigating to: 'http://tvfchxyw.ypic.cn'
2020/07/14 14:20:34:215 DEBUG com.sinosoft.test.base.TestBase:30 - Navigated to:'http://tvfchxyw.ypic.cn'
2020/07/14 14:20:34:215 DEBUG com.sinosoft.test.base.TestBase:76 - Trying to find Element By : By.id: username
2020/07/14 14:20:34:535 DEBUG com.sinosoft.test.base.TestBase:80 - Found Element By : By.id: username
2020/07/14 14:20:34:545  INFO com.sinosoft.test.base.TestBase:360 - setEditboxValue:[[InternetExplorerDriver: internet explorer on WINDOWS (00dfb010-b990-48e1-93fd-809859c0d4e6)] -> id: username]：policy1@ypic
2020/07/14 14:20:34:548 DEBUG com.sinosoft.test.base.TestBase:76 - Trying to find Element By : By.id: username
2020/07/14 14:20:34:833 DEBUG com.sinosoft.test.base.TestBase:80 - Found Element By : By.id: username
2020/07/14 14:20:35:348 DEBUG com.sinosoft.test.base.TestBase:76 - Trying to find Element By : By.id: username
2020/07/14 14:20:35:569 DEBUG com.sinosoft.test.base.TestBase:80 - Found Element By : By.id: username
2020/07/14 14:20:36:236 DEBUG com.sinosoft.test.base.TestBase:76 - Trying to find Element By : By.id: username
2020/07/14 14:20:36:463 DEBUG com.sinosoft.test.base.TestBase:80 - Found Element By : By.id: username
2020/07/14 14:20:36:464  INFO com.sinosoft.test.base.TestBase:363 - setEditboxValue—End:[[InternetExplorerDriver: internet explorer on WINDOWS (00dfb010-b990-48e1-93fd-809859c0d4e6)] -> id: username]：policy1@ypic
2020/07/14 14:20:36:465 DEBUG com.sinosoft.test.base.TestBase:76 - Trying to find Element By : By.id: password
2020/07/14 14:20:36:703 DEBUG com.sinosoft.test.base.TestBase:80 - Found Element By : By.id: password
2020/07/14 14:20:36:703  INFO com.sinosoft.test.base.TestBase:360 - setEditboxValue:[[InternetExplorerDriver: internet explorer on WINDOWS (00dfb010-b990-48e1-93fd-809859c0d4e6)] -> id: password]：ypic@1234
2020/07/14 14:20:36:704 DEBUG com.sinosoft.test.base.TestBase:76 - Trying to find Element By : By.id: password
2020/07/14 14:20:36:917 DEBUG com.sinosoft.test.base.TestBase:80 - Found Element By : By.id: password
2020/07/14 14:20:37:434 DEBUG com.sinosoft.test.base.TestBase:76 - Trying to find Element By : By.id: password
2020/07/14 14:20:37:679 DEBUG com.sinosoft.test.base.TestBase:80 - Found Element By : By.id: password
2020/07/14 14:20:38:179 DEBUG com.sinosoft.test.base.TestBase:76 - Trying to find Element By : By.id: password
2020/07/14 14:20:38:465 DEBUG com.sinosoft.test.base.TestBase:80 - Found Element By : By.id: password
2020/07/14 14:20:38:466  INFO com.sinosoft.test.base.TestBase:363 - setEditboxValue—End:[[InternetExplorerDriver: internet explorer on WINDOWS (00dfb010-b990-48e1-93fd-809859c0d4e6)] -> id: password]：ypic@1234
2020/07/14 14:20:38:466 DEBUG com.sinosoft.test.base.TestBase:76 - Trying to find Element By : By.id: bt_submit
2020/07/14 14:20:38:779 DEBUG com.sinosoft.test.base.TestBase:80 - Found Element By : By.id: bt_submit
2020/07/14 14:20:38:780  INFO com.sinosoft.test.base.TestBase:402 - clickButton:[[InternetExplorerDriver: internet explorer on WINDOWS (00dfb010-b990-48e1-93fd-809859c0d4e6)] -> id: bt_submit]
2020/07/14 14:20:38:781 DEBUG com.sinosoft.test.base.TestBase:76 - Trying to find Element By : By.id: bt_submit
2020/07/14 14:20:39:055 DEBUG com.sinosoft.test.base.TestBase:80 - Found Element By : By.id: bt_submit
2020/07/14 14:20:39:056 DEBUG com.sinosoft.test.base.TestBase:42 - Trying to click on: [[InternetExplorerDriver: internet explorer on WINDOWS (00dfb010-b990-48e1-93fd-809859c0d4e6)] -> id: bt_submit]
2020/07/14 14:20:41:248 DEBUG com.sinosoft.test.base.TestBase:46 - Clicked on: [[InternetExplorerDriver: internet explorer on WINDOWS (00dfb010-b990-48e1-93fd-809859c0d4e6)] -> id: bt_submit]
2020/07/14 14:20:41:260 DEBUG com.sinosoft.test.base.TestBase:76 - Trying to find Element By : By.xpath: //input[@value='继续登录']
2020/07/14 14:20:43:507 DEBUG com.sinosoft.test.base.TestBase:66 - 系统自动捕获异常：Exception occured: org.openqa.selenium.NoSuchElementException: Unable to find element with xpath == //input[@value='继续登录']
For documentation on this error, please visit: http://seleniumhq.org/exceptions/no_such_element.html
Build info: version: '3.9.0', revision: '698b3178f0', time: '2018-02-05T14:26:55.441Z'
System info: host: 'DESKTOP-I9S3ABE', ip: '100.100.99.142', os.name: 'Windows 10', os.arch: 'amd64', os.version: '10.0', java.version: '1.8.0_101'
Driver info: org.openqa.selenium.ie.InternetExplorerDriver
Capabilities {acceptInsecureCerts: false, browserName: internet explorer, browserVersion: 11, javascriptEnabled: true, pageLoadStrategy: normal, platform: WINDOWS, platformName: WINDOWS, proxy: Proxy(), se:ieOptions: {browserAttachTimeout: 0, elementScrollBehavior: 0, enablePersistentHover: true, ie.browserCommandLineSwitches: , ie.ensureCleanSession: false, ie.fileUploadDialogTimeout: 3000, ie.forceCreateProcessApi: false, ignoreProtectedModeSettings: true, ignoreZoomSetting: false, initialBrowserUrl: http://localhost:17981/, nativeEvents: true, requireWindowFocus: false}, setWindowRect: true, timeouts: {implicit: 0, pageLoad: 300000, script: 30000}, unhandledPromptBehavior: ignore}
Session ID: 00dfb010-b990-48e1-93fd-809859c0d4e6
*** Element info: {Using=xpath, value=//input[@value='继续登录']}
2020/07/14 14:20:43:509  INFO com.sinosoft.test.base.TestBase:68 - 异常的message 是：Unable to find element with xpath == //input[@value='继续登录']
For documentation on this error, please visit: http://seleniumhq.org/exceptions/no_such_element.html
Build info: version: '3.9.0', revision: '698b3178f0', time: '2018-02-05T14:26:55.441Z'
System info: host: 'DESKTOP-I9S3ABE', ip: '100.100.99.142', os.name: 'Windows 10', os.arch: 'amd64', os.version: '10.0', java.version: '1.8.0_101'
Driver info: org.openqa.selenium.ie.InternetExplorerDriver
Capabilities {acceptInsecureCerts: false, browserName: internet explorer, browserVersion: 11, javascriptEnabled: true, pageLoadStrategy: normal, platform: WINDOWS, platformName: WINDOWS, proxy: Proxy(), se:ieOptions: {browserAttachTimeout: 0, elementScrollBehavior: 0, enablePersistentHover: true, ie.browserCommandLineSwitches: , ie.ensureCleanSession: false, ie.fileUploadDialogTimeout: 3000, ie.forceCreateProcessApi: false, ignoreProtectedModeSettings: true, ignoreZoomSetting: false, initialBrowserUrl: http://localhost:17981/, nativeEvents: true, requireWindowFocus: false}, setWindowRect: true, timeouts: {implicit: 0, pageLoad: 300000, script: 30000}, unhandledPromptBehavior: ignore}
Session ID: 00dfb010-b990-48e1-93fd-809859c0d4e6
*** Element info: {Using=xpath, value=//input[@value='继续登录']}
2020/07/14 14:20:43:512  INFO com.sinosoft.test.base.TestBase:198 - 没有找到页面元素:By.xpath: //input[@value='继续登录'] - 错误信息Expected condition failed: waiting for com.sinosoft.test.base.TestBase$1@561868a0 (tried for 2 second(s) with 500 MILLISECONDS interval)
2020/07/14 14:20:43:512  INFO com.sinosoft.test.base.TestBase:77 - 常规登录，没有继续登录按钮
2020/07/14 14:20:43:514 DEBUG com.sinosoft.test.base.TestBase:69 - 初始化class com.sinosoft.test.fccp.common.HomePage
2020/07/14 14:20:44:226 DEBUG com.sinosoft.test.base.TestBase:76 - Trying to find Element By : By.linkText: 承保子系统
2020/07/14 14:20:44:310 DEBUG com.sinosoft.test.base.TestBase:80 - Found Element By : By.linkText: 承保子系统
2020/07/14 14:20:44:311  INFO com.sinosoft.test.base.TestBase:144 - RunJavaScript:[[InternetExplorerDriver: internet explorer on WINDOWS (00dfb010-b990-48e1-93fd-809859c0d4e6)] -> link text: 承保子系统]	arguments[0].click();
2020/07/14 14:20:44:892 DEBUG com.sinosoft.test.base.TestBase:76 - Trying to find Element By : By.linkText: 投保管理
2020/07/14 14:20:44:993 DEBUG com.sinosoft.test.base.TestBase:80 - Found Element By : By.linkText: 投保管理
2020/07/14 14:20:44:994  INFO com.sinosoft.test.base.TestBase:144 - RunJavaScript:[[InternetExplorerDriver: internet explorer on WINDOWS (00dfb010-b990-48e1-93fd-809859c0d4e6)] -> link text: 投保管理]	arguments[0].click();
2020/07/14 14:20:45:360 DEBUG com.sinosoft.test.base.TestBase:76 - Trying to find Element By : By.linkText: 投保处理
2020/07/14 14:20:45:460 DEBUG com.sinosoft.test.base.TestBase:80 - Found Element By : By.linkText: 投保处理
2020/07/14 14:20:45:461  INFO com.sinosoft.test.base.TestBase:144 - RunJavaScript:[[InternetExplorerDriver: internet explorer on WINDOWS (00dfb010-b990-48e1-93fd-809859c0d4e6)] -> link text: 投保处理]	arguments[0].click();
2020/07/14 14:20:45:736 DEBUG com.sinosoft.test.base.TestBase:69 - 初始化class com.sinosoft.test.fccp.tbcl.RiskSelectPage
2020/07/14 14:20:46:465 DEBUG com.sinosoft.test.base.TestBase:93 - 投保处理/险种选择
2020/07/14 14:20:46:468 DEBUG com.sinosoft.test.base.TestBase:76 - Trying to find Element By : By.name: riskClassTemp
2020/07/14 14:20:46:544 DEBUG com.sinosoft.test.base.TestBase:80 - Found Element By : By.name: riskClassTemp
2020/07/14 14:20:46:594 DEBUG com.sinosoft.test.base.TestBase:76 - Trying to find Element By : By.name: riskClassTemp
2020/07/14 14:20:46:700 DEBUG com.sinosoft.test.base.TestBase:80 - Found Element By : By.name: riskClassTemp
2020/07/14 14:20:46:705 DEBUG com.sinosoft.test.base.TestBase:63 - SetCodeEditBox:开始设置:[[InternetExplorerDriver: internet explorer on WINDOWS (00dfb010-b990-48e1-93fd-809859c0d4e6)] -> name: riskClassTemp] & Code=01
2020/07/14 14:20:46:705 DEBUG com.sinosoft.test.base.TestBase:76 - Trying to find Element By : By.name: riskClassTemp
2020/07/14 14:20:46:780 DEBUG com.sinosoft.test.base.TestBase:80 - Found Element By : By.name: riskClassTemp
2020/07/14 14:20:47:083 DEBUG com.sinosoft.test.base.TestBase:76 - Trying to find Element By : By.name: riskClassTemp
2020/07/14 14:20:47:143 DEBUG com.sinosoft.test.base.TestBase:80 - Found Element By : By.name: riskClassTemp
2020/07/14 14:20:47:742 DEBUG com.sinosoft.test.base.TestBase:76 - Trying to find Element By : By.name: riskClassTemp
2020/07/14 14:20:47:826 DEBUG com.sinosoft.test.base.TestBase:80 - Found Element By : By.name: riskClassTemp
2020/07/14 14:20:47:827 DEBUG com.sinosoft.test.base.TestBase:76 - Trying to find Element By : By.xpath: ../input[last()]
2020/07/14 14:20:47:924 DEBUG com.sinosoft.test.base.TestBase:80 - Found Element By : By.xpath: ../input[last()]
2020/07/14 14:20:48:143  INFO com.sinosoft.test.base.TestBase:71 - SetCodeEditBox:找到了Code对应的文本显示框并点击触发显示:riskClassName
2020/07/14 14:20:48:143 DEBUG com.sinosoft.test.base.TestBase:42 - Trying to click on: [[[[InternetExplorerDriver: internet explorer on WINDOWS (00dfb010-b990-48e1-93fd-809859c0d4e6)] -> name: riskClassTemp]] -> xpath: ../input[last()]]
2020/07/14 14:20:49:183 DEBUG com.sinosoft.test.base.TestBase:46 - Clicked on: [[[[InternetExplorerDriver: internet explorer on WINDOWS (00dfb010-b990-48e1-93fd-809859c0d4e6)] -> name: riskClassTemp]] -> xpath: ../input[last()]]
2020/07/14 14:20:49:386 DEBUG com.sinosoft.test.base.TestBase:76 - Trying to find Element By : By.name: riskClassTemp
2020/07/14 14:20:49:447 DEBUG com.sinosoft.test.base.TestBase:80 - Found Element By : By.name: riskClassTemp
2020/07/14 14:20:49:448 DEBUG com.sinosoft.test.base.TestBase:87 - SetCodeEditBox:设置完毕[[InternetExplorerDriver: internet explorer on WINDOWS (00dfb010-b990-48e1-93fd-809859c0d4e6)] -> name: riskClassTemp],设置值 Code=01
2020/07/14 14:20:49:448 DEBUG com.sinosoft.test.base.TestBase:76 - Trying to find Element By : By.name: riskCode
2020/07/14 14:20:49:513 DEBUG com.sinosoft.test.base.TestBase:80 - Found Element By : By.name: riskCode
2020/07/14 14:20:49:573 DEBUG com.sinosoft.test.base.TestBase:76 - Trying to find Element By : By.name: riskCode
2020/07/14 14:20:49:658 DEBUG com.sinosoft.test.base.TestBase:80 - Found Element By : By.name: riskCode
2020/07/14 14:20:49:658 DEBUG com.sinosoft.test.base.TestBase:63 - SetCodeEditBox:开始设置:[[InternetExplorerDriver: internet explorer on WINDOWS (00dfb010-b990-48e1-93fd-809859c0d4e6)] -> name: riskCode] & Code=0101
2020/07/14 14:20:49:659 DEBUG com.sinosoft.test.base.TestBase:76 - Trying to find Element By : By.name: riskCode
2020/07/14 14:20:49:746 DEBUG com.sinosoft.test.base.TestBase:80 - Found Element By : By.name: riskCode
2020/07/14 14:20:50:105 DEBUG com.sinosoft.test.base.TestBase:76 - Trying to find Element By : By.name: riskCode
2020/07/14 14:20:50:180 DEBUG com.sinosoft.test.base.TestBase:80 - Found Element By : By.name: riskCode
2020/07/14 14:20:50:863 DEBUG com.sinosoft.test.base.TestBase:76 - Trying to find Element By : By.name: riskCode
2020/07/14 14:20:50:940 DEBUG com.sinosoft.test.base.TestBase:80 - Found Element By : By.name: riskCode
2020/07/14 14:20:50:941 DEBUG com.sinosoft.test.base.TestBase:76 - Trying to find Element By : By.xpath: ../input[last()]
2020/07/14 14:20:51:010 DEBUG com.sinosoft.test.base.TestBase:80 - Found Element By : By.xpath: ../input[last()]
2020/07/14 14:20:51:178  INFO com.sinosoft.test.base.TestBase:71 - SetCodeEditBox:找到了Code对应的文本显示框并点击触发显示:riskName
2020/07/14 14:20:51:179 DEBUG com.sinosoft.test.base.TestBase:42 - Trying to click on: [[[[InternetExplorerDriver: internet explorer on WINDOWS (00dfb010-b990-48e1-93fd-809859c0d4e6)] -> name: riskCode]] -> xpath: ../input[last()]]
2020/07/14 14:20:52:302 DEBUG com.sinosoft.test.base.TestBase:46 - Clicked on: [[[[InternetExplorerDriver: internet explorer on WINDOWS (00dfb010-b990-48e1-93fd-809859c0d4e6)] -> name: riskCode]] -> xpath: ../input[last()]]
2020/07/14 14:20:52:502 DEBUG com.sinosoft.test.base.TestBase:76 - Trying to find Element By : By.name: riskCode
2020/07/14 14:20:52:639 DEBUG com.sinosoft.test.base.TestBase:80 - Found Element By : By.name: riskCode
2020/07/14 14:20:52:639 DEBUG com.sinosoft.test.base.TestBase:87 - SetCodeEditBox:设置完毕[[InternetExplorerDriver: internet explorer on WINDOWS (00dfb010-b990-48e1-93fd-809859c0d4e6)] -> name: riskCode],设置值 Code=0101
2020/07/14 14:20:52:641 DEBUG com.sinosoft.test.base.TestBase:76 - Trying to find Element By : By.name: renewInd
2020/07/14 14:20:52:801 DEBUG com.sinosoft.test.base.TestBase:80 - Found Element By : By.name: renewInd
2020/07/14 14:20:52:805  INFO com.sinosoft.test.base.TestBase:321 - setEditboxTValue:[[[InternetExplorerDriver: internet explorer on WINDOWS (00dfb010-b990-48e1-93fd-809859c0d4e6)] -> name: renewInd], [[InternetExplorerDriver: internet explorer on WINDOWS (00dfb010-b990-48e1-93fd-809859c0d4e6)] -> name: renewInd]]：0
2020/07/14 14:20:52:805 DEBUG com.sinosoft.test.base.TestBase:76 - Trying to find Element By : By.name: renewInd
2020/07/14 14:20:52:911 DEBUG com.sinosoft.test.base.TestBase:80 - Found Element By : By.name: renewInd
2020/07/14 14:20:53:086 DEBUG com.sinosoft.test.base.TestBase:76 - Trying to find Element By : By.name: buttonNextStep
2020/07/14 14:20:53:171 DEBUG com.sinosoft.test.base.TestBase:80 - Found Element By : By.name: buttonNextStep
2020/07/14 14:20:53:172  INFO com.sinosoft.test.base.TestBase:402 - clickButton:[[InternetExplorerDriver: internet explorer on WINDOWS (00dfb010-b990-48e1-93fd-809859c0d4e6)] -> name: buttonNextStep]
2020/07/14 14:20:53:173 DEBUG com.sinosoft.test.base.TestBase:42 - Trying to click on: [[InternetExplorerDriver: internet explorer on WINDOWS (00dfb010-b990-48e1-93fd-809859c0d4e6)] -> name: buttonNextStep]
2020/07/14 14:20:56:634 DEBUG com.sinosoft.test.base.TestBase:46 - Clicked on: [[InternetExplorerDriver: internet explorer on WINDOWS (00dfb010-b990-48e1-93fd-809859c0d4e6)] -> name: buttonNextStep]
2020/07/14 14:20:56:637 DEBUG com.sinosoft.test.base.TestBase:69 - 初始化class com.sinosoft.test.fccp.tbcl.BasicInfoPage
2020/07/14 14:20:59:979 DEBUG com.sinosoft.test.base.TestBase:322 - 投保处理/基本信息
2020/07/14 14:20:59:980 DEBUG com.sinosoft.test.base.TestBase:76 - Trying to find Element By : By.name: GuMainBusinessType
2020/07/14 14:21:00:153 DEBUG com.sinosoft.test.base.TestBase:80 - Found Element By : By.name: GuMainBusinessType
2020/07/14 14:21:00:154  INFO com.sinosoft.test.base.TestBase:96 - setSelectWithStartText:[[InternetExplorerDriver: internet explorer on WINDOWS (00dfb010-b990-48e1-93fd-809859c0d4e6)] -> name: GuMainBusinessType]->
2020/07/14 14:21:00:154 DEBUG com.sinosoft.test.base.TestBase:76 - Trying to find Element By : By.name: GuMainCompanyCode
2020/07/14 14:21:00:305 DEBUG com.sinosoft.test.base.TestBase:80 - Found Element By : By.name: GuMainCompanyCode
2020/07/14 14:21:00:380 DEBUG com.sinosoft.test.base.TestBase:76 - Trying to find Element By : By.name: GuMainCompanyCode
2020/07/14 14:21:00:533 DEBUG com.sinosoft.test.base.TestBase:80 - Found Element By : By.name: GuMainCompanyCode
2020/07/14 14:21:00:534 DEBUG com.sinosoft.test.base.TestBase:63 - SetCodeEditBox:开始设置:[[InternetExplorerDriver: internet explorer on WINDOWS (00dfb010-b990-48e1-93fd-809859c0d4e6)] -> name: GuMainCompanyCode] & Code=01620190
2020/07/14 14:21:00:534 DEBUG com.sinosoft.test.base.TestBase:76 - Trying to find Element By : By.name: GuMainCompanyCode
2020/07/14 14:21:00:686 DEBUG com.sinosoft.test.base.TestBase:80 - Found Element By : By.name: GuMainCompanyCode
2020/07/14 14:21:01:164 DEBUG com.sinosoft.test.base.TestBase:76 - Trying to find Element By : By.name: GuMainCompanyCode
2020/07/14 14:21:01:338 DEBUG com.sinosoft.test.base.TestBase:80 - Found Element By : By.name: GuMainCompanyCode
2020/07/14 14:21:02:717 DEBUG com.sinosoft.test.base.TestBase:76 - Trying to find Element By : By.name: GuMainCompanyCode
2020/07/14 14:21:02:898 DEBUG com.sinosoft.test.base.TestBase:80 - Found Element By : By.name: GuMainCompanyCode
2020/07/14 14:21:02:899 DEBUG com.sinosoft.test.base.TestBase:76 - Trying to find Element By : By.xpath: ../input[last()]
2020/07/14 14:21:03:097 DEBUG com.sinosoft.test.base.TestBase:80 - Found Element By : By.xpath: ../input[last()]
2020/07/14 14:21:03:395  INFO com.sinosoft.test.base.TestBase:71 - SetCodeEditBox:找到了Code对应的文本显示框并点击触发显示:GuMainCompanyName
2020/07/14 14:21:03:395 DEBUG com.sinosoft.test.base.TestBase:42 - Trying to click on: [[[[InternetExplorerDriver: internet explorer on WINDOWS (00dfb010-b990-48e1-93fd-809859c0d4e6)] -> name: GuMainCompanyCode]] -> xpath: ../input[last()]]
2020/07/14 14:21:04:695 DEBUG com.sinosoft.test.base.TestBase:46 - Clicked on: [[[[InternetExplorerDriver: internet explorer on WINDOWS (00dfb010-b990-48e1-93fd-809859c0d4e6)] -> name: GuMainCompanyCode]] -> xpath: ../input[last()]]
2020/07/14 14:21:04:896 DEBUG com.sinosoft.test.base.TestBase:76 - Trying to find Element By : By.name: GuMainCompanyCode
2020/07/14 14:21:05:078 DEBUG com.sinosoft.test.base.TestBase:80 - Found Element By : By.name: GuMainCompanyCode
2020/07/14 14:21:05:078 DEBUG com.sinosoft.test.base.TestBase:87 - SetCodeEditBox:设置完毕[[InternetExplorerDriver: internet explorer on WINDOWS (00dfb010-b990-48e1-93fd-809859c0d4e6)] -> name: GuMainCompanyCode],设置值 Code=01620190
2020/07/14 14:21:05:078 DEBUG com.sinosoft.test.base.TestBase:76 - Trying to find Element By : By.name: GuMainChannelDetailCode
2020/07/14 14:21:05:174 DEBUG com.sinosoft.test.base.TestBase:80 - Found Element By : By.name: GuMainChannelDetailCode
2020/07/14 14:21:05:229 DEBUG com.sinosoft.test.base.TestBase:76 - Trying to find Element By : By.name: GuMainChannelDetailCode
2020/07/14 14:21:05:427 DEBUG com.sinosoft.test.base.TestBase:80 - Found Element By : By.name: GuMainChannelDetailCode
2020/07/14 14:21:05:427 DEBUG com.sinosoft.test.base.TestBase:63 - SetCodeEditBox:开始设置:[[InternetExplorerDriver: internet explorer on WINDOWS (00dfb010-b990-48e1-93fd-809859c0d4e6)] -> name: GuMainChannelDetailCode] & Code=01
2020/07/14 14:21:05:428 DEBUG com.sinosoft.test.base.TestBase:76 - Trying to find Element By : By.name: GuMainChannelDetailCode
2020/07/14 14:21:05:527 DEBUG com.sinosoft.test.base.TestBase:80 - Found Element By : By.name: GuMainChannelDetailCode
2020/07/14 14:21:06:060 DEBUG com.sinosoft.test.base.TestBase:76 - Trying to find Element By : By.name: GuMainChannelDetailCode
2020/07/14 14:21:06:224 DEBUG com.sinosoft.test.base.TestBase:80 - Found Element By : By.name: GuMainChannelDetailCode
2020/07/14 14:21:07:078 DEBUG com.sinosoft.test.base.TestBase:76 - Trying to find Element By : By.name: GuMainChannelDetailCode
2020/07/14 14:21:07:175 DEBUG com.sinosoft.test.base.TestBase:80 - Found Element By : By.name: GuMainChannelDetailCode
2020/07/14 14:21:07:176 DEBUG com.sinosoft.test.base.TestBase:76 - Trying to find Element By : By.xpath: ../input[last()]
2020/07/14 14:21:07:293 DEBUG com.sinosoft.test.base.TestBase:80 - Found Element By : By.xpath: ../input[last()]
2020/07/14 14:21:07:565  INFO com.sinosoft.test.base.TestBase:71 - SetCodeEditBox:找到了Code对应的文本显示框并点击触发显示:GuMainChannelDetailName
2020/07/14 14:21:07:566 DEBUG com.sinosoft.test.base.TestBase:42 - Trying to click on: [[[[InternetExplorerDriver: internet explorer on WINDOWS (00dfb010-b990-48e1-93fd-809859c0d4e6)] -> name: GuMainChannelDetailCode]] -> xpath: ../input[last()]]
2020/07/14 14:21:08:872 DEBUG com.sinosoft.test.base.TestBase:46 - Clicked on: [[[[InternetExplorerDriver: internet explorer on WINDOWS (00dfb010-b990-48e1-93fd-809859c0d4e6)] -> name: GuMainChannelDetailCode]] -> xpath: ../input[last()]]
2020/07/14 14:21:09:073 DEBUG com.sinosoft.test.base.TestBase:76 - Trying to find Element By : By.name: GuMainChannelDetailCode
2020/07/14 14:21:09:238 DEBUG com.sinosoft.test.base.TestBase:80 - Found Element By : By.name: GuMainChannelDetailCode
2020/07/14 14:21:09:239 DEBUG com.sinosoft.test.base.TestBase:87 - SetCodeEditBox:设置完毕[[InternetExplorerDriver: internet explorer on WINDOWS (00dfb010-b990-48e1-93fd-809859c0d4e6)] -> name: GuMainChannelDetailCode],设置值 Code=01
2020/07/14 14:21:09:241 DEBUG com.sinosoft.test.base.TestBase:76 - Trying to find Element By : By.name: GuMainShareHolderFlag
2020/07/14 14:21:09:394 DEBUG com.sinosoft.test.base.TestBase:80 - Found Element By : By.name: GuMainShareHolderFlag
2020/07/14 14:21:09:507 DEBUG com.sinosoft.test.base.TestBase:76 - Trying to find Element By : By.name: GuMainShareHolderFlag
2020/07/14 14:21:09:676 DEBUG com.sinosoft.test.base.TestBase:80 - Found Element By : By.name: GuMainShareHolderFlag
2020/07/14 14:21:09:677 DEBUG com.sinosoft.test.base.TestBase:42 - CodeSelect:开始设置[[InternetExplorerDriver: internet explorer on WINDOWS (00dfb010-b990-48e1-93fd-809859c0d4e6)] -> name: GuMainShareHolderFlag] & Code=0
2020/07/14 14:21:09:694 DEBUG com.sinosoft.test.base.TestBase:76 - Trying to find Element By : By.name: GuMainShareHolderFlag
2020/07/14 14:21:09:856 DEBUG com.sinosoft.test.base.TestBase:80 - Found Element By : By.name: GuMainShareHolderFlag
2020/07/14 14:21:11:035 DEBUG com.sinosoft.test.base.TestBase:272 - 系统窗口【黄河财险业务系统】with handle -a4a476b4-5c22-4f00-876c-40e218dbe765
2020/07/14 14:21:11:886 DEBUG com.sinosoft.test.base.TestBase:272 - 系统窗口【黄河财险业务系统】with handle -a4a476b4-5c22-4f00-876c-40e218dbe765
2020/07/14 14:21:12:804 DEBUG com.sinosoft.test.base.TestBase:272 - 系统窗口【黄河财险业务系统】with handle -a4a476b4-5c22-4f00-876c-40e218dbe765
2020/07/14 14:21:13:617 DEBUG com.sinosoft.test.base.TestBase:272 - 系统窗口【黄河财险业务系统】with handle -a4a476b4-5c22-4f00-876c-40e218dbe765
2020/07/14 14:21:14:484 DEBUG com.sinosoft.test.base.TestBase:272 - 系统窗口【黄河财险业务系统】with handle -a4a476b4-5c22-4f00-876c-40e218dbe765
2020/07/14 14:21:15:417 DEBUG com.sinosoft.test.base.TestBase:272 - 系统窗口【黄河财险业务系统】with handle -a4a476b4-5c22-4f00-876c-40e218dbe765
2020/07/14 14:21:16:280 DEBUG com.sinosoft.test.base.TestBase:272 - 系统窗口【黄河财险业务系统】with handle -a4a476b4-5c22-4f00-876c-40e218dbe765
2020/07/14 14:21:16:303 DEBUG com.sinosoft.test.base.TestBase:281 - 窗口切换异常:
org.openqa.selenium.TimeoutException: Expected condition failed: waiting for com.sinosoft.test.base.TestBase$4@23aa363a (tried for 5 second(s) with 500 MILLISECONDS interval)
Build info: version: '3.9.0', revision: '698b3178f0', time: '2018-02-05T14:26:55.441Z'
System info: host: 'DESKTOP-I9S3ABE', ip: '100.100.99.142', os.name: 'Windows 10', os.arch: 'amd64', os.version: '10.0', java.version: '1.8.0_101'
Driver info: org.openqa.selenium.support.events.EventFiringWebDriver
Capabilities {acceptInsecureCerts: false, browserName: internet explorer, browserVersion: 11, javascriptEnabled: true, pageLoadStrategy: normal, platform: WINDOWS, platformName: WINDOWS, proxy: Proxy(), se:ieOptions: {browserAttachTimeout: 0, elementScrollBehavior: 0, enablePersistentHover: true, ie.browserCommandLineSwitches: , ie.ensureCleanSession: false, ie.fileUploadDialogTimeout: 3000, ie.forceCreateProcessApi: false, ignoreProtectedModeSettings: true, ignoreZoomSetting: false, initialBrowserUrl: http://localhost:17981/, nativeEvents: true, requireWindowFocus: false}, setWindowRect: true, timeouts: {implicit: 0, pageLoad: 300000, script: 30000}, unhandledPromptBehavior: ignore}
Session ID: 00dfb010-b990-48e1-93fd-809859c0d4e6
	at org.openqa.selenium.support.ui.WebDriverWait.timeoutException(WebDriverWait.java:82)
	at org.openqa.selenium.support.ui.FluentWait.until(FluentWait.java:231)
	at com.sinosoft.test.base.TestBase.navigateToWindowByTitle(TestBase.java:265)
	at com.sinosoft.test.fccp.common.FccbBase.CodeSelect(FccbBase.java:44)
	at com.sinosoft.test.fccp.tbcl.BasicInfoPage.inputSalesInfoAction(BasicInfoPage.java:348)
	at com.sinosoft.test.fccp.tbcl.BasicInfoPage.inputSalesInfoAction(BasicInfoPage.java:363)
	at com.sinosoft.testcases.fccb.TBGLTestCase.FCCB_TBCL(TBGLTestCase.java:96)
	at sun.reflect.NativeMethodAccessorImpl.invoke0(Native Method)
	at sun.reflect.NativeMethodAccessorImpl.invoke(NativeMethodAccessorImpl.java:62)
	at sun.reflect.DelegatingMethodAccessorImpl.invoke(DelegatingMethodAccessorImpl.java:43)
	at java.lang.reflect.Method.invoke(Method.java:498)
	at org.testng.internal.MethodInvocationHelper.invokeMethod(MethodInvocationHelper.java:108)
	at org.testng.internal.Invoker.invokeMethod(Invoker.java:661)
	at org.testng.internal.Invoker.invokeTestMethod(Invoker.java:869)
	at org.testng.internal.Invoker.invokeTestMethods(Invoker.java:1193)
	at org.testng.internal.TestMethodWorker.invokeTestMethods(TestMethodWorker.java:126)
	at org.testng.internal.TestMethodWorker.run(TestMethodWorker.java:109)
	at org.testng.TestRunner.privateRun(TestRunner.java:744)
	at org.testng.TestRunner.run(TestRunner.java:602)
	at org.testng.SuiteRunner.runTest(SuiteRunner.java:380)
	at org.testng.SuiteRunner.runSequentially(SuiteRunner.java:375)
	at org.testng.SuiteRunner.privateRun(SuiteRunner.java:340)
	at org.testng.SuiteRunner.run(SuiteRunner.java:289)
	at org.testng.SuiteRunnerWorker.runSuite(SuiteRunnerWorker.java:52)
	at org.testng.SuiteRunnerWorker.run(SuiteRunnerWorker.java:86)
	at org.testng.TestNG.runSuitesSequentially(TestNG.java:1301)
	at org.testng.TestNG.runSuitesLocally(TestNG.java:1226)
	at org.testng.TestNG.runSuites(TestNG.java:1144)
	at org.testng.TestNG.run(TestNG.java:1115)
	at org.apache.maven.surefire.testng.TestNGExecutor.run(TestNGExecutor.java:283)
	at org.apache.maven.surefire.testng.TestNGXmlTestSuite.execute(TestNGXmlTestSuite.java:75)
	at org.apache.maven.surefire.testng.TestNGProvider.invoke(TestNGProvider.java:120)
	at org.apache.maven.surefire.booter.ForkedBooter.invokeProviderInSameClassLoader(ForkedBooter.java:384)
	at org.apache.maven.surefire.booter.ForkedBooter.runSuitesInProcess(ForkedBooter.java:345)
	at org.apache.maven.surefire.booter.ForkedBooter.execute(ForkedBooter.java:126)
	at org.apache.maven.surefire.booter.ForkedBooter.main(ForkedBooter.java:418)
2020/07/14 14:21:16:307 DEBUG com.sinosoft.test.base.TestBase:69 - 初始化class com.sinosoft.test.fccp.common.CodeSelectPage
2020/07/14 14:21:16:309 DEBUG com.sinosoft.test.base.TestBase:39 - 基础码表选择！
2020/07/14 14:21:16:310 DEBUG com.sinosoft.test.base.TestBase:76 - Trying to find Element By : By.name: fieldValue
2020/07/14 14:21:18:973 DEBUG com.sinosoft.test.base.TestBase:66 - 系统自动捕获异常：Exception occured: org.openqa.selenium.NoSuchElementException: Unable to find element with css selector == *[name='fieldValue']
For documentation on this error, please visit: http://seleniumhq.org/exceptions/no_such_element.html
Build info: version: '3.9.0', revision: '698b3178f0', time: '2018-02-05T14:26:55.441Z'
System info: host: 'DESKTOP-I9S3ABE', ip: '100.100.99.142', os.name: 'Windows 10', os.arch: 'amd64', os.version: '10.0', java.version: '1.8.0_101'
Driver info: org.openqa.selenium.ie.InternetExplorerDriver
Capabilities {acceptInsecureCerts: false, browserName: internet explorer, browserVersion: 11, javascriptEnabled: true, pageLoadStrategy: normal, platform: WINDOWS, platformName: WINDOWS, proxy: Proxy(), se:ieOptions: {browserAttachTimeout: 0, elementScrollBehavior: 0, enablePersistentHover: true, ie.browserCommandLineSwitches: , ie.ensureCleanSession: false, ie.fileUploadDialogTimeout: 3000, ie.forceCreateProcessApi: false, ignoreProtectedModeSettings: true, ignoreZoomSetting: false, initialBrowserUrl: http://localhost:17981/, nativeEvents: true, requireWindowFocus: false}, setWindowRect: true, timeouts: {implicit: 0, pageLoad: 300000, script: 30000}, unhandledPromptBehavior: ignore}
Session ID: 00dfb010-b990-48e1-93fd-809859c0d4e6
*** Element info: {Using=name, value=fieldValue}
2020/07/14 14:21:18:974  INFO com.sinosoft.test.base.TestBase:68 - 异常的message 是：Unable to find element with css selector == *[name='fieldValue']
For documentation on this error, please visit: http://seleniumhq.org/exceptions/no_such_element.html
Build info: version: '3.9.0', revision: '698b3178f0', time: '2018-02-05T14:26:55.441Z'
System info: host: 'DESKTOP-I9S3ABE', ip: '100.100.99.142', os.name: 'Windows 10', os.arch: 'amd64', os.version: '10.0', java.version: '1.8.0_101'
Driver info: org.openqa.selenium.ie.InternetExplorerDriver
Capabilities {acceptInsecureCerts: false, browserName: internet explorer, browserVersion: 11, javascriptEnabled: true, pageLoadStrategy: normal, platform: WINDOWS, platformName: WINDOWS, proxy: Proxy(), se:ieOptions: {browserAttachTimeout: 0, elementScrollBehavior: 0, enablePersistentHover: true, ie.browserCommandLineSwitches: , ie.ensureCleanSession: false, ie.fileUploadDialogTimeout: 3000, ie.forceCreateProcessApi: false, ignoreProtectedModeSettings: true, ignoreZoomSetting: false, initialBrowserUrl: http://localhost:17981/, nativeEvents: true, requireWindowFocus: false}, setWindowRect: true, timeouts: {implicit: 0, pageLoad: 300000, script: 30000}, unhandledPromptBehavior: ignore}
Session ID: 00dfb010-b990-48e1-93fd-809859c0d4e6
*** Element info: {Using=name, value=fieldValue}
2020/07/14 14:21:18:977 DEBUG com.sinosoft.test.base.TestBase:76 - Trying to find Element By : By.name: fieldValue
2020/07/14 14:21:21:645 DEBUG com.sinosoft.test.base.TestBase:66 - 系统自动捕获异常：Exception occured: org.openqa.selenium.NoSuchElementException: Unable to find element with css selector == *[name='fieldValue']
For documentation on this error, please visit: http://seleniumhq.org/exceptions/no_such_element.html
Build info: version: '3.9.0', revision: '698b3178f0', time: '2018-02-05T14:26:55.441Z'
System info: host: 'DESKTOP-I9S3ABE', ip: '100.100.99.142', os.name: 'Windows 10', os.arch: 'amd64', os.version: '10.0', java.version: '1.8.0_101'
Driver info: org.openqa.selenium.ie.InternetExplorerDriver
Capabilities {acceptInsecureCerts: false, browserName: internet explorer, browserVersion: 11, javascriptEnabled: true, pageLoadStrategy: normal, platform: WINDOWS, platformName: WINDOWS, proxy: Proxy(), se:ieOptions: {browserAttachTimeout: 0, elementScrollBehavior: 0, enablePersistentHover: true, ie.browserCommandLineSwitches: , ie.ensureCleanSession: false, ie.fileUploadDialogTimeout: 3000, ie.forceCreateProcessApi: false, ignoreProtectedModeSettings: true, ignoreZoomSetting: false, initialBrowserUrl: http://localhost:17981/, nativeEvents: true, requireWindowFocus: false}, setWindowRect: true, timeouts: {implicit: 0, pageLoad: 300000, script: 30000}, unhandledPromptBehavior: ignore}
Session ID: 00dfb010-b990-48e1-93fd-809859c0d4e6
*** Element info: {Using=name, value=fieldValue}
2020/07/14 14:21:21:646  INFO com.sinosoft.test.base.TestBase:68 - 异常的message 是：Unable to find element with css selector == *[name='fieldValue']
For documentation on this error, please visit: http://seleniumhq.org/exceptions/no_such_element.html
Build info: version: '3.9.0', revision: '698b3178f0', time: '2018-02-05T14:26:55.441Z'
System info: host: 'DESKTOP-I9S3ABE', ip: '100.100.99.142', os.name: 'Windows 10', os.arch: 'amd64', os.version: '10.0', java.version: '1.8.0_101'
Driver info: org.openqa.selenium.ie.InternetExplorerDriver
Capabilities {acceptInsecureCerts: false, browserName: internet explorer, browserVersion: 11, javascriptEnabled: true, pageLoadStrategy: normal, platform: WINDOWS, platformName: WINDOWS, proxy: Proxy(), se:ieOptions: {browserAttachTimeout: 0, elementScrollBehavior: 0, enablePersistentHover: true, ie.browserCommandLineSwitches: , ie.ensureCleanSession: false, ie.fileUploadDialogTimeout: 3000, ie.forceCreateProcessApi: false, ignoreProtectedModeSettings: true, ignoreZoomSetting: false, initialBrowserUrl: http://localhost:17981/, nativeEvents: true, requireWindowFocus: false}, setWindowRect: true, timeouts: {implicit: 0, pageLoad: 300000, script: 30000}, unhandledPromptBehavior: ignore}
Session ID: 00dfb010-b990-48e1-93fd-809859c0d4e6
*** Element info: {Using=name, value=fieldValue}
2020/07/14 14:21:21:897 DEBUG com.sinosoft.test.base.TestBase:76 - Trying to find Element By : By.name: fieldValue
2020/07/14 14:21:24:476 DEBUG com.sinosoft.test.base.TestBase:66 - 系统自动捕获异常：Exception occured: org.openqa.selenium.NoSuchElementException: Unable to find element with css selector == *[name='fieldValue']
For documentation on this error, please visit: http://seleniumhq.org/exceptions/no_such_element.html
Build info: version: '3.9.0', revision: '698b3178f0', time: '2018-02-05T14:26:55.441Z'
System info: host: 'DESKTOP-I9S3ABE', ip: '100.100.99.142', os.name: 'Windows 10', os.arch: 'amd64', os.version: '10.0', java.version: '1.8.0_101'
Driver info: org.openqa.selenium.ie.InternetExplorerDriver
Capabilities {acceptInsecureCerts: false, browserName: internet explorer, browserVersion: 11, javascriptEnabled: true, pageLoadStrategy: normal, platform: WINDOWS, platformName: WINDOWS, proxy: Proxy(), se:ieOptions: {browserAttachTimeout: 0, elementScrollBehavior: 0, enablePersistentHover: true, ie.browserCommandLineSwitches: , ie.ensureCleanSession: false, ie.fileUploadDialogTimeout: 3000, ie.forceCreateProcessApi: false, ignoreProtectedModeSettings: true, ignoreZoomSetting: false, initialBrowserUrl: http://localhost:17981/, nativeEvents: true, requireWindowFocus: false}, setWindowRect: true, timeouts: {implicit: 0, pageLoad: 300000, script: 30000}, unhandledPromptBehavior: ignore}
Session ID: 00dfb010-b990-48e1-93fd-809859c0d4e6
*** Element info: {Using=name, value=fieldValue}
2020/07/14 14:21:24:476  INFO com.sinosoft.test.base.TestBase:68 - 异常的message 是：Unable to find element with css selector == *[name='fieldValue']
For documentation on this error, please visit: http://seleniumhq.org/exceptions/no_such_element.html
Build info: version: '3.9.0', revision: '698b3178f0', time: '2018-02-05T14:26:55.441Z'
System info: host: 'DESKTOP-I9S3ABE', ip: '100.100.99.142', os.name: 'Windows 10', os.arch: 'amd64', os.version: '10.0', java.version: '1.8.0_101'
Driver info: org.openqa.selenium.ie.InternetExplorerDriver
Capabilities {acceptInsecureCerts: false, browserName: internet explorer, browserVersion: 11, javascriptEnabled: true, pageLoadStrategy: normal, platform: WINDOWS, platformName: WINDOWS, proxy: Proxy(), se:ieOptions: {browserAttachTimeout: 0, elementScrollBehavior: 0, enablePersistentHover: true, ie.browserCommandLineSwitches: , ie.ensureCleanSession: false, ie.fileUploadDialogTimeout: 3000, ie.forceCreateProcessApi: false, ignoreProtectedModeSettings: true, ignoreZoomSetting: false, initialBrowserUrl: http://localhost:17981/, nativeEvents: true, requireWindowFocus: false}, setWindowRect: true, timeouts: {implicit: 0, pageLoad: 300000, script: 30000}, unhandledPromptBehavior: ignore}
Session ID: 00dfb010-b990-48e1-93fd-809859c0d4e6
*** Element info: {Using=name, value=fieldValue}
2020/07/14 14:21:24:728 DEBUG com.sinosoft.test.base.TestBase:76 - Trying to find Element By : By.name: fieldValue
2020/07/14 14:21:27:169 DEBUG com.sinosoft.test.base.TestBase:66 - 系统自动捕获异常：Exception occured: org.openqa.selenium.NoSuchElementException: Unable to find element with css selector == *[name='fieldValue']
For documentation on this error, please visit: http://seleniumhq.org/exceptions/no_such_element.html
Build info: version: '3.9.0', revision: '698b3178f0', time: '2018-02-05T14:26:55.441Z'
System info: host: 'DESKTOP-I9S3ABE', ip: '100.100.99.142', os.name: 'Windows 10', os.arch: 'amd64', os.version: '10.0', java.version: '1.8.0_101'
Driver info: org.openqa.selenium.ie.InternetExplorerDriver
Capabilities {acceptInsecureCerts: false, browserName: internet explorer, browserVersion: 11, javascriptEnabled: true, pageLoadStrategy: normal, platform: WINDOWS, platformName: WINDOWS, proxy: Proxy(), se:ieOptions: {browserAttachTimeout: 0, elementScrollBehavior: 0, enablePersistentHover: true, ie.browserCommandLineSwitches: , ie.ensureCleanSession: false, ie.fileUploadDialogTimeout: 3000, ie.forceCreateProcessApi: false, ignoreProtectedModeSettings: true, ignoreZoomSetting: false, initialBrowserUrl: http://localhost:17981/, nativeEvents: true, requireWindowFocus: false}, setWindowRect: true, timeouts: {implicit: 0, pageLoad: 300000, script: 30000}, unhandledPromptBehavior: ignore}
Session ID: 00dfb010-b990-48e1-93fd-809859c0d4e6
*** Element info: {Using=name, value=fieldValue}
2020/07/14 14:21:27:172  INFO com.sinosoft.test.base.TestBase:68 - 异常的message 是：Unable to find element with css selector == *[name='fieldValue']
For documentation on this error, please visit: http://seleniumhq.org/exceptions/no_such_element.html
Build info: version: '3.9.0', revision: '698b3178f0', time: '2018-02-05T14:26:55.441Z'
System info: host: 'DESKTOP-I9S3ABE', ip: '100.100.99.142', os.name: 'Windows 10', os.arch: 'amd64', os.version: '10.0', java.version: '1.8.0_101'
Driver info: org.openqa.selenium.ie.InternetExplorerDriver
Capabilities {acceptInsecureCerts: false, browserName: internet explorer, browserVersion: 11, javascriptEnabled: true, pageLoadStrategy: normal, platform: WINDOWS, platformName: WINDOWS, proxy: Proxy(), se:ieOptions: {browserAttachTimeout: 0, elementScrollBehavior: 0, enablePersistentHover: true, ie.browserCommandLineSwitches: , ie.ensureCleanSession: false, ie.fileUploadDialogTimeout: 3000, ie.forceCreateProcessApi: false, ignoreProtectedModeSettings: true, ignoreZoomSetting: false, initialBrowserUrl: http://localhost:17981/, nativeEvents: true, requireWindowFocus: false}, setWindowRect: true, timeouts: {implicit: 0, pageLoad: 300000, script: 30000}, unhandledPromptBehavior: ignore}
Session ID: 00dfb010-b990-48e1-93fd-809859c0d4e6
*** Element info: {Using=name, value=fieldValue}
2020/07/14 14:21:27:425 DEBUG com.sinosoft.test.base.TestBase:76 - Trying to find Element By : By.name: fieldValue
2020/07/14 14:21:29:997 DEBUG com.sinosoft.test.base.TestBase:66 - 系统自动捕获异常：Exception occured: org.openqa.selenium.NoSuchElementException: Unable to find element with css selector == *[name='fieldValue']
For documentation on this error, please visit: http://seleniumhq.org/exceptions/no_such_element.html
Build info: version: '3.9.0', revision: '698b3178f0', time: '2018-02-05T14:26:55.441Z'
System info: host: 'DESKTOP-I9S3ABE', ip: '100.100.99.142', os.name: 'Windows 10', os.arch: 'amd64', os.version: '10.0', java.version: '1.8.0_101'
Driver info: org.openqa.selenium.ie.InternetExplorerDriver
Capabilities {acceptInsecureCerts: false, browserName: internet explorer, browserVersion: 11, javascriptEnabled: true, pageLoadStrategy: normal, platform: WINDOWS, platformName: WINDOWS, proxy: Proxy(), se:ieOptions: {browserAttachTimeout: 0, elementScrollBehavior: 0, enablePersistentHover: true, ie.browserCommandLineSwitches: , ie.ensureCleanSession: false, ie.fileUploadDialogTimeout: 3000, ie.forceCreateProcessApi: false, ignoreProtectedModeSettings: true, ignoreZoomSetting: false, initialBrowserUrl: http://localhost:17981/, nativeEvents: true, requireWindowFocus: false}, setWindowRect: true, timeouts: {implicit: 0, pageLoad: 300000, script: 30000}, unhandledPromptBehavior: ignore}
Session ID: 00dfb010-b990-48e1-93fd-809859c0d4e6
*** Element info: {Using=name, value=fieldValue}
2020/07/14 14:21:29:997  INFO com.sinosoft.test.base.TestBase:68 - 异常的message 是：Unable to find element with css selector == *[name='fieldValue']
For documentation on this error, please visit: http://seleniumhq.org/exceptions/no_such_element.html
Build info: version: '3.9.0', revision: '698b3178f0', time: '2018-02-05T14:26:55.441Z'
System info: host: 'DESKTOP-I9S3ABE', ip: '100.100.99.142', os.name: 'Windows 10', os.arch: 'amd64', os.version: '10.0', java.version: '1.8.0_101'
Driver info: org.openqa.selenium.ie.InternetExplorerDriver
Capabilities {acceptInsecureCerts: false, browserName: internet explorer, browserVersion: 11, javascriptEnabled: true, pageLoadStrategy: normal, platform: WINDOWS, platformName: WINDOWS, proxy: Proxy(), se:ieOptions: {browserAttachTimeout: 0, elementScrollBehavior: 0, enablePersistentHover: true, ie.browserCommandLineSwitches: , ie.ensureCleanSession: false, ie.fileUploadDialogTimeout: 3000, ie.forceCreateProcessApi: false, ignoreProtectedModeSettings: true, ignoreZoomSetting: false, initialBrowserUrl: http://localhost:17981/, nativeEvents: true, requireWindowFocus: false}, setWindowRect: true, timeouts: {implicit: 0, pageLoad: 300000, script: 30000}, unhandledPromptBehavior: ignore}
Session ID: 00dfb010-b990-48e1-93fd-809859c0d4e6
*** Element info: {Using=name, value=fieldValue}
2020/07/14 14:21:30:249 DEBUG com.sinosoft.test.base.TestBase:76 - Trying to find Element By : By.name: fieldValue
2020/07/14 14:21:32:303 DEBUG com.sinosoft.test.base.TestBase:66 - 系统自动捕获异常：Exception occured: org.openqa.selenium.NoSuchElementException: Unable to find element with css selector == *[name='fieldValue']
For documentation on this error, please visit: http://seleniumhq.org/exceptions/no_such_element.html
Build info: version: '3.9.0', revision: '698b3178f0', time: '2018-02-05T14:26:55.441Z'
System info: host: 'DESKTOP-I9S3ABE', ip: '100.100.99.142', os.name: 'Windows 10', os.arch: 'amd64', os.version: '10.0', java.version: '1.8.0_101'
Driver info: org.openqa.selenium.ie.InternetExplorerDriver
Capabilities {acceptInsecureCerts: false, browserName: internet explorer, browserVersion: 11, javascriptEnabled: true, pageLoadStrategy: normal, platform: WINDOWS, platformName: WINDOWS, proxy: Proxy(), se:ieOptions: {browserAttachTimeout: 0, elementScrollBehavior: 0, enablePersistentHover: true, ie.browserCommandLineSwitches: , ie.ensureCleanSession: false, ie.fileUploadDialogTimeout: 3000, ie.forceCreateProcessApi: false, ignoreProtectedModeSettings: true, ignoreZoomSetting: false, initialBrowserUrl: http://localhost:17981/, nativeEvents: true, requireWindowFocus: false}, setWindowRect: true, timeouts: {implicit: 0, pageLoad: 300000, script: 30000}, unhandledPromptBehavior: ignore}
Session ID: 00dfb010-b990-48e1-93fd-809859c0d4e6
*** Element info: {Using=name, value=fieldValue}
2020/07/14 14:21:32:303  INFO com.sinosoft.test.base.TestBase:68 - 异常的message 是：Unable to find element with css selector == *[name='fieldValue']
For documentation on this error, please visit: http://seleniumhq.org/exceptions/no_such_element.html
Build info: version: '3.9.0', revision: '698b3178f0', time: '2018-02-05T14:26:55.441Z'
System info: host: 'DESKTOP-I9S3ABE', ip: '100.100.99.142', os.name: 'Windows 10', os.arch: 'amd64', os.version: '10.0', java.version: '1.8.0_101'
Driver info: org.openqa.selenium.ie.InternetExplorerDriver
Capabilities {acceptInsecureCerts: false, browserName: internet explorer, browserVersion: 11, javascriptEnabled: true, pageLoadStrategy: normal, platform: WINDOWS, platformName: WINDOWS, proxy: Proxy(), se:ieOptions: {browserAttachTimeout: 0, elementScrollBehavior: 0, enablePersistentHover: true, ie.browserCommandLineSwitches: , ie.ensureCleanSession: false, ie.fileUploadDialogTimeout: 3000, ie.forceCreateProcessApi: false, ignoreProtectedModeSettings: true, ignoreZoomSetting: false, initialBrowserUrl: http://localhost:17981/, nativeEvents: true, requireWindowFocus: false}, setWindowRect: true, timeouts: {implicit: 0, pageLoad: 300000, script: 30000}, unhandledPromptBehavior: ignore}
Session ID: 00dfb010-b990-48e1-93fd-809859c0d4e6
*** Element info: {Using=name, value=fieldValue}
2020/07/14 14:21:32:304  INFO com.sinosoft.test.base.TestBase:360 - setEditboxValue:Proxy element for: AjaxElementLocator 'By.name: fieldValue'：0
2020/07/14 14:21:32:304 DEBUG com.sinosoft.test.base.TestBase:76 - Trying to find Element By : By.name: fieldValue
2020/07/14 14:21:34:783 DEBUG com.sinosoft.test.base.TestBase:66 - 系统自动捕获异常：Exception occured: org.openqa.selenium.NoSuchElementException: Unable to find element with css selector == *[name='fieldValue']
For documentation on this error, please visit: http://seleniumhq.org/exceptions/no_such_element.html
Build info: version: '3.9.0', revision: '698b3178f0', time: '2018-02-05T14:26:55.441Z'
System info: host: 'DESKTOP-I9S3ABE', ip: '100.100.99.142', os.name: 'Windows 10', os.arch: 'amd64', os.version: '10.0', java.version: '1.8.0_101'
Driver info: org.openqa.selenium.ie.InternetExplorerDriver
Capabilities {acceptInsecureCerts: false, browserName: internet explorer, browserVersion: 11, javascriptEnabled: true, pageLoadStrategy: normal, platform: WINDOWS, platformName: WINDOWS, proxy: Proxy(), se:ieOptions: {browserAttachTimeout: 0, elementScrollBehavior: 0, enablePersistentHover: true, ie.browserCommandLineSwitches: , ie.ensureCleanSession: false, ie.fileUploadDialogTimeout: 3000, ie.forceCreateProcessApi: false, ignoreProtectedModeSettings: true, ignoreZoomSetting: false, initialBrowserUrl: http://localhost:17981/, nativeEvents: true, requireWindowFocus: false}, setWindowRect: true, timeouts: {implicit: 0, pageLoad: 300000, script: 30000}, unhandledPromptBehavior: ignore}
Session ID: 00dfb010-b990-48e1-93fd-809859c0d4e6
*** Element info: {Using=name, value=fieldValue}
2020/07/14 14:21:34:792  INFO com.sinosoft.test.base.TestBase:68 - 异常的message 是：Unable to find element with css selector == *[name='fieldValue']
For documentation on this error, please visit: http://seleniumhq.org/exceptions/no_such_element.html
Build info: version: '3.9.0', revision: '698b3178f0', time: '2018-02-05T14:26:55.441Z'
System info: host: 'DESKTOP-I9S3ABE', ip: '100.100.99.142', os.name: 'Windows 10', os.arch: 'amd64', os.version: '10.0', java.version: '1.8.0_101'
Driver info: org.openqa.selenium.ie.InternetExplorerDriver
Capabilities {acceptInsecureCerts: false, browserName: internet explorer, browserVersion: 11, javascriptEnabled: true, pageLoadStrategy: normal, platform: WINDOWS, platformName: WINDOWS, proxy: Proxy(), se:ieOptions: {browserAttachTimeout: 0, elementScrollBehavior: 0, enablePersistentHover: true, ie.browserCommandLineSwitches: , ie.ensureCleanSession: false, ie.fileUploadDialogTimeout: 3000, ie.forceCreateProcessApi: false, ignoreProtectedModeSettings: true, ignoreZoomSetting: false, initialBrowserUrl: http://localhost:17981/, nativeEvents: true, requireWindowFocus: false}, setWindowRect: true, timeouts: {implicit: 0, pageLoad: 300000, script: 30000}, unhandledPromptBehavior: ignore}
Session ID: 00dfb010-b990-48e1-93fd-809859c0d4e6
*** Element info: {Using=name, value=fieldValue}
2020/07/14 14:21:34:798 DEBUG com.sinosoft.test.base.TestBase:76 - Trying to find Element By : By.name: fieldValue
2020/07/14 14:21:37:207 DEBUG com.sinosoft.test.base.TestBase:66 - 系统自动捕获异常：Exception occured: org.openqa.selenium.NoSuchElementException: Unable to find element with css selector == *[name='fieldValue']
For documentation on this error, please visit: http://seleniumhq.org/exceptions/no_such_element.html
Build info: version: '3.9.0', revision: '698b3178f0', time: '2018-02-05T14:26:55.441Z'
System info: host: 'DESKTOP-I9S3ABE', ip: '100.100.99.142', os.name: 'Windows 10', os.arch: 'amd64', os.version: '10.0', java.version: '1.8.0_101'
Driver info: org.openqa.selenium.ie.InternetExplorerDriver
Capabilities {acceptInsecureCerts: false, browserName: internet explorer, browserVersion: 11, javascriptEnabled: true, pageLoadStrategy: normal, platform: WINDOWS, platformName: WINDOWS, proxy: Proxy(), se:ieOptions: {browserAttachTimeout: 0, elementScrollBehavior: 0, enablePersistentHover: true, ie.browserCommandLineSwitches: , ie.ensureCleanSession: false, ie.fileUploadDialogTimeout: 3000, ie.forceCreateProcessApi: false, ignoreProtectedModeSettings: true, ignoreZoomSetting: false, initialBrowserUrl: http://localhost:17981/, nativeEvents: true, requireWindowFocus: false}, setWindowRect: true, timeouts: {implicit: 0, pageLoad: 300000, script: 30000}, unhandledPromptBehavior: ignore}
Session ID: 00dfb010-b990-48e1-93fd-809859c0d4e6
*** Element info: {Using=name, value=fieldValue}
2020/07/14 14:21:37:208  INFO com.sinosoft.test.base.TestBase:68 - 异常的message 是：Unable to find element with css selector == *[name='fieldValue']
For documentation on this error, please visit: http://seleniumhq.org/exceptions/no_such_element.html
Build info: version: '3.9.0', revision: '698b3178f0', time: '2018-02-05T14:26:55.441Z'
System info: host: 'DESKTOP-I9S3ABE', ip: '100.100.99.142', os.name: 'Windows 10', os.arch: 'amd64', os.version: '10.0', java.version: '1.8.0_101'
Driver info: org.openqa.selenium.ie.InternetExplorerDriver
Capabilities {acceptInsecureCerts: false, browserName: internet explorer, browserVersion: 11, javascriptEnabled: true, pageLoadStrategy: normal, platform: WINDOWS, platformName: WINDOWS, proxy: Proxy(), se:ieOptions: {browserAttachTimeout: 0, elementScrollBehavior: 0, enablePersistentHover: true, ie.browserCommandLineSwitches: , ie.ensureCleanSession: false, ie.fileUploadDialogTimeout: 3000, ie.forceCreateProcessApi: false, ignoreProtectedModeSettings: true, ignoreZoomSetting: false, initialBrowserUrl: http://localhost:17981/, nativeEvents: true, requireWindowFocus: false}, setWindowRect: true, timeouts: {implicit: 0, pageLoad: 300000, script: 30000}, unhandledPromptBehavior: ignore}
Session ID: 00dfb010-b990-48e1-93fd-809859c0d4e6
*** Element info: {Using=name, value=fieldValue}
2020/07/14 14:21:37:461 DEBUG com.sinosoft.test.base.TestBase:76 - Trying to find Element By : By.name: fieldValue
2020/07/14 14:21:39:828 DEBUG com.sinosoft.test.base.TestBase:66 - 系统自动捕获异常：Exception occured: org.openqa.selenium.NoSuchElementException: Unable to find element with css selector == *[name='fieldValue']
For documentation on this error, please visit: http://seleniumhq.org/exceptions/no_such_element.html
Build info: version: '3.9.0', revision: '698b3178f0', time: '2018-02-05T14:26:55.441Z'
System info: host: 'DESKTOP-I9S3ABE', ip: '100.100.99.142', os.name: 'Windows 10', os.arch: 'amd64', os.version: '10.0', java.version: '1.8.0_101'
Driver info: org.openqa.selenium.ie.InternetExplorerDriver
Capabilities {acceptInsecureCerts: false, browserName: internet explorer, browserVersion: 11, javascriptEnabled: true, pageLoadStrategy: normal, platform: WINDOWS, platformName: WINDOWS, proxy: Proxy(), se:ieOptions: {browserAttachTimeout: 0, elementScrollBehavior: 0, enablePersistentHover: true, ie.browserCommandLineSwitches: , ie.ensureCleanSession: false, ie.fileUploadDialogTimeout: 3000, ie.forceCreateProcessApi: false, ignoreProtectedModeSettings: true, ignoreZoomSetting: false, initialBrowserUrl: http://localhost:17981/, nativeEvents: true, requireWindowFocus: false}, setWindowRect: true, timeouts: {implicit: 0, pageLoad: 300000, script: 30000}, unhandledPromptBehavior: ignore}
Session ID: 00dfb010-b990-48e1-93fd-809859c0d4e6
*** Element info: {Using=name, value=fieldValue}
2020/07/14 14:21:39:831  INFO com.sinosoft.test.base.TestBase:68 - 异常的message 是：Unable to find element with css selector == *[name='fieldValue']
For documentation on this error, please visit: http://seleniumhq.org/exceptions/no_such_element.html
Build info: version: '3.9.0', revision: '698b3178f0', time: '2018-02-05T14:26:55.441Z'
System info: host: 'DESKTOP-I9S3ABE', ip: '100.100.99.142', os.name: 'Windows 10', os.arch: 'amd64', os.version: '10.0', java.version: '1.8.0_101'
Driver info: org.openqa.selenium.ie.InternetExplorerDriver
Capabilities {acceptInsecureCerts: false, browserName: internet explorer, browserVersion: 11, javascriptEnabled: true, pageLoadStrategy: normal, platform: WINDOWS, platformName: WINDOWS, proxy: Proxy(), se:ieOptions: {browserAttachTimeout: 0, elementScrollBehavior: 0, enablePersistentHover: true, ie.browserCommandLineSwitches: , ie.ensureCleanSession: false, ie.fileUploadDialogTimeout: 3000, ie.forceCreateProcessApi: false, ignoreProtectedModeSettings: true, ignoreZoomSetting: false, initialBrowserUrl: http://localhost:17981/, nativeEvents: true, requireWindowFocus: false}, setWindowRect: true, timeouts: {implicit: 0, pageLoad: 300000, script: 30000}, unhandledPromptBehavior: ignore}
Session ID: 00dfb010-b990-48e1-93fd-809859c0d4e6
*** Element info: {Using=name, value=fieldValue}
2020/07/14 14:21:40:085 DEBUG com.sinosoft.test.base.TestBase:76 - Trying to find Element By : By.name: fieldValue
2020/07/14 14:21:42:532 DEBUG com.sinosoft.test.base.TestBase:66 - 系统自动捕获异常：Exception occured: org.openqa.selenium.NoSuchElementException: Unable to find element with css selector == *[name='fieldValue']
For documentation on this error, please visit: http://seleniumhq.org/exceptions/no_such_element.html
Build info: version: '3.9.0', revision: '698b3178f0', time: '2018-02-05T14:26:55.441Z'
System info: host: 'DESKTOP-I9S3ABE', ip: '100.100.99.142', os.name: 'Windows 10', os.arch: 'amd64', os.version: '10.0', java.version: '1.8.0_101'
Driver info: org.openqa.selenium.ie.InternetExplorerDriver
Capabilities {acceptInsecureCerts: false, browserName: internet explorer, browserVersion: 11, javascriptEnabled: true, pageLoadStrategy: normal, platform: WINDOWS, platformName: WINDOWS, proxy: Proxy(), se:ieOptions: {browserAttachTimeout: 0, elementScrollBehavior: 0, enablePersistentHover: true, ie.browserCommandLineSwitches: , ie.ensureCleanSession: false, ie.fileUploadDialogTimeout: 3000, ie.forceCreateProcessApi: false, ignoreProtectedModeSettings: true, ignoreZoomSetting: false, initialBrowserUrl: http://localhost:17981/, nativeEvents: true, requireWindowFocus: false}, setWindowRect: true, timeouts: {implicit: 0, pageLoad: 300000, script: 30000}, unhandledPromptBehavior: ignore}
Session ID: 00dfb010-b990-48e1-93fd-809859c0d4e6
*** Element info: {Using=name, value=fieldValue}
2020/07/14 14:21:42:536  INFO com.sinosoft.test.base.TestBase:68 - 异常的message 是：Unable to find element with css selector == *[name='fieldValue']
For documentation on this error, please visit: http://seleniumhq.org/exceptions/no_such_element.html
Build info: version: '3.9.0', revision: '698b3178f0', time: '2018-02-05T14:26:55.441Z'
System info: host: 'DESKTOP-I9S3ABE', ip: '100.100.99.142', os.name: 'Windows 10', os.arch: 'amd64', os.version: '10.0', java.version: '1.8.0_101'
Driver info: org.openqa.selenium.ie.InternetExplorerDriver
Capabilities {acceptInsecureCerts: false, browserName: internet explorer, browserVersion: 11, javascriptEnabled: true, pageLoadStrategy: normal, platform: WINDOWS, platformName: WINDOWS, proxy: Proxy(), se:ieOptions: {browserAttachTimeout: 0, elementScrollBehavior: 0, enablePersistentHover: true, ie.browserCommandLineSwitches: , ie.ensureCleanSession: false, ie.fileUploadDialogTimeout: 3000, ie.forceCreateProcessApi: false, ignoreProtectedModeSettings: true, ignoreZoomSetting: false, initialBrowserUrl: http://localhost:17981/, nativeEvents: true, requireWindowFocus: false}, setWindowRect: true, timeouts: {implicit: 0, pageLoad: 300000, script: 30000}, unhandledPromptBehavior: ignore}
Session ID: 00dfb010-b990-48e1-93fd-809859c0d4e6
*** Element info: {Using=name, value=fieldValue}
2020/07/14 14:21:42:787 DEBUG com.sinosoft.test.base.TestBase:76 - Trying to find Element By : By.name: fieldValue
2020/07/14 14:21:45:213 DEBUG com.sinosoft.test.base.TestBase:66 - 系统自动捕获异常：Exception occured: org.openqa.selenium.NoSuchElementException: Unable to find element with css selector == *[name='fieldValue']
For documentation on this error, please visit: http://seleniumhq.org/exceptions/no_such_element.html
Build info: version: '3.9.0', revision: '698b3178f0', time: '2018-02-05T14:26:55.441Z'
System info: host: 'DESKTOP-I9S3ABE', ip: '100.100.99.142', os.name: 'Windows 10', os.arch: 'amd64', os.version: '10.0', java.version: '1.8.0_101'
Driver info: org.openqa.selenium.ie.InternetExplorerDriver
Capabilities {acceptInsecureCerts: false, browserName: internet explorer, browserVersion: 11, javascriptEnabled: true, pageLoadStrategy: normal, platform: WINDOWS, platformName: WINDOWS, proxy: Proxy(), se:ieOptions: {browserAttachTimeout: 0, elementScrollBehavior: 0, enablePersistentHover: true, ie.browserCommandLineSwitches: , ie.ensureCleanSession: false, ie.fileUploadDialogTimeout: 3000, ie.forceCreateProcessApi: false, ignoreProtectedModeSettings: true, ignoreZoomSetting: false, initialBrowserUrl: http://localhost:17981/, nativeEvents: true, requireWindowFocus: false}, setWindowRect: true, timeouts: {implicit: 0, pageLoad: 300000, script: 30000}, unhandledPromptBehavior: ignore}
Session ID: 00dfb010-b990-48e1-93fd-809859c0d4e6
*** Element info: {Using=name, value=fieldValue}
2020/07/14 14:21:45:215  INFO com.sinosoft.test.base.TestBase:68 - 异常的message 是：Unable to find element with css selector == *[name='fieldValue']
For documentation on this error, please visit: http://seleniumhq.org/exceptions/no_such_element.html
Build info: version: '3.9.0', revision: '698b3178f0', time: '2018-02-05T14:26:55.441Z'
System info: host: 'DESKTOP-I9S3ABE', ip: '100.100.99.142', os.name: 'Windows 10', os.arch: 'amd64', os.version: '10.0', java.version: '1.8.0_101'
Driver info: org.openqa.selenium.ie.InternetExplorerDriver
Capabilities {acceptInsecureCerts: false, browserName: internet explorer, browserVersion: 11, javascriptEnabled: true, pageLoadStrategy: normal, platform: WINDOWS, platformName: WINDOWS, proxy: Proxy(), se:ieOptions: {browserAttachTimeout: 0, elementScrollBehavior: 0, enablePersistentHover: true, ie.browserCommandLineSwitches: , ie.ensureCleanSession: false, ie.fileUploadDialogTimeout: 3000, ie.forceCreateProcessApi: false, ignoreProtectedModeSettings: true, ignoreZoomSetting: false, initialBrowserUrl: http://localhost:17981/, nativeEvents: true, requireWindowFocus: false}, setWindowRect: true, timeouts: {implicit: 0, pageLoad: 300000, script: 30000}, unhandledPromptBehavior: ignore}
Session ID: 00dfb010-b990-48e1-93fd-809859c0d4e6
*** Element info: {Using=name, value=fieldValue}
2020/07/14 14:21:45:467 DEBUG com.sinosoft.test.base.TestBase:76 - Trying to find Element By : By.name: fieldValue
2020/07/14 14:21:47:620 DEBUG com.sinosoft.test.base.TestBase:66 - 系统自动捕获异常：Exception occured: org.openqa.selenium.NoSuchElementException: Unable to find element with css selector == *[name='fieldValue']
For documentation on this error, please visit: http://seleniumhq.org/exceptions/no_such_element.html
Build info: version: '3.9.0', revision: '698b3178f0', time: '2018-02-05T14:26:55.441Z'
System info: host: 'DESKTOP-I9S3ABE', ip: '100.100.99.142', os.name: 'Windows 10', os.arch: 'amd64', os.version: '10.0', java.version: '1.8.0_101'
Driver info: org.openqa.selenium.ie.InternetExplorerDriver
Capabilities {acceptInsecureCerts: false, browserName: internet explorer, browserVersion: 11, javascriptEnabled: true, pageLoadStrategy: normal, platform: WINDOWS, platformName: WINDOWS, proxy: Proxy(), se:ieOptions: {browserAttachTimeout: 0, elementScrollBehavior: 0, enablePersistentHover: true, ie.browserCommandLineSwitches: , ie.ensureCleanSession: false, ie.fileUploadDialogTimeout: 3000, ie.forceCreateProcessApi: false, ignoreProtectedModeSettings: true, ignoreZoomSetting: false, initialBrowserUrl: http://localhost:17981/, nativeEvents: true, requireWindowFocus: false}, setWindowRect: true, timeouts: {implicit: 0, pageLoad: 300000, script: 30000}, unhandledPromptBehavior: ignore}
Session ID: 00dfb010-b990-48e1-93fd-809859c0d4e6
*** Element info: {Using=name, value=fieldValue}
2020/07/14 14:21:47:621  INFO com.sinosoft.test.base.TestBase:68 - 异常的message 是：Unable to find element with css selector == *[name='fieldValue']
For documentation on this error, please visit: http://seleniumhq.org/exceptions/no_such_element.html
Build info: version: '3.9.0', revision: '698b3178f0', time: '2018-02-05T14:26:55.441Z'
System info: host: 'DESKTOP-I9S3ABE', ip: '100.100.99.142', os.name: 'Windows 10', os.arch: 'amd64', os.version: '10.0', java.version: '1.8.0_101'
Driver info: org.openqa.selenium.ie.InternetExplorerDriver
Capabilities {acceptInsecureCerts: false, browserName: internet explorer, browserVersion: 11, javascriptEnabled: true, pageLoadStrategy: normal, platform: WINDOWS, platformName: WINDOWS, proxy: Proxy(), se:ieOptions: {browserAttachTimeout: 0, elementScrollBehavior: 0, enablePersistentHover: true, ie.browserCommandLineSwitches: , ie.ensureCleanSession: false, ie.fileUploadDialogTimeout: 3000, ie.forceCreateProcessApi: false, ignoreProtectedModeSettings: true, ignoreZoomSetting: false, initialBrowserUrl: http://localhost:17981/, nativeEvents: true, requireWindowFocus: false}, setWindowRect: true, timeouts: {implicit: 0, pageLoad: 300000, script: 30000}, unhandledPromptBehavior: ignore}
Session ID: 00dfb010-b990-48e1-93fd-809859c0d4e6
*** Element info: {Using=name, value=fieldValue}
2020/07/14 14:21:47:622  INFO com.sinosoft.test.base.TestBase:129 - 执行测试用例发生了异常，开始截屏
org.openqa.selenium.NoSuchElementException: Timed out after 10 seconds. Unable to locate the element
	at org.openqa.selenium.support.pagefactory.AjaxElementLocator.findElement(AjaxElementLocator.java:91)
	at org.openqa.selenium.support.pagefactory.internal.LocatingElementHandler.invoke(LocatingElementHandler.java:38)
	at com.sun.proxy.$Proxy12.clear(Unknown Source)
	at com.sinosoft.test.base.TestBase.setEditboxValue(TestBase.java:361)
	at com.sinosoft.test.fccp.common.CodeSelectPage.selectByCodes(CodeSelectPage.java:45)
	at com.sinosoft.test.fccp.common.FccbBase.CodeSelect(FccbBase.java:46)
	at com.sinosoft.test.fccp.tbcl.BasicInfoPage.inputSalesInfoAction(BasicInfoPage.java:348)
	at com.sinosoft.test.fccp.tbcl.BasicInfoPage.inputSalesInfoAction(BasicInfoPage.java:363)
	at com.sinosoft.testcases.fccb.TBGLTestCase.FCCB_TBCL(TBGLTestCase.java:96)
	at sun.reflect.NativeMethodAccessorImpl.invoke0(Native Method)
	at sun.reflect.NativeMethodAccessorImpl.invoke(NativeMethodAccessorImpl.java:62)
	at sun.reflect.DelegatingMethodAccessorImpl.invoke(DelegatingMethodAccessorImpl.java:43)
	at java.lang.reflect.Method.invoke(Method.java:498)
	at org.testng.internal.MethodInvocationHelper.invokeMethod(MethodInvocationHelper.java:108)
	at org.testng.internal.Invoker.invokeMethod(Invoker.java:661)
	at org.testng.internal.Invoker.invokeTestMethod(Invoker.java:869)
	at org.testng.internal.Invoker.invokeTestMethods(Invoker.java:1193)
	at org.testng.internal.TestMethodWorker.invokeTestMethods(TestMethodWorker.java:126)
	at org.testng.internal.TestMethodWorker.run(TestMethodWorker.java:109)
	at org.testng.TestRunner.privateRun(TestRunner.java:744)
	at org.testng.TestRunner.run(TestRunner.java:602)
	at org.testng.SuiteRunner.runTest(SuiteRunner.java:380)
	at org.testng.SuiteRunner.runSequentially(SuiteRunner.java:375)
	at org.testng.SuiteRunner.privateRun(SuiteRunner.java:340)
	at org.testng.SuiteRunner.run(SuiteRunner.java:289)
	at org.testng.SuiteRunnerWorker.runSuite(SuiteRunnerWorker.java:52)
	at org.testng.SuiteRunnerWorker.run(SuiteRunnerWorker.java:86)
	at org.testng.TestNG.runSuitesSequentially(TestNG.java:1301)
	at org.testng.TestNG.runSuitesLocally(TestNG.java:1226)
	at org.testng.TestNG.runSuites(TestNG.java:1144)
	at org.testng.TestNG.run(TestNG.java:1115)
	at org.apache.maven.surefire.testng.TestNGExecutor.run(TestNGExecutor.java:283)
	at org.apache.maven.surefire.testng.TestNGXmlTestSuite.execute(TestNGXmlTestSuite.java:75)
	at org.apache.maven.surefire.testng.TestNGProvider.invoke(TestNGProvider.java:120)
	at org.apache.maven.surefire.booter.ForkedBooter.invokeProviderInSameClassLoader(ForkedBooter.java:384)
	at org.apache.maven.surefire.booter.ForkedBooter.runSuitesInProcess(ForkedBooter.java:345)
	at org.apache.maven.surefire.booter.ForkedBooter.execute(ForkedBooter.java:126)
	at org.apache.maven.surefire.booter.ForkedBooter.main(ForkedBooter.java:418)
Caused by: org.openqa.selenium.NoSuchElementException: Unable to find element with css selector == *[name='fieldValue']
For documentation on this error, please visit: http://seleniumhq.org/exceptions/no_such_element.html
Build info: version: '3.9.0', revision: '698b3178f0', time: '2018-02-05T14:26:55.441Z'
System info: host: 'DESKTOP-I9S3ABE', ip: '100.100.99.142', os.name: 'Windows 10', os.arch: 'amd64', os.version: '10.0', java.version: '1.8.0_101'
Driver info: org.openqa.selenium.ie.InternetExplorerDriver
Capabilities {acceptInsecureCerts: false, browserName: internet explorer, browserVersion: 11, javascriptEnabled: true, pageLoadStrategy: normal, platform: WINDOWS, platformName: WINDOWS, proxy: Proxy(), se:ieOptions: {browserAttachTimeout: 0, elementScrollBehavior: 0, enablePersistentHover: true, ie.browserCommandLineSwitches: , ie.ensureCleanSession: false, ie.fileUploadDialogTimeout: 3000, ie.forceCreateProcessApi: false, ignoreProtectedModeSettings: true, ignoreZoomSetting: false, initialBrowserUrl: http://localhost:17981/, nativeEvents: true, requireWindowFocus: false}, setWindowRect: true, timeouts: {implicit: 0, pageLoad: 300000, script: 30000}, unhandledPromptBehavior: ignore}
Session ID: 00dfb010-b990-48e1-93fd-809859c0d4e6
*** Element info: {Using=name, value=fieldValue}
	at sun.reflect.NativeConstructorAccessorImpl.newInstance0(Native Method)
	at sun.reflect.NativeConstructorAccessorImpl.newInstance(NativeConstructorAccessorImpl.java:62)
	at sun.reflect.DelegatingConstructorAccessorImpl.newInstance(DelegatingConstructorAccessorImpl.java:45)
	at java.lang.reflect.Constructor.newInstance(Constructor.java:423)
	at org.openqa.selenium.remote.http.W3CHttpResponseCodec.createException(W3CHttpResponseCodec.java:187)
	at org.openqa.selenium.remote.http.W3CHttpResponseCodec.decode(W3CHttpResponseCodec.java:122)
	at org.openqa.selenium.remote.http.W3CHttpResponseCodec.decode(W3CHttpResponseCodec.java:49)
	at org.openqa.selenium.remote.HttpCommandExecutor.execute(HttpCommandExecutor.java:160)
	at org.openqa.selenium.remote.service.DriverCommandExecutor.execute(DriverCommandExecutor.java:83)
	at org.openqa.selenium.remote.RemoteWebDriver.execute(RemoteWebDriver.java:601)
	at org.openqa.selenium.remote.RemoteWebDriver.findElement(RemoteWebDriver.java:371)
	at org.openqa.selenium.remote.RemoteWebDriver.findElementByName(RemoteWebDriver.java:449)
	at org.openqa.selenium.By$ByName.findElement(By.java:303)
	at org.openqa.selenium.remote.RemoteWebDriver.findElement(RemoteWebDriver.java:363)
	at sun.reflect.GeneratedMethodAccessor3.invoke(Unknown Source)
	at sun.reflect.DelegatingMethodAccessorImpl.invoke(DelegatingMethodAccessorImpl.java:43)
	at java.lang.reflect.Method.invoke(Method.java:498)
	at org.openqa.selenium.support.events.EventFiringWebDriver$2.invoke(EventFiringWebDriver.java:108)
	at com.sun.proxy.$Proxy8.findElement(Unknown Source)
	at org.openqa.selenium.support.events.EventFiringWebDriver.findElement(EventFiringWebDriver.java:192)
	at org.openqa.selenium.support.pagefactory.DefaultElementLocator.findElement(DefaultElementLocator.java:69)
	at org.openqa.selenium.support.pagefactory.AjaxElementLocator.access$001(AjaxElementLocator.java:41)
	at org.openqa.selenium.support.pagefactory.AjaxElementLocator$SlowLoadingElement.isLoaded(AjaxElementLocator.java:157)
	at org.openqa.selenium.support.ui.SlowLoadableComponent.get(SlowLoadableComponent.java:69)
	at org.openqa.selenium.support.pagefactory.AjaxElementLocator.findElement(AjaxElementLocator.java:87)
	... 37 more
2020/07/14 14:21:47:625 DEBUG com.sinosoft.test.base.TestBase:88 - 截屏文件名字是：FCCB_TB_JCX_1_异常截屏
2020/07/14 14:21:47:640 DEBUG com.sinosoft.test.base.TestBase:66 - 系统自动捕获异常：Exception occured: org.openqa.selenium.NoSuchWindowException: Unable to get browser
Build info: version: '3.9.0', revision: '698b3178f0', time: '2018-02-05T14:26:55.441Z'
System info: host: 'DESKTOP-I9S3ABE', ip: '100.100.99.142', os.name: 'Windows 10', os.arch: 'amd64', os.version: '10.0', java.version: '1.8.0_101'
Driver info: org.openqa.selenium.ie.InternetExplorerDriver
Capabilities {acceptInsecureCerts: false, browserName: internet explorer, browserVersion: 11, javascriptEnabled: true, pageLoadStrategy: normal, platform: WINDOWS, platformName: WINDOWS, proxy: Proxy(), se:ieOptions: {browserAttachTimeout: 0, elementScrollBehavior: 0, enablePersistentHover: true, ie.browserCommandLineSwitches: , ie.ensureCleanSession: false, ie.fileUploadDialogTimeout: 3000, ie.forceCreateProcessApi: false, ignoreProtectedModeSettings: true, ignoreZoomSetting: false, initialBrowserUrl: http://localhost:17981/, nativeEvents: true, requireWindowFocus: false}, setWindowRect: true, timeouts: {implicit: 0, pageLoad: 300000, script: 30000}, unhandledPromptBehavior: ignore}
Session ID: 00dfb010-b990-48e1-93fd-809859c0d4e6
2020/07/14 14:21:47:641  INFO com.sinosoft.test.base.TestBase:68 - 异常的message 是：Unable to get browser
Build info: version: '3.9.0', revision: '698b3178f0', time: '2018-02-05T14:26:55.441Z'
System info: host: 'DESKTOP-I9S3ABE', ip: '100.100.99.142', os.name: 'Windows 10', os.arch: 'amd64', os.version: '10.0', java.version: '1.8.0_101'
Driver info: org.openqa.selenium.ie.InternetExplorerDriver
Capabilities {acceptInsecureCerts: false, browserName: internet explorer, browserVersion: 11, javascriptEnabled: true, pageLoadStrategy: normal, platform: WINDOWS, platformName: WINDOWS, proxy: Proxy(), se:ieOptions: {browserAttachTimeout: 0, elementScrollBehavior: 0, enablePersistentHover: true, ie.browserCommandLineSwitches: , ie.ensureCleanSession: false, ie.fileUploadDialogTimeout: 3000, ie.forceCreateProcessApi: false, ignoreProtectedModeSettings: true, ignoreZoomSetting: false, initialBrowserUrl: http://localhost:17981/, nativeEvents: true, requireWindowFocus: false}, setWindowRect: true, timeouts: {implicit: 0, pageLoad: 300000, script: 30000}, unhandledPromptBehavior: ignore}
Session ID: 00dfb010-b990-48e1-93fd-809859c0d4e6
2020/07/14 14:21:47:642 ERROR com.sinosoft.test.base.TestBase:94 - 浏览截屏失败：
org.openqa.selenium.NoSuchWindowException: Unable to get browser
Build info: version: '3.9.0', revision: '698b3178f0', time: '2018-02-05T14:26:55.441Z'
System info: host: 'DESKTOP-I9S3ABE', ip: '100.100.99.142', os.name: 'Windows 10', os.arch: 'amd64', os.version: '10.0', java.version: '1.8.0_101'
Driver info: org.openqa.selenium.ie.InternetExplorerDriver
Capabilities {acceptInsecureCerts: false, browserName: internet explorer, browserVersion: 11, javascriptEnabled: true, pageLoadStrategy: normal, platform: WINDOWS, platformName: WINDOWS, proxy: Proxy(), se:ieOptions: {browserAttachTimeout: 0, elementScrollBehavior: 0, enablePersistentHover: true, ie.browserCommandLineSwitches: , ie.ensureCleanSession: false, ie.fileUploadDialogTimeout: 3000, ie.forceCreateProcessApi: false, ignoreProtectedModeSettings: true, ignoreZoomSetting: false, initialBrowserUrl: http://localhost:17981/, nativeEvents: true, requireWindowFocus: false}, setWindowRect: true, timeouts: {implicit: 0, pageLoad: 300000, script: 30000}, unhandledPromptBehavior: ignore}
Session ID: 00dfb010-b990-48e1-93fd-809859c0d4e6
	at sun.reflect.NativeConstructorAccessorImpl.newInstance0(Native Method)
	at sun.reflect.NativeConstructorAccessorImpl.newInstance(NativeConstructorAccessorImpl.java:62)
	at sun.reflect.DelegatingConstructorAccessorImpl.newInstance(DelegatingConstructorAccessorImpl.java:45)
	at java.lang.reflect.Constructor.newInstance(Constructor.java:423)
	at org.openqa.selenium.remote.http.W3CHttpResponseCodec.createException(W3CHttpResponseCodec.java:187)
	at org.openqa.selenium.remote.http.W3CHttpResponseCodec.decode(W3CHttpResponseCodec.java:122)
	at org.openqa.selenium.remote.http.W3CHttpResponseCodec.decode(W3CHttpResponseCodec.java:49)
	at org.openqa.selenium.remote.HttpCommandExecutor.execute(HttpCommandExecutor.java:160)
	at org.openqa.selenium.remote.service.DriverCommandExecutor.execute(DriverCommandExecutor.java:83)
	at org.openqa.selenium.remote.RemoteWebDriver.execute(RemoteWebDriver.java:601)
	at org.openqa.selenium.remote.RemoteWebDriver.execute(RemoteWebDriver.java:658)
	at org.openqa.selenium.ie.InternetExplorerDriver.getScreenshotAs(InternetExplorerDriver.java:235)
	at sun.reflect.NativeMethodAccessorImpl.invoke0(Native Method)
	at sun.reflect.NativeMethodAccessorImpl.invoke(NativeMethodAccessorImpl.java:62)
	at sun.reflect.DelegatingMethodAccessorImpl.invoke(DelegatingMethodAccessorImpl.java:43)
	at java.lang.reflect.Method.invoke(Method.java:498)
	at org.openqa.selenium.support.events.EventFiringWebDriver$2.invoke(EventFiringWebDriver.java:108)
	at com.sun.proxy.$Proxy8.getScreenshotAs(Unknown Source)
	at org.openqa.selenium.support.events.EventFiringWebDriver.getScreenshotAs(EventFiringWebDriver.java:291)
	at com.sinosoft.test.util.TestUtil.takeScreenshot(TestUtil.java:89)
	at com.sinosoft.testcases.fccb.TBGLTestCase.FCCB_TBCL(TBGLTestCase.java:130)
	at sun.reflect.NativeMethodAccessorImpl.invoke0(Native Method)
	at sun.reflect.NativeMethodAccessorImpl.invoke(NativeMethodAccessorImpl.java:62)
	at sun.reflect.DelegatingMethodAccessorImpl.invoke(DelegatingMethodAccessorImpl.java:43)
	at java.lang.reflect.Method.invoke(Method.java:498)
	at org.testng.internal.MethodInvocationHelper.invokeMethod(MethodInvocationHelper.java:108)
	at org.testng.internal.Invoker.invokeMethod(Invoker.java:661)
	at org.testng.internal.Invoker.invokeTestMethod(Invoker.java:869)
	at org.testng.internal.Invoker.invokeTestMethods(Invoker.java:1193)
	at org.testng.internal.TestMethodWorker.invokeTestMethods(TestMethodWorker.java:126)
	at org.testng.internal.TestMethodWorker.run(TestMethodWorker.java:109)
	at org.testng.TestRunner.privateRun(TestRunner.java:744)
	at org.testng.TestRunner.run(TestRunner.java:602)
	at org.testng.SuiteRunner.runTest(SuiteRunner.java:380)
	at org.testng.SuiteRunner.runSequentially(SuiteRunner.java:375)
	at org.testng.SuiteRunner.privateRun(SuiteRunner.java:340)
	at org.testng.SuiteRunner.run(SuiteRunner.java:289)
	at org.testng.SuiteRunnerWorker.runSuite(SuiteRunnerWorker.java:52)
	at org.testng.SuiteRunnerWorker.run(SuiteRunnerWorker.java:86)
	at org.testng.TestNG.runSuitesSequentially(TestNG.java:1301)
	at org.testng.TestNG.runSuitesLocally(TestNG.java:1226)
	at org.testng.TestNG.runSuites(TestNG.java:1144)
	at org.testng.TestNG.run(TestNG.java:1115)
	at org.apache.maven.surefire.testng.TestNGExecutor.run(TestNGExecutor.java:283)
	at org.apache.maven.surefire.testng.TestNGXmlTestSuite.execute(TestNGXmlTestSuite.java:75)
	at org.apache.maven.surefire.testng.TestNGProvider.invoke(TestNGProvider.java:120)
	at org.apache.maven.surefire.booter.ForkedBooter.invokeProviderInSameClassLoader(ForkedBooter.java:384)
	at org.apache.maven.surefire.booter.ForkedBooter.runSuitesInProcess(ForkedBooter.java:345)
	at org.apache.maven.surefire.booter.ForkedBooter.execute(ForkedBooter.java:126)
	at org.apache.maven.surefire.booter.ForkedBooter.main(ForkedBooter.java:418)
2020/07/14 14:21:47:644  INFO com.sinosoft.test.base.TestBase:133 - 执行测试用例发生了异常，截屏结束！
2020/07/14 14:21:47:647  INFO com.sinosoft.test.base.TestBase:136 - 进入Finally事件:RowID:2
2020/07/14 14:21:47:648  INFO com.sinosoft.test.base.TestBase:137 - 进入Finally事件:testCaseName:FCCB_TBCL
2020/07/14 14:21:47:649  INFO com.sinosoft.test.base.TestBase:138 - 进入Finally事件:proposalNumber:06201900101202000000000078
2020/07/14 14:21:47:650  INFO com.sinosoft.test.base.TestBase:139 - 进入Finally事件:message:未知异常Timed out after 10 seconds. Unable to locate the element
2020/07/14 14:21:47:651  INFO com.sinosoft.test.base.TestBase:140 - 进入Finally事件:screenshot:
2020/07/14 14:21:48:128 DEBUG freemarker.cache:45 - Couldn't find template in cache for "index.ftl"("en", UTF-8, parsed); will try to load it.
2020/07/14 14:21:48:132 DEBUG freemarker.cache:45 - TemplateLoader.findTemplateSource("index_en.ftl"): Not found
2020/07/14 14:21:48:135 DEBUG freemarker.cache:45 - TemplateLoader.findTemplateSource("index.ftl"): Found
2020/07/14 14:21:48:136 DEBUG freemarker.cache:45 - Loading template for "index.ftl"("en", UTF-8, parsed) from "jar:file:/C:/Users/liu-b/.m2/repository/com/aventstack/extentreports/3.1.3/extentreports-3.1.3.jar!/com/aventstack/extentreports/view/html-report/index.ftl"
2020/07/14 14:21:48:372 DEBUG freemarker.cache:45 - Couldn't find template in cache for "head.ftl"("en", UTF-8, parsed); will try to load it.
2020/07/14 14:21:48:374 DEBUG freemarker.cache:45 - TemplateLoader.findTemplateSource("head_en.ftl"): Not found
2020/07/14 14:21:48:375 DEBUG freemarker.cache:45 - TemplateLoader.findTemplateSource("head.ftl"): Found
2020/07/14 14:21:48:376 DEBUG freemarker.cache:45 - Loading template for "head.ftl"("en", UTF-8, parsed) from "jar:file:/C:/Users/liu-b/.m2/repository/com/aventstack/extentreports/3.1.3/extentreports-3.1.3.jar!/com/aventstack/extentreports/view/html-report/head.ftl"
2020/07/14 14:21:48:379 DEBUG freemarker.cache:45 - Couldn't find template in cache for "nav.ftl"("en", UTF-8, parsed); will try to load it.
2020/07/14 14:21:48:380 DEBUG freemarker.cache:45 - TemplateLoader.findTemplateSource("nav_en.ftl"): Not found
2020/07/14 14:21:48:382 DEBUG freemarker.cache:45 - TemplateLoader.findTemplateSource("nav.ftl"): Found
2020/07/14 14:21:48:383 DEBUG freemarker.cache:45 - Loading template for "nav.ftl"("en", UTF-8, parsed) from "jar:file:/C:/Users/liu-b/.m2/repository/com/aventstack/extentreports/3.1.3/extentreports-3.1.3.jar!/com/aventstack/extentreports/view/html-report/nav.ftl"
2020/07/14 14:21:48:392 DEBUG freemarker.cache:45 - Couldn't find template in cache for "test-view/test-view.ftl"("en", UTF-8, parsed); will try to load it.
2020/07/14 14:21:48:393 DEBUG freemarker.cache:45 - TemplateLoader.findTemplateSource("test-view/test-view_en.ftl"): Not found
2020/07/14 14:21:48:394 DEBUG freemarker.cache:45 - TemplateLoader.findTemplateSource("test-view/test-view.ftl"): Found
2020/07/14 14:21:48:394 DEBUG freemarker.cache:45 - Loading template for "test-view/test-view.ftl"("en", UTF-8, parsed) from "jar:file:/C:/Users/liu-b/.m2/repository/com/aventstack/extentreports/3.1.3/extentreports-3.1.3.jar!/com/aventstack/extentreports/view/html-report/test-view/test-view.ftl"
2020/07/14 14:21:48:403 DEBUG freemarker.cache:45 - Couldn't find template in cache for "test-view/test-view-charts.ftl"("en", UTF-8, parsed); will try to load it.
2020/07/14 14:21:48:404 DEBUG freemarker.cache:45 - TemplateLoader.findTemplateSource("test-view/test-view-charts_en.ftl"): Not found
2020/07/14 14:21:48:405 DEBUG freemarker.cache:45 - TemplateLoader.findTemplateSource("test-view/test-view-charts.ftl"): Found
2020/07/14 14:21:48:406 DEBUG freemarker.cache:45 - Loading template for "test-view/test-view-charts.ftl"("en", UTF-8, parsed) from "jar:file:/C:/Users/liu-b/.m2/repository/com/aventstack/extentreports/3.1.3/extentreports-3.1.3.jar!/com/aventstack/extentreports/view/html-report/test-view/test-view-charts.ftl"
2020/07/14 14:21:48:419 DEBUG freemarker.cache:45 - Couldn't find template in cache for "test-view/standard.ftl"("en", UTF-8, parsed); will try to load it.
2020/07/14 14:21:48:420 DEBUG freemarker.cache:45 - TemplateLoader.findTemplateSource("test-view/standard_en.ftl"): Not found
2020/07/14 14:21:48:422 DEBUG freemarker.cache:45 - TemplateLoader.findTemplateSource("test-view/standard.ftl"): Found
2020/07/14 14:21:48:423 DEBUG freemarker.cache:45 - Loading template for "test-view/standard.ftl"("en", UTF-8, parsed) from "jar:file:/C:/Users/liu-b/.m2/repository/com/aventstack/extentreports/3.1.3/extentreports-3.1.3.jar!/com/aventstack/extentreports/view/html-report/test-view/standard.ftl"
2020/07/14 14:21:48:437 DEBUG freemarker.cache:45 - Couldn't find template in cache for "category-view/category-view.ftl"("en", UTF-8, parsed); will try to load it.
2020/07/14 14:21:48:438 DEBUG freemarker.cache:45 - TemplateLoader.findTemplateSource("category-view/category-view_en.ftl"): Not found
2020/07/14 14:21:48:440 DEBUG freemarker.cache:45 - TemplateLoader.findTemplateSource("category-view/category-view.ftl"): Found
2020/07/14 14:21:48:440 DEBUG freemarker.cache:45 - Loading template for "category-view/category-view.ftl"("en", UTF-8, parsed) from "jar:file:/C:/Users/liu-b/.m2/repository/com/aventstack/extentreports/3.1.3/extentreports-3.1.3.jar!/com/aventstack/extentreports/view/html-report/category-view/category-view.ftl"
2020/07/14 14:21:48:444 DEBUG freemarker.cache:45 - Couldn't find template in cache for "author-view/author-view.ftl"("en", UTF-8, parsed); will try to load it.
2020/07/14 14:21:48:445 DEBUG freemarker.cache:45 - TemplateLoader.findTemplateSource("author-view/author-view_en.ftl"): Not found
2020/07/14 14:21:48:446 DEBUG freemarker.cache:45 - TemplateLoader.findTemplateSource("author-view/author-view.ftl"): Found
2020/07/14 14:21:48:447 DEBUG freemarker.cache:45 - Loading template for "author-view/author-view.ftl"("en", UTF-8, parsed) from "jar:file:/C:/Users/liu-b/.m2/repository/com/aventstack/extentreports/3.1.3/extentreports-3.1.3.jar!/com/aventstack/extentreports/view/html-report/author-view/author-view.ftl"
2020/07/14 14:21:48:452 DEBUG freemarker.cache:45 - Couldn't find template in cache for "exception-view/exception-view.ftl"("en", UTF-8, parsed); will try to load it.
2020/07/14 14:21:48:453 DEBUG freemarker.cache:45 - TemplateLoader.findTemplateSource("exception-view/exception-view_en.ftl"): Not found
2020/07/14 14:21:48:454 DEBUG freemarker.cache:45 - TemplateLoader.findTemplateSource("exception-view/exception-view.ftl"): Found
2020/07/14 14:21:48:455 DEBUG freemarker.cache:45 - Loading template for "exception-view/exception-view.ftl"("en", UTF-8, parsed) from "jar:file:/C:/Users/liu-b/.m2/repository/com/aventstack/extentreports/3.1.3/extentreports-3.1.3.jar!/com/aventstack/extentreports/view/html-report/exception-view/exception-view.ftl"
2020/07/14 14:21:48:462 DEBUG freemarker.cache:45 - Couldn't find template in cache for "dashboard-view/dashboard-view.ftl"("en", UTF-8, parsed); will try to load it.
2020/07/14 14:21:48:463 DEBUG freemarker.cache:45 - TemplateLoader.findTemplateSource("dashboard-view/dashboard-view_en.ftl"): Not found
2020/07/14 14:21:48:464 DEBUG freemarker.cache:45 - TemplateLoader.findTemplateSource("dashboard-view/dashboard-view.ftl"): Found
2020/07/14 14:21:48:465 DEBUG freemarker.cache:45 - Loading template for "dashboard-view/dashboard-view.ftl"("en", UTF-8, parsed) from "jar:file:/C:/Users/liu-b/.m2/repository/com/aventstack/extentreports/3.1.3/extentreports-3.1.3.jar!/com/aventstack/extentreports/view/html-report/dashboard-view/dashboard-view.ftl"
2020/07/14 14:21:48:471 DEBUG freemarker.cache:45 - Couldn't find template in cache for "logs-view/testrunner-logs-view.ftl"("en", UTF-8, parsed); will try to load it.
2020/07/14 14:21:48:473 DEBUG freemarker.cache:45 - TemplateLoader.findTemplateSource("logs-view/testrunner-logs-view_en.ftl"): Not found
2020/07/14 14:21:48:474 DEBUG freemarker.cache:45 - TemplateLoader.findTemplateSource("logs-view/testrunner-logs-view.ftl"): Found
2020/07/14 14:21:48:475 DEBUG freemarker.cache:45 - Loading template for "logs-view/testrunner-logs-view.ftl"("en", UTF-8, parsed) from "jar:file:/C:/Users/liu-b/.m2/repository/com/aventstack/extentreports/3.1.3/extentreports-3.1.3.jar!/com/aventstack/extentreports/view/html-report/logs-view/testrunner-logs-view.ftl"
2020/07/14 14:22:14:622  INFO com.sinosoft.test.base.TestBase:59 - 配置文件路径：config.properties
2020/07/14 14:22:14:627 DEBUG com.sinosoft.test.base.TestBase:69 - 初始化class com.sinosoft.testcases.fccb.TBGLTestCase
2020/07/14 14:22:14:693 DEBUG com.sinosoft.test.base.TestBase:69 - 初始化class com.sinosoft.test.util.ExcelDataProvider
2020/07/14 14:22:15:636  INFO com.sinosoft.test.base.TestBase:80 - 当前文件里面一共有数据：4
2020/07/14 14:22:15:688  INFO com.sinosoft.test.base.TestBase:91 - start InternetExplorerDriver
2020/07/14 14:22:18:538 DEBUG com.sinosoft.test.base.TestBase:69 - 初始化class com.sinosoft.test.util.WebEventListener
2020/07/14 14:22:18:560  INFO com.sinosoft.test.base.TestBase:83 - 开始运行测试脚本，获取到的测试数据《getTBCLTestData》如下:
2020/07/14 14:22:18:561  INFO com.sinosoft.test.base.TestBase:84 - ROW_ID=2
ProcessFlag=Y
TestCaseName=FCCB_TB_JCX
TestCaseSeq=1
TestDescription=非车承保企财险-财产基本险-出单
riskClass=01
riskCode=0101
renewalInd=0
renewalPolicy=
prePay=
carrayOver=
carrayOverPolicy=
relatedInd=
relatedPolicy=
fbbs=
ywgs=01620190
qdlx=01
gdbs=0
xstd=T6201900101
ywy=S000000006
ywly=01010101
dljg=
xsxy=
cxywbs=HXXT
cdjg=
htzyjjfs=
jnwbz=
jw_country=
jw_Addr=
snbz=
sftkbd=0
sfdzbd=0
sfxb=0
fxqkyjytz=
sfydyw=
sfsn=
xbbdh=
tbr_lx=2
tbr_mc=
tbr_vip=
tbr_dm=G6200019984
tbr_zjlx=
tbr_zjhm=
tbr_sj=
tbr_csrq=
tbr_lxdz=
tbr_dwdh=010-67549095-456
lxr_xm=
lxr_xb=
lxr_zw=
lxr_sj=
lxr_yx=
xzsyfw=1
tqmc=
qbrq=
zbrq=
lgbbz=1
yyzdbz=1
sfgxdm=1
cbdq=
zzfwlx=0
hydl=12
hyxl=12006
jqbm=121121123123
bbdm=CNY
sf=130000
cs=130300
qx=130302
yb=065201
jzdj=01
bxcs=北戴河公园
bdw_jd=金融街街道
bdw_yyxz=
bdw_sfhyf=
bdw_fxlx=
bdw_sbmc=
bdw_cjh=
bdw_fdjh=
bdw_cjdjrq=
bdw_cllx=
bdw_cpcx=
bdw_sccj=
bdw_gzjz=
bdw_sgzyqy=
bdw_zylx=
bdw=010001
bdwmx=碣石公园礁石群
xbdm=0101001
jrbe=1
jzfs=10
bxje=2000000
bffl=0.5
dqflbz=2
ysbf=400
yyzd_zdpcg=24
yyzd_sndmlrze=6000000
yyzd_sndyye=20000000
yyzd_bdw=010056
yyzd_bdwmx=
yyzd_xbdm=0105001
yyzd_jrbe=1
yyzd_jzfs=18
yyzd_bxje=200000
yyzd_bffl=3
yyzd_dqflbz=3
yyzd_ysbf=4000
fsh=6
xsfdj=B
xsfxs=2
jgx_sf=
jgx_cs=
jgx_qx=
jgx_gcdd=
jgx_bb=
jgx_gcmc=
jgx_gclx_1=
jgx_gclx_2=
jgx_gclx_3=
jgx_gclx_4=
jgx_gclx_5=
jgx_gclx_6=
jgx_yzssjt=
jgx_yz=
jgx_cbs_ssjt=
jgx_cbs=
jgx_gchth=
jgx_gcjz=
jgx_gcqsrq=
jgx_gczzrq=
jgx_gcfw=
jgx_scqqsrq=
jgx_scqzzrq=
jgx_bzqqsrq=
jgx_bzqzzrq=
jgx_ws_xmlbdm=
jgx_ws_jrbe=
jgx_ws_bxje=
jgx_ws_fl=
jgx_ws_dqflbz=
jgx_ws_ysbf=
jgx_sz_xbdm=
jgx_sz_jrbe=
jgx_sz_ljpcxe=
jgx_sz_fv=
jgx_sz_dqflbz=
jgx_sz_ysbf=
proposalNumber=06201900101202000000000078
message=未知异常Timed out after 10 seconds. Unable to locate the element
screenshot=
testCaseName=FCCB_TBCL

2020/07/14 14:22:18:565 DEBUG com.sinosoft.test.base.TestBase:69 - 初始化class com.sinosoft.test.fccp.common.LoginPage
2020/07/14 14:22:23:596 DEBUG com.sinosoft.test.base.TestBase:26 - Before navigating to: 'http://tvfchxyw.ypic.cn'
2020/07/14 14:22:24:275 DEBUG com.sinosoft.test.base.TestBase:30 - Navigated to:'http://tvfchxyw.ypic.cn'
2020/07/14 14:22:24:276 DEBUG com.sinosoft.test.base.TestBase:76 - Trying to find Element By : By.id: username
2020/07/14 14:22:24:555 DEBUG com.sinosoft.test.base.TestBase:80 - Found Element By : By.id: username
2020/07/14 14:22:24:564  INFO com.sinosoft.test.base.TestBase:360 - setEditboxValue:[[InternetExplorerDriver: internet explorer on WINDOWS (4bf77cb9-25e9-49b0-8121-97182b7f26de)] -> id: username]：policy1@ypic
2020/07/14 14:22:24:564 DEBUG com.sinosoft.test.base.TestBase:76 - Trying to find Element By : By.id: username
2020/07/14 14:22:24:832 DEBUG com.sinosoft.test.base.TestBase:80 - Found Element By : By.id: username
2020/07/14 14:22:25:385 DEBUG com.sinosoft.test.base.TestBase:76 - Trying to find Element By : By.id: username
2020/07/14 14:22:25:604 DEBUG com.sinosoft.test.base.TestBase:80 - Found Element By : By.id: username
2020/07/14 14:22:26:224 DEBUG com.sinosoft.test.base.TestBase:76 - Trying to find Element By : By.id: username
2020/07/14 14:22:26:475 DEBUG com.sinosoft.test.base.TestBase:80 - Found Element By : By.id: username
2020/07/14 14:22:26:476  INFO com.sinosoft.test.base.TestBase:363 - setEditboxValue—End:[[InternetExplorerDriver: internet explorer on WINDOWS (4bf77cb9-25e9-49b0-8121-97182b7f26de)] -> id: username]：policy1@ypic
2020/07/14 14:22:26:477 DEBUG com.sinosoft.test.base.TestBase:76 - Trying to find Element By : By.id: password
2020/07/14 14:22:26:717 DEBUG com.sinosoft.test.base.TestBase:80 - Found Element By : By.id: password
2020/07/14 14:22:26:719  INFO com.sinosoft.test.base.TestBase:360 - setEditboxValue:[[InternetExplorerDriver: internet explorer on WINDOWS (4bf77cb9-25e9-49b0-8121-97182b7f26de)] -> id: password]：ypic@1234
2020/07/14 14:22:26:720 DEBUG com.sinosoft.test.base.TestBase:76 - Trying to find Element By : By.id: password
2020/07/14 14:22:26:930 DEBUG com.sinosoft.test.base.TestBase:80 - Found Element By : By.id: password
2020/07/14 14:22:27:414 DEBUG com.sinosoft.test.base.TestBase:76 - Trying to find Element By : By.id: password
2020/07/14 14:22:27:670 DEBUG com.sinosoft.test.base.TestBase:80 - Found Element By : By.id: password
2020/07/14 14:22:28:185 DEBUG com.sinosoft.test.base.TestBase:76 - Trying to find Element By : By.id: password
2020/07/14 14:22:28:421 DEBUG com.sinosoft.test.base.TestBase:80 - Found Element By : By.id: password
2020/07/14 14:22:28:422  INFO com.sinosoft.test.base.TestBase:363 - setEditboxValue—End:[[InternetExplorerDriver: internet explorer on WINDOWS (4bf77cb9-25e9-49b0-8121-97182b7f26de)] -> id: password]：ypic@1234
2020/07/14 14:22:28:422 DEBUG com.sinosoft.test.base.TestBase:76 - Trying to find Element By : By.id: bt_submit
2020/07/14 14:22:28:677 DEBUG com.sinosoft.test.base.TestBase:80 - Found Element By : By.id: bt_submit
2020/07/14 14:22:28:677  INFO com.sinosoft.test.base.TestBase:402 - clickButton:[[InternetExplorerDriver: internet explorer on WINDOWS (4bf77cb9-25e9-49b0-8121-97182b7f26de)] -> id: bt_submit]
2020/07/14 14:22:28:678 DEBUG com.sinosoft.test.base.TestBase:76 - Trying to find Element By : By.id: bt_submit
2020/07/14 14:22:28:957 DEBUG com.sinosoft.test.base.TestBase:80 - Found Element By : By.id: bt_submit
2020/07/14 14:22:28:957 DEBUG com.sinosoft.test.base.TestBase:42 - Trying to click on: [[InternetExplorerDriver: internet explorer on WINDOWS (4bf77cb9-25e9-49b0-8121-97182b7f26de)] -> id: bt_submit]
2020/07/14 14:22:31:635 DEBUG com.sinosoft.test.base.TestBase:46 - Clicked on: [[InternetExplorerDriver: internet explorer on WINDOWS (4bf77cb9-25e9-49b0-8121-97182b7f26de)] -> id: bt_submit]
2020/07/14 14:22:31:645 DEBUG com.sinosoft.test.base.TestBase:76 - Trying to find Element By : By.xpath: //input[@value='继续登录']
2020/07/14 14:22:33:909 DEBUG com.sinosoft.test.base.TestBase:66 - 系统自动捕获异常：Exception occured: org.openqa.selenium.NoSuchElementException: Unable to find element with xpath == //input[@value='继续登录']
For documentation on this error, please visit: http://seleniumhq.org/exceptions/no_such_element.html
Build info: version: '3.9.0', revision: '698b3178f0', time: '2018-02-05T14:26:55.441Z'
System info: host: 'DESKTOP-I9S3ABE', ip: '100.100.99.142', os.name: 'Windows 10', os.arch: 'amd64', os.version: '10.0', java.version: '1.8.0_101'
Driver info: org.openqa.selenium.ie.InternetExplorerDriver
Capabilities {acceptInsecureCerts: false, browserName: internet explorer, browserVersion: 11, javascriptEnabled: true, pageLoadStrategy: normal, platform: WINDOWS, platformName: WINDOWS, proxy: Proxy(), se:ieOptions: {browserAttachTimeout: 0, elementScrollBehavior: 0, enablePersistentHover: true, ie.browserCommandLineSwitches: , ie.ensureCleanSession: false, ie.fileUploadDialogTimeout: 3000, ie.forceCreateProcessApi: false, ignoreProtectedModeSettings: true, ignoreZoomSetting: false, initialBrowserUrl: http://localhost:18381/, nativeEvents: true, requireWindowFocus: false}, setWindowRect: true, timeouts: {implicit: 0, pageLoad: 300000, script: 30000}, unhandledPromptBehavior: ignore}
Session ID: 4bf77cb9-25e9-49b0-8121-97182b7f26de
*** Element info: {Using=xpath, value=//input[@value='继续登录']}
2020/07/14 14:22:33:914  INFO com.sinosoft.test.base.TestBase:68 - 异常的message 是：Unable to find element with xpath == //input[@value='继续登录']
For documentation on this error, please visit: http://seleniumhq.org/exceptions/no_such_element.html
Build info: version: '3.9.0', revision: '698b3178f0', time: '2018-02-05T14:26:55.441Z'
System info: host: 'DESKTOP-I9S3ABE', ip: '100.100.99.142', os.name: 'Windows 10', os.arch: 'amd64', os.version: '10.0', java.version: '1.8.0_101'
Driver info: org.openqa.selenium.ie.InternetExplorerDriver
Capabilities {acceptInsecureCerts: false, browserName: internet explorer, browserVersion: 11, javascriptEnabled: true, pageLoadStrategy: normal, platform: WINDOWS, platformName: WINDOWS, proxy: Proxy(), se:ieOptions: {browserAttachTimeout: 0, elementScrollBehavior: 0, enablePersistentHover: true, ie.browserCommandLineSwitches: , ie.ensureCleanSession: false, ie.fileUploadDialogTimeout: 3000, ie.forceCreateProcessApi: false, ignoreProtectedModeSettings: true, ignoreZoomSetting: false, initialBrowserUrl: http://localhost:18381/, nativeEvents: true, requireWindowFocus: false}, setWindowRect: true, timeouts: {implicit: 0, pageLoad: 300000, script: 30000}, unhandledPromptBehavior: ignore}
Session ID: 4bf77cb9-25e9-49b0-8121-97182b7f26de
*** Element info: {Using=xpath, value=//input[@value='继续登录']}
2020/07/14 14:22:33:917  INFO com.sinosoft.test.base.TestBase:198 - 没有找到页面元素:By.xpath: //input[@value='继续登录'] - 错误信息Expected condition failed: waiting for com.sinosoft.test.base.TestBase$1@561868a0 (tried for 2 second(s) with 500 MILLISECONDS interval)
2020/07/14 14:22:33:918  INFO com.sinosoft.test.base.TestBase:77 - 常规登录，没有继续登录按钮
2020/07/14 14:22:33:919 DEBUG com.sinosoft.test.base.TestBase:69 - 初始化class com.sinosoft.test.fccp.common.HomePage
2020/07/14 14:22:34:614 DEBUG com.sinosoft.test.base.TestBase:76 - Trying to find Element By : By.linkText: 承保子系统
2020/07/14 14:22:34:702 DEBUG com.sinosoft.test.base.TestBase:80 - Found Element By : By.linkText: 承保子系统
2020/07/14 14:22:34:703  INFO com.sinosoft.test.base.TestBase:144 - RunJavaScript:[[InternetExplorerDriver: internet explorer on WINDOWS (4bf77cb9-25e9-49b0-8121-97182b7f26de)] -> link text: 承保子系统]	arguments[0].click();
2020/07/14 14:22:35:288 DEBUG com.sinosoft.test.base.TestBase:76 - Trying to find Element By : By.linkText: 投保管理
2020/07/14 14:22:35:455 DEBUG com.sinosoft.test.base.TestBase:80 - Found Element By : By.linkText: 投保管理
2020/07/14 14:22:35:456  INFO com.sinosoft.test.base.TestBase:144 - RunJavaScript:[[InternetExplorerDriver: internet explorer on WINDOWS (4bf77cb9-25e9-49b0-8121-97182b7f26de)] -> link text: 投保管理]	arguments[0].click();
2020/07/14 14:22:35:816 DEBUG com.sinosoft.test.base.TestBase:76 - Trying to find Element By : By.linkText: 投保处理
2020/07/14 14:22:35:902 DEBUG com.sinosoft.test.base.TestBase:80 - Found Element By : By.linkText: 投保处理
2020/07/14 14:22:35:903  INFO com.sinosoft.test.base.TestBase:144 - RunJavaScript:[[InternetExplorerDriver: internet explorer on WINDOWS (4bf77cb9-25e9-49b0-8121-97182b7f26de)] -> link text: 投保处理]	arguments[0].click();
2020/07/14 14:22:36:165 DEBUG com.sinosoft.test.base.TestBase:69 - 初始化class com.sinosoft.test.fccp.tbcl.RiskSelectPage
2020/07/14 14:22:36:815 DEBUG com.sinosoft.test.base.TestBase:93 - 投保处理/险种选择
2020/07/14 14:22:36:817 DEBUG com.sinosoft.test.base.TestBase:76 - Trying to find Element By : By.name: riskClassTemp
2020/07/14 14:22:36:904 DEBUG com.sinosoft.test.base.TestBase:80 - Found Element By : By.name: riskClassTemp
2020/07/14 14:22:36:954 DEBUG com.sinosoft.test.base.TestBase:76 - Trying to find Element By : By.name: riskClassTemp
2020/07/14 14:22:37:047 DEBUG com.sinosoft.test.base.TestBase:80 - Found Element By : By.name: riskClassTemp
2020/07/14 14:22:37:048 DEBUG com.sinosoft.test.base.TestBase:63 - SetCodeEditBox:开始设置:[[InternetExplorerDriver: internet explorer on WINDOWS (4bf77cb9-25e9-49b0-8121-97182b7f26de)] -> name: riskClassTemp] & Code=01
2020/07/14 14:22:37:049 DEBUG com.sinosoft.test.base.TestBase:76 - Trying to find Element By : By.name: riskClassTemp
2020/07/14 14:22:37:131 DEBUG com.sinosoft.test.base.TestBase:80 - Found Element By : By.name: riskClassTemp
2020/07/14 14:22:37:466 DEBUG com.sinosoft.test.base.TestBase:76 - Trying to find Element By : By.name: riskClassTemp
2020/07/14 14:22:37:543 DEBUG com.sinosoft.test.base.TestBase:80 - Found Element By : By.name: riskClassTemp
2020/07/14 14:22:38:189 DEBUG com.sinosoft.test.base.TestBase:76 - Trying to find Element By : By.name: riskClassTemp
2020/07/14 14:22:38:282 DEBUG com.sinosoft.test.base.TestBase:80 - Found Element By : By.name: riskClassTemp
2020/07/14 14:22:38:282 DEBUG com.sinosoft.test.base.TestBase:76 - Trying to find Element By : By.xpath: ../input[last()]
2020/07/14 14:22:38:397 DEBUG com.sinosoft.test.base.TestBase:80 - Found Element By : By.xpath: ../input[last()]
2020/07/14 14:22:38:579  INFO com.sinosoft.test.base.TestBase:71 - SetCodeEditBox:找到了Code对应的文本显示框并点击触发显示:riskClassName
2020/07/14 14:22:38:579 DEBUG com.sinosoft.test.base.TestBase:42 - Trying to click on: [[[[InternetExplorerDriver: internet explorer on WINDOWS (4bf77cb9-25e9-49b0-8121-97182b7f26de)] -> name: riskClassTemp]] -> xpath: ../input[last()]]
2020/07/14 14:22:39:610 DEBUG com.sinosoft.test.base.TestBase:46 - Clicked on: [[[[InternetExplorerDriver: internet explorer on WINDOWS (4bf77cb9-25e9-49b0-8121-97182b7f26de)] -> name: riskClassTemp]] -> xpath: ../input[last()]]
2020/07/14 14:22:39:811 DEBUG com.sinosoft.test.base.TestBase:76 - Trying to find Element By : By.name: riskClassTemp
2020/07/14 14:22:39:920 DEBUG com.sinosoft.test.base.TestBase:80 - Found Element By : By.name: riskClassTemp
2020/07/14 14:22:39:921 DEBUG com.sinosoft.test.base.TestBase:87 - SetCodeEditBox:设置完毕[[InternetExplorerDriver: internet explorer on WINDOWS (4bf77cb9-25e9-49b0-8121-97182b7f26de)] -> name: riskClassTemp],设置值 Code=01
2020/07/14 14:22:39:921 DEBUG com.sinosoft.test.base.TestBase:76 - Trying to find Element By : By.name: riskCode
2020/07/14 14:22:39:992 DEBUG com.sinosoft.test.base.TestBase:80 - Found Element By : By.name: riskCode
2020/07/14 14:22:40:044 DEBUG com.sinosoft.test.base.TestBase:76 - Trying to find Element By : By.name: riskCode
2020/07/14 14:22:40:144 DEBUG com.sinosoft.test.base.TestBase:80 - Found Element By : By.name: riskCode
2020/07/14 14:22:40:146 DEBUG com.sinosoft.test.base.TestBase:63 - SetCodeEditBox:开始设置:[[InternetExplorerDriver: internet explorer on WINDOWS (4bf77cb9-25e9-49b0-8121-97182b7f26de)] -> name: riskCode] & Code=0101
2020/07/14 14:22:40:147 DEBUG com.sinosoft.test.base.TestBase:76 - Trying to find Element By : By.name: riskCode
2020/07/14 14:22:40:219 DEBUG com.sinosoft.test.base.TestBase:80 - Found Element By : By.name: riskCode
2020/07/14 14:22:40:581 DEBUG com.sinosoft.test.base.TestBase:76 - Trying to find Element By : By.name: riskCode
2020/07/14 14:22:40:653 DEBUG com.sinosoft.test.base.TestBase:80 - Found Element By : By.name: riskCode
2020/07/14 14:22:41:265 DEBUG com.sinosoft.test.base.TestBase:76 - Trying to find Element By : By.name: riskCode
2020/07/14 14:22:41:361 DEBUG com.sinosoft.test.base.TestBase:80 - Found Element By : By.name: riskCode
2020/07/14 14:22:41:362 DEBUG com.sinosoft.test.base.TestBase:76 - Trying to find Element By : By.xpath: ../input[last()]
2020/07/14 14:22:41:434 DEBUG com.sinosoft.test.base.TestBase:80 - Found Element By : By.xpath: ../input[last()]
2020/07/14 14:22:41:626  INFO com.sinosoft.test.base.TestBase:71 - SetCodeEditBox:找到了Code对应的文本显示框并点击触发显示:riskName
2020/07/14 14:22:41:626 DEBUG com.sinosoft.test.base.TestBase:42 - Trying to click on: [[[[InternetExplorerDriver: internet explorer on WINDOWS (4bf77cb9-25e9-49b0-8121-97182b7f26de)] -> name: riskCode]] -> xpath: ../input[last()]]
2020/07/14 14:22:42:851 DEBUG com.sinosoft.test.base.TestBase:46 - Clicked on: [[[[InternetExplorerDriver: internet explorer on WINDOWS (4bf77cb9-25e9-49b0-8121-97182b7f26de)] -> name: riskCode]] -> xpath: ../input[last()]]
2020/07/14 14:22:43:054 DEBUG com.sinosoft.test.base.TestBase:76 - Trying to find Element By : By.name: riskCode
2020/07/14 14:22:43:114 DEBUG com.sinosoft.test.base.TestBase:80 - Found Element By : By.name: riskCode
2020/07/14 14:22:43:115 DEBUG com.sinosoft.test.base.TestBase:87 - SetCodeEditBox:设置完毕[[InternetExplorerDriver: internet explorer on WINDOWS (4bf77cb9-25e9-49b0-8121-97182b7f26de)] -> name: riskCode],设置值 Code=0101
2020/07/14 14:22:43:116 DEBUG com.sinosoft.test.base.TestBase:76 - Trying to find Element By : By.name: renewInd
2020/07/14 14:22:43:262 DEBUG com.sinosoft.test.base.TestBase:80 - Found Element By : By.name: renewInd
2020/07/14 14:22:43:263  INFO com.sinosoft.test.base.TestBase:321 - setEditboxTValue:[[[InternetExplorerDriver: internet explorer on WINDOWS (4bf77cb9-25e9-49b0-8121-97182b7f26de)] -> name: renewInd], [[InternetExplorerDriver: internet explorer on WINDOWS (4bf77cb9-25e9-49b0-8121-97182b7f26de)] -> name: renewInd]]：0
2020/07/14 14:22:43:263 DEBUG com.sinosoft.test.base.TestBase:76 - Trying to find Element By : By.name: renewInd
2020/07/14 14:22:43:374 DEBUG com.sinosoft.test.base.TestBase:80 - Found Element By : By.name: renewInd
2020/07/14 14:22:43:538 DEBUG com.sinosoft.test.base.TestBase:76 - Trying to find Element By : By.name: buttonNextStep
2020/07/14 14:22:43:626 DEBUG com.sinosoft.test.base.TestBase:80 - Found Element By : By.name: buttonNextStep
2020/07/14 14:22:43:627  INFO com.sinosoft.test.base.TestBase:402 - clickButton:[[InternetExplorerDriver: internet explorer on WINDOWS (4bf77cb9-25e9-49b0-8121-97182b7f26de)] -> name: buttonNextStep]
2020/07/14 14:22:43:627 DEBUG com.sinosoft.test.base.TestBase:42 - Trying to click on: [[InternetExplorerDriver: internet explorer on WINDOWS (4bf77cb9-25e9-49b0-8121-97182b7f26de)] -> name: buttonNextStep]
2020/07/14 14:22:46:919 DEBUG com.sinosoft.test.base.TestBase:46 - Clicked on: [[InternetExplorerDriver: internet explorer on WINDOWS (4bf77cb9-25e9-49b0-8121-97182b7f26de)] -> name: buttonNextStep]
2020/07/14 14:22:46:922 DEBUG com.sinosoft.test.base.TestBase:69 - 初始化class com.sinosoft.test.fccp.tbcl.BasicInfoPage
2020/07/14 14:22:49:818 DEBUG com.sinosoft.test.base.TestBase:322 - 投保处理/基本信息
2020/07/14 14:22:49:819 DEBUG com.sinosoft.test.base.TestBase:76 - Trying to find Element By : By.name: GuMainBusinessType
2020/07/14 14:22:49:913 DEBUG com.sinosoft.test.base.TestBase:80 - Found Element By : By.name: GuMainBusinessType
2020/07/14 14:22:49:916  INFO com.sinosoft.test.base.TestBase:96 - setSelectWithStartText:[[InternetExplorerDriver: internet explorer on WINDOWS (4bf77cb9-25e9-49b0-8121-97182b7f26de)] -> name: GuMainBusinessType]->
2020/07/14 14:22:49:918 DEBUG com.sinosoft.test.base.TestBase:76 - Trying to find Element By : By.name: GuMainCompanyCode
2020/07/14 14:22:50:016 DEBUG com.sinosoft.test.base.TestBase:80 - Found Element By : By.name: GuMainCompanyCode
2020/07/14 14:22:50:068 DEBUG com.sinosoft.test.base.TestBase:76 - Trying to find Element By : By.name: GuMainCompanyCode
2020/07/14 14:22:50:177 DEBUG com.sinosoft.test.base.TestBase:80 - Found Element By : By.name: GuMainCompanyCode
2020/07/14 14:22:50:177 DEBUG com.sinosoft.test.base.TestBase:63 - SetCodeEditBox:开始设置:[[InternetExplorerDriver: internet explorer on WINDOWS (4bf77cb9-25e9-49b0-8121-97182b7f26de)] -> name: GuMainCompanyCode] & Code=01620190
2020/07/14 14:22:50:178 DEBUG com.sinosoft.test.base.TestBase:76 - Trying to find Element By : By.name: GuMainCompanyCode
2020/07/14 14:22:50:288 DEBUG com.sinosoft.test.base.TestBase:80 - Found Element By : By.name: GuMainCompanyCode
2020/07/14 14:22:50:706 DEBUG com.sinosoft.test.base.TestBase:76 - Trying to find Element By : By.name: GuMainCompanyCode
2020/07/14 14:22:50:844 DEBUG com.sinosoft.test.base.TestBase:80 - Found Element By : By.name: GuMainCompanyCode
2020/07/14 14:22:52:052 DEBUG com.sinosoft.test.base.TestBase:76 - Trying to find Element By : By.name: GuMainCompanyCode
2020/07/14 14:22:52:195 DEBUG com.sinosoft.test.base.TestBase:80 - Found Element By : By.name: GuMainCompanyCode
2020/07/14 14:22:52:196 DEBUG com.sinosoft.test.base.TestBase:76 - Trying to find Element By : By.xpath: ../input[last()]
2020/07/14 14:22:52:293 DEBUG com.sinosoft.test.base.TestBase:80 - Found Element By : By.xpath: ../input[last()]
2020/07/14 14:22:52:493  INFO com.sinosoft.test.base.TestBase:71 - SetCodeEditBox:找到了Code对应的文本显示框并点击触发显示:GuMainCompanyName
2020/07/14 14:22:52:493 DEBUG com.sinosoft.test.base.TestBase:42 - Trying to click on: [[[[InternetExplorerDriver: internet explorer on WINDOWS (4bf77cb9-25e9-49b0-8121-97182b7f26de)] -> name: GuMainCompanyCode]] -> xpath: ../input[last()]]
2020/07/14 14:22:53:730 DEBUG com.sinosoft.test.base.TestBase:46 - Clicked on: [[[[InternetExplorerDriver: internet explorer on WINDOWS (4bf77cb9-25e9-49b0-8121-97182b7f26de)] -> name: GuMainCompanyCode]] -> xpath: ../input[last()]]
2020/07/14 14:22:53:932 DEBUG com.sinosoft.test.base.TestBase:76 - Trying to find Element By : By.name: GuMainCompanyCode
2020/07/14 14:22:54:016 DEBUG com.sinosoft.test.base.TestBase:80 - Found Element By : By.name: GuMainCompanyCode
2020/07/14 14:22:54:017 DEBUG com.sinosoft.test.base.TestBase:87 - SetCodeEditBox:设置完毕[[InternetExplorerDriver: internet explorer on WINDOWS (4bf77cb9-25e9-49b0-8121-97182b7f26de)] -> name: GuMainCompanyCode],设置值 Code=01620190
2020/07/14 14:22:54:017 DEBUG com.sinosoft.test.base.TestBase:76 - Trying to find Element By : By.name: GuMainChannelDetailCode
2020/07/14 14:22:54:115 DEBUG com.sinosoft.test.base.TestBase:80 - Found Element By : By.name: GuMainChannelDetailCode
2020/07/14 14:22:54:155 DEBUG com.sinosoft.test.base.TestBase:76 - Trying to find Element By : By.name: GuMainChannelDetailCode
2020/07/14 14:22:54:332 DEBUG com.sinosoft.test.base.TestBase:80 - Found Element By : By.name: GuMainChannelDetailCode
2020/07/14 14:22:54:332 DEBUG com.sinosoft.test.base.TestBase:63 - SetCodeEditBox:开始设置:[[InternetExplorerDriver: internet explorer on WINDOWS (4bf77cb9-25e9-49b0-8121-97182b7f26de)] -> name: GuMainChannelDetailCode] & Code=01
2020/07/14 14:22:54:333 DEBUG com.sinosoft.test.base.TestBase:76 - Trying to find Element By : By.name: GuMainChannelDetailCode
2020/07/14 14:22:54:430 DEBUG com.sinosoft.test.base.TestBase:80 - Found Element By : By.name: GuMainChannelDetailCode
2020/07/14 14:22:54:863 DEBUG com.sinosoft.test.base.TestBase:76 - Trying to find Element By : By.name: GuMainChannelDetailCode
2020/07/14 14:22:54:982 DEBUG com.sinosoft.test.base.TestBase:80 - Found Element By : By.name: GuMainChannelDetailCode
2020/07/14 14:22:55:699 DEBUG com.sinosoft.test.base.TestBase:76 - Trying to find Element By : By.name: GuMainChannelDetailCode
2020/07/14 14:22:55:780 DEBUG com.sinosoft.test.base.TestBase:80 - Found Element By : By.name: GuMainChannelDetailCode
2020/07/14 14:22:55:781 DEBUG com.sinosoft.test.base.TestBase:76 - Trying to find Element By : By.xpath: ../input[last()]
2020/07/14 14:22:55:876 DEBUG com.sinosoft.test.base.TestBase:80 - Found Element By : By.xpath: ../input[last()]
2020/07/14 14:22:56:073  INFO com.sinosoft.test.base.TestBase:71 - SetCodeEditBox:找到了Code对应的文本显示框并点击触发显示:GuMainChannelDetailName
2020/07/14 14:22:56:074 DEBUG com.sinosoft.test.base.TestBase:42 - Trying to click on: [[[[InternetExplorerDriver: internet explorer on WINDOWS (4bf77cb9-25e9-49b0-8121-97182b7f26de)] -> name: GuMainChannelDetailCode]] -> xpath: ../input[last()]]
2020/07/14 14:22:57:270 DEBUG com.sinosoft.test.base.TestBase:46 - Clicked on: [[[[InternetExplorerDriver: internet explorer on WINDOWS (4bf77cb9-25e9-49b0-8121-97182b7f26de)] -> name: GuMainChannelDetailCode]] -> xpath: ../input[last()]]
2020/07/14 14:22:57:471 DEBUG com.sinosoft.test.base.TestBase:76 - Trying to find Element By : By.name: GuMainChannelDetailCode
2020/07/14 14:22:57:568 DEBUG com.sinosoft.test.base.TestBase:80 - Found Element By : By.name: GuMainChannelDetailCode
2020/07/14 14:22:57:569 DEBUG com.sinosoft.test.base.TestBase:87 - SetCodeEditBox:设置完毕[[InternetExplorerDriver: internet explorer on WINDOWS (4bf77cb9-25e9-49b0-8121-97182b7f26de)] -> name: GuMainChannelDetailCode],设置值 Code=01
2020/07/14 14:22:57:569 DEBUG com.sinosoft.test.base.TestBase:76 - Trying to find Element By : By.name: GuMainShareHolderFlag
2020/07/14 14:22:57:695 DEBUG com.sinosoft.test.base.TestBase:80 - Found Element By : By.name: GuMainShareHolderFlag
2020/07/14 14:22:57:734 DEBUG com.sinosoft.test.base.TestBase:76 - Trying to find Element By : By.name: GuMainShareHolderFlag
2020/07/14 14:22:57:881 DEBUG com.sinosoft.test.base.TestBase:80 - Found Element By : By.name: GuMainShareHolderFlag
2020/07/14 14:22:57:881 DEBUG com.sinosoft.test.base.TestBase:42 - CodeSelect:开始设置[[InternetExplorerDriver: internet explorer on WINDOWS (4bf77cb9-25e9-49b0-8121-97182b7f26de)] -> name: GuMainShareHolderFlag] & Code=0
2020/07/14 14:22:57:898 DEBUG com.sinosoft.test.base.TestBase:76 - Trying to find Element By : By.name: GuMainShareHolderFlag
2020/07/14 14:22:57:970 DEBUG com.sinosoft.test.base.TestBase:80 - Found Element By : By.name: GuMainShareHolderFlag
2020/07/14 14:22:59:546 DEBUG com.sinosoft.test.base.TestBase:272 - 系统窗口【黄河财险业务系统】with handle -24010e72-8c9b-419f-b407-9aaab12d717a
2020/07/14 14:23:00:709 DEBUG com.sinosoft.test.base.TestBase:272 - 系统窗口【Code Select】with handle -396569fa-d4c6-497b-987e-36efd5c24d2f
2020/07/14 14:23:01:245 DEBUG com.sinosoft.test.base.TestBase:69 - 初始化class com.sinosoft.test.fccp.common.CodeSelectPage
2020/07/14 14:23:01:249 DEBUG com.sinosoft.test.base.TestBase:39 - 基础码表选择！
2020/07/14 14:23:01:249 DEBUG com.sinosoft.test.base.TestBase:76 - Trying to find Element By : By.name: fieldValue
2020/07/14 14:23:01:584 DEBUG com.sinosoft.test.base.TestBase:80 - Found Element By : By.name: fieldValue
2020/07/14 14:23:01:585  INFO com.sinosoft.test.base.TestBase:360 - setEditboxValue:[[InternetExplorerDriver: internet explorer on WINDOWS (4bf77cb9-25e9-49b0-8121-97182b7f26de)] -> name: fieldValue]：0
2020/07/14 14:23:03:112  INFO com.sinosoft.test.base.TestBase:363 - setEditboxValue—End:[[InternetExplorerDriver: internet explorer on WINDOWS (4bf77cb9-25e9-49b0-8121-97182b7f26de)] -> name: fieldValue]：0
2020/07/14 14:23:03:113 DEBUG com.sinosoft.test.base.TestBase:76 - Trying to find Element By : By.xpath: //input[@value='查询(Q)']
2020/07/14 14:23:03:432 DEBUG com.sinosoft.test.base.TestBase:80 - Found Element By : By.xpath: //input[@value='查询(Q)']
2020/07/14 14:23:03:432  INFO com.sinosoft.test.base.TestBase:402 - clickButton:[[InternetExplorerDriver: internet explorer on WINDOWS (4bf77cb9-25e9-49b0-8121-97182b7f26de)] -> xpath: //input[@value='查询(Q)']]
2020/07/14 14:23:03:433 DEBUG com.sinosoft.test.base.TestBase:42 - Trying to click on: [[InternetExplorerDriver: internet explorer on WINDOWS (4bf77cb9-25e9-49b0-8121-97182b7f26de)] -> xpath: //input[@value='查询(Q)']]
2020/07/14 14:23:05:078 DEBUG com.sinosoft.test.base.TestBase:46 - Clicked on: [[InternetExplorerDriver: internet explorer on WINDOWS (4bf77cb9-25e9-49b0-8121-97182b7f26de)] -> xpath: //input[@value='查询(Q)']]
2020/07/14 14:23:05:079 DEBUG com.sinosoft.test.base.TestBase:76 - Trying to find Element By : By.name: codeselect
2020/07/14 14:23:05:392 DEBUG com.sinosoft.test.base.TestBase:80 - Found Element By : By.name: codeselect
2020/07/14 14:23:05:392  INFO com.sinosoft.test.base.TestBase:132 - setFuzzySelect:[[InternetExplorerDriver: internet explorer on WINDOWS (4bf77cb9-25e9-49b0-8121-97182b7f26de)] -> name: codeselect]->0
2020/07/14 14:23:05:975 DEBUG com.sinosoft.test.base.TestBase:76 - Trying to find Element By : By.tagName: option
2020/07/14 14:23:06:446 DEBUG com.sinosoft.test.base.TestBase:80 - Found Element By : By.tagName: option
2020/07/14 14:23:09:646  INFO com.sinosoft.test.base.TestBase:142 - 找到匹配【0】的选项：0--非股东
2020/07/14 14:23:09:650 DEBUG com.sinosoft.test.base.TestBase:76 - Trying to find Element By : By.xpath: .//option[normalize-space(.) = "0--非股东"]
2020/07/14 14:23:09:994 DEBUG com.sinosoft.test.base.TestBase:80 - Found Element By : By.xpath: .//option[normalize-space(.) = "0--非股东"]
2020/07/14 14:23:10:298 DEBUG com.sinosoft.test.base.TestBase:42 - Trying to click on: [[[[InternetExplorerDriver: internet explorer on WINDOWS (4bf77cb9-25e9-49b0-8121-97182b7f26de)] -> name: codeselect]] -> xpath: .//option[normalize-space(.) = "0--非股东"]]
2020/07/14 14:23:10:837 DEBUG com.sinosoft.test.base.TestBase:46 - Clicked on: [[[[InternetExplorerDriver: internet explorer on WINDOWS (4bf77cb9-25e9-49b0-8121-97182b7f26de)] -> name: codeselect]] -> xpath: .//option[normalize-space(.) = "0--非股东"]]
2020/07/14 14:23:10:837 DEBUG com.sinosoft.test.base.TestBase:151 - setFuzzySelect 结束！
2020/07/14 14:23:10:838 DEBUG com.sinosoft.test.base.TestBase:76 - Trying to find Element By : By.name: SelectIt
2020/07/14 14:23:11:167 DEBUG com.sinosoft.test.base.TestBase:80 - Found Element By : By.name: SelectIt
2020/07/14 14:23:11:168  INFO com.sinosoft.test.base.TestBase:416 - jsClickButton:[[InternetExplorerDriver: internet explorer on WINDOWS (4bf77cb9-25e9-49b0-8121-97182b7f26de)] -> name: SelectIt]
2020/07/14 14:23:11:169  INFO com.sinosoft.test.base.TestBase:144 - RunJavaScript:[[InternetExplorerDriver: internet explorer on WINDOWS (4bf77cb9-25e9-49b0-8121-97182b7f26de)] -> name: SelectIt]	arguments[0].click();
2020/07/14 14:23:11:982 DEBUG com.sinosoft.test.base.TestBase:272 - 系统窗口【黄河财险业务系统】with handle -24010e72-8c9b-419f-b407-9aaab12d717a
2020/07/14 14:23:15:230 DEBUG com.sinosoft.test.base.TestBase:76 - Trying to find Element By : By.name: GuMainShareHolderFlag
2020/07/14 14:23:15:328 DEBUG com.sinosoft.test.base.TestBase:80 - Found Element By : By.name: GuMainShareHolderFlag
2020/07/14 14:23:15:330 DEBUG com.sinosoft.test.base.TestBase:49 - CodeSelect:设置完毕[[InternetExplorerDriver: internet explorer on WINDOWS (4bf77cb9-25e9-49b0-8121-97182b7f26de)] -> name: GuMainShareHolderFlag] & Code=0
2020/07/14 14:23:15:330 DEBUG com.sinosoft.test.base.TestBase:76 - Trying to find Element By : By.name: GuMainSalesTeamCode
2020/07/14 14:23:15:436 DEBUG com.sinosoft.test.base.TestBase:80 - Found Element By : By.name: GuMainSalesTeamCode
2020/07/14 14:23:15:486 DEBUG com.sinosoft.test.base.TestBase:76 - Trying to find Element By : By.name: GuMainSalesTeamCode
2020/07/14 14:23:15:662 DEBUG com.sinosoft.test.base.TestBase:80 - Found Element By : By.name: GuMainSalesTeamCode
2020/07/14 14:23:15:663 DEBUG com.sinosoft.test.base.TestBase:42 - CodeSelect:开始设置[[InternetExplorerDriver: internet explorer on WINDOWS (4bf77cb9-25e9-49b0-8121-97182b7f26de)] -> name: GuMainSalesTeamCode] & Code=T6201900101
2020/07/14 14:23:15:666 DEBUG com.sinosoft.test.base.TestBase:76 - Trying to find Element By : By.name: GuMainSalesTeamCode
2020/07/14 14:23:15:800 DEBUG com.sinosoft.test.base.TestBase:80 - Found Element By : By.name: GuMainSalesTeamCode
2020/07/14 14:23:17:332 DEBUG com.sinosoft.test.base.TestBase:272 - 系统窗口【黄河财险业务系统】with handle -24010e72-8c9b-419f-b407-9aaab12d717a
2020/07/14 14:23:18:010 DEBUG com.sinosoft.test.base.TestBase:272 - 系统窗口【黄河财险业务系统】with handle -24010e72-8c9b-419f-b407-9aaab12d717a
2020/07/14 14:23:18:661 DEBUG com.sinosoft.test.base.TestBase:272 - 系统窗口【Code Select】with handle -8c5cf3b9-3660-49fa-9b93-c9c6479a6760
2020/07/14 14:23:19:187 DEBUG com.sinosoft.test.base.TestBase:69 - 初始化class com.sinosoft.test.fccp.common.CodeSelectPage
2020/07/14 14:23:19:189 DEBUG com.sinosoft.test.base.TestBase:39 - 基础码表选择！
2020/07/14 14:23:19:190 DEBUG com.sinosoft.test.base.TestBase:76 - Trying to find Element By : By.name: fieldValue
2020/07/14 14:23:19:520 DEBUG com.sinosoft.test.base.TestBase:80 - Found Element By : By.name: fieldValue
2020/07/14 14:23:19:521  INFO com.sinosoft.test.base.TestBase:360 - setEditboxValue:[[InternetExplorerDriver: internet explorer on WINDOWS (4bf77cb9-25e9-49b0-8121-97182b7f26de)] -> name: fieldValue]：T6201900101
2020/07/14 14:23:21:109  INFO com.sinosoft.test.base.TestBase:363 - setEditboxValue—End:[[InternetExplorerDriver: internet explorer on WINDOWS (4bf77cb9-25e9-49b0-8121-97182b7f26de)] -> name: fieldValue]：T6201900101
2020/07/14 14:23:21:109 DEBUG com.sinosoft.test.base.TestBase:76 - Trying to find Element By : By.xpath: //input[@value='查询(Q)']
2020/07/14 14:23:21:440 DEBUG com.sinosoft.test.base.TestBase:80 - Found Element By : By.xpath: //input[@value='查询(Q)']
2020/07/14 14:23:21:442  INFO com.sinosoft.test.base.TestBase:402 - clickButton:[[InternetExplorerDriver: internet explorer on WINDOWS (4bf77cb9-25e9-49b0-8121-97182b7f26de)] -> xpath: //input[@value='查询(Q)']]
2020/07/14 14:23:21:442 DEBUG com.sinosoft.test.base.TestBase:42 - Trying to click on: [[InternetExplorerDriver: internet explorer on WINDOWS (4bf77cb9-25e9-49b0-8121-97182b7f26de)] -> xpath: //input[@value='查询(Q)']]
2020/07/14 14:23:23:079 DEBUG com.sinosoft.test.base.TestBase:46 - Clicked on: [[InternetExplorerDriver: internet explorer on WINDOWS (4bf77cb9-25e9-49b0-8121-97182b7f26de)] -> xpath: //input[@value='查询(Q)']]
2020/07/14 14:23:23:080 DEBUG com.sinosoft.test.base.TestBase:76 - Trying to find Element By : By.name: codeselect
2020/07/14 14:23:23:394 DEBUG com.sinosoft.test.base.TestBase:80 - Found Element By : By.name: codeselect
2020/07/14 14:23:23:395  INFO com.sinosoft.test.base.TestBase:132 - setFuzzySelect:[[InternetExplorerDriver: internet explorer on WINDOWS (4bf77cb9-25e9-49b0-8121-97182b7f26de)] -> name: codeselect]->T6201900101
2020/07/14 14:23:23:960 DEBUG com.sinosoft.test.base.TestBase:76 - Trying to find Element By : By.tagName: option
2020/07/14 14:23:24:301 DEBUG com.sinosoft.test.base.TestBase:80 - Found Element By : By.tagName: option
2020/07/14 14:23:24:627  INFO com.sinosoft.test.base.TestBase:142 - 找到匹配【T6201900101】的选项：T6201900101--兰州中支新团队
2020/07/14 14:23:24:627 DEBUG com.sinosoft.test.base.TestBase:76 - Trying to find Element By : By.xpath: .//option[normalize-space(.) = "T6201900101--兰州中支新团队"]
2020/07/14 14:23:24:961 DEBUG com.sinosoft.test.base.TestBase:80 - Found Element By : By.xpath: .//option[normalize-space(.) = "T6201900101--兰州中支新团队"]
2020/07/14 14:23:25:264 DEBUG com.sinosoft.test.base.TestBase:42 - Trying to click on: [[[[InternetExplorerDriver: internet explorer on WINDOWS (4bf77cb9-25e9-49b0-8121-97182b7f26de)] -> name: codeselect]] -> xpath: .//option[normalize-space(.) = "T6201900101--兰州中支新团队"]]
2020/07/14 14:23:25:770 DEBUG com.sinosoft.test.base.TestBase:46 - Clicked on: [[[[InternetExplorerDriver: internet explorer on WINDOWS (4bf77cb9-25e9-49b0-8121-97182b7f26de)] -> name: codeselect]] -> xpath: .//option[normalize-space(.) = "T6201900101--兰州中支新团队"]]
2020/07/14 14:23:25:771 DEBUG com.sinosoft.test.base.TestBase:151 - setFuzzySelect 结束！
2020/07/14 14:23:25:772 DEBUG com.sinosoft.test.base.TestBase:76 - Trying to find Element By : By.name: SelectIt
2020/07/14 14:23:26:074 DEBUG com.sinosoft.test.base.TestBase:80 - Found Element By : By.name: SelectIt
2020/07/14 14:23:26:075  INFO com.sinosoft.test.base.TestBase:416 - jsClickButton:[[InternetExplorerDriver: internet explorer on WINDOWS (4bf77cb9-25e9-49b0-8121-97182b7f26de)] -> name: SelectIt]
2020/07/14 14:23:26:075  INFO com.sinosoft.test.base.TestBase:144 - RunJavaScript:[[InternetExplorerDriver: internet explorer on WINDOWS (4bf77cb9-25e9-49b0-8121-97182b7f26de)] -> name: SelectIt]	arguments[0].click();
2020/07/14 14:23:26:907 DEBUG com.sinosoft.test.base.TestBase:272 - 系统窗口【黄河财险业务系统】with handle -24010e72-8c9b-419f-b407-9aaab12d717a
2020/07/14 14:23:29:896 DEBUG com.sinosoft.test.base.TestBase:76 - Trying to find Element By : By.name: GuMainSalesTeamCode
2020/07/14 14:23:30:052 DEBUG com.sinosoft.test.base.TestBase:80 - Found Element By : By.name: GuMainSalesTeamCode
2020/07/14 14:23:30:055 DEBUG com.sinosoft.test.base.TestBase:49 - CodeSelect:设置完毕[[InternetExplorerDriver: internet explorer on WINDOWS (4bf77cb9-25e9-49b0-8121-97182b7f26de)] -> name: GuMainSalesTeamCode] & Code=T6201900101
2020/07/14 14:23:30:056 DEBUG com.sinosoft.test.base.TestBase:76 - Trying to find Element By : By.name: GuMainSalesmanCode
2020/07/14 14:23:30:223 DEBUG com.sinosoft.test.base.TestBase:80 - Found Element By : By.name: GuMainSalesmanCode
2020/07/14 14:23:30:307 DEBUG com.sinosoft.test.base.TestBase:76 - Trying to find Element By : By.name: GuMainSalesmanCode
2020/07/14 14:23:30:451 DEBUG com.sinosoft.test.base.TestBase:80 - Found Element By : By.name: GuMainSalesmanCode
2020/07/14 14:23:30:452 DEBUG com.sinosoft.test.base.TestBase:42 - CodeSelect:开始设置[[InternetExplorerDriver: internet explorer on WINDOWS (4bf77cb9-25e9-49b0-8121-97182b7f26de)] -> name: GuMainSalesmanCode] & Code=S000000006
2020/07/14 14:23:30:452 DEBUG com.sinosoft.test.base.TestBase:76 - Trying to find Element By : By.name: GuMainSalesmanCode
2020/07/14 14:23:30:547 DEBUG com.sinosoft.test.base.TestBase:80 - Found Element By : By.name: GuMainSalesmanCode
2020/07/14 14:23:32:152 DEBUG com.sinosoft.test.base.TestBase:272 - 系统窗口【黄河财险业务系统】with handle -24010e72-8c9b-419f-b407-9aaab12d717a
2020/07/14 14:23:32:834 DEBUG com.sinosoft.test.base.TestBase:272 - 系统窗口【黄河财险业务系统】with handle -24010e72-8c9b-419f-b407-9aaab12d717a
2020/07/14 14:23:33:477 DEBUG com.sinosoft.test.base.TestBase:272 - 系统窗口【Code Select】with handle -5868d0d0-2b1b-4bd6-9985-d5a839805e54
2020/07/14 14:23:34:002 DEBUG com.sinosoft.test.base.TestBase:69 - 初始化class com.sinosoft.test.fccp.common.CodeSelectPage
2020/07/14 14:23:34:004 DEBUG com.sinosoft.test.base.TestBase:39 - 基础码表选择！
2020/07/14 14:23:34:004 DEBUG com.sinosoft.test.base.TestBase:76 - Trying to find Element By : By.name: fieldValue
2020/07/14 14:23:34:322 DEBUG com.sinosoft.test.base.TestBase:80 - Found Element By : By.name: fieldValue
2020/07/14 14:23:34:323  INFO com.sinosoft.test.base.TestBase:360 - setEditboxValue:[[InternetExplorerDriver: internet explorer on WINDOWS (4bf77cb9-25e9-49b0-8121-97182b7f26de)] -> name: fieldValue]：S000000006
2020/07/14 14:23:35:822  INFO com.sinosoft.test.base.TestBase:363 - setEditboxValue—End:[[InternetExplorerDriver: internet explorer on WINDOWS (4bf77cb9-25e9-49b0-8121-97182b7f26de)] -> name: fieldValue]：S000000006
2020/07/14 14:23:35:822 DEBUG com.sinosoft.test.base.TestBase:76 - Trying to find Element By : By.xpath: //input[@value='查询(Q)']
2020/07/14 14:23:36:133 DEBUG com.sinosoft.test.base.TestBase:80 - Found Element By : By.xpath: //input[@value='查询(Q)']
2020/07/14 14:23:36:134  INFO com.sinosoft.test.base.TestBase:402 - clickButton:[[InternetExplorerDriver: internet explorer on WINDOWS (4bf77cb9-25e9-49b0-8121-97182b7f26de)] -> xpath: //input[@value='查询(Q)']]
2020/07/14 14:23:36:134 DEBUG com.sinosoft.test.base.TestBase:42 - Trying to click on: [[InternetExplorerDriver: internet explorer on WINDOWS (4bf77cb9-25e9-49b0-8121-97182b7f26de)] -> xpath: //input[@value='查询(Q)']]
2020/07/14 14:23:37:766 DEBUG com.sinosoft.test.base.TestBase:46 - Clicked on: [[InternetExplorerDriver: internet explorer on WINDOWS (4bf77cb9-25e9-49b0-8121-97182b7f26de)] -> xpath: //input[@value='查询(Q)']]
2020/07/14 14:23:37:767 DEBUG com.sinosoft.test.base.TestBase:76 - Trying to find Element By : By.name: codeselect
2020/07/14 14:23:38:082 DEBUG com.sinosoft.test.base.TestBase:80 - Found Element By : By.name: codeselect
2020/07/14 14:23:38:083  INFO com.sinosoft.test.base.TestBase:132 - setFuzzySelect:[[InternetExplorerDriver: internet explorer on WINDOWS (4bf77cb9-25e9-49b0-8121-97182b7f26de)] -> name: codeselect]->S000000006
2020/07/14 14:23:38:652 DEBUG com.sinosoft.test.base.TestBase:76 - Trying to find Element By : By.tagName: option
2020/07/14 14:23:39:011 DEBUG com.sinosoft.test.base.TestBase:80 - Found Element By : By.tagName: option
2020/07/14 14:23:39:324  INFO com.sinosoft.test.base.TestBase:142 - 找到匹配【S000000006】的选项：S000000006--赵子毓
2020/07/14 14:23:39:325 DEBUG com.sinosoft.test.base.TestBase:76 - Trying to find Element By : By.xpath: .//option[normalize-space(.) = "S000000006--赵子毓"]
2020/07/14 14:23:39:662 DEBUG com.sinosoft.test.base.TestBase:80 - Found Element By : By.xpath: .//option[normalize-space(.) = "S000000006--赵子毓"]
2020/07/14 14:23:39:969 DEBUG com.sinosoft.test.base.TestBase:42 - Trying to click on: [[[[InternetExplorerDriver: internet explorer on WINDOWS (4bf77cb9-25e9-49b0-8121-97182b7f26de)] -> name: codeselect]] -> xpath: .//option[normalize-space(.) = "S000000006--赵子毓"]]
2020/07/14 14:23:40:477 DEBUG com.sinosoft.test.base.TestBase:46 - Clicked on: [[[[InternetExplorerDriver: internet explorer on WINDOWS (4bf77cb9-25e9-49b0-8121-97182b7f26de)] -> name: codeselect]] -> xpath: .//option[normalize-space(.) = "S000000006--赵子毓"]]
2020/07/14 14:23:40:479 DEBUG com.sinosoft.test.base.TestBase:151 - setFuzzySelect 结束！
2020/07/14 14:23:40:479 DEBUG com.sinosoft.test.base.TestBase:76 - Trying to find Element By : By.name: SelectIt
2020/07/14 14:23:40:780 DEBUG com.sinosoft.test.base.TestBase:80 - Found Element By : By.name: SelectIt
2020/07/14 14:23:40:781  INFO com.sinosoft.test.base.TestBase:416 - jsClickButton:[[InternetExplorerDriver: internet explorer on WINDOWS (4bf77cb9-25e9-49b0-8121-97182b7f26de)] -> name: SelectIt]
2020/07/14 14:23:40:782  INFO com.sinosoft.test.base.TestBase:144 - RunJavaScript:[[InternetExplorerDriver: internet explorer on WINDOWS (4bf77cb9-25e9-49b0-8121-97182b7f26de)] -> name: SelectIt]	arguments[0].click();
2020/07/14 14:23:41:581 DEBUG com.sinosoft.test.base.TestBase:272 - 系统窗口【黄河财险业务系统】with handle -24010e72-8c9b-419f-b407-9aaab12d717a
2020/07/14 14:23:44:921 DEBUG com.sinosoft.test.base.TestBase:76 - Trying to find Element By : By.name: GuMainSalesmanCode
2020/07/14 14:23:45:014 DEBUG com.sinosoft.test.base.TestBase:80 - Found Element By : By.name: GuMainSalesmanCode
2020/07/14 14:23:45:015 DEBUG com.sinosoft.test.base.TestBase:49 - CodeSelect:设置完毕[[InternetExplorerDriver: internet explorer on WINDOWS (4bf77cb9-25e9-49b0-8121-97182b7f26de)] -> name: GuMainSalesmanCode] & Code=S000000006
2020/07/14 14:23:45:015 DEBUG com.sinosoft.test.base.TestBase:76 - Trying to find Element By : By.name: GuMainBusinessSource
2020/07/14 14:23:45:134 DEBUG com.sinosoft.test.base.TestBase:80 - Found Element By : By.name: GuMainBusinessSource
2020/07/14 14:23:45:206 DEBUG com.sinosoft.test.base.TestBase:76 - Trying to find Element By : By.name: GuMainBusinessSource
2020/07/14 14:23:45:359 DEBUG com.sinosoft.test.base.TestBase:80 - Found Element By : By.name: GuMainBusinessSource
2020/07/14 14:23:45:360 DEBUG com.sinosoft.test.base.TestBase:42 - CodeSelect:开始设置[[InternetExplorerDriver: internet explorer on WINDOWS (4bf77cb9-25e9-49b0-8121-97182b7f26de)] -> name: GuMainBusinessSource] & Code=01010101
2020/07/14 14:23:45:360 DEBUG com.sinosoft.test.base.TestBase:76 - Trying to find Element By : By.name: GuMainBusinessSource
2020/07/14 14:23:45:465 DEBUG com.sinosoft.test.base.TestBase:80 - Found Element By : By.name: GuMainBusinessSource
2020/07/14 14:23:47:131 DEBUG com.sinosoft.test.base.TestBase:272 - 系统窗口【黄河财险业务系统】with handle -24010e72-8c9b-419f-b407-9aaab12d717a
2020/07/14 14:23:47:810 DEBUG com.sinosoft.test.base.TestBase:272 - 系统窗口【黄河财险业务系统】with handle -24010e72-8c9b-419f-b407-9aaab12d717a
2020/07/14 14:23:48:450 DEBUG com.sinosoft.test.base.TestBase:272 - 系统窗口【Code Select】with handle -b5a19102-2bde-45c1-8941-3c3d0de58e84
2020/07/14 14:23:48:972 DEBUG com.sinosoft.test.base.TestBase:69 - 初始化class com.sinosoft.test.fccp.common.CodeSelectPage
2020/07/14 14:23:48:974 DEBUG com.sinosoft.test.base.TestBase:39 - 基础码表选择！
2020/07/14 14:23:48:975 DEBUG com.sinosoft.test.base.TestBase:76 - Trying to find Element By : By.name: fieldValue
2020/07/14 14:23:49:295 DEBUG com.sinosoft.test.base.TestBase:80 - Found Element By : By.name: fieldValue
2020/07/14 14:23:49:295  INFO com.sinosoft.test.base.TestBase:360 - setEditboxValue:[[InternetExplorerDriver: internet explorer on WINDOWS (4bf77cb9-25e9-49b0-8121-97182b7f26de)] -> name: fieldValue]：01010101
2020/07/14 14:23:50:850  INFO com.sinosoft.test.base.TestBase:363 - setEditboxValue—End:[[InternetExplorerDriver: internet explorer on WINDOWS (4bf77cb9-25e9-49b0-8121-97182b7f26de)] -> name: fieldValue]：01010101
2020/07/14 14:23:50:851 DEBUG com.sinosoft.test.base.TestBase:76 - Trying to find Element By : By.xpath: //input[@value='查询(Q)']
2020/07/14 14:23:51:177 DEBUG com.sinosoft.test.base.TestBase:80 - Found Element By : By.xpath: //input[@value='查询(Q)']
2020/07/14 14:23:51:178  INFO com.sinosoft.test.base.TestBase:402 - clickButton:[[InternetExplorerDriver: internet explorer on WINDOWS (4bf77cb9-25e9-49b0-8121-97182b7f26de)] -> xpath: //input[@value='查询(Q)']]
2020/07/14 14:23:51:179 DEBUG com.sinosoft.test.base.TestBase:42 - Trying to click on: [[InternetExplorerDriver: internet explorer on WINDOWS (4bf77cb9-25e9-49b0-8121-97182b7f26de)] -> xpath: //input[@value='查询(Q)']]
2020/07/14 14:23:52:821 DEBUG com.sinosoft.test.base.TestBase:46 - Clicked on: [[InternetExplorerDriver: internet explorer on WINDOWS (4bf77cb9-25e9-49b0-8121-97182b7f26de)] -> xpath: //input[@value='查询(Q)']]
2020/07/14 14:23:52:822 DEBUG com.sinosoft.test.base.TestBase:76 - Trying to find Element By : By.name: codeselect
2020/07/14 14:23:53:141 DEBUG com.sinosoft.test.base.TestBase:80 - Found Element By : By.name: codeselect
2020/07/14 14:23:53:142  INFO com.sinosoft.test.base.TestBase:132 - setFuzzySelect:[[InternetExplorerDriver: internet explorer on WINDOWS (4bf77cb9-25e9-49b0-8121-97182b7f26de)] -> name: codeselect]->01010101
2020/07/14 14:23:53:720 DEBUG com.sinosoft.test.base.TestBase:76 - Trying to find Element By : By.tagName: option
2020/07/14 14:23:54:290 DEBUG com.sinosoft.test.base.TestBase:80 - Found Element By : By.tagName: option
2020/07/14 14:23:54:606  INFO com.sinosoft.test.base.TestBase:142 - 找到匹配【01010101】的选项：01010101--柜面直销
2020/07/14 14:23:54:608 DEBUG com.sinosoft.test.base.TestBase:76 - Trying to find Element By : By.xpath: .//option[normalize-space(.) = "01010101--柜面直销"]
2020/07/14 14:23:54:946 DEBUG com.sinosoft.test.base.TestBase:80 - Found Element By : By.xpath: .//option[normalize-space(.) = "01010101--柜面直销"]
2020/07/14 14:23:55:242 DEBUG com.sinosoft.test.base.TestBase:42 - Trying to click on: [[[[InternetExplorerDriver: internet explorer on WINDOWS (4bf77cb9-25e9-49b0-8121-97182b7f26de)] -> name: codeselect]] -> xpath: .//option[normalize-space(.) = "01010101--柜面直销"]]
2020/07/14 14:23:55:750 DEBUG com.sinosoft.test.base.TestBase:46 - Clicked on: [[[[InternetExplorerDriver: internet explorer on WINDOWS (4bf77cb9-25e9-49b0-8121-97182b7f26de)] -> name: codeselect]] -> xpath: .//option[normalize-space(.) = "01010101--柜面直销"]]
2020/07/14 14:23:55:751 DEBUG com.sinosoft.test.base.TestBase:151 - setFuzzySelect 结束！
2020/07/14 14:23:55:751 DEBUG com.sinosoft.test.base.TestBase:76 - Trying to find Element By : By.name: SelectIt
2020/07/14 14:23:56:056 DEBUG com.sinosoft.test.base.TestBase:80 - Found Element By : By.name: SelectIt
2020/07/14 14:23:56:057  INFO com.sinosoft.test.base.TestBase:416 - jsClickButton:[[InternetExplorerDriver: internet explorer on WINDOWS (4bf77cb9-25e9-49b0-8121-97182b7f26de)] -> name: SelectIt]
2020/07/14 14:23:56:061  INFO com.sinosoft.test.base.TestBase:144 - RunJavaScript:[[InternetExplorerDriver: internet explorer on WINDOWS (4bf77cb9-25e9-49b0-8121-97182b7f26de)] -> name: SelectIt]	arguments[0].click();
2020/07/14 14:23:56:878 DEBUG com.sinosoft.test.base.TestBase:272 - 系统窗口【黄河财险业务系统】with handle -24010e72-8c9b-419f-b407-9aaab12d717a
2020/07/14 14:24:00:194 DEBUG com.sinosoft.test.base.TestBase:76 - Trying to find Element By : By.name: GuMainBusinessSource
2020/07/14 14:24:00:287 DEBUG com.sinosoft.test.base.TestBase:80 - Found Element By : By.name: GuMainBusinessSource
2020/07/14 14:24:00:288 DEBUG com.sinosoft.test.base.TestBase:49 - CodeSelect:设置完毕[[InternetExplorerDriver: internet explorer on WINDOWS (4bf77cb9-25e9-49b0-8121-97182b7f26de)] -> name: GuMainBusinessSource] & Code=01010101
2020/07/14 14:24:00:290 DEBUG com.sinosoft.test.base.TestBase:76 - Trying to find Element By : By.name: GuMainSurveyInd
2020/07/14 14:24:00:433 DEBUG com.sinosoft.test.base.TestBase:80 - Found Element By : By.name: GuMainSurveyInd
2020/07/14 14:24:00:434  INFO com.sinosoft.test.base.TestBase:96 - setSelectWithStartText:[[InternetExplorerDriver: internet explorer on WINDOWS (4bf77cb9-25e9-49b0-8121-97182b7f26de)] -> name: GuMainSurveyInd]->HXXT
2020/07/14 14:24:00:434 DEBUG com.sinosoft.test.base.TestBase:76 - Trying to find Element By : By.name: GuMainSurveyInd
2020/07/14 14:24:00:566 DEBUG com.sinosoft.test.base.TestBase:80 - Found Element By : By.name: GuMainSurveyInd
2020/07/14 14:24:00:595 DEBUG com.sinosoft.test.base.TestBase:76 - Trying to find Element By : By.name: GuMainSurveyInd
2020/07/14 14:24:00:692 DEBUG com.sinosoft.test.base.TestBase:80 - Found Element By : By.name: GuMainSurveyInd
2020/07/14 14:24:00:734 DEBUG com.sinosoft.test.base.TestBase:76 - Trying to find Element By : By.name: GuMainSurveyInd
2020/07/14 14:24:00:866 DEBUG com.sinosoft.test.base.TestBase:80 - Found Element By : By.name: GuMainSurveyInd
2020/07/14 14:24:00:867 DEBUG com.sinosoft.test.base.TestBase:76 - Trying to find Element By : By.tagName: option
2020/07/14 14:24:01:775 DEBUG com.sinosoft.test.base.TestBase:80 - Found Element By : By.tagName: option
2020/07/14 14:24:01:902  INFO com.sinosoft.test.base.TestBase:114 - 找到匹配【HXXT】的选项：HXXT-核心
2020/07/14 14:24:01:903 DEBUG com.sinosoft.test.base.TestBase:76 - Trying to find Element By : By.name: GuMainSurveyInd
2020/07/14 14:24:02:000 DEBUG com.sinosoft.test.base.TestBase:80 - Found Element By : By.name: GuMainSurveyInd
2020/07/14 14:24:02:000 DEBUG com.sinosoft.test.base.TestBase:76 - Trying to find Element By : By.xpath: .//option[normalize-space(.) = "HXXT-核心"]
2020/07/14 14:24:02:131 DEBUG com.sinosoft.test.base.TestBase:80 - Found Element By : By.xpath: .//option[normalize-space(.) = "HXXT-核心"]
2020/07/14 14:24:02:192 DEBUG com.sinosoft.test.base.TestBase:123 - setSelectWithStartText 结束！
2020/07/14 14:24:02:193 DEBUG com.sinosoft.test.base.TestBase:76 - Trying to find Element By : By.name: GuMainArgueSolution
2020/07/14 14:24:02:343 DEBUG com.sinosoft.test.base.TestBase:80 - Found Element By : By.name: GuMainArgueSolution
2020/07/14 14:24:02:344  INFO com.sinosoft.test.base.TestBase:96 - setSelectWithStartText:[[InternetExplorerDriver: internet explorer on WINDOWS (4bf77cb9-25e9-49b0-8121-97182b7f26de)] -> name: GuMainArgueSolution]->
2020/07/14 14:24:02:344 DEBUG com.sinosoft.test.base.TestBase:76 - Trying to find Element By : By.name: GuMainDomesticInd
2020/07/14 14:24:02:496 DEBUG com.sinosoft.test.base.TestBase:80 - Found Element By : By.name: GuMainDomesticInd
2020/07/14 14:24:02:496  INFO com.sinosoft.test.base.TestBase:96 - setSelectWithStartText:[[InternetExplorerDriver: internet explorer on WINDOWS (4bf77cb9-25e9-49b0-8121-97182b7f26de)] -> name: GuMainDomesticInd]->
2020/07/14 14:24:02:497 DEBUG com.sinosoft.test.base.TestBase:76 - Trying to find Element By : By.name: GuMainComInsureInd
2020/07/14 14:24:02:648 DEBUG com.sinosoft.test.base.TestBase:80 - Found Element By : By.name: GuMainComInsureInd
2020/07/14 14:24:02:649  INFO com.sinosoft.test.base.TestBase:96 - setSelectWithStartText:[[InternetExplorerDriver: internet explorer on WINDOWS (4bf77cb9-25e9-49b0-8121-97182b7f26de)] -> name: GuMainComInsureInd]->0
2020/07/14 14:24:02:649 DEBUG com.sinosoft.test.base.TestBase:76 - Trying to find Element By : By.name: GuMainComInsureInd
2020/07/14 14:24:02:806 DEBUG com.sinosoft.test.base.TestBase:80 - Found Element By : By.name: GuMainComInsureInd
2020/07/14 14:24:02:844 DEBUG com.sinosoft.test.base.TestBase:76 - Trying to find Element By : By.name: GuMainComInsureInd
2020/07/14 14:24:02:958 DEBUG com.sinosoft.test.base.TestBase:80 - Found Element By : By.name: GuMainComInsureInd
2020/07/14 14:24:02:995 DEBUG com.sinosoft.test.base.TestBase:76 - Trying to find Element By : By.name: GuMainComInsureInd
2020/07/14 14:24:03:134 DEBUG com.sinosoft.test.base.TestBase:80 - Found Element By : By.name: GuMainComInsureInd
2020/07/14 14:24:03:134 DEBUG com.sinosoft.test.base.TestBase:76 - Trying to find Element By : By.tagName: option
2020/07/14 14:24:03:417 DEBUG com.sinosoft.test.base.TestBase:80 - Found Element By : By.tagName: option
2020/07/14 14:24:03:560  INFO com.sinosoft.test.base.TestBase:114 - 找到匹配【0】的选项：0-非统括业务
2020/07/14 14:24:03:560 DEBUG com.sinosoft.test.base.TestBase:76 - Trying to find Element By : By.name: GuMainComInsureInd
2020/07/14 14:24:03:689 DEBUG com.sinosoft.test.base.TestBase:80 - Found Element By : By.name: GuMainComInsureInd
2020/07/14 14:24:03:690 DEBUG com.sinosoft.test.base.TestBase:76 - Trying to find Element By : By.xpath: .//option[normalize-space(.) = "0-非统括业务"]
2020/07/14 14:24:03:824 DEBUG com.sinosoft.test.base.TestBase:80 - Found Element By : By.xpath: .//option[normalize-space(.) = "0-非统括业务"]
2020/07/14 14:24:03:890 DEBUG com.sinosoft.test.base.TestBase:123 - setSelectWithStartText 结束！
2020/07/14 14:24:03:891 DEBUG com.sinosoft.test.base.TestBase:76 - Trying to find Element By : By.name: GuMainPolicyStyle
2020/07/14 14:24:04:067 DEBUG com.sinosoft.test.base.TestBase:80 - Found Element By : By.name: GuMainPolicyStyle
2020/07/14 14:24:04:067  INFO com.sinosoft.test.base.TestBase:96 - setSelectWithStartText:[[InternetExplorerDriver: internet explorer on WINDOWS (4bf77cb9-25e9-49b0-8121-97182b7f26de)] -> name: GuMainPolicyStyle]->0
2020/07/14 14:24:04:068 DEBUG com.sinosoft.test.base.TestBase:76 - Trying to find Element By : By.name: GuMainPolicyStyle
2020/07/14 14:24:04:226 DEBUG com.sinosoft.test.base.TestBase:80 - Found Element By : By.name: GuMainPolicyStyle
2020/07/14 14:24:04:259 DEBUG com.sinosoft.test.base.TestBase:76 - Trying to find Element By : By.name: GuMainPolicyStyle
2020/07/14 14:24:04:340 DEBUG com.sinosoft.test.base.TestBase:80 - Found Element By : By.name: GuMainPolicyStyle
2020/07/14 14:24:04:392 DEBUG com.sinosoft.test.base.TestBase:76 - Trying to find Element By : By.name: GuMainPolicyStyle
2020/07/14 14:24:04:530 DEBUG com.sinosoft.test.base.TestBase:80 - Found Element By : By.name: GuMainPolicyStyle
2020/07/14 14:24:04:531 DEBUG com.sinosoft.test.base.TestBase:76 - Trying to find Element By : By.tagName: option
2020/07/14 14:24:04:713 DEBUG com.sinosoft.test.base.TestBase:80 - Found Element By : By.tagName: option
2020/07/14 14:24:04:790  INFO com.sinosoft.test.base.TestBase:114 - 找到匹配【0】的选项：0-否
2020/07/14 14:24:04:791 DEBUG com.sinosoft.test.base.TestBase:76 - Trying to find Element By : By.name: GuMainPolicyStyle
2020/07/14 14:24:04:958 DEBUG com.sinosoft.test.base.TestBase:80 - Found Element By : By.name: GuMainPolicyStyle
2020/07/14 14:24:04:958 DEBUG com.sinosoft.test.base.TestBase:76 - Trying to find Element By : By.xpath: .//option[normalize-space(.) = "0-否"]
2020/07/14 14:24:05:049 DEBUG com.sinosoft.test.base.TestBase:80 - Found Element By : By.xpath: .//option[normalize-space(.) = "0-否"]
2020/07/14 14:24:05:127 DEBUG com.sinosoft.test.base.TestBase:123 - setSelectWithStartText 结束！
2020/07/14 14:24:05:128 DEBUG com.sinosoft.test.base.TestBase:76 - Trying to find Element By : By.name: RenewalOfInsuranceSelect
2020/07/14 14:24:05:274 DEBUG com.sinosoft.test.base.TestBase:80 - Found Element By : By.name: RenewalOfInsuranceSelect
2020/07/14 14:24:05:275  INFO com.sinosoft.test.base.TestBase:96 - setSelectWithStartText:[[InternetExplorerDriver: internet explorer on WINDOWS (4bf77cb9-25e9-49b0-8121-97182b7f26de)] -> name: RenewalOfInsuranceSelect]->0
2020/07/14 14:24:05:276 DEBUG com.sinosoft.test.base.TestBase:76 - Trying to find Element By : By.name: RenewalOfInsuranceSelect
2020/07/14 14:24:05:366 DEBUG com.sinosoft.test.base.TestBase:80 - Found Element By : By.name: RenewalOfInsuranceSelect
2020/07/14 14:24:05:400 DEBUG com.sinosoft.test.base.TestBase:76 - Trying to find Element By : By.name: RenewalOfInsuranceSelect
2020/07/14 14:24:05:520 DEBUG com.sinosoft.test.base.TestBase:80 - Found Element By : By.name: RenewalOfInsuranceSelect
2020/07/14 14:24:05:563 DEBUG com.sinosoft.test.base.TestBase:76 - Trying to find Element By : By.name: RenewalOfInsuranceSelect
2020/07/14 14:24:05:700 DEBUG com.sinosoft.test.base.TestBase:80 - Found Element By : By.name: RenewalOfInsuranceSelect
2020/07/14 14:24:05:702 DEBUG com.sinosoft.test.base.TestBase:76 - Trying to find Element By : By.tagName: option
2020/07/14 14:24:05:899 DEBUG com.sinosoft.test.base.TestBase:80 - Found Element By : By.tagName: option
2020/07/14 14:24:05:997  INFO com.sinosoft.test.base.TestBase:114 - 找到匹配【0】的选项：0-否
2020/07/14 14:24:05:997 DEBUG com.sinosoft.test.base.TestBase:76 - Trying to find Element By : By.name: RenewalOfInsuranceSelect
2020/07/14 14:24:06:096 DEBUG com.sinosoft.test.base.TestBase:80 - Found Element By : By.name: RenewalOfInsuranceSelect
2020/07/14 14:24:06:096 DEBUG com.sinosoft.test.base.TestBase:76 - Trying to find Element By : By.xpath: .//option[normalize-space(.) = "0-否"]
2020/07/14 14:24:06:213 DEBUG com.sinosoft.test.base.TestBase:80 - Found Element By : By.xpath: .//option[normalize-space(.) = "0-否"]
2020/07/14 14:24:06:263 DEBUG com.sinosoft.test.base.TestBase:42 - Trying to click on: [[[[InternetExplorerDriver: internet explorer on WINDOWS (4bf77cb9-25e9-49b0-8121-97182b7f26de)] -> name: RenewalOfInsuranceSelect]] -> xpath: .//option[normalize-space(.) = "0-否"]]
2020/07/14 14:24:06:640 DEBUG com.sinosoft.test.base.TestBase:46 - Clicked on: [[[[InternetExplorerDriver: internet explorer on WINDOWS (4bf77cb9-25e9-49b0-8121-97182b7f26de)] -> name: RenewalOfInsuranceSelect]] -> xpath: .//option[normalize-space(.) = "0-否"]]
2020/07/14 14:24:06:640 DEBUG com.sinosoft.test.base.TestBase:123 - setSelectWithStartText 结束！
2020/07/14 14:24:06:641 DEBUG com.sinosoft.test.base.TestBase:76 - Trying to find Element By : By.name: GuMainIsDifferentPlace
2020/07/14 14:24:06:792 DEBUG com.sinosoft.test.base.TestBase:80 - Found Element By : By.name: GuMainIsDifferentPlace
2020/07/14 14:24:06:792  INFO com.sinosoft.test.base.TestBase:96 - setSelectWithStartText:[[InternetExplorerDriver: internet explorer on WINDOWS (4bf77cb9-25e9-49b0-8121-97182b7f26de)] -> name: GuMainIsDifferentPlace]->
2020/07/14 14:24:06:792 DEBUG com.sinosoft.test.base.TestBase:76 - Trying to find Element By : By.name: GuMainIsFarming
2020/07/14 14:24:06:874 DEBUG com.sinosoft.test.base.TestBase:80 - Found Element By : By.name: GuMainIsFarming
2020/07/14 14:24:06:875  INFO com.sinosoft.test.base.TestBase:96 - setSelectWithStartText:[[InternetExplorerDriver: internet explorer on WINDOWS (4bf77cb9-25e9-49b0-8121-97182b7f26de)] -> name: GuMainIsFarming]->
2020/07/14 14:24:06:875 DEBUG com.sinosoft.test.base.TestBase:76 - Trying to find Element By : By.name: AppliGuRelatedPartyInsuredType
2020/07/14 14:24:07:009 DEBUG com.sinosoft.test.base.TestBase:80 - Found Element By : By.name: AppliGuRelatedPartyInsuredType
2020/07/14 14:24:07:009  INFO com.sinosoft.test.base.TestBase:96 - setSelectWithStartText:[[InternetExplorerDriver: internet explorer on WINDOWS (4bf77cb9-25e9-49b0-8121-97182b7f26de)] -> name: AppliGuRelatedPartyInsuredType]->2
2020/07/14 14:24:07:009 DEBUG com.sinosoft.test.base.TestBase:76 - Trying to find Element By : By.name: AppliGuRelatedPartyInsuredType
2020/07/14 14:24:07:127 DEBUG com.sinosoft.test.base.TestBase:80 - Found Element By : By.name: AppliGuRelatedPartyInsuredType
2020/07/14 14:24:07:167 DEBUG com.sinosoft.test.base.TestBase:76 - Trying to find Element By : By.name: AppliGuRelatedPartyInsuredType
2020/07/14 14:24:07:256 DEBUG com.sinosoft.test.base.TestBase:80 - Found Element By : By.name: AppliGuRelatedPartyInsuredType
2020/07/14 14:24:07:293 DEBUG com.sinosoft.test.base.TestBase:76 - Trying to find Element By : By.name: AppliGuRelatedPartyInsuredType
2020/07/14 14:24:07:456 DEBUG com.sinosoft.test.base.TestBase:80 - Found Element By : By.name: AppliGuRelatedPartyInsuredType
2020/07/14 14:24:07:456 DEBUG com.sinosoft.test.base.TestBase:76 - Trying to find Element By : By.tagName: option
2020/07/14 14:24:07:653 DEBUG com.sinosoft.test.base.TestBase:80 - Found Element By : By.tagName: option
2020/07/14 14:24:07:821  INFO com.sinosoft.test.base.TestBase:114 - 找到匹配【2】的选项：2-团体
2020/07/14 14:24:07:822 DEBUG com.sinosoft.test.base.TestBase:76 - Trying to find Element By : By.name: AppliGuRelatedPartyInsuredType
2020/07/14 14:24:07:970 DEBUG com.sinosoft.test.base.TestBase:80 - Found Element By : By.name: AppliGuRelatedPartyInsuredType
2020/07/14 14:24:07:971 DEBUG com.sinosoft.test.base.TestBase:76 - Trying to find Element By : By.xpath: .//option[normalize-space(.) = "2-团体"]
2020/07/14 14:24:08:088 DEBUG com.sinosoft.test.base.TestBase:80 - Found Element By : By.xpath: .//option[normalize-space(.) = "2-团体"]
2020/07/14 14:24:08:138 DEBUG com.sinosoft.test.base.TestBase:123 - setSelectWithStartText 结束！
2020/07/14 14:24:08:138 DEBUG com.sinosoft.test.base.TestBase:76 - Trying to find Element By : By.name: AppliGuRelatedPartyInsuredCode
2020/07/14 14:24:08:235 DEBUG com.sinosoft.test.base.TestBase:80 - Found Element By : By.name: AppliGuRelatedPartyInsuredCode
2020/07/14 14:24:08:236  INFO com.sinosoft.test.base.TestBase:388 - setEditboxTValue:[[InternetExplorerDriver: internet explorer on WINDOWS (4bf77cb9-25e9-49b0-8121-97182b7f26de)] -> name: AppliGuRelatedPartyInsuredCode]->G6200019984
2020/07/14 14:24:08:236 DEBUG com.sinosoft.test.base.TestBase:76 - Trying to find Element By : By.name: AppliGuRelatedPartyInsuredCode
2020/07/14 14:24:08:343 DEBUG com.sinosoft.test.base.TestBase:80 - Found Element By : By.name: AppliGuRelatedPartyInsuredCode
2020/07/14 14:24:08:741 DEBUG com.sinosoft.test.base.TestBase:76 - Trying to find Element By : By.name: AppliGuRelatedPartyInsuredCode
2020/07/14 14:24:08:873 DEBUG com.sinosoft.test.base.TestBase:80 - Found Element By : By.name: AppliGuRelatedPartyInsuredCode
2020/07/14 14:24:14:519 DEBUG com.sinosoft.test.base.TestBase:76 - Trying to find Element By : By.name: buttonSaveCustomer
2020/07/14 14:24:14:646 DEBUG com.sinosoft.test.base.TestBase:80 - Found Element By : By.name: buttonSaveCustomer
2020/07/14 14:24:14:649 DEBUG com.sinosoft.test.base.TestBase:42 - Trying to click on: [[InternetExplorerDriver: internet explorer on WINDOWS (4bf77cb9-25e9-49b0-8121-97182b7f26de)] -> name: buttonSaveCustomer]
2020/07/14 14:24:16:032 DEBUG com.sinosoft.test.base.TestBase:46 - Clicked on: [[InternetExplorerDriver: internet explorer on WINDOWS (4bf77cb9-25e9-49b0-8121-97182b7f26de)] -> name: buttonSaveCustomer]
2020/07/14 14:24:16:267  INFO com.sinosoft.test.base.TestBase:519 - 在保存客户时捕获了一个弹窗：客户已经保存，或不需要保存.
2020/07/14 14:24:16:491 DEBUG com.sinosoft.test.base.TestBase:218 - Alert的标题是：客户已经保存，或不需要保存.
2020/07/14 14:24:17:385 DEBUG com.sinosoft.test.base.TestBase:76 - Trying to find Element By : By.name: AppliGuRelatedPartyInsuredCode
2020/07/14 14:24:17:464 DEBUG com.sinosoft.test.base.TestBase:80 - Found Element By : By.name: AppliGuRelatedPartyInsuredCode
2020/07/14 14:24:17:527 DEBUG com.sinosoft.test.base.TestBase:76 - Trying to find Element By : By.id: saveButton
2020/07/14 14:24:17:699 DEBUG com.sinosoft.test.base.TestBase:80 - Found Element By : By.id: saveButton
2020/07/14 14:24:17:699 DEBUG com.sinosoft.test.base.TestBase:42 - Trying to click on: [[InternetExplorerDriver: internet explorer on WINDOWS (4bf77cb9-25e9-49b0-8121-97182b7f26de)] -> id: saveButton]
2020/07/14 14:24:23:356 DEBUG com.sinosoft.test.base.TestBase:46 - Clicked on: [[InternetExplorerDriver: internet explorer on WINDOWS (4bf77cb9-25e9-49b0-8121-97182b7f26de)] -> id: saveButton]
2020/07/14 14:24:23:356 DEBUG com.sinosoft.test.base.TestBase:88 - 截屏文件名字是：FCCB_TB_JCX_1保存基本信息
2020/07/14 14:24:23:543 DEBUG com.sinosoft.test.base.TestBase:69 - 初始化class com.sinosoft.test.fccp.tbcl.RiskDetail_TypePage
2020/07/14 14:24:28:991 DEBUG com.sinosoft.test.base.TestBase:76 - Trying to find Element By : By.name: GuRiskRiskApplyType
2020/07/14 14:24:29:117 DEBUG com.sinosoft.test.base.TestBase:80 - Found Element By : By.name: GuRiskRiskApplyType
2020/07/14 14:24:29:121 DEBUG com.sinosoft.test.base.TestBase:107 - 投保处理/险种信息
2020/07/14 14:24:32:210 DEBUG com.sinosoft.test.base.TestBase:76 - Trying to find Element By : By.id: RiskItem
2020/07/14 14:24:32:299 DEBUG com.sinosoft.test.base.TestBase:80 - Found Element By : By.id: RiskItem
2020/07/14 14:24:32:300 DEBUG com.sinosoft.test.base.TestBase:76 - Trying to find Element By : By.name: summarySubBusinessNo
2020/07/14 14:24:32:429 DEBUG com.sinosoft.test.base.TestBase:80 - Found Element By : By.name: summarySubBusinessNo
2020/07/14 14:24:32:475 DEBUG com.sinosoft.test.base.TestBase:113 - 投保单号：06201900101202000000000080
2020/07/14 14:24:32:476 DEBUG com.sinosoft.test.base.TestBase:121 - 保存投保单号完毕！
2020/07/14 14:24:38:244 DEBUG com.sinosoft.test.base.TestBase:123 - 返回工作区，准备下一步操作！
2020/07/14 14:24:38:245  INFO com.sinosoft.test.base.TestBase:125 - 开始处理风险类别信息
2020/07/14 14:24:38:245 DEBUG com.sinosoft.test.base.TestBase:76 - Trying to find Element By : By.name: GuRiskRiskApplyType
2020/07/14 14:24:38:338 DEBUG com.sinosoft.test.base.TestBase:80 - Found Element By : By.name: GuRiskRiskApplyType
2020/07/14 14:24:38:338  INFO com.sinosoft.test.base.TestBase:96 - setSelectWithStartText:[[InternetExplorerDriver: internet explorer on WINDOWS (4bf77cb9-25e9-49b0-8121-97182b7f26de)] -> name: GuRiskRiskApplyType]->1
2020/07/14 14:24:38:339 DEBUG com.sinosoft.test.base.TestBase:76 - Trying to find Element By : By.name: GuRiskRiskApplyType
2020/07/14 14:24:38:456 DEBUG com.sinosoft.test.base.TestBase:80 - Found Element By : By.name: GuRiskRiskApplyType
2020/07/14 14:24:38:498 DEBUG com.sinosoft.test.base.TestBase:76 - Trying to find Element By : By.name: GuRiskRiskApplyType
2020/07/14 14:24:38:582 DEBUG com.sinosoft.test.base.TestBase:80 - Found Element By : By.name: GuRiskRiskApplyType
2020/07/14 14:24:38:634 DEBUG com.sinosoft.test.base.TestBase:76 - Trying to find Element By : By.name: GuRiskRiskApplyType
2020/07/14 14:24:38:776 DEBUG com.sinosoft.test.base.TestBase:80 - Found Element By : By.name: GuRiskRiskApplyType
2020/07/14 14:24:38:777 DEBUG com.sinosoft.test.base.TestBase:76 - Trying to find Element By : By.tagName: option
2020/07/14 14:24:38:899 DEBUG com.sinosoft.test.base.TestBase:80 - Found Element By : By.tagName: option
2020/07/14 14:24:39:003  INFO com.sinosoft.test.base.TestBase:114 - 找到匹配【1】的选项：1-全国
2020/07/14 14:24:39:003 DEBUG com.sinosoft.test.base.TestBase:76 - Trying to find Element By : By.name: GuRiskRiskApplyType
2020/07/14 14:24:39:119 DEBUG com.sinosoft.test.base.TestBase:80 - Found Element By : By.name: GuRiskRiskApplyType
2020/07/14 14:24:39:120 DEBUG com.sinosoft.test.base.TestBase:76 - Trying to find Element By : By.xpath: .//option[normalize-space(.) = "1-全国"]
2020/07/14 14:24:39:238 DEBUG com.sinosoft.test.base.TestBase:80 - Found Element By : By.xpath: .//option[normalize-space(.) = "1-全国"]
2020/07/14 14:24:39:293 DEBUG com.sinosoft.test.base.TestBase:123 - setSelectWithStartText 结束！
2020/07/14 14:24:39:294 DEBUG com.sinosoft.test.base.TestBase:76 - Trying to find Element By : By.name: GuRiskCoinsInd
2020/07/14 14:24:39:428 DEBUG com.sinosoft.test.base.TestBase:80 - Found Element By : By.name: GuRiskCoinsInd
2020/07/14 14:24:39:429  INFO com.sinosoft.test.base.TestBase:96 - setSelectWithStartText:[[InternetExplorerDriver: internet explorer on WINDOWS (4bf77cb9-25e9-49b0-8121-97182b7f26de)] -> name: GuRiskCoinsInd]->1
2020/07/14 14:24:39:429 DEBUG com.sinosoft.test.base.TestBase:76 - Trying to find Element By : By.name: GuRiskCoinsInd
2020/07/14 14:24:39:563 DEBUG com.sinosoft.test.base.TestBase:80 - Found Element By : By.name: GuRiskCoinsInd
2020/07/14 14:24:39:590 DEBUG com.sinosoft.test.base.TestBase:76 - Trying to find Element By : By.name: GuRiskCoinsInd
2020/07/14 14:24:39:690 DEBUG com.sinosoft.test.base.TestBase:80 - Found Element By : By.name: GuRiskCoinsInd
2020/07/14 14:24:39:732 DEBUG com.sinosoft.test.base.TestBase:76 - Trying to find Element By : By.name: GuRiskCoinsInd
2020/07/14 14:24:39:835 DEBUG com.sinosoft.test.base.TestBase:80 - Found Element By : By.name: GuRiskCoinsInd
2020/07/14 14:24:39:836 DEBUG com.sinosoft.test.base.TestBase:76 - Trying to find Element By : By.tagName: option
2020/07/14 14:24:40:227 DEBUG com.sinosoft.test.base.TestBase:80 - Found Element By : By.tagName: option
2020/07/14 14:24:40:394  INFO com.sinosoft.test.base.TestBase:114 - 找到匹配【1】的选项：1-主共保
2020/07/14 14:24:40:394 DEBUG com.sinosoft.test.base.TestBase:76 - Trying to find Element By : By.name: GuRiskCoinsInd
2020/07/14 14:24:40:498 DEBUG com.sinosoft.test.base.TestBase:80 - Found Element By : By.name: GuRiskCoinsInd
2020/07/14 14:24:40:498 DEBUG com.sinosoft.test.base.TestBase:76 - Trying to find Element By : By.xpath: .//option[normalize-space(.) = "1-主共保"]
2020/07/14 14:24:40:596 DEBUG com.sinosoft.test.base.TestBase:80 - Found Element By : By.xpath: .//option[normalize-space(.) = "1-主共保"]
2020/07/14 14:24:40:680 DEBUG com.sinosoft.test.base.TestBase:42 - Trying to click on: [[[[InternetExplorerDriver: internet explorer on WINDOWS (4bf77cb9-25e9-49b0-8121-97182b7f26de)] -> name: GuRiskCoinsInd]] -> xpath: .//option[normalize-space(.) = "1-主共保"]]
2020/07/14 14:24:40:993 DEBUG com.sinosoft.test.base.TestBase:46 - Clicked on: [[[[InternetExplorerDriver: internet explorer on WINDOWS (4bf77cb9-25e9-49b0-8121-97182b7f26de)] -> name: GuRiskCoinsInd]] -> xpath: .//option[normalize-space(.) = "1-主共保"]]
2020/07/14 14:24:40:994 DEBUG com.sinosoft.test.base.TestBase:123 - setSelectWithStartText 结束！
2020/07/14 14:24:40:994 DEBUG com.sinosoft.test.base.TestBase:76 - Trying to find Element By : By.name: GuRiskBusinessFlag
2020/07/14 14:24:41:111 DEBUG com.sinosoft.test.base.TestBase:80 - Found Element By : By.name: GuRiskBusinessFlag
2020/07/14 14:24:41:112  INFO com.sinosoft.test.base.TestBase:96 - setSelectWithStartText:[[InternetExplorerDriver: internet explorer on WINDOWS (4bf77cb9-25e9-49b0-8121-97182b7f26de)] -> name: GuRiskBusinessFlag]->1
2020/07/14 14:24:41:113 DEBUG com.sinosoft.test.base.TestBase:76 - Trying to find Element By : By.name: GuRiskBusinessFlag
2020/07/14 14:24:41:192 DEBUG com.sinosoft.test.base.TestBase:80 - Found Element By : By.name: GuRiskBusinessFlag
2020/07/14 14:24:41:231 DEBUG com.sinosoft.test.base.TestBase:76 - Trying to find Element By : By.name: GuRiskBusinessFlag
2020/07/14 14:24:41:337 DEBUG com.sinosoft.test.base.TestBase:80 - Found Element By : By.name: GuRiskBusinessFlag
2020/07/14 14:24:41:381 DEBUG com.sinosoft.test.base.TestBase:76 - Trying to find Element By : By.name: GuRiskBusinessFlag
2020/07/14 14:24:41:514 DEBUG com.sinosoft.test.base.TestBase:80 - Found Element By : By.name: GuRiskBusinessFlag
2020/07/14 14:24:41:514 DEBUG com.sinosoft.test.base.TestBase:76 - Trying to find Element By : By.tagName: option
2020/07/14 14:24:41:616 DEBUG com.sinosoft.test.base.TestBase:80 - Found Element By : By.tagName: option
2020/07/14 14:24:41:773  INFO com.sinosoft.test.base.TestBase:114 - 找到匹配【1】的选项：1-是
2020/07/14 14:24:41:774 DEBUG com.sinosoft.test.base.TestBase:76 - Trying to find Element By : By.name: GuRiskBusinessFlag
2020/07/14 14:24:41:859 DEBUG com.sinosoft.test.base.TestBase:80 - Found Element By : By.name: GuRiskBusinessFlag
2020/07/14 14:24:41:859 DEBUG com.sinosoft.test.base.TestBase:76 - Trying to find Element By : By.xpath: .//option[normalize-space(.) = "1-是"]
2020/07/14 14:24:41:959 DEBUG com.sinosoft.test.base.TestBase:80 - Found Element By : By.xpath: .//option[normalize-space(.) = "1-是"]
2020/07/14 14:24:42:009 DEBUG com.sinosoft.test.base.TestBase:42 - Trying to click on: [[[[InternetExplorerDriver: internet explorer on WINDOWS (4bf77cb9-25e9-49b0-8121-97182b7f26de)] -> name: GuRiskBusinessFlag]] -> xpath: .//option[normalize-space(.) = "1-是"]]
2020/07/14 14:24:42:340 DEBUG com.sinosoft.test.base.TestBase:46 - Clicked on: [[[[InternetExplorerDriver: internet explorer on WINDOWS (4bf77cb9-25e9-49b0-8121-97182b7f26de)] -> name: GuRiskBusinessFlag]] -> xpath: .//option[normalize-space(.) = "1-是"]]
2020/07/14 14:24:42:341 DEBUG com.sinosoft.test.base.TestBase:123 - setSelectWithStartText 结束！
2020/07/14 14:24:42:341 DEBUG com.sinosoft.test.base.TestBase:76 - Trying to find Element By : By.name: GuRiskJudicalCode
2020/07/14 14:24:42:459 DEBUG com.sinosoft.test.base.TestBase:80 - Found Element By : By.name: GuRiskJudicalCode
2020/07/14 14:24:42:461  INFO com.sinosoft.test.base.TestBase:96 - setSelectWithStartText:[[InternetExplorerDriver: internet explorer on WINDOWS (4bf77cb9-25e9-49b0-8121-97182b7f26de)] -> name: GuRiskJudicalCode]->1
2020/07/14 14:24:42:461 DEBUG com.sinosoft.test.base.TestBase:76 - Trying to find Element By : By.name: GuRiskJudicalCode
2020/07/14 14:24:42:580 DEBUG com.sinosoft.test.base.TestBase:80 - Found Element By : By.name: GuRiskJudicalCode
2020/07/14 14:24:42:627 DEBUG com.sinosoft.test.base.TestBase:76 - Trying to find Element By : By.name: GuRiskJudicalCode
2020/07/14 14:24:42:761 DEBUG com.sinosoft.test.base.TestBase:80 - Found Element By : By.name: GuRiskJudicalCode
2020/07/14 14:24:42:803 DEBUG com.sinosoft.test.base.TestBase:76 - Trying to find Element By : By.name: GuRiskJudicalCode
2020/07/14 14:24:42:913 DEBUG com.sinosoft.test.base.TestBase:80 - Found Element By : By.name: GuRiskJudicalCode
2020/07/14 14:24:42:913 DEBUG com.sinosoft.test.base.TestBase:76 - Trying to find Element By : By.tagName: option
2020/07/14 14:24:43:203 DEBUG com.sinosoft.test.base.TestBase:80 - Found Element By : By.tagName: option
2020/07/14 14:24:43:277  INFO com.sinosoft.test.base.TestBase:114 - 找到匹配【1】的选项：1-中华人民共和国管辖(港澳台除外)
2020/07/14 14:24:43:277 DEBUG com.sinosoft.test.base.TestBase:76 - Trying to find Element By : By.name: GuRiskJudicalCode
2020/07/14 14:24:43:425 DEBUG com.sinosoft.test.base.TestBase:80 - Found Element By : By.name: GuRiskJudicalCode
2020/07/14 14:24:43:425 DEBUG com.sinosoft.test.base.TestBase:76 - Trying to find Element By : By.xpath: .//option[normalize-space(.) = "1-中华人民共和国管辖(港澳台除外)"]
2020/07/14 14:24:43:530 DEBUG com.sinosoft.test.base.TestBase:80 - Found Element By : By.xpath: .//option[normalize-space(.) = "1-中华人民共和国管辖(港澳台除外)"]
2020/07/14 14:24:43:577 DEBUG com.sinosoft.test.base.TestBase:123 - setSelectWithStartText 结束！
2020/07/14 14:24:43:577 DEBUG com.sinosoft.test.base.TestBase:76 - Trying to find Element By : By.xpath: //table[@id='InsuredRelatedParty']/tbody/tr[@id='InsuredGuRelatedPartyCorInsuredType']/td/select[@name='InsuredGuRelatedPartyStarLevel']
2020/07/14 14:24:43:679 DEBUG com.sinosoft.test.base.TestBase:80 - Found Element By : By.xpath: //table[@id='InsuredRelatedParty']/tbody/tr[@id='InsuredGuRelatedPartyCorInsuredType']/td/select[@name='InsuredGuRelatedPartyStarLevel']
2020/07/14 14:24:43:679  INFO com.sinosoft.test.base.TestBase:96 - setSelectWithStartText:[[InternetExplorerDriver: internet explorer on WINDOWS (4bf77cb9-25e9-49b0-8121-97182b7f26de)] -> xpath: //table[@id='InsuredRelatedParty']/tbody/tr[@id='InsuredGuRelatedPartyCorInsuredType']/td/select[@name='InsuredGuRelatedPartyStarLevel']]->0
2020/07/14 14:24:43:679 DEBUG com.sinosoft.test.base.TestBase:76 - Trying to find Element By : By.xpath: //table[@id='InsuredRelatedParty']/tbody/tr[@id='InsuredGuRelatedPartyCorInsuredType']/td/select[@name='InsuredGuRelatedPartyStarLevel']
2020/07/14 14:24:43:752 DEBUG com.sinosoft.test.base.TestBase:80 - Found Element By : By.xpath: //table[@id='InsuredRelatedParty']/tbody/tr[@id='InsuredGuRelatedPartyCorInsuredType']/td/select[@name='InsuredGuRelatedPartyStarLevel']
2020/07/14 14:24:43:780 DEBUG com.sinosoft.test.base.TestBase:76 - Trying to find Element By : By.xpath: //table[@id='InsuredRelatedParty']/tbody/tr[@id='InsuredGuRelatedPartyCorInsuredType']/td/select[@name='InsuredGuRelatedPartyStarLevel']
2020/07/14 14:24:43:850 DEBUG com.sinosoft.test.base.TestBase:80 - Found Element By : By.xpath: //table[@id='InsuredRelatedParty']/tbody/tr[@id='InsuredGuRelatedPartyCorInsuredType']/td/select[@name='InsuredGuRelatedPartyStarLevel']
2020/07/14 14:24:43:889 DEBUG com.sinosoft.test.base.TestBase:76 - Trying to find Element By : By.xpath: //table[@id='InsuredRelatedParty']/tbody/tr[@id='InsuredGuRelatedPartyCorInsuredType']/td/select[@name='InsuredGuRelatedPartyStarLevel']
2020/07/14 14:24:43:989 DEBUG com.sinosoft.test.base.TestBase:80 - Found Element By : By.xpath: //table[@id='InsuredRelatedParty']/tbody/tr[@id='InsuredGuRelatedPartyCorInsuredType']/td/select[@name='InsuredGuRelatedPartyStarLevel']
2020/07/14 14:24:43:990 DEBUG com.sinosoft.test.base.TestBase:76 - Trying to find Element By : By.tagName: option
2020/07/14 14:24:44:173 DEBUG com.sinosoft.test.base.TestBase:80 - Found Element By : By.tagName: option
2020/07/14 14:24:44:317  INFO com.sinosoft.test.base.TestBase:114 - 找到匹配【0】的选项：0-普通客户
2020/07/14 14:24:44:317 DEBUG com.sinosoft.test.base.TestBase:76 - Trying to find Element By : By.xpath: //table[@id='InsuredRelatedParty']/tbody/tr[@id='InsuredGuRelatedPartyCorInsuredType']/td/select[@name='InsuredGuRelatedPartyStarLevel']
2020/07/14 14:24:44:404 DEBUG com.sinosoft.test.base.TestBase:80 - Found Element By : By.xpath: //table[@id='InsuredRelatedParty']/tbody/tr[@id='InsuredGuRelatedPartyCorInsuredType']/td/select[@name='InsuredGuRelatedPartyStarLevel']
2020/07/14 14:24:44:405 DEBUG com.sinosoft.test.base.TestBase:76 - Trying to find Element By : By.xpath: .//option[normalize-space(.) = "0-普通客户"]
2020/07/14 14:24:44:504 DEBUG com.sinosoft.test.base.TestBase:80 - Found Element By : By.xpath: .//option[normalize-space(.) = "0-普通客户"]
2020/07/14 14:24:44:589 DEBUG com.sinosoft.test.base.TestBase:42 - Trying to click on: [[[[InternetExplorerDriver: internet explorer on WINDOWS (4bf77cb9-25e9-49b0-8121-97182b7f26de)] -> xpath: //table[@id='InsuredRelatedParty']/tbody/tr[@id='InsuredGuRelatedPartyCorInsuredType']/td/select[@name='InsuredGuRelatedPartyStarLevel']]] -> xpath: .//option[normalize-space(.) = "0-普通客户"]]
2020/07/14 14:24:44:944 DEBUG com.sinosoft.test.base.TestBase:46 - Clicked on: [[[[InternetExplorerDriver: internet explorer on WINDOWS (4bf77cb9-25e9-49b0-8121-97182b7f26de)] -> xpath: //table[@id='InsuredRelatedParty']/tbody/tr[@id='InsuredGuRelatedPartyCorInsuredType']/td/select[@name='InsuredGuRelatedPartyStarLevel']]] -> xpath: .//option[normalize-space(.) = "0-普通客户"]]
2020/07/14 14:24:44:945 DEBUG com.sinosoft.test.base.TestBase:123 - setSelectWithStartText 结束！
2020/07/14 14:24:44:945 DEBUG com.sinosoft.test.base.TestBase:76 - Trying to find Element By : By.xpath: //table[@id='InsuredRelatedParty']/tbody/tr[@id='InsuredGuRelatedPartyVocation']/td/input[@name='InsuredGuRelatedPartyIndustryMainCode']
2020/07/14 14:24:45:041 DEBUG com.sinosoft.test.base.TestBase:80 - Found Element By : By.xpath: //table[@id='InsuredRelatedParty']/tbody/tr[@id='InsuredGuRelatedPartyVocation']/td/input[@name='InsuredGuRelatedPartyIndustryMainCode']
2020/07/14 14:24:45:090 DEBUG com.sinosoft.test.base.TestBase:76 - Trying to find Element By : By.xpath: //table[@id='InsuredRelatedParty']/tbody/tr[@id='InsuredGuRelatedPartyVocation']/td/input[@name='InsuredGuRelatedPartyIndustryMainCode']
2020/07/14 14:24:45:194 DEBUG com.sinosoft.test.base.TestBase:80 - Found Element By : By.xpath: //table[@id='InsuredRelatedParty']/tbody/tr[@id='InsuredGuRelatedPartyVocation']/td/input[@name='InsuredGuRelatedPartyIndustryMainCode']
2020/07/14 14:24:45:195 DEBUG com.sinosoft.test.base.TestBase:42 - CodeSelect:开始设置[[InternetExplorerDriver: internet explorer on WINDOWS (4bf77cb9-25e9-49b0-8121-97182b7f26de)] -> xpath: //table[@id='InsuredRelatedParty']/tbody/tr[@id='InsuredGuRelatedPartyVocation']/td/input[@name='InsuredGuRelatedPartyIndustryMainCode']] & Code=12
2020/07/14 14:24:45:195 DEBUG com.sinosoft.test.base.TestBase:76 - Trying to find Element By : By.xpath: //table[@id='InsuredRelatedParty']/tbody/tr[@id='InsuredGuRelatedPartyVocation']/td/input[@name='InsuredGuRelatedPartyIndustryMainCode']
2020/07/14 14:24:45:289 DEBUG com.sinosoft.test.base.TestBase:80 - Found Element By : By.xpath: //table[@id='InsuredRelatedParty']/tbody/tr[@id='InsuredGuRelatedPartyVocation']/td/input[@name='InsuredGuRelatedPartyIndustryMainCode']
2020/07/14 14:24:46:860 DEBUG com.sinosoft.test.base.TestBase:272 - 系统窗口【黄河财险业务系统】with handle -24010e72-8c9b-419f-b407-9aaab12d717a
2020/07/14 14:24:47:527 DEBUG com.sinosoft.test.base.TestBase:272 - 系统窗口【黄河财险业务系统】with handle -24010e72-8c9b-419f-b407-9aaab12d717a
2020/07/14 14:24:48:166 DEBUG com.sinosoft.test.base.TestBase:272 - 系统窗口【Code Select】with handle -3755a7c6-242f-44b4-988d-8c38fb9ccd5c
2020/07/14 14:24:48:700 DEBUG com.sinosoft.test.base.TestBase:69 - 初始化class com.sinosoft.test.fccp.common.CodeSelectPage
2020/07/14 14:24:48:703 DEBUG com.sinosoft.test.base.TestBase:39 - 基础码表选择！
2020/07/14 14:24:48:703 DEBUG com.sinosoft.test.base.TestBase:76 - Trying to find Element By : By.name: fieldValue
2020/07/14 14:24:49:039 DEBUG com.sinosoft.test.base.TestBase:80 - Found Element By : By.name: fieldValue
2020/07/14 14:24:49:040  INFO com.sinosoft.test.base.TestBase:360 - setEditboxValue:[[InternetExplorerDriver: internet explorer on WINDOWS (4bf77cb9-25e9-49b0-8121-97182b7f26de)] -> name: fieldValue]：12
2020/07/14 14:24:50:511  INFO com.sinosoft.test.base.TestBase:363 - setEditboxValue—End:[[InternetExplorerDriver: internet explorer on WINDOWS (4bf77cb9-25e9-49b0-8121-97182b7f26de)] -> name: fieldValue]：12
2020/07/14 14:24:50:511 DEBUG com.sinosoft.test.base.TestBase:76 - Trying to find Element By : By.xpath: //input[@value='查询(Q)']
2020/07/14 14:24:50:822 DEBUG com.sinosoft.test.base.TestBase:80 - Found Element By : By.xpath: //input[@value='查询(Q)']
2020/07/14 14:24:50:823  INFO com.sinosoft.test.base.TestBase:402 - clickButton:[[InternetExplorerDriver: internet explorer on WINDOWS (4bf77cb9-25e9-49b0-8121-97182b7f26de)] -> xpath: //input[@value='查询(Q)']]
2020/07/14 14:24:50:823 DEBUG com.sinosoft.test.base.TestBase:42 - Trying to click on: [[InternetExplorerDriver: internet explorer on WINDOWS (4bf77cb9-25e9-49b0-8121-97182b7f26de)] -> xpath: //input[@value='查询(Q)']]
2020/07/14 14:24:52:474 DEBUG com.sinosoft.test.base.TestBase:46 - Clicked on: [[InternetExplorerDriver: internet explorer on WINDOWS (4bf77cb9-25e9-49b0-8121-97182b7f26de)] -> xpath: //input[@value='查询(Q)']]
2020/07/14 14:24:52:474 DEBUG com.sinosoft.test.base.TestBase:76 - Trying to find Element By : By.name: codeselect
2020/07/14 14:24:52:787 DEBUG com.sinosoft.test.base.TestBase:80 - Found Element By : By.name: codeselect
2020/07/14 14:24:52:788  INFO com.sinosoft.test.base.TestBase:132 - setFuzzySelect:[[InternetExplorerDriver: internet explorer on WINDOWS (4bf77cb9-25e9-49b0-8121-97182b7f26de)] -> name: codeselect]->12
2020/07/14 14:24:53:355 DEBUG com.sinosoft.test.base.TestBase:76 - Trying to find Element By : By.tagName: option
2020/07/14 14:24:53:705 DEBUG com.sinosoft.test.base.TestBase:80 - Found Element By : By.tagName: option
2020/07/14 14:24:54:023  INFO com.sinosoft.test.base.TestBase:142 - 找到匹配【12】的选项：12--社会团体,机关,事业单位
2020/07/14 14:24:54:024 DEBUG com.sinosoft.test.base.TestBase:76 - Trying to find Element By : By.xpath: .//option[normalize-space(.) = "12--社会团体,机关,事业单位"]
2020/07/14 14:24:54:357 DEBUG com.sinosoft.test.base.TestBase:80 - Found Element By : By.xpath: .//option[normalize-space(.) = "12--社会团体,机关,事业单位"]
2020/07/14 14:24:54:658 DEBUG com.sinosoft.test.base.TestBase:42 - Trying to click on: [[[[InternetExplorerDriver: internet explorer on WINDOWS (4bf77cb9-25e9-49b0-8121-97182b7f26de)] -> name: codeselect]] -> xpath: .//option[normalize-space(.) = "12--社会团体,机关,事业单位"]]
2020/07/14 14:24:55:173 DEBUG com.sinosoft.test.base.TestBase:46 - Clicked on: [[[[InternetExplorerDriver: internet explorer on WINDOWS (4bf77cb9-25e9-49b0-8121-97182b7f26de)] -> name: codeselect]] -> xpath: .//option[normalize-space(.) = "12--社会团体,机关,事业单位"]]
2020/07/14 14:24:55:173 DEBUG com.sinosoft.test.base.TestBase:151 - setFuzzySelect 结束！
2020/07/14 14:24:55:173 DEBUG com.sinosoft.test.base.TestBase:76 - Trying to find Element By : By.name: SelectIt
2020/07/14 14:24:55:481 DEBUG com.sinosoft.test.base.TestBase:80 - Found Element By : By.name: SelectIt
2020/07/14 14:24:55:482  INFO com.sinosoft.test.base.TestBase:416 - jsClickButton:[[InternetExplorerDriver: internet explorer on WINDOWS (4bf77cb9-25e9-49b0-8121-97182b7f26de)] -> name: SelectIt]
2020/07/14 14:24:55:482  INFO com.sinosoft.test.base.TestBase:144 - RunJavaScript:[[InternetExplorerDriver: internet explorer on WINDOWS (4bf77cb9-25e9-49b0-8121-97182b7f26de)] -> name: SelectIt]	arguments[0].click();
2020/07/14 14:24:56:329 DEBUG com.sinosoft.test.base.TestBase:272 - 系统窗口【黄河财险业务系统】with handle -24010e72-8c9b-419f-b407-9aaab12d717a
2020/07/14 14:25:01:841 DEBUG com.sinosoft.test.base.TestBase:76 - Trying to find Element By : By.xpath: //table[@id='InsuredRelatedParty']/tbody/tr[@id='InsuredGuRelatedPartyVocation']/td/input[@name='InsuredGuRelatedPartyIndustryMainCode']
2020/07/14 14:25:01:946 DEBUG com.sinosoft.test.base.TestBase:80 - Found Element By : By.xpath: //table[@id='InsuredRelatedParty']/tbody/tr[@id='InsuredGuRelatedPartyVocation']/td/input[@name='InsuredGuRelatedPartyIndustryMainCode']
2020/07/14 14:25:01:947 DEBUG com.sinosoft.test.base.TestBase:49 - CodeSelect:设置完毕[[InternetExplorerDriver: internet explorer on WINDOWS (4bf77cb9-25e9-49b0-8121-97182b7f26de)] -> xpath: //table[@id='InsuredRelatedParty']/tbody/tr[@id='InsuredGuRelatedPartyVocation']/td/input[@name='InsuredGuRelatedPartyIndustryMainCode']] & Code=12
2020/07/14 14:25:01:947 DEBUG com.sinosoft.test.base.TestBase:76 - Trying to find Element By : By.xpath: //table[@id='InsuredRelatedParty']/tbody/tr[@id='InsuredGuRelatedPartyVocation']/td/input[@name='InsuredGuRelatedPartyIndustryKindCode']
2020/07/14 14:25:02:080 DEBUG com.sinosoft.test.base.TestBase:80 - Found Element By : By.xpath: //table[@id='InsuredRelatedParty']/tbody/tr[@id='InsuredGuRelatedPartyVocation']/td/input[@name='InsuredGuRelatedPartyIndustryKindCode']
2020/07/14 14:25:02:143 DEBUG com.sinosoft.test.base.TestBase:76 - Trying to find Element By : By.xpath: //table[@id='InsuredRelatedParty']/tbody/tr[@id='InsuredGuRelatedPartyVocation']/td/input[@name='InsuredGuRelatedPartyIndustryKindCode']
2020/07/14 14:25:02:276 DEBUG com.sinosoft.test.base.TestBase:80 - Found Element By : By.xpath: //table[@id='InsuredRelatedParty']/tbody/tr[@id='InsuredGuRelatedPartyVocation']/td/input[@name='InsuredGuRelatedPartyIndustryKindCode']
2020/07/14 14:25:02:277 DEBUG com.sinosoft.test.base.TestBase:63 - SetCodeEditBox:开始设置:[[InternetExplorerDriver: internet explorer on WINDOWS (4bf77cb9-25e9-49b0-8121-97182b7f26de)] -> xpath: //table[@id='InsuredRelatedParty']/tbody/tr[@id='InsuredGuRelatedPartyVocation']/td/input[@name='InsuredGuRelatedPartyIndustryKindCode']] & Code=12006
2020/07/14 14:25:02:277 DEBUG com.sinosoft.test.base.TestBase:76 - Trying to find Element By : By.xpath: //table[@id='InsuredRelatedParty']/tbody/tr[@id='InsuredGuRelatedPartyVocation']/td/input[@name='InsuredGuRelatedPartyIndustryKindCode']
2020/07/14 14:25:02:376 DEBUG com.sinosoft.test.base.TestBase:80 - Found Element By : By.xpath: //table[@id='InsuredRelatedParty']/tbody/tr[@id='InsuredGuRelatedPartyVocation']/td/input[@name='InsuredGuRelatedPartyIndustryKindCode']
2020/07/14 14:25:02:835 DEBUG com.sinosoft.test.base.TestBase:76 - Trying to find Element By : By.xpath: //table[@id='InsuredRelatedParty']/tbody/tr[@id='InsuredGuRelatedPartyVocation']/td/input[@name='InsuredGuRelatedPartyIndustryKindCode']
2020/07/14 14:25:02:935 DEBUG com.sinosoft.test.base.TestBase:80 - Found Element By : By.xpath: //table[@id='InsuredRelatedParty']/tbody/tr[@id='InsuredGuRelatedPartyVocation']/td/input[@name='InsuredGuRelatedPartyIndustryKindCode']
2020/07/14 14:25:03:849 DEBUG com.sinosoft.test.base.TestBase:76 - Trying to find Element By : By.xpath: //table[@id='InsuredRelatedParty']/tbody/tr[@id='InsuredGuRelatedPartyVocation']/td/input[@name='InsuredGuRelatedPartyIndustryKindCode']
2020/07/14 14:25:03:932 DEBUG com.sinosoft.test.base.TestBase:80 - Found Element By : By.xpath: //table[@id='InsuredRelatedParty']/tbody/tr[@id='InsuredGuRelatedPartyVocation']/td/input[@name='InsuredGuRelatedPartyIndustryKindCode']
2020/07/14 14:25:03:933 DEBUG com.sinosoft.test.base.TestBase:76 - Trying to find Element By : By.xpath: ../input[last()]
2020/07/14 14:25:04:027 DEBUG com.sinosoft.test.base.TestBase:80 - Found Element By : By.xpath: ../input[last()]
2020/07/14 14:25:04:215  INFO com.sinosoft.test.base.TestBase:71 - SetCodeEditBox:找到了Code对应的文本显示框并点击触发显示:InsuredGuRelatedPartyIndustryKindCName
2020/07/14 14:25:04:215 DEBUG com.sinosoft.test.base.TestBase:42 - Trying to click on: [[[[InternetExplorerDriver: internet explorer on WINDOWS (4bf77cb9-25e9-49b0-8121-97182b7f26de)] -> xpath: //table[@id='InsuredRelatedParty']/tbody/tr[@id='InsuredGuRelatedPartyVocation']/td/input[@name='InsuredGuRelatedPartyIndustryKindCode']]] -> xpath: ../input[last()]]
2020/07/14 14:25:05:549 DEBUG com.sinosoft.test.base.TestBase:46 - Clicked on: [[[[InternetExplorerDriver: internet explorer on WINDOWS (4bf77cb9-25e9-49b0-8121-97182b7f26de)] -> xpath: //table[@id='InsuredRelatedParty']/tbody/tr[@id='InsuredGuRelatedPartyVocation']/td/input[@name='InsuredGuRelatedPartyIndustryKindCode']]] -> xpath: ../input[last()]]
2020/07/14 14:25:05:750 DEBUG com.sinosoft.test.base.TestBase:76 - Trying to find Element By : By.xpath: //table[@id='InsuredRelatedParty']/tbody/tr[@id='InsuredGuRelatedPartyVocation']/td/input[@name='InsuredGuRelatedPartyIndustryKindCode']
2020/07/14 14:25:05:826 DEBUG com.sinosoft.test.base.TestBase:80 - Found Element By : By.xpath: //table[@id='InsuredRelatedParty']/tbody/tr[@id='InsuredGuRelatedPartyVocation']/td/input[@name='InsuredGuRelatedPartyIndustryKindCode']
2020/07/14 14:25:05:826 DEBUG com.sinosoft.test.base.TestBase:87 - SetCodeEditBox:设置完毕[[InternetExplorerDriver: internet explorer on WINDOWS (4bf77cb9-25e9-49b0-8121-97182b7f26de)] -> xpath: //table[@id='InsuredRelatedParty']/tbody/tr[@id='InsuredGuRelatedPartyVocation']/td/input[@name='InsuredGuRelatedPartyIndustryKindCode']],设置值 Code=12006
2020/07/14 14:25:05:827  INFO com.sinosoft.test.base.TestBase:157 - 保存险种基本信息
2020/07/14 14:25:05:827 DEBUG com.sinosoft.test.base.TestBase:76 - Trying to find Element By : By.id: saveButton
2020/07/14 14:25:05:923 DEBUG com.sinosoft.test.base.TestBase:80 - Found Element By : By.id: saveButton
2020/07/14 14:25:05:924  INFO com.sinosoft.test.base.TestBase:416 - jsClickButton:[[InternetExplorerDriver: internet explorer on WINDOWS (4bf77cb9-25e9-49b0-8121-97182b7f26de)] -> id: saveButton]
2020/07/14 14:25:05:924 DEBUG com.sinosoft.test.base.TestBase:76 - Trying to find Element By : By.id: saveButton
2020/07/14 14:25:06:030 DEBUG com.sinosoft.test.base.TestBase:80 - Found Element By : By.id: saveButton
2020/07/14 14:25:06:030  INFO com.sinosoft.test.base.TestBase:144 - RunJavaScript:[[InternetExplorerDriver: internet explorer on WINDOWS (4bf77cb9-25e9-49b0-8121-97182b7f26de)] -> id: saveButton]	arguments[0].click();
2020/07/14 14:25:06:031 DEBUG com.sinosoft.test.base.TestBase:76 - Trying to find Element By : By.id: saveButton
2020/07/14 14:25:06:154 DEBUG com.sinosoft.test.base.TestBase:80 - Found Element By : By.id: saveButton
2020/07/14 14:25:07:490 DEBUG com.sinosoft.test.base.TestBase:69 - 初始化class com.sinosoft.test.fccp.tbcl.RiskDetail_insuredObjPage
2020/07/14 14:25:13:287 DEBUG com.sinosoft.test.base.TestBase:76 - Trying to find Element By : By.id: ItemPropertyDetail
2020/07/14 14:25:13:444 DEBUG com.sinosoft.test.base.TestBase:80 - Found Element By : By.id: ItemPropertyDetail
2020/07/14 14:25:13:446 DEBUG com.sinosoft.test.base.TestBase:213 - 进入保险标的信息页面对象！
2020/07/14 14:25:13:447  INFO com.sinosoft.test.base.TestBase:222 - 开始录入标的物信息！
2020/07/14 14:25:13:456 DEBUG com.sinosoft.test.base.TestBase:69 - 初始化class com.sinosoft.test.fccp.tbcl.InsuredObjectInfoPage_0101
2020/07/14 14:25:13:457 DEBUG com.sinosoft.test.base.TestBase:76 - Trying to find Element By : By.name: GuItemPropertyBlockCode
2020/07/14 14:25:13:585 DEBUG com.sinosoft.test.base.TestBase:80 - Found Element By : By.name: GuItemPropertyBlockCode
2020/07/14 14:25:13:586  INFO com.sinosoft.test.base.TestBase:30 - 开始录入标的物信息！
2020/07/14 14:25:13:587 DEBUG com.sinosoft.test.base.TestBase:76 - Trying to find Element By : By.name: GuItemPropertyBlockCode
2020/07/14 14:25:13:667 DEBUG com.sinosoft.test.base.TestBase:80 - Found Element By : By.name: GuItemPropertyBlockCode
2020/07/14 14:25:13:667  INFO com.sinosoft.test.base.TestBase:388 - setEditboxTValue:[[InternetExplorerDriver: internet explorer on WINDOWS (4bf77cb9-25e9-49b0-8121-97182b7f26de)] -> name: GuItemPropertyBlockCode]->121121123123
2020/07/14 14:25:13:668 DEBUG com.sinosoft.test.base.TestBase:76 - Trying to find Element By : By.name: GuItemPropertyBlockCode
2020/07/14 14:25:13:752 DEBUG com.sinosoft.test.base.TestBase:80 - Found Element By : By.name: GuItemPropertyBlockCode
2020/07/14 14:25:14:173 DEBUG com.sinosoft.test.base.TestBase:76 - Trying to find Element By : By.name: GuItemPropertyBlockCode
2020/07/14 14:25:14:268 DEBUG com.sinosoft.test.base.TestBase:80 - Found Element By : By.name: GuItemPropertyBlockCode
2020/07/14 14:25:19:947 DEBUG com.sinosoft.test.base.TestBase:76 - Trying to find Element By : By.name: GuItemPropertyCurrency
2020/07/14 14:25:20:044 DEBUG com.sinosoft.test.base.TestBase:80 - Found Element By : By.name: GuItemPropertyCurrency
2020/07/14 14:25:20:109 DEBUG com.sinosoft.test.base.TestBase:76 - Trying to find Element By : By.name: GuItemPropertyItemProvinceCode
2020/07/14 14:25:20:244 DEBUG com.sinosoft.test.base.TestBase:80 - Found Element By : By.name: GuItemPropertyItemProvinceCode
2020/07/14 14:25:20:319 DEBUG com.sinosoft.test.base.TestBase:76 - Trying to find Element By : By.name: GuItemPropertyItemProvinceCode
2020/07/14 14:25:20:421 DEBUG com.sinosoft.test.base.TestBase:80 - Found Element By : By.name: GuItemPropertyItemProvinceCode
2020/07/14 14:25:20:422 DEBUG com.sinosoft.test.base.TestBase:63 - SetCodeEditBox:开始设置:[[InternetExplorerDriver: internet explorer on WINDOWS (4bf77cb9-25e9-49b0-8121-97182b7f26de)] -> name: GuItemPropertyItemProvinceCode] & Code=130000
2020/07/14 14:25:20:424 DEBUG com.sinosoft.test.base.TestBase:76 - Trying to find Element By : By.name: GuItemPropertyItemProvinceCode
2020/07/14 14:25:20:520 DEBUG com.sinosoft.test.base.TestBase:80 - Found Element By : By.name: GuItemPropertyItemProvinceCode
2020/07/14 14:25:20:868 DEBUG com.sinosoft.test.base.TestBase:76 - Trying to find Element By : By.name: GuItemPropertyItemProvinceCode
2020/07/14 14:25:20:954 DEBUG com.sinosoft.test.base.TestBase:80 - Found Element By : By.name: GuItemPropertyItemProvinceCode
2020/07/14 14:25:21:828 DEBUG com.sinosoft.test.base.TestBase:76 - Trying to find Element By : By.name: GuItemPropertyItemProvinceCode
2020/07/14 14:25:21:957 DEBUG com.sinosoft.test.base.TestBase:80 - Found Element By : By.name: GuItemPropertyItemProvinceCode
2020/07/14 14:25:21:957 DEBUG com.sinosoft.test.base.TestBase:76 - Trying to find Element By : By.xpath: ../input[last()]
2020/07/14 14:25:22:083 DEBUG com.sinosoft.test.base.TestBase:80 - Found Element By : By.xpath: ../input[last()]
2020/07/14 14:25:22:285  INFO com.sinosoft.test.base.TestBase:71 - SetCodeEditBox:找到了Code对应的文本显示框并点击触发显示:GuItemPropertyItemProvinceCName
2020/07/14 14:25:22:286 DEBUG com.sinosoft.test.base.TestBase:42 - Trying to click on: [[[[InternetExplorerDriver: internet explorer on WINDOWS (4bf77cb9-25e9-49b0-8121-97182b7f26de)] -> name: GuItemPropertyItemProvinceCode]] -> xpath: ../input[last()]]
2020/07/14 14:25:23:723 DEBUG com.sinosoft.test.base.TestBase:46 - Clicked on: [[[[InternetExplorerDriver: internet explorer on WINDOWS (4bf77cb9-25e9-49b0-8121-97182b7f26de)] -> name: GuItemPropertyItemProvinceCode]] -> xpath: ../input[last()]]
2020/07/14 14:25:23:924 DEBUG com.sinosoft.test.base.TestBase:76 - Trying to find Element By : By.name: GuItemPropertyItemProvinceCode
2020/07/14 14:25:24:023 DEBUG com.sinosoft.test.base.TestBase:80 - Found Element By : By.name: GuItemPropertyItemProvinceCode
2020/07/14 14:25:24:024 DEBUG com.sinosoft.test.base.TestBase:87 - SetCodeEditBox:设置完毕[[InternetExplorerDriver: internet explorer on WINDOWS (4bf77cb9-25e9-49b0-8121-97182b7f26de)] -> name: GuItemPropertyItemProvinceCode],设置值 Code=130000
2020/07/14 14:25:24:024 DEBUG com.sinosoft.test.base.TestBase:76 - Trying to find Element By : By.name: GuItemPropertyItemCityCode
2020/07/14 14:25:24:160 DEBUG com.sinosoft.test.base.TestBase:80 - Found Element By : By.name: GuItemPropertyItemCityCode
2020/07/14 14:25:24:205 DEBUG com.sinosoft.test.base.TestBase:76 - Trying to find Element By : By.name: GuItemPropertyItemCityCode
2020/07/14 14:25:24:333 DEBUG com.sinosoft.test.base.TestBase:80 - Found Element By : By.name: GuItemPropertyItemCityCode
2020/07/14 14:25:24:333 DEBUG com.sinosoft.test.base.TestBase:63 - SetCodeEditBox:开始设置:[[InternetExplorerDriver: internet explorer on WINDOWS (4bf77cb9-25e9-49b0-8121-97182b7f26de)] -> name: GuItemPropertyItemCityCode] & Code=130300
2020/07/14 14:25:24:334 DEBUG com.sinosoft.test.base.TestBase:76 - Trying to find Element By : By.name: GuItemPropertyItemCityCode
2020/07/14 14:25:24:451 DEBUG com.sinosoft.test.base.TestBase:80 - Found Element By : By.name: GuItemPropertyItemCityCode
2020/07/14 14:25:24:835 DEBUG com.sinosoft.test.base.TestBase:76 - Trying to find Element By : By.name: GuItemPropertyItemCityCode
2020/07/14 14:25:24:958 DEBUG com.sinosoft.test.base.TestBase:80 - Found Element By : By.name: GuItemPropertyItemCityCode
2020/07/14 14:25:25:829 DEBUG com.sinosoft.test.base.TestBase:76 - Trying to find Element By : By.name: GuItemPropertyItemCityCode
2020/07/14 14:25:25:908 DEBUG com.sinosoft.test.base.TestBase:80 - Found Element By : By.name: GuItemPropertyItemCityCode
2020/07/14 14:25:25:908 DEBUG com.sinosoft.test.base.TestBase:76 - Trying to find Element By : By.xpath: ../input[last()]
2020/07/14 14:25:25:991 DEBUG com.sinosoft.test.base.TestBase:80 - Found Element By : By.xpath: ../input[last()]
2020/07/14 14:25:26:154  INFO com.sinosoft.test.base.TestBase:71 - SetCodeEditBox:找到了Code对应的文本显示框并点击触发显示:GuItemPropertyItemCityCName
2020/07/14 14:25:26:155 DEBUG com.sinosoft.test.base.TestBase:42 - Trying to click on: [[[[InternetExplorerDriver: internet explorer on WINDOWS (4bf77cb9-25e9-49b0-8121-97182b7f26de)] -> name: GuItemPropertyItemCityCode]] -> xpath: ../input[last()]]
2020/07/14 14:25:27:472 DEBUG com.sinosoft.test.base.TestBase:46 - Clicked on: [[[[InternetExplorerDriver: internet explorer on WINDOWS (4bf77cb9-25e9-49b0-8121-97182b7f26de)] -> name: GuItemPropertyItemCityCode]] -> xpath: ../input[last()]]
2020/07/14 14:25:27:673 DEBUG com.sinosoft.test.base.TestBase:76 - Trying to find Element By : By.name: GuItemPropertyItemCityCode
2020/07/14 14:25:27:764 DEBUG com.sinosoft.test.base.TestBase:80 - Found Element By : By.name: GuItemPropertyItemCityCode
2020/07/14 14:25:27:764 DEBUG com.sinosoft.test.base.TestBase:87 - SetCodeEditBox:设置完毕[[InternetExplorerDriver: internet explorer on WINDOWS (4bf77cb9-25e9-49b0-8121-97182b7f26de)] -> name: GuItemPropertyItemCityCode],设置值 Code=130300
2020/07/14 14:25:27:765 DEBUG com.sinosoft.test.base.TestBase:76 - Trying to find Element By : By.name: GuItemPropertyItemPostalCode
2020/07/14 14:25:27:890 DEBUG com.sinosoft.test.base.TestBase:80 - Found Element By : By.name: GuItemPropertyItemPostalCode
2020/07/14 14:25:27:891  INFO com.sinosoft.test.base.TestBase:360 - setEditboxValue:[[InternetExplorerDriver: internet explorer on WINDOWS (4bf77cb9-25e9-49b0-8121-97182b7f26de)] -> name: GuItemPropertyItemPostalCode]：065201
2020/07/14 14:25:27:891 DEBUG com.sinosoft.test.base.TestBase:76 - Trying to find Element By : By.name: GuItemPropertyItemPostalCode
2020/07/14 14:25:27:976 DEBUG com.sinosoft.test.base.TestBase:80 - Found Element By : By.name: GuItemPropertyItemPostalCode
2020/07/14 14:25:28:364 DEBUG com.sinosoft.test.base.TestBase:76 - Trying to find Element By : By.name: GuItemPropertyItemPostalCode
2020/07/14 14:25:28:469 DEBUG com.sinosoft.test.base.TestBase:80 - Found Element By : By.name: GuItemPropertyItemPostalCode
2020/07/14 14:25:29:168 DEBUG com.sinosoft.test.base.TestBase:76 - Trying to find Element By : By.name: GuItemPropertyItemPostalCode
2020/07/14 14:25:29:253 DEBUG com.sinosoft.test.base.TestBase:80 - Found Element By : By.name: GuItemPropertyItemPostalCode
2020/07/14 14:25:29:254  INFO com.sinosoft.test.base.TestBase:363 - setEditboxValue—End:[[InternetExplorerDriver: internet explorer on WINDOWS (4bf77cb9-25e9-49b0-8121-97182b7f26de)] -> name: GuItemPropertyItemPostalCode]：065201
2020/07/14 14:25:29:254 DEBUG com.sinosoft.test.base.TestBase:76 - Trying to find Element By : By.name: GuItemPropertyConstruction
2020/07/14 14:25:29:380 DEBUG com.sinosoft.test.base.TestBase:80 - Found Element By : By.name: GuItemPropertyConstruction
2020/07/14 14:25:29:424 DEBUG com.sinosoft.test.base.TestBase:76 - Trying to find Element By : By.name: GuItemPropertySituation
2020/07/14 14:25:29:552 DEBUG com.sinosoft.test.base.TestBase:80 - Found Element By : By.name: GuItemPropertySituation
2020/07/14 14:25:29:553  INFO com.sinosoft.test.base.TestBase:360 - setEditboxValue:[[InternetExplorerDriver: internet explorer on WINDOWS (4bf77cb9-25e9-49b0-8121-97182b7f26de)] -> name: GuItemPropertySituation]：北戴河公园
2020/07/14 14:25:29:554 DEBUG com.sinosoft.test.base.TestBase:76 - Trying to find Element By : By.name: GuItemPropertySituation
2020/07/14 14:25:29:651 DEBUG com.sinosoft.test.base.TestBase:80 - Found Element By : By.name: GuItemPropertySituation
2020/07/14 14:25:30:042 DEBUG com.sinosoft.test.base.TestBase:76 - Trying to find Element By : By.name: GuItemPropertySituation
2020/07/14 14:25:30:183 DEBUG com.sinosoft.test.base.TestBase:80 - Found Element By : By.name: GuItemPropertySituation
2020/07/14 14:25:30:854 DEBUG com.sinosoft.test.base.TestBase:76 - Trying to find Element By : By.name: GuItemPropertySituation
2020/07/14 14:25:30:951 DEBUG com.sinosoft.test.base.TestBase:80 - Found Element By : By.name: GuItemPropertySituation
2020/07/14 14:25:30:952  INFO com.sinosoft.test.base.TestBase:363 - setEditboxValue—End:[[InternetExplorerDriver: internet explorer on WINDOWS (4bf77cb9-25e9-49b0-8121-97182b7f26de)] -> name: GuItemPropertySituation]：北戴河公园
2020/07/14 14:25:30:952 DEBUG com.sinosoft.test.base.TestBase:232 - 开始录入险种明细信息
2020/07/14 14:25:30:953 DEBUG com.sinosoft.test.base.TestBase:76 - Trying to find Element By : By.id: ItemPropertyDetail
2020/07/14 14:25:31:033 DEBUG com.sinosoft.test.base.TestBase:80 - Found Element By : By.id: ItemPropertyDetail
2020/07/14 14:25:31:035  INFO com.sinosoft.test.base.TestBase:406 - clickElement:[[InternetExplorerDriver: internet explorer on WINDOWS (4bf77cb9-25e9-49b0-8121-97182b7f26de)] -> id: ItemPropertyDetail]
2020/07/14 14:25:31:036 DEBUG com.sinosoft.test.base.TestBase:76 - Trying to find Element By : By.id: ItemPropertyDetail
2020/07/14 14:25:31:154 DEBUG com.sinosoft.test.base.TestBase:80 - Found Element By : By.id: ItemPropertyDetail
2020/07/14 14:25:31:155 DEBUG com.sinosoft.test.base.TestBase:42 - Trying to click on: [[InternetExplorerDriver: internet explorer on WINDOWS (4bf77cb9-25e9-49b0-8121-97182b7f26de)] -> id: ItemPropertyDetail]
2020/07/14 14:25:32:816 DEBUG com.sinosoft.test.base.TestBase:46 - Clicked on: [[InternetExplorerDriver: internet explorer on WINDOWS (4bf77cb9-25e9-49b0-8121-97182b7f26de)] -> id: ItemPropertyDetail]
2020/07/14 14:25:32:816 DEBUG com.sinosoft.test.base.TestBase:76 - Trying to find Element By : By.id: ItemPropertyDetail
2020/07/14 14:25:32:952 DEBUG com.sinosoft.test.base.TestBase:80 - Found Element By : By.id: ItemPropertyDetail
2020/07/14 14:25:32:952 DEBUG com.sinosoft.test.base.TestBase:76 - Trying to find Element By : By.name: GuItemPropertyDetailItemDetailCode
2020/07/14 14:25:33:034 DEBUG com.sinosoft.test.base.TestBase:80 - Found Element By : By.name: GuItemPropertyDetailItemDetailCode
2020/07/14 14:25:33:035 DEBUG com.sinosoft.test.base.TestBase:76 - Trying to find Element By : By.id: ItemPropertyDetail
2020/07/14 14:25:33:173 DEBUG com.sinosoft.test.base.TestBase:80 - Found Element By : By.id: ItemPropertyDetail
2020/07/14 14:25:33:174 DEBUG com.sinosoft.test.base.TestBase:76 - Trying to find Element By : By.name: GuItemPropertyDetailItemDetailList
2020/07/14 14:25:33:247 DEBUG com.sinosoft.test.base.TestBase:80 - Found Element By : By.name: GuItemPropertyDetailItemDetailList
2020/07/14 14:25:33:289 DEBUG com.sinosoft.test.base.TestBase:42 - CodeSelect:开始设置[[[[InternetExplorerDriver: internet explorer on WINDOWS (4bf77cb9-25e9-49b0-8121-97182b7f26de)] -> id: ItemPropertyDetail]] -> name: GuItemPropertyDetailItemDetailCode] & Code=010001
2020/07/14 14:25:34:858 DEBUG com.sinosoft.test.base.TestBase:272 - 系统窗口【黄河财险业务系统】with handle -24010e72-8c9b-419f-b407-9aaab12d717a
2020/07/14 14:25:35:532 DEBUG com.sinosoft.test.base.TestBase:272 - 系统窗口【黄河财险业务系统】with handle -24010e72-8c9b-419f-b407-9aaab12d717a
2020/07/14 14:25:36:170 DEBUG com.sinosoft.test.base.TestBase:272 - 系统窗口【Code Select】with handle -da1c9f59-8c12-4efc-8943-10bdaf6a79c3
2020/07/14 14:25:36:710 DEBUG com.sinosoft.test.base.TestBase:69 - 初始化class com.sinosoft.test.fccp.common.CodeSelectPage
2020/07/14 14:25:36:712 DEBUG com.sinosoft.test.base.TestBase:39 - 基础码表选择！
2020/07/14 14:25:36:712 DEBUG com.sinosoft.test.base.TestBase:76 - Trying to find Element By : By.name: fieldValue
2020/07/14 14:25:37:020 DEBUG com.sinosoft.test.base.TestBase:80 - Found Element By : By.name: fieldValue
2020/07/14 14:25:37:021  INFO com.sinosoft.test.base.TestBase:360 - setEditboxValue:[[InternetExplorerDriver: internet explorer on WINDOWS (4bf77cb9-25e9-49b0-8121-97182b7f26de)] -> name: fieldValue]：010001
2020/07/14 14:25:38:510  INFO com.sinosoft.test.base.TestBase:363 - setEditboxValue—End:[[InternetExplorerDriver: internet explorer on WINDOWS (4bf77cb9-25e9-49b0-8121-97182b7f26de)] -> name: fieldValue]：010001
2020/07/14 14:25:38:511 DEBUG com.sinosoft.test.base.TestBase:76 - Trying to find Element By : By.xpath: //input[@value='查询(Q)']
2020/07/14 14:25:38:833 DEBUG com.sinosoft.test.base.TestBase:80 - Found Element By : By.xpath: //input[@value='查询(Q)']
2020/07/14 14:25:38:833  INFO com.sinosoft.test.base.TestBase:402 - clickButton:[[InternetExplorerDriver: internet explorer on WINDOWS (4bf77cb9-25e9-49b0-8121-97182b7f26de)] -> xpath: //input[@value='查询(Q)']]
2020/07/14 14:25:38:834 DEBUG com.sinosoft.test.base.TestBase:42 - Trying to click on: [[InternetExplorerDriver: internet explorer on WINDOWS (4bf77cb9-25e9-49b0-8121-97182b7f26de)] -> xpath: //input[@value='查询(Q)']]
2020/07/14 14:25:40:471 DEBUG com.sinosoft.test.base.TestBase:46 - Clicked on: [[InternetExplorerDriver: internet explorer on WINDOWS (4bf77cb9-25e9-49b0-8121-97182b7f26de)] -> xpath: //input[@value='查询(Q)']]
2020/07/14 14:25:40:472 DEBUG com.sinosoft.test.base.TestBase:76 - Trying to find Element By : By.name: codeselect
2020/07/14 14:25:40:783 DEBUG com.sinosoft.test.base.TestBase:80 - Found Element By : By.name: codeselect
2020/07/14 14:25:40:784  INFO com.sinosoft.test.base.TestBase:132 - setFuzzySelect:[[InternetExplorerDriver: internet explorer on WINDOWS (4bf77cb9-25e9-49b0-8121-97182b7f26de)] -> name: codeselect]->010001
2020/07/14 14:25:41:357 DEBUG com.sinosoft.test.base.TestBase:76 - Trying to find Element By : By.tagName: option
2020/07/14 14:25:41:685 DEBUG com.sinosoft.test.base.TestBase:80 - Found Element By : By.tagName: option
2020/07/14 14:25:42:009  INFO com.sinosoft.test.base.TestBase:142 - 找到匹配【010001】的选项：010001--固定资产
2020/07/14 14:25:42:009 DEBUG com.sinosoft.test.base.TestBase:76 - Trying to find Element By : By.xpath: .//option[normalize-space(.) = "010001--固定资产"]
2020/07/14 14:25:42:342 DEBUG com.sinosoft.test.base.TestBase:80 - Found Element By : By.xpath: .//option[normalize-space(.) = "010001--固定资产"]
2020/07/14 14:25:42:649 DEBUG com.sinosoft.test.base.TestBase:42 - Trying to click on: [[[[InternetExplorerDriver: internet explorer on WINDOWS (4bf77cb9-25e9-49b0-8121-97182b7f26de)] -> name: codeselect]] -> xpath: .//option[normalize-space(.) = "010001--固定资产"]]
2020/07/14 14:25:43:178 DEBUG com.sinosoft.test.base.TestBase:46 - Clicked on: [[[[InternetExplorerDriver: internet explorer on WINDOWS (4bf77cb9-25e9-49b0-8121-97182b7f26de)] -> name: codeselect]] -> xpath: .//option[normalize-space(.) = "010001--固定资产"]]
2020/07/14 14:25:43:178 DEBUG com.sinosoft.test.base.TestBase:151 - setFuzzySelect 结束！
2020/07/14 14:25:43:179 DEBUG com.sinosoft.test.base.TestBase:76 - Trying to find Element By : By.name: SelectIt
2020/07/14 14:25:43:480 DEBUG com.sinosoft.test.base.TestBase:80 - Found Element By : By.name: SelectIt
2020/07/14 14:25:43:481  INFO com.sinosoft.test.base.TestBase:416 - jsClickButton:[[InternetExplorerDriver: internet explorer on WINDOWS (4bf77cb9-25e9-49b0-8121-97182b7f26de)] -> name: SelectIt]
2020/07/14 14:25:43:481  INFO com.sinosoft.test.base.TestBase:144 - RunJavaScript:[[InternetExplorerDriver: internet explorer on WINDOWS (4bf77cb9-25e9-49b0-8121-97182b7f26de)] -> name: SelectIt]	arguments[0].click();
2020/07/14 14:25:44:366 DEBUG com.sinosoft.test.base.TestBase:272 - 系统窗口【黄河财险业务系统】with handle -24010e72-8c9b-419f-b407-9aaab12d717a
2020/07/14 14:25:50:020 DEBUG com.sinosoft.test.base.TestBase:49 - CodeSelect:设置完毕[[[[InternetExplorerDriver: internet explorer on WINDOWS (4bf77cb9-25e9-49b0-8121-97182b7f26de)] -> id: ItemPropertyDetail]] -> name: GuItemPropertyDetailItemDetailCode] & Code=010001
2020/07/14 14:25:50:021  INFO com.sinosoft.test.base.TestBase:360 - setEditboxValue:[[[[InternetExplorerDriver: internet explorer on WINDOWS (4bf77cb9-25e9-49b0-8121-97182b7f26de)] -> id: ItemPropertyDetail]] -> name: GuItemPropertyDetailItemDetailList]：碣石公园礁石群
2020/07/14 14:25:51:153  INFO com.sinosoft.test.base.TestBase:363 - setEditboxValue—End:[[[[InternetExplorerDriver: internet explorer on WINDOWS (4bf77cb9-25e9-49b0-8121-97182b7f26de)] -> id: ItemPropertyDetail]] -> name: GuItemPropertyDetailItemDetailList]：碣石公园礁石群
2020/07/14 14:25:51:154 DEBUG com.sinosoft.test.base.TestBase:76 - Trying to find Element By : By.id: ItemPropertyDetail
2020/07/14 14:25:51:257 DEBUG com.sinosoft.test.base.TestBase:80 - Found Element By : By.id: ItemPropertyDetail
2020/07/14 14:25:51:258 DEBUG com.sinosoft.test.base.TestBase:76 - Trying to find Element By : By.name: GuItemKindKindCode
2020/07/14 14:25:51:371 DEBUG com.sinosoft.test.base.TestBase:80 - Found Element By : By.name: GuItemKindKindCode
2020/07/14 14:25:51:399 DEBUG com.sinosoft.test.base.TestBase:42 - CodeSelect:开始设置[[[[InternetExplorerDriver: internet explorer on WINDOWS (4bf77cb9-25e9-49b0-8121-97182b7f26de)] -> id: ItemPropertyDetail]] -> name: GuItemKindKindCode] & Code=0101001
2020/07/14 14:25:52:829 DEBUG com.sinosoft.test.base.TestBase:272 - 系统窗口【黄河财险业务系统】with handle -24010e72-8c9b-419f-b407-9aaab12d717a
2020/07/14 14:25:53:516 DEBUG com.sinosoft.test.base.TestBase:272 - 系统窗口【黄河财险业务系统】with handle -24010e72-8c9b-419f-b407-9aaab12d717a
2020/07/14 14:25:54:177 DEBUG com.sinosoft.test.base.TestBase:272 - 系统窗口【Code Select】with handle -4985dfff-d53a-4fb1-bfc5-da4390a55ea1
2020/07/14 14:25:54:710 DEBUG com.sinosoft.test.base.TestBase:69 - 初始化class com.sinosoft.test.fccp.common.CodeSelectPage
2020/07/14 14:25:54:715 DEBUG com.sinosoft.test.base.TestBase:39 - 基础码表选择！
2020/07/14 14:25:54:716 DEBUG com.sinosoft.test.base.TestBase:76 - Trying to find Element By : By.name: fieldValue
2020/07/14 14:25:55:034 DEBUG com.sinosoft.test.base.TestBase:80 - Found Element By : By.name: fieldValue
2020/07/14 14:25:55:035  INFO com.sinosoft.test.base.TestBase:360 - setEditboxValue:[[InternetExplorerDriver: internet explorer on WINDOWS (4bf77cb9-25e9-49b0-8121-97182b7f26de)] -> name: fieldValue]：0101001
2020/07/14 14:25:56:495  INFO com.sinosoft.test.base.TestBase:363 - setEditboxValue—End:[[InternetExplorerDriver: internet explorer on WINDOWS (4bf77cb9-25e9-49b0-8121-97182b7f26de)] -> name: fieldValue]：0101001
2020/07/14 14:25:56:496 DEBUG com.sinosoft.test.base.TestBase:76 - Trying to find Element By : By.xpath: //input[@value='查询(Q)']
2020/07/14 14:25:56:803 DEBUG com.sinosoft.test.base.TestBase:80 - Found Element By : By.xpath: //input[@value='查询(Q)']
2020/07/14 14:25:56:804  INFO com.sinosoft.test.base.TestBase:402 - clickButton:[[InternetExplorerDriver: internet explorer on WINDOWS (4bf77cb9-25e9-49b0-8121-97182b7f26de)] -> xpath: //input[@value='查询(Q)']]
2020/07/14 14:25:56:804 DEBUG com.sinosoft.test.base.TestBase:42 - Trying to click on: [[InternetExplorerDriver: internet explorer on WINDOWS (4bf77cb9-25e9-49b0-8121-97182b7f26de)] -> xpath: //input[@value='查询(Q)']]
2020/07/14 14:25:58:452 DEBUG com.sinosoft.test.base.TestBase:46 - Clicked on: [[InternetExplorerDriver: internet explorer on WINDOWS (4bf77cb9-25e9-49b0-8121-97182b7f26de)] -> xpath: //input[@value='查询(Q)']]
2020/07/14 14:25:58:452 DEBUG com.sinosoft.test.base.TestBase:76 - Trying to find Element By : By.name: codeselect
2020/07/14 14:25:58:759 DEBUG com.sinosoft.test.base.TestBase:80 - Found Element By : By.name: codeselect
2020/07/14 14:25:58:761  INFO com.sinosoft.test.base.TestBase:132 - setFuzzySelect:[[InternetExplorerDriver: internet explorer on WINDOWS (4bf77cb9-25e9-49b0-8121-97182b7f26de)] -> name: codeselect]->0101001
2020/07/14 14:25:59:325 DEBUG com.sinosoft.test.base.TestBase:76 - Trying to find Element By : By.tagName: option
2020/07/14 14:25:59:661 DEBUG com.sinosoft.test.base.TestBase:80 - Found Element By : By.tagName: option
2020/07/14 14:25:59:971  INFO com.sinosoft.test.base.TestBase:142 - 找到匹配【0101001】的选项：0101001--财产基本险（2019版）
2020/07/14 14:25:59:971 DEBUG com.sinosoft.test.base.TestBase:76 - Trying to find Element By : By.xpath: .//option[normalize-space(.) = "0101001--财产基本险（2019版）"]
2020/07/14 14:26:00:309 DEBUG com.sinosoft.test.base.TestBase:80 - Found Element By : By.xpath: .//option[normalize-space(.) = "0101001--财产基本险（2019版）"]
2020/07/14 14:26:00:627 DEBUG com.sinosoft.test.base.TestBase:42 - Trying to click on: [[[[InternetExplorerDriver: internet explorer on WINDOWS (4bf77cb9-25e9-49b0-8121-97182b7f26de)] -> name: codeselect]] -> xpath: .//option[normalize-space(.) = "0101001--财产基本险（2019版）"]]
2020/07/14 14:26:01:150 DEBUG com.sinosoft.test.base.TestBase:46 - Clicked on: [[[[InternetExplorerDriver: internet explorer on WINDOWS (4bf77cb9-25e9-49b0-8121-97182b7f26de)] -> name: codeselect]] -> xpath: .//option[normalize-space(.) = "0101001--财产基本险（2019版）"]]
2020/07/14 14:26:01:151 DEBUG com.sinosoft.test.base.TestBase:151 - setFuzzySelect 结束！
2020/07/14 14:26:01:151 DEBUG com.sinosoft.test.base.TestBase:76 - Trying to find Element By : By.name: SelectIt
2020/07/14 14:26:01:451 DEBUG com.sinosoft.test.base.TestBase:80 - Found Element By : By.name: SelectIt
2020/07/14 14:26:01:452  INFO com.sinosoft.test.base.TestBase:416 - jsClickButton:[[InternetExplorerDriver: internet explorer on WINDOWS (4bf77cb9-25e9-49b0-8121-97182b7f26de)] -> name: SelectIt]
2020/07/14 14:26:01:452  INFO com.sinosoft.test.base.TestBase:144 - RunJavaScript:[[InternetExplorerDriver: internet explorer on WINDOWS (4bf77cb9-25e9-49b0-8121-97182b7f26de)] -> name: SelectIt]	arguments[0].click();
2020/07/14 14:26:02:342 DEBUG com.sinosoft.test.base.TestBase:272 - 系统窗口【黄河财险业务系统】with handle -24010e72-8c9b-419f-b407-9aaab12d717a
2020/07/14 14:26:07:854 DEBUG com.sinosoft.test.base.TestBase:49 - CodeSelect:设置完毕[[[[InternetExplorerDriver: internet explorer on WINDOWS (4bf77cb9-25e9-49b0-8121-97182b7f26de)] -> id: ItemPropertyDetail]] -> name: GuItemKindKindCode] & Code=0101001
2020/07/14 14:26:07:855 DEBUG com.sinosoft.test.base.TestBase:76 - Trying to find Element By : By.id: ItemPropertyDetail
2020/07/14 14:26:07:938 DEBUG com.sinosoft.test.base.TestBase:80 - Found Element By : By.id: ItemPropertyDetail
2020/07/14 14:26:07:940 DEBUG com.sinosoft.test.base.TestBase:76 - Trying to find Element By : By.name: GuItemKindCalculateInd
2020/07/14 14:26:08:047 DEBUG com.sinosoft.test.base.TestBase:80 - Found Element By : By.name: GuItemKindCalculateInd
2020/07/14 14:26:08:123 DEBUG com.sinosoft.test.base.TestBase:76 - Trying to find Element By : By.id: ItemPropertyDetail
2020/07/14 14:26:08:244 DEBUG com.sinosoft.test.base.TestBase:80 - Found Element By : By.id: ItemPropertyDetail
2020/07/14 14:26:08:244 DEBUG com.sinosoft.test.base.TestBase:76 - Trying to find Element By : By.name: GuItemKindValueType
2020/07/14 14:26:08:375 DEBUG com.sinosoft.test.base.TestBase:80 - Found Element By : By.name: GuItemKindValueType
2020/07/14 14:26:08:377  INFO com.sinosoft.test.base.TestBase:96 - setSelectWithStartText:[[[[InternetExplorerDriver: internet explorer on WINDOWS (4bf77cb9-25e9-49b0-8121-97182b7f26de)] -> id: ItemPropertyDetail]] -> name: GuItemKindValueType]->10
2020/07/14 14:26:08:453 DEBUG com.sinosoft.test.base.TestBase:76 - Trying to find Element By : By.tagName: option
2020/07/14 14:26:08:889 DEBUG com.sinosoft.test.base.TestBase:80 - Found Element By : By.tagName: option
2020/07/14 14:26:09:136  INFO com.sinosoft.test.base.TestBase:114 - 找到匹配【10】的选项：10-出险时市场价值
2020/07/14 14:26:09:136 DEBUG com.sinosoft.test.base.TestBase:76 - Trying to find Element By : By.xpath: .//option[normalize-space(.) = "10-出险时市场价值"]
2020/07/14 14:26:09:241 DEBUG com.sinosoft.test.base.TestBase:80 - Found Element By : By.xpath: .//option[normalize-space(.) = "10-出险时市场价值"]
2020/07/14 14:26:09:280 DEBUG com.sinosoft.test.base.TestBase:42 - Trying to click on: [[[[[[InternetExplorerDriver: internet explorer on WINDOWS (4bf77cb9-25e9-49b0-8121-97182b7f26de)] -> id: ItemPropertyDetail]] -> name: GuItemKindValueType]] -> xpath: .//option[normalize-space(.) = "10-出险时市场价值"]]
2020/07/14 14:26:09:654 DEBUG com.sinosoft.test.base.TestBase:46 - Clicked on: [[[[[[InternetExplorerDriver: internet explorer on WINDOWS (4bf77cb9-25e9-49b0-8121-97182b7f26de)] -> id: ItemPropertyDetail]] -> name: GuItemKindValueType]] -> xpath: .//option[normalize-space(.) = "10-出险时市场价值"]]
2020/07/14 14:26:09:654 DEBUG com.sinosoft.test.base.TestBase:123 - setSelectWithStartText 结束！
2020/07/14 14:26:09:655 DEBUG com.sinosoft.test.base.TestBase:76 - Trying to find Element By : By.id: ItemPropertyDetail
2020/07/14 14:26:09:802 DEBUG com.sinosoft.test.base.TestBase:80 - Found Element By : By.id: ItemPropertyDetail
2020/07/14 14:26:09:804 DEBUG com.sinosoft.test.base.TestBase:76 - Trying to find Element By : By.name: GuItemKindSumInsured
2020/07/14 14:26:09:886 DEBUG com.sinosoft.test.base.TestBase:80 - Found Element By : By.name: GuItemKindSumInsured
2020/07/14 14:26:09:887  INFO com.sinosoft.test.base.TestBase:360 - setEditboxValue:[[[[InternetExplorerDriver: internet explorer on WINDOWS (4bf77cb9-25e9-49b0-8121-97182b7f26de)] -> id: ItemPropertyDetail]] -> name: GuItemKindSumInsured]：2000000
2020/07/14 14:26:10:982  INFO com.sinosoft.test.base.TestBase:363 - setEditboxValue—End:[[[[InternetExplorerDriver: internet explorer on WINDOWS (4bf77cb9-25e9-49b0-8121-97182b7f26de)] -> id: ItemPropertyDetail]] -> name: GuItemKindSumInsured]：2000000
2020/07/14 14:26:10:984 DEBUG com.sinosoft.test.base.TestBase:76 - Trying to find Element By : By.xpath: //table[@id='ItemPropertyDetailKind']/tbody/tr/td/input[@name='GuItemKindRate']
2020/07/14 14:26:11:067 DEBUG com.sinosoft.test.base.TestBase:80 - Found Element By : By.xpath: //table[@id='ItemPropertyDetailKind']/tbody/tr/td/input[@name='GuItemKindRate']
2020/07/14 14:26:11:068  INFO com.sinosoft.test.base.TestBase:388 - setEditboxTValue:[[InternetExplorerDriver: internet explorer on WINDOWS (4bf77cb9-25e9-49b0-8121-97182b7f26de)] -> xpath: //table[@id='ItemPropertyDetailKind']/tbody/tr/td/input[@name='GuItemKindRate']]->0.5
2020/07/14 14:26:11:068 DEBUG com.sinosoft.test.base.TestBase:76 - Trying to find Element By : By.xpath: //table[@id='ItemPropertyDetailKind']/tbody/tr/td/input[@name='GuItemKindRate']
2020/07/14 14:26:11:149 DEBUG com.sinosoft.test.base.TestBase:80 - Found Element By : By.xpath: //table[@id='ItemPropertyDetailKind']/tbody/tr/td/input[@name='GuItemKindRate']
2020/07/14 14:26:11:541 DEBUG com.sinosoft.test.base.TestBase:76 - Trying to find Element By : By.xpath: //table[@id='ItemPropertyDetailKind']/tbody/tr/td/input[@name='GuItemKindRate']
2020/07/14 14:26:11:623 DEBUG com.sinosoft.test.base.TestBase:80 - Found Element By : By.xpath: //table[@id='ItemPropertyDetailKind']/tbody/tr/td/input[@name='GuItemKindRate']
2020/07/14 14:26:17:282 DEBUG com.sinosoft.test.base.TestBase:76 - Trying to find Element By : By.xpath: //table[@id='ItemPropertyDetailKind']/tbody/tr/td/input[@name='GuItemKindShortRateFlag']
2020/07/14 14:26:17:365 DEBUG com.sinosoft.test.base.TestBase:80 - Found Element By : By.xpath: //table[@id='ItemPropertyDetailKind']/tbody/tr/td/input[@name='GuItemKindShortRateFlag']
2020/07/14 14:26:17:405 DEBUG com.sinosoft.test.base.TestBase:76 - Trying to find Element By : By.xpath: //table[@id='ItemPropertyDetailKind']/tbody/tr/td/input[@name='GuItemKindShortRateFlag']
2020/07/14 14:26:17:511 DEBUG com.sinosoft.test.base.TestBase:80 - Found Element By : By.xpath: //table[@id='ItemPropertyDetailKind']/tbody/tr/td/input[@name='GuItemKindShortRateFlag']
2020/07/14 14:26:17:512 DEBUG com.sinosoft.test.base.TestBase:42 - CodeSelect:开始设置[[InternetExplorerDriver: internet explorer on WINDOWS (4bf77cb9-25e9-49b0-8121-97182b7f26de)] -> xpath: //table[@id='ItemPropertyDetailKind']/tbody/tr/td/input[@name='GuItemKindShortRateFlag']] & Code=2
2020/07/14 14:26:17:512 DEBUG com.sinosoft.test.base.TestBase:76 - Trying to find Element By : By.xpath: //table[@id='ItemPropertyDetailKind']/tbody/tr/td/input[@name='GuItemKindShortRateFlag']
2020/07/14 14:26:17:583 DEBUG com.sinosoft.test.base.TestBase:80 - Found Element By : By.xpath: //table[@id='ItemPropertyDetailKind']/tbody/tr/td/input[@name='GuItemKindShortRateFlag']
2020/07/14 14:26:19:149 DEBUG com.sinosoft.test.base.TestBase:272 - 系统窗口【黄河财险业务系统】with handle -24010e72-8c9b-419f-b407-9aaab12d717a
2020/07/14 14:26:20:396 DEBUG com.sinosoft.test.base.TestBase:272 - 系统窗口【Code Select】with handle -f9823674-a4b7-444d-842b-2e0b05d86bff
2020/07/14 14:26:20:921 DEBUG com.sinosoft.test.base.TestBase:69 - 初始化class com.sinosoft.test.fccp.common.CodeSelectPage
2020/07/14 14:26:20:923 DEBUG com.sinosoft.test.base.TestBase:39 - 基础码表选择！
2020/07/14 14:26:20:924 DEBUG com.sinosoft.test.base.TestBase:76 - Trying to find Element By : By.name: fieldValue
2020/07/14 14:26:21:226 DEBUG com.sinosoft.test.base.TestBase:80 - Found Element By : By.name: fieldValue
2020/07/14 14:26:21:227  INFO com.sinosoft.test.base.TestBase:360 - setEditboxValue:[[InternetExplorerDriver: internet explorer on WINDOWS (4bf77cb9-25e9-49b0-8121-97182b7f26de)] -> name: fieldValue]：2
2020/07/14 14:26:22:566  INFO com.sinosoft.test.base.TestBase:363 - setEditboxValue—End:[[InternetExplorerDriver: internet explorer on WINDOWS (4bf77cb9-25e9-49b0-8121-97182b7f26de)] -> name: fieldValue]：2
2020/07/14 14:26:22:567 DEBUG com.sinosoft.test.base.TestBase:76 - Trying to find Element By : By.xpath: //input[@value='查询(Q)']
2020/07/14 14:26:22:902 DEBUG com.sinosoft.test.base.TestBase:80 - Found Element By : By.xpath: //input[@value='查询(Q)']
2020/07/14 14:26:22:903  INFO com.sinosoft.test.base.TestBase:402 - clickButton:[[InternetExplorerDriver: internet explorer on WINDOWS (4bf77cb9-25e9-49b0-8121-97182b7f26de)] -> xpath: //input[@value='查询(Q)']]
2020/07/14 14:26:22:903 DEBUG com.sinosoft.test.base.TestBase:42 - Trying to click on: [[InternetExplorerDriver: internet explorer on WINDOWS (4bf77cb9-25e9-49b0-8121-97182b7f26de)] -> xpath: //input[@value='查询(Q)']]
2020/07/14 14:26:24:548 DEBUG com.sinosoft.test.base.TestBase:46 - Clicked on: [[InternetExplorerDriver: internet explorer on WINDOWS (4bf77cb9-25e9-49b0-8121-97182b7f26de)] -> xpath: //input[@value='查询(Q)']]
2020/07/14 14:26:24:548 DEBUG com.sinosoft.test.base.TestBase:76 - Trying to find Element By : By.name: codeselect
2020/07/14 14:26:24:885 DEBUG com.sinosoft.test.base.TestBase:80 - Found Element By : By.name: codeselect
2020/07/14 14:26:24:888  INFO com.sinosoft.test.base.TestBase:132 - setFuzzySelect:[[InternetExplorerDriver: internet explorer on WINDOWS (4bf77cb9-25e9-49b0-8121-97182b7f26de)] -> name: codeselect]->2
2020/07/14 14:26:25:482 DEBUG com.sinosoft.test.base.TestBase:76 - Trying to find Element By : By.tagName: option
2020/07/14 14:26:25:787 DEBUG com.sinosoft.test.base.TestBase:80 - Found Element By : By.tagName: option
2020/07/14 14:26:26:134  INFO com.sinosoft.test.base.TestBase:142 - 找到匹配【2】的选项：2--月比例
2020/07/14 14:26:26:136 DEBUG com.sinosoft.test.base.TestBase:76 - Trying to find Element By : By.xpath: .//option[normalize-space(.) = "2--月比例"]
2020/07/14 14:26:26:491 DEBUG com.sinosoft.test.base.TestBase:80 - Found Element By : By.xpath: .//option[normalize-space(.) = "2--月比例"]
2020/07/14 14:26:26:814 DEBUG com.sinosoft.test.base.TestBase:42 - Trying to click on: [[[[InternetExplorerDriver: internet explorer on WINDOWS (4bf77cb9-25e9-49b0-8121-97182b7f26de)] -> name: codeselect]] -> xpath: .//option[normalize-space(.) = "2--月比例"]]
2020/07/14 14:26:27:291 DEBUG com.sinosoft.test.base.TestBase:46 - Clicked on: [[[[InternetExplorerDriver: internet explorer on WINDOWS (4bf77cb9-25e9-49b0-8121-97182b7f26de)] -> name: codeselect]] -> xpath: .//option[normalize-space(.) = "2--月比例"]]
2020/07/14 14:26:27:291 DEBUG com.sinosoft.test.base.TestBase:151 - setFuzzySelect 结束！
2020/07/14 14:26:27:292 DEBUG com.sinosoft.test.base.TestBase:76 - Trying to find Element By : By.name: SelectIt
2020/07/14 14:26:27:591 DEBUG com.sinosoft.test.base.TestBase:80 - Found Element By : By.name: SelectIt
2020/07/14 14:26:27:592  INFO com.sinosoft.test.base.TestBase:416 - jsClickButton:[[InternetExplorerDriver: internet explorer on WINDOWS (4bf77cb9-25e9-49b0-8121-97182b7f26de)] -> name: SelectIt]
2020/07/14 14:26:27:593  INFO com.sinosoft.test.base.TestBase:144 - RunJavaScript:[[InternetExplorerDriver: internet explorer on WINDOWS (4bf77cb9-25e9-49b0-8121-97182b7f26de)] -> name: SelectIt]	arguments[0].click();
2020/07/14 14:26:28:440 DEBUG com.sinosoft.test.base.TestBase:272 - 系统窗口【黄河财险业务系统】with handle -24010e72-8c9b-419f-b407-9aaab12d717a
2020/07/14 14:26:33:613 DEBUG com.sinosoft.test.base.TestBase:76 - Trying to find Element By : By.xpath: //table[@id='ItemPropertyDetailKind']/tbody/tr/td/input[@name='GuItemKindShortRateFlag']
2020/07/14 14:26:33:711 DEBUG com.sinosoft.test.base.TestBase:80 - Found Element By : By.xpath: //table[@id='ItemPropertyDetailKind']/tbody/tr/td/input[@name='GuItemKindShortRateFlag']
2020/07/14 14:26:33:712 DEBUG com.sinosoft.test.base.TestBase:49 - CodeSelect:设置完毕[[InternetExplorerDriver: internet explorer on WINDOWS (4bf77cb9-25e9-49b0-8121-97182b7f26de)] -> xpath: //table[@id='ItemPropertyDetailKind']/tbody/tr/td/input[@name='GuItemKindShortRateFlag']] & Code=2
2020/07/14 14:26:33:712 DEBUG com.sinosoft.test.base.TestBase:76 - Trying to find Element By : By.xpath: //table[@id='ItemPropertyDetailKind']/tbody/tr/td/input[@name='GuItemKindGrossPremium']
2020/07/14 14:26:33:798 DEBUG com.sinosoft.test.base.TestBase:80 - Found Element By : By.xpath: //table[@id='ItemPropertyDetailKind']/tbody/tr/td/input[@name='GuItemKindGrossPremium']
2020/07/14 14:26:33:799  INFO com.sinosoft.test.base.TestBase:388 - setEditboxTValue:[[InternetExplorerDriver: internet explorer on WINDOWS (4bf77cb9-25e9-49b0-8121-97182b7f26de)] -> xpath: //table[@id='ItemPropertyDetailKind']/tbody/tr/td/input[@name='GuItemKindGrossPremium']]->400
2020/07/14 14:26:33:799 DEBUG com.sinosoft.test.base.TestBase:76 - Trying to find Element By : By.xpath: //table[@id='ItemPropertyDetailKind']/tbody/tr/td/input[@name='GuItemKindGrossPremium']
2020/07/14 14:26:33:883 DEBUG com.sinosoft.test.base.TestBase:80 - Found Element By : By.xpath: //table[@id='ItemPropertyDetailKind']/tbody/tr/td/input[@name='GuItemKindGrossPremium']
2020/07/14 14:26:34:512 DEBUG com.sinosoft.test.base.TestBase:76 - Trying to find Element By : By.xpath: //table[@id='ItemPropertyDetailKind']/tbody/tr/td/input[@name='GuItemKindGrossPremium']
2020/07/14 14:26:34:589 DEBUG com.sinosoft.test.base.TestBase:80 - Found Element By : By.xpath: //table[@id='ItemPropertyDetailKind']/tbody/tr/td/input[@name='GuItemKindGrossPremium']
2020/07/14 14:26:40:248 DEBUG com.sinosoft.test.base.TestBase:234 - 开始录入营业中断险！
2020/07/14 14:26:40:249 DEBUG com.sinosoft.test.base.TestBase:76 - Trying to find Element By : By.id: ItemPropertyItem1105
2020/07/14 14:26:40:411 DEBUG com.sinosoft.test.base.TestBase:80 - Found Element By : By.id: ItemPropertyItem1105
2020/07/14 14:26:40:413  INFO com.sinosoft.test.base.TestBase:406 - clickElement:[[InternetExplorerDriver: internet explorer on WINDOWS (4bf77cb9-25e9-49b0-8121-97182b7f26de)] -> id: ItemPropertyItem1105]
2020/07/14 14:26:40:413 DEBUG com.sinosoft.test.base.TestBase:76 - Trying to find Element By : By.id: ItemPropertyItem1105
2020/07/14 14:26:40:505 DEBUG com.sinosoft.test.base.TestBase:80 - Found Element By : By.id: ItemPropertyItem1105
2020/07/14 14:26:40:505 DEBUG com.sinosoft.test.base.TestBase:42 - Trying to click on: [[InternetExplorerDriver: internet explorer on WINDOWS (4bf77cb9-25e9-49b0-8121-97182b7f26de)] -> id: ItemPropertyItem1105]
2020/07/14 14:26:42:058 DEBUG com.sinosoft.test.base.TestBase:46 - Clicked on: [[InternetExplorerDriver: internet explorer on WINDOWS (4bf77cb9-25e9-49b0-8121-97182b7f26de)] -> id: ItemPropertyItem1105]
2020/07/14 14:26:42:058 DEBUG com.sinosoft.test.base.TestBase:76 - Trying to find Element By : By.name: GuItemDynamic0105FieldBG
2020/07/14 14:26:42:227 DEBUG com.sinosoft.test.base.TestBase:80 - Found Element By : By.name: GuItemDynamic0105FieldBG
2020/07/14 14:26:42:228  INFO com.sinosoft.test.base.TestBase:360 - setEditboxValue:[[InternetExplorerDriver: internet explorer on WINDOWS (4bf77cb9-25e9-49b0-8121-97182b7f26de)] -> name: GuItemDynamic0105FieldBG]：24
2020/07/14 14:26:42:228 DEBUG com.sinosoft.test.base.TestBase:76 - Trying to find Element By : By.name: GuItemDynamic0105FieldBG
2020/07/14 14:26:42:318 DEBUG com.sinosoft.test.base.TestBase:80 - Found Element By : By.name: GuItemDynamic0105FieldBG
2020/07/14 14:26:42:662 DEBUG com.sinosoft.test.base.TestBase:76 - Trying to find Element By : By.name: GuItemDynamic0105FieldBG
2020/07/14 14:26:42:744 DEBUG com.sinosoft.test.base.TestBase:80 - Found Element By : By.name: GuItemDynamic0105FieldBG
2020/07/14 14:26:43:335 DEBUG com.sinosoft.test.base.TestBase:76 - Trying to find Element By : By.name: GuItemDynamic0105FieldBG
2020/07/14 14:26:43:491 DEBUG com.sinosoft.test.base.TestBase:80 - Found Element By : By.name: GuItemDynamic0105FieldBG
2020/07/14 14:26:43:492  INFO com.sinosoft.test.base.TestBase:363 - setEditboxValue—End:[[InternetExplorerDriver: internet explorer on WINDOWS (4bf77cb9-25e9-49b0-8121-97182b7f26de)] -> name: GuItemDynamic0105FieldBG]：24
2020/07/14 14:26:43:494 DEBUG com.sinosoft.test.base.TestBase:76 - Trying to find Element By : By.name: GuItemDynamic0105FieldBF
2020/07/14 14:26:43:589 DEBUG com.sinosoft.test.base.TestBase:80 - Found Element By : By.name: GuItemDynamic0105FieldBF
2020/07/14 14:26:43:626 DEBUG com.sinosoft.test.base.TestBase:76 - Trying to find Element By : By.name: GuItemDynamic0105FieldBF
2020/07/14 14:26:43:718 DEBUG com.sinosoft.test.base.TestBase:80 - Found Element By : By.name: GuItemDynamic0105FieldBF
2020/07/14 14:26:43:718 DEBUG com.sinosoft.test.base.TestBase:63 - SetCodeEditBox:开始设置:[[InternetExplorerDriver: internet explorer on WINDOWS (4bf77cb9-25e9-49b0-8121-97182b7f26de)] -> name: GuItemDynamic0105FieldBF] & Code=6000000
2020/07/14 14:26:43:719 DEBUG com.sinosoft.test.base.TestBase:76 - Trying to find Element By : By.name: GuItemDynamic0105FieldBF
2020/07/14 14:26:43:840 DEBUG com.sinosoft.test.base.TestBase:80 - Found Element By : By.name: GuItemDynamic0105FieldBF
2020/07/14 14:26:44:209 DEBUG com.sinosoft.test.base.TestBase:76 - Trying to find Element By : By.name: GuItemDynamic0105FieldBF
2020/07/14 14:26:44:327 DEBUG com.sinosoft.test.base.TestBase:80 - Found Element By : By.name: GuItemDynamic0105FieldBF
2020/07/14 14:26:45:193 DEBUG com.sinosoft.test.base.TestBase:76 - Trying to find Element By : By.name: GuItemDynamic0105FieldBF
2020/07/14 14:26:45:266 DEBUG com.sinosoft.test.base.TestBase:80 - Found Element By : By.name: GuItemDynamic0105FieldBF
2020/07/14 14:26:45:266 DEBUG com.sinosoft.test.base.TestBase:76 - Trying to find Element By : By.xpath: ../input[last()]
2020/07/14 14:26:45:375 DEBUG com.sinosoft.test.base.TestBase:80 - Found Element By : By.xpath: ../input[last()]
2020/07/14 14:26:45:566  INFO com.sinosoft.test.base.TestBase:71 - SetCodeEditBox:找到了Code对应的文本显示框并点击触发显示:GuItemDynamic0105FieldBF
2020/07/14 14:26:45:566 DEBUG com.sinosoft.test.base.TestBase:42 - Trying to click on: [[[[InternetExplorerDriver: internet explorer on WINDOWS (4bf77cb9-25e9-49b0-8121-97182b7f26de)] -> name: GuItemDynamic0105FieldBF]] -> xpath: ../input[last()]]
2020/07/14 14:26:46:916 DEBUG com.sinosoft.test.base.TestBase:46 - Clicked on: [[[[InternetExplorerDriver: internet explorer on WINDOWS (4bf77cb9-25e9-49b0-8121-97182b7f26de)] -> name: GuItemDynamic0105FieldBF]] -> xpath: ../input[last()]]
2020/07/14 14:26:47:117 DEBUG com.sinosoft.test.base.TestBase:76 - Trying to find Element By : By.name: GuItemDynamic0105FieldBF
2020/07/14 14:26:47:299 DEBUG com.sinosoft.test.base.TestBase:80 - Found Element By : By.name: GuItemDynamic0105FieldBF
2020/07/14 14:26:47:300 DEBUG com.sinosoft.test.base.TestBase:87 - SetCodeEditBox:设置完毕[[InternetExplorerDriver: internet explorer on WINDOWS (4bf77cb9-25e9-49b0-8121-97182b7f26de)] -> name: GuItemDynamic0105FieldBF],设置值 Code=6000000
2020/07/14 14:26:47:300 DEBUG com.sinosoft.test.base.TestBase:76 - Trying to find Element By : By.name: GuItemDynamic0105FieldBE
2020/07/14 14:26:47:448 DEBUG com.sinosoft.test.base.TestBase:80 - Found Element By : By.name: GuItemDynamic0105FieldBE
2020/07/14 14:26:47:521 DEBUG com.sinosoft.test.base.TestBase:76 - Trying to find Element By : By.name: GuItemDynamic0105FieldBE
2020/07/14 14:26:47:677 DEBUG com.sinosoft.test.base.TestBase:80 - Found Element By : By.name: GuItemDynamic0105FieldBE
2020/07/14 14:26:47:677 DEBUG com.sinosoft.test.base.TestBase:63 - SetCodeEditBox:开始设置:[[InternetExplorerDriver: internet explorer on WINDOWS (4bf77cb9-25e9-49b0-8121-97182b7f26de)] -> name: GuItemDynamic0105FieldBE] & Code=20000000
2020/07/14 14:26:47:677 DEBUG com.sinosoft.test.base.TestBase:76 - Trying to find Element By : By.name: GuItemDynamic0105FieldBE
2020/07/14 14:26:47:805 DEBUG com.sinosoft.test.base.TestBase:80 - Found Element By : By.name: GuItemDynamic0105FieldBE
2020/07/14 14:26:48:235 DEBUG com.sinosoft.test.base.TestBase:76 - Trying to find Element By : By.name: GuItemDynamic0105FieldBE
2020/07/14 14:26:48:368 DEBUG com.sinosoft.test.base.TestBase:80 - Found Element By : By.name: GuItemDynamic0105FieldBE
2020/07/14 14:26:49:335 DEBUG com.sinosoft.test.base.TestBase:76 - Trying to find Element By : By.name: GuItemDynamic0105FieldBE
2020/07/14 14:26:49:452 DEBUG com.sinosoft.test.base.TestBase:80 - Found Element By : By.name: GuItemDynamic0105FieldBE
2020/07/14 14:26:49:453 DEBUG com.sinosoft.test.base.TestBase:76 - Trying to find Element By : By.xpath: ../input[last()]
2020/07/14 14:26:49:586 DEBUG com.sinosoft.test.base.TestBase:80 - Found Element By : By.xpath: ../input[last()]
2020/07/14 14:26:49:774  INFO com.sinosoft.test.base.TestBase:71 - SetCodeEditBox:找到了Code对应的文本显示框并点击触发显示:GuItemDynamic0105FieldBE
2020/07/14 14:26:49:775 DEBUG com.sinosoft.test.base.TestBase:42 - Trying to click on: [[[[InternetExplorerDriver: internet explorer on WINDOWS (4bf77cb9-25e9-49b0-8121-97182b7f26de)] -> name: GuItemDynamic0105FieldBE]] -> xpath: ../input[last()]]
2020/07/14 14:26:51:246 DEBUG com.sinosoft.test.base.TestBase:46 - Clicked on: [[[[InternetExplorerDriver: internet explorer on WINDOWS (4bf77cb9-25e9-49b0-8121-97182b7f26de)] -> name: GuItemDynamic0105FieldBE]] -> xpath: ../input[last()]]
2020/07/14 14:26:51:446 DEBUG com.sinosoft.test.base.TestBase:76 - Trying to find Element By : By.name: GuItemDynamic0105FieldBE
2020/07/14 14:26:51:576 DEBUG com.sinosoft.test.base.TestBase:80 - Found Element By : By.name: GuItemDynamic0105FieldBE
2020/07/14 14:26:51:576 DEBUG com.sinosoft.test.base.TestBase:87 - SetCodeEditBox:设置完毕[[InternetExplorerDriver: internet explorer on WINDOWS (4bf77cb9-25e9-49b0-8121-97182b7f26de)] -> name: GuItemDynamic0105FieldBE],设置值 Code=20000000
2020/07/14 14:26:51:576 DEBUG com.sinosoft.test.base.TestBase:76 - Trying to find Element By : By.id: ItemPropertyDetail0105
2020/07/14 14:26:51:737 DEBUG com.sinosoft.test.base.TestBase:80 - Found Element By : By.id: ItemPropertyDetail0105
2020/07/14 14:26:51:738 DEBUG com.sinosoft.test.base.TestBase:76 - Trying to find Element By : By.name: GuItemPropertyDetail0105ItemDetailCode
2020/07/14 14:26:51:866 DEBUG com.sinosoft.test.base.TestBase:80 - Found Element By : By.name: GuItemPropertyDetail0105ItemDetailCode
2020/07/14 14:26:51:867 DEBUG com.sinosoft.test.base.TestBase:76 - Trying to find Element By : By.id: ItemPropertyDetail0105
2020/07/14 14:26:51:963 DEBUG com.sinosoft.test.base.TestBase:80 - Found Element By : By.id: ItemPropertyDetail0105
2020/07/14 14:26:51:965 DEBUG com.sinosoft.test.base.TestBase:76 - Trying to find Element By : By.name: GuItemPropertyDetail0105ItemDetailList
2020/07/14 14:26:52:088 DEBUG com.sinosoft.test.base.TestBase:80 - Found Element By : By.name: GuItemPropertyDetail0105ItemDetailList
2020/07/14 14:26:52:139 DEBUG com.sinosoft.test.base.TestBase:42 - CodeSelect:开始设置[[[[InternetExplorerDriver: internet explorer on WINDOWS (4bf77cb9-25e9-49b0-8121-97182b7f26de)] -> id: ItemPropertyDetail0105]] -> name: GuItemPropertyDetail0105ItemDetailCode] & Code=010056
2020/07/14 14:26:53:897 DEBUG com.sinosoft.test.base.TestBase:272 - 系统窗口【黄河财险业务系统】with handle -24010e72-8c9b-419f-b407-9aaab12d717a
2020/07/14 14:26:54:584 DEBUG com.sinosoft.test.base.TestBase:272 - 系统窗口【黄河财险业务系统】with handle -24010e72-8c9b-419f-b407-9aaab12d717a
2020/07/14 14:26:55:242 DEBUG com.sinosoft.test.base.TestBase:272 - 系统窗口【Code Select】with handle -3e27bb07-4335-49a7-a8c4-57e33fce9f36
2020/07/14 14:26:55:780 DEBUG com.sinosoft.test.base.TestBase:69 - 初始化class com.sinosoft.test.fccp.common.CodeSelectPage
2020/07/14 14:26:55:782 DEBUG com.sinosoft.test.base.TestBase:39 - 基础码表选择！
2020/07/14 14:26:55:782 DEBUG com.sinosoft.test.base.TestBase:76 - Trying to find Element By : By.name: fieldValue
2020/07/14 14:26:56:124 DEBUG com.sinosoft.test.base.TestBase:80 - Found Element By : By.name: fieldValue
2020/07/14 14:26:56:125  INFO com.sinosoft.test.base.TestBase:360 - setEditboxValue:[[InternetExplorerDriver: internet explorer on WINDOWS (4bf77cb9-25e9-49b0-8121-97182b7f26de)] -> name: fieldValue]：010056
2020/07/14 14:26:57:607  INFO com.sinosoft.test.base.TestBase:363 - setEditboxValue—End:[[InternetExplorerDriver: internet explorer on WINDOWS (4bf77cb9-25e9-49b0-8121-97182b7f26de)] -> name: fieldValue]：010056
2020/07/14 14:26:57:608 DEBUG com.sinosoft.test.base.TestBase:76 - Trying to find Element By : By.xpath: //input[@value='查询(Q)']
2020/07/14 14:26:57:933 DEBUG com.sinosoft.test.base.TestBase:80 - Found Element By : By.xpath: //input[@value='查询(Q)']
2020/07/14 14:26:57:934  INFO com.sinosoft.test.base.TestBase:402 - clickButton:[[InternetExplorerDriver: internet explorer on WINDOWS (4bf77cb9-25e9-49b0-8121-97182b7f26de)] -> xpath: //input[@value='查询(Q)']]
2020/07/14 14:26:57:934 DEBUG com.sinosoft.test.base.TestBase:42 - Trying to click on: [[InternetExplorerDriver: internet explorer on WINDOWS (4bf77cb9-25e9-49b0-8121-97182b7f26de)] -> xpath: //input[@value='查询(Q)']]
2020/07/14 14:26:59:567 DEBUG com.sinosoft.test.base.TestBase:46 - Clicked on: [[InternetExplorerDriver: internet explorer on WINDOWS (4bf77cb9-25e9-49b0-8121-97182b7f26de)] -> xpath: //input[@value='查询(Q)']]
2020/07/14 14:26:59:567 DEBUG com.sinosoft.test.base.TestBase:76 - Trying to find Element By : By.name: codeselect
2020/07/14 14:26:59:868 DEBUG com.sinosoft.test.base.TestBase:80 - Found Element By : By.name: codeselect
2020/07/14 14:26:59:868  INFO com.sinosoft.test.base.TestBase:132 - setFuzzySelect:[[InternetExplorerDriver: internet explorer on WINDOWS (4bf77cb9-25e9-49b0-8121-97182b7f26de)] -> name: codeselect]->010056
2020/07/14 14:27:00:468 DEBUG com.sinosoft.test.base.TestBase:76 - Trying to find Element By : By.tagName: option
2020/07/14 14:27:00:799 DEBUG com.sinosoft.test.base.TestBase:80 - Found Element By : By.tagName: option
2020/07/14 14:27:01:118  INFO com.sinosoft.test.base.TestBase:142 - 找到匹配【010056】的选项：010056--营业利润
2020/07/14 14:27:01:118 DEBUG com.sinosoft.test.base.TestBase:76 - Trying to find Element By : By.xpath: .//option[normalize-space(.) = "010056--营业利润"]
2020/07/14 14:27:01:446 DEBUG com.sinosoft.test.base.TestBase:80 - Found Element By : By.xpath: .//option[normalize-space(.) = "010056--营业利润"]
2020/07/14 14:27:01:770 DEBUG com.sinosoft.test.base.TestBase:42 - Trying to click on: [[[[InternetExplorerDriver: internet explorer on WINDOWS (4bf77cb9-25e9-49b0-8121-97182b7f26de)] -> name: codeselect]] -> xpath: .//option[normalize-space(.) = "010056--营业利润"]]
2020/07/14 14:27:02:246 DEBUG com.sinosoft.test.base.TestBase:46 - Clicked on: [[[[InternetExplorerDriver: internet explorer on WINDOWS (4bf77cb9-25e9-49b0-8121-97182b7f26de)] -> name: codeselect]] -> xpath: .//option[normalize-space(.) = "010056--营业利润"]]
2020/07/14 14:27:02:246 DEBUG com.sinosoft.test.base.TestBase:151 - setFuzzySelect 结束！
2020/07/14 14:27:02:247 DEBUG com.sinosoft.test.base.TestBase:76 - Trying to find Element By : By.name: SelectIt
2020/07/14 14:27:02:543 DEBUG com.sinosoft.test.base.TestBase:80 - Found Element By : By.name: SelectIt
2020/07/14 14:27:02:543  INFO com.sinosoft.test.base.TestBase:416 - jsClickButton:[[InternetExplorerDriver: internet explorer on WINDOWS (4bf77cb9-25e9-49b0-8121-97182b7f26de)] -> name: SelectIt]
2020/07/14 14:27:02:544  INFO com.sinosoft.test.base.TestBase:144 - RunJavaScript:[[InternetExplorerDriver: internet explorer on WINDOWS (4bf77cb9-25e9-49b0-8121-97182b7f26de)] -> name: SelectIt]	arguments[0].click();
2020/07/14 14:27:03:377 DEBUG com.sinosoft.test.base.TestBase:272 - 系统窗口【黄河财险业务系统】with handle -24010e72-8c9b-419f-b407-9aaab12d717a
2020/07/14 14:27:09:298 DEBUG com.sinosoft.test.base.TestBase:49 - CodeSelect:设置完毕[[[[InternetExplorerDriver: internet explorer on WINDOWS (4bf77cb9-25e9-49b0-8121-97182b7f26de)] -> id: ItemPropertyDetail0105]] -> name: GuItemPropertyDetail0105ItemDetailCode] & Code=010056
2020/07/14 14:27:09:300 DEBUG com.sinosoft.test.base.TestBase:76 - Trying to find Element By : By.id: ItemPropertyDetail0105
2020/07/14 14:27:09:440 DEBUG com.sinosoft.test.base.TestBase:80 - Found Element By : By.id: ItemPropertyDetail0105
2020/07/14 14:27:09:441  INFO com.sinosoft.test.base.TestBase:406 - clickElement:[[InternetExplorerDriver: internet explorer on WINDOWS (4bf77cb9-25e9-49b0-8121-97182b7f26de)] -> id: ItemPropertyDetail0105]
2020/07/14 14:27:09:441 DEBUG com.sinosoft.test.base.TestBase:76 - Trying to find Element By : By.id: ItemPropertyDetail0105
2020/07/14 14:27:09:638 DEBUG com.sinosoft.test.base.TestBase:80 - Found Element By : By.id: ItemPropertyDetail0105
2020/07/14 14:27:09:639 DEBUG com.sinosoft.test.base.TestBase:42 - Trying to click on: [[InternetExplorerDriver: internet explorer on WINDOWS (4bf77cb9-25e9-49b0-8121-97182b7f26de)] -> id: ItemPropertyDetail0105]
2020/07/14 14:27:10:994 DEBUG com.sinosoft.test.base.TestBase:46 - Clicked on: [[InternetExplorerDriver: internet explorer on WINDOWS (4bf77cb9-25e9-49b0-8121-97182b7f26de)] -> id: ItemPropertyDetail0105]
2020/07/14 14:27:10:995 DEBUG com.sinosoft.test.base.TestBase:76 - Trying to find Element By : By.id: ItemPropertyDetail0105
2020/07/14 14:27:11:096 DEBUG com.sinosoft.test.base.TestBase:80 - Found Element By : By.id: ItemPropertyDetail0105
2020/07/14 14:27:11:098 DEBUG com.sinosoft.test.base.TestBase:76 - Trying to find Element By : By.name: GuItemKind0105KindCode
2020/07/14 14:27:11:195 DEBUG com.sinosoft.test.base.TestBase:80 - Found Element By : By.name: GuItemKind0105KindCode
2020/07/14 14:27:11:195 DEBUG com.sinosoft.test.base.TestBase:76 - Trying to find Element By : By.id: ItemPropertyDetail0105
2020/07/14 14:27:11:315 DEBUG com.sinosoft.test.base.TestBase:80 - Found Element By : By.id: ItemPropertyDetail0105
2020/07/14 14:27:11:317 DEBUG com.sinosoft.test.base.TestBase:76 - Trying to find Element By : By.name: GuItemKind0105CalculateInd
2020/07/14 14:27:11:408 DEBUG com.sinosoft.test.base.TestBase:80 - Found Element By : By.name: GuItemKind0105CalculateInd
2020/07/14 14:27:11:409 DEBUG com.sinosoft.test.base.TestBase:76 - Trying to find Element By : By.id: ItemPropertyDetail0105
2020/07/14 14:27:11:489 DEBUG com.sinosoft.test.base.TestBase:80 - Found Element By : By.id: ItemPropertyDetail0105
2020/07/14 14:27:11:490 DEBUG com.sinosoft.test.base.TestBase:76 - Trying to find Element By : By.name: GuItemKind0105ValueType
2020/07/14 14:27:11:558 DEBUG com.sinosoft.test.base.TestBase:80 - Found Element By : By.name: GuItemKind0105ValueType
2020/07/14 14:27:11:558 DEBUG com.sinosoft.test.base.TestBase:76 - Trying to find Element By : By.id: ItemPropertyDetail0105
2020/07/14 14:27:11:706 DEBUG com.sinosoft.test.base.TestBase:80 - Found Element By : By.id: ItemPropertyDetail0105
2020/07/14 14:27:11:706 DEBUG com.sinosoft.test.base.TestBase:76 - Trying to find Element By : By.name: GuItemKind0105SumInsured
2020/07/14 14:27:11:801 DEBUG com.sinosoft.test.base.TestBase:80 - Found Element By : By.name: GuItemKind0105SumInsured
2020/07/14 14:27:11:801 DEBUG com.sinosoft.test.base.TestBase:76 - Trying to find Element By : By.id: ItemPropertyDetail0105
2020/07/14 14:27:11:897 DEBUG com.sinosoft.test.base.TestBase:80 - Found Element By : By.id: ItemPropertyDetail0105
2020/07/14 14:27:11:898 DEBUG com.sinosoft.test.base.TestBase:76 - Trying to find Element By : By.name: GuItemKind0105Rate
2020/07/14 14:27:12:006 DEBUG com.sinosoft.test.base.TestBase:80 - Found Element By : By.name: GuItemKind0105Rate
2020/07/14 14:27:12:007 DEBUG com.sinosoft.test.base.TestBase:76 - Trying to find Element By : By.id: ItemPropertyDetail0105
2020/07/14 14:27:12:137 DEBUG com.sinosoft.test.base.TestBase:80 - Found Element By : By.id: ItemPropertyDetail0105
2020/07/14 14:27:12:138 DEBUG com.sinosoft.test.base.TestBase:76 - Trying to find Element By : By.name: GuItemKind0105ShortRateFlag
2020/07/14 14:27:12:234 DEBUG com.sinosoft.test.base.TestBase:80 - Found Element By : By.name: GuItemKind0105ShortRateFlag
2020/07/14 14:27:12:235 DEBUG com.sinosoft.test.base.TestBase:76 - Trying to find Element By : By.id: ItemPropertyDetail0105
2020/07/14 14:27:12:359 DEBUG com.sinosoft.test.base.TestBase:80 - Found Element By : By.id: ItemPropertyDetail0105
2020/07/14 14:27:12:359 DEBUG com.sinosoft.test.base.TestBase:76 - Trying to find Element By : By.name: GuItemKind0105GrossPremium
2020/07/14 14:27:12:462 DEBUG com.sinosoft.test.base.TestBase:80 - Found Element By : By.name: GuItemKind0105GrossPremium
2020/07/14 14:27:12:509 DEBUG com.sinosoft.test.base.TestBase:42 - CodeSelect:开始设置[[[[InternetExplorerDriver: internet explorer on WINDOWS (4bf77cb9-25e9-49b0-8121-97182b7f26de)] -> id: ItemPropertyDetail0105]] -> name: GuItemKind0105KindCode] & Code=0105001
2020/07/14 14:27:14:061 DEBUG com.sinosoft.test.base.TestBase:272 - 系统窗口【黄河财险业务系统】with handle -24010e72-8c9b-419f-b407-9aaab12d717a
2020/07/14 14:27:14:751 DEBUG com.sinosoft.test.base.TestBase:272 - 系统窗口【黄河财险业务系统】with handle -24010e72-8c9b-419f-b407-9aaab12d717a
2020/07/14 14:27:15:420 DEBUG com.sinosoft.test.base.TestBase:272 - 系统窗口【Code Select】with handle -834c3923-ed66-4cb4-a4ee-1939d733401a
2020/07/14 14:27:15:947 DEBUG com.sinosoft.test.base.TestBase:69 - 初始化class com.sinosoft.test.fccp.common.CodeSelectPage
2020/07/14 14:27:15:949 DEBUG com.sinosoft.test.base.TestBase:39 - 基础码表选择！
2020/07/14 14:27:15:949 DEBUG com.sinosoft.test.base.TestBase:76 - Trying to find Element By : By.name: fieldValue
2020/07/14 14:27:16:239 DEBUG com.sinosoft.test.base.TestBase:80 - Found Element By : By.name: fieldValue
2020/07/14 14:27:16:239  INFO com.sinosoft.test.base.TestBase:360 - setEditboxValue:[[InternetExplorerDriver: internet explorer on WINDOWS (4bf77cb9-25e9-49b0-8121-97182b7f26de)] -> name: fieldValue]：0105001
2020/07/14 14:27:17:788  INFO com.sinosoft.test.base.TestBase:363 - setEditboxValue—End:[[InternetExplorerDriver: internet explorer on WINDOWS (4bf77cb9-25e9-49b0-8121-97182b7f26de)] -> name: fieldValue]：0105001
2020/07/14 14:27:17:789 DEBUG com.sinosoft.test.base.TestBase:76 - Trying to find Element By : By.xpath: //input[@value='查询(Q)']
2020/07/14 14:27:18:097 DEBUG com.sinosoft.test.base.TestBase:80 - Found Element By : By.xpath: //input[@value='查询(Q)']
2020/07/14 14:27:18:098  INFO com.sinosoft.test.base.TestBase:402 - clickButton:[[InternetExplorerDriver: internet explorer on WINDOWS (4bf77cb9-25e9-49b0-8121-97182b7f26de)] -> xpath: //input[@value='查询(Q)']]
2020/07/14 14:27:18:098 DEBUG com.sinosoft.test.base.TestBase:42 - Trying to click on: [[InternetExplorerDriver: internet explorer on WINDOWS (4bf77cb9-25e9-49b0-8121-97182b7f26de)] -> xpath: //input[@value='查询(Q)']]
2020/07/14 14:27:19:750 DEBUG com.sinosoft.test.base.TestBase:46 - Clicked on: [[InternetExplorerDriver: internet explorer on WINDOWS (4bf77cb9-25e9-49b0-8121-97182b7f26de)] -> xpath: //input[@value='查询(Q)']]
2020/07/14 14:27:19:750 DEBUG com.sinosoft.test.base.TestBase:76 - Trying to find Element By : By.name: codeselect
2020/07/14 14:27:20:063 DEBUG com.sinosoft.test.base.TestBase:80 - Found Element By : By.name: codeselect
2020/07/14 14:27:20:063  INFO com.sinosoft.test.base.TestBase:132 - setFuzzySelect:[[InternetExplorerDriver: internet explorer on WINDOWS (4bf77cb9-25e9-49b0-8121-97182b7f26de)] -> name: codeselect]->0105001
2020/07/14 14:27:20:626 DEBUG com.sinosoft.test.base.TestBase:76 - Trying to find Element By : By.tagName: option
2020/07/14 14:27:20:970 DEBUG com.sinosoft.test.base.TestBase:80 - Found Element By : By.tagName: option
2020/07/14 14:27:21:285  INFO com.sinosoft.test.base.TestBase:142 - 找到匹配【0105001】的选项：0105001--营业中断保险（2018版）条款
2020/07/14 14:27:21:286 DEBUG com.sinosoft.test.base.TestBase:76 - Trying to find Element By : By.xpath: .//option[normalize-space(.) = "0105001--营业中断保险（2018版）条款"]
2020/07/14 14:27:21:612 DEBUG com.sinosoft.test.base.TestBase:80 - Found Element By : By.xpath: .//option[normalize-space(.) = "0105001--营业中断保险（2018版）条款"]
2020/07/14 14:27:21:918 DEBUG com.sinosoft.test.base.TestBase:42 - Trying to click on: [[[[InternetExplorerDriver: internet explorer on WINDOWS (4bf77cb9-25e9-49b0-8121-97182b7f26de)] -> name: codeselect]] -> xpath: .//option[normalize-space(.) = "0105001--营业中断保险（2018版）条款"]]
2020/07/14 14:27:22:444 DEBUG com.sinosoft.test.base.TestBase:46 - Clicked on: [[[[InternetExplorerDriver: internet explorer on WINDOWS (4bf77cb9-25e9-49b0-8121-97182b7f26de)] -> name: codeselect]] -> xpath: .//option[normalize-space(.) = "0105001--营业中断保险（2018版）条款"]]
2020/07/14 14:27:22:445 DEBUG com.sinosoft.test.base.TestBase:151 - setFuzzySelect 结束！
2020/07/14 14:27:22:445 DEBUG com.sinosoft.test.base.TestBase:76 - Trying to find Element By : By.name: SelectIt
2020/07/14 14:27:22:740 DEBUG com.sinosoft.test.base.TestBase:80 - Found Element By : By.name: SelectIt
2020/07/14 14:27:22:741  INFO com.sinosoft.test.base.TestBase:416 - jsClickButton:[[InternetExplorerDriver: internet explorer on WINDOWS (4bf77cb9-25e9-49b0-8121-97182b7f26de)] -> name: SelectIt]
2020/07/14 14:27:22:742  INFO com.sinosoft.test.base.TestBase:144 - RunJavaScript:[[InternetExplorerDriver: internet explorer on WINDOWS (4bf77cb9-25e9-49b0-8121-97182b7f26de)] -> name: SelectIt]	arguments[0].click();
2020/07/14 14:27:23:625 DEBUG com.sinosoft.test.base.TestBase:272 - 系统窗口【黄河财险业务系统】with handle -24010e72-8c9b-419f-b407-9aaab12d717a
2020/07/14 14:27:29:069 DEBUG com.sinosoft.test.base.TestBase:49 - CodeSelect:设置完毕[[[[InternetExplorerDriver: internet explorer on WINDOWS (4bf77cb9-25e9-49b0-8121-97182b7f26de)] -> id: ItemPropertyDetail0105]] -> name: GuItemKind0105KindCode] & Code=0105001
2020/07/14 14:27:29:109  INFO com.sinosoft.test.base.TestBase:96 - setSelectWithStartText:[[[[InternetExplorerDriver: internet explorer on WINDOWS (4bf77cb9-25e9-49b0-8121-97182b7f26de)] -> id: ItemPropertyDetail0105]] -> name: GuItemKind0105ValueType]->18
2020/07/14 14:27:29:206 DEBUG com.sinosoft.test.base.TestBase:76 - Trying to find Element By : By.tagName: option
2020/07/14 14:27:29:637 DEBUG com.sinosoft.test.base.TestBase:80 - Found Element By : By.tagName: option
2020/07/14 14:27:30:638  INFO com.sinosoft.test.base.TestBase:114 - 找到匹配【18】的选项：18-估价
2020/07/14 14:27:30:639 DEBUG com.sinosoft.test.base.TestBase:76 - Trying to find Element By : By.xpath: .//option[normalize-space(.) = "18-估价"]
2020/07/14 14:27:30:739 DEBUG com.sinosoft.test.base.TestBase:80 - Found Element By : By.xpath: .//option[normalize-space(.) = "18-估价"]
2020/07/14 14:27:30:777 DEBUG com.sinosoft.test.base.TestBase:42 - Trying to click on: [[[[[[InternetExplorerDriver: internet explorer on WINDOWS (4bf77cb9-25e9-49b0-8121-97182b7f26de)] -> id: ItemPropertyDetail0105]] -> name: GuItemKind0105ValueType]] -> xpath: .//option[normalize-space(.) = "18-估价"]]
2020/07/14 14:27:31:151 DEBUG com.sinosoft.test.base.TestBase:46 - Clicked on: [[[[[[InternetExplorerDriver: internet explorer on WINDOWS (4bf77cb9-25e9-49b0-8121-97182b7f26de)] -> id: ItemPropertyDetail0105]] -> name: GuItemKind0105ValueType]] -> xpath: .//option[normalize-space(.) = "18-估价"]]
2020/07/14 14:27:31:152 DEBUG com.sinosoft.test.base.TestBase:123 - setSelectWithStartText 结束！
2020/07/14 14:27:31:152  INFO com.sinosoft.test.base.TestBase:360 - setEditboxValue:[[[[InternetExplorerDriver: internet explorer on WINDOWS (4bf77cb9-25e9-49b0-8121-97182b7f26de)] -> id: ItemPropertyDetail0105]] -> name: GuItemKind0105SumInsured]：200000
2020/07/14 14:27:32:133  INFO com.sinosoft.test.base.TestBase:363 - setEditboxValue—End:[[[[InternetExplorerDriver: internet explorer on WINDOWS (4bf77cb9-25e9-49b0-8121-97182b7f26de)] -> id: ItemPropertyDetail0105]] -> name: GuItemKind0105SumInsured]：200000
2020/07/14 14:27:32:134  INFO com.sinosoft.test.base.TestBase:388 - setEditboxTValue:[[[[InternetExplorerDriver: internet explorer on WINDOWS (4bf77cb9-25e9-49b0-8121-97182b7f26de)] -> id: ItemPropertyDetail0105]] -> name: GuItemKind0105Rate]->3
2020/07/14 14:27:38:106  INFO com.sinosoft.test.base.TestBase:388 - setEditboxTValue:[[[[InternetExplorerDriver: internet explorer on WINDOWS (4bf77cb9-25e9-49b0-8121-97182b7f26de)] -> id: ItemPropertyDetail0105]] -> name: GuItemKind0105GrossPremium]->4000
2020/07/14 14:27:44:395 DEBUG com.sinosoft.test.base.TestBase:76 - Trying to find Element By : By.id: saveButton
2020/07/14 14:27:44:549 DEBUG com.sinosoft.test.base.TestBase:80 - Found Element By : By.id: saveButton
2020/07/14 14:27:44:550  INFO com.sinosoft.test.base.TestBase:402 - clickButton:[[InternetExplorerDriver: internet explorer on WINDOWS (4bf77cb9-25e9-49b0-8121-97182b7f26de)] -> id: saveButton]
2020/07/14 14:27:44:550 DEBUG com.sinosoft.test.base.TestBase:76 - Trying to find Element By : By.id: saveButton
2020/07/14 14:27:44:700 DEBUG com.sinosoft.test.base.TestBase:80 - Found Element By : By.id: saveButton
2020/07/14 14:27:44:700 DEBUG com.sinosoft.test.base.TestBase:42 - Trying to click on: [[InternetExplorerDriver: internet explorer on WINDOWS (4bf77cb9-25e9-49b0-8121-97182b7f26de)] -> id: saveButton]
2020/07/14 14:27:46:466 DEBUG com.sinosoft.test.base.TestBase:46 - Clicked on: [[InternetExplorerDriver: internet explorer on WINDOWS (4bf77cb9-25e9-49b0-8121-97182b7f26de)] -> id: saveButton]
2020/07/14 14:27:50:941 DEBUG com.sinosoft.test.base.TestBase:76 - Trying to find Element By : By.xpath: //td[text()='条款信息']
2020/07/14 14:27:51:035 DEBUG com.sinosoft.test.base.TestBase:80 - Found Element By : By.xpath: //td[text()='条款信息']
2020/07/14 14:27:51:036  INFO com.sinosoft.test.base.TestBase:402 - clickButton:[[InternetExplorerDriver: internet explorer on WINDOWS (4bf77cb9-25e9-49b0-8121-97182b7f26de)] -> xpath: //td[text()='条款信息']]
2020/07/14 14:27:51:037 DEBUG com.sinosoft.test.base.TestBase:42 - Trying to click on: [[InternetExplorerDriver: internet explorer on WINDOWS (4bf77cb9-25e9-49b0-8121-97182b7f26de)] -> xpath: //td[text()='条款信息']]
2020/07/14 14:27:53:623 DEBUG com.sinosoft.test.base.TestBase:46 - Clicked on: [[InternetExplorerDriver: internet explorer on WINDOWS (4bf77cb9-25e9-49b0-8121-97182b7f26de)] -> xpath: //td[text()='条款信息']]
2020/07/14 14:27:58:998 DEBUG com.sinosoft.test.base.TestBase:69 - 初始化class com.sinosoft.test.fccp.tbcl.RiskDetail_TermsPage
2020/07/14 14:28:04:591 DEBUG com.sinosoft.test.base.TestBase:76 - Trying to find Element By : By.id: saveButton
2020/07/14 14:28:04:661 DEBUG com.sinosoft.test.base.TestBase:80 - Found Element By : By.id: saveButton
2020/07/14 14:28:04:662  INFO com.sinosoft.test.base.TestBase:402 - clickButton:[[InternetExplorerDriver: internet explorer on WINDOWS (4bf77cb9-25e9-49b0-8121-97182b7f26de)] -> id: saveButton]
2020/07/14 14:28:04:662 DEBUG com.sinosoft.test.base.TestBase:76 - Trying to find Element By : By.id: saveButton
2020/07/14 14:28:04:730 DEBUG com.sinosoft.test.base.TestBase:80 - Found Element By : By.id: saveButton
2020/07/14 14:28:04:730 DEBUG com.sinosoft.test.base.TestBase:42 - Trying to click on: [[InternetExplorerDriver: internet explorer on WINDOWS (4bf77cb9-25e9-49b0-8121-97182b7f26de)] -> id: saveButton]
2020/07/14 14:28:06:200 DEBUG com.sinosoft.test.base.TestBase:46 - Clicked on: [[InternetExplorerDriver: internet explorer on WINDOWS (4bf77cb9-25e9-49b0-8121-97182b7f26de)] -> id: saveButton]
2020/07/14 14:28:09:146 DEBUG com.sinosoft.test.base.TestBase:76 - Trying to find Element By : By.xpath: //td[text()='联共保信息']
2020/07/14 14:28:09:217 DEBUG com.sinosoft.test.base.TestBase:80 - Found Element By : By.xpath: //td[text()='联共保信息']
2020/07/14 14:28:09:218  INFO com.sinosoft.test.base.TestBase:402 - clickButton:[[InternetExplorerDriver: internet explorer on WINDOWS (4bf77cb9-25e9-49b0-8121-97182b7f26de)] -> xpath: //td[text()='联共保信息']]
2020/07/14 14:28:09:219 DEBUG com.sinosoft.test.base.TestBase:42 - Trying to click on: [[InternetExplorerDriver: internet explorer on WINDOWS (4bf77cb9-25e9-49b0-8121-97182b7f26de)] -> xpath: //td[text()='联共保信息']]
2020/07/14 14:28:12:013 DEBUG com.sinosoft.test.base.TestBase:46 - Clicked on: [[InternetExplorerDriver: internet explorer on WINDOWS (4bf77cb9-25e9-49b0-8121-97182b7f26de)] -> xpath: //td[text()='联共保信息']]
2020/07/14 14:28:17:404 DEBUG com.sinosoft.test.base.TestBase:69 - 初始化class com.sinosoft.test.fccp.tbcl.RiskDetail_CoInsuredPage
2020/07/14 14:28:22:803 DEBUG com.sinosoft.test.base.TestBase:76 - Trying to find Element By : By.id: Coinsurance
2020/07/14 14:28:22:878 DEBUG com.sinosoft.test.base.TestBase:80 - Found Element By : By.id: Coinsurance
2020/07/14 14:28:22:879  INFO com.sinosoft.test.base.TestBase:406 - clickElement:[[InternetExplorerDriver: internet explorer on WINDOWS (4bf77cb9-25e9-49b0-8121-97182b7f26de)] -> id: Coinsurance]
2020/07/14 14:28:22:879 DEBUG com.sinosoft.test.base.TestBase:76 - Trying to find Element By : By.id: Coinsurance
2020/07/14 14:28:22:976 DEBUG com.sinosoft.test.base.TestBase:80 - Found Element By : By.id: Coinsurance
2020/07/14 14:28:22:977 DEBUG com.sinosoft.test.base.TestBase:42 - Trying to click on: [[InternetExplorerDriver: internet explorer on WINDOWS (4bf77cb9-25e9-49b0-8121-97182b7f26de)] -> id: Coinsurance]
2020/07/14 14:28:24:323 DEBUG com.sinosoft.test.base.TestBase:46 - Clicked on: [[InternetExplorerDriver: internet explorer on WINDOWS (4bf77cb9-25e9-49b0-8121-97182b7f26de)] -> id: Coinsurance]
2020/07/14 14:28:24:324 DEBUG com.sinosoft.test.base.TestBase:76 - Trying to find Element By : By.xpath: //table[@id='Coinsurance']/tbody/tr/td/input[@name='buttonCoinsuranceDetailInfo']
2020/07/14 14:28:26:605 DEBUG com.sinosoft.test.base.TestBase:66 - 系统自动捕获异常：Exception occured: org.openqa.selenium.NoSuchElementException: Unable to find element with xpath == //table[@id='Coinsurance']/tbody/tr/td/input[@name='buttonCoinsuranceDetailInfo']
For documentation on this error, please visit: http://seleniumhq.org/exceptions/no_such_element.html
Build info: version: '3.9.0', revision: '698b3178f0', time: '2018-02-05T14:26:55.441Z'
System info: host: 'DESKTOP-I9S3ABE', ip: '100.100.99.142', os.name: 'Windows 10', os.arch: 'amd64', os.version: '10.0', java.version: '1.8.0_101'
Driver info: org.openqa.selenium.ie.InternetExplorerDriver
Capabilities {acceptInsecureCerts: false, browserName: internet explorer, browserVersion: 11, javascriptEnabled: true, pageLoadStrategy: normal, platform: WINDOWS, platformName: WINDOWS, proxy: Proxy(), se:ieOptions: {browserAttachTimeout: 0, elementScrollBehavior: 0, enablePersistentHover: true, ie.browserCommandLineSwitches: , ie.ensureCleanSession: false, ie.fileUploadDialogTimeout: 3000, ie.forceCreateProcessApi: false, ignoreProtectedModeSettings: true, ignoreZoomSetting: false, initialBrowserUrl: http://localhost:18381/, nativeEvents: true, requireWindowFocus: false}, setWindowRect: true, timeouts: {implicit: 0, pageLoad: 300000, script: 30000}, unhandledPromptBehavior: ignore}
Session ID: 4bf77cb9-25e9-49b0-8121-97182b7f26de
*** Element info: {Using=xpath, value=//table[@id='Coinsurance']/tbody/tr/td/input[@name='buttonCoinsuranceDetailInfo']}
2020/07/14 14:28:26:607  INFO com.sinosoft.test.base.TestBase:68 - 异常的message 是：Unable to find element with xpath == //table[@id='Coinsurance']/tbody/tr/td/input[@name='buttonCoinsuranceDetailInfo']
For documentation on this error, please visit: http://seleniumhq.org/exceptions/no_such_element.html
Build info: version: '3.9.0', revision: '698b3178f0', time: '2018-02-05T14:26:55.441Z'
System info: host: 'DESKTOP-I9S3ABE', ip: '100.100.99.142', os.name: 'Windows 10', os.arch: 'amd64', os.version: '10.0', java.version: '1.8.0_101'
Driver info: org.openqa.selenium.ie.InternetExplorerDriver
Capabilities {acceptInsecureCerts: false, browserName: internet explorer, browserVersion: 11, javascriptEnabled: true, pageLoadStrategy: normal, platform: WINDOWS, platformName: WINDOWS, proxy: Proxy(), se:ieOptions: {browserAttachTimeout: 0, elementScrollBehavior: 0, enablePersistentHover: true, ie.browserCommandLineSwitches: , ie.ensureCleanSession: false, ie.fileUploadDialogTimeout: 3000, ie.forceCreateProcessApi: false, ignoreProtectedModeSettings: true, ignoreZoomSetting: false, initialBrowserUrl: http://localhost:18381/, nativeEvents: true, requireWindowFocus: false}, setWindowRect: true, timeouts: {implicit: 0, pageLoad: 300000, script: 30000}, unhandledPromptBehavior: ignore}
Session ID: 4bf77cb9-25e9-49b0-8121-97182b7f26de
*** Element info: {Using=xpath, value=//table[@id='Coinsurance']/tbody/tr/td/input[@name='buttonCoinsuranceDetailInfo']}
2020/07/14 14:28:26:608  INFO com.sinosoft.test.base.TestBase:402 - clickButton:Proxy element for: DefaultElementLocator 'By.xpath: //table[@id='Coinsurance']/tbody/tr/td/input[@name='buttonCoinsuranceDetailInfo']'
2020/07/14 14:28:26:609 DEBUG com.sinosoft.test.base.TestBase:76 - Trying to find Element By : By.xpath: //table[@id='Coinsurance']/tbody/tr/td/input[@name='buttonCoinsuranceDetailInfo']
2020/07/14 14:28:28:864 DEBUG com.sinosoft.test.base.TestBase:66 - 系统自动捕获异常：Exception occured: org.openqa.selenium.NoSuchElementException: Unable to find element with xpath == //table[@id='Coinsurance']/tbody/tr/td/input[@name='buttonCoinsuranceDetailInfo']
For documentation on this error, please visit: http://seleniumhq.org/exceptions/no_such_element.html
Build info: version: '3.9.0', revision: '698b3178f0', time: '2018-02-05T14:26:55.441Z'
System info: host: 'DESKTOP-I9S3ABE', ip: '100.100.99.142', os.name: 'Windows 10', os.arch: 'amd64', os.version: '10.0', java.version: '1.8.0_101'
Driver info: org.openqa.selenium.ie.InternetExplorerDriver
Capabilities {acceptInsecureCerts: false, browserName: internet explorer, browserVersion: 11, javascriptEnabled: true, pageLoadStrategy: normal, platform: WINDOWS, platformName: WINDOWS, proxy: Proxy(), se:ieOptions: {browserAttachTimeout: 0, elementScrollBehavior: 0, enablePersistentHover: true, ie.browserCommandLineSwitches: , ie.ensureCleanSession: false, ie.fileUploadDialogTimeout: 3000, ie.forceCreateProcessApi: false, ignoreProtectedModeSettings: true, ignoreZoomSetting: false, initialBrowserUrl: http://localhost:18381/, nativeEvents: true, requireWindowFocus: false}, setWindowRect: true, timeouts: {implicit: 0, pageLoad: 300000, script: 30000}, unhandledPromptBehavior: ignore}
Session ID: 4bf77cb9-25e9-49b0-8121-97182b7f26de
*** Element info: {Using=xpath, value=//table[@id='Coinsurance']/tbody/tr/td/input[@name='buttonCoinsuranceDetailInfo']}
2020/07/14 14:28:28:865  INFO com.sinosoft.test.base.TestBase:68 - 异常的message 是：Unable to find element with xpath == //table[@id='Coinsurance']/tbody/tr/td/input[@name='buttonCoinsuranceDetailInfo']
For documentation on this error, please visit: http://seleniumhq.org/exceptions/no_such_element.html
Build info: version: '3.9.0', revision: '698b3178f0', time: '2018-02-05T14:26:55.441Z'
System info: host: 'DESKTOP-I9S3ABE', ip: '100.100.99.142', os.name: 'Windows 10', os.arch: 'amd64', os.version: '10.0', java.version: '1.8.0_101'
Driver info: org.openqa.selenium.ie.InternetExplorerDriver
Capabilities {acceptInsecureCerts: false, browserName: internet explorer, browserVersion: 11, javascriptEnabled: true, pageLoadStrategy: normal, platform: WINDOWS, platformName: WINDOWS, proxy: Proxy(), se:ieOptions: {browserAttachTimeout: 0, elementScrollBehavior: 0, enablePersistentHover: true, ie.browserCommandLineSwitches: , ie.ensureCleanSession: false, ie.fileUploadDialogTimeout: 3000, ie.forceCreateProcessApi: false, ignoreProtectedModeSettings: true, ignoreZoomSetting: false, initialBrowserUrl: http://localhost:18381/, nativeEvents: true, requireWindowFocus: false}, setWindowRect: true, timeouts: {implicit: 0, pageLoad: 300000, script: 30000}, unhandledPromptBehavior: ignore}
Session ID: 4bf77cb9-25e9-49b0-8121-97182b7f26de
*** Element info: {Using=xpath, value=//table[@id='Coinsurance']/tbody/tr/td/input[@name='buttonCoinsuranceDetailInfo']}
2020/07/14 14:28:28:874  INFO com.sinosoft.test.base.TestBase:129 - 执行测试用例发生了异常，开始截屏
org.openqa.selenium.NoSuchElementException: Unable to find element with xpath == //table[@id='Coinsurance']/tbody/tr/td/input[@name='buttonCoinsuranceDetailInfo']
For documentation on this error, please visit: http://seleniumhq.org/exceptions/no_such_element.html
Build info: version: '3.9.0', revision: '698b3178f0', time: '2018-02-05T14:26:55.441Z'
System info: host: 'DESKTOP-I9S3ABE', ip: '100.100.99.142', os.name: 'Windows 10', os.arch: 'amd64', os.version: '10.0', java.version: '1.8.0_101'
Driver info: org.openqa.selenium.ie.InternetExplorerDriver
Capabilities {acceptInsecureCerts: false, browserName: internet explorer, browserVersion: 11, javascriptEnabled: true, pageLoadStrategy: normal, platform: WINDOWS, platformName: WINDOWS, proxy: Proxy(), se:ieOptions: {browserAttachTimeout: 0, elementScrollBehavior: 0, enablePersistentHover: true, ie.browserCommandLineSwitches: , ie.ensureCleanSession: false, ie.fileUploadDialogTimeout: 3000, ie.forceCreateProcessApi: false, ignoreProtectedModeSettings: true, ignoreZoomSetting: false, initialBrowserUrl: http://localhost:18381/, nativeEvents: true, requireWindowFocus: false}, setWindowRect: true, timeouts: {implicit: 0, pageLoad: 300000, script: 30000}, unhandledPromptBehavior: ignore}
Session ID: 4bf77cb9-25e9-49b0-8121-97182b7f26de
*** Element info: {Using=xpath, value=//table[@id='Coinsurance']/tbody/tr/td/input[@name='buttonCoinsuranceDetailInfo']}
	at sun.reflect.NativeConstructorAccessorImpl.newInstance0(Native Method)
	at sun.reflect.NativeConstructorAccessorImpl.newInstance(NativeConstructorAccessorImpl.java:62)
	at sun.reflect.DelegatingConstructorAccessorImpl.newInstance(DelegatingConstructorAccessorImpl.java:45)
	at java.lang.reflect.Constructor.newInstance(Constructor.java:423)
	at org.openqa.selenium.remote.http.W3CHttpResponseCodec.createException(W3CHttpResponseCodec.java:187)
	at org.openqa.selenium.remote.http.W3CHttpResponseCodec.decode(W3CHttpResponseCodec.java:122)
	at org.openqa.selenium.remote.http.W3CHttpResponseCodec.decode(W3CHttpResponseCodec.java:49)
	at org.openqa.selenium.remote.HttpCommandExecutor.execute(HttpCommandExecutor.java:160)
	at org.openqa.selenium.remote.service.DriverCommandExecutor.execute(DriverCommandExecutor.java:83)
	at org.openqa.selenium.remote.RemoteWebDriver.execute(RemoteWebDriver.java:601)
	at org.openqa.selenium.remote.RemoteWebDriver.findElement(RemoteWebDriver.java:371)
	at org.openqa.selenium.remote.RemoteWebDriver.findElementByXPath(RemoteWebDriver.java:473)
	at org.openqa.selenium.By$ByXPath.findElement(By.java:361)
	at org.openqa.selenium.remote.RemoteWebDriver.findElement(RemoteWebDriver.java:363)
	at sun.reflect.GeneratedMethodAccessor3.invoke(Unknown Source)
	at sun.reflect.DelegatingMethodAccessorImpl.invoke(DelegatingMethodAccessorImpl.java:43)
	at java.lang.reflect.Method.invoke(Method.java:498)
	at org.openqa.selenium.support.events.EventFiringWebDriver$2.invoke(EventFiringWebDriver.java:108)
	at com.sun.proxy.$Proxy8.findElement(Unknown Source)
	at org.openqa.selenium.support.events.EventFiringWebDriver.findElement(EventFiringWebDriver.java:192)
	at org.openqa.selenium.support.pagefactory.DefaultElementLocator.findElement(DefaultElementLocator.java:69)
	at org.openqa.selenium.support.pagefactory.internal.LocatingElementHandler.invoke(LocatingElementHandler.java:38)
	at com.sun.proxy.$Proxy12.click(Unknown Source)
	at com.sinosoft.test.base.TestBase.clickButton(TestBase.java:403)
	at com.sinosoft.test.fccp.tbcl.RiskDetail_CoInsuredPage.inputCoInsuranceInfoAction(RiskDetail_CoInsuredPage.java:32)
	at com.sinosoft.testcases.fccb.TBGLTestCase.FCCB_TBCL(TBGLTestCase.java:112)
	at sun.reflect.NativeMethodAccessorImpl.invoke0(Native Method)
	at sun.reflect.NativeMethodAccessorImpl.invoke(NativeMethodAccessorImpl.java:62)
	at sun.reflect.DelegatingMethodAccessorImpl.invoke(DelegatingMethodAccessorImpl.java:43)
	at java.lang.reflect.Method.invoke(Method.java:498)
	at org.testng.internal.MethodInvocationHelper.invokeMethod(MethodInvocationHelper.java:108)
	at org.testng.internal.Invoker.invokeMethod(Invoker.java:661)
	at org.testng.internal.Invoker.invokeTestMethod(Invoker.java:869)
	at org.testng.internal.Invoker.invokeTestMethods(Invoker.java:1193)
	at org.testng.internal.TestMethodWorker.invokeTestMethods(TestMethodWorker.java:126)
	at org.testng.internal.TestMethodWorker.run(TestMethodWorker.java:109)
	at org.testng.TestRunner.privateRun(TestRunner.java:744)
	at org.testng.TestRunner.run(TestRunner.java:602)
	at org.testng.SuiteRunner.runTest(SuiteRunner.java:380)
	at org.testng.SuiteRunner.runSequentially(SuiteRunner.java:375)
	at org.testng.SuiteRunner.privateRun(SuiteRunner.java:340)
	at org.testng.SuiteRunner.run(SuiteRunner.java:289)
	at org.testng.SuiteRunnerWorker.runSuite(SuiteRunnerWorker.java:52)
	at org.testng.SuiteRunnerWorker.run(SuiteRunnerWorker.java:86)
	at org.testng.TestNG.runSuitesSequentially(TestNG.java:1301)
	at org.testng.TestNG.runSuitesLocally(TestNG.java:1226)
	at org.testng.TestNG.runSuites(TestNG.java:1144)
	at org.testng.TestNG.run(TestNG.java:1115)
	at org.apache.maven.surefire.testng.TestNGExecutor.run(TestNGExecutor.java:283)
	at org.apache.maven.surefire.testng.TestNGXmlTestSuite.execute(TestNGXmlTestSuite.java:75)
	at org.apache.maven.surefire.testng.TestNGProvider.invoke(TestNGProvider.java:120)
	at org.apache.maven.surefire.booter.ForkedBooter.invokeProviderInSameClassLoader(ForkedBooter.java:384)
	at org.apache.maven.surefire.booter.ForkedBooter.runSuitesInProcess(ForkedBooter.java:345)
	at org.apache.maven.surefire.booter.ForkedBooter.execute(ForkedBooter.java:126)
	at org.apache.maven.surefire.booter.ForkedBooter.main(ForkedBooter.java:418)
2020/07/14 14:28:28:877 DEBUG com.sinosoft.test.base.TestBase:88 - 截屏文件名字是：FCCB_TB_JCX_1_异常截屏
2020/07/14 14:28:29:010  INFO com.sinosoft.test.base.TestBase:133 - 执行测试用例发生了异常，截屏结束！
2020/07/14 14:28:29:011  INFO com.sinosoft.test.base.TestBase:136 - 进入Finally事件:RowID:2
2020/07/14 14:28:29:011  INFO com.sinosoft.test.base.TestBase:137 - 进入Finally事件:testCaseName:FCCB_TBCL
2020/07/14 14:28:29:012  INFO com.sinosoft.test.base.TestBase:138 - 进入Finally事件:proposalNumber:06201900101202000000000080
2020/07/14 14:28:29:012  INFO com.sinosoft.test.base.TestBase:139 - 进入Finally事件:message:未知异常Unable to find element with xpath == //table[@id='Coinsurance']/tbody/tr/td/input[@name='buttonCoinsuranceDetailInfo']
For documentation on this error, please visit: http://seleniumhq.org/exceptions/no_such_element.html
Build info: version: '3.9.0', revision: '698b3178f0', time: '2018-02-05T14:26:55.441Z'
System info: host: 'DESKTOP-I9S3ABE', ip: '100.100.99.142', os.name: 'Windows 10', os.arch: 'amd64', os.version: '10.0', java.version: '1.8.0_101'
Driver info: org.openqa.selenium.ie.InternetExplorerDriver
Capabilities {acceptInsecureCerts: false, browserName: internet explorer, browserVersion: 11, javascriptEnabled: true, pageLoadStrategy: normal, platform: WINDOWS, platformName: WINDOWS, proxy: Proxy(), se:ieOptions: {browserAttachTimeout: 0, elementScrollBehavior: 0, enablePersistentHover: true, ie.browserCommandLineSwitches: , ie.ensureCleanSession: false, ie.fileUploadDialogTimeout: 3000, ie.forceCreateProcessApi: false, ignoreProtectedModeSettings: true, ignoreZoomSetting: false, initialBrowserUrl: http://localhost:18381/, nativeEvents: true, requireWindowFocus: false}, setWindowRect: true, timeouts: {implicit: 0, pageLoad: 300000, script: 30000}, unhandledPromptBehavior: ignore}
Session ID: 4bf77cb9-25e9-49b0-8121-97182b7f26de
*** Element info: {Using=xpath, value=//table[@id='Coinsurance']/tbody/tr/td/input[@name='buttonCoinsuranceDetailInfo']}
2020/07/14 14:28:29:012  INFO com.sinosoft.test.base.TestBase:140 - 进入Finally事件:screenshot:C:\Users\liu-b\git\PageObjectModel\screenshots\FCCB_TB_JCX_1_异常截屏_20200714022829005.png
2020/07/14 14:28:29:631 DEBUG freemarker.cache:45 - Couldn't find template in cache for "index.ftl"("en", UTF-8, parsed); will try to load it.
2020/07/14 14:28:29:636 DEBUG freemarker.cache:45 - TemplateLoader.findTemplateSource("index_en.ftl"): Not found
2020/07/14 14:28:29:639 DEBUG freemarker.cache:45 - TemplateLoader.findTemplateSource("index.ftl"): Found
2020/07/14 14:28:29:640 DEBUG freemarker.cache:45 - Loading template for "index.ftl"("en", UTF-8, parsed) from "jar:file:/C:/Users/liu-b/.m2/repository/com/aventstack/extentreports/3.1.3/extentreports-3.1.3.jar!/com/aventstack/extentreports/view/html-report/index.ftl"
2020/07/14 14:28:30:029 DEBUG freemarker.cache:45 - Couldn't find template in cache for "head.ftl"("en", UTF-8, parsed); will try to load it.
2020/07/14 14:28:30:030 DEBUG freemarker.cache:45 - TemplateLoader.findTemplateSource("head_en.ftl"): Not found
2020/07/14 14:28:30:031 DEBUG freemarker.cache:45 - TemplateLoader.findTemplateSource("head.ftl"): Found
2020/07/14 14:28:30:033 DEBUG freemarker.cache:45 - Loading template for "head.ftl"("en", UTF-8, parsed) from "jar:file:/C:/Users/liu-b/.m2/repository/com/aventstack/extentreports/3.1.3/extentreports-3.1.3.jar!/com/aventstack/extentreports/view/html-report/head.ftl"
2020/07/14 14:28:30:040 DEBUG freemarker.cache:45 - Couldn't find template in cache for "nav.ftl"("en", UTF-8, parsed); will try to load it.
2020/07/14 14:28:30:041 DEBUG freemarker.cache:45 - TemplateLoader.findTemplateSource("nav_en.ftl"): Not found
2020/07/14 14:28:30:042 DEBUG freemarker.cache:45 - TemplateLoader.findTemplateSource("nav.ftl"): Found
2020/07/14 14:28:30:042 DEBUG freemarker.cache:45 - Loading template for "nav.ftl"("en", UTF-8, parsed) from "jar:file:/C:/Users/liu-b/.m2/repository/com/aventstack/extentreports/3.1.3/extentreports-3.1.3.jar!/com/aventstack/extentreports/view/html-report/nav.ftl"
2020/07/14 14:28:30:058 DEBUG freemarker.cache:45 - Couldn't find template in cache for "test-view/test-view.ftl"("en", UTF-8, parsed); will try to load it.
2020/07/14 14:28:30:058 DEBUG freemarker.cache:45 - TemplateLoader.findTemplateSource("test-view/test-view_en.ftl"): Not found
2020/07/14 14:28:30:070 DEBUG freemarker.cache:45 - TemplateLoader.findTemplateSource("test-view/test-view.ftl"): Found
2020/07/14 14:28:30:071 DEBUG freemarker.cache:45 - Loading template for "test-view/test-view.ftl"("en", UTF-8, parsed) from "jar:file:/C:/Users/liu-b/.m2/repository/com/aventstack/extentreports/3.1.3/extentreports-3.1.3.jar!/com/aventstack/extentreports/view/html-report/test-view/test-view.ftl"
2020/07/14 14:28:30:091 DEBUG freemarker.cache:45 - Couldn't find template in cache for "test-view/test-view-charts.ftl"("en", UTF-8, parsed); will try to load it.
2020/07/14 14:28:30:092 DEBUG freemarker.cache:45 - TemplateLoader.findTemplateSource("test-view/test-view-charts_en.ftl"): Not found
2020/07/14 14:28:30:092 DEBUG freemarker.cache:45 - TemplateLoader.findTemplateSource("test-view/test-view-charts.ftl"): Found
2020/07/14 14:28:30:093 DEBUG freemarker.cache:45 - Loading template for "test-view/test-view-charts.ftl"("en", UTF-8, parsed) from "jar:file:/C:/Users/liu-b/.m2/repository/com/aventstack/extentreports/3.1.3/extentreports-3.1.3.jar!/com/aventstack/extentreports/view/html-report/test-view/test-view-charts.ftl"
2020/07/14 14:28:30:115 DEBUG freemarker.cache:45 - Couldn't find template in cache for "test-view/standard.ftl"("en", UTF-8, parsed); will try to load it.
2020/07/14 14:28:30:117 DEBUG freemarker.cache:45 - TemplateLoader.findTemplateSource("test-view/standard_en.ftl"): Not found
2020/07/14 14:28:30:119 DEBUG freemarker.cache:45 - TemplateLoader.findTemplateSource("test-view/standard.ftl"): Found
2020/07/14 14:28:30:120 DEBUG freemarker.cache:45 - Loading template for "test-view/standard.ftl"("en", UTF-8, parsed) from "jar:file:/C:/Users/liu-b/.m2/repository/com/aventstack/extentreports/3.1.3/extentreports-3.1.3.jar!/com/aventstack/extentreports/view/html-report/test-view/standard.ftl"
2020/07/14 14:28:30:142 DEBUG freemarker.cache:45 - Couldn't find template in cache for "category-view/category-view.ftl"("en", UTF-8, parsed); will try to load it.
2020/07/14 14:28:30:143 DEBUG freemarker.cache:45 - TemplateLoader.findTemplateSource("category-view/category-view_en.ftl"): Not found
2020/07/14 14:28:30:144 DEBUG freemarker.cache:45 - TemplateLoader.findTemplateSource("category-view/category-view.ftl"): Found
2020/07/14 14:28:30:144 DEBUG freemarker.cache:45 - Loading template for "category-view/category-view.ftl"("en", UTF-8, parsed) from "jar:file:/C:/Users/liu-b/.m2/repository/com/aventstack/extentreports/3.1.3/extentreports-3.1.3.jar!/com/aventstack/extentreports/view/html-report/category-view/category-view.ftl"
2020/07/14 14:28:30:153 DEBUG freemarker.cache:45 - Couldn't find template in cache for "author-view/author-view.ftl"("en", UTF-8, parsed); will try to load it.
2020/07/14 14:28:30:153 DEBUG freemarker.cache:45 - TemplateLoader.findTemplateSource("author-view/author-view_en.ftl"): Not found
2020/07/14 14:28:30:154 DEBUG freemarker.cache:45 - TemplateLoader.findTemplateSource("author-view/author-view.ftl"): Found
2020/07/14 14:28:30:155 DEBUG freemarker.cache:45 - Loading template for "author-view/author-view.ftl"("en", UTF-8, parsed) from "jar:file:/C:/Users/liu-b/.m2/repository/com/aventstack/extentreports/3.1.3/extentreports-3.1.3.jar!/com/aventstack/extentreports/view/html-report/author-view/author-view.ftl"
2020/07/14 14:28:30:164 DEBUG freemarker.cache:45 - Couldn't find template in cache for "exception-view/exception-view.ftl"("en", UTF-8, parsed); will try to load it.
2020/07/14 14:28:30:166 DEBUG freemarker.cache:45 - TemplateLoader.findTemplateSource("exception-view/exception-view_en.ftl"): Not found
2020/07/14 14:28:30:171 DEBUG freemarker.cache:45 - TemplateLoader.findTemplateSource("exception-view/exception-view.ftl"): Found
2020/07/14 14:28:30:171 DEBUG freemarker.cache:45 - Loading template for "exception-view/exception-view.ftl"("en", UTF-8, parsed) from "jar:file:/C:/Users/liu-b/.m2/repository/com/aventstack/extentreports/3.1.3/extentreports-3.1.3.jar!/com/aventstack/extentreports/view/html-report/exception-view/exception-view.ftl"
2020/07/14 14:28:30:188 DEBUG freemarker.cache:45 - Couldn't find template in cache for "dashboard-view/dashboard-view.ftl"("en", UTF-8, parsed); will try to load it.
2020/07/14 14:28:30:188 DEBUG freemarker.cache:45 - TemplateLoader.findTemplateSource("dashboard-view/dashboard-view_en.ftl"): Not found
2020/07/14 14:28:30:189 DEBUG freemarker.cache:45 - TemplateLoader.findTemplateSource("dashboard-view/dashboard-view.ftl"): Found
2020/07/14 14:28:30:190 DEBUG freemarker.cache:45 - Loading template for "dashboard-view/dashboard-view.ftl"("en", UTF-8, parsed) from "jar:file:/C:/Users/liu-b/.m2/repository/com/aventstack/extentreports/3.1.3/extentreports-3.1.3.jar!/com/aventstack/extentreports/view/html-report/dashboard-view/dashboard-view.ftl"
2020/07/14 14:28:30:196 DEBUG freemarker.cache:45 - Couldn't find template in cache for "logs-view/testrunner-logs-view.ftl"("en", UTF-8, parsed); will try to load it.
2020/07/14 14:28:30:196 DEBUG freemarker.cache:45 - TemplateLoader.findTemplateSource("logs-view/testrunner-logs-view_en.ftl"): Not found
2020/07/14 14:28:30:197 DEBUG freemarker.cache:45 - TemplateLoader.findTemplateSource("logs-view/testrunner-logs-view.ftl"): Found
2020/07/14 14:28:30:198 DEBUG freemarker.cache:45 - Loading template for "logs-view/testrunner-logs-view.ftl"("en", UTF-8, parsed) from "jar:file:/C:/Users/liu-b/.m2/repository/com/aventstack/extentreports/3.1.3/extentreports-3.1.3.jar!/com/aventstack/extentreports/view/html-report/logs-view/testrunner-logs-view.ftl"
2020/07/14 15:38:05:821  INFO com.sinosoft.test.base.TestBase:59 - 配置文件路径：config.properties
2020/07/14 15:38:05:825 DEBUG com.sinosoft.test.base.TestBase:69 - 初始化class com.sinosoft.testcases.fccb.TBGLTestCase
2020/07/14 15:38:05:891 DEBUG com.sinosoft.test.base.TestBase:69 - 初始化class com.sinosoft.test.util.ExcelDataProvider
2020/07/14 15:38:06:892  INFO com.sinosoft.test.base.TestBase:80 - 当前文件里面一共有数据：4
2020/07/14 15:38:06:949  INFO com.sinosoft.test.base.TestBase:91 - start InternetExplorerDriver
2020/07/14 15:38:10:066 DEBUG com.sinosoft.test.base.TestBase:69 - 初始化class com.sinosoft.test.util.WebEventListener
2020/07/14 15:38:10:093  INFO com.sinosoft.test.base.TestBase:83 - 开始运行测试脚本，获取到的测试数据《getTBCLTestData》如下:
2020/07/14 15:38:10:093  INFO com.sinosoft.test.base.TestBase:84 - ROW_ID=2
ProcessFlag=Y
TestCaseName=FCCB_TB_JCX
TestCaseSeq=1
TestDescription=非车承保企财险-财产基本险-出单
riskClass=01
riskCode=0101
renewalInd=0
renewalPolicy=
prePay=
carrayOver=
carrayOverPolicy=
relatedInd=
relatedPolicy=
fbbs=
ywgs=01620190
qdlx=01
gdbs=0
xstd=T6201900101
ywy=S000000006
ywly=01010101
dljg=
xsxy=
cxywbs=HXXT
cdjg=
htzyjjfs=
jnwbz=
jw_country=
jw_Addr=
snbz=
sftkbd=0
sfdzbd=0
sfxb=0
fxqkyjytz=
sfydyw=
sfsn=
xbbdh=
tbr_lx=2
tbr_mc=
tbr_vip=
tbr_dm=G6200019984
tbr_zjlx=
tbr_zjhm=
tbr_sj=
tbr_csrq=
tbr_lxdz=
tbr_dwdh=010-67549095-456
lxr_xm=
lxr_xb=
lxr_zw=
lxr_sj=
lxr_yx=
xzsyfw=1
tqmc=
qbrq=
zbrq=
lgbbz=1
yyzdbz=1
sfgxdm=1
cbdq=
zzfwlx=0
hydl=12
hyxl=12006
jqbm=121121123123
bbdm=CNY
sf=130000
cs=130300
qx=130302
yb=065201
jzdj=01
bxcs=北戴河公园
bdw_jd=金融街街道
bdw_yyxz=
bdw_sfhyf=
bdw_fxlx=
bdw_sbmc=
bdw_cjh=
bdw_fdjh=
bdw_cjdjrq=
bdw_cllx=
bdw_cpcx=
bdw_sccj=
bdw_gzjz=
bdw_sgzyqy=
bdw_zylx=
bdw=010001
bdwmx=碣石公园礁石群
xbdm=0101001
jrbe=1
jzfs=10
bxje=2000000
bffl=0.5
dqflbz=2
ysbf=400
yyzd_zdpcg=24
yyzd_sndmlrze=6000000
yyzd_sndyye=20000000
yyzd_bdw=010056
yyzd_bdwmx=
yyzd_xbdm=0105001
yyzd_jrbe=1
yyzd_jzfs=18
yyzd_bxje=200000
yyzd_bffl=3
yyzd_dqflbz=3
yyzd_ysbf=4000
fsh=6
xsfdj=B
xsfxs=2
jgx_sf=
jgx_cs=
jgx_qx=
jgx_gcdd=
jgx_bb=
jgx_gcmc=
jgx_gclx_1=
jgx_gclx_2=
jgx_gclx_3=
jgx_gclx_4=
jgx_gclx_5=
jgx_gclx_6=
jgx_yzssjt=
jgx_yz=
jgx_cbs_ssjt=
jgx_cbs=
jgx_gchth=
jgx_gcjz=
jgx_gcqsrq=
jgx_gczzrq=
jgx_gcfw=
jgx_scqqsrq=
jgx_scqzzrq=
jgx_bzqqsrq=
jgx_bzqzzrq=
jgx_ws_xmlbdm=
jgx_ws_jrbe=
jgx_ws_bxje=
jgx_ws_fl=
jgx_ws_dqflbz=
jgx_ws_ysbf=
jgx_sz_xbdm=
jgx_sz_jrbe=
jgx_sz_ljpcxe=
jgx_sz_fv=
jgx_sz_dqflbz=
jgx_sz_ysbf=
proposalNumber=06201900101202000000000080
message=未知异常Unable to find element with xpath == //table[@id='Coinsurance']/tbody/tr/td/input[@name='buttonCoinsuranceDetailInfo']
For documentation on this error, please visit: http://seleniumhq.org/exceptions/no_such_element.html
Build info: version: '3.9.0', revision: '698b3178f0', time: '2018-02-05T14:26:55.441Z'
System info: host: 'DESKTOP-I9S3ABE', ip: '100.100.99.142', os.name: 'Windows 10', os.arch: 'amd64', os.version: '10.0', java.version: '1.8.0_101'
Driver info: org.openqa.selenium.ie.InternetExplorerDriver
Capabilities {acceptInsecureCerts: false, browserName: internet explorer, browserVersion: 11, javascriptEnabled: true, pageLoadStrategy: normal, platform: WINDOWS, platformName: WINDOWS, proxy: Proxy(), se:ieOptions: {browserAttachTimeout: 0, elementScrollBehavior: 0, enablePersistentHover: true, ie.browserCommandLineSwitches: , ie.ensureCleanSession: false, ie.fileUploadDialogTimeout: 3000, ie.forceCreateProcessApi: false, ignoreProtectedModeSettings: true, ignoreZoomSetting: false, initialBrowserUrl: http://localhost:18381/, nativeEvents: true, requireWindowFocus: false}, setWindowRect: true, timeouts: {implicit: 0, pageLoad: 300000, script: 30000}, unhandledPromptBehavior: ignore}
Session ID: 4bf77cb9-25e9-49b0-8121-97182b7f26de
*** Element info: {Using=xpath, value=//table[@id='Coinsurance']/tbody/tr/td/input[@name='buttonCoinsuranceDetailInfo']}
screenshot=C:\Users\liu-b\git\PageObjectModel\screenshots\FCCB_TB_JCX_1_异常截屏_20200714022829005.png
testCaseName=FCCB_TBCL

2020/07/14 15:38:10:101 DEBUG com.sinosoft.test.base.TestBase:69 - 初始化class com.sinosoft.test.fccp.common.LoginPage
2020/07/14 15:38:15:151 DEBUG com.sinosoft.test.base.TestBase:26 - Before navigating to: 'http://tvfchxyw.ypic.cn'
2020/07/14 15:38:16:037 DEBUG com.sinosoft.test.base.TestBase:30 - Navigated to:'http://tvfchxyw.ypic.cn'
2020/07/14 15:38:16:038 DEBUG com.sinosoft.test.base.TestBase:76 - Trying to find Element By : By.id: username
2020/07/14 15:38:16:353 DEBUG com.sinosoft.test.base.TestBase:80 - Found Element By : By.id: username
2020/07/14 15:38:16:364  INFO com.sinosoft.test.base.TestBase:360 - setEditboxValue:[[InternetExplorerDriver: internet explorer on WINDOWS (a22c6c64-841e-48e7-900d-7217c9608c2d)] -> id: username]：policy1@ypic
2020/07/14 15:38:16:365 DEBUG com.sinosoft.test.base.TestBase:76 - Trying to find Element By : By.id: username
2020/07/14 15:38:16:655 DEBUG com.sinosoft.test.base.TestBase:80 - Found Element By : By.id: username
2020/07/14 15:38:17:187 DEBUG com.sinosoft.test.base.TestBase:76 - Trying to find Element By : By.id: username
2020/07/14 15:38:17:436 DEBUG com.sinosoft.test.base.TestBase:80 - Found Element By : By.id: username
2020/07/14 15:38:18:175 DEBUG com.sinosoft.test.base.TestBase:76 - Trying to find Element By : By.id: username
2020/07/14 15:38:18:522 DEBUG com.sinosoft.test.base.TestBase:80 - Found Element By : By.id: username
2020/07/14 15:38:18:523  INFO com.sinosoft.test.base.TestBase:363 - setEditboxValue—End:[[InternetExplorerDriver: internet explorer on WINDOWS (a22c6c64-841e-48e7-900d-7217c9608c2d)] -> id: username]：policy1@ypic
2020/07/14 15:38:18:523 DEBUG com.sinosoft.test.base.TestBase:76 - Trying to find Element By : By.id: password
2020/07/14 15:38:18:785 DEBUG com.sinosoft.test.base.TestBase:80 - Found Element By : By.id: password
2020/07/14 15:38:18:786  INFO com.sinosoft.test.base.TestBase:360 - setEditboxValue:[[InternetExplorerDriver: internet explorer on WINDOWS (a22c6c64-841e-48e7-900d-7217c9608c2d)] -> id: password]：ypic@1234
2020/07/14 15:38:18:787 DEBUG com.sinosoft.test.base.TestBase:76 - Trying to find Element By : By.id: password
2020/07/14 15:38:19:071 DEBUG com.sinosoft.test.base.TestBase:80 - Found Element By : By.id: password
2020/07/14 15:38:19:582 DEBUG com.sinosoft.test.base.TestBase:76 - Trying to find Element By : By.id: password
2020/07/14 15:38:19:827 DEBUG com.sinosoft.test.base.TestBase:80 - Found Element By : By.id: password
2020/07/14 15:38:20:417 DEBUG com.sinosoft.test.base.TestBase:76 - Trying to find Element By : By.id: password
2020/07/14 15:38:20:655 DEBUG com.sinosoft.test.base.TestBase:80 - Found Element By : By.id: password
2020/07/14 15:38:20:656  INFO com.sinosoft.test.base.TestBase:363 - setEditboxValue—End:[[InternetExplorerDriver: internet explorer on WINDOWS (a22c6c64-841e-48e7-900d-7217c9608c2d)] -> id: password]：ypic@1234
2020/07/14 15:38:20:657 DEBUG com.sinosoft.test.base.TestBase:76 - Trying to find Element By : By.id: bt_submit
2020/07/14 15:38:20:911 DEBUG com.sinosoft.test.base.TestBase:80 - Found Element By : By.id: bt_submit
2020/07/14 15:38:20:914  INFO com.sinosoft.test.base.TestBase:402 - clickButton:[[InternetExplorerDriver: internet explorer on WINDOWS (a22c6c64-841e-48e7-900d-7217c9608c2d)] -> id: bt_submit]
2020/07/14 15:38:20:916 DEBUG com.sinosoft.test.base.TestBase:76 - Trying to find Element By : By.id: bt_submit
2020/07/14 15:38:21:149 DEBUG com.sinosoft.test.base.TestBase:80 - Found Element By : By.id: bt_submit
2020/07/14 15:38:21:150 DEBUG com.sinosoft.test.base.TestBase:42 - Trying to click on: [[InternetExplorerDriver: internet explorer on WINDOWS (a22c6c64-841e-48e7-900d-7217c9608c2d)] -> id: bt_submit]
2020/07/14 15:38:22:710 DEBUG com.sinosoft.test.base.TestBase:46 - Clicked on: [[InternetExplorerDriver: internet explorer on WINDOWS (a22c6c64-841e-48e7-900d-7217c9608c2d)] -> id: bt_submit]
2020/07/14 15:38:22:721 DEBUG com.sinosoft.test.base.TestBase:76 - Trying to find Element By : By.xpath: //input[@value='继续登录']
2020/07/14 15:38:23:009 DEBUG com.sinosoft.test.base.TestBase:80 - Found Element By : By.xpath: //input[@value='继续登录']
2020/07/14 15:38:23:456  INFO com.sinosoft.test.base.TestBase:73 - 重复登录，发现继续登录按钮，强制登录ButtonName:[[InternetExplorerDriver: internet explorer on WINDOWS (a22c6c64-841e-48e7-900d-7217c9608c2d)] -> xpath: //input[@value='继续登录']];Displayed：+true;Enabled=true
2020/07/14 15:38:23:457  INFO com.sinosoft.test.base.TestBase:402 - clickButton:[[InternetExplorerDriver: internet explorer on WINDOWS (a22c6c64-841e-48e7-900d-7217c9608c2d)] -> xpath: //input[@value='继续登录']]
2020/07/14 15:38:23:457 DEBUG com.sinosoft.test.base.TestBase:42 - Trying to click on: [[InternetExplorerDriver: internet explorer on WINDOWS (a22c6c64-841e-48e7-900d-7217c9608c2d)] -> xpath: //input[@value='继续登录']]
2020/07/14 15:38:25:665 DEBUG com.sinosoft.test.base.TestBase:46 - Clicked on: [[InternetExplorerDriver: internet explorer on WINDOWS (a22c6c64-841e-48e7-900d-7217c9608c2d)] -> xpath: //input[@value='继续登录']]
2020/07/14 15:38:25:667 DEBUG com.sinosoft.test.base.TestBase:69 - 初始化class com.sinosoft.test.fccp.common.HomePage
2020/07/14 15:38:26:497 DEBUG com.sinosoft.test.base.TestBase:76 - Trying to find Element By : By.linkText: 承保子系统
2020/07/14 15:38:26:596 DEBUG com.sinosoft.test.base.TestBase:80 - Found Element By : By.linkText: 承保子系统
2020/07/14 15:38:26:597  INFO com.sinosoft.test.base.TestBase:144 - RunJavaScript:[[InternetExplorerDriver: internet explorer on WINDOWS (a22c6c64-841e-48e7-900d-7217c9608c2d)] -> link text: 承保子系统]	arguments[0].click();
2020/07/14 15:38:27:113 DEBUG com.sinosoft.test.base.TestBase:76 - Trying to find Element By : By.linkText: 投保管理
2020/07/14 15:38:27:208 DEBUG com.sinosoft.test.base.TestBase:80 - Found Element By : By.linkText: 投保管理
2020/07/14 15:38:27:212  INFO com.sinosoft.test.base.TestBase:144 - RunJavaScript:[[InternetExplorerDriver: internet explorer on WINDOWS (a22c6c64-841e-48e7-900d-7217c9608c2d)] -> link text: 投保管理]	arguments[0].click();
2020/07/14 15:38:27:541 DEBUG com.sinosoft.test.base.TestBase:76 - Trying to find Element By : By.linkText: 投保处理
2020/07/14 15:38:27:629 DEBUG com.sinosoft.test.base.TestBase:80 - Found Element By : By.linkText: 投保处理
2020/07/14 15:38:27:630  INFO com.sinosoft.test.base.TestBase:144 - RunJavaScript:[[InternetExplorerDriver: internet explorer on WINDOWS (a22c6c64-841e-48e7-900d-7217c9608c2d)] -> link text: 投保处理]	arguments[0].click();
2020/07/14 15:38:27:916 DEBUG com.sinosoft.test.base.TestBase:69 - 初始化class com.sinosoft.test.fccp.tbcl.RiskSelectPage
2020/07/14 15:38:28:882 DEBUG com.sinosoft.test.base.TestBase:93 - 投保处理/险种选择
2020/07/14 15:38:28:885 DEBUG com.sinosoft.test.base.TestBase:76 - Trying to find Element By : By.name: riskClassTemp
2020/07/14 15:38:28:977 DEBUG com.sinosoft.test.base.TestBase:80 - Found Element By : By.name: riskClassTemp
2020/07/14 15:38:29:035 DEBUG com.sinosoft.test.base.TestBase:76 - Trying to find Element By : By.name: riskClassTemp
2020/07/14 15:38:29:186 DEBUG com.sinosoft.test.base.TestBase:80 - Found Element By : By.name: riskClassTemp
2020/07/14 15:38:29:187 DEBUG com.sinosoft.test.base.TestBase:63 - SetCodeEditBox:开始设置:[[InternetExplorerDriver: internet explorer on WINDOWS (a22c6c64-841e-48e7-900d-7217c9608c2d)] -> name: riskClassTemp] & Code=01
2020/07/14 15:38:29:188 DEBUG com.sinosoft.test.base.TestBase:76 - Trying to find Element By : By.name: riskClassTemp
2020/07/14 15:38:29:298 DEBUG com.sinosoft.test.base.TestBase:80 - Found Element By : By.name: riskClassTemp
2020/07/14 15:38:29:794 DEBUG com.sinosoft.test.base.TestBase:76 - Trying to find Element By : By.name: riskClassTemp
2020/07/14 15:38:29:895 DEBUG com.sinosoft.test.base.TestBase:80 - Found Element By : By.name: riskClassTemp
2020/07/14 15:38:30:568 DEBUG com.sinosoft.test.base.TestBase:76 - Trying to find Element By : By.name: riskClassTemp
2020/07/14 15:38:30:649 DEBUG com.sinosoft.test.base.TestBase:80 - Found Element By : By.name: riskClassTemp
2020/07/14 15:38:30:650 DEBUG com.sinosoft.test.base.TestBase:76 - Trying to find Element By : By.xpath: ../input[last()]
2020/07/14 15:38:30:753 DEBUG com.sinosoft.test.base.TestBase:80 - Found Element By : By.xpath: ../input[last()]
2020/07/14 15:38:30:978  INFO com.sinosoft.test.base.TestBase:71 - SetCodeEditBox:找到了Code对应的文本显示框并点击触发显示:riskClassName
2020/07/14 15:38:30:979 DEBUG com.sinosoft.test.base.TestBase:42 - Trying to click on: [[[[InternetExplorerDriver: internet explorer on WINDOWS (a22c6c64-841e-48e7-900d-7217c9608c2d)] -> name: riskClassTemp]] -> xpath: ../input[last()]]
2020/07/14 15:38:32:098 DEBUG com.sinosoft.test.base.TestBase:46 - Clicked on: [[[[InternetExplorerDriver: internet explorer on WINDOWS (a22c6c64-841e-48e7-900d-7217c9608c2d)] -> name: riskClassTemp]] -> xpath: ../input[last()]]
2020/07/14 15:38:32:299 DEBUG com.sinosoft.test.base.TestBase:76 - Trying to find Element By : By.name: riskClassTemp
2020/07/14 15:38:32:383 DEBUG com.sinosoft.test.base.TestBase:80 - Found Element By : By.name: riskClassTemp
2020/07/14 15:38:32:383 DEBUG com.sinosoft.test.base.TestBase:87 - SetCodeEditBox:设置完毕[[InternetExplorerDriver: internet explorer on WINDOWS (a22c6c64-841e-48e7-900d-7217c9608c2d)] -> name: riskClassTemp],设置值 Code=01
2020/07/14 15:38:32:384 DEBUG com.sinosoft.test.base.TestBase:76 - Trying to find Element By : By.name: riskCode
2020/07/14 15:38:32:492 DEBUG com.sinosoft.test.base.TestBase:80 - Found Element By : By.name: riskCode
2020/07/14 15:38:32:535 DEBUG com.sinosoft.test.base.TestBase:76 - Trying to find Element By : By.name: riskCode
2020/07/14 15:38:32:642 DEBUG com.sinosoft.test.base.TestBase:80 - Found Element By : By.name: riskCode
2020/07/14 15:38:32:645 DEBUG com.sinosoft.test.base.TestBase:63 - SetCodeEditBox:开始设置:[[InternetExplorerDriver: internet explorer on WINDOWS (a22c6c64-841e-48e7-900d-7217c9608c2d)] -> name: riskCode] & Code=0101
2020/07/14 15:38:32:646 DEBUG com.sinosoft.test.base.TestBase:76 - Trying to find Element By : By.name: riskCode
2020/07/14 15:38:32:732 DEBUG com.sinosoft.test.base.TestBase:80 - Found Element By : By.name: riskCode
2020/07/14 15:38:33:114 DEBUG com.sinosoft.test.base.TestBase:76 - Trying to find Element By : By.name: riskCode
2020/07/14 15:38:33:192 DEBUG com.sinosoft.test.base.TestBase:80 - Found Element By : By.name: riskCode
2020/07/14 15:38:33:817 DEBUG com.sinosoft.test.base.TestBase:76 - Trying to find Element By : By.name: riskCode
2020/07/14 15:38:33:897 DEBUG com.sinosoft.test.base.TestBase:80 - Found Element By : By.name: riskCode
2020/07/14 15:38:33:898 DEBUG com.sinosoft.test.base.TestBase:76 - Trying to find Element By : By.xpath: ../input[last()]
2020/07/14 15:38:33:991 DEBUG com.sinosoft.test.base.TestBase:80 - Found Element By : By.xpath: ../input[last()]
2020/07/14 15:38:34:210  INFO com.sinosoft.test.base.TestBase:71 - SetCodeEditBox:找到了Code对应的文本显示框并点击触发显示:riskName
2020/07/14 15:38:34:210 DEBUG com.sinosoft.test.base.TestBase:42 - Trying to click on: [[[[InternetExplorerDriver: internet explorer on WINDOWS (a22c6c64-841e-48e7-900d-7217c9608c2d)] -> name: riskCode]] -> xpath: ../input[last()]]
2020/07/14 15:38:35:261 DEBUG com.sinosoft.test.base.TestBase:46 - Clicked on: [[[[InternetExplorerDriver: internet explorer on WINDOWS (a22c6c64-841e-48e7-900d-7217c9608c2d)] -> name: riskCode]] -> xpath: ../input[last()]]
2020/07/14 15:38:35:463 DEBUG com.sinosoft.test.base.TestBase:76 - Trying to find Element By : By.name: riskCode
2020/07/14 15:38:35:559 DEBUG com.sinosoft.test.base.TestBase:80 - Found Element By : By.name: riskCode
2020/07/14 15:38:35:559 DEBUG com.sinosoft.test.base.TestBase:87 - SetCodeEditBox:设置完毕[[InternetExplorerDriver: internet explorer on WINDOWS (a22c6c64-841e-48e7-900d-7217c9608c2d)] -> name: riskCode],设置值 Code=0101
2020/07/14 15:38:35:560 DEBUG com.sinosoft.test.base.TestBase:76 - Trying to find Element By : By.name: renewInd
2020/07/14 15:38:35:671 DEBUG com.sinosoft.test.base.TestBase:80 - Found Element By : By.name: renewInd
2020/07/14 15:38:35:674  INFO com.sinosoft.test.base.TestBase:321 - setEditboxTValue:[[[InternetExplorerDriver: internet explorer on WINDOWS (a22c6c64-841e-48e7-900d-7217c9608c2d)] -> name: renewInd], [[InternetExplorerDriver: internet explorer on WINDOWS (a22c6c64-841e-48e7-900d-7217c9608c2d)] -> name: renewInd]]：0
2020/07/14 15:38:35:675 DEBUG com.sinosoft.test.base.TestBase:76 - Trying to find Element By : By.name: renewInd
2020/07/14 15:38:35:773 DEBUG com.sinosoft.test.base.TestBase:80 - Found Element By : By.name: renewInd
2020/07/14 15:38:35:955 DEBUG com.sinosoft.test.base.TestBase:76 - Trying to find Element By : By.name: buttonNextStep
2020/07/14 15:38:36:036 DEBUG com.sinosoft.test.base.TestBase:80 - Found Element By : By.name: buttonNextStep
2020/07/14 15:38:36:038  INFO com.sinosoft.test.base.TestBase:402 - clickButton:[[InternetExplorerDriver: internet explorer on WINDOWS (a22c6c64-841e-48e7-900d-7217c9608c2d)] -> name: buttonNextStep]
2020/07/14 15:38:36:038 DEBUG com.sinosoft.test.base.TestBase:42 - Trying to click on: [[InternetExplorerDriver: internet explorer on WINDOWS (a22c6c64-841e-48e7-900d-7217c9608c2d)] -> name: buttonNextStep]
2020/07/14 15:38:39:346 DEBUG com.sinosoft.test.base.TestBase:46 - Clicked on: [[InternetExplorerDriver: internet explorer on WINDOWS (a22c6c64-841e-48e7-900d-7217c9608c2d)] -> name: buttonNextStep]
2020/07/14 15:38:39:352 DEBUG com.sinosoft.test.base.TestBase:69 - 初始化class com.sinosoft.test.fccp.tbcl.BasicInfoPage
2020/07/14 15:38:42:405 DEBUG com.sinosoft.test.base.TestBase:322 - 投保处理/基本信息
2020/07/14 15:38:42:406 DEBUG com.sinosoft.test.base.TestBase:76 - Trying to find Element By : By.name: GuMainBusinessType
2020/07/14 15:38:42:516 DEBUG com.sinosoft.test.base.TestBase:80 - Found Element By : By.name: GuMainBusinessType
2020/07/14 15:38:42:517  INFO com.sinosoft.test.base.TestBase:96 - setSelectWithStartText:[[InternetExplorerDriver: internet explorer on WINDOWS (a22c6c64-841e-48e7-900d-7217c9608c2d)] -> name: GuMainBusinessType]->
2020/07/14 15:38:42:518 DEBUG com.sinosoft.test.base.TestBase:76 - Trying to find Element By : By.name: GuMainCompanyCode
2020/07/14 15:38:42:661 DEBUG com.sinosoft.test.base.TestBase:80 - Found Element By : By.name: GuMainCompanyCode
2020/07/14 15:38:42:743 DEBUG com.sinosoft.test.base.TestBase:76 - Trying to find Element By : By.name: GuMainCompanyCode
2020/07/14 15:38:42:869 DEBUG com.sinosoft.test.base.TestBase:80 - Found Element By : By.name: GuMainCompanyCode
2020/07/14 15:38:42:869 DEBUG com.sinosoft.test.base.TestBase:63 - SetCodeEditBox:开始设置:[[InternetExplorerDriver: internet explorer on WINDOWS (a22c6c64-841e-48e7-900d-7217c9608c2d)] -> name: GuMainCompanyCode] & Code=01620190
2020/07/14 15:38:42:870 DEBUG com.sinosoft.test.base.TestBase:76 - Trying to find Element By : By.name: GuMainCompanyCode
2020/07/14 15:38:42:986 DEBUG com.sinosoft.test.base.TestBase:80 - Found Element By : By.name: GuMainCompanyCode
2020/07/14 15:38:43:388 DEBUG com.sinosoft.test.base.TestBase:76 - Trying to find Element By : By.name: GuMainCompanyCode
2020/07/14 15:38:43:520 DEBUG com.sinosoft.test.base.TestBase:80 - Found Element By : By.name: GuMainCompanyCode
2020/07/14 15:38:45:086 DEBUG com.sinosoft.test.base.TestBase:76 - Trying to find Element By : By.name: GuMainCompanyCode
2020/07/14 15:38:45:210 DEBUG com.sinosoft.test.base.TestBase:80 - Found Element By : By.name: GuMainCompanyCode
2020/07/14 15:38:45:212 DEBUG com.sinosoft.test.base.TestBase:76 - Trying to find Element By : By.xpath: ../input[last()]
2020/07/14 15:38:45:347 DEBUG com.sinosoft.test.base.TestBase:80 - Found Element By : By.xpath: ../input[last()]
2020/07/14 15:38:45:566  INFO com.sinosoft.test.base.TestBase:71 - SetCodeEditBox:找到了Code对应的文本显示框并点击触发显示:GuMainCompanyName
2020/07/14 15:38:45:567 DEBUG com.sinosoft.test.base.TestBase:42 - Trying to click on: [[[[InternetExplorerDriver: internet explorer on WINDOWS (a22c6c64-841e-48e7-900d-7217c9608c2d)] -> name: GuMainCompanyCode]] -> xpath: ../input[last()]]
2020/07/14 15:38:46:766 DEBUG com.sinosoft.test.base.TestBase:46 - Clicked on: [[[[InternetExplorerDriver: internet explorer on WINDOWS (a22c6c64-841e-48e7-900d-7217c9608c2d)] -> name: GuMainCompanyCode]] -> xpath: ../input[last()]]
2020/07/14 15:38:46:966 DEBUG com.sinosoft.test.base.TestBase:76 - Trying to find Element By : By.name: GuMainCompanyCode
2020/07/14 15:38:47:112 DEBUG com.sinosoft.test.base.TestBase:80 - Found Element By : By.name: GuMainCompanyCode
2020/07/14 15:38:47:115 DEBUG com.sinosoft.test.base.TestBase:87 - SetCodeEditBox:设置完毕[[InternetExplorerDriver: internet explorer on WINDOWS (a22c6c64-841e-48e7-900d-7217c9608c2d)] -> name: GuMainCompanyCode],设置值 Code=01620190
2020/07/14 15:38:47:117 DEBUG com.sinosoft.test.base.TestBase:76 - Trying to find Element By : By.name: GuMainChannelDetailCode
2020/07/14 15:38:47:249 DEBUG com.sinosoft.test.base.TestBase:80 - Found Element By : By.name: GuMainChannelDetailCode
2020/07/14 15:38:47:329 DEBUG com.sinosoft.test.base.TestBase:76 - Trying to find Element By : By.name: GuMainChannelDetailCode
2020/07/14 15:38:47:451 DEBUG com.sinosoft.test.base.TestBase:80 - Found Element By : By.name: GuMainChannelDetailCode
2020/07/14 15:38:47:451 DEBUG com.sinosoft.test.base.TestBase:63 - SetCodeEditBox:开始设置:[[InternetExplorerDriver: internet explorer on WINDOWS (a22c6c64-841e-48e7-900d-7217c9608c2d)] -> name: GuMainChannelDetailCode] & Code=01
2020/07/14 15:38:47:452 DEBUG com.sinosoft.test.base.TestBase:76 - Trying to find Element By : By.name: GuMainChannelDetailCode
2020/07/14 15:38:47:567 DEBUG com.sinosoft.test.base.TestBase:80 - Found Element By : By.name: GuMainChannelDetailCode
2020/07/14 15:38:48:005 DEBUG com.sinosoft.test.base.TestBase:76 - Trying to find Element By : By.name: GuMainChannelDetailCode
2020/07/14 15:38:48:148 DEBUG com.sinosoft.test.base.TestBase:80 - Found Element By : By.name: GuMainChannelDetailCode
2020/07/14 15:38:48:860 DEBUG com.sinosoft.test.base.TestBase:76 - Trying to find Element By : By.name: GuMainChannelDetailCode
2020/07/14 15:38:48:968 DEBUG com.sinosoft.test.base.TestBase:80 - Found Element By : By.name: GuMainChannelDetailCode
2020/07/14 15:38:48:969 DEBUG com.sinosoft.test.base.TestBase:76 - Trying to find Element By : By.xpath: ../input[last()]
2020/07/14 15:38:49:095 DEBUG com.sinosoft.test.base.TestBase:80 - Found Element By : By.xpath: ../input[last()]
2020/07/14 15:38:49:306  INFO com.sinosoft.test.base.TestBase:71 - SetCodeEditBox:找到了Code对应的文本显示框并点击触发显示:GuMainChannelDetailName
2020/07/14 15:38:49:308 DEBUG com.sinosoft.test.base.TestBase:42 - Trying to click on: [[[[InternetExplorerDriver: internet explorer on WINDOWS (a22c6c64-841e-48e7-900d-7217c9608c2d)] -> name: GuMainChannelDetailCode]] -> xpath: ../input[last()]]
2020/07/14 15:38:50:547 DEBUG com.sinosoft.test.base.TestBase:46 - Clicked on: [[[[InternetExplorerDriver: internet explorer on WINDOWS (a22c6c64-841e-48e7-900d-7217c9608c2d)] -> name: GuMainChannelDetailCode]] -> xpath: ../input[last()]]
2020/07/14 15:38:50:748 DEBUG com.sinosoft.test.base.TestBase:76 - Trying to find Element By : By.name: GuMainChannelDetailCode
2020/07/14 15:38:50:845 DEBUG com.sinosoft.test.base.TestBase:80 - Found Element By : By.name: GuMainChannelDetailCode
2020/07/14 15:38:50:846 DEBUG com.sinosoft.test.base.TestBase:87 - SetCodeEditBox:设置完毕[[InternetExplorerDriver: internet explorer on WINDOWS (a22c6c64-841e-48e7-900d-7217c9608c2d)] -> name: GuMainChannelDetailCode],设置值 Code=01
2020/07/14 15:38:50:846 DEBUG com.sinosoft.test.base.TestBase:76 - Trying to find Element By : By.name: GuMainShareHolderFlag
2020/07/14 15:38:50:932 DEBUG com.sinosoft.test.base.TestBase:80 - Found Element By : By.name: GuMainShareHolderFlag
2020/07/14 15:38:50:971 DEBUG com.sinosoft.test.base.TestBase:76 - Trying to find Element By : By.name: GuMainShareHolderFlag
2020/07/14 15:38:51:131 DEBUG com.sinosoft.test.base.TestBase:80 - Found Element By : By.name: GuMainShareHolderFlag
2020/07/14 15:38:51:131 DEBUG com.sinosoft.test.base.TestBase:42 - CodeSelect:开始设置[[InternetExplorerDriver: internet explorer on WINDOWS (a22c6c64-841e-48e7-900d-7217c9608c2d)] -> name: GuMainShareHolderFlag] & Code=0
2020/07/14 15:38:51:147 DEBUG com.sinosoft.test.base.TestBase:76 - Trying to find Element By : By.name: GuMainShareHolderFlag
2020/07/14 15:38:51:258 DEBUG com.sinosoft.test.base.TestBase:80 - Found Element By : By.name: GuMainShareHolderFlag
2020/07/14 15:38:52:790 DEBUG com.sinosoft.test.base.TestBase:272 - 系统窗口【黄河财险业务系统】with handle -6b1747de-33f4-4180-926f-62df5c98c140
2020/07/14 15:38:53:459 DEBUG com.sinosoft.test.base.TestBase:272 - 系统窗口【黄河财险业务系统】with handle -6b1747de-33f4-4180-926f-62df5c98c140
2020/07/14 15:38:54:105 DEBUG com.sinosoft.test.base.TestBase:272 - 系统窗口【Code Select】with handle -5fad9153-84b5-4ad2-a207-c9eeef1c47c2
2020/07/14 15:38:54:639 DEBUG com.sinosoft.test.base.TestBase:69 - 初始化class com.sinosoft.test.fccp.common.CodeSelectPage
2020/07/14 15:38:54:641 DEBUG com.sinosoft.test.base.TestBase:39 - 基础码表选择！
2020/07/14 15:38:54:642 DEBUG com.sinosoft.test.base.TestBase:76 - Trying to find Element By : By.name: fieldValue
2020/07/14 15:38:54:944 DEBUG com.sinosoft.test.base.TestBase:80 - Found Element By : By.name: fieldValue
2020/07/14 15:38:54:944  INFO com.sinosoft.test.base.TestBase:360 - setEditboxValue:[[InternetExplorerDriver: internet explorer on WINDOWS (a22c6c64-841e-48e7-900d-7217c9608c2d)] -> name: fieldValue]：0
2020/07/14 15:38:56:507  INFO com.sinosoft.test.base.TestBase:363 - setEditboxValue—End:[[InternetExplorerDriver: internet explorer on WINDOWS (a22c6c64-841e-48e7-900d-7217c9608c2d)] -> name: fieldValue]：0
2020/07/14 15:38:56:508 DEBUG com.sinosoft.test.base.TestBase:76 - Trying to find Element By : By.xpath: //input[@value='查询(Q)']
2020/07/14 15:38:56:822 DEBUG com.sinosoft.test.base.TestBase:80 - Found Element By : By.xpath: //input[@value='查询(Q)']
2020/07/14 15:38:56:823  INFO com.sinosoft.test.base.TestBase:402 - clickButton:[[InternetExplorerDriver: internet explorer on WINDOWS (a22c6c64-841e-48e7-900d-7217c9608c2d)] -> xpath: //input[@value='查询(Q)']]
2020/07/14 15:38:56:823 DEBUG com.sinosoft.test.base.TestBase:42 - Trying to click on: [[InternetExplorerDriver: internet explorer on WINDOWS (a22c6c64-841e-48e7-900d-7217c9608c2d)] -> xpath: //input[@value='查询(Q)']]
2020/07/14 15:38:58:476 DEBUG com.sinosoft.test.base.TestBase:46 - Clicked on: [[InternetExplorerDriver: internet explorer on WINDOWS (a22c6c64-841e-48e7-900d-7217c9608c2d)] -> xpath: //input[@value='查询(Q)']]
2020/07/14 15:38:58:477 DEBUG com.sinosoft.test.base.TestBase:76 - Trying to find Element By : By.name: codeselect
2020/07/14 15:38:58:793 DEBUG com.sinosoft.test.base.TestBase:80 - Found Element By : By.name: codeselect
2020/07/14 15:38:58:794  INFO com.sinosoft.test.base.TestBase:132 - setFuzzySelect:[[InternetExplorerDriver: internet explorer on WINDOWS (a22c6c64-841e-48e7-900d-7217c9608c2d)] -> name: codeselect]->0
2020/07/14 15:38:59:372 DEBUG com.sinosoft.test.base.TestBase:76 - Trying to find Element By : By.tagName: option
2020/07/14 15:38:59:895 DEBUG com.sinosoft.test.base.TestBase:80 - Found Element By : By.tagName: option
2020/07/14 15:39:03:074  INFO com.sinosoft.test.base.TestBase:142 - 找到匹配【0】的选项：0--非股东
2020/07/14 15:39:03:076 DEBUG com.sinosoft.test.base.TestBase:76 - Trying to find Element By : By.xpath: .//option[normalize-space(.) = "0--非股东"]
2020/07/14 15:39:03:418 DEBUG com.sinosoft.test.base.TestBase:80 - Found Element By : By.xpath: .//option[normalize-space(.) = "0--非股东"]
2020/07/14 15:39:03:724 DEBUG com.sinosoft.test.base.TestBase:42 - Trying to click on: [[[[InternetExplorerDriver: internet explorer on WINDOWS (a22c6c64-841e-48e7-900d-7217c9608c2d)] -> name: codeselect]] -> xpath: .//option[normalize-space(.) = "0--非股东"]]
2020/07/14 15:39:04:257 DEBUG com.sinosoft.test.base.TestBase:46 - Clicked on: [[[[InternetExplorerDriver: internet explorer on WINDOWS (a22c6c64-841e-48e7-900d-7217c9608c2d)] -> name: codeselect]] -> xpath: .//option[normalize-space(.) = "0--非股东"]]
2020/07/14 15:39:04:257 DEBUG com.sinosoft.test.base.TestBase:151 - setFuzzySelect 结束！
2020/07/14 15:39:04:258 DEBUG com.sinosoft.test.base.TestBase:76 - Trying to find Element By : By.name: SelectIt
2020/07/14 15:39:04:561 DEBUG com.sinosoft.test.base.TestBase:80 - Found Element By : By.name: SelectIt
2020/07/14 15:39:04:563  INFO com.sinosoft.test.base.TestBase:416 - jsClickButton:[[InternetExplorerDriver: internet explorer on WINDOWS (a22c6c64-841e-48e7-900d-7217c9608c2d)] -> name: SelectIt]
2020/07/14 15:39:04:564  INFO com.sinosoft.test.base.TestBase:144 - RunJavaScript:[[InternetExplorerDriver: internet explorer on WINDOWS (a22c6c64-841e-48e7-900d-7217c9608c2d)] -> name: SelectIt]	arguments[0].click();
2020/07/14 15:39:05:380 DEBUG com.sinosoft.test.base.TestBase:272 - 系统窗口【黄河财险业务系统】with handle -6b1747de-33f4-4180-926f-62df5c98c140
2020/07/14 15:39:08:430 DEBUG com.sinosoft.test.base.TestBase:76 - Trying to find Element By : By.name: GuMainShareHolderFlag
2020/07/14 15:39:08:594 DEBUG com.sinosoft.test.base.TestBase:80 - Found Element By : By.name: GuMainShareHolderFlag
2020/07/14 15:39:08:596 DEBUG com.sinosoft.test.base.TestBase:49 - CodeSelect:设置完毕[[InternetExplorerDriver: internet explorer on WINDOWS (a22c6c64-841e-48e7-900d-7217c9608c2d)] -> name: GuMainShareHolderFlag] & Code=0
2020/07/14 15:39:08:598 DEBUG com.sinosoft.test.base.TestBase:76 - Trying to find Element By : By.name: GuMainSalesTeamCode
2020/07/14 15:39:08:764 DEBUG com.sinosoft.test.base.TestBase:80 - Found Element By : By.name: GuMainSalesTeamCode
2020/07/14 15:39:08:817 DEBUG com.sinosoft.test.base.TestBase:76 - Trying to find Element By : By.name: GuMainSalesTeamCode
2020/07/14 15:39:08:992 DEBUG com.sinosoft.test.base.TestBase:80 - Found Element By : By.name: GuMainSalesTeamCode
2020/07/14 15:39:08:994 DEBUG com.sinosoft.test.base.TestBase:42 - CodeSelect:开始设置[[InternetExplorerDriver: internet explorer on WINDOWS (a22c6c64-841e-48e7-900d-7217c9608c2d)] -> name: GuMainSalesTeamCode] & Code=T6201900101
2020/07/14 15:39:08:997 DEBUG com.sinosoft.test.base.TestBase:76 - Trying to find Element By : By.name: GuMainSalesTeamCode
2020/07/14 15:39:09:131 DEBUG com.sinosoft.test.base.TestBase:80 - Found Element By : By.name: GuMainSalesTeamCode
2020/07/14 15:39:10:789 DEBUG com.sinosoft.test.base.TestBase:272 - 系统窗口【黄河财险业务系统】with handle -6b1747de-33f4-4180-926f-62df5c98c140
2020/07/14 15:39:11:460 DEBUG com.sinosoft.test.base.TestBase:272 - 系统窗口【黄河财险业务系统】with handle -6b1747de-33f4-4180-926f-62df5c98c140
2020/07/14 15:39:12:127 DEBUG com.sinosoft.test.base.TestBase:272 - 系统窗口【Code Select】with handle -58024878-cb8e-45ca-a2ba-f20c51c3a3f4
2020/07/14 15:39:12:664 DEBUG com.sinosoft.test.base.TestBase:69 - 初始化class com.sinosoft.test.fccp.common.CodeSelectPage
2020/07/14 15:39:12:666 DEBUG com.sinosoft.test.base.TestBase:39 - 基础码表选择！
2020/07/14 15:39:12:667 DEBUG com.sinosoft.test.base.TestBase:76 - Trying to find Element By : By.name: fieldValue
2020/07/14 15:39:12:980 DEBUG com.sinosoft.test.base.TestBase:80 - Found Element By : By.name: fieldValue
2020/07/14 15:39:12:980  INFO com.sinosoft.test.base.TestBase:360 - setEditboxValue:[[InternetExplorerDriver: internet explorer on WINDOWS (a22c6c64-841e-48e7-900d-7217c9608c2d)] -> name: fieldValue]：T6201900101
2020/07/14 15:39:14:583  INFO com.sinosoft.test.base.TestBase:363 - setEditboxValue—End:[[InternetExplorerDriver: internet explorer on WINDOWS (a22c6c64-841e-48e7-900d-7217c9608c2d)] -> name: fieldValue]：T6201900101
2020/07/14 15:39:14:583 DEBUG com.sinosoft.test.base.TestBase:76 - Trying to find Element By : By.xpath: //input[@value='查询(Q)']
2020/07/14 15:39:14:897 DEBUG com.sinosoft.test.base.TestBase:80 - Found Element By : By.xpath: //input[@value='查询(Q)']
2020/07/14 15:39:14:897  INFO com.sinosoft.test.base.TestBase:402 - clickButton:[[InternetExplorerDriver: internet explorer on WINDOWS (a22c6c64-841e-48e7-900d-7217c9608c2d)] -> xpath: //input[@value='查询(Q)']]
2020/07/14 15:39:14:897 DEBUG com.sinosoft.test.base.TestBase:42 - Trying to click on: [[InternetExplorerDriver: internet explorer on WINDOWS (a22c6c64-841e-48e7-900d-7217c9608c2d)] -> xpath: //input[@value='查询(Q)']]
2020/07/14 15:39:16:579 DEBUG com.sinosoft.test.base.TestBase:46 - Clicked on: [[InternetExplorerDriver: internet explorer on WINDOWS (a22c6c64-841e-48e7-900d-7217c9608c2d)] -> xpath: //input[@value='查询(Q)']]
2020/07/14 15:39:16:580 DEBUG com.sinosoft.test.base.TestBase:76 - Trying to find Element By : By.name: codeselect
2020/07/14 15:39:16:905 DEBUG com.sinosoft.test.base.TestBase:80 - Found Element By : By.name: codeselect
2020/07/14 15:39:16:906  INFO com.sinosoft.test.base.TestBase:132 - setFuzzySelect:[[InternetExplorerDriver: internet explorer on WINDOWS (a22c6c64-841e-48e7-900d-7217c9608c2d)] -> name: codeselect]->T6201900101
2020/07/14 15:39:17:476 DEBUG com.sinosoft.test.base.TestBase:76 - Trying to find Element By : By.tagName: option
2020/07/14 15:39:17:847 DEBUG com.sinosoft.test.base.TestBase:80 - Found Element By : By.tagName: option
2020/07/14 15:39:18:162  INFO com.sinosoft.test.base.TestBase:142 - 找到匹配【T6201900101】的选项：T6201900101--兰州中支新团队
2020/07/14 15:39:18:163 DEBUG com.sinosoft.test.base.TestBase:76 - Trying to find Element By : By.xpath: .//option[normalize-space(.) = "T6201900101--兰州中支新团队"]
2020/07/14 15:39:18:503 DEBUG com.sinosoft.test.base.TestBase:80 - Found Element By : By.xpath: .//option[normalize-space(.) = "T6201900101--兰州中支新团队"]
2020/07/14 15:39:18:829 DEBUG com.sinosoft.test.base.TestBase:42 - Trying to click on: [[[[InternetExplorerDriver: internet explorer on WINDOWS (a22c6c64-841e-48e7-900d-7217c9608c2d)] -> name: codeselect]] -> xpath: .//option[normalize-space(.) = "T6201900101--兰州中支新团队"]]
2020/07/14 15:39:19:395 DEBUG com.sinosoft.test.base.TestBase:46 - Clicked on: [[[[InternetExplorerDriver: internet explorer on WINDOWS (a22c6c64-841e-48e7-900d-7217c9608c2d)] -> name: codeselect]] -> xpath: .//option[normalize-space(.) = "T6201900101--兰州中支新团队"]]
2020/07/14 15:39:19:396 DEBUG com.sinosoft.test.base.TestBase:151 - setFuzzySelect 结束！
2020/07/14 15:39:19:396 DEBUG com.sinosoft.test.base.TestBase:76 - Trying to find Element By : By.name: SelectIt
2020/07/14 15:39:19:702 DEBUG com.sinosoft.test.base.TestBase:80 - Found Element By : By.name: SelectIt
2020/07/14 15:39:19:703  INFO com.sinosoft.test.base.TestBase:416 - jsClickButton:[[InternetExplorerDriver: internet explorer on WINDOWS (a22c6c64-841e-48e7-900d-7217c9608c2d)] -> name: SelectIt]
2020/07/14 15:39:19:703  INFO com.sinosoft.test.base.TestBase:144 - RunJavaScript:[[InternetExplorerDriver: internet explorer on WINDOWS (a22c6c64-841e-48e7-900d-7217c9608c2d)] -> name: SelectIt]	arguments[0].click();
2020/07/14 15:39:20:539 DEBUG com.sinosoft.test.base.TestBase:272 - 系统窗口【黄河财险业务系统】with handle -6b1747de-33f4-4180-926f-62df5c98c140
2020/07/14 15:39:23:599 DEBUG com.sinosoft.test.base.TestBase:76 - Trying to find Element By : By.name: GuMainSalesTeamCode
2020/07/14 15:39:23:706 DEBUG com.sinosoft.test.base.TestBase:80 - Found Element By : By.name: GuMainSalesTeamCode
2020/07/14 15:39:23:706 DEBUG com.sinosoft.test.base.TestBase:49 - CodeSelect:设置完毕[[InternetExplorerDriver: internet explorer on WINDOWS (a22c6c64-841e-48e7-900d-7217c9608c2d)] -> name: GuMainSalesTeamCode] & Code=T6201900101
2020/07/14 15:39:23:707 DEBUG com.sinosoft.test.base.TestBase:76 - Trying to find Element By : By.name: GuMainSalesmanCode
2020/07/14 15:39:23:848 DEBUG com.sinosoft.test.base.TestBase:80 - Found Element By : By.name: GuMainSalesmanCode
2020/07/14 15:39:23:915 DEBUG com.sinosoft.test.base.TestBase:76 - Trying to find Element By : By.name: GuMainSalesmanCode
2020/07/14 15:39:24:048 DEBUG com.sinosoft.test.base.TestBase:80 - Found Element By : By.name: GuMainSalesmanCode
2020/07/14 15:39:24:049 DEBUG com.sinosoft.test.base.TestBase:42 - CodeSelect:开始设置[[InternetExplorerDriver: internet explorer on WINDOWS (a22c6c64-841e-48e7-900d-7217c9608c2d)] -> name: GuMainSalesmanCode] & Code=S000000006
2020/07/14 15:39:24:050 DEBUG com.sinosoft.test.base.TestBase:76 - Trying to find Element By : By.name: GuMainSalesmanCode
2020/07/14 15:39:24:219 DEBUG com.sinosoft.test.base.TestBase:80 - Found Element By : By.name: GuMainSalesmanCode
2020/07/14 15:39:25:915 DEBUG com.sinosoft.test.base.TestBase:272 - 系统窗口【黄河财险业务系统】with handle -6b1747de-33f4-4180-926f-62df5c98c140
2020/07/14 15:39:27:095 DEBUG com.sinosoft.test.base.TestBase:272 - 系统窗口【Code Select】with handle -90717617-004d-48c9-ad54-1155f20b369c
2020/07/14 15:39:27:617 DEBUG com.sinosoft.test.base.TestBase:69 - 初始化class com.sinosoft.test.fccp.common.CodeSelectPage
2020/07/14 15:39:27:618 DEBUG com.sinosoft.test.base.TestBase:39 - 基础码表选择！
2020/07/14 15:39:27:619 DEBUG com.sinosoft.test.base.TestBase:76 - Trying to find Element By : By.name: fieldValue
2020/07/14 15:39:27:943 DEBUG com.sinosoft.test.base.TestBase:80 - Found Element By : By.name: fieldValue
2020/07/14 15:39:27:945  INFO com.sinosoft.test.base.TestBase:360 - setEditboxValue:[[InternetExplorerDriver: internet explorer on WINDOWS (a22c6c64-841e-48e7-900d-7217c9608c2d)] -> name: fieldValue]：S000000006
2020/07/14 15:39:29:564  INFO com.sinosoft.test.base.TestBase:363 - setEditboxValue—End:[[InternetExplorerDriver: internet explorer on WINDOWS (a22c6c64-841e-48e7-900d-7217c9608c2d)] -> name: fieldValue]：S000000006
2020/07/14 15:39:29:565 DEBUG com.sinosoft.test.base.TestBase:76 - Trying to find Element By : By.xpath: //input[@value='查询(Q)']
2020/07/14 15:39:29:877 DEBUG com.sinosoft.test.base.TestBase:80 - Found Element By : By.xpath: //input[@value='查询(Q)']
2020/07/14 15:39:29:878  INFO com.sinosoft.test.base.TestBase:402 - clickButton:[[InternetExplorerDriver: internet explorer on WINDOWS (a22c6c64-841e-48e7-900d-7217c9608c2d)] -> xpath: //input[@value='查询(Q)']]
2020/07/14 15:39:29:879 DEBUG com.sinosoft.test.base.TestBase:42 - Trying to click on: [[InternetExplorerDriver: internet explorer on WINDOWS (a22c6c64-841e-48e7-900d-7217c9608c2d)] -> xpath: //input[@value='查询(Q)']]
2020/07/14 15:39:31:525 DEBUG com.sinosoft.test.base.TestBase:46 - Clicked on: [[InternetExplorerDriver: internet explorer on WINDOWS (a22c6c64-841e-48e7-900d-7217c9608c2d)] -> xpath: //input[@value='查询(Q)']]
2020/07/14 15:39:31:525 DEBUG com.sinosoft.test.base.TestBase:76 - Trying to find Element By : By.name: codeselect
2020/07/14 15:39:31:840 DEBUG com.sinosoft.test.base.TestBase:80 - Found Element By : By.name: codeselect
2020/07/14 15:39:31:842  INFO com.sinosoft.test.base.TestBase:132 - setFuzzySelect:[[InternetExplorerDriver: internet explorer on WINDOWS (a22c6c64-841e-48e7-900d-7217c9608c2d)] -> name: codeselect]->S000000006
2020/07/14 15:39:32:415 DEBUG com.sinosoft.test.base.TestBase:76 - Trying to find Element By : By.tagName: option
2020/07/14 15:39:32:780 DEBUG com.sinosoft.test.base.TestBase:80 - Found Element By : By.tagName: option
2020/07/14 15:39:33:104  INFO com.sinosoft.test.base.TestBase:142 - 找到匹配【S000000006】的选项：S000000006--赵子毓
2020/07/14 15:39:33:106 DEBUG com.sinosoft.test.base.TestBase:76 - Trying to find Element By : By.xpath: .//option[normalize-space(.) = "S000000006--赵子毓"]
2020/07/14 15:39:33:462 DEBUG com.sinosoft.test.base.TestBase:80 - Found Element By : By.xpath: .//option[normalize-space(.) = "S000000006--赵子毓"]
2020/07/14 15:39:33:762 DEBUG com.sinosoft.test.base.TestBase:42 - Trying to click on: [[[[InternetExplorerDriver: internet explorer on WINDOWS (a22c6c64-841e-48e7-900d-7217c9608c2d)] -> name: codeselect]] -> xpath: .//option[normalize-space(.) = "S000000006--赵子毓"]]
2020/07/14 15:39:34:263 DEBUG com.sinosoft.test.base.TestBase:46 - Clicked on: [[[[InternetExplorerDriver: internet explorer on WINDOWS (a22c6c64-841e-48e7-900d-7217c9608c2d)] -> name: codeselect]] -> xpath: .//option[normalize-space(.) = "S000000006--赵子毓"]]
2020/07/14 15:39:34:264 DEBUG com.sinosoft.test.base.TestBase:151 - setFuzzySelect 结束！
2020/07/14 15:39:34:264 DEBUG com.sinosoft.test.base.TestBase:76 - Trying to find Element By : By.name: SelectIt
2020/07/14 15:39:34:566 DEBUG com.sinosoft.test.base.TestBase:80 - Found Element By : By.name: SelectIt
2020/07/14 15:39:34:567  INFO com.sinosoft.test.base.TestBase:416 - jsClickButton:[[InternetExplorerDriver: internet explorer on WINDOWS (a22c6c64-841e-48e7-900d-7217c9608c2d)] -> name: SelectIt]
2020/07/14 15:39:34:567  INFO com.sinosoft.test.base.TestBase:144 - RunJavaScript:[[InternetExplorerDriver: internet explorer on WINDOWS (a22c6c64-841e-48e7-900d-7217c9608c2d)] -> name: SelectIt]	arguments[0].click();
2020/07/14 15:39:35:327 DEBUG com.sinosoft.test.base.TestBase:272 - 系统窗口【黄河财险业务系统】with handle -6b1747de-33f4-4180-926f-62df5c98c140
2020/07/14 15:39:38:256 DEBUG com.sinosoft.test.base.TestBase:76 - Trying to find Element By : By.name: GuMainSalesmanCode
2020/07/14 15:39:38:338 DEBUG com.sinosoft.test.base.TestBase:80 - Found Element By : By.name: GuMainSalesmanCode
2020/07/14 15:39:38:340 DEBUG com.sinosoft.test.base.TestBase:49 - CodeSelect:设置完毕[[InternetExplorerDriver: internet explorer on WINDOWS (a22c6c64-841e-48e7-900d-7217c9608c2d)] -> name: GuMainSalesmanCode] & Code=S000000006
2020/07/14 15:39:38:340 DEBUG com.sinosoft.test.base.TestBase:76 - Trying to find Element By : By.name: GuMainBusinessSource
2020/07/14 15:39:38:492 DEBUG com.sinosoft.test.base.TestBase:80 - Found Element By : By.name: GuMainBusinessSource
2020/07/14 15:39:38:543 DEBUG com.sinosoft.test.base.TestBase:76 - Trying to find Element By : By.name: GuMainBusinessSource
2020/07/14 15:39:38:692 DEBUG com.sinosoft.test.base.TestBase:80 - Found Element By : By.name: GuMainBusinessSource
2020/07/14 15:39:38:692 DEBUG com.sinosoft.test.base.TestBase:42 - CodeSelect:开始设置[[InternetExplorerDriver: internet explorer on WINDOWS (a22c6c64-841e-48e7-900d-7217c9608c2d)] -> name: GuMainBusinessSource] & Code=01010101
2020/07/14 15:39:38:693 DEBUG com.sinosoft.test.base.TestBase:76 - Trying to find Element By : By.name: GuMainBusinessSource
2020/07/14 15:39:38:820 DEBUG com.sinosoft.test.base.TestBase:80 - Found Element By : By.name: GuMainBusinessSource
2020/07/14 15:39:40:274 DEBUG com.sinosoft.test.base.TestBase:272 - 系统窗口【黄河财险业务系统】with handle -6b1747de-33f4-4180-926f-62df5c98c140
2020/07/14 15:39:40:979 DEBUG com.sinosoft.test.base.TestBase:272 - 系统窗口【黄河财险业务系统】with handle -6b1747de-33f4-4180-926f-62df5c98c140
2020/07/14 15:39:41:641 DEBUG com.sinosoft.test.base.TestBase:272 - 系统窗口【Code Select】with handle -0aeabc9e-d3b9-416d-984f-07cdb4811435
2020/07/14 15:39:42:173 DEBUG com.sinosoft.test.base.TestBase:69 - 初始化class com.sinosoft.test.fccp.common.CodeSelectPage
2020/07/14 15:39:42:175 DEBUG com.sinosoft.test.base.TestBase:39 - 基础码表选择！
2020/07/14 15:39:42:176 DEBUG com.sinosoft.test.base.TestBase:76 - Trying to find Element By : By.name: fieldValue
2020/07/14 15:39:42:516 DEBUG com.sinosoft.test.base.TestBase:80 - Found Element By : By.name: fieldValue
2020/07/14 15:39:42:516  INFO com.sinosoft.test.base.TestBase:360 - setEditboxValue:[[InternetExplorerDriver: internet explorer on WINDOWS (a22c6c64-841e-48e7-900d-7217c9608c2d)] -> name: fieldValue]：01010101
2020/07/14 15:39:43:943  INFO com.sinosoft.test.base.TestBase:363 - setEditboxValue—End:[[InternetExplorerDriver: internet explorer on WINDOWS (a22c6c64-841e-48e7-900d-7217c9608c2d)] -> name: fieldValue]：01010101
2020/07/14 15:39:43:944 DEBUG com.sinosoft.test.base.TestBase:76 - Trying to find Element By : By.xpath: //input[@value='查询(Q)']
2020/07/14 15:39:44:239 DEBUG com.sinosoft.test.base.TestBase:80 - Found Element By : By.xpath: //input[@value='查询(Q)']
2020/07/14 15:39:44:240  INFO com.sinosoft.test.base.TestBase:402 - clickButton:[[InternetExplorerDriver: internet explorer on WINDOWS (a22c6c64-841e-48e7-900d-7217c9608c2d)] -> xpath: //input[@value='查询(Q)']]
2020/07/14 15:39:44:241 DEBUG com.sinosoft.test.base.TestBase:42 - Trying to click on: [[InternetExplorerDriver: internet explorer on WINDOWS (a22c6c64-841e-48e7-900d-7217c9608c2d)] -> xpath: //input[@value='查询(Q)']]
2020/07/14 15:39:45:868 DEBUG com.sinosoft.test.base.TestBase:46 - Clicked on: [[InternetExplorerDriver: internet explorer on WINDOWS (a22c6c64-841e-48e7-900d-7217c9608c2d)] -> xpath: //input[@value='查询(Q)']]
2020/07/14 15:39:45:869 DEBUG com.sinosoft.test.base.TestBase:76 - Trying to find Element By : By.name: codeselect
2020/07/14 15:39:46:180 DEBUG com.sinosoft.test.base.TestBase:80 - Found Element By : By.name: codeselect
2020/07/14 15:39:46:181  INFO com.sinosoft.test.base.TestBase:132 - setFuzzySelect:[[InternetExplorerDriver: internet explorer on WINDOWS (a22c6c64-841e-48e7-900d-7217c9608c2d)] -> name: codeselect]->01010101
2020/07/14 15:39:46:754 DEBUG com.sinosoft.test.base.TestBase:76 - Trying to find Element By : By.tagName: option
2020/07/14 15:39:47:171 DEBUG com.sinosoft.test.base.TestBase:80 - Found Element By : By.tagName: option
2020/07/14 15:39:47:489  INFO com.sinosoft.test.base.TestBase:142 - 找到匹配【01010101】的选项：01010101--柜面直销
2020/07/14 15:39:47:489 DEBUG com.sinosoft.test.base.TestBase:76 - Trying to find Element By : By.xpath: .//option[normalize-space(.) = "01010101--柜面直销"]
2020/07/14 15:39:47:815 DEBUG com.sinosoft.test.base.TestBase:80 - Found Element By : By.xpath: .//option[normalize-space(.) = "01010101--柜面直销"]
2020/07/14 15:39:48:153 DEBUG com.sinosoft.test.base.TestBase:42 - Trying to click on: [[[[InternetExplorerDriver: internet explorer on WINDOWS (a22c6c64-841e-48e7-900d-7217c9608c2d)] -> name: codeselect]] -> xpath: .//option[normalize-space(.) = "01010101--柜面直销"]]
2020/07/14 15:39:48:664 DEBUG com.sinosoft.test.base.TestBase:46 - Clicked on: [[[[InternetExplorerDriver: internet explorer on WINDOWS (a22c6c64-841e-48e7-900d-7217c9608c2d)] -> name: codeselect]] -> xpath: .//option[normalize-space(.) = "01010101--柜面直销"]]
2020/07/14 15:39:48:665 DEBUG com.sinosoft.test.base.TestBase:151 - setFuzzySelect 结束！
2020/07/14 15:39:48:665 DEBUG com.sinosoft.test.base.TestBase:76 - Trying to find Element By : By.name: SelectIt
2020/07/14 15:39:48:979 DEBUG com.sinosoft.test.base.TestBase:80 - Found Element By : By.name: SelectIt
2020/07/14 15:39:48:980  INFO com.sinosoft.test.base.TestBase:416 - jsClickButton:[[InternetExplorerDriver: internet explorer on WINDOWS (a22c6c64-841e-48e7-900d-7217c9608c2d)] -> name: SelectIt]
2020/07/14 15:39:48:980  INFO com.sinosoft.test.base.TestBase:144 - RunJavaScript:[[InternetExplorerDriver: internet explorer on WINDOWS (a22c6c64-841e-48e7-900d-7217c9608c2d)] -> name: SelectIt]	arguments[0].click();
2020/07/14 15:39:49:776 DEBUG com.sinosoft.test.base.TestBase:272 - 系统窗口【黄河财险业务系统】with handle -6b1747de-33f4-4180-926f-62df5c98c140
2020/07/14 15:39:52:773 DEBUG com.sinosoft.test.base.TestBase:76 - Trying to find Element By : By.name: GuMainBusinessSource
2020/07/14 15:39:52:860 DEBUG com.sinosoft.test.base.TestBase:80 - Found Element By : By.name: GuMainBusinessSource
2020/07/14 15:39:52:861 DEBUG com.sinosoft.test.base.TestBase:49 - CodeSelect:设置完毕[[InternetExplorerDriver: internet explorer on WINDOWS (a22c6c64-841e-48e7-900d-7217c9608c2d)] -> name: GuMainBusinessSource] & Code=01010101
2020/07/14 15:39:52:862 DEBUG com.sinosoft.test.base.TestBase:76 - Trying to find Element By : By.name: GuMainSurveyInd
2020/07/14 15:39:53:001 DEBUG com.sinosoft.test.base.TestBase:80 - Found Element By : By.name: GuMainSurveyInd
2020/07/14 15:39:53:003  INFO com.sinosoft.test.base.TestBase:96 - setSelectWithStartText:[[InternetExplorerDriver: internet explorer on WINDOWS (a22c6c64-841e-48e7-900d-7217c9608c2d)] -> name: GuMainSurveyInd]->HXXT
2020/07/14 15:39:53:005 DEBUG com.sinosoft.test.base.TestBase:76 - Trying to find Element By : By.name: GuMainSurveyInd
2020/07/14 15:39:53:126 DEBUG com.sinosoft.test.base.TestBase:80 - Found Element By : By.name: GuMainSurveyInd
2020/07/14 15:39:53:174 DEBUG com.sinosoft.test.base.TestBase:76 - Trying to find Element By : By.name: GuMainSurveyInd
2020/07/14 15:39:53:280 DEBUG com.sinosoft.test.base.TestBase:80 - Found Element By : By.name: GuMainSurveyInd
2020/07/14 15:39:53:323 DEBUG com.sinosoft.test.base.TestBase:76 - Trying to find Element By : By.name: GuMainSurveyInd
2020/07/14 15:39:53:476 DEBUG com.sinosoft.test.base.TestBase:80 - Found Element By : By.name: GuMainSurveyInd
2020/07/14 15:39:53:476 DEBUG com.sinosoft.test.base.TestBase:76 - Trying to find Element By : By.tagName: option
2020/07/14 15:39:54:239 DEBUG com.sinosoft.test.base.TestBase:80 - Found Element By : By.tagName: option
2020/07/14 15:39:54:324  INFO com.sinosoft.test.base.TestBase:114 - 找到匹配【HXXT】的选项：HXXT-核心
2020/07/14 15:39:54:324 DEBUG com.sinosoft.test.base.TestBase:76 - Trying to find Element By : By.name: GuMainSurveyInd
2020/07/14 15:39:54:466 DEBUG com.sinosoft.test.base.TestBase:80 - Found Element By : By.name: GuMainSurveyInd
2020/07/14 15:39:54:467 DEBUG com.sinosoft.test.base.TestBase:76 - Trying to find Element By : By.xpath: .//option[normalize-space(.) = "HXXT-核心"]
2020/07/14 15:39:54:582 DEBUG com.sinosoft.test.base.TestBase:80 - Found Element By : By.xpath: .//option[normalize-space(.) = "HXXT-核心"]
2020/07/14 15:39:54:633 DEBUG com.sinosoft.test.base.TestBase:123 - setSelectWithStartText 结束！
2020/07/14 15:39:54:633 DEBUG com.sinosoft.test.base.TestBase:76 - Trying to find Element By : By.name: GuMainArgueSolution
2020/07/14 15:39:54:788 DEBUG com.sinosoft.test.base.TestBase:80 - Found Element By : By.name: GuMainArgueSolution
2020/07/14 15:39:54:788  INFO com.sinosoft.test.base.TestBase:96 - setSelectWithStartText:[[InternetExplorerDriver: internet explorer on WINDOWS (a22c6c64-841e-48e7-900d-7217c9608c2d)] -> name: GuMainArgueSolution]->
2020/07/14 15:39:54:789 DEBUG com.sinosoft.test.base.TestBase:76 - Trying to find Element By : By.name: GuMainDomesticInd
2020/07/14 15:39:54:888 DEBUG com.sinosoft.test.base.TestBase:80 - Found Element By : By.name: GuMainDomesticInd
2020/07/14 15:39:54:889  INFO com.sinosoft.test.base.TestBase:96 - setSelectWithStartText:[[InternetExplorerDriver: internet explorer on WINDOWS (a22c6c64-841e-48e7-900d-7217c9608c2d)] -> name: GuMainDomesticInd]->
2020/07/14 15:39:54:889 DEBUG com.sinosoft.test.base.TestBase:76 - Trying to find Element By : By.name: GuMainComInsureInd
2020/07/14 15:39:54:982 DEBUG com.sinosoft.test.base.TestBase:80 - Found Element By : By.name: GuMainComInsureInd
2020/07/14 15:39:54:982  INFO com.sinosoft.test.base.TestBase:96 - setSelectWithStartText:[[InternetExplorerDriver: internet explorer on WINDOWS (a22c6c64-841e-48e7-900d-7217c9608c2d)] -> name: GuMainComInsureInd]->0
2020/07/14 15:39:54:983 DEBUG com.sinosoft.test.base.TestBase:76 - Trying to find Element By : By.name: GuMainComInsureInd
2020/07/14 15:39:55:141 DEBUG com.sinosoft.test.base.TestBase:80 - Found Element By : By.name: GuMainComInsureInd
2020/07/14 15:39:55:172 DEBUG com.sinosoft.test.base.TestBase:76 - Trying to find Element By : By.name: GuMainComInsureInd
2020/07/14 15:39:55:278 DEBUG com.sinosoft.test.base.TestBase:80 - Found Element By : By.name: GuMainComInsureInd
2020/07/14 15:39:55:362 DEBUG com.sinosoft.test.base.TestBase:76 - Trying to find Element By : By.name: GuMainComInsureInd
2020/07/14 15:39:55:506 DEBUG com.sinosoft.test.base.TestBase:80 - Found Element By : By.name: GuMainComInsureInd
2020/07/14 15:39:55:508 DEBUG com.sinosoft.test.base.TestBase:76 - Trying to find Element By : By.tagName: option
2020/07/14 15:39:55:840 DEBUG com.sinosoft.test.base.TestBase:80 - Found Element By : By.tagName: option
2020/07/14 15:39:55:939  INFO com.sinosoft.test.base.TestBase:114 - 找到匹配【0】的选项：0-非统括业务
2020/07/14 15:39:55:941 DEBUG com.sinosoft.test.base.TestBase:76 - Trying to find Element By : By.name: GuMainComInsureInd
2020/07/14 15:39:56:093 DEBUG com.sinosoft.test.base.TestBase:80 - Found Element By : By.name: GuMainComInsureInd
2020/07/14 15:39:56:093 DEBUG com.sinosoft.test.base.TestBase:76 - Trying to find Element By : By.xpath: .//option[normalize-space(.) = "0-非统括业务"]
2020/07/14 15:39:56:211 DEBUG com.sinosoft.test.base.TestBase:80 - Found Element By : By.xpath: .//option[normalize-space(.) = "0-非统括业务"]
2020/07/14 15:39:56:273 DEBUG com.sinosoft.test.base.TestBase:123 - setSelectWithStartText 结束！
2020/07/14 15:39:56:274 DEBUG com.sinosoft.test.base.TestBase:76 - Trying to find Element By : By.name: GuMainPolicyStyle
2020/07/14 15:39:56:477 DEBUG com.sinosoft.test.base.TestBase:80 - Found Element By : By.name: GuMainPolicyStyle
2020/07/14 15:39:56:477  INFO com.sinosoft.test.base.TestBase:96 - setSelectWithStartText:[[InternetExplorerDriver: internet explorer on WINDOWS (a22c6c64-841e-48e7-900d-7217c9608c2d)] -> name: GuMainPolicyStyle]->0
2020/07/14 15:39:56:478 DEBUG com.sinosoft.test.base.TestBase:76 - Trying to find Element By : By.name: GuMainPolicyStyle
2020/07/14 15:39:56:617 DEBUG com.sinosoft.test.base.TestBase:80 - Found Element By : By.name: GuMainPolicyStyle
2020/07/14 15:39:56:664 DEBUG com.sinosoft.test.base.TestBase:76 - Trying to find Element By : By.name: GuMainPolicyStyle
2020/07/14 15:39:56:831 DEBUG com.sinosoft.test.base.TestBase:80 - Found Element By : By.name: GuMainPolicyStyle
2020/07/14 15:39:56:887 DEBUG com.sinosoft.test.base.TestBase:76 - Trying to find Element By : By.name: GuMainPolicyStyle
2020/07/14 15:39:57:057 DEBUG com.sinosoft.test.base.TestBase:80 - Found Element By : By.name: GuMainPolicyStyle
2020/07/14 15:39:57:058 DEBUG com.sinosoft.test.base.TestBase:76 - Trying to find Element By : By.tagName: option
2020/07/14 15:39:57:321 DEBUG com.sinosoft.test.base.TestBase:80 - Found Element By : By.tagName: option
2020/07/14 15:39:57:426  INFO com.sinosoft.test.base.TestBase:114 - 找到匹配【0】的选项：0-否
2020/07/14 15:39:57:427 DEBUG com.sinosoft.test.base.TestBase:76 - Trying to find Element By : By.name: GuMainPolicyStyle
2020/07/14 15:39:57:570 DEBUG com.sinosoft.test.base.TestBase:80 - Found Element By : By.name: GuMainPolicyStyle
2020/07/14 15:39:57:570 DEBUG com.sinosoft.test.base.TestBase:76 - Trying to find Element By : By.xpath: .//option[normalize-space(.) = "0-否"]
2020/07/14 15:39:57:725 DEBUG com.sinosoft.test.base.TestBase:80 - Found Element By : By.xpath: .//option[normalize-space(.) = "0-否"]
2020/07/14 15:39:57:776 DEBUG com.sinosoft.test.base.TestBase:123 - setSelectWithStartText 结束！
2020/07/14 15:39:57:776 DEBUG com.sinosoft.test.base.TestBase:76 - Trying to find Element By : By.name: RenewalOfInsuranceSelect
2020/07/14 15:39:57:983 DEBUG com.sinosoft.test.base.TestBase:80 - Found Element By : By.name: RenewalOfInsuranceSelect
2020/07/14 15:39:57:985  INFO com.sinosoft.test.base.TestBase:96 - setSelectWithStartText:[[InternetExplorerDriver: internet explorer on WINDOWS (a22c6c64-841e-48e7-900d-7217c9608c2d)] -> name: RenewalOfInsuranceSelect]->0
2020/07/14 15:39:57:986 DEBUG com.sinosoft.test.base.TestBase:76 - Trying to find Element By : By.name: RenewalOfInsuranceSelect
2020/07/14 15:39:58:093 DEBUG com.sinosoft.test.base.TestBase:80 - Found Element By : By.name: RenewalOfInsuranceSelect
2020/07/14 15:39:58:131 DEBUG com.sinosoft.test.base.TestBase:76 - Trying to find Element By : By.name: RenewalOfInsuranceSelect
2020/07/14 15:39:58:242 DEBUG com.sinosoft.test.base.TestBase:80 - Found Element By : By.name: RenewalOfInsuranceSelect
2020/07/14 15:39:58:299 DEBUG com.sinosoft.test.base.TestBase:76 - Trying to find Element By : By.name: RenewalOfInsuranceSelect
2020/07/14 15:39:58:474 DEBUG com.sinosoft.test.base.TestBase:80 - Found Element By : By.name: RenewalOfInsuranceSelect
2020/07/14 15:39:58:475 DEBUG com.sinosoft.test.base.TestBase:76 - Trying to find Element By : By.tagName: option
2020/07/14 15:39:58:666 DEBUG com.sinosoft.test.base.TestBase:80 - Found Element By : By.tagName: option
2020/07/14 15:39:58:817  INFO com.sinosoft.test.base.TestBase:114 - 找到匹配【0】的选项：0-否
2020/07/14 15:39:58:818 DEBUG com.sinosoft.test.base.TestBase:76 - Trying to find Element By : By.name: RenewalOfInsuranceSelect
2020/07/14 15:39:58:957 DEBUG com.sinosoft.test.base.TestBase:80 - Found Element By : By.name: RenewalOfInsuranceSelect
2020/07/14 15:39:58:958 DEBUG com.sinosoft.test.base.TestBase:76 - Trying to find Element By : By.xpath: .//option[normalize-space(.) = "0-否"]
2020/07/14 15:39:59:103 DEBUG com.sinosoft.test.base.TestBase:80 - Found Element By : By.xpath: .//option[normalize-space(.) = "0-否"]
2020/07/14 15:39:59:166 DEBUG com.sinosoft.test.base.TestBase:42 - Trying to click on: [[[[InternetExplorerDriver: internet explorer on WINDOWS (a22c6c64-841e-48e7-900d-7217c9608c2d)] -> name: RenewalOfInsuranceSelect]] -> xpath: .//option[normalize-space(.) = "0-否"]]
2020/07/14 15:39:59:615 DEBUG com.sinosoft.test.base.TestBase:46 - Clicked on: [[[[InternetExplorerDriver: internet explorer on WINDOWS (a22c6c64-841e-48e7-900d-7217c9608c2d)] -> name: RenewalOfInsuranceSelect]] -> xpath: .//option[normalize-space(.) = "0-否"]]
2020/07/14 15:39:59:616 DEBUG com.sinosoft.test.base.TestBase:123 - setSelectWithStartText 结束！
2020/07/14 15:39:59:618 DEBUG com.sinosoft.test.base.TestBase:76 - Trying to find Element By : By.name: GuMainIsDifferentPlace
2020/07/14 15:39:59:771 DEBUG com.sinosoft.test.base.TestBase:80 - Found Element By : By.name: GuMainIsDifferentPlace
2020/07/14 15:39:59:772  INFO com.sinosoft.test.base.TestBase:96 - setSelectWithStartText:[[InternetExplorerDriver: internet explorer on WINDOWS (a22c6c64-841e-48e7-900d-7217c9608c2d)] -> name: GuMainIsDifferentPlace]->
2020/07/14 15:39:59:772 DEBUG com.sinosoft.test.base.TestBase:76 - Trying to find Element By : By.name: GuMainIsFarming
2020/07/14 15:39:59:903 DEBUG com.sinosoft.test.base.TestBase:80 - Found Element By : By.name: GuMainIsFarming
2020/07/14 15:39:59:903  INFO com.sinosoft.test.base.TestBase:96 - setSelectWithStartText:[[InternetExplorerDriver: internet explorer on WINDOWS (a22c6c64-841e-48e7-900d-7217c9608c2d)] -> name: GuMainIsFarming]->
2020/07/14 15:39:59:904 DEBUG com.sinosoft.test.base.TestBase:76 - Trying to find Element By : By.name: AppliGuRelatedPartyInsuredType
2020/07/14 15:40:00:002 DEBUG com.sinosoft.test.base.TestBase:80 - Found Element By : By.name: AppliGuRelatedPartyInsuredType
2020/07/14 15:40:00:002  INFO com.sinosoft.test.base.TestBase:96 - setSelectWithStartText:[[InternetExplorerDriver: internet explorer on WINDOWS (a22c6c64-841e-48e7-900d-7217c9608c2d)] -> name: AppliGuRelatedPartyInsuredType]->2
2020/07/14 15:40:00:003 DEBUG com.sinosoft.test.base.TestBase:76 - Trying to find Element By : By.name: AppliGuRelatedPartyInsuredType
2020/07/14 15:40:00:140 DEBUG com.sinosoft.test.base.TestBase:80 - Found Element By : By.name: AppliGuRelatedPartyInsuredType
2020/07/14 15:40:00:179 DEBUG com.sinosoft.test.base.TestBase:76 - Trying to find Element By : By.name: AppliGuRelatedPartyInsuredType
2020/07/14 15:40:00:323 DEBUG com.sinosoft.test.base.TestBase:80 - Found Element By : By.name: AppliGuRelatedPartyInsuredType
2020/07/14 15:40:00:362 DEBUG com.sinosoft.test.base.TestBase:76 - Trying to find Element By : By.name: AppliGuRelatedPartyInsuredType
2020/07/14 15:40:00:560 DEBUG com.sinosoft.test.base.TestBase:80 - Found Element By : By.name: AppliGuRelatedPartyInsuredType
2020/07/14 15:40:00:561 DEBUG com.sinosoft.test.base.TestBase:76 - Trying to find Element By : By.tagName: option
2020/07/14 15:40:00:789 DEBUG com.sinosoft.test.base.TestBase:80 - Found Element By : By.tagName: option
2020/07/14 15:40:00:977  INFO com.sinosoft.test.base.TestBase:114 - 找到匹配【2】的选项：2-团体
2020/07/14 15:40:00:977 DEBUG com.sinosoft.test.base.TestBase:76 - Trying to find Element By : By.name: AppliGuRelatedPartyInsuredType
2020/07/14 15:40:01:153 DEBUG com.sinosoft.test.base.TestBase:80 - Found Element By : By.name: AppliGuRelatedPartyInsuredType
2020/07/14 15:40:01:154 DEBUG com.sinosoft.test.base.TestBase:76 - Trying to find Element By : By.xpath: .//option[normalize-space(.) = "2-团体"]
2020/07/14 15:40:01:284 DEBUG com.sinosoft.test.base.TestBase:80 - Found Element By : By.xpath: .//option[normalize-space(.) = "2-团体"]
2020/07/14 15:40:01:335 DEBUG com.sinosoft.test.base.TestBase:123 - setSelectWithStartText 结束！
2020/07/14 15:40:01:335 DEBUG com.sinosoft.test.base.TestBase:76 - Trying to find Element By : By.name: AppliGuRelatedPartyInsuredCode
2020/07/14 15:40:01:501 DEBUG com.sinosoft.test.base.TestBase:80 - Found Element By : By.name: AppliGuRelatedPartyInsuredCode
2020/07/14 15:40:01:504  INFO com.sinosoft.test.base.TestBase:388 - setEditboxTValue:[[InternetExplorerDriver: internet explorer on WINDOWS (a22c6c64-841e-48e7-900d-7217c9608c2d)] -> name: AppliGuRelatedPartyInsuredCode]->G6200019984
2020/07/14 15:40:01:505 DEBUG com.sinosoft.test.base.TestBase:76 - Trying to find Element By : By.name: AppliGuRelatedPartyInsuredCode
2020/07/14 15:40:01:601 DEBUG com.sinosoft.test.base.TestBase:80 - Found Element By : By.name: AppliGuRelatedPartyInsuredCode
2020/07/14 15:40:02:143 DEBUG com.sinosoft.test.base.TestBase:76 - Trying to find Element By : By.name: AppliGuRelatedPartyInsuredCode
2020/07/14 15:40:02:282 DEBUG com.sinosoft.test.base.TestBase:80 - Found Element By : By.name: AppliGuRelatedPartyInsuredCode
2020/07/14 15:40:07:950 DEBUG com.sinosoft.test.base.TestBase:76 - Trying to find Element By : By.name: buttonSaveCustomer
2020/07/14 15:40:08:043 DEBUG com.sinosoft.test.base.TestBase:80 - Found Element By : By.name: buttonSaveCustomer
2020/07/14 15:40:08:044 DEBUG com.sinosoft.test.base.TestBase:42 - Trying to click on: [[InternetExplorerDriver: internet explorer on WINDOWS (a22c6c64-841e-48e7-900d-7217c9608c2d)] -> name: buttonSaveCustomer]
2020/07/14 15:40:09:488 DEBUG com.sinosoft.test.base.TestBase:46 - Clicked on: [[InternetExplorerDriver: internet explorer on WINDOWS (a22c6c64-841e-48e7-900d-7217c9608c2d)] -> name: buttonSaveCustomer]
2020/07/14 15:40:09:710  INFO com.sinosoft.test.base.TestBase:519 - 在保存客户时捕获了一个弹窗：客户已经保存，或不需要保存.
2020/07/14 15:40:09:929 DEBUG com.sinosoft.test.base.TestBase:218 - Alert的标题是：客户已经保存，或不需要保存.
2020/07/14 15:40:10:893 DEBUG com.sinosoft.test.base.TestBase:76 - Trying to find Element By : By.name: AppliGuRelatedPartyInsuredCode
2020/07/14 15:40:10:992 DEBUG com.sinosoft.test.base.TestBase:80 - Found Element By : By.name: AppliGuRelatedPartyInsuredCode
2020/07/14 15:40:11:066 DEBUG com.sinosoft.test.base.TestBase:76 - Trying to find Element By : By.id: saveButton
2020/07/14 15:40:11:258 DEBUG com.sinosoft.test.base.TestBase:80 - Found Element By : By.id: saveButton
2020/07/14 15:40:11:260 DEBUG com.sinosoft.test.base.TestBase:42 - Trying to click on: [[InternetExplorerDriver: internet explorer on WINDOWS (a22c6c64-841e-48e7-900d-7217c9608c2d)] -> id: saveButton]
2020/07/14 15:40:17:397 DEBUG com.sinosoft.test.base.TestBase:46 - Clicked on: [[InternetExplorerDriver: internet explorer on WINDOWS (a22c6c64-841e-48e7-900d-7217c9608c2d)] -> id: saveButton]
2020/07/14 15:40:17:398 DEBUG com.sinosoft.test.base.TestBase:88 - 截屏文件名字是：FCCB_TB_JCX_1保存基本信息
2020/07/14 15:40:17:603 DEBUG com.sinosoft.test.base.TestBase:69 - 初始化class com.sinosoft.test.fccp.tbcl.RiskDetail_TypePage
2020/07/14 15:40:23:348 DEBUG com.sinosoft.test.base.TestBase:76 - Trying to find Element By : By.name: GuRiskRiskApplyType
2020/07/14 15:40:23:532 DEBUG com.sinosoft.test.base.TestBase:80 - Found Element By : By.name: GuRiskRiskApplyType
2020/07/14 15:40:23:534 DEBUG com.sinosoft.test.base.TestBase:107 - 投保处理/险种信息
2020/07/14 15:40:26:465 DEBUG com.sinosoft.test.base.TestBase:76 - Trying to find Element By : By.id: RiskItem
2020/07/14 15:40:26:560 DEBUG com.sinosoft.test.base.TestBase:80 - Found Element By : By.id: RiskItem
2020/07/14 15:40:26:561 DEBUG com.sinosoft.test.base.TestBase:76 - Trying to find Element By : By.name: summarySubBusinessNo
2020/07/14 15:40:26:669 DEBUG com.sinosoft.test.base.TestBase:80 - Found Element By : By.name: summarySubBusinessNo
2020/07/14 15:40:26:723 DEBUG com.sinosoft.test.base.TestBase:113 - 投保单号：06201900101202000000000081
2020/07/14 15:40:26:723 DEBUG com.sinosoft.test.base.TestBase:121 - 保存投保单号完毕！
2020/07/14 15:40:32:374 DEBUG com.sinosoft.test.base.TestBase:123 - 返回工作区，准备下一步操作！
2020/07/14 15:40:32:375  INFO com.sinosoft.test.base.TestBase:125 - 开始处理风险类别信息
2020/07/14 15:40:32:376 DEBUG com.sinosoft.test.base.TestBase:76 - Trying to find Element By : By.name: GuRiskRiskApplyType
2020/07/14 15:40:32:470 DEBUG com.sinosoft.test.base.TestBase:80 - Found Element By : By.name: GuRiskRiskApplyType
2020/07/14 15:40:32:472  INFO com.sinosoft.test.base.TestBase:96 - setSelectWithStartText:[[InternetExplorerDriver: internet explorer on WINDOWS (a22c6c64-841e-48e7-900d-7217c9608c2d)] -> name: GuRiskRiskApplyType]->1
2020/07/14 15:40:32:474 DEBUG com.sinosoft.test.base.TestBase:76 - Trying to find Element By : By.name: GuRiskRiskApplyType
2020/07/14 15:40:32:577 DEBUG com.sinosoft.test.base.TestBase:80 - Found Element By : By.name: GuRiskRiskApplyType
2020/07/14 15:40:32:616 DEBUG com.sinosoft.test.base.TestBase:76 - Trying to find Element By : By.name: GuRiskRiskApplyType
2020/07/14 15:40:32:740 DEBUG com.sinosoft.test.base.TestBase:80 - Found Element By : By.name: GuRiskRiskApplyType
2020/07/14 15:40:32:792 DEBUG com.sinosoft.test.base.TestBase:76 - Trying to find Element By : By.name: GuRiskRiskApplyType
2020/07/14 15:40:32:922 DEBUG com.sinosoft.test.base.TestBase:80 - Found Element By : By.name: GuRiskRiskApplyType
2020/07/14 15:40:32:922 DEBUG com.sinosoft.test.base.TestBase:76 - Trying to find Element By : By.tagName: option
2020/07/14 15:40:33:011 DEBUG com.sinosoft.test.base.TestBase:80 - Found Element By : By.tagName: option
2020/07/14 15:40:33:117  INFO com.sinosoft.test.base.TestBase:114 - 找到匹配【1】的选项：1-全国
2020/07/14 15:40:33:118 DEBUG com.sinosoft.test.base.TestBase:76 - Trying to find Element By : By.name: GuRiskRiskApplyType
2020/07/14 15:40:33:247 DEBUG com.sinosoft.test.base.TestBase:80 - Found Element By : By.name: GuRiskRiskApplyType
2020/07/14 15:40:33:248 DEBUG com.sinosoft.test.base.TestBase:76 - Trying to find Element By : By.xpath: .//option[normalize-space(.) = "1-全国"]
2020/07/14 15:40:33:401 DEBUG com.sinosoft.test.base.TestBase:80 - Found Element By : By.xpath: .//option[normalize-space(.) = "1-全国"]
2020/07/14 15:40:33:460 DEBUG com.sinosoft.test.base.TestBase:123 - setSelectWithStartText 结束！
2020/07/14 15:40:33:461 DEBUG com.sinosoft.test.base.TestBase:76 - Trying to find Element By : By.name: GuRiskCoinsInd
2020/07/14 15:40:33:613 DEBUG com.sinosoft.test.base.TestBase:80 - Found Element By : By.name: GuRiskCoinsInd
2020/07/14 15:40:33:614  INFO com.sinosoft.test.base.TestBase:96 - setSelectWithStartText:[[InternetExplorerDriver: internet explorer on WINDOWS (a22c6c64-841e-48e7-900d-7217c9608c2d)] -> name: GuRiskCoinsInd]->1
2020/07/14 15:40:33:614 DEBUG com.sinosoft.test.base.TestBase:76 - Trying to find Element By : By.name: GuRiskCoinsInd
2020/07/14 15:40:33:746 DEBUG com.sinosoft.test.base.TestBase:80 - Found Element By : By.name: GuRiskCoinsInd
2020/07/14 15:40:33:774 DEBUG com.sinosoft.test.base.TestBase:76 - Trying to find Element By : By.name: GuRiskCoinsInd
2020/07/14 15:40:33:901 DEBUG com.sinosoft.test.base.TestBase:80 - Found Element By : By.name: GuRiskCoinsInd
2020/07/14 15:40:33:939 DEBUG com.sinosoft.test.base.TestBase:76 - Trying to find Element By : By.name: GuRiskCoinsInd
2020/07/14 15:40:34:043 DEBUG com.sinosoft.test.base.TestBase:80 - Found Element By : By.name: GuRiskCoinsInd
2020/07/14 15:40:34:043 DEBUG com.sinosoft.test.base.TestBase:76 - Trying to find Element By : By.tagName: option
2020/07/14 15:40:34:434 DEBUG com.sinosoft.test.base.TestBase:80 - Found Element By : By.tagName: option
2020/07/14 15:40:34:606  INFO com.sinosoft.test.base.TestBase:114 - 找到匹配【1】的选项：1-主共保
2020/07/14 15:40:34:606 DEBUG com.sinosoft.test.base.TestBase:76 - Trying to find Element By : By.name: GuRiskCoinsInd
2020/07/14 15:40:34:742 DEBUG com.sinosoft.test.base.TestBase:80 - Found Element By : By.name: GuRiskCoinsInd
2020/07/14 15:40:34:742 DEBUG com.sinosoft.test.base.TestBase:76 - Trying to find Element By : By.xpath: .//option[normalize-space(.) = "1-主共保"]
2020/07/14 15:40:34:847 DEBUG com.sinosoft.test.base.TestBase:80 - Found Element By : By.xpath: .//option[normalize-space(.) = "1-主共保"]
2020/07/14 15:40:34:909 DEBUG com.sinosoft.test.base.TestBase:42 - Trying to click on: [[[[InternetExplorerDriver: internet explorer on WINDOWS (a22c6c64-841e-48e7-900d-7217c9608c2d)] -> name: GuRiskCoinsInd]] -> xpath: .//option[normalize-space(.) = "1-主共保"]]
2020/07/14 15:40:35:266 DEBUG com.sinosoft.test.base.TestBase:46 - Clicked on: [[[[InternetExplorerDriver: internet explorer on WINDOWS (a22c6c64-841e-48e7-900d-7217c9608c2d)] -> name: GuRiskCoinsInd]] -> xpath: .//option[normalize-space(.) = "1-主共保"]]
2020/07/14 15:40:35:266 DEBUG com.sinosoft.test.base.TestBase:123 - setSelectWithStartText 结束！
2020/07/14 15:40:35:267 DEBUG com.sinosoft.test.base.TestBase:76 - Trying to find Element By : By.name: GuRiskBusinessFlag
2020/07/14 15:40:35:363 DEBUG com.sinosoft.test.base.TestBase:80 - Found Element By : By.name: GuRiskBusinessFlag
2020/07/14 15:40:35:363  INFO com.sinosoft.test.base.TestBase:96 - setSelectWithStartText:[[InternetExplorerDriver: internet explorer on WINDOWS (a22c6c64-841e-48e7-900d-7217c9608c2d)] -> name: GuRiskBusinessFlag]->1
2020/07/14 15:40:35:364 DEBUG com.sinosoft.test.base.TestBase:76 - Trying to find Element By : By.name: GuRiskBusinessFlag
2020/07/14 15:40:35:475 DEBUG com.sinosoft.test.base.TestBase:80 - Found Element By : By.name: GuRiskBusinessFlag
2020/07/14 15:40:35:505 DEBUG com.sinosoft.test.base.TestBase:76 - Trying to find Element By : By.name: GuRiskBusinessFlag
2020/07/14 15:40:35:613 DEBUG com.sinosoft.test.base.TestBase:80 - Found Element By : By.name: GuRiskBusinessFlag
2020/07/14 15:40:35:664 DEBUG com.sinosoft.test.base.TestBase:76 - Trying to find Element By : By.name: GuRiskBusinessFlag
2020/07/14 15:40:35:820 DEBUG com.sinosoft.test.base.TestBase:80 - Found Element By : By.name: GuRiskBusinessFlag
2020/07/14 15:40:35:820 DEBUG com.sinosoft.test.base.TestBase:76 - Trying to find Element By : By.tagName: option
2020/07/14 15:40:35:945 DEBUG com.sinosoft.test.base.TestBase:80 - Found Element By : By.tagName: option
2020/07/14 15:40:36:088  INFO com.sinosoft.test.base.TestBase:114 - 找到匹配【1】的选项：1-是
2020/07/14 15:40:36:088 DEBUG com.sinosoft.test.base.TestBase:76 - Trying to find Element By : By.name: GuRiskBusinessFlag
2020/07/14 15:40:36:233 DEBUG com.sinosoft.test.base.TestBase:80 - Found Element By : By.name: GuRiskBusinessFlag
2020/07/14 15:40:36:233 DEBUG com.sinosoft.test.base.TestBase:76 - Trying to find Element By : By.xpath: .//option[normalize-space(.) = "1-是"]
2020/07/14 15:40:36:355 DEBUG com.sinosoft.test.base.TestBase:80 - Found Element By : By.xpath: .//option[normalize-space(.) = "1-是"]
2020/07/14 15:40:36:404 DEBUG com.sinosoft.test.base.TestBase:42 - Trying to click on: [[[[InternetExplorerDriver: internet explorer on WINDOWS (a22c6c64-841e-48e7-900d-7217c9608c2d)] -> name: GuRiskBusinessFlag]] -> xpath: .//option[normalize-space(.) = "1-是"]]
2020/07/14 15:40:36:726 DEBUG com.sinosoft.test.base.TestBase:46 - Clicked on: [[[[InternetExplorerDriver: internet explorer on WINDOWS (a22c6c64-841e-48e7-900d-7217c9608c2d)] -> name: GuRiskBusinessFlag]] -> xpath: .//option[normalize-space(.) = "1-是"]]
2020/07/14 15:40:36:727 DEBUG com.sinosoft.test.base.TestBase:123 - setSelectWithStartText 结束！
2020/07/14 15:40:36:727 DEBUG com.sinosoft.test.base.TestBase:76 - Trying to find Element By : By.name: GuRiskJudicalCode
2020/07/14 15:40:36:870 DEBUG com.sinosoft.test.base.TestBase:80 - Found Element By : By.name: GuRiskJudicalCode
2020/07/14 15:40:36:871  INFO com.sinosoft.test.base.TestBase:96 - setSelectWithStartText:[[InternetExplorerDriver: internet explorer on WINDOWS (a22c6c64-841e-48e7-900d-7217c9608c2d)] -> name: GuRiskJudicalCode]->1
2020/07/14 15:40:36:872 DEBUG com.sinosoft.test.base.TestBase:76 - Trying to find Element By : By.name: GuRiskJudicalCode
2020/07/14 15:40:36:956 DEBUG com.sinosoft.test.base.TestBase:80 - Found Element By : By.name: GuRiskJudicalCode
2020/07/14 15:40:36:985 DEBUG com.sinosoft.test.base.TestBase:76 - Trying to find Element By : By.name: GuRiskJudicalCode
2020/07/14 15:40:37:080 DEBUG com.sinosoft.test.base.TestBase:80 - Found Element By : By.name: GuRiskJudicalCode
2020/07/14 15:40:37:113 DEBUG com.sinosoft.test.base.TestBase:76 - Trying to find Element By : By.name: GuRiskJudicalCode
2020/07/14 15:40:37:220 DEBUG com.sinosoft.test.base.TestBase:80 - Found Element By : By.name: GuRiskJudicalCode
2020/07/14 15:40:37:221 DEBUG com.sinosoft.test.base.TestBase:76 - Trying to find Element By : By.tagName: option
2020/07/14 15:40:37:558 DEBUG com.sinosoft.test.base.TestBase:80 - Found Element By : By.tagName: option
2020/07/14 15:40:37:652  INFO com.sinosoft.test.base.TestBase:114 - 找到匹配【1】的选项：1-中华人民共和国管辖(港澳台除外)
2020/07/14 15:40:37:655 DEBUG com.sinosoft.test.base.TestBase:76 - Trying to find Element By : By.name: GuRiskJudicalCode
2020/07/14 15:40:37:786 DEBUG com.sinosoft.test.base.TestBase:80 - Found Element By : By.name: GuRiskJudicalCode
2020/07/14 15:40:37:787 DEBUG com.sinosoft.test.base.TestBase:76 - Trying to find Element By : By.xpath: .//option[normalize-space(.) = "1-中华人民共和国管辖(港澳台除外)"]
2020/07/14 15:40:37:880 DEBUG com.sinosoft.test.base.TestBase:80 - Found Element By : By.xpath: .//option[normalize-space(.) = "1-中华人民共和国管辖(港澳台除外)"]
2020/07/14 15:40:37:950 DEBUG com.sinosoft.test.base.TestBase:123 - setSelectWithStartText 结束！
2020/07/14 15:40:37:951 DEBUG com.sinosoft.test.base.TestBase:76 - Trying to find Element By : By.xpath: //table[@id='InsuredRelatedParty']/tbody/tr[@id='InsuredGuRelatedPartyCorInsuredType']/td/select[@name='InsuredGuRelatedPartyStarLevel']
2020/07/14 15:40:38:027 DEBUG com.sinosoft.test.base.TestBase:80 - Found Element By : By.xpath: //table[@id='InsuredRelatedParty']/tbody/tr[@id='InsuredGuRelatedPartyCorInsuredType']/td/select[@name='InsuredGuRelatedPartyStarLevel']
2020/07/14 15:40:38:027  INFO com.sinosoft.test.base.TestBase:96 - setSelectWithStartText:[[InternetExplorerDriver: internet explorer on WINDOWS (a22c6c64-841e-48e7-900d-7217c9608c2d)] -> xpath: //table[@id='InsuredRelatedParty']/tbody/tr[@id='InsuredGuRelatedPartyCorInsuredType']/td/select[@name='InsuredGuRelatedPartyStarLevel']]->0
2020/07/14 15:40:38:028 DEBUG com.sinosoft.test.base.TestBase:76 - Trying to find Element By : By.xpath: //table[@id='InsuredRelatedParty']/tbody/tr[@id='InsuredGuRelatedPartyCorInsuredType']/td/select[@name='InsuredGuRelatedPartyStarLevel']
2020/07/14 15:40:38:122 DEBUG com.sinosoft.test.base.TestBase:80 - Found Element By : By.xpath: //table[@id='InsuredRelatedParty']/tbody/tr[@id='InsuredGuRelatedPartyCorInsuredType']/td/select[@name='InsuredGuRelatedPartyStarLevel']
2020/07/14 15:40:38:169 DEBUG com.sinosoft.test.base.TestBase:76 - Trying to find Element By : By.xpath: //table[@id='InsuredRelatedParty']/tbody/tr[@id='InsuredGuRelatedPartyCorInsuredType']/td/select[@name='InsuredGuRelatedPartyStarLevel']
2020/07/14 15:40:38:240 DEBUG com.sinosoft.test.base.TestBase:80 - Found Element By : By.xpath: //table[@id='InsuredRelatedParty']/tbody/tr[@id='InsuredGuRelatedPartyCorInsuredType']/td/select[@name='InsuredGuRelatedPartyStarLevel']
2020/07/14 15:40:38:327 DEBUG com.sinosoft.test.base.TestBase:76 - Trying to find Element By : By.xpath: //table[@id='InsuredRelatedParty']/tbody/tr[@id='InsuredGuRelatedPartyCorInsuredType']/td/select[@name='InsuredGuRelatedPartyStarLevel']
2020/07/14 15:40:38:421 DEBUG com.sinosoft.test.base.TestBase:80 - Found Element By : By.xpath: //table[@id='InsuredRelatedParty']/tbody/tr[@id='InsuredGuRelatedPartyCorInsuredType']/td/select[@name='InsuredGuRelatedPartyStarLevel']
2020/07/14 15:40:38:421 DEBUG com.sinosoft.test.base.TestBase:76 - Trying to find Element By : By.tagName: option
2020/07/14 15:40:38:670 DEBUG com.sinosoft.test.base.TestBase:80 - Found Element By : By.tagName: option
2020/07/14 15:40:38:838  INFO com.sinosoft.test.base.TestBase:114 - 找到匹配【0】的选项：0-普通客户
2020/07/14 15:40:38:838 DEBUG com.sinosoft.test.base.TestBase:76 - Trying to find Element By : By.xpath: //table[@id='InsuredRelatedParty']/tbody/tr[@id='InsuredGuRelatedPartyCorInsuredType']/td/select[@name='InsuredGuRelatedPartyStarLevel']
2020/07/14 15:40:38:935 DEBUG com.sinosoft.test.base.TestBase:80 - Found Element By : By.xpath: //table[@id='InsuredRelatedParty']/tbody/tr[@id='InsuredGuRelatedPartyCorInsuredType']/td/select[@name='InsuredGuRelatedPartyStarLevel']
2020/07/14 15:40:38:935 DEBUG com.sinosoft.test.base.TestBase:76 - Trying to find Element By : By.xpath: .//option[normalize-space(.) = "0-普通客户"]
2020/07/14 15:40:39:034 DEBUG com.sinosoft.test.base.TestBase:80 - Found Element By : By.xpath: .//option[normalize-space(.) = "0-普通客户"]
2020/07/14 15:40:39:076 DEBUG com.sinosoft.test.base.TestBase:42 - Trying to click on: [[[[InternetExplorerDriver: internet explorer on WINDOWS (a22c6c64-841e-48e7-900d-7217c9608c2d)] -> xpath: //table[@id='InsuredRelatedParty']/tbody/tr[@id='InsuredGuRelatedPartyCorInsuredType']/td/select[@name='InsuredGuRelatedPartyStarLevel']]] -> xpath: .//option[normalize-space(.) = "0-普通客户"]]
2020/07/14 15:40:39:451 DEBUG com.sinosoft.test.base.TestBase:46 - Clicked on: [[[[InternetExplorerDriver: internet explorer on WINDOWS (a22c6c64-841e-48e7-900d-7217c9608c2d)] -> xpath: //table[@id='InsuredRelatedParty']/tbody/tr[@id='InsuredGuRelatedPartyCorInsuredType']/td/select[@name='InsuredGuRelatedPartyStarLevel']]] -> xpath: .//option[normalize-space(.) = "0-普通客户"]]
2020/07/14 15:40:39:452 DEBUG com.sinosoft.test.base.TestBase:123 - setSelectWithStartText 结束！
2020/07/14 15:40:39:452 DEBUG com.sinosoft.test.base.TestBase:76 - Trying to find Element By : By.xpath: //table[@id='InsuredRelatedParty']/tbody/tr[@id='InsuredGuRelatedPartyVocation']/td/input[@name='InsuredGuRelatedPartyIndustryMainCode']
2020/07/14 15:40:39:536 DEBUG com.sinosoft.test.base.TestBase:80 - Found Element By : By.xpath: //table[@id='InsuredRelatedParty']/tbody/tr[@id='InsuredGuRelatedPartyVocation']/td/input[@name='InsuredGuRelatedPartyIndustryMainCode']
2020/07/14 15:40:39:574 DEBUG com.sinosoft.test.base.TestBase:76 - Trying to find Element By : By.xpath: //table[@id='InsuredRelatedParty']/tbody/tr[@id='InsuredGuRelatedPartyVocation']/td/input[@name='InsuredGuRelatedPartyIndustryMainCode']
2020/07/14 15:40:39:691 DEBUG com.sinosoft.test.base.TestBase:80 - Found Element By : By.xpath: //table[@id='InsuredRelatedParty']/tbody/tr[@id='InsuredGuRelatedPartyVocation']/td/input[@name='InsuredGuRelatedPartyIndustryMainCode']
2020/07/14 15:40:39:691 DEBUG com.sinosoft.test.base.TestBase:42 - CodeSelect:开始设置[[InternetExplorerDriver: internet explorer on WINDOWS (a22c6c64-841e-48e7-900d-7217c9608c2d)] -> xpath: //table[@id='InsuredRelatedParty']/tbody/tr[@id='InsuredGuRelatedPartyVocation']/td/input[@name='InsuredGuRelatedPartyIndustryMainCode']] & Code=12
2020/07/14 15:40:39:691 DEBUG com.sinosoft.test.base.TestBase:76 - Trying to find Element By : By.xpath: //table[@id='InsuredRelatedParty']/tbody/tr[@id='InsuredGuRelatedPartyVocation']/td/input[@name='InsuredGuRelatedPartyIndustryMainCode']
2020/07/14 15:40:39:763 DEBUG com.sinosoft.test.base.TestBase:80 - Found Element By : By.xpath: //table[@id='InsuredRelatedParty']/tbody/tr[@id='InsuredGuRelatedPartyVocation']/td/input[@name='InsuredGuRelatedPartyIndustryMainCode']
2020/07/14 15:40:41:489 DEBUG com.sinosoft.test.base.TestBase:272 - 系统窗口【黄河财险业务系统】with handle -6b1747de-33f4-4180-926f-62df5c98c140
2020/07/14 15:40:42:181 DEBUG com.sinosoft.test.base.TestBase:272 - 系统窗口【黄河财险业务系统】with handle -6b1747de-33f4-4180-926f-62df5c98c140
2020/07/14 15:40:42:831 DEBUG com.sinosoft.test.base.TestBase:272 - 系统窗口【Code Select】with handle -5805aa16-9c11-4896-a084-44b46093f0be
2020/07/14 15:40:43:359 DEBUG com.sinosoft.test.base.TestBase:69 - 初始化class com.sinosoft.test.fccp.common.CodeSelectPage
2020/07/14 15:40:43:361 DEBUG com.sinosoft.test.base.TestBase:39 - 基础码表选择！
2020/07/14 15:40:43:362 DEBUG com.sinosoft.test.base.TestBase:76 - Trying to find Element By : By.name: fieldValue
2020/07/14 15:40:43:690 DEBUG com.sinosoft.test.base.TestBase:80 - Found Element By : By.name: fieldValue
2020/07/14 15:40:43:690  INFO com.sinosoft.test.base.TestBase:360 - setEditboxValue:[[InternetExplorerDriver: internet explorer on WINDOWS (a22c6c64-841e-48e7-900d-7217c9608c2d)] -> name: fieldValue]：12
2020/07/14 15:40:45:158  INFO com.sinosoft.test.base.TestBase:363 - setEditboxValue—End:[[InternetExplorerDriver: internet explorer on WINDOWS (a22c6c64-841e-48e7-900d-7217c9608c2d)] -> name: fieldValue]：12
2020/07/14 15:40:45:159 DEBUG com.sinosoft.test.base.TestBase:76 - Trying to find Element By : By.xpath: //input[@value='查询(Q)']
2020/07/14 15:40:45:496 DEBUG com.sinosoft.test.base.TestBase:80 - Found Element By : By.xpath: //input[@value='查询(Q)']
2020/07/14 15:40:45:497  INFO com.sinosoft.test.base.TestBase:402 - clickButton:[[InternetExplorerDriver: internet explorer on WINDOWS (a22c6c64-841e-48e7-900d-7217c9608c2d)] -> xpath: //input[@value='查询(Q)']]
2020/07/14 15:40:45:498 DEBUG com.sinosoft.test.base.TestBase:42 - Trying to click on: [[InternetExplorerDriver: internet explorer on WINDOWS (a22c6c64-841e-48e7-900d-7217c9608c2d)] -> xpath: //input[@value='查询(Q)']]
2020/07/14 15:40:47:119 DEBUG com.sinosoft.test.base.TestBase:46 - Clicked on: [[InternetExplorerDriver: internet explorer on WINDOWS (a22c6c64-841e-48e7-900d-7217c9608c2d)] -> xpath: //input[@value='查询(Q)']]
2020/07/14 15:40:47:120 DEBUG com.sinosoft.test.base.TestBase:76 - Trying to find Element By : By.name: codeselect
2020/07/14 15:40:47:434 DEBUG com.sinosoft.test.base.TestBase:80 - Found Element By : By.name: codeselect
2020/07/14 15:40:47:435  INFO com.sinosoft.test.base.TestBase:132 - setFuzzySelect:[[InternetExplorerDriver: internet explorer on WINDOWS (a22c6c64-841e-48e7-900d-7217c9608c2d)] -> name: codeselect]->12
2020/07/14 15:40:48:006 DEBUG com.sinosoft.test.base.TestBase:76 - Trying to find Element By : By.tagName: option
2020/07/14 15:40:48:338 DEBUG com.sinosoft.test.base.TestBase:80 - Found Element By : By.tagName: option
2020/07/14 15:40:48:653  INFO com.sinosoft.test.base.TestBase:142 - 找到匹配【12】的选项：12--社会团体,机关,事业单位
2020/07/14 15:40:48:653 DEBUG com.sinosoft.test.base.TestBase:76 - Trying to find Element By : By.xpath: .//option[normalize-space(.) = "12--社会团体,机关,事业单位"]
2020/07/14 15:40:49:003 DEBUG com.sinosoft.test.base.TestBase:80 - Found Element By : By.xpath: .//option[normalize-space(.) = "12--社会团体,机关,事业单位"]
2020/07/14 15:40:49:307 DEBUG com.sinosoft.test.base.TestBase:42 - Trying to click on: [[[[InternetExplorerDriver: internet explorer on WINDOWS (a22c6c64-841e-48e7-900d-7217c9608c2d)] -> name: codeselect]] -> xpath: .//option[normalize-space(.) = "12--社会团体,机关,事业单位"]]
2020/07/14 15:40:49:814 DEBUG com.sinosoft.test.base.TestBase:46 - Clicked on: [[[[InternetExplorerDriver: internet explorer on WINDOWS (a22c6c64-841e-48e7-900d-7217c9608c2d)] -> name: codeselect]] -> xpath: .//option[normalize-space(.) = "12--社会团体,机关,事业单位"]]
2020/07/14 15:40:49:815 DEBUG com.sinosoft.test.base.TestBase:151 - setFuzzySelect 结束！
2020/07/14 15:40:49:815 DEBUG com.sinosoft.test.base.TestBase:76 - Trying to find Element By : By.name: SelectIt
2020/07/14 15:40:50:105 DEBUG com.sinosoft.test.base.TestBase:80 - Found Element By : By.name: SelectIt
2020/07/14 15:40:50:105  INFO com.sinosoft.test.base.TestBase:416 - jsClickButton:[[InternetExplorerDriver: internet explorer on WINDOWS (a22c6c64-841e-48e7-900d-7217c9608c2d)] -> name: SelectIt]
2020/07/14 15:40:50:107  INFO com.sinosoft.test.base.TestBase:144 - RunJavaScript:[[InternetExplorerDriver: internet explorer on WINDOWS (a22c6c64-841e-48e7-900d-7217c9608c2d)] -> name: SelectIt]	arguments[0].click();
2020/07/14 15:40:50:976 DEBUG com.sinosoft.test.base.TestBase:272 - 系统窗口【黄河财险业务系统】with handle -6b1747de-33f4-4180-926f-62df5c98c140
2020/07/14 15:40:56:848 DEBUG com.sinosoft.test.base.TestBase:76 - Trying to find Element By : By.xpath: //table[@id='InsuredRelatedParty']/tbody/tr[@id='InsuredGuRelatedPartyVocation']/td/input[@name='InsuredGuRelatedPartyIndustryMainCode']
2020/07/14 15:40:56:947 DEBUG com.sinosoft.test.base.TestBase:80 - Found Element By : By.xpath: //table[@id='InsuredRelatedParty']/tbody/tr[@id='InsuredGuRelatedPartyVocation']/td/input[@name='InsuredGuRelatedPartyIndustryMainCode']
2020/07/14 15:40:56:947 DEBUG com.sinosoft.test.base.TestBase:49 - CodeSelect:设置完毕[[InternetExplorerDriver: internet explorer on WINDOWS (a22c6c64-841e-48e7-900d-7217c9608c2d)] -> xpath: //table[@id='InsuredRelatedParty']/tbody/tr[@id='InsuredGuRelatedPartyVocation']/td/input[@name='InsuredGuRelatedPartyIndustryMainCode']] & Code=12
2020/07/14 15:40:56:947 DEBUG com.sinosoft.test.base.TestBase:76 - Trying to find Element By : By.xpath: //table[@id='InsuredRelatedParty']/tbody/tr[@id='InsuredGuRelatedPartyVocation']/td/input[@name='InsuredGuRelatedPartyIndustryKindCode']
2020/07/14 15:40:57:055 DEBUG com.sinosoft.test.base.TestBase:80 - Found Element By : By.xpath: //table[@id='InsuredRelatedParty']/tbody/tr[@id='InsuredGuRelatedPartyVocation']/td/input[@name='InsuredGuRelatedPartyIndustryKindCode']
2020/07/14 15:40:57:114 DEBUG com.sinosoft.test.base.TestBase:76 - Trying to find Element By : By.xpath: //table[@id='InsuredRelatedParty']/tbody/tr[@id='InsuredGuRelatedPartyVocation']/td/input[@name='InsuredGuRelatedPartyIndustryKindCode']
2020/07/14 15:40:57:257 DEBUG com.sinosoft.test.base.TestBase:80 - Found Element By : By.xpath: //table[@id='InsuredRelatedParty']/tbody/tr[@id='InsuredGuRelatedPartyVocation']/td/input[@name='InsuredGuRelatedPartyIndustryKindCode']
2020/07/14 15:40:57:257 DEBUG com.sinosoft.test.base.TestBase:63 - SetCodeEditBox:开始设置:[[InternetExplorerDriver: internet explorer on WINDOWS (a22c6c64-841e-48e7-900d-7217c9608c2d)] -> xpath: //table[@id='InsuredRelatedParty']/tbody/tr[@id='InsuredGuRelatedPartyVocation']/td/input[@name='InsuredGuRelatedPartyIndustryKindCode']] & Code=12006
2020/07/14 15:40:57:258 DEBUG com.sinosoft.test.base.TestBase:76 - Trying to find Element By : By.xpath: //table[@id='InsuredRelatedParty']/tbody/tr[@id='InsuredGuRelatedPartyVocation']/td/input[@name='InsuredGuRelatedPartyIndustryKindCode']
2020/07/14 15:40:57:353 DEBUG com.sinosoft.test.base.TestBase:80 - Found Element By : By.xpath: //table[@id='InsuredRelatedParty']/tbody/tr[@id='InsuredGuRelatedPartyVocation']/td/input[@name='InsuredGuRelatedPartyIndustryKindCode']
2020/07/14 15:40:57:779 DEBUG com.sinosoft.test.base.TestBase:76 - Trying to find Element By : By.xpath: //table[@id='InsuredRelatedParty']/tbody/tr[@id='InsuredGuRelatedPartyVocation']/td/input[@name='InsuredGuRelatedPartyIndustryKindCode']
2020/07/14 15:40:57:893 DEBUG com.sinosoft.test.base.TestBase:80 - Found Element By : By.xpath: //table[@id='InsuredRelatedParty']/tbody/tr[@id='InsuredGuRelatedPartyVocation']/td/input[@name='InsuredGuRelatedPartyIndustryKindCode']
2020/07/14 15:40:58:824 DEBUG com.sinosoft.test.base.TestBase:76 - Trying to find Element By : By.xpath: //table[@id='InsuredRelatedParty']/tbody/tr[@id='InsuredGuRelatedPartyVocation']/td/input[@name='InsuredGuRelatedPartyIndustryKindCode']
2020/07/14 15:40:58:922 DEBUG com.sinosoft.test.base.TestBase:80 - Found Element By : By.xpath: //table[@id='InsuredRelatedParty']/tbody/tr[@id='InsuredGuRelatedPartyVocation']/td/input[@name='InsuredGuRelatedPartyIndustryKindCode']
2020/07/14 15:40:58:923 DEBUG com.sinosoft.test.base.TestBase:76 - Trying to find Element By : By.xpath: ../input[last()]
2020/07/14 15:40:59:005 DEBUG com.sinosoft.test.base.TestBase:80 - Found Element By : By.xpath: ../input[last()]
2020/07/14 15:40:59:194  INFO com.sinosoft.test.base.TestBase:71 - SetCodeEditBox:找到了Code对应的文本显示框并点击触发显示:InsuredGuRelatedPartyIndustryKindCName
2020/07/14 15:40:59:194 DEBUG com.sinosoft.test.base.TestBase:42 - Trying to click on: [[[[InternetExplorerDriver: internet explorer on WINDOWS (a22c6c64-841e-48e7-900d-7217c9608c2d)] -> xpath: //table[@id='InsuredRelatedParty']/tbody/tr[@id='InsuredGuRelatedPartyVocation']/td/input[@name='InsuredGuRelatedPartyIndustryKindCode']]] -> xpath: ../input[last()]]
2020/07/14 15:41:00:621 DEBUG com.sinosoft.test.base.TestBase:46 - Clicked on: [[[[InternetExplorerDriver: internet explorer on WINDOWS (a22c6c64-841e-48e7-900d-7217c9608c2d)] -> xpath: //table[@id='InsuredRelatedParty']/tbody/tr[@id='InsuredGuRelatedPartyVocation']/td/input[@name='InsuredGuRelatedPartyIndustryKindCode']]] -> xpath: ../input[last()]]
2020/07/14 15:41:00:823 DEBUG com.sinosoft.test.base.TestBase:76 - Trying to find Element By : By.xpath: //table[@id='InsuredRelatedParty']/tbody/tr[@id='InsuredGuRelatedPartyVocation']/td/input[@name='InsuredGuRelatedPartyIndustryKindCode']
2020/07/14 15:41:00:907 DEBUG com.sinosoft.test.base.TestBase:80 - Found Element By : By.xpath: //table[@id='InsuredRelatedParty']/tbody/tr[@id='InsuredGuRelatedPartyVocation']/td/input[@name='InsuredGuRelatedPartyIndustryKindCode']
2020/07/14 15:41:00:907 DEBUG com.sinosoft.test.base.TestBase:87 - SetCodeEditBox:设置完毕[[InternetExplorerDriver: internet explorer on WINDOWS (a22c6c64-841e-48e7-900d-7217c9608c2d)] -> xpath: //table[@id='InsuredRelatedParty']/tbody/tr[@id='InsuredGuRelatedPartyVocation']/td/input[@name='InsuredGuRelatedPartyIndustryKindCode']],设置值 Code=12006
2020/07/14 15:41:00:907  INFO com.sinosoft.test.base.TestBase:157 - 保存险种基本信息
2020/07/14 15:41:00:907 DEBUG com.sinosoft.test.base.TestBase:76 - Trying to find Element By : By.id: saveButton
2020/07/14 15:41:01:028 DEBUG com.sinosoft.test.base.TestBase:80 - Found Element By : By.id: saveButton
2020/07/14 15:41:01:029  INFO com.sinosoft.test.base.TestBase:416 - jsClickButton:[[InternetExplorerDriver: internet explorer on WINDOWS (a22c6c64-841e-48e7-900d-7217c9608c2d)] -> id: saveButton]
2020/07/14 15:41:01:029 DEBUG com.sinosoft.test.base.TestBase:76 - Trying to find Element By : By.id: saveButton
2020/07/14 15:41:01:120 DEBUG com.sinosoft.test.base.TestBase:80 - Found Element By : By.id: saveButton
2020/07/14 15:41:01:121  INFO com.sinosoft.test.base.TestBase:144 - RunJavaScript:[[InternetExplorerDriver: internet explorer on WINDOWS (a22c6c64-841e-48e7-900d-7217c9608c2d)] -> id: saveButton]	arguments[0].click();
2020/07/14 15:41:01:121 DEBUG com.sinosoft.test.base.TestBase:76 - Trying to find Element By : By.id: saveButton
2020/07/14 15:41:01:218 DEBUG com.sinosoft.test.base.TestBase:80 - Found Element By : By.id: saveButton
2020/07/14 15:41:02:546 DEBUG com.sinosoft.test.base.TestBase:69 - 初始化class com.sinosoft.test.fccp.tbcl.RiskDetail_insuredObjPage
2020/07/14 15:41:08:694 DEBUG com.sinosoft.test.base.TestBase:76 - Trying to find Element By : By.id: ItemPropertyDetail
2020/07/14 15:41:08:800 DEBUG com.sinosoft.test.base.TestBase:80 - Found Element By : By.id: ItemPropertyDetail
2020/07/14 15:41:08:801 DEBUG com.sinosoft.test.base.TestBase:213 - 进入保险标的信息页面对象！
2020/07/14 15:41:08:801  INFO com.sinosoft.test.base.TestBase:222 - 开始录入标的物信息！
2020/07/14 15:41:08:807 DEBUG com.sinosoft.test.base.TestBase:69 - 初始化class com.sinosoft.test.fccp.tbcl.InsuredObjectInfoPage_0101
2020/07/14 15:41:08:814 DEBUG com.sinosoft.test.base.TestBase:76 - Trying to find Element By : By.name: GuItemPropertyBlockCode
2020/07/14 15:41:08:959 DEBUG com.sinosoft.test.base.TestBase:80 - Found Element By : By.name: GuItemPropertyBlockCode
2020/07/14 15:41:08:961  INFO com.sinosoft.test.base.TestBase:30 - 开始录入标的物信息！
2020/07/14 15:41:08:961 DEBUG com.sinosoft.test.base.TestBase:76 - Trying to find Element By : By.name: GuItemPropertyBlockCode
2020/07/14 15:41:09:067 DEBUG com.sinosoft.test.base.TestBase:80 - Found Element By : By.name: GuItemPropertyBlockCode
2020/07/14 15:41:09:068  INFO com.sinosoft.test.base.TestBase:388 - setEditboxTValue:[[InternetExplorerDriver: internet explorer on WINDOWS (a22c6c64-841e-48e7-900d-7217c9608c2d)] -> name: GuItemPropertyBlockCode]->121121123123
2020/07/14 15:41:09:068 DEBUG com.sinosoft.test.base.TestBase:76 - Trying to find Element By : By.name: GuItemPropertyBlockCode
2020/07/14 15:41:09:173 DEBUG com.sinosoft.test.base.TestBase:80 - Found Element By : By.name: GuItemPropertyBlockCode
2020/07/14 15:41:09:616 DEBUG com.sinosoft.test.base.TestBase:76 - Trying to find Element By : By.name: GuItemPropertyBlockCode
2020/07/14 15:41:09:713 DEBUG com.sinosoft.test.base.TestBase:80 - Found Element By : By.name: GuItemPropertyBlockCode
2020/07/14 15:41:15:428 DEBUG com.sinosoft.test.base.TestBase:76 - Trying to find Element By : By.name: GuItemPropertyCurrency
2020/07/14 15:41:15:559 DEBUG com.sinosoft.test.base.TestBase:80 - Found Element By : By.name: GuItemPropertyCurrency
2020/07/14 15:41:15:646 DEBUG com.sinosoft.test.base.TestBase:76 - Trying to find Element By : By.name: GuItemPropertyItemProvinceCode
2020/07/14 15:41:15:772 DEBUG com.sinosoft.test.base.TestBase:80 - Found Element By : By.name: GuItemPropertyItemProvinceCode
2020/07/14 15:41:15:811 DEBUG com.sinosoft.test.base.TestBase:76 - Trying to find Element By : By.name: GuItemPropertyItemProvinceCode
2020/07/14 15:41:15:965 DEBUG com.sinosoft.test.base.TestBase:80 - Found Element By : By.name: GuItemPropertyItemProvinceCode
2020/07/14 15:41:15:965 DEBUG com.sinosoft.test.base.TestBase:63 - SetCodeEditBox:开始设置:[[InternetExplorerDriver: internet explorer on WINDOWS (a22c6c64-841e-48e7-900d-7217c9608c2d)] -> name: GuItemPropertyItemProvinceCode] & Code=130000
2020/07/14 15:41:15:966 DEBUG com.sinosoft.test.base.TestBase:76 - Trying to find Element By : By.name: GuItemPropertyItemProvinceCode
2020/07/14 15:41:16:107 DEBUG com.sinosoft.test.base.TestBase:80 - Found Element By : By.name: GuItemPropertyItemProvinceCode
2020/07/14 15:41:16:468 DEBUG com.sinosoft.test.base.TestBase:76 - Trying to find Element By : By.name: GuItemPropertyItemProvinceCode
2020/07/14 15:41:16:557 DEBUG com.sinosoft.test.base.TestBase:80 - Found Element By : By.name: GuItemPropertyItemProvinceCode
2020/07/14 15:41:17:472 DEBUG com.sinosoft.test.base.TestBase:76 - Trying to find Element By : By.name: GuItemPropertyItemProvinceCode
2020/07/14 15:41:17:608 DEBUG com.sinosoft.test.base.TestBase:80 - Found Element By : By.name: GuItemPropertyItemProvinceCode
2020/07/14 15:41:17:609 DEBUG com.sinosoft.test.base.TestBase:76 - Trying to find Element By : By.xpath: ../input[last()]
2020/07/14 15:41:17:721 DEBUG com.sinosoft.test.base.TestBase:80 - Found Element By : By.xpath: ../input[last()]
2020/07/14 15:41:17:900  INFO com.sinosoft.test.base.TestBase:71 - SetCodeEditBox:找到了Code对应的文本显示框并点击触发显示:GuItemPropertyItemProvinceCName
2020/07/14 15:41:17:902 DEBUG com.sinosoft.test.base.TestBase:42 - Trying to click on: [[[[InternetExplorerDriver: internet explorer on WINDOWS (a22c6c64-841e-48e7-900d-7217c9608c2d)] -> name: GuItemPropertyItemProvinceCode]] -> xpath: ../input[last()]]
2020/07/14 15:41:19:320 DEBUG com.sinosoft.test.base.TestBase:46 - Clicked on: [[[[InternetExplorerDriver: internet explorer on WINDOWS (a22c6c64-841e-48e7-900d-7217c9608c2d)] -> name: GuItemPropertyItemProvinceCode]] -> xpath: ../input[last()]]
2020/07/14 15:41:19:521 DEBUG com.sinosoft.test.base.TestBase:76 - Trying to find Element By : By.name: GuItemPropertyItemProvinceCode
2020/07/14 15:41:19:614 DEBUG com.sinosoft.test.base.TestBase:80 - Found Element By : By.name: GuItemPropertyItemProvinceCode
2020/07/14 15:41:19:614 DEBUG com.sinosoft.test.base.TestBase:87 - SetCodeEditBox:设置完毕[[InternetExplorerDriver: internet explorer on WINDOWS (a22c6c64-841e-48e7-900d-7217c9608c2d)] -> name: GuItemPropertyItemProvinceCode],设置值 Code=130000
2020/07/14 15:41:19:615 DEBUG com.sinosoft.test.base.TestBase:76 - Trying to find Element By : By.name: GuItemPropertyItemCityCode
2020/07/14 15:41:19:755 DEBUG com.sinosoft.test.base.TestBase:80 - Found Element By : By.name: GuItemPropertyItemCityCode
2020/07/14 15:41:19:793 DEBUG com.sinosoft.test.base.TestBase:76 - Trying to find Element By : By.name: GuItemPropertyItemCityCode
2020/07/14 15:41:19:945 DEBUG com.sinosoft.test.base.TestBase:80 - Found Element By : By.name: GuItemPropertyItemCityCode
2020/07/14 15:41:19:945 DEBUG com.sinosoft.test.base.TestBase:63 - SetCodeEditBox:开始设置:[[InternetExplorerDriver: internet explorer on WINDOWS (a22c6c64-841e-48e7-900d-7217c9608c2d)] -> name: GuItemPropertyItemCityCode] & Code=130300
2020/07/14 15:41:19:946 DEBUG com.sinosoft.test.base.TestBase:76 - Trying to find Element By : By.name: GuItemPropertyItemCityCode
2020/07/14 15:41:20:056 DEBUG com.sinosoft.test.base.TestBase:80 - Found Element By : By.name: GuItemPropertyItemCityCode
2020/07/14 15:41:20:502 DEBUG com.sinosoft.test.base.TestBase:76 - Trying to find Element By : By.name: GuItemPropertyItemCityCode
2020/07/14 15:41:20:601 DEBUG com.sinosoft.test.base.TestBase:80 - Found Element By : By.name: GuItemPropertyItemCityCode
2020/07/14 15:41:21:517 DEBUG com.sinosoft.test.base.TestBase:76 - Trying to find Element By : By.name: GuItemPropertyItemCityCode
2020/07/14 15:41:21:622 DEBUG com.sinosoft.test.base.TestBase:80 - Found Element By : By.name: GuItemPropertyItemCityCode
2020/07/14 15:41:21:622 DEBUG com.sinosoft.test.base.TestBase:76 - Trying to find Element By : By.xpath: ../input[last()]
2020/07/14 15:41:21:720 DEBUG com.sinosoft.test.base.TestBase:80 - Found Element By : By.xpath: ../input[last()]
2020/07/14 15:41:21:925  INFO com.sinosoft.test.base.TestBase:71 - SetCodeEditBox:找到了Code对应的文本显示框并点击触发显示:GuItemPropertyItemCityCName
2020/07/14 15:41:21:925 DEBUG com.sinosoft.test.base.TestBase:42 - Trying to click on: [[[[InternetExplorerDriver: internet explorer on WINDOWS (a22c6c64-841e-48e7-900d-7217c9608c2d)] -> name: GuItemPropertyItemCityCode]] -> xpath: ../input[last()]]
2020/07/14 15:41:23:339 DEBUG com.sinosoft.test.base.TestBase:46 - Clicked on: [[[[InternetExplorerDriver: internet explorer on WINDOWS (a22c6c64-841e-48e7-900d-7217c9608c2d)] -> name: GuItemPropertyItemCityCode]] -> xpath: ../input[last()]]
2020/07/14 15:41:23:539 DEBUG com.sinosoft.test.base.TestBase:76 - Trying to find Element By : By.name: GuItemPropertyItemCityCode
2020/07/14 15:41:23:690 DEBUG com.sinosoft.test.base.TestBase:80 - Found Element By : By.name: GuItemPropertyItemCityCode
2020/07/14 15:41:23:691 DEBUG com.sinosoft.test.base.TestBase:87 - SetCodeEditBox:设置完毕[[InternetExplorerDriver: internet explorer on WINDOWS (a22c6c64-841e-48e7-900d-7217c9608c2d)] -> name: GuItemPropertyItemCityCode],设置值 Code=130300
2020/07/14 15:41:23:691 DEBUG com.sinosoft.test.base.TestBase:76 - Trying to find Element By : By.name: GuItemPropertyItemPostalCode
2020/07/14 15:41:23:812 DEBUG com.sinosoft.test.base.TestBase:80 - Found Element By : By.name: GuItemPropertyItemPostalCode
2020/07/14 15:41:23:814  INFO com.sinosoft.test.base.TestBase:360 - setEditboxValue:[[InternetExplorerDriver: internet explorer on WINDOWS (a22c6c64-841e-48e7-900d-7217c9608c2d)] -> name: GuItemPropertyItemPostalCode]：065201
2020/07/14 15:41:23:814 DEBUG com.sinosoft.test.base.TestBase:76 - Trying to find Element By : By.name: GuItemPropertyItemPostalCode
2020/07/14 15:41:23:898 DEBUG com.sinosoft.test.base.TestBase:80 - Found Element By : By.name: GuItemPropertyItemPostalCode
2020/07/14 15:41:24:314 DEBUG com.sinosoft.test.base.TestBase:76 - Trying to find Element By : By.name: GuItemPropertyItemPostalCode
2020/07/14 15:41:24:432 DEBUG com.sinosoft.test.base.TestBase:80 - Found Element By : By.name: GuItemPropertyItemPostalCode
2020/07/14 15:41:25:121 DEBUG com.sinosoft.test.base.TestBase:76 - Trying to find Element By : By.name: GuItemPropertyItemPostalCode
2020/07/14 15:41:25:270 DEBUG com.sinosoft.test.base.TestBase:80 - Found Element By : By.name: GuItemPropertyItemPostalCode
2020/07/14 15:41:25:270  INFO com.sinosoft.test.base.TestBase:363 - setEditboxValue—End:[[InternetExplorerDriver: internet explorer on WINDOWS (a22c6c64-841e-48e7-900d-7217c9608c2d)] -> name: GuItemPropertyItemPostalCode]：065201
2020/07/14 15:41:25:270 DEBUG com.sinosoft.test.base.TestBase:76 - Trying to find Element By : By.name: GuItemPropertyConstruction
2020/07/14 15:41:25:363 DEBUG com.sinosoft.test.base.TestBase:80 - Found Element By : By.name: GuItemPropertyConstruction
2020/07/14 15:41:25:415 DEBUG com.sinosoft.test.base.TestBase:76 - Trying to find Element By : By.name: GuItemPropertySituation
2020/07/14 15:41:25:531 DEBUG com.sinosoft.test.base.TestBase:80 - Found Element By : By.name: GuItemPropertySituation
2020/07/14 15:41:25:532  INFO com.sinosoft.test.base.TestBase:360 - setEditboxValue:[[InternetExplorerDriver: internet explorer on WINDOWS (a22c6c64-841e-48e7-900d-7217c9608c2d)] -> name: GuItemPropertySituation]：北戴河公园
2020/07/14 15:41:25:532 DEBUG com.sinosoft.test.base.TestBase:76 - Trying to find Element By : By.name: GuItemPropertySituation
2020/07/14 15:41:25:615 DEBUG com.sinosoft.test.base.TestBase:80 - Found Element By : By.name: GuItemPropertySituation
2020/07/14 15:41:26:040 DEBUG com.sinosoft.test.base.TestBase:76 - Trying to find Element By : By.name: GuItemPropertySituation
2020/07/14 15:41:26:162 DEBUG com.sinosoft.test.base.TestBase:80 - Found Element By : By.name: GuItemPropertySituation
2020/07/14 15:41:26:832 DEBUG com.sinosoft.test.base.TestBase:76 - Trying to find Element By : By.name: GuItemPropertySituation
2020/07/14 15:41:26:930 DEBUG com.sinosoft.test.base.TestBase:80 - Found Element By : By.name: GuItemPropertySituation
2020/07/14 15:41:26:930  INFO com.sinosoft.test.base.TestBase:363 - setEditboxValue—End:[[InternetExplorerDriver: internet explorer on WINDOWS (a22c6c64-841e-48e7-900d-7217c9608c2d)] -> name: GuItemPropertySituation]：北戴河公园
2020/07/14 15:41:26:930 DEBUG com.sinosoft.test.base.TestBase:232 - 开始录入险种明细信息
2020/07/14 15:41:26:931 DEBUG com.sinosoft.test.base.TestBase:76 - Trying to find Element By : By.id: ItemPropertyDetail
2020/07/14 15:41:27:013 DEBUG com.sinosoft.test.base.TestBase:80 - Found Element By : By.id: ItemPropertyDetail
2020/07/14 15:41:27:015  INFO com.sinosoft.test.base.TestBase:406 - clickElement:[[InternetExplorerDriver: internet explorer on WINDOWS (a22c6c64-841e-48e7-900d-7217c9608c2d)] -> id: ItemPropertyDetail]
2020/07/14 15:41:27:016 DEBUG com.sinosoft.test.base.TestBase:76 - Trying to find Element By : By.id: ItemPropertyDetail
2020/07/14 15:41:27:157 DEBUG com.sinosoft.test.base.TestBase:80 - Found Element By : By.id: ItemPropertyDetail
2020/07/14 15:41:27:157 DEBUG com.sinosoft.test.base.TestBase:42 - Trying to click on: [[InternetExplorerDriver: internet explorer on WINDOWS (a22c6c64-841e-48e7-900d-7217c9608c2d)] -> id: ItemPropertyDetail]
2020/07/14 15:41:28:755 DEBUG com.sinosoft.test.base.TestBase:46 - Clicked on: [[InternetExplorerDriver: internet explorer on WINDOWS (a22c6c64-841e-48e7-900d-7217c9608c2d)] -> id: ItemPropertyDetail]
2020/07/14 15:41:28:755 DEBUG com.sinosoft.test.base.TestBase:76 - Trying to find Element By : By.id: ItemPropertyDetail
2020/07/14 15:41:28:877 DEBUG com.sinosoft.test.base.TestBase:80 - Found Element By : By.id: ItemPropertyDetail
2020/07/14 15:41:28:878 DEBUG com.sinosoft.test.base.TestBase:76 - Trying to find Element By : By.name: GuItemPropertyDetailItemDetailCode
2020/07/14 15:41:28:958 DEBUG com.sinosoft.test.base.TestBase:80 - Found Element By : By.name: GuItemPropertyDetailItemDetailCode
2020/07/14 15:41:28:959 DEBUG com.sinosoft.test.base.TestBase:76 - Trying to find Element By : By.id: ItemPropertyDetail
2020/07/14 15:41:29:083 DEBUG com.sinosoft.test.base.TestBase:80 - Found Element By : By.id: ItemPropertyDetail
2020/07/14 15:41:29:084 DEBUG com.sinosoft.test.base.TestBase:76 - Trying to find Element By : By.name: GuItemPropertyDetailItemDetailList
2020/07/14 15:41:29:132 DEBUG com.sinosoft.test.base.TestBase:80 - Found Element By : By.name: GuItemPropertyDetailItemDetailList
2020/07/14 15:41:29:214 DEBUG com.sinosoft.test.base.TestBase:42 - CodeSelect:开始设置[[[[InternetExplorerDriver: internet explorer on WINDOWS (a22c6c64-841e-48e7-900d-7217c9608c2d)] -> id: ItemPropertyDetail]] -> name: GuItemPropertyDetailItemDetailCode] & Code=010001
2020/07/14 15:41:30:656 DEBUG com.sinosoft.test.base.TestBase:272 - 系统窗口【黄河财险业务系统】with handle -6b1747de-33f4-4180-926f-62df5c98c140
2020/07/14 15:41:31:414 DEBUG com.sinosoft.test.base.TestBase:272 - 系统窗口【黄河财险业务系统】with handle -6b1747de-33f4-4180-926f-62df5c98c140
2020/07/14 15:41:32:069 DEBUG com.sinosoft.test.base.TestBase:272 - 系统窗口【Code Select】with handle -bc94368c-7bd9-487f-b2db-e4576c3feac1
2020/07/14 15:41:32:593 DEBUG com.sinosoft.test.base.TestBase:69 - 初始化class com.sinosoft.test.fccp.common.CodeSelectPage
2020/07/14 15:41:32:594 DEBUG com.sinosoft.test.base.TestBase:39 - 基础码表选择！
2020/07/14 15:41:32:595 DEBUG com.sinosoft.test.base.TestBase:76 - Trying to find Element By : By.name: fieldValue
2020/07/14 15:41:32:922 DEBUG com.sinosoft.test.base.TestBase:80 - Found Element By : By.name: fieldValue
2020/07/14 15:41:32:923  INFO com.sinosoft.test.base.TestBase:360 - setEditboxValue:[[InternetExplorerDriver: internet explorer on WINDOWS (a22c6c64-841e-48e7-900d-7217c9608c2d)] -> name: fieldValue]：010001
2020/07/14 15:41:34:524  INFO com.sinosoft.test.base.TestBase:363 - setEditboxValue—End:[[InternetExplorerDriver: internet explorer on WINDOWS (a22c6c64-841e-48e7-900d-7217c9608c2d)] -> name: fieldValue]：010001
2020/07/14 15:41:34:525 DEBUG com.sinosoft.test.base.TestBase:76 - Trying to find Element By : By.xpath: //input[@value='查询(Q)']
2020/07/14 15:41:34:858 DEBUG com.sinosoft.test.base.TestBase:80 - Found Element By : By.xpath: //input[@value='查询(Q)']
2020/07/14 15:41:34:858  INFO com.sinosoft.test.base.TestBase:402 - clickButton:[[InternetExplorerDriver: internet explorer on WINDOWS (a22c6c64-841e-48e7-900d-7217c9608c2d)] -> xpath: //input[@value='查询(Q)']]
2020/07/14 15:41:34:859 DEBUG com.sinosoft.test.base.TestBase:42 - Trying to click on: [[InternetExplorerDriver: internet explorer on WINDOWS (a22c6c64-841e-48e7-900d-7217c9608c2d)] -> xpath: //input[@value='查询(Q)']]
2020/07/14 15:41:36:509 DEBUG com.sinosoft.test.base.TestBase:46 - Clicked on: [[InternetExplorerDriver: internet explorer on WINDOWS (a22c6c64-841e-48e7-900d-7217c9608c2d)] -> xpath: //input[@value='查询(Q)']]
2020/07/14 15:41:36:509 DEBUG com.sinosoft.test.base.TestBase:76 - Trying to find Element By : By.name: codeselect
2020/07/14 15:41:36:823 DEBUG com.sinosoft.test.base.TestBase:80 - Found Element By : By.name: codeselect
2020/07/14 15:41:36:823  INFO com.sinosoft.test.base.TestBase:132 - setFuzzySelect:[[InternetExplorerDriver: internet explorer on WINDOWS (a22c6c64-841e-48e7-900d-7217c9608c2d)] -> name: codeselect]->010001
2020/07/14 15:41:37:393 DEBUG com.sinosoft.test.base.TestBase:76 - Trying to find Element By : By.tagName: option
2020/07/14 15:41:37:728 DEBUG com.sinosoft.test.base.TestBase:80 - Found Element By : By.tagName: option
2020/07/14 15:41:38:043  INFO com.sinosoft.test.base.TestBase:142 - 找到匹配【010001】的选项：010001--固定资产
2020/07/14 15:41:38:044 DEBUG com.sinosoft.test.base.TestBase:76 - Trying to find Element By : By.xpath: .//option[normalize-space(.) = "010001--固定资产"]
2020/07/14 15:41:38:381 DEBUG com.sinosoft.test.base.TestBase:80 - Found Element By : By.xpath: .//option[normalize-space(.) = "010001--固定资产"]
2020/07/14 15:41:38:696 DEBUG com.sinosoft.test.base.TestBase:42 - Trying to click on: [[[[InternetExplorerDriver: internet explorer on WINDOWS (a22c6c64-841e-48e7-900d-7217c9608c2d)] -> name: codeselect]] -> xpath: .//option[normalize-space(.) = "010001--固定资产"]]
2020/07/14 15:41:39:226 DEBUG com.sinosoft.test.base.TestBase:46 - Clicked on: [[[[InternetExplorerDriver: internet explorer on WINDOWS (a22c6c64-841e-48e7-900d-7217c9608c2d)] -> name: codeselect]] -> xpath: .//option[normalize-space(.) = "010001--固定资产"]]
2020/07/14 15:41:39:227 DEBUG com.sinosoft.test.base.TestBase:151 - setFuzzySelect 结束！
2020/07/14 15:41:39:227 DEBUG com.sinosoft.test.base.TestBase:76 - Trying to find Element By : By.name: SelectIt
2020/07/14 15:41:39:526 DEBUG com.sinosoft.test.base.TestBase:80 - Found Element By : By.name: SelectIt
2020/07/14 15:41:39:526  INFO com.sinosoft.test.base.TestBase:416 - jsClickButton:[[InternetExplorerDriver: internet explorer on WINDOWS (a22c6c64-841e-48e7-900d-7217c9608c2d)] -> name: SelectIt]
2020/07/14 15:41:39:526  INFO com.sinosoft.test.base.TestBase:144 - RunJavaScript:[[InternetExplorerDriver: internet explorer on WINDOWS (a22c6c64-841e-48e7-900d-7217c9608c2d)] -> name: SelectIt]	arguments[0].click();
2020/07/14 15:41:40:801 DEBUG com.sinosoft.test.base.TestBase:272 - 系统窗口【黄河财险业务系统】with handle -6b1747de-33f4-4180-926f-62df5c98c140
2020/07/14 15:41:46:441 DEBUG com.sinosoft.test.base.TestBase:49 - CodeSelect:设置完毕[[[[InternetExplorerDriver: internet explorer on WINDOWS (a22c6c64-841e-48e7-900d-7217c9608c2d)] -> id: ItemPropertyDetail]] -> name: GuItemPropertyDetailItemDetailCode] & Code=010001
2020/07/14 15:41:46:442  INFO com.sinosoft.test.base.TestBase:360 - setEditboxValue:[[[[InternetExplorerDriver: internet explorer on WINDOWS (a22c6c64-841e-48e7-900d-7217c9608c2d)] -> id: ItemPropertyDetail]] -> name: GuItemPropertyDetailItemDetailList]：碣石公园礁石群
2020/07/14 15:41:47:572  INFO com.sinosoft.test.base.TestBase:363 - setEditboxValue—End:[[[[InternetExplorerDriver: internet explorer on WINDOWS (a22c6c64-841e-48e7-900d-7217c9608c2d)] -> id: ItemPropertyDetail]] -> name: GuItemPropertyDetailItemDetailList]：碣石公园礁石群
2020/07/14 15:41:47:572 DEBUG com.sinosoft.test.base.TestBase:76 - Trying to find Element By : By.id: ItemPropertyDetail
2020/07/14 15:41:47:715 DEBUG com.sinosoft.test.base.TestBase:80 - Found Element By : By.id: ItemPropertyDetail
2020/07/14 15:41:47:717 DEBUG com.sinosoft.test.base.TestBase:76 - Trying to find Element By : By.name: GuItemKindKindCode
2020/07/14 15:41:47:812 DEBUG com.sinosoft.test.base.TestBase:80 - Found Element By : By.name: GuItemKindKindCode
2020/07/14 15:41:47:918 DEBUG com.sinosoft.test.base.TestBase:42 - CodeSelect:开始设置[[[[InternetExplorerDriver: internet explorer on WINDOWS (a22c6c64-841e-48e7-900d-7217c9608c2d)] -> id: ItemPropertyDetail]] -> name: GuItemKindKindCode] & Code=0101001
2020/07/14 15:41:49:495 DEBUG com.sinosoft.test.base.TestBase:272 - 系统窗口【黄河财险业务系统】with handle -6b1747de-33f4-4180-926f-62df5c98c140
2020/07/14 15:41:50:195 DEBUG com.sinosoft.test.base.TestBase:272 - 系统窗口【黄河财险业务系统】with handle -6b1747de-33f4-4180-926f-62df5c98c140
2020/07/14 15:41:50:833 DEBUG com.sinosoft.test.base.TestBase:272 - 系统窗口【Code Select】with handle -437a7297-960c-44a8-9903-02829ca98e41
2020/07/14 15:41:51:363 DEBUG com.sinosoft.test.base.TestBase:69 - 初始化class com.sinosoft.test.fccp.common.CodeSelectPage
2020/07/14 15:41:51:364 DEBUG com.sinosoft.test.base.TestBase:39 - 基础码表选择！
2020/07/14 15:41:51:364 DEBUG com.sinosoft.test.base.TestBase:76 - Trying to find Element By : By.name: fieldValue
2020/07/14 15:41:51:670 DEBUG com.sinosoft.test.base.TestBase:80 - Found Element By : By.name: fieldValue
2020/07/14 15:41:51:672  INFO com.sinosoft.test.base.TestBase:360 - setEditboxValue:[[InternetExplorerDriver: internet explorer on WINDOWS (a22c6c64-841e-48e7-900d-7217c9608c2d)] -> name: fieldValue]：0101001
2020/07/14 15:41:53:202  INFO com.sinosoft.test.base.TestBase:363 - setEditboxValue—End:[[InternetExplorerDriver: internet explorer on WINDOWS (a22c6c64-841e-48e7-900d-7217c9608c2d)] -> name: fieldValue]：0101001
2020/07/14 15:41:53:204 DEBUG com.sinosoft.test.base.TestBase:76 - Trying to find Element By : By.xpath: //input[@value='查询(Q)']
2020/07/14 15:41:53:507 DEBUG com.sinosoft.test.base.TestBase:80 - Found Element By : By.xpath: //input[@value='查询(Q)']
2020/07/14 15:41:53:507  INFO com.sinosoft.test.base.TestBase:402 - clickButton:[[InternetExplorerDriver: internet explorer on WINDOWS (a22c6c64-841e-48e7-900d-7217c9608c2d)] -> xpath: //input[@value='查询(Q)']]
2020/07/14 15:41:53:508 DEBUG com.sinosoft.test.base.TestBase:42 - Trying to click on: [[InternetExplorerDriver: internet explorer on WINDOWS (a22c6c64-841e-48e7-900d-7217c9608c2d)] -> xpath: //input[@value='查询(Q)']]
2020/07/14 15:41:55:165 DEBUG com.sinosoft.test.base.TestBase:46 - Clicked on: [[InternetExplorerDriver: internet explorer on WINDOWS (a22c6c64-841e-48e7-900d-7217c9608c2d)] -> xpath: //input[@value='查询(Q)']]
2020/07/14 15:41:55:165 DEBUG com.sinosoft.test.base.TestBase:76 - Trying to find Element By : By.name: codeselect
2020/07/14 15:41:55:482 DEBUG com.sinosoft.test.base.TestBase:80 - Found Element By : By.name: codeselect
2020/07/14 15:41:55:483  INFO com.sinosoft.test.base.TestBase:132 - setFuzzySelect:[[InternetExplorerDriver: internet explorer on WINDOWS (a22c6c64-841e-48e7-900d-7217c9608c2d)] -> name: codeselect]->0101001
2020/07/14 15:41:56:061 DEBUG com.sinosoft.test.base.TestBase:76 - Trying to find Element By : By.tagName: option
2020/07/14 15:41:56:381 DEBUG com.sinosoft.test.base.TestBase:80 - Found Element By : By.tagName: option
2020/07/14 15:41:56:698  INFO com.sinosoft.test.base.TestBase:142 - 找到匹配【0101001】的选项：0101001--财产基本险（2019版）
2020/07/14 15:41:56:699 DEBUG com.sinosoft.test.base.TestBase:76 - Trying to find Element By : By.xpath: .//option[normalize-space(.) = "0101001--财产基本险（2019版）"]
2020/07/14 15:41:57:058 DEBUG com.sinosoft.test.base.TestBase:80 - Found Element By : By.xpath: .//option[normalize-space(.) = "0101001--财产基本险（2019版）"]
2020/07/14 15:41:57:367 DEBUG com.sinosoft.test.base.TestBase:42 - Trying to click on: [[[[InternetExplorerDriver: internet explorer on WINDOWS (a22c6c64-841e-48e7-900d-7217c9608c2d)] -> name: codeselect]] -> xpath: .//option[normalize-space(.) = "0101001--财产基本险（2019版）"]]
2020/07/14 15:41:57:878 DEBUG com.sinosoft.test.base.TestBase:46 - Clicked on: [[[[InternetExplorerDriver: internet explorer on WINDOWS (a22c6c64-841e-48e7-900d-7217c9608c2d)] -> name: codeselect]] -> xpath: .//option[normalize-space(.) = "0101001--财产基本险（2019版）"]]
2020/07/14 15:41:57:878 DEBUG com.sinosoft.test.base.TestBase:151 - setFuzzySelect 结束！
2020/07/14 15:41:57:878 DEBUG com.sinosoft.test.base.TestBase:76 - Trying to find Element By : By.name: SelectIt
2020/07/14 15:41:58:177 DEBUG com.sinosoft.test.base.TestBase:80 - Found Element By : By.name: SelectIt
2020/07/14 15:41:58:177  INFO com.sinosoft.test.base.TestBase:416 - jsClickButton:[[InternetExplorerDriver: internet explorer on WINDOWS (a22c6c64-841e-48e7-900d-7217c9608c2d)] -> name: SelectIt]
2020/07/14 15:41:58:177  INFO com.sinosoft.test.base.TestBase:144 - RunJavaScript:[[InternetExplorerDriver: internet explorer on WINDOWS (a22c6c64-841e-48e7-900d-7217c9608c2d)] -> name: SelectIt]	arguments[0].click();
2020/07/14 15:41:59:068 DEBUG com.sinosoft.test.base.TestBase:272 - 系统窗口【黄河财险业务系统】with handle -6b1747de-33f4-4180-926f-62df5c98c140
2020/07/14 15:42:04:976 DEBUG com.sinosoft.test.base.TestBase:49 - CodeSelect:设置完毕[[[[InternetExplorerDriver: internet explorer on WINDOWS (a22c6c64-841e-48e7-900d-7217c9608c2d)] -> id: ItemPropertyDetail]] -> name: GuItemKindKindCode] & Code=0101001
2020/07/14 15:42:04:976 DEBUG com.sinosoft.test.base.TestBase:76 - Trying to find Element By : By.id: ItemPropertyDetail
2020/07/14 15:42:05:102 DEBUG com.sinosoft.test.base.TestBase:80 - Found Element By : By.id: ItemPropertyDetail
2020/07/14 15:42:05:102 DEBUG com.sinosoft.test.base.TestBase:76 - Trying to find Element By : By.name: GuItemKindCalculateInd
2020/07/14 15:42:05:270 DEBUG com.sinosoft.test.base.TestBase:80 - Found Element By : By.name: GuItemKindCalculateInd
2020/07/14 15:42:05:326 DEBUG com.sinosoft.test.base.TestBase:76 - Trying to find Element By : By.id: ItemPropertyDetail
2020/07/14 15:42:05:526 DEBUG com.sinosoft.test.base.TestBase:80 - Found Element By : By.id: ItemPropertyDetail
2020/07/14 15:42:05:527 DEBUG com.sinosoft.test.base.TestBase:76 - Trying to find Element By : By.name: GuItemKindValueType
2020/07/14 15:42:05:670 DEBUG com.sinosoft.test.base.TestBase:80 - Found Element By : By.name: GuItemKindValueType
2020/07/14 15:42:05:670  INFO com.sinosoft.test.base.TestBase:96 - setSelectWithStartText:[[[[InternetExplorerDriver: internet explorer on WINDOWS (a22c6c64-841e-48e7-900d-7217c9608c2d)] -> id: ItemPropertyDetail]] -> name: GuItemKindValueType]->10
2020/07/14 15:42:05:764 DEBUG com.sinosoft.test.base.TestBase:76 - Trying to find Element By : By.tagName: option
2020/07/14 15:42:06:320 DEBUG com.sinosoft.test.base.TestBase:80 - Found Element By : By.tagName: option
2020/07/14 15:42:06:642  INFO com.sinosoft.test.base.TestBase:114 - 找到匹配【10】的选项：10-出险时市场价值
2020/07/14 15:42:06:642 DEBUG com.sinosoft.test.base.TestBase:76 - Trying to find Element By : By.xpath: .//option[normalize-space(.) = "10-出险时市场价值"]
2020/07/14 15:42:06:797 DEBUG com.sinosoft.test.base.TestBase:80 - Found Element By : By.xpath: .//option[normalize-space(.) = "10-出险时市场价值"]
2020/07/14 15:42:06:849 DEBUG com.sinosoft.test.base.TestBase:42 - Trying to click on: [[[[[[InternetExplorerDriver: internet explorer on WINDOWS (a22c6c64-841e-48e7-900d-7217c9608c2d)] -> id: ItemPropertyDetail]] -> name: GuItemKindValueType]] -> xpath: .//option[normalize-space(.) = "10-出险时市场价值"]]
2020/07/14 15:42:07:242 DEBUG com.sinosoft.test.base.TestBase:46 - Clicked on: [[[[[[InternetExplorerDriver: internet explorer on WINDOWS (a22c6c64-841e-48e7-900d-7217c9608c2d)] -> id: ItemPropertyDetail]] -> name: GuItemKindValueType]] -> xpath: .//option[normalize-space(.) = "10-出险时市场价值"]]
2020/07/14 15:42:07:243 DEBUG com.sinosoft.test.base.TestBase:123 - setSelectWithStartText 结束！
2020/07/14 15:42:07:245 DEBUG com.sinosoft.test.base.TestBase:76 - Trying to find Element By : By.id: ItemPropertyDetail
2020/07/14 15:42:07:425 DEBUG com.sinosoft.test.base.TestBase:80 - Found Element By : By.id: ItemPropertyDetail
2020/07/14 15:42:07:427 DEBUG com.sinosoft.test.base.TestBase:76 - Trying to find Element By : By.name: GuItemKindSumInsured
2020/07/14 15:42:07:546 DEBUG com.sinosoft.test.base.TestBase:80 - Found Element By : By.name: GuItemKindSumInsured
2020/07/14 15:42:07:548  INFO com.sinosoft.test.base.TestBase:360 - setEditboxValue:[[[[InternetExplorerDriver: internet explorer on WINDOWS (a22c6c64-841e-48e7-900d-7217c9608c2d)] -> id: ItemPropertyDetail]] -> name: GuItemKindSumInsured]：2000000
2020/07/14 15:42:08:698  INFO com.sinosoft.test.base.TestBase:363 - setEditboxValue—End:[[[[InternetExplorerDriver: internet explorer on WINDOWS (a22c6c64-841e-48e7-900d-7217c9608c2d)] -> id: ItemPropertyDetail]] -> name: GuItemKindSumInsured]：2000000
2020/07/14 15:42:08:699 DEBUG com.sinosoft.test.base.TestBase:76 - Trying to find Element By : By.xpath: //table[@id='ItemPropertyDetailKind']/tbody/tr/td/input[@name='GuItemKindRate']
2020/07/14 15:42:08:789 DEBUG com.sinosoft.test.base.TestBase:80 - Found Element By : By.xpath: //table[@id='ItemPropertyDetailKind']/tbody/tr/td/input[@name='GuItemKindRate']
2020/07/14 15:42:08:790  INFO com.sinosoft.test.base.TestBase:388 - setEditboxTValue:[[InternetExplorerDriver: internet explorer on WINDOWS (a22c6c64-841e-48e7-900d-7217c9608c2d)] -> xpath: //table[@id='ItemPropertyDetailKind']/tbody/tr/td/input[@name='GuItemKindRate']]->0.5
2020/07/14 15:42:08:790 DEBUG com.sinosoft.test.base.TestBase:76 - Trying to find Element By : By.xpath: //table[@id='ItemPropertyDetailKind']/tbody/tr/td/input[@name='GuItemKindRate']
2020/07/14 15:42:08:880 DEBUG com.sinosoft.test.base.TestBase:80 - Found Element By : By.xpath: //table[@id='ItemPropertyDetailKind']/tbody/tr/td/input[@name='GuItemKindRate']
2020/07/14 15:42:09:338 DEBUG com.sinosoft.test.base.TestBase:76 - Trying to find Element By : By.xpath: //table[@id='ItemPropertyDetailKind']/tbody/tr/td/input[@name='GuItemKindRate']
2020/07/14 15:42:09:464 DEBUG com.sinosoft.test.base.TestBase:80 - Found Element By : By.xpath: //table[@id='ItemPropertyDetailKind']/tbody/tr/td/input[@name='GuItemKindRate']
2020/07/14 15:42:15:149 DEBUG com.sinosoft.test.base.TestBase:76 - Trying to find Element By : By.xpath: //table[@id='ItemPropertyDetailKind']/tbody/tr/td/input[@name='GuItemKindShortRateFlag']
2020/07/14 15:42:15:256 DEBUG com.sinosoft.test.base.TestBase:80 - Found Element By : By.xpath: //table[@id='ItemPropertyDetailKind']/tbody/tr/td/input[@name='GuItemKindShortRateFlag']
2020/07/14 15:42:15:294 DEBUG com.sinosoft.test.base.TestBase:76 - Trying to find Element By : By.xpath: //table[@id='ItemPropertyDetailKind']/tbody/tr/td/input[@name='GuItemKindShortRateFlag']
2020/07/14 15:42:15:390 DEBUG com.sinosoft.test.base.TestBase:80 - Found Element By : By.xpath: //table[@id='ItemPropertyDetailKind']/tbody/tr/td/input[@name='GuItemKindShortRateFlag']
2020/07/14 15:42:15:392 DEBUG com.sinosoft.test.base.TestBase:42 - CodeSelect:开始设置[[InternetExplorerDriver: internet explorer on WINDOWS (a22c6c64-841e-48e7-900d-7217c9608c2d)] -> xpath: //table[@id='ItemPropertyDetailKind']/tbody/tr/td/input[@name='GuItemKindShortRateFlag']] & Code=2
2020/07/14 15:42:15:393 DEBUG com.sinosoft.test.base.TestBase:76 - Trying to find Element By : By.xpath: //table[@id='ItemPropertyDetailKind']/tbody/tr/td/input[@name='GuItemKindShortRateFlag']
2020/07/14 15:42:15:474 DEBUG com.sinosoft.test.base.TestBase:80 - Found Element By : By.xpath: //table[@id='ItemPropertyDetailKind']/tbody/tr/td/input[@name='GuItemKindShortRateFlag']
2020/07/14 15:42:17:049 DEBUG com.sinosoft.test.base.TestBase:272 - 系统窗口【黄河财险业务系统】with handle -6b1747de-33f4-4180-926f-62df5c98c140
2020/07/14 15:42:17:743 DEBUG com.sinosoft.test.base.TestBase:272 - 系统窗口【黄河财险业务系统】with handle -6b1747de-33f4-4180-926f-62df5c98c140
2020/07/14 15:42:18:402 DEBUG com.sinosoft.test.base.TestBase:272 - 系统窗口【Code Select】with handle -78c7e212-fc87-46da-8422-be8cf9bd6a93
2020/07/14 15:42:18:927 DEBUG com.sinosoft.test.base.TestBase:69 - 初始化class com.sinosoft.test.fccp.common.CodeSelectPage
2020/07/14 15:42:18:928 DEBUG com.sinosoft.test.base.TestBase:39 - 基础码表选择！
2020/07/14 15:42:18:928 DEBUG com.sinosoft.test.base.TestBase:76 - Trying to find Element By : By.name: fieldValue
2020/07/14 15:42:19:227 DEBUG com.sinosoft.test.base.TestBase:80 - Found Element By : By.name: fieldValue
2020/07/14 15:42:19:227  INFO com.sinosoft.test.base.TestBase:360 - setEditboxValue:[[InternetExplorerDriver: internet explorer on WINDOWS (a22c6c64-841e-48e7-900d-7217c9608c2d)] -> name: fieldValue]：2
2020/07/14 15:42:20:636  INFO com.sinosoft.test.base.TestBase:363 - setEditboxValue—End:[[InternetExplorerDriver: internet explorer on WINDOWS (a22c6c64-841e-48e7-900d-7217c9608c2d)] -> name: fieldValue]：2
2020/07/14 15:42:20:637 DEBUG com.sinosoft.test.base.TestBase:76 - Trying to find Element By : By.xpath: //input[@value='查询(Q)']
2020/07/14 15:42:20:954 DEBUG com.sinosoft.test.base.TestBase:80 - Found Element By : By.xpath: //input[@value='查询(Q)']
2020/07/14 15:42:20:954  INFO com.sinosoft.test.base.TestBase:402 - clickButton:[[InternetExplorerDriver: internet explorer on WINDOWS (a22c6c64-841e-48e7-900d-7217c9608c2d)] -> xpath: //input[@value='查询(Q)']]
2020/07/14 15:42:20:954 DEBUG com.sinosoft.test.base.TestBase:42 - Trying to click on: [[InternetExplorerDriver: internet explorer on WINDOWS (a22c6c64-841e-48e7-900d-7217c9608c2d)] -> xpath: //input[@value='查询(Q)']]
2020/07/14 15:42:22:589 DEBUG com.sinosoft.test.base.TestBase:46 - Clicked on: [[InternetExplorerDriver: internet explorer on WINDOWS (a22c6c64-841e-48e7-900d-7217c9608c2d)] -> xpath: //input[@value='查询(Q)']]
2020/07/14 15:42:22:589 DEBUG com.sinosoft.test.base.TestBase:76 - Trying to find Element By : By.name: codeselect
2020/07/14 15:42:22:911 DEBUG com.sinosoft.test.base.TestBase:80 - Found Element By : By.name: codeselect
2020/07/14 15:42:22:912  INFO com.sinosoft.test.base.TestBase:132 - setFuzzySelect:[[InternetExplorerDriver: internet explorer on WINDOWS (a22c6c64-841e-48e7-900d-7217c9608c2d)] -> name: codeselect]->2
2020/07/14 15:42:23:506 DEBUG com.sinosoft.test.base.TestBase:76 - Trying to find Element By : By.tagName: option
2020/07/14 15:42:23:822 DEBUG com.sinosoft.test.base.TestBase:80 - Found Element By : By.tagName: option
2020/07/14 15:42:24:132  INFO com.sinosoft.test.base.TestBase:142 - 找到匹配【2】的选项：2--月比例
2020/07/14 15:42:24:133 DEBUG com.sinosoft.test.base.TestBase:76 - Trying to find Element By : By.xpath: .//option[normalize-space(.) = "2--月比例"]
2020/07/14 15:42:24:471 DEBUG com.sinosoft.test.base.TestBase:80 - Found Element By : By.xpath: .//option[normalize-space(.) = "2--月比例"]
2020/07/14 15:42:24:773 DEBUG com.sinosoft.test.base.TestBase:42 - Trying to click on: [[[[InternetExplorerDriver: internet explorer on WINDOWS (a22c6c64-841e-48e7-900d-7217c9608c2d)] -> name: codeselect]] -> xpath: .//option[normalize-space(.) = "2--月比例"]]
2020/07/14 15:42:25:386 DEBUG com.sinosoft.test.base.TestBase:46 - Clicked on: [[[[InternetExplorerDriver: internet explorer on WINDOWS (a22c6c64-841e-48e7-900d-7217c9608c2d)] -> name: codeselect]] -> xpath: .//option[normalize-space(.) = "2--月比例"]]
2020/07/14 15:42:25:387 DEBUG com.sinosoft.test.base.TestBase:151 - setFuzzySelect 结束！
2020/07/14 15:42:25:387 DEBUG com.sinosoft.test.base.TestBase:76 - Trying to find Element By : By.name: SelectIt
2020/07/14 15:42:25:709 DEBUG com.sinosoft.test.base.TestBase:80 - Found Element By : By.name: SelectIt
2020/07/14 15:42:25:709  INFO com.sinosoft.test.base.TestBase:416 - jsClickButton:[[InternetExplorerDriver: internet explorer on WINDOWS (a22c6c64-841e-48e7-900d-7217c9608c2d)] -> name: SelectIt]
2020/07/14 15:42:25:709  INFO com.sinosoft.test.base.TestBase:144 - RunJavaScript:[[InternetExplorerDriver: internet explorer on WINDOWS (a22c6c64-841e-48e7-900d-7217c9608c2d)] -> name: SelectIt]	arguments[0].click();
2020/07/14 15:42:26:531 DEBUG com.sinosoft.test.base.TestBase:272 - 系统窗口【黄河财险业务系统】with handle -6b1747de-33f4-4180-926f-62df5c98c140
2020/07/14 15:42:31:995 DEBUG com.sinosoft.test.base.TestBase:76 - Trying to find Element By : By.xpath: //table[@id='ItemPropertyDetailKind']/tbody/tr/td/input[@name='GuItemKindShortRateFlag']
2020/07/14 15:42:32:085 DEBUG com.sinosoft.test.base.TestBase:80 - Found Element By : By.xpath: //table[@id='ItemPropertyDetailKind']/tbody/tr/td/input[@name='GuItemKindShortRateFlag']
2020/07/14 15:42:32:085 DEBUG com.sinosoft.test.base.TestBase:49 - CodeSelect:设置完毕[[InternetExplorerDriver: internet explorer on WINDOWS (a22c6c64-841e-48e7-900d-7217c9608c2d)] -> xpath: //table[@id='ItemPropertyDetailKind']/tbody/tr/td/input[@name='GuItemKindShortRateFlag']] & Code=2
2020/07/14 15:42:32:085 DEBUG com.sinosoft.test.base.TestBase:76 - Trying to find Element By : By.xpath: //table[@id='ItemPropertyDetailKind']/tbody/tr/td/input[@name='GuItemKindGrossPremium']
2020/07/14 15:42:32:162 DEBUG com.sinosoft.test.base.TestBase:80 - Found Element By : By.xpath: //table[@id='ItemPropertyDetailKind']/tbody/tr/td/input[@name='GuItemKindGrossPremium']
2020/07/14 15:42:32:163  INFO com.sinosoft.test.base.TestBase:388 - setEditboxTValue:[[InternetExplorerDriver: internet explorer on WINDOWS (a22c6c64-841e-48e7-900d-7217c9608c2d)] -> xpath: //table[@id='ItemPropertyDetailKind']/tbody/tr/td/input[@name='GuItemKindGrossPremium']]->400
2020/07/14 15:42:32:163 DEBUG com.sinosoft.test.base.TestBase:76 - Trying to find Element By : By.xpath: //table[@id='ItemPropertyDetailKind']/tbody/tr/td/input[@name='GuItemKindGrossPremium']
2020/07/14 15:42:32:247 DEBUG com.sinosoft.test.base.TestBase:80 - Found Element By : By.xpath: //table[@id='ItemPropertyDetailKind']/tbody/tr/td/input[@name='GuItemKindGrossPremium']
2020/07/14 15:42:33:005 DEBUG com.sinosoft.test.base.TestBase:76 - Trying to find Element By : By.xpath: //table[@id='ItemPropertyDetailKind']/tbody/tr/td/input[@name='GuItemKindGrossPremium']
2020/07/14 15:42:33:124 DEBUG com.sinosoft.test.base.TestBase:80 - Found Element By : By.xpath: //table[@id='ItemPropertyDetailKind']/tbody/tr/td/input[@name='GuItemKindGrossPremium']
2020/07/14 15:42:38:793 DEBUG com.sinosoft.test.base.TestBase:234 - 开始录入营业中断险！
2020/07/14 15:42:38:793 DEBUG com.sinosoft.test.base.TestBase:76 - Trying to find Element By : By.id: ItemPropertyItem1105
2020/07/14 15:42:38:921 DEBUG com.sinosoft.test.base.TestBase:80 - Found Element By : By.id: ItemPropertyItem1105
2020/07/14 15:42:38:921  INFO com.sinosoft.test.base.TestBase:406 - clickElement:[[InternetExplorerDriver: internet explorer on WINDOWS (a22c6c64-841e-48e7-900d-7217c9608c2d)] -> id: ItemPropertyItem1105]
2020/07/14 15:42:38:922 DEBUG com.sinosoft.test.base.TestBase:76 - Trying to find Element By : By.id: ItemPropertyItem1105
2020/07/14 15:42:39:049 DEBUG com.sinosoft.test.base.TestBase:80 - Found Element By : By.id: ItemPropertyItem1105
2020/07/14 15:42:39:050 DEBUG com.sinosoft.test.base.TestBase:42 - Trying to click on: [[InternetExplorerDriver: internet explorer on WINDOWS (a22c6c64-841e-48e7-900d-7217c9608c2d)] -> id: ItemPropertyItem1105]
2020/07/14 15:42:40:617 DEBUG com.sinosoft.test.base.TestBase:46 - Clicked on: [[InternetExplorerDriver: internet explorer on WINDOWS (a22c6c64-841e-48e7-900d-7217c9608c2d)] -> id: ItemPropertyItem1105]
2020/07/14 15:42:40:618 DEBUG com.sinosoft.test.base.TestBase:76 - Trying to find Element By : By.name: GuItemDynamic0105FieldBG
2020/07/14 15:42:40:770 DEBUG com.sinosoft.test.base.TestBase:80 - Found Element By : By.name: GuItemDynamic0105FieldBG
2020/07/14 15:42:40:770  INFO com.sinosoft.test.base.TestBase:360 - setEditboxValue:[[InternetExplorerDriver: internet explorer on WINDOWS (a22c6c64-841e-48e7-900d-7217c9608c2d)] -> name: GuItemDynamic0105FieldBG]：24
2020/07/14 15:42:40:771 DEBUG com.sinosoft.test.base.TestBase:76 - Trying to find Element By : By.name: GuItemDynamic0105FieldBG
2020/07/14 15:42:40:869 DEBUG com.sinosoft.test.base.TestBase:80 - Found Element By : By.name: GuItemDynamic0105FieldBG
2020/07/14 15:42:41:261 DEBUG com.sinosoft.test.base.TestBase:76 - Trying to find Element By : By.name: GuItemDynamic0105FieldBG
2020/07/14 15:42:41:412 DEBUG com.sinosoft.test.base.TestBase:80 - Found Element By : By.name: GuItemDynamic0105FieldBG
2020/07/14 15:42:42:051 DEBUG com.sinosoft.test.base.TestBase:76 - Trying to find Element By : By.name: GuItemDynamic0105FieldBG
2020/07/14 15:42:42:210 DEBUG com.sinosoft.test.base.TestBase:80 - Found Element By : By.name: GuItemDynamic0105FieldBG
2020/07/14 15:42:42:210  INFO com.sinosoft.test.base.TestBase:363 - setEditboxValue—End:[[InternetExplorerDriver: internet explorer on WINDOWS (a22c6c64-841e-48e7-900d-7217c9608c2d)] -> name: GuItemDynamic0105FieldBG]：24
2020/07/14 15:42:42:210 DEBUG com.sinosoft.test.base.TestBase:76 - Trying to find Element By : By.name: GuItemDynamic0105FieldBF
2020/07/14 15:42:42:304 DEBUG com.sinosoft.test.base.TestBase:80 - Found Element By : By.name: GuItemDynamic0105FieldBF
2020/07/14 15:42:42:356 DEBUG com.sinosoft.test.base.TestBase:76 - Trying to find Element By : By.name: GuItemDynamic0105FieldBF
2020/07/14 15:42:42:505 DEBUG com.sinosoft.test.base.TestBase:80 - Found Element By : By.name: GuItemDynamic0105FieldBF
2020/07/14 15:42:42:505 DEBUG com.sinosoft.test.base.TestBase:63 - SetCodeEditBox:开始设置:[[InternetExplorerDriver: internet explorer on WINDOWS (a22c6c64-841e-48e7-900d-7217c9608c2d)] -> name: GuItemDynamic0105FieldBF] & Code=6000000
2020/07/14 15:42:42:506 DEBUG com.sinosoft.test.base.TestBase:76 - Trying to find Element By : By.name: GuItemDynamic0105FieldBF
2020/07/14 15:42:42:629 DEBUG com.sinosoft.test.base.TestBase:80 - Found Element By : By.name: GuItemDynamic0105FieldBF
2020/07/14 15:42:43:067 DEBUG com.sinosoft.test.base.TestBase:76 - Trying to find Element By : By.name: GuItemDynamic0105FieldBF
2020/07/14 15:42:43:190 DEBUG com.sinosoft.test.base.TestBase:80 - Found Element By : By.name: GuItemDynamic0105FieldBF
2020/07/14 15:42:44:068 DEBUG com.sinosoft.test.base.TestBase:76 - Trying to find Element By : By.name: GuItemDynamic0105FieldBF
2020/07/14 15:42:44:163 DEBUG com.sinosoft.test.base.TestBase:80 - Found Element By : By.name: GuItemDynamic0105FieldBF
2020/07/14 15:42:44:165 DEBUG com.sinosoft.test.base.TestBase:76 - Trying to find Element By : By.xpath: ../input[last()]
2020/07/14 15:42:44:268 DEBUG com.sinosoft.test.base.TestBase:80 - Found Element By : By.xpath: ../input[last()]
2020/07/14 15:42:44:449  INFO com.sinosoft.test.base.TestBase:71 - SetCodeEditBox:找到了Code对应的文本显示框并点击触发显示:GuItemDynamic0105FieldBF
2020/07/14 15:42:44:450 DEBUG com.sinosoft.test.base.TestBase:42 - Trying to click on: [[[[InternetExplorerDriver: internet explorer on WINDOWS (a22c6c64-841e-48e7-900d-7217c9608c2d)] -> name: GuItemDynamic0105FieldBF]] -> xpath: ../input[last()]]
2020/07/14 15:42:45:716 DEBUG com.sinosoft.test.base.TestBase:46 - Clicked on: [[[[InternetExplorerDriver: internet explorer on WINDOWS (a22c6c64-841e-48e7-900d-7217c9608c2d)] -> name: GuItemDynamic0105FieldBF]] -> xpath: ../input[last()]]
2020/07/14 15:42:45:918 DEBUG com.sinosoft.test.base.TestBase:76 - Trying to find Element By : By.name: GuItemDynamic0105FieldBF
2020/07/14 15:42:46:015 DEBUG com.sinosoft.test.base.TestBase:80 - Found Element By : By.name: GuItemDynamic0105FieldBF
2020/07/14 15:42:46:016 DEBUG com.sinosoft.test.base.TestBase:87 - SetCodeEditBox:设置完毕[[InternetExplorerDriver: internet explorer on WINDOWS (a22c6c64-841e-48e7-900d-7217c9608c2d)] -> name: GuItemDynamic0105FieldBF],设置值 Code=6000000
2020/07/14 15:42:46:016 DEBUG com.sinosoft.test.base.TestBase:76 - Trying to find Element By : By.name: GuItemDynamic0105FieldBE
2020/07/14 15:42:46:172 DEBUG com.sinosoft.test.base.TestBase:80 - Found Element By : By.name: GuItemDynamic0105FieldBE
2020/07/14 15:42:46:228 DEBUG com.sinosoft.test.base.TestBase:76 - Trying to find Element By : By.name: GuItemDynamic0105FieldBE
2020/07/14 15:42:46:361 DEBUG com.sinosoft.test.base.TestBase:80 - Found Element By : By.name: GuItemDynamic0105FieldBE
2020/07/14 15:42:46:362 DEBUG com.sinosoft.test.base.TestBase:63 - SetCodeEditBox:开始设置:[[InternetExplorerDriver: internet explorer on WINDOWS (a22c6c64-841e-48e7-900d-7217c9608c2d)] -> name: GuItemDynamic0105FieldBE] & Code=20000000
2020/07/14 15:42:46:363 DEBUG com.sinosoft.test.base.TestBase:76 - Trying to find Element By : By.name: GuItemDynamic0105FieldBE
2020/07/14 15:42:46:488 DEBUG com.sinosoft.test.base.TestBase:80 - Found Element By : By.name: GuItemDynamic0105FieldBE
2020/07/14 15:42:46:921 DEBUG com.sinosoft.test.base.TestBase:76 - Trying to find Element By : By.name: GuItemDynamic0105FieldBE
2020/07/14 15:42:47:018 DEBUG com.sinosoft.test.base.TestBase:80 - Found Element By : By.name: GuItemDynamic0105FieldBE
2020/07/14 15:42:47:885 DEBUG com.sinosoft.test.base.TestBase:76 - Trying to find Element By : By.name: GuItemDynamic0105FieldBE
2020/07/14 15:42:48:013 DEBUG com.sinosoft.test.base.TestBase:80 - Found Element By : By.name: GuItemDynamic0105FieldBE
2020/07/14 15:42:48:014 DEBUG com.sinosoft.test.base.TestBase:76 - Trying to find Element By : By.xpath: ../input[last()]
2020/07/14 15:42:48:131 DEBUG com.sinosoft.test.base.TestBase:80 - Found Element By : By.xpath: ../input[last()]
2020/07/14 15:42:48:362  INFO com.sinosoft.test.base.TestBase:71 - SetCodeEditBox:找到了Code对应的文本显示框并点击触发显示:GuItemDynamic0105FieldBE
2020/07/14 15:42:48:364 DEBUG com.sinosoft.test.base.TestBase:42 - Trying to click on: [[[[InternetExplorerDriver: internet explorer on WINDOWS (a22c6c64-841e-48e7-900d-7217c9608c2d)] -> name: GuItemDynamic0105FieldBE]] -> xpath: ../input[last()]]
2020/07/14 15:42:49:659 DEBUG com.sinosoft.test.base.TestBase:46 - Clicked on: [[[[InternetExplorerDriver: internet explorer on WINDOWS (a22c6c64-841e-48e7-900d-7217c9608c2d)] -> name: GuItemDynamic0105FieldBE]] -> xpath: ../input[last()]]
2020/07/14 15:42:49:861 DEBUG com.sinosoft.test.base.TestBase:76 - Trying to find Element By : By.name: GuItemDynamic0105FieldBE
2020/07/14 15:42:49:993 DEBUG com.sinosoft.test.base.TestBase:80 - Found Element By : By.name: GuItemDynamic0105FieldBE
2020/07/14 15:42:49:993 DEBUG com.sinosoft.test.base.TestBase:87 - SetCodeEditBox:设置完毕[[InternetExplorerDriver: internet explorer on WINDOWS (a22c6c64-841e-48e7-900d-7217c9608c2d)] -> name: GuItemDynamic0105FieldBE],设置值 Code=20000000
2020/07/14 15:42:49:993 DEBUG com.sinosoft.test.base.TestBase:76 - Trying to find Element By : By.id: ItemPropertyDetail0105
2020/07/14 15:42:50:086 DEBUG com.sinosoft.test.base.TestBase:80 - Found Element By : By.id: ItemPropertyDetail0105
2020/07/14 15:42:50:087 DEBUG com.sinosoft.test.base.TestBase:76 - Trying to find Element By : By.name: GuItemPropertyDetail0105ItemDetailCode
2020/07/14 15:42:50:192 DEBUG com.sinosoft.test.base.TestBase:80 - Found Element By : By.name: GuItemPropertyDetail0105ItemDetailCode
2020/07/14 15:42:50:194 DEBUG com.sinosoft.test.base.TestBase:76 - Trying to find Element By : By.id: ItemPropertyDetail0105
2020/07/14 15:42:50:284 DEBUG com.sinosoft.test.base.TestBase:80 - Found Element By : By.id: ItemPropertyDetail0105
2020/07/14 15:42:50:285 DEBUG com.sinosoft.test.base.TestBase:76 - Trying to find Element By : By.name: GuItemPropertyDetail0105ItemDetailList
2020/07/14 15:42:50:425 DEBUG com.sinosoft.test.base.TestBase:80 - Found Element By : By.name: GuItemPropertyDetail0105ItemDetailList
2020/07/14 15:42:50:503 DEBUG com.sinosoft.test.base.TestBase:42 - CodeSelect:开始设置[[[[InternetExplorerDriver: internet explorer on WINDOWS (a22c6c64-841e-48e7-900d-7217c9608c2d)] -> id: ItemPropertyDetail0105]] -> name: GuItemPropertyDetail0105ItemDetailCode] & Code=010056
2020/07/14 15:42:52:083 DEBUG com.sinosoft.test.base.TestBase:272 - 系统窗口【黄河财险业务系统】with handle -6b1747de-33f4-4180-926f-62df5c98c140
2020/07/14 15:42:53:246 DEBUG com.sinosoft.test.base.TestBase:272 - 系统窗口【Code Select】with handle -5beed451-60d2-40d2-92f0-9423fd42aff6
2020/07/14 15:42:53:780 DEBUG com.sinosoft.test.base.TestBase:69 - 初始化class com.sinosoft.test.fccp.common.CodeSelectPage
2020/07/14 15:42:53:781 DEBUG com.sinosoft.test.base.TestBase:39 - 基础码表选择！
2020/07/14 15:42:53:781 DEBUG com.sinosoft.test.base.TestBase:76 - Trying to find Element By : By.name: fieldValue
2020/07/14 15:42:54:086 DEBUG com.sinosoft.test.base.TestBase:80 - Found Element By : By.name: fieldValue
2020/07/14 15:42:54:086  INFO com.sinosoft.test.base.TestBase:360 - setEditboxValue:[[InternetExplorerDriver: internet explorer on WINDOWS (a22c6c64-841e-48e7-900d-7217c9608c2d)] -> name: fieldValue]：010056
2020/07/14 15:42:55:526  INFO com.sinosoft.test.base.TestBase:363 - setEditboxValue—End:[[InternetExplorerDriver: internet explorer on WINDOWS (a22c6c64-841e-48e7-900d-7217c9608c2d)] -> name: fieldValue]：010056
2020/07/14 15:42:55:526 DEBUG com.sinosoft.test.base.TestBase:76 - Trying to find Element By : By.xpath: //input[@value='查询(Q)']
2020/07/14 15:42:55:835 DEBUG com.sinosoft.test.base.TestBase:80 - Found Element By : By.xpath: //input[@value='查询(Q)']
2020/07/14 15:42:55:838  INFO com.sinosoft.test.base.TestBase:402 - clickButton:[[InternetExplorerDriver: internet explorer on WINDOWS (a22c6c64-841e-48e7-900d-7217c9608c2d)] -> xpath: //input[@value='查询(Q)']]
2020/07/14 15:42:55:838 DEBUG com.sinosoft.test.base.TestBase:42 - Trying to click on: [[InternetExplorerDriver: internet explorer on WINDOWS (a22c6c64-841e-48e7-900d-7217c9608c2d)] -> xpath: //input[@value='查询(Q)']]
2020/07/14 15:42:57:432 DEBUG com.sinosoft.test.base.TestBase:46 - Clicked on: [[InternetExplorerDriver: internet explorer on WINDOWS (a22c6c64-841e-48e7-900d-7217c9608c2d)] -> xpath: //input[@value='查询(Q)']]
2020/07/14 15:42:57:432 DEBUG com.sinosoft.test.base.TestBase:76 - Trying to find Element By : By.name: codeselect
2020/07/14 15:42:57:741 DEBUG com.sinosoft.test.base.TestBase:80 - Found Element By : By.name: codeselect
2020/07/14 15:42:57:742  INFO com.sinosoft.test.base.TestBase:132 - setFuzzySelect:[[InternetExplorerDriver: internet explorer on WINDOWS (a22c6c64-841e-48e7-900d-7217c9608c2d)] -> name: codeselect]->010056
2020/07/14 15:42:58:323 DEBUG com.sinosoft.test.base.TestBase:76 - Trying to find Element By : By.tagName: option
2020/07/14 15:42:58:661 DEBUG com.sinosoft.test.base.TestBase:80 - Found Element By : By.tagName: option
2020/07/14 15:42:58:963  INFO com.sinosoft.test.base.TestBase:142 - 找到匹配【010056】的选项：010056--营业利润
2020/07/14 15:42:58:963 DEBUG com.sinosoft.test.base.TestBase:76 - Trying to find Element By : By.xpath: .//option[normalize-space(.) = "010056--营业利润"]
2020/07/14 15:42:59:284 DEBUG com.sinosoft.test.base.TestBase:80 - Found Element By : By.xpath: .//option[normalize-space(.) = "010056--营业利润"]
2020/07/14 15:42:59:581 DEBUG com.sinosoft.test.base.TestBase:42 - Trying to click on: [[[[InternetExplorerDriver: internet explorer on WINDOWS (a22c6c64-841e-48e7-900d-7217c9608c2d)] -> name: codeselect]] -> xpath: .//option[normalize-space(.) = "010056--营业利润"]]
2020/07/14 15:43:00:055 DEBUG com.sinosoft.test.base.TestBase:46 - Clicked on: [[[[InternetExplorerDriver: internet explorer on WINDOWS (a22c6c64-841e-48e7-900d-7217c9608c2d)] -> name: codeselect]] -> xpath: .//option[normalize-space(.) = "010056--营业利润"]]
2020/07/14 15:43:00:056 DEBUG com.sinosoft.test.base.TestBase:151 - setFuzzySelect 结束！
2020/07/14 15:43:00:056 DEBUG com.sinosoft.test.base.TestBase:76 - Trying to find Element By : By.name: SelectIt
2020/07/14 15:43:00:351 DEBUG com.sinosoft.test.base.TestBase:80 - Found Element By : By.name: SelectIt
2020/07/14 15:43:00:352  INFO com.sinosoft.test.base.TestBase:416 - jsClickButton:[[InternetExplorerDriver: internet explorer on WINDOWS (a22c6c64-841e-48e7-900d-7217c9608c2d)] -> name: SelectIt]
2020/07/14 15:43:00:352  INFO com.sinosoft.test.base.TestBase:144 - RunJavaScript:[[InternetExplorerDriver: internet explorer on WINDOWS (a22c6c64-841e-48e7-900d-7217c9608c2d)] -> name: SelectIt]	arguments[0].click();
2020/07/14 15:43:01:119 DEBUG com.sinosoft.test.base.TestBase:272 - 系统窗口【黄河财险业务系统】with handle -6b1747de-33f4-4180-926f-62df5c98c140
2020/07/14 15:43:06:832 DEBUG com.sinosoft.test.base.TestBase:49 - CodeSelect:设置完毕[[[[InternetExplorerDriver: internet explorer on WINDOWS (a22c6c64-841e-48e7-900d-7217c9608c2d)] -> id: ItemPropertyDetail0105]] -> name: GuItemPropertyDetail0105ItemDetailCode] & Code=010056
2020/07/14 15:43:06:832 DEBUG com.sinosoft.test.base.TestBase:76 - Trying to find Element By : By.id: ItemPropertyDetail0105
2020/07/14 15:43:06:969 DEBUG com.sinosoft.test.base.TestBase:80 - Found Element By : By.id: ItemPropertyDetail0105
2020/07/14 15:43:06:970  INFO com.sinosoft.test.base.TestBase:406 - clickElement:[[InternetExplorerDriver: internet explorer on WINDOWS (a22c6c64-841e-48e7-900d-7217c9608c2d)] -> id: ItemPropertyDetail0105]
2020/07/14 15:43:06:970 DEBUG com.sinosoft.test.base.TestBase:76 - Trying to find Element By : By.id: ItemPropertyDetail0105
2020/07/14 15:43:07:085 DEBUG com.sinosoft.test.base.TestBase:80 - Found Element By : By.id: ItemPropertyDetail0105
2020/07/14 15:43:07:086 DEBUG com.sinosoft.test.base.TestBase:42 - Trying to click on: [[InternetExplorerDriver: internet explorer on WINDOWS (a22c6c64-841e-48e7-900d-7217c9608c2d)] -> id: ItemPropertyDetail0105]
2020/07/14 15:43:08:396 DEBUG com.sinosoft.test.base.TestBase:46 - Clicked on: [[InternetExplorerDriver: internet explorer on WINDOWS (a22c6c64-841e-48e7-900d-7217c9608c2d)] -> id: ItemPropertyDetail0105]
2020/07/14 15:43:08:396 DEBUG com.sinosoft.test.base.TestBase:76 - Trying to find Element By : By.id: ItemPropertyDetail0105
2020/07/14 15:43:08:524 DEBUG com.sinosoft.test.base.TestBase:80 - Found Element By : By.id: ItemPropertyDetail0105
2020/07/14 15:43:08:524 DEBUG com.sinosoft.test.base.TestBase:76 - Trying to find Element By : By.name: GuItemKind0105KindCode
2020/07/14 15:43:08:633 DEBUG com.sinosoft.test.base.TestBase:80 - Found Element By : By.name: GuItemKind0105KindCode
2020/07/14 15:43:08:634 DEBUG com.sinosoft.test.base.TestBase:76 - Trying to find Element By : By.id: ItemPropertyDetail0105
2020/07/14 15:43:08:717 DEBUG com.sinosoft.test.base.TestBase:80 - Found Element By : By.id: ItemPropertyDetail0105
2020/07/14 15:43:08:718 DEBUG com.sinosoft.test.base.TestBase:76 - Trying to find Element By : By.name: GuItemKind0105CalculateInd
2020/07/14 15:43:08:790 DEBUG com.sinosoft.test.base.TestBase:80 - Found Element By : By.name: GuItemKind0105CalculateInd
2020/07/14 15:43:08:790 DEBUG com.sinosoft.test.base.TestBase:76 - Trying to find Element By : By.id: ItemPropertyDetail0105
2020/07/14 15:43:08:875 DEBUG com.sinosoft.test.base.TestBase:80 - Found Element By : By.id: ItemPropertyDetail0105
2020/07/14 15:43:08:876 DEBUG com.sinosoft.test.base.TestBase:76 - Trying to find Element By : By.name: GuItemKind0105ValueType
2020/07/14 15:43:08:988 DEBUG com.sinosoft.test.base.TestBase:80 - Found Element By : By.name: GuItemKind0105ValueType
2020/07/14 15:43:08:988 DEBUG com.sinosoft.test.base.TestBase:76 - Trying to find Element By : By.id: ItemPropertyDetail0105
2020/07/14 15:43:09:066 DEBUG com.sinosoft.test.base.TestBase:80 - Found Element By : By.id: ItemPropertyDetail0105
2020/07/14 15:43:09:067 DEBUG com.sinosoft.test.base.TestBase:76 - Trying to find Element By : By.name: GuItemKind0105SumInsured
2020/07/14 15:43:09:149 DEBUG com.sinosoft.test.base.TestBase:80 - Found Element By : By.name: GuItemKind0105SumInsured
2020/07/14 15:43:09:149 DEBUG com.sinosoft.test.base.TestBase:76 - Trying to find Element By : By.id: ItemPropertyDetail0105
2020/07/14 15:43:09:242 DEBUG com.sinosoft.test.base.TestBase:80 - Found Element By : By.id: ItemPropertyDetail0105
2020/07/14 15:43:09:243 DEBUG com.sinosoft.test.base.TestBase:76 - Trying to find Element By : By.name: GuItemKind0105Rate
2020/07/14 15:43:09:352 DEBUG com.sinosoft.test.base.TestBase:80 - Found Element By : By.name: GuItemKind0105Rate
2020/07/14 15:43:09:352 DEBUG com.sinosoft.test.base.TestBase:76 - Trying to find Element By : By.id: ItemPropertyDetail0105
2020/07/14 15:43:09:475 DEBUG com.sinosoft.test.base.TestBase:80 - Found Element By : By.id: ItemPropertyDetail0105
2020/07/14 15:43:09:477 DEBUG com.sinosoft.test.base.TestBase:76 - Trying to find Element By : By.name: GuItemKind0105ShortRateFlag
2020/07/14 15:43:09:564 DEBUG com.sinosoft.test.base.TestBase:80 - Found Element By : By.name: GuItemKind0105ShortRateFlag
2020/07/14 15:43:09:565 DEBUG com.sinosoft.test.base.TestBase:76 - Trying to find Element By : By.id: ItemPropertyDetail0105
2020/07/14 15:43:09:661 DEBUG com.sinosoft.test.base.TestBase:80 - Found Element By : By.id: ItemPropertyDetail0105
2020/07/14 15:43:09:662 DEBUG com.sinosoft.test.base.TestBase:76 - Trying to find Element By : By.name: GuItemKind0105GrossPremium
2020/07/14 15:43:09:781 DEBUG com.sinosoft.test.base.TestBase:80 - Found Element By : By.name: GuItemKind0105GrossPremium
2020/07/14 15:43:09:832 DEBUG com.sinosoft.test.base.TestBase:42 - CodeSelect:开始设置[[[[InternetExplorerDriver: internet explorer on WINDOWS (a22c6c64-841e-48e7-900d-7217c9608c2d)] -> id: ItemPropertyDetail0105]] -> name: GuItemKind0105KindCode] & Code=0105001
2020/07/14 15:43:11:395 DEBUG com.sinosoft.test.base.TestBase:272 - 系统窗口【黄河财险业务系统】with handle -6b1747de-33f4-4180-926f-62df5c98c140
2020/07/14 15:43:12:059 DEBUG com.sinosoft.test.base.TestBase:272 - 系统窗口【黄河财险业务系统】with handle -6b1747de-33f4-4180-926f-62df5c98c140
2020/07/14 15:43:12:717 DEBUG com.sinosoft.test.base.TestBase:272 - 系统窗口【Code Select】with handle -42eca09a-3cfd-4503-8a88-e5f272dda7ca
2020/07/14 15:43:13:250 DEBUG com.sinosoft.test.base.TestBase:69 - 初始化class com.sinosoft.test.fccp.common.CodeSelectPage
2020/07/14 15:43:13:251 DEBUG com.sinosoft.test.base.TestBase:39 - 基础码表选择！
2020/07/14 15:43:13:251 DEBUG com.sinosoft.test.base.TestBase:76 - Trying to find Element By : By.name: fieldValue
2020/07/14 15:43:13:542 DEBUG com.sinosoft.test.base.TestBase:80 - Found Element By : By.name: fieldValue
2020/07/14 15:43:13:542  INFO com.sinosoft.test.base.TestBase:360 - setEditboxValue:[[InternetExplorerDriver: internet explorer on WINDOWS (a22c6c64-841e-48e7-900d-7217c9608c2d)] -> name: fieldValue]：0105001
2020/07/14 15:43:15:040  INFO com.sinosoft.test.base.TestBase:363 - setEditboxValue—End:[[InternetExplorerDriver: internet explorer on WINDOWS (a22c6c64-841e-48e7-900d-7217c9608c2d)] -> name: fieldValue]：0105001
2020/07/14 15:43:15:041 DEBUG com.sinosoft.test.base.TestBase:76 - Trying to find Element By : By.xpath: //input[@value='查询(Q)']
2020/07/14 15:43:15:338 DEBUG com.sinosoft.test.base.TestBase:80 - Found Element By : By.xpath: //input[@value='查询(Q)']
2020/07/14 15:43:15:339  INFO com.sinosoft.test.base.TestBase:402 - clickButton:[[InternetExplorerDriver: internet explorer on WINDOWS (a22c6c64-841e-48e7-900d-7217c9608c2d)] -> xpath: //input[@value='查询(Q)']]
2020/07/14 15:43:15:339 DEBUG com.sinosoft.test.base.TestBase:42 - Trying to click on: [[InternetExplorerDriver: internet explorer on WINDOWS (a22c6c64-841e-48e7-900d-7217c9608c2d)] -> xpath: //input[@value='查询(Q)']]
2020/07/14 15:43:16:945 DEBUG com.sinosoft.test.base.TestBase:46 - Clicked on: [[InternetExplorerDriver: internet explorer on WINDOWS (a22c6c64-841e-48e7-900d-7217c9608c2d)] -> xpath: //input[@value='查询(Q)']]
2020/07/14 15:43:16:945 DEBUG com.sinosoft.test.base.TestBase:76 - Trying to find Element By : By.name: codeselect
2020/07/14 15:43:17:256 DEBUG com.sinosoft.test.base.TestBase:80 - Found Element By : By.name: codeselect
2020/07/14 15:43:17:256  INFO com.sinosoft.test.base.TestBase:132 - setFuzzySelect:[[InternetExplorerDriver: internet explorer on WINDOWS (a22c6c64-841e-48e7-900d-7217c9608c2d)] -> name: codeselect]->0105001
2020/07/14 15:43:17:850 DEBUG com.sinosoft.test.base.TestBase:76 - Trying to find Element By : By.tagName: option
2020/07/14 15:43:18:165 DEBUG com.sinosoft.test.base.TestBase:80 - Found Element By : By.tagName: option
2020/07/14 15:43:18:482  INFO com.sinosoft.test.base.TestBase:142 - 找到匹配【0105001】的选项：0105001--营业中断保险（2018版）条款
2020/07/14 15:43:18:483 DEBUG com.sinosoft.test.base.TestBase:76 - Trying to find Element By : By.xpath: .//option[normalize-space(.) = "0105001--营业中断保险（2018版）条款"]
2020/07/14 15:43:18:861 DEBUG com.sinosoft.test.base.TestBase:80 - Found Element By : By.xpath: .//option[normalize-space(.) = "0105001--营业中断保险（2018版）条款"]
2020/07/14 15:43:19:169 DEBUG com.sinosoft.test.base.TestBase:42 - Trying to click on: [[[[InternetExplorerDriver: internet explorer on WINDOWS (a22c6c64-841e-48e7-900d-7217c9608c2d)] -> name: codeselect]] -> xpath: .//option[normalize-space(.) = "0105001--营业中断保险（2018版）条款"]]
2020/07/14 15:43:19:695 DEBUG com.sinosoft.test.base.TestBase:46 - Clicked on: [[[[InternetExplorerDriver: internet explorer on WINDOWS (a22c6c64-841e-48e7-900d-7217c9608c2d)] -> name: codeselect]] -> xpath: .//option[normalize-space(.) = "0105001--营业中断保险（2018版）条款"]]
2020/07/14 15:43:19:695 DEBUG com.sinosoft.test.base.TestBase:151 - setFuzzySelect 结束！
2020/07/14 15:43:19:696 DEBUG com.sinosoft.test.base.TestBase:76 - Trying to find Element By : By.name: SelectIt
2020/07/14 15:43:20:016 DEBUG com.sinosoft.test.base.TestBase:80 - Found Element By : By.name: SelectIt
2020/07/14 15:43:20:019  INFO com.sinosoft.test.base.TestBase:416 - jsClickButton:[[InternetExplorerDriver: internet explorer on WINDOWS (a22c6c64-841e-48e7-900d-7217c9608c2d)] -> name: SelectIt]
2020/07/14 15:43:20:020  INFO com.sinosoft.test.base.TestBase:144 - RunJavaScript:[[InternetExplorerDriver: internet explorer on WINDOWS (a22c6c64-841e-48e7-900d-7217c9608c2d)] -> name: SelectIt]	arguments[0].click();
2020/07/14 15:43:20:836 DEBUG com.sinosoft.test.base.TestBase:272 - 系统窗口【黄河财险业务系统】with handle -6b1747de-33f4-4180-926f-62df5c98c140
2020/07/14 15:43:26:318 DEBUG com.sinosoft.test.base.TestBase:49 - CodeSelect:设置完毕[[[[InternetExplorerDriver: internet explorer on WINDOWS (a22c6c64-841e-48e7-900d-7217c9608c2d)] -> id: ItemPropertyDetail0105]] -> name: GuItemKind0105KindCode] & Code=0105001
2020/07/14 15:43:26:400  INFO com.sinosoft.test.base.TestBase:96 - setSelectWithStartText:[[[[InternetExplorerDriver: internet explorer on WINDOWS (a22c6c64-841e-48e7-900d-7217c9608c2d)] -> id: ItemPropertyDetail0105]] -> name: GuItemKind0105ValueType]->18
2020/07/14 15:43:26:467 DEBUG com.sinosoft.test.base.TestBase:76 - Trying to find Element By : By.tagName: option
2020/07/14 15:43:26:811 DEBUG com.sinosoft.test.base.TestBase:80 - Found Element By : By.tagName: option
2020/07/14 15:43:27:729  INFO com.sinosoft.test.base.TestBase:114 - 找到匹配【18】的选项：18-估价
2020/07/14 15:43:27:730 DEBUG com.sinosoft.test.base.TestBase:76 - Trying to find Element By : By.xpath: .//option[normalize-space(.) = "18-估价"]
2020/07/14 15:43:27:846 DEBUG com.sinosoft.test.base.TestBase:80 - Found Element By : By.xpath: .//option[normalize-space(.) = "18-估价"]
2020/07/14 15:43:27:899 DEBUG com.sinosoft.test.base.TestBase:42 - Trying to click on: [[[[[[InternetExplorerDriver: internet explorer on WINDOWS (a22c6c64-841e-48e7-900d-7217c9608c2d)] -> id: ItemPropertyDetail0105]] -> name: GuItemKind0105ValueType]] -> xpath: .//option[normalize-space(.) = "18-估价"]]
2020/07/14 15:43:28:294 DEBUG com.sinosoft.test.base.TestBase:46 - Clicked on: [[[[[[InternetExplorerDriver: internet explorer on WINDOWS (a22c6c64-841e-48e7-900d-7217c9608c2d)] -> id: ItemPropertyDetail0105]] -> name: GuItemKind0105ValueType]] -> xpath: .//option[normalize-space(.) = "18-估价"]]
2020/07/14 15:43:28:295 DEBUG com.sinosoft.test.base.TestBase:123 - setSelectWithStartText 结束！
2020/07/14 15:43:28:295  INFO com.sinosoft.test.base.TestBase:360 - setEditboxValue:[[[[InternetExplorerDriver: internet explorer on WINDOWS (a22c6c64-841e-48e7-900d-7217c9608c2d)] -> id: ItemPropertyDetail0105]] -> name: GuItemKind0105SumInsured]：200000
2020/07/14 15:43:29:363  INFO com.sinosoft.test.base.TestBase:363 - setEditboxValue—End:[[[[InternetExplorerDriver: internet explorer on WINDOWS (a22c6c64-841e-48e7-900d-7217c9608c2d)] -> id: ItemPropertyDetail0105]] -> name: GuItemKind0105SumInsured]：200000
2020/07/14 15:43:29:364  INFO com.sinosoft.test.base.TestBase:388 - setEditboxTValue:[[[[InternetExplorerDriver: internet explorer on WINDOWS (a22c6c64-841e-48e7-900d-7217c9608c2d)] -> id: ItemPropertyDetail0105]] -> name: GuItemKind0105Rate]->3
2020/07/14 15:43:35:525  INFO com.sinosoft.test.base.TestBase:388 - setEditboxTValue:[[[[InternetExplorerDriver: internet explorer on WINDOWS (a22c6c64-841e-48e7-900d-7217c9608c2d)] -> id: ItemPropertyDetail0105]] -> name: GuItemKind0105GrossPremium]->4000
2020/07/14 15:43:41:944 DEBUG com.sinosoft.test.base.TestBase:76 - Trying to find Element By : By.id: saveButton
2020/07/14 15:43:42:085 DEBUG com.sinosoft.test.base.TestBase:80 - Found Element By : By.id: saveButton
2020/07/14 15:43:42:085  INFO com.sinosoft.test.base.TestBase:402 - clickButton:[[InternetExplorerDriver: internet explorer on WINDOWS (a22c6c64-841e-48e7-900d-7217c9608c2d)] -> id: saveButton]
2020/07/14 15:43:42:085 DEBUG com.sinosoft.test.base.TestBase:76 - Trying to find Element By : By.id: saveButton
2020/07/14 15:43:42:211 DEBUG com.sinosoft.test.base.TestBase:80 - Found Element By : By.id: saveButton
2020/07/14 15:43:42:211 DEBUG com.sinosoft.test.base.TestBase:42 - Trying to click on: [[InternetExplorerDriver: internet explorer on WINDOWS (a22c6c64-841e-48e7-900d-7217c9608c2d)] -> id: saveButton]
2020/07/14 15:43:43:955 DEBUG com.sinosoft.test.base.TestBase:46 - Clicked on: [[InternetExplorerDriver: internet explorer on WINDOWS (a22c6c64-841e-48e7-900d-7217c9608c2d)] -> id: saveButton]
2020/07/14 15:43:48:275 DEBUG com.sinosoft.test.base.TestBase:76 - Trying to find Element By : By.xpath: //td[text()='条款信息']
2020/07/14 15:43:48:350 DEBUG com.sinosoft.test.base.TestBase:80 - Found Element By : By.xpath: //td[text()='条款信息']
2020/07/14 15:43:48:351  INFO com.sinosoft.test.base.TestBase:402 - clickButton:[[InternetExplorerDriver: internet explorer on WINDOWS (a22c6c64-841e-48e7-900d-7217c9608c2d)] -> xpath: //td[text()='条款信息']]
2020/07/14 15:43:48:351 DEBUG com.sinosoft.test.base.TestBase:42 - Trying to click on: [[InternetExplorerDriver: internet explorer on WINDOWS (a22c6c64-841e-48e7-900d-7217c9608c2d)] -> xpath: //td[text()='条款信息']]
2020/07/14 15:43:50:993 DEBUG com.sinosoft.test.base.TestBase:46 - Clicked on: [[InternetExplorerDriver: internet explorer on WINDOWS (a22c6c64-841e-48e7-900d-7217c9608c2d)] -> xpath: //td[text()='条款信息']]
2020/07/14 15:43:56:289 DEBUG com.sinosoft.test.base.TestBase:69 - 初始化class com.sinosoft.test.fccp.tbcl.RiskDetail_TermsPage
2020/07/14 15:44:01:746 DEBUG com.sinosoft.test.base.TestBase:76 - Trying to find Element By : By.id: saveButton
2020/07/14 15:44:01:850 DEBUG com.sinosoft.test.base.TestBase:80 - Found Element By : By.id: saveButton
2020/07/14 15:44:01:852  INFO com.sinosoft.test.base.TestBase:402 - clickButton:[[InternetExplorerDriver: internet explorer on WINDOWS (a22c6c64-841e-48e7-900d-7217c9608c2d)] -> id: saveButton]
2020/07/14 15:44:01:853 DEBUG com.sinosoft.test.base.TestBase:76 - Trying to find Element By : By.id: saveButton
2020/07/14 15:44:01:916 DEBUG com.sinosoft.test.base.TestBase:80 - Found Element By : By.id: saveButton
2020/07/14 15:44:01:917 DEBUG com.sinosoft.test.base.TestBase:42 - Trying to click on: [[InternetExplorerDriver: internet explorer on WINDOWS (a22c6c64-841e-48e7-900d-7217c9608c2d)] -> id: saveButton]
2020/07/14 15:44:03:453 DEBUG com.sinosoft.test.base.TestBase:46 - Clicked on: [[InternetExplorerDriver: internet explorer on WINDOWS (a22c6c64-841e-48e7-900d-7217c9608c2d)] -> id: saveButton]
2020/07/14 15:44:06:400 DEBUG com.sinosoft.test.base.TestBase:76 - Trying to find Element By : By.xpath: //td[text()='联共保信息']
2020/07/14 15:44:06:457 DEBUG com.sinosoft.test.base.TestBase:80 - Found Element By : By.xpath: //td[text()='联共保信息']
2020/07/14 15:44:06:458  INFO com.sinosoft.test.base.TestBase:402 - clickButton:[[InternetExplorerDriver: internet explorer on WINDOWS (a22c6c64-841e-48e7-900d-7217c9608c2d)] -> xpath: //td[text()='联共保信息']]
2020/07/14 15:44:06:458 DEBUG com.sinosoft.test.base.TestBase:42 - Trying to click on: [[InternetExplorerDriver: internet explorer on WINDOWS (a22c6c64-841e-48e7-900d-7217c9608c2d)] -> xpath: //td[text()='联共保信息']]
2020/07/14 15:44:08:767 DEBUG com.sinosoft.test.base.TestBase:46 - Clicked on: [[InternetExplorerDriver: internet explorer on WINDOWS (a22c6c64-841e-48e7-900d-7217c9608c2d)] -> xpath: //td[text()='联共保信息']]
2020/07/14 15:44:14:052 DEBUG com.sinosoft.test.base.TestBase:69 - 初始化class com.sinosoft.test.fccp.tbcl.RiskDetail_CoInsuredPage
2020/07/14 15:44:19:590 DEBUG com.sinosoft.test.base.TestBase:76 - Trying to find Element By : By.id: Coinsurance
2020/07/14 15:44:19:694 DEBUG com.sinosoft.test.base.TestBase:80 - Found Element By : By.id: Coinsurance
2020/07/14 15:44:19:694  INFO com.sinosoft.test.base.TestBase:406 - clickElement:[[InternetExplorerDriver: internet explorer on WINDOWS (a22c6c64-841e-48e7-900d-7217c9608c2d)] -> id: Coinsurance]
2020/07/14 15:44:19:694 DEBUG com.sinosoft.test.base.TestBase:76 - Trying to find Element By : By.id: Coinsurance
2020/07/14 15:44:19:773 DEBUG com.sinosoft.test.base.TestBase:80 - Found Element By : By.id: Coinsurance
2020/07/14 15:44:19:773 DEBUG com.sinosoft.test.base.TestBase:42 - Trying to click on: [[InternetExplorerDriver: internet explorer on WINDOWS (a22c6c64-841e-48e7-900d-7217c9608c2d)] -> id: Coinsurance]
2020/07/14 15:44:21:056 DEBUG com.sinosoft.test.base.TestBase:46 - Clicked on: [[InternetExplorerDriver: internet explorer on WINDOWS (a22c6c64-841e-48e7-900d-7217c9608c2d)] -> id: Coinsurance]
2020/07/14 15:44:21:057 DEBUG com.sinosoft.test.base.TestBase:76 - Trying to find Element By : By.name: //table[@id='Coinsurance']/tbody/tr[last()]/td/p/input[name='buttonCoinsuranceDetailInfo']
2020/07/14 15:44:23:240 DEBUG com.sinosoft.test.base.TestBase:66 - 系统自动捕获异常：Exception occured: org.openqa.selenium.NoSuchElementException: Unable to find element with css selector == *[name='//table[@id='Coinsurance']/tbody/tr[last()]/td/p/input[name='buttonCoinsuranceDetailInfo']']
For documentation on this error, please visit: http://seleniumhq.org/exceptions/no_such_element.html
Build info: version: '3.9.0', revision: '698b3178f0', time: '2018-02-05T14:26:55.441Z'
System info: host: 'DESKTOP-I9S3ABE', ip: '100.100.99.142', os.name: 'Windows 10', os.arch: 'amd64', os.version: '10.0', java.version: '1.8.0_101'
Driver info: org.openqa.selenium.ie.InternetExplorerDriver
Capabilities {acceptInsecureCerts: false, browserName: internet explorer, browserVersion: 11, javascriptEnabled: true, pageLoadStrategy: normal, platform: WINDOWS, platformName: WINDOWS, proxy: Proxy(), se:ieOptions: {browserAttachTimeout: 0, elementScrollBehavior: 0, enablePersistentHover: true, ie.browserCommandLineSwitches: , ie.ensureCleanSession: false, ie.fileUploadDialogTimeout: 3000, ie.forceCreateProcessApi: false, ignoreProtectedModeSettings: true, ignoreZoomSetting: false, initialBrowserUrl: http://localhost:28727/, nativeEvents: true, requireWindowFocus: false}, setWindowRect: true, timeouts: {implicit: 0, pageLoad: 300000, script: 30000}, unhandledPromptBehavior: ignore}
Session ID: a22c6c64-841e-48e7-900d-7217c9608c2d
*** Element info: {Using=name, value=//table[@id='Coinsurance']/tbody/tr[last()]/td/p/input[name='buttonCoinsuranceDetailInfo']}
2020/07/14 15:44:23:240  INFO com.sinosoft.test.base.TestBase:68 - 异常的message 是：Unable to find element with css selector == *[name='//table[@id='Coinsurance']/tbody/tr[last()]/td/p/input[name='buttonCoinsuranceDetailInfo']']
For documentation on this error, please visit: http://seleniumhq.org/exceptions/no_such_element.html
Build info: version: '3.9.0', revision: '698b3178f0', time: '2018-02-05T14:26:55.441Z'
System info: host: 'DESKTOP-I9S3ABE', ip: '100.100.99.142', os.name: 'Windows 10', os.arch: 'amd64', os.version: '10.0', java.version: '1.8.0_101'
Driver info: org.openqa.selenium.ie.InternetExplorerDriver
Capabilities {acceptInsecureCerts: false, browserName: internet explorer, browserVersion: 11, javascriptEnabled: true, pageLoadStrategy: normal, platform: WINDOWS, platformName: WINDOWS, proxy: Proxy(), se:ieOptions: {browserAttachTimeout: 0, elementScrollBehavior: 0, enablePersistentHover: true, ie.browserCommandLineSwitches: , ie.ensureCleanSession: false, ie.fileUploadDialogTimeout: 3000, ie.forceCreateProcessApi: false, ignoreProtectedModeSettings: true, ignoreZoomSetting: false, initialBrowserUrl: http://localhost:28727/, nativeEvents: true, requireWindowFocus: false}, setWindowRect: true, timeouts: {implicit: 0, pageLoad: 300000, script: 30000}, unhandledPromptBehavior: ignore}
Session ID: a22c6c64-841e-48e7-900d-7217c9608c2d
*** Element info: {Using=name, value=//table[@id='Coinsurance']/tbody/tr[last()]/td/p/input[name='buttonCoinsuranceDetailInfo']}
2020/07/14 15:44:23:241  INFO com.sinosoft.test.base.TestBase:402 - clickButton:Proxy element for: DefaultElementLocator 'By.name: //table[@id='Coinsurance']/tbody/tr[last()]/td/p/input[name='buttonCoinsuranceDetailInfo']'
2020/07/14 15:44:23:241 DEBUG com.sinosoft.test.base.TestBase:76 - Trying to find Element By : By.name: //table[@id='Coinsurance']/tbody/tr[last()]/td/p/input[name='buttonCoinsuranceDetailInfo']
2020/07/14 15:44:25:479 DEBUG com.sinosoft.test.base.TestBase:66 - 系统自动捕获异常：Exception occured: org.openqa.selenium.NoSuchElementException: Unable to find element with css selector == *[name='//table[@id='Coinsurance']/tbody/tr[last()]/td/p/input[name='buttonCoinsuranceDetailInfo']']
For documentation on this error, please visit: http://seleniumhq.org/exceptions/no_such_element.html
Build info: version: '3.9.0', revision: '698b3178f0', time: '2018-02-05T14:26:55.441Z'
System info: host: 'DESKTOP-I9S3ABE', ip: '100.100.99.142', os.name: 'Windows 10', os.arch: 'amd64', os.version: '10.0', java.version: '1.8.0_101'
Driver info: org.openqa.selenium.ie.InternetExplorerDriver
Capabilities {acceptInsecureCerts: false, browserName: internet explorer, browserVersion: 11, javascriptEnabled: true, pageLoadStrategy: normal, platform: WINDOWS, platformName: WINDOWS, proxy: Proxy(), se:ieOptions: {browserAttachTimeout: 0, elementScrollBehavior: 0, enablePersistentHover: true, ie.browserCommandLineSwitches: , ie.ensureCleanSession: false, ie.fileUploadDialogTimeout: 3000, ie.forceCreateProcessApi: false, ignoreProtectedModeSettings: true, ignoreZoomSetting: false, initialBrowserUrl: http://localhost:28727/, nativeEvents: true, requireWindowFocus: false}, setWindowRect: true, timeouts: {implicit: 0, pageLoad: 300000, script: 30000}, unhandledPromptBehavior: ignore}
Session ID: a22c6c64-841e-48e7-900d-7217c9608c2d
*** Element info: {Using=name, value=//table[@id='Coinsurance']/tbody/tr[last()]/td/p/input[name='buttonCoinsuranceDetailInfo']}
2020/07/14 15:44:25:480  INFO com.sinosoft.test.base.TestBase:68 - 异常的message 是：Unable to find element with css selector == *[name='//table[@id='Coinsurance']/tbody/tr[last()]/td/p/input[name='buttonCoinsuranceDetailInfo']']
For documentation on this error, please visit: http://seleniumhq.org/exceptions/no_such_element.html
Build info: version: '3.9.0', revision: '698b3178f0', time: '2018-02-05T14:26:55.441Z'
System info: host: 'DESKTOP-I9S3ABE', ip: '100.100.99.142', os.name: 'Windows 10', os.arch: 'amd64', os.version: '10.0', java.version: '1.8.0_101'
Driver info: org.openqa.selenium.ie.InternetExplorerDriver
Capabilities {acceptInsecureCerts: false, browserName: internet explorer, browserVersion: 11, javascriptEnabled: true, pageLoadStrategy: normal, platform: WINDOWS, platformName: WINDOWS, proxy: Proxy(), se:ieOptions: {browserAttachTimeout: 0, elementScrollBehavior: 0, enablePersistentHover: true, ie.browserCommandLineSwitches: , ie.ensureCleanSession: false, ie.fileUploadDialogTimeout: 3000, ie.forceCreateProcessApi: false, ignoreProtectedModeSettings: true, ignoreZoomSetting: false, initialBrowserUrl: http://localhost:28727/, nativeEvents: true, requireWindowFocus: false}, setWindowRect: true, timeouts: {implicit: 0, pageLoad: 300000, script: 30000}, unhandledPromptBehavior: ignore}
Session ID: a22c6c64-841e-48e7-900d-7217c9608c2d
*** Element info: {Using=name, value=//table[@id='Coinsurance']/tbody/tr[last()]/td/p/input[name='buttonCoinsuranceDetailInfo']}
2020/07/14 15:44:25:483  INFO com.sinosoft.test.base.TestBase:129 - 执行测试用例发生了异常，开始截屏
org.openqa.selenium.NoSuchElementException: Unable to find element with css selector == *[name='//table[@id='Coinsurance']/tbody/tr[last()]/td/p/input[name='buttonCoinsuranceDetailInfo']']
For documentation on this error, please visit: http://seleniumhq.org/exceptions/no_such_element.html
Build info: version: '3.9.0', revision: '698b3178f0', time: '2018-02-05T14:26:55.441Z'
System info: host: 'DESKTOP-I9S3ABE', ip: '100.100.99.142', os.name: 'Windows 10', os.arch: 'amd64', os.version: '10.0', java.version: '1.8.0_101'
Driver info: org.openqa.selenium.ie.InternetExplorerDriver
Capabilities {acceptInsecureCerts: false, browserName: internet explorer, browserVersion: 11, javascriptEnabled: true, pageLoadStrategy: normal, platform: WINDOWS, platformName: WINDOWS, proxy: Proxy(), se:ieOptions: {browserAttachTimeout: 0, elementScrollBehavior: 0, enablePersistentHover: true, ie.browserCommandLineSwitches: , ie.ensureCleanSession: false, ie.fileUploadDialogTimeout: 3000, ie.forceCreateProcessApi: false, ignoreProtectedModeSettings: true, ignoreZoomSetting: false, initialBrowserUrl: http://localhost:28727/, nativeEvents: true, requireWindowFocus: false}, setWindowRect: true, timeouts: {implicit: 0, pageLoad: 300000, script: 30000}, unhandledPromptBehavior: ignore}
Session ID: a22c6c64-841e-48e7-900d-7217c9608c2d
*** Element info: {Using=name, value=//table[@id='Coinsurance']/tbody/tr[last()]/td/p/input[name='buttonCoinsuranceDetailInfo']}
	at sun.reflect.NativeConstructorAccessorImpl.newInstance0(Native Method)
	at sun.reflect.NativeConstructorAccessorImpl.newInstance(NativeConstructorAccessorImpl.java:62)
	at sun.reflect.DelegatingConstructorAccessorImpl.newInstance(DelegatingConstructorAccessorImpl.java:45)
	at java.lang.reflect.Constructor.newInstance(Constructor.java:423)
	at org.openqa.selenium.remote.http.W3CHttpResponseCodec.createException(W3CHttpResponseCodec.java:187)
	at org.openqa.selenium.remote.http.W3CHttpResponseCodec.decode(W3CHttpResponseCodec.java:122)
	at org.openqa.selenium.remote.http.W3CHttpResponseCodec.decode(W3CHttpResponseCodec.java:49)
	at org.openqa.selenium.remote.HttpCommandExecutor.execute(HttpCommandExecutor.java:160)
	at org.openqa.selenium.remote.service.DriverCommandExecutor.execute(DriverCommandExecutor.java:83)
	at org.openqa.selenium.remote.RemoteWebDriver.execute(RemoteWebDriver.java:601)
	at org.openqa.selenium.remote.RemoteWebDriver.findElement(RemoteWebDriver.java:371)
	at org.openqa.selenium.remote.RemoteWebDriver.findElementByName(RemoteWebDriver.java:449)
	at org.openqa.selenium.By$ByName.findElement(By.java:303)
	at org.openqa.selenium.remote.RemoteWebDriver.findElement(RemoteWebDriver.java:363)
	at sun.reflect.GeneratedMethodAccessor3.invoke(Unknown Source)
	at sun.reflect.DelegatingMethodAccessorImpl.invoke(DelegatingMethodAccessorImpl.java:43)
	at java.lang.reflect.Method.invoke(Method.java:498)
	at org.openqa.selenium.support.events.EventFiringWebDriver$2.invoke(EventFiringWebDriver.java:108)
	at com.sun.proxy.$Proxy8.findElement(Unknown Source)
	at org.openqa.selenium.support.events.EventFiringWebDriver.findElement(EventFiringWebDriver.java:192)
	at org.openqa.selenium.support.pagefactory.DefaultElementLocator.findElement(DefaultElementLocator.java:69)
	at org.openqa.selenium.support.pagefactory.internal.LocatingElementHandler.invoke(LocatingElementHandler.java:38)
	at com.sun.proxy.$Proxy12.click(Unknown Source)
	at com.sinosoft.test.base.TestBase.clickButton(TestBase.java:403)
	at com.sinosoft.test.fccp.tbcl.RiskDetail_CoInsuredPage.inputCoInsuranceInfoAction(RiskDetail_CoInsuredPage.java:40)
	at com.sinosoft.testcases.fccb.TBGLTestCase.FCCB_TBCL(TBGLTestCase.java:112)
	at sun.reflect.NativeMethodAccessorImpl.invoke0(Native Method)
	at sun.reflect.NativeMethodAccessorImpl.invoke(NativeMethodAccessorImpl.java:62)
	at sun.reflect.DelegatingMethodAccessorImpl.invoke(DelegatingMethodAccessorImpl.java:43)
	at java.lang.reflect.Method.invoke(Method.java:498)
	at org.testng.internal.MethodInvocationHelper.invokeMethod(MethodInvocationHelper.java:108)
	at org.testng.internal.Invoker.invokeMethod(Invoker.java:661)
	at org.testng.internal.Invoker.invokeTestMethod(Invoker.java:869)
	at org.testng.internal.Invoker.invokeTestMethods(Invoker.java:1193)
	at org.testng.internal.TestMethodWorker.invokeTestMethods(TestMethodWorker.java:126)
	at org.testng.internal.TestMethodWorker.run(TestMethodWorker.java:109)
	at org.testng.TestRunner.privateRun(TestRunner.java:744)
	at org.testng.TestRunner.run(TestRunner.java:602)
	at org.testng.SuiteRunner.runTest(SuiteRunner.java:380)
	at org.testng.SuiteRunner.runSequentially(SuiteRunner.java:375)
	at org.testng.SuiteRunner.privateRun(SuiteRunner.java:340)
	at org.testng.SuiteRunner.run(SuiteRunner.java:289)
	at org.testng.SuiteRunnerWorker.runSuite(SuiteRunnerWorker.java:52)
	at org.testng.SuiteRunnerWorker.run(SuiteRunnerWorker.java:86)
	at org.testng.TestNG.runSuitesSequentially(TestNG.java:1301)
	at org.testng.TestNG.runSuitesLocally(TestNG.java:1226)
	at org.testng.TestNG.runSuites(TestNG.java:1144)
	at org.testng.TestNG.run(TestNG.java:1115)
	at org.apache.maven.surefire.testng.TestNGExecutor.run(TestNGExecutor.java:283)
	at org.apache.maven.surefire.testng.TestNGXmlTestSuite.execute(TestNGXmlTestSuite.java:75)
	at org.apache.maven.surefire.testng.TestNGProvider.invoke(TestNGProvider.java:120)
	at org.apache.maven.surefire.booter.ForkedBooter.invokeProviderInSameClassLoader(ForkedBooter.java:384)
	at org.apache.maven.surefire.booter.ForkedBooter.runSuitesInProcess(ForkedBooter.java:345)
	at org.apache.maven.surefire.booter.ForkedBooter.execute(ForkedBooter.java:126)
	at org.apache.maven.surefire.booter.ForkedBooter.main(ForkedBooter.java:418)
2020/07/14 15:44:25:486 DEBUG com.sinosoft.test.base.TestBase:88 - 截屏文件名字是：FCCB_TB_JCX_1_异常截屏
2020/07/14 15:44:25:624  INFO com.sinosoft.test.base.TestBase:133 - 执行测试用例发生了异常，截屏结束！
2020/07/14 15:44:25:625  INFO com.sinosoft.test.base.TestBase:136 - 进入Finally事件:RowID:2
2020/07/14 15:44:25:625  INFO com.sinosoft.test.base.TestBase:137 - 进入Finally事件:testCaseName:FCCB_TBCL
2020/07/14 15:44:25:626  INFO com.sinosoft.test.base.TestBase:138 - 进入Finally事件:proposalNumber:06201900101202000000000081
2020/07/14 15:44:25:626  INFO com.sinosoft.test.base.TestBase:139 - 进入Finally事件:message:未知异常Unable to find element with css selector == *[name='//table[@id='Coinsurance']/tbody/tr[last()]/td/p/input[name='buttonCoinsuranceDetailInfo']']
For documentation on this error, please visit: http://seleniumhq.org/exceptions/no_such_element.html
Build info: version: '3.9.0', revision: '698b3178f0', time: '2018-02-05T14:26:55.441Z'
System info: host: 'DESKTOP-I9S3ABE', ip: '100.100.99.142', os.name: 'Windows 10', os.arch: 'amd64', os.version: '10.0', java.version: '1.8.0_101'
Driver info: org.openqa.selenium.ie.InternetExplorerDriver
Capabilities {acceptInsecureCerts: false, browserName: internet explorer, browserVersion: 11, javascriptEnabled: true, pageLoadStrategy: normal, platform: WINDOWS, platformName: WINDOWS, proxy: Proxy(), se:ieOptions: {browserAttachTimeout: 0, elementScrollBehavior: 0, enablePersistentHover: true, ie.browserCommandLineSwitches: , ie.ensureCleanSession: false, ie.fileUploadDialogTimeout: 3000, ie.forceCreateProcessApi: false, ignoreProtectedModeSettings: true, ignoreZoomSetting: false, initialBrowserUrl: http://localhost:28727/, nativeEvents: true, requireWindowFocus: false}, setWindowRect: true, timeouts: {implicit: 0, pageLoad: 300000, script: 30000}, unhandledPromptBehavior: ignore}
Session ID: a22c6c64-841e-48e7-900d-7217c9608c2d
*** Element info: {Using=name, value=//table[@id='Coinsurance']/tbody/tr[last()]/td/p/input[name='buttonCoinsuranceDetailInfo']}
2020/07/14 15:44:25:627  INFO com.sinosoft.test.base.TestBase:140 - 进入Finally事件:screenshot:C:\Users\liu-b\git\PageObjectModel\screenshots\FCCB_TB_JCX_1_异常截屏_20200714034425621.png
2020/07/14 15:44:26:110 DEBUG freemarker.cache:45 - Couldn't find template in cache for "index.ftl"("en", UTF-8, parsed); will try to load it.
2020/07/14 15:44:26:111 DEBUG freemarker.cache:45 - TemplateLoader.findTemplateSource("index_en.ftl"): Not found
2020/07/14 15:44:26:115 DEBUG freemarker.cache:45 - TemplateLoader.findTemplateSource("index.ftl"): Found
2020/07/14 15:44:26:116 DEBUG freemarker.cache:45 - Loading template for "index.ftl"("en", UTF-8, parsed) from "jar:file:/C:/Users/liu-b/.m2/repository/com/aventstack/extentreports/3.1.3/extentreports-3.1.3.jar!/com/aventstack/extentreports/view/html-report/index.ftl"
2020/07/14 15:44:26:383 DEBUG freemarker.cache:45 - Couldn't find template in cache for "head.ftl"("en", UTF-8, parsed); will try to load it.
2020/07/14 15:44:26:384 DEBUG freemarker.cache:45 - TemplateLoader.findTemplateSource("head_en.ftl"): Not found
2020/07/14 15:44:26:385 DEBUG freemarker.cache:45 - TemplateLoader.findTemplateSource("head.ftl"): Found
2020/07/14 15:44:26:386 DEBUG freemarker.cache:45 - Loading template for "head.ftl"("en", UTF-8, parsed) from "jar:file:/C:/Users/liu-b/.m2/repository/com/aventstack/extentreports/3.1.3/extentreports-3.1.3.jar!/com/aventstack/extentreports/view/html-report/head.ftl"
2020/07/14 15:44:26:389 DEBUG freemarker.cache:45 - Couldn't find template in cache for "nav.ftl"("en", UTF-8, parsed); will try to load it.
2020/07/14 15:44:26:390 DEBUG freemarker.cache:45 - TemplateLoader.findTemplateSource("nav_en.ftl"): Not found
2020/07/14 15:44:26:391 DEBUG freemarker.cache:45 - TemplateLoader.findTemplateSource("nav.ftl"): Found
2020/07/14 15:44:26:392 DEBUG freemarker.cache:45 - Loading template for "nav.ftl"("en", UTF-8, parsed) from "jar:file:/C:/Users/liu-b/.m2/repository/com/aventstack/extentreports/3.1.3/extentreports-3.1.3.jar!/com/aventstack/extentreports/view/html-report/nav.ftl"
2020/07/14 15:44:26:405 DEBUG freemarker.cache:45 - Couldn't find template in cache for "test-view/test-view.ftl"("en", UTF-8, parsed); will try to load it.
2020/07/14 15:44:26:405 DEBUG freemarker.cache:45 - TemplateLoader.findTemplateSource("test-view/test-view_en.ftl"): Not found
2020/07/14 15:44:26:406 DEBUG freemarker.cache:45 - TemplateLoader.findTemplateSource("test-view/test-view.ftl"): Found
2020/07/14 15:44:26:406 DEBUG freemarker.cache:45 - Loading template for "test-view/test-view.ftl"("en", UTF-8, parsed) from "jar:file:/C:/Users/liu-b/.m2/repository/com/aventstack/extentreports/3.1.3/extentreports-3.1.3.jar!/com/aventstack/extentreports/view/html-report/test-view/test-view.ftl"
2020/07/14 15:44:26:419 DEBUG freemarker.cache:45 - Couldn't find template in cache for "test-view/test-view-charts.ftl"("en", UTF-8, parsed); will try to load it.
2020/07/14 15:44:26:419 DEBUG freemarker.cache:45 - TemplateLoader.findTemplateSource("test-view/test-view-charts_en.ftl"): Not found
2020/07/14 15:44:26:420 DEBUG freemarker.cache:45 - TemplateLoader.findTemplateSource("test-view/test-view-charts.ftl"): Found
2020/07/14 15:44:26:420 DEBUG freemarker.cache:45 - Loading template for "test-view/test-view-charts.ftl"("en", UTF-8, parsed) from "jar:file:/C:/Users/liu-b/.m2/repository/com/aventstack/extentreports/3.1.3/extentreports-3.1.3.jar!/com/aventstack/extentreports/view/html-report/test-view/test-view-charts.ftl"
2020/07/14 15:44:26:435 DEBUG freemarker.cache:45 - Couldn't find template in cache for "test-view/standard.ftl"("en", UTF-8, parsed); will try to load it.
2020/07/14 15:44:26:435 DEBUG freemarker.cache:45 - TemplateLoader.findTemplateSource("test-view/standard_en.ftl"): Not found
2020/07/14 15:44:26:436 DEBUG freemarker.cache:45 - TemplateLoader.findTemplateSource("test-view/standard.ftl"): Found
2020/07/14 15:44:26:436 DEBUG freemarker.cache:45 - Loading template for "test-view/standard.ftl"("en", UTF-8, parsed) from "jar:file:/C:/Users/liu-b/.m2/repository/com/aventstack/extentreports/3.1.3/extentreports-3.1.3.jar!/com/aventstack/extentreports/view/html-report/test-view/standard.ftl"
2020/07/14 15:44:26:463 DEBUG freemarker.cache:45 - Couldn't find template in cache for "category-view/category-view.ftl"("en", UTF-8, parsed); will try to load it.
2020/07/14 15:44:26:464 DEBUG freemarker.cache:45 - TemplateLoader.findTemplateSource("category-view/category-view_en.ftl"): Not found
2020/07/14 15:44:26:465 DEBUG freemarker.cache:45 - TemplateLoader.findTemplateSource("category-view/category-view.ftl"): Found
2020/07/14 15:44:26:466 DEBUG freemarker.cache:45 - Loading template for "category-view/category-view.ftl"("en", UTF-8, parsed) from "jar:file:/C:/Users/liu-b/.m2/repository/com/aventstack/extentreports/3.1.3/extentreports-3.1.3.jar!/com/aventstack/extentreports/view/html-report/category-view/category-view.ftl"
2020/07/14 15:44:26:471 DEBUG freemarker.cache:45 - Couldn't find template in cache for "author-view/author-view.ftl"("en", UTF-8, parsed); will try to load it.
2020/07/14 15:44:26:472 DEBUG freemarker.cache:45 - TemplateLoader.findTemplateSource("author-view/author-view_en.ftl"): Not found
2020/07/14 15:44:26:473 DEBUG freemarker.cache:45 - TemplateLoader.findTemplateSource("author-view/author-view.ftl"): Found
2020/07/14 15:44:26:473 DEBUG freemarker.cache:45 - Loading template for "author-view/author-view.ftl"("en", UTF-8, parsed) from "jar:file:/C:/Users/liu-b/.m2/repository/com/aventstack/extentreports/3.1.3/extentreports-3.1.3.jar!/com/aventstack/extentreports/view/html-report/author-view/author-view.ftl"
2020/07/14 15:44:26:479 DEBUG freemarker.cache:45 - Couldn't find template in cache for "exception-view/exception-view.ftl"("en", UTF-8, parsed); will try to load it.
2020/07/14 15:44:26:480 DEBUG freemarker.cache:45 - TemplateLoader.findTemplateSource("exception-view/exception-view_en.ftl"): Not found
2020/07/14 15:44:26:482 DEBUG freemarker.cache:45 - TemplateLoader.findTemplateSource("exception-view/exception-view.ftl"): Found
2020/07/14 15:44:26:483 DEBUG freemarker.cache:45 - Loading template for "exception-view/exception-view.ftl"("en", UTF-8, parsed) from "jar:file:/C:/Users/liu-b/.m2/repository/com/aventstack/extentreports/3.1.3/extentreports-3.1.3.jar!/com/aventstack/extentreports/view/html-report/exception-view/exception-view.ftl"
2020/07/14 15:44:26:498 DEBUG freemarker.cache:45 - Couldn't find template in cache for "dashboard-view/dashboard-view.ftl"("en", UTF-8, parsed); will try to load it.
2020/07/14 15:44:26:499 DEBUG freemarker.cache:45 - TemplateLoader.findTemplateSource("dashboard-view/dashboard-view_en.ftl"): Not found
2020/07/14 15:44:26:499 DEBUG freemarker.cache:45 - TemplateLoader.findTemplateSource("dashboard-view/dashboard-view.ftl"): Found
2020/07/14 15:44:26:500 DEBUG freemarker.cache:45 - Loading template for "dashboard-view/dashboard-view.ftl"("en", UTF-8, parsed) from "jar:file:/C:/Users/liu-b/.m2/repository/com/aventstack/extentreports/3.1.3/extentreports-3.1.3.jar!/com/aventstack/extentreports/view/html-report/dashboard-view/dashboard-view.ftl"
2020/07/14 15:44:26:506 DEBUG freemarker.cache:45 - Couldn't find template in cache for "logs-view/testrunner-logs-view.ftl"("en", UTF-8, parsed); will try to load it.
2020/07/14 15:44:26:507 DEBUG freemarker.cache:45 - TemplateLoader.findTemplateSource("logs-view/testrunner-logs-view_en.ftl"): Not found
2020/07/14 15:44:26:508 DEBUG freemarker.cache:45 - TemplateLoader.findTemplateSource("logs-view/testrunner-logs-view.ftl"): Found
2020/07/14 15:44:26:508 DEBUG freemarker.cache:45 - Loading template for "logs-view/testrunner-logs-view.ftl"("en", UTF-8, parsed) from "jar:file:/C:/Users/liu-b/.m2/repository/com/aventstack/extentreports/3.1.3/extentreports-3.1.3.jar!/com/aventstack/extentreports/view/html-report/logs-view/testrunner-logs-view.ftl"
2020/07/14 15:53:33:945  INFO com.sinosoft.test.base.TestBase:59 - 配置文件路径：config.properties
2020/07/14 15:53:33:949 DEBUG com.sinosoft.test.base.TestBase:69 - 初始化class com.sinosoft.testcases.fccb.TBGLTestCase
2020/07/14 15:53:34:011 DEBUG com.sinosoft.test.base.TestBase:69 - 初始化class com.sinosoft.test.util.ExcelDataProvider
2020/07/14 15:53:34:927  INFO com.sinosoft.test.base.TestBase:80 - 当前文件里面一共有数据：4
2020/07/14 15:53:34:977  INFO com.sinosoft.test.base.TestBase:91 - start InternetExplorerDriver
2020/07/14 15:53:38:036 DEBUG com.sinosoft.test.base.TestBase:69 - 初始化class com.sinosoft.test.util.WebEventListener
2020/07/14 15:53:38:060  INFO com.sinosoft.test.base.TestBase:83 - 开始运行测试脚本，获取到的测试数据《getTBCLTestData》如下:
2020/07/14 15:53:38:060  INFO com.sinosoft.test.base.TestBase:84 - ROW_ID=2
ProcessFlag=Y
TestCaseName=FCCB_TB_JCX
TestCaseSeq=1
TestDescription=非车承保企财险-财产基本险-出单
riskClass=01
riskCode=0101
renewalInd=0
renewalPolicy=
prePay=
carrayOver=
carrayOverPolicy=
relatedInd=
relatedPolicy=
fbbs=
ywgs=01620190
qdlx=01
gdbs=0
xstd=T6201900101
ywy=S000000006
ywly=01010101
dljg=
xsxy=
cxywbs=HXXT
cdjg=
htzyjjfs=
jnwbz=
jw_country=
jw_Addr=
snbz=
sftkbd=0
sfdzbd=0
sfxb=0
fxqkyjytz=
sfydyw=
sfsn=
xbbdh=
tbr_lx=2
tbr_mc=
tbr_vip=
tbr_dm=G6200019984
tbr_zjlx=
tbr_zjhm=
tbr_sj=
tbr_csrq=
tbr_lxdz=
tbr_dwdh=010-67549095-456
lxr_xm=
lxr_xb=
lxr_zw=
lxr_sj=
lxr_yx=
xzsyfw=1
tqmc=
qbrq=
zbrq=
lgbbz=1
yyzdbz=1
sfgxdm=1
cbdq=
zzfwlx=0
hydl=12
hyxl=12006
jqbm=121121123123
bbdm=CNY
sf=130000
cs=130300
qx=130302
yb=065201
jzdj=01
bxcs=北戴河公园
bdw_jd=金融街街道
bdw_yyxz=
bdw_sfhyf=
bdw_fxlx=
bdw_sbmc=
bdw_cjh=
bdw_fdjh=
bdw_cjdjrq=
bdw_cllx=
bdw_cpcx=
bdw_sccj=
bdw_gzjz=
bdw_sgzyqy=
bdw_zylx=
bdw=010001
bdwmx=碣石公园礁石群
xbdm=0101001
jrbe=1
jzfs=10
bxje=2000000
bffl=0.5
dqflbz=2
ysbf=400
yyzd_zdpcg=24
yyzd_sndmlrze=6000000
yyzd_sndyye=20000000
yyzd_bdw=010056
yyzd_bdwmx=
yyzd_xbdm=0105001
yyzd_jrbe=1
yyzd_jzfs=18
yyzd_bxje=200000
yyzd_bffl=3
yyzd_dqflbz=3
yyzd_ysbf=4000
fsh=6
xsfdj=B
xsfxs=2
jgx_sf=
jgx_cs=
jgx_qx=
jgx_gcdd=
jgx_bb=
jgx_gcmc=
jgx_gclx_1=
jgx_gclx_2=
jgx_gclx_3=
jgx_gclx_4=
jgx_gclx_5=
jgx_gclx_6=
jgx_yzssjt=
jgx_yz=
jgx_cbs_ssjt=
jgx_cbs=
jgx_gchth=
jgx_gcjz=
jgx_gcqsrq=
jgx_gczzrq=
jgx_gcfw=
jgx_scqqsrq=
jgx_scqzzrq=
jgx_bzqqsrq=
jgx_bzqzzrq=
jgx_ws_xmlbdm=
jgx_ws_jrbe=
jgx_ws_bxje=
jgx_ws_fl=
jgx_ws_dqflbz=
jgx_ws_ysbf=
jgx_sz_xbdm=
jgx_sz_jrbe=
jgx_sz_ljpcxe=
jgx_sz_fv=
jgx_sz_dqflbz=
jgx_sz_ysbf=
proposalNumber=06201900101202000000000081
message=未知异常Unable to find element with css selector == *[name='//table[@id='Coinsurance']/tbody/tr[last()]/td/p/input[name='buttonCoinsuranceDetailInfo']']
For documentation on this error, please visit: http://seleniumhq.org/exceptions/no_such_element.html
Build info: version: '3.9.0', revision: '698b3178f0', time: '2018-02-05T14:26:55.441Z'
System info: host: 'DESKTOP-I9S3ABE', ip: '100.100.99.142', os.name: 'Windows 10', os.arch: 'amd64', os.version: '10.0', java.version: '1.8.0_101'
Driver info: org.openqa.selenium.ie.InternetExplorerDriver
Capabilities {acceptInsecureCerts: false, browserName: internet explorer, browserVersion: 11, javascriptEnabled: true, pageLoadStrategy: normal, platform: WINDOWS, platformName: WINDOWS, proxy: Proxy(), se:ieOptions: {browserAttachTimeout: 0, elementScrollBehavior: 0, enablePersistentHover: true, ie.browserCommandLineSwitches: , ie.ensureCleanSession: false, ie.fileUploadDialogTimeout: 3000, ie.forceCreateProcessApi: false, ignoreProtectedModeSettings: true, ignoreZoomSetting: false, initialBrowserUrl: http://localhost:28727/, nativeEvents: true, requireWindowFocus: false}, setWindowRect: true, timeouts: {implicit: 0, pageLoad: 300000, script: 30000}, unhandledPromptBehavior: ignore}
Session ID: a22c6c64-841e-48e7-900d-7217c9608c2d
*** Element info: {Using=name, value=//table[@id='Coinsurance']/tbody/tr[last()]/td/p/input[name='buttonCoinsuranceDetailInfo']}
screenshot=C:\Users\liu-b\git\PageObjectModel\screenshots\FCCB_TB_JCX_1_异常截屏_20200714034425621.png
testCaseName=FCCB_TBCL

2020/07/14 15:53:38:064 DEBUG com.sinosoft.test.base.TestBase:69 - 初始化class com.sinosoft.test.fccp.common.LoginPage
2020/07/14 15:53:43:096 DEBUG com.sinosoft.test.base.TestBase:26 - Before navigating to: 'http://tvfchxyw.ypic.cn'
2020/07/14 15:53:43:787 DEBUG com.sinosoft.test.base.TestBase:30 - Navigated to:'http://tvfchxyw.ypic.cn'
2020/07/14 15:53:43:788 DEBUG com.sinosoft.test.base.TestBase:76 - Trying to find Element By : By.id: username
2020/07/14 15:53:44:118 DEBUG com.sinosoft.test.base.TestBase:80 - Found Element By : By.id: username
2020/07/14 15:53:44:126  INFO com.sinosoft.test.base.TestBase:360 - setEditboxValue:[[InternetExplorerDriver: internet explorer on WINDOWS (963b2dab-693a-484b-900e-1b29f4e1db2b)] -> id: username]：policy1@ypic
2020/07/14 15:53:44:127 DEBUG com.sinosoft.test.base.TestBase:76 - Trying to find Element By : By.id: username
2020/07/14 15:53:44:418 DEBUG com.sinosoft.test.base.TestBase:80 - Found Element By : By.id: username
2020/07/14 15:53:44:981 DEBUG com.sinosoft.test.base.TestBase:76 - Trying to find Element By : By.id: username
2020/07/14 15:53:45:219 DEBUG com.sinosoft.test.base.TestBase:80 - Found Element By : By.id: username
2020/07/14 15:53:45:901 DEBUG com.sinosoft.test.base.TestBase:76 - Trying to find Element By : By.id: username
2020/07/14 15:53:46:152 DEBUG com.sinosoft.test.base.TestBase:80 - Found Element By : By.id: username
2020/07/14 15:53:46:153  INFO com.sinosoft.test.base.TestBase:363 - setEditboxValue—End:[[InternetExplorerDriver: internet explorer on WINDOWS (963b2dab-693a-484b-900e-1b29f4e1db2b)] -> id: username]：policy1@ypic
2020/07/14 15:53:46:154 DEBUG com.sinosoft.test.base.TestBase:76 - Trying to find Element By : By.id: password
2020/07/14 15:53:46:380 DEBUG com.sinosoft.test.base.TestBase:80 - Found Element By : By.id: password
2020/07/14 15:53:46:383  INFO com.sinosoft.test.base.TestBase:360 - setEditboxValue:[[InternetExplorerDriver: internet explorer on WINDOWS (963b2dab-693a-484b-900e-1b29f4e1db2b)] -> id: password]：ypic@1234
2020/07/14 15:53:46:383 DEBUG com.sinosoft.test.base.TestBase:76 - Trying to find Element By : By.id: password
2020/07/14 15:53:46:619 DEBUG com.sinosoft.test.base.TestBase:80 - Found Element By : By.id: password
2020/07/14 15:53:47:131 DEBUG com.sinosoft.test.base.TestBase:76 - Trying to find Element By : By.id: password
2020/07/14 15:53:47:371 DEBUG com.sinosoft.test.base.TestBase:80 - Found Element By : By.id: password
2020/07/14 15:53:47:912 DEBUG com.sinosoft.test.base.TestBase:76 - Trying to find Element By : By.id: password
2020/07/14 15:53:48:166 DEBUG com.sinosoft.test.base.TestBase:80 - Found Element By : By.id: password
2020/07/14 15:53:48:166  INFO com.sinosoft.test.base.TestBase:363 - setEditboxValue—End:[[InternetExplorerDriver: internet explorer on WINDOWS (963b2dab-693a-484b-900e-1b29f4e1db2b)] -> id: password]：ypic@1234
2020/07/14 15:53:48:166 DEBUG com.sinosoft.test.base.TestBase:76 - Trying to find Element By : By.id: bt_submit
2020/07/14 15:53:48:483 DEBUG com.sinosoft.test.base.TestBase:80 - Found Element By : By.id: bt_submit
2020/07/14 15:53:48:484  INFO com.sinosoft.test.base.TestBase:402 - clickButton:[[InternetExplorerDriver: internet explorer on WINDOWS (963b2dab-693a-484b-900e-1b29f4e1db2b)] -> id: bt_submit]
2020/07/14 15:53:48:485 DEBUG com.sinosoft.test.base.TestBase:76 - Trying to find Element By : By.id: bt_submit
2020/07/14 15:53:48:782 DEBUG com.sinosoft.test.base.TestBase:80 - Found Element By : By.id: bt_submit
2020/07/14 15:53:48:783 DEBUG com.sinosoft.test.base.TestBase:42 - Trying to click on: [[InternetExplorerDriver: internet explorer on WINDOWS (963b2dab-693a-484b-900e-1b29f4e1db2b)] -> id: bt_submit]
2020/07/14 15:53:50:281 DEBUG com.sinosoft.test.base.TestBase:46 - Clicked on: [[InternetExplorerDriver: internet explorer on WINDOWS (963b2dab-693a-484b-900e-1b29f4e1db2b)] -> id: bt_submit]
2020/07/14 15:53:50:292 DEBUG com.sinosoft.test.base.TestBase:76 - Trying to find Element By : By.xpath: //input[@value='继续登录']
2020/07/14 15:53:50:547 DEBUG com.sinosoft.test.base.TestBase:80 - Found Element By : By.xpath: //input[@value='继续登录']
2020/07/14 15:53:51:020  INFO com.sinosoft.test.base.TestBase:73 - 重复登录，发现继续登录按钮，强制登录ButtonName:[[InternetExplorerDriver: internet explorer on WINDOWS (963b2dab-693a-484b-900e-1b29f4e1db2b)] -> xpath: //input[@value='继续登录']];Displayed：+true;Enabled=true
2020/07/14 15:53:51:021  INFO com.sinosoft.test.base.TestBase:402 - clickButton:[[InternetExplorerDriver: internet explorer on WINDOWS (963b2dab-693a-484b-900e-1b29f4e1db2b)] -> xpath: //input[@value='继续登录']]
2020/07/14 15:53:51:021 DEBUG com.sinosoft.test.base.TestBase:42 - Trying to click on: [[InternetExplorerDriver: internet explorer on WINDOWS (963b2dab-693a-484b-900e-1b29f4e1db2b)] -> xpath: //input[@value='继续登录']]
2020/07/14 15:53:53:272 DEBUG com.sinosoft.test.base.TestBase:46 - Clicked on: [[InternetExplorerDriver: internet explorer on WINDOWS (963b2dab-693a-484b-900e-1b29f4e1db2b)] -> xpath: //input[@value='继续登录']]
2020/07/14 15:53:53:278 DEBUG com.sinosoft.test.base.TestBase:69 - 初始化class com.sinosoft.test.fccp.common.HomePage
2020/07/14 15:53:53:999 DEBUG com.sinosoft.test.base.TestBase:76 - Trying to find Element By : By.linkText: 承保子系统
2020/07/14 15:53:54:095 DEBUG com.sinosoft.test.base.TestBase:80 - Found Element By : By.linkText: 承保子系统
2020/07/14 15:53:54:096  INFO com.sinosoft.test.base.TestBase:144 - RunJavaScript:[[InternetExplorerDriver: internet explorer on WINDOWS (963b2dab-693a-484b-900e-1b29f4e1db2b)] -> link text: 承保子系统]	arguments[0].click();
2020/07/14 15:53:54:658 DEBUG com.sinosoft.test.base.TestBase:76 - Trying to find Element By : By.linkText: 投保管理
2020/07/14 15:53:54:745 DEBUG com.sinosoft.test.base.TestBase:80 - Found Element By : By.linkText: 投保管理
2020/07/14 15:53:54:745  INFO com.sinosoft.test.base.TestBase:144 - RunJavaScript:[[InternetExplorerDriver: internet explorer on WINDOWS (963b2dab-693a-484b-900e-1b29f4e1db2b)] -> link text: 投保管理]	arguments[0].click();
2020/07/14 15:53:55:080 DEBUG com.sinosoft.test.base.TestBase:76 - Trying to find Element By : By.linkText: 投保处理
2020/07/14 15:53:55:165 DEBUG com.sinosoft.test.base.TestBase:80 - Found Element By : By.linkText: 投保处理
2020/07/14 15:53:55:165  INFO com.sinosoft.test.base.TestBase:144 - RunJavaScript:[[InternetExplorerDriver: internet explorer on WINDOWS (963b2dab-693a-484b-900e-1b29f4e1db2b)] -> link text: 投保处理]	arguments[0].click();
2020/07/14 15:53:55:449 DEBUG com.sinosoft.test.base.TestBase:69 - 初始化class com.sinosoft.test.fccp.tbcl.RiskSelectPage
2020/07/14 15:53:56:298 DEBUG com.sinosoft.test.base.TestBase:93 - 投保处理/险种选择
2020/07/14 15:53:56:300 DEBUG com.sinosoft.test.base.TestBase:76 - Trying to find Element By : By.name: riskClassTemp
2020/07/14 15:53:56:379 DEBUG com.sinosoft.test.base.TestBase:80 - Found Element By : By.name: riskClassTemp
2020/07/14 15:53:56:432 DEBUG com.sinosoft.test.base.TestBase:76 - Trying to find Element By : By.name: riskClassTemp
2020/07/14 15:53:56:535 DEBUG com.sinosoft.test.base.TestBase:80 - Found Element By : By.name: riskClassTemp
2020/07/14 15:53:56:537 DEBUG com.sinosoft.test.base.TestBase:63 - SetCodeEditBox:开始设置:[[InternetExplorerDriver: internet explorer on WINDOWS (963b2dab-693a-484b-900e-1b29f4e1db2b)] -> name: riskClassTemp] & Code=01
2020/07/14 15:53:56:539 DEBUG com.sinosoft.test.base.TestBase:76 - Trying to find Element By : By.name: riskClassTemp
2020/07/14 15:53:56:612 DEBUG com.sinosoft.test.base.TestBase:80 - Found Element By : By.name: riskClassTemp
2020/07/14 15:53:56:990 DEBUG com.sinosoft.test.base.TestBase:76 - Trying to find Element By : By.name: riskClassTemp
2020/07/14 15:53:57:081 DEBUG com.sinosoft.test.base.TestBase:80 - Found Element By : By.name: riskClassTemp
2020/07/14 15:53:57:746 DEBUG com.sinosoft.test.base.TestBase:76 - Trying to find Element By : By.name: riskClassTemp
2020/07/14 15:53:57:845 DEBUG com.sinosoft.test.base.TestBase:80 - Found Element By : By.name: riskClassTemp
2020/07/14 15:53:57:846 DEBUG com.sinosoft.test.base.TestBase:76 - Trying to find Element By : By.xpath: ../input[last()]
2020/07/14 15:53:57:958 DEBUG com.sinosoft.test.base.TestBase:80 - Found Element By : By.xpath: ../input[last()]
2020/07/14 15:53:58:142  INFO com.sinosoft.test.base.TestBase:71 - SetCodeEditBox:找到了Code对应的文本显示框并点击触发显示:riskClassName
2020/07/14 15:53:58:143 DEBUG com.sinosoft.test.base.TestBase:42 - Trying to click on: [[[[InternetExplorerDriver: internet explorer on WINDOWS (963b2dab-693a-484b-900e-1b29f4e1db2b)] -> name: riskClassTemp]] -> xpath: ../input[last()]]
2020/07/14 15:53:59:178 DEBUG com.sinosoft.test.base.TestBase:46 - Clicked on: [[[[InternetExplorerDriver: internet explorer on WINDOWS (963b2dab-693a-484b-900e-1b29f4e1db2b)] -> name: riskClassTemp]] -> xpath: ../input[last()]]
2020/07/14 15:53:59:379 DEBUG com.sinosoft.test.base.TestBase:76 - Trying to find Element By : By.name: riskClassTemp
2020/07/14 15:53:59:505 DEBUG com.sinosoft.test.base.TestBase:80 - Found Element By : By.name: riskClassTemp
2020/07/14 15:53:59:506 DEBUG com.sinosoft.test.base.TestBase:87 - SetCodeEditBox:设置完毕[[InternetExplorerDriver: internet explorer on WINDOWS (963b2dab-693a-484b-900e-1b29f4e1db2b)] -> name: riskClassTemp],设置值 Code=01
2020/07/14 15:53:59:506 DEBUG com.sinosoft.test.base.TestBase:76 - Trying to find Element By : By.name: riskCode
2020/07/14 15:53:59:567 DEBUG com.sinosoft.test.base.TestBase:80 - Found Element By : By.name: riskCode
2020/07/14 15:53:59:609 DEBUG com.sinosoft.test.base.TestBase:76 - Trying to find Element By : By.name: riskCode
2020/07/14 15:53:59:692 DEBUG com.sinosoft.test.base.TestBase:80 - Found Element By : By.name: riskCode
2020/07/14 15:53:59:693 DEBUG com.sinosoft.test.base.TestBase:63 - SetCodeEditBox:开始设置:[[InternetExplorerDriver: internet explorer on WINDOWS (963b2dab-693a-484b-900e-1b29f4e1db2b)] -> name: riskCode] & Code=0101
2020/07/14 15:53:59:693 DEBUG com.sinosoft.test.base.TestBase:76 - Trying to find Element By : By.name: riskCode
2020/07/14 15:53:59:744 DEBUG com.sinosoft.test.base.TestBase:80 - Found Element By : By.name: riskCode
2020/07/14 15:54:00:165 DEBUG com.sinosoft.test.base.TestBase:76 - Trying to find Element By : By.name: riskCode
2020/07/14 15:54:00:243 DEBUG com.sinosoft.test.base.TestBase:80 - Found Element By : By.name: riskCode
2020/07/14 15:54:00:863 DEBUG com.sinosoft.test.base.TestBase:76 - Trying to find Element By : By.name: riskCode
2020/07/14 15:54:00:971 DEBUG com.sinosoft.test.base.TestBase:80 - Found Element By : By.name: riskCode
2020/07/14 15:54:00:974 DEBUG com.sinosoft.test.base.TestBase:76 - Trying to find Element By : By.xpath: ../input[last()]
2020/07/14 15:54:01:071 DEBUG com.sinosoft.test.base.TestBase:80 - Found Element By : By.xpath: ../input[last()]
2020/07/14 15:54:01:273  INFO com.sinosoft.test.base.TestBase:71 - SetCodeEditBox:找到了Code对应的文本显示框并点击触发显示:riskName
2020/07/14 15:54:01:275 DEBUG com.sinosoft.test.base.TestBase:42 - Trying to click on: [[[[InternetExplorerDriver: internet explorer on WINDOWS (963b2dab-693a-484b-900e-1b29f4e1db2b)] -> name: riskCode]] -> xpath: ../input[last()]]
2020/07/14 15:54:02:404 DEBUG com.sinosoft.test.base.TestBase:46 - Clicked on: [[[[InternetExplorerDriver: internet explorer on WINDOWS (963b2dab-693a-484b-900e-1b29f4e1db2b)] -> name: riskCode]] -> xpath: ../input[last()]]
2020/07/14 15:54:02:605 DEBUG com.sinosoft.test.base.TestBase:76 - Trying to find Element By : By.name: riskCode
2020/07/14 15:54:02:670 DEBUG com.sinosoft.test.base.TestBase:80 - Found Element By : By.name: riskCode
2020/07/14 15:54:02:672 DEBUG com.sinosoft.test.base.TestBase:87 - SetCodeEditBox:设置完毕[[InternetExplorerDriver: internet explorer on WINDOWS (963b2dab-693a-484b-900e-1b29f4e1db2b)] -> name: riskCode],设置值 Code=0101
2020/07/14 15:54:02:676 DEBUG com.sinosoft.test.base.TestBase:76 - Trying to find Element By : By.name: renewInd
2020/07/14 15:54:02:807 DEBUG com.sinosoft.test.base.TestBase:80 - Found Element By : By.name: renewInd
2020/07/14 15:54:02:809  INFO com.sinosoft.test.base.TestBase:321 - setEditboxTValue:[[[InternetExplorerDriver: internet explorer on WINDOWS (963b2dab-693a-484b-900e-1b29f4e1db2b)] -> name: renewInd], [[InternetExplorerDriver: internet explorer on WINDOWS (963b2dab-693a-484b-900e-1b29f4e1db2b)] -> name: renewInd]]：0
2020/07/14 15:54:02:809 DEBUG com.sinosoft.test.base.TestBase:76 - Trying to find Element By : By.name: renewInd
2020/07/14 15:54:02:907 DEBUG com.sinosoft.test.base.TestBase:80 - Found Element By : By.name: renewInd
2020/07/14 15:54:03:091 DEBUG com.sinosoft.test.base.TestBase:76 - Trying to find Element By : By.name: buttonNextStep
2020/07/14 15:54:03:175 DEBUG com.sinosoft.test.base.TestBase:80 - Found Element By : By.name: buttonNextStep
2020/07/14 15:54:03:176  INFO com.sinosoft.test.base.TestBase:402 - clickButton:[[InternetExplorerDriver: internet explorer on WINDOWS (963b2dab-693a-484b-900e-1b29f4e1db2b)] -> name: buttonNextStep]
2020/07/14 15:54:03:176 DEBUG com.sinosoft.test.base.TestBase:42 - Trying to click on: [[InternetExplorerDriver: internet explorer on WINDOWS (963b2dab-693a-484b-900e-1b29f4e1db2b)] -> name: buttonNextStep]
2020/07/14 15:54:06:403 DEBUG com.sinosoft.test.base.TestBase:46 - Clicked on: [[InternetExplorerDriver: internet explorer on WINDOWS (963b2dab-693a-484b-900e-1b29f4e1db2b)] -> name: buttonNextStep]
2020/07/14 15:54:06:406 DEBUG com.sinosoft.test.base.TestBase:69 - 初始化class com.sinosoft.test.fccp.tbcl.BasicInfoPage
2020/07/14 15:54:09:245 DEBUG com.sinosoft.test.base.TestBase:322 - 投保处理/基本信息
2020/07/14 15:54:09:247 DEBUG com.sinosoft.test.base.TestBase:76 - Trying to find Element By : By.name: GuMainBusinessType
2020/07/14 15:54:09:370 DEBUG com.sinosoft.test.base.TestBase:80 - Found Element By : By.name: GuMainBusinessType
2020/07/14 15:54:09:371  INFO com.sinosoft.test.base.TestBase:96 - setSelectWithStartText:[[InternetExplorerDriver: internet explorer on WINDOWS (963b2dab-693a-484b-900e-1b29f4e1db2b)] -> name: GuMainBusinessType]->
2020/07/14 15:54:09:372 DEBUG com.sinosoft.test.base.TestBase:76 - Trying to find Element By : By.name: GuMainCompanyCode
2020/07/14 15:54:09:513 DEBUG com.sinosoft.test.base.TestBase:80 - Found Element By : By.name: GuMainCompanyCode
2020/07/14 15:54:09:566 DEBUG com.sinosoft.test.base.TestBase:76 - Trying to find Element By : By.name: GuMainCompanyCode
2020/07/14 15:54:09:696 DEBUG com.sinosoft.test.base.TestBase:80 - Found Element By : By.name: GuMainCompanyCode
2020/07/14 15:54:09:697 DEBUG com.sinosoft.test.base.TestBase:63 - SetCodeEditBox:开始设置:[[InternetExplorerDriver: internet explorer on WINDOWS (963b2dab-693a-484b-900e-1b29f4e1db2b)] -> name: GuMainCompanyCode] & Code=01620190
2020/07/14 15:54:09:698 DEBUG com.sinosoft.test.base.TestBase:76 - Trying to find Element By : By.name: GuMainCompanyCode
2020/07/14 15:54:09:783 DEBUG com.sinosoft.test.base.TestBase:80 - Found Element By : By.name: GuMainCompanyCode
2020/07/14 15:54:10:202 DEBUG com.sinosoft.test.base.TestBase:76 - Trying to find Element By : By.name: GuMainCompanyCode
2020/07/14 15:54:10:299 DEBUG com.sinosoft.test.base.TestBase:80 - Found Element By : By.name: GuMainCompanyCode
2020/07/14 15:54:11:463 DEBUG com.sinosoft.test.base.TestBase:76 - Trying to find Element By : By.name: GuMainCompanyCode
2020/07/14 15:54:11:583 DEBUG com.sinosoft.test.base.TestBase:80 - Found Element By : By.name: GuMainCompanyCode
2020/07/14 15:54:11:584 DEBUG com.sinosoft.test.base.TestBase:76 - Trying to find Element By : By.xpath: ../input[last()]
2020/07/14 15:54:11:682 DEBUG com.sinosoft.test.base.TestBase:80 - Found Element By : By.xpath: ../input[last()]
2020/07/14 15:54:11:898  INFO com.sinosoft.test.base.TestBase:71 - SetCodeEditBox:找到了Code对应的文本显示框并点击触发显示:GuMainCompanyName
2020/07/14 15:54:11:899 DEBUG com.sinosoft.test.base.TestBase:42 - Trying to click on: [[[[InternetExplorerDriver: internet explorer on WINDOWS (963b2dab-693a-484b-900e-1b29f4e1db2b)] -> name: GuMainCompanyCode]] -> xpath: ../input[last()]]
2020/07/14 15:54:13:050 DEBUG com.sinosoft.test.base.TestBase:46 - Clicked on: [[[[InternetExplorerDriver: internet explorer on WINDOWS (963b2dab-693a-484b-900e-1b29f4e1db2b)] -> name: GuMainCompanyCode]] -> xpath: ../input[last()]]
2020/07/14 15:54:13:250 DEBUG com.sinosoft.test.base.TestBase:76 - Trying to find Element By : By.name: GuMainCompanyCode
2020/07/14 15:54:13:364 DEBUG com.sinosoft.test.base.TestBase:80 - Found Element By : By.name: GuMainCompanyCode
2020/07/14 15:54:13:364 DEBUG com.sinosoft.test.base.TestBase:87 - SetCodeEditBox:设置完毕[[InternetExplorerDriver: internet explorer on WINDOWS (963b2dab-693a-484b-900e-1b29f4e1db2b)] -> name: GuMainCompanyCode],设置值 Code=01620190
2020/07/14 15:54:13:365 DEBUG com.sinosoft.test.base.TestBase:76 - Trying to find Element By : By.name: GuMainChannelDetailCode
2020/07/14 15:54:13:450 DEBUG com.sinosoft.test.base.TestBase:80 - Found Element By : By.name: GuMainChannelDetailCode
2020/07/14 15:54:13:501 DEBUG com.sinosoft.test.base.TestBase:76 - Trying to find Element By : By.name: GuMainChannelDetailCode
2020/07/14 15:54:13:612 DEBUG com.sinosoft.test.base.TestBase:80 - Found Element By : By.name: GuMainChannelDetailCode
2020/07/14 15:54:13:613 DEBUG com.sinosoft.test.base.TestBase:63 - SetCodeEditBox:开始设置:[[InternetExplorerDriver: internet explorer on WINDOWS (963b2dab-693a-484b-900e-1b29f4e1db2b)] -> name: GuMainChannelDetailCode] & Code=01
2020/07/14 15:54:13:613 DEBUG com.sinosoft.test.base.TestBase:76 - Trying to find Element By : By.name: GuMainChannelDetailCode
2020/07/14 15:54:13:695 DEBUG com.sinosoft.test.base.TestBase:80 - Found Element By : By.name: GuMainChannelDetailCode
2020/07/14 15:54:14:120 DEBUG com.sinosoft.test.base.TestBase:76 - Trying to find Element By : By.name: GuMainChannelDetailCode
2020/07/14 15:54:14:248 DEBUG com.sinosoft.test.base.TestBase:80 - Found Element By : By.name: GuMainChannelDetailCode
2020/07/14 15:54:14:970 DEBUG com.sinosoft.test.base.TestBase:76 - Trying to find Element By : By.name: GuMainChannelDetailCode
2020/07/14 15:54:15:132 DEBUG com.sinosoft.test.base.TestBase:80 - Found Element By : By.name: GuMainChannelDetailCode
2020/07/14 15:54:15:132 DEBUG com.sinosoft.test.base.TestBase:76 - Trying to find Element By : By.xpath: ../input[last()]
2020/07/14 15:54:15:240 DEBUG com.sinosoft.test.base.TestBase:80 - Found Element By : By.xpath: ../input[last()]
2020/07/14 15:54:15:424  INFO com.sinosoft.test.base.TestBase:71 - SetCodeEditBox:找到了Code对应的文本显示框并点击触发显示:GuMainChannelDetailName
2020/07/14 15:54:15:425 DEBUG com.sinosoft.test.base.TestBase:42 - Trying to click on: [[[[InternetExplorerDriver: internet explorer on WINDOWS (963b2dab-693a-484b-900e-1b29f4e1db2b)] -> name: GuMainChannelDetailCode]] -> xpath: ../input[last()]]
2020/07/14 15:54:16:617 DEBUG com.sinosoft.test.base.TestBase:46 - Clicked on: [[[[InternetExplorerDriver: internet explorer on WINDOWS (963b2dab-693a-484b-900e-1b29f4e1db2b)] -> name: GuMainChannelDetailCode]] -> xpath: ../input[last()]]
2020/07/14 15:54:16:818 DEBUG com.sinosoft.test.base.TestBase:76 - Trying to find Element By : By.name: GuMainChannelDetailCode
2020/07/14 15:54:16:965 DEBUG com.sinosoft.test.base.TestBase:80 - Found Element By : By.name: GuMainChannelDetailCode
2020/07/14 15:54:16:965 DEBUG com.sinosoft.test.base.TestBase:87 - SetCodeEditBox:设置完毕[[InternetExplorerDriver: internet explorer on WINDOWS (963b2dab-693a-484b-900e-1b29f4e1db2b)] -> name: GuMainChannelDetailCode],设置值 Code=01
2020/07/14 15:54:16:966 DEBUG com.sinosoft.test.base.TestBase:76 - Trying to find Element By : By.name: GuMainShareHolderFlag
2020/07/14 15:54:17:084 DEBUG com.sinosoft.test.base.TestBase:80 - Found Element By : By.name: GuMainShareHolderFlag
2020/07/14 15:54:17:142 DEBUG com.sinosoft.test.base.TestBase:76 - Trying to find Element By : By.name: GuMainShareHolderFlag
2020/07/14 15:54:17:281 DEBUG com.sinosoft.test.base.TestBase:80 - Found Element By : By.name: GuMainShareHolderFlag
2020/07/14 15:54:17:282 DEBUG com.sinosoft.test.base.TestBase:42 - CodeSelect:开始设置[[InternetExplorerDriver: internet explorer on WINDOWS (963b2dab-693a-484b-900e-1b29f4e1db2b)] -> name: GuMainShareHolderFlag] & Code=0
2020/07/14 15:54:17:299 DEBUG com.sinosoft.test.base.TestBase:76 - Trying to find Element By : By.name: GuMainShareHolderFlag
2020/07/14 15:54:17:426 DEBUG com.sinosoft.test.base.TestBase:80 - Found Element By : By.name: GuMainShareHolderFlag
2020/07/14 15:54:19:007 DEBUG com.sinosoft.test.base.TestBase:272 - 系统窗口【黄河财险业务系统】with handle -6428f551-62ea-484d-8349-86e6e5a67097
2020/07/14 15:54:19:677 DEBUG com.sinosoft.test.base.TestBase:272 - 系统窗口【黄河财险业务系统】with handle -6428f551-62ea-484d-8349-86e6e5a67097
2020/07/14 15:54:20:336 DEBUG com.sinosoft.test.base.TestBase:272 - 系统窗口【Code Select】with handle -8d9bda3e-5c92-420b-b96f-5ff68e54115b
2020/07/14 15:54:20:859 DEBUG com.sinosoft.test.base.TestBase:69 - 初始化class com.sinosoft.test.fccp.common.CodeSelectPage
2020/07/14 15:54:20:862 DEBUG com.sinosoft.test.base.TestBase:39 - 基础码表选择！
2020/07/14 15:54:20:863 DEBUG com.sinosoft.test.base.TestBase:76 - Trying to find Element By : By.name: fieldValue
2020/07/14 15:54:21:187 DEBUG com.sinosoft.test.base.TestBase:80 - Found Element By : By.name: fieldValue
2020/07/14 15:54:21:190  INFO com.sinosoft.test.base.TestBase:360 - setEditboxValue:[[InternetExplorerDriver: internet explorer on WINDOWS (963b2dab-693a-484b-900e-1b29f4e1db2b)] -> name: fieldValue]：0
2020/07/14 15:54:22:730  INFO com.sinosoft.test.base.TestBase:363 - setEditboxValue—End:[[InternetExplorerDriver: internet explorer on WINDOWS (963b2dab-693a-484b-900e-1b29f4e1db2b)] -> name: fieldValue]：0
2020/07/14 15:54:22:732 DEBUG com.sinosoft.test.base.TestBase:76 - Trying to find Element By : By.xpath: //input[@value='查询(Q)']
2020/07/14 15:54:23:068 DEBUG com.sinosoft.test.base.TestBase:80 - Found Element By : By.xpath: //input[@value='查询(Q)']
2020/07/14 15:54:23:069  INFO com.sinosoft.test.base.TestBase:402 - clickButton:[[InternetExplorerDriver: internet explorer on WINDOWS (963b2dab-693a-484b-900e-1b29f4e1db2b)] -> xpath: //input[@value='查询(Q)']]
2020/07/14 15:54:23:069 DEBUG com.sinosoft.test.base.TestBase:42 - Trying to click on: [[InternetExplorerDriver: internet explorer on WINDOWS (963b2dab-693a-484b-900e-1b29f4e1db2b)] -> xpath: //input[@value='查询(Q)']]
2020/07/14 15:54:24:725 DEBUG com.sinosoft.test.base.TestBase:46 - Clicked on: [[InternetExplorerDriver: internet explorer on WINDOWS (963b2dab-693a-484b-900e-1b29f4e1db2b)] -> xpath: //input[@value='查询(Q)']]
2020/07/14 15:54:24:725 DEBUG com.sinosoft.test.base.TestBase:76 - Trying to find Element By : By.name: codeselect
2020/07/14 15:54:25:036 DEBUG com.sinosoft.test.base.TestBase:80 - Found Element By : By.name: codeselect
2020/07/14 15:54:25:036  INFO com.sinosoft.test.base.TestBase:132 - setFuzzySelect:[[InternetExplorerDriver: internet explorer on WINDOWS (963b2dab-693a-484b-900e-1b29f4e1db2b)] -> name: codeselect]->0
2020/07/14 15:54:25:622 DEBUG com.sinosoft.test.base.TestBase:76 - Trying to find Element By : By.tagName: option
2020/07/14 15:54:26:119 DEBUG com.sinosoft.test.base.TestBase:80 - Found Element By : By.tagName: option
2020/07/14 15:54:29:322  INFO com.sinosoft.test.base.TestBase:142 - 找到匹配【0】的选项：0--非股东
2020/07/14 15:54:29:324 DEBUG com.sinosoft.test.base.TestBase:76 - Trying to find Element By : By.xpath: .//option[normalize-space(.) = "0--非股东"]
2020/07/14 15:54:29:672 DEBUG com.sinosoft.test.base.TestBase:80 - Found Element By : By.xpath: .//option[normalize-space(.) = "0--非股东"]
2020/07/14 15:54:29:973 DEBUG com.sinosoft.test.base.TestBase:42 - Trying to click on: [[[[InternetExplorerDriver: internet explorer on WINDOWS (963b2dab-693a-484b-900e-1b29f4e1db2b)] -> name: codeselect]] -> xpath: .//option[normalize-space(.) = "0--非股东"]]
2020/07/14 15:54:30:515 DEBUG com.sinosoft.test.base.TestBase:46 - Clicked on: [[[[InternetExplorerDriver: internet explorer on WINDOWS (963b2dab-693a-484b-900e-1b29f4e1db2b)] -> name: codeselect]] -> xpath: .//option[normalize-space(.) = "0--非股东"]]
2020/07/14 15:54:30:515 DEBUG com.sinosoft.test.base.TestBase:151 - setFuzzySelect 结束！
2020/07/14 15:54:30:516 DEBUG com.sinosoft.test.base.TestBase:76 - Trying to find Element By : By.name: SelectIt
2020/07/14 15:54:30:835 DEBUG com.sinosoft.test.base.TestBase:80 - Found Element By : By.name: SelectIt
2020/07/14 15:54:30:835  INFO com.sinosoft.test.base.TestBase:416 - jsClickButton:[[InternetExplorerDriver: internet explorer on WINDOWS (963b2dab-693a-484b-900e-1b29f4e1db2b)] -> name: SelectIt]
2020/07/14 15:54:30:836  INFO com.sinosoft.test.base.TestBase:144 - RunJavaScript:[[InternetExplorerDriver: internet explorer on WINDOWS (963b2dab-693a-484b-900e-1b29f4e1db2b)] -> name: SelectIt]	arguments[0].click();
2020/07/14 15:54:31:629 DEBUG com.sinosoft.test.base.TestBase:272 - 系统窗口【黄河财险业务系统】with handle -6428f551-62ea-484d-8349-86e6e5a67097
2020/07/14 15:54:34:925 DEBUG com.sinosoft.test.base.TestBase:76 - Trying to find Element By : By.name: GuMainShareHolderFlag
2020/07/14 15:54:35:043 DEBUG com.sinosoft.test.base.TestBase:80 - Found Element By : By.name: GuMainShareHolderFlag
2020/07/14 15:54:35:044 DEBUG com.sinosoft.test.base.TestBase:49 - CodeSelect:设置完毕[[InternetExplorerDriver: internet explorer on WINDOWS (963b2dab-693a-484b-900e-1b29f4e1db2b)] -> name: GuMainShareHolderFlag] & Code=0
2020/07/14 15:54:35:044 DEBUG com.sinosoft.test.base.TestBase:76 - Trying to find Element By : By.name: GuMainSalesTeamCode
2020/07/14 15:54:35:189 DEBUG com.sinosoft.test.base.TestBase:80 - Found Element By : By.name: GuMainSalesTeamCode
2020/07/14 15:54:35:245 DEBUG com.sinosoft.test.base.TestBase:76 - Trying to find Element By : By.name: GuMainSalesTeamCode
2020/07/14 15:54:35:404 DEBUG com.sinosoft.test.base.TestBase:80 - Found Element By : By.name: GuMainSalesTeamCode
2020/07/14 15:54:35:405 DEBUG com.sinosoft.test.base.TestBase:42 - CodeSelect:开始设置[[InternetExplorerDriver: internet explorer on WINDOWS (963b2dab-693a-484b-900e-1b29f4e1db2b)] -> name: GuMainSalesTeamCode] & Code=T6201900101
2020/07/14 15:54:35:408 DEBUG com.sinosoft.test.base.TestBase:76 - Trying to find Element By : By.name: GuMainSalesTeamCode
2020/07/14 15:54:35:543 DEBUG com.sinosoft.test.base.TestBase:80 - Found Element By : By.name: GuMainSalesTeamCode
2020/07/14 15:54:37:118 DEBUG com.sinosoft.test.base.TestBase:272 - 系统窗口【黄河财险业务系统】with handle -6428f551-62ea-484d-8349-86e6e5a67097
2020/07/14 15:54:37:811 DEBUG com.sinosoft.test.base.TestBase:272 - 系统窗口【黄河财险业务系统】with handle -6428f551-62ea-484d-8349-86e6e5a67097
2020/07/14 15:54:38:475 DEBUG com.sinosoft.test.base.TestBase:272 - 系统窗口【Code Select】with handle -6f317648-fadd-4654-b3d1-273e8f789f22
2020/07/14 15:54:39:000 DEBUG com.sinosoft.test.base.TestBase:69 - 初始化class com.sinosoft.test.fccp.common.CodeSelectPage
2020/07/14 15:54:39:002 DEBUG com.sinosoft.test.base.TestBase:39 - 基础码表选择！
2020/07/14 15:54:39:004 DEBUG com.sinosoft.test.base.TestBase:76 - Trying to find Element By : By.name: fieldValue
2020/07/14 15:54:39:325 DEBUG com.sinosoft.test.base.TestBase:80 - Found Element By : By.name: fieldValue
2020/07/14 15:54:39:326  INFO com.sinosoft.test.base.TestBase:360 - setEditboxValue:[[InternetExplorerDriver: internet explorer on WINDOWS (963b2dab-693a-484b-900e-1b29f4e1db2b)] -> name: fieldValue]：T6201900101
2020/07/14 15:54:40:892  INFO com.sinosoft.test.base.TestBase:363 - setEditboxValue—End:[[InternetExplorerDriver: internet explorer on WINDOWS (963b2dab-693a-484b-900e-1b29f4e1db2b)] -> name: fieldValue]：T6201900101
2020/07/14 15:54:40:892 DEBUG com.sinosoft.test.base.TestBase:76 - Trying to find Element By : By.xpath: //input[@value='查询(Q)']
2020/07/14 15:54:41:197 DEBUG com.sinosoft.test.base.TestBase:80 - Found Element By : By.xpath: //input[@value='查询(Q)']
2020/07/14 15:54:41:197  INFO com.sinosoft.test.base.TestBase:402 - clickButton:[[InternetExplorerDriver: internet explorer on WINDOWS (963b2dab-693a-484b-900e-1b29f4e1db2b)] -> xpath: //input[@value='查询(Q)']]
2020/07/14 15:54:41:199 DEBUG com.sinosoft.test.base.TestBase:42 - Trying to click on: [[InternetExplorerDriver: internet explorer on WINDOWS (963b2dab-693a-484b-900e-1b29f4e1db2b)] -> xpath: //input[@value='查询(Q)']]
2020/07/14 15:54:42:866 DEBUG com.sinosoft.test.base.TestBase:46 - Clicked on: [[InternetExplorerDriver: internet explorer on WINDOWS (963b2dab-693a-484b-900e-1b29f4e1db2b)] -> xpath: //input[@value='查询(Q)']]
2020/07/14 15:54:42:869 DEBUG com.sinosoft.test.base.TestBase:76 - Trying to find Element By : By.name: codeselect
2020/07/14 15:54:43:170 DEBUG com.sinosoft.test.base.TestBase:80 - Found Element By : By.name: codeselect
2020/07/14 15:54:43:171  INFO com.sinosoft.test.base.TestBase:132 - setFuzzySelect:[[InternetExplorerDriver: internet explorer on WINDOWS (963b2dab-693a-484b-900e-1b29f4e1db2b)] -> name: codeselect]->T6201900101
2020/07/14 15:54:43:730 DEBUG com.sinosoft.test.base.TestBase:76 - Trying to find Element By : By.tagName: option
2020/07/14 15:54:44:064 DEBUG com.sinosoft.test.base.TestBase:80 - Found Element By : By.tagName: option
2020/07/14 15:54:44:382  INFO com.sinosoft.test.base.TestBase:142 - 找到匹配【T6201900101】的选项：T6201900101--兰州中支新团队
2020/07/14 15:54:44:384 DEBUG com.sinosoft.test.base.TestBase:76 - Trying to find Element By : By.xpath: .//option[normalize-space(.) = "T6201900101--兰州中支新团队"]
2020/07/14 15:54:44:718 DEBUG com.sinosoft.test.base.TestBase:80 - Found Element By : By.xpath: .//option[normalize-space(.) = "T6201900101--兰州中支新团队"]
2020/07/14 15:54:45:031 DEBUG com.sinosoft.test.base.TestBase:42 - Trying to click on: [[[[InternetExplorerDriver: internet explorer on WINDOWS (963b2dab-693a-484b-900e-1b29f4e1db2b)] -> name: codeselect]] -> xpath: .//option[normalize-space(.) = "T6201900101--兰州中支新团队"]]
2020/07/14 15:54:45:538 DEBUG com.sinosoft.test.base.TestBase:46 - Clicked on: [[[[InternetExplorerDriver: internet explorer on WINDOWS (963b2dab-693a-484b-900e-1b29f4e1db2b)] -> name: codeselect]] -> xpath: .//option[normalize-space(.) = "T6201900101--兰州中支新团队"]]
2020/07/14 15:54:45:538 DEBUG com.sinosoft.test.base.TestBase:151 - setFuzzySelect 结束！
2020/07/14 15:54:45:539 DEBUG com.sinosoft.test.base.TestBase:76 - Trying to find Element By : By.name: SelectIt
2020/07/14 15:54:45:838 DEBUG com.sinosoft.test.base.TestBase:80 - Found Element By : By.name: SelectIt
2020/07/14 15:54:45:839  INFO com.sinosoft.test.base.TestBase:416 - jsClickButton:[[InternetExplorerDriver: internet explorer on WINDOWS (963b2dab-693a-484b-900e-1b29f4e1db2b)] -> name: SelectIt]
2020/07/14 15:54:45:839  INFO com.sinosoft.test.base.TestBase:144 - RunJavaScript:[[InternetExplorerDriver: internet explorer on WINDOWS (963b2dab-693a-484b-900e-1b29f4e1db2b)] -> name: SelectIt]	arguments[0].click();
2020/07/14 15:54:46:649 DEBUG com.sinosoft.test.base.TestBase:272 - 系统窗口【黄河财险业务系统】with handle -6428f551-62ea-484d-8349-86e6e5a67097
2020/07/14 15:54:49:732 DEBUG com.sinosoft.test.base.TestBase:76 - Trying to find Element By : By.name: GuMainSalesTeamCode
2020/07/14 15:54:49:901 DEBUG com.sinosoft.test.base.TestBase:80 - Found Element By : By.name: GuMainSalesTeamCode
2020/07/14 15:54:49:902 DEBUG com.sinosoft.test.base.TestBase:49 - CodeSelect:设置完毕[[InternetExplorerDriver: internet explorer on WINDOWS (963b2dab-693a-484b-900e-1b29f4e1db2b)] -> name: GuMainSalesTeamCode] & Code=T6201900101
2020/07/14 15:54:49:902 DEBUG com.sinosoft.test.base.TestBase:76 - Trying to find Element By : By.name: GuMainSalesmanCode
2020/07/14 15:54:50:064 DEBUG com.sinosoft.test.base.TestBase:80 - Found Element By : By.name: GuMainSalesmanCode
2020/07/14 15:54:50:115 DEBUG com.sinosoft.test.base.TestBase:76 - Trying to find Element By : By.name: GuMainSalesmanCode
2020/07/14 15:54:50:285 DEBUG com.sinosoft.test.base.TestBase:80 - Found Element By : By.name: GuMainSalesmanCode
2020/07/14 15:54:50:285 DEBUG com.sinosoft.test.base.TestBase:42 - CodeSelect:开始设置[[InternetExplorerDriver: internet explorer on WINDOWS (963b2dab-693a-484b-900e-1b29f4e1db2b)] -> name: GuMainSalesmanCode] & Code=S000000006
2020/07/14 15:54:50:285 DEBUG com.sinosoft.test.base.TestBase:76 - Trying to find Element By : By.name: GuMainSalesmanCode
2020/07/14 15:54:50:424 DEBUG com.sinosoft.test.base.TestBase:80 - Found Element By : By.name: GuMainSalesmanCode
2020/07/14 15:54:51:999 DEBUG com.sinosoft.test.base.TestBase:272 - 系统窗口【黄河财险业务系统】with handle -6428f551-62ea-484d-8349-86e6e5a67097
2020/07/14 15:54:52:679 DEBUG com.sinosoft.test.base.TestBase:272 - 系统窗口【黄河财险业务系统】with handle -6428f551-62ea-484d-8349-86e6e5a67097
2020/07/14 15:54:53:322 DEBUG com.sinosoft.test.base.TestBase:272 - 系统窗口【Code Select】with handle -5ff3961c-712b-48ca-850d-738bc5515158
2020/07/14 15:54:53:847 DEBUG com.sinosoft.test.base.TestBase:69 - 初始化class com.sinosoft.test.fccp.common.CodeSelectPage
2020/07/14 15:54:53:848 DEBUG com.sinosoft.test.base.TestBase:39 - 基础码表选择！
2020/07/14 15:54:53:848 DEBUG com.sinosoft.test.base.TestBase:76 - Trying to find Element By : By.name: fieldValue
2020/07/14 15:54:54:147 DEBUG com.sinosoft.test.base.TestBase:80 - Found Element By : By.name: fieldValue
2020/07/14 15:54:54:147  INFO com.sinosoft.test.base.TestBase:360 - setEditboxValue:[[InternetExplorerDriver: internet explorer on WINDOWS (963b2dab-693a-484b-900e-1b29f4e1db2b)] -> name: fieldValue]：S000000006
2020/07/14 15:54:55:626  INFO com.sinosoft.test.base.TestBase:363 - setEditboxValue—End:[[InternetExplorerDriver: internet explorer on WINDOWS (963b2dab-693a-484b-900e-1b29f4e1db2b)] -> name: fieldValue]：S000000006
2020/07/14 15:54:55:626 DEBUG com.sinosoft.test.base.TestBase:76 - Trying to find Element By : By.xpath: //input[@value='查询(Q)']
2020/07/14 15:54:55:931 DEBUG com.sinosoft.test.base.TestBase:80 - Found Element By : By.xpath: //input[@value='查询(Q)']
2020/07/14 15:54:55:931  INFO com.sinosoft.test.base.TestBase:402 - clickButton:[[InternetExplorerDriver: internet explorer on WINDOWS (963b2dab-693a-484b-900e-1b29f4e1db2b)] -> xpath: //input[@value='查询(Q)']]
2020/07/14 15:54:55:932 DEBUG com.sinosoft.test.base.TestBase:42 - Trying to click on: [[InternetExplorerDriver: internet explorer on WINDOWS (963b2dab-693a-484b-900e-1b29f4e1db2b)] -> xpath: //input[@value='查询(Q)']]
2020/07/14 15:54:58:016 DEBUG com.sinosoft.test.base.TestBase:46 - Clicked on: [[InternetExplorerDriver: internet explorer on WINDOWS (963b2dab-693a-484b-900e-1b29f4e1db2b)] -> xpath: //input[@value='查询(Q)']]
2020/07/14 15:54:58:016 DEBUG com.sinosoft.test.base.TestBase:76 - Trying to find Element By : By.name: codeselect
2020/07/14 15:54:58:334 DEBUG com.sinosoft.test.base.TestBase:80 - Found Element By : By.name: codeselect
2020/07/14 15:54:58:335  INFO com.sinosoft.test.base.TestBase:132 - setFuzzySelect:[[InternetExplorerDriver: internet explorer on WINDOWS (963b2dab-693a-484b-900e-1b29f4e1db2b)] -> name: codeselect]->S000000006
2020/07/14 15:54:58:913 DEBUG com.sinosoft.test.base.TestBase:76 - Trying to find Element By : By.tagName: option
2020/07/14 15:54:59:264 DEBUG com.sinosoft.test.base.TestBase:80 - Found Element By : By.tagName: option
2020/07/14 15:54:59:585  INFO com.sinosoft.test.base.TestBase:142 - 找到匹配【S000000006】的选项：S000000006--赵子毓
2020/07/14 15:54:59:587 DEBUG com.sinosoft.test.base.TestBase:76 - Trying to find Element By : By.xpath: .//option[normalize-space(.) = "S000000006--赵子毓"]
2020/07/14 15:54:59:933 DEBUG com.sinosoft.test.base.TestBase:80 - Found Element By : By.xpath: .//option[normalize-space(.) = "S000000006--赵子毓"]
2020/07/14 15:55:00:248 DEBUG com.sinosoft.test.base.TestBase:42 - Trying to click on: [[[[InternetExplorerDriver: internet explorer on WINDOWS (963b2dab-693a-484b-900e-1b29f4e1db2b)] -> name: codeselect]] -> xpath: .//option[normalize-space(.) = "S000000006--赵子毓"]]
2020/07/14 15:55:00:760 DEBUG com.sinosoft.test.base.TestBase:46 - Clicked on: [[[[InternetExplorerDriver: internet explorer on WINDOWS (963b2dab-693a-484b-900e-1b29f4e1db2b)] -> name: codeselect]] -> xpath: .//option[normalize-space(.) = "S000000006--赵子毓"]]
2020/07/14 15:55:00:760 DEBUG com.sinosoft.test.base.TestBase:151 - setFuzzySelect 结束！
2020/07/14 15:55:00:761 DEBUG com.sinosoft.test.base.TestBase:76 - Trying to find Element By : By.name: SelectIt
2020/07/14 15:55:01:070 DEBUG com.sinosoft.test.base.TestBase:80 - Found Element By : By.name: SelectIt
2020/07/14 15:55:01:071  INFO com.sinosoft.test.base.TestBase:416 - jsClickButton:[[InternetExplorerDriver: internet explorer on WINDOWS (963b2dab-693a-484b-900e-1b29f4e1db2b)] -> name: SelectIt]
2020/07/14 15:55:01:072  INFO com.sinosoft.test.base.TestBase:144 - RunJavaScript:[[InternetExplorerDriver: internet explorer on WINDOWS (963b2dab-693a-484b-900e-1b29f4e1db2b)] -> name: SelectIt]	arguments[0].click();
2020/07/14 15:55:01:887 DEBUG com.sinosoft.test.base.TestBase:272 - 系统窗口【黄河财险业务系统】with handle -6428f551-62ea-484d-8349-86e6e5a67097
2020/07/14 15:55:04:914 DEBUG com.sinosoft.test.base.TestBase:76 - Trying to find Element By : By.name: GuMainSalesmanCode
2020/07/14 15:55:05:067 DEBUG com.sinosoft.test.base.TestBase:80 - Found Element By : By.name: GuMainSalesmanCode
2020/07/14 15:55:05:070 DEBUG com.sinosoft.test.base.TestBase:49 - CodeSelect:设置完毕[[InternetExplorerDriver: internet explorer on WINDOWS (963b2dab-693a-484b-900e-1b29f4e1db2b)] -> name: GuMainSalesmanCode] & Code=S000000006
2020/07/14 15:55:05:071 DEBUG com.sinosoft.test.base.TestBase:76 - Trying to find Element By : By.name: GuMainBusinessSource
2020/07/14 15:55:05:209 DEBUG com.sinosoft.test.base.TestBase:80 - Found Element By : By.name: GuMainBusinessSource
2020/07/14 15:55:05:268 DEBUG com.sinosoft.test.base.TestBase:76 - Trying to find Element By : By.name: GuMainBusinessSource
2020/07/14 15:55:05:456 DEBUG com.sinosoft.test.base.TestBase:80 - Found Element By : By.name: GuMainBusinessSource
2020/07/14 15:55:05:457 DEBUG com.sinosoft.test.base.TestBase:42 - CodeSelect:开始设置[[InternetExplorerDriver: internet explorer on WINDOWS (963b2dab-693a-484b-900e-1b29f4e1db2b)] -> name: GuMainBusinessSource] & Code=01010101
2020/07/14 15:55:05:458 DEBUG com.sinosoft.test.base.TestBase:76 - Trying to find Element By : By.name: GuMainBusinessSource
2020/07/14 15:55:05:604 DEBUG com.sinosoft.test.base.TestBase:80 - Found Element By : By.name: GuMainBusinessSource
2020/07/14 15:55:07:300 DEBUG com.sinosoft.test.base.TestBase:272 - 系统窗口【黄河财险业务系统】with handle -6428f551-62ea-484d-8349-86e6e5a67097
2020/07/14 15:55:07:984 DEBUG com.sinosoft.test.base.TestBase:272 - 系统窗口【黄河财险业务系统】with handle -6428f551-62ea-484d-8349-86e6e5a67097
2020/07/14 15:55:08:629 DEBUG com.sinosoft.test.base.TestBase:272 - 系统窗口【Code Select】with handle -67b9cbfc-ce91-4e81-8d12-bb616cea4cc4
2020/07/14 15:55:09:153 DEBUG com.sinosoft.test.base.TestBase:69 - 初始化class com.sinosoft.test.fccp.common.CodeSelectPage
2020/07/14 15:55:09:154 DEBUG com.sinosoft.test.base.TestBase:39 - 基础码表选择！
2020/07/14 15:55:09:154 DEBUG com.sinosoft.test.base.TestBase:76 - Trying to find Element By : By.name: fieldValue
2020/07/14 15:55:09:473 DEBUG com.sinosoft.test.base.TestBase:80 - Found Element By : By.name: fieldValue
2020/07/14 15:55:09:474  INFO com.sinosoft.test.base.TestBase:360 - setEditboxValue:[[InternetExplorerDriver: internet explorer on WINDOWS (963b2dab-693a-484b-900e-1b29f4e1db2b)] -> name: fieldValue]：01010101
2020/07/14 15:55:11:029  INFO com.sinosoft.test.base.TestBase:363 - setEditboxValue—End:[[InternetExplorerDriver: internet explorer on WINDOWS (963b2dab-693a-484b-900e-1b29f4e1db2b)] -> name: fieldValue]：01010101
2020/07/14 15:55:11:030 DEBUG com.sinosoft.test.base.TestBase:76 - Trying to find Element By : By.xpath: //input[@value='查询(Q)']
2020/07/14 15:55:11:356 DEBUG com.sinosoft.test.base.TestBase:80 - Found Element By : By.xpath: //input[@value='查询(Q)']
2020/07/14 15:55:11:357  INFO com.sinosoft.test.base.TestBase:402 - clickButton:[[InternetExplorerDriver: internet explorer on WINDOWS (963b2dab-693a-484b-900e-1b29f4e1db2b)] -> xpath: //input[@value='查询(Q)']]
2020/07/14 15:55:11:359 DEBUG com.sinosoft.test.base.TestBase:42 - Trying to click on: [[InternetExplorerDriver: internet explorer on WINDOWS (963b2dab-693a-484b-900e-1b29f4e1db2b)] -> xpath: //input[@value='查询(Q)']]
2020/07/14 15:55:13:002 DEBUG com.sinosoft.test.base.TestBase:46 - Clicked on: [[InternetExplorerDriver: internet explorer on WINDOWS (963b2dab-693a-484b-900e-1b29f4e1db2b)] -> xpath: //input[@value='查询(Q)']]
2020/07/14 15:55:13:002 DEBUG com.sinosoft.test.base.TestBase:76 - Trying to find Element By : By.name: codeselect
2020/07/14 15:55:13:320 DEBUG com.sinosoft.test.base.TestBase:80 - Found Element By : By.name: codeselect
2020/07/14 15:55:13:321  INFO com.sinosoft.test.base.TestBase:132 - setFuzzySelect:[[InternetExplorerDriver: internet explorer on WINDOWS (963b2dab-693a-484b-900e-1b29f4e1db2b)] -> name: codeselect]->01010101
2020/07/14 15:55:13:889 DEBUG com.sinosoft.test.base.TestBase:76 - Trying to find Element By : By.tagName: option
2020/07/14 15:55:14:445 DEBUG com.sinosoft.test.base.TestBase:80 - Found Element By : By.tagName: option
2020/07/14 15:55:14:770  INFO com.sinosoft.test.base.TestBase:142 - 找到匹配【01010101】的选项：01010101--柜面直销
2020/07/14 15:55:14:770 DEBUG com.sinosoft.test.base.TestBase:76 - Trying to find Element By : By.xpath: .//option[normalize-space(.) = "01010101--柜面直销"]
2020/07/14 15:55:15:127 DEBUG com.sinosoft.test.base.TestBase:80 - Found Element By : By.xpath: .//option[normalize-space(.) = "01010101--柜面直销"]
2020/07/14 15:55:15:419 DEBUG com.sinosoft.test.base.TestBase:42 - Trying to click on: [[[[InternetExplorerDriver: internet explorer on WINDOWS (963b2dab-693a-484b-900e-1b29f4e1db2b)] -> name: codeselect]] -> xpath: .//option[normalize-space(.) = "01010101--柜面直销"]]
2020/07/14 15:55:15:952 DEBUG com.sinosoft.test.base.TestBase:46 - Clicked on: [[[[InternetExplorerDriver: internet explorer on WINDOWS (963b2dab-693a-484b-900e-1b29f4e1db2b)] -> name: codeselect]] -> xpath: .//option[normalize-space(.) = "01010101--柜面直销"]]
2020/07/14 15:55:15:952 DEBUG com.sinosoft.test.base.TestBase:151 - setFuzzySelect 结束！
2020/07/14 15:55:15:952 DEBUG com.sinosoft.test.base.TestBase:76 - Trying to find Element By : By.name: SelectIt
2020/07/14 15:55:16:258 DEBUG com.sinosoft.test.base.TestBase:80 - Found Element By : By.name: SelectIt
2020/07/14 15:55:16:259  INFO com.sinosoft.test.base.TestBase:416 - jsClickButton:[[InternetExplorerDriver: internet explorer on WINDOWS (963b2dab-693a-484b-900e-1b29f4e1db2b)] -> name: SelectIt]
2020/07/14 15:55:16:259  INFO com.sinosoft.test.base.TestBase:144 - RunJavaScript:[[InternetExplorerDriver: internet explorer on WINDOWS (963b2dab-693a-484b-900e-1b29f4e1db2b)] -> name: SelectIt]	arguments[0].click();
2020/07/14 15:55:17:091 DEBUG com.sinosoft.test.base.TestBase:272 - 系统窗口【黄河财险业务系统】with handle -6428f551-62ea-484d-8349-86e6e5a67097
2020/07/14 15:55:20:096 DEBUG com.sinosoft.test.base.TestBase:76 - Trying to find Element By : By.name: GuMainBusinessSource
2020/07/14 15:55:20:243 DEBUG com.sinosoft.test.base.TestBase:80 - Found Element By : By.name: GuMainBusinessSource
2020/07/14 15:55:20:244 DEBUG com.sinosoft.test.base.TestBase:49 - CodeSelect:设置完毕[[InternetExplorerDriver: internet explorer on WINDOWS (963b2dab-693a-484b-900e-1b29f4e1db2b)] -> name: GuMainBusinessSource] & Code=01010101
2020/07/14 15:55:20:244 DEBUG com.sinosoft.test.base.TestBase:76 - Trying to find Element By : By.name: GuMainSurveyInd
2020/07/14 15:55:20:382 DEBUG com.sinosoft.test.base.TestBase:80 - Found Element By : By.name: GuMainSurveyInd
2020/07/14 15:55:20:383  INFO com.sinosoft.test.base.TestBase:96 - setSelectWithStartText:[[InternetExplorerDriver: internet explorer on WINDOWS (963b2dab-693a-484b-900e-1b29f4e1db2b)] -> name: GuMainSurveyInd]->HXXT
2020/07/14 15:55:20:383 DEBUG com.sinosoft.test.base.TestBase:76 - Trying to find Element By : By.name: GuMainSurveyInd
2020/07/14 15:55:20:524 DEBUG com.sinosoft.test.base.TestBase:80 - Found Element By : By.name: GuMainSurveyInd
2020/07/14 15:55:20:566 DEBUG com.sinosoft.test.base.TestBase:76 - Trying to find Element By : By.name: GuMainSurveyInd
2020/07/14 15:55:20:701 DEBUG com.sinosoft.test.base.TestBase:80 - Found Element By : By.name: GuMainSurveyInd
2020/07/14 15:55:20:746 DEBUG com.sinosoft.test.base.TestBase:76 - Trying to find Element By : By.name: GuMainSurveyInd
2020/07/14 15:55:20:924 DEBUG com.sinosoft.test.base.TestBase:80 - Found Element By : By.name: GuMainSurveyInd
2020/07/14 15:55:20:926 DEBUG com.sinosoft.test.base.TestBase:76 - Trying to find Element By : By.tagName: option
2020/07/14 15:55:21:858 DEBUG com.sinosoft.test.base.TestBase:80 - Found Element By : By.tagName: option
2020/07/14 15:55:21:965  INFO com.sinosoft.test.base.TestBase:114 - 找到匹配【HXXT】的选项：HXXT-核心
2020/07/14 15:55:21:967 DEBUG com.sinosoft.test.base.TestBase:76 - Trying to find Element By : By.name: GuMainSurveyInd
2020/07/14 15:55:22:126 DEBUG com.sinosoft.test.base.TestBase:80 - Found Element By : By.name: GuMainSurveyInd
2020/07/14 15:55:22:127 DEBUG com.sinosoft.test.base.TestBase:76 - Trying to find Element By : By.xpath: .//option[normalize-space(.) = "HXXT-核心"]
2020/07/14 15:55:22:273 DEBUG com.sinosoft.test.base.TestBase:80 - Found Element By : By.xpath: .//option[normalize-space(.) = "HXXT-核心"]
2020/07/14 15:55:22:364 DEBUG com.sinosoft.test.base.TestBase:123 - setSelectWithStartText 结束！
2020/07/14 15:55:22:365 DEBUG com.sinosoft.test.base.TestBase:76 - Trying to find Element By : By.name: GuMainArgueSolution
2020/07/14 15:55:22:522 DEBUG com.sinosoft.test.base.TestBase:80 - Found Element By : By.name: GuMainArgueSolution
2020/07/14 15:55:22:522  INFO com.sinosoft.test.base.TestBase:96 - setSelectWithStartText:[[InternetExplorerDriver: internet explorer on WINDOWS (963b2dab-693a-484b-900e-1b29f4e1db2b)] -> name: GuMainArgueSolution]->
2020/07/14 15:55:22:522 DEBUG com.sinosoft.test.base.TestBase:76 - Trying to find Element By : By.name: GuMainDomesticInd
2020/07/14 15:55:22:626 DEBUG com.sinosoft.test.base.TestBase:80 - Found Element By : By.name: GuMainDomesticInd
2020/07/14 15:55:22:627  INFO com.sinosoft.test.base.TestBase:96 - setSelectWithStartText:[[InternetExplorerDriver: internet explorer on WINDOWS (963b2dab-693a-484b-900e-1b29f4e1db2b)] -> name: GuMainDomesticInd]->
2020/07/14 15:55:22:627 DEBUG com.sinosoft.test.base.TestBase:76 - Trying to find Element By : By.name: GuMainComInsureInd
2020/07/14 15:55:22:771 DEBUG com.sinosoft.test.base.TestBase:80 - Found Element By : By.name: GuMainComInsureInd
2020/07/14 15:55:22:773  INFO com.sinosoft.test.base.TestBase:96 - setSelectWithStartText:[[InternetExplorerDriver: internet explorer on WINDOWS (963b2dab-693a-484b-900e-1b29f4e1db2b)] -> name: GuMainComInsureInd]->0
2020/07/14 15:55:22:775 DEBUG com.sinosoft.test.base.TestBase:76 - Trying to find Element By : By.name: GuMainComInsureInd
2020/07/14 15:55:22:924 DEBUG com.sinosoft.test.base.TestBase:80 - Found Element By : By.name: GuMainComInsureInd
2020/07/14 15:55:22:968 DEBUG com.sinosoft.test.base.TestBase:76 - Trying to find Element By : By.name: GuMainComInsureInd
2020/07/14 15:55:23:070 DEBUG com.sinosoft.test.base.TestBase:80 - Found Element By : By.name: GuMainComInsureInd
2020/07/14 15:55:23:108 DEBUG com.sinosoft.test.base.TestBase:76 - Trying to find Element By : By.name: GuMainComInsureInd
2020/07/14 15:55:23:282 DEBUG com.sinosoft.test.base.TestBase:80 - Found Element By : By.name: GuMainComInsureInd
2020/07/14 15:55:23:284 DEBUG com.sinosoft.test.base.TestBase:76 - Trying to find Element By : By.tagName: option
2020/07/14 15:55:23:541 DEBUG com.sinosoft.test.base.TestBase:80 - Found Element By : By.tagName: option
2020/07/14 15:55:23:691  INFO com.sinosoft.test.base.TestBase:114 - 找到匹配【0】的选项：0-非统括业务
2020/07/14 15:55:23:691 DEBUG com.sinosoft.test.base.TestBase:76 - Trying to find Element By : By.name: GuMainComInsureInd
2020/07/14 15:55:23:821 DEBUG com.sinosoft.test.base.TestBase:80 - Found Element By : By.name: GuMainComInsureInd
2020/07/14 15:55:23:823 DEBUG com.sinosoft.test.base.TestBase:76 - Trying to find Element By : By.xpath: .//option[normalize-space(.) = "0-非统括业务"]
2020/07/14 15:55:23:946 DEBUG com.sinosoft.test.base.TestBase:80 - Found Element By : By.xpath: .//option[normalize-space(.) = "0-非统括业务"]
2020/07/14 15:55:24:004 DEBUG com.sinosoft.test.base.TestBase:123 - setSelectWithStartText 结束！
2020/07/14 15:55:24:004 DEBUG com.sinosoft.test.base.TestBase:76 - Trying to find Element By : By.name: GuMainPolicyStyle
2020/07/14 15:55:24:176 DEBUG com.sinosoft.test.base.TestBase:80 - Found Element By : By.name: GuMainPolicyStyle
2020/07/14 15:55:24:176  INFO com.sinosoft.test.base.TestBase:96 - setSelectWithStartText:[[InternetExplorerDriver: internet explorer on WINDOWS (963b2dab-693a-484b-900e-1b29f4e1db2b)] -> name: GuMainPolicyStyle]->0
2020/07/14 15:55:24:177 DEBUG com.sinosoft.test.base.TestBase:76 - Trying to find Element By : By.name: GuMainPolicyStyle
2020/07/14 15:55:24:307 DEBUG com.sinosoft.test.base.TestBase:80 - Found Element By : By.name: GuMainPolicyStyle
2020/07/14 15:55:24:348 DEBUG com.sinosoft.test.base.TestBase:76 - Trying to find Element By : By.name: GuMainPolicyStyle
2020/07/14 15:55:24:489 DEBUG com.sinosoft.test.base.TestBase:80 - Found Element By : By.name: GuMainPolicyStyle
2020/07/14 15:55:24:530 DEBUG com.sinosoft.test.base.TestBase:76 - Trying to find Element By : By.name: GuMainPolicyStyle
2020/07/14 15:55:24:705 DEBUG com.sinosoft.test.base.TestBase:80 - Found Element By : By.name: GuMainPolicyStyle
2020/07/14 15:55:24:706 DEBUG com.sinosoft.test.base.TestBase:76 - Trying to find Element By : By.tagName: option
2020/07/14 15:55:24:972 DEBUG com.sinosoft.test.base.TestBase:80 - Found Element By : By.tagName: option
2020/07/14 15:55:25:043  INFO com.sinosoft.test.base.TestBase:114 - 找到匹配【0】的选项：0-否
2020/07/14 15:55:25:043 DEBUG com.sinosoft.test.base.TestBase:76 - Trying to find Element By : By.name: GuMainPolicyStyle
2020/07/14 15:55:25:214 DEBUG com.sinosoft.test.base.TestBase:80 - Found Element By : By.name: GuMainPolicyStyle
2020/07/14 15:55:25:215 DEBUG com.sinosoft.test.base.TestBase:76 - Trying to find Element By : By.xpath: .//option[normalize-space(.) = "0-否"]
2020/07/14 15:55:25:334 DEBUG com.sinosoft.test.base.TestBase:80 - Found Element By : By.xpath: .//option[normalize-space(.) = "0-否"]
2020/07/14 15:55:25:385 DEBUG com.sinosoft.test.base.TestBase:123 - setSelectWithStartText 结束！
2020/07/14 15:55:25:385 DEBUG com.sinosoft.test.base.TestBase:76 - Trying to find Element By : By.name: RenewalOfInsuranceSelect
2020/07/14 15:55:25:557 DEBUG com.sinosoft.test.base.TestBase:80 - Found Element By : By.name: RenewalOfInsuranceSelect
2020/07/14 15:55:25:557  INFO com.sinosoft.test.base.TestBase:96 - setSelectWithStartText:[[InternetExplorerDriver: internet explorer on WINDOWS (963b2dab-693a-484b-900e-1b29f4e1db2b)] -> name: RenewalOfInsuranceSelect]->0
2020/07/14 15:55:25:557 DEBUG com.sinosoft.test.base.TestBase:76 - Trying to find Element By : By.name: RenewalOfInsuranceSelect
2020/07/14 15:55:25:674 DEBUG com.sinosoft.test.base.TestBase:80 - Found Element By : By.name: RenewalOfInsuranceSelect
2020/07/14 15:55:25:715 DEBUG com.sinosoft.test.base.TestBase:76 - Trying to find Element By : By.name: RenewalOfInsuranceSelect
2020/07/14 15:55:25:834 DEBUG com.sinosoft.test.base.TestBase:80 - Found Element By : By.name: RenewalOfInsuranceSelect
2020/07/14 15:55:25:883 DEBUG com.sinosoft.test.base.TestBase:76 - Trying to find Element By : By.name: RenewalOfInsuranceSelect
2020/07/14 15:55:25:987 DEBUG com.sinosoft.test.base.TestBase:80 - Found Element By : By.name: RenewalOfInsuranceSelect
2020/07/14 15:55:25:987 DEBUG com.sinosoft.test.base.TestBase:76 - Trying to find Element By : By.tagName: option
2020/07/14 15:55:26:206 DEBUG com.sinosoft.test.base.TestBase:80 - Found Element By : By.tagName: option
2020/07/14 15:55:26:316  INFO com.sinosoft.test.base.TestBase:114 - 找到匹配【0】的选项：0-否
2020/07/14 15:55:26:316 DEBUG com.sinosoft.test.base.TestBase:76 - Trying to find Element By : By.name: RenewalOfInsuranceSelect
2020/07/14 15:55:26:399 DEBUG com.sinosoft.test.base.TestBase:80 - Found Element By : By.name: RenewalOfInsuranceSelect
2020/07/14 15:55:26:399 DEBUG com.sinosoft.test.base.TestBase:76 - Trying to find Element By : By.xpath: .//option[normalize-space(.) = "0-否"]
2020/07/14 15:55:26:509 DEBUG com.sinosoft.test.base.TestBase:80 - Found Element By : By.xpath: .//option[normalize-space(.) = "0-否"]
2020/07/14 15:55:26:568 DEBUG com.sinosoft.test.base.TestBase:42 - Trying to click on: [[[[InternetExplorerDriver: internet explorer on WINDOWS (963b2dab-693a-484b-900e-1b29f4e1db2b)] -> name: RenewalOfInsuranceSelect]] -> xpath: .//option[normalize-space(.) = "0-否"]]
2020/07/14 15:55:26:933 DEBUG com.sinosoft.test.base.TestBase:46 - Clicked on: [[[[InternetExplorerDriver: internet explorer on WINDOWS (963b2dab-693a-484b-900e-1b29f4e1db2b)] -> name: RenewalOfInsuranceSelect]] -> xpath: .//option[normalize-space(.) = "0-否"]]
2020/07/14 15:55:26:933 DEBUG com.sinosoft.test.base.TestBase:123 - setSelectWithStartText 结束！
2020/07/14 15:55:26:934 DEBUG com.sinosoft.test.base.TestBase:76 - Trying to find Element By : By.name: GuMainIsDifferentPlace
2020/07/14 15:55:27:056 DEBUG com.sinosoft.test.base.TestBase:80 - Found Element By : By.name: GuMainIsDifferentPlace
2020/07/14 15:55:27:057  INFO com.sinosoft.test.base.TestBase:96 - setSelectWithStartText:[[InternetExplorerDriver: internet explorer on WINDOWS (963b2dab-693a-484b-900e-1b29f4e1db2b)] -> name: GuMainIsDifferentPlace]->
2020/07/14 15:55:27:057 DEBUG com.sinosoft.test.base.TestBase:76 - Trying to find Element By : By.name: GuMainIsFarming
2020/07/14 15:55:27:184 DEBUG com.sinosoft.test.base.TestBase:80 - Found Element By : By.name: GuMainIsFarming
2020/07/14 15:55:27:184  INFO com.sinosoft.test.base.TestBase:96 - setSelectWithStartText:[[InternetExplorerDriver: internet explorer on WINDOWS (963b2dab-693a-484b-900e-1b29f4e1db2b)] -> name: GuMainIsFarming]->
2020/07/14 15:55:27:184 DEBUG com.sinosoft.test.base.TestBase:76 - Trying to find Element By : By.name: AppliGuRelatedPartyInsuredType
2020/07/14 15:55:27:316 DEBUG com.sinosoft.test.base.TestBase:80 - Found Element By : By.name: AppliGuRelatedPartyInsuredType
2020/07/14 15:55:27:317  INFO com.sinosoft.test.base.TestBase:96 - setSelectWithStartText:[[InternetExplorerDriver: internet explorer on WINDOWS (963b2dab-693a-484b-900e-1b29f4e1db2b)] -> name: AppliGuRelatedPartyInsuredType]->2
2020/07/14 15:55:27:317 DEBUG com.sinosoft.test.base.TestBase:76 - Trying to find Element By : By.name: AppliGuRelatedPartyInsuredType
2020/07/14 15:55:27:424 DEBUG com.sinosoft.test.base.TestBase:80 - Found Element By : By.name: AppliGuRelatedPartyInsuredType
2020/07/14 15:55:27:467 DEBUG com.sinosoft.test.base.TestBase:76 - Trying to find Element By : By.name: AppliGuRelatedPartyInsuredType
2020/07/14 15:55:27:605 DEBUG com.sinosoft.test.base.TestBase:80 - Found Element By : By.name: AppliGuRelatedPartyInsuredType
2020/07/14 15:55:27:651 DEBUG com.sinosoft.test.base.TestBase:76 - Trying to find Element By : By.name: AppliGuRelatedPartyInsuredType
2020/07/14 15:55:27:802 DEBUG com.sinosoft.test.base.TestBase:80 - Found Element By : By.name: AppliGuRelatedPartyInsuredType
2020/07/14 15:55:27:803 DEBUG com.sinosoft.test.base.TestBase:76 - Trying to find Element By : By.tagName: option
2020/07/14 15:55:27:976 DEBUG com.sinosoft.test.base.TestBase:80 - Found Element By : By.tagName: option
2020/07/14 15:55:28:168  INFO com.sinosoft.test.base.TestBase:114 - 找到匹配【2】的选项：2-团体
2020/07/14 15:55:28:170 DEBUG com.sinosoft.test.base.TestBase:76 - Trying to find Element By : By.name: AppliGuRelatedPartyInsuredType
2020/07/14 15:55:28:277 DEBUG com.sinosoft.test.base.TestBase:80 - Found Element By : By.name: AppliGuRelatedPartyInsuredType
2020/07/14 15:55:28:278 DEBUG com.sinosoft.test.base.TestBase:76 - Trying to find Element By : By.xpath: .//option[normalize-space(.) = "2-团体"]
2020/07/14 15:55:28:387 DEBUG com.sinosoft.test.base.TestBase:80 - Found Element By : By.xpath: .//option[normalize-space(.) = "2-团体"]
2020/07/14 15:55:28:450 DEBUG com.sinosoft.test.base.TestBase:123 - setSelectWithStartText 结束！
2020/07/14 15:55:28:451 DEBUG com.sinosoft.test.base.TestBase:76 - Trying to find Element By : By.name: AppliGuRelatedPartyInsuredCode
2020/07/14 15:55:28:536 DEBUG com.sinosoft.test.base.TestBase:80 - Found Element By : By.name: AppliGuRelatedPartyInsuredCode
2020/07/14 15:55:28:536  INFO com.sinosoft.test.base.TestBase:388 - setEditboxTValue:[[InternetExplorerDriver: internet explorer on WINDOWS (963b2dab-693a-484b-900e-1b29f4e1db2b)] -> name: AppliGuRelatedPartyInsuredCode]->G6200019984
2020/07/14 15:55:28:536 DEBUG com.sinosoft.test.base.TestBase:76 - Trying to find Element By : By.name: AppliGuRelatedPartyInsuredCode
2020/07/14 15:55:28:617 DEBUG com.sinosoft.test.base.TestBase:80 - Found Element By : By.name: AppliGuRelatedPartyInsuredCode
2020/07/14 15:55:29:103 DEBUG com.sinosoft.test.base.TestBase:76 - Trying to find Element By : By.name: AppliGuRelatedPartyInsuredCode
2020/07/14 15:55:29:232 DEBUG com.sinosoft.test.base.TestBase:80 - Found Element By : By.name: AppliGuRelatedPartyInsuredCode
2020/07/14 15:55:34:796 DEBUG com.sinosoft.test.base.TestBase:76 - Trying to find Element By : By.name: buttonSaveCustomer
2020/07/14 15:55:34:921 DEBUG com.sinosoft.test.base.TestBase:80 - Found Element By : By.name: buttonSaveCustomer
2020/07/14 15:55:34:921 DEBUG com.sinosoft.test.base.TestBase:42 - Trying to click on: [[InternetExplorerDriver: internet explorer on WINDOWS (963b2dab-693a-484b-900e-1b29f4e1db2b)] -> name: buttonSaveCustomer]
2020/07/14 15:55:36:377 DEBUG com.sinosoft.test.base.TestBase:46 - Clicked on: [[InternetExplorerDriver: internet explorer on WINDOWS (963b2dab-693a-484b-900e-1b29f4e1db2b)] -> name: buttonSaveCustomer]
2020/07/14 15:55:36:595  INFO com.sinosoft.test.base.TestBase:519 - 在保存客户时捕获了一个弹窗：客户已经保存，或不需要保存.
2020/07/14 15:55:36:818 DEBUG com.sinosoft.test.base.TestBase:218 - Alert的标题是：客户已经保存，或不需要保存.
2020/07/14 15:55:37:791 DEBUG com.sinosoft.test.base.TestBase:76 - Trying to find Element By : By.name: AppliGuRelatedPartyInsuredCode
2020/07/14 15:55:37:884 DEBUG com.sinosoft.test.base.TestBase:80 - Found Element By : By.name: AppliGuRelatedPartyInsuredCode
2020/07/14 15:55:37:958 DEBUG com.sinosoft.test.base.TestBase:76 - Trying to find Element By : By.id: saveButton
2020/07/14 15:55:38:131 DEBUG com.sinosoft.test.base.TestBase:80 - Found Element By : By.id: saveButton
2020/07/14 15:55:38:132 DEBUG com.sinosoft.test.base.TestBase:42 - Trying to click on: [[InternetExplorerDriver: internet explorer on WINDOWS (963b2dab-693a-484b-900e-1b29f4e1db2b)] -> id: saveButton]
2020/07/14 15:55:43:785 DEBUG com.sinosoft.test.base.TestBase:46 - Clicked on: [[InternetExplorerDriver: internet explorer on WINDOWS (963b2dab-693a-484b-900e-1b29f4e1db2b)] -> id: saveButton]
2020/07/14 15:55:43:785 DEBUG com.sinosoft.test.base.TestBase:88 - 截屏文件名字是：FCCB_TB_JCX_1保存基本信息
2020/07/14 15:55:43:979 DEBUG com.sinosoft.test.base.TestBase:69 - 初始化class com.sinosoft.test.fccp.tbcl.RiskDetail_TypePage
2020/07/14 15:55:49:305 DEBUG com.sinosoft.test.base.TestBase:76 - Trying to find Element By : By.name: GuRiskRiskApplyType
2020/07/14 15:55:49:456 DEBUG com.sinosoft.test.base.TestBase:80 - Found Element By : By.name: GuRiskRiskApplyType
2020/07/14 15:55:49:458 DEBUG com.sinosoft.test.base.TestBase:107 - 投保处理/险种信息
2020/07/14 15:55:52:414 DEBUG com.sinosoft.test.base.TestBase:76 - Trying to find Element By : By.id: RiskItem
2020/07/14 15:55:52:506 DEBUG com.sinosoft.test.base.TestBase:80 - Found Element By : By.id: RiskItem
2020/07/14 15:55:52:507 DEBUG com.sinosoft.test.base.TestBase:76 - Trying to find Element By : By.name: summarySubBusinessNo
2020/07/14 15:55:52:662 DEBUG com.sinosoft.test.base.TestBase:80 - Found Element By : By.name: summarySubBusinessNo
2020/07/14 15:55:52:705 DEBUG com.sinosoft.test.base.TestBase:113 - 投保单号：06201900101202000000000082
2020/07/14 15:55:52:705 DEBUG com.sinosoft.test.base.TestBase:121 - 保存投保单号完毕！
2020/07/14 15:55:58:257 DEBUG com.sinosoft.test.base.TestBase:123 - 返回工作区，准备下一步操作！
2020/07/14 15:55:58:258  INFO com.sinosoft.test.base.TestBase:125 - 开始处理风险类别信息
2020/07/14 15:55:58:258 DEBUG com.sinosoft.test.base.TestBase:76 - Trying to find Element By : By.name: GuRiskRiskApplyType
2020/07/14 15:55:58:341 DEBUG com.sinosoft.test.base.TestBase:80 - Found Element By : By.name: GuRiskRiskApplyType
2020/07/14 15:55:58:341  INFO com.sinosoft.test.base.TestBase:96 - setSelectWithStartText:[[InternetExplorerDriver: internet explorer on WINDOWS (963b2dab-693a-484b-900e-1b29f4e1db2b)] -> name: GuRiskRiskApplyType]->1
2020/07/14 15:55:58:341 DEBUG com.sinosoft.test.base.TestBase:76 - Trying to find Element By : By.name: GuRiskRiskApplyType
2020/07/14 15:55:58:474 DEBUG com.sinosoft.test.base.TestBase:80 - Found Element By : By.name: GuRiskRiskApplyType
2020/07/14 15:55:58:511 DEBUG com.sinosoft.test.base.TestBase:76 - Trying to find Element By : By.name: GuRiskRiskApplyType
2020/07/14 15:55:58:629 DEBUG com.sinosoft.test.base.TestBase:80 - Found Element By : By.name: GuRiskRiskApplyType
2020/07/14 15:55:58:667 DEBUG com.sinosoft.test.base.TestBase:76 - Trying to find Element By : By.name: GuRiskRiskApplyType
2020/07/14 15:55:58:776 DEBUG com.sinosoft.test.base.TestBase:80 - Found Element By : By.name: GuRiskRiskApplyType
2020/07/14 15:55:58:777 DEBUG com.sinosoft.test.base.TestBase:76 - Trying to find Element By : By.tagName: option
2020/07/14 15:55:58:910 DEBUG com.sinosoft.test.base.TestBase:80 - Found Element By : By.tagName: option
2020/07/14 15:55:58:975  INFO com.sinosoft.test.base.TestBase:114 - 找到匹配【1】的选项：1-全国
2020/07/14 15:55:58:976 DEBUG com.sinosoft.test.base.TestBase:76 - Trying to find Element By : By.name: GuRiskRiskApplyType
2020/07/14 15:55:59:117 DEBUG com.sinosoft.test.base.TestBase:80 - Found Element By : By.name: GuRiskRiskApplyType
2020/07/14 15:55:59:118 DEBUG com.sinosoft.test.base.TestBase:76 - Trying to find Element By : By.xpath: .//option[normalize-space(.) = "1-全国"]
2020/07/14 15:55:59:257 DEBUG com.sinosoft.test.base.TestBase:80 - Found Element By : By.xpath: .//option[normalize-space(.) = "1-全国"]
2020/07/14 15:55:59:307 DEBUG com.sinosoft.test.base.TestBase:123 - setSelectWithStartText 结束！
2020/07/14 15:55:59:308 DEBUG com.sinosoft.test.base.TestBase:76 - Trying to find Element By : By.name: GuRiskCoinsInd
2020/07/14 15:55:59:483 DEBUG com.sinosoft.test.base.TestBase:80 - Found Element By : By.name: GuRiskCoinsInd
2020/07/14 15:55:59:483  INFO com.sinosoft.test.base.TestBase:96 - setSelectWithStartText:[[InternetExplorerDriver: internet explorer on WINDOWS (963b2dab-693a-484b-900e-1b29f4e1db2b)] -> name: GuRiskCoinsInd]->1
2020/07/14 15:55:59:484 DEBUG com.sinosoft.test.base.TestBase:76 - Trying to find Element By : By.name: GuRiskCoinsInd
2020/07/14 15:55:59:591 DEBUG com.sinosoft.test.base.TestBase:80 - Found Element By : By.name: GuRiskCoinsInd
2020/07/14 15:55:59:631 DEBUG com.sinosoft.test.base.TestBase:76 - Trying to find Element By : By.name: GuRiskCoinsInd
2020/07/14 15:55:59:748 DEBUG com.sinosoft.test.base.TestBase:80 - Found Element By : By.name: GuRiskCoinsInd
2020/07/14 15:55:59:791 DEBUG com.sinosoft.test.base.TestBase:76 - Trying to find Element By : By.name: GuRiskCoinsInd
2020/07/14 15:55:59:922 DEBUG com.sinosoft.test.base.TestBase:80 - Found Element By : By.name: GuRiskCoinsInd
2020/07/14 15:55:59:924 DEBUG com.sinosoft.test.base.TestBase:76 - Trying to find Element By : By.tagName: option
2020/07/14 15:56:00:258 DEBUG com.sinosoft.test.base.TestBase:80 - Found Element By : By.tagName: option
2020/07/14 15:56:00:422  INFO com.sinosoft.test.base.TestBase:114 - 找到匹配【1】的选项：1-主共保
2020/07/14 15:56:00:422 DEBUG com.sinosoft.test.base.TestBase:76 - Trying to find Element By : By.name: GuRiskCoinsInd
2020/07/14 15:56:00:528 DEBUG com.sinosoft.test.base.TestBase:80 - Found Element By : By.name: GuRiskCoinsInd
2020/07/14 15:56:00:529 DEBUG com.sinosoft.test.base.TestBase:76 - Trying to find Element By : By.xpath: .//option[normalize-space(.) = "1-主共保"]
2020/07/14 15:56:00:656 DEBUG com.sinosoft.test.base.TestBase:80 - Found Element By : By.xpath: .//option[normalize-space(.) = "1-主共保"]
2020/07/14 15:56:00:705 DEBUG com.sinosoft.test.base.TestBase:42 - Trying to click on: [[[[InternetExplorerDriver: internet explorer on WINDOWS (963b2dab-693a-484b-900e-1b29f4e1db2b)] -> name: GuRiskCoinsInd]] -> xpath: .//option[normalize-space(.) = "1-主共保"]]
2020/07/14 15:56:01:046 DEBUG com.sinosoft.test.base.TestBase:46 - Clicked on: [[[[InternetExplorerDriver: internet explorer on WINDOWS (963b2dab-693a-484b-900e-1b29f4e1db2b)] -> name: GuRiskCoinsInd]] -> xpath: .//option[normalize-space(.) = "1-主共保"]]
2020/07/14 15:56:01:046 DEBUG com.sinosoft.test.base.TestBase:123 - setSelectWithStartText 结束！
2020/07/14 15:56:01:046 DEBUG com.sinosoft.test.base.TestBase:76 - Trying to find Element By : By.name: GuRiskBusinessFlag
2020/07/14 15:56:01:185 DEBUG com.sinosoft.test.base.TestBase:80 - Found Element By : By.name: GuRiskBusinessFlag
2020/07/14 15:56:01:186  INFO com.sinosoft.test.base.TestBase:96 - setSelectWithStartText:[[InternetExplorerDriver: internet explorer on WINDOWS (963b2dab-693a-484b-900e-1b29f4e1db2b)] -> name: GuRiskBusinessFlag]->1
2020/07/14 15:56:01:187 DEBUG com.sinosoft.test.base.TestBase:76 - Trying to find Element By : By.name: GuRiskBusinessFlag
2020/07/14 15:56:01:309 DEBUG com.sinosoft.test.base.TestBase:80 - Found Element By : By.name: GuRiskBusinessFlag
2020/07/14 15:56:01:338 DEBUG com.sinosoft.test.base.TestBase:76 - Trying to find Element By : By.name: GuRiskBusinessFlag
2020/07/14 15:56:01:423 DEBUG com.sinosoft.test.base.TestBase:80 - Found Element By : By.name: GuRiskBusinessFlag
2020/07/14 15:56:01:460 DEBUG com.sinosoft.test.base.TestBase:76 - Trying to find Element By : By.name: GuRiskBusinessFlag
2020/07/14 15:56:01:597 DEBUG com.sinosoft.test.base.TestBase:80 - Found Element By : By.name: GuRiskBusinessFlag
2020/07/14 15:56:01:597 DEBUG com.sinosoft.test.base.TestBase:76 - Trying to find Element By : By.tagName: option
2020/07/14 15:56:01:702 DEBUG com.sinosoft.test.base.TestBase:80 - Found Element By : By.tagName: option
2020/07/14 15:56:01:894  INFO com.sinosoft.test.base.TestBase:114 - 找到匹配【1】的选项：1-是
2020/07/14 15:56:01:894 DEBUG com.sinosoft.test.base.TestBase:76 - Trying to find Element By : By.name: GuRiskBusinessFlag
2020/07/14 15:56:02:010 DEBUG com.sinosoft.test.base.TestBase:80 - Found Element By : By.name: GuRiskBusinessFlag
2020/07/14 15:56:02:011 DEBUG com.sinosoft.test.base.TestBase:76 - Trying to find Element By : By.xpath: .//option[normalize-space(.) = "1-是"]
2020/07/14 15:56:02:103 DEBUG com.sinosoft.test.base.TestBase:80 - Found Element By : By.xpath: .//option[normalize-space(.) = "1-是"]
2020/07/14 15:56:02:154 DEBUG com.sinosoft.test.base.TestBase:42 - Trying to click on: [[[[InternetExplorerDriver: internet explorer on WINDOWS (963b2dab-693a-484b-900e-1b29f4e1db2b)] -> name: GuRiskBusinessFlag]] -> xpath: .//option[normalize-space(.) = "1-是"]]
2020/07/14 15:56:02:468 DEBUG com.sinosoft.test.base.TestBase:46 - Clicked on: [[[[InternetExplorerDriver: internet explorer on WINDOWS (963b2dab-693a-484b-900e-1b29f4e1db2b)] -> name: GuRiskBusinessFlag]] -> xpath: .//option[normalize-space(.) = "1-是"]]
2020/07/14 15:56:02:469 DEBUG com.sinosoft.test.base.TestBase:123 - setSelectWithStartText 结束！
2020/07/14 15:56:02:470 DEBUG com.sinosoft.test.base.TestBase:76 - Trying to find Element By : By.name: GuRiskJudicalCode
2020/07/14 15:56:02:590 DEBUG com.sinosoft.test.base.TestBase:80 - Found Element By : By.name: GuRiskJudicalCode
2020/07/14 15:56:02:590  INFO com.sinosoft.test.base.TestBase:96 - setSelectWithStartText:[[InternetExplorerDriver: internet explorer on WINDOWS (963b2dab-693a-484b-900e-1b29f4e1db2b)] -> name: GuRiskJudicalCode]->1
2020/07/14 15:56:02:591 DEBUG com.sinosoft.test.base.TestBase:76 - Trying to find Element By : By.name: GuRiskJudicalCode
2020/07/14 15:56:02:673 DEBUG com.sinosoft.test.base.TestBase:80 - Found Element By : By.name: GuRiskJudicalCode
2020/07/14 15:56:02:703 DEBUG com.sinosoft.test.base.TestBase:76 - Trying to find Element By : By.name: GuRiskJudicalCode
2020/07/14 15:56:02:791 DEBUG com.sinosoft.test.base.TestBase:80 - Found Element By : By.name: GuRiskJudicalCode
2020/07/14 15:56:02:865 DEBUG com.sinosoft.test.base.TestBase:76 - Trying to find Element By : By.name: GuRiskJudicalCode
2020/07/14 15:56:02:984 DEBUG com.sinosoft.test.base.TestBase:80 - Found Element By : By.name: GuRiskJudicalCode
2020/07/14 15:56:02:985 DEBUG com.sinosoft.test.base.TestBase:76 - Trying to find Element By : By.tagName: option
2020/07/14 15:56:03:292 DEBUG com.sinosoft.test.base.TestBase:80 - Found Element By : By.tagName: option
2020/07/14 15:56:03:354  INFO com.sinosoft.test.base.TestBase:114 - 找到匹配【1】的选项：1-中华人民共和国管辖(港澳台除外)
2020/07/14 15:56:03:354 DEBUG com.sinosoft.test.base.TestBase:76 - Trying to find Element By : By.name: GuRiskJudicalCode
2020/07/14 15:56:03:474 DEBUG com.sinosoft.test.base.TestBase:80 - Found Element By : By.name: GuRiskJudicalCode
2020/07/14 15:56:03:475 DEBUG com.sinosoft.test.base.TestBase:76 - Trying to find Element By : By.xpath: .//option[normalize-space(.) = "1-中华人民共和国管辖(港澳台除外)"]
2020/07/14 15:56:03:569 DEBUG com.sinosoft.test.base.TestBase:80 - Found Element By : By.xpath: .//option[normalize-space(.) = "1-中华人民共和国管辖(港澳台除外)"]
2020/07/14 15:56:03:629 DEBUG com.sinosoft.test.base.TestBase:123 - setSelectWithStartText 结束！
2020/07/14 15:56:03:630 DEBUG com.sinosoft.test.base.TestBase:76 - Trying to find Element By : By.xpath: //table[@id='InsuredRelatedParty']/tbody/tr[@id='InsuredGuRelatedPartyCorInsuredType']/td/select[@name='InsuredGuRelatedPartyStarLevel']
2020/07/14 15:56:03:718 DEBUG com.sinosoft.test.base.TestBase:80 - Found Element By : By.xpath: //table[@id='InsuredRelatedParty']/tbody/tr[@id='InsuredGuRelatedPartyCorInsuredType']/td/select[@name='InsuredGuRelatedPartyStarLevel']
2020/07/14 15:56:03:719  INFO com.sinosoft.test.base.TestBase:96 - setSelectWithStartText:[[InternetExplorerDriver: internet explorer on WINDOWS (963b2dab-693a-484b-900e-1b29f4e1db2b)] -> xpath: //table[@id='InsuredRelatedParty']/tbody/tr[@id='InsuredGuRelatedPartyCorInsuredType']/td/select[@name='InsuredGuRelatedPartyStarLevel']]->0
2020/07/14 15:56:03:719 DEBUG com.sinosoft.test.base.TestBase:76 - Trying to find Element By : By.xpath: //table[@id='InsuredRelatedParty']/tbody/tr[@id='InsuredGuRelatedPartyCorInsuredType']/td/select[@name='InsuredGuRelatedPartyStarLevel']
2020/07/14 15:56:03:790 DEBUG com.sinosoft.test.base.TestBase:80 - Found Element By : By.xpath: //table[@id='InsuredRelatedParty']/tbody/tr[@id='InsuredGuRelatedPartyCorInsuredType']/td/select[@name='InsuredGuRelatedPartyStarLevel']
2020/07/14 15:56:03:818 DEBUG com.sinosoft.test.base.TestBase:76 - Trying to find Element By : By.xpath: //table[@id='InsuredRelatedParty']/tbody/tr[@id='InsuredGuRelatedPartyCorInsuredType']/td/select[@name='InsuredGuRelatedPartyStarLevel']
2020/07/14 15:56:03:903 DEBUG com.sinosoft.test.base.TestBase:80 - Found Element By : By.xpath: //table[@id='InsuredRelatedParty']/tbody/tr[@id='InsuredGuRelatedPartyCorInsuredType']/td/select[@name='InsuredGuRelatedPartyStarLevel']
2020/07/14 15:56:03:929 DEBUG com.sinosoft.test.base.TestBase:76 - Trying to find Element By : By.xpath: //table[@id='InsuredRelatedParty']/tbody/tr[@id='InsuredGuRelatedPartyCorInsuredType']/td/select[@name='InsuredGuRelatedPartyStarLevel']
2020/07/14 15:56:04:036 DEBUG com.sinosoft.test.base.TestBase:80 - Found Element By : By.xpath: //table[@id='InsuredRelatedParty']/tbody/tr[@id='InsuredGuRelatedPartyCorInsuredType']/td/select[@name='InsuredGuRelatedPartyStarLevel']
2020/07/14 15:56:04:037 DEBUG com.sinosoft.test.base.TestBase:76 - Trying to find Element By : By.tagName: option
2020/07/14 15:56:04:303 DEBUG com.sinosoft.test.base.TestBase:80 - Found Element By : By.tagName: option
2020/07/14 15:56:04:479  INFO com.sinosoft.test.base.TestBase:114 - 找到匹配【0】的选项：0-普通客户
2020/07/14 15:56:04:479 DEBUG com.sinosoft.test.base.TestBase:76 - Trying to find Element By : By.xpath: //table[@id='InsuredRelatedParty']/tbody/tr[@id='InsuredGuRelatedPartyCorInsuredType']/td/select[@name='InsuredGuRelatedPartyStarLevel']
2020/07/14 15:56:04:572 DEBUG com.sinosoft.test.base.TestBase:80 - Found Element By : By.xpath: //table[@id='InsuredRelatedParty']/tbody/tr[@id='InsuredGuRelatedPartyCorInsuredType']/td/select[@name='InsuredGuRelatedPartyStarLevel']
2020/07/14 15:56:04:572 DEBUG com.sinosoft.test.base.TestBase:76 - Trying to find Element By : By.xpath: .//option[normalize-space(.) = "0-普通客户"]
2020/07/14 15:56:04:687 DEBUG com.sinosoft.test.base.TestBase:80 - Found Element By : By.xpath: .//option[normalize-space(.) = "0-普通客户"]
2020/07/14 15:56:04:737 DEBUG com.sinosoft.test.base.TestBase:42 - Trying to click on: [[[[InternetExplorerDriver: internet explorer on WINDOWS (963b2dab-693a-484b-900e-1b29f4e1db2b)] -> xpath: //table[@id='InsuredRelatedParty']/tbody/tr[@id='InsuredGuRelatedPartyCorInsuredType']/td/select[@name='InsuredGuRelatedPartyStarLevel']]] -> xpath: .//option[normalize-space(.) = "0-普通客户"]]
2020/07/14 15:56:05:061 DEBUG com.sinosoft.test.base.TestBase:46 - Clicked on: [[[[InternetExplorerDriver: internet explorer on WINDOWS (963b2dab-693a-484b-900e-1b29f4e1db2b)] -> xpath: //table[@id='InsuredRelatedParty']/tbody/tr[@id='InsuredGuRelatedPartyCorInsuredType']/td/select[@name='InsuredGuRelatedPartyStarLevel']]] -> xpath: .//option[normalize-space(.) = "0-普通客户"]]
2020/07/14 15:56:05:061 DEBUG com.sinosoft.test.base.TestBase:123 - setSelectWithStartText 结束！
2020/07/14 15:56:05:062 DEBUG com.sinosoft.test.base.TestBase:76 - Trying to find Element By : By.xpath: //table[@id='InsuredRelatedParty']/tbody/tr[@id='InsuredGuRelatedPartyVocation']/td/input[@name='InsuredGuRelatedPartyIndustryMainCode']
2020/07/14 15:56:05:150 DEBUG com.sinosoft.test.base.TestBase:80 - Found Element By : By.xpath: //table[@id='InsuredRelatedParty']/tbody/tr[@id='InsuredGuRelatedPartyVocation']/td/input[@name='InsuredGuRelatedPartyIndustryMainCode']
2020/07/14 15:56:05:224 DEBUG com.sinosoft.test.base.TestBase:76 - Trying to find Element By : By.xpath: //table[@id='InsuredRelatedParty']/tbody/tr[@id='InsuredGuRelatedPartyVocation']/td/input[@name='InsuredGuRelatedPartyIndustryMainCode']
2020/07/14 15:56:05:298 DEBUG com.sinosoft.test.base.TestBase:80 - Found Element By : By.xpath: //table[@id='InsuredRelatedParty']/tbody/tr[@id='InsuredGuRelatedPartyVocation']/td/input[@name='InsuredGuRelatedPartyIndustryMainCode']
2020/07/14 15:56:05:299 DEBUG com.sinosoft.test.base.TestBase:42 - CodeSelect:开始设置[[InternetExplorerDriver: internet explorer on WINDOWS (963b2dab-693a-484b-900e-1b29f4e1db2b)] -> xpath: //table[@id='InsuredRelatedParty']/tbody/tr[@id='InsuredGuRelatedPartyVocation']/td/input[@name='InsuredGuRelatedPartyIndustryMainCode']] & Code=12
2020/07/14 15:56:05:300 DEBUG com.sinosoft.test.base.TestBase:76 - Trying to find Element By : By.xpath: //table[@id='InsuredRelatedParty']/tbody/tr[@id='InsuredGuRelatedPartyVocation']/td/input[@name='InsuredGuRelatedPartyIndustryMainCode']
2020/07/14 15:56:05:385 DEBUG com.sinosoft.test.base.TestBase:80 - Found Element By : By.xpath: //table[@id='InsuredRelatedParty']/tbody/tr[@id='InsuredGuRelatedPartyVocation']/td/input[@name='InsuredGuRelatedPartyIndustryMainCode']
2020/07/14 15:56:07:054 DEBUG com.sinosoft.test.base.TestBase:272 - 系统窗口【黄河财险业务系统】with handle -6428f551-62ea-484d-8349-86e6e5a67097
2020/07/14 15:56:08:217 DEBUG com.sinosoft.test.base.TestBase:272 - 系统窗口【Code Select】with handle -70760735-2a5c-4e09-8961-fc550cabb56f
2020/07/14 15:56:08:738 DEBUG com.sinosoft.test.base.TestBase:69 - 初始化class com.sinosoft.test.fccp.common.CodeSelectPage
2020/07/14 15:56:08:739 DEBUG com.sinosoft.test.base.TestBase:39 - 基础码表选择！
2020/07/14 15:56:08:741 DEBUG com.sinosoft.test.base.TestBase:76 - Trying to find Element By : By.name: fieldValue
2020/07/14 15:56:09:066 DEBUG com.sinosoft.test.base.TestBase:80 - Found Element By : By.name: fieldValue
2020/07/14 15:56:09:067  INFO com.sinosoft.test.base.TestBase:360 - setEditboxValue:[[InternetExplorerDriver: internet explorer on WINDOWS (963b2dab-693a-484b-900e-1b29f4e1db2b)] -> name: fieldValue]：12
2020/07/14 15:56:10:555  INFO com.sinosoft.test.base.TestBase:363 - setEditboxValue—End:[[InternetExplorerDriver: internet explorer on WINDOWS (963b2dab-693a-484b-900e-1b29f4e1db2b)] -> name: fieldValue]：12
2020/07/14 15:56:10:555 DEBUG com.sinosoft.test.base.TestBase:76 - Trying to find Element By : By.xpath: //input[@value='查询(Q)']
2020/07/14 15:56:10:870 DEBUG com.sinosoft.test.base.TestBase:80 - Found Element By : By.xpath: //input[@value='查询(Q)']
2020/07/14 15:56:10:870  INFO com.sinosoft.test.base.TestBase:402 - clickButton:[[InternetExplorerDriver: internet explorer on WINDOWS (963b2dab-693a-484b-900e-1b29f4e1db2b)] -> xpath: //input[@value='查询(Q)']]
2020/07/14 15:56:10:870 DEBUG com.sinosoft.test.base.TestBase:42 - Trying to click on: [[InternetExplorerDriver: internet explorer on WINDOWS (963b2dab-693a-484b-900e-1b29f4e1db2b)] -> xpath: //input[@value='查询(Q)']]
2020/07/14 15:56:12:496 DEBUG com.sinosoft.test.base.TestBase:46 - Clicked on: [[InternetExplorerDriver: internet explorer on WINDOWS (963b2dab-693a-484b-900e-1b29f4e1db2b)] -> xpath: //input[@value='查询(Q)']]
2020/07/14 15:56:12:496 DEBUG com.sinosoft.test.base.TestBase:76 - Trying to find Element By : By.name: codeselect
2020/07/14 15:56:12:801 DEBUG com.sinosoft.test.base.TestBase:80 - Found Element By : By.name: codeselect
2020/07/14 15:56:12:802  INFO com.sinosoft.test.base.TestBase:132 - setFuzzySelect:[[InternetExplorerDriver: internet explorer on WINDOWS (963b2dab-693a-484b-900e-1b29f4e1db2b)] -> name: codeselect]->12
2020/07/14 15:56:13:364 DEBUG com.sinosoft.test.base.TestBase:76 - Trying to find Element By : By.tagName: option
2020/07/14 15:56:13:702 DEBUG com.sinosoft.test.base.TestBase:80 - Found Element By : By.tagName: option
2020/07/14 15:56:14:018  INFO com.sinosoft.test.base.TestBase:142 - 找到匹配【12】的选项：12--社会团体,机关,事业单位
2020/07/14 15:56:14:019 DEBUG com.sinosoft.test.base.TestBase:76 - Trying to find Element By : By.xpath: .//option[normalize-space(.) = "12--社会团体,机关,事业单位"]
2020/07/14 15:56:14:350 DEBUG com.sinosoft.test.base.TestBase:80 - Found Element By : By.xpath: .//option[normalize-space(.) = "12--社会团体,机关,事业单位"]
2020/07/14 15:56:14:661 DEBUG com.sinosoft.test.base.TestBase:42 - Trying to click on: [[[[InternetExplorerDriver: internet explorer on WINDOWS (963b2dab-693a-484b-900e-1b29f4e1db2b)] -> name: codeselect]] -> xpath: .//option[normalize-space(.) = "12--社会团体,机关,事业单位"]]
2020/07/14 15:56:15:146 DEBUG com.sinosoft.test.base.TestBase:46 - Clicked on: [[[[InternetExplorerDriver: internet explorer on WINDOWS (963b2dab-693a-484b-900e-1b29f4e1db2b)] -> name: codeselect]] -> xpath: .//option[normalize-space(.) = "12--社会团体,机关,事业单位"]]
2020/07/14 15:56:15:146 DEBUG com.sinosoft.test.base.TestBase:151 - setFuzzySelect 结束！
2020/07/14 15:56:15:147 DEBUG com.sinosoft.test.base.TestBase:76 - Trying to find Element By : By.name: SelectIt
2020/07/14 15:56:15:451 DEBUG com.sinosoft.test.base.TestBase:80 - Found Element By : By.name: SelectIt
2020/07/14 15:56:15:452  INFO com.sinosoft.test.base.TestBase:416 - jsClickButton:[[InternetExplorerDriver: internet explorer on WINDOWS (963b2dab-693a-484b-900e-1b29f4e1db2b)] -> name: SelectIt]
2020/07/14 15:56:15:452  INFO com.sinosoft.test.base.TestBase:144 - RunJavaScript:[[InternetExplorerDriver: internet explorer on WINDOWS (963b2dab-693a-484b-900e-1b29f4e1db2b)] -> name: SelectIt]	arguments[0].click();
2020/07/14 15:56:16:297 DEBUG com.sinosoft.test.base.TestBase:272 - 系统窗口【黄河财险业务系统】with handle -6428f551-62ea-484d-8349-86e6e5a67097
2020/07/14 15:56:21:687 DEBUG com.sinosoft.test.base.TestBase:76 - Trying to find Element By : By.xpath: //table[@id='InsuredRelatedParty']/tbody/tr[@id='InsuredGuRelatedPartyVocation']/td/input[@name='InsuredGuRelatedPartyIndustryMainCode']
2020/07/14 15:56:21:780 DEBUG com.sinosoft.test.base.TestBase:80 - Found Element By : By.xpath: //table[@id='InsuredRelatedParty']/tbody/tr[@id='InsuredGuRelatedPartyVocation']/td/input[@name='InsuredGuRelatedPartyIndustryMainCode']
2020/07/14 15:56:21:781 DEBUG com.sinosoft.test.base.TestBase:49 - CodeSelect:设置完毕[[InternetExplorerDriver: internet explorer on WINDOWS (963b2dab-693a-484b-900e-1b29f4e1db2b)] -> xpath: //table[@id='InsuredRelatedParty']/tbody/tr[@id='InsuredGuRelatedPartyVocation']/td/input[@name='InsuredGuRelatedPartyIndustryMainCode']] & Code=12
2020/07/14 15:56:21:782 DEBUG com.sinosoft.test.base.TestBase:76 - Trying to find Element By : By.xpath: //table[@id='InsuredRelatedParty']/tbody/tr[@id='InsuredGuRelatedPartyVocation']/td/input[@name='InsuredGuRelatedPartyIndustryKindCode']
2020/07/14 15:56:21:906 DEBUG com.sinosoft.test.base.TestBase:80 - Found Element By : By.xpath: //table[@id='InsuredRelatedParty']/tbody/tr[@id='InsuredGuRelatedPartyVocation']/td/input[@name='InsuredGuRelatedPartyIndustryKindCode']
2020/07/14 15:56:21:965 DEBUG com.sinosoft.test.base.TestBase:76 - Trying to find Element By : By.xpath: //table[@id='InsuredRelatedParty']/tbody/tr[@id='InsuredGuRelatedPartyVocation']/td/input[@name='InsuredGuRelatedPartyIndustryKindCode']
2020/07/14 15:56:22:088 DEBUG com.sinosoft.test.base.TestBase:80 - Found Element By : By.xpath: //table[@id='InsuredRelatedParty']/tbody/tr[@id='InsuredGuRelatedPartyVocation']/td/input[@name='InsuredGuRelatedPartyIndustryKindCode']
2020/07/14 15:56:22:089 DEBUG com.sinosoft.test.base.TestBase:63 - SetCodeEditBox:开始设置:[[InternetExplorerDriver: internet explorer on WINDOWS (963b2dab-693a-484b-900e-1b29f4e1db2b)] -> xpath: //table[@id='InsuredRelatedParty']/tbody/tr[@id='InsuredGuRelatedPartyVocation']/td/input[@name='InsuredGuRelatedPartyIndustryKindCode']] & Code=12006
2020/07/14 15:56:22:089 DEBUG com.sinosoft.test.base.TestBase:76 - Trying to find Element By : By.xpath: //table[@id='InsuredRelatedParty']/tbody/tr[@id='InsuredGuRelatedPartyVocation']/td/input[@name='InsuredGuRelatedPartyIndustryKindCode']
2020/07/14 15:56:22:185 DEBUG com.sinosoft.test.base.TestBase:80 - Found Element By : By.xpath: //table[@id='InsuredRelatedParty']/tbody/tr[@id='InsuredGuRelatedPartyVocation']/td/input[@name='InsuredGuRelatedPartyIndustryKindCode']
2020/07/14 15:56:22:620 DEBUG com.sinosoft.test.base.TestBase:76 - Trying to find Element By : By.xpath: //table[@id='InsuredRelatedParty']/tbody/tr[@id='InsuredGuRelatedPartyVocation']/td/input[@name='InsuredGuRelatedPartyIndustryKindCode']
2020/07/14 15:56:22:728 DEBUG com.sinosoft.test.base.TestBase:80 - Found Element By : By.xpath: //table[@id='InsuredRelatedParty']/tbody/tr[@id='InsuredGuRelatedPartyVocation']/td/input[@name='InsuredGuRelatedPartyIndustryKindCode']
2020/07/14 15:56:23:640 DEBUG com.sinosoft.test.base.TestBase:76 - Trying to find Element By : By.xpath: //table[@id='InsuredRelatedParty']/tbody/tr[@id='InsuredGuRelatedPartyVocation']/td/input[@name='InsuredGuRelatedPartyIndustryKindCode']
2020/07/14 15:56:23:709 DEBUG com.sinosoft.test.base.TestBase:80 - Found Element By : By.xpath: //table[@id='InsuredRelatedParty']/tbody/tr[@id='InsuredGuRelatedPartyVocation']/td/input[@name='InsuredGuRelatedPartyIndustryKindCode']
2020/07/14 15:56:23:709 DEBUG com.sinosoft.test.base.TestBase:76 - Trying to find Element By : By.xpath: ../input[last()]
2020/07/14 15:56:23:805 DEBUG com.sinosoft.test.base.TestBase:80 - Found Element By : By.xpath: ../input[last()]
2020/07/14 15:56:23:983  INFO com.sinosoft.test.base.TestBase:71 - SetCodeEditBox:找到了Code对应的文本显示框并点击触发显示:InsuredGuRelatedPartyIndustryKindCName
2020/07/14 15:56:23:985 DEBUG com.sinosoft.test.base.TestBase:42 - Trying to click on: [[[[InternetExplorerDriver: internet explorer on WINDOWS (963b2dab-693a-484b-900e-1b29f4e1db2b)] -> xpath: //table[@id='InsuredRelatedParty']/tbody/tr[@id='InsuredGuRelatedPartyVocation']/td/input[@name='InsuredGuRelatedPartyIndustryKindCode']]] -> xpath: ../input[last()]]
2020/07/14 15:56:25:279 DEBUG com.sinosoft.test.base.TestBase:46 - Clicked on: [[[[InternetExplorerDriver: internet explorer on WINDOWS (963b2dab-693a-484b-900e-1b29f4e1db2b)] -> xpath: //table[@id='InsuredRelatedParty']/tbody/tr[@id='InsuredGuRelatedPartyVocation']/td/input[@name='InsuredGuRelatedPartyIndustryKindCode']]] -> xpath: ../input[last()]]
2020/07/14 15:56:25:480 DEBUG com.sinosoft.test.base.TestBase:76 - Trying to find Element By : By.xpath: //table[@id='InsuredRelatedParty']/tbody/tr[@id='InsuredGuRelatedPartyVocation']/td/input[@name='InsuredGuRelatedPartyIndustryKindCode']
2020/07/14 15:56:25:570 DEBUG com.sinosoft.test.base.TestBase:80 - Found Element By : By.xpath: //table[@id='InsuredRelatedParty']/tbody/tr[@id='InsuredGuRelatedPartyVocation']/td/input[@name='InsuredGuRelatedPartyIndustryKindCode']
2020/07/14 15:56:25:570 DEBUG com.sinosoft.test.base.TestBase:87 - SetCodeEditBox:设置完毕[[InternetExplorerDriver: internet explorer on WINDOWS (963b2dab-693a-484b-900e-1b29f4e1db2b)] -> xpath: //table[@id='InsuredRelatedParty']/tbody/tr[@id='InsuredGuRelatedPartyVocation']/td/input[@name='InsuredGuRelatedPartyIndustryKindCode']],设置值 Code=12006
2020/07/14 15:56:25:571  INFO com.sinosoft.test.base.TestBase:157 - 保存险种基本信息
2020/07/14 15:56:25:571 DEBUG com.sinosoft.test.base.TestBase:76 - Trying to find Element By : By.id: saveButton
2020/07/14 15:56:25:664 DEBUG com.sinosoft.test.base.TestBase:80 - Found Element By : By.id: saveButton
2020/07/14 15:56:25:666  INFO com.sinosoft.test.base.TestBase:416 - jsClickButton:[[InternetExplorerDriver: internet explorer on WINDOWS (963b2dab-693a-484b-900e-1b29f4e1db2b)] -> id: saveButton]
2020/07/14 15:56:25:667 DEBUG com.sinosoft.test.base.TestBase:76 - Trying to find Element By : By.id: saveButton
2020/07/14 15:56:25:773 DEBUG com.sinosoft.test.base.TestBase:80 - Found Element By : By.id: saveButton
2020/07/14 15:56:25:773  INFO com.sinosoft.test.base.TestBase:144 - RunJavaScript:[[InternetExplorerDriver: internet explorer on WINDOWS (963b2dab-693a-484b-900e-1b29f4e1db2b)] -> id: saveButton]	arguments[0].click();
2020/07/14 15:56:25:774 DEBUG com.sinosoft.test.base.TestBase:76 - Trying to find Element By : By.id: saveButton
2020/07/14 15:56:25:872 DEBUG com.sinosoft.test.base.TestBase:80 - Found Element By : By.id: saveButton
2020/07/14 15:56:27:222 DEBUG com.sinosoft.test.base.TestBase:69 - 初始化class com.sinosoft.test.fccp.tbcl.RiskDetail_insuredObjPage
2020/07/14 15:56:33:166 DEBUG com.sinosoft.test.base.TestBase:76 - Trying to find Element By : By.id: ItemPropertyDetail
2020/07/14 15:56:33:303 DEBUG com.sinosoft.test.base.TestBase:80 - Found Element By : By.id: ItemPropertyDetail
2020/07/14 15:56:33:305 DEBUG com.sinosoft.test.base.TestBase:213 - 进入保险标的信息页面对象！
2020/07/14 15:56:33:305  INFO com.sinosoft.test.base.TestBase:222 - 开始录入标的物信息！
2020/07/14 15:56:33:316 DEBUG com.sinosoft.test.base.TestBase:69 - 初始化class com.sinosoft.test.fccp.tbcl.InsuredObjectInfoPage_0101
2020/07/14 15:56:33:318 DEBUG com.sinosoft.test.base.TestBase:76 - Trying to find Element By : By.name: GuItemPropertyBlockCode
2020/07/14 15:56:33:444 DEBUG com.sinosoft.test.base.TestBase:80 - Found Element By : By.name: GuItemPropertyBlockCode
2020/07/14 15:56:33:447  INFO com.sinosoft.test.base.TestBase:30 - 开始录入标的物信息！
2020/07/14 15:56:33:448 DEBUG com.sinosoft.test.base.TestBase:76 - Trying to find Element By : By.name: GuItemPropertyBlockCode
2020/07/14 15:56:33:580 DEBUG com.sinosoft.test.base.TestBase:80 - Found Element By : By.name: GuItemPropertyBlockCode
2020/07/14 15:56:33:580  INFO com.sinosoft.test.base.TestBase:388 - setEditboxTValue:[[InternetExplorerDriver: internet explorer on WINDOWS (963b2dab-693a-484b-900e-1b29f4e1db2b)] -> name: GuItemPropertyBlockCode]->121121123123
2020/07/14 15:56:33:580 DEBUG com.sinosoft.test.base.TestBase:76 - Trying to find Element By : By.name: GuItemPropertyBlockCode
2020/07/14 15:56:33:676 DEBUG com.sinosoft.test.base.TestBase:80 - Found Element By : By.name: GuItemPropertyBlockCode
2020/07/14 15:56:34:044 DEBUG com.sinosoft.test.base.TestBase:76 - Trying to find Element By : By.name: GuItemPropertyBlockCode
2020/07/14 15:56:34:130 DEBUG com.sinosoft.test.base.TestBase:80 - Found Element By : By.name: GuItemPropertyBlockCode
2020/07/14 15:56:39:778 DEBUG com.sinosoft.test.base.TestBase:76 - Trying to find Element By : By.name: GuItemPropertyCurrency
2020/07/14 15:56:39:902 DEBUG com.sinosoft.test.base.TestBase:80 - Found Element By : By.name: GuItemPropertyCurrency
2020/07/14 15:56:39:944 DEBUG com.sinosoft.test.base.TestBase:76 - Trying to find Element By : By.name: GuItemPropertyItemProvinceCode
2020/07/14 15:56:40:046 DEBUG com.sinosoft.test.base.TestBase:80 - Found Element By : By.name: GuItemPropertyItemProvinceCode
2020/07/14 15:56:40:087 DEBUG com.sinosoft.test.base.TestBase:76 - Trying to find Element By : By.name: GuItemPropertyItemProvinceCode
2020/07/14 15:56:40:205 DEBUG com.sinosoft.test.base.TestBase:80 - Found Element By : By.name: GuItemPropertyItemProvinceCode
2020/07/14 15:56:40:207 DEBUG com.sinosoft.test.base.TestBase:63 - SetCodeEditBox:开始设置:[[InternetExplorerDriver: internet explorer on WINDOWS (963b2dab-693a-484b-900e-1b29f4e1db2b)] -> name: GuItemPropertyItemProvinceCode] & Code=130000
2020/07/14 15:56:40:208 DEBUG com.sinosoft.test.base.TestBase:76 - Trying to find Element By : By.name: GuItemPropertyItemProvinceCode
2020/07/14 15:56:40:300 DEBUG com.sinosoft.test.base.TestBase:80 - Found Element By : By.name: GuItemPropertyItemProvinceCode
2020/07/14 15:56:40:677 DEBUG com.sinosoft.test.base.TestBase:76 - Trying to find Element By : By.name: GuItemPropertyItemProvinceCode
2020/07/14 15:56:40:759 DEBUG com.sinosoft.test.base.TestBase:80 - Found Element By : By.name: GuItemPropertyItemProvinceCode
2020/07/14 15:56:41:620 DEBUG com.sinosoft.test.base.TestBase:76 - Trying to find Element By : By.name: GuItemPropertyItemProvinceCode
2020/07/14 15:56:41:696 DEBUG com.sinosoft.test.base.TestBase:80 - Found Element By : By.name: GuItemPropertyItemProvinceCode
2020/07/14 15:56:41:696 DEBUG com.sinosoft.test.base.TestBase:76 - Trying to find Element By : By.xpath: ../input[last()]
2020/07/14 15:56:41:783 DEBUG com.sinosoft.test.base.TestBase:80 - Found Element By : By.xpath: ../input[last()]
2020/07/14 15:56:41:964  INFO com.sinosoft.test.base.TestBase:71 - SetCodeEditBox:找到了Code对应的文本显示框并点击触发显示:GuItemPropertyItemProvinceCName
2020/07/14 15:56:41:964 DEBUG com.sinosoft.test.base.TestBase:42 - Trying to click on: [[[[InternetExplorerDriver: internet explorer on WINDOWS (963b2dab-693a-484b-900e-1b29f4e1db2b)] -> name: GuItemPropertyItemProvinceCode]] -> xpath: ../input[last()]]
2020/07/14 15:56:43:403 DEBUG com.sinosoft.test.base.TestBase:46 - Clicked on: [[[[InternetExplorerDriver: internet explorer on WINDOWS (963b2dab-693a-484b-900e-1b29f4e1db2b)] -> name: GuItemPropertyItemProvinceCode]] -> xpath: ../input[last()]]
2020/07/14 15:56:43:603 DEBUG com.sinosoft.test.base.TestBase:76 - Trying to find Element By : By.name: GuItemPropertyItemProvinceCode
2020/07/14 15:56:43:723 DEBUG com.sinosoft.test.base.TestBase:80 - Found Element By : By.name: GuItemPropertyItemProvinceCode
2020/07/14 15:56:43:723 DEBUG com.sinosoft.test.base.TestBase:87 - SetCodeEditBox:设置完毕[[InternetExplorerDriver: internet explorer on WINDOWS (963b2dab-693a-484b-900e-1b29f4e1db2b)] -> name: GuItemPropertyItemProvinceCode],设置值 Code=130000
2020/07/14 15:56:43:723 DEBUG com.sinosoft.test.base.TestBase:76 - Trying to find Element By : By.name: GuItemPropertyItemCityCode
2020/07/14 15:56:43:847 DEBUG com.sinosoft.test.base.TestBase:80 - Found Element By : By.name: GuItemPropertyItemCityCode
2020/07/14 15:56:43:922 DEBUG com.sinosoft.test.base.TestBase:76 - Trying to find Element By : By.name: GuItemPropertyItemCityCode
2020/07/14 15:56:44:029 DEBUG com.sinosoft.test.base.TestBase:80 - Found Element By : By.name: GuItemPropertyItemCityCode
2020/07/14 15:56:44:030 DEBUG com.sinosoft.test.base.TestBase:63 - SetCodeEditBox:开始设置:[[InternetExplorerDriver: internet explorer on WINDOWS (963b2dab-693a-484b-900e-1b29f4e1db2b)] -> name: GuItemPropertyItemCityCode] & Code=130300
2020/07/14 15:56:44:030 DEBUG com.sinosoft.test.base.TestBase:76 - Trying to find Element By : By.name: GuItemPropertyItemCityCode
2020/07/14 15:56:44:140 DEBUG com.sinosoft.test.base.TestBase:80 - Found Element By : By.name: GuItemPropertyItemCityCode
2020/07/14 15:56:44:508 DEBUG com.sinosoft.test.base.TestBase:76 - Trying to find Element By : By.name: GuItemPropertyItemCityCode
2020/07/14 15:56:44:604 DEBUG com.sinosoft.test.base.TestBase:80 - Found Element By : By.name: GuItemPropertyItemCityCode
2020/07/14 15:56:45:438 DEBUG com.sinosoft.test.base.TestBase:76 - Trying to find Element By : By.name: GuItemPropertyItemCityCode
2020/07/14 15:56:45:542 DEBUG com.sinosoft.test.base.TestBase:80 - Found Element By : By.name: GuItemPropertyItemCityCode
2020/07/14 15:56:45:542 DEBUG com.sinosoft.test.base.TestBase:76 - Trying to find Element By : By.xpath: ../input[last()]
2020/07/14 15:56:45:638 DEBUG com.sinosoft.test.base.TestBase:80 - Found Element By : By.xpath: ../input[last()]
2020/07/14 15:56:45:818  INFO com.sinosoft.test.base.TestBase:71 - SetCodeEditBox:找到了Code对应的文本显示框并点击触发显示:GuItemPropertyItemCityCName
2020/07/14 15:56:45:818 DEBUG com.sinosoft.test.base.TestBase:42 - Trying to click on: [[[[InternetExplorerDriver: internet explorer on WINDOWS (963b2dab-693a-484b-900e-1b29f4e1db2b)] -> name: GuItemPropertyItemCityCode]] -> xpath: ../input[last()]]
2020/07/14 15:56:47:227 DEBUG com.sinosoft.test.base.TestBase:46 - Clicked on: [[[[InternetExplorerDriver: internet explorer on WINDOWS (963b2dab-693a-484b-900e-1b29f4e1db2b)] -> name: GuItemPropertyItemCityCode]] -> xpath: ../input[last()]]
2020/07/14 15:56:47:428 DEBUG com.sinosoft.test.base.TestBase:76 - Trying to find Element By : By.name: GuItemPropertyItemCityCode
2020/07/14 15:56:47:536 DEBUG com.sinosoft.test.base.TestBase:80 - Found Element By : By.name: GuItemPropertyItemCityCode
2020/07/14 15:56:47:536 DEBUG com.sinosoft.test.base.TestBase:87 - SetCodeEditBox:设置完毕[[InternetExplorerDriver: internet explorer on WINDOWS (963b2dab-693a-484b-900e-1b29f4e1db2b)] -> name: GuItemPropertyItemCityCode],设置值 Code=130300
2020/07/14 15:56:47:537 DEBUG com.sinosoft.test.base.TestBase:76 - Trying to find Element By : By.name: GuItemPropertyItemPostalCode
2020/07/14 15:56:47:619 DEBUG com.sinosoft.test.base.TestBase:80 - Found Element By : By.name: GuItemPropertyItemPostalCode
2020/07/14 15:56:47:620  INFO com.sinosoft.test.base.TestBase:360 - setEditboxValue:[[InternetExplorerDriver: internet explorer on WINDOWS (963b2dab-693a-484b-900e-1b29f4e1db2b)] -> name: GuItemPropertyItemPostalCode]：065201
2020/07/14 15:56:47:620 DEBUG com.sinosoft.test.base.TestBase:76 - Trying to find Element By : By.name: GuItemPropertyItemPostalCode
2020/07/14 15:56:47:713 DEBUG com.sinosoft.test.base.TestBase:80 - Found Element By : By.name: GuItemPropertyItemPostalCode
2020/07/14 15:56:48:082 DEBUG com.sinosoft.test.base.TestBase:76 - Trying to find Element By : By.name: GuItemPropertyItemPostalCode
2020/07/14 15:56:48:188 DEBUG com.sinosoft.test.base.TestBase:80 - Found Element By : By.name: GuItemPropertyItemPostalCode
2020/07/14 15:56:48:834 DEBUG com.sinosoft.test.base.TestBase:76 - Trying to find Element By : By.name: GuItemPropertyItemPostalCode
2020/07/14 15:56:49:017 DEBUG com.sinosoft.test.base.TestBase:80 - Found Element By : By.name: GuItemPropertyItemPostalCode
2020/07/14 15:56:49:017  INFO com.sinosoft.test.base.TestBase:363 - setEditboxValue—End:[[InternetExplorerDriver: internet explorer on WINDOWS (963b2dab-693a-484b-900e-1b29f4e1db2b)] -> name: GuItemPropertyItemPostalCode]：065201
2020/07/14 15:56:49:018 DEBUG com.sinosoft.test.base.TestBase:76 - Trying to find Element By : By.name: GuItemPropertyConstruction
2020/07/14 15:56:49:149 DEBUG com.sinosoft.test.base.TestBase:80 - Found Element By : By.name: GuItemPropertyConstruction
2020/07/14 15:56:49:200 DEBUG com.sinosoft.test.base.TestBase:76 - Trying to find Element By : By.name: GuItemPropertySituation
2020/07/14 15:56:49:316 DEBUG com.sinosoft.test.base.TestBase:80 - Found Element By : By.name: GuItemPropertySituation
2020/07/14 15:56:49:316  INFO com.sinosoft.test.base.TestBase:360 - setEditboxValue:[[InternetExplorerDriver: internet explorer on WINDOWS (963b2dab-693a-484b-900e-1b29f4e1db2b)] -> name: GuItemPropertySituation]：北戴河公园
2020/07/14 15:56:49:316 DEBUG com.sinosoft.test.base.TestBase:76 - Trying to find Element By : By.name: GuItemPropertySituation
2020/07/14 15:56:49:435 DEBUG com.sinosoft.test.base.TestBase:80 - Found Element By : By.name: GuItemPropertySituation
2020/07/14 15:56:49:798 DEBUG com.sinosoft.test.base.TestBase:76 - Trying to find Element By : By.name: GuItemPropertySituation
2020/07/14 15:56:49:914 DEBUG com.sinosoft.test.base.TestBase:80 - Found Element By : By.name: GuItemPropertySituation
2020/07/14 15:56:50:532 DEBUG com.sinosoft.test.base.TestBase:76 - Trying to find Element By : By.name: GuItemPropertySituation
2020/07/14 15:56:50:626 DEBUG com.sinosoft.test.base.TestBase:80 - Found Element By : By.name: GuItemPropertySituation
2020/07/14 15:56:50:628  INFO com.sinosoft.test.base.TestBase:363 - setEditboxValue—End:[[InternetExplorerDriver: internet explorer on WINDOWS (963b2dab-693a-484b-900e-1b29f4e1db2b)] -> name: GuItemPropertySituation]：北戴河公园
2020/07/14 15:56:50:629 DEBUG com.sinosoft.test.base.TestBase:232 - 开始录入险种明细信息
2020/07/14 15:56:50:630 DEBUG com.sinosoft.test.base.TestBase:76 - Trying to find Element By : By.id: ItemPropertyDetail
2020/07/14 15:56:50:722 DEBUG com.sinosoft.test.base.TestBase:80 - Found Element By : By.id: ItemPropertyDetail
2020/07/14 15:56:50:722  INFO com.sinosoft.test.base.TestBase:406 - clickElement:[[InternetExplorerDriver: internet explorer on WINDOWS (963b2dab-693a-484b-900e-1b29f4e1db2b)] -> id: ItemPropertyDetail]
2020/07/14 15:56:50:722 DEBUG com.sinosoft.test.base.TestBase:76 - Trying to find Element By : By.id: ItemPropertyDetail
2020/07/14 15:56:50:826 DEBUG com.sinosoft.test.base.TestBase:80 - Found Element By : By.id: ItemPropertyDetail
2020/07/14 15:56:50:826 DEBUG com.sinosoft.test.base.TestBase:42 - Trying to click on: [[InternetExplorerDriver: internet explorer on WINDOWS (963b2dab-693a-484b-900e-1b29f4e1db2b)] -> id: ItemPropertyDetail]
2020/07/14 15:56:52:427 DEBUG com.sinosoft.test.base.TestBase:46 - Clicked on: [[InternetExplorerDriver: internet explorer on WINDOWS (963b2dab-693a-484b-900e-1b29f4e1db2b)] -> id: ItemPropertyDetail]
2020/07/14 15:56:52:428 DEBUG com.sinosoft.test.base.TestBase:76 - Trying to find Element By : By.id: ItemPropertyDetail
2020/07/14 15:56:52:532 DEBUG com.sinosoft.test.base.TestBase:80 - Found Element By : By.id: ItemPropertyDetail
2020/07/14 15:56:52:533 DEBUG com.sinosoft.test.base.TestBase:76 - Trying to find Element By : By.name: GuItemPropertyDetailItemDetailCode
2020/07/14 15:56:52:617 DEBUG com.sinosoft.test.base.TestBase:80 - Found Element By : By.name: GuItemPropertyDetailItemDetailCode
2020/07/14 15:56:52:617 DEBUG com.sinosoft.test.base.TestBase:76 - Trying to find Element By : By.id: ItemPropertyDetail
2020/07/14 15:56:52:702 DEBUG com.sinosoft.test.base.TestBase:80 - Found Element By : By.id: ItemPropertyDetail
2020/07/14 15:56:52:703 DEBUG com.sinosoft.test.base.TestBase:76 - Trying to find Element By : By.name: GuItemPropertyDetailItemDetailList
2020/07/14 15:56:52:817 DEBUG com.sinosoft.test.base.TestBase:80 - Found Element By : By.name: GuItemPropertyDetailItemDetailList
2020/07/14 15:56:52:903 DEBUG com.sinosoft.test.base.TestBase:42 - CodeSelect:开始设置[[[[InternetExplorerDriver: internet explorer on WINDOWS (963b2dab-693a-484b-900e-1b29f4e1db2b)] -> id: ItemPropertyDetail]] -> name: GuItemPropertyDetailItemDetailCode] & Code=010001
2020/07/14 15:56:54:461 DEBUG com.sinosoft.test.base.TestBase:272 - 系统窗口【黄河财险业务系统】with handle -6428f551-62ea-484d-8349-86e6e5a67097
2020/07/14 15:56:55:162 DEBUG com.sinosoft.test.base.TestBase:272 - 系统窗口【黄河财险业务系统】with handle -6428f551-62ea-484d-8349-86e6e5a67097
2020/07/14 15:56:55:843 DEBUG com.sinosoft.test.base.TestBase:272 - 系统窗口【Code Select】with handle -e2cd44c9-4ba7-44c7-a9a0-42da3cb24f86
2020/07/14 15:56:56:364 DEBUG com.sinosoft.test.base.TestBase:69 - 初始化class com.sinosoft.test.fccp.common.CodeSelectPage
2020/07/14 15:56:56:365 DEBUG com.sinosoft.test.base.TestBase:39 - 基础码表选择！
2020/07/14 15:56:56:365 DEBUG com.sinosoft.test.base.TestBase:76 - Trying to find Element By : By.name: fieldValue
2020/07/14 15:56:56:663 DEBUG com.sinosoft.test.base.TestBase:80 - Found Element By : By.name: fieldValue
2020/07/14 15:56:56:664  INFO com.sinosoft.test.base.TestBase:360 - setEditboxValue:[[InternetExplorerDriver: internet explorer on WINDOWS (963b2dab-693a-484b-900e-1b29f4e1db2b)] -> name: fieldValue]：010001
2020/07/14 15:56:58:124  INFO com.sinosoft.test.base.TestBase:363 - setEditboxValue—End:[[InternetExplorerDriver: internet explorer on WINDOWS (963b2dab-693a-484b-900e-1b29f4e1db2b)] -> name: fieldValue]：010001
2020/07/14 15:56:58:124 DEBUG com.sinosoft.test.base.TestBase:76 - Trying to find Element By : By.xpath: //input[@value='查询(Q)']
2020/07/14 15:56:58:430 DEBUG com.sinosoft.test.base.TestBase:80 - Found Element By : By.xpath: //input[@value='查询(Q)']
2020/07/14 15:56:58:431  INFO com.sinosoft.test.base.TestBase:402 - clickButton:[[InternetExplorerDriver: internet explorer on WINDOWS (963b2dab-693a-484b-900e-1b29f4e1db2b)] -> xpath: //input[@value='查询(Q)']]
2020/07/14 15:56:58:431 DEBUG com.sinosoft.test.base.TestBase:42 - Trying to click on: [[InternetExplorerDriver: internet explorer on WINDOWS (963b2dab-693a-484b-900e-1b29f4e1db2b)] -> xpath: //input[@value='查询(Q)']]
2020/07/14 15:57:00:082 DEBUG com.sinosoft.test.base.TestBase:46 - Clicked on: [[InternetExplorerDriver: internet explorer on WINDOWS (963b2dab-693a-484b-900e-1b29f4e1db2b)] -> xpath: //input[@value='查询(Q)']]
2020/07/14 15:57:00:083 DEBUG com.sinosoft.test.base.TestBase:76 - Trying to find Element By : By.name: codeselect
2020/07/14 15:57:00:405 DEBUG com.sinosoft.test.base.TestBase:80 - Found Element By : By.name: codeselect
2020/07/14 15:57:00:405  INFO com.sinosoft.test.base.TestBase:132 - setFuzzySelect:[[InternetExplorerDriver: internet explorer on WINDOWS (963b2dab-693a-484b-900e-1b29f4e1db2b)] -> name: codeselect]->010001
2020/07/14 15:57:00:996 DEBUG com.sinosoft.test.base.TestBase:76 - Trying to find Element By : By.tagName: option
2020/07/14 15:57:01:333 DEBUG com.sinosoft.test.base.TestBase:80 - Found Element By : By.tagName: option
2020/07/14 15:57:01:649  INFO com.sinosoft.test.base.TestBase:142 - 找到匹配【010001】的选项：010001--固定资产
2020/07/14 15:57:01:650 DEBUG com.sinosoft.test.base.TestBase:76 - Trying to find Element By : By.xpath: .//option[normalize-space(.) = "010001--固定资产"]
2020/07/14 15:57:01:975 DEBUG com.sinosoft.test.base.TestBase:80 - Found Element By : By.xpath: .//option[normalize-space(.) = "010001--固定资产"]
2020/07/14 15:57:02:311 DEBUG com.sinosoft.test.base.TestBase:42 - Trying to click on: [[[[InternetExplorerDriver: internet explorer on WINDOWS (963b2dab-693a-484b-900e-1b29f4e1db2b)] -> name: codeselect]] -> xpath: .//option[normalize-space(.) = "010001--固定资产"]]
2020/07/14 15:57:02:810 DEBUG com.sinosoft.test.base.TestBase:46 - Clicked on: [[[[InternetExplorerDriver: internet explorer on WINDOWS (963b2dab-693a-484b-900e-1b29f4e1db2b)] -> name: codeselect]] -> xpath: .//option[normalize-space(.) = "010001--固定资产"]]
2020/07/14 15:57:02:811 DEBUG com.sinosoft.test.base.TestBase:151 - setFuzzySelect 结束！
2020/07/14 15:57:02:811 DEBUG com.sinosoft.test.base.TestBase:76 - Trying to find Element By : By.name: SelectIt
2020/07/14 15:57:03:121 DEBUG com.sinosoft.test.base.TestBase:80 - Found Element By : By.name: SelectIt
2020/07/14 15:57:03:121  INFO com.sinosoft.test.base.TestBase:416 - jsClickButton:[[InternetExplorerDriver: internet explorer on WINDOWS (963b2dab-693a-484b-900e-1b29f4e1db2b)] -> name: SelectIt]
2020/07/14 15:57:03:122  INFO com.sinosoft.test.base.TestBase:144 - RunJavaScript:[[InternetExplorerDriver: internet explorer on WINDOWS (963b2dab-693a-484b-900e-1b29f4e1db2b)] -> name: SelectIt]	arguments[0].click();
2020/07/14 15:57:03:921 DEBUG com.sinosoft.test.base.TestBase:272 - 系统窗口【黄河财险业务系统】with handle -6428f551-62ea-484d-8349-86e6e5a67097
2020/07/14 15:57:09:249 DEBUG com.sinosoft.test.base.TestBase:49 - CodeSelect:设置完毕[[[[InternetExplorerDriver: internet explorer on WINDOWS (963b2dab-693a-484b-900e-1b29f4e1db2b)] -> id: ItemPropertyDetail]] -> name: GuItemPropertyDetailItemDetailCode] & Code=010001
2020/07/14 15:57:09:250  INFO com.sinosoft.test.base.TestBase:360 - setEditboxValue:[[[[InternetExplorerDriver: internet explorer on WINDOWS (963b2dab-693a-484b-900e-1b29f4e1db2b)] -> id: ItemPropertyDetail]] -> name: GuItemPropertyDetailItemDetailList]：碣石公园礁石群
2020/07/14 15:57:10:398  INFO com.sinosoft.test.base.TestBase:363 - setEditboxValue—End:[[[[InternetExplorerDriver: internet explorer on WINDOWS (963b2dab-693a-484b-900e-1b29f4e1db2b)] -> id: ItemPropertyDetail]] -> name: GuItemPropertyDetailItemDetailList]：碣石公园礁石群
2020/07/14 15:57:10:398 DEBUG com.sinosoft.test.base.TestBase:76 - Trying to find Element By : By.id: ItemPropertyDetail
2020/07/14 15:57:10:501 DEBUG com.sinosoft.test.base.TestBase:80 - Found Element By : By.id: ItemPropertyDetail
2020/07/14 15:57:10:502 DEBUG com.sinosoft.test.base.TestBase:76 - Trying to find Element By : By.name: GuItemKindKindCode
2020/07/14 15:57:10:597 DEBUG com.sinosoft.test.base.TestBase:80 - Found Element By : By.name: GuItemKindKindCode
2020/07/14 15:57:10:694 DEBUG com.sinosoft.test.base.TestBase:42 - CodeSelect:开始设置[[[[InternetExplorerDriver: internet explorer on WINDOWS (963b2dab-693a-484b-900e-1b29f4e1db2b)] -> id: ItemPropertyDetail]] -> name: GuItemKindKindCode] & Code=0101001
2020/07/14 15:57:12:397 DEBUG com.sinosoft.test.base.TestBase:272 - 系统窗口【黄河财险业务系统】with handle -6428f551-62ea-484d-8349-86e6e5a67097
2020/07/14 15:57:13:082 DEBUG com.sinosoft.test.base.TestBase:272 - 系统窗口【黄河财险业务系统】with handle -6428f551-62ea-484d-8349-86e6e5a67097
2020/07/14 15:57:13:751 DEBUG com.sinosoft.test.base.TestBase:272 - 系统窗口【Code Select】with handle -61e82fbf-d2d7-4bfa-8e9e-81f0f9e3617d
2020/07/14 15:57:14:272 DEBUG com.sinosoft.test.base.TestBase:69 - 初始化class com.sinosoft.test.fccp.common.CodeSelectPage
2020/07/14 15:57:14:277 DEBUG com.sinosoft.test.base.TestBase:39 - 基础码表选择！
2020/07/14 15:57:14:278 DEBUG com.sinosoft.test.base.TestBase:76 - Trying to find Element By : By.name: fieldValue
2020/07/14 15:57:14:600 DEBUG com.sinosoft.test.base.TestBase:80 - Found Element By : By.name: fieldValue
2020/07/14 15:57:14:601  INFO com.sinosoft.test.base.TestBase:360 - setEditboxValue:[[InternetExplorerDriver: internet explorer on WINDOWS (963b2dab-693a-484b-900e-1b29f4e1db2b)] -> name: fieldValue]：0101001
2020/07/14 15:57:16:078  INFO com.sinosoft.test.base.TestBase:363 - setEditboxValue—End:[[InternetExplorerDriver: internet explorer on WINDOWS (963b2dab-693a-484b-900e-1b29f4e1db2b)] -> name: fieldValue]：0101001
2020/07/14 15:57:16:078 DEBUG com.sinosoft.test.base.TestBase:76 - Trying to find Element By : By.xpath: //input[@value='查询(Q)']
2020/07/14 15:57:16:379 DEBUG com.sinosoft.test.base.TestBase:80 - Found Element By : By.xpath: //input[@value='查询(Q)']
2020/07/14 15:57:16:379  INFO com.sinosoft.test.base.TestBase:402 - clickButton:[[InternetExplorerDriver: internet explorer on WINDOWS (963b2dab-693a-484b-900e-1b29f4e1db2b)] -> xpath: //input[@value='查询(Q)']]
2020/07/14 15:57:16:380 DEBUG com.sinosoft.test.base.TestBase:42 - Trying to click on: [[InternetExplorerDriver: internet explorer on WINDOWS (963b2dab-693a-484b-900e-1b29f4e1db2b)] -> xpath: //input[@value='查询(Q)']]
2020/07/14 15:57:18:030 DEBUG com.sinosoft.test.base.TestBase:46 - Clicked on: [[InternetExplorerDriver: internet explorer on WINDOWS (963b2dab-693a-484b-900e-1b29f4e1db2b)] -> xpath: //input[@value='查询(Q)']]
2020/07/14 15:57:18:031 DEBUG com.sinosoft.test.base.TestBase:76 - Trying to find Element By : By.name: codeselect
2020/07/14 15:57:18:347 DEBUG com.sinosoft.test.base.TestBase:80 - Found Element By : By.name: codeselect
2020/07/14 15:57:18:348  INFO com.sinosoft.test.base.TestBase:132 - setFuzzySelect:[[InternetExplorerDriver: internet explorer on WINDOWS (963b2dab-693a-484b-900e-1b29f4e1db2b)] -> name: codeselect]->0101001
2020/07/14 15:57:18:916 DEBUG com.sinosoft.test.base.TestBase:76 - Trying to find Element By : By.tagName: option
2020/07/14 15:57:19:253 DEBUG com.sinosoft.test.base.TestBase:80 - Found Element By : By.tagName: option
2020/07/14 15:57:19:566  INFO com.sinosoft.test.base.TestBase:142 - 找到匹配【0101001】的选项：0101001--财产基本险（2019版）
2020/07/14 15:57:19:566 DEBUG com.sinosoft.test.base.TestBase:76 - Trying to find Element By : By.xpath: .//option[normalize-space(.) = "0101001--财产基本险（2019版）"]
2020/07/14 15:57:19:895 DEBUG com.sinosoft.test.base.TestBase:80 - Found Element By : By.xpath: .//option[normalize-space(.) = "0101001--财产基本险（2019版）"]
2020/07/14 15:57:20:204 DEBUG com.sinosoft.test.base.TestBase:42 - Trying to click on: [[[[InternetExplorerDriver: internet explorer on WINDOWS (963b2dab-693a-484b-900e-1b29f4e1db2b)] -> name: codeselect]] -> xpath: .//option[normalize-space(.) = "0101001--财产基本险（2019版）"]]
2020/07/14 15:57:20:711 DEBUG com.sinosoft.test.base.TestBase:46 - Clicked on: [[[[InternetExplorerDriver: internet explorer on WINDOWS (963b2dab-693a-484b-900e-1b29f4e1db2b)] -> name: codeselect]] -> xpath: .//option[normalize-space(.) = "0101001--财产基本险（2019版）"]]
2020/07/14 15:57:20:711 DEBUG com.sinosoft.test.base.TestBase:151 - setFuzzySelect 结束！
2020/07/14 15:57:20:712 DEBUG com.sinosoft.test.base.TestBase:76 - Trying to find Element By : By.name: SelectIt
2020/07/14 15:57:21:013 DEBUG com.sinosoft.test.base.TestBase:80 - Found Element By : By.name: SelectIt
2020/07/14 15:57:21:014  INFO com.sinosoft.test.base.TestBase:416 - jsClickButton:[[InternetExplorerDriver: internet explorer on WINDOWS (963b2dab-693a-484b-900e-1b29f4e1db2b)] -> name: SelectIt]
2020/07/14 15:57:21:014  INFO com.sinosoft.test.base.TestBase:144 - RunJavaScript:[[InternetExplorerDriver: internet explorer on WINDOWS (963b2dab-693a-484b-900e-1b29f4e1db2b)] -> name: SelectIt]	arguments[0].click();
2020/07/14 15:57:21:893 DEBUG com.sinosoft.test.base.TestBase:272 - 系统窗口【黄河财险业务系统】with handle -6428f551-62ea-484d-8349-86e6e5a67097
2020/07/14 15:57:27:503 DEBUG com.sinosoft.test.base.TestBase:49 - CodeSelect:设置完毕[[[[InternetExplorerDriver: internet explorer on WINDOWS (963b2dab-693a-484b-900e-1b29f4e1db2b)] -> id: ItemPropertyDetail]] -> name: GuItemKindKindCode] & Code=0101001
2020/07/14 15:57:27:503 DEBUG com.sinosoft.test.base.TestBase:76 - Trying to find Element By : By.id: ItemPropertyDetail
2020/07/14 15:57:27:607 DEBUG com.sinosoft.test.base.TestBase:80 - Found Element By : By.id: ItemPropertyDetail
2020/07/14 15:57:27:607 DEBUG com.sinosoft.test.base.TestBase:76 - Trying to find Element By : By.name: GuItemKindCalculateInd
2020/07/14 15:57:27:738 DEBUG com.sinosoft.test.base.TestBase:80 - Found Element By : By.name: GuItemKindCalculateInd
2020/07/14 15:57:27:801 DEBUG com.sinosoft.test.base.TestBase:76 - Trying to find Element By : By.id: ItemPropertyDetail
2020/07/14 15:57:27:972 DEBUG com.sinosoft.test.base.TestBase:80 - Found Element By : By.id: ItemPropertyDetail
2020/07/14 15:57:27:973 DEBUG com.sinosoft.test.base.TestBase:76 - Trying to find Element By : By.name: GuItemKindValueType
2020/07/14 15:57:28:139 DEBUG com.sinosoft.test.base.TestBase:80 - Found Element By : By.name: GuItemKindValueType
2020/07/14 15:57:28:140  INFO com.sinosoft.test.base.TestBase:96 - setSelectWithStartText:[[[[InternetExplorerDriver: internet explorer on WINDOWS (963b2dab-693a-484b-900e-1b29f4e1db2b)] -> id: ItemPropertyDetail]] -> name: GuItemKindValueType]->10
2020/07/14 15:57:28:255 DEBUG com.sinosoft.test.base.TestBase:76 - Trying to find Element By : By.tagName: option
2020/07/14 15:57:28:717 DEBUG com.sinosoft.test.base.TestBase:80 - Found Element By : By.tagName: option
2020/07/14 15:57:29:010  INFO com.sinosoft.test.base.TestBase:114 - 找到匹配【10】的选项：10-出险时市场价值
2020/07/14 15:57:29:020 DEBUG com.sinosoft.test.base.TestBase:76 - Trying to find Element By : By.xpath: .//option[normalize-space(.) = "10-出险时市场价值"]
2020/07/14 15:57:29:149 DEBUG com.sinosoft.test.base.TestBase:80 - Found Element By : By.xpath: .//option[normalize-space(.) = "10-出险时市场价值"]
2020/07/14 15:57:29:219 DEBUG com.sinosoft.test.base.TestBase:42 - Trying to click on: [[[[[[InternetExplorerDriver: internet explorer on WINDOWS (963b2dab-693a-484b-900e-1b29f4e1db2b)] -> id: ItemPropertyDetail]] -> name: GuItemKindValueType]] -> xpath: .//option[normalize-space(.) = "10-出险时市场价值"]]
2020/07/14 15:57:29:566 DEBUG com.sinosoft.test.base.TestBase:46 - Clicked on: [[[[[[InternetExplorerDriver: internet explorer on WINDOWS (963b2dab-693a-484b-900e-1b29f4e1db2b)] -> id: ItemPropertyDetail]] -> name: GuItemKindValueType]] -> xpath: .//option[normalize-space(.) = "10-出险时市场价值"]]
2020/07/14 15:57:29:566 DEBUG com.sinosoft.test.base.TestBase:123 - setSelectWithStartText 结束！
2020/07/14 15:57:29:566 DEBUG com.sinosoft.test.base.TestBase:76 - Trying to find Element By : By.id: ItemPropertyDetail
2020/07/14 15:57:29:659 DEBUG com.sinosoft.test.base.TestBase:80 - Found Element By : By.id: ItemPropertyDetail
2020/07/14 15:57:29:660 DEBUG com.sinosoft.test.base.TestBase:76 - Trying to find Element By : By.name: GuItemKindSumInsured
2020/07/14 15:57:29:768 DEBUG com.sinosoft.test.base.TestBase:80 - Found Element By : By.name: GuItemKindSumInsured
2020/07/14 15:57:29:769  INFO com.sinosoft.test.base.TestBase:360 - setEditboxValue:[[[[InternetExplorerDriver: internet explorer on WINDOWS (963b2dab-693a-484b-900e-1b29f4e1db2b)] -> id: ItemPropertyDetail]] -> name: GuItemKindSumInsured]：2000000
2020/07/14 15:57:30:833  INFO com.sinosoft.test.base.TestBase:363 - setEditboxValue—End:[[[[InternetExplorerDriver: internet explorer on WINDOWS (963b2dab-693a-484b-900e-1b29f4e1db2b)] -> id: ItemPropertyDetail]] -> name: GuItemKindSumInsured]：2000000
2020/07/14 15:57:30:833 DEBUG com.sinosoft.test.base.TestBase:76 - Trying to find Element By : By.xpath: //table[@id='ItemPropertyDetailKind']/tbody/tr/td/input[@name='GuItemKindRate']
2020/07/14 15:57:30:971 DEBUG com.sinosoft.test.base.TestBase:80 - Found Element By : By.xpath: //table[@id='ItemPropertyDetailKind']/tbody/tr/td/input[@name='GuItemKindRate']
2020/07/14 15:57:30:971  INFO com.sinosoft.test.base.TestBase:388 - setEditboxTValue:[[InternetExplorerDriver: internet explorer on WINDOWS (963b2dab-693a-484b-900e-1b29f4e1db2b)] -> xpath: //table[@id='ItemPropertyDetailKind']/tbody/tr/td/input[@name='GuItemKindRate']]->0.5
2020/07/14 15:57:30:972 DEBUG com.sinosoft.test.base.TestBase:76 - Trying to find Element By : By.xpath: //table[@id='ItemPropertyDetailKind']/tbody/tr/td/input[@name='GuItemKindRate']
2020/07/14 15:57:31:041 DEBUG com.sinosoft.test.base.TestBase:80 - Found Element By : By.xpath: //table[@id='ItemPropertyDetailKind']/tbody/tr/td/input[@name='GuItemKindRate']
2020/07/14 15:57:31:446 DEBUG com.sinosoft.test.base.TestBase:76 - Trying to find Element By : By.xpath: //table[@id='ItemPropertyDetailKind']/tbody/tr/td/input[@name='GuItemKindRate']
2020/07/14 15:57:31:530 DEBUG com.sinosoft.test.base.TestBase:80 - Found Element By : By.xpath: //table[@id='ItemPropertyDetailKind']/tbody/tr/td/input[@name='GuItemKindRate']
2020/07/14 15:57:37:163 DEBUG com.sinosoft.test.base.TestBase:76 - Trying to find Element By : By.xpath: //table[@id='ItemPropertyDetailKind']/tbody/tr/td/input[@name='GuItemKindShortRateFlag']
2020/07/14 15:57:37:258 DEBUG com.sinosoft.test.base.TestBase:80 - Found Element By : By.xpath: //table[@id='ItemPropertyDetailKind']/tbody/tr/td/input[@name='GuItemKindShortRateFlag']
2020/07/14 15:57:37:302 DEBUG com.sinosoft.test.base.TestBase:76 - Trying to find Element By : By.xpath: //table[@id='ItemPropertyDetailKind']/tbody/tr/td/input[@name='GuItemKindShortRateFlag']
2020/07/14 15:57:37:395 DEBUG com.sinosoft.test.base.TestBase:80 - Found Element By : By.xpath: //table[@id='ItemPropertyDetailKind']/tbody/tr/td/input[@name='GuItemKindShortRateFlag']
2020/07/14 15:57:37:396 DEBUG com.sinosoft.test.base.TestBase:42 - CodeSelect:开始设置[[InternetExplorerDriver: internet explorer on WINDOWS (963b2dab-693a-484b-900e-1b29f4e1db2b)] -> xpath: //table[@id='ItemPropertyDetailKind']/tbody/tr/td/input[@name='GuItemKindShortRateFlag']] & Code=2
2020/07/14 15:57:37:396 DEBUG com.sinosoft.test.base.TestBase:76 - Trying to find Element By : By.xpath: //table[@id='ItemPropertyDetailKind']/tbody/tr/td/input[@name='GuItemKindShortRateFlag']
2020/07/14 15:57:37:467 DEBUG com.sinosoft.test.base.TestBase:80 - Found Element By : By.xpath: //table[@id='ItemPropertyDetailKind']/tbody/tr/td/input[@name='GuItemKindShortRateFlag']
2020/07/14 15:57:39:080 DEBUG com.sinosoft.test.base.TestBase:272 - 系统窗口【黄河财险业务系统】with handle -6428f551-62ea-484d-8349-86e6e5a67097
2020/07/14 15:57:39:841 DEBUG com.sinosoft.test.base.TestBase:272 - 系统窗口【黄河财险业务系统】with handle -6428f551-62ea-484d-8349-86e6e5a67097
2020/07/14 15:57:40:515 DEBUG com.sinosoft.test.base.TestBase:272 - 系统窗口【Code Select】with handle -e1a9509e-226e-485f-8e81-f2635c90b271
2020/07/14 15:57:41:040 DEBUG com.sinosoft.test.base.TestBase:69 - 初始化class com.sinosoft.test.fccp.common.CodeSelectPage
2020/07/14 15:57:41:041 DEBUG com.sinosoft.test.base.TestBase:39 - 基础码表选择！
2020/07/14 15:57:41:041 DEBUG com.sinosoft.test.base.TestBase:76 - Trying to find Element By : By.name: fieldValue
2020/07/14 15:57:41:349 DEBUG com.sinosoft.test.base.TestBase:80 - Found Element By : By.name: fieldValue
2020/07/14 15:57:41:350  INFO com.sinosoft.test.base.TestBase:360 - setEditboxValue:[[InternetExplorerDriver: internet explorer on WINDOWS (963b2dab-693a-484b-900e-1b29f4e1db2b)] -> name: fieldValue]：2
2020/07/14 15:57:42:821  INFO com.sinosoft.test.base.TestBase:363 - setEditboxValue—End:[[InternetExplorerDriver: internet explorer on WINDOWS (963b2dab-693a-484b-900e-1b29f4e1db2b)] -> name: fieldValue]：2
2020/07/14 15:57:42:822 DEBUG com.sinosoft.test.base.TestBase:76 - Trying to find Element By : By.xpath: //input[@value='查询(Q)']
2020/07/14 15:57:43:124 DEBUG com.sinosoft.test.base.TestBase:80 - Found Element By : By.xpath: //input[@value='查询(Q)']
2020/07/14 15:57:43:124  INFO com.sinosoft.test.base.TestBase:402 - clickButton:[[InternetExplorerDriver: internet explorer on WINDOWS (963b2dab-693a-484b-900e-1b29f4e1db2b)] -> xpath: //input[@value='查询(Q)']]
2020/07/14 15:57:43:124 DEBUG com.sinosoft.test.base.TestBase:42 - Trying to click on: [[InternetExplorerDriver: internet explorer on WINDOWS (963b2dab-693a-484b-900e-1b29f4e1db2b)] -> xpath: //input[@value='查询(Q)']]
2020/07/14 15:57:44:745 DEBUG com.sinosoft.test.base.TestBase:46 - Clicked on: [[InternetExplorerDriver: internet explorer on WINDOWS (963b2dab-693a-484b-900e-1b29f4e1db2b)] -> xpath: //input[@value='查询(Q)']]
2020/07/14 15:57:44:746 DEBUG com.sinosoft.test.base.TestBase:76 - Trying to find Element By : By.name: codeselect
2020/07/14 15:57:45:056 DEBUG com.sinosoft.test.base.TestBase:80 - Found Element By : By.name: codeselect
2020/07/14 15:57:45:057  INFO com.sinosoft.test.base.TestBase:132 - setFuzzySelect:[[InternetExplorerDriver: internet explorer on WINDOWS (963b2dab-693a-484b-900e-1b29f4e1db2b)] -> name: codeselect]->2
2020/07/14 15:57:45:623 DEBUG com.sinosoft.test.base.TestBase:76 - Trying to find Element By : By.tagName: option
2020/07/14 15:57:45:963 DEBUG com.sinosoft.test.base.TestBase:80 - Found Element By : By.tagName: option
2020/07/14 15:57:46:279  INFO com.sinosoft.test.base.TestBase:142 - 找到匹配【2】的选项：2--月比例
2020/07/14 15:57:46:281 DEBUG com.sinosoft.test.base.TestBase:76 - Trying to find Element By : By.xpath: .//option[normalize-space(.) = "2--月比例"]
2020/07/14 15:57:46:600 DEBUG com.sinosoft.test.base.TestBase:80 - Found Element By : By.xpath: .//option[normalize-space(.) = "2--月比例"]
2020/07/14 15:57:46:905 DEBUG com.sinosoft.test.base.TestBase:42 - Trying to click on: [[[[InternetExplorerDriver: internet explorer on WINDOWS (963b2dab-693a-484b-900e-1b29f4e1db2b)] -> name: codeselect]] -> xpath: .//option[normalize-space(.) = "2--月比例"]]
2020/07/14 15:57:47:394 DEBUG com.sinosoft.test.base.TestBase:46 - Clicked on: [[[[InternetExplorerDriver: internet explorer on WINDOWS (963b2dab-693a-484b-900e-1b29f4e1db2b)] -> name: codeselect]] -> xpath: .//option[normalize-space(.) = "2--月比例"]]
2020/07/14 15:57:47:394 DEBUG com.sinosoft.test.base.TestBase:151 - setFuzzySelect 结束！
2020/07/14 15:57:47:394 DEBUG com.sinosoft.test.base.TestBase:76 - Trying to find Element By : By.name: SelectIt
2020/07/14 15:57:47:693 DEBUG com.sinosoft.test.base.TestBase:80 - Found Element By : By.name: SelectIt
2020/07/14 15:57:47:694  INFO com.sinosoft.test.base.TestBase:416 - jsClickButton:[[InternetExplorerDriver: internet explorer on WINDOWS (963b2dab-693a-484b-900e-1b29f4e1db2b)] -> name: SelectIt]
2020/07/14 15:57:47:694  INFO com.sinosoft.test.base.TestBase:144 - RunJavaScript:[[InternetExplorerDriver: internet explorer on WINDOWS (963b2dab-693a-484b-900e-1b29f4e1db2b)] -> name: SelectIt]	arguments[0].click();
2020/07/14 15:57:48:583 DEBUG com.sinosoft.test.base.TestBase:272 - 系统窗口【黄河财险业务系统】with handle -6428f551-62ea-484d-8349-86e6e5a67097
2020/07/14 15:57:54:083 DEBUG com.sinosoft.test.base.TestBase:76 - Trying to find Element By : By.xpath: //table[@id='ItemPropertyDetailKind']/tbody/tr/td/input[@name='GuItemKindShortRateFlag']
2020/07/14 15:57:54:178 DEBUG com.sinosoft.test.base.TestBase:80 - Found Element By : By.xpath: //table[@id='ItemPropertyDetailKind']/tbody/tr/td/input[@name='GuItemKindShortRateFlag']
2020/07/14 15:57:54:178 DEBUG com.sinosoft.test.base.TestBase:49 - CodeSelect:设置完毕[[InternetExplorerDriver: internet explorer on WINDOWS (963b2dab-693a-484b-900e-1b29f4e1db2b)] -> xpath: //table[@id='ItemPropertyDetailKind']/tbody/tr/td/input[@name='GuItemKindShortRateFlag']] & Code=2
2020/07/14 15:57:54:179 DEBUG com.sinosoft.test.base.TestBase:76 - Trying to find Element By : By.xpath: //table[@id='ItemPropertyDetailKind']/tbody/tr/td/input[@name='GuItemKindGrossPremium']
2020/07/14 15:57:54:272 DEBUG com.sinosoft.test.base.TestBase:80 - Found Element By : By.xpath: //table[@id='ItemPropertyDetailKind']/tbody/tr/td/input[@name='GuItemKindGrossPremium']
2020/07/14 15:57:54:272  INFO com.sinosoft.test.base.TestBase:388 - setEditboxTValue:[[InternetExplorerDriver: internet explorer on WINDOWS (963b2dab-693a-484b-900e-1b29f4e1db2b)] -> xpath: //table[@id='ItemPropertyDetailKind']/tbody/tr/td/input[@name='GuItemKindGrossPremium']]->400
2020/07/14 15:57:54:273 DEBUG com.sinosoft.test.base.TestBase:76 - Trying to find Element By : By.xpath: //table[@id='ItemPropertyDetailKind']/tbody/tr/td/input[@name='GuItemKindGrossPremium']
2020/07/14 15:57:54:362 DEBUG com.sinosoft.test.base.TestBase:80 - Found Element By : By.xpath: //table[@id='ItemPropertyDetailKind']/tbody/tr/td/input[@name='GuItemKindGrossPremium']
2020/07/14 15:57:55:070 DEBUG com.sinosoft.test.base.TestBase:76 - Trying to find Element By : By.xpath: //table[@id='ItemPropertyDetailKind']/tbody/tr/td/input[@name='GuItemKindGrossPremium']
2020/07/14 15:57:55:159 DEBUG com.sinosoft.test.base.TestBase:80 - Found Element By : By.xpath: //table[@id='ItemPropertyDetailKind']/tbody/tr/td/input[@name='GuItemKindGrossPremium']
2020/07/14 15:58:00:892 DEBUG com.sinosoft.test.base.TestBase:234 - 开始录入营业中断险！
2020/07/14 15:58:00:892 DEBUG com.sinosoft.test.base.TestBase:76 - Trying to find Element By : By.id: ItemPropertyItem1105
2020/07/14 15:58:01:021 DEBUG com.sinosoft.test.base.TestBase:80 - Found Element By : By.id: ItemPropertyItem1105
2020/07/14 15:58:01:022  INFO com.sinosoft.test.base.TestBase:406 - clickElement:[[InternetExplorerDriver: internet explorer on WINDOWS (963b2dab-693a-484b-900e-1b29f4e1db2b)] -> id: ItemPropertyItem1105]
2020/07/14 15:58:01:022 DEBUG com.sinosoft.test.base.TestBase:76 - Trying to find Element By : By.id: ItemPropertyItem1105
2020/07/14 15:58:01:105 DEBUG com.sinosoft.test.base.TestBase:80 - Found Element By : By.id: ItemPropertyItem1105
2020/07/14 15:58:01:106 DEBUG com.sinosoft.test.base.TestBase:42 - Trying to click on: [[InternetExplorerDriver: internet explorer on WINDOWS (963b2dab-693a-484b-900e-1b29f4e1db2b)] -> id: ItemPropertyItem1105]
2020/07/14 15:58:02:590 DEBUG com.sinosoft.test.base.TestBase:46 - Clicked on: [[InternetExplorerDriver: internet explorer on WINDOWS (963b2dab-693a-484b-900e-1b29f4e1db2b)] -> id: ItemPropertyItem1105]
2020/07/14 15:58:02:591 DEBUG com.sinosoft.test.base.TestBase:76 - Trying to find Element By : By.name: GuItemDynamic0105FieldBG
2020/07/14 15:58:02:719 DEBUG com.sinosoft.test.base.TestBase:80 - Found Element By : By.name: GuItemDynamic0105FieldBG
2020/07/14 15:58:02:720  INFO com.sinosoft.test.base.TestBase:360 - setEditboxValue:[[InternetExplorerDriver: internet explorer on WINDOWS (963b2dab-693a-484b-900e-1b29f4e1db2b)] -> name: GuItemDynamic0105FieldBG]：24
2020/07/14 15:58:02:720 DEBUG com.sinosoft.test.base.TestBase:76 - Trying to find Element By : By.name: GuItemDynamic0105FieldBG
2020/07/14 15:58:02:805 DEBUG com.sinosoft.test.base.TestBase:80 - Found Element By : By.name: GuItemDynamic0105FieldBG
2020/07/14 15:58:03:172 DEBUG com.sinosoft.test.base.TestBase:76 - Trying to find Element By : By.name: GuItemDynamic0105FieldBG
2020/07/14 15:58:03:310 DEBUG com.sinosoft.test.base.TestBase:80 - Found Element By : By.name: GuItemDynamic0105FieldBG
2020/07/14 15:58:03:854 DEBUG com.sinosoft.test.base.TestBase:76 - Trying to find Element By : By.name: GuItemDynamic0105FieldBG
2020/07/14 15:58:03:971 DEBUG com.sinosoft.test.base.TestBase:80 - Found Element By : By.name: GuItemDynamic0105FieldBG
2020/07/14 15:58:03:972  INFO com.sinosoft.test.base.TestBase:363 - setEditboxValue—End:[[InternetExplorerDriver: internet explorer on WINDOWS (963b2dab-693a-484b-900e-1b29f4e1db2b)] -> name: GuItemDynamic0105FieldBG]：24
2020/07/14 15:58:03:973 DEBUG com.sinosoft.test.base.TestBase:76 - Trying to find Element By : By.name: GuItemDynamic0105FieldBF
2020/07/14 15:58:04:115 DEBUG com.sinosoft.test.base.TestBase:80 - Found Element By : By.name: GuItemDynamic0105FieldBF
2020/07/14 15:58:04:170 DEBUG com.sinosoft.test.base.TestBase:76 - Trying to find Element By : By.name: GuItemDynamic0105FieldBF
2020/07/14 15:58:04:276 DEBUG com.sinosoft.test.base.TestBase:80 - Found Element By : By.name: GuItemDynamic0105FieldBF
2020/07/14 15:58:04:277 DEBUG com.sinosoft.test.base.TestBase:63 - SetCodeEditBox:开始设置:[[InternetExplorerDriver: internet explorer on WINDOWS (963b2dab-693a-484b-900e-1b29f4e1db2b)] -> name: GuItemDynamic0105FieldBF] & Code=6000000
2020/07/14 15:58:04:277 DEBUG com.sinosoft.test.base.TestBase:76 - Trying to find Element By : By.name: GuItemDynamic0105FieldBF
2020/07/14 15:58:04:393 DEBUG com.sinosoft.test.base.TestBase:80 - Found Element By : By.name: GuItemDynamic0105FieldBF
2020/07/14 15:58:04:780 DEBUG com.sinosoft.test.base.TestBase:76 - Trying to find Element By : By.name: GuItemDynamic0105FieldBF
2020/07/14 15:58:04:887 DEBUG com.sinosoft.test.base.TestBase:80 - Found Element By : By.name: GuItemDynamic0105FieldBF
2020/07/14 15:58:05:705 DEBUG com.sinosoft.test.base.TestBase:76 - Trying to find Element By : By.name: GuItemDynamic0105FieldBF
2020/07/14 15:58:05:852 DEBUG com.sinosoft.test.base.TestBase:80 - Found Element By : By.name: GuItemDynamic0105FieldBF
2020/07/14 15:58:05:853 DEBUG com.sinosoft.test.base.TestBase:76 - Trying to find Element By : By.xpath: ../input[last()]
2020/07/14 15:58:05:946 DEBUG com.sinosoft.test.base.TestBase:80 - Found Element By : By.xpath: ../input[last()]
2020/07/14 15:58:06:147  INFO com.sinosoft.test.base.TestBase:71 - SetCodeEditBox:找到了Code对应的文本显示框并点击触发显示:GuItemDynamic0105FieldBF
2020/07/14 15:58:06:149 DEBUG com.sinosoft.test.base.TestBase:42 - Trying to click on: [[[[InternetExplorerDriver: internet explorer on WINDOWS (963b2dab-693a-484b-900e-1b29f4e1db2b)] -> name: GuItemDynamic0105FieldBF]] -> xpath: ../input[last()]]
2020/07/14 15:58:07:460 DEBUG com.sinosoft.test.base.TestBase:46 - Clicked on: [[[[InternetExplorerDriver: internet explorer on WINDOWS (963b2dab-693a-484b-900e-1b29f4e1db2b)] -> name: GuItemDynamic0105FieldBF]] -> xpath: ../input[last()]]
2020/07/14 15:58:07:661 DEBUG com.sinosoft.test.base.TestBase:76 - Trying to find Element By : By.name: GuItemDynamic0105FieldBF
2020/07/14 15:58:07:790 DEBUG com.sinosoft.test.base.TestBase:80 - Found Element By : By.name: GuItemDynamic0105FieldBF
2020/07/14 15:58:07:790 DEBUG com.sinosoft.test.base.TestBase:87 - SetCodeEditBox:设置完毕[[InternetExplorerDriver: internet explorer on WINDOWS (963b2dab-693a-484b-900e-1b29f4e1db2b)] -> name: GuItemDynamic0105FieldBF],设置值 Code=6000000
2020/07/14 15:58:07:790 DEBUG com.sinosoft.test.base.TestBase:76 - Trying to find Element By : By.name: GuItemDynamic0105FieldBE
2020/07/14 15:58:07:894 DEBUG com.sinosoft.test.base.TestBase:80 - Found Element By : By.name: GuItemDynamic0105FieldBE
2020/07/14 15:58:07:937 DEBUG com.sinosoft.test.base.TestBase:76 - Trying to find Element By : By.name: GuItemDynamic0105FieldBE
2020/07/14 15:58:08:082 DEBUG com.sinosoft.test.base.TestBase:80 - Found Element By : By.name: GuItemDynamic0105FieldBE
2020/07/14 15:58:08:082 DEBUG com.sinosoft.test.base.TestBase:63 - SetCodeEditBox:开始设置:[[InternetExplorerDriver: internet explorer on WINDOWS (963b2dab-693a-484b-900e-1b29f4e1db2b)] -> name: GuItemDynamic0105FieldBE] & Code=20000000
2020/07/14 15:58:08:082 DEBUG com.sinosoft.test.base.TestBase:76 - Trying to find Element By : By.name: GuItemDynamic0105FieldBE
2020/07/14 15:58:08:177 DEBUG com.sinosoft.test.base.TestBase:80 - Found Element By : By.name: GuItemDynamic0105FieldBE
2020/07/14 15:58:08:576 DEBUG com.sinosoft.test.base.TestBase:76 - Trying to find Element By : By.name: GuItemDynamic0105FieldBE
2020/07/14 15:58:08:671 DEBUG com.sinosoft.test.base.TestBase:80 - Found Element By : By.name: GuItemDynamic0105FieldBE
2020/07/14 15:58:09:478 DEBUG com.sinosoft.test.base.TestBase:76 - Trying to find Element By : By.name: GuItemDynamic0105FieldBE
2020/07/14 15:58:09:636 DEBUG com.sinosoft.test.base.TestBase:80 - Found Element By : By.name: GuItemDynamic0105FieldBE
2020/07/14 15:58:09:636 DEBUG com.sinosoft.test.base.TestBase:76 - Trying to find Element By : By.xpath: ../input[last()]
2020/07/14 15:58:09:731 DEBUG com.sinosoft.test.base.TestBase:80 - Found Element By : By.xpath: ../input[last()]
2020/07/14 15:58:09:914  INFO com.sinosoft.test.base.TestBase:71 - SetCodeEditBox:找到了Code对应的文本显示框并点击触发显示:GuItemDynamic0105FieldBE
2020/07/14 15:58:09:915 DEBUG com.sinosoft.test.base.TestBase:42 - Trying to click on: [[[[InternetExplorerDriver: internet explorer on WINDOWS (963b2dab-693a-484b-900e-1b29f4e1db2b)] -> name: GuItemDynamic0105FieldBE]] -> xpath: ../input[last()]]
2020/07/14 15:58:11:229 DEBUG com.sinosoft.test.base.TestBase:46 - Clicked on: [[[[InternetExplorerDriver: internet explorer on WINDOWS (963b2dab-693a-484b-900e-1b29f4e1db2b)] -> name: GuItemDynamic0105FieldBE]] -> xpath: ../input[last()]]
2020/07/14 15:58:11:431 DEBUG com.sinosoft.test.base.TestBase:76 - Trying to find Element By : By.name: GuItemDynamic0105FieldBE
2020/07/14 15:58:11:562 DEBUG com.sinosoft.test.base.TestBase:80 - Found Element By : By.name: GuItemDynamic0105FieldBE
2020/07/14 15:58:11:563 DEBUG com.sinosoft.test.base.TestBase:87 - SetCodeEditBox:设置完毕[[InternetExplorerDriver: internet explorer on WINDOWS (963b2dab-693a-484b-900e-1b29f4e1db2b)] -> name: GuItemDynamic0105FieldBE],设置值 Code=20000000
2020/07/14 15:58:11:564 DEBUG com.sinosoft.test.base.TestBase:76 - Trying to find Element By : By.id: ItemPropertyDetail0105
2020/07/14 15:58:11:657 DEBUG com.sinosoft.test.base.TestBase:80 - Found Element By : By.id: ItemPropertyDetail0105
2020/07/14 15:58:11:658 DEBUG com.sinosoft.test.base.TestBase:76 - Trying to find Element By : By.name: GuItemPropertyDetail0105ItemDetailCode
2020/07/14 15:58:11:766 DEBUG com.sinosoft.test.base.TestBase:80 - Found Element By : By.name: GuItemPropertyDetail0105ItemDetailCode
2020/07/14 15:58:11:767 DEBUG com.sinosoft.test.base.TestBase:76 - Trying to find Element By : By.id: ItemPropertyDetail0105
2020/07/14 15:58:11:892 DEBUG com.sinosoft.test.base.TestBase:80 - Found Element By : By.id: ItemPropertyDetail0105
2020/07/14 15:58:11:893 DEBUG com.sinosoft.test.base.TestBase:76 - Trying to find Element By : By.name: GuItemPropertyDetail0105ItemDetailList
2020/07/14 15:58:11:983 DEBUG com.sinosoft.test.base.TestBase:80 - Found Element By : By.name: GuItemPropertyDetail0105ItemDetailList
2020/07/14 15:58:12:020 DEBUG com.sinosoft.test.base.TestBase:42 - CodeSelect:开始设置[[[[InternetExplorerDriver: internet explorer on WINDOWS (963b2dab-693a-484b-900e-1b29f4e1db2b)] -> id: ItemPropertyDetail0105]] -> name: GuItemPropertyDetail0105ItemDetailCode] & Code=010056
2020/07/14 15:58:13:581 DEBUG com.sinosoft.test.base.TestBase:272 - 系统窗口【黄河财险业务系统】with handle -6428f551-62ea-484d-8349-86e6e5a67097
2020/07/14 15:58:14:262 DEBUG com.sinosoft.test.base.TestBase:272 - 系统窗口【黄河财险业务系统】with handle -6428f551-62ea-484d-8349-86e6e5a67097
2020/07/14 15:58:14:903 DEBUG com.sinosoft.test.base.TestBase:272 - 系统窗口【Code Select】with handle -f6b97df6-7043-4621-a9a4-c344a15c2e5a
2020/07/14 15:58:15:432 DEBUG com.sinosoft.test.base.TestBase:69 - 初始化class com.sinosoft.test.fccp.common.CodeSelectPage
2020/07/14 15:58:15:433 DEBUG com.sinosoft.test.base.TestBase:39 - 基础码表选择！
2020/07/14 15:58:15:433 DEBUG com.sinosoft.test.base.TestBase:76 - Trying to find Element By : By.name: fieldValue
2020/07/14 15:58:15:781 DEBUG com.sinosoft.test.base.TestBase:80 - Found Element By : By.name: fieldValue
2020/07/14 15:58:15:782  INFO com.sinosoft.test.base.TestBase:360 - setEditboxValue:[[InternetExplorerDriver: internet explorer on WINDOWS (963b2dab-693a-484b-900e-1b29f4e1db2b)] -> name: fieldValue]：010056
2020/07/14 15:58:17:244  INFO com.sinosoft.test.base.TestBase:363 - setEditboxValue—End:[[InternetExplorerDriver: internet explorer on WINDOWS (963b2dab-693a-484b-900e-1b29f4e1db2b)] -> name: fieldValue]：010056
2020/07/14 15:58:17:245 DEBUG com.sinosoft.test.base.TestBase:76 - Trying to find Element By : By.xpath: //input[@value='查询(Q)']
2020/07/14 15:58:17:569 DEBUG com.sinosoft.test.base.TestBase:80 - Found Element By : By.xpath: //input[@value='查询(Q)']
2020/07/14 15:58:17:570  INFO com.sinosoft.test.base.TestBase:402 - clickButton:[[InternetExplorerDriver: internet explorer on WINDOWS (963b2dab-693a-484b-900e-1b29f4e1db2b)] -> xpath: //input[@value='查询(Q)']]
2020/07/14 15:58:17:570 DEBUG com.sinosoft.test.base.TestBase:42 - Trying to click on: [[InternetExplorerDriver: internet explorer on WINDOWS (963b2dab-693a-484b-900e-1b29f4e1db2b)] -> xpath: //input[@value='查询(Q)']]
2020/07/14 15:58:19:229 DEBUG com.sinosoft.test.base.TestBase:46 - Clicked on: [[InternetExplorerDriver: internet explorer on WINDOWS (963b2dab-693a-484b-900e-1b29f4e1db2b)] -> xpath: //input[@value='查询(Q)']]
2020/07/14 15:58:19:229 DEBUG com.sinosoft.test.base.TestBase:76 - Trying to find Element By : By.name: codeselect
2020/07/14 15:58:19:555 DEBUG com.sinosoft.test.base.TestBase:80 - Found Element By : By.name: codeselect
2020/07/14 15:58:19:556  INFO com.sinosoft.test.base.TestBase:132 - setFuzzySelect:[[InternetExplorerDriver: internet explorer on WINDOWS (963b2dab-693a-484b-900e-1b29f4e1db2b)] -> name: codeselect]->010056
2020/07/14 15:58:20:114 DEBUG com.sinosoft.test.base.TestBase:76 - Trying to find Element By : By.tagName: option
2020/07/14 15:58:20:433 DEBUG com.sinosoft.test.base.TestBase:80 - Found Element By : By.tagName: option
2020/07/14 15:58:20:766  INFO com.sinosoft.test.base.TestBase:142 - 找到匹配【010056】的选项：010056--营业利润
2020/07/14 15:58:20:766 DEBUG com.sinosoft.test.base.TestBase:76 - Trying to find Element By : By.xpath: .//option[normalize-space(.) = "010056--营业利润"]
2020/07/14 15:58:21:128 DEBUG com.sinosoft.test.base.TestBase:80 - Found Element By : By.xpath: .//option[normalize-space(.) = "010056--营业利润"]
2020/07/14 15:58:21:429 DEBUG com.sinosoft.test.base.TestBase:42 - Trying to click on: [[[[InternetExplorerDriver: internet explorer on WINDOWS (963b2dab-693a-484b-900e-1b29f4e1db2b)] -> name: codeselect]] -> xpath: .//option[normalize-space(.) = "010056--营业利润"]]
2020/07/14 15:58:21:945 DEBUG com.sinosoft.test.base.TestBase:46 - Clicked on: [[[[InternetExplorerDriver: internet explorer on WINDOWS (963b2dab-693a-484b-900e-1b29f4e1db2b)] -> name: codeselect]] -> xpath: .//option[normalize-space(.) = "010056--营业利润"]]
2020/07/14 15:58:21:946 DEBUG com.sinosoft.test.base.TestBase:151 - setFuzzySelect 结束！
2020/07/14 15:58:21:946 DEBUG com.sinosoft.test.base.TestBase:76 - Trying to find Element By : By.name: SelectIt
2020/07/14 15:58:22:236 DEBUG com.sinosoft.test.base.TestBase:80 - Found Element By : By.name: SelectIt
2020/07/14 15:58:22:237  INFO com.sinosoft.test.base.TestBase:416 - jsClickButton:[[InternetExplorerDriver: internet explorer on WINDOWS (963b2dab-693a-484b-900e-1b29f4e1db2b)] -> name: SelectIt]
2020/07/14 15:58:22:237  INFO com.sinosoft.test.base.TestBase:144 - RunJavaScript:[[InternetExplorerDriver: internet explorer on WINDOWS (963b2dab-693a-484b-900e-1b29f4e1db2b)] -> name: SelectIt]	arguments[0].click();
2020/07/14 15:58:23:067 DEBUG com.sinosoft.test.base.TestBase:272 - 系统窗口【黄河财险业务系统】with handle -6428f551-62ea-484d-8349-86e6e5a67097
2020/07/14 15:58:28:747 DEBUG com.sinosoft.test.base.TestBase:49 - CodeSelect:设置完毕[[[[InternetExplorerDriver: internet explorer on WINDOWS (963b2dab-693a-484b-900e-1b29f4e1db2b)] -> id: ItemPropertyDetail0105]] -> name: GuItemPropertyDetail0105ItemDetailCode] & Code=010056
2020/07/14 15:58:28:749 DEBUG com.sinosoft.test.base.TestBase:76 - Trying to find Element By : By.id: ItemPropertyDetail0105
2020/07/14 15:58:28:878 DEBUG com.sinosoft.test.base.TestBase:80 - Found Element By : By.id: ItemPropertyDetail0105
2020/07/14 15:58:28:889  INFO com.sinosoft.test.base.TestBase:406 - clickElement:[[InternetExplorerDriver: internet explorer on WINDOWS (963b2dab-693a-484b-900e-1b29f4e1db2b)] -> id: ItemPropertyDetail0105]
2020/07/14 15:58:28:890 DEBUG com.sinosoft.test.base.TestBase:76 - Trying to find Element By : By.id: ItemPropertyDetail0105
2020/07/14 15:58:29:022 DEBUG com.sinosoft.test.base.TestBase:80 - Found Element By : By.id: ItemPropertyDetail0105
2020/07/14 15:58:29:022 DEBUG com.sinosoft.test.base.TestBase:42 - Trying to click on: [[InternetExplorerDriver: internet explorer on WINDOWS (963b2dab-693a-484b-900e-1b29f4e1db2b)] -> id: ItemPropertyDetail0105]
2020/07/14 15:58:30:388 DEBUG com.sinosoft.test.base.TestBase:46 - Clicked on: [[InternetExplorerDriver: internet explorer on WINDOWS (963b2dab-693a-484b-900e-1b29f4e1db2b)] -> id: ItemPropertyDetail0105]
2020/07/14 15:58:30:388 DEBUG com.sinosoft.test.base.TestBase:76 - Trying to find Element By : By.id: ItemPropertyDetail0105
2020/07/14 15:58:30:534 DEBUG com.sinosoft.test.base.TestBase:80 - Found Element By : By.id: ItemPropertyDetail0105
2020/07/14 15:58:30:534 DEBUG com.sinosoft.test.base.TestBase:76 - Trying to find Element By : By.name: GuItemKind0105KindCode
2020/07/14 15:58:30:618 DEBUG com.sinosoft.test.base.TestBase:80 - Found Element By : By.name: GuItemKind0105KindCode
2020/07/14 15:58:30:618 DEBUG com.sinosoft.test.base.TestBase:76 - Trying to find Element By : By.id: ItemPropertyDetail0105
2020/07/14 15:58:30:747 DEBUG com.sinosoft.test.base.TestBase:80 - Found Element By : By.id: ItemPropertyDetail0105
2020/07/14 15:58:30:749 DEBUG com.sinosoft.test.base.TestBase:76 - Trying to find Element By : By.name: GuItemKind0105CalculateInd
2020/07/14 15:58:30:818 DEBUG com.sinosoft.test.base.TestBase:80 - Found Element By : By.name: GuItemKind0105CalculateInd
2020/07/14 15:58:30:819 DEBUG com.sinosoft.test.base.TestBase:76 - Trying to find Element By : By.id: ItemPropertyDetail0105
2020/07/14 15:58:30:907 DEBUG com.sinosoft.test.base.TestBase:80 - Found Element By : By.id: ItemPropertyDetail0105
2020/07/14 15:58:30:907 DEBUG com.sinosoft.test.base.TestBase:76 - Trying to find Element By : By.name: GuItemKind0105ValueType
2020/07/14 15:58:31:001 DEBUG com.sinosoft.test.base.TestBase:80 - Found Element By : By.name: GuItemKind0105ValueType
2020/07/14 15:58:31:001 DEBUG com.sinosoft.test.base.TestBase:76 - Trying to find Element By : By.id: ItemPropertyDetail0105
2020/07/14 15:58:31:107 DEBUG com.sinosoft.test.base.TestBase:80 - Found Element By : By.id: ItemPropertyDetail0105
2020/07/14 15:58:31:107 DEBUG com.sinosoft.test.base.TestBase:76 - Trying to find Element By : By.name: GuItemKind0105SumInsured
2020/07/14 15:58:31:220 DEBUG com.sinosoft.test.base.TestBase:80 - Found Element By : By.name: GuItemKind0105SumInsured
2020/07/14 15:58:31:220 DEBUG com.sinosoft.test.base.TestBase:76 - Trying to find Element By : By.id: ItemPropertyDetail0105
2020/07/14 15:58:31:301 DEBUG com.sinosoft.test.base.TestBase:80 - Found Element By : By.id: ItemPropertyDetail0105
2020/07/14 15:58:31:302 DEBUG com.sinosoft.test.base.TestBase:76 - Trying to find Element By : By.name: GuItemKind0105Rate
2020/07/14 15:58:31:386 DEBUG com.sinosoft.test.base.TestBase:80 - Found Element By : By.name: GuItemKind0105Rate
2020/07/14 15:58:31:386 DEBUG com.sinosoft.test.base.TestBase:76 - Trying to find Element By : By.id: ItemPropertyDetail0105
2020/07/14 15:58:31:468 DEBUG com.sinosoft.test.base.TestBase:80 - Found Element By : By.id: ItemPropertyDetail0105
2020/07/14 15:58:31:468 DEBUG com.sinosoft.test.base.TestBase:76 - Trying to find Element By : By.name: GuItemKind0105ShortRateFlag
2020/07/14 15:58:31:538 DEBUG com.sinosoft.test.base.TestBase:80 - Found Element By : By.name: GuItemKind0105ShortRateFlag
2020/07/14 15:58:31:539 DEBUG com.sinosoft.test.base.TestBase:76 - Trying to find Element By : By.id: ItemPropertyDetail0105
2020/07/14 15:58:31:650 DEBUG com.sinosoft.test.base.TestBase:80 - Found Element By : By.id: ItemPropertyDetail0105
2020/07/14 15:58:31:650 DEBUG com.sinosoft.test.base.TestBase:76 - Trying to find Element By : By.name: GuItemKind0105GrossPremium
2020/07/14 15:58:31:767 DEBUG com.sinosoft.test.base.TestBase:80 - Found Element By : By.name: GuItemKind0105GrossPremium
2020/07/14 15:58:31:839 DEBUG com.sinosoft.test.base.TestBase:42 - CodeSelect:开始设置[[[[InternetExplorerDriver: internet explorer on WINDOWS (963b2dab-693a-484b-900e-1b29f4e1db2b)] -> id: ItemPropertyDetail0105]] -> name: GuItemKind0105KindCode] & Code=0105001
2020/07/14 15:58:33:376 DEBUG com.sinosoft.test.base.TestBase:272 - 系统窗口【黄河财险业务系统】with handle -6428f551-62ea-484d-8349-86e6e5a67097
2020/07/14 15:58:34:067 DEBUG com.sinosoft.test.base.TestBase:272 - 系统窗口【黄河财险业务系统】with handle -6428f551-62ea-484d-8349-86e6e5a67097
2020/07/14 15:58:34:738 DEBUG com.sinosoft.test.base.TestBase:272 - 系统窗口【Code Select】with handle -80d83d0a-d60b-41a9-aed3-2357036f446f
2020/07/14 15:58:35:266 DEBUG com.sinosoft.test.base.TestBase:69 - 初始化class com.sinosoft.test.fccp.common.CodeSelectPage
2020/07/14 15:58:35:267 DEBUG com.sinosoft.test.base.TestBase:39 - 基础码表选择！
2020/07/14 15:58:35:267 DEBUG com.sinosoft.test.base.TestBase:76 - Trying to find Element By : By.name: fieldValue
2020/07/14 15:58:35:587 DEBUG com.sinosoft.test.base.TestBase:80 - Found Element By : By.name: fieldValue
2020/07/14 15:58:35:588  INFO com.sinosoft.test.base.TestBase:360 - setEditboxValue:[[InternetExplorerDriver: internet explorer on WINDOWS (963b2dab-693a-484b-900e-1b29f4e1db2b)] -> name: fieldValue]：0105001
2020/07/14 15:58:37:135  INFO com.sinosoft.test.base.TestBase:363 - setEditboxValue—End:[[InternetExplorerDriver: internet explorer on WINDOWS (963b2dab-693a-484b-900e-1b29f4e1db2b)] -> name: fieldValue]：0105001
2020/07/14 15:58:37:135 DEBUG com.sinosoft.test.base.TestBase:76 - Trying to find Element By : By.xpath: //input[@value='查询(Q)']
2020/07/14 15:58:37:444 DEBUG com.sinosoft.test.base.TestBase:80 - Found Element By : By.xpath: //input[@value='查询(Q)']
2020/07/14 15:58:37:446  INFO com.sinosoft.test.base.TestBase:402 - clickButton:[[InternetExplorerDriver: internet explorer on WINDOWS (963b2dab-693a-484b-900e-1b29f4e1db2b)] -> xpath: //input[@value='查询(Q)']]
2020/07/14 15:58:37:446 DEBUG com.sinosoft.test.base.TestBase:42 - Trying to click on: [[InternetExplorerDriver: internet explorer on WINDOWS (963b2dab-693a-484b-900e-1b29f4e1db2b)] -> xpath: //input[@value='查询(Q)']]
2020/07/14 15:58:39:088 DEBUG com.sinosoft.test.base.TestBase:46 - Clicked on: [[InternetExplorerDriver: internet explorer on WINDOWS (963b2dab-693a-484b-900e-1b29f4e1db2b)] -> xpath: //input[@value='查询(Q)']]
2020/07/14 15:58:39:090 DEBUG com.sinosoft.test.base.TestBase:76 - Trying to find Element By : By.name: codeselect
2020/07/14 15:58:39:399 DEBUG com.sinosoft.test.base.TestBase:80 - Found Element By : By.name: codeselect
2020/07/14 15:58:39:399  INFO com.sinosoft.test.base.TestBase:132 - setFuzzySelect:[[InternetExplorerDriver: internet explorer on WINDOWS (963b2dab-693a-484b-900e-1b29f4e1db2b)] -> name: codeselect]->0105001
2020/07/14 15:58:39:962 DEBUG com.sinosoft.test.base.TestBase:76 - Trying to find Element By : By.tagName: option
2020/07/14 15:58:40:298 DEBUG com.sinosoft.test.base.TestBase:80 - Found Element By : By.tagName: option
2020/07/14 15:58:40:615  INFO com.sinosoft.test.base.TestBase:142 - 找到匹配【0105001】的选项：0105001--营业中断保险（2018版）条款
2020/07/14 15:58:40:615 DEBUG com.sinosoft.test.base.TestBase:76 - Trying to find Element By : By.xpath: .//option[normalize-space(.) = "0105001--营业中断保险（2018版）条款"]
2020/07/14 15:58:40:950 DEBUG com.sinosoft.test.base.TestBase:80 - Found Element By : By.xpath: .//option[normalize-space(.) = "0105001--营业中断保险（2018版）条款"]
2020/07/14 15:58:41:250 DEBUG com.sinosoft.test.base.TestBase:42 - Trying to click on: [[[[InternetExplorerDriver: internet explorer on WINDOWS (963b2dab-693a-484b-900e-1b29f4e1db2b)] -> name: codeselect]] -> xpath: .//option[normalize-space(.) = "0105001--营业中断保险（2018版）条款"]]
2020/07/14 15:58:41:785 DEBUG com.sinosoft.test.base.TestBase:46 - Clicked on: [[[[InternetExplorerDriver: internet explorer on WINDOWS (963b2dab-693a-484b-900e-1b29f4e1db2b)] -> name: codeselect]] -> xpath: .//option[normalize-space(.) = "0105001--营业中断保险（2018版）条款"]]
2020/07/14 15:58:41:786 DEBUG com.sinosoft.test.base.TestBase:151 - setFuzzySelect 结束！
2020/07/14 15:58:41:787 DEBUG com.sinosoft.test.base.TestBase:76 - Trying to find Element By : By.name: SelectIt
2020/07/14 15:58:42:090 DEBUG com.sinosoft.test.base.TestBase:80 - Found Element By : By.name: SelectIt
2020/07/14 15:58:42:090  INFO com.sinosoft.test.base.TestBase:416 - jsClickButton:[[InternetExplorerDriver: internet explorer on WINDOWS (963b2dab-693a-484b-900e-1b29f4e1db2b)] -> name: SelectIt]
2020/07/14 15:58:42:091  INFO com.sinosoft.test.base.TestBase:144 - RunJavaScript:[[InternetExplorerDriver: internet explorer on WINDOWS (963b2dab-693a-484b-900e-1b29f4e1db2b)] -> name: SelectIt]	arguments[0].click();
2020/07/14 15:58:43:004 DEBUG com.sinosoft.test.base.TestBase:272 - 系统窗口【黄河财险业务系统】with handle -6428f551-62ea-484d-8349-86e6e5a67097
2020/07/14 15:58:48:753 DEBUG com.sinosoft.test.base.TestBase:49 - CodeSelect:设置完毕[[[[InternetExplorerDriver: internet explorer on WINDOWS (963b2dab-693a-484b-900e-1b29f4e1db2b)] -> id: ItemPropertyDetail0105]] -> name: GuItemKind0105KindCode] & Code=0105001
2020/07/14 15:58:48:802  INFO com.sinosoft.test.base.TestBase:96 - setSelectWithStartText:[[[[InternetExplorerDriver: internet explorer on WINDOWS (963b2dab-693a-484b-900e-1b29f4e1db2b)] -> id: ItemPropertyDetail0105]] -> name: GuItemKind0105ValueType]->18
2020/07/14 15:58:48:904 DEBUG com.sinosoft.test.base.TestBase:76 - Trying to find Element By : By.tagName: option
2020/07/14 15:58:49:432 DEBUG com.sinosoft.test.base.TestBase:80 - Found Element By : By.tagName: option
2020/07/14 15:58:50:460  INFO com.sinosoft.test.base.TestBase:114 - 找到匹配【18】的选项：18-估价
2020/07/14 15:58:50:460 DEBUG com.sinosoft.test.base.TestBase:76 - Trying to find Element By : By.xpath: .//option[normalize-space(.) = "18-估价"]
2020/07/14 15:58:50:569 DEBUG com.sinosoft.test.base.TestBase:80 - Found Element By : By.xpath: .//option[normalize-space(.) = "18-估价"]
2020/07/14 15:58:50:619 DEBUG com.sinosoft.test.base.TestBase:42 - Trying to click on: [[[[[[InternetExplorerDriver: internet explorer on WINDOWS (963b2dab-693a-484b-900e-1b29f4e1db2b)] -> id: ItemPropertyDetail0105]] -> name: GuItemKind0105ValueType]] -> xpath: .//option[normalize-space(.) = "18-估价"]]
2020/07/14 15:58:50:953 DEBUG com.sinosoft.test.base.TestBase:46 - Clicked on: [[[[[[InternetExplorerDriver: internet explorer on WINDOWS (963b2dab-693a-484b-900e-1b29f4e1db2b)] -> id: ItemPropertyDetail0105]] -> name: GuItemKind0105ValueType]] -> xpath: .//option[normalize-space(.) = "18-估价"]]
2020/07/14 15:58:50:953 DEBUG com.sinosoft.test.base.TestBase:123 - setSelectWithStartText 结束！
2020/07/14 15:58:50:954  INFO com.sinosoft.test.base.TestBase:360 - setEditboxValue:[[[[InternetExplorerDriver: internet explorer on WINDOWS (963b2dab-693a-484b-900e-1b29f4e1db2b)] -> id: ItemPropertyDetail0105]] -> name: GuItemKind0105SumInsured]：200000
2020/07/14 15:58:52:174  INFO com.sinosoft.test.base.TestBase:363 - setEditboxValue—End:[[[[InternetExplorerDriver: internet explorer on WINDOWS (963b2dab-693a-484b-900e-1b29f4e1db2b)] -> id: ItemPropertyDetail0105]] -> name: GuItemKind0105SumInsured]：200000
2020/07/14 15:58:52:175  INFO com.sinosoft.test.base.TestBase:388 - setEditboxTValue:[[[[InternetExplorerDriver: internet explorer on WINDOWS (963b2dab-693a-484b-900e-1b29f4e1db2b)] -> id: ItemPropertyDetail0105]] -> name: GuItemKind0105Rate]->3
2020/07/14 15:58:58:326  INFO com.sinosoft.test.base.TestBase:388 - setEditboxTValue:[[[[InternetExplorerDriver: internet explorer on WINDOWS (963b2dab-693a-484b-900e-1b29f4e1db2b)] -> id: ItemPropertyDetail0105]] -> name: GuItemKind0105GrossPremium]->4000
2020/07/14 15:59:04:419 DEBUG com.sinosoft.test.base.TestBase:76 - Trying to find Element By : By.id: saveButton
2020/07/14 15:59:04:513 DEBUG com.sinosoft.test.base.TestBase:80 - Found Element By : By.id: saveButton
2020/07/14 15:59:04:513  INFO com.sinosoft.test.base.TestBase:402 - clickButton:[[InternetExplorerDriver: internet explorer on WINDOWS (963b2dab-693a-484b-900e-1b29f4e1db2b)] -> id: saveButton]
2020/07/14 15:59:04:513 DEBUG com.sinosoft.test.base.TestBase:76 - Trying to find Element By : By.id: saveButton
2020/07/14 15:59:04:607 DEBUG com.sinosoft.test.base.TestBase:80 - Found Element By : By.id: saveButton
2020/07/14 15:59:04:607 DEBUG com.sinosoft.test.base.TestBase:42 - Trying to click on: [[InternetExplorerDriver: internet explorer on WINDOWS (963b2dab-693a-484b-900e-1b29f4e1db2b)] -> id: saveButton]
2020/07/14 15:59:06:205 DEBUG com.sinosoft.test.base.TestBase:46 - Clicked on: [[InternetExplorerDriver: internet explorer on WINDOWS (963b2dab-693a-484b-900e-1b29f4e1db2b)] -> id: saveButton]
2020/07/14 15:59:10:402 DEBUG com.sinosoft.test.base.TestBase:76 - Trying to find Element By : By.xpath: //td[text()='条款信息']
2020/07/14 15:59:10:450 DEBUG com.sinosoft.test.base.TestBase:80 - Found Element By : By.xpath: //td[text()='条款信息']
2020/07/14 15:59:10:450  INFO com.sinosoft.test.base.TestBase:402 - clickButton:[[InternetExplorerDriver: internet explorer on WINDOWS (963b2dab-693a-484b-900e-1b29f4e1db2b)] -> xpath: //td[text()='条款信息']]
2020/07/14 15:59:10:450 DEBUG com.sinosoft.test.base.TestBase:42 - Trying to click on: [[InternetExplorerDriver: internet explorer on WINDOWS (963b2dab-693a-484b-900e-1b29f4e1db2b)] -> xpath: //td[text()='条款信息']]
2020/07/14 15:59:13:274 DEBUG com.sinosoft.test.base.TestBase:46 - Clicked on: [[InternetExplorerDriver: internet explorer on WINDOWS (963b2dab-693a-484b-900e-1b29f4e1db2b)] -> xpath: //td[text()='条款信息']]
2020/07/14 15:59:18:802 DEBUG com.sinosoft.test.base.TestBase:69 - 初始化class com.sinosoft.test.fccp.tbcl.RiskDetail_TermsPage
2020/07/14 15:59:24:230 DEBUG com.sinosoft.test.base.TestBase:76 - Trying to find Element By : By.id: saveButton
2020/07/14 15:59:24:325 DEBUG com.sinosoft.test.base.TestBase:80 - Found Element By : By.id: saveButton
2020/07/14 15:59:24:326  INFO com.sinosoft.test.base.TestBase:402 - clickButton:[[InternetExplorerDriver: internet explorer on WINDOWS (963b2dab-693a-484b-900e-1b29f4e1db2b)] -> id: saveButton]
2020/07/14 15:59:24:326 DEBUG com.sinosoft.test.base.TestBase:76 - Trying to find Element By : By.id: saveButton
2020/07/14 15:59:24:430 DEBUG com.sinosoft.test.base.TestBase:80 - Found Element By : By.id: saveButton
2020/07/14 15:59:24:431 DEBUG com.sinosoft.test.base.TestBase:42 - Trying to click on: [[InternetExplorerDriver: internet explorer on WINDOWS (963b2dab-693a-484b-900e-1b29f4e1db2b)] -> id: saveButton]
2020/07/14 15:59:25:892 DEBUG com.sinosoft.test.base.TestBase:46 - Clicked on: [[InternetExplorerDriver: internet explorer on WINDOWS (963b2dab-693a-484b-900e-1b29f4e1db2b)] -> id: saveButton]
2020/07/14 15:59:28:767 DEBUG com.sinosoft.test.base.TestBase:76 - Trying to find Element By : By.xpath: //td[text()='联共保信息']
2020/07/14 15:59:28:838 DEBUG com.sinosoft.test.base.TestBase:80 - Found Element By : By.xpath: //td[text()='联共保信息']
2020/07/14 15:59:28:838  INFO com.sinosoft.test.base.TestBase:402 - clickButton:[[InternetExplorerDriver: internet explorer on WINDOWS (963b2dab-693a-484b-900e-1b29f4e1db2b)] -> xpath: //td[text()='联共保信息']]
2020/07/14 15:59:28:838 DEBUG com.sinosoft.test.base.TestBase:42 - Trying to click on: [[InternetExplorerDriver: internet explorer on WINDOWS (963b2dab-693a-484b-900e-1b29f4e1db2b)] -> xpath: //td[text()='联共保信息']]
2020/07/14 15:59:31:697 DEBUG com.sinosoft.test.base.TestBase:46 - Clicked on: [[InternetExplorerDriver: internet explorer on WINDOWS (963b2dab-693a-484b-900e-1b29f4e1db2b)] -> xpath: //td[text()='联共保信息']]
2020/07/14 15:59:37:010 DEBUG com.sinosoft.test.base.TestBase:69 - 初始化class com.sinosoft.test.fccp.tbcl.RiskDetail_CoInsuredPage
2020/07/14 15:59:42:511 DEBUG com.sinosoft.test.base.TestBase:76 - Trying to find Element By : By.id: Coinsurance
2020/07/14 15:59:42:607 DEBUG com.sinosoft.test.base.TestBase:80 - Found Element By : By.id: Coinsurance
2020/07/14 15:59:42:607  INFO com.sinosoft.test.base.TestBase:406 - clickElement:[[InternetExplorerDriver: internet explorer on WINDOWS (963b2dab-693a-484b-900e-1b29f4e1db2b)] -> id: Coinsurance]
2020/07/14 15:59:42:607 DEBUG com.sinosoft.test.base.TestBase:76 - Trying to find Element By : By.id: Coinsurance
2020/07/14 15:59:42:679 DEBUG com.sinosoft.test.base.TestBase:80 - Found Element By : By.id: Coinsurance
2020/07/14 15:59:42:679 DEBUG com.sinosoft.test.base.TestBase:42 - Trying to click on: [[InternetExplorerDriver: internet explorer on WINDOWS (963b2dab-693a-484b-900e-1b29f4e1db2b)] -> id: Coinsurance]
2020/07/14 15:59:43:952 DEBUG com.sinosoft.test.base.TestBase:46 - Clicked on: [[InternetExplorerDriver: internet explorer on WINDOWS (963b2dab-693a-484b-900e-1b29f4e1db2b)] -> id: Coinsurance]
2020/07/14 15:59:43:953 DEBUG com.sinosoft.test.base.TestBase:76 - Trying to find Element By : By.xpath: //table[@id='Coinsurance']/tbody/tr[last()]/td/p/input[name='buttonCoinsuranceDetailInfo']
2020/07/14 15:59:46:191 DEBUG com.sinosoft.test.base.TestBase:66 - 系统自动捕获异常：Exception occured: org.openqa.selenium.NoSuchElementException: Unable to find element with xpath == //table[@id='Coinsurance']/tbody/tr[last()]/td/p/input[name='buttonCoinsuranceDetailInfo']
For documentation on this error, please visit: http://seleniumhq.org/exceptions/no_such_element.html
Build info: version: '3.9.0', revision: '698b3178f0', time: '2018-02-05T14:26:55.441Z'
System info: host: 'DESKTOP-I9S3ABE', ip: '100.100.99.142', os.name: 'Windows 10', os.arch: 'amd64', os.version: '10.0', java.version: '1.8.0_101'
Driver info: org.openqa.selenium.ie.InternetExplorerDriver
Capabilities {acceptInsecureCerts: false, browserName: internet explorer, browserVersion: 11, javascriptEnabled: true, pageLoadStrategy: normal, platform: WINDOWS, platformName: WINDOWS, proxy: Proxy(), se:ieOptions: {browserAttachTimeout: 0, elementScrollBehavior: 0, enablePersistentHover: true, ie.browserCommandLineSwitches: , ie.ensureCleanSession: false, ie.fileUploadDialogTimeout: 3000, ie.forceCreateProcessApi: false, ignoreProtectedModeSettings: true, ignoreZoomSetting: false, initialBrowserUrl: http://localhost:13398/, nativeEvents: true, requireWindowFocus: false}, setWindowRect: true, timeouts: {implicit: 0, pageLoad: 300000, script: 30000}, unhandledPromptBehavior: ignore}
Session ID: 963b2dab-693a-484b-900e-1b29f4e1db2b
*** Element info: {Using=xpath, value=//table[@id='Coinsurance']/tbody/tr[last()]/td/p/input[name='buttonCoinsuranceDetailInfo']}
2020/07/14 15:59:46:192  INFO com.sinosoft.test.base.TestBase:68 - 异常的message 是：Unable to find element with xpath == //table[@id='Coinsurance']/tbody/tr[last()]/td/p/input[name='buttonCoinsuranceDetailInfo']
For documentation on this error, please visit: http://seleniumhq.org/exceptions/no_such_element.html
Build info: version: '3.9.0', revision: '698b3178f0', time: '2018-02-05T14:26:55.441Z'
System info: host: 'DESKTOP-I9S3ABE', ip: '100.100.99.142', os.name: 'Windows 10', os.arch: 'amd64', os.version: '10.0', java.version: '1.8.0_101'
Driver info: org.openqa.selenium.ie.InternetExplorerDriver
Capabilities {acceptInsecureCerts: false, browserName: internet explorer, browserVersion: 11, javascriptEnabled: true, pageLoadStrategy: normal, platform: WINDOWS, platformName: WINDOWS, proxy: Proxy(), se:ieOptions: {browserAttachTimeout: 0, elementScrollBehavior: 0, enablePersistentHover: true, ie.browserCommandLineSwitches: , ie.ensureCleanSession: false, ie.fileUploadDialogTimeout: 3000, ie.forceCreateProcessApi: false, ignoreProtectedModeSettings: true, ignoreZoomSetting: false, initialBrowserUrl: http://localhost:13398/, nativeEvents: true, requireWindowFocus: false}, setWindowRect: true, timeouts: {implicit: 0, pageLoad: 300000, script: 30000}, unhandledPromptBehavior: ignore}
Session ID: 963b2dab-693a-484b-900e-1b29f4e1db2b
*** Element info: {Using=xpath, value=//table[@id='Coinsurance']/tbody/tr[last()]/td/p/input[name='buttonCoinsuranceDetailInfo']}
2020/07/14 15:59:46:192  INFO com.sinosoft.test.base.TestBase:402 - clickButton:Proxy element for: DefaultElementLocator 'By.xpath: //table[@id='Coinsurance']/tbody/tr[last()]/td/p/input[name='buttonCoinsuranceDetailInfo']'
2020/07/14 15:59:46:193 DEBUG com.sinosoft.test.base.TestBase:76 - Trying to find Element By : By.xpath: //table[@id='Coinsurance']/tbody/tr[last()]/td/p/input[name='buttonCoinsuranceDetailInfo']
2020/07/14 15:59:48:308 DEBUG com.sinosoft.test.base.TestBase:66 - 系统自动捕获异常：Exception occured: org.openqa.selenium.NoSuchElementException: Unable to find element with xpath == //table[@id='Coinsurance']/tbody/tr[last()]/td/p/input[name='buttonCoinsuranceDetailInfo']
For documentation on this error, please visit: http://seleniumhq.org/exceptions/no_such_element.html
Build info: version: '3.9.0', revision: '698b3178f0', time: '2018-02-05T14:26:55.441Z'
System info: host: 'DESKTOP-I9S3ABE', ip: '100.100.99.142', os.name: 'Windows 10', os.arch: 'amd64', os.version: '10.0', java.version: '1.8.0_101'
Driver info: org.openqa.selenium.ie.InternetExplorerDriver
Capabilities {acceptInsecureCerts: false, browserName: internet explorer, browserVersion: 11, javascriptEnabled: true, pageLoadStrategy: normal, platform: WINDOWS, platformName: WINDOWS, proxy: Proxy(), se:ieOptions: {browserAttachTimeout: 0, elementScrollBehavior: 0, enablePersistentHover: true, ie.browserCommandLineSwitches: , ie.ensureCleanSession: false, ie.fileUploadDialogTimeout: 3000, ie.forceCreateProcessApi: false, ignoreProtectedModeSettings: true, ignoreZoomSetting: false, initialBrowserUrl: http://localhost:13398/, nativeEvents: true, requireWindowFocus: false}, setWindowRect: true, timeouts: {implicit: 0, pageLoad: 300000, script: 30000}, unhandledPromptBehavior: ignore}
Session ID: 963b2dab-693a-484b-900e-1b29f4e1db2b
*** Element info: {Using=xpath, value=//table[@id='Coinsurance']/tbody/tr[last()]/td/p/input[name='buttonCoinsuranceDetailInfo']}
2020/07/14 15:59:48:309  INFO com.sinosoft.test.base.TestBase:68 - 异常的message 是：Unable to find element with xpath == //table[@id='Coinsurance']/tbody/tr[last()]/td/p/input[name='buttonCoinsuranceDetailInfo']
For documentation on this error, please visit: http://seleniumhq.org/exceptions/no_such_element.html
Build info: version: '3.9.0', revision: '698b3178f0', time: '2018-02-05T14:26:55.441Z'
System info: host: 'DESKTOP-I9S3ABE', ip: '100.100.99.142', os.name: 'Windows 10', os.arch: 'amd64', os.version: '10.0', java.version: '1.8.0_101'
Driver info: org.openqa.selenium.ie.InternetExplorerDriver
Capabilities {acceptInsecureCerts: false, browserName: internet explorer, browserVersion: 11, javascriptEnabled: true, pageLoadStrategy: normal, platform: WINDOWS, platformName: WINDOWS, proxy: Proxy(), se:ieOptions: {browserAttachTimeout: 0, elementScrollBehavior: 0, enablePersistentHover: true, ie.browserCommandLineSwitches: , ie.ensureCleanSession: false, ie.fileUploadDialogTimeout: 3000, ie.forceCreateProcessApi: false, ignoreProtectedModeSettings: true, ignoreZoomSetting: false, initialBrowserUrl: http://localhost:13398/, nativeEvents: true, requireWindowFocus: false}, setWindowRect: true, timeouts: {implicit: 0, pageLoad: 300000, script: 30000}, unhandledPromptBehavior: ignore}
Session ID: 963b2dab-693a-484b-900e-1b29f4e1db2b
*** Element info: {Using=xpath, value=//table[@id='Coinsurance']/tbody/tr[last()]/td/p/input[name='buttonCoinsuranceDetailInfo']}
2020/07/14 15:59:50:313 DEBUG com.sinosoft.test.base.TestBase:76 - Trying to find Element By : By.id: Coinsurance
2020/07/14 15:59:50:394 DEBUG com.sinosoft.test.base.TestBase:80 - Found Element By : By.id: Coinsurance
2020/07/14 15:59:50:395 DEBUG com.sinosoft.test.base.TestBase:76 - Trying to find Element By : By.name: button_CoinsuranceDetailInfo_Close
2020/07/14 15:59:50:496 DEBUG com.sinosoft.test.base.TestBase:80 - Found Element By : By.name: button_CoinsuranceDetailInfo_Close
2020/07/14 15:59:50:496 DEBUG com.sinosoft.test.base.TestBase:42 - Trying to click on: [[[[InternetExplorerDriver: internet explorer on WINDOWS (963b2dab-693a-484b-900e-1b29f4e1db2b)] -> id: Coinsurance]] -> name: button_CoinsuranceDetailInfo_Close]
2020/07/14 15:59:51:251 DEBUG com.sinosoft.test.base.TestBase:66 - 系统自动捕获异常：Exception occured: org.openqa.selenium.ElementNotInteractableException: Cannot click on element
Build info: version: '3.9.0', revision: '698b3178f0', time: '2018-02-05T14:26:55.441Z'
System info: host: 'DESKTOP-I9S3ABE', ip: '100.100.99.142', os.name: 'Windows 10', os.arch: 'amd64', os.version: '10.0', java.version: '1.8.0_101'
Driver info: org.openqa.selenium.ie.InternetExplorerDriver
Capabilities {acceptInsecureCerts: false, browserName: internet explorer, browserVersion: 11, javascriptEnabled: true, pageLoadStrategy: normal, platform: WINDOWS, platformName: WINDOWS, proxy: Proxy(), se:ieOptions: {browserAttachTimeout: 0, elementScrollBehavior: 0, enablePersistentHover: true, ie.browserCommandLineSwitches: , ie.ensureCleanSession: false, ie.fileUploadDialogTimeout: 3000, ie.forceCreateProcessApi: false, ignoreProtectedModeSettings: true, ignoreZoomSetting: false, initialBrowserUrl: http://localhost:13398/, nativeEvents: true, requireWindowFocus: false}, setWindowRect: true, timeouts: {implicit: 0, pageLoad: 300000, script: 30000}, unhandledPromptBehavior: ignore}
Session ID: 963b2dab-693a-484b-900e-1b29f4e1db2b
2020/07/14 15:59:51:252  INFO com.sinosoft.test.base.TestBase:68 - 异常的message 是：Cannot click on element
Build info: version: '3.9.0', revision: '698b3178f0', time: '2018-02-05T14:26:55.441Z'
System info: host: 'DESKTOP-I9S3ABE', ip: '100.100.99.142', os.name: 'Windows 10', os.arch: 'amd64', os.version: '10.0', java.version: '1.8.0_101'
Driver info: org.openqa.selenium.ie.InternetExplorerDriver
Capabilities {acceptInsecureCerts: false, browserName: internet explorer, browserVersion: 11, javascriptEnabled: true, pageLoadStrategy: normal, platform: WINDOWS, platformName: WINDOWS, proxy: Proxy(), se:ieOptions: {browserAttachTimeout: 0, elementScrollBehavior: 0, enablePersistentHover: true, ie.browserCommandLineSwitches: , ie.ensureCleanSession: false, ie.fileUploadDialogTimeout: 3000, ie.forceCreateProcessApi: false, ignoreProtectedModeSettings: true, ignoreZoomSetting: false, initialBrowserUrl: http://localhost:13398/, nativeEvents: true, requireWindowFocus: false}, setWindowRect: true, timeouts: {implicit: 0, pageLoad: 300000, script: 30000}, unhandledPromptBehavior: ignore}
Session ID: 963b2dab-693a-484b-900e-1b29f4e1db2b
2020/07/14 15:59:51:254  INFO com.sinosoft.test.base.TestBase:129 - 执行测试用例发生了异常，开始截屏
org.openqa.selenium.ElementNotInteractableException: Cannot click on element
Build info: version: '3.9.0', revision: '698b3178f0', time: '2018-02-05T14:26:55.441Z'
System info: host: 'DESKTOP-I9S3ABE', ip: '100.100.99.142', os.name: 'Windows 10', os.arch: 'amd64', os.version: '10.0', java.version: '1.8.0_101'
Driver info: org.openqa.selenium.ie.InternetExplorerDriver
Capabilities {acceptInsecureCerts: false, browserName: internet explorer, browserVersion: 11, javascriptEnabled: true, pageLoadStrategy: normal, platform: WINDOWS, platformName: WINDOWS, proxy: Proxy(), se:ieOptions: {browserAttachTimeout: 0, elementScrollBehavior: 0, enablePersistentHover: true, ie.browserCommandLineSwitches: , ie.ensureCleanSession: false, ie.fileUploadDialogTimeout: 3000, ie.forceCreateProcessApi: false, ignoreProtectedModeSettings: true, ignoreZoomSetting: false, initialBrowserUrl: http://localhost:13398/, nativeEvents: true, requireWindowFocus: false}, setWindowRect: true, timeouts: {implicit: 0, pageLoad: 300000, script: 30000}, unhandledPromptBehavior: ignore}
Session ID: 963b2dab-693a-484b-900e-1b29f4e1db2b
	at sun.reflect.NativeConstructorAccessorImpl.newInstance0(Native Method)
	at sun.reflect.NativeConstructorAccessorImpl.newInstance(NativeConstructorAccessorImpl.java:62)
	at sun.reflect.DelegatingConstructorAccessorImpl.newInstance(DelegatingConstructorAccessorImpl.java:45)
	at java.lang.reflect.Constructor.newInstance(Constructor.java:423)
	at org.openqa.selenium.remote.http.W3CHttpResponseCodec.createException(W3CHttpResponseCodec.java:187)
	at org.openqa.selenium.remote.http.W3CHttpResponseCodec.decode(W3CHttpResponseCodec.java:122)
	at org.openqa.selenium.remote.http.W3CHttpResponseCodec.decode(W3CHttpResponseCodec.java:49)
	at org.openqa.selenium.remote.HttpCommandExecutor.execute(HttpCommandExecutor.java:160)
	at org.openqa.selenium.remote.service.DriverCommandExecutor.execute(DriverCommandExecutor.java:83)
	at org.openqa.selenium.remote.RemoteWebDriver.execute(RemoteWebDriver.java:601)
	at org.openqa.selenium.remote.RemoteWebElement.execute(RemoteWebElement.java:279)
	at org.openqa.selenium.remote.RemoteWebElement.click(RemoteWebElement.java:83)
	at sun.reflect.GeneratedMethodAccessor13.invoke(Unknown Source)
	at sun.reflect.DelegatingMethodAccessorImpl.invoke(DelegatingMethodAccessorImpl.java:43)
	at java.lang.reflect.Method.invoke(Method.java:498)
	at org.openqa.selenium.support.events.EventFiringWebDriver$EventFiringWebElement$1.invoke(EventFiringWebDriver.java:375)
	at com.sun.proxy.$Proxy13.click(Unknown Source)
	at org.openqa.selenium.support.events.EventFiringWebDriver$EventFiringWebElement.click(EventFiringWebDriver.java:388)
	at com.sinosoft.test.fccp.tbcl.RiskDetail_CoInsuredPage.inputCoInsuranceInfoAction(RiskDetail_CoInsuredPage.java:48)
	at com.sinosoft.testcases.fccb.TBGLTestCase.FCCB_TBCL(TBGLTestCase.java:112)
	at sun.reflect.NativeMethodAccessorImpl.invoke0(Native Method)
	at sun.reflect.NativeMethodAccessorImpl.invoke(NativeMethodAccessorImpl.java:62)
	at sun.reflect.DelegatingMethodAccessorImpl.invoke(DelegatingMethodAccessorImpl.java:43)
	at java.lang.reflect.Method.invoke(Method.java:498)
	at org.testng.internal.MethodInvocationHelper.invokeMethod(MethodInvocationHelper.java:108)
	at org.testng.internal.Invoker.invokeMethod(Invoker.java:661)
	at org.testng.internal.Invoker.invokeTestMethod(Invoker.java:869)
	at org.testng.internal.Invoker.invokeTestMethods(Invoker.java:1193)
	at org.testng.internal.TestMethodWorker.invokeTestMethods(TestMethodWorker.java:126)
	at org.testng.internal.TestMethodWorker.run(TestMethodWorker.java:109)
	at org.testng.TestRunner.privateRun(TestRunner.java:744)
	at org.testng.TestRunner.run(TestRunner.java:602)
	at org.testng.SuiteRunner.runTest(SuiteRunner.java:380)
	at org.testng.SuiteRunner.runSequentially(SuiteRunner.java:375)
	at org.testng.SuiteRunner.privateRun(SuiteRunner.java:340)
	at org.testng.SuiteRunner.run(SuiteRunner.java:289)
	at org.testng.SuiteRunnerWorker.runSuite(SuiteRunnerWorker.java:52)
	at org.testng.SuiteRunnerWorker.run(SuiteRunnerWorker.java:86)
	at org.testng.TestNG.runSuitesSequentially(TestNG.java:1301)
	at org.testng.TestNG.runSuitesLocally(TestNG.java:1226)
	at org.testng.TestNG.runSuites(TestNG.java:1144)
	at org.testng.TestNG.run(TestNG.java:1115)
	at org.apache.maven.surefire.testng.TestNGExecutor.run(TestNGExecutor.java:283)
	at org.apache.maven.surefire.testng.TestNGXmlTestSuite.execute(TestNGXmlTestSuite.java:75)
	at org.apache.maven.surefire.testng.TestNGProvider.invoke(TestNGProvider.java:120)
	at org.apache.maven.surefire.booter.ForkedBooter.invokeProviderInSameClassLoader(ForkedBooter.java:384)
	at org.apache.maven.surefire.booter.ForkedBooter.runSuitesInProcess(ForkedBooter.java:345)
	at org.apache.maven.surefire.booter.ForkedBooter.execute(ForkedBooter.java:126)
	at org.apache.maven.surefire.booter.ForkedBooter.main(ForkedBooter.java:418)
2020/07/14 15:59:51:256 DEBUG com.sinosoft.test.base.TestBase:88 - 截屏文件名字是：FCCB_TB_JCX_1_异常截屏
2020/07/14 15:59:51:400  INFO com.sinosoft.test.base.TestBase:133 - 执行测试用例发生了异常，截屏结束！
2020/07/14 15:59:51:401  INFO com.sinosoft.test.base.TestBase:136 - 进入Finally事件:RowID:2
2020/07/14 15:59:51:401  INFO com.sinosoft.test.base.TestBase:137 - 进入Finally事件:testCaseName:FCCB_TBCL
2020/07/14 15:59:51:402  INFO com.sinosoft.test.base.TestBase:138 - 进入Finally事件:proposalNumber:06201900101202000000000082
2020/07/14 15:59:51:402  INFO com.sinosoft.test.base.TestBase:139 - 进入Finally事件:message:未知异常Cannot click on element
Build info: version: '3.9.0', revision: '698b3178f0', time: '2018-02-05T14:26:55.441Z'
System info: host: 'DESKTOP-I9S3ABE', ip: '100.100.99.142', os.name: 'Windows 10', os.arch: 'amd64', os.version: '10.0', java.version: '1.8.0_101'
Driver info: org.openqa.selenium.ie.InternetExplorerDriver
Capabilities {acceptInsecureCerts: false, browserName: internet explorer, browserVersion: 11, javascriptEnabled: true, pageLoadStrategy: normal, platform: WINDOWS, platformName: WINDOWS, proxy: Proxy(), se:ieOptions: {browserAttachTimeout: 0, elementScrollBehavior: 0, enablePersistentHover: true, ie.browserCommandLineSwitches: , ie.ensureCleanSession: false, ie.fileUploadDialogTimeout: 3000, ie.forceCreateProcessApi: false, ignoreProtectedModeSettings: true, ignoreZoomSetting: false, initialBrowserUrl: http://localhost:13398/, nativeEvents: true, requireWindowFocus: false}, setWindowRect: true, timeouts: {implicit: 0, pageLoad: 300000, script: 30000}, unhandledPromptBehavior: ignore}
Session ID: 963b2dab-693a-484b-900e-1b29f4e1db2b
2020/07/14 15:59:51:402  INFO com.sinosoft.test.base.TestBase:140 - 进入Finally事件:screenshot:C:\Users\liu-b\git\PageObjectModel\screenshots\FCCB_TB_JCX_1_异常截屏_20200714035951396.png
2020/07/14 15:59:51:984 DEBUG freemarker.cache:45 - Couldn't find template in cache for "index.ftl"("en", UTF-8, parsed); will try to load it.
2020/07/14 15:59:51:986 DEBUG freemarker.cache:45 - TemplateLoader.findTemplateSource("index_en.ftl"): Not found
2020/07/14 15:59:51:988 DEBUG freemarker.cache:45 - TemplateLoader.findTemplateSource("index.ftl"): Found
2020/07/14 15:59:51:989 DEBUG freemarker.cache:45 - Loading template for "index.ftl"("en", UTF-8, parsed) from "jar:file:/C:/Users/liu-b/.m2/repository/com/aventstack/extentreports/3.1.3/extentreports-3.1.3.jar!/com/aventstack/extentreports/view/html-report/index.ftl"
2020/07/14 15:59:52:261 DEBUG freemarker.cache:45 - Couldn't find template in cache for "head.ftl"("en", UTF-8, parsed); will try to load it.
2020/07/14 15:59:52:262 DEBUG freemarker.cache:45 - TemplateLoader.findTemplateSource("head_en.ftl"): Not found
2020/07/14 15:59:52:263 DEBUG freemarker.cache:45 - TemplateLoader.findTemplateSource("head.ftl"): Found
2020/07/14 15:59:52:263 DEBUG freemarker.cache:45 - Loading template for "head.ftl"("en", UTF-8, parsed) from "jar:file:/C:/Users/liu-b/.m2/repository/com/aventstack/extentreports/3.1.3/extentreports-3.1.3.jar!/com/aventstack/extentreports/view/html-report/head.ftl"
2020/07/14 15:59:52:267 DEBUG freemarker.cache:45 - Couldn't find template in cache for "nav.ftl"("en", UTF-8, parsed); will try to load it.
2020/07/14 15:59:52:267 DEBUG freemarker.cache:45 - TemplateLoader.findTemplateSource("nav_en.ftl"): Not found
2020/07/14 15:59:52:268 DEBUG freemarker.cache:45 - TemplateLoader.findTemplateSource("nav.ftl"): Found
2020/07/14 15:59:52:268 DEBUG freemarker.cache:45 - Loading template for "nav.ftl"("en", UTF-8, parsed) from "jar:file:/C:/Users/liu-b/.m2/repository/com/aventstack/extentreports/3.1.3/extentreports-3.1.3.jar!/com/aventstack/extentreports/view/html-report/nav.ftl"
2020/07/14 15:59:52:280 DEBUG freemarker.cache:45 - Couldn't find template in cache for "test-view/test-view.ftl"("en", UTF-8, parsed); will try to load it.
2020/07/14 15:59:52:281 DEBUG freemarker.cache:45 - TemplateLoader.findTemplateSource("test-view/test-view_en.ftl"): Not found
2020/07/14 15:59:52:281 DEBUG freemarker.cache:45 - TemplateLoader.findTemplateSource("test-view/test-view.ftl"): Found
2020/07/14 15:59:52:281 DEBUG freemarker.cache:45 - Loading template for "test-view/test-view.ftl"("en", UTF-8, parsed) from "jar:file:/C:/Users/liu-b/.m2/repository/com/aventstack/extentreports/3.1.3/extentreports-3.1.3.jar!/com/aventstack/extentreports/view/html-report/test-view/test-view.ftl"
2020/07/14 15:59:52:293 DEBUG freemarker.cache:45 - Couldn't find template in cache for "test-view/test-view-charts.ftl"("en", UTF-8, parsed); will try to load it.
2020/07/14 15:59:52:294 DEBUG freemarker.cache:45 - TemplateLoader.findTemplateSource("test-view/test-view-charts_en.ftl"): Not found
2020/07/14 15:59:52:294 DEBUG freemarker.cache:45 - TemplateLoader.findTemplateSource("test-view/test-view-charts.ftl"): Found
2020/07/14 15:59:52:294 DEBUG freemarker.cache:45 - Loading template for "test-view/test-view-charts.ftl"("en", UTF-8, parsed) from "jar:file:/C:/Users/liu-b/.m2/repository/com/aventstack/extentreports/3.1.3/extentreports-3.1.3.jar!/com/aventstack/extentreports/view/html-report/test-view/test-view-charts.ftl"
2020/07/14 15:59:52:313 DEBUG freemarker.cache:45 - Couldn't find template in cache for "test-view/standard.ftl"("en", UTF-8, parsed); will try to load it.
2020/07/14 15:59:52:313 DEBUG freemarker.cache:45 - TemplateLoader.findTemplateSource("test-view/standard_en.ftl"): Not found
2020/07/14 15:59:52:314 DEBUG freemarker.cache:45 - TemplateLoader.findTemplateSource("test-view/standard.ftl"): Found
2020/07/14 15:59:52:315 DEBUG freemarker.cache:45 - Loading template for "test-view/standard.ftl"("en", UTF-8, parsed) from "jar:file:/C:/Users/liu-b/.m2/repository/com/aventstack/extentreports/3.1.3/extentreports-3.1.3.jar!/com/aventstack/extentreports/view/html-report/test-view/standard.ftl"
2020/07/14 15:59:52:339 DEBUG freemarker.cache:45 - Couldn't find template in cache for "category-view/category-view.ftl"("en", UTF-8, parsed); will try to load it.
2020/07/14 15:59:52:339 DEBUG freemarker.cache:45 - TemplateLoader.findTemplateSource("category-view/category-view_en.ftl"): Not found
2020/07/14 15:59:52:340 DEBUG freemarker.cache:45 - TemplateLoader.findTemplateSource("category-view/category-view.ftl"): Found
2020/07/14 15:59:52:340 DEBUG freemarker.cache:45 - Loading template for "category-view/category-view.ftl"("en", UTF-8, parsed) from "jar:file:/C:/Users/liu-b/.m2/repository/com/aventstack/extentreports/3.1.3/extentreports-3.1.3.jar!/com/aventstack/extentreports/view/html-report/category-view/category-view.ftl"
2020/07/14 15:59:52:347 DEBUG freemarker.cache:45 - Couldn't find template in cache for "author-view/author-view.ftl"("en", UTF-8, parsed); will try to load it.
2020/07/14 15:59:52:348 DEBUG freemarker.cache:45 - TemplateLoader.findTemplateSource("author-view/author-view_en.ftl"): Not found
2020/07/14 15:59:52:348 DEBUG freemarker.cache:45 - TemplateLoader.findTemplateSource("author-view/author-view.ftl"): Found
2020/07/14 15:59:52:348 DEBUG freemarker.cache:45 - Loading template for "author-view/author-view.ftl"("en", UTF-8, parsed) from "jar:file:/C:/Users/liu-b/.m2/repository/com/aventstack/extentreports/3.1.3/extentreports-3.1.3.jar!/com/aventstack/extentreports/view/html-report/author-view/author-view.ftl"
2020/07/14 15:59:52:354 DEBUG freemarker.cache:45 - Couldn't find template in cache for "exception-view/exception-view.ftl"("en", UTF-8, parsed); will try to load it.
2020/07/14 15:59:52:355 DEBUG freemarker.cache:45 - TemplateLoader.findTemplateSource("exception-view/exception-view_en.ftl"): Not found
2020/07/14 15:59:52:356 DEBUG freemarker.cache:45 - TemplateLoader.findTemplateSource("exception-view/exception-view.ftl"): Found
2020/07/14 15:59:52:356 DEBUG freemarker.cache:45 - Loading template for "exception-view/exception-view.ftl"("en", UTF-8, parsed) from "jar:file:/C:/Users/liu-b/.m2/repository/com/aventstack/extentreports/3.1.3/extentreports-3.1.3.jar!/com/aventstack/extentreports/view/html-report/exception-view/exception-view.ftl"
2020/07/14 15:59:52:369 DEBUG freemarker.cache:45 - Couldn't find template in cache for "dashboard-view/dashboard-view.ftl"("en", UTF-8, parsed); will try to load it.
2020/07/14 15:59:52:370 DEBUG freemarker.cache:45 - TemplateLoader.findTemplateSource("dashboard-view/dashboard-view_en.ftl"): Not found
2020/07/14 15:59:52:371 DEBUG freemarker.cache:45 - TemplateLoader.findTemplateSource("dashboard-view/dashboard-view.ftl"): Found
2020/07/14 15:59:52:371 DEBUG freemarker.cache:45 - Loading template for "dashboard-view/dashboard-view.ftl"("en", UTF-8, parsed) from "jar:file:/C:/Users/liu-b/.m2/repository/com/aventstack/extentreports/3.1.3/extentreports-3.1.3.jar!/com/aventstack/extentreports/view/html-report/dashboard-view/dashboard-view.ftl"
2020/07/14 15:59:52:379 DEBUG freemarker.cache:45 - Couldn't find template in cache for "logs-view/testrunner-logs-view.ftl"("en", UTF-8, parsed); will try to load it.
2020/07/14 15:59:52:380 DEBUG freemarker.cache:45 - TemplateLoader.findTemplateSource("logs-view/testrunner-logs-view_en.ftl"): Not found
2020/07/14 15:59:52:382 DEBUG freemarker.cache:45 - TemplateLoader.findTemplateSource("logs-view/testrunner-logs-view.ftl"): Found
2020/07/14 15:59:52:382 DEBUG freemarker.cache:45 - Loading template for "logs-view/testrunner-logs-view.ftl"("en", UTF-8, parsed) from "jar:file:/C:/Users/liu-b/.m2/repository/com/aventstack/extentreports/3.1.3/extentreports-3.1.3.jar!/com/aventstack/extentreports/view/html-report/logs-view/testrunner-logs-view.ftl"
2020/07/14 16:01:48:425  INFO com.sinosoft.test.base.TestBase:59 - 配置文件路径：config.properties
2020/07/14 16:01:48:430 DEBUG com.sinosoft.test.base.TestBase:69 - 初始化class com.sinosoft.testcases.fccb.TBGLTestCase
2020/07/14 16:01:48:488 DEBUG com.sinosoft.test.base.TestBase:69 - 初始化class com.sinosoft.test.util.ExcelDataProvider
2020/07/14 16:01:49:406  INFO com.sinosoft.test.base.TestBase:80 - 当前文件里面一共有数据：4
2020/07/14 16:01:49:443  INFO com.sinosoft.test.base.TestBase:91 - start InternetExplorerDriver
2020/07/14 16:01:52:233 DEBUG com.sinosoft.test.base.TestBase:69 - 初始化class com.sinosoft.test.util.WebEventListener
2020/07/14 16:01:52:254  INFO com.sinosoft.test.base.TestBase:83 - 开始运行测试脚本，获取到的测试数据《getTBCLTestData》如下:
2020/07/14 16:01:52:256  INFO com.sinosoft.test.base.TestBase:84 - ROW_ID=2
ProcessFlag=Y
TestCaseName=FCCB_TB_JCX
TestCaseSeq=1
TestDescription=非车承保企财险-财产基本险-出单
riskClass=01
riskCode=0101
renewalInd=0
renewalPolicy=
prePay=
carrayOver=
carrayOverPolicy=
relatedInd=
relatedPolicy=
fbbs=
ywgs=01620190
qdlx=01
gdbs=0
xstd=T6201900101
ywy=S000000006
ywly=01010101
dljg=
xsxy=
cxywbs=HXXT
cdjg=
htzyjjfs=
jnwbz=
jw_country=
jw_Addr=
snbz=
sftkbd=0
sfdzbd=0
sfxb=0
fxqkyjytz=
sfydyw=
sfsn=
xbbdh=
tbr_lx=2
tbr_mc=
tbr_vip=
tbr_dm=G6200019984
tbr_zjlx=
tbr_zjhm=
tbr_sj=
tbr_csrq=
tbr_lxdz=
tbr_dwdh=010-67549095-456
lxr_xm=
lxr_xb=
lxr_zw=
lxr_sj=
lxr_yx=
xzsyfw=1
tqmc=
qbrq=
zbrq=
lgbbz=1
yyzdbz=1
sfgxdm=1
cbdq=
zzfwlx=0
hydl=12
hyxl=12006
jqbm=121121123123
bbdm=CNY
sf=130000
cs=130300
qx=130302
yb=065201
jzdj=01
bxcs=北戴河公园
bdw_jd=金融街街道
bdw_yyxz=
bdw_sfhyf=
bdw_fxlx=
bdw_sbmc=
bdw_cjh=
bdw_fdjh=
bdw_cjdjrq=
bdw_cllx=
bdw_cpcx=
bdw_sccj=
bdw_gzjz=
bdw_sgzyqy=
bdw_zylx=
bdw=010001
bdwmx=碣石公园礁石群
xbdm=0101001
jrbe=1
jzfs=10
bxje=2000000
bffl=0.5
dqflbz=2
ysbf=400
yyzd_zdpcg=24
yyzd_sndmlrze=6000000
yyzd_sndyye=20000000
yyzd_bdw=010056
yyzd_bdwmx=
yyzd_xbdm=0105001
yyzd_jrbe=1
yyzd_jzfs=18
yyzd_bxje=200000
yyzd_bffl=3
yyzd_dqflbz=3
yyzd_ysbf=4000
fsh=6
xsfdj=B
xsfxs=2
jgx_sf=
jgx_cs=
jgx_qx=
jgx_gcdd=
jgx_bb=
jgx_gcmc=
jgx_gclx_1=
jgx_gclx_2=
jgx_gclx_3=
jgx_gclx_4=
jgx_gclx_5=
jgx_gclx_6=
jgx_yzssjt=
jgx_yz=
jgx_cbs_ssjt=
jgx_cbs=
jgx_gchth=
jgx_gcjz=
jgx_gcqsrq=
jgx_gczzrq=
jgx_gcfw=
jgx_scqqsrq=
jgx_scqzzrq=
jgx_bzqqsrq=
jgx_bzqzzrq=
jgx_ws_xmlbdm=
jgx_ws_jrbe=
jgx_ws_bxje=
jgx_ws_fl=
jgx_ws_dqflbz=
jgx_ws_ysbf=
jgx_sz_xbdm=
jgx_sz_jrbe=
jgx_sz_ljpcxe=
jgx_sz_fv=
jgx_sz_dqflbz=
jgx_sz_ysbf=
proposalNumber=06201900101202000000000082
message=未知异常Cannot click on element
Build info: version: '3.9.0', revision: '698b3178f0', time: '2018-02-05T14:26:55.441Z'
System info: host: 'DESKTOP-I9S3ABE', ip: '100.100.99.142', os.name: 'Windows 10', os.arch: 'amd64', os.version: '10.0', java.version: '1.8.0_101'
Driver info: org.openqa.selenium.ie.InternetExplorerDriver
Capabilities {acceptInsecureCerts: false, browserName: internet explorer, browserVersion: 11, javascriptEnabled: true, pageLoadStrategy: normal, platform: WINDOWS, platformName: WINDOWS, proxy: Proxy(), se:ieOptions: {browserAttachTimeout: 0, elementScrollBehavior: 0, enablePersistentHover: true, ie.browserCommandLineSwitches: , ie.ensureCleanSession: false, ie.fileUploadDialogTimeout: 3000, ie.forceCreateProcessApi: false, ignoreProtectedModeSettings: true, ignoreZoomSetting: false, initialBrowserUrl: http://localhost:13398/, nativeEvents: true, requireWindowFocus: false}, setWindowRect: true, timeouts: {implicit: 0, pageLoad: 300000, script: 30000}, unhandledPromptBehavior: ignore}
Session ID: 963b2dab-693a-484b-900e-1b29f4e1db2b
screenshot=C:\Users\liu-b\git\PageObjectModel\screenshots\FCCB_TB_JCX_1_异常截屏_20200714035951396.png
testCaseName=FCCB_TBCL

2020/07/14 16:01:52:261 DEBUG com.sinosoft.test.base.TestBase:69 - 初始化class com.sinosoft.test.fccp.common.LoginPage
2020/07/14 16:01:57:289 DEBUG com.sinosoft.test.base.TestBase:26 - Before navigating to: 'http://tvfchxyw.ypic.cn'
2020/07/14 16:01:57:777 DEBUG com.sinosoft.test.base.TestBase:30 - Navigated to:'http://tvfchxyw.ypic.cn'
2020/07/14 16:01:57:778 DEBUG com.sinosoft.test.base.TestBase:76 - Trying to find Element By : By.id: username
2020/07/14 16:01:58:080 DEBUG com.sinosoft.test.base.TestBase:80 - Found Element By : By.id: username
2020/07/14 16:01:58:092  INFO com.sinosoft.test.base.TestBase:360 - setEditboxValue:[[InternetExplorerDriver: internet explorer on WINDOWS (e3a5ec8c-b99c-4322-986c-8811e2c5f82b)] -> id: username]：policy1@ypic
2020/07/14 16:01:58:093 DEBUG com.sinosoft.test.base.TestBase:76 - Trying to find Element By : By.id: username
2020/07/14 16:01:58:346 DEBUG com.sinosoft.test.base.TestBase:80 - Found Element By : By.id: username
2020/07/14 16:01:58:929 DEBUG com.sinosoft.test.base.TestBase:76 - Trying to find Element By : By.id: username
2020/07/14 16:01:59:212 DEBUG com.sinosoft.test.base.TestBase:80 - Found Element By : By.id: username
2020/07/14 16:02:09:238 DEBUG com.sinosoft.test.base.TestBase:66 - 系统自动捕获异常：Exception occured: org.openqa.selenium.WebDriverException: java.net.SocketTimeoutException: Read timed out
Build info: version: '3.9.0', revision: '698b3178f0', time: '2018-02-05T14:26:55.441Z'
System info: host: 'DESKTOP-I9S3ABE', ip: '100.100.99.142', os.name: 'Windows 10', os.arch: 'amd64', os.version: '10.0', java.version: '1.8.0_101'
Driver info: driver.version: RemoteWebDriver
2020/07/14 16:02:09:239  INFO com.sinosoft.test.base.TestBase:68 - 异常的message 是：java.net.SocketTimeoutException: Read timed out
Build info: version: '3.9.0', revision: '698b3178f0', time: '2018-02-05T14:26:55.441Z'
System info: host: 'DESKTOP-I9S3ABE', ip: '100.100.99.142', os.name: 'Windows 10', os.arch: 'amd64', os.version: '10.0', java.version: '1.8.0_101'
Driver info: driver.version: RemoteWebDriver
2020/07/14 16:02:09:242  INFO com.sinosoft.test.base.TestBase:129 - 执行测试用例发生了异常，开始截屏
org.openqa.selenium.WebDriverException: java.net.SocketTimeoutException: Read timed out
Build info: version: '3.9.0', revision: '698b3178f0', time: '2018-02-05T14:26:55.441Z'
System info: host: 'DESKTOP-I9S3ABE', ip: '100.100.99.142', os.name: 'Windows 10', os.arch: 'amd64', os.version: '10.0', java.version: '1.8.0_101'
Driver info: driver.version: RemoteWebDriver
	at org.openqa.selenium.remote.service.DriverCommandExecutor.execute(DriverCommandExecutor.java:92)
	at org.openqa.selenium.remote.RemoteWebDriver.execute(RemoteWebDriver.java:601)
	at org.openqa.selenium.remote.RemoteWebElement.execute(RemoteWebElement.java:279)
	at org.openqa.selenium.remote.RemoteWebElement.sendKeys(RemoteWebElement.java:100)
	at sun.reflect.NativeMethodAccessorImpl.invoke0(Native Method)
	at sun.reflect.NativeMethodAccessorImpl.invoke(NativeMethodAccessorImpl.java:62)
	at sun.reflect.DelegatingMethodAccessorImpl.invoke(DelegatingMethodAccessorImpl.java:43)
	at java.lang.reflect.Method.invoke(Method.java:498)
	at org.openqa.selenium.support.events.EventFiringWebDriver$EventFiringWebElement$1.invoke(EventFiringWebDriver.java:375)
	at com.sun.proxy.$Proxy13.sendKeys(Unknown Source)
	at org.openqa.selenium.support.events.EventFiringWebDriver$EventFiringWebElement.sendKeys(EventFiringWebDriver.java:398)
	at sun.reflect.NativeMethodAccessorImpl.invoke0(Native Method)
	at sun.reflect.NativeMethodAccessorImpl.invoke(NativeMethodAccessorImpl.java:62)
	at sun.reflect.DelegatingMethodAccessorImpl.invoke(DelegatingMethodAccessorImpl.java:43)
	at java.lang.reflect.Method.invoke(Method.java:498)
	at org.openqa.selenium.support.pagefactory.internal.LocatingElementHandler.invoke(LocatingElementHandler.java:51)
	at com.sun.proxy.$Proxy12.sendKeys(Unknown Source)
	at com.sinosoft.test.base.TestBase.setEditboxValue(TestBase.java:362)
	at com.sinosoft.test.fccp.common.LoginPage.login(LoginPage.java:65)
	at com.sinosoft.test.fccp.common.LoginPage.login_normal(LoginPage.java:87)
	at com.sinosoft.testcases.fccb.TBGLTestCase.FCCB_TBCL(TBGLTestCase.java:91)
	at sun.reflect.NativeMethodAccessorImpl.invoke0(Native Method)
	at sun.reflect.NativeMethodAccessorImpl.invoke(NativeMethodAccessorImpl.java:62)
	at sun.reflect.DelegatingMethodAccessorImpl.invoke(DelegatingMethodAccessorImpl.java:43)
	at java.lang.reflect.Method.invoke(Method.java:498)
	at org.testng.internal.MethodInvocationHelper.invokeMethod(MethodInvocationHelper.java:108)
	at org.testng.internal.Invoker.invokeMethod(Invoker.java:661)
	at org.testng.internal.Invoker.invokeTestMethod(Invoker.java:869)
	at org.testng.internal.Invoker.invokeTestMethods(Invoker.java:1193)
	at org.testng.internal.TestMethodWorker.invokeTestMethods(TestMethodWorker.java:126)
	at org.testng.internal.TestMethodWorker.run(TestMethodWorker.java:109)
	at org.testng.TestRunner.privateRun(TestRunner.java:744)
	at org.testng.TestRunner.run(TestRunner.java:602)
	at org.testng.SuiteRunner.runTest(SuiteRunner.java:380)
	at org.testng.SuiteRunner.runSequentially(SuiteRunner.java:375)
	at org.testng.SuiteRunner.privateRun(SuiteRunner.java:340)
	at org.testng.SuiteRunner.run(SuiteRunner.java:289)
	at org.testng.SuiteRunnerWorker.runSuite(SuiteRunnerWorker.java:52)
	at org.testng.SuiteRunnerWorker.run(SuiteRunnerWorker.java:86)
	at org.testng.TestNG.runSuitesSequentially(TestNG.java:1301)
	at org.testng.TestNG.runSuitesLocally(TestNG.java:1226)
	at org.testng.TestNG.runSuites(TestNG.java:1144)
	at org.testng.TestNG.run(TestNG.java:1115)
	at org.apache.maven.surefire.testng.TestNGExecutor.run(TestNGExecutor.java:283)
	at org.apache.maven.surefire.testng.TestNGXmlTestSuite.execute(TestNGXmlTestSuite.java:75)
	at org.apache.maven.surefire.testng.TestNGProvider.invoke(TestNGProvider.java:120)
	at org.apache.maven.surefire.booter.ForkedBooter.invokeProviderInSameClassLoader(ForkedBooter.java:384)
	at org.apache.maven.surefire.booter.ForkedBooter.runSuitesInProcess(ForkedBooter.java:345)
	at org.apache.maven.surefire.booter.ForkedBooter.execute(ForkedBooter.java:126)
	at org.apache.maven.surefire.booter.ForkedBooter.main(ForkedBooter.java:418)
Caused by: java.net.SocketTimeoutException: Read timed out
	at java.net.SocketInputStream.socketRead0(Native Method)
	at java.net.SocketInputStream.socketRead(SocketInputStream.java:116)
	at java.net.SocketInputStream.read(SocketInputStream.java:170)
	at java.net.SocketInputStream.read(SocketInputStream.java:141)
	at okio.Okio$2.read(Okio.java:139)
	at okio.AsyncTimeout$2.read(AsyncTimeout.java:237)
	at okio.RealBufferedSource.indexOf(RealBufferedSource.java:345)
	at okio.RealBufferedSource.readUtf8LineStrict(RealBufferedSource.java:217)
	at okhttp3.internal.http1.Http1Codec.readHeaderLine(Http1Codec.java:212)
	at okhttp3.internal.http1.Http1Codec.readResponseHeaders(Http1Codec.java:189)
	at okhttp3.internal.http.CallServerInterceptor.intercept(CallServerInterceptor.java:88)
	at okhttp3.internal.http.RealInterceptorChain.proceed(RealInterceptorChain.java:147)
	at okhttp3.internal.connection.ConnectInterceptor.intercept(ConnectInterceptor.java:45)
	at okhttp3.internal.http.RealInterceptorChain.proceed(RealInterceptorChain.java:147)
	at okhttp3.internal.http.RealInterceptorChain.proceed(RealInterceptorChain.java:121)
	at okhttp3.internal.cache.CacheInterceptor.intercept(CacheInterceptor.java:93)
	at okhttp3.internal.http.RealInterceptorChain.proceed(RealInterceptorChain.java:147)
	at okhttp3.internal.http.RealInterceptorChain.proceed(RealInterceptorChain.java:121)
	at okhttp3.internal.http.BridgeInterceptor.intercept(BridgeInterceptor.java:93)
	at okhttp3.internal.http.RealInterceptorChain.proceed(RealInterceptorChain.java:147)
	at okhttp3.internal.http.RetryAndFollowUpInterceptor.intercept(RetryAndFollowUpInterceptor.java:125)
	at okhttp3.internal.http.RealInterceptorChain.proceed(RealInterceptorChain.java:147)
	at okhttp3.internal.http.RealInterceptorChain.proceed(RealInterceptorChain.java:121)
	at okhttp3.RealCall.getResponseWithInterceptorChain(RealCall.java:200)
	at okhttp3.RealCall.execute(RealCall.java:77)
	at org.openqa.selenium.remote.internal.OkHttpClient.execute(OkHttpClient.java:97)
	at org.openqa.selenium.remote.internal.OkHttpClient.execute(OkHttpClient.java:47)
	at org.openqa.selenium.remote.HttpCommandExecutor.execute(HttpCommandExecutor.java:157)
	at org.openqa.selenium.remote.service.DriverCommandExecutor.execute(DriverCommandExecutor.java:83)
	... 49 more
2020/07/14 16:02:09:250 DEBUG com.sinosoft.test.base.TestBase:88 - 截屏文件名字是：FCCB_TB_JCX_1_异常截屏
2020/07/14 16:02:21:265 DEBUG com.sinosoft.test.base.TestBase:66 - 系统自动捕获异常：Exception occured: org.openqa.selenium.WebDriverException: java.net.SocketTimeoutException: timeout
Build info: version: '3.9.0', revision: '698b3178f0', time: '2018-02-05T14:26:55.441Z'
System info: host: 'DESKTOP-I9S3ABE', ip: '100.100.99.142', os.name: 'Windows 10', os.arch: 'amd64', os.version: '10.0', java.version: '1.8.0_101'
Driver info: driver.version: EventFiringWebDriver
2020/07/14 16:02:21:266  INFO com.sinosoft.test.base.TestBase:68 - 异常的message 是：java.net.SocketTimeoutException: timeout
Build info: version: '3.9.0', revision: '698b3178f0', time: '2018-02-05T14:26:55.441Z'
System info: host: 'DESKTOP-I9S3ABE', ip: '100.100.99.142', os.name: 'Windows 10', os.arch: 'amd64', os.version: '10.0', java.version: '1.8.0_101'
Driver info: driver.version: EventFiringWebDriver
2020/07/14 16:02:21:267 ERROR com.sinosoft.test.base.TestBase:94 - 浏览截屏失败：
org.openqa.selenium.WebDriverException: java.net.SocketTimeoutException: timeout
Build info: version: '3.9.0', revision: '698b3178f0', time: '2018-02-05T14:26:55.441Z'
System info: host: 'DESKTOP-I9S3ABE', ip: '100.100.99.142', os.name: 'Windows 10', os.arch: 'amd64', os.version: '10.0', java.version: '1.8.0_101'
Driver info: driver.version: EventFiringWebDriver
	at org.openqa.selenium.remote.service.DriverCommandExecutor.execute(DriverCommandExecutor.java:92)
	at org.openqa.selenium.remote.RemoteWebDriver.execute(RemoteWebDriver.java:601)
	at org.openqa.selenium.remote.RemoteWebDriver.execute(RemoteWebDriver.java:658)
	at org.openqa.selenium.ie.InternetExplorerDriver.getScreenshotAs(InternetExplorerDriver.java:235)
	at sun.reflect.NativeMethodAccessorImpl.invoke0(Native Method)
	at sun.reflect.NativeMethodAccessorImpl.invoke(NativeMethodAccessorImpl.java:62)
	at sun.reflect.DelegatingMethodAccessorImpl.invoke(DelegatingMethodAccessorImpl.java:43)
	at java.lang.reflect.Method.invoke(Method.java:498)
	at org.openqa.selenium.support.events.EventFiringWebDriver$2.invoke(EventFiringWebDriver.java:108)
	at com.sun.proxy.$Proxy8.getScreenshotAs(Unknown Source)
	at org.openqa.selenium.support.events.EventFiringWebDriver.getScreenshotAs(EventFiringWebDriver.java:291)
	at com.sinosoft.test.util.TestUtil.takeScreenshot(TestUtil.java:89)
	at com.sinosoft.testcases.fccb.TBGLTestCase.FCCB_TBCL(TBGLTestCase.java:130)
	at sun.reflect.NativeMethodAccessorImpl.invoke0(Native Method)
	at sun.reflect.NativeMethodAccessorImpl.invoke(NativeMethodAccessorImpl.java:62)
	at sun.reflect.DelegatingMethodAccessorImpl.invoke(DelegatingMethodAccessorImpl.java:43)
	at java.lang.reflect.Method.invoke(Method.java:498)
	at org.testng.internal.MethodInvocationHelper.invokeMethod(MethodInvocationHelper.java:108)
	at org.testng.internal.Invoker.invokeMethod(Invoker.java:661)
	at org.testng.internal.Invoker.invokeTestMethod(Invoker.java:869)
	at org.testng.internal.Invoker.invokeTestMethods(Invoker.java:1193)
	at org.testng.internal.TestMethodWorker.invokeTestMethods(TestMethodWorker.java:126)
	at org.testng.internal.TestMethodWorker.run(TestMethodWorker.java:109)
	at org.testng.TestRunner.privateRun(TestRunner.java:744)
	at org.testng.TestRunner.run(TestRunner.java:602)
	at org.testng.SuiteRunner.runTest(SuiteRunner.java:380)
	at org.testng.SuiteRunner.runSequentially(SuiteRunner.java:375)
	at org.testng.SuiteRunner.privateRun(SuiteRunner.java:340)
	at org.testng.SuiteRunner.run(SuiteRunner.java:289)
	at org.testng.SuiteRunnerWorker.runSuite(SuiteRunnerWorker.java:52)
	at org.testng.SuiteRunnerWorker.run(SuiteRunnerWorker.java:86)
	at org.testng.TestNG.runSuitesSequentially(TestNG.java:1301)
	at org.testng.TestNG.runSuitesLocally(TestNG.java:1226)
	at org.testng.TestNG.runSuites(TestNG.java:1144)
	at org.testng.TestNG.run(TestNG.java:1115)
	at org.apache.maven.surefire.testng.TestNGExecutor.run(TestNGExecutor.java:283)
	at org.apache.maven.surefire.testng.TestNGXmlTestSuite.execute(TestNGXmlTestSuite.java:75)
	at org.apache.maven.surefire.testng.TestNGProvider.invoke(TestNGProvider.java:120)
	at org.apache.maven.surefire.booter.ForkedBooter.invokeProviderInSameClassLoader(ForkedBooter.java:384)
	at org.apache.maven.surefire.booter.ForkedBooter.runSuitesInProcess(ForkedBooter.java:345)
	at org.apache.maven.surefire.booter.ForkedBooter.execute(ForkedBooter.java:126)
	at org.apache.maven.surefire.booter.ForkedBooter.main(ForkedBooter.java:418)
Caused by: java.net.SocketTimeoutException: timeout
	at okio.Okio$4.newTimeoutException(Okio.java:230)
	at okio.AsyncTimeout.exit(AsyncTimeout.java:285)
	at okio.AsyncTimeout$2.read(AsyncTimeout.java:241)
	at okio.RealBufferedSource.indexOf(RealBufferedSource.java:345)
	at okio.RealBufferedSource.readUtf8LineStrict(RealBufferedSource.java:217)
	at okhttp3.internal.http1.Http1Codec.readHeaderLine(Http1Codec.java:212)
	at okhttp3.internal.http1.Http1Codec.readResponseHeaders(Http1Codec.java:189)
	at okhttp3.internal.http.CallServerInterceptor.intercept(CallServerInterceptor.java:88)
	at okhttp3.internal.http.RealInterceptorChain.proceed(RealInterceptorChain.java:147)
	at okhttp3.internal.connection.ConnectInterceptor.intercept(ConnectInterceptor.java:45)
	at okhttp3.internal.http.RealInterceptorChain.proceed(RealInterceptorChain.java:147)
	at okhttp3.internal.http.RealInterceptorChain.proceed(RealInterceptorChain.java:121)
	at okhttp3.internal.cache.CacheInterceptor.intercept(CacheInterceptor.java:93)
	at okhttp3.internal.http.RealInterceptorChain.proceed(RealInterceptorChain.java:147)
	at okhttp3.internal.http.RealInterceptorChain.proceed(RealInterceptorChain.java:121)
	at okhttp3.internal.http.BridgeInterceptor.intercept(BridgeInterceptor.java:93)
	at okhttp3.internal.http.RealInterceptorChain.proceed(RealInterceptorChain.java:147)
	at okhttp3.internal.http.RetryAndFollowUpInterceptor.intercept(RetryAndFollowUpInterceptor.java:125)
	at okhttp3.internal.http.RealInterceptorChain.proceed(RealInterceptorChain.java:147)
	at okhttp3.internal.http.RealInterceptorChain.proceed(RealInterceptorChain.java:121)
	at okhttp3.RealCall.getResponseWithInterceptorChain(RealCall.java:200)
	at okhttp3.RealCall.execute(RealCall.java:77)
	at org.openqa.selenium.remote.internal.OkHttpClient.execute(OkHttpClient.java:97)
	at org.openqa.selenium.remote.internal.OkHttpClient.execute(OkHttpClient.java:47)
	at org.openqa.selenium.remote.HttpCommandExecutor.execute(HttpCommandExecutor.java:157)
	at org.openqa.selenium.remote.service.DriverCommandExecutor.execute(DriverCommandExecutor.java:83)
	... 41 more
Caused by: java.net.SocketTimeoutException: Read timed out
	at java.net.SocketInputStream.socketRead0(Native Method)
	at java.net.SocketInputStream.socketRead(SocketInputStream.java:116)
	at java.net.SocketInputStream.read(SocketInputStream.java:170)
	at java.net.SocketInputStream.read(SocketInputStream.java:141)
	at okio.Okio$2.read(Okio.java:139)
	at okio.AsyncTimeout$2.read(AsyncTimeout.java:237)
	... 64 more
2020/07/14 16:02:21:275  INFO com.sinosoft.test.base.TestBase:133 - 执行测试用例发生了异常，截屏结束！
2020/07/14 16:02:21:282  INFO com.sinosoft.test.base.TestBase:136 - 进入Finally事件:RowID:2
2020/07/14 16:02:21:283  INFO com.sinosoft.test.base.TestBase:137 - 进入Finally事件:testCaseName:FCCB_TBCL
2020/07/14 16:02:21:284  INFO com.sinosoft.test.base.TestBase:138 - 进入Finally事件:proposalNumber:06201900101202000000000082
2020/07/14 16:02:21:285  INFO com.sinosoft.test.base.TestBase:139 - 进入Finally事件:message:未知异常java.net.SocketTimeoutException: Read timed out
Build info: version: '3.9.0', revision: '698b3178f0', time: '2018-02-05T14:26:55.441Z'
System info: host: 'DESKTOP-I9S3ABE', ip: '100.100.99.142', os.name: 'Windows 10', os.arch: 'amd64', os.version: '10.0', java.version: '1.8.0_101'
Driver info: driver.version: RemoteWebDriver
2020/07/14 16:02:21:288  INFO com.sinosoft.test.base.TestBase:140 - 进入Finally事件:screenshot:
2020/07/14 16:02:22:044 DEBUG freemarker.cache:45 - Couldn't find template in cache for "index.ftl"("en", UTF-8, parsed); will try to load it.
2020/07/14 16:02:22:046 DEBUG freemarker.cache:45 - TemplateLoader.findTemplateSource("index_en.ftl"): Not found
2020/07/14 16:02:22:049 DEBUG freemarker.cache:45 - TemplateLoader.findTemplateSource("index.ftl"): Found
2020/07/14 16:02:22:050 DEBUG freemarker.cache:45 - Loading template for "index.ftl"("en", UTF-8, parsed) from "jar:file:/C:/Users/liu-b/.m2/repository/com/aventstack/extentreports/3.1.3/extentreports-3.1.3.jar!/com/aventstack/extentreports/view/html-report/index.ftl"
2020/07/14 16:02:22:407 DEBUG freemarker.cache:45 - Couldn't find template in cache for "head.ftl"("en", UTF-8, parsed); will try to load it.
2020/07/14 16:02:22:408 DEBUG freemarker.cache:45 - TemplateLoader.findTemplateSource("head_en.ftl"): Not found
2020/07/14 16:02:22:409 DEBUG freemarker.cache:45 - TemplateLoader.findTemplateSource("head.ftl"): Found
2020/07/14 16:02:22:409 DEBUG freemarker.cache:45 - Loading template for "head.ftl"("en", UTF-8, parsed) from "jar:file:/C:/Users/liu-b/.m2/repository/com/aventstack/extentreports/3.1.3/extentreports-3.1.3.jar!/com/aventstack/extentreports/view/html-report/head.ftl"
2020/07/14 16:02:22:414 DEBUG freemarker.cache:45 - Couldn't find template in cache for "nav.ftl"("en", UTF-8, parsed); will try to load it.
2020/07/14 16:02:22:415 DEBUG freemarker.cache:45 - TemplateLoader.findTemplateSource("nav_en.ftl"): Not found
2020/07/14 16:02:22:416 DEBUG freemarker.cache:45 - TemplateLoader.findTemplateSource("nav.ftl"): Found
2020/07/14 16:02:22:416 DEBUG freemarker.cache:45 - Loading template for "nav.ftl"("en", UTF-8, parsed) from "jar:file:/C:/Users/liu-b/.m2/repository/com/aventstack/extentreports/3.1.3/extentreports-3.1.3.jar!/com/aventstack/extentreports/view/html-report/nav.ftl"
2020/07/14 16:02:22:431 DEBUG freemarker.cache:45 - Couldn't find template in cache for "test-view/test-view.ftl"("en", UTF-8, parsed); will try to load it.
2020/07/14 16:02:22:432 DEBUG freemarker.cache:45 - TemplateLoader.findTemplateSource("test-view/test-view_en.ftl"): Not found
2020/07/14 16:02:22:433 DEBUG freemarker.cache:45 - TemplateLoader.findTemplateSource("test-view/test-view.ftl"): Found
2020/07/14 16:02:22:434 DEBUG freemarker.cache:45 - Loading template for "test-view/test-view.ftl"("en", UTF-8, parsed) from "jar:file:/C:/Users/liu-b/.m2/repository/com/aventstack/extentreports/3.1.3/extentreports-3.1.3.jar!/com/aventstack/extentreports/view/html-report/test-view/test-view.ftl"
2020/07/14 16:02:22:457 DEBUG freemarker.cache:45 - Couldn't find template in cache for "test-view/test-view-charts.ftl"("en", UTF-8, parsed); will try to load it.
2020/07/14 16:02:22:458 DEBUG freemarker.cache:45 - TemplateLoader.findTemplateSource("test-view/test-view-charts_en.ftl"): Not found
2020/07/14 16:02:22:459 DEBUG freemarker.cache:45 - TemplateLoader.findTemplateSource("test-view/test-view-charts.ftl"): Found
2020/07/14 16:02:22:460 DEBUG freemarker.cache:45 - Loading template for "test-view/test-view-charts.ftl"("en", UTF-8, parsed) from "jar:file:/C:/Users/liu-b/.m2/repository/com/aventstack/extentreports/3.1.3/extentreports-3.1.3.jar!/com/aventstack/extentreports/view/html-report/test-view/test-view-charts.ftl"
2020/07/14 16:02:22:481 DEBUG freemarker.cache:45 - Couldn't find template in cache for "test-view/standard.ftl"("en", UTF-8, parsed); will try to load it.
2020/07/14 16:02:22:482 DEBUG freemarker.cache:45 - TemplateLoader.findTemplateSource("test-view/standard_en.ftl"): Not found
2020/07/14 16:02:22:483 DEBUG freemarker.cache:45 - TemplateLoader.findTemplateSource("test-view/standard.ftl"): Found
2020/07/14 16:02:22:483 DEBUG freemarker.cache:45 - Loading template for "test-view/standard.ftl"("en", UTF-8, parsed) from "jar:file:/C:/Users/liu-b/.m2/repository/com/aventstack/extentreports/3.1.3/extentreports-3.1.3.jar!/com/aventstack/extentreports/view/html-report/test-view/standard.ftl"
2020/07/14 16:02:22:517 DEBUG freemarker.cache:45 - Couldn't find template in cache for "category-view/category-view.ftl"("en", UTF-8, parsed); will try to load it.
2020/07/14 16:02:22:519 DEBUG freemarker.cache:45 - TemplateLoader.findTemplateSource("category-view/category-view_en.ftl"): Not found
2020/07/14 16:02:22:521 DEBUG freemarker.cache:45 - TemplateLoader.findTemplateSource("category-view/category-view.ftl"): Found
2020/07/14 16:02:22:522 DEBUG freemarker.cache:45 - Loading template for "category-view/category-view.ftl"("en", UTF-8, parsed) from "jar:file:/C:/Users/liu-b/.m2/repository/com/aventstack/extentreports/3.1.3/extentreports-3.1.3.jar!/com/aventstack/extentreports/view/html-report/category-view/category-view.ftl"
2020/07/14 16:02:22:527 DEBUG freemarker.cache:45 - Couldn't find template in cache for "author-view/author-view.ftl"("en", UTF-8, parsed); will try to load it.
2020/07/14 16:02:22:528 DEBUG freemarker.cache:45 - TemplateLoader.findTemplateSource("author-view/author-view_en.ftl"): Not found
2020/07/14 16:02:22:529 DEBUG freemarker.cache:45 - TemplateLoader.findTemplateSource("author-view/author-view.ftl"): Found
2020/07/14 16:02:22:530 DEBUG freemarker.cache:45 - Loading template for "author-view/author-view.ftl"("en", UTF-8, parsed) from "jar:file:/C:/Users/liu-b/.m2/repository/com/aventstack/extentreports/3.1.3/extentreports-3.1.3.jar!/com/aventstack/extentreports/view/html-report/author-view/author-view.ftl"
2020/07/14 16:02:22:543 DEBUG freemarker.cache:45 - Couldn't find template in cache for "exception-view/exception-view.ftl"("en", UTF-8, parsed); will try to load it.
2020/07/14 16:02:22:544 DEBUG freemarker.cache:45 - TemplateLoader.findTemplateSource("exception-view/exception-view_en.ftl"): Not found
2020/07/14 16:02:22:545 DEBUG freemarker.cache:45 - TemplateLoader.findTemplateSource("exception-view/exception-view.ftl"): Found
2020/07/14 16:02:22:546 DEBUG freemarker.cache:45 - Loading template for "exception-view/exception-view.ftl"("en", UTF-8, parsed) from "jar:file:/C:/Users/liu-b/.m2/repository/com/aventstack/extentreports/3.1.3/extentreports-3.1.3.jar!/com/aventstack/extentreports/view/html-report/exception-view/exception-view.ftl"
2020/07/14 16:02:22:563 DEBUG freemarker.cache:45 - Couldn't find template in cache for "dashboard-view/dashboard-view.ftl"("en", UTF-8, parsed); will try to load it.
2020/07/14 16:02:22:564 DEBUG freemarker.cache:45 - TemplateLoader.findTemplateSource("dashboard-view/dashboard-view_en.ftl"): Not found
2020/07/14 16:02:22:566 DEBUG freemarker.cache:45 - TemplateLoader.findTemplateSource("dashboard-view/dashboard-view.ftl"): Found
2020/07/14 16:02:22:566 DEBUG freemarker.cache:45 - Loading template for "dashboard-view/dashboard-view.ftl"("en", UTF-8, parsed) from "jar:file:/C:/Users/liu-b/.m2/repository/com/aventstack/extentreports/3.1.3/extentreports-3.1.3.jar!/com/aventstack/extentreports/view/html-report/dashboard-view/dashboard-view.ftl"
2020/07/14 16:02:22:583 DEBUG freemarker.cache:45 - Couldn't find template in cache for "logs-view/testrunner-logs-view.ftl"("en", UTF-8, parsed); will try to load it.
2020/07/14 16:02:22:585 DEBUG freemarker.cache:45 - TemplateLoader.findTemplateSource("logs-view/testrunner-logs-view_en.ftl"): Not found
2020/07/14 16:02:22:589 DEBUG freemarker.cache:45 - TemplateLoader.findTemplateSource("logs-view/testrunner-logs-view.ftl"): Found
2020/07/14 16:02:22:590 DEBUG freemarker.cache:45 - Loading template for "logs-view/testrunner-logs-view.ftl"("en", UTF-8, parsed) from "jar:file:/C:/Users/liu-b/.m2/repository/com/aventstack/extentreports/3.1.3/extentreports-3.1.3.jar!/com/aventstack/extentreports/view/html-report/logs-view/testrunner-logs-view.ftl"
2020/07/14 16:03:14:179  INFO com.sinosoft.test.base.TestBase:59 - 配置文件路径：config.properties
2020/07/14 16:03:14:183 DEBUG com.sinosoft.test.base.TestBase:69 - 初始化class com.sinosoft.testcases.fccb.TBGLTestCase
2020/07/14 16:03:14:249 DEBUG com.sinosoft.test.base.TestBase:69 - 初始化class com.sinosoft.test.util.ExcelDataProvider
2020/07/14 16:03:15:201  INFO com.sinosoft.test.base.TestBase:80 - 当前文件里面一共有数据：4
2020/07/14 16:03:15:249  INFO com.sinosoft.test.base.TestBase:91 - start InternetExplorerDriver
2020/07/14 16:03:18:147 DEBUG com.sinosoft.test.base.TestBase:69 - 初始化class com.sinosoft.test.util.WebEventListener
2020/07/14 16:03:18:169  INFO com.sinosoft.test.base.TestBase:83 - 开始运行测试脚本，获取到的测试数据《getTBCLTestData》如下:
2020/07/14 16:03:18:170  INFO com.sinosoft.test.base.TestBase:84 - ROW_ID=2
ProcessFlag=Y
TestCaseName=FCCB_TB_JCX
TestCaseSeq=1
TestDescription=非车承保企财险-财产基本险-出单
riskClass=01
riskCode=0101
renewalInd=0
renewalPolicy=
prePay=
carrayOver=
carrayOverPolicy=
relatedInd=
relatedPolicy=
fbbs=
ywgs=01620190
qdlx=01
gdbs=0
xstd=T6201900101
ywy=S000000006
ywly=01010101
dljg=
xsxy=
cxywbs=HXXT
cdjg=
htzyjjfs=
jnwbz=
jw_country=
jw_Addr=
snbz=
sftkbd=0
sfdzbd=0
sfxb=0
fxqkyjytz=
sfydyw=
sfsn=
xbbdh=
tbr_lx=2
tbr_mc=
tbr_vip=
tbr_dm=G6200019984
tbr_zjlx=
tbr_zjhm=
tbr_sj=
tbr_csrq=
tbr_lxdz=
tbr_dwdh=010-67549095-456
lxr_xm=
lxr_xb=
lxr_zw=
lxr_sj=
lxr_yx=
xzsyfw=1
tqmc=
qbrq=
zbrq=
lgbbz=1
yyzdbz=1
sfgxdm=1
cbdq=
zzfwlx=0
hydl=12
hyxl=12006
jqbm=121121123123
bbdm=CNY
sf=130000
cs=130300
qx=130302
yb=065201
jzdj=01
bxcs=北戴河公园
bdw_jd=金融街街道
bdw_yyxz=
bdw_sfhyf=
bdw_fxlx=
bdw_sbmc=
bdw_cjh=
bdw_fdjh=
bdw_cjdjrq=
bdw_cllx=
bdw_cpcx=
bdw_sccj=
bdw_gzjz=
bdw_sgzyqy=
bdw_zylx=
bdw=010001
bdwmx=碣石公园礁石群
xbdm=0101001
jrbe=1
jzfs=10
bxje=2000000
bffl=0.5
dqflbz=2
ysbf=400
yyzd_zdpcg=24
yyzd_sndmlrze=6000000
yyzd_sndyye=20000000
yyzd_bdw=010056
yyzd_bdwmx=
yyzd_xbdm=0105001
yyzd_jrbe=1
yyzd_jzfs=18
yyzd_bxje=200000
yyzd_bffl=3
yyzd_dqflbz=3
yyzd_ysbf=4000
fsh=6
xsfdj=B
xsfxs=2
jgx_sf=
jgx_cs=
jgx_qx=
jgx_gcdd=
jgx_bb=
jgx_gcmc=
jgx_gclx_1=
jgx_gclx_2=
jgx_gclx_3=
jgx_gclx_4=
jgx_gclx_5=
jgx_gclx_6=
jgx_yzssjt=
jgx_yz=
jgx_cbs_ssjt=
jgx_cbs=
jgx_gchth=
jgx_gcjz=
jgx_gcqsrq=
jgx_gczzrq=
jgx_gcfw=
jgx_scqqsrq=
jgx_scqzzrq=
jgx_bzqqsrq=
jgx_bzqzzrq=
jgx_ws_xmlbdm=
jgx_ws_jrbe=
jgx_ws_bxje=
jgx_ws_fl=
jgx_ws_dqflbz=
jgx_ws_ysbf=
jgx_sz_xbdm=
jgx_sz_jrbe=
jgx_sz_ljpcxe=
jgx_sz_fv=
jgx_sz_dqflbz=
jgx_sz_ysbf=
proposalNumber=06201900101202000000000082
message=未知异常java.net.SocketTimeoutException: Read timed out
Build info: version: '3.9.0', revision: '698b3178f0', time: '2018-02-05T14:26:55.441Z'
System info: host: 'DESKTOP-I9S3ABE', ip: '100.100.99.142', os.name: 'Windows 10', os.arch: 'amd64', os.version: '10.0', java.version: '1.8.0_101'
Driver info: driver.version: RemoteWebDriver
screenshot=
testCaseName=FCCB_TBCL

2020/07/14 16:03:18:175 DEBUG com.sinosoft.test.base.TestBase:69 - 初始化class com.sinosoft.test.fccp.common.LoginPage
2020/07/14 16:03:23:206 DEBUG com.sinosoft.test.base.TestBase:26 - Before navigating to: 'http://tvfchxyw.ypic.cn'
2020/07/14 16:03:23:926 DEBUG com.sinosoft.test.base.TestBase:30 - Navigated to:'http://tvfchxyw.ypic.cn'
2020/07/14 16:03:23:926 DEBUG com.sinosoft.test.base.TestBase:76 - Trying to find Element By : By.id: username
2020/07/14 16:03:24:209 DEBUG com.sinosoft.test.base.TestBase:80 - Found Element By : By.id: username
2020/07/14 16:03:24:216  INFO com.sinosoft.test.base.TestBase:360 - setEditboxValue:[[InternetExplorerDriver: internet explorer on WINDOWS (aaee0258-44d8-46a4-be55-a90484f67a99)] -> id: username]：policy1@ypic
2020/07/14 16:03:24:219 DEBUG com.sinosoft.test.base.TestBase:76 - Trying to find Element By : By.id: username
2020/07/14 16:03:24:459 DEBUG com.sinosoft.test.base.TestBase:80 - Found Element By : By.id: username
2020/07/14 16:03:25:022 DEBUG com.sinosoft.test.base.TestBase:76 - Trying to find Element By : By.id: username
2020/07/14 16:03:25:271 DEBUG com.sinosoft.test.base.TestBase:80 - Found Element By : By.id: username
2020/07/14 16:03:25:926 DEBUG com.sinosoft.test.base.TestBase:76 - Trying to find Element By : By.id: username
2020/07/14 16:03:26:192 DEBUG com.sinosoft.test.base.TestBase:80 - Found Element By : By.id: username
2020/07/14 16:03:26:193  INFO com.sinosoft.test.base.TestBase:363 - setEditboxValue—End:[[InternetExplorerDriver: internet explorer on WINDOWS (aaee0258-44d8-46a4-be55-a90484f67a99)] -> id: username]：policy1@ypic
2020/07/14 16:03:26:194 DEBUG com.sinosoft.test.base.TestBase:76 - Trying to find Element By : By.id: password
2020/07/14 16:03:26:439 DEBUG com.sinosoft.test.base.TestBase:80 - Found Element By : By.id: password
2020/07/14 16:03:26:439  INFO com.sinosoft.test.base.TestBase:360 - setEditboxValue:[[InternetExplorerDriver: internet explorer on WINDOWS (aaee0258-44d8-46a4-be55-a90484f67a99)] -> id: password]：ypic@1234
2020/07/14 16:03:26:440 DEBUG com.sinosoft.test.base.TestBase:76 - Trying to find Element By : By.id: password
2020/07/14 16:03:26:678 DEBUG com.sinosoft.test.base.TestBase:80 - Found Element By : By.id: password
2020/07/14 16:03:27:187 DEBUG com.sinosoft.test.base.TestBase:76 - Trying to find Element By : By.id: password
2020/07/14 16:03:27:469 DEBUG com.sinosoft.test.base.TestBase:80 - Found Element By : By.id: password
2020/07/14 16:03:28:005 DEBUG com.sinosoft.test.base.TestBase:76 - Trying to find Element By : By.id: password
2020/07/14 16:03:28:302 DEBUG com.sinosoft.test.base.TestBase:80 - Found Element By : By.id: password
2020/07/14 16:03:28:304  INFO com.sinosoft.test.base.TestBase:363 - setEditboxValue—End:[[InternetExplorerDriver: internet explorer on WINDOWS (aaee0258-44d8-46a4-be55-a90484f67a99)] -> id: password]：ypic@1234
2020/07/14 16:03:28:304 DEBUG com.sinosoft.test.base.TestBase:76 - Trying to find Element By : By.id: bt_submit
2020/07/14 16:03:28:620 DEBUG com.sinosoft.test.base.TestBase:80 - Found Element By : By.id: bt_submit
2020/07/14 16:03:28:622  INFO com.sinosoft.test.base.TestBase:402 - clickButton:[[InternetExplorerDriver: internet explorer on WINDOWS (aaee0258-44d8-46a4-be55-a90484f67a99)] -> id: bt_submit]
2020/07/14 16:03:28:622 DEBUG com.sinosoft.test.base.TestBase:76 - Trying to find Element By : By.id: bt_submit
2020/07/14 16:03:28:913 DEBUG com.sinosoft.test.base.TestBase:80 - Found Element By : By.id: bt_submit
2020/07/14 16:03:28:916 DEBUG com.sinosoft.test.base.TestBase:42 - Trying to click on: [[InternetExplorerDriver: internet explorer on WINDOWS (aaee0258-44d8-46a4-be55-a90484f67a99)] -> id: bt_submit]
2020/07/14 16:03:30:441 DEBUG com.sinosoft.test.base.TestBase:46 - Clicked on: [[InternetExplorerDriver: internet explorer on WINDOWS (aaee0258-44d8-46a4-be55-a90484f67a99)] -> id: bt_submit]
2020/07/14 16:03:30:455 DEBUG com.sinosoft.test.base.TestBase:76 - Trying to find Element By : By.xpath: //input[@value='继续登录']
2020/07/14 16:03:30:690 DEBUG com.sinosoft.test.base.TestBase:80 - Found Element By : By.xpath: //input[@value='继续登录']
2020/07/14 16:03:31:163  INFO com.sinosoft.test.base.TestBase:73 - 重复登录，发现继续登录按钮，强制登录ButtonName:[[InternetExplorerDriver: internet explorer on WINDOWS (aaee0258-44d8-46a4-be55-a90484f67a99)] -> xpath: //input[@value='继续登录']];Displayed：+true;Enabled=true
2020/07/14 16:03:31:164  INFO com.sinosoft.test.base.TestBase:402 - clickButton:[[InternetExplorerDriver: internet explorer on WINDOWS (aaee0258-44d8-46a4-be55-a90484f67a99)] -> xpath: //input[@value='继续登录']]
2020/07/14 16:03:31:167 DEBUG com.sinosoft.test.base.TestBase:42 - Trying to click on: [[InternetExplorerDriver: internet explorer on WINDOWS (aaee0258-44d8-46a4-be55-a90484f67a99)] -> xpath: //input[@value='继续登录']]
2020/07/14 16:03:33:479 DEBUG com.sinosoft.test.base.TestBase:46 - Clicked on: [[InternetExplorerDriver: internet explorer on WINDOWS (aaee0258-44d8-46a4-be55-a90484f67a99)] -> xpath: //input[@value='继续登录']]
2020/07/14 16:03:33:483 DEBUG com.sinosoft.test.base.TestBase:69 - 初始化class com.sinosoft.test.fccp.common.HomePage
2020/07/14 16:03:34:183 DEBUG com.sinosoft.test.base.TestBase:76 - Trying to find Element By : By.linkText: 承保子系统
2020/07/14 16:03:34:282 DEBUG com.sinosoft.test.base.TestBase:80 - Found Element By : By.linkText: 承保子系统
2020/07/14 16:03:34:282  INFO com.sinosoft.test.base.TestBase:144 - RunJavaScript:[[InternetExplorerDriver: internet explorer on WINDOWS (aaee0258-44d8-46a4-be55-a90484f67a99)] -> link text: 承保子系统]	arguments[0].click();
2020/07/14 16:03:34:765 DEBUG com.sinosoft.test.base.TestBase:76 - Trying to find Element By : By.linkText: 投保管理
2020/07/14 16:03:34:864 DEBUG com.sinosoft.test.base.TestBase:80 - Found Element By : By.linkText: 投保管理
2020/07/14 16:03:34:864  INFO com.sinosoft.test.base.TestBase:144 - RunJavaScript:[[InternetExplorerDriver: internet explorer on WINDOWS (aaee0258-44d8-46a4-be55-a90484f67a99)] -> link text: 投保管理]	arguments[0].click();
2020/07/14 16:03:35:203 DEBUG com.sinosoft.test.base.TestBase:76 - Trying to find Element By : By.linkText: 投保处理
2020/07/14 16:03:35:299 DEBUG com.sinosoft.test.base.TestBase:80 - Found Element By : By.linkText: 投保处理
2020/07/14 16:03:35:300  INFO com.sinosoft.test.base.TestBase:144 - RunJavaScript:[[InternetExplorerDriver: internet explorer on WINDOWS (aaee0258-44d8-46a4-be55-a90484f67a99)] -> link text: 投保处理]	arguments[0].click();
2020/07/14 16:03:35:600 DEBUG com.sinosoft.test.base.TestBase:69 - 初始化class com.sinosoft.test.fccp.tbcl.RiskSelectPage
2020/07/14 16:03:36:367 DEBUG com.sinosoft.test.base.TestBase:93 - 投保处理/险种选择
2020/07/14 16:03:36:370 DEBUG com.sinosoft.test.base.TestBase:76 - Trying to find Element By : By.name: riskClassTemp
2020/07/14 16:03:36:468 DEBUG com.sinosoft.test.base.TestBase:80 - Found Element By : By.name: riskClassTemp
2020/07/14 16:03:36:507 DEBUG com.sinosoft.test.base.TestBase:76 - Trying to find Element By : By.name: riskClassTemp
2020/07/14 16:03:36:612 DEBUG com.sinosoft.test.base.TestBase:80 - Found Element By : By.name: riskClassTemp
2020/07/14 16:03:36:618 DEBUG com.sinosoft.test.base.TestBase:63 - SetCodeEditBox:开始设置:[[InternetExplorerDriver: internet explorer on WINDOWS (aaee0258-44d8-46a4-be55-a90484f67a99)] -> name: riskClassTemp] & Code=01
2020/07/14 16:03:36:619 DEBUG com.sinosoft.test.base.TestBase:76 - Trying to find Element By : By.name: riskClassTemp
2020/07/14 16:03:36:716 DEBUG com.sinosoft.test.base.TestBase:80 - Found Element By : By.name: riskClassTemp
2020/07/14 16:03:37:089 DEBUG com.sinosoft.test.base.TestBase:76 - Trying to find Element By : By.name: riskClassTemp
2020/07/14 16:03:37:167 DEBUG com.sinosoft.test.base.TestBase:80 - Found Element By : By.name: riskClassTemp
2020/07/14 16:03:37:842 DEBUG com.sinosoft.test.base.TestBase:76 - Trying to find Element By : By.name: riskClassTemp
2020/07/14 16:03:37:912 DEBUG com.sinosoft.test.base.TestBase:80 - Found Element By : By.name: riskClassTemp
2020/07/14 16:03:37:913 DEBUG com.sinosoft.test.base.TestBase:76 - Trying to find Element By : By.xpath: ../input[last()]
2020/07/14 16:03:38:005 DEBUG com.sinosoft.test.base.TestBase:80 - Found Element By : By.xpath: ../input[last()]
2020/07/14 16:03:38:205  INFO com.sinosoft.test.base.TestBase:71 - SetCodeEditBox:找到了Code对应的文本显示框并点击触发显示:riskClassName
2020/07/14 16:03:38:205 DEBUG com.sinosoft.test.base.TestBase:42 - Trying to click on: [[[[InternetExplorerDriver: internet explorer on WINDOWS (aaee0258-44d8-46a4-be55-a90484f67a99)] -> name: riskClassTemp]] -> xpath: ../input[last()]]
2020/07/14 16:03:39:327 DEBUG com.sinosoft.test.base.TestBase:46 - Clicked on: [[[[InternetExplorerDriver: internet explorer on WINDOWS (aaee0258-44d8-46a4-be55-a90484f67a99)] -> name: riskClassTemp]] -> xpath: ../input[last()]]
2020/07/14 16:03:39:527 DEBUG com.sinosoft.test.base.TestBase:76 - Trying to find Element By : By.name: riskClassTemp
2020/07/14 16:03:39:628 DEBUG com.sinosoft.test.base.TestBase:80 - Found Element By : By.name: riskClassTemp
2020/07/14 16:03:39:630 DEBUG com.sinosoft.test.base.TestBase:87 - SetCodeEditBox:设置完毕[[InternetExplorerDriver: internet explorer on WINDOWS (aaee0258-44d8-46a4-be55-a90484f67a99)] -> name: riskClassTemp],设置值 Code=01
2020/07/14 16:03:39:630 DEBUG com.sinosoft.test.base.TestBase:76 - Trying to find Element By : By.name: riskCode
2020/07/14 16:03:39:710 DEBUG com.sinosoft.test.base.TestBase:80 - Found Element By : By.name: riskCode
2020/07/14 16:03:39:765 DEBUG com.sinosoft.test.base.TestBase:76 - Trying to find Element By : By.name: riskCode
2020/07/14 16:03:39:864 DEBUG com.sinosoft.test.base.TestBase:80 - Found Element By : By.name: riskCode
2020/07/14 16:03:39:864 DEBUG com.sinosoft.test.base.TestBase:63 - SetCodeEditBox:开始设置:[[InternetExplorerDriver: internet explorer on WINDOWS (aaee0258-44d8-46a4-be55-a90484f67a99)] -> name: riskCode] & Code=0101
2020/07/14 16:03:39:865 DEBUG com.sinosoft.test.base.TestBase:76 - Trying to find Element By : By.name: riskCode
2020/07/14 16:03:39:937 DEBUG com.sinosoft.test.base.TestBase:80 - Found Element By : By.name: riskCode
2020/07/14 16:03:40:292 DEBUG com.sinosoft.test.base.TestBase:76 - Trying to find Element By : By.name: riskCode
2020/07/14 16:03:40:352 DEBUG com.sinosoft.test.base.TestBase:80 - Found Element By : By.name: riskCode
2020/07/14 16:03:40:949 DEBUG com.sinosoft.test.base.TestBase:76 - Trying to find Element By : By.name: riskCode
2020/07/14 16:03:41:009 DEBUG com.sinosoft.test.base.TestBase:80 - Found Element By : By.name: riskCode
2020/07/14 16:03:41:012 DEBUG com.sinosoft.test.base.TestBase:76 - Trying to find Element By : By.xpath: ../input[last()]
2020/07/14 16:03:41:095 DEBUG com.sinosoft.test.base.TestBase:80 - Found Element By : By.xpath: ../input[last()]
2020/07/14 16:03:41:292  INFO com.sinosoft.test.base.TestBase:71 - SetCodeEditBox:找到了Code对应的文本显示框并点击触发显示:riskName
2020/07/14 16:03:41:295 DEBUG com.sinosoft.test.base.TestBase:42 - Trying to click on: [[[[InternetExplorerDriver: internet explorer on WINDOWS (aaee0258-44d8-46a4-be55-a90484f67a99)] -> name: riskCode]] -> xpath: ../input[last()]]
2020/07/14 16:03:42:421 DEBUG com.sinosoft.test.base.TestBase:46 - Clicked on: [[[[InternetExplorerDriver: internet explorer on WINDOWS (aaee0258-44d8-46a4-be55-a90484f67a99)] -> name: riskCode]] -> xpath: ../input[last()]]
2020/07/14 16:03:42:623 DEBUG com.sinosoft.test.base.TestBase:76 - Trying to find Element By : By.name: riskCode
2020/07/14 16:03:42:694 DEBUG com.sinosoft.test.base.TestBase:80 - Found Element By : By.name: riskCode
2020/07/14 16:03:42:695 DEBUG com.sinosoft.test.base.TestBase:87 - SetCodeEditBox:设置完毕[[InternetExplorerDriver: internet explorer on WINDOWS (aaee0258-44d8-46a4-be55-a90484f67a99)] -> name: riskCode],设置值 Code=0101
2020/07/14 16:03:42:696 DEBUG com.sinosoft.test.base.TestBase:76 - Trying to find Element By : By.name: renewInd
2020/07/14 16:03:42:816 DEBUG com.sinosoft.test.base.TestBase:80 - Found Element By : By.name: renewInd
2020/07/14 16:03:42:817  INFO com.sinosoft.test.base.TestBase:321 - setEditboxTValue:[[[InternetExplorerDriver: internet explorer on WINDOWS (aaee0258-44d8-46a4-be55-a90484f67a99)] -> name: renewInd], [[InternetExplorerDriver: internet explorer on WINDOWS (aaee0258-44d8-46a4-be55-a90484f67a99)] -> name: renewInd]]：0
2020/07/14 16:03:42:818 DEBUG com.sinosoft.test.base.TestBase:76 - Trying to find Element By : By.name: renewInd
2020/07/14 16:03:42:908 DEBUG com.sinosoft.test.base.TestBase:80 - Found Element By : By.name: renewInd
2020/07/14 16:03:43:075 DEBUG com.sinosoft.test.base.TestBase:76 - Trying to find Element By : By.name: buttonNextStep
2020/07/14 16:03:43:160 DEBUG com.sinosoft.test.base.TestBase:80 - Found Element By : By.name: buttonNextStep
2020/07/14 16:03:43:161  INFO com.sinosoft.test.base.TestBase:402 - clickButton:[[InternetExplorerDriver: internet explorer on WINDOWS (aaee0258-44d8-46a4-be55-a90484f67a99)] -> name: buttonNextStep]
2020/07/14 16:03:43:162 DEBUG com.sinosoft.test.base.TestBase:42 - Trying to click on: [[InternetExplorerDriver: internet explorer on WINDOWS (aaee0258-44d8-46a4-be55-a90484f67a99)] -> name: buttonNextStep]
2020/07/14 16:03:46:307 DEBUG com.sinosoft.test.base.TestBase:46 - Clicked on: [[InternetExplorerDriver: internet explorer on WINDOWS (aaee0258-44d8-46a4-be55-a90484f67a99)] -> name: buttonNextStep]
2020/07/14 16:03:46:310 DEBUG com.sinosoft.test.base.TestBase:69 - 初始化class com.sinosoft.test.fccp.tbcl.BasicInfoPage
2020/07/14 16:03:49:452 DEBUG com.sinosoft.test.base.TestBase:322 - 投保处理/基本信息
2020/07/14 16:03:49:453 DEBUG com.sinosoft.test.base.TestBase:76 - Trying to find Element By : By.name: GuMainBusinessType
2020/07/14 16:03:49:588 DEBUG com.sinosoft.test.base.TestBase:80 - Found Element By : By.name: GuMainBusinessType
2020/07/14 16:03:49:592  INFO com.sinosoft.test.base.TestBase:96 - setSelectWithStartText:[[InternetExplorerDriver: internet explorer on WINDOWS (aaee0258-44d8-46a4-be55-a90484f67a99)] -> name: GuMainBusinessType]->
2020/07/14 16:03:49:593 DEBUG com.sinosoft.test.base.TestBase:76 - Trying to find Element By : By.name: GuMainCompanyCode
2020/07/14 16:03:49:688 DEBUG com.sinosoft.test.base.TestBase:80 - Found Element By : By.name: GuMainCompanyCode
2020/07/14 16:03:49:730 DEBUG com.sinosoft.test.base.TestBase:76 - Trying to find Element By : By.name: GuMainCompanyCode
2020/07/14 16:03:49:873 DEBUG com.sinosoft.test.base.TestBase:80 - Found Element By : By.name: GuMainCompanyCode
2020/07/14 16:03:49:874 DEBUG com.sinosoft.test.base.TestBase:63 - SetCodeEditBox:开始设置:[[InternetExplorerDriver: internet explorer on WINDOWS (aaee0258-44d8-46a4-be55-a90484f67a99)] -> name: GuMainCompanyCode] & Code=01620190
2020/07/14 16:03:49:874 DEBUG com.sinosoft.test.base.TestBase:76 - Trying to find Element By : By.name: GuMainCompanyCode
2020/07/14 16:03:49:980 DEBUG com.sinosoft.test.base.TestBase:80 - Found Element By : By.name: GuMainCompanyCode
2020/07/14 16:03:50:436 DEBUG com.sinosoft.test.base.TestBase:76 - Trying to find Element By : By.name: GuMainCompanyCode
2020/07/14 16:03:50:572 DEBUG com.sinosoft.test.base.TestBase:80 - Found Element By : By.name: GuMainCompanyCode
2020/07/14 16:03:52:225 DEBUG com.sinosoft.test.base.TestBase:76 - Trying to find Element By : By.name: GuMainCompanyCode
2020/07/14 16:03:52:360 DEBUG com.sinosoft.test.base.TestBase:80 - Found Element By : By.name: GuMainCompanyCode
2020/07/14 16:03:52:361 DEBUG com.sinosoft.test.base.TestBase:76 - Trying to find Element By : By.xpath: ../input[last()]
2020/07/14 16:03:52:473 DEBUG com.sinosoft.test.base.TestBase:80 - Found Element By : By.xpath: ../input[last()]
2020/07/14 16:03:52:682  INFO com.sinosoft.test.base.TestBase:71 - SetCodeEditBox:找到了Code对应的文本显示框并点击触发显示:GuMainCompanyName
2020/07/14 16:03:52:683 DEBUG com.sinosoft.test.base.TestBase:42 - Trying to click on: [[[[InternetExplorerDriver: internet explorer on WINDOWS (aaee0258-44d8-46a4-be55-a90484f67a99)] -> name: GuMainCompanyCode]] -> xpath: ../input[last()]]
2020/07/14 16:03:53:922 DEBUG com.sinosoft.test.base.TestBase:46 - Clicked on: [[[[InternetExplorerDriver: internet explorer on WINDOWS (aaee0258-44d8-46a4-be55-a90484f67a99)] -> name: GuMainCompanyCode]] -> xpath: ../input[last()]]
2020/07/14 16:03:54:123 DEBUG com.sinosoft.test.base.TestBase:76 - Trying to find Element By : By.name: GuMainCompanyCode
2020/07/14 16:03:54:262 DEBUG com.sinosoft.test.base.TestBase:80 - Found Element By : By.name: GuMainCompanyCode
2020/07/14 16:03:54:265 DEBUG com.sinosoft.test.base.TestBase:87 - SetCodeEditBox:设置完毕[[InternetExplorerDriver: internet explorer on WINDOWS (aaee0258-44d8-46a4-be55-a90484f67a99)] -> name: GuMainCompanyCode],设置值 Code=01620190
2020/07/14 16:03:54:266 DEBUG com.sinosoft.test.base.TestBase:76 - Trying to find Element By : By.name: GuMainChannelDetailCode
2020/07/14 16:03:54:398 DEBUG com.sinosoft.test.base.TestBase:80 - Found Element By : By.name: GuMainChannelDetailCode
2020/07/14 16:03:54:438 DEBUG com.sinosoft.test.base.TestBase:76 - Trying to find Element By : By.name: GuMainChannelDetailCode
2020/07/14 16:03:54:582 DEBUG com.sinosoft.test.base.TestBase:80 - Found Element By : By.name: GuMainChannelDetailCode
2020/07/14 16:03:54:584 DEBUG com.sinosoft.test.base.TestBase:63 - SetCodeEditBox:开始设置:[[InternetExplorerDriver: internet explorer on WINDOWS (aaee0258-44d8-46a4-be55-a90484f67a99)] -> name: GuMainChannelDetailCode] & Code=01
2020/07/14 16:03:54:584 DEBUG com.sinosoft.test.base.TestBase:76 - Trying to find Element By : By.name: GuMainChannelDetailCode
2020/07/14 16:03:54:704 DEBUG com.sinosoft.test.base.TestBase:80 - Found Element By : By.name: GuMainChannelDetailCode
2020/07/14 16:03:55:105 DEBUG com.sinosoft.test.base.TestBase:76 - Trying to find Element By : By.name: GuMainChannelDetailCode
2020/07/14 16:03:55:232 DEBUG com.sinosoft.test.base.TestBase:80 - Found Element By : By.name: GuMainChannelDetailCode
2020/07/14 16:03:56:004 DEBUG com.sinosoft.test.base.TestBase:76 - Trying to find Element By : By.name: GuMainChannelDetailCode
2020/07/14 16:03:56:135 DEBUG com.sinosoft.test.base.TestBase:80 - Found Element By : By.name: GuMainChannelDetailCode
2020/07/14 16:03:56:135 DEBUG com.sinosoft.test.base.TestBase:76 - Trying to find Element By : By.xpath: ../input[last()]
2020/07/14 16:03:56:230 DEBUG com.sinosoft.test.base.TestBase:80 - Found Element By : By.xpath: ../input[last()]
2020/07/14 16:03:56:397  INFO com.sinosoft.test.base.TestBase:71 - SetCodeEditBox:找到了Code对应的文本显示框并点击触发显示:GuMainChannelDetailName
2020/07/14 16:03:56:397 DEBUG com.sinosoft.test.base.TestBase:42 - Trying to click on: [[[[InternetExplorerDriver: internet explorer on WINDOWS (aaee0258-44d8-46a4-be55-a90484f67a99)] -> name: GuMainChannelDetailCode]] -> xpath: ../input[last()]]
2020/07/14 16:03:57:678 DEBUG com.sinosoft.test.base.TestBase:46 - Clicked on: [[[[InternetExplorerDriver: internet explorer on WINDOWS (aaee0258-44d8-46a4-be55-a90484f67a99)] -> name: GuMainChannelDetailCode]] -> xpath: ../input[last()]]
2020/07/14 16:03:57:878 DEBUG com.sinosoft.test.base.TestBase:76 - Trying to find Element By : By.name: GuMainChannelDetailCode
2020/07/14 16:03:58:005 DEBUG com.sinosoft.test.base.TestBase:80 - Found Element By : By.name: GuMainChannelDetailCode
2020/07/14 16:03:58:005 DEBUG com.sinosoft.test.base.TestBase:87 - SetCodeEditBox:设置完毕[[InternetExplorerDriver: internet explorer on WINDOWS (aaee0258-44d8-46a4-be55-a90484f67a99)] -> name: GuMainChannelDetailCode],设置值 Code=01
2020/07/14 16:03:58:006 DEBUG com.sinosoft.test.base.TestBase:76 - Trying to find Element By : By.name: GuMainShareHolderFlag
2020/07/14 16:03:58:114 DEBUG com.sinosoft.test.base.TestBase:80 - Found Element By : By.name: GuMainShareHolderFlag
2020/07/14 16:03:58:155 DEBUG com.sinosoft.test.base.TestBase:76 - Trying to find Element By : By.name: GuMainShareHolderFlag
2020/07/14 16:03:58:268 DEBUG com.sinosoft.test.base.TestBase:80 - Found Element By : By.name: GuMainShareHolderFlag
2020/07/14 16:03:58:269 DEBUG com.sinosoft.test.base.TestBase:42 - CodeSelect:开始设置[[InternetExplorerDriver: internet explorer on WINDOWS (aaee0258-44d8-46a4-be55-a90484f67a99)] -> name: GuMainShareHolderFlag] & Code=0
2020/07/14 16:03:58:285 DEBUG com.sinosoft.test.base.TestBase:76 - Trying to find Element By : By.name: GuMainShareHolderFlag
2020/07/14 16:03:58:380 DEBUG com.sinosoft.test.base.TestBase:80 - Found Element By : By.name: GuMainShareHolderFlag
2020/07/14 16:03:59:866 DEBUG com.sinosoft.test.base.TestBase:272 - 系统窗口【黄河财险业务系统】with handle -c26314e9-d5ef-4ec5-9e15-9748e65134c5
2020/07/14 16:04:01:061 DEBUG com.sinosoft.test.base.TestBase:272 - 系统窗口【Code Select】with handle -cc1cffb0-a68b-4502-98b4-14459aa8acd2
2020/07/14 16:04:01:599 DEBUG com.sinosoft.test.base.TestBase:69 - 初始化class com.sinosoft.test.fccp.common.CodeSelectPage
2020/07/14 16:04:01:603 DEBUG com.sinosoft.test.base.TestBase:39 - 基础码表选择！
2020/07/14 16:04:01:604 DEBUG com.sinosoft.test.base.TestBase:76 - Trying to find Element By : By.name: fieldValue
2020/07/14 16:04:01:934 DEBUG com.sinosoft.test.base.TestBase:80 - Found Element By : By.name: fieldValue
2020/07/14 16:04:01:934  INFO com.sinosoft.test.base.TestBase:360 - setEditboxValue:[[InternetExplorerDriver: internet explorer on WINDOWS (aaee0258-44d8-46a4-be55-a90484f67a99)] -> name: fieldValue]：0
2020/07/14 16:04:03:363  INFO com.sinosoft.test.base.TestBase:363 - setEditboxValue—End:[[InternetExplorerDriver: internet explorer on WINDOWS (aaee0258-44d8-46a4-be55-a90484f67a99)] -> name: fieldValue]：0
2020/07/14 16:04:03:364 DEBUG com.sinosoft.test.base.TestBase:76 - Trying to find Element By : By.xpath: //input[@value='查询(Q)']
2020/07/14 16:04:03:694 DEBUG com.sinosoft.test.base.TestBase:80 - Found Element By : By.xpath: //input[@value='查询(Q)']
2020/07/14 16:04:03:695  INFO com.sinosoft.test.base.TestBase:402 - clickButton:[[InternetExplorerDriver: internet explorer on WINDOWS (aaee0258-44d8-46a4-be55-a90484f67a99)] -> xpath: //input[@value='查询(Q)']]
2020/07/14 16:04:03:696 DEBUG com.sinosoft.test.base.TestBase:42 - Trying to click on: [[InternetExplorerDriver: internet explorer on WINDOWS (aaee0258-44d8-46a4-be55-a90484f67a99)] -> xpath: //input[@value='查询(Q)']]
2020/07/14 16:04:05:337 DEBUG com.sinosoft.test.base.TestBase:46 - Clicked on: [[InternetExplorerDriver: internet explorer on WINDOWS (aaee0258-44d8-46a4-be55-a90484f67a99)] -> xpath: //input[@value='查询(Q)']]
2020/07/14 16:04:05:339 DEBUG com.sinosoft.test.base.TestBase:76 - Trying to find Element By : By.name: codeselect
2020/07/14 16:04:05:655 DEBUG com.sinosoft.test.base.TestBase:80 - Found Element By : By.name: codeselect
2020/07/14 16:04:05:656  INFO com.sinosoft.test.base.TestBase:132 - setFuzzySelect:[[InternetExplorerDriver: internet explorer on WINDOWS (aaee0258-44d8-46a4-be55-a90484f67a99)] -> name: codeselect]->0
2020/07/14 16:04:06:232 DEBUG com.sinosoft.test.base.TestBase:76 - Trying to find Element By : By.tagName: option
2020/07/14 16:04:06:702 DEBUG com.sinosoft.test.base.TestBase:80 - Found Element By : By.tagName: option
2020/07/14 16:04:09:896  INFO com.sinosoft.test.base.TestBase:142 - 找到匹配【0】的选项：0--非股东
2020/07/14 16:04:09:902 DEBUG com.sinosoft.test.base.TestBase:76 - Trying to find Element By : By.xpath: .//option[normalize-space(.) = "0--非股东"]
2020/07/14 16:04:10:253 DEBUG com.sinosoft.test.base.TestBase:80 - Found Element By : By.xpath: .//option[normalize-space(.) = "0--非股东"]
2020/07/14 16:04:10:573 DEBUG com.sinosoft.test.base.TestBase:42 - Trying to click on: [[[[InternetExplorerDriver: internet explorer on WINDOWS (aaee0258-44d8-46a4-be55-a90484f67a99)] -> name: codeselect]] -> xpath: .//option[normalize-space(.) = "0--非股东"]]
2020/07/14 16:04:11:133 DEBUG com.sinosoft.test.base.TestBase:46 - Clicked on: [[[[InternetExplorerDriver: internet explorer on WINDOWS (aaee0258-44d8-46a4-be55-a90484f67a99)] -> name: codeselect]] -> xpath: .//option[normalize-space(.) = "0--非股东"]]
2020/07/14 16:04:11:134 DEBUG com.sinosoft.test.base.TestBase:151 - setFuzzySelect 结束！
2020/07/14 16:04:11:134 DEBUG com.sinosoft.test.base.TestBase:76 - Trying to find Element By : By.name: SelectIt
2020/07/14 16:04:11:451 DEBUG com.sinosoft.test.base.TestBase:80 - Found Element By : By.name: SelectIt
2020/07/14 16:04:11:451  INFO com.sinosoft.test.base.TestBase:416 - jsClickButton:[[InternetExplorerDriver: internet explorer on WINDOWS (aaee0258-44d8-46a4-be55-a90484f67a99)] -> name: SelectIt]
2020/07/14 16:04:11:452  INFO com.sinosoft.test.base.TestBase:144 - RunJavaScript:[[InternetExplorerDriver: internet explorer on WINDOWS (aaee0258-44d8-46a4-be55-a90484f67a99)] -> name: SelectIt]	arguments[0].click();
2020/07/14 16:04:12:257 DEBUG com.sinosoft.test.base.TestBase:272 - 系统窗口【黄河财险业务系统】with handle -c26314e9-d5ef-4ec5-9e15-9748e65134c5
2020/07/14 16:04:15:266 DEBUG com.sinosoft.test.base.TestBase:76 - Trying to find Element By : By.name: GuMainShareHolderFlag
2020/07/14 16:04:15:402 DEBUG com.sinosoft.test.base.TestBase:80 - Found Element By : By.name: GuMainShareHolderFlag
2020/07/14 16:04:15:403 DEBUG com.sinosoft.test.base.TestBase:49 - CodeSelect:设置完毕[[InternetExplorerDriver: internet explorer on WINDOWS (aaee0258-44d8-46a4-be55-a90484f67a99)] -> name: GuMainShareHolderFlag] & Code=0
2020/07/14 16:04:15:403 DEBUG com.sinosoft.test.base.TestBase:76 - Trying to find Element By : By.name: GuMainSalesTeamCode
2020/07/14 16:04:15:550 DEBUG com.sinosoft.test.base.TestBase:80 - Found Element By : By.name: GuMainSalesTeamCode
2020/07/14 16:04:15:590 DEBUG com.sinosoft.test.base.TestBase:76 - Trying to find Element By : By.name: GuMainSalesTeamCode
2020/07/14 16:04:15:756 DEBUG com.sinosoft.test.base.TestBase:80 - Found Element By : By.name: GuMainSalesTeamCode
2020/07/14 16:04:15:757 DEBUG com.sinosoft.test.base.TestBase:42 - CodeSelect:开始设置[[InternetExplorerDriver: internet explorer on WINDOWS (aaee0258-44d8-46a4-be55-a90484f67a99)] -> name: GuMainSalesTeamCode] & Code=T6201900101
2020/07/14 16:04:15:757 DEBUG com.sinosoft.test.base.TestBase:76 - Trying to find Element By : By.name: GuMainSalesTeamCode
2020/07/14 16:04:15:926 DEBUG com.sinosoft.test.base.TestBase:80 - Found Element By : By.name: GuMainSalesTeamCode
2020/07/14 16:04:17:553 DEBUG com.sinosoft.test.base.TestBase:272 - 系统窗口【黄河财险业务系统】with handle -c26314e9-d5ef-4ec5-9e15-9748e65134c5
2020/07/14 16:04:18:230 DEBUG com.sinosoft.test.base.TestBase:272 - 系统窗口【黄河财险业务系统】with handle -c26314e9-d5ef-4ec5-9e15-9748e65134c5
2020/07/14 16:04:18:878 DEBUG com.sinosoft.test.base.TestBase:272 - 系统窗口【Code Select】with handle -ca574aeb-3877-4c3f-b4b2-909191363e08
2020/07/14 16:04:19:401 DEBUG com.sinosoft.test.base.TestBase:69 - 初始化class com.sinosoft.test.fccp.common.CodeSelectPage
2020/07/14 16:04:19:403 DEBUG com.sinosoft.test.base.TestBase:39 - 基础码表选择！
2020/07/14 16:04:19:403 DEBUG com.sinosoft.test.base.TestBase:76 - Trying to find Element By : By.name: fieldValue
2020/07/14 16:04:19:708 DEBUG com.sinosoft.test.base.TestBase:80 - Found Element By : By.name: fieldValue
2020/07/14 16:04:19:711  INFO com.sinosoft.test.base.TestBase:360 - setEditboxValue:[[InternetExplorerDriver: internet explorer on WINDOWS (aaee0258-44d8-46a4-be55-a90484f67a99)] -> name: fieldValue]：T6201900101
2020/07/14 16:04:21:278  INFO com.sinosoft.test.base.TestBase:363 - setEditboxValue—End:[[InternetExplorerDriver: internet explorer on WINDOWS (aaee0258-44d8-46a4-be55-a90484f67a99)] -> name: fieldValue]：T6201900101
2020/07/14 16:04:21:278 DEBUG com.sinosoft.test.base.TestBase:76 - Trying to find Element By : By.xpath: //input[@value='查询(Q)']
2020/07/14 16:04:21:596 DEBUG com.sinosoft.test.base.TestBase:80 - Found Element By : By.xpath: //input[@value='查询(Q)']
2020/07/14 16:04:21:597  INFO com.sinosoft.test.base.TestBase:402 - clickButton:[[InternetExplorerDriver: internet explorer on WINDOWS (aaee0258-44d8-46a4-be55-a90484f67a99)] -> xpath: //input[@value='查询(Q)']]
2020/07/14 16:04:21:597 DEBUG com.sinosoft.test.base.TestBase:42 - Trying to click on: [[InternetExplorerDriver: internet explorer on WINDOWS (aaee0258-44d8-46a4-be55-a90484f67a99)] -> xpath: //input[@value='查询(Q)']]
2020/07/14 16:04:23:230 DEBUG com.sinosoft.test.base.TestBase:46 - Clicked on: [[InternetExplorerDriver: internet explorer on WINDOWS (aaee0258-44d8-46a4-be55-a90484f67a99)] -> xpath: //input[@value='查询(Q)']]
2020/07/14 16:04:23:231 DEBUG com.sinosoft.test.base.TestBase:76 - Trying to find Element By : By.name: codeselect
2020/07/14 16:04:23:553 DEBUG com.sinosoft.test.base.TestBase:80 - Found Element By : By.name: codeselect
2020/07/14 16:04:23:555  INFO com.sinosoft.test.base.TestBase:132 - setFuzzySelect:[[InternetExplorerDriver: internet explorer on WINDOWS (aaee0258-44d8-46a4-be55-a90484f67a99)] -> name: codeselect]->T6201900101
2020/07/14 16:04:24:131 DEBUG com.sinosoft.test.base.TestBase:76 - Trying to find Element By : By.tagName: option
2020/07/14 16:04:24:483 DEBUG com.sinosoft.test.base.TestBase:80 - Found Element By : By.tagName: option
2020/07/14 16:04:24:814  INFO com.sinosoft.test.base.TestBase:142 - 找到匹配【T6201900101】的选项：T6201900101--兰州中支新团队
2020/07/14 16:04:24:814 DEBUG com.sinosoft.test.base.TestBase:76 - Trying to find Element By : By.xpath: .//option[normalize-space(.) = "T6201900101--兰州中支新团队"]
2020/07/14 16:04:25:155 DEBUG com.sinosoft.test.base.TestBase:80 - Found Element By : By.xpath: .//option[normalize-space(.) = "T6201900101--兰州中支新团队"]
2020/07/14 16:04:25:461 DEBUG com.sinosoft.test.base.TestBase:42 - Trying to click on: [[[[InternetExplorerDriver: internet explorer on WINDOWS (aaee0258-44d8-46a4-be55-a90484f67a99)] -> name: codeselect]] -> xpath: .//option[normalize-space(.) = "T6201900101--兰州中支新团队"]]
2020/07/14 16:04:25:958 DEBUG com.sinosoft.test.base.TestBase:46 - Clicked on: [[[[InternetExplorerDriver: internet explorer on WINDOWS (aaee0258-44d8-46a4-be55-a90484f67a99)] -> name: codeselect]] -> xpath: .//option[normalize-space(.) = "T6201900101--兰州中支新团队"]]
2020/07/14 16:04:25:958 DEBUG com.sinosoft.test.base.TestBase:151 - setFuzzySelect 结束！
2020/07/14 16:04:25:958 DEBUG com.sinosoft.test.base.TestBase:76 - Trying to find Element By : By.name: SelectIt
2020/07/14 16:04:26:262 DEBUG com.sinosoft.test.base.TestBase:80 - Found Element By : By.name: SelectIt
2020/07/14 16:04:26:264  INFO com.sinosoft.test.base.TestBase:416 - jsClickButton:[[InternetExplorerDriver: internet explorer on WINDOWS (aaee0258-44d8-46a4-be55-a90484f67a99)] -> name: SelectIt]
2020/07/14 16:04:26:264  INFO com.sinosoft.test.base.TestBase:144 - RunJavaScript:[[InternetExplorerDriver: internet explorer on WINDOWS (aaee0258-44d8-46a4-be55-a90484f67a99)] -> name: SelectIt]	arguments[0].click();
2020/07/14 16:04:27:076 DEBUG com.sinosoft.test.base.TestBase:272 - 系统窗口【黄河财险业务系统】with handle -c26314e9-d5ef-4ec5-9e15-9748e65134c5
2020/07/14 16:04:30:127 DEBUG com.sinosoft.test.base.TestBase:76 - Trying to find Element By : By.name: GuMainSalesTeamCode
2020/07/14 16:04:30:291 DEBUG com.sinosoft.test.base.TestBase:80 - Found Element By : By.name: GuMainSalesTeamCode
2020/07/14 16:04:30:291 DEBUG com.sinosoft.test.base.TestBase:49 - CodeSelect:设置完毕[[InternetExplorerDriver: internet explorer on WINDOWS (aaee0258-44d8-46a4-be55-a90484f67a99)] -> name: GuMainSalesTeamCode] & Code=T6201900101
2020/07/14 16:04:30:292 DEBUG com.sinosoft.test.base.TestBase:76 - Trying to find Element By : By.name: GuMainSalesmanCode
2020/07/14 16:04:30:430 DEBUG com.sinosoft.test.base.TestBase:80 - Found Element By : By.name: GuMainSalesmanCode
2020/07/14 16:04:30:489 DEBUG com.sinosoft.test.base.TestBase:76 - Trying to find Element By : By.name: GuMainSalesmanCode
2020/07/14 16:04:30:651 DEBUG com.sinosoft.test.base.TestBase:80 - Found Element By : By.name: GuMainSalesmanCode
2020/07/14 16:04:30:654 DEBUG com.sinosoft.test.base.TestBase:42 - CodeSelect:开始设置[[InternetExplorerDriver: internet explorer on WINDOWS (aaee0258-44d8-46a4-be55-a90484f67a99)] -> name: GuMainSalesmanCode] & Code=S000000006
2020/07/14 16:04:30:655 DEBUG com.sinosoft.test.base.TestBase:76 - Trying to find Element By : By.name: GuMainSalesmanCode
2020/07/14 16:04:30:788 DEBUG com.sinosoft.test.base.TestBase:80 - Found Element By : By.name: GuMainSalesmanCode
2020/07/14 16:04:32:395 DEBUG com.sinosoft.test.base.TestBase:272 - 系统窗口【黄河财险业务系统】with handle -c26314e9-d5ef-4ec5-9e15-9748e65134c5
2020/07/14 16:04:33:082 DEBUG com.sinosoft.test.base.TestBase:272 - 系统窗口【黄河财险业务系统】with handle -c26314e9-d5ef-4ec5-9e15-9748e65134c5
2020/07/14 16:04:33:728 DEBUG com.sinosoft.test.base.TestBase:272 - 系统窗口【Code Select】with handle -90100d22-855b-4e0a-94dc-37cbec7d207b
2020/07/14 16:04:34:254 DEBUG com.sinosoft.test.base.TestBase:69 - 初始化class com.sinosoft.test.fccp.common.CodeSelectPage
2020/07/14 16:04:34:255 DEBUG com.sinosoft.test.base.TestBase:39 - 基础码表选择！
2020/07/14 16:04:34:257 DEBUG com.sinosoft.test.base.TestBase:76 - Trying to find Element By : By.name: fieldValue
2020/07/14 16:04:34:572 DEBUG com.sinosoft.test.base.TestBase:80 - Found Element By : By.name: fieldValue
2020/07/14 16:04:34:573  INFO com.sinosoft.test.base.TestBase:360 - setEditboxValue:[[InternetExplorerDriver: internet explorer on WINDOWS (aaee0258-44d8-46a4-be55-a90484f67a99)] -> name: fieldValue]：S000000006
2020/07/14 16:04:36:254  INFO com.sinosoft.test.base.TestBase:363 - setEditboxValue—End:[[InternetExplorerDriver: internet explorer on WINDOWS (aaee0258-44d8-46a4-be55-a90484f67a99)] -> name: fieldValue]：S000000006
2020/07/14 16:04:36:255 DEBUG com.sinosoft.test.base.TestBase:76 - Trying to find Element By : By.xpath: //input[@value='查询(Q)']
2020/07/14 16:04:36:564 DEBUG com.sinosoft.test.base.TestBase:80 - Found Element By : By.xpath: //input[@value='查询(Q)']
2020/07/14 16:04:36:565  INFO com.sinosoft.test.base.TestBase:402 - clickButton:[[InternetExplorerDriver: internet explorer on WINDOWS (aaee0258-44d8-46a4-be55-a90484f67a99)] -> xpath: //input[@value='查询(Q)']]
2020/07/14 16:04:36:566 DEBUG com.sinosoft.test.base.TestBase:42 - Trying to click on: [[InternetExplorerDriver: internet explorer on WINDOWS (aaee0258-44d8-46a4-be55-a90484f67a99)] -> xpath: //input[@value='查询(Q)']]
2020/07/14 16:04:38:234 DEBUG com.sinosoft.test.base.TestBase:46 - Clicked on: [[InternetExplorerDriver: internet explorer on WINDOWS (aaee0258-44d8-46a4-be55-a90484f67a99)] -> xpath: //input[@value='查询(Q)']]
2020/07/14 16:04:38:235 DEBUG com.sinosoft.test.base.TestBase:76 - Trying to find Element By : By.name: codeselect
2020/07/14 16:04:38:550 DEBUG com.sinosoft.test.base.TestBase:80 - Found Element By : By.name: codeselect
2020/07/14 16:04:38:551  INFO com.sinosoft.test.base.TestBase:132 - setFuzzySelect:[[InternetExplorerDriver: internet explorer on WINDOWS (aaee0258-44d8-46a4-be55-a90484f67a99)] -> name: codeselect]->S000000006
2020/07/14 16:04:39:119 DEBUG com.sinosoft.test.base.TestBase:76 - Trying to find Element By : By.tagName: option
2020/07/14 16:04:39:499 DEBUG com.sinosoft.test.base.TestBase:80 - Found Element By : By.tagName: option
2020/07/14 16:04:39:819  INFO com.sinosoft.test.base.TestBase:142 - 找到匹配【S000000006】的选项：S000000006--赵子毓
2020/07/14 16:04:39:820 DEBUG com.sinosoft.test.base.TestBase:76 - Trying to find Element By : By.xpath: .//option[normalize-space(.) = "S000000006--赵子毓"]
2020/07/14 16:04:40:155 DEBUG com.sinosoft.test.base.TestBase:80 - Found Element By : By.xpath: .//option[normalize-space(.) = "S000000006--赵子毓"]
2020/07/14 16:04:40:470 DEBUG com.sinosoft.test.base.TestBase:42 - Trying to click on: [[[[InternetExplorerDriver: internet explorer on WINDOWS (aaee0258-44d8-46a4-be55-a90484f67a99)] -> name: codeselect]] -> xpath: .//option[normalize-space(.) = "S000000006--赵子毓"]]
2020/07/14 16:04:40:977 DEBUG com.sinosoft.test.base.TestBase:46 - Clicked on: [[[[InternetExplorerDriver: internet explorer on WINDOWS (aaee0258-44d8-46a4-be55-a90484f67a99)] -> name: codeselect]] -> xpath: .//option[normalize-space(.) = "S000000006--赵子毓"]]
2020/07/14 16:04:40:978 DEBUG com.sinosoft.test.base.TestBase:151 - setFuzzySelect 结束！
2020/07/14 16:04:40:978 DEBUG com.sinosoft.test.base.TestBase:76 - Trying to find Element By : By.name: SelectIt
2020/07/14 16:04:41:270 DEBUG com.sinosoft.test.base.TestBase:80 - Found Element By : By.name: SelectIt
2020/07/14 16:04:41:272  INFO com.sinosoft.test.base.TestBase:416 - jsClickButton:[[InternetExplorerDriver: internet explorer on WINDOWS (aaee0258-44d8-46a4-be55-a90484f67a99)] -> name: SelectIt]
2020/07/14 16:04:41:274  INFO com.sinosoft.test.base.TestBase:144 - RunJavaScript:[[InternetExplorerDriver: internet explorer on WINDOWS (aaee0258-44d8-46a4-be55-a90484f67a99)] -> name: SelectIt]	arguments[0].click();
2020/07/14 16:04:42:091 DEBUG com.sinosoft.test.base.TestBase:272 - 系统窗口【黄河财险业务系统】with handle -c26314e9-d5ef-4ec5-9e15-9748e65134c5
2020/07/14 16:04:44:984 DEBUG com.sinosoft.test.base.TestBase:76 - Trying to find Element By : By.name: GuMainSalesmanCode
2020/07/14 16:04:45:135 DEBUG com.sinosoft.test.base.TestBase:80 - Found Element By : By.name: GuMainSalesmanCode
2020/07/14 16:04:45:136 DEBUG com.sinosoft.test.base.TestBase:49 - CodeSelect:设置完毕[[InternetExplorerDriver: internet explorer on WINDOWS (aaee0258-44d8-46a4-be55-a90484f67a99)] -> name: GuMainSalesmanCode] & Code=S000000006
2020/07/14 16:04:45:137 DEBUG com.sinosoft.test.base.TestBase:76 - Trying to find Element By : By.name: GuMainBusinessSource
2020/07/14 16:04:45:267 DEBUG com.sinosoft.test.base.TestBase:80 - Found Element By : By.name: GuMainBusinessSource
2020/07/14 16:04:45:324 DEBUG com.sinosoft.test.base.TestBase:76 - Trying to find Element By : By.name: GuMainBusinessSource
2020/07/14 16:04:45:476 DEBUG com.sinosoft.test.base.TestBase:80 - Found Element By : By.name: GuMainBusinessSource
2020/07/14 16:04:45:476 DEBUG com.sinosoft.test.base.TestBase:42 - CodeSelect:开始设置[[InternetExplorerDriver: internet explorer on WINDOWS (aaee0258-44d8-46a4-be55-a90484f67a99)] -> name: GuMainBusinessSource] & Code=01010101
2020/07/14 16:04:45:477 DEBUG com.sinosoft.test.base.TestBase:76 - Trying to find Element By : By.name: GuMainBusinessSource
2020/07/14 16:04:45:643 DEBUG com.sinosoft.test.base.TestBase:80 - Found Element By : By.name: GuMainBusinessSource
2020/07/14 16:04:47:232 DEBUG com.sinosoft.test.base.TestBase:272 - 系统窗口【黄河财险业务系统】with handle -c26314e9-d5ef-4ec5-9e15-9748e65134c5
2020/07/14 16:04:48:435 DEBUG com.sinosoft.test.base.TestBase:272 - 系统窗口【Code Select】with handle -2c53eba5-e9c3-4b29-a778-9044e8051587
2020/07/14 16:04:48:960 DEBUG com.sinosoft.test.base.TestBase:69 - 初始化class com.sinosoft.test.fccp.common.CodeSelectPage
2020/07/14 16:04:48:961 DEBUG com.sinosoft.test.base.TestBase:39 - 基础码表选择！
2020/07/14 16:04:48:962 DEBUG com.sinosoft.test.base.TestBase:76 - Trying to find Element By : By.name: fieldValue
2020/07/14 16:04:49:269 DEBUG com.sinosoft.test.base.TestBase:80 - Found Element By : By.name: fieldValue
2020/07/14 16:04:49:270  INFO com.sinosoft.test.base.TestBase:360 - setEditboxValue:[[InternetExplorerDriver: internet explorer on WINDOWS (aaee0258-44d8-46a4-be55-a90484f67a99)] -> name: fieldValue]：01010101
2020/07/14 16:04:50:846  INFO com.sinosoft.test.base.TestBase:363 - setEditboxValue—End:[[InternetExplorerDriver: internet explorer on WINDOWS (aaee0258-44d8-46a4-be55-a90484f67a99)] -> name: fieldValue]：01010101
2020/07/14 16:04:50:846 DEBUG com.sinosoft.test.base.TestBase:76 - Trying to find Element By : By.xpath: //input[@value='查询(Q)']
2020/07/14 16:04:51:167 DEBUG com.sinosoft.test.base.TestBase:80 - Found Element By : By.xpath: //input[@value='查询(Q)']
2020/07/14 16:04:51:168  INFO com.sinosoft.test.base.TestBase:402 - clickButton:[[InternetExplorerDriver: internet explorer on WINDOWS (aaee0258-44d8-46a4-be55-a90484f67a99)] -> xpath: //input[@value='查询(Q)']]
2020/07/14 16:04:51:168 DEBUG com.sinosoft.test.base.TestBase:42 - Trying to click on: [[InternetExplorerDriver: internet explorer on WINDOWS (aaee0258-44d8-46a4-be55-a90484f67a99)] -> xpath: //input[@value='查询(Q)']]
2020/07/14 16:04:52:800 DEBUG com.sinosoft.test.base.TestBase:46 - Clicked on: [[InternetExplorerDriver: internet explorer on WINDOWS (aaee0258-44d8-46a4-be55-a90484f67a99)] -> xpath: //input[@value='查询(Q)']]
2020/07/14 16:04:52:801 DEBUG com.sinosoft.test.base.TestBase:76 - Trying to find Element By : By.name: codeselect
2020/07/14 16:04:53:104 DEBUG com.sinosoft.test.base.TestBase:80 - Found Element By : By.name: codeselect
2020/07/14 16:04:53:104  INFO com.sinosoft.test.base.TestBase:132 - setFuzzySelect:[[InternetExplorerDriver: internet explorer on WINDOWS (aaee0258-44d8-46a4-be55-a90484f67a99)] -> name: codeselect]->01010101
2020/07/14 16:04:53:680 DEBUG com.sinosoft.test.base.TestBase:76 - Trying to find Element By : By.tagName: option
2020/07/14 16:04:54:205 DEBUG com.sinosoft.test.base.TestBase:80 - Found Element By : By.tagName: option
2020/07/14 16:04:54:526  INFO com.sinosoft.test.base.TestBase:142 - 找到匹配【01010101】的选项：01010101--柜面直销
2020/07/14 16:04:54:527 DEBUG com.sinosoft.test.base.TestBase:76 - Trying to find Element By : By.xpath: .//option[normalize-space(.) = "01010101--柜面直销"]
2020/07/14 16:04:54:889 DEBUG com.sinosoft.test.base.TestBase:80 - Found Element By : By.xpath: .//option[normalize-space(.) = "01010101--柜面直销"]
2020/07/14 16:04:55:188 DEBUG com.sinosoft.test.base.TestBase:42 - Trying to click on: [[[[InternetExplorerDriver: internet explorer on WINDOWS (aaee0258-44d8-46a4-be55-a90484f67a99)] -> name: codeselect]] -> xpath: .//option[normalize-space(.) = "01010101--柜面直销"]]
2020/07/14 16:04:55:697 DEBUG com.sinosoft.test.base.TestBase:46 - Clicked on: [[[[InternetExplorerDriver: internet explorer on WINDOWS (aaee0258-44d8-46a4-be55-a90484f67a99)] -> name: codeselect]] -> xpath: .//option[normalize-space(.) = "01010101--柜面直销"]]
2020/07/14 16:04:55:698 DEBUG com.sinosoft.test.base.TestBase:151 - setFuzzySelect 结束！
2020/07/14 16:04:55:698 DEBUG com.sinosoft.test.base.TestBase:76 - Trying to find Element By : By.name: SelectIt
2020/07/14 16:04:55:994 DEBUG com.sinosoft.test.base.TestBase:80 - Found Element By : By.name: SelectIt
2020/07/14 16:04:55:996  INFO com.sinosoft.test.base.TestBase:416 - jsClickButton:[[InternetExplorerDriver: internet explorer on WINDOWS (aaee0258-44d8-46a4-be55-a90484f67a99)] -> name: SelectIt]
2020/07/14 16:04:55:997  INFO com.sinosoft.test.base.TestBase:144 - RunJavaScript:[[InternetExplorerDriver: internet explorer on WINDOWS (aaee0258-44d8-46a4-be55-a90484f67a99)] -> name: SelectIt]	arguments[0].click();
2020/07/14 16:04:56:795 DEBUG com.sinosoft.test.base.TestBase:272 - 系统窗口【黄河财险业务系统】with handle -c26314e9-d5ef-4ec5-9e15-9748e65134c5
2020/07/14 16:04:59:811 DEBUG com.sinosoft.test.base.TestBase:76 - Trying to find Element By : By.name: GuMainBusinessSource
2020/07/14 16:04:59:961 DEBUG com.sinosoft.test.base.TestBase:80 - Found Element By : By.name: GuMainBusinessSource
2020/07/14 16:04:59:962 DEBUG com.sinosoft.test.base.TestBase:49 - CodeSelect:设置完毕[[InternetExplorerDriver: internet explorer on WINDOWS (aaee0258-44d8-46a4-be55-a90484f67a99)] -> name: GuMainBusinessSource] & Code=01010101
2020/07/14 16:04:59:962 DEBUG com.sinosoft.test.base.TestBase:76 - Trying to find Element By : By.name: GuMainSurveyInd
2020/07/14 16:05:00:116 DEBUG com.sinosoft.test.base.TestBase:80 - Found Element By : By.name: GuMainSurveyInd
2020/07/14 16:05:00:116  INFO com.sinosoft.test.base.TestBase:96 - setSelectWithStartText:[[InternetExplorerDriver: internet explorer on WINDOWS (aaee0258-44d8-46a4-be55-a90484f67a99)] -> name: GuMainSurveyInd]->HXXT
2020/07/14 16:05:00:116 DEBUG com.sinosoft.test.base.TestBase:76 - Trying to find Element By : By.name: GuMainSurveyInd
2020/07/14 16:05:00:211 DEBUG com.sinosoft.test.base.TestBase:80 - Found Element By : By.name: GuMainSurveyInd
2020/07/14 16:05:00:248 DEBUG com.sinosoft.test.base.TestBase:76 - Trying to find Element By : By.name: GuMainSurveyInd
2020/07/14 16:05:00:380 DEBUG com.sinosoft.test.base.TestBase:80 - Found Element By : By.name: GuMainSurveyInd
2020/07/14 16:05:00:431 DEBUG com.sinosoft.test.base.TestBase:76 - Trying to find Element By : By.name: GuMainSurveyInd
2020/07/14 16:05:00:582 DEBUG com.sinosoft.test.base.TestBase:80 - Found Element By : By.name: GuMainSurveyInd
2020/07/14 16:05:00:582 DEBUG com.sinosoft.test.base.TestBase:76 - Trying to find Element By : By.tagName: option
2020/07/14 16:05:01:429 DEBUG com.sinosoft.test.base.TestBase:80 - Found Element By : By.tagName: option
2020/07/14 16:05:01:535  INFO com.sinosoft.test.base.TestBase:114 - 找到匹配【HXXT】的选项：HXXT-核心
2020/07/14 16:05:01:535 DEBUG com.sinosoft.test.base.TestBase:76 - Trying to find Element By : By.name: GuMainSurveyInd
2020/07/14 16:05:01:680 DEBUG com.sinosoft.test.base.TestBase:80 - Found Element By : By.name: GuMainSurveyInd
2020/07/14 16:05:01:681 DEBUG com.sinosoft.test.base.TestBase:76 - Trying to find Element By : By.xpath: .//option[normalize-space(.) = "HXXT-核心"]
2020/07/14 16:05:01:813 DEBUG com.sinosoft.test.base.TestBase:80 - Found Element By : By.xpath: .//option[normalize-space(.) = "HXXT-核心"]
2020/07/14 16:05:01:862 DEBUG com.sinosoft.test.base.TestBase:123 - setSelectWithStartText 结束！
2020/07/14 16:05:01:862 DEBUG com.sinosoft.test.base.TestBase:76 - Trying to find Element By : By.name: GuMainArgueSolution
2020/07/14 16:05:02:024 DEBUG com.sinosoft.test.base.TestBase:80 - Found Element By : By.name: GuMainArgueSolution
2020/07/14 16:05:02:024  INFO com.sinosoft.test.base.TestBase:96 - setSelectWithStartText:[[InternetExplorerDriver: internet explorer on WINDOWS (aaee0258-44d8-46a4-be55-a90484f67a99)] -> name: GuMainArgueSolution]->
2020/07/14 16:05:02:026 DEBUG com.sinosoft.test.base.TestBase:76 - Trying to find Element By : By.name: GuMainDomesticInd
2020/07/14 16:05:02:159 DEBUG com.sinosoft.test.base.TestBase:80 - Found Element By : By.name: GuMainDomesticInd
2020/07/14 16:05:02:162  INFO com.sinosoft.test.base.TestBase:96 - setSelectWithStartText:[[InternetExplorerDriver: internet explorer on WINDOWS (aaee0258-44d8-46a4-be55-a90484f67a99)] -> name: GuMainDomesticInd]->
2020/07/14 16:05:02:162 DEBUG com.sinosoft.test.base.TestBase:76 - Trying to find Element By : By.name: GuMainComInsureInd
2020/07/14 16:05:02:262 DEBUG com.sinosoft.test.base.TestBase:80 - Found Element By : By.name: GuMainComInsureInd
2020/07/14 16:05:02:263  INFO com.sinosoft.test.base.TestBase:96 - setSelectWithStartText:[[InternetExplorerDriver: internet explorer on WINDOWS (aaee0258-44d8-46a4-be55-a90484f67a99)] -> name: GuMainComInsureInd]->0
2020/07/14 16:05:02:263 DEBUG com.sinosoft.test.base.TestBase:76 - Trying to find Element By : By.name: GuMainComInsureInd
2020/07/14 16:05:02:409 DEBUG com.sinosoft.test.base.TestBase:80 - Found Element By : By.name: GuMainComInsureInd
2020/07/14 16:05:02:448 DEBUG com.sinosoft.test.base.TestBase:76 - Trying to find Element By : By.name: GuMainComInsureInd
2020/07/14 16:05:02:630 DEBUG com.sinosoft.test.base.TestBase:80 - Found Element By : By.name: GuMainComInsureInd
2020/07/14 16:05:02:670 DEBUG com.sinosoft.test.base.TestBase:76 - Trying to find Element By : By.name: GuMainComInsureInd
2020/07/14 16:05:02:846 DEBUG com.sinosoft.test.base.TestBase:80 - Found Element By : By.name: GuMainComInsureInd
2020/07/14 16:05:02:846 DEBUG com.sinosoft.test.base.TestBase:76 - Trying to find Element By : By.tagName: option
2020/07/14 16:05:03:101 DEBUG com.sinosoft.test.base.TestBase:80 - Found Element By : By.tagName: option
2020/07/14 16:05:03:245  INFO com.sinosoft.test.base.TestBase:114 - 找到匹配【0】的选项：0-非统括业务
2020/07/14 16:05:03:246 DEBUG com.sinosoft.test.base.TestBase:76 - Trying to find Element By : By.name: GuMainComInsureInd
2020/07/14 16:05:03:385 DEBUG com.sinosoft.test.base.TestBase:80 - Found Element By : By.name: GuMainComInsureInd
2020/07/14 16:05:03:386 DEBUG com.sinosoft.test.base.TestBase:76 - Trying to find Element By : By.xpath: .//option[normalize-space(.) = "0-非统括业务"]
2020/07/14 16:05:03:525 DEBUG com.sinosoft.test.base.TestBase:80 - Found Element By : By.xpath: .//option[normalize-space(.) = "0-非统括业务"]
2020/07/14 16:05:03:618 DEBUG com.sinosoft.test.base.TestBase:123 - setSelectWithStartText 结束！
2020/07/14 16:05:03:618 DEBUG com.sinosoft.test.base.TestBase:76 - Trying to find Element By : By.name: GuMainPolicyStyle
2020/07/14 16:05:03:780 DEBUG com.sinosoft.test.base.TestBase:80 - Found Element By : By.name: GuMainPolicyStyle
2020/07/14 16:05:03:781  INFO com.sinosoft.test.base.TestBase:96 - setSelectWithStartText:[[InternetExplorerDriver: internet explorer on WINDOWS (aaee0258-44d8-46a4-be55-a90484f67a99)] -> name: GuMainPolicyStyle]->0
2020/07/14 16:05:03:781 DEBUG com.sinosoft.test.base.TestBase:76 - Trying to find Element By : By.name: GuMainPolicyStyle
2020/07/14 16:05:03:946 DEBUG com.sinosoft.test.base.TestBase:80 - Found Element By : By.name: GuMainPolicyStyle
2020/07/14 16:05:03:984 DEBUG com.sinosoft.test.base.TestBase:76 - Trying to find Element By : By.name: GuMainPolicyStyle
2020/07/14 16:05:04:127 DEBUG com.sinosoft.test.base.TestBase:80 - Found Element By : By.name: GuMainPolicyStyle
2020/07/14 16:05:04:173 DEBUG com.sinosoft.test.base.TestBase:76 - Trying to find Element By : By.name: GuMainPolicyStyle
2020/07/14 16:05:04:340 DEBUG com.sinosoft.test.base.TestBase:80 - Found Element By : By.name: GuMainPolicyStyle
2020/07/14 16:05:04:342 DEBUG com.sinosoft.test.base.TestBase:76 - Trying to find Element By : By.tagName: option
2020/07/14 16:05:04:541 DEBUG com.sinosoft.test.base.TestBase:80 - Found Element By : By.tagName: option
2020/07/14 16:05:04:620  INFO com.sinosoft.test.base.TestBase:114 - 找到匹配【0】的选项：0-否
2020/07/14 16:05:04:622 DEBUG com.sinosoft.test.base.TestBase:76 - Trying to find Element By : By.name: GuMainPolicyStyle
2020/07/14 16:05:04:794 DEBUG com.sinosoft.test.base.TestBase:80 - Found Element By : By.name: GuMainPolicyStyle
2020/07/14 16:05:04:794 DEBUG com.sinosoft.test.base.TestBase:76 - Trying to find Element By : By.xpath: .//option[normalize-space(.) = "0-否"]
2020/07/14 16:05:04:924 DEBUG com.sinosoft.test.base.TestBase:80 - Found Element By : By.xpath: .//option[normalize-space(.) = "0-否"]
2020/07/14 16:05:05:009 DEBUG com.sinosoft.test.base.TestBase:123 - setSelectWithStartText 结束！
2020/07/14 16:05:05:010 DEBUG com.sinosoft.test.base.TestBase:76 - Trying to find Element By : By.name: RenewalOfInsuranceSelect
2020/07/14 16:05:05:166 DEBUG com.sinosoft.test.base.TestBase:80 - Found Element By : By.name: RenewalOfInsuranceSelect
2020/07/14 16:05:05:167  INFO com.sinosoft.test.base.TestBase:96 - setSelectWithStartText:[[InternetExplorerDriver: internet explorer on WINDOWS (aaee0258-44d8-46a4-be55-a90484f67a99)] -> name: RenewalOfInsuranceSelect]->0
2020/07/14 16:05:05:167 DEBUG com.sinosoft.test.base.TestBase:76 - Trying to find Element By : By.name: RenewalOfInsuranceSelect
2020/07/14 16:05:05:307 DEBUG com.sinosoft.test.base.TestBase:80 - Found Element By : By.name: RenewalOfInsuranceSelect
2020/07/14 16:05:05:345 DEBUG com.sinosoft.test.base.TestBase:76 - Trying to find Element By : By.name: RenewalOfInsuranceSelect
2020/07/14 16:05:05:473 DEBUG com.sinosoft.test.base.TestBase:80 - Found Element By : By.name: RenewalOfInsuranceSelect
2020/07/14 16:05:05:514 DEBUG com.sinosoft.test.base.TestBase:76 - Trying to find Element By : By.name: RenewalOfInsuranceSelect
2020/07/14 16:05:05:657 DEBUG com.sinosoft.test.base.TestBase:80 - Found Element By : By.name: RenewalOfInsuranceSelect
2020/07/14 16:05:05:657 DEBUG com.sinosoft.test.base.TestBase:76 - Trying to find Element By : By.tagName: option
2020/07/14 16:05:05:853 DEBUG com.sinosoft.test.base.TestBase:80 - Found Element By : By.tagName: option
2020/07/14 16:05:05:918  INFO com.sinosoft.test.base.TestBase:114 - 找到匹配【0】的选项：0-否
2020/07/14 16:05:05:920 DEBUG com.sinosoft.test.base.TestBase:76 - Trying to find Element By : By.name: RenewalOfInsuranceSelect
2020/07/14 16:05:06:053 DEBUG com.sinosoft.test.base.TestBase:80 - Found Element By : By.name: RenewalOfInsuranceSelect
2020/07/14 16:05:06:054 DEBUG com.sinosoft.test.base.TestBase:76 - Trying to find Element By : By.xpath: .//option[normalize-space(.) = "0-否"]
2020/07/14 16:05:06:173 DEBUG com.sinosoft.test.base.TestBase:80 - Found Element By : By.xpath: .//option[normalize-space(.) = "0-否"]
2020/07/14 16:05:06:272 DEBUG com.sinosoft.test.base.TestBase:42 - Trying to click on: [[[[InternetExplorerDriver: internet explorer on WINDOWS (aaee0258-44d8-46a4-be55-a90484f67a99)] -> name: RenewalOfInsuranceSelect]] -> xpath: .//option[normalize-space(.) = "0-否"]]
2020/07/14 16:05:06:616 DEBUG com.sinosoft.test.base.TestBase:46 - Clicked on: [[[[InternetExplorerDriver: internet explorer on WINDOWS (aaee0258-44d8-46a4-be55-a90484f67a99)] -> name: RenewalOfInsuranceSelect]] -> xpath: .//option[normalize-space(.) = "0-否"]]
2020/07/14 16:05:06:617 DEBUG com.sinosoft.test.base.TestBase:123 - setSelectWithStartText 结束！
2020/07/14 16:05:06:618 DEBUG com.sinosoft.test.base.TestBase:76 - Trying to find Element By : By.name: GuMainIsDifferentPlace
2020/07/14 16:05:06:729 DEBUG com.sinosoft.test.base.TestBase:80 - Found Element By : By.name: GuMainIsDifferentPlace
2020/07/14 16:05:06:729  INFO com.sinosoft.test.base.TestBase:96 - setSelectWithStartText:[[InternetExplorerDriver: internet explorer on WINDOWS (aaee0258-44d8-46a4-be55-a90484f67a99)] -> name: GuMainIsDifferentPlace]->
2020/07/14 16:05:06:730 DEBUG com.sinosoft.test.base.TestBase:76 - Trying to find Element By : By.name: GuMainIsFarming
2020/07/14 16:05:06:843 DEBUG com.sinosoft.test.base.TestBase:80 - Found Element By : By.name: GuMainIsFarming
2020/07/14 16:05:06:843  INFO com.sinosoft.test.base.TestBase:96 - setSelectWithStartText:[[InternetExplorerDriver: internet explorer on WINDOWS (aaee0258-44d8-46a4-be55-a90484f67a99)] -> name: GuMainIsFarming]->
2020/07/14 16:05:06:843 DEBUG com.sinosoft.test.base.TestBase:76 - Trying to find Element By : By.name: AppliGuRelatedPartyInsuredType
2020/07/14 16:05:06:964 DEBUG com.sinosoft.test.base.TestBase:80 - Found Element By : By.name: AppliGuRelatedPartyInsuredType
2020/07/14 16:05:06:964  INFO com.sinosoft.test.base.TestBase:96 - setSelectWithStartText:[[InternetExplorerDriver: internet explorer on WINDOWS (aaee0258-44d8-46a4-be55-a90484f67a99)] -> name: AppliGuRelatedPartyInsuredType]->2
2020/07/14 16:05:06:964 DEBUG com.sinosoft.test.base.TestBase:76 - Trying to find Element By : By.name: AppliGuRelatedPartyInsuredType
2020/07/14 16:05:07:057 DEBUG com.sinosoft.test.base.TestBase:80 - Found Element By : By.name: AppliGuRelatedPartyInsuredType
2020/07/14 16:05:07:095 DEBUG com.sinosoft.test.base.TestBase:76 - Trying to find Element By : By.name: AppliGuRelatedPartyInsuredType
2020/07/14 16:05:07:224 DEBUG com.sinosoft.test.base.TestBase:80 - Found Element By : By.name: AppliGuRelatedPartyInsuredType
2020/07/14 16:05:07:264 DEBUG com.sinosoft.test.base.TestBase:76 - Trying to find Element By : By.name: AppliGuRelatedPartyInsuredType
2020/07/14 16:05:07:410 DEBUG com.sinosoft.test.base.TestBase:80 - Found Element By : By.name: AppliGuRelatedPartyInsuredType
2020/07/14 16:05:07:410 DEBUG com.sinosoft.test.base.TestBase:76 - Trying to find Element By : By.tagName: option
2020/07/14 16:05:07:537 DEBUG com.sinosoft.test.base.TestBase:80 - Found Element By : By.tagName: option
2020/07/14 16:05:07:696  INFO com.sinosoft.test.base.TestBase:114 - 找到匹配【2】的选项：2-团体
2020/07/14 16:05:07:696 DEBUG com.sinosoft.test.base.TestBase:76 - Trying to find Element By : By.name: AppliGuRelatedPartyInsuredType
2020/07/14 16:05:07:864 DEBUG com.sinosoft.test.base.TestBase:80 - Found Element By : By.name: AppliGuRelatedPartyInsuredType
2020/07/14 16:05:07:864 DEBUG com.sinosoft.test.base.TestBase:76 - Trying to find Element By : By.xpath: .//option[normalize-space(.) = "2-团体"]
2020/07/14 16:05:07:969 DEBUG com.sinosoft.test.base.TestBase:80 - Found Element By : By.xpath: .//option[normalize-space(.) = "2-团体"]
2020/07/14 16:05:08:008 DEBUG com.sinosoft.test.base.TestBase:123 - setSelectWithStartText 结束！
2020/07/14 16:05:08:009 DEBUG com.sinosoft.test.base.TestBase:76 - Trying to find Element By : By.name: AppliGuRelatedPartyInsuredCode
2020/07/14 16:05:08:124 DEBUG com.sinosoft.test.base.TestBase:80 - Found Element By : By.name: AppliGuRelatedPartyInsuredCode
2020/07/14 16:05:08:125  INFO com.sinosoft.test.base.TestBase:388 - setEditboxTValue:[[InternetExplorerDriver: internet explorer on WINDOWS (aaee0258-44d8-46a4-be55-a90484f67a99)] -> name: AppliGuRelatedPartyInsuredCode]->G6200019984
2020/07/14 16:05:08:125 DEBUG com.sinosoft.test.base.TestBase:76 - Trying to find Element By : By.name: AppliGuRelatedPartyInsuredCode
2020/07/14 16:05:08:231 DEBUG com.sinosoft.test.base.TestBase:80 - Found Element By : By.name: AppliGuRelatedPartyInsuredCode
2020/07/14 16:05:08:643 DEBUG com.sinosoft.test.base.TestBase:76 - Trying to find Element By : By.name: AppliGuRelatedPartyInsuredCode
2020/07/14 16:05:08:763 DEBUG com.sinosoft.test.base.TestBase:80 - Found Element By : By.name: AppliGuRelatedPartyInsuredCode
2020/07/14 16:05:14:368 DEBUG com.sinosoft.test.base.TestBase:76 - Trying to find Element By : By.name: buttonSaveCustomer
2020/07/14 16:05:14:465 DEBUG com.sinosoft.test.base.TestBase:80 - Found Element By : By.name: buttonSaveCustomer
2020/07/14 16:05:14:466 DEBUG com.sinosoft.test.base.TestBase:42 - Trying to click on: [[InternetExplorerDriver: internet explorer on WINDOWS (aaee0258-44d8-46a4-be55-a90484f67a99)] -> name: buttonSaveCustomer]
2020/07/14 16:05:15:882 DEBUG com.sinosoft.test.base.TestBase:46 - Clicked on: [[InternetExplorerDriver: internet explorer on WINDOWS (aaee0258-44d8-46a4-be55-a90484f67a99)] -> name: buttonSaveCustomer]
2020/07/14 16:05:16:116  INFO com.sinosoft.test.base.TestBase:519 - 在保存客户时捕获了一个弹窗：客户已经保存，或不需要保存.
2020/07/14 16:05:16:340 DEBUG com.sinosoft.test.base.TestBase:218 - Alert的标题是：客户已经保存，或不需要保存.
2020/07/14 16:05:17:304 DEBUG com.sinosoft.test.base.TestBase:76 - Trying to find Element By : By.name: AppliGuRelatedPartyInsuredCode
2020/07/14 16:05:17:431 DEBUG com.sinosoft.test.base.TestBase:80 - Found Element By : By.name: AppliGuRelatedPartyInsuredCode
2020/07/14 16:05:17:489 DEBUG com.sinosoft.test.base.TestBase:76 - Trying to find Element By : By.id: saveButton
2020/07/14 16:05:17:669 DEBUG com.sinosoft.test.base.TestBase:80 - Found Element By : By.id: saveButton
2020/07/14 16:05:17:669 DEBUG com.sinosoft.test.base.TestBase:42 - Trying to click on: [[InternetExplorerDriver: internet explorer on WINDOWS (aaee0258-44d8-46a4-be55-a90484f67a99)] -> id: saveButton]
2020/07/14 16:05:23:339 DEBUG com.sinosoft.test.base.TestBase:46 - Clicked on: [[InternetExplorerDriver: internet explorer on WINDOWS (aaee0258-44d8-46a4-be55-a90484f67a99)] -> id: saveButton]
2020/07/14 16:05:23:340 DEBUG com.sinosoft.test.base.TestBase:88 - 截屏文件名字是：FCCB_TB_JCX_1保存基本信息
2020/07/14 16:05:23:529 DEBUG com.sinosoft.test.base.TestBase:69 - 初始化class com.sinosoft.test.fccp.tbcl.RiskDetail_TypePage
2020/07/14 16:05:29:026 DEBUG com.sinosoft.test.base.TestBase:76 - Trying to find Element By : By.name: GuRiskRiskApplyType
2020/07/14 16:05:29:167 DEBUG com.sinosoft.test.base.TestBase:80 - Found Element By : By.name: GuRiskRiskApplyType
2020/07/14 16:05:29:171 DEBUG com.sinosoft.test.base.TestBase:107 - 投保处理/险种信息
2020/07/14 16:05:32:051 DEBUG com.sinosoft.test.base.TestBase:76 - Trying to find Element By : By.id: RiskItem
2020/07/14 16:05:32:155 DEBUG com.sinosoft.test.base.TestBase:80 - Found Element By : By.id: RiskItem
2020/07/14 16:05:32:155 DEBUG com.sinosoft.test.base.TestBase:76 - Trying to find Element By : By.name: summarySubBusinessNo
2020/07/14 16:05:32:319 DEBUG com.sinosoft.test.base.TestBase:80 - Found Element By : By.name: summarySubBusinessNo
2020/07/14 16:05:32:400 DEBUG com.sinosoft.test.base.TestBase:113 - 投保单号：06201900101202000000000083
2020/07/14 16:05:32:401 DEBUG com.sinosoft.test.base.TestBase:121 - 保存投保单号完毕！
2020/07/14 16:05:37:722 DEBUG com.sinosoft.test.base.TestBase:123 - 返回工作区，准备下一步操作！
2020/07/14 16:05:37:723  INFO com.sinosoft.test.base.TestBase:125 - 开始处理风险类别信息
2020/07/14 16:05:37:724 DEBUG com.sinosoft.test.base.TestBase:76 - Trying to find Element By : By.name: GuRiskRiskApplyType
2020/07/14 16:05:37:833 DEBUG com.sinosoft.test.base.TestBase:80 - Found Element By : By.name: GuRiskRiskApplyType
2020/07/14 16:05:37:833  INFO com.sinosoft.test.base.TestBase:96 - setSelectWithStartText:[[InternetExplorerDriver: internet explorer on WINDOWS (aaee0258-44d8-46a4-be55-a90484f67a99)] -> name: GuRiskRiskApplyType]->1
2020/07/14 16:05:37:840 DEBUG com.sinosoft.test.base.TestBase:76 - Trying to find Element By : By.name: GuRiskRiskApplyType
2020/07/14 16:05:37:932 DEBUG com.sinosoft.test.base.TestBase:80 - Found Element By : By.name: GuRiskRiskApplyType
2020/07/14 16:05:37:961 DEBUG com.sinosoft.test.base.TestBase:76 - Trying to find Element By : By.name: GuRiskRiskApplyType
2020/07/14 16:05:38:044 DEBUG com.sinosoft.test.base.TestBase:80 - Found Element By : By.name: GuRiskRiskApplyType
2020/07/14 16:05:38:097 DEBUG com.sinosoft.test.base.TestBase:76 - Trying to find Element By : By.name: GuRiskRiskApplyType
2020/07/14 16:05:38:248 DEBUG com.sinosoft.test.base.TestBase:80 - Found Element By : By.name: GuRiskRiskApplyType
2020/07/14 16:05:38:248 DEBUG com.sinosoft.test.base.TestBase:76 - Trying to find Element By : By.tagName: option
2020/07/14 16:05:38:379 DEBUG com.sinosoft.test.base.TestBase:80 - Found Element By : By.tagName: option
2020/07/14 16:05:38:498  INFO com.sinosoft.test.base.TestBase:114 - 找到匹配【1】的选项：1-全国
2020/07/14 16:05:38:499 DEBUG com.sinosoft.test.base.TestBase:76 - Trying to find Element By : By.name: GuRiskRiskApplyType
2020/07/14 16:05:38:605 DEBUG com.sinosoft.test.base.TestBase:80 - Found Element By : By.name: GuRiskRiskApplyType
2020/07/14 16:05:38:606 DEBUG com.sinosoft.test.base.TestBase:76 - Trying to find Element By : By.xpath: .//option[normalize-space(.) = "1-全国"]
2020/07/14 16:05:38:718 DEBUG com.sinosoft.test.base.TestBase:80 - Found Element By : By.xpath: .//option[normalize-space(.) = "1-全国"]
2020/07/14 16:05:38:789 DEBUG com.sinosoft.test.base.TestBase:123 - setSelectWithStartText 结束！
2020/07/14 16:05:38:789 DEBUG com.sinosoft.test.base.TestBase:76 - Trying to find Element By : By.name: GuRiskCoinsInd
2020/07/14 16:05:38:916 DEBUG com.sinosoft.test.base.TestBase:80 - Found Element By : By.name: GuRiskCoinsInd
2020/07/14 16:05:38:916  INFO com.sinosoft.test.base.TestBase:96 - setSelectWithStartText:[[InternetExplorerDriver: internet explorer on WINDOWS (aaee0258-44d8-46a4-be55-a90484f67a99)] -> name: GuRiskCoinsInd]->1
2020/07/14 16:05:38:917 DEBUG com.sinosoft.test.base.TestBase:76 - Trying to find Element By : By.name: GuRiskCoinsInd
2020/07/14 16:05:39:029 DEBUG com.sinosoft.test.base.TestBase:80 - Found Element By : By.name: GuRiskCoinsInd
2020/07/14 16:05:39:057 DEBUG com.sinosoft.test.base.TestBase:76 - Trying to find Element By : By.name: GuRiskCoinsInd
2020/07/14 16:05:39:186 DEBUG com.sinosoft.test.base.TestBase:80 - Found Element By : By.name: GuRiskCoinsInd
2020/07/14 16:05:39:251 DEBUG com.sinosoft.test.base.TestBase:76 - Trying to find Element By : By.name: GuRiskCoinsInd
2020/07/14 16:05:39:360 DEBUG com.sinosoft.test.base.TestBase:80 - Found Element By : By.name: GuRiskCoinsInd
2020/07/14 16:05:39:361 DEBUG com.sinosoft.test.base.TestBase:76 - Trying to find Element By : By.tagName: option
2020/07/14 16:05:39:803 DEBUG com.sinosoft.test.base.TestBase:80 - Found Element By : By.tagName: option
2020/07/14 16:05:39:981  INFO com.sinosoft.test.base.TestBase:114 - 找到匹配【1】的选项：1-主共保
2020/07/14 16:05:39:981 DEBUG com.sinosoft.test.base.TestBase:76 - Trying to find Element By : By.name: GuRiskCoinsInd
2020/07/14 16:05:40:066 DEBUG com.sinosoft.test.base.TestBase:80 - Found Element By : By.name: GuRiskCoinsInd
2020/07/14 16:05:40:067 DEBUG com.sinosoft.test.base.TestBase:76 - Trying to find Element By : By.xpath: .//option[normalize-space(.) = "1-主共保"]
2020/07/14 16:05:40:149 DEBUG com.sinosoft.test.base.TestBase:80 - Found Element By : By.xpath: .//option[normalize-space(.) = "1-主共保"]
2020/07/14 16:05:40:230 DEBUG com.sinosoft.test.base.TestBase:42 - Trying to click on: [[[[InternetExplorerDriver: internet explorer on WINDOWS (aaee0258-44d8-46a4-be55-a90484f67a99)] -> name: GuRiskCoinsInd]] -> xpath: .//option[normalize-space(.) = "1-主共保"]]
2020/07/14 16:05:40:558 DEBUG com.sinosoft.test.base.TestBase:46 - Clicked on: [[[[InternetExplorerDriver: internet explorer on WINDOWS (aaee0258-44d8-46a4-be55-a90484f67a99)] -> name: GuRiskCoinsInd]] -> xpath: .//option[normalize-space(.) = "1-主共保"]]
2020/07/14 16:05:40:559 DEBUG com.sinosoft.test.base.TestBase:123 - setSelectWithStartText 结束！
2020/07/14 16:05:40:559 DEBUG com.sinosoft.test.base.TestBase:76 - Trying to find Element By : By.name: GuRiskBusinessFlag
2020/07/14 16:05:40:678 DEBUG com.sinosoft.test.base.TestBase:80 - Found Element By : By.name: GuRiskBusinessFlag
2020/07/14 16:05:40:679  INFO com.sinosoft.test.base.TestBase:96 - setSelectWithStartText:[[InternetExplorerDriver: internet explorer on WINDOWS (aaee0258-44d8-46a4-be55-a90484f67a99)] -> name: GuRiskBusinessFlag]->1
2020/07/14 16:05:40:679 DEBUG com.sinosoft.test.base.TestBase:76 - Trying to find Element By : By.name: GuRiskBusinessFlag
2020/07/14 16:05:40:779 DEBUG com.sinosoft.test.base.TestBase:80 - Found Element By : By.name: GuRiskBusinessFlag
2020/07/14 16:05:40:804 DEBUG com.sinosoft.test.base.TestBase:76 - Trying to find Element By : By.name: GuRiskBusinessFlag
2020/07/14 16:05:40:910 DEBUG com.sinosoft.test.base.TestBase:80 - Found Element By : By.name: GuRiskBusinessFlag
2020/07/14 16:05:40:954 DEBUG com.sinosoft.test.base.TestBase:76 - Trying to find Element By : By.name: GuRiskBusinessFlag
2020/07/14 16:05:41:082 DEBUG com.sinosoft.test.base.TestBase:80 - Found Element By : By.name: GuRiskBusinessFlag
2020/07/14 16:05:41:083 DEBUG com.sinosoft.test.base.TestBase:76 - Trying to find Element By : By.tagName: option
2020/07/14 16:05:41:195 DEBUG com.sinosoft.test.base.TestBase:80 - Found Element By : By.tagName: option
2020/07/14 16:05:41:362  INFO com.sinosoft.test.base.TestBase:114 - 找到匹配【1】的选项：1-是
2020/07/14 16:05:41:362 DEBUG com.sinosoft.test.base.TestBase:76 - Trying to find Element By : By.name: GuRiskBusinessFlag
2020/07/14 16:05:41:487 DEBUG com.sinosoft.test.base.TestBase:80 - Found Element By : By.name: GuRiskBusinessFlag
2020/07/14 16:05:41:488 DEBUG com.sinosoft.test.base.TestBase:76 - Trying to find Element By : By.xpath: .//option[normalize-space(.) = "1-是"]
2020/07/14 16:05:41:598 DEBUG com.sinosoft.test.base.TestBase:80 - Found Element By : By.xpath: .//option[normalize-space(.) = "1-是"]
2020/07/14 16:05:41:694 DEBUG com.sinosoft.test.base.TestBase:42 - Trying to click on: [[[[InternetExplorerDriver: internet explorer on WINDOWS (aaee0258-44d8-46a4-be55-a90484f67a99)] -> name: GuRiskBusinessFlag]] -> xpath: .//option[normalize-space(.) = "1-是"]]
2020/07/14 16:05:42:052 DEBUG com.sinosoft.test.base.TestBase:46 - Clicked on: [[[[InternetExplorerDriver: internet explorer on WINDOWS (aaee0258-44d8-46a4-be55-a90484f67a99)] -> name: GuRiskBusinessFlag]] -> xpath: .//option[normalize-space(.) = "1-是"]]
2020/07/14 16:05:42:052 DEBUG com.sinosoft.test.base.TestBase:123 - setSelectWithStartText 结束！
2020/07/14 16:05:42:052 DEBUG com.sinosoft.test.base.TestBase:76 - Trying to find Element By : By.name: GuRiskJudicalCode
2020/07/14 16:05:42:186 DEBUG com.sinosoft.test.base.TestBase:80 - Found Element By : By.name: GuRiskJudicalCode
2020/07/14 16:05:42:186  INFO com.sinosoft.test.base.TestBase:96 - setSelectWithStartText:[[InternetExplorerDriver: internet explorer on WINDOWS (aaee0258-44d8-46a4-be55-a90484f67a99)] -> name: GuRiskJudicalCode]->1
2020/07/14 16:05:42:187 DEBUG com.sinosoft.test.base.TestBase:76 - Trying to find Element By : By.name: GuRiskJudicalCode
2020/07/14 16:05:42:306 DEBUG com.sinosoft.test.base.TestBase:80 - Found Element By : By.name: GuRiskJudicalCode
2020/07/14 16:05:42:336 DEBUG com.sinosoft.test.base.TestBase:76 - Trying to find Element By : By.name: GuRiskJudicalCode
2020/07/14 16:05:42:446 DEBUG com.sinosoft.test.base.TestBase:80 - Found Element By : By.name: GuRiskJudicalCode
2020/07/14 16:05:42:485 DEBUG com.sinosoft.test.base.TestBase:76 - Trying to find Element By : By.name: GuRiskJudicalCode
2020/07/14 16:05:42:619 DEBUG com.sinosoft.test.base.TestBase:80 - Found Element By : By.name: GuRiskJudicalCode
2020/07/14 16:05:42:619 DEBUG com.sinosoft.test.base.TestBase:76 - Trying to find Element By : By.tagName: option
2020/07/14 16:05:42:912 DEBUG com.sinosoft.test.base.TestBase:80 - Found Element By : By.tagName: option
2020/07/14 16:05:43:001  INFO com.sinosoft.test.base.TestBase:114 - 找到匹配【1】的选项：1-中华人民共和国管辖(港澳台除外)
2020/07/14 16:05:43:001 DEBUG com.sinosoft.test.base.TestBase:76 - Trying to find Element By : By.name: GuRiskJudicalCode
2020/07/14 16:05:43:127 DEBUG com.sinosoft.test.base.TestBase:80 - Found Element By : By.name: GuRiskJudicalCode
2020/07/14 16:05:43:128 DEBUG com.sinosoft.test.base.TestBase:76 - Trying to find Element By : By.xpath: .//option[normalize-space(.) = "1-中华人民共和国管辖(港澳台除外)"]
2020/07/14 16:05:43:219 DEBUG com.sinosoft.test.base.TestBase:80 - Found Element By : By.xpath: .//option[normalize-space(.) = "1-中华人民共和国管辖(港澳台除外)"]
2020/07/14 16:05:43:276 DEBUG com.sinosoft.test.base.TestBase:123 - setSelectWithStartText 结束！
2020/07/14 16:05:43:276 DEBUG com.sinosoft.test.base.TestBase:76 - Trying to find Element By : By.xpath: //table[@id='InsuredRelatedParty']/tbody/tr[@id='InsuredGuRelatedPartyCorInsuredType']/td/select[@name='InsuredGuRelatedPartyStarLevel']
2020/07/14 16:05:43:395 DEBUG com.sinosoft.test.base.TestBase:80 - Found Element By : By.xpath: //table[@id='InsuredRelatedParty']/tbody/tr[@id='InsuredGuRelatedPartyCorInsuredType']/td/select[@name='InsuredGuRelatedPartyStarLevel']
2020/07/14 16:05:43:395  INFO com.sinosoft.test.base.TestBase:96 - setSelectWithStartText:[[InternetExplorerDriver: internet explorer on WINDOWS (aaee0258-44d8-46a4-be55-a90484f67a99)] -> xpath: //table[@id='InsuredRelatedParty']/tbody/tr[@id='InsuredGuRelatedPartyCorInsuredType']/td/select[@name='InsuredGuRelatedPartyStarLevel']]->0
2020/07/14 16:05:43:396 DEBUG com.sinosoft.test.base.TestBase:76 - Trying to find Element By : By.xpath: //table[@id='InsuredRelatedParty']/tbody/tr[@id='InsuredGuRelatedPartyCorInsuredType']/td/select[@name='InsuredGuRelatedPartyStarLevel']
2020/07/14 16:05:43:443 DEBUG com.sinosoft.test.base.TestBase:80 - Found Element By : By.xpath: //table[@id='InsuredRelatedParty']/tbody/tr[@id='InsuredGuRelatedPartyCorInsuredType']/td/select[@name='InsuredGuRelatedPartyStarLevel']
2020/07/14 16:05:43:491 DEBUG com.sinosoft.test.base.TestBase:76 - Trying to find Element By : By.xpath: //table[@id='InsuredRelatedParty']/tbody/tr[@id='InsuredGuRelatedPartyCorInsuredType']/td/select[@name='InsuredGuRelatedPartyStarLevel']
2020/07/14 16:05:43:577 DEBUG com.sinosoft.test.base.TestBase:80 - Found Element By : By.xpath: //table[@id='InsuredRelatedParty']/tbody/tr[@id='InsuredGuRelatedPartyCorInsuredType']/td/select[@name='InsuredGuRelatedPartyStarLevel']
2020/07/14 16:05:43:608 DEBUG com.sinosoft.test.base.TestBase:76 - Trying to find Element By : By.xpath: //table[@id='InsuredRelatedParty']/tbody/tr[@id='InsuredGuRelatedPartyCorInsuredType']/td/select[@name='InsuredGuRelatedPartyStarLevel']
2020/07/14 16:05:43:700 DEBUG com.sinosoft.test.base.TestBase:80 - Found Element By : By.xpath: //table[@id='InsuredRelatedParty']/tbody/tr[@id='InsuredGuRelatedPartyCorInsuredType']/td/select[@name='InsuredGuRelatedPartyStarLevel']
2020/07/14 16:05:43:700 DEBUG com.sinosoft.test.base.TestBase:76 - Trying to find Element By : By.tagName: option
2020/07/14 16:05:43:907 DEBUG com.sinosoft.test.base.TestBase:80 - Found Element By : By.tagName: option
2020/07/14 16:05:44:050  INFO com.sinosoft.test.base.TestBase:114 - 找到匹配【0】的选项：0-普通客户
2020/07/14 16:05:44:051 DEBUG com.sinosoft.test.base.TestBase:76 - Trying to find Element By : By.xpath: //table[@id='InsuredRelatedParty']/tbody/tr[@id='InsuredGuRelatedPartyCorInsuredType']/td/select[@name='InsuredGuRelatedPartyStarLevel']
2020/07/14 16:05:44:128 DEBUG com.sinosoft.test.base.TestBase:80 - Found Element By : By.xpath: //table[@id='InsuredRelatedParty']/tbody/tr[@id='InsuredGuRelatedPartyCorInsuredType']/td/select[@name='InsuredGuRelatedPartyStarLevel']
2020/07/14 16:05:44:129 DEBUG com.sinosoft.test.base.TestBase:76 - Trying to find Element By : By.xpath: .//option[normalize-space(.) = "0-普通客户"]
2020/07/14 16:05:44:213 DEBUG com.sinosoft.test.base.TestBase:80 - Found Element By : By.xpath: .//option[normalize-space(.) = "0-普通客户"]
2020/07/14 16:05:44:307 DEBUG com.sinosoft.test.base.TestBase:42 - Trying to click on: [[[[InternetExplorerDriver: internet explorer on WINDOWS (aaee0258-44d8-46a4-be55-a90484f67a99)] -> xpath: //table[@id='InsuredRelatedParty']/tbody/tr[@id='InsuredGuRelatedPartyCorInsuredType']/td/select[@name='InsuredGuRelatedPartyStarLevel']]] -> xpath: .//option[normalize-space(.) = "0-普通客户"]]
2020/07/14 16:05:44:599 DEBUG com.sinosoft.test.base.TestBase:46 - Clicked on: [[[[InternetExplorerDriver: internet explorer on WINDOWS (aaee0258-44d8-46a4-be55-a90484f67a99)] -> xpath: //table[@id='InsuredRelatedParty']/tbody/tr[@id='InsuredGuRelatedPartyCorInsuredType']/td/select[@name='InsuredGuRelatedPartyStarLevel']]] -> xpath: .//option[normalize-space(.) = "0-普通客户"]]
2020/07/14 16:05:44:599 DEBUG com.sinosoft.test.base.TestBase:123 - setSelectWithStartText 结束！
2020/07/14 16:05:44:599 DEBUG com.sinosoft.test.base.TestBase:76 - Trying to find Element By : By.xpath: //table[@id='InsuredRelatedParty']/tbody/tr[@id='InsuredGuRelatedPartyVocation']/td/input[@name='InsuredGuRelatedPartyIndustryMainCode']
2020/07/14 16:05:44:706 DEBUG com.sinosoft.test.base.TestBase:80 - Found Element By : By.xpath: //table[@id='InsuredRelatedParty']/tbody/tr[@id='InsuredGuRelatedPartyVocation']/td/input[@name='InsuredGuRelatedPartyIndustryMainCode']
2020/07/14 16:05:44:744 DEBUG com.sinosoft.test.base.TestBase:76 - Trying to find Element By : By.xpath: //table[@id='InsuredRelatedParty']/tbody/tr[@id='InsuredGuRelatedPartyVocation']/td/input[@name='InsuredGuRelatedPartyIndustryMainCode']
2020/07/14 16:05:44:835 DEBUG com.sinosoft.test.base.TestBase:80 - Found Element By : By.xpath: //table[@id='InsuredRelatedParty']/tbody/tr[@id='InsuredGuRelatedPartyVocation']/td/input[@name='InsuredGuRelatedPartyIndustryMainCode']
2020/07/14 16:05:44:836 DEBUG com.sinosoft.test.base.TestBase:42 - CodeSelect:开始设置[[InternetExplorerDriver: internet explorer on WINDOWS (aaee0258-44d8-46a4-be55-a90484f67a99)] -> xpath: //table[@id='InsuredRelatedParty']/tbody/tr[@id='InsuredGuRelatedPartyVocation']/td/input[@name='InsuredGuRelatedPartyIndustryMainCode']] & Code=12
2020/07/14 16:05:44:839 DEBUG com.sinosoft.test.base.TestBase:76 - Trying to find Element By : By.xpath: //table[@id='InsuredRelatedParty']/tbody/tr[@id='InsuredGuRelatedPartyVocation']/td/input[@name='InsuredGuRelatedPartyIndustryMainCode']
2020/07/14 16:05:44:911 DEBUG com.sinosoft.test.base.TestBase:80 - Found Element By : By.xpath: //table[@id='InsuredRelatedParty']/tbody/tr[@id='InsuredGuRelatedPartyVocation']/td/input[@name='InsuredGuRelatedPartyIndustryMainCode']
2020/07/14 16:05:46:484 DEBUG com.sinosoft.test.base.TestBase:272 - 系统窗口【黄河财险业务系统】with handle -c26314e9-d5ef-4ec5-9e15-9748e65134c5
2020/07/14 16:05:47:171 DEBUG com.sinosoft.test.base.TestBase:272 - 系统窗口【黄河财险业务系统】with handle -c26314e9-d5ef-4ec5-9e15-9748e65134c5
2020/07/14 16:05:47:827 DEBUG com.sinosoft.test.base.TestBase:272 - 系统窗口【Code Select】with handle -7a2f456f-41c4-40ed-8142-089ed9544d97
2020/07/14 16:05:48:366 DEBUG com.sinosoft.test.base.TestBase:69 - 初始化class com.sinosoft.test.fccp.common.CodeSelectPage
2020/07/14 16:05:48:370 DEBUG com.sinosoft.test.base.TestBase:39 - 基础码表选择！
2020/07/14 16:05:48:371 DEBUG com.sinosoft.test.base.TestBase:76 - Trying to find Element By : By.name: fieldValue
2020/07/14 16:05:48:679 DEBUG com.sinosoft.test.base.TestBase:80 - Found Element By : By.name: fieldValue
2020/07/14 16:05:48:679  INFO com.sinosoft.test.base.TestBase:360 - setEditboxValue:[[InternetExplorerDriver: internet explorer on WINDOWS (aaee0258-44d8-46a4-be55-a90484f67a99)] -> name: fieldValue]：12
2020/07/14 16:05:50:104  INFO com.sinosoft.test.base.TestBase:363 - setEditboxValue—End:[[InternetExplorerDriver: internet explorer on WINDOWS (aaee0258-44d8-46a4-be55-a90484f67a99)] -> name: fieldValue]：12
2020/07/14 16:05:50:104 DEBUG com.sinosoft.test.base.TestBase:76 - Trying to find Element By : By.xpath: //input[@value='查询(Q)']
2020/07/14 16:05:50:417 DEBUG com.sinosoft.test.base.TestBase:80 - Found Element By : By.xpath: //input[@value='查询(Q)']
2020/07/14 16:05:50:418  INFO com.sinosoft.test.base.TestBase:402 - clickButton:[[InternetExplorerDriver: internet explorer on WINDOWS (aaee0258-44d8-46a4-be55-a90484f67a99)] -> xpath: //input[@value='查询(Q)']]
2020/07/14 16:05:50:418 DEBUG com.sinosoft.test.base.TestBase:42 - Trying to click on: [[InternetExplorerDriver: internet explorer on WINDOWS (aaee0258-44d8-46a4-be55-a90484f67a99)] -> xpath: //input[@value='查询(Q)']]
2020/07/14 16:05:52:010 DEBUG com.sinosoft.test.base.TestBase:46 - Clicked on: [[InternetExplorerDriver: internet explorer on WINDOWS (aaee0258-44d8-46a4-be55-a90484f67a99)] -> xpath: //input[@value='查询(Q)']]
2020/07/14 16:05:52:011 DEBUG com.sinosoft.test.base.TestBase:76 - Trying to find Element By : By.name: codeselect
2020/07/14 16:05:52:353 DEBUG com.sinosoft.test.base.TestBase:80 - Found Element By : By.name: codeselect
2020/07/14 16:05:52:353  INFO com.sinosoft.test.base.TestBase:132 - setFuzzySelect:[[InternetExplorerDriver: internet explorer on WINDOWS (aaee0258-44d8-46a4-be55-a90484f67a99)] -> name: codeselect]->12
2020/07/14 16:05:52:926 DEBUG com.sinosoft.test.base.TestBase:76 - Trying to find Element By : By.tagName: option
2020/07/14 16:05:53:243 DEBUG com.sinosoft.test.base.TestBase:80 - Found Element By : By.tagName: option
2020/07/14 16:05:53:592  INFO com.sinosoft.test.base.TestBase:142 - 找到匹配【12】的选项：12--社会团体,机关,事业单位
2020/07/14 16:05:53:593 DEBUG com.sinosoft.test.base.TestBase:76 - Trying to find Element By : By.xpath: .//option[normalize-space(.) = "12--社会团体,机关,事业单位"]
2020/07/14 16:05:53:915 DEBUG com.sinosoft.test.base.TestBase:80 - Found Element By : By.xpath: .//option[normalize-space(.) = "12--社会团体,机关,事业单位"]
2020/07/14 16:05:54:230 DEBUG com.sinosoft.test.base.TestBase:42 - Trying to click on: [[[[InternetExplorerDriver: internet explorer on WINDOWS (aaee0258-44d8-46a4-be55-a90484f67a99)] -> name: codeselect]] -> xpath: .//option[normalize-space(.) = "12--社会团体,机关,事业单位"]]
2020/07/14 16:05:54:752 DEBUG com.sinosoft.test.base.TestBase:46 - Clicked on: [[[[InternetExplorerDriver: internet explorer on WINDOWS (aaee0258-44d8-46a4-be55-a90484f67a99)] -> name: codeselect]] -> xpath: .//option[normalize-space(.) = "12--社会团体,机关,事业单位"]]
2020/07/14 16:05:54:752 DEBUG com.sinosoft.test.base.TestBase:151 - setFuzzySelect 结束！
2020/07/14 16:05:54:753 DEBUG com.sinosoft.test.base.TestBase:76 - Trying to find Element By : By.name: SelectIt
2020/07/14 16:05:55:055 DEBUG com.sinosoft.test.base.TestBase:80 - Found Element By : By.name: SelectIt
2020/07/14 16:05:55:056  INFO com.sinosoft.test.base.TestBase:416 - jsClickButton:[[InternetExplorerDriver: internet explorer on WINDOWS (aaee0258-44d8-46a4-be55-a90484f67a99)] -> name: SelectIt]
2020/07/14 16:05:55:056  INFO com.sinosoft.test.base.TestBase:144 - RunJavaScript:[[InternetExplorerDriver: internet explorer on WINDOWS (aaee0258-44d8-46a4-be55-a90484f67a99)] -> name: SelectIt]	arguments[0].click();
2020/07/14 16:05:55:876 DEBUG com.sinosoft.test.base.TestBase:272 - 系统窗口【黄河财险业务系统】with handle -c26314e9-d5ef-4ec5-9e15-9748e65134c5
2020/07/14 16:06:01:319 DEBUG com.sinosoft.test.base.TestBase:76 - Trying to find Element By : By.xpath: //table[@id='InsuredRelatedParty']/tbody/tr[@id='InsuredGuRelatedPartyVocation']/td/input[@name='InsuredGuRelatedPartyIndustryMainCode']
2020/07/14 16:06:01:408 DEBUG com.sinosoft.test.base.TestBase:80 - Found Element By : By.xpath: //table[@id='InsuredRelatedParty']/tbody/tr[@id='InsuredGuRelatedPartyVocation']/td/input[@name='InsuredGuRelatedPartyIndustryMainCode']
2020/07/14 16:06:01:409 DEBUG com.sinosoft.test.base.TestBase:49 - CodeSelect:设置完毕[[InternetExplorerDriver: internet explorer on WINDOWS (aaee0258-44d8-46a4-be55-a90484f67a99)] -> xpath: //table[@id='InsuredRelatedParty']/tbody/tr[@id='InsuredGuRelatedPartyVocation']/td/input[@name='InsuredGuRelatedPartyIndustryMainCode']] & Code=12
2020/07/14 16:06:01:410 DEBUG com.sinosoft.test.base.TestBase:76 - Trying to find Element By : By.xpath: //table[@id='InsuredRelatedParty']/tbody/tr[@id='InsuredGuRelatedPartyVocation']/td/input[@name='InsuredGuRelatedPartyIndustryKindCode']
2020/07/14 16:06:01:504 DEBUG com.sinosoft.test.base.TestBase:80 - Found Element By : By.xpath: //table[@id='InsuredRelatedParty']/tbody/tr[@id='InsuredGuRelatedPartyVocation']/td/input[@name='InsuredGuRelatedPartyIndustryKindCode']
2020/07/14 16:06:01:592 DEBUG com.sinosoft.test.base.TestBase:76 - Trying to find Element By : By.xpath: //table[@id='InsuredRelatedParty']/tbody/tr[@id='InsuredGuRelatedPartyVocation']/td/input[@name='InsuredGuRelatedPartyIndustryKindCode']
2020/07/14 16:06:01:693 DEBUG com.sinosoft.test.base.TestBase:80 - Found Element By : By.xpath: //table[@id='InsuredRelatedParty']/tbody/tr[@id='InsuredGuRelatedPartyVocation']/td/input[@name='InsuredGuRelatedPartyIndustryKindCode']
2020/07/14 16:06:01:694 DEBUG com.sinosoft.test.base.TestBase:63 - SetCodeEditBox:开始设置:[[InternetExplorerDriver: internet explorer on WINDOWS (aaee0258-44d8-46a4-be55-a90484f67a99)] -> xpath: //table[@id='InsuredRelatedParty']/tbody/tr[@id='InsuredGuRelatedPartyVocation']/td/input[@name='InsuredGuRelatedPartyIndustryKindCode']] & Code=12006
2020/07/14 16:06:01:695 DEBUG com.sinosoft.test.base.TestBase:76 - Trying to find Element By : By.xpath: //table[@id='InsuredRelatedParty']/tbody/tr[@id='InsuredGuRelatedPartyVocation']/td/input[@name='InsuredGuRelatedPartyIndustryKindCode']
2020/07/14 16:06:01:780 DEBUG com.sinosoft.test.base.TestBase:80 - Found Element By : By.xpath: //table[@id='InsuredRelatedParty']/tbody/tr[@id='InsuredGuRelatedPartyVocation']/td/input[@name='InsuredGuRelatedPartyIndustryKindCode']
2020/07/14 16:06:02:162 DEBUG com.sinosoft.test.base.TestBase:76 - Trying to find Element By : By.xpath: //table[@id='InsuredRelatedParty']/tbody/tr[@id='InsuredGuRelatedPartyVocation']/td/input[@name='InsuredGuRelatedPartyIndustryKindCode']
2020/07/14 16:06:02:292 DEBUG com.sinosoft.test.base.TestBase:80 - Found Element By : By.xpath: //table[@id='InsuredRelatedParty']/tbody/tr[@id='InsuredGuRelatedPartyVocation']/td/input[@name='InsuredGuRelatedPartyIndustryKindCode']
2020/07/14 16:06:03:246 DEBUG com.sinosoft.test.base.TestBase:76 - Trying to find Element By : By.xpath: //table[@id='InsuredRelatedParty']/tbody/tr[@id='InsuredGuRelatedPartyVocation']/td/input[@name='InsuredGuRelatedPartyIndustryKindCode']
2020/07/14 16:06:03:329 DEBUG com.sinosoft.test.base.TestBase:80 - Found Element By : By.xpath: //table[@id='InsuredRelatedParty']/tbody/tr[@id='InsuredGuRelatedPartyVocation']/td/input[@name='InsuredGuRelatedPartyIndustryKindCode']
2020/07/14 16:06:03:329 DEBUG com.sinosoft.test.base.TestBase:76 - Trying to find Element By : By.xpath: ../input[last()]
2020/07/14 16:06:03:428 DEBUG com.sinosoft.test.base.TestBase:80 - Found Element By : By.xpath: ../input[last()]
2020/07/14 16:06:03:634  INFO com.sinosoft.test.base.TestBase:71 - SetCodeEditBox:找到了Code对应的文本显示框并点击触发显示:InsuredGuRelatedPartyIndustryKindCName
2020/07/14 16:06:03:634 DEBUG com.sinosoft.test.base.TestBase:42 - Trying to click on: [[[[InternetExplorerDriver: internet explorer on WINDOWS (aaee0258-44d8-46a4-be55-a90484f67a99)] -> xpath: //table[@id='InsuredRelatedParty']/tbody/tr[@id='InsuredGuRelatedPartyVocation']/td/input[@name='InsuredGuRelatedPartyIndustryKindCode']]] -> xpath: ../input[last()]]
2020/07/14 16:06:05:138 DEBUG com.sinosoft.test.base.TestBase:46 - Clicked on: [[[[InternetExplorerDriver: internet explorer on WINDOWS (aaee0258-44d8-46a4-be55-a90484f67a99)] -> xpath: //table[@id='InsuredRelatedParty']/tbody/tr[@id='InsuredGuRelatedPartyVocation']/td/input[@name='InsuredGuRelatedPartyIndustryKindCode']]] -> xpath: ../input[last()]]
2020/07/14 16:06:05:339 DEBUG com.sinosoft.test.base.TestBase:76 - Trying to find Element By : By.xpath: //table[@id='InsuredRelatedParty']/tbody/tr[@id='InsuredGuRelatedPartyVocation']/td/input[@name='InsuredGuRelatedPartyIndustryKindCode']
2020/07/14 16:06:05:423 DEBUG com.sinosoft.test.base.TestBase:80 - Found Element By : By.xpath: //table[@id='InsuredRelatedParty']/tbody/tr[@id='InsuredGuRelatedPartyVocation']/td/input[@name='InsuredGuRelatedPartyIndustryKindCode']
2020/07/14 16:06:05:425 DEBUG com.sinosoft.test.base.TestBase:87 - SetCodeEditBox:设置完毕[[InternetExplorerDriver: internet explorer on WINDOWS (aaee0258-44d8-46a4-be55-a90484f67a99)] -> xpath: //table[@id='InsuredRelatedParty']/tbody/tr[@id='InsuredGuRelatedPartyVocation']/td/input[@name='InsuredGuRelatedPartyIndustryKindCode']],设置值 Code=12006
2020/07/14 16:06:05:427  INFO com.sinosoft.test.base.TestBase:157 - 保存险种基本信息
2020/07/14 16:06:05:428 DEBUG com.sinosoft.test.base.TestBase:76 - Trying to find Element By : By.id: saveButton
2020/07/14 16:06:05:557 DEBUG com.sinosoft.test.base.TestBase:80 - Found Element By : By.id: saveButton
2020/07/14 16:06:05:557  INFO com.sinosoft.test.base.TestBase:416 - jsClickButton:[[InternetExplorerDriver: internet explorer on WINDOWS (aaee0258-44d8-46a4-be55-a90484f67a99)] -> id: saveButton]
2020/07/14 16:06:05:557 DEBUG com.sinosoft.test.base.TestBase:76 - Trying to find Element By : By.id: saveButton
2020/07/14 16:06:05:675 DEBUG com.sinosoft.test.base.TestBase:80 - Found Element By : By.id: saveButton
2020/07/14 16:06:05:675  INFO com.sinosoft.test.base.TestBase:144 - RunJavaScript:[[InternetExplorerDriver: internet explorer on WINDOWS (aaee0258-44d8-46a4-be55-a90484f67a99)] -> id: saveButton]	arguments[0].click();
2020/07/14 16:06:05:676 DEBUG com.sinosoft.test.base.TestBase:76 - Trying to find Element By : By.id: saveButton
2020/07/14 16:06:05:762 DEBUG com.sinosoft.test.base.TestBase:80 - Found Element By : By.id: saveButton
2020/07/14 16:06:07:072 DEBUG com.sinosoft.test.base.TestBase:69 - 初始化class com.sinosoft.test.fccp.tbcl.RiskDetail_insuredObjPage
2020/07/14 16:06:13:044 DEBUG com.sinosoft.test.base.TestBase:76 - Trying to find Element By : By.id: ItemPropertyDetail
2020/07/14 16:06:13:167 DEBUG com.sinosoft.test.base.TestBase:80 - Found Element By : By.id: ItemPropertyDetail
2020/07/14 16:06:13:168 DEBUG com.sinosoft.test.base.TestBase:213 - 进入保险标的信息页面对象！
2020/07/14 16:06:13:169  INFO com.sinosoft.test.base.TestBase:222 - 开始录入标的物信息！
2020/07/14 16:06:13:175 DEBUG com.sinosoft.test.base.TestBase:69 - 初始化class com.sinosoft.test.fccp.tbcl.InsuredObjectInfoPage_0101
2020/07/14 16:06:13:177 DEBUG com.sinosoft.test.base.TestBase:76 - Trying to find Element By : By.name: GuItemPropertyBlockCode
2020/07/14 16:06:13:309 DEBUG com.sinosoft.test.base.TestBase:80 - Found Element By : By.name: GuItemPropertyBlockCode
2020/07/14 16:06:13:310  INFO com.sinosoft.test.base.TestBase:30 - 开始录入标的物信息！
2020/07/14 16:06:13:311 DEBUG com.sinosoft.test.base.TestBase:76 - Trying to find Element By : By.name: GuItemPropertyBlockCode
2020/07/14 16:06:13:419 DEBUG com.sinosoft.test.base.TestBase:80 - Found Element By : By.name: GuItemPropertyBlockCode
2020/07/14 16:06:13:420  INFO com.sinosoft.test.base.TestBase:388 - setEditboxTValue:[[InternetExplorerDriver: internet explorer on WINDOWS (aaee0258-44d8-46a4-be55-a90484f67a99)] -> name: GuItemPropertyBlockCode]->121121123123
2020/07/14 16:06:13:420 DEBUG com.sinosoft.test.base.TestBase:76 - Trying to find Element By : By.name: GuItemPropertyBlockCode
2020/07/14 16:06:13:515 DEBUG com.sinosoft.test.base.TestBase:80 - Found Element By : By.name: GuItemPropertyBlockCode
2020/07/14 16:06:13:888 DEBUG com.sinosoft.test.base.TestBase:76 - Trying to find Element By : By.name: GuItemPropertyBlockCode
2020/07/14 16:06:14:025 DEBUG com.sinosoft.test.base.TestBase:80 - Found Element By : By.name: GuItemPropertyBlockCode
2020/07/14 16:06:19:716 DEBUG com.sinosoft.test.base.TestBase:76 - Trying to find Element By : By.name: GuItemPropertyCurrency
2020/07/14 16:06:19:865 DEBUG com.sinosoft.test.base.TestBase:80 - Found Element By : By.name: GuItemPropertyCurrency
2020/07/14 16:06:19:926 DEBUG com.sinosoft.test.base.TestBase:76 - Trying to find Element By : By.name: GuItemPropertyItemProvinceCode
2020/07/14 16:06:20:045 DEBUG com.sinosoft.test.base.TestBase:80 - Found Element By : By.name: GuItemPropertyItemProvinceCode
2020/07/14 16:06:20:084 DEBUG com.sinosoft.test.base.TestBase:76 - Trying to find Element By : By.name: GuItemPropertyItemProvinceCode
2020/07/14 16:06:20:220 DEBUG com.sinosoft.test.base.TestBase:80 - Found Element By : By.name: GuItemPropertyItemProvinceCode
2020/07/14 16:06:20:221 DEBUG com.sinosoft.test.base.TestBase:63 - SetCodeEditBox:开始设置:[[InternetExplorerDriver: internet explorer on WINDOWS (aaee0258-44d8-46a4-be55-a90484f67a99)] -> name: GuItemPropertyItemProvinceCode] & Code=130000
2020/07/14 16:06:20:221 DEBUG com.sinosoft.test.base.TestBase:76 - Trying to find Element By : By.name: GuItemPropertyItemProvinceCode
2020/07/14 16:06:20:340 DEBUG com.sinosoft.test.base.TestBase:80 - Found Element By : By.name: GuItemPropertyItemProvinceCode
2020/07/14 16:06:20:670 DEBUG com.sinosoft.test.base.TestBase:76 - Trying to find Element By : By.name: GuItemPropertyItemProvinceCode
2020/07/14 16:06:20:787 DEBUG com.sinosoft.test.base.TestBase:80 - Found Element By : By.name: GuItemPropertyItemProvinceCode
2020/07/14 16:06:21:655 DEBUG com.sinosoft.test.base.TestBase:76 - Trying to find Element By : By.name: GuItemPropertyItemProvinceCode
2020/07/14 16:06:21:776 DEBUG com.sinosoft.test.base.TestBase:80 - Found Element By : By.name: GuItemPropertyItemProvinceCode
2020/07/14 16:06:21:777 DEBUG com.sinosoft.test.base.TestBase:76 - Trying to find Element By : By.xpath: ../input[last()]
2020/07/14 16:06:21:859 DEBUG com.sinosoft.test.base.TestBase:80 - Found Element By : By.xpath: ../input[last()]
2020/07/14 16:06:22:046  INFO com.sinosoft.test.base.TestBase:71 - SetCodeEditBox:找到了Code对应的文本显示框并点击触发显示:GuItemPropertyItemProvinceCName
2020/07/14 16:06:22:047 DEBUG com.sinosoft.test.base.TestBase:42 - Trying to click on: [[[[InternetExplorerDriver: internet explorer on WINDOWS (aaee0258-44d8-46a4-be55-a90484f67a99)] -> name: GuItemPropertyItemProvinceCode]] -> xpath: ../input[last()]]
2020/07/14 16:06:23:407 DEBUG com.sinosoft.test.base.TestBase:46 - Clicked on: [[[[InternetExplorerDriver: internet explorer on WINDOWS (aaee0258-44d8-46a4-be55-a90484f67a99)] -> name: GuItemPropertyItemProvinceCode]] -> xpath: ../input[last()]]
2020/07/14 16:06:23:609 DEBUG com.sinosoft.test.base.TestBase:76 - Trying to find Element By : By.name: GuItemPropertyItemProvinceCode
2020/07/14 16:06:23:737 DEBUG com.sinosoft.test.base.TestBase:80 - Found Element By : By.name: GuItemPropertyItemProvinceCode
2020/07/14 16:06:23:738 DEBUG com.sinosoft.test.base.TestBase:87 - SetCodeEditBox:设置完毕[[InternetExplorerDriver: internet explorer on WINDOWS (aaee0258-44d8-46a4-be55-a90484f67a99)] -> name: GuItemPropertyItemProvinceCode],设置值 Code=130000
2020/07/14 16:06:23:740 DEBUG com.sinosoft.test.base.TestBase:76 - Trying to find Element By : By.name: GuItemPropertyItemCityCode
2020/07/14 16:06:23:880 DEBUG com.sinosoft.test.base.TestBase:80 - Found Element By : By.name: GuItemPropertyItemCityCode
2020/07/14 16:06:23:923 DEBUG com.sinosoft.test.base.TestBase:76 - Trying to find Element By : By.name: GuItemPropertyItemCityCode
2020/07/14 16:06:24:023 DEBUG com.sinosoft.test.base.TestBase:80 - Found Element By : By.name: GuItemPropertyItemCityCode
2020/07/14 16:06:24:024 DEBUG com.sinosoft.test.base.TestBase:63 - SetCodeEditBox:开始设置:[[InternetExplorerDriver: internet explorer on WINDOWS (aaee0258-44d8-46a4-be55-a90484f67a99)] -> name: GuItemPropertyItemCityCode] & Code=130300
2020/07/14 16:06:24:025 DEBUG com.sinosoft.test.base.TestBase:76 - Trying to find Element By : By.name: GuItemPropertyItemCityCode
2020/07/14 16:06:24:108 DEBUG com.sinosoft.test.base.TestBase:80 - Found Element By : By.name: GuItemPropertyItemCityCode
2020/07/14 16:06:24:523 DEBUG com.sinosoft.test.base.TestBase:76 - Trying to find Element By : By.name: GuItemPropertyItemCityCode
2020/07/14 16:06:24:644 DEBUG com.sinosoft.test.base.TestBase:80 - Found Element By : By.name: GuItemPropertyItemCityCode
2020/07/14 16:06:25:505 DEBUG com.sinosoft.test.base.TestBase:76 - Trying to find Element By : By.name: GuItemPropertyItemCityCode
2020/07/14 16:06:25:642 DEBUG com.sinosoft.test.base.TestBase:80 - Found Element By : By.name: GuItemPropertyItemCityCode
2020/07/14 16:06:25:644 DEBUG com.sinosoft.test.base.TestBase:76 - Trying to find Element By : By.xpath: ../input[last()]
2020/07/14 16:06:25:726 DEBUG com.sinosoft.test.base.TestBase:80 - Found Element By : By.xpath: ../input[last()]
2020/07/14 16:06:25:922  INFO com.sinosoft.test.base.TestBase:71 - SetCodeEditBox:找到了Code对应的文本显示框并点击触发显示:GuItemPropertyItemCityCName
2020/07/14 16:06:25:922 DEBUG com.sinosoft.test.base.TestBase:42 - Trying to click on: [[[[InternetExplorerDriver: internet explorer on WINDOWS (aaee0258-44d8-46a4-be55-a90484f67a99)] -> name: GuItemPropertyItemCityCode]] -> xpath: ../input[last()]]
2020/07/14 16:06:27:314 DEBUG com.sinosoft.test.base.TestBase:46 - Clicked on: [[[[InternetExplorerDriver: internet explorer on WINDOWS (aaee0258-44d8-46a4-be55-a90484f67a99)] -> name: GuItemPropertyItemCityCode]] -> xpath: ../input[last()]]
2020/07/14 16:06:27:515 DEBUG com.sinosoft.test.base.TestBase:76 - Trying to find Element By : By.name: GuItemPropertyItemCityCode
2020/07/14 16:06:27:668 DEBUG com.sinosoft.test.base.TestBase:80 - Found Element By : By.name: GuItemPropertyItemCityCode
2020/07/14 16:06:27:670 DEBUG com.sinosoft.test.base.TestBase:87 - SetCodeEditBox:设置完毕[[InternetExplorerDriver: internet explorer on WINDOWS (aaee0258-44d8-46a4-be55-a90484f67a99)] -> name: GuItemPropertyItemCityCode],设置值 Code=130300
2020/07/14 16:06:27:670 DEBUG com.sinosoft.test.base.TestBase:76 - Trying to find Element By : By.name: GuItemPropertyItemPostalCode
2020/07/14 16:06:27:777 DEBUG com.sinosoft.test.base.TestBase:80 - Found Element By : By.name: GuItemPropertyItemPostalCode
2020/07/14 16:06:27:777  INFO com.sinosoft.test.base.TestBase:360 - setEditboxValue:[[InternetExplorerDriver: internet explorer on WINDOWS (aaee0258-44d8-46a4-be55-a90484f67a99)] -> name: GuItemPropertyItemPostalCode]：065201
2020/07/14 16:06:27:778 DEBUG com.sinosoft.test.base.TestBase:76 - Trying to find Element By : By.name: GuItemPropertyItemPostalCode
2020/07/14 16:06:27:861 DEBUG com.sinosoft.test.base.TestBase:80 - Found Element By : By.name: GuItemPropertyItemPostalCode
2020/07/14 16:06:28:241 DEBUG com.sinosoft.test.base.TestBase:76 - Trying to find Element By : By.name: GuItemPropertyItemPostalCode
2020/07/14 16:06:28:347 DEBUG com.sinosoft.test.base.TestBase:80 - Found Element By : By.name: GuItemPropertyItemPostalCode
2020/07/14 16:06:29:020 DEBUG com.sinosoft.test.base.TestBase:76 - Trying to find Element By : By.name: GuItemPropertyItemPostalCode
2020/07/14 16:06:29:114 DEBUG com.sinosoft.test.base.TestBase:80 - Found Element By : By.name: GuItemPropertyItemPostalCode
2020/07/14 16:06:29:114  INFO com.sinosoft.test.base.TestBase:363 - setEditboxValue—End:[[InternetExplorerDriver: internet explorer on WINDOWS (aaee0258-44d8-46a4-be55-a90484f67a99)] -> name: GuItemPropertyItemPostalCode]：065201
2020/07/14 16:06:29:114 DEBUG com.sinosoft.test.base.TestBase:76 - Trying to find Element By : By.name: GuItemPropertyConstruction
2020/07/14 16:06:29:214 DEBUG com.sinosoft.test.base.TestBase:80 - Found Element By : By.name: GuItemPropertyConstruction
2020/07/14 16:06:29:259 DEBUG com.sinosoft.test.base.TestBase:76 - Trying to find Element By : By.name: GuItemPropertySituation
2020/07/14 16:06:29:389 DEBUG com.sinosoft.test.base.TestBase:80 - Found Element By : By.name: GuItemPropertySituation
2020/07/14 16:06:29:390  INFO com.sinosoft.test.base.TestBase:360 - setEditboxValue:[[InternetExplorerDriver: internet explorer on WINDOWS (aaee0258-44d8-46a4-be55-a90484f67a99)] -> name: GuItemPropertySituation]：北戴河公园
2020/07/14 16:06:29:390 DEBUG com.sinosoft.test.base.TestBase:76 - Trying to find Element By : By.name: GuItemPropertySituation
2020/07/14 16:06:29:497 DEBUG com.sinosoft.test.base.TestBase:80 - Found Element By : By.name: GuItemPropertySituation
2020/07/14 16:06:29:873 DEBUG com.sinosoft.test.base.TestBase:76 - Trying to find Element By : By.name: GuItemPropertySituation
2020/07/14 16:06:30:005 DEBUG com.sinosoft.test.base.TestBase:80 - Found Element By : By.name: GuItemPropertySituation
2020/07/14 16:06:30:720 DEBUG com.sinosoft.test.base.TestBase:76 - Trying to find Element By : By.name: GuItemPropertySituation
2020/07/14 16:06:30:813 DEBUG com.sinosoft.test.base.TestBase:80 - Found Element By : By.name: GuItemPropertySituation
2020/07/14 16:06:30:813  INFO com.sinosoft.test.base.TestBase:363 - setEditboxValue—End:[[InternetExplorerDriver: internet explorer on WINDOWS (aaee0258-44d8-46a4-be55-a90484f67a99)] -> name: GuItemPropertySituation]：北戴河公园
2020/07/14 16:06:30:814 DEBUG com.sinosoft.test.base.TestBase:232 - 开始录入险种明细信息
2020/07/14 16:06:30:816 DEBUG com.sinosoft.test.base.TestBase:76 - Trying to find Element By : By.id: ItemPropertyDetail
2020/07/14 16:06:30:911 DEBUG com.sinosoft.test.base.TestBase:80 - Found Element By : By.id: ItemPropertyDetail
2020/07/14 16:06:30:911  INFO com.sinosoft.test.base.TestBase:406 - clickElement:[[InternetExplorerDriver: internet explorer on WINDOWS (aaee0258-44d8-46a4-be55-a90484f67a99)] -> id: ItemPropertyDetail]
2020/07/14 16:06:30:913 DEBUG com.sinosoft.test.base.TestBase:76 - Trying to find Element By : By.id: ItemPropertyDetail
2020/07/14 16:06:31:029 DEBUG com.sinosoft.test.base.TestBase:80 - Found Element By : By.id: ItemPropertyDetail
2020/07/14 16:06:31:029 DEBUG com.sinosoft.test.base.TestBase:42 - Trying to click on: [[InternetExplorerDriver: internet explorer on WINDOWS (aaee0258-44d8-46a4-be55-a90484f67a99)] -> id: ItemPropertyDetail]
2020/07/14 16:06:32:773 DEBUG com.sinosoft.test.base.TestBase:46 - Clicked on: [[InternetExplorerDriver: internet explorer on WINDOWS (aaee0258-44d8-46a4-be55-a90484f67a99)] -> id: ItemPropertyDetail]
2020/07/14 16:06:32:773 DEBUG com.sinosoft.test.base.TestBase:76 - Trying to find Element By : By.id: ItemPropertyDetail
2020/07/14 16:06:32:866 DEBUG com.sinosoft.test.base.TestBase:80 - Found Element By : By.id: ItemPropertyDetail
2020/07/14 16:06:32:867 DEBUG com.sinosoft.test.base.TestBase:76 - Trying to find Element By : By.name: GuItemPropertyDetailItemDetailCode
2020/07/14 16:06:32:966 DEBUG com.sinosoft.test.base.TestBase:80 - Found Element By : By.name: GuItemPropertyDetailItemDetailCode
2020/07/14 16:06:32:967 DEBUG com.sinosoft.test.base.TestBase:76 - Trying to find Element By : By.id: ItemPropertyDetail
2020/07/14 16:06:33:048 DEBUG com.sinosoft.test.base.TestBase:80 - Found Element By : By.id: ItemPropertyDetail
2020/07/14 16:06:33:049 DEBUG com.sinosoft.test.base.TestBase:76 - Trying to find Element By : By.name: GuItemPropertyDetailItemDetailList
2020/07/14 16:06:33:137 DEBUG com.sinosoft.test.base.TestBase:80 - Found Element By : By.name: GuItemPropertyDetailItemDetailList
2020/07/14 16:06:33:179 DEBUG com.sinosoft.test.base.TestBase:42 - CodeSelect:开始设置[[[[InternetExplorerDriver: internet explorer on WINDOWS (aaee0258-44d8-46a4-be55-a90484f67a99)] -> id: ItemPropertyDetail]] -> name: GuItemPropertyDetailItemDetailCode] & Code=010001
2020/07/14 16:06:34:623 DEBUG com.sinosoft.test.base.TestBase:272 - 系统窗口【黄河财险业务系统】with handle -c26314e9-d5ef-4ec5-9e15-9748e65134c5
2020/07/14 16:06:35:300 DEBUG com.sinosoft.test.base.TestBase:272 - 系统窗口【黄河财险业务系统】with handle -c26314e9-d5ef-4ec5-9e15-9748e65134c5
2020/07/14 16:06:35:937 DEBUG com.sinosoft.test.base.TestBase:272 - 系统窗口【Code Select】with handle -8f3fc424-01e9-4e8e-bbd6-c5cf8f726bb1
2020/07/14 16:06:36:470 DEBUG com.sinosoft.test.base.TestBase:69 - 初始化class com.sinosoft.test.fccp.common.CodeSelectPage
2020/07/14 16:06:36:471 DEBUG com.sinosoft.test.base.TestBase:39 - 基础码表选择！
2020/07/14 16:06:36:471 DEBUG com.sinosoft.test.base.TestBase:76 - Trying to find Element By : By.name: fieldValue
2020/07/14 16:06:36:790 DEBUG com.sinosoft.test.base.TestBase:80 - Found Element By : By.name: fieldValue
2020/07/14 16:06:36:791  INFO com.sinosoft.test.base.TestBase:360 - setEditboxValue:[[InternetExplorerDriver: internet explorer on WINDOWS (aaee0258-44d8-46a4-be55-a90484f67a99)] -> name: fieldValue]：010001
2020/07/14 16:06:38:319  INFO com.sinosoft.test.base.TestBase:363 - setEditboxValue—End:[[InternetExplorerDriver: internet explorer on WINDOWS (aaee0258-44d8-46a4-be55-a90484f67a99)] -> name: fieldValue]：010001
2020/07/14 16:06:38:319 DEBUG com.sinosoft.test.base.TestBase:76 - Trying to find Element By : By.xpath: //input[@value='查询(Q)']
2020/07/14 16:06:38:632 DEBUG com.sinosoft.test.base.TestBase:80 - Found Element By : By.xpath: //input[@value='查询(Q)']
2020/07/14 16:06:38:633  INFO com.sinosoft.test.base.TestBase:402 - clickButton:[[InternetExplorerDriver: internet explorer on WINDOWS (aaee0258-44d8-46a4-be55-a90484f67a99)] -> xpath: //input[@value='查询(Q)']]
2020/07/14 16:06:38:633 DEBUG com.sinosoft.test.base.TestBase:42 - Trying to click on: [[InternetExplorerDriver: internet explorer on WINDOWS (aaee0258-44d8-46a4-be55-a90484f67a99)] -> xpath: //input[@value='查询(Q)']]
2020/07/14 16:06:40:278 DEBUG com.sinosoft.test.base.TestBase:46 - Clicked on: [[InternetExplorerDriver: internet explorer on WINDOWS (aaee0258-44d8-46a4-be55-a90484f67a99)] -> xpath: //input[@value='查询(Q)']]
2020/07/14 16:06:40:278 DEBUG com.sinosoft.test.base.TestBase:76 - Trying to find Element By : By.name: codeselect
2020/07/14 16:06:40:601 DEBUG com.sinosoft.test.base.TestBase:80 - Found Element By : By.name: codeselect
2020/07/14 16:06:40:602  INFO com.sinosoft.test.base.TestBase:132 - setFuzzySelect:[[InternetExplorerDriver: internet explorer on WINDOWS (aaee0258-44d8-46a4-be55-a90484f67a99)] -> name: codeselect]->010001
2020/07/14 16:06:41:173 DEBUG com.sinosoft.test.base.TestBase:76 - Trying to find Element By : By.tagName: option
2020/07/14 16:06:41:503 DEBUG com.sinosoft.test.base.TestBase:80 - Found Element By : By.tagName: option
2020/07/14 16:06:41:818  INFO com.sinosoft.test.base.TestBase:142 - 找到匹配【010001】的选项：010001--固定资产
2020/07/14 16:06:41:818 DEBUG com.sinosoft.test.base.TestBase:76 - Trying to find Element By : By.xpath: .//option[normalize-space(.) = "010001--固定资产"]
2020/07/14 16:06:42:146 DEBUG com.sinosoft.test.base.TestBase:80 - Found Element By : By.xpath: .//option[normalize-space(.) = "010001--固定资产"]
2020/07/14 16:06:42:468 DEBUG com.sinosoft.test.base.TestBase:42 - Trying to click on: [[[[InternetExplorerDriver: internet explorer on WINDOWS (aaee0258-44d8-46a4-be55-a90484f67a99)] -> name: codeselect]] -> xpath: .//option[normalize-space(.) = "010001--固定资产"]]
2020/07/14 16:06:42:967 DEBUG com.sinosoft.test.base.TestBase:46 - Clicked on: [[[[InternetExplorerDriver: internet explorer on WINDOWS (aaee0258-44d8-46a4-be55-a90484f67a99)] -> name: codeselect]] -> xpath: .//option[normalize-space(.) = "010001--固定资产"]]
2020/07/14 16:06:42:967 DEBUG com.sinosoft.test.base.TestBase:151 - setFuzzySelect 结束！
2020/07/14 16:06:42:967 DEBUG com.sinosoft.test.base.TestBase:76 - Trying to find Element By : By.name: SelectIt
2020/07/14 16:06:43:259 DEBUG com.sinosoft.test.base.TestBase:80 - Found Element By : By.name: SelectIt
2020/07/14 16:06:43:259  INFO com.sinosoft.test.base.TestBase:416 - jsClickButton:[[InternetExplorerDriver: internet explorer on WINDOWS (aaee0258-44d8-46a4-be55-a90484f67a99)] -> name: SelectIt]
2020/07/14 16:06:43:259  INFO com.sinosoft.test.base.TestBase:144 - RunJavaScript:[[InternetExplorerDriver: internet explorer on WINDOWS (aaee0258-44d8-46a4-be55-a90484f67a99)] -> name: SelectIt]	arguments[0].click();
2020/07/14 16:06:44:126 DEBUG com.sinosoft.test.base.TestBase:272 - 系统窗口【黄河财险业务系统】with handle -c26314e9-d5ef-4ec5-9e15-9748e65134c5
2020/07/14 16:06:49:331 DEBUG com.sinosoft.test.base.TestBase:49 - CodeSelect:设置完毕[[[[InternetExplorerDriver: internet explorer on WINDOWS (aaee0258-44d8-46a4-be55-a90484f67a99)] -> id: ItemPropertyDetail]] -> name: GuItemPropertyDetailItemDetailCode] & Code=010001
2020/07/14 16:06:49:331  INFO com.sinosoft.test.base.TestBase:360 - setEditboxValue:[[[[InternetExplorerDriver: internet explorer on WINDOWS (aaee0258-44d8-46a4-be55-a90484f67a99)] -> id: ItemPropertyDetail]] -> name: GuItemPropertyDetailItemDetailList]：碣石公园礁石群
2020/07/14 16:06:50:229  INFO com.sinosoft.test.base.TestBase:363 - setEditboxValue—End:[[[[InternetExplorerDriver: internet explorer on WINDOWS (aaee0258-44d8-46a4-be55-a90484f67a99)] -> id: ItemPropertyDetail]] -> name: GuItemPropertyDetailItemDetailList]：碣石公园礁石群
2020/07/14 16:06:50:230 DEBUG com.sinosoft.test.base.TestBase:76 - Trying to find Element By : By.id: ItemPropertyDetail
2020/07/14 16:06:50:405 DEBUG com.sinosoft.test.base.TestBase:80 - Found Element By : By.id: ItemPropertyDetail
2020/07/14 16:06:50:406 DEBUG com.sinosoft.test.base.TestBase:76 - Trying to find Element By : By.name: GuItemKindKindCode
2020/07/14 16:06:50:502 DEBUG com.sinosoft.test.base.TestBase:80 - Found Element By : By.name: GuItemKindKindCode
2020/07/14 16:06:50:553 DEBUG com.sinosoft.test.base.TestBase:42 - CodeSelect:开始设置[[[[InternetExplorerDriver: internet explorer on WINDOWS (aaee0258-44d8-46a4-be55-a90484f67a99)] -> id: ItemPropertyDetail]] -> name: GuItemKindKindCode] & Code=0101001
2020/07/14 16:06:52:119 DEBUG com.sinosoft.test.base.TestBase:272 - 系统窗口【黄河财险业务系统】with handle -c26314e9-d5ef-4ec5-9e15-9748e65134c5
2020/07/14 16:06:52:798 DEBUG com.sinosoft.test.base.TestBase:272 - 系统窗口【黄河财险业务系统】with handle -c26314e9-d5ef-4ec5-9e15-9748e65134c5
2020/07/14 16:06:53:443 DEBUG com.sinosoft.test.base.TestBase:272 - 系统窗口【Code Select】with handle -eb7607ff-b472-4974-9541-c75aada9ce50
2020/07/14 16:06:53:976 DEBUG com.sinosoft.test.base.TestBase:69 - 初始化class com.sinosoft.test.fccp.common.CodeSelectPage
2020/07/14 16:06:53:979 DEBUG com.sinosoft.test.base.TestBase:39 - 基础码表选择！
2020/07/14 16:06:53:981 DEBUG com.sinosoft.test.base.TestBase:76 - Trying to find Element By : By.name: fieldValue
2020/07/14 16:06:54:323 DEBUG com.sinosoft.test.base.TestBase:80 - Found Element By : By.name: fieldValue
2020/07/14 16:06:54:324  INFO com.sinosoft.test.base.TestBase:360 - setEditboxValue:[[InternetExplorerDriver: internet explorer on WINDOWS (aaee0258-44d8-46a4-be55-a90484f67a99)] -> name: fieldValue]：0101001
2020/07/14 16:06:55:683  INFO com.sinosoft.test.base.TestBase:363 - setEditboxValue—End:[[InternetExplorerDriver: internet explorer on WINDOWS (aaee0258-44d8-46a4-be55-a90484f67a99)] -> name: fieldValue]：0101001
2020/07/14 16:06:55:684 DEBUG com.sinosoft.test.base.TestBase:76 - Trying to find Element By : By.xpath: //input[@value='查询(Q)']
2020/07/14 16:06:55:982 DEBUG com.sinosoft.test.base.TestBase:80 - Found Element By : By.xpath: //input[@value='查询(Q)']
2020/07/14 16:06:55:983  INFO com.sinosoft.test.base.TestBase:402 - clickButton:[[InternetExplorerDriver: internet explorer on WINDOWS (aaee0258-44d8-46a4-be55-a90484f67a99)] -> xpath: //input[@value='查询(Q)']]
2020/07/14 16:06:55:983 DEBUG com.sinosoft.test.base.TestBase:42 - Trying to click on: [[InternetExplorerDriver: internet explorer on WINDOWS (aaee0258-44d8-46a4-be55-a90484f67a99)] -> xpath: //input[@value='查询(Q)']]
2020/07/14 16:06:57:618 DEBUG com.sinosoft.test.base.TestBase:46 - Clicked on: [[InternetExplorerDriver: internet explorer on WINDOWS (aaee0258-44d8-46a4-be55-a90484f67a99)] -> xpath: //input[@value='查询(Q)']]
2020/07/14 16:06:57:619 DEBUG com.sinosoft.test.base.TestBase:76 - Trying to find Element By : By.name: codeselect
2020/07/14 16:06:57:931 DEBUG com.sinosoft.test.base.TestBase:80 - Found Element By : By.name: codeselect
2020/07/14 16:06:57:932  INFO com.sinosoft.test.base.TestBase:132 - setFuzzySelect:[[InternetExplorerDriver: internet explorer on WINDOWS (aaee0258-44d8-46a4-be55-a90484f67a99)] -> name: codeselect]->0101001
2020/07/14 16:06:58:522 DEBUG com.sinosoft.test.base.TestBase:76 - Trying to find Element By : By.tagName: option
2020/07/14 16:06:58:868 DEBUG com.sinosoft.test.base.TestBase:80 - Found Element By : By.tagName: option
2020/07/14 16:06:59:185  INFO com.sinosoft.test.base.TestBase:142 - 找到匹配【0101001】的选项：0101001--财产基本险（2019版）
2020/07/14 16:06:59:186 DEBUG com.sinosoft.test.base.TestBase:76 - Trying to find Element By : By.xpath: .//option[normalize-space(.) = "0101001--财产基本险（2019版）"]
2020/07/14 16:06:59:519 DEBUG com.sinosoft.test.base.TestBase:80 - Found Element By : By.xpath: .//option[normalize-space(.) = "0101001--财产基本险（2019版）"]
2020/07/14 16:06:59:823 DEBUG com.sinosoft.test.base.TestBase:42 - Trying to click on: [[[[InternetExplorerDriver: internet explorer on WINDOWS (aaee0258-44d8-46a4-be55-a90484f67a99)] -> name: codeselect]] -> xpath: .//option[normalize-space(.) = "0101001--财产基本险（2019版）"]]
2020/07/14 16:07:00:335 DEBUG com.sinosoft.test.base.TestBase:46 - Clicked on: [[[[InternetExplorerDriver: internet explorer on WINDOWS (aaee0258-44d8-46a4-be55-a90484f67a99)] -> name: codeselect]] -> xpath: .//option[normalize-space(.) = "0101001--财产基本险（2019版）"]]
2020/07/14 16:07:00:335 DEBUG com.sinosoft.test.base.TestBase:151 - setFuzzySelect 结束！
2020/07/14 16:07:00:335 DEBUG com.sinosoft.test.base.TestBase:76 - Trying to find Element By : By.name: SelectIt
2020/07/14 16:07:00:637 DEBUG com.sinosoft.test.base.TestBase:80 - Found Element By : By.name: SelectIt
2020/07/14 16:07:00:637  INFO com.sinosoft.test.base.TestBase:416 - jsClickButton:[[InternetExplorerDriver: internet explorer on WINDOWS (aaee0258-44d8-46a4-be55-a90484f67a99)] -> name: SelectIt]
2020/07/14 16:07:00:638  INFO com.sinosoft.test.base.TestBase:144 - RunJavaScript:[[InternetExplorerDriver: internet explorer on WINDOWS (aaee0258-44d8-46a4-be55-a90484f67a99)] -> name: SelectIt]	arguments[0].click();
2020/07/14 16:07:01:491 DEBUG com.sinosoft.test.base.TestBase:272 - 系统窗口【黄河财险业务系统】with handle -c26314e9-d5ef-4ec5-9e15-9748e65134c5
2020/07/14 16:07:06:988 DEBUG com.sinosoft.test.base.TestBase:49 - CodeSelect:设置完毕[[[[InternetExplorerDriver: internet explorer on WINDOWS (aaee0258-44d8-46a4-be55-a90484f67a99)] -> id: ItemPropertyDetail]] -> name: GuItemKindKindCode] & Code=0101001
2020/07/14 16:07:06:988 DEBUG com.sinosoft.test.base.TestBase:76 - Trying to find Element By : By.id: ItemPropertyDetail
2020/07/14 16:07:07:114 DEBUG com.sinosoft.test.base.TestBase:80 - Found Element By : By.id: ItemPropertyDetail
2020/07/14 16:07:07:114 DEBUG com.sinosoft.test.base.TestBase:76 - Trying to find Element By : By.name: GuItemKindCalculateInd
2020/07/14 16:07:07:257 DEBUG com.sinosoft.test.base.TestBase:80 - Found Element By : By.name: GuItemKindCalculateInd
2020/07/14 16:07:07:310 DEBUG com.sinosoft.test.base.TestBase:76 - Trying to find Element By : By.id: ItemPropertyDetail
2020/07/14 16:07:07:484 DEBUG com.sinosoft.test.base.TestBase:80 - Found Element By : By.id: ItemPropertyDetail
2020/07/14 16:07:07:485 DEBUG com.sinosoft.test.base.TestBase:76 - Trying to find Element By : By.name: GuItemKindValueType
2020/07/14 16:07:07:608 DEBUG com.sinosoft.test.base.TestBase:80 - Found Element By : By.name: GuItemKindValueType
2020/07/14 16:07:07:610  INFO com.sinosoft.test.base.TestBase:96 - setSelectWithStartText:[[[[InternetExplorerDriver: internet explorer on WINDOWS (aaee0258-44d8-46a4-be55-a90484f67a99)] -> id: ItemPropertyDetail]] -> name: GuItemKindValueType]->10
2020/07/14 16:07:07:723 DEBUG com.sinosoft.test.base.TestBase:76 - Trying to find Element By : By.tagName: option
2020/07/14 16:07:08:207 DEBUG com.sinosoft.test.base.TestBase:80 - Found Element By : By.tagName: option
2020/07/14 16:07:08:535  INFO com.sinosoft.test.base.TestBase:114 - 找到匹配【10】的选项：10-出险时市场价值
2020/07/14 16:07:08:536 DEBUG com.sinosoft.test.base.TestBase:76 - Trying to find Element By : By.xpath: .//option[normalize-space(.) = "10-出险时市场价值"]
2020/07/14 16:07:08:642 DEBUG com.sinosoft.test.base.TestBase:80 - Found Element By : By.xpath: .//option[normalize-space(.) = "10-出险时市场价值"]
2020/07/14 16:07:08:693 DEBUG com.sinosoft.test.base.TestBase:42 - Trying to click on: [[[[[[InternetExplorerDriver: internet explorer on WINDOWS (aaee0258-44d8-46a4-be55-a90484f67a99)] -> id: ItemPropertyDetail]] -> name: GuItemKindValueType]] -> xpath: .//option[normalize-space(.) = "10-出险时市场价值"]]
2020/07/14 16:07:09:079 DEBUG com.sinosoft.test.base.TestBase:46 - Clicked on: [[[[[[InternetExplorerDriver: internet explorer on WINDOWS (aaee0258-44d8-46a4-be55-a90484f67a99)] -> id: ItemPropertyDetail]] -> name: GuItemKindValueType]] -> xpath: .//option[normalize-space(.) = "10-出险时市场价值"]]
2020/07/14 16:07:09:079 DEBUG com.sinosoft.test.base.TestBase:123 - setSelectWithStartText 结束！
2020/07/14 16:07:09:079 DEBUG com.sinosoft.test.base.TestBase:76 - Trying to find Element By : By.id: ItemPropertyDetail
2020/07/14 16:07:09:230 DEBUG com.sinosoft.test.base.TestBase:80 - Found Element By : By.id: ItemPropertyDetail
2020/07/14 16:07:09:230 DEBUG com.sinosoft.test.base.TestBase:76 - Trying to find Element By : By.name: GuItemKindSumInsured
2020/07/14 16:07:09:335 DEBUG com.sinosoft.test.base.TestBase:80 - Found Element By : By.name: GuItemKindSumInsured
2020/07/14 16:07:09:337  INFO com.sinosoft.test.base.TestBase:360 - setEditboxValue:[[[[InternetExplorerDriver: internet explorer on WINDOWS (aaee0258-44d8-46a4-be55-a90484f67a99)] -> id: ItemPropertyDetail]] -> name: GuItemKindSumInsured]：2000000
2020/07/14 16:07:10:555  INFO com.sinosoft.test.base.TestBase:363 - setEditboxValue—End:[[[[InternetExplorerDriver: internet explorer on WINDOWS (aaee0258-44d8-46a4-be55-a90484f67a99)] -> id: ItemPropertyDetail]] -> name: GuItemKindSumInsured]：2000000
2020/07/14 16:07:10:555 DEBUG com.sinosoft.test.base.TestBase:76 - Trying to find Element By : By.xpath: //table[@id='ItemPropertyDetailKind']/tbody/tr/td/input[@name='GuItemKindRate']
2020/07/14 16:07:10:705 DEBUG com.sinosoft.test.base.TestBase:80 - Found Element By : By.xpath: //table[@id='ItemPropertyDetailKind']/tbody/tr/td/input[@name='GuItemKindRate']
2020/07/14 16:07:10:705  INFO com.sinosoft.test.base.TestBase:388 - setEditboxTValue:[[InternetExplorerDriver: internet explorer on WINDOWS (aaee0258-44d8-46a4-be55-a90484f67a99)] -> xpath: //table[@id='ItemPropertyDetailKind']/tbody/tr/td/input[@name='GuItemKindRate']]->0.5
2020/07/14 16:07:10:705 DEBUG com.sinosoft.test.base.TestBase:76 - Trying to find Element By : By.xpath: //table[@id='ItemPropertyDetailKind']/tbody/tr/td/input[@name='GuItemKindRate']
2020/07/14 16:07:10:767 DEBUG com.sinosoft.test.base.TestBase:80 - Found Element By : By.xpath: //table[@id='ItemPropertyDetailKind']/tbody/tr/td/input[@name='GuItemKindRate']
2020/07/14 16:07:11:250 DEBUG com.sinosoft.test.base.TestBase:76 - Trying to find Element By : By.xpath: //table[@id='ItemPropertyDetailKind']/tbody/tr/td/input[@name='GuItemKindRate']
2020/07/14 16:07:11:345 DEBUG com.sinosoft.test.base.TestBase:80 - Found Element By : By.xpath: //table[@id='ItemPropertyDetailKind']/tbody/tr/td/input[@name='GuItemKindRate']
2020/07/14 16:07:17:009 DEBUG com.sinosoft.test.base.TestBase:76 - Trying to find Element By : By.xpath: //table[@id='ItemPropertyDetailKind']/tbody/tr/td/input[@name='GuItemKindShortRateFlag']
2020/07/14 16:07:17:108 DEBUG com.sinosoft.test.base.TestBase:80 - Found Element By : By.xpath: //table[@id='ItemPropertyDetailKind']/tbody/tr/td/input[@name='GuItemKindShortRateFlag']
2020/07/14 16:07:17:154 DEBUG com.sinosoft.test.base.TestBase:76 - Trying to find Element By : By.xpath: //table[@id='ItemPropertyDetailKind']/tbody/tr/td/input[@name='GuItemKindShortRateFlag']
2020/07/14 16:07:17:274 DEBUG com.sinosoft.test.base.TestBase:80 - Found Element By : By.xpath: //table[@id='ItemPropertyDetailKind']/tbody/tr/td/input[@name='GuItemKindShortRateFlag']
2020/07/14 16:07:17:275 DEBUG com.sinosoft.test.base.TestBase:42 - CodeSelect:开始设置[[InternetExplorerDriver: internet explorer on WINDOWS (aaee0258-44d8-46a4-be55-a90484f67a99)] -> xpath: //table[@id='ItemPropertyDetailKind']/tbody/tr/td/input[@name='GuItemKindShortRateFlag']] & Code=2
2020/07/14 16:07:17:277 DEBUG com.sinosoft.test.base.TestBase:76 - Trying to find Element By : By.xpath: //table[@id='ItemPropertyDetailKind']/tbody/tr/td/input[@name='GuItemKindShortRateFlag']
2020/07/14 16:07:17:371 DEBUG com.sinosoft.test.base.TestBase:80 - Found Element By : By.xpath: //table[@id='ItemPropertyDetailKind']/tbody/tr/td/input[@name='GuItemKindShortRateFlag']
2020/07/14 16:07:19:081 DEBUG com.sinosoft.test.base.TestBase:272 - 系统窗口【黄河财险业务系统】with handle -c26314e9-d5ef-4ec5-9e15-9748e65134c5
2020/07/14 16:07:19:798 DEBUG com.sinosoft.test.base.TestBase:272 - 系统窗口【黄河财险业务系统】with handle -c26314e9-d5ef-4ec5-9e15-9748e65134c5
2020/07/14 16:07:20:446 DEBUG com.sinosoft.test.base.TestBase:272 - 系统窗口【Code Select】with handle -dca5f2d2-1df7-47c6-aa14-c58c5e9ea37f
2020/07/14 16:07:20:971 DEBUG com.sinosoft.test.base.TestBase:69 - 初始化class com.sinosoft.test.fccp.common.CodeSelectPage
2020/07/14 16:07:20:972 DEBUG com.sinosoft.test.base.TestBase:39 - 基础码表选择！
2020/07/14 16:07:20:974 DEBUG com.sinosoft.test.base.TestBase:76 - Trying to find Element By : By.name: fieldValue
2020/07/14 16:07:21:279 DEBUG com.sinosoft.test.base.TestBase:80 - Found Element By : By.name: fieldValue
2020/07/14 16:07:21:280  INFO com.sinosoft.test.base.TestBase:360 - setEditboxValue:[[InternetExplorerDriver: internet explorer on WINDOWS (aaee0258-44d8-46a4-be55-a90484f67a99)] -> name: fieldValue]：2
2020/07/14 16:07:22:665  INFO com.sinosoft.test.base.TestBase:363 - setEditboxValue—End:[[InternetExplorerDriver: internet explorer on WINDOWS (aaee0258-44d8-46a4-be55-a90484f67a99)] -> name: fieldValue]：2
2020/07/14 16:07:22:665 DEBUG com.sinosoft.test.base.TestBase:76 - Trying to find Element By : By.xpath: //input[@value='查询(Q)']
2020/07/14 16:07:22:983 DEBUG com.sinosoft.test.base.TestBase:80 - Found Element By : By.xpath: //input[@value='查询(Q)']
2020/07/14 16:07:22:984  INFO com.sinosoft.test.base.TestBase:402 - clickButton:[[InternetExplorerDriver: internet explorer on WINDOWS (aaee0258-44d8-46a4-be55-a90484f67a99)] -> xpath: //input[@value='查询(Q)']]
2020/07/14 16:07:22:984 DEBUG com.sinosoft.test.base.TestBase:42 - Trying to click on: [[InternetExplorerDriver: internet explorer on WINDOWS (aaee0258-44d8-46a4-be55-a90484f67a99)] -> xpath: //input[@value='查询(Q)']]
2020/07/14 16:07:24:613 DEBUG com.sinosoft.test.base.TestBase:46 - Clicked on: [[InternetExplorerDriver: internet explorer on WINDOWS (aaee0258-44d8-46a4-be55-a90484f67a99)] -> xpath: //input[@value='查询(Q)']]
2020/07/14 16:07:24:613 DEBUG com.sinosoft.test.base.TestBase:76 - Trying to find Element By : By.name: codeselect
2020/07/14 16:07:24:929 DEBUG com.sinosoft.test.base.TestBase:80 - Found Element By : By.name: codeselect
2020/07/14 16:07:24:930  INFO com.sinosoft.test.base.TestBase:132 - setFuzzySelect:[[InternetExplorerDriver: internet explorer on WINDOWS (aaee0258-44d8-46a4-be55-a90484f67a99)] -> name: codeselect]->2
2020/07/14 16:07:25:497 DEBUG com.sinosoft.test.base.TestBase:76 - Trying to find Element By : By.tagName: option
2020/07/14 16:07:25:830 DEBUG com.sinosoft.test.base.TestBase:80 - Found Element By : By.tagName: option
2020/07/14 16:07:26:139  INFO com.sinosoft.test.base.TestBase:142 - 找到匹配【2】的选项：2--月比例
2020/07/14 16:07:26:140 DEBUG com.sinosoft.test.base.TestBase:76 - Trying to find Element By : By.xpath: .//option[normalize-space(.) = "2--月比例"]
2020/07/14 16:07:26:474 DEBUG com.sinosoft.test.base.TestBase:80 - Found Element By : By.xpath: .//option[normalize-space(.) = "2--月比例"]
2020/07/14 16:07:26:797 DEBUG com.sinosoft.test.base.TestBase:42 - Trying to click on: [[[[InternetExplorerDriver: internet explorer on WINDOWS (aaee0258-44d8-46a4-be55-a90484f67a99)] -> name: codeselect]] -> xpath: .//option[normalize-space(.) = "2--月比例"]]
2020/07/14 16:07:27:280 DEBUG com.sinosoft.test.base.TestBase:46 - Clicked on: [[[[InternetExplorerDriver: internet explorer on WINDOWS (aaee0258-44d8-46a4-be55-a90484f67a99)] -> name: codeselect]] -> xpath: .//option[normalize-space(.) = "2--月比例"]]
2020/07/14 16:07:27:281 DEBUG com.sinosoft.test.base.TestBase:151 - setFuzzySelect 结束！
2020/07/14 16:07:27:281 DEBUG com.sinosoft.test.base.TestBase:76 - Trying to find Element By : By.name: SelectIt
2020/07/14 16:07:27:589 DEBUG com.sinosoft.test.base.TestBase:80 - Found Element By : By.name: SelectIt
2020/07/14 16:07:27:590  INFO com.sinosoft.test.base.TestBase:416 - jsClickButton:[[InternetExplorerDriver: internet explorer on WINDOWS (aaee0258-44d8-46a4-be55-a90484f67a99)] -> name: SelectIt]
2020/07/14 16:07:27:590  INFO com.sinosoft.test.base.TestBase:144 - RunJavaScript:[[InternetExplorerDriver: internet explorer on WINDOWS (aaee0258-44d8-46a4-be55-a90484f67a99)] -> name: SelectIt]	arguments[0].click();
2020/07/14 16:07:28:452 DEBUG com.sinosoft.test.base.TestBase:272 - 系统窗口【黄河财险业务系统】with handle -c26314e9-d5ef-4ec5-9e15-9748e65134c5
2020/07/14 16:07:34:151 DEBUG com.sinosoft.test.base.TestBase:76 - Trying to find Element By : By.xpath: //table[@id='ItemPropertyDetailKind']/tbody/tr/td/input[@name='GuItemKindShortRateFlag']
2020/07/14 16:07:34:244 DEBUG com.sinosoft.test.base.TestBase:80 - Found Element By : By.xpath: //table[@id='ItemPropertyDetailKind']/tbody/tr/td/input[@name='GuItemKindShortRateFlag']
2020/07/14 16:07:34:244 DEBUG com.sinosoft.test.base.TestBase:49 - CodeSelect:设置完毕[[InternetExplorerDriver: internet explorer on WINDOWS (aaee0258-44d8-46a4-be55-a90484f67a99)] -> xpath: //table[@id='ItemPropertyDetailKind']/tbody/tr/td/input[@name='GuItemKindShortRateFlag']] & Code=2
2020/07/14 16:07:34:245 DEBUG com.sinosoft.test.base.TestBase:76 - Trying to find Element By : By.xpath: //table[@id='ItemPropertyDetailKind']/tbody/tr/td/input[@name='GuItemKindGrossPremium']
2020/07/14 16:07:34:343 DEBUG com.sinosoft.test.base.TestBase:80 - Found Element By : By.xpath: //table[@id='ItemPropertyDetailKind']/tbody/tr/td/input[@name='GuItemKindGrossPremium']
2020/07/14 16:07:34:343  INFO com.sinosoft.test.base.TestBase:388 - setEditboxTValue:[[InternetExplorerDriver: internet explorer on WINDOWS (aaee0258-44d8-46a4-be55-a90484f67a99)] -> xpath: //table[@id='ItemPropertyDetailKind']/tbody/tr/td/input[@name='GuItemKindGrossPremium']]->400
2020/07/14 16:07:34:344 DEBUG com.sinosoft.test.base.TestBase:76 - Trying to find Element By : By.xpath: //table[@id='ItemPropertyDetailKind']/tbody/tr/td/input[@name='GuItemKindGrossPremium']
2020/07/14 16:07:34:433 DEBUG com.sinosoft.test.base.TestBase:80 - Found Element By : By.xpath: //table[@id='ItemPropertyDetailKind']/tbody/tr/td/input[@name='GuItemKindGrossPremium']
2020/07/14 16:07:35:283 DEBUG com.sinosoft.test.base.TestBase:76 - Trying to find Element By : By.xpath: //table[@id='ItemPropertyDetailKind']/tbody/tr/td/input[@name='GuItemKindGrossPremium']
2020/07/14 16:07:35:387 DEBUG com.sinosoft.test.base.TestBase:80 - Found Element By : By.xpath: //table[@id='ItemPropertyDetailKind']/tbody/tr/td/input[@name='GuItemKindGrossPremium']
2020/07/14 16:07:41:083 DEBUG com.sinosoft.test.base.TestBase:234 - 开始录入营业中断险！
2020/07/14 16:07:41:084 DEBUG com.sinosoft.test.base.TestBase:76 - Trying to find Element By : By.id: ItemPropertyItem1105
2020/07/14 16:07:41:233 DEBUG com.sinosoft.test.base.TestBase:80 - Found Element By : By.id: ItemPropertyItem1105
2020/07/14 16:07:41:234  INFO com.sinosoft.test.base.TestBase:406 - clickElement:[[InternetExplorerDriver: internet explorer on WINDOWS (aaee0258-44d8-46a4-be55-a90484f67a99)] -> id: ItemPropertyItem1105]
2020/07/14 16:07:41:234 DEBUG com.sinosoft.test.base.TestBase:76 - Trying to find Element By : By.id: ItemPropertyItem1105
2020/07/14 16:07:41:343 DEBUG com.sinosoft.test.base.TestBase:80 - Found Element By : By.id: ItemPropertyItem1105
2020/07/14 16:07:41:344 DEBUG com.sinosoft.test.base.TestBase:42 - Trying to click on: [[InternetExplorerDriver: internet explorer on WINDOWS (aaee0258-44d8-46a4-be55-a90484f67a99)] -> id: ItemPropertyItem1105]
2020/07/14 16:07:42:943 DEBUG com.sinosoft.test.base.TestBase:46 - Clicked on: [[InternetExplorerDriver: internet explorer on WINDOWS (aaee0258-44d8-46a4-be55-a90484f67a99)] -> id: ItemPropertyItem1105]
2020/07/14 16:07:42:943 DEBUG com.sinosoft.test.base.TestBase:76 - Trying to find Element By : By.name: GuItemDynamic0105FieldBG
2020/07/14 16:07:43:067 DEBUG com.sinosoft.test.base.TestBase:80 - Found Element By : By.name: GuItemDynamic0105FieldBG
2020/07/14 16:07:43:067  INFO com.sinosoft.test.base.TestBase:360 - setEditboxValue:[[InternetExplorerDriver: internet explorer on WINDOWS (aaee0258-44d8-46a4-be55-a90484f67a99)] -> name: GuItemDynamic0105FieldBG]：24
2020/07/14 16:07:43:068 DEBUG com.sinosoft.test.base.TestBase:76 - Trying to find Element By : By.name: GuItemDynamic0105FieldBG
2020/07/14 16:07:43:180 DEBUG com.sinosoft.test.base.TestBase:80 - Found Element By : By.name: GuItemDynamic0105FieldBG
2020/07/14 16:07:43:559 DEBUG com.sinosoft.test.base.TestBase:76 - Trying to find Element By : By.name: GuItemDynamic0105FieldBG
2020/07/14 16:07:43:662 DEBUG com.sinosoft.test.base.TestBase:80 - Found Element By : By.name: GuItemDynamic0105FieldBG
2020/07/14 16:07:44:317 DEBUG com.sinosoft.test.base.TestBase:76 - Trying to find Element By : By.name: GuItemDynamic0105FieldBG
2020/07/14 16:07:44:445 DEBUG com.sinosoft.test.base.TestBase:80 - Found Element By : By.name: GuItemDynamic0105FieldBG
2020/07/14 16:07:44:445  INFO com.sinosoft.test.base.TestBase:363 - setEditboxValue—End:[[InternetExplorerDriver: internet explorer on WINDOWS (aaee0258-44d8-46a4-be55-a90484f67a99)] -> name: GuItemDynamic0105FieldBG]：24
2020/07/14 16:07:44:445 DEBUG com.sinosoft.test.base.TestBase:76 - Trying to find Element By : By.name: GuItemDynamic0105FieldBF
2020/07/14 16:07:44:527 DEBUG com.sinosoft.test.base.TestBase:80 - Found Element By : By.name: GuItemDynamic0105FieldBF
2020/07/14 16:07:44:577 DEBUG com.sinosoft.test.base.TestBase:76 - Trying to find Element By : By.name: GuItemDynamic0105FieldBF
2020/07/14 16:07:44:684 DEBUG com.sinosoft.test.base.TestBase:80 - Found Element By : By.name: GuItemDynamic0105FieldBF
2020/07/14 16:07:44:684 DEBUG com.sinosoft.test.base.TestBase:63 - SetCodeEditBox:开始设置:[[InternetExplorerDriver: internet explorer on WINDOWS (aaee0258-44d8-46a4-be55-a90484f67a99)] -> name: GuItemDynamic0105FieldBF] & Code=6000000
2020/07/14 16:07:44:685 DEBUG com.sinosoft.test.base.TestBase:76 - Trying to find Element By : By.name: GuItemDynamic0105FieldBF
2020/07/14 16:07:44:794 DEBUG com.sinosoft.test.base.TestBase:80 - Found Element By : By.name: GuItemDynamic0105FieldBF
2020/07/14 16:07:45:177 DEBUG com.sinosoft.test.base.TestBase:76 - Trying to find Element By : By.name: GuItemDynamic0105FieldBF
2020/07/14 16:07:45:317 DEBUG com.sinosoft.test.base.TestBase:80 - Found Element By : By.name: GuItemDynamic0105FieldBF
2020/07/14 16:07:46:214 DEBUG com.sinosoft.test.base.TestBase:76 - Trying to find Element By : By.name: GuItemDynamic0105FieldBF
2020/07/14 16:07:46:359 DEBUG com.sinosoft.test.base.TestBase:80 - Found Element By : By.name: GuItemDynamic0105FieldBF
2020/07/14 16:07:46:359 DEBUG com.sinosoft.test.base.TestBase:76 - Trying to find Element By : By.xpath: ../input[last()]
2020/07/14 16:07:46:476 DEBUG com.sinosoft.test.base.TestBase:80 - Found Element By : By.xpath: ../input[last()]
2020/07/14 16:07:46:670  INFO com.sinosoft.test.base.TestBase:71 - SetCodeEditBox:找到了Code对应的文本显示框并点击触发显示:GuItemDynamic0105FieldBF
2020/07/14 16:07:46:673 DEBUG com.sinosoft.test.base.TestBase:42 - Trying to click on: [[[[InternetExplorerDriver: internet explorer on WINDOWS (aaee0258-44d8-46a4-be55-a90484f67a99)] -> name: GuItemDynamic0105FieldBF]] -> xpath: ../input[last()]]
2020/07/14 16:07:47:996 DEBUG com.sinosoft.test.base.TestBase:46 - Clicked on: [[[[InternetExplorerDriver: internet explorer on WINDOWS (aaee0258-44d8-46a4-be55-a90484f67a99)] -> name: GuItemDynamic0105FieldBF]] -> xpath: ../input[last()]]
2020/07/14 16:07:48:198 DEBUG com.sinosoft.test.base.TestBase:76 - Trying to find Element By : By.name: GuItemDynamic0105FieldBF
2020/07/14 16:07:48:330 DEBUG com.sinosoft.test.base.TestBase:80 - Found Element By : By.name: GuItemDynamic0105FieldBF
2020/07/14 16:07:48:331 DEBUG com.sinosoft.test.base.TestBase:87 - SetCodeEditBox:设置完毕[[InternetExplorerDriver: internet explorer on WINDOWS (aaee0258-44d8-46a4-be55-a90484f67a99)] -> name: GuItemDynamic0105FieldBF],设置值 Code=6000000
2020/07/14 16:07:48:331 DEBUG com.sinosoft.test.base.TestBase:76 - Trying to find Element By : By.name: GuItemDynamic0105FieldBE
2020/07/14 16:07:48:457 DEBUG com.sinosoft.test.base.TestBase:80 - Found Element By : By.name: GuItemDynamic0105FieldBE
2020/07/14 16:07:48:507 DEBUG com.sinosoft.test.base.TestBase:76 - Trying to find Element By : By.name: GuItemDynamic0105FieldBE
2020/07/14 16:07:48:631 DEBUG com.sinosoft.test.base.TestBase:80 - Found Element By : By.name: GuItemDynamic0105FieldBE
2020/07/14 16:07:48:631 DEBUG com.sinosoft.test.base.TestBase:63 - SetCodeEditBox:开始设置:[[InternetExplorerDriver: internet explorer on WINDOWS (aaee0258-44d8-46a4-be55-a90484f67a99)] -> name: GuItemDynamic0105FieldBE] & Code=20000000
2020/07/14 16:07:48:632 DEBUG com.sinosoft.test.base.TestBase:76 - Trying to find Element By : By.name: GuItemDynamic0105FieldBE
2020/07/14 16:07:48:740 DEBUG com.sinosoft.test.base.TestBase:80 - Found Element By : By.name: GuItemDynamic0105FieldBE
2020/07/14 16:07:49:146 DEBUG com.sinosoft.test.base.TestBase:76 - Trying to find Element By : By.name: GuItemDynamic0105FieldBE
2020/07/14 16:07:49:274 DEBUG com.sinosoft.test.base.TestBase:80 - Found Element By : By.name: GuItemDynamic0105FieldBE
2020/07/14 16:07:50:073 DEBUG com.sinosoft.test.base.TestBase:76 - Trying to find Element By : By.name: GuItemDynamic0105FieldBE
2020/07/14 16:07:50:251 DEBUG com.sinosoft.test.base.TestBase:80 - Found Element By : By.name: GuItemDynamic0105FieldBE
2020/07/14 16:07:50:252 DEBUG com.sinosoft.test.base.TestBase:76 - Trying to find Element By : By.xpath: ../input[last()]
2020/07/14 16:07:50:335 DEBUG com.sinosoft.test.base.TestBase:80 - Found Element By : By.xpath: ../input[last()]
2020/07/14 16:07:50:538  INFO com.sinosoft.test.base.TestBase:71 - SetCodeEditBox:找到了Code对应的文本显示框并点击触发显示:GuItemDynamic0105FieldBE
2020/07/14 16:07:50:539 DEBUG com.sinosoft.test.base.TestBase:42 - Trying to click on: [[[[InternetExplorerDriver: internet explorer on WINDOWS (aaee0258-44d8-46a4-be55-a90484f67a99)] -> name: GuItemDynamic0105FieldBE]] -> xpath: ../input[last()]]
2020/07/14 16:07:51:784 DEBUG com.sinosoft.test.base.TestBase:46 - Clicked on: [[[[InternetExplorerDriver: internet explorer on WINDOWS (aaee0258-44d8-46a4-be55-a90484f67a99)] -> name: GuItemDynamic0105FieldBE]] -> xpath: ../input[last()]]
2020/07/14 16:07:51:984 DEBUG com.sinosoft.test.base.TestBase:76 - Trying to find Element By : By.name: GuItemDynamic0105FieldBE
2020/07/14 16:07:52:133 DEBUG com.sinosoft.test.base.TestBase:80 - Found Element By : By.name: GuItemDynamic0105FieldBE
2020/07/14 16:07:52:134 DEBUG com.sinosoft.test.base.TestBase:87 - SetCodeEditBox:设置完毕[[InternetExplorerDriver: internet explorer on WINDOWS (aaee0258-44d8-46a4-be55-a90484f67a99)] -> name: GuItemDynamic0105FieldBE],设置值 Code=20000000
2020/07/14 16:07:52:134 DEBUG com.sinosoft.test.base.TestBase:76 - Trying to find Element By : By.id: ItemPropertyDetail0105
2020/07/14 16:07:52:254 DEBUG com.sinosoft.test.base.TestBase:80 - Found Element By : By.id: ItemPropertyDetail0105
2020/07/14 16:07:52:254 DEBUG com.sinosoft.test.base.TestBase:76 - Trying to find Element By : By.name: GuItemPropertyDetail0105ItemDetailCode
2020/07/14 16:07:52:339 DEBUG com.sinosoft.test.base.TestBase:80 - Found Element By : By.name: GuItemPropertyDetail0105ItemDetailCode
2020/07/14 16:07:52:340 DEBUG com.sinosoft.test.base.TestBase:76 - Trying to find Element By : By.id: ItemPropertyDetail0105
2020/07/14 16:07:52:449 DEBUG com.sinosoft.test.base.TestBase:80 - Found Element By : By.id: ItemPropertyDetail0105
2020/07/14 16:07:52:450 DEBUG com.sinosoft.test.base.TestBase:76 - Trying to find Element By : By.name: GuItemPropertyDetail0105ItemDetailList
2020/07/14 16:07:52:542 DEBUG com.sinosoft.test.base.TestBase:80 - Found Element By : By.name: GuItemPropertyDetail0105ItemDetailList
2020/07/14 16:07:52:584 DEBUG com.sinosoft.test.base.TestBase:42 - CodeSelect:开始设置[[[[InternetExplorerDriver: internet explorer on WINDOWS (aaee0258-44d8-46a4-be55-a90484f67a99)] -> id: ItemPropertyDetail0105]] -> name: GuItemPropertyDetail0105ItemDetailCode] & Code=010056
2020/07/14 16:07:54:154 DEBUG com.sinosoft.test.base.TestBase:272 - 系统窗口【黄河财险业务系统】with handle -c26314e9-d5ef-4ec5-9e15-9748e65134c5
2020/07/14 16:07:55:326 DEBUG com.sinosoft.test.base.TestBase:272 - 系统窗口【Code Select】with handle -07dfac64-5640-4904-a30d-af5f149b6481
2020/07/14 16:07:55:858 DEBUG com.sinosoft.test.base.TestBase:69 - 初始化class com.sinosoft.test.fccp.common.CodeSelectPage
2020/07/14 16:07:55:859 DEBUG com.sinosoft.test.base.TestBase:39 - 基础码表选择！
2020/07/14 16:07:55:859 DEBUG com.sinosoft.test.base.TestBase:76 - Trying to find Element By : By.name: fieldValue
2020/07/14 16:07:56:171 DEBUG com.sinosoft.test.base.TestBase:80 - Found Element By : By.name: fieldValue
2020/07/14 16:07:56:172  INFO com.sinosoft.test.base.TestBase:360 - setEditboxValue:[[InternetExplorerDriver: internet explorer on WINDOWS (aaee0258-44d8-46a4-be55-a90484f67a99)] -> name: fieldValue]：010056
2020/07/14 16:07:57:738  INFO com.sinosoft.test.base.TestBase:363 - setEditboxValue—End:[[InternetExplorerDriver: internet explorer on WINDOWS (aaee0258-44d8-46a4-be55-a90484f67a99)] -> name: fieldValue]：010056
2020/07/14 16:07:57:739 DEBUG com.sinosoft.test.base.TestBase:76 - Trying to find Element By : By.xpath: //input[@value='查询(Q)']
2020/07/14 16:07:58:052 DEBUG com.sinosoft.test.base.TestBase:80 - Found Element By : By.xpath: //input[@value='查询(Q)']
2020/07/14 16:07:58:052  INFO com.sinosoft.test.base.TestBase:402 - clickButton:[[InternetExplorerDriver: internet explorer on WINDOWS (aaee0258-44d8-46a4-be55-a90484f67a99)] -> xpath: //input[@value='查询(Q)']]
2020/07/14 16:07:58:052 DEBUG com.sinosoft.test.base.TestBase:42 - Trying to click on: [[InternetExplorerDriver: internet explorer on WINDOWS (aaee0258-44d8-46a4-be55-a90484f67a99)] -> xpath: //input[@value='查询(Q)']]
2020/07/14 16:07:59:685 DEBUG com.sinosoft.test.base.TestBase:46 - Clicked on: [[InternetExplorerDriver: internet explorer on WINDOWS (aaee0258-44d8-46a4-be55-a90484f67a99)] -> xpath: //input[@value='查询(Q)']]
2020/07/14 16:07:59:685 DEBUG com.sinosoft.test.base.TestBase:76 - Trying to find Element By : By.name: codeselect
2020/07/14 16:07:59:999 DEBUG com.sinosoft.test.base.TestBase:80 - Found Element By : By.name: codeselect
2020/07/14 16:08:00:000  INFO com.sinosoft.test.base.TestBase:132 - setFuzzySelect:[[InternetExplorerDriver: internet explorer on WINDOWS (aaee0258-44d8-46a4-be55-a90484f67a99)] -> name: codeselect]->010056
2020/07/14 16:08:00:566 DEBUG com.sinosoft.test.base.TestBase:76 - Trying to find Element By : By.tagName: option
2020/07/14 16:08:00:898 DEBUG com.sinosoft.test.base.TestBase:80 - Found Element By : By.tagName: option
2020/07/14 16:08:01:219  INFO com.sinosoft.test.base.TestBase:142 - 找到匹配【010056】的选项：010056--营业利润
2020/07/14 16:08:01:219 DEBUG com.sinosoft.test.base.TestBase:76 - Trying to find Element By : By.xpath: .//option[normalize-space(.) = "010056--营业利润"]
2020/07/14 16:08:01:553 DEBUG com.sinosoft.test.base.TestBase:80 - Found Element By : By.xpath: .//option[normalize-space(.) = "010056--营业利润"]
2020/07/14 16:08:01:869 DEBUG com.sinosoft.test.base.TestBase:42 - Trying to click on: [[[[InternetExplorerDriver: internet explorer on WINDOWS (aaee0258-44d8-46a4-be55-a90484f67a99)] -> name: codeselect]] -> xpath: .//option[normalize-space(.) = "010056--营业利润"]]
2020/07/14 16:08:02:379 DEBUG com.sinosoft.test.base.TestBase:46 - Clicked on: [[[[InternetExplorerDriver: internet explorer on WINDOWS (aaee0258-44d8-46a4-be55-a90484f67a99)] -> name: codeselect]] -> xpath: .//option[normalize-space(.) = "010056--营业利润"]]
2020/07/14 16:08:02:379 DEBUG com.sinosoft.test.base.TestBase:151 - setFuzzySelect 结束！
2020/07/14 16:08:02:379 DEBUG com.sinosoft.test.base.TestBase:76 - Trying to find Element By : By.name: SelectIt
2020/07/14 16:08:02:674 DEBUG com.sinosoft.test.base.TestBase:80 - Found Element By : By.name: SelectIt
2020/07/14 16:08:02:675  INFO com.sinosoft.test.base.TestBase:416 - jsClickButton:[[InternetExplorerDriver: internet explorer on WINDOWS (aaee0258-44d8-46a4-be55-a90484f67a99)] -> name: SelectIt]
2020/07/14 16:08:02:676  INFO com.sinosoft.test.base.TestBase:144 - RunJavaScript:[[InternetExplorerDriver: internet explorer on WINDOWS (aaee0258-44d8-46a4-be55-a90484f67a99)] -> name: SelectIt]	arguments[0].click();
2020/07/14 16:08:03:540 DEBUG com.sinosoft.test.base.TestBase:272 - 系统窗口【黄河财险业务系统】with handle -c26314e9-d5ef-4ec5-9e15-9748e65134c5
2020/07/14 16:08:09:363 DEBUG com.sinosoft.test.base.TestBase:49 - CodeSelect:设置完毕[[[[InternetExplorerDriver: internet explorer on WINDOWS (aaee0258-44d8-46a4-be55-a90484f67a99)] -> id: ItemPropertyDetail0105]] -> name: GuItemPropertyDetail0105ItemDetailCode] & Code=010056
2020/07/14 16:08:09:363 DEBUG com.sinosoft.test.base.TestBase:76 - Trying to find Element By : By.id: ItemPropertyDetail0105
2020/07/14 16:08:09:513 DEBUG com.sinosoft.test.base.TestBase:80 - Found Element By : By.id: ItemPropertyDetail0105
2020/07/14 16:08:09:513  INFO com.sinosoft.test.base.TestBase:406 - clickElement:[[InternetExplorerDriver: internet explorer on WINDOWS (aaee0258-44d8-46a4-be55-a90484f67a99)] -> id: ItemPropertyDetail0105]
2020/07/14 16:08:09:514 DEBUG com.sinosoft.test.base.TestBase:76 - Trying to find Element By : By.id: ItemPropertyDetail0105
2020/07/14 16:08:09:620 DEBUG com.sinosoft.test.base.TestBase:80 - Found Element By : By.id: ItemPropertyDetail0105
2020/07/14 16:08:09:621 DEBUG com.sinosoft.test.base.TestBase:42 - Trying to click on: [[InternetExplorerDriver: internet explorer on WINDOWS (aaee0258-44d8-46a4-be55-a90484f67a99)] -> id: ItemPropertyDetail0105]
2020/07/14 16:08:11:001 DEBUG com.sinosoft.test.base.TestBase:46 - Clicked on: [[InternetExplorerDriver: internet explorer on WINDOWS (aaee0258-44d8-46a4-be55-a90484f67a99)] -> id: ItemPropertyDetail0105]
2020/07/14 16:08:11:002 DEBUG com.sinosoft.test.base.TestBase:76 - Trying to find Element By : By.id: ItemPropertyDetail0105
2020/07/14 16:08:11:146 DEBUG com.sinosoft.test.base.TestBase:80 - Found Element By : By.id: ItemPropertyDetail0105
2020/07/14 16:08:11:147 DEBUG com.sinosoft.test.base.TestBase:76 - Trying to find Element By : By.name: GuItemKind0105KindCode
2020/07/14 16:08:11:237 DEBUG com.sinosoft.test.base.TestBase:80 - Found Element By : By.name: GuItemKind0105KindCode
2020/07/14 16:08:11:237 DEBUG com.sinosoft.test.base.TestBase:76 - Trying to find Element By : By.id: ItemPropertyDetail0105
2020/07/14 16:08:11:362 DEBUG com.sinosoft.test.base.TestBase:80 - Found Element By : By.id: ItemPropertyDetail0105
2020/07/14 16:08:11:363 DEBUG com.sinosoft.test.base.TestBase:76 - Trying to find Element By : By.name: GuItemKind0105CalculateInd
2020/07/14 16:08:11:446 DEBUG com.sinosoft.test.base.TestBase:80 - Found Element By : By.name: GuItemKind0105CalculateInd
2020/07/14 16:08:11:447 DEBUG com.sinosoft.test.base.TestBase:76 - Trying to find Element By : By.id: ItemPropertyDetail0105
2020/07/14 16:08:11:606 DEBUG com.sinosoft.test.base.TestBase:80 - Found Element By : By.id: ItemPropertyDetail0105
2020/07/14 16:08:11:607 DEBUG com.sinosoft.test.base.TestBase:76 - Trying to find Element By : By.name: GuItemKind0105ValueType
2020/07/14 16:08:11:718 DEBUG com.sinosoft.test.base.TestBase:80 - Found Element By : By.name: GuItemKind0105ValueType
2020/07/14 16:08:11:719 DEBUG com.sinosoft.test.base.TestBase:76 - Trying to find Element By : By.id: ItemPropertyDetail0105
2020/07/14 16:08:11:816 DEBUG com.sinosoft.test.base.TestBase:80 - Found Element By : By.id: ItemPropertyDetail0105
2020/07/14 16:08:11:818 DEBUG com.sinosoft.test.base.TestBase:76 - Trying to find Element By : By.name: GuItemKind0105SumInsured
2020/07/14 16:08:11:938 DEBUG com.sinosoft.test.base.TestBase:80 - Found Element By : By.name: GuItemKind0105SumInsured
2020/07/14 16:08:11:938 DEBUG com.sinosoft.test.base.TestBase:76 - Trying to find Element By : By.id: ItemPropertyDetail0105
2020/07/14 16:08:12:021 DEBUG com.sinosoft.test.base.TestBase:80 - Found Element By : By.id: ItemPropertyDetail0105
2020/07/14 16:08:12:026 DEBUG com.sinosoft.test.base.TestBase:76 - Trying to find Element By : By.name: GuItemKind0105Rate
2020/07/14 16:08:12:151 DEBUG com.sinosoft.test.base.TestBase:80 - Found Element By : By.name: GuItemKind0105Rate
2020/07/14 16:08:12:152 DEBUG com.sinosoft.test.base.TestBase:76 - Trying to find Element By : By.id: ItemPropertyDetail0105
2020/07/14 16:08:12:271 DEBUG com.sinosoft.test.base.TestBase:80 - Found Element By : By.id: ItemPropertyDetail0105
2020/07/14 16:08:12:271 DEBUG com.sinosoft.test.base.TestBase:76 - Trying to find Element By : By.name: GuItemKind0105ShortRateFlag
2020/07/14 16:08:12:354 DEBUG com.sinosoft.test.base.TestBase:80 - Found Element By : By.name: GuItemKind0105ShortRateFlag
2020/07/14 16:08:12:355 DEBUG com.sinosoft.test.base.TestBase:76 - Trying to find Element By : By.id: ItemPropertyDetail0105
2020/07/14 16:08:12:504 DEBUG com.sinosoft.test.base.TestBase:80 - Found Element By : By.id: ItemPropertyDetail0105
2020/07/14 16:08:12:505 DEBUG com.sinosoft.test.base.TestBase:76 - Trying to find Element By : By.name: GuItemKind0105GrossPremium
2020/07/14 16:08:12:599 DEBUG com.sinosoft.test.base.TestBase:80 - Found Element By : By.name: GuItemKind0105GrossPremium
2020/07/14 16:08:12:652 DEBUG com.sinosoft.test.base.TestBase:42 - CodeSelect:开始设置[[[[InternetExplorerDriver: internet explorer on WINDOWS (aaee0258-44d8-46a4-be55-a90484f67a99)] -> id: ItemPropertyDetail0105]] -> name: GuItemKind0105KindCode] & Code=0105001
2020/07/14 16:08:14:247 DEBUG com.sinosoft.test.base.TestBase:272 - 系统窗口【黄河财险业务系统】with handle -c26314e9-d5ef-4ec5-9e15-9748e65134c5
2020/07/14 16:08:15:430 DEBUG com.sinosoft.test.base.TestBase:272 - 系统窗口【Code Select】with handle -7ff86ead-66f4-459d-90bb-84554de2c158
2020/07/14 16:08:15:964 DEBUG com.sinosoft.test.base.TestBase:69 - 初始化class com.sinosoft.test.fccp.common.CodeSelectPage
2020/07/14 16:08:15:965 DEBUG com.sinosoft.test.base.TestBase:39 - 基础码表选择！
2020/07/14 16:08:15:965 DEBUG com.sinosoft.test.base.TestBase:76 - Trying to find Element By : By.name: fieldValue
2020/07/14 16:08:16:276 DEBUG com.sinosoft.test.base.TestBase:80 - Found Element By : By.name: fieldValue
2020/07/14 16:08:16:277  INFO com.sinosoft.test.base.TestBase:360 - setEditboxValue:[[InternetExplorerDriver: internet explorer on WINDOWS (aaee0258-44d8-46a4-be55-a90484f67a99)] -> name: fieldValue]：0105001
2020/07/14 16:08:17:880  INFO com.sinosoft.test.base.TestBase:363 - setEditboxValue—End:[[InternetExplorerDriver: internet explorer on WINDOWS (aaee0258-44d8-46a4-be55-a90484f67a99)] -> name: fieldValue]：0105001
2020/07/14 16:08:17:880 DEBUG com.sinosoft.test.base.TestBase:76 - Trying to find Element By : By.xpath: //input[@value='查询(Q)']
2020/07/14 16:08:18:201 DEBUG com.sinosoft.test.base.TestBase:80 - Found Element By : By.xpath: //input[@value='查询(Q)']
2020/07/14 16:08:18:202  INFO com.sinosoft.test.base.TestBase:402 - clickButton:[[InternetExplorerDriver: internet explorer on WINDOWS (aaee0258-44d8-46a4-be55-a90484f67a99)] -> xpath: //input[@value='查询(Q)']]
2020/07/14 16:08:18:202 DEBUG com.sinosoft.test.base.TestBase:42 - Trying to click on: [[InternetExplorerDriver: internet explorer on WINDOWS (aaee0258-44d8-46a4-be55-a90484f67a99)] -> xpath: //input[@value='查询(Q)']]
2020/07/14 16:08:19:853 DEBUG com.sinosoft.test.base.TestBase:46 - Clicked on: [[InternetExplorerDriver: internet explorer on WINDOWS (aaee0258-44d8-46a4-be55-a90484f67a99)] -> xpath: //input[@value='查询(Q)']]
2020/07/14 16:08:19:853 DEBUG com.sinosoft.test.base.TestBase:76 - Trying to find Element By : By.name: codeselect
2020/07/14 16:08:20:164 DEBUG com.sinosoft.test.base.TestBase:80 - Found Element By : By.name: codeselect
2020/07/14 16:08:20:165  INFO com.sinosoft.test.base.TestBase:132 - setFuzzySelect:[[InternetExplorerDriver: internet explorer on WINDOWS (aaee0258-44d8-46a4-be55-a90484f67a99)] -> name: codeselect]->0105001
2020/07/14 16:08:20:732 DEBUG com.sinosoft.test.base.TestBase:76 - Trying to find Element By : By.tagName: option
2020/07/14 16:08:21:093 DEBUG com.sinosoft.test.base.TestBase:80 - Found Element By : By.tagName: option
2020/07/14 16:08:21:411  INFO com.sinosoft.test.base.TestBase:142 - 找到匹配【0105001】的选项：0105001--营业中断保险（2018版）条款
2020/07/14 16:08:21:412 DEBUG com.sinosoft.test.base.TestBase:76 - Trying to find Element By : By.xpath: .//option[normalize-space(.) = "0105001--营业中断保险（2018版）条款"]
2020/07/14 16:08:21:747 DEBUG com.sinosoft.test.base.TestBase:80 - Found Element By : By.xpath: .//option[normalize-space(.) = "0105001--营业中断保险（2018版）条款"]
2020/07/14 16:08:22:077 DEBUG com.sinosoft.test.base.TestBase:42 - Trying to click on: [[[[InternetExplorerDriver: internet explorer on WINDOWS (aaee0258-44d8-46a4-be55-a90484f67a99)] -> name: codeselect]] -> xpath: .//option[normalize-space(.) = "0105001--营业中断保险（2018版）条款"]]
2020/07/14 16:08:22:620 DEBUG com.sinosoft.test.base.TestBase:46 - Clicked on: [[[[InternetExplorerDriver: internet explorer on WINDOWS (aaee0258-44d8-46a4-be55-a90484f67a99)] -> name: codeselect]] -> xpath: .//option[normalize-space(.) = "0105001--营业中断保险（2018版）条款"]]
2020/07/14 16:08:22:621 DEBUG com.sinosoft.test.base.TestBase:151 - setFuzzySelect 结束！
2020/07/14 16:08:22:621 DEBUG com.sinosoft.test.base.TestBase:76 - Trying to find Element By : By.name: SelectIt
2020/07/14 16:08:22:926 DEBUG com.sinosoft.test.base.TestBase:80 - Found Element By : By.name: SelectIt
2020/07/14 16:08:22:926  INFO com.sinosoft.test.base.TestBase:416 - jsClickButton:[[InternetExplorerDriver: internet explorer on WINDOWS (aaee0258-44d8-46a4-be55-a90484f67a99)] -> name: SelectIt]
2020/07/14 16:08:22:928  INFO com.sinosoft.test.base.TestBase:144 - RunJavaScript:[[InternetExplorerDriver: internet explorer on WINDOWS (aaee0258-44d8-46a4-be55-a90484f67a99)] -> name: SelectIt]	arguments[0].click();
2020/07/14 16:08:23:791 DEBUG com.sinosoft.test.base.TestBase:272 - 系统窗口【黄河财险业务系统】with handle -c26314e9-d5ef-4ec5-9e15-9748e65134c5
2020/07/14 16:08:29:271 DEBUG com.sinosoft.test.base.TestBase:49 - CodeSelect:设置完毕[[[[InternetExplorerDriver: internet explorer on WINDOWS (aaee0258-44d8-46a4-be55-a90484f67a99)] -> id: ItemPropertyDetail0105]] -> name: GuItemKind0105KindCode] & Code=0105001
2020/07/14 16:08:29:322  INFO com.sinosoft.test.base.TestBase:96 - setSelectWithStartText:[[[[InternetExplorerDriver: internet explorer on WINDOWS (aaee0258-44d8-46a4-be55-a90484f67a99)] -> id: ItemPropertyDetail0105]] -> name: GuItemKind0105ValueType]->18
2020/07/14 16:08:29:436 DEBUG com.sinosoft.test.base.TestBase:76 - Trying to find Element By : By.tagName: option
2020/07/14 16:08:29:838 DEBUG com.sinosoft.test.base.TestBase:80 - Found Element By : By.tagName: option
2020/07/14 16:08:30:801  INFO com.sinosoft.test.base.TestBase:114 - 找到匹配【18】的选项：18-估价
2020/07/14 16:08:30:802 DEBUG com.sinosoft.test.base.TestBase:76 - Trying to find Element By : By.xpath: .//option[normalize-space(.) = "18-估价"]
2020/07/14 16:08:30:930 DEBUG com.sinosoft.test.base.TestBase:80 - Found Element By : By.xpath: .//option[normalize-space(.) = "18-估价"]
2020/07/14 16:08:30:987 DEBUG com.sinosoft.test.base.TestBase:42 - Trying to click on: [[[[[[InternetExplorerDriver: internet explorer on WINDOWS (aaee0258-44d8-46a4-be55-a90484f67a99)] -> id: ItemPropertyDetail0105]] -> name: GuItemKind0105ValueType]] -> xpath: .//option[normalize-space(.) = "18-估价"]]
2020/07/14 16:08:31:428 DEBUG com.sinosoft.test.base.TestBase:46 - Clicked on: [[[[[[InternetExplorerDriver: internet explorer on WINDOWS (aaee0258-44d8-46a4-be55-a90484f67a99)] -> id: ItemPropertyDetail0105]] -> name: GuItemKind0105ValueType]] -> xpath: .//option[normalize-space(.) = "18-估价"]]
2020/07/14 16:08:31:428 DEBUG com.sinosoft.test.base.TestBase:123 - setSelectWithStartText 结束！
2020/07/14 16:08:31:428  INFO com.sinosoft.test.base.TestBase:360 - setEditboxValue:[[[[InternetExplorerDriver: internet explorer on WINDOWS (aaee0258-44d8-46a4-be55-a90484f67a99)] -> id: ItemPropertyDetail0105]] -> name: GuItemKind0105SumInsured]：200000
2020/07/14 16:08:32:511  INFO com.sinosoft.test.base.TestBase:363 - setEditboxValue—End:[[[[InternetExplorerDriver: internet explorer on WINDOWS (aaee0258-44d8-46a4-be55-a90484f67a99)] -> id: ItemPropertyDetail0105]] -> name: GuItemKind0105SumInsured]：200000
2020/07/14 16:08:32:512  INFO com.sinosoft.test.base.TestBase:388 - setEditboxTValue:[[[[InternetExplorerDriver: internet explorer on WINDOWS (aaee0258-44d8-46a4-be55-a90484f67a99)] -> id: ItemPropertyDetail0105]] -> name: GuItemKind0105Rate]->3
2020/07/14 16:08:38:513  INFO com.sinosoft.test.base.TestBase:388 - setEditboxTValue:[[[[InternetExplorerDriver: internet explorer on WINDOWS (aaee0258-44d8-46a4-be55-a90484f67a99)] -> id: ItemPropertyDetail0105]] -> name: GuItemKind0105GrossPremium]->4000
2020/07/14 16:08:45:275 DEBUG com.sinosoft.test.base.TestBase:76 - Trying to find Element By : By.id: saveButton
2020/07/14 16:08:45:441 DEBUG com.sinosoft.test.base.TestBase:80 - Found Element By : By.id: saveButton
2020/07/14 16:08:45:442  INFO com.sinosoft.test.base.TestBase:402 - clickButton:[[InternetExplorerDriver: internet explorer on WINDOWS (aaee0258-44d8-46a4-be55-a90484f67a99)] -> id: saveButton]
2020/07/14 16:08:45:442 DEBUG com.sinosoft.test.base.TestBase:76 - Trying to find Element By : By.id: saveButton
2020/07/14 16:08:45:540 DEBUG com.sinosoft.test.base.TestBase:80 - Found Element By : By.id: saveButton
2020/07/14 16:08:45:540 DEBUG com.sinosoft.test.base.TestBase:42 - Trying to click on: [[InternetExplorerDriver: internet explorer on WINDOWS (aaee0258-44d8-46a4-be55-a90484f67a99)] -> id: saveButton]
2020/07/14 16:08:47:234 DEBUG com.sinosoft.test.base.TestBase:46 - Clicked on: [[InternetExplorerDriver: internet explorer on WINDOWS (aaee0258-44d8-46a4-be55-a90484f67a99)] -> id: saveButton]
2020/07/14 16:08:51:902 DEBUG com.sinosoft.test.base.TestBase:76 - Trying to find Element By : By.xpath: //td[text()='条款信息']
2020/07/14 16:08:52:075 DEBUG com.sinosoft.test.base.TestBase:80 - Found Element By : By.xpath: //td[text()='条款信息']
2020/07/14 16:08:52:075  INFO com.sinosoft.test.base.TestBase:402 - clickButton:[[InternetExplorerDriver: internet explorer on WINDOWS (aaee0258-44d8-46a4-be55-a90484f67a99)] -> xpath: //td[text()='条款信息']]
2020/07/14 16:08:52:075 DEBUG com.sinosoft.test.base.TestBase:42 - Trying to click on: [[InternetExplorerDriver: internet explorer on WINDOWS (aaee0258-44d8-46a4-be55-a90484f67a99)] -> xpath: //td[text()='条款信息']]
2020/07/14 16:08:54:648 DEBUG com.sinosoft.test.base.TestBase:46 - Clicked on: [[InternetExplorerDriver: internet explorer on WINDOWS (aaee0258-44d8-46a4-be55-a90484f67a99)] -> xpath: //td[text()='条款信息']]
2020/07/14 16:08:59:740 DEBUG com.sinosoft.test.base.TestBase:69 - 初始化class com.sinosoft.test.fccp.tbcl.RiskDetail_TermsPage
2020/07/14 16:09:05:301 DEBUG com.sinosoft.test.base.TestBase:76 - Trying to find Element By : By.id: saveButton
2020/07/14 16:09:05:377 DEBUG com.sinosoft.test.base.TestBase:80 - Found Element By : By.id: saveButton
2020/07/14 16:09:05:378  INFO com.sinosoft.test.base.TestBase:402 - clickButton:[[InternetExplorerDriver: internet explorer on WINDOWS (aaee0258-44d8-46a4-be55-a90484f67a99)] -> id: saveButton]
2020/07/14 16:09:05:378 DEBUG com.sinosoft.test.base.TestBase:76 - Trying to find Element By : By.id: saveButton
2020/07/14 16:09:05:439 DEBUG com.sinosoft.test.base.TestBase:80 - Found Element By : By.id: saveButton
2020/07/14 16:09:05:440 DEBUG com.sinosoft.test.base.TestBase:42 - Trying to click on: [[InternetExplorerDriver: internet explorer on WINDOWS (aaee0258-44d8-46a4-be55-a90484f67a99)] -> id: saveButton]
2020/07/14 16:09:06:905 DEBUG com.sinosoft.test.base.TestBase:46 - Clicked on: [[InternetExplorerDriver: internet explorer on WINDOWS (aaee0258-44d8-46a4-be55-a90484f67a99)] -> id: saveButton]
2020/07/14 16:09:09:835 DEBUG com.sinosoft.test.base.TestBase:76 - Trying to find Element By : By.xpath: //td[text()='联共保信息']
2020/07/14 16:09:09:919 DEBUG com.sinosoft.test.base.TestBase:80 - Found Element By : By.xpath: //td[text()='联共保信息']
2020/07/14 16:09:09:920  INFO com.sinosoft.test.base.TestBase:402 - clickButton:[[InternetExplorerDriver: internet explorer on WINDOWS (aaee0258-44d8-46a4-be55-a90484f67a99)] -> xpath: //td[text()='联共保信息']]
2020/07/14 16:09:09:920 DEBUG com.sinosoft.test.base.TestBase:42 - Trying to click on: [[InternetExplorerDriver: internet explorer on WINDOWS (aaee0258-44d8-46a4-be55-a90484f67a99)] -> xpath: //td[text()='联共保信息']]
2020/07/14 16:09:12:779 DEBUG com.sinosoft.test.base.TestBase:46 - Clicked on: [[InternetExplorerDriver: internet explorer on WINDOWS (aaee0258-44d8-46a4-be55-a90484f67a99)] -> xpath: //td[text()='联共保信息']]
2020/07/14 16:09:18:231 DEBUG com.sinosoft.test.base.TestBase:69 - 初始化class com.sinosoft.test.fccp.tbcl.RiskDetail_CoInsuredPage
2020/07/14 16:09:23:894 DEBUG com.sinosoft.test.base.TestBase:76 - Trying to find Element By : By.id: Coinsurance
2020/07/14 16:09:23:965 DEBUG com.sinosoft.test.base.TestBase:80 - Found Element By : By.id: Coinsurance
2020/07/14 16:09:23:966  INFO com.sinosoft.test.base.TestBase:406 - clickElement:[[InternetExplorerDriver: internet explorer on WINDOWS (aaee0258-44d8-46a4-be55-a90484f67a99)] -> id: Coinsurance]
2020/07/14 16:09:23:966 DEBUG com.sinosoft.test.base.TestBase:76 - Trying to find Element By : By.id: Coinsurance
2020/07/14 16:09:24:115 DEBUG com.sinosoft.test.base.TestBase:80 - Found Element By : By.id: Coinsurance
2020/07/14 16:09:24:116 DEBUG com.sinosoft.test.base.TestBase:42 - Trying to click on: [[InternetExplorerDriver: internet explorer on WINDOWS (aaee0258-44d8-46a4-be55-a90484f67a99)] -> id: Coinsurance]
2020/07/14 16:09:25:496 DEBUG com.sinosoft.test.base.TestBase:46 - Clicked on: [[InternetExplorerDriver: internet explorer on WINDOWS (aaee0258-44d8-46a4-be55-a90484f67a99)] -> id: Coinsurance]
2020/07/14 16:09:25:496 DEBUG com.sinosoft.test.base.TestBase:76 - Trying to find Element By : By.xpath: //table[@id='Coinsurance']/tbody/tr[last()]/td/p/input[@name='buttonCoinsuranceDetailInfo']
2020/07/14 16:09:25:579 DEBUG com.sinosoft.test.base.TestBase:80 - Found Element By : By.xpath: //table[@id='Coinsurance']/tbody/tr[last()]/td/p/input[@name='buttonCoinsuranceDetailInfo']
2020/07/14 16:09:25:579  INFO com.sinosoft.test.base.TestBase:402 - clickButton:[[InternetExplorerDriver: internet explorer on WINDOWS (aaee0258-44d8-46a4-be55-a90484f67a99)] -> xpath: //table[@id='Coinsurance']/tbody/tr[last()]/td/p/input[@name='buttonCoinsuranceDetailInfo']]
2020/07/14 16:09:25:579 DEBUG com.sinosoft.test.base.TestBase:76 - Trying to find Element By : By.xpath: //table[@id='Coinsurance']/tbody/tr[last()]/td/p/input[@name='buttonCoinsuranceDetailInfo']
2020/07/14 16:09:25:659 DEBUG com.sinosoft.test.base.TestBase:80 - Found Element By : By.xpath: //table[@id='Coinsurance']/tbody/tr[last()]/td/p/input[@name='buttonCoinsuranceDetailInfo']
2020/07/14 16:09:25:660 DEBUG com.sinosoft.test.base.TestBase:42 - Trying to click on: [[InternetExplorerDriver: internet explorer on WINDOWS (aaee0258-44d8-46a4-be55-a90484f67a99)] -> xpath: //table[@id='Coinsurance']/tbody/tr[last()]/td/p/input[@name='buttonCoinsuranceDetailInfo']]
2020/07/14 16:09:26:853 DEBUG com.sinosoft.test.base.TestBase:46 - Clicked on: [[InternetExplorerDriver: internet explorer on WINDOWS (aaee0258-44d8-46a4-be55-a90484f67a99)] -> xpath: //table[@id='Coinsurance']/tbody/tr[last()]/td/p/input[@name='buttonCoinsuranceDetailInfo']]
2020/07/14 16:09:28:853 DEBUG com.sinosoft.test.base.TestBase:76 - Trying to find Element By : By.id: Coinsurance
2020/07/14 16:09:28:934 DEBUG com.sinosoft.test.base.TestBase:80 - Found Element By : By.id: Coinsurance
2020/07/14 16:09:28:935 DEBUG com.sinosoft.test.base.TestBase:76 - Trying to find Element By : By.name: button_CoinsuranceDetailInfo_Close
2020/07/14 16:09:29:004 DEBUG com.sinosoft.test.base.TestBase:80 - Found Element By : By.name: button_CoinsuranceDetailInfo_Close
2020/07/14 16:09:29:004 DEBUG com.sinosoft.test.base.TestBase:42 - Trying to click on: [[[[InternetExplorerDriver: internet explorer on WINDOWS (aaee0258-44d8-46a4-be55-a90484f67a99)] -> id: Coinsurance]] -> name: button_CoinsuranceDetailInfo_Close]
2020/07/14 16:09:29:715 DEBUG com.sinosoft.test.base.TestBase:66 - 系统自动捕获异常：Exception occured: org.openqa.selenium.ElementNotInteractableException: Cannot click on element
Build info: version: '3.9.0', revision: '698b3178f0', time: '2018-02-05T14:26:55.441Z'
System info: host: 'DESKTOP-I9S3ABE', ip: '100.100.99.142', os.name: 'Windows 10', os.arch: 'amd64', os.version: '10.0', java.version: '1.8.0_101'
Driver info: org.openqa.selenium.ie.InternetExplorerDriver
Capabilities {acceptInsecureCerts: false, browserName: internet explorer, browserVersion: 11, javascriptEnabled: true, pageLoadStrategy: normal, platform: WINDOWS, platformName: WINDOWS, proxy: Proxy(), se:ieOptions: {browserAttachTimeout: 0, elementScrollBehavior: 0, enablePersistentHover: true, ie.browserCommandLineSwitches: , ie.ensureCleanSession: false, ie.fileUploadDialogTimeout: 3000, ie.forceCreateProcessApi: false, ignoreProtectedModeSettings: true, ignoreZoomSetting: false, initialBrowserUrl: http://localhost:8644/, nativeEvents: true, requireWindowFocus: false}, setWindowRect: true, timeouts: {implicit: 0, pageLoad: 300000, script: 30000}, unhandledPromptBehavior: ignore}
Session ID: aaee0258-44d8-46a4-be55-a90484f67a99
2020/07/14 16:09:29:715  INFO com.sinosoft.test.base.TestBase:68 - 异常的message 是：Cannot click on element
Build info: version: '3.9.0', revision: '698b3178f0', time: '2018-02-05T14:26:55.441Z'
System info: host: 'DESKTOP-I9S3ABE', ip: '100.100.99.142', os.name: 'Windows 10', os.arch: 'amd64', os.version: '10.0', java.version: '1.8.0_101'
Driver info: org.openqa.selenium.ie.InternetExplorerDriver
Capabilities {acceptInsecureCerts: false, browserName: internet explorer, browserVersion: 11, javascriptEnabled: true, pageLoadStrategy: normal, platform: WINDOWS, platformName: WINDOWS, proxy: Proxy(), se:ieOptions: {browserAttachTimeout: 0, elementScrollBehavior: 0, enablePersistentHover: true, ie.browserCommandLineSwitches: , ie.ensureCleanSession: false, ie.fileUploadDialogTimeout: 3000, ie.forceCreateProcessApi: false, ignoreProtectedModeSettings: true, ignoreZoomSetting: false, initialBrowserUrl: http://localhost:8644/, nativeEvents: true, requireWindowFocus: false}, setWindowRect: true, timeouts: {implicit: 0, pageLoad: 300000, script: 30000}, unhandledPromptBehavior: ignore}
Session ID: aaee0258-44d8-46a4-be55-a90484f67a99
2020/07/14 16:09:29:718  INFO com.sinosoft.test.base.TestBase:129 - 执行测试用例发生了异常，开始截屏
org.openqa.selenium.ElementNotInteractableException: Cannot click on element
Build info: version: '3.9.0', revision: '698b3178f0', time: '2018-02-05T14:26:55.441Z'
System info: host: 'DESKTOP-I9S3ABE', ip: '100.100.99.142', os.name: 'Windows 10', os.arch: 'amd64', os.version: '10.0', java.version: '1.8.0_101'
Driver info: org.openqa.selenium.ie.InternetExplorerDriver
Capabilities {acceptInsecureCerts: false, browserName: internet explorer, browserVersion: 11, javascriptEnabled: true, pageLoadStrategy: normal, platform: WINDOWS, platformName: WINDOWS, proxy: Proxy(), se:ieOptions: {browserAttachTimeout: 0, elementScrollBehavior: 0, enablePersistentHover: true, ie.browserCommandLineSwitches: , ie.ensureCleanSession: false, ie.fileUploadDialogTimeout: 3000, ie.forceCreateProcessApi: false, ignoreProtectedModeSettings: true, ignoreZoomSetting: false, initialBrowserUrl: http://localhost:8644/, nativeEvents: true, requireWindowFocus: false}, setWindowRect: true, timeouts: {implicit: 0, pageLoad: 300000, script: 30000}, unhandledPromptBehavior: ignore}
Session ID: aaee0258-44d8-46a4-be55-a90484f67a99
	at sun.reflect.NativeConstructorAccessorImpl.newInstance0(Native Method)
	at sun.reflect.NativeConstructorAccessorImpl.newInstance(NativeConstructorAccessorImpl.java:62)
	at sun.reflect.DelegatingConstructorAccessorImpl.newInstance(DelegatingConstructorAccessorImpl.java:45)
	at java.lang.reflect.Constructor.newInstance(Constructor.java:423)
	at org.openqa.selenium.remote.http.W3CHttpResponseCodec.createException(W3CHttpResponseCodec.java:187)
	at org.openqa.selenium.remote.http.W3CHttpResponseCodec.decode(W3CHttpResponseCodec.java:122)
	at org.openqa.selenium.remote.http.W3CHttpResponseCodec.decode(W3CHttpResponseCodec.java:49)
	at org.openqa.selenium.remote.HttpCommandExecutor.execute(HttpCommandExecutor.java:160)
	at org.openqa.selenium.remote.service.DriverCommandExecutor.execute(DriverCommandExecutor.java:83)
	at org.openqa.selenium.remote.RemoteWebDriver.execute(RemoteWebDriver.java:601)
	at org.openqa.selenium.remote.RemoteWebElement.execute(RemoteWebElement.java:279)
	at org.openqa.selenium.remote.RemoteWebElement.click(RemoteWebElement.java:83)
	at sun.reflect.GeneratedMethodAccessor13.invoke(Unknown Source)
	at sun.reflect.DelegatingMethodAccessorImpl.invoke(DelegatingMethodAccessorImpl.java:43)
	at java.lang.reflect.Method.invoke(Method.java:498)
	at org.openqa.selenium.support.events.EventFiringWebDriver$EventFiringWebElement$1.invoke(EventFiringWebDriver.java:375)
	at com.sun.proxy.$Proxy13.click(Unknown Source)
	at org.openqa.selenium.support.events.EventFiringWebDriver$EventFiringWebElement.click(EventFiringWebDriver.java:388)
	at com.sinosoft.test.fccp.tbcl.RiskDetail_CoInsuredPage.inputCoInsuranceInfoAction(RiskDetail_CoInsuredPage.java:48)
	at com.sinosoft.testcases.fccb.TBGLTestCase.FCCB_TBCL(TBGLTestCase.java:112)
	at sun.reflect.NativeMethodAccessorImpl.invoke0(Native Method)
	at sun.reflect.NativeMethodAccessorImpl.invoke(NativeMethodAccessorImpl.java:62)
	at sun.reflect.DelegatingMethodAccessorImpl.invoke(DelegatingMethodAccessorImpl.java:43)
	at java.lang.reflect.Method.invoke(Method.java:498)
	at org.testng.internal.MethodInvocationHelper.invokeMethod(MethodInvocationHelper.java:108)
	at org.testng.internal.Invoker.invokeMethod(Invoker.java:661)
	at org.testng.internal.Invoker.invokeTestMethod(Invoker.java:869)
	at org.testng.internal.Invoker.invokeTestMethods(Invoker.java:1193)
	at org.testng.internal.TestMethodWorker.invokeTestMethods(TestMethodWorker.java:126)
	at org.testng.internal.TestMethodWorker.run(TestMethodWorker.java:109)
	at org.testng.TestRunner.privateRun(TestRunner.java:744)
	at org.testng.TestRunner.run(TestRunner.java:602)
	at org.testng.SuiteRunner.runTest(SuiteRunner.java:380)
	at org.testng.SuiteRunner.runSequentially(SuiteRunner.java:375)
	at org.testng.SuiteRunner.privateRun(SuiteRunner.java:340)
	at org.testng.SuiteRunner.run(SuiteRunner.java:289)
	at org.testng.SuiteRunnerWorker.runSuite(SuiteRunnerWorker.java:52)
	at org.testng.SuiteRunnerWorker.run(SuiteRunnerWorker.java:86)
	at org.testng.TestNG.runSuitesSequentially(TestNG.java:1301)
	at org.testng.TestNG.runSuitesLocally(TestNG.java:1226)
	at org.testng.TestNG.runSuites(TestNG.java:1144)
	at org.testng.TestNG.run(TestNG.java:1115)
	at org.apache.maven.surefire.testng.TestNGExecutor.run(TestNGExecutor.java:283)
	at org.apache.maven.surefire.testng.TestNGXmlTestSuite.execute(TestNGXmlTestSuite.java:75)
	at org.apache.maven.surefire.testng.TestNGProvider.invoke(TestNGProvider.java:120)
	at org.apache.maven.surefire.booter.ForkedBooter.invokeProviderInSameClassLoader(ForkedBooter.java:384)
	at org.apache.maven.surefire.booter.ForkedBooter.runSuitesInProcess(ForkedBooter.java:345)
	at org.apache.maven.surefire.booter.ForkedBooter.execute(ForkedBooter.java:126)
	at org.apache.maven.surefire.booter.ForkedBooter.main(ForkedBooter.java:418)
2020/07/14 16:09:29:720 DEBUG com.sinosoft.test.base.TestBase:88 - 截屏文件名字是：FCCB_TB_JCX_1_异常截屏
2020/07/14 16:09:29:838  INFO com.sinosoft.test.base.TestBase:133 - 执行测试用例发生了异常，截屏结束！
2020/07/14 16:09:29:839  INFO com.sinosoft.test.base.TestBase:136 - 进入Finally事件:RowID:2
2020/07/14 16:09:29:839  INFO com.sinosoft.test.base.TestBase:137 - 进入Finally事件:testCaseName:FCCB_TBCL
2020/07/14 16:09:29:840  INFO com.sinosoft.test.base.TestBase:138 - 进入Finally事件:proposalNumber:06201900101202000000000083
2020/07/14 16:09:29:840  INFO com.sinosoft.test.base.TestBase:139 - 进入Finally事件:message:未知异常Cannot click on element
Build info: version: '3.9.0', revision: '698b3178f0', time: '2018-02-05T14:26:55.441Z'
System info: host: 'DESKTOP-I9S3ABE', ip: '100.100.99.142', os.name: 'Windows 10', os.arch: 'amd64', os.version: '10.0', java.version: '1.8.0_101'
Driver info: org.openqa.selenium.ie.InternetExplorerDriver
Capabilities {acceptInsecureCerts: false, browserName: internet explorer, browserVersion: 11, javascriptEnabled: true, pageLoadStrategy: normal, platform: WINDOWS, platformName: WINDOWS, proxy: Proxy(), se:ieOptions: {browserAttachTimeout: 0, elementScrollBehavior: 0, enablePersistentHover: true, ie.browserCommandLineSwitches: , ie.ensureCleanSession: false, ie.fileUploadDialogTimeout: 3000, ie.forceCreateProcessApi: false, ignoreProtectedModeSettings: true, ignoreZoomSetting: false, initialBrowserUrl: http://localhost:8644/, nativeEvents: true, requireWindowFocus: false}, setWindowRect: true, timeouts: {implicit: 0, pageLoad: 300000, script: 30000}, unhandledPromptBehavior: ignore}
Session ID: aaee0258-44d8-46a4-be55-a90484f67a99
2020/07/14 16:09:29:840  INFO com.sinosoft.test.base.TestBase:140 - 进入Finally事件:screenshot:C:\Users\liu-b\git\PageObjectModel\screenshots\FCCB_TB_JCX_1_异常截屏_20200714040929834.png
2020/07/14 16:09:30:259 DEBUG freemarker.cache:45 - Couldn't find template in cache for "index.ftl"("en", UTF-8, parsed); will try to load it.
2020/07/14 16:09:30:261 DEBUG freemarker.cache:45 - TemplateLoader.findTemplateSource("index_en.ftl"): Not found
2020/07/14 16:09:30:264 DEBUG freemarker.cache:45 - TemplateLoader.findTemplateSource("index.ftl"): Found
2020/07/14 16:09:30:265 DEBUG freemarker.cache:45 - Loading template for "index.ftl"("en", UTF-8, parsed) from "jar:file:/C:/Users/liu-b/.m2/repository/com/aventstack/extentreports/3.1.3/extentreports-3.1.3.jar!/com/aventstack/extentreports/view/html-report/index.ftl"
2020/07/14 16:09:30:547 DEBUG freemarker.cache:45 - Couldn't find template in cache for "head.ftl"("en", UTF-8, parsed); will try to load it.
2020/07/14 16:09:30:548 DEBUG freemarker.cache:45 - TemplateLoader.findTemplateSource("head_en.ftl"): Not found
2020/07/14 16:09:30:555 DEBUG freemarker.cache:45 - TemplateLoader.findTemplateSource("head.ftl"): Found
2020/07/14 16:09:30:556 DEBUG freemarker.cache:45 - Loading template for "head.ftl"("en", UTF-8, parsed) from "jar:file:/C:/Users/liu-b/.m2/repository/com/aventstack/extentreports/3.1.3/extentreports-3.1.3.jar!/com/aventstack/extentreports/view/html-report/head.ftl"
2020/07/14 16:09:30:561 DEBUG freemarker.cache:45 - Couldn't find template in cache for "nav.ftl"("en", UTF-8, parsed); will try to load it.
2020/07/14 16:09:30:561 DEBUG freemarker.cache:45 - TemplateLoader.findTemplateSource("nav_en.ftl"): Not found
2020/07/14 16:09:30:562 DEBUG freemarker.cache:45 - TemplateLoader.findTemplateSource("nav.ftl"): Found
2020/07/14 16:09:30:562 DEBUG freemarker.cache:45 - Loading template for "nav.ftl"("en", UTF-8, parsed) from "jar:file:/C:/Users/liu-b/.m2/repository/com/aventstack/extentreports/3.1.3/extentreports-3.1.3.jar!/com/aventstack/extentreports/view/html-report/nav.ftl"
2020/07/14 16:09:30:574 DEBUG freemarker.cache:45 - Couldn't find template in cache for "test-view/test-view.ftl"("en", UTF-8, parsed); will try to load it.
2020/07/14 16:09:30:575 DEBUG freemarker.cache:45 - TemplateLoader.findTemplateSource("test-view/test-view_en.ftl"): Not found
2020/07/14 16:09:30:575 DEBUG freemarker.cache:45 - TemplateLoader.findTemplateSource("test-view/test-view.ftl"): Found
2020/07/14 16:09:30:575 DEBUG freemarker.cache:45 - Loading template for "test-view/test-view.ftl"("en", UTF-8, parsed) from "jar:file:/C:/Users/liu-b/.m2/repository/com/aventstack/extentreports/3.1.3/extentreports-3.1.3.jar!/com/aventstack/extentreports/view/html-report/test-view/test-view.ftl"
2020/07/14 16:09:30:588 DEBUG freemarker.cache:45 - Couldn't find template in cache for "test-view/test-view-charts.ftl"("en", UTF-8, parsed); will try to load it.
2020/07/14 16:09:30:589 DEBUG freemarker.cache:45 - TemplateLoader.findTemplateSource("test-view/test-view-charts_en.ftl"): Not found
2020/07/14 16:09:30:590 DEBUG freemarker.cache:45 - TemplateLoader.findTemplateSource("test-view/test-view-charts.ftl"): Found
2020/07/14 16:09:30:591 DEBUG freemarker.cache:45 - Loading template for "test-view/test-view-charts.ftl"("en", UTF-8, parsed) from "jar:file:/C:/Users/liu-b/.m2/repository/com/aventstack/extentreports/3.1.3/extentreports-3.1.3.jar!/com/aventstack/extentreports/view/html-report/test-view/test-view-charts.ftl"
2020/07/14 16:09:30:610 DEBUG freemarker.cache:45 - Couldn't find template in cache for "test-view/standard.ftl"("en", UTF-8, parsed); will try to load it.
2020/07/14 16:09:30:612 DEBUG freemarker.cache:45 - TemplateLoader.findTemplateSource("test-view/standard_en.ftl"): Not found
2020/07/14 16:09:30:613 DEBUG freemarker.cache:45 - TemplateLoader.findTemplateSource("test-view/standard.ftl"): Found
2020/07/14 16:09:30:614 DEBUG freemarker.cache:45 - Loading template for "test-view/standard.ftl"("en", UTF-8, parsed) from "jar:file:/C:/Users/liu-b/.m2/repository/com/aventstack/extentreports/3.1.3/extentreports-3.1.3.jar!/com/aventstack/extentreports/view/html-report/test-view/standard.ftl"
2020/07/14 16:09:30:638 DEBUG freemarker.cache:45 - Couldn't find template in cache for "category-view/category-view.ftl"("en", UTF-8, parsed); will try to load it.
2020/07/14 16:09:30:638 DEBUG freemarker.cache:45 - TemplateLoader.findTemplateSource("category-view/category-view_en.ftl"): Not found
2020/07/14 16:09:30:639 DEBUG freemarker.cache:45 - TemplateLoader.findTemplateSource("category-view/category-view.ftl"): Found
2020/07/14 16:09:30:640 DEBUG freemarker.cache:45 - Loading template for "category-view/category-view.ftl"("en", UTF-8, parsed) from "jar:file:/C:/Users/liu-b/.m2/repository/com/aventstack/extentreports/3.1.3/extentreports-3.1.3.jar!/com/aventstack/extentreports/view/html-report/category-view/category-view.ftl"
2020/07/14 16:09:30:645 DEBUG freemarker.cache:45 - Couldn't find template in cache for "author-view/author-view.ftl"("en", UTF-8, parsed); will try to load it.
2020/07/14 16:09:30:646 DEBUG freemarker.cache:45 - TemplateLoader.findTemplateSource("author-view/author-view_en.ftl"): Not found
2020/07/14 16:09:30:647 DEBUG freemarker.cache:45 - TemplateLoader.findTemplateSource("author-view/author-view.ftl"): Found
2020/07/14 16:09:30:647 DEBUG freemarker.cache:45 - Loading template for "author-view/author-view.ftl"("en", UTF-8, parsed) from "jar:file:/C:/Users/liu-b/.m2/repository/com/aventstack/extentreports/3.1.3/extentreports-3.1.3.jar!/com/aventstack/extentreports/view/html-report/author-view/author-view.ftl"
2020/07/14 16:09:30:653 DEBUG freemarker.cache:45 - Couldn't find template in cache for "exception-view/exception-view.ftl"("en", UTF-8, parsed); will try to load it.
2020/07/14 16:09:30:654 DEBUG freemarker.cache:45 - TemplateLoader.findTemplateSource("exception-view/exception-view_en.ftl"): Not found
2020/07/14 16:09:30:655 DEBUG freemarker.cache:45 - TemplateLoader.findTemplateSource("exception-view/exception-view.ftl"): Found
2020/07/14 16:09:30:655 DEBUG freemarker.cache:45 - Loading template for "exception-view/exception-view.ftl"("en", UTF-8, parsed) from "jar:file:/C:/Users/liu-b/.m2/repository/com/aventstack/extentreports/3.1.3/extentreports-3.1.3.jar!/com/aventstack/extentreports/view/html-report/exception-view/exception-view.ftl"
2020/07/14 16:09:30:671 DEBUG freemarker.cache:45 - Couldn't find template in cache for "dashboard-view/dashboard-view.ftl"("en", UTF-8, parsed); will try to load it.
2020/07/14 16:09:30:671 DEBUG freemarker.cache:45 - TemplateLoader.findTemplateSource("dashboard-view/dashboard-view_en.ftl"): Not found
2020/07/14 16:09:30:672 DEBUG freemarker.cache:45 - TemplateLoader.findTemplateSource("dashboard-view/dashboard-view.ftl"): Found
2020/07/14 16:09:30:672 DEBUG freemarker.cache:45 - Loading template for "dashboard-view/dashboard-view.ftl"("en", UTF-8, parsed) from "jar:file:/C:/Users/liu-b/.m2/repository/com/aventstack/extentreports/3.1.3/extentreports-3.1.3.jar!/com/aventstack/extentreports/view/html-report/dashboard-view/dashboard-view.ftl"
2020/07/14 16:09:30:679 DEBUG freemarker.cache:45 - Couldn't find template in cache for "logs-view/testrunner-logs-view.ftl"("en", UTF-8, parsed); will try to load it.
2020/07/14 16:09:30:680 DEBUG freemarker.cache:45 - TemplateLoader.findTemplateSource("logs-view/testrunner-logs-view_en.ftl"): Not found
2020/07/14 16:09:30:681 DEBUG freemarker.cache:45 - TemplateLoader.findTemplateSource("logs-view/testrunner-logs-view.ftl"): Found
2020/07/14 16:09:30:682 DEBUG freemarker.cache:45 - Loading template for "logs-view/testrunner-logs-view.ftl"("en", UTF-8, parsed) from "jar:file:/C:/Users/liu-b/.m2/repository/com/aventstack/extentreports/3.1.3/extentreports-3.1.3.jar!/com/aventstack/extentreports/view/html-report/logs-view/testrunner-logs-view.ftl"
2020/07/14 16:12:14:476  INFO com.sinosoft.test.base.TestBase:59 - 配置文件路径：config.properties
2020/07/14 16:12:14:481 DEBUG com.sinosoft.test.base.TestBase:69 - 初始化class com.sinosoft.testcases.fccb.TBGLTestCase
2020/07/14 16:12:14:548 DEBUG com.sinosoft.test.base.TestBase:69 - 初始化class com.sinosoft.test.util.ExcelDataProvider
2020/07/14 16:12:15:492  INFO com.sinosoft.test.base.TestBase:80 - 当前文件里面一共有数据：4
2020/07/14 16:12:15:538  INFO com.sinosoft.test.base.TestBase:91 - start InternetExplorerDriver
2020/07/14 16:12:18:435 DEBUG com.sinosoft.test.base.TestBase:69 - 初始化class com.sinosoft.test.util.WebEventListener
2020/07/14 16:12:18:456  INFO com.sinosoft.test.base.TestBase:83 - 开始运行测试脚本，获取到的测试数据《getTBCLTestData》如下:
2020/07/14 16:12:18:457  INFO com.sinosoft.test.base.TestBase:84 - ROW_ID=2
ProcessFlag=Y
TestCaseName=FCCB_TB_JCX
TestCaseSeq=1
TestDescription=非车承保企财险-财产基本险-出单
riskClass=01
riskCode=0101
renewalInd=0
renewalPolicy=
prePay=
carrayOver=
carrayOverPolicy=
relatedInd=
relatedPolicy=
fbbs=
ywgs=01620190
qdlx=01
gdbs=0
xstd=T6201900101
ywy=S000000006
ywly=01010101
dljg=
xsxy=
cxywbs=HXXT
cdjg=
htzyjjfs=
jnwbz=
jw_country=
jw_Addr=
snbz=
sftkbd=0
sfdzbd=0
sfxb=0
fxqkyjytz=
sfydyw=
sfsn=
xbbdh=
tbr_lx=2
tbr_mc=
tbr_vip=
tbr_dm=G6200019984
tbr_zjlx=
tbr_zjhm=
tbr_sj=
tbr_csrq=
tbr_lxdz=
tbr_dwdh=010-67549095-456
lxr_xm=
lxr_xb=
lxr_zw=
lxr_sj=
lxr_yx=
xzsyfw=1
tqmc=
qbrq=
zbrq=
lgbbz=1
yyzdbz=1
sfgxdm=1
cbdq=
zzfwlx=0
hydl=12
hyxl=12006
jqbm=121121123123
bbdm=CNY
sf=130000
cs=130300
qx=130302
yb=065201
jzdj=01
bxcs=北戴河公园
bdw_jd=金融街街道
bdw_yyxz=
bdw_sfhyf=
bdw_fxlx=
bdw_sbmc=
bdw_cjh=
bdw_fdjh=
bdw_cjdjrq=
bdw_cllx=
bdw_cpcx=
bdw_sccj=
bdw_gzjz=
bdw_sgzyqy=
bdw_zylx=
bdw=010001
bdwmx=碣石公园礁石群
xbdm=0101001
jrbe=1
jzfs=10
bxje=2000000
bffl=0.5
dqflbz=2
ysbf=400
yyzd_zdpcg=24
yyzd_sndmlrze=6000000
yyzd_sndyye=20000000
yyzd_bdw=010056
yyzd_bdwmx=
yyzd_xbdm=0105001
yyzd_jrbe=1
yyzd_jzfs=18
yyzd_bxje=200000
yyzd_bffl=3
yyzd_dqflbz=3
yyzd_ysbf=4000
fsh=6
xsfdj=B
xsfxs=2
jgx_sf=
jgx_cs=
jgx_qx=
jgx_gcdd=
jgx_bb=
jgx_gcmc=
jgx_gclx_1=
jgx_gclx_2=
jgx_gclx_3=
jgx_gclx_4=
jgx_gclx_5=
jgx_gclx_6=
jgx_yzssjt=
jgx_yz=
jgx_cbs_ssjt=
jgx_cbs=
jgx_gchth=
jgx_gcjz=
jgx_gcqsrq=
jgx_gczzrq=
jgx_gcfw=
jgx_scqqsrq=
jgx_scqzzrq=
jgx_bzqqsrq=
jgx_bzqzzrq=
jgx_ws_xmlbdm=
jgx_ws_jrbe=
jgx_ws_bxje=
jgx_ws_fl=
jgx_ws_dqflbz=
jgx_ws_ysbf=
jgx_sz_xbdm=
jgx_sz_jrbe=
jgx_sz_ljpcxe=
jgx_sz_fv=
jgx_sz_dqflbz=
jgx_sz_ysbf=
proposalNumber=06201900101202000000000083
message=未知异常Cannot click on element
Build info: version: '3.9.0', revision: '698b3178f0', time: '2018-02-05T14:26:55.441Z'
System info: host: 'DESKTOP-I9S3ABE', ip: '100.100.99.142', os.name: 'Windows 10', os.arch: 'amd64', os.version: '10.0', java.version: '1.8.0_101'
Driver info: org.openqa.selenium.ie.InternetExplorerDriver
Capabilities {acceptInsecureCerts: false, browserName: internet explorer, browserVersion: 11, javascriptEnabled: true, pageLoadStrategy: normal, platform: WINDOWS, platformName: WINDOWS, proxy: Proxy(), se:ieOptions: {browserAttachTimeout: 0, elementScrollBehavior: 0, enablePersistentHover: true, ie.browserCommandLineSwitches: , ie.ensureCleanSession: false, ie.fileUploadDialogTimeout: 3000, ie.forceCreateProcessApi: false, ignoreProtectedModeSettings: true, ignoreZoomSetting: false, initialBrowserUrl: http://localhost:8644/, nativeEvents: true, requireWindowFocus: false}, setWindowRect: true, timeouts: {implicit: 0, pageLoad: 300000, script: 30000}, unhandledPromptBehavior: ignore}
Session ID: aaee0258-44d8-46a4-be55-a90484f67a99
screenshot=C:\Users\liu-b\git\PageObjectModel\screenshots\FCCB_TB_JCX_1_异常截屏_20200714040929834.png
testCaseName=FCCB_TBCL

2020/07/14 16:12:18:461 DEBUG com.sinosoft.test.base.TestBase:69 - 初始化class com.sinosoft.test.fccp.common.LoginPage
2020/07/14 16:12:23:495 DEBUG com.sinosoft.test.base.TestBase:26 - Before navigating to: 'http://tvfchxyw.ypic.cn'
2020/07/14 16:12:24:203 DEBUG com.sinosoft.test.base.TestBase:30 - Navigated to:'http://tvfchxyw.ypic.cn'
2020/07/14 16:12:24:204 DEBUG com.sinosoft.test.base.TestBase:76 - Trying to find Element By : By.id: username
2020/07/14 16:12:24:485 DEBUG com.sinosoft.test.base.TestBase:80 - Found Element By : By.id: username
2020/07/14 16:12:24:493  INFO com.sinosoft.test.base.TestBase:360 - setEditboxValue:[[InternetExplorerDriver: internet explorer on WINDOWS (7bdb0b9a-a2be-4093-86a3-46607e1e57fb)] -> id: username]：policy1@ypic
2020/07/14 16:12:24:495 DEBUG com.sinosoft.test.base.TestBase:76 - Trying to find Element By : By.id: username
2020/07/14 16:12:24:766 DEBUG com.sinosoft.test.base.TestBase:80 - Found Element By : By.id: username
2020/07/14 16:12:25:365 DEBUG com.sinosoft.test.base.TestBase:76 - Trying to find Element By : By.id: username
2020/07/14 16:12:25:587 DEBUG com.sinosoft.test.base.TestBase:80 - Found Element By : By.id: username
2020/07/14 16:12:26:256 DEBUG com.sinosoft.test.base.TestBase:76 - Trying to find Element By : By.id: username
2020/07/14 16:12:26:517 DEBUG com.sinosoft.test.base.TestBase:80 - Found Element By : By.id: username
2020/07/14 16:12:26:518  INFO com.sinosoft.test.base.TestBase:363 - setEditboxValue—End:[[InternetExplorerDriver: internet explorer on WINDOWS (7bdb0b9a-a2be-4093-86a3-46607e1e57fb)] -> id: username]：policy1@ypic
2020/07/14 16:12:26:518 DEBUG com.sinosoft.test.base.TestBase:76 - Trying to find Element By : By.id: password
2020/07/14 16:12:26:765 DEBUG com.sinosoft.test.base.TestBase:80 - Found Element By : By.id: password
2020/07/14 16:12:26:765  INFO com.sinosoft.test.base.TestBase:360 - setEditboxValue:[[InternetExplorerDriver: internet explorer on WINDOWS (7bdb0b9a-a2be-4093-86a3-46607e1e57fb)] -> id: password]：ypic@1234
2020/07/14 16:12:26:766 DEBUG com.sinosoft.test.base.TestBase:76 - Trying to find Element By : By.id: password
2020/07/14 16:12:27:030 DEBUG com.sinosoft.test.base.TestBase:80 - Found Element By : By.id: password
2020/07/14 16:12:27:571 DEBUG com.sinosoft.test.base.TestBase:76 - Trying to find Element By : By.id: password
2020/07/14 16:12:27:830 DEBUG com.sinosoft.test.base.TestBase:80 - Found Element By : By.id: password
2020/07/14 16:12:28:363 DEBUG com.sinosoft.test.base.TestBase:76 - Trying to find Element By : By.id: password
2020/07/14 16:12:28:648 DEBUG com.sinosoft.test.base.TestBase:80 - Found Element By : By.id: password
2020/07/14 16:12:28:649  INFO com.sinosoft.test.base.TestBase:363 - setEditboxValue—End:[[InternetExplorerDriver: internet explorer on WINDOWS (7bdb0b9a-a2be-4093-86a3-46607e1e57fb)] -> id: password]：ypic@1234
2020/07/14 16:12:28:650 DEBUG com.sinosoft.test.base.TestBase:76 - Trying to find Element By : By.id: bt_submit
2020/07/14 16:12:28:961 DEBUG com.sinosoft.test.base.TestBase:80 - Found Element By : By.id: bt_submit
2020/07/14 16:12:28:962  INFO com.sinosoft.test.base.TestBase:402 - clickButton:[[InternetExplorerDriver: internet explorer on WINDOWS (7bdb0b9a-a2be-4093-86a3-46607e1e57fb)] -> id: bt_submit]
2020/07/14 16:12:28:962 DEBUG com.sinosoft.test.base.TestBase:76 - Trying to find Element By : By.id: bt_submit
2020/07/14 16:12:29:249 DEBUG com.sinosoft.test.base.TestBase:80 - Found Element By : By.id: bt_submit
2020/07/14 16:12:29:249 DEBUG com.sinosoft.test.base.TestBase:42 - Trying to click on: [[InternetExplorerDriver: internet explorer on WINDOWS (7bdb0b9a-a2be-4093-86a3-46607e1e57fb)] -> id: bt_submit]
2020/07/14 16:12:30:747 DEBUG com.sinosoft.test.base.TestBase:46 - Clicked on: [[InternetExplorerDriver: internet explorer on WINDOWS (7bdb0b9a-a2be-4093-86a3-46607e1e57fb)] -> id: bt_submit]
2020/07/14 16:12:30:762 DEBUG com.sinosoft.test.base.TestBase:76 - Trying to find Element By : By.xpath: //input[@value='继续登录']
2020/07/14 16:12:31:004 DEBUG com.sinosoft.test.base.TestBase:80 - Found Element By : By.xpath: //input[@value='继续登录']
2020/07/14 16:12:31:446  INFO com.sinosoft.test.base.TestBase:73 - 重复登录，发现继续登录按钮，强制登录ButtonName:[[InternetExplorerDriver: internet explorer on WINDOWS (7bdb0b9a-a2be-4093-86a3-46607e1e57fb)] -> xpath: //input[@value='继续登录']];Displayed：+true;Enabled=true
2020/07/14 16:12:31:447  INFO com.sinosoft.test.base.TestBase:402 - clickButton:[[InternetExplorerDriver: internet explorer on WINDOWS (7bdb0b9a-a2be-4093-86a3-46607e1e57fb)] -> xpath: //input[@value='继续登录']]
2020/07/14 16:12:31:448 DEBUG com.sinosoft.test.base.TestBase:42 - Trying to click on: [[InternetExplorerDriver: internet explorer on WINDOWS (7bdb0b9a-a2be-4093-86a3-46607e1e57fb)] -> xpath: //input[@value='继续登录']]
2020/07/14 16:12:34:376 DEBUG com.sinosoft.test.base.TestBase:46 - Clicked on: [[InternetExplorerDriver: internet explorer on WINDOWS (7bdb0b9a-a2be-4093-86a3-46607e1e57fb)] -> xpath: //input[@value='继续登录']]
2020/07/14 16:12:34:379 DEBUG com.sinosoft.test.base.TestBase:69 - 初始化class com.sinosoft.test.fccp.common.HomePage
2020/07/14 16:12:35:110 DEBUG com.sinosoft.test.base.TestBase:76 - Trying to find Element By : By.linkText: 承保子系统
2020/07/14 16:12:35:197 DEBUG com.sinosoft.test.base.TestBase:80 - Found Element By : By.linkText: 承保子系统
2020/07/14 16:12:35:197  INFO com.sinosoft.test.base.TestBase:144 - RunJavaScript:[[InternetExplorerDriver: internet explorer on WINDOWS (7bdb0b9a-a2be-4093-86a3-46607e1e57fb)] -> link text: 承保子系统]	arguments[0].click();
2020/07/14 16:12:35:745 DEBUG com.sinosoft.test.base.TestBase:76 - Trying to find Element By : By.linkText: 投保管理
2020/07/14 16:12:35:841 DEBUG com.sinosoft.test.base.TestBase:80 - Found Element By : By.linkText: 投保管理
2020/07/14 16:12:35:842  INFO com.sinosoft.test.base.TestBase:144 - RunJavaScript:[[InternetExplorerDriver: internet explorer on WINDOWS (7bdb0b9a-a2be-4093-86a3-46607e1e57fb)] -> link text: 投保管理]	arguments[0].click();
2020/07/14 16:12:36:167 DEBUG com.sinosoft.test.base.TestBase:76 - Trying to find Element By : By.linkText: 投保处理
2020/07/14 16:12:36:269 DEBUG com.sinosoft.test.base.TestBase:80 - Found Element By : By.linkText: 投保处理
2020/07/14 16:12:36:273  INFO com.sinosoft.test.base.TestBase:144 - RunJavaScript:[[InternetExplorerDriver: internet explorer on WINDOWS (7bdb0b9a-a2be-4093-86a3-46607e1e57fb)] -> link text: 投保处理]	arguments[0].click();
2020/07/14 16:12:36:546 DEBUG com.sinosoft.test.base.TestBase:69 - 初始化class com.sinosoft.test.fccp.tbcl.RiskSelectPage
2020/07/14 16:12:37:317 DEBUG com.sinosoft.test.base.TestBase:93 - 投保处理/险种选择
2020/07/14 16:12:37:323 DEBUG com.sinosoft.test.base.TestBase:76 - Trying to find Element By : By.name: riskClassTemp
2020/07/14 16:12:37:429 DEBUG com.sinosoft.test.base.TestBase:80 - Found Element By : By.name: riskClassTemp
2020/07/14 16:12:37:496 DEBUG com.sinosoft.test.base.TestBase:76 - Trying to find Element By : By.name: riskClassTemp
2020/07/14 16:12:37:578 DEBUG com.sinosoft.test.base.TestBase:80 - Found Element By : By.name: riskClassTemp
2020/07/14 16:12:37:579 DEBUG com.sinosoft.test.base.TestBase:63 - SetCodeEditBox:开始设置:[[InternetExplorerDriver: internet explorer on WINDOWS (7bdb0b9a-a2be-4093-86a3-46607e1e57fb)] -> name: riskClassTemp] & Code=01
2020/07/14 16:12:37:580 DEBUG com.sinosoft.test.base.TestBase:76 - Trying to find Element By : By.name: riskClassTemp
2020/07/14 16:12:37:680 DEBUG com.sinosoft.test.base.TestBase:80 - Found Element By : By.name: riskClassTemp
2020/07/14 16:12:38:091 DEBUG com.sinosoft.test.base.TestBase:76 - Trying to find Element By : By.name: riskClassTemp
2020/07/14 16:12:38:178 DEBUG com.sinosoft.test.base.TestBase:80 - Found Element By : By.name: riskClassTemp
2020/07/14 16:12:38:859 DEBUG com.sinosoft.test.base.TestBase:76 - Trying to find Element By : By.name: riskClassTemp
2020/07/14 16:12:38:956 DEBUG com.sinosoft.test.base.TestBase:80 - Found Element By : By.name: riskClassTemp
2020/07/14 16:12:38:957 DEBUG com.sinosoft.test.base.TestBase:76 - Trying to find Element By : By.xpath: ../input[last()]
2020/07/14 16:12:39:057 DEBUG com.sinosoft.test.base.TestBase:80 - Found Element By : By.xpath: ../input[last()]
2020/07/14 16:12:39:264  INFO com.sinosoft.test.base.TestBase:71 - SetCodeEditBox:找到了Code对应的文本显示框并点击触发显示:riskClassName
2020/07/14 16:12:39:265 DEBUG com.sinosoft.test.base.TestBase:42 - Trying to click on: [[[[InternetExplorerDriver: internet explorer on WINDOWS (7bdb0b9a-a2be-4093-86a3-46607e1e57fb)] -> name: riskClassTemp]] -> xpath: ../input[last()]]
2020/07/14 16:12:40:340 DEBUG com.sinosoft.test.base.TestBase:46 - Clicked on: [[[[InternetExplorerDriver: internet explorer on WINDOWS (7bdb0b9a-a2be-4093-86a3-46607e1e57fb)] -> name: riskClassTemp]] -> xpath: ../input[last()]]
2020/07/14 16:12:40:543 DEBUG com.sinosoft.test.base.TestBase:76 - Trying to find Element By : By.name: riskClassTemp
2020/07/14 16:12:40:608 DEBUG com.sinosoft.test.base.TestBase:80 - Found Element By : By.name: riskClassTemp
2020/07/14 16:12:40:609 DEBUG com.sinosoft.test.base.TestBase:87 - SetCodeEditBox:设置完毕[[InternetExplorerDriver: internet explorer on WINDOWS (7bdb0b9a-a2be-4093-86a3-46607e1e57fb)] -> name: riskClassTemp],设置值 Code=01
2020/07/14 16:12:40:610 DEBUG com.sinosoft.test.base.TestBase:76 - Trying to find Element By : By.name: riskCode
2020/07/14 16:12:40:683 DEBUG com.sinosoft.test.base.TestBase:80 - Found Element By : By.name: riskCode
2020/07/14 16:12:40:738 DEBUG com.sinosoft.test.base.TestBase:76 - Trying to find Element By : By.name: riskCode
2020/07/14 16:12:40:803 DEBUG com.sinosoft.test.base.TestBase:80 - Found Element By : By.name: riskCode
2020/07/14 16:12:40:806 DEBUG com.sinosoft.test.base.TestBase:63 - SetCodeEditBox:开始设置:[[InternetExplorerDriver: internet explorer on WINDOWS (7bdb0b9a-a2be-4093-86a3-46607e1e57fb)] -> name: riskCode] & Code=0101
2020/07/14 16:12:40:807 DEBUG com.sinosoft.test.base.TestBase:76 - Trying to find Element By : By.name: riskCode
2020/07/14 16:12:40:904 DEBUG com.sinosoft.test.base.TestBase:80 - Found Element By : By.name: riskCode
2020/07/14 16:12:41:254 DEBUG com.sinosoft.test.base.TestBase:76 - Trying to find Element By : By.name: riskCode
2020/07/14 16:12:41:350 DEBUG com.sinosoft.test.base.TestBase:80 - Found Element By : By.name: riskCode
2020/07/14 16:12:41:979 DEBUG com.sinosoft.test.base.TestBase:76 - Trying to find Element By : By.name: riskCode
2020/07/14 16:12:42:064 DEBUG com.sinosoft.test.base.TestBase:80 - Found Element By : By.name: riskCode
2020/07/14 16:12:42:066 DEBUG com.sinosoft.test.base.TestBase:76 - Trying to find Element By : By.xpath: ../input[last()]
2020/07/14 16:12:42:168 DEBUG com.sinosoft.test.base.TestBase:80 - Found Element By : By.xpath: ../input[last()]
2020/07/14 16:12:42:345  INFO com.sinosoft.test.base.TestBase:71 - SetCodeEditBox:找到了Code对应的文本显示框并点击触发显示:riskName
2020/07/14 16:12:42:346 DEBUG com.sinosoft.test.base.TestBase:42 - Trying to click on: [[[[InternetExplorerDriver: internet explorer on WINDOWS (7bdb0b9a-a2be-4093-86a3-46607e1e57fb)] -> name: riskCode]] -> xpath: ../input[last()]]
2020/07/14 16:12:43:456 DEBUG com.sinosoft.test.base.TestBase:46 - Clicked on: [[[[InternetExplorerDriver: internet explorer on WINDOWS (7bdb0b9a-a2be-4093-86a3-46607e1e57fb)] -> name: riskCode]] -> xpath: ../input[last()]]
2020/07/14 16:12:43:658 DEBUG com.sinosoft.test.base.TestBase:76 - Trying to find Element By : By.name: riskCode
2020/07/14 16:12:43:755 DEBUG com.sinosoft.test.base.TestBase:80 - Found Element By : By.name: riskCode
2020/07/14 16:12:43:756 DEBUG com.sinosoft.test.base.TestBase:87 - SetCodeEditBox:设置完毕[[InternetExplorerDriver: internet explorer on WINDOWS (7bdb0b9a-a2be-4093-86a3-46607e1e57fb)] -> name: riskCode],设置值 Code=0101
2020/07/14 16:12:43:757 DEBUG com.sinosoft.test.base.TestBase:76 - Trying to find Element By : By.name: renewInd
2020/07/14 16:12:43:867 DEBUG com.sinosoft.test.base.TestBase:80 - Found Element By : By.name: renewInd
2020/07/14 16:12:43:869  INFO com.sinosoft.test.base.TestBase:321 - setEditboxTValue:[[[InternetExplorerDriver: internet explorer on WINDOWS (7bdb0b9a-a2be-4093-86a3-46607e1e57fb)] -> name: renewInd], [[InternetExplorerDriver: internet explorer on WINDOWS (7bdb0b9a-a2be-4093-86a3-46607e1e57fb)] -> name: renewInd]]：0
2020/07/14 16:12:43:873 DEBUG com.sinosoft.test.base.TestBase:76 - Trying to find Element By : By.name: renewInd
2020/07/14 16:12:43:968 DEBUG com.sinosoft.test.base.TestBase:80 - Found Element By : By.name: renewInd
2020/07/14 16:12:44:172 DEBUG com.sinosoft.test.base.TestBase:76 - Trying to find Element By : By.name: buttonNextStep
2020/07/14 16:12:44:254 DEBUG com.sinosoft.test.base.TestBase:80 - Found Element By : By.name: buttonNextStep
2020/07/14 16:12:44:255  INFO com.sinosoft.test.base.TestBase:402 - clickButton:[[InternetExplorerDriver: internet explorer on WINDOWS (7bdb0b9a-a2be-4093-86a3-46607e1e57fb)] -> name: buttonNextStep]
2020/07/14 16:12:44:255 DEBUG com.sinosoft.test.base.TestBase:42 - Trying to click on: [[InternetExplorerDriver: internet explorer on WINDOWS (7bdb0b9a-a2be-4093-86a3-46607e1e57fb)] -> name: buttonNextStep]
2020/07/14 16:12:47:763 DEBUG com.sinosoft.test.base.TestBase:46 - Clicked on: [[InternetExplorerDriver: internet explorer on WINDOWS (7bdb0b9a-a2be-4093-86a3-46607e1e57fb)] -> name: buttonNextStep]
2020/07/14 16:12:47:767 DEBUG com.sinosoft.test.base.TestBase:69 - 初始化class com.sinosoft.test.fccp.tbcl.BasicInfoPage
2020/07/14 16:12:50:990 DEBUG com.sinosoft.test.base.TestBase:322 - 投保处理/基本信息
2020/07/14 16:12:51:001 DEBUG com.sinosoft.test.base.TestBase:76 - Trying to find Element By : By.name: GuMainBusinessType
2020/07/14 16:12:51:184 DEBUG com.sinosoft.test.base.TestBase:80 - Found Element By : By.name: GuMainBusinessType
2020/07/14 16:12:51:184  INFO com.sinosoft.test.base.TestBase:96 - setSelectWithStartText:[[InternetExplorerDriver: internet explorer on WINDOWS (7bdb0b9a-a2be-4093-86a3-46607e1e57fb)] -> name: GuMainBusinessType]->
2020/07/14 16:12:51:185 DEBUG com.sinosoft.test.base.TestBase:76 - Trying to find Element By : By.name: GuMainCompanyCode
2020/07/14 16:12:51:325 DEBUG com.sinosoft.test.base.TestBase:80 - Found Element By : By.name: GuMainCompanyCode
2020/07/14 16:12:51:384 DEBUG com.sinosoft.test.base.TestBase:76 - Trying to find Element By : By.name: GuMainCompanyCode
2020/07/14 16:12:51:563 DEBUG com.sinosoft.test.base.TestBase:80 - Found Element By : By.name: GuMainCompanyCode
2020/07/14 16:12:51:566 DEBUG com.sinosoft.test.base.TestBase:63 - SetCodeEditBox:开始设置:[[InternetExplorerDriver: internet explorer on WINDOWS (7bdb0b9a-a2be-4093-86a3-46607e1e57fb)] -> name: GuMainCompanyCode] & Code=01620190
2020/07/14 16:12:51:567 DEBUG com.sinosoft.test.base.TestBase:76 - Trying to find Element By : By.name: GuMainCompanyCode
2020/07/14 16:12:51:708 DEBUG com.sinosoft.test.base.TestBase:80 - Found Element By : By.name: GuMainCompanyCode
2020/07/14 16:12:52:275 DEBUG com.sinosoft.test.base.TestBase:76 - Trying to find Element By : By.name: GuMainCompanyCode
2020/07/14 16:12:52:460 DEBUG com.sinosoft.test.base.TestBase:80 - Found Element By : By.name: GuMainCompanyCode
2020/07/14 16:12:53:786 DEBUG com.sinosoft.test.base.TestBase:76 - Trying to find Element By : By.name: GuMainCompanyCode
2020/07/14 16:12:53:966 DEBUG com.sinosoft.test.base.TestBase:80 - Found Element By : By.name: GuMainCompanyCode
2020/07/14 16:12:53:967 DEBUG com.sinosoft.test.base.TestBase:76 - Trying to find Element By : By.xpath: ../input[last()]
2020/07/14 16:12:54:146 DEBUG com.sinosoft.test.base.TestBase:80 - Found Element By : By.xpath: ../input[last()]
2020/07/14 16:12:54:419  INFO com.sinosoft.test.base.TestBase:71 - SetCodeEditBox:找到了Code对应的文本显示框并点击触发显示:GuMainCompanyName
2020/07/14 16:12:54:420 DEBUG com.sinosoft.test.base.TestBase:42 - Trying to click on: [[[[InternetExplorerDriver: internet explorer on WINDOWS (7bdb0b9a-a2be-4093-86a3-46607e1e57fb)] -> name: GuMainCompanyCode]] -> xpath: ../input[last()]]
2020/07/14 16:12:55:790 DEBUG com.sinosoft.test.base.TestBase:46 - Clicked on: [[[[InternetExplorerDriver: internet explorer on WINDOWS (7bdb0b9a-a2be-4093-86a3-46607e1e57fb)] -> name: GuMainCompanyCode]] -> xpath: ../input[last()]]
2020/07/14 16:12:55:992 DEBUG com.sinosoft.test.base.TestBase:76 - Trying to find Element By : By.name: GuMainCompanyCode
2020/07/14 16:12:56:130 DEBUG com.sinosoft.test.base.TestBase:80 - Found Element By : By.name: GuMainCompanyCode
2020/07/14 16:12:56:131 DEBUG com.sinosoft.test.base.TestBase:87 - SetCodeEditBox:设置完毕[[InternetExplorerDriver: internet explorer on WINDOWS (7bdb0b9a-a2be-4093-86a3-46607e1e57fb)] -> name: GuMainCompanyCode],设置值 Code=01620190
2020/07/14 16:12:56:131 DEBUG com.sinosoft.test.base.TestBase:76 - Trying to find Element By : By.name: GuMainChannelDetailCode
2020/07/14 16:12:56:296 DEBUG com.sinosoft.test.base.TestBase:80 - Found Element By : By.name: GuMainChannelDetailCode
2020/07/14 16:12:56:360 DEBUG com.sinosoft.test.base.TestBase:76 - Trying to find Element By : By.name: GuMainChannelDetailCode
2020/07/14 16:12:56:520 DEBUG com.sinosoft.test.base.TestBase:80 - Found Element By : By.name: GuMainChannelDetailCode
2020/07/14 16:12:56:522 DEBUG com.sinosoft.test.base.TestBase:63 - SetCodeEditBox:开始设置:[[InternetExplorerDriver: internet explorer on WINDOWS (7bdb0b9a-a2be-4093-86a3-46607e1e57fb)] -> name: GuMainChannelDetailCode] & Code=01
2020/07/14 16:12:56:523 DEBUG com.sinosoft.test.base.TestBase:76 - Trying to find Element By : By.name: GuMainChannelDetailCode
2020/07/14 16:12:56:657 DEBUG com.sinosoft.test.base.TestBase:80 - Found Element By : By.name: GuMainChannelDetailCode
2020/07/14 16:12:57:130 DEBUG com.sinosoft.test.base.TestBase:76 - Trying to find Element By : By.name: GuMainChannelDetailCode
2020/07/14 16:12:57:326 DEBUG com.sinosoft.test.base.TestBase:80 - Found Element By : By.name: GuMainChannelDetailCode
2020/07/14 16:12:58:191 DEBUG com.sinosoft.test.base.TestBase:76 - Trying to find Element By : By.name: GuMainChannelDetailCode
2020/07/14 16:12:58:355 DEBUG com.sinosoft.test.base.TestBase:80 - Found Element By : By.name: GuMainChannelDetailCode
2020/07/14 16:12:58:356 DEBUG com.sinosoft.test.base.TestBase:76 - Trying to find Element By : By.xpath: ../input[last()]
2020/07/14 16:12:58:523 DEBUG com.sinosoft.test.base.TestBase:80 - Found Element By : By.xpath: ../input[last()]
2020/07/14 16:12:58:814  INFO com.sinosoft.test.base.TestBase:71 - SetCodeEditBox:找到了Code对应的文本显示框并点击触发显示:GuMainChannelDetailName
2020/07/14 16:12:58:815 DEBUG com.sinosoft.test.base.TestBase:42 - Trying to click on: [[[[InternetExplorerDriver: internet explorer on WINDOWS (7bdb0b9a-a2be-4093-86a3-46607e1e57fb)] -> name: GuMainChannelDetailCode]] -> xpath: ../input[last()]]
2020/07/14 16:13:00:157 DEBUG com.sinosoft.test.base.TestBase:46 - Clicked on: [[[[InternetExplorerDriver: internet explorer on WINDOWS (7bdb0b9a-a2be-4093-86a3-46607e1e57fb)] -> name: GuMainChannelDetailCode]] -> xpath: ../input[last()]]
2020/07/14 16:13:00:358 DEBUG com.sinosoft.test.base.TestBase:76 - Trying to find Element By : By.name: GuMainChannelDetailCode
2020/07/14 16:13:00:505 DEBUG com.sinosoft.test.base.TestBase:80 - Found Element By : By.name: GuMainChannelDetailCode
2020/07/14 16:13:00:508 DEBUG com.sinosoft.test.base.TestBase:87 - SetCodeEditBox:设置完毕[[InternetExplorerDriver: internet explorer on WINDOWS (7bdb0b9a-a2be-4093-86a3-46607e1e57fb)] -> name: GuMainChannelDetailCode],设置值 Code=01
2020/07/14 16:13:00:509 DEBUG com.sinosoft.test.base.TestBase:76 - Trying to find Element By : By.name: GuMainShareHolderFlag
2020/07/14 16:13:00:673 DEBUG com.sinosoft.test.base.TestBase:80 - Found Element By : By.name: GuMainShareHolderFlag
2020/07/14 16:13:00:755 DEBUG com.sinosoft.test.base.TestBase:76 - Trying to find Element By : By.name: GuMainShareHolderFlag
2020/07/14 16:13:00:930 DEBUG com.sinosoft.test.base.TestBase:80 - Found Element By : By.name: GuMainShareHolderFlag
2020/07/14 16:13:00:931 DEBUG com.sinosoft.test.base.TestBase:42 - CodeSelect:开始设置[[InternetExplorerDriver: internet explorer on WINDOWS (7bdb0b9a-a2be-4093-86a3-46607e1e57fb)] -> name: GuMainShareHolderFlag] & Code=0
2020/07/14 16:13:00:948 DEBUG com.sinosoft.test.base.TestBase:76 - Trying to find Element By : By.name: GuMainShareHolderFlag
2020/07/14 16:13:01:116 DEBUG com.sinosoft.test.base.TestBase:80 - Found Element By : By.name: GuMainShareHolderFlag
2020/07/14 16:13:02:270 DEBUG com.sinosoft.test.base.TestBase:272 - 系统窗口【黄河财险业务系统】with handle -6f7c0e5c-bc8a-4942-9757-6a8542ef21ca
2020/07/14 16:13:03:086 DEBUG com.sinosoft.test.base.TestBase:272 - 系统窗口【黄河财险业务系统】with handle -6f7c0e5c-bc8a-4942-9757-6a8542ef21ca
2020/07/14 16:13:03:917 DEBUG com.sinosoft.test.base.TestBase:272 - 系统窗口【黄河财险业务系统】with handle -6f7c0e5c-bc8a-4942-9757-6a8542ef21ca
2020/07/14 16:13:04:767 DEBUG com.sinosoft.test.base.TestBase:272 - 系统窗口【黄河财险业务系统】with handle -6f7c0e5c-bc8a-4942-9757-6a8542ef21ca
2020/07/14 16:13:05:616 DEBUG com.sinosoft.test.base.TestBase:272 - 系统窗口【黄河财险业务系统】with handle -6f7c0e5c-bc8a-4942-9757-6a8542ef21ca
2020/07/14 16:13:06:449 DEBUG com.sinosoft.test.base.TestBase:272 - 系统窗口【黄河财险业务系统】with handle -6f7c0e5c-bc8a-4942-9757-6a8542ef21ca
2020/07/14 16:13:07:352 DEBUG com.sinosoft.test.base.TestBase:272 - 系统窗口【黄河财险业务系统】with handle -6f7c0e5c-bc8a-4942-9757-6a8542ef21ca
2020/07/14 16:13:07:386 DEBUG com.sinosoft.test.base.TestBase:281 - 窗口切换异常:
org.openqa.selenium.TimeoutException: Expected condition failed: waiting for com.sinosoft.test.base.TestBase$4@eda25e5 (tried for 5 second(s) with 500 MILLISECONDS interval)
Build info: version: '3.9.0', revision: '698b3178f0', time: '2018-02-05T14:26:55.441Z'
System info: host: 'DESKTOP-I9S3ABE', ip: '100.100.99.142', os.name: 'Windows 10', os.arch: 'amd64', os.version: '10.0', java.version: '1.8.0_101'
Driver info: org.openqa.selenium.support.events.EventFiringWebDriver
Capabilities {acceptInsecureCerts: false, browserName: internet explorer, browserVersion: 11, javascriptEnabled: true, pageLoadStrategy: normal, platform: WINDOWS, platformName: WINDOWS, proxy: Proxy(), se:ieOptions: {browserAttachTimeout: 0, elementScrollBehavior: 0, enablePersistentHover: true, ie.browserCommandLineSwitches: , ie.ensureCleanSession: false, ie.fileUploadDialogTimeout: 3000, ie.forceCreateProcessApi: false, ignoreProtectedModeSettings: true, ignoreZoomSetting: false, initialBrowserUrl: http://localhost:5607/, nativeEvents: true, requireWindowFocus: false}, setWindowRect: true, timeouts: {implicit: 0, pageLoad: 300000, script: 30000}, unhandledPromptBehavior: ignore}
Session ID: 7bdb0b9a-a2be-4093-86a3-46607e1e57fb
	at org.openqa.selenium.support.ui.WebDriverWait.timeoutException(WebDriverWait.java:82)
	at org.openqa.selenium.support.ui.FluentWait.until(FluentWait.java:231)
	at com.sinosoft.test.base.TestBase.navigateToWindowByTitle(TestBase.java:265)
	at com.sinosoft.test.fccp.common.FccbBase.CodeSelect(FccbBase.java:44)
	at com.sinosoft.test.fccp.tbcl.BasicInfoPage.inputSalesInfoAction(BasicInfoPage.java:348)
	at com.sinosoft.test.fccp.tbcl.BasicInfoPage.inputSalesInfoAction(BasicInfoPage.java:363)
	at com.sinosoft.testcases.fccb.TBGLTestCase.FCCB_TBCL(TBGLTestCase.java:96)
	at sun.reflect.NativeMethodAccessorImpl.invoke0(Native Method)
	at sun.reflect.NativeMethodAccessorImpl.invoke(NativeMethodAccessorImpl.java:62)
	at sun.reflect.DelegatingMethodAccessorImpl.invoke(DelegatingMethodAccessorImpl.java:43)
	at java.lang.reflect.Method.invoke(Method.java:498)
	at org.testng.internal.MethodInvocationHelper.invokeMethod(MethodInvocationHelper.java:108)
	at org.testng.internal.Invoker.invokeMethod(Invoker.java:661)
	at org.testng.internal.Invoker.invokeTestMethod(Invoker.java:869)
	at org.testng.internal.Invoker.invokeTestMethods(Invoker.java:1193)
	at org.testng.internal.TestMethodWorker.invokeTestMethods(TestMethodWorker.java:126)
	at org.testng.internal.TestMethodWorker.run(TestMethodWorker.java:109)
	at org.testng.TestRunner.privateRun(TestRunner.java:744)
	at org.testng.TestRunner.run(TestRunner.java:602)
	at org.testng.SuiteRunner.runTest(SuiteRunner.java:380)
	at org.testng.SuiteRunner.runSequentially(SuiteRunner.java:375)
	at org.testng.SuiteRunner.privateRun(SuiteRunner.java:340)
	at org.testng.SuiteRunner.run(SuiteRunner.java:289)
	at org.testng.SuiteRunnerWorker.runSuite(SuiteRunnerWorker.java:52)
	at org.testng.SuiteRunnerWorker.run(SuiteRunnerWorker.java:86)
	at org.testng.TestNG.runSuitesSequentially(TestNG.java:1301)
	at org.testng.TestNG.runSuitesLocally(TestNG.java:1226)
	at org.testng.TestNG.runSuites(TestNG.java:1144)
	at org.testng.TestNG.run(TestNG.java:1115)
	at org.apache.maven.surefire.testng.TestNGExecutor.run(TestNGExecutor.java:283)
	at org.apache.maven.surefire.testng.TestNGXmlTestSuite.execute(TestNGXmlTestSuite.java:75)
	at org.apache.maven.surefire.testng.TestNGProvider.invoke(TestNGProvider.java:120)
	at org.apache.maven.surefire.booter.ForkedBooter.invokeProviderInSameClassLoader(ForkedBooter.java:384)
	at org.apache.maven.surefire.booter.ForkedBooter.runSuitesInProcess(ForkedBooter.java:345)
	at org.apache.maven.surefire.booter.ForkedBooter.execute(ForkedBooter.java:126)
	at org.apache.maven.surefire.booter.ForkedBooter.main(ForkedBooter.java:418)
2020/07/14 16:13:07:393 DEBUG com.sinosoft.test.base.TestBase:69 - 初始化class com.sinosoft.test.fccp.common.CodeSelectPage
2020/07/14 16:13:07:402 DEBUG com.sinosoft.test.base.TestBase:39 - 基础码表选择！
2020/07/14 16:13:07:403 DEBUG com.sinosoft.test.base.TestBase:76 - Trying to find Element By : By.name: fieldValue
2020/07/14 16:13:10:071 DEBUG com.sinosoft.test.base.TestBase:66 - 系统自动捕获异常：Exception occured: org.openqa.selenium.NoSuchElementException: Unable to find element with css selector == *[name='fieldValue']
For documentation on this error, please visit: http://seleniumhq.org/exceptions/no_such_element.html
Build info: version: '3.9.0', revision: '698b3178f0', time: '2018-02-05T14:26:55.441Z'
System info: host: 'DESKTOP-I9S3ABE', ip: '100.100.99.142', os.name: 'Windows 10', os.arch: 'amd64', os.version: '10.0', java.version: '1.8.0_101'
Driver info: org.openqa.selenium.ie.InternetExplorerDriver
Capabilities {acceptInsecureCerts: false, browserName: internet explorer, browserVersion: 11, javascriptEnabled: true, pageLoadStrategy: normal, platform: WINDOWS, platformName: WINDOWS, proxy: Proxy(), se:ieOptions: {browserAttachTimeout: 0, elementScrollBehavior: 0, enablePersistentHover: true, ie.browserCommandLineSwitches: , ie.ensureCleanSession: false, ie.fileUploadDialogTimeout: 3000, ie.forceCreateProcessApi: false, ignoreProtectedModeSettings: true, ignoreZoomSetting: false, initialBrowserUrl: http://localhost:5607/, nativeEvents: true, requireWindowFocus: false}, setWindowRect: true, timeouts: {implicit: 0, pageLoad: 300000, script: 30000}, unhandledPromptBehavior: ignore}
Session ID: 7bdb0b9a-a2be-4093-86a3-46607e1e57fb
*** Element info: {Using=name, value=fieldValue}
2020/07/14 16:13:10:072  INFO com.sinosoft.test.base.TestBase:68 - 异常的message 是：Unable to find element with css selector == *[name='fieldValue']
For documentation on this error, please visit: http://seleniumhq.org/exceptions/no_such_element.html
Build info: version: '3.9.0', revision: '698b3178f0', time: '2018-02-05T14:26:55.441Z'
System info: host: 'DESKTOP-I9S3ABE', ip: '100.100.99.142', os.name: 'Windows 10', os.arch: 'amd64', os.version: '10.0', java.version: '1.8.0_101'
Driver info: org.openqa.selenium.ie.InternetExplorerDriver
Capabilities {acceptInsecureCerts: false, browserName: internet explorer, browserVersion: 11, javascriptEnabled: true, pageLoadStrategy: normal, platform: WINDOWS, platformName: WINDOWS, proxy: Proxy(), se:ieOptions: {browserAttachTimeout: 0, elementScrollBehavior: 0, enablePersistentHover: true, ie.browserCommandLineSwitches: , ie.ensureCleanSession: false, ie.fileUploadDialogTimeout: 3000, ie.forceCreateProcessApi: false, ignoreProtectedModeSettings: true, ignoreZoomSetting: false, initialBrowserUrl: http://localhost:5607/, nativeEvents: true, requireWindowFocus: false}, setWindowRect: true, timeouts: {implicit: 0, pageLoad: 300000, script: 30000}, unhandledPromptBehavior: ignore}
Session ID: 7bdb0b9a-a2be-4093-86a3-46607e1e57fb
*** Element info: {Using=name, value=fieldValue}
2020/07/14 16:13:10:073 DEBUG com.sinosoft.test.base.TestBase:76 - Trying to find Element By : By.name: fieldValue
2020/07/14 16:13:12:320 DEBUG com.sinosoft.test.base.TestBase:66 - 系统自动捕获异常：Exception occured: org.openqa.selenium.NoSuchElementException: Unable to find element with css selector == *[name='fieldValue']
For documentation on this error, please visit: http://seleniumhq.org/exceptions/no_such_element.html
Build info: version: '3.9.0', revision: '698b3178f0', time: '2018-02-05T14:26:55.441Z'
System info: host: 'DESKTOP-I9S3ABE', ip: '100.100.99.142', os.name: 'Windows 10', os.arch: 'amd64', os.version: '10.0', java.version: '1.8.0_101'
Driver info: org.openqa.selenium.ie.InternetExplorerDriver
Capabilities {acceptInsecureCerts: false, browserName: internet explorer, browserVersion: 11, javascriptEnabled: true, pageLoadStrategy: normal, platform: WINDOWS, platformName: WINDOWS, proxy: Proxy(), se:ieOptions: {browserAttachTimeout: 0, elementScrollBehavior: 0, enablePersistentHover: true, ie.browserCommandLineSwitches: , ie.ensureCleanSession: false, ie.fileUploadDialogTimeout: 3000, ie.forceCreateProcessApi: false, ignoreProtectedModeSettings: true, ignoreZoomSetting: false, initialBrowserUrl: http://localhost:5607/, nativeEvents: true, requireWindowFocus: false}, setWindowRect: true, timeouts: {implicit: 0, pageLoad: 300000, script: 30000}, unhandledPromptBehavior: ignore}
Session ID: 7bdb0b9a-a2be-4093-86a3-46607e1e57fb
*** Element info: {Using=name, value=fieldValue}
2020/07/14 16:13:12:321  INFO com.sinosoft.test.base.TestBase:68 - 异常的message 是：Unable to find element with css selector == *[name='fieldValue']
For documentation on this error, please visit: http://seleniumhq.org/exceptions/no_such_element.html
Build info: version: '3.9.0', revision: '698b3178f0', time: '2018-02-05T14:26:55.441Z'
System info: host: 'DESKTOP-I9S3ABE', ip: '100.100.99.142', os.name: 'Windows 10', os.arch: 'amd64', os.version: '10.0', java.version: '1.8.0_101'
Driver info: org.openqa.selenium.ie.InternetExplorerDriver
Capabilities {acceptInsecureCerts: false, browserName: internet explorer, browserVersion: 11, javascriptEnabled: true, pageLoadStrategy: normal, platform: WINDOWS, platformName: WINDOWS, proxy: Proxy(), se:ieOptions: {browserAttachTimeout: 0, elementScrollBehavior: 0, enablePersistentHover: true, ie.browserCommandLineSwitches: , ie.ensureCleanSession: false, ie.fileUploadDialogTimeout: 3000, ie.forceCreateProcessApi: false, ignoreProtectedModeSettings: true, ignoreZoomSetting: false, initialBrowserUrl: http://localhost:5607/, nativeEvents: true, requireWindowFocus: false}, setWindowRect: true, timeouts: {implicit: 0, pageLoad: 300000, script: 30000}, unhandledPromptBehavior: ignore}
Session ID: 7bdb0b9a-a2be-4093-86a3-46607e1e57fb
*** Element info: {Using=name, value=fieldValue}
2020/07/14 16:13:12:572 DEBUG com.sinosoft.test.base.TestBase:76 - Trying to find Element By : By.name: fieldValue
2020/07/14 16:13:14:628 DEBUG com.sinosoft.test.base.TestBase:66 - 系统自动捕获异常：Exception occured: org.openqa.selenium.NoSuchElementException: Unable to find element with css selector == *[name='fieldValue']
For documentation on this error, please visit: http://seleniumhq.org/exceptions/no_such_element.html
Build info: version: '3.9.0', revision: '698b3178f0', time: '2018-02-05T14:26:55.441Z'
System info: host: 'DESKTOP-I9S3ABE', ip: '100.100.99.142', os.name: 'Windows 10', os.arch: 'amd64', os.version: '10.0', java.version: '1.8.0_101'
Driver info: org.openqa.selenium.ie.InternetExplorerDriver
Capabilities {acceptInsecureCerts: false, browserName: internet explorer, browserVersion: 11, javascriptEnabled: true, pageLoadStrategy: normal, platform: WINDOWS, platformName: WINDOWS, proxy: Proxy(), se:ieOptions: {browserAttachTimeout: 0, elementScrollBehavior: 0, enablePersistentHover: true, ie.browserCommandLineSwitches: , ie.ensureCleanSession: false, ie.fileUploadDialogTimeout: 3000, ie.forceCreateProcessApi: false, ignoreProtectedModeSettings: true, ignoreZoomSetting: false, initialBrowserUrl: http://localhost:5607/, nativeEvents: true, requireWindowFocus: false}, setWindowRect: true, timeouts: {implicit: 0, pageLoad: 300000, script: 30000}, unhandledPromptBehavior: ignore}
Session ID: 7bdb0b9a-a2be-4093-86a3-46607e1e57fb
*** Element info: {Using=name, value=fieldValue}
2020/07/14 16:13:14:629  INFO com.sinosoft.test.base.TestBase:68 - 异常的message 是：Unable to find element with css selector == *[name='fieldValue']
For documentation on this error, please visit: http://seleniumhq.org/exceptions/no_such_element.html
Build info: version: '3.9.0', revision: '698b3178f0', time: '2018-02-05T14:26:55.441Z'
System info: host: 'DESKTOP-I9S3ABE', ip: '100.100.99.142', os.name: 'Windows 10', os.arch: 'amd64', os.version: '10.0', java.version: '1.8.0_101'
Driver info: org.openqa.selenium.ie.InternetExplorerDriver
Capabilities {acceptInsecureCerts: false, browserName: internet explorer, browserVersion: 11, javascriptEnabled: true, pageLoadStrategy: normal, platform: WINDOWS, platformName: WINDOWS, proxy: Proxy(), se:ieOptions: {browserAttachTimeout: 0, elementScrollBehavior: 0, enablePersistentHover: true, ie.browserCommandLineSwitches: , ie.ensureCleanSession: false, ie.fileUploadDialogTimeout: 3000, ie.forceCreateProcessApi: false, ignoreProtectedModeSettings: true, ignoreZoomSetting: false, initialBrowserUrl: http://localhost:5607/, nativeEvents: true, requireWindowFocus: false}, setWindowRect: true, timeouts: {implicit: 0, pageLoad: 300000, script: 30000}, unhandledPromptBehavior: ignore}
Session ID: 7bdb0b9a-a2be-4093-86a3-46607e1e57fb
*** Element info: {Using=name, value=fieldValue}
2020/07/14 16:13:14:882 DEBUG com.sinosoft.test.base.TestBase:76 - Trying to find Element By : By.name: fieldValue
2020/07/14 16:13:16:908 DEBUG com.sinosoft.test.base.TestBase:66 - 系统自动捕获异常：Exception occured: org.openqa.selenium.NoSuchElementException: Unable to find element with css selector == *[name='fieldValue']
For documentation on this error, please visit: http://seleniumhq.org/exceptions/no_such_element.html
Build info: version: '3.9.0', revision: '698b3178f0', time: '2018-02-05T14:26:55.441Z'
System info: host: 'DESKTOP-I9S3ABE', ip: '100.100.99.142', os.name: 'Windows 10', os.arch: 'amd64', os.version: '10.0', java.version: '1.8.0_101'
Driver info: org.openqa.selenium.ie.InternetExplorerDriver
Capabilities {acceptInsecureCerts: false, browserName: internet explorer, browserVersion: 11, javascriptEnabled: true, pageLoadStrategy: normal, platform: WINDOWS, platformName: WINDOWS, proxy: Proxy(), se:ieOptions: {browserAttachTimeout: 0, elementScrollBehavior: 0, enablePersistentHover: true, ie.browserCommandLineSwitches: , ie.ensureCleanSession: false, ie.fileUploadDialogTimeout: 3000, ie.forceCreateProcessApi: false, ignoreProtectedModeSettings: true, ignoreZoomSetting: false, initialBrowserUrl: http://localhost:5607/, nativeEvents: true, requireWindowFocus: false}, setWindowRect: true, timeouts: {implicit: 0, pageLoad: 300000, script: 30000}, unhandledPromptBehavior: ignore}
Session ID: 7bdb0b9a-a2be-4093-86a3-46607e1e57fb
*** Element info: {Using=name, value=fieldValue}
2020/07/14 16:13:16:909  INFO com.sinosoft.test.base.TestBase:68 - 异常的message 是：Unable to find element with css selector == *[name='fieldValue']
For documentation on this error, please visit: http://seleniumhq.org/exceptions/no_such_element.html
Build info: version: '3.9.0', revision: '698b3178f0', time: '2018-02-05T14:26:55.441Z'
System info: host: 'DESKTOP-I9S3ABE', ip: '100.100.99.142', os.name: 'Windows 10', os.arch: 'amd64', os.version: '10.0', java.version: '1.8.0_101'
Driver info: org.openqa.selenium.ie.InternetExplorerDriver
Capabilities {acceptInsecureCerts: false, browserName: internet explorer, browserVersion: 11, javascriptEnabled: true, pageLoadStrategy: normal, platform: WINDOWS, platformName: WINDOWS, proxy: Proxy(), se:ieOptions: {browserAttachTimeout: 0, elementScrollBehavior: 0, enablePersistentHover: true, ie.browserCommandLineSwitches: , ie.ensureCleanSession: false, ie.fileUploadDialogTimeout: 3000, ie.forceCreateProcessApi: false, ignoreProtectedModeSettings: true, ignoreZoomSetting: false, initialBrowserUrl: http://localhost:5607/, nativeEvents: true, requireWindowFocus: false}, setWindowRect: true, timeouts: {implicit: 0, pageLoad: 300000, script: 30000}, unhandledPromptBehavior: ignore}
Session ID: 7bdb0b9a-a2be-4093-86a3-46607e1e57fb
*** Element info: {Using=name, value=fieldValue}
2020/07/14 16:13:17:161 DEBUG com.sinosoft.test.base.TestBase:76 - Trying to find Element By : By.name: fieldValue
2020/07/14 16:13:19:866 DEBUG com.sinosoft.test.base.TestBase:66 - 系统自动捕获异常：Exception occured: org.openqa.selenium.NoSuchElementException: Unable to find element with css selector == *[name='fieldValue']
For documentation on this error, please visit: http://seleniumhq.org/exceptions/no_such_element.html
Build info: version: '3.9.0', revision: '698b3178f0', time: '2018-02-05T14:26:55.441Z'
System info: host: 'DESKTOP-I9S3ABE', ip: '100.100.99.142', os.name: 'Windows 10', os.arch: 'amd64', os.version: '10.0', java.version: '1.8.0_101'
Driver info: org.openqa.selenium.ie.InternetExplorerDriver
Capabilities {acceptInsecureCerts: false, browserName: internet explorer, browserVersion: 11, javascriptEnabled: true, pageLoadStrategy: normal, platform: WINDOWS, platformName: WINDOWS, proxy: Proxy(), se:ieOptions: {browserAttachTimeout: 0, elementScrollBehavior: 0, enablePersistentHover: true, ie.browserCommandLineSwitches: , ie.ensureCleanSession: false, ie.fileUploadDialogTimeout: 3000, ie.forceCreateProcessApi: false, ignoreProtectedModeSettings: true, ignoreZoomSetting: false, initialBrowserUrl: http://localhost:5607/, nativeEvents: true, requireWindowFocus: false}, setWindowRect: true, timeouts: {implicit: 0, pageLoad: 300000, script: 30000}, unhandledPromptBehavior: ignore}
Session ID: 7bdb0b9a-a2be-4093-86a3-46607e1e57fb
*** Element info: {Using=name, value=fieldValue}
2020/07/14 16:13:19:868  INFO com.sinosoft.test.base.TestBase:68 - 异常的message 是：Unable to find element with css selector == *[name='fieldValue']
For documentation on this error, please visit: http://seleniumhq.org/exceptions/no_such_element.html
Build info: version: '3.9.0', revision: '698b3178f0', time: '2018-02-05T14:26:55.441Z'
System info: host: 'DESKTOP-I9S3ABE', ip: '100.100.99.142', os.name: 'Windows 10', os.arch: 'amd64', os.version: '10.0', java.version: '1.8.0_101'
Driver info: org.openqa.selenium.ie.InternetExplorerDriver
Capabilities {acceptInsecureCerts: false, browserName: internet explorer, browserVersion: 11, javascriptEnabled: true, pageLoadStrategy: normal, platform: WINDOWS, platformName: WINDOWS, proxy: Proxy(), se:ieOptions: {browserAttachTimeout: 0, elementScrollBehavior: 0, enablePersistentHover: true, ie.browserCommandLineSwitches: , ie.ensureCleanSession: false, ie.fileUploadDialogTimeout: 3000, ie.forceCreateProcessApi: false, ignoreProtectedModeSettings: true, ignoreZoomSetting: false, initialBrowserUrl: http://localhost:5607/, nativeEvents: true, requireWindowFocus: false}, setWindowRect: true, timeouts: {implicit: 0, pageLoad: 300000, script: 30000}, unhandledPromptBehavior: ignore}
Session ID: 7bdb0b9a-a2be-4093-86a3-46607e1e57fb
*** Element info: {Using=name, value=fieldValue}
2020/07/14 16:13:20:122 DEBUG com.sinosoft.test.base.TestBase:76 - Trying to find Element By : By.name: fieldValue
2020/07/14 16:13:22:163 DEBUG com.sinosoft.test.base.TestBase:66 - 系统自动捕获异常：Exception occured: org.openqa.selenium.NoSuchElementException: Unable to find element with css selector == *[name='fieldValue']
For documentation on this error, please visit: http://seleniumhq.org/exceptions/no_such_element.html
Build info: version: '3.9.0', revision: '698b3178f0', time: '2018-02-05T14:26:55.441Z'
System info: host: 'DESKTOP-I9S3ABE', ip: '100.100.99.142', os.name: 'Windows 10', os.arch: 'amd64', os.version: '10.0', java.version: '1.8.0_101'
Driver info: org.openqa.selenium.ie.InternetExplorerDriver
Capabilities {acceptInsecureCerts: false, browserName: internet explorer, browserVersion: 11, javascriptEnabled: true, pageLoadStrategy: normal, platform: WINDOWS, platformName: WINDOWS, proxy: Proxy(), se:ieOptions: {browserAttachTimeout: 0, elementScrollBehavior: 0, enablePersistentHover: true, ie.browserCommandLineSwitches: , ie.ensureCleanSession: false, ie.fileUploadDialogTimeout: 3000, ie.forceCreateProcessApi: false, ignoreProtectedModeSettings: true, ignoreZoomSetting: false, initialBrowserUrl: http://localhost:5607/, nativeEvents: true, requireWindowFocus: false}, setWindowRect: true, timeouts: {implicit: 0, pageLoad: 300000, script: 30000}, unhandledPromptBehavior: ignore}
Session ID: 7bdb0b9a-a2be-4093-86a3-46607e1e57fb
*** Element info: {Using=name, value=fieldValue}
2020/07/14 16:13:22:164  INFO com.sinosoft.test.base.TestBase:68 - 异常的message 是：Unable to find element with css selector == *[name='fieldValue']
For documentation on this error, please visit: http://seleniumhq.org/exceptions/no_such_element.html
Build info: version: '3.9.0', revision: '698b3178f0', time: '2018-02-05T14:26:55.441Z'
System info: host: 'DESKTOP-I9S3ABE', ip: '100.100.99.142', os.name: 'Windows 10', os.arch: 'amd64', os.version: '10.0', java.version: '1.8.0_101'
Driver info: org.openqa.selenium.ie.InternetExplorerDriver
Capabilities {acceptInsecureCerts: false, browserName: internet explorer, browserVersion: 11, javascriptEnabled: true, pageLoadStrategy: normal, platform: WINDOWS, platformName: WINDOWS, proxy: Proxy(), se:ieOptions: {browserAttachTimeout: 0, elementScrollBehavior: 0, enablePersistentHover: true, ie.browserCommandLineSwitches: , ie.ensureCleanSession: false, ie.fileUploadDialogTimeout: 3000, ie.forceCreateProcessApi: false, ignoreProtectedModeSettings: true, ignoreZoomSetting: false, initialBrowserUrl: http://localhost:5607/, nativeEvents: true, requireWindowFocus: false}, setWindowRect: true, timeouts: {implicit: 0, pageLoad: 300000, script: 30000}, unhandledPromptBehavior: ignore}
Session ID: 7bdb0b9a-a2be-4093-86a3-46607e1e57fb
*** Element info: {Using=name, value=fieldValue}
2020/07/14 16:13:22:168  INFO com.sinosoft.test.base.TestBase:360 - setEditboxValue:Proxy element for: AjaxElementLocator 'By.name: fieldValue'：0
2020/07/14 16:13:22:169 DEBUG com.sinosoft.test.base.TestBase:76 - Trying to find Element By : By.name: fieldValue
2020/07/14 16:13:24:828 DEBUG com.sinosoft.test.base.TestBase:66 - 系统自动捕获异常：Exception occured: org.openqa.selenium.NoSuchElementException: Unable to find element with css selector == *[name='fieldValue']
For documentation on this error, please visit: http://seleniumhq.org/exceptions/no_such_element.html
Build info: version: '3.9.0', revision: '698b3178f0', time: '2018-02-05T14:26:55.441Z'
System info: host: 'DESKTOP-I9S3ABE', ip: '100.100.99.142', os.name: 'Windows 10', os.arch: 'amd64', os.version: '10.0', java.version: '1.8.0_101'
Driver info: org.openqa.selenium.ie.InternetExplorerDriver
Capabilities {acceptInsecureCerts: false, browserName: internet explorer, browserVersion: 11, javascriptEnabled: true, pageLoadStrategy: normal, platform: WINDOWS, platformName: WINDOWS, proxy: Proxy(), se:ieOptions: {browserAttachTimeout: 0, elementScrollBehavior: 0, enablePersistentHover: true, ie.browserCommandLineSwitches: , ie.ensureCleanSession: false, ie.fileUploadDialogTimeout: 3000, ie.forceCreateProcessApi: false, ignoreProtectedModeSettings: true, ignoreZoomSetting: false, initialBrowserUrl: http://localhost:5607/, nativeEvents: true, requireWindowFocus: false}, setWindowRect: true, timeouts: {implicit: 0, pageLoad: 300000, script: 30000}, unhandledPromptBehavior: ignore}
Session ID: 7bdb0b9a-a2be-4093-86a3-46607e1e57fb
*** Element info: {Using=name, value=fieldValue}
2020/07/14 16:13:24:829  INFO com.sinosoft.test.base.TestBase:68 - 异常的message 是：Unable to find element with css selector == *[name='fieldValue']
For documentation on this error, please visit: http://seleniumhq.org/exceptions/no_such_element.html
Build info: version: '3.9.0', revision: '698b3178f0', time: '2018-02-05T14:26:55.441Z'
System info: host: 'DESKTOP-I9S3ABE', ip: '100.100.99.142', os.name: 'Windows 10', os.arch: 'amd64', os.version: '10.0', java.version: '1.8.0_101'
Driver info: org.openqa.selenium.ie.InternetExplorerDriver
Capabilities {acceptInsecureCerts: false, browserName: internet explorer, browserVersion: 11, javascriptEnabled: true, pageLoadStrategy: normal, platform: WINDOWS, platformName: WINDOWS, proxy: Proxy(), se:ieOptions: {browserAttachTimeout: 0, elementScrollBehavior: 0, enablePersistentHover: true, ie.browserCommandLineSwitches: , ie.ensureCleanSession: false, ie.fileUploadDialogTimeout: 3000, ie.forceCreateProcessApi: false, ignoreProtectedModeSettings: true, ignoreZoomSetting: false, initialBrowserUrl: http://localhost:5607/, nativeEvents: true, requireWindowFocus: false}, setWindowRect: true, timeouts: {implicit: 0, pageLoad: 300000, script: 30000}, unhandledPromptBehavior: ignore}
Session ID: 7bdb0b9a-a2be-4093-86a3-46607e1e57fb
*** Element info: {Using=name, value=fieldValue}
2020/07/14 16:13:24:831 DEBUG com.sinosoft.test.base.TestBase:76 - Trying to find Element By : By.name: fieldValue
2020/07/14 16:13:26:960 DEBUG com.sinosoft.test.base.TestBase:66 - 系统自动捕获异常：Exception occured: org.openqa.selenium.NoSuchElementException: Unable to find element with css selector == *[name='fieldValue']
For documentation on this error, please visit: http://seleniumhq.org/exceptions/no_such_element.html
Build info: version: '3.9.0', revision: '698b3178f0', time: '2018-02-05T14:26:55.441Z'
System info: host: 'DESKTOP-I9S3ABE', ip: '100.100.99.142', os.name: 'Windows 10', os.arch: 'amd64', os.version: '10.0', java.version: '1.8.0_101'
Driver info: org.openqa.selenium.ie.InternetExplorerDriver
Capabilities {acceptInsecureCerts: false, browserName: internet explorer, browserVersion: 11, javascriptEnabled: true, pageLoadStrategy: normal, platform: WINDOWS, platformName: WINDOWS, proxy: Proxy(), se:ieOptions: {browserAttachTimeout: 0, elementScrollBehavior: 0, enablePersistentHover: true, ie.browserCommandLineSwitches: , ie.ensureCleanSession: false, ie.fileUploadDialogTimeout: 3000, ie.forceCreateProcessApi: false, ignoreProtectedModeSettings: true, ignoreZoomSetting: false, initialBrowserUrl: http://localhost:5607/, nativeEvents: true, requireWindowFocus: false}, setWindowRect: true, timeouts: {implicit: 0, pageLoad: 300000, script: 30000}, unhandledPromptBehavior: ignore}
Session ID: 7bdb0b9a-a2be-4093-86a3-46607e1e57fb
*** Element info: {Using=name, value=fieldValue}
2020/07/14 16:13:26:961  INFO com.sinosoft.test.base.TestBase:68 - 异常的message 是：Unable to find element with css selector == *[name='fieldValue']
For documentation on this error, please visit: http://seleniumhq.org/exceptions/no_such_element.html
Build info: version: '3.9.0', revision: '698b3178f0', time: '2018-02-05T14:26:55.441Z'
System info: host: 'DESKTOP-I9S3ABE', ip: '100.100.99.142', os.name: 'Windows 10', os.arch: 'amd64', os.version: '10.0', java.version: '1.8.0_101'
Driver info: org.openqa.selenium.ie.InternetExplorerDriver
Capabilities {acceptInsecureCerts: false, browserName: internet explorer, browserVersion: 11, javascriptEnabled: true, pageLoadStrategy: normal, platform: WINDOWS, platformName: WINDOWS, proxy: Proxy(), se:ieOptions: {browserAttachTimeout: 0, elementScrollBehavior: 0, enablePersistentHover: true, ie.browserCommandLineSwitches: , ie.ensureCleanSession: false, ie.fileUploadDialogTimeout: 3000, ie.forceCreateProcessApi: false, ignoreProtectedModeSettings: true, ignoreZoomSetting: false, initialBrowserUrl: http://localhost:5607/, nativeEvents: true, requireWindowFocus: false}, setWindowRect: true, timeouts: {implicit: 0, pageLoad: 300000, script: 30000}, unhandledPromptBehavior: ignore}
Session ID: 7bdb0b9a-a2be-4093-86a3-46607e1e57fb
*** Element info: {Using=name, value=fieldValue}
2020/07/14 16:13:27:215 DEBUG com.sinosoft.test.base.TestBase:76 - Trying to find Element By : By.name: fieldValue
2020/07/14 16:13:29:287 DEBUG com.sinosoft.test.base.TestBase:66 - 系统自动捕获异常：Exception occured: org.openqa.selenium.NoSuchElementException: Unable to find element with css selector == *[name='fieldValue']
For documentation on this error, please visit: http://seleniumhq.org/exceptions/no_such_element.html
Build info: version: '3.9.0', revision: '698b3178f0', time: '2018-02-05T14:26:55.441Z'
System info: host: 'DESKTOP-I9S3ABE', ip: '100.100.99.142', os.name: 'Windows 10', os.arch: 'amd64', os.version: '10.0', java.version: '1.8.0_101'
Driver info: org.openqa.selenium.ie.InternetExplorerDriver
Capabilities {acceptInsecureCerts: false, browserName: internet explorer, browserVersion: 11, javascriptEnabled: true, pageLoadStrategy: normal, platform: WINDOWS, platformName: WINDOWS, proxy: Proxy(), se:ieOptions: {browserAttachTimeout: 0, elementScrollBehavior: 0, enablePersistentHover: true, ie.browserCommandLineSwitches: , ie.ensureCleanSession: false, ie.fileUploadDialogTimeout: 3000, ie.forceCreateProcessApi: false, ignoreProtectedModeSettings: true, ignoreZoomSetting: false, initialBrowserUrl: http://localhost:5607/, nativeEvents: true, requireWindowFocus: false}, setWindowRect: true, timeouts: {implicit: 0, pageLoad: 300000, script: 30000}, unhandledPromptBehavior: ignore}
Session ID: 7bdb0b9a-a2be-4093-86a3-46607e1e57fb
*** Element info: {Using=name, value=fieldValue}
2020/07/14 16:13:29:288  INFO com.sinosoft.test.base.TestBase:68 - 异常的message 是：Unable to find element with css selector == *[name='fieldValue']
For documentation on this error, please visit: http://seleniumhq.org/exceptions/no_such_element.html
Build info: version: '3.9.0', revision: '698b3178f0', time: '2018-02-05T14:26:55.441Z'
System info: host: 'DESKTOP-I9S3ABE', ip: '100.100.99.142', os.name: 'Windows 10', os.arch: 'amd64', os.version: '10.0', java.version: '1.8.0_101'
Driver info: org.openqa.selenium.ie.InternetExplorerDriver
Capabilities {acceptInsecureCerts: false, browserName: internet explorer, browserVersion: 11, javascriptEnabled: true, pageLoadStrategy: normal, platform: WINDOWS, platformName: WINDOWS, proxy: Proxy(), se:ieOptions: {browserAttachTimeout: 0, elementScrollBehavior: 0, enablePersistentHover: true, ie.browserCommandLineSwitches: , ie.ensureCleanSession: false, ie.fileUploadDialogTimeout: 3000, ie.forceCreateProcessApi: false, ignoreProtectedModeSettings: true, ignoreZoomSetting: false, initialBrowserUrl: http://localhost:5607/, nativeEvents: true, requireWindowFocus: false}, setWindowRect: true, timeouts: {implicit: 0, pageLoad: 300000, script: 30000}, unhandledPromptBehavior: ignore}
Session ID: 7bdb0b9a-a2be-4093-86a3-46607e1e57fb
*** Element info: {Using=name, value=fieldValue}
2020/07/14 16:13:29:540 DEBUG com.sinosoft.test.base.TestBase:76 - Trying to find Element By : By.name: fieldValue
2020/07/14 16:13:32:186 DEBUG com.sinosoft.test.base.TestBase:66 - 系统自动捕获异常：Exception occured: org.openqa.selenium.NoSuchElementException: Unable to find element with css selector == *[name='fieldValue']
For documentation on this error, please visit: http://seleniumhq.org/exceptions/no_such_element.html
Build info: version: '3.9.0', revision: '698b3178f0', time: '2018-02-05T14:26:55.441Z'
System info: host: 'DESKTOP-I9S3ABE', ip: '100.100.99.142', os.name: 'Windows 10', os.arch: 'amd64', os.version: '10.0', java.version: '1.8.0_101'
Driver info: org.openqa.selenium.ie.InternetExplorerDriver
Capabilities {acceptInsecureCerts: false, browserName: internet explorer, browserVersion: 11, javascriptEnabled: true, pageLoadStrategy: normal, platform: WINDOWS, platformName: WINDOWS, proxy: Proxy(), se:ieOptions: {browserAttachTimeout: 0, elementScrollBehavior: 0, enablePersistentHover: true, ie.browserCommandLineSwitches: , ie.ensureCleanSession: false, ie.fileUploadDialogTimeout: 3000, ie.forceCreateProcessApi: false, ignoreProtectedModeSettings: true, ignoreZoomSetting: false, initialBrowserUrl: http://localhost:5607/, nativeEvents: true, requireWindowFocus: false}, setWindowRect: true, timeouts: {implicit: 0, pageLoad: 300000, script: 30000}, unhandledPromptBehavior: ignore}
Session ID: 7bdb0b9a-a2be-4093-86a3-46607e1e57fb
*** Element info: {Using=name, value=fieldValue}
2020/07/14 16:13:32:187  INFO com.sinosoft.test.base.TestBase:68 - 异常的message 是：Unable to find element with css selector == *[name='fieldValue']
For documentation on this error, please visit: http://seleniumhq.org/exceptions/no_such_element.html
Build info: version: '3.9.0', revision: '698b3178f0', time: '2018-02-05T14:26:55.441Z'
System info: host: 'DESKTOP-I9S3ABE', ip: '100.100.99.142', os.name: 'Windows 10', os.arch: 'amd64', os.version: '10.0', java.version: '1.8.0_101'
Driver info: org.openqa.selenium.ie.InternetExplorerDriver
Capabilities {acceptInsecureCerts: false, browserName: internet explorer, browserVersion: 11, javascriptEnabled: true, pageLoadStrategy: normal, platform: WINDOWS, platformName: WINDOWS, proxy: Proxy(), se:ieOptions: {browserAttachTimeout: 0, elementScrollBehavior: 0, enablePersistentHover: true, ie.browserCommandLineSwitches: , ie.ensureCleanSession: false, ie.fileUploadDialogTimeout: 3000, ie.forceCreateProcessApi: false, ignoreProtectedModeSettings: true, ignoreZoomSetting: false, initialBrowserUrl: http://localhost:5607/, nativeEvents: true, requireWindowFocus: false}, setWindowRect: true, timeouts: {implicit: 0, pageLoad: 300000, script: 30000}, unhandledPromptBehavior: ignore}
Session ID: 7bdb0b9a-a2be-4093-86a3-46607e1e57fb
*** Element info: {Using=name, value=fieldValue}
2020/07/14 16:13:32:438 DEBUG com.sinosoft.test.base.TestBase:76 - Trying to find Element By : By.name: fieldValue
2020/07/14 16:13:34:988 DEBUG com.sinosoft.test.base.TestBase:66 - 系统自动捕获异常：Exception occured: org.openqa.selenium.NoSuchElementException: Unable to find element with css selector == *[name='fieldValue']
For documentation on this error, please visit: http://seleniumhq.org/exceptions/no_such_element.html
Build info: version: '3.9.0', revision: '698b3178f0', time: '2018-02-05T14:26:55.441Z'
System info: host: 'DESKTOP-I9S3ABE', ip: '100.100.99.142', os.name: 'Windows 10', os.arch: 'amd64', os.version: '10.0', java.version: '1.8.0_101'
Driver info: org.openqa.selenium.ie.InternetExplorerDriver
Capabilities {acceptInsecureCerts: false, browserName: internet explorer, browserVersion: 11, javascriptEnabled: true, pageLoadStrategy: normal, platform: WINDOWS, platformName: WINDOWS, proxy: Proxy(), se:ieOptions: {browserAttachTimeout: 0, elementScrollBehavior: 0, enablePersistentHover: true, ie.browserCommandLineSwitches: , ie.ensureCleanSession: false, ie.fileUploadDialogTimeout: 3000, ie.forceCreateProcessApi: false, ignoreProtectedModeSettings: true, ignoreZoomSetting: false, initialBrowserUrl: http://localhost:5607/, nativeEvents: true, requireWindowFocus: false}, setWindowRect: true, timeouts: {implicit: 0, pageLoad: 300000, script: 30000}, unhandledPromptBehavior: ignore}
Session ID: 7bdb0b9a-a2be-4093-86a3-46607e1e57fb
*** Element info: {Using=name, value=fieldValue}
2020/07/14 16:13:34:989  INFO com.sinosoft.test.base.TestBase:68 - 异常的message 是：Unable to find element with css selector == *[name='fieldValue']
For documentation on this error, please visit: http://seleniumhq.org/exceptions/no_such_element.html
Build info: version: '3.9.0', revision: '698b3178f0', time: '2018-02-05T14:26:55.441Z'
System info: host: 'DESKTOP-I9S3ABE', ip: '100.100.99.142', os.name: 'Windows 10', os.arch: 'amd64', os.version: '10.0', java.version: '1.8.0_101'
Driver info: org.openqa.selenium.ie.InternetExplorerDriver
Capabilities {acceptInsecureCerts: false, browserName: internet explorer, browserVersion: 11, javascriptEnabled: true, pageLoadStrategy: normal, platform: WINDOWS, platformName: WINDOWS, proxy: Proxy(), se:ieOptions: {browserAttachTimeout: 0, elementScrollBehavior: 0, enablePersistentHover: true, ie.browserCommandLineSwitches: , ie.ensureCleanSession: false, ie.fileUploadDialogTimeout: 3000, ie.forceCreateProcessApi: false, ignoreProtectedModeSettings: true, ignoreZoomSetting: false, initialBrowserUrl: http://localhost:5607/, nativeEvents: true, requireWindowFocus: false}, setWindowRect: true, timeouts: {implicit: 0, pageLoad: 300000, script: 30000}, unhandledPromptBehavior: ignore}
Session ID: 7bdb0b9a-a2be-4093-86a3-46607e1e57fb
*** Element info: {Using=name, value=fieldValue}
2020/07/14 16:13:35:240 DEBUG com.sinosoft.test.base.TestBase:76 - Trying to find Element By : By.name: fieldValue
2020/07/14 16:13:35:255 DEBUG com.sinosoft.test.base.TestBase:66 - 系统自动捕获异常：Exception occured: org.openqa.selenium.NoSuchWindowException: Currently focused window has been closed.
Build info: version: '3.9.0', revision: '698b3178f0', time: '2018-02-05T14:26:55.441Z'
System info: host: 'DESKTOP-I9S3ABE', ip: '100.100.99.142', os.name: 'Windows 10', os.arch: 'amd64', os.version: '10.0', java.version: '1.8.0_101'
Driver info: org.openqa.selenium.ie.InternetExplorerDriver
Capabilities {acceptInsecureCerts: false, browserName: internet explorer, browserVersion: 11, javascriptEnabled: true, pageLoadStrategy: normal, platform: WINDOWS, platformName: WINDOWS, proxy: Proxy(), se:ieOptions: {browserAttachTimeout: 0, elementScrollBehavior: 0, enablePersistentHover: true, ie.browserCommandLineSwitches: , ie.ensureCleanSession: false, ie.fileUploadDialogTimeout: 3000, ie.forceCreateProcessApi: false, ignoreProtectedModeSettings: true, ignoreZoomSetting: false, initialBrowserUrl: http://localhost:5607/, nativeEvents: true, requireWindowFocus: false}, setWindowRect: true, timeouts: {implicit: 0, pageLoad: 300000, script: 30000}, unhandledPromptBehavior: ignore}
Session ID: 7bdb0b9a-a2be-4093-86a3-46607e1e57fb
*** Element info: {Using=name, value=fieldValue}
2020/07/14 16:13:35:256  INFO com.sinosoft.test.base.TestBase:68 - 异常的message 是：Currently focused window has been closed.
Build info: version: '3.9.0', revision: '698b3178f0', time: '2018-02-05T14:26:55.441Z'
System info: host: 'DESKTOP-I9S3ABE', ip: '100.100.99.142', os.name: 'Windows 10', os.arch: 'amd64', os.version: '10.0', java.version: '1.8.0_101'
Driver info: org.openqa.selenium.ie.InternetExplorerDriver
Capabilities {acceptInsecureCerts: false, browserName: internet explorer, browserVersion: 11, javascriptEnabled: true, pageLoadStrategy: normal, platform: WINDOWS, platformName: WINDOWS, proxy: Proxy(), se:ieOptions: {browserAttachTimeout: 0, elementScrollBehavior: 0, enablePersistentHover: true, ie.browserCommandLineSwitches: , ie.ensureCleanSession: false, ie.fileUploadDialogTimeout: 3000, ie.forceCreateProcessApi: false, ignoreProtectedModeSettings: true, ignoreZoomSetting: false, initialBrowserUrl: http://localhost:5607/, nativeEvents: true, requireWindowFocus: false}, setWindowRect: true, timeouts: {implicit: 0, pageLoad: 300000, script: 30000}, unhandledPromptBehavior: ignore}
Session ID: 7bdb0b9a-a2be-4093-86a3-46607e1e57fb
*** Element info: {Using=name, value=fieldValue}
2020/07/14 16:13:35:256  INFO com.sinosoft.test.base.TestBase:129 - 执行测试用例发生了异常，开始截屏
org.openqa.selenium.NoSuchWindowException: Currently focused window has been closed.
Build info: version: '3.9.0', revision: '698b3178f0', time: '2018-02-05T14:26:55.441Z'
System info: host: 'DESKTOP-I9S3ABE', ip: '100.100.99.142', os.name: 'Windows 10', os.arch: 'amd64', os.version: '10.0', java.version: '1.8.0_101'
Driver info: org.openqa.selenium.ie.InternetExplorerDriver
Capabilities {acceptInsecureCerts: false, browserName: internet explorer, browserVersion: 11, javascriptEnabled: true, pageLoadStrategy: normal, platform: WINDOWS, platformName: WINDOWS, proxy: Proxy(), se:ieOptions: {browserAttachTimeout: 0, elementScrollBehavior: 0, enablePersistentHover: true, ie.browserCommandLineSwitches: , ie.ensureCleanSession: false, ie.fileUploadDialogTimeout: 3000, ie.forceCreateProcessApi: false, ignoreProtectedModeSettings: true, ignoreZoomSetting: false, initialBrowserUrl: http://localhost:5607/, nativeEvents: true, requireWindowFocus: false}, setWindowRect: true, timeouts: {implicit: 0, pageLoad: 300000, script: 30000}, unhandledPromptBehavior: ignore}
Session ID: 7bdb0b9a-a2be-4093-86a3-46607e1e57fb
*** Element info: {Using=name, value=fieldValue}
	at sun.reflect.NativeConstructorAccessorImpl.newInstance0(Native Method)
	at sun.reflect.NativeConstructorAccessorImpl.newInstance(NativeConstructorAccessorImpl.java:62)
	at sun.reflect.DelegatingConstructorAccessorImpl.newInstance(DelegatingConstructorAccessorImpl.java:45)
	at java.lang.reflect.Constructor.newInstance(Constructor.java:423)
	at org.openqa.selenium.remote.http.W3CHttpResponseCodec.createException(W3CHttpResponseCodec.java:187)
	at org.openqa.selenium.remote.http.W3CHttpResponseCodec.decode(W3CHttpResponseCodec.java:122)
	at org.openqa.selenium.remote.http.W3CHttpResponseCodec.decode(W3CHttpResponseCodec.java:49)
	at org.openqa.selenium.remote.HttpCommandExecutor.execute(HttpCommandExecutor.java:160)
	at org.openqa.selenium.remote.service.DriverCommandExecutor.execute(DriverCommandExecutor.java:83)
	at org.openqa.selenium.remote.RemoteWebDriver.execute(RemoteWebDriver.java:601)
	at org.openqa.selenium.remote.RemoteWebDriver.findElement(RemoteWebDriver.java:371)
	at org.openqa.selenium.remote.RemoteWebDriver.findElementByName(RemoteWebDriver.java:449)
	at org.openqa.selenium.By$ByName.findElement(By.java:303)
	at org.openqa.selenium.remote.RemoteWebDriver.findElement(RemoteWebDriver.java:363)
	at sun.reflect.GeneratedMethodAccessor3.invoke(Unknown Source)
	at sun.reflect.DelegatingMethodAccessorImpl.invoke(DelegatingMethodAccessorImpl.java:43)
	at java.lang.reflect.Method.invoke(Method.java:498)
	at org.openqa.selenium.support.events.EventFiringWebDriver$2.invoke(EventFiringWebDriver.java:108)
	at com.sun.proxy.$Proxy8.findElement(Unknown Source)
	at org.openqa.selenium.support.events.EventFiringWebDriver.findElement(EventFiringWebDriver.java:192)
	at org.openqa.selenium.support.pagefactory.DefaultElementLocator.findElement(DefaultElementLocator.java:69)
	at org.openqa.selenium.support.pagefactory.AjaxElementLocator.access$001(AjaxElementLocator.java:41)
	at org.openqa.selenium.support.pagefactory.AjaxElementLocator$SlowLoadingElement.isLoaded(AjaxElementLocator.java:157)
	at org.openqa.selenium.support.ui.SlowLoadableComponent.get(SlowLoadableComponent.java:69)
	at org.openqa.selenium.support.pagefactory.AjaxElementLocator.findElement(AjaxElementLocator.java:87)
	at org.openqa.selenium.support.pagefactory.internal.LocatingElementHandler.invoke(LocatingElementHandler.java:38)
	at com.sun.proxy.$Proxy12.clear(Unknown Source)
	at com.sinosoft.test.base.TestBase.setEditboxValue(TestBase.java:361)
	at com.sinosoft.test.fccp.common.CodeSelectPage.selectByCodes(CodeSelectPage.java:45)
	at com.sinosoft.test.fccp.common.FccbBase.CodeSelect(FccbBase.java:46)
	at com.sinosoft.test.fccp.tbcl.BasicInfoPage.inputSalesInfoAction(BasicInfoPage.java:348)
	at com.sinosoft.test.fccp.tbcl.BasicInfoPage.inputSalesInfoAction(BasicInfoPage.java:363)
	at com.sinosoft.testcases.fccb.TBGLTestCase.FCCB_TBCL(TBGLTestCase.java:96)
	at sun.reflect.NativeMethodAccessorImpl.invoke0(Native Method)
	at sun.reflect.NativeMethodAccessorImpl.invoke(NativeMethodAccessorImpl.java:62)
	at sun.reflect.DelegatingMethodAccessorImpl.invoke(DelegatingMethodAccessorImpl.java:43)
	at java.lang.reflect.Method.invoke(Method.java:498)
	at org.testng.internal.MethodInvocationHelper.invokeMethod(MethodInvocationHelper.java:108)
	at org.testng.internal.Invoker.invokeMethod(Invoker.java:661)
	at org.testng.internal.Invoker.invokeTestMethod(Invoker.java:869)
	at org.testng.internal.Invoker.invokeTestMethods(Invoker.java:1193)
	at org.testng.internal.TestMethodWorker.invokeTestMethods(TestMethodWorker.java:126)
	at org.testng.internal.TestMethodWorker.run(TestMethodWorker.java:109)
	at org.testng.TestRunner.privateRun(TestRunner.java:744)
	at org.testng.TestRunner.run(TestRunner.java:602)
	at org.testng.SuiteRunner.runTest(SuiteRunner.java:380)
	at org.testng.SuiteRunner.runSequentially(SuiteRunner.java:375)
	at org.testng.SuiteRunner.privateRun(SuiteRunner.java:340)
	at org.testng.SuiteRunner.run(SuiteRunner.java:289)
	at org.testng.SuiteRunnerWorker.runSuite(SuiteRunnerWorker.java:52)
	at org.testng.SuiteRunnerWorker.run(SuiteRunnerWorker.java:86)
	at org.testng.TestNG.runSuitesSequentially(TestNG.java:1301)
	at org.testng.TestNG.runSuitesLocally(TestNG.java:1226)
	at org.testng.TestNG.runSuites(TestNG.java:1144)
	at org.testng.TestNG.run(TestNG.java:1115)
	at org.apache.maven.surefire.testng.TestNGExecutor.run(TestNGExecutor.java:283)
	at org.apache.maven.surefire.testng.TestNGXmlTestSuite.execute(TestNGXmlTestSuite.java:75)
	at org.apache.maven.surefire.testng.TestNGProvider.invoke(TestNGProvider.java:120)
	at org.apache.maven.surefire.booter.ForkedBooter.invokeProviderInSameClassLoader(ForkedBooter.java:384)
	at org.apache.maven.surefire.booter.ForkedBooter.runSuitesInProcess(ForkedBooter.java:345)
	at org.apache.maven.surefire.booter.ForkedBooter.execute(ForkedBooter.java:126)
	at org.apache.maven.surefire.booter.ForkedBooter.main(ForkedBooter.java:418)
2020/07/14 16:13:35:257 DEBUG com.sinosoft.test.base.TestBase:88 - 截屏文件名字是：FCCB_TB_JCX_1_异常截屏
2020/07/14 16:13:35:261 DEBUG com.sinosoft.test.base.TestBase:66 - 系统自动捕获异常：Exception occured: org.openqa.selenium.NoSuchWindowException: Unable to get browser
Build info: version: '3.9.0', revision: '698b3178f0', time: '2018-02-05T14:26:55.441Z'
System info: host: 'DESKTOP-I9S3ABE', ip: '100.100.99.142', os.name: 'Windows 10', os.arch: 'amd64', os.version: '10.0', java.version: '1.8.0_101'
Driver info: org.openqa.selenium.ie.InternetExplorerDriver
Capabilities {acceptInsecureCerts: false, browserName: internet explorer, browserVersion: 11, javascriptEnabled: true, pageLoadStrategy: normal, platform: WINDOWS, platformName: WINDOWS, proxy: Proxy(), se:ieOptions: {browserAttachTimeout: 0, elementScrollBehavior: 0, enablePersistentHover: true, ie.browserCommandLineSwitches: , ie.ensureCleanSession: false, ie.fileUploadDialogTimeout: 3000, ie.forceCreateProcessApi: false, ignoreProtectedModeSettings: true, ignoreZoomSetting: false, initialBrowserUrl: http://localhost:5607/, nativeEvents: true, requireWindowFocus: false}, setWindowRect: true, timeouts: {implicit: 0, pageLoad: 300000, script: 30000}, unhandledPromptBehavior: ignore}
Session ID: 7bdb0b9a-a2be-4093-86a3-46607e1e57fb
2020/07/14 16:13:35:261  INFO com.sinosoft.test.base.TestBase:68 - 异常的message 是：Unable to get browser
Build info: version: '3.9.0', revision: '698b3178f0', time: '2018-02-05T14:26:55.441Z'
System info: host: 'DESKTOP-I9S3ABE', ip: '100.100.99.142', os.name: 'Windows 10', os.arch: 'amd64', os.version: '10.0', java.version: '1.8.0_101'
Driver info: org.openqa.selenium.ie.InternetExplorerDriver
Capabilities {acceptInsecureCerts: false, browserName: internet explorer, browserVersion: 11, javascriptEnabled: true, pageLoadStrategy: normal, platform: WINDOWS, platformName: WINDOWS, proxy: Proxy(), se:ieOptions: {browserAttachTimeout: 0, elementScrollBehavior: 0, enablePersistentHover: true, ie.browserCommandLineSwitches: , ie.ensureCleanSession: false, ie.fileUploadDialogTimeout: 3000, ie.forceCreateProcessApi: false, ignoreProtectedModeSettings: true, ignoreZoomSetting: false, initialBrowserUrl: http://localhost:5607/, nativeEvents: true, requireWindowFocus: false}, setWindowRect: true, timeouts: {implicit: 0, pageLoad: 300000, script: 30000}, unhandledPromptBehavior: ignore}
Session ID: 7bdb0b9a-a2be-4093-86a3-46607e1e57fb
2020/07/14 16:13:35:262 ERROR com.sinosoft.test.base.TestBase:94 - 浏览截屏失败：
org.openqa.selenium.NoSuchWindowException: Unable to get browser
Build info: version: '3.9.0', revision: '698b3178f0', time: '2018-02-05T14:26:55.441Z'
System info: host: 'DESKTOP-I9S3ABE', ip: '100.100.99.142', os.name: 'Windows 10', os.arch: 'amd64', os.version: '10.0', java.version: '1.8.0_101'
Driver info: org.openqa.selenium.ie.InternetExplorerDriver
Capabilities {acceptInsecureCerts: false, browserName: internet explorer, browserVersion: 11, javascriptEnabled: true, pageLoadStrategy: normal, platform: WINDOWS, platformName: WINDOWS, proxy: Proxy(), se:ieOptions: {browserAttachTimeout: 0, elementScrollBehavior: 0, enablePersistentHover: true, ie.browserCommandLineSwitches: , ie.ensureCleanSession: false, ie.fileUploadDialogTimeout: 3000, ie.forceCreateProcessApi: false, ignoreProtectedModeSettings: true, ignoreZoomSetting: false, initialBrowserUrl: http://localhost:5607/, nativeEvents: true, requireWindowFocus: false}, setWindowRect: true, timeouts: {implicit: 0, pageLoad: 300000, script: 30000}, unhandledPromptBehavior: ignore}
Session ID: 7bdb0b9a-a2be-4093-86a3-46607e1e57fb
	at sun.reflect.NativeConstructorAccessorImpl.newInstance0(Native Method)
	at sun.reflect.NativeConstructorAccessorImpl.newInstance(NativeConstructorAccessorImpl.java:62)
	at sun.reflect.DelegatingConstructorAccessorImpl.newInstance(DelegatingConstructorAccessorImpl.java:45)
	at java.lang.reflect.Constructor.newInstance(Constructor.java:423)
	at org.openqa.selenium.remote.http.W3CHttpResponseCodec.createException(W3CHttpResponseCodec.java:187)
	at org.openqa.selenium.remote.http.W3CHttpResponseCodec.decode(W3CHttpResponseCodec.java:122)
	at org.openqa.selenium.remote.http.W3CHttpResponseCodec.decode(W3CHttpResponseCodec.java:49)
	at org.openqa.selenium.remote.HttpCommandExecutor.execute(HttpCommandExecutor.java:160)
	at org.openqa.selenium.remote.service.DriverCommandExecutor.execute(DriverCommandExecutor.java:83)
	at org.openqa.selenium.remote.RemoteWebDriver.execute(RemoteWebDriver.java:601)
	at org.openqa.selenium.remote.RemoteWebDriver.execute(RemoteWebDriver.java:658)
	at org.openqa.selenium.ie.InternetExplorerDriver.getScreenshotAs(InternetExplorerDriver.java:235)
	at sun.reflect.NativeMethodAccessorImpl.invoke0(Native Method)
	at sun.reflect.NativeMethodAccessorImpl.invoke(NativeMethodAccessorImpl.java:62)
	at sun.reflect.DelegatingMethodAccessorImpl.invoke(DelegatingMethodAccessorImpl.java:43)
	at java.lang.reflect.Method.invoke(Method.java:498)
	at org.openqa.selenium.support.events.EventFiringWebDriver$2.invoke(EventFiringWebDriver.java:108)
	at com.sun.proxy.$Proxy8.getScreenshotAs(Unknown Source)
	at org.openqa.selenium.support.events.EventFiringWebDriver.getScreenshotAs(EventFiringWebDriver.java:291)
	at com.sinosoft.test.util.TestUtil.takeScreenshot(TestUtil.java:89)
	at com.sinosoft.testcases.fccb.TBGLTestCase.FCCB_TBCL(TBGLTestCase.java:130)
	at sun.reflect.NativeMethodAccessorImpl.invoke0(Native Method)
	at sun.reflect.NativeMethodAccessorImpl.invoke(NativeMethodAccessorImpl.java:62)
	at sun.reflect.DelegatingMethodAccessorImpl.invoke(DelegatingMethodAccessorImpl.java:43)
	at java.lang.reflect.Method.invoke(Method.java:498)
	at org.testng.internal.MethodInvocationHelper.invokeMethod(MethodInvocationHelper.java:108)
	at org.testng.internal.Invoker.invokeMethod(Invoker.java:661)
	at org.testng.internal.Invoker.invokeTestMethod(Invoker.java:869)
	at org.testng.internal.Invoker.invokeTestMethods(Invoker.java:1193)
	at org.testng.internal.TestMethodWorker.invokeTestMethods(TestMethodWorker.java:126)
	at org.testng.internal.TestMethodWorker.run(TestMethodWorker.java:109)
	at org.testng.TestRunner.privateRun(TestRunner.java:744)
	at org.testng.TestRunner.run(TestRunner.java:602)
	at org.testng.SuiteRunner.runTest(SuiteRunner.java:380)
	at org.testng.SuiteRunner.runSequentially(SuiteRunner.java:375)
	at org.testng.SuiteRunner.privateRun(SuiteRunner.java:340)
	at org.testng.SuiteRunner.run(SuiteRunner.java:289)
	at org.testng.SuiteRunnerWorker.runSuite(SuiteRunnerWorker.java:52)
	at org.testng.SuiteRunnerWorker.run(SuiteRunnerWorker.java:86)
	at org.testng.TestNG.runSuitesSequentially(TestNG.java:1301)
	at org.testng.TestNG.runSuitesLocally(TestNG.java:1226)
	at org.testng.TestNG.runSuites(TestNG.java:1144)
	at org.testng.TestNG.run(TestNG.java:1115)
	at org.apache.maven.surefire.testng.TestNGExecutor.run(TestNGExecutor.java:283)
	at org.apache.maven.surefire.testng.TestNGXmlTestSuite.execute(TestNGXmlTestSuite.java:75)
	at org.apache.maven.surefire.testng.TestNGProvider.invoke(TestNGProvider.java:120)
	at org.apache.maven.surefire.booter.ForkedBooter.invokeProviderInSameClassLoader(ForkedBooter.java:384)
	at org.apache.maven.surefire.booter.ForkedBooter.runSuitesInProcess(ForkedBooter.java:345)
	at org.apache.maven.surefire.booter.ForkedBooter.execute(ForkedBooter.java:126)
	at org.apache.maven.surefire.booter.ForkedBooter.main(ForkedBooter.java:418)
2020/07/14 16:13:35:263  INFO com.sinosoft.test.base.TestBase:133 - 执行测试用例发生了异常，截屏结束！
2020/07/14 16:13:35:266  INFO com.sinosoft.test.base.TestBase:136 - 进入Finally事件:RowID:2
2020/07/14 16:13:35:266  INFO com.sinosoft.test.base.TestBase:137 - 进入Finally事件:testCaseName:FCCB_TBCL
2020/07/14 16:13:35:267  INFO com.sinosoft.test.base.TestBase:138 - 进入Finally事件:proposalNumber:06201900101202000000000083
2020/07/14 16:13:35:267  INFO com.sinosoft.test.base.TestBase:139 - 进入Finally事件:message:未知异常Currently focused window has been closed.
Build info: version: '3.9.0', revision: '698b3178f0', time: '2018-02-05T14:26:55.441Z'
System info: host: 'DESKTOP-I9S3ABE', ip: '100.100.99.142', os.name: 'Windows 10', os.arch: 'amd64', os.version: '10.0', java.version: '1.8.0_101'
Driver info: org.openqa.selenium.ie.InternetExplorerDriver
Capabilities {acceptInsecureCerts: false, browserName: internet explorer, browserVersion: 11, javascriptEnabled: true, pageLoadStrategy: normal, platform: WINDOWS, platformName: WINDOWS, proxy: Proxy(), se:ieOptions: {browserAttachTimeout: 0, elementScrollBehavior: 0, enablePersistentHover: true, ie.browserCommandLineSwitches: , ie.ensureCleanSession: false, ie.fileUploadDialogTimeout: 3000, ie.forceCreateProcessApi: false, ignoreProtectedModeSettings: true, ignoreZoomSetting: false, initialBrowserUrl: http://localhost:5607/, nativeEvents: true, requireWindowFocus: false}, setWindowRect: true, timeouts: {implicit: 0, pageLoad: 300000, script: 30000}, unhandledPromptBehavior: ignore}
Session ID: 7bdb0b9a-a2be-4093-86a3-46607e1e57fb
*** Element info: {Using=name, value=fieldValue}
2020/07/14 16:13:35:267  INFO com.sinosoft.test.base.TestBase:140 - 进入Finally事件:screenshot:
2020/07/14 16:13:35:672 DEBUG freemarker.cache:45 - Couldn't find template in cache for "index.ftl"("en", UTF-8, parsed); will try to load it.
2020/07/14 16:13:35:673 DEBUG freemarker.cache:45 - TemplateLoader.findTemplateSource("index_en.ftl"): Not found
2020/07/14 16:13:35:675 DEBUG freemarker.cache:45 - TemplateLoader.findTemplateSource("index.ftl"): Found
2020/07/14 16:13:35:676 DEBUG freemarker.cache:45 - Loading template for "index.ftl"("en", UTF-8, parsed) from "jar:file:/C:/Users/liu-b/.m2/repository/com/aventstack/extentreports/3.1.3/extentreports-3.1.3.jar!/com/aventstack/extentreports/view/html-report/index.ftl"
2020/07/14 16:13:35:895 DEBUG freemarker.cache:45 - Couldn't find template in cache for "head.ftl"("en", UTF-8, parsed); will try to load it.
2020/07/14 16:13:35:896 DEBUG freemarker.cache:45 - TemplateLoader.findTemplateSource("head_en.ftl"): Not found
2020/07/14 16:13:35:897 DEBUG freemarker.cache:45 - TemplateLoader.findTemplateSource("head.ftl"): Found
2020/07/14 16:13:35:897 DEBUG freemarker.cache:45 - Loading template for "head.ftl"("en", UTF-8, parsed) from "jar:file:/C:/Users/liu-b/.m2/repository/com/aventstack/extentreports/3.1.3/extentreports-3.1.3.jar!/com/aventstack/extentreports/view/html-report/head.ftl"
2020/07/14 16:13:35:901 DEBUG freemarker.cache:45 - Couldn't find template in cache for "nav.ftl"("en", UTF-8, parsed); will try to load it.
2020/07/14 16:13:35:902 DEBUG freemarker.cache:45 - TemplateLoader.findTemplateSource("nav_en.ftl"): Not found
2020/07/14 16:13:35:903 DEBUG freemarker.cache:45 - TemplateLoader.findTemplateSource("nav.ftl"): Found
2020/07/14 16:13:35:903 DEBUG freemarker.cache:45 - Loading template for "nav.ftl"("en", UTF-8, parsed) from "jar:file:/C:/Users/liu-b/.m2/repository/com/aventstack/extentreports/3.1.3/extentreports-3.1.3.jar!/com/aventstack/extentreports/view/html-report/nav.ftl"
2020/07/14 16:13:35:912 DEBUG freemarker.cache:45 - Couldn't find template in cache for "test-view/test-view.ftl"("en", UTF-8, parsed); will try to load it.
2020/07/14 16:13:35:913 DEBUG freemarker.cache:45 - TemplateLoader.findTemplateSource("test-view/test-view_en.ftl"): Not found
2020/07/14 16:13:35:914 DEBUG freemarker.cache:45 - TemplateLoader.findTemplateSource("test-view/test-view.ftl"): Found
2020/07/14 16:13:35:914 DEBUG freemarker.cache:45 - Loading template for "test-view/test-view.ftl"("en", UTF-8, parsed) from "jar:file:/C:/Users/liu-b/.m2/repository/com/aventstack/extentreports/3.1.3/extentreports-3.1.3.jar!/com/aventstack/extentreports/view/html-report/test-view/test-view.ftl"
2020/07/14 16:13:35:924 DEBUG freemarker.cache:45 - Couldn't find template in cache for "test-view/test-view-charts.ftl"("en", UTF-8, parsed); will try to load it.
2020/07/14 16:13:35:925 DEBUG freemarker.cache:45 - TemplateLoader.findTemplateSource("test-view/test-view-charts_en.ftl"): Not found
2020/07/14 16:13:35:925 DEBUG freemarker.cache:45 - TemplateLoader.findTemplateSource("test-view/test-view-charts.ftl"): Found
2020/07/14 16:13:35:925 DEBUG freemarker.cache:45 - Loading template for "test-view/test-view-charts.ftl"("en", UTF-8, parsed) from "jar:file:/C:/Users/liu-b/.m2/repository/com/aventstack/extentreports/3.1.3/extentreports-3.1.3.jar!/com/aventstack/extentreports/view/html-report/test-view/test-view-charts.ftl"
2020/07/14 16:13:35:939 DEBUG freemarker.cache:45 - Couldn't find template in cache for "test-view/standard.ftl"("en", UTF-8, parsed); will try to load it.
2020/07/14 16:13:35:940 DEBUG freemarker.cache:45 - TemplateLoader.findTemplateSource("test-view/standard_en.ftl"): Not found
2020/07/14 16:13:35:941 DEBUG freemarker.cache:45 - TemplateLoader.findTemplateSource("test-view/standard.ftl"): Found
2020/07/14 16:13:35:942 DEBUG freemarker.cache:45 - Loading template for "test-view/standard.ftl"("en", UTF-8, parsed) from "jar:file:/C:/Users/liu-b/.m2/repository/com/aventstack/extentreports/3.1.3/extentreports-3.1.3.jar!/com/aventstack/extentreports/view/html-report/test-view/standard.ftl"
2020/07/14 16:13:35:962 DEBUG freemarker.cache:45 - Couldn't find template in cache for "category-view/category-view.ftl"("en", UTF-8, parsed); will try to load it.
2020/07/14 16:13:35:962 DEBUG freemarker.cache:45 - TemplateLoader.findTemplateSource("category-view/category-view_en.ftl"): Not found
2020/07/14 16:13:35:962 DEBUG freemarker.cache:45 - TemplateLoader.findTemplateSource("category-view/category-view.ftl"): Found
2020/07/14 16:13:35:962 DEBUG freemarker.cache:45 - Loading template for "category-view/category-view.ftl"("en", UTF-8, parsed) from "jar:file:/C:/Users/liu-b/.m2/repository/com/aventstack/extentreports/3.1.3/extentreports-3.1.3.jar!/com/aventstack/extentreports/view/html-report/category-view/category-view.ftl"
2020/07/14 16:13:35:966 DEBUG freemarker.cache:45 - Couldn't find template in cache for "author-view/author-view.ftl"("en", UTF-8, parsed); will try to load it.
2020/07/14 16:13:35:967 DEBUG freemarker.cache:45 - TemplateLoader.findTemplateSource("author-view/author-view_en.ftl"): Not found
2020/07/14 16:13:35:967 DEBUG freemarker.cache:45 - TemplateLoader.findTemplateSource("author-view/author-view.ftl"): Found
2020/07/14 16:13:35:967 DEBUG freemarker.cache:45 - Loading template for "author-view/author-view.ftl"("en", UTF-8, parsed) from "jar:file:/C:/Users/liu-b/.m2/repository/com/aventstack/extentreports/3.1.3/extentreports-3.1.3.jar!/com/aventstack/extentreports/view/html-report/author-view/author-view.ftl"
2020/07/14 16:13:35:972 DEBUG freemarker.cache:45 - Couldn't find template in cache for "exception-view/exception-view.ftl"("en", UTF-8, parsed); will try to load it.
2020/07/14 16:13:35:973 DEBUG freemarker.cache:45 - TemplateLoader.findTemplateSource("exception-view/exception-view_en.ftl"): Not found
2020/07/14 16:13:35:974 DEBUG freemarker.cache:45 - TemplateLoader.findTemplateSource("exception-view/exception-view.ftl"): Found
2020/07/14 16:13:35:974 DEBUG freemarker.cache:45 - Loading template for "exception-view/exception-view.ftl"("en", UTF-8, parsed) from "jar:file:/C:/Users/liu-b/.m2/repository/com/aventstack/extentreports/3.1.3/extentreports-3.1.3.jar!/com/aventstack/extentreports/view/html-report/exception-view/exception-view.ftl"
2020/07/14 16:13:35:985 DEBUG freemarker.cache:45 - Couldn't find template in cache for "dashboard-view/dashboard-view.ftl"("en", UTF-8, parsed); will try to load it.
2020/07/14 16:13:35:985 DEBUG freemarker.cache:45 - TemplateLoader.findTemplateSource("dashboard-view/dashboard-view_en.ftl"): Not found
2020/07/14 16:13:35:985 DEBUG freemarker.cache:45 - TemplateLoader.findTemplateSource("dashboard-view/dashboard-view.ftl"): Found
2020/07/14 16:13:35:986 DEBUG freemarker.cache:45 - Loading template for "dashboard-view/dashboard-view.ftl"("en", UTF-8, parsed) from "jar:file:/C:/Users/liu-b/.m2/repository/com/aventstack/extentreports/3.1.3/extentreports-3.1.3.jar!/com/aventstack/extentreports/view/html-report/dashboard-view/dashboard-view.ftl"
2020/07/14 16:13:36:002 DEBUG freemarker.cache:45 - Couldn't find template in cache for "logs-view/testrunner-logs-view.ftl"("en", UTF-8, parsed); will try to load it.
2020/07/14 16:13:36:002 DEBUG freemarker.cache:45 - TemplateLoader.findTemplateSource("logs-view/testrunner-logs-view_en.ftl"): Not found
2020/07/14 16:13:36:003 DEBUG freemarker.cache:45 - TemplateLoader.findTemplateSource("logs-view/testrunner-logs-view.ftl"): Found
2020/07/14 16:13:36:004 DEBUG freemarker.cache:45 - Loading template for "logs-view/testrunner-logs-view.ftl"("en", UTF-8, parsed) from "jar:file:/C:/Users/liu-b/.m2/repository/com/aventstack/extentreports/3.1.3/extentreports-3.1.3.jar!/com/aventstack/extentreports/view/html-report/logs-view/testrunner-logs-view.ftl"
2020/07/14 16:13:53:960  INFO com.sinosoft.test.base.TestBase:59 - 配置文件路径：config.properties
2020/07/14 16:13:53:964 DEBUG com.sinosoft.test.base.TestBase:69 - 初始化class com.sinosoft.testcases.fccb.TBGLTestCase
2020/07/14 16:13:54:033 DEBUG com.sinosoft.test.base.TestBase:69 - 初始化class com.sinosoft.test.util.ExcelDataProvider
2020/07/14 16:13:54:996  INFO com.sinosoft.test.base.TestBase:80 - 当前文件里面一共有数据：4
2020/07/14 16:13:55:041  INFO com.sinosoft.test.base.TestBase:91 - start InternetExplorerDriver
2020/07/14 16:13:58:001 DEBUG com.sinosoft.test.base.TestBase:69 - 初始化class com.sinosoft.test.util.WebEventListener
2020/07/14 16:13:58:023  INFO com.sinosoft.test.base.TestBase:83 - 开始运行测试脚本，获取到的测试数据《getTBCLTestData》如下:
2020/07/14 16:13:58:024  INFO com.sinosoft.test.base.TestBase:84 - ROW_ID=2
ProcessFlag=Y
TestCaseName=FCCB_TB_JCX
TestCaseSeq=1
TestDescription=非车承保企财险-财产基本险-出单
riskClass=01
riskCode=0101
renewalInd=0
renewalPolicy=
prePay=
carrayOver=
carrayOverPolicy=
relatedInd=
relatedPolicy=
fbbs=
ywgs=01620190
qdlx=01
gdbs=0
xstd=T6201900101
ywy=S000000006
ywly=01010101
dljg=
xsxy=
cxywbs=HXXT
cdjg=
htzyjjfs=
jnwbz=
jw_country=
jw_Addr=
snbz=
sftkbd=0
sfdzbd=0
sfxb=0
fxqkyjytz=
sfydyw=
sfsn=
xbbdh=
tbr_lx=2
tbr_mc=
tbr_vip=
tbr_dm=G6200019984
tbr_zjlx=
tbr_zjhm=
tbr_sj=
tbr_csrq=
tbr_lxdz=
tbr_dwdh=010-67549095-456
lxr_xm=
lxr_xb=
lxr_zw=
lxr_sj=
lxr_yx=
xzsyfw=1
tqmc=
qbrq=
zbrq=
lgbbz=1
yyzdbz=1
sfgxdm=1
cbdq=
zzfwlx=0
hydl=12
hyxl=12006
jqbm=121121123123
bbdm=CNY
sf=130000
cs=130300
qx=130302
yb=065201
jzdj=01
bxcs=北戴河公园
bdw_jd=金融街街道
bdw_yyxz=
bdw_sfhyf=
bdw_fxlx=
bdw_sbmc=
bdw_cjh=
bdw_fdjh=
bdw_cjdjrq=
bdw_cllx=
bdw_cpcx=
bdw_sccj=
bdw_gzjz=
bdw_sgzyqy=
bdw_zylx=
bdw=010001
bdwmx=碣石公园礁石群
xbdm=0101001
jrbe=1
jzfs=10
bxje=2000000
bffl=0.5
dqflbz=2
ysbf=400
yyzd_zdpcg=24
yyzd_sndmlrze=6000000
yyzd_sndyye=20000000
yyzd_bdw=010056
yyzd_bdwmx=
yyzd_xbdm=0105001
yyzd_jrbe=1
yyzd_jzfs=18
yyzd_bxje=200000
yyzd_bffl=3
yyzd_dqflbz=3
yyzd_ysbf=4000
fsh=6
xsfdj=B
xsfxs=2
jgx_sf=
jgx_cs=
jgx_qx=
jgx_gcdd=
jgx_bb=
jgx_gcmc=
jgx_gclx_1=
jgx_gclx_2=
jgx_gclx_3=
jgx_gclx_4=
jgx_gclx_5=
jgx_gclx_6=
jgx_yzssjt=
jgx_yz=
jgx_cbs_ssjt=
jgx_cbs=
jgx_gchth=
jgx_gcjz=
jgx_gcqsrq=
jgx_gczzrq=
jgx_gcfw=
jgx_scqqsrq=
jgx_scqzzrq=
jgx_bzqqsrq=
jgx_bzqzzrq=
jgx_ws_xmlbdm=
jgx_ws_jrbe=
jgx_ws_bxje=
jgx_ws_fl=
jgx_ws_dqflbz=
jgx_ws_ysbf=
jgx_sz_xbdm=
jgx_sz_jrbe=
jgx_sz_ljpcxe=
jgx_sz_fv=
jgx_sz_dqflbz=
jgx_sz_ysbf=
proposalNumber=06201900101202000000000083
message=未知异常Currently focused window has been closed.
Build info: version: '3.9.0', revision: '698b3178f0', time: '2018-02-05T14:26:55.441Z'
System info: host: 'DESKTOP-I9S3ABE', ip: '100.100.99.142', os.name: 'Windows 10', os.arch: 'amd64', os.version: '10.0', java.version: '1.8.0_101'
Driver info: org.openqa.selenium.ie.InternetExplorerDriver
Capabilities {acceptInsecureCerts: false, browserName: internet explorer, browserVersion: 11, javascriptEnabled: true, pageLoadStrategy: normal, platform: WINDOWS, platformName: WINDOWS, proxy: Proxy(), se:ieOptions: {browserAttachTimeout: 0, elementScrollBehavior: 0, enablePersistentHover: true, ie.browserCommandLineSwitches: , ie.ensureCleanSession: false, ie.fileUploadDialogTimeout: 3000, ie.forceCreateProcessApi: false, ignoreProtectedModeSettings: true, ignoreZoomSetting: false, initialBrowserUrl: http://localhost:5607/, nativeEvents: true, requireWindowFocus: false}, setWindowRect: true, timeouts: {implicit: 0, pageLoad: 300000, script: 30000}, unhandledPromptBehavior: ignore}
Session ID: 7bdb0b9a-a2be-4093-86a3-46607e1e57fb
*** Element info: {Using=name, value=fieldValue}
screenshot=
testCaseName=FCCB_TBCL

2020/07/14 16:13:58:029 DEBUG com.sinosoft.test.base.TestBase:69 - 初始化class com.sinosoft.test.fccp.common.LoginPage
2020/07/14 16:14:03:058 DEBUG com.sinosoft.test.base.TestBase:26 - Before navigating to: 'http://tvfchxyw.ypic.cn'
2020/07/14 16:14:03:737 DEBUG com.sinosoft.test.base.TestBase:30 - Navigated to:'http://tvfchxyw.ypic.cn'
2020/07/14 16:14:03:738 DEBUG com.sinosoft.test.base.TestBase:76 - Trying to find Element By : By.id: username
2020/07/14 16:14:04:048 DEBUG com.sinosoft.test.base.TestBase:80 - Found Element By : By.id: username
2020/07/14 16:14:04:058  INFO com.sinosoft.test.base.TestBase:360 - setEditboxValue:[[InternetExplorerDriver: internet explorer on WINDOWS (5cd438e8-c525-4104-8965-b382eb299100)] -> id: username]：policy1@ypic
2020/07/14 16:14:04:059 DEBUG com.sinosoft.test.base.TestBase:76 - Trying to find Element By : By.id: username
2020/07/14 16:14:04:369 DEBUG com.sinosoft.test.base.TestBase:80 - Found Element By : By.id: username
2020/07/14 16:14:04:930 DEBUG com.sinosoft.test.base.TestBase:76 - Trying to find Element By : By.id: username
2020/07/14 16:14:05:185 DEBUG com.sinosoft.test.base.TestBase:80 - Found Element By : By.id: username
2020/07/14 16:14:05:867 DEBUG com.sinosoft.test.base.TestBase:76 - Trying to find Element By : By.id: username
2020/07/14 16:14:06:136 DEBUG com.sinosoft.test.base.TestBase:80 - Found Element By : By.id: username
2020/07/14 16:14:06:137  INFO com.sinosoft.test.base.TestBase:363 - setEditboxValue—End:[[InternetExplorerDriver: internet explorer on WINDOWS (5cd438e8-c525-4104-8965-b382eb299100)] -> id: username]：policy1@ypic
2020/07/14 16:14:06:137 DEBUG com.sinosoft.test.base.TestBase:76 - Trying to find Element By : By.id: password
2020/07/14 16:14:06:397 DEBUG com.sinosoft.test.base.TestBase:80 - Found Element By : By.id: password
2020/07/14 16:14:06:399  INFO com.sinosoft.test.base.TestBase:360 - setEditboxValue:[[InternetExplorerDriver: internet explorer on WINDOWS (5cd438e8-c525-4104-8965-b382eb299100)] -> id: password]：ypic@1234
2020/07/14 16:14:06:400 DEBUG com.sinosoft.test.base.TestBase:76 - Trying to find Element By : By.id: password
2020/07/14 16:14:06:629 DEBUG com.sinosoft.test.base.TestBase:80 - Found Element By : By.id: password
2020/07/14 16:14:07:161 DEBUG com.sinosoft.test.base.TestBase:76 - Trying to find Element By : By.id: password
2020/07/14 16:14:07:418 DEBUG com.sinosoft.test.base.TestBase:80 - Found Element By : By.id: password
2020/07/14 16:14:07:957 DEBUG com.sinosoft.test.base.TestBase:76 - Trying to find Element By : By.id: password
2020/07/14 16:14:08:265 DEBUG com.sinosoft.test.base.TestBase:80 - Found Element By : By.id: password
2020/07/14 16:14:08:265  INFO com.sinosoft.test.base.TestBase:363 - setEditboxValue—End:[[InternetExplorerDriver: internet explorer on WINDOWS (5cd438e8-c525-4104-8965-b382eb299100)] -> id: password]：ypic@1234
2020/07/14 16:14:08:266 DEBUG com.sinosoft.test.base.TestBase:76 - Trying to find Element By : By.id: bt_submit
2020/07/14 16:14:08:583 DEBUG com.sinosoft.test.base.TestBase:80 - Found Element By : By.id: bt_submit
2020/07/14 16:14:08:583  INFO com.sinosoft.test.base.TestBase:402 - clickButton:[[InternetExplorerDriver: internet explorer on WINDOWS (5cd438e8-c525-4104-8965-b382eb299100)] -> id: bt_submit]
2020/07/14 16:14:08:584 DEBUG com.sinosoft.test.base.TestBase:76 - Trying to find Element By : By.id: bt_submit
2020/07/14 16:14:08:884 DEBUG com.sinosoft.test.base.TestBase:80 - Found Element By : By.id: bt_submit
2020/07/14 16:14:08:885 DEBUG com.sinosoft.test.base.TestBase:42 - Trying to click on: [[InternetExplorerDriver: internet explorer on WINDOWS (5cd438e8-c525-4104-8965-b382eb299100)] -> id: bt_submit]
2020/07/14 16:14:10:448 DEBUG com.sinosoft.test.base.TestBase:46 - Clicked on: [[InternetExplorerDriver: internet explorer on WINDOWS (5cd438e8-c525-4104-8965-b382eb299100)] -> id: bt_submit]
2020/07/14 16:14:10:463 DEBUG com.sinosoft.test.base.TestBase:76 - Trying to find Element By : By.xpath: //input[@value='继续登录']
2020/07/14 16:14:10:700 DEBUG com.sinosoft.test.base.TestBase:80 - Found Element By : By.xpath: //input[@value='继续登录']
2020/07/14 16:14:11:130  INFO com.sinosoft.test.base.TestBase:73 - 重复登录，发现继续登录按钮，强制登录ButtonName:[[InternetExplorerDriver: internet explorer on WINDOWS (5cd438e8-c525-4104-8965-b382eb299100)] -> xpath: //input[@value='继续登录']];Displayed：+true;Enabled=true
2020/07/14 16:14:11:130  INFO com.sinosoft.test.base.TestBase:402 - clickButton:[[InternetExplorerDriver: internet explorer on WINDOWS (5cd438e8-c525-4104-8965-b382eb299100)] -> xpath: //input[@value='继续登录']]
2020/07/14 16:14:11:131 DEBUG com.sinosoft.test.base.TestBase:42 - Trying to click on: [[InternetExplorerDriver: internet explorer on WINDOWS (5cd438e8-c525-4104-8965-b382eb299100)] -> xpath: //input[@value='继续登录']]
2020/07/14 16:14:13:533 DEBUG com.sinosoft.test.base.TestBase:46 - Clicked on: [[InternetExplorerDriver: internet explorer on WINDOWS (5cd438e8-c525-4104-8965-b382eb299100)] -> xpath: //input[@value='继续登录']]
2020/07/14 16:14:13:534 DEBUG com.sinosoft.test.base.TestBase:69 - 初始化class com.sinosoft.test.fccp.common.HomePage
2020/07/14 16:14:14:213 DEBUG com.sinosoft.test.base.TestBase:76 - Trying to find Element By : By.linkText: 承保子系统
2020/07/14 16:14:14:299 DEBUG com.sinosoft.test.base.TestBase:80 - Found Element By : By.linkText: 承保子系统
2020/07/14 16:14:14:300  INFO com.sinosoft.test.base.TestBase:144 - RunJavaScript:[[InternetExplorerDriver: internet explorer on WINDOWS (5cd438e8-c525-4104-8965-b382eb299100)] -> link text: 承保子系统]	arguments[0].click();
2020/07/14 16:14:14:871 DEBUG com.sinosoft.test.base.TestBase:76 - Trying to find Element By : By.linkText: 投保管理
2020/07/14 16:14:14:962 DEBUG com.sinosoft.test.base.TestBase:80 - Found Element By : By.linkText: 投保管理
2020/07/14 16:14:14:962  INFO com.sinosoft.test.base.TestBase:144 - RunJavaScript:[[InternetExplorerDriver: internet explorer on WINDOWS (5cd438e8-c525-4104-8965-b382eb299100)] -> link text: 投保管理]	arguments[0].click();
2020/07/14 16:14:15:300 DEBUG com.sinosoft.test.base.TestBase:76 - Trying to find Element By : By.linkText: 投保处理
2020/07/14 16:14:15:410 DEBUG com.sinosoft.test.base.TestBase:80 - Found Element By : By.linkText: 投保处理
2020/07/14 16:14:15:411  INFO com.sinosoft.test.base.TestBase:144 - RunJavaScript:[[InternetExplorerDriver: internet explorer on WINDOWS (5cd438e8-c525-4104-8965-b382eb299100)] -> link text: 投保处理]	arguments[0].click();
2020/07/14 16:14:15:675 DEBUG com.sinosoft.test.base.TestBase:69 - 初始化class com.sinosoft.test.fccp.tbcl.RiskSelectPage
2020/07/14 16:14:16:449 DEBUG com.sinosoft.test.base.TestBase:93 - 投保处理/险种选择
2020/07/14 16:14:16:451 DEBUG com.sinosoft.test.base.TestBase:76 - Trying to find Element By : By.name: riskClassTemp
2020/07/14 16:14:16:566 DEBUG com.sinosoft.test.base.TestBase:80 - Found Element By : By.name: riskClassTemp
2020/07/14 16:14:16:613 DEBUG com.sinosoft.test.base.TestBase:76 - Trying to find Element By : By.name: riskClassTemp
2020/07/14 16:14:16:699 DEBUG com.sinosoft.test.base.TestBase:80 - Found Element By : By.name: riskClassTemp
2020/07/14 16:14:16:701 DEBUG com.sinosoft.test.base.TestBase:63 - SetCodeEditBox:开始设置:[[InternetExplorerDriver: internet explorer on WINDOWS (5cd438e8-c525-4104-8965-b382eb299100)] -> name: riskClassTemp] & Code=01
2020/07/14 16:14:16:701 DEBUG com.sinosoft.test.base.TestBase:76 - Trying to find Element By : By.name: riskClassTemp
2020/07/14 16:14:16:788 DEBUG com.sinosoft.test.base.TestBase:80 - Found Element By : By.name: riskClassTemp
2020/07/14 16:14:17:188 DEBUG com.sinosoft.test.base.TestBase:76 - Trying to find Element By : By.name: riskClassTemp
2020/07/14 16:14:17:287 DEBUG com.sinosoft.test.base.TestBase:80 - Found Element By : By.name: riskClassTemp
2020/07/14 16:14:17:942 DEBUG com.sinosoft.test.base.TestBase:76 - Trying to find Element By : By.name: riskClassTemp
2020/07/14 16:14:18:048 DEBUG com.sinosoft.test.base.TestBase:80 - Found Element By : By.name: riskClassTemp
2020/07/14 16:14:18:049 DEBUG com.sinosoft.test.base.TestBase:76 - Trying to find Element By : By.xpath: ../input[last()]
2020/07/14 16:14:18:181 DEBUG com.sinosoft.test.base.TestBase:80 - Found Element By : By.xpath: ../input[last()]
2020/07/14 16:14:18:359  INFO com.sinosoft.test.base.TestBase:71 - SetCodeEditBox:找到了Code对应的文本显示框并点击触发显示:riskClassName
2020/07/14 16:14:18:359 DEBUG com.sinosoft.test.base.TestBase:42 - Trying to click on: [[[[InternetExplorerDriver: internet explorer on WINDOWS (5cd438e8-c525-4104-8965-b382eb299100)] -> name: riskClassTemp]] -> xpath: ../input[last()]]
2020/07/14 16:14:19:449 DEBUG com.sinosoft.test.base.TestBase:46 - Clicked on: [[[[InternetExplorerDriver: internet explorer on WINDOWS (5cd438e8-c525-4104-8965-b382eb299100)] -> name: riskClassTemp]] -> xpath: ../input[last()]]
2020/07/14 16:14:19:649 DEBUG com.sinosoft.test.base.TestBase:76 - Trying to find Element By : By.name: riskClassTemp
2020/07/14 16:14:19:760 DEBUG com.sinosoft.test.base.TestBase:80 - Found Element By : By.name: riskClassTemp
2020/07/14 16:14:19:761 DEBUG com.sinosoft.test.base.TestBase:87 - SetCodeEditBox:设置完毕[[InternetExplorerDriver: internet explorer on WINDOWS (5cd438e8-c525-4104-8965-b382eb299100)] -> name: riskClassTemp],设置值 Code=01
2020/07/14 16:14:19:762 DEBUG com.sinosoft.test.base.TestBase:76 - Trying to find Element By : By.name: riskCode
2020/07/14 16:14:19:848 DEBUG com.sinosoft.test.base.TestBase:80 - Found Element By : By.name: riskCode
2020/07/14 16:14:19:912 DEBUG com.sinosoft.test.base.TestBase:76 - Trying to find Element By : By.name: riskCode
2020/07/14 16:14:19:974 DEBUG com.sinosoft.test.base.TestBase:80 - Found Element By : By.name: riskCode
2020/07/14 16:14:19:975 DEBUG com.sinosoft.test.base.TestBase:63 - SetCodeEditBox:开始设置:[[InternetExplorerDriver: internet explorer on WINDOWS (5cd438e8-c525-4104-8965-b382eb299100)] -> name: riskCode] & Code=0101
2020/07/14 16:14:19:976 DEBUG com.sinosoft.test.base.TestBase:76 - Trying to find Element By : By.name: riskCode
2020/07/14 16:14:20:068 DEBUG com.sinosoft.test.base.TestBase:80 - Found Element By : By.name: riskCode
2020/07/14 16:14:20:422 DEBUG com.sinosoft.test.base.TestBase:76 - Trying to find Element By : By.name: riskCode
2020/07/14 16:14:20:482 DEBUG com.sinosoft.test.base.TestBase:80 - Found Element By : By.name: riskCode
2020/07/14 16:14:21:080 DEBUG com.sinosoft.test.base.TestBase:76 - Trying to find Element By : By.name: riskCode
2020/07/14 16:14:21:176 DEBUG com.sinosoft.test.base.TestBase:80 - Found Element By : By.name: riskCode
2020/07/14 16:14:21:177 DEBUG com.sinosoft.test.base.TestBase:76 - Trying to find Element By : By.xpath: ../input[last()]
2020/07/14 16:14:21:260 DEBUG com.sinosoft.test.base.TestBase:80 - Found Element By : By.xpath: ../input[last()]
2020/07/14 16:14:21:439  INFO com.sinosoft.test.base.TestBase:71 - SetCodeEditBox:找到了Code对应的文本显示框并点击触发显示:riskName
2020/07/14 16:14:21:440 DEBUG com.sinosoft.test.base.TestBase:42 - Trying to click on: [[[[InternetExplorerDriver: internet explorer on WINDOWS (5cd438e8-c525-4104-8965-b382eb299100)] -> name: riskCode]] -> xpath: ../input[last()]]
2020/07/14 16:14:22:536 DEBUG com.sinosoft.test.base.TestBase:46 - Clicked on: [[[[InternetExplorerDriver: internet explorer on WINDOWS (5cd438e8-c525-4104-8965-b382eb299100)] -> name: riskCode]] -> xpath: ../input[last()]]
2020/07/14 16:14:22:738 DEBUG com.sinosoft.test.base.TestBase:76 - Trying to find Element By : By.name: riskCode
2020/07/14 16:14:22:839 DEBUG com.sinosoft.test.base.TestBase:80 - Found Element By : By.name: riskCode
2020/07/14 16:14:22:841 DEBUG com.sinosoft.test.base.TestBase:87 - SetCodeEditBox:设置完毕[[InternetExplorerDriver: internet explorer on WINDOWS (5cd438e8-c525-4104-8965-b382eb299100)] -> name: riskCode],设置值 Code=0101
2020/07/14 16:14:22:843 DEBUG com.sinosoft.test.base.TestBase:76 - Trying to find Element By : By.name: renewInd
2020/07/14 16:14:22:973 DEBUG com.sinosoft.test.base.TestBase:80 - Found Element By : By.name: renewInd
2020/07/14 16:14:22:975  INFO com.sinosoft.test.base.TestBase:321 - setEditboxTValue:[[[InternetExplorerDriver: internet explorer on WINDOWS (5cd438e8-c525-4104-8965-b382eb299100)] -> name: renewInd], [[InternetExplorerDriver: internet explorer on WINDOWS (5cd438e8-c525-4104-8965-b382eb299100)] -> name: renewInd]]：0
2020/07/14 16:14:22:977 DEBUG com.sinosoft.test.base.TestBase:76 - Trying to find Element By : By.name: renewInd
2020/07/14 16:14:23:095 DEBUG com.sinosoft.test.base.TestBase:80 - Found Element By : By.name: renewInd
2020/07/14 16:14:23:303 DEBUG com.sinosoft.test.base.TestBase:76 - Trying to find Element By : By.name: buttonNextStep
2020/07/14 16:14:23:402 DEBUG com.sinosoft.test.base.TestBase:80 - Found Element By : By.name: buttonNextStep
2020/07/14 16:14:23:405  INFO com.sinosoft.test.base.TestBase:402 - clickButton:[[InternetExplorerDriver: internet explorer on WINDOWS (5cd438e8-c525-4104-8965-b382eb299100)] -> name: buttonNextStep]
2020/07/14 16:14:23:407 DEBUG com.sinosoft.test.base.TestBase:42 - Trying to click on: [[InternetExplorerDriver: internet explorer on WINDOWS (5cd438e8-c525-4104-8965-b382eb299100)] -> name: buttonNextStep]
2020/07/14 16:14:26:367 DEBUG com.sinosoft.test.base.TestBase:46 - Clicked on: [[InternetExplorerDriver: internet explorer on WINDOWS (5cd438e8-c525-4104-8965-b382eb299100)] -> name: buttonNextStep]
2020/07/14 16:14:26:369 DEBUG com.sinosoft.test.base.TestBase:69 - 初始化class com.sinosoft.test.fccp.tbcl.BasicInfoPage
2020/07/14 16:14:29:228 DEBUG com.sinosoft.test.base.TestBase:322 - 投保处理/基本信息
2020/07/14 16:14:29:230 DEBUG com.sinosoft.test.base.TestBase:76 - Trying to find Element By : By.name: GuMainBusinessType
2020/07/14 16:14:29:353 DEBUG com.sinosoft.test.base.TestBase:80 - Found Element By : By.name: GuMainBusinessType
2020/07/14 16:14:29:354  INFO com.sinosoft.test.base.TestBase:96 - setSelectWithStartText:[[InternetExplorerDriver: internet explorer on WINDOWS (5cd438e8-c525-4104-8965-b382eb299100)] -> name: GuMainBusinessType]->
2020/07/14 16:14:29:354 DEBUG com.sinosoft.test.base.TestBase:76 - Trying to find Element By : By.name: GuMainCompanyCode
2020/07/14 16:14:29:449 DEBUG com.sinosoft.test.base.TestBase:80 - Found Element By : By.name: GuMainCompanyCode
2020/07/14 16:14:29:500 DEBUG com.sinosoft.test.base.TestBase:76 - Trying to find Element By : By.name: GuMainCompanyCode
2020/07/14 16:14:29:643 DEBUG com.sinosoft.test.base.TestBase:80 - Found Element By : By.name: GuMainCompanyCode
2020/07/14 16:14:29:645 DEBUG com.sinosoft.test.base.TestBase:63 - SetCodeEditBox:开始设置:[[InternetExplorerDriver: internet explorer on WINDOWS (5cd438e8-c525-4104-8965-b382eb299100)] -> name: GuMainCompanyCode] & Code=01620190
2020/07/14 16:14:29:646 DEBUG com.sinosoft.test.base.TestBase:76 - Trying to find Element By : By.name: GuMainCompanyCode
2020/07/14 16:14:29:732 DEBUG com.sinosoft.test.base.TestBase:80 - Found Element By : By.name: GuMainCompanyCode
2020/07/14 16:14:30:199 DEBUG com.sinosoft.test.base.TestBase:76 - Trying to find Element By : By.name: GuMainCompanyCode
2020/07/14 16:14:30:324 DEBUG com.sinosoft.test.base.TestBase:80 - Found Element By : By.name: GuMainCompanyCode
2020/07/14 16:14:31:608 DEBUG com.sinosoft.test.base.TestBase:76 - Trying to find Element By : By.name: GuMainCompanyCode
2020/07/14 16:14:31:803 DEBUG com.sinosoft.test.base.TestBase:80 - Found Element By : By.name: GuMainCompanyCode
2020/07/14 16:14:31:803 DEBUG com.sinosoft.test.base.TestBase:76 - Trying to find Element By : By.xpath: ../input[last()]
2020/07/14 16:14:31:910 DEBUG com.sinosoft.test.base.TestBase:80 - Found Element By : By.xpath: ../input[last()]
2020/07/14 16:14:32:129  INFO com.sinosoft.test.base.TestBase:71 - SetCodeEditBox:找到了Code对应的文本显示框并点击触发显示:GuMainCompanyName
2020/07/14 16:14:32:131 DEBUG com.sinosoft.test.base.TestBase:42 - Trying to click on: [[[[InternetExplorerDriver: internet explorer on WINDOWS (5cd438e8-c525-4104-8965-b382eb299100)] -> name: GuMainCompanyCode]] -> xpath: ../input[last()]]
2020/07/14 16:14:33:336 DEBUG com.sinosoft.test.base.TestBase:46 - Clicked on: [[[[InternetExplorerDriver: internet explorer on WINDOWS (5cd438e8-c525-4104-8965-b382eb299100)] -> name: GuMainCompanyCode]] -> xpath: ../input[last()]]
2020/07/14 16:14:33:537 DEBUG com.sinosoft.test.base.TestBase:76 - Trying to find Element By : By.name: GuMainCompanyCode
2020/07/14 16:14:33:683 DEBUG com.sinosoft.test.base.TestBase:80 - Found Element By : By.name: GuMainCompanyCode
2020/07/14 16:14:33:684 DEBUG com.sinosoft.test.base.TestBase:87 - SetCodeEditBox:设置完毕[[InternetExplorerDriver: internet explorer on WINDOWS (5cd438e8-c525-4104-8965-b382eb299100)] -> name: GuMainCompanyCode],设置值 Code=01620190
2020/07/14 16:14:33:685 DEBUG com.sinosoft.test.base.TestBase:76 - Trying to find Element By : By.name: GuMainChannelDetailCode
2020/07/14 16:14:33:819 DEBUG com.sinosoft.test.base.TestBase:80 - Found Element By : By.name: GuMainChannelDetailCode
2020/07/14 16:14:33:878 DEBUG com.sinosoft.test.base.TestBase:76 - Trying to find Element By : By.name: GuMainChannelDetailCode
2020/07/14 16:14:34:009 DEBUG com.sinosoft.test.base.TestBase:80 - Found Element By : By.name: GuMainChannelDetailCode
2020/07/14 16:14:34:010 DEBUG com.sinosoft.test.base.TestBase:63 - SetCodeEditBox:开始设置:[[InternetExplorerDriver: internet explorer on WINDOWS (5cd438e8-c525-4104-8965-b382eb299100)] -> name: GuMainChannelDetailCode] & Code=01
2020/07/14 16:14:34:010 DEBUG com.sinosoft.test.base.TestBase:76 - Trying to find Element By : By.name: GuMainChannelDetailCode
2020/07/14 16:14:34:116 DEBUG com.sinosoft.test.base.TestBase:80 - Found Element By : By.name: GuMainChannelDetailCode
2020/07/14 16:14:34:499 DEBUG com.sinosoft.test.base.TestBase:76 - Trying to find Element By : By.name: GuMainChannelDetailCode
2020/07/14 16:14:34:597 DEBUG com.sinosoft.test.base.TestBase:80 - Found Element By : By.name: GuMainChannelDetailCode
2020/07/14 16:14:35:310 DEBUG com.sinosoft.test.base.TestBase:76 - Trying to find Element By : By.name: GuMainChannelDetailCode
2020/07/14 16:14:35:393 DEBUG com.sinosoft.test.base.TestBase:80 - Found Element By : By.name: GuMainChannelDetailCode
2020/07/14 16:14:35:394 DEBUG com.sinosoft.test.base.TestBase:76 - Trying to find Element By : By.xpath: ../input[last()]
2020/07/14 16:14:35:493 DEBUG com.sinosoft.test.base.TestBase:80 - Found Element By : By.xpath: ../input[last()]
2020/07/14 16:14:35:711  INFO com.sinosoft.test.base.TestBase:71 - SetCodeEditBox:找到了Code对应的文本显示框并点击触发显示:GuMainChannelDetailName
2020/07/14 16:14:35:711 DEBUG com.sinosoft.test.base.TestBase:42 - Trying to click on: [[[[InternetExplorerDriver: internet explorer on WINDOWS (5cd438e8-c525-4104-8965-b382eb299100)] -> name: GuMainChannelDetailCode]] -> xpath: ../input[last()]]
2020/07/14 16:14:36:941 DEBUG com.sinosoft.test.base.TestBase:46 - Clicked on: [[[[InternetExplorerDriver: internet explorer on WINDOWS (5cd438e8-c525-4104-8965-b382eb299100)] -> name: GuMainChannelDetailCode]] -> xpath: ../input[last()]]
2020/07/14 16:14:37:142 DEBUG com.sinosoft.test.base.TestBase:76 - Trying to find Element By : By.name: GuMainChannelDetailCode
2020/07/14 16:14:37:300 DEBUG com.sinosoft.test.base.TestBase:80 - Found Element By : By.name: GuMainChannelDetailCode
2020/07/14 16:14:37:301 DEBUG com.sinosoft.test.base.TestBase:87 - SetCodeEditBox:设置完毕[[InternetExplorerDriver: internet explorer on WINDOWS (5cd438e8-c525-4104-8965-b382eb299100)] -> name: GuMainChannelDetailCode],设置值 Code=01
2020/07/14 16:14:37:301 DEBUG com.sinosoft.test.base.TestBase:76 - Trying to find Element By : By.name: GuMainShareHolderFlag
2020/07/14 16:14:37:425 DEBUG com.sinosoft.test.base.TestBase:80 - Found Element By : By.name: GuMainShareHolderFlag
2020/07/14 16:14:37:499 DEBUG com.sinosoft.test.base.TestBase:76 - Trying to find Element By : By.name: GuMainShareHolderFlag
2020/07/14 16:14:37:644 DEBUG com.sinosoft.test.base.TestBase:80 - Found Element By : By.name: GuMainShareHolderFlag
2020/07/14 16:14:37:645 DEBUG com.sinosoft.test.base.TestBase:42 - CodeSelect:开始设置[[InternetExplorerDriver: internet explorer on WINDOWS (5cd438e8-c525-4104-8965-b382eb299100)] -> name: GuMainShareHolderFlag] & Code=0
2020/07/14 16:14:37:665 DEBUG com.sinosoft.test.base.TestBase:76 - Trying to find Element By : By.name: GuMainShareHolderFlag
2020/07/14 16:14:37:790 DEBUG com.sinosoft.test.base.TestBase:80 - Found Element By : By.name: GuMainShareHolderFlag
2020/07/14 16:14:39:322 DEBUG com.sinosoft.test.base.TestBase:272 - 系统窗口【黄河财险业务系统】with handle -749934cb-5900-47ac-a027-3a3ff34b9c4a
2020/07/14 16:14:40:007 DEBUG com.sinosoft.test.base.TestBase:272 - 系统窗口【黄河财险业务系统】with handle -749934cb-5900-47ac-a027-3a3ff34b9c4a
2020/07/14 16:14:40:682 DEBUG com.sinosoft.test.base.TestBase:272 - 系统窗口【Code Select】with handle -5f0c1984-e914-4f46-9e43-37331956ddba
2020/07/14 16:14:41:217 DEBUG com.sinosoft.test.base.TestBase:69 - 初始化class com.sinosoft.test.fccp.common.CodeSelectPage
2020/07/14 16:14:41:223 DEBUG com.sinosoft.test.base.TestBase:39 - 基础码表选择！
2020/07/14 16:14:41:224 DEBUG com.sinosoft.test.base.TestBase:76 - Trying to find Element By : By.name: fieldValue
2020/07/14 16:14:41:562 DEBUG com.sinosoft.test.base.TestBase:80 - Found Element By : By.name: fieldValue
2020/07/14 16:14:41:563  INFO com.sinosoft.test.base.TestBase:360 - setEditboxValue:[[InternetExplorerDriver: internet explorer on WINDOWS (5cd438e8-c525-4104-8965-b382eb299100)] -> name: fieldValue]：0
2020/07/14 16:14:43:030  INFO com.sinosoft.test.base.TestBase:363 - setEditboxValue—End:[[InternetExplorerDriver: internet explorer on WINDOWS (5cd438e8-c525-4104-8965-b382eb299100)] -> name: fieldValue]：0
2020/07/14 16:14:43:031 DEBUG com.sinosoft.test.base.TestBase:76 - Trying to find Element By : By.xpath: //input[@value='查询(Q)']
2020/07/14 16:14:43:370 DEBUG com.sinosoft.test.base.TestBase:80 - Found Element By : By.xpath: //input[@value='查询(Q)']
2020/07/14 16:14:43:370  INFO com.sinosoft.test.base.TestBase:402 - clickButton:[[InternetExplorerDriver: internet explorer on WINDOWS (5cd438e8-c525-4104-8965-b382eb299100)] -> xpath: //input[@value='查询(Q)']]
2020/07/14 16:14:43:371 DEBUG com.sinosoft.test.base.TestBase:42 - Trying to click on: [[InternetExplorerDriver: internet explorer on WINDOWS (5cd438e8-c525-4104-8965-b382eb299100)] -> xpath: //input[@value='查询(Q)']]
2020/07/14 16:14:45:005 DEBUG com.sinosoft.test.base.TestBase:46 - Clicked on: [[InternetExplorerDriver: internet explorer on WINDOWS (5cd438e8-c525-4104-8965-b382eb299100)] -> xpath: //input[@value='查询(Q)']]
2020/07/14 16:14:45:006 DEBUG com.sinosoft.test.base.TestBase:76 - Trying to find Element By : By.name: codeselect
2020/07/14 16:14:45:323 DEBUG com.sinosoft.test.base.TestBase:80 - Found Element By : By.name: codeselect
2020/07/14 16:14:45:323  INFO com.sinosoft.test.base.TestBase:132 - setFuzzySelect:[[InternetExplorerDriver: internet explorer on WINDOWS (5cd438e8-c525-4104-8965-b382eb299100)] -> name: codeselect]->0
2020/07/14 16:14:45:909 DEBUG com.sinosoft.test.base.TestBase:76 - Trying to find Element By : By.tagName: option
2020/07/14 16:14:46:388 DEBUG com.sinosoft.test.base.TestBase:80 - Found Element By : By.tagName: option
2020/07/14 16:14:49:561  INFO com.sinosoft.test.base.TestBase:142 - 找到匹配【0】的选项：0--非股东
2020/07/14 16:14:49:565 DEBUG com.sinosoft.test.base.TestBase:76 - Trying to find Element By : By.xpath: .//option[normalize-space(.) = "0--非股东"]
2020/07/14 16:14:49:908 DEBUG com.sinosoft.test.base.TestBase:80 - Found Element By : By.xpath: .//option[normalize-space(.) = "0--非股东"]
2020/07/14 16:14:50:207 DEBUG com.sinosoft.test.base.TestBase:42 - Trying to click on: [[[[InternetExplorerDriver: internet explorer on WINDOWS (5cd438e8-c525-4104-8965-b382eb299100)] -> name: codeselect]] -> xpath: .//option[normalize-space(.) = "0--非股东"]]
2020/07/14 16:14:50:756 DEBUG com.sinosoft.test.base.TestBase:46 - Clicked on: [[[[InternetExplorerDriver: internet explorer on WINDOWS (5cd438e8-c525-4104-8965-b382eb299100)] -> name: codeselect]] -> xpath: .//option[normalize-space(.) = "0--非股东"]]
2020/07/14 16:14:50:757 DEBUG com.sinosoft.test.base.TestBase:151 - setFuzzySelect 结束！
2020/07/14 16:14:50:758 DEBUG com.sinosoft.test.base.TestBase:76 - Trying to find Element By : By.name: SelectIt
2020/07/14 16:14:51:059 DEBUG com.sinosoft.test.base.TestBase:80 - Found Element By : By.name: SelectIt
2020/07/14 16:14:51:062  INFO com.sinosoft.test.base.TestBase:416 - jsClickButton:[[InternetExplorerDriver: internet explorer on WINDOWS (5cd438e8-c525-4104-8965-b382eb299100)] -> name: SelectIt]
2020/07/14 16:14:51:063  INFO com.sinosoft.test.base.TestBase:144 - RunJavaScript:[[InternetExplorerDriver: internet explorer on WINDOWS (5cd438e8-c525-4104-8965-b382eb299100)] -> name: SelectIt]	arguments[0].click();
2020/07/14 16:14:51:888 DEBUG com.sinosoft.test.base.TestBase:272 - 系统窗口【黄河财险业务系统】with handle -749934cb-5900-47ac-a027-3a3ff34b9c4a
2020/07/14 16:14:54:878 DEBUG com.sinosoft.test.base.TestBase:76 - Trying to find Element By : By.name: GuMainShareHolderFlag
2020/07/14 16:14:54:982 DEBUG com.sinosoft.test.base.TestBase:80 - Found Element By : By.name: GuMainShareHolderFlag
2020/07/14 16:14:54:983 DEBUG com.sinosoft.test.base.TestBase:49 - CodeSelect:设置完毕[[InternetExplorerDriver: internet explorer on WINDOWS (5cd438e8-c525-4104-8965-b382eb299100)] -> name: GuMainShareHolderFlag] & Code=0
2020/07/14 16:14:54:983 DEBUG com.sinosoft.test.base.TestBase:76 - Trying to find Element By : By.name: GuMainSalesTeamCode
2020/07/14 16:14:55:115 DEBUG com.sinosoft.test.base.TestBase:80 - Found Element By : By.name: GuMainSalesTeamCode
2020/07/14 16:14:55:198 DEBUG com.sinosoft.test.base.TestBase:76 - Trying to find Element By : By.name: GuMainSalesTeamCode
2020/07/14 16:14:55:331 DEBUG com.sinosoft.test.base.TestBase:80 - Found Element By : By.name: GuMainSalesTeamCode
2020/07/14 16:14:55:331 DEBUG com.sinosoft.test.base.TestBase:42 - CodeSelect:开始设置[[InternetExplorerDriver: internet explorer on WINDOWS (5cd438e8-c525-4104-8965-b382eb299100)] -> name: GuMainSalesTeamCode] & Code=T6201900101
2020/07/14 16:14:55:332 DEBUG com.sinosoft.test.base.TestBase:76 - Trying to find Element By : By.name: GuMainSalesTeamCode
2020/07/14 16:14:55:471 DEBUG com.sinosoft.test.base.TestBase:80 - Found Element By : By.name: GuMainSalesTeamCode
2020/07/14 16:14:57:037 DEBUG com.sinosoft.test.base.TestBase:272 - 系统窗口【黄河财险业务系统】with handle -749934cb-5900-47ac-a027-3a3ff34b9c4a
2020/07/14 16:14:57:725 DEBUG com.sinosoft.test.base.TestBase:272 - 系统窗口【黄河财险业务系统】with handle -749934cb-5900-47ac-a027-3a3ff34b9c4a
2020/07/14 16:14:58:384 DEBUG com.sinosoft.test.base.TestBase:272 - 系统窗口【Code Select】with handle -8b73088f-d63f-44b5-ab3b-f7246030d0bb
2020/07/14 16:14:58:910 DEBUG com.sinosoft.test.base.TestBase:69 - 初始化class com.sinosoft.test.fccp.common.CodeSelectPage
2020/07/14 16:14:58:911 DEBUG com.sinosoft.test.base.TestBase:39 - 基础码表选择！
2020/07/14 16:14:58:912 DEBUG com.sinosoft.test.base.TestBase:76 - Trying to find Element By : By.name: fieldValue
2020/07/14 16:14:59:207 DEBUG com.sinosoft.test.base.TestBase:80 - Found Element By : By.name: fieldValue
2020/07/14 16:14:59:208  INFO com.sinosoft.test.base.TestBase:360 - setEditboxValue:[[InternetExplorerDriver: internet explorer on WINDOWS (5cd438e8-c525-4104-8965-b382eb299100)] -> name: fieldValue]：T6201900101
2020/07/14 16:15:00:849  INFO com.sinosoft.test.base.TestBase:363 - setEditboxValue—End:[[InternetExplorerDriver: internet explorer on WINDOWS (5cd438e8-c525-4104-8965-b382eb299100)] -> name: fieldValue]：T6201900101
2020/07/14 16:15:00:850 DEBUG com.sinosoft.test.base.TestBase:76 - Trying to find Element By : By.xpath: //input[@value='查询(Q)']
2020/07/14 16:15:01:177 DEBUG com.sinosoft.test.base.TestBase:80 - Found Element By : By.xpath: //input[@value='查询(Q)']
2020/07/14 16:15:01:177  INFO com.sinosoft.test.base.TestBase:402 - clickButton:[[InternetExplorerDriver: internet explorer on WINDOWS (5cd438e8-c525-4104-8965-b382eb299100)] -> xpath: //input[@value='查询(Q)']]
2020/07/14 16:15:01:178 DEBUG com.sinosoft.test.base.TestBase:42 - Trying to click on: [[InternetExplorerDriver: internet explorer on WINDOWS (5cd438e8-c525-4104-8965-b382eb299100)] -> xpath: //input[@value='查询(Q)']]
2020/07/14 16:15:02:827 DEBUG com.sinosoft.test.base.TestBase:46 - Clicked on: [[InternetExplorerDriver: internet explorer on WINDOWS (5cd438e8-c525-4104-8965-b382eb299100)] -> xpath: //input[@value='查询(Q)']]
2020/07/14 16:15:02:828 DEBUG com.sinosoft.test.base.TestBase:76 - Trying to find Element By : By.name: codeselect
2020/07/14 16:15:03:147 DEBUG com.sinosoft.test.base.TestBase:80 - Found Element By : By.name: codeselect
2020/07/14 16:15:03:148  INFO com.sinosoft.test.base.TestBase:132 - setFuzzySelect:[[InternetExplorerDriver: internet explorer on WINDOWS (5cd438e8-c525-4104-8965-b382eb299100)] -> name: codeselect]->T6201900101
2020/07/14 16:15:03:729 DEBUG com.sinosoft.test.base.TestBase:76 - Trying to find Element By : By.tagName: option
2020/07/14 16:15:04:094 DEBUG com.sinosoft.test.base.TestBase:80 - Found Element By : By.tagName: option
2020/07/14 16:15:04:412  INFO com.sinosoft.test.base.TestBase:142 - 找到匹配【T6201900101】的选项：T6201900101--兰州中支新团队
2020/07/14 16:15:04:412 DEBUG com.sinosoft.test.base.TestBase:76 - Trying to find Element By : By.xpath: .//option[normalize-space(.) = "T6201900101--兰州中支新团队"]
2020/07/14 16:15:04:743 DEBUG com.sinosoft.test.base.TestBase:80 - Found Element By : By.xpath: .//option[normalize-space(.) = "T6201900101--兰州中支新团队"]
2020/07/14 16:15:05:042 DEBUG com.sinosoft.test.base.TestBase:42 - Trying to click on: [[[[InternetExplorerDriver: internet explorer on WINDOWS (5cd438e8-c525-4104-8965-b382eb299100)] -> name: codeselect]] -> xpath: .//option[normalize-space(.) = "T6201900101--兰州中支新团队"]]
2020/07/14 16:15:05:590 DEBUG com.sinosoft.test.base.TestBase:46 - Clicked on: [[[[InternetExplorerDriver: internet explorer on WINDOWS (5cd438e8-c525-4104-8965-b382eb299100)] -> name: codeselect]] -> xpath: .//option[normalize-space(.) = "T6201900101--兰州中支新团队"]]
2020/07/14 16:15:05:591 DEBUG com.sinosoft.test.base.TestBase:151 - setFuzzySelect 结束！
2020/07/14 16:15:05:591 DEBUG com.sinosoft.test.base.TestBase:76 - Trying to find Element By : By.name: SelectIt
2020/07/14 16:15:05:910 DEBUG com.sinosoft.test.base.TestBase:80 - Found Element By : By.name: SelectIt
2020/07/14 16:15:05:911  INFO com.sinosoft.test.base.TestBase:416 - jsClickButton:[[InternetExplorerDriver: internet explorer on WINDOWS (5cd438e8-c525-4104-8965-b382eb299100)] -> name: SelectIt]
2020/07/14 16:15:05:911  INFO com.sinosoft.test.base.TestBase:144 - RunJavaScript:[[InternetExplorerDriver: internet explorer on WINDOWS (5cd438e8-c525-4104-8965-b382eb299100)] -> name: SelectIt]	arguments[0].click();
2020/07/14 16:15:06:683 DEBUG com.sinosoft.test.base.TestBase:272 - 系统窗口【黄河财险业务系统】with handle -749934cb-5900-47ac-a027-3a3ff34b9c4a
2020/07/14 16:15:09:683 DEBUG com.sinosoft.test.base.TestBase:76 - Trying to find Element By : By.name: GuMainSalesTeamCode
2020/07/14 16:15:09:847 DEBUG com.sinosoft.test.base.TestBase:80 - Found Element By : By.name: GuMainSalesTeamCode
2020/07/14 16:15:09:850 DEBUG com.sinosoft.test.base.TestBase:49 - CodeSelect:设置完毕[[InternetExplorerDriver: internet explorer on WINDOWS (5cd438e8-c525-4104-8965-b382eb299100)] -> name: GuMainSalesTeamCode] & Code=T6201900101
2020/07/14 16:15:09:852 DEBUG com.sinosoft.test.base.TestBase:76 - Trying to find Element By : By.name: GuMainSalesmanCode
2020/07/14 16:15:09:991 DEBUG com.sinosoft.test.base.TestBase:80 - Found Element By : By.name: GuMainSalesmanCode
2020/07/14 16:15:10:101 DEBUG com.sinosoft.test.base.TestBase:76 - Trying to find Element By : By.name: GuMainSalesmanCode
2020/07/14 16:15:10:240 DEBUG com.sinosoft.test.base.TestBase:80 - Found Element By : By.name: GuMainSalesmanCode
2020/07/14 16:15:10:241 DEBUG com.sinosoft.test.base.TestBase:42 - CodeSelect:开始设置[[InternetExplorerDriver: internet explorer on WINDOWS (5cd438e8-c525-4104-8965-b382eb299100)] -> name: GuMainSalesmanCode] & Code=S000000006
2020/07/14 16:15:10:242 DEBUG com.sinosoft.test.base.TestBase:76 - Trying to find Element By : By.name: GuMainSalesmanCode
2020/07/14 16:15:10:346 DEBUG com.sinosoft.test.base.TestBase:80 - Found Element By : By.name: GuMainSalesmanCode
2020/07/14 16:15:11:881 DEBUG com.sinosoft.test.base.TestBase:272 - 系统窗口【黄河财险业务系统】with handle -749934cb-5900-47ac-a027-3a3ff34b9c4a
2020/07/14 16:15:13:054 DEBUG com.sinosoft.test.base.TestBase:272 - 系统窗口【Code Select】with handle -186fcc20-338a-4c61-8271-ad813e49423c
2020/07/14 16:15:13:594 DEBUG com.sinosoft.test.base.TestBase:69 - 初始化class com.sinosoft.test.fccp.common.CodeSelectPage
2020/07/14 16:15:13:597 DEBUG com.sinosoft.test.base.TestBase:39 - 基础码表选择！
2020/07/14 16:15:13:597 DEBUG com.sinosoft.test.base.TestBase:76 - Trying to find Element By : By.name: fieldValue
2020/07/14 16:15:13:904 DEBUG com.sinosoft.test.base.TestBase:80 - Found Element By : By.name: fieldValue
2020/07/14 16:15:13:905  INFO com.sinosoft.test.base.TestBase:360 - setEditboxValue:[[InternetExplorerDriver: internet explorer on WINDOWS (5cd438e8-c525-4104-8965-b382eb299100)] -> name: fieldValue]：S000000006
2020/07/14 16:15:15:536  INFO com.sinosoft.test.base.TestBase:363 - setEditboxValue—End:[[InternetExplorerDriver: internet explorer on WINDOWS (5cd438e8-c525-4104-8965-b382eb299100)] -> name: fieldValue]：S000000006
2020/07/14 16:15:15:536 DEBUG com.sinosoft.test.base.TestBase:76 - Trying to find Element By : By.xpath: //input[@value='查询(Q)']
2020/07/14 16:15:15:841 DEBUG com.sinosoft.test.base.TestBase:80 - Found Element By : By.xpath: //input[@value='查询(Q)']
2020/07/14 16:15:15:842  INFO com.sinosoft.test.base.TestBase:402 - clickButton:[[InternetExplorerDriver: internet explorer on WINDOWS (5cd438e8-c525-4104-8965-b382eb299100)] -> xpath: //input[@value='查询(Q)']]
2020/07/14 16:15:15:843 DEBUG com.sinosoft.test.base.TestBase:42 - Trying to click on: [[InternetExplorerDriver: internet explorer on WINDOWS (5cd438e8-c525-4104-8965-b382eb299100)] -> xpath: //input[@value='查询(Q)']]
2020/07/14 16:15:17:466 DEBUG com.sinosoft.test.base.TestBase:46 - Clicked on: [[InternetExplorerDriver: internet explorer on WINDOWS (5cd438e8-c525-4104-8965-b382eb299100)] -> xpath: //input[@value='查询(Q)']]
2020/07/14 16:15:17:467 DEBUG com.sinosoft.test.base.TestBase:76 - Trying to find Element By : By.name: codeselect
2020/07/14 16:15:17:791 DEBUG com.sinosoft.test.base.TestBase:80 - Found Element By : By.name: codeselect
2020/07/14 16:15:17:791  INFO com.sinosoft.test.base.TestBase:132 - setFuzzySelect:[[InternetExplorerDriver: internet explorer on WINDOWS (5cd438e8-c525-4104-8965-b382eb299100)] -> name: codeselect]->S000000006
2020/07/14 16:15:18:355 DEBUG com.sinosoft.test.base.TestBase:76 - Trying to find Element By : By.tagName: option
2020/07/14 16:15:18:698 DEBUG com.sinosoft.test.base.TestBase:80 - Found Element By : By.tagName: option
2020/07/14 16:15:19:017  INFO com.sinosoft.test.base.TestBase:142 - 找到匹配【S000000006】的选项：S000000006--赵子毓
2020/07/14 16:15:19:017 DEBUG com.sinosoft.test.base.TestBase:76 - Trying to find Element By : By.xpath: .//option[normalize-space(.) = "S000000006--赵子毓"]
2020/07/14 16:15:19:354 DEBUG com.sinosoft.test.base.TestBase:80 - Found Element By : By.xpath: .//option[normalize-space(.) = "S000000006--赵子毓"]
2020/07/14 16:15:19:666 DEBUG com.sinosoft.test.base.TestBase:42 - Trying to click on: [[[[InternetExplorerDriver: internet explorer on WINDOWS (5cd438e8-c525-4104-8965-b382eb299100)] -> name: codeselect]] -> xpath: .//option[normalize-space(.) = "S000000006--赵子毓"]]
2020/07/14 16:15:20:174 DEBUG com.sinosoft.test.base.TestBase:46 - Clicked on: [[[[InternetExplorerDriver: internet explorer on WINDOWS (5cd438e8-c525-4104-8965-b382eb299100)] -> name: codeselect]] -> xpath: .//option[normalize-space(.) = "S000000006--赵子毓"]]
2020/07/14 16:15:20:175 DEBUG com.sinosoft.test.base.TestBase:151 - setFuzzySelect 结束！
2020/07/14 16:15:20:176 DEBUG com.sinosoft.test.base.TestBase:76 - Trying to find Element By : By.name: SelectIt
2020/07/14 16:15:20:493 DEBUG com.sinosoft.test.base.TestBase:80 - Found Element By : By.name: SelectIt
2020/07/14 16:15:20:494  INFO com.sinosoft.test.base.TestBase:416 - jsClickButton:[[InternetExplorerDriver: internet explorer on WINDOWS (5cd438e8-c525-4104-8965-b382eb299100)] -> name: SelectIt]
2020/07/14 16:15:20:494  INFO com.sinosoft.test.base.TestBase:144 - RunJavaScript:[[InternetExplorerDriver: internet explorer on WINDOWS (5cd438e8-c525-4104-8965-b382eb299100)] -> name: SelectIt]	arguments[0].click();
2020/07/14 16:15:21:322 DEBUG com.sinosoft.test.base.TestBase:272 - 系统窗口【黄河财险业务系统】with handle -749934cb-5900-47ac-a027-3a3ff34b9c4a
2020/07/14 16:15:24:420 DEBUG com.sinosoft.test.base.TestBase:76 - Trying to find Element By : By.name: GuMainSalesmanCode
2020/07/14 16:15:24:524 DEBUG com.sinosoft.test.base.TestBase:80 - Found Element By : By.name: GuMainSalesmanCode
2020/07/14 16:15:24:525 DEBUG com.sinosoft.test.base.TestBase:49 - CodeSelect:设置完毕[[InternetExplorerDriver: internet explorer on WINDOWS (5cd438e8-c525-4104-8965-b382eb299100)] -> name: GuMainSalesmanCode] & Code=S000000006
2020/07/14 16:15:24:525 DEBUG com.sinosoft.test.base.TestBase:76 - Trying to find Element By : By.name: GuMainBusinessSource
2020/07/14 16:15:24:674 DEBUG com.sinosoft.test.base.TestBase:80 - Found Element By : By.name: GuMainBusinessSource
2020/07/14 16:15:24:756 DEBUG com.sinosoft.test.base.TestBase:76 - Trying to find Element By : By.name: GuMainBusinessSource
2020/07/14 16:15:24:884 DEBUG com.sinosoft.test.base.TestBase:80 - Found Element By : By.name: GuMainBusinessSource
2020/07/14 16:15:24:885 DEBUG com.sinosoft.test.base.TestBase:42 - CodeSelect:开始设置[[InternetExplorerDriver: internet explorer on WINDOWS (5cd438e8-c525-4104-8965-b382eb299100)] -> name: GuMainBusinessSource] & Code=01010101
2020/07/14 16:15:24:888 DEBUG com.sinosoft.test.base.TestBase:76 - Trying to find Element By : By.name: GuMainBusinessSource
2020/07/14 16:15:25:021 DEBUG com.sinosoft.test.base.TestBase:80 - Found Element By : By.name: GuMainBusinessSource
2020/07/14 16:15:26:505 DEBUG com.sinosoft.test.base.TestBase:272 - 系统窗口【黄河财险业务系统】with handle -749934cb-5900-47ac-a027-3a3ff34b9c4a
2020/07/14 16:15:27:300 DEBUG com.sinosoft.test.base.TestBase:272 - 系统窗口【黄河财险业务系统】with handle -749934cb-5900-47ac-a027-3a3ff34b9c4a
2020/07/14 16:15:27:959 DEBUG com.sinosoft.test.base.TestBase:272 - 系统窗口【Code Select】with handle -cb9d5f81-ff2b-4ef5-8673-ffd977fdb7ee
2020/07/14 16:15:28:490 DEBUG com.sinosoft.test.base.TestBase:69 - 初始化class com.sinosoft.test.fccp.common.CodeSelectPage
2020/07/14 16:15:28:491 DEBUG com.sinosoft.test.base.TestBase:39 - 基础码表选择！
2020/07/14 16:15:28:491 DEBUG com.sinosoft.test.base.TestBase:76 - Trying to find Element By : By.name: fieldValue
2020/07/14 16:15:28:800 DEBUG com.sinosoft.test.base.TestBase:80 - Found Element By : By.name: fieldValue
2020/07/14 16:15:28:801  INFO com.sinosoft.test.base.TestBase:360 - setEditboxValue:[[InternetExplorerDriver: internet explorer on WINDOWS (5cd438e8-c525-4104-8965-b382eb299100)] -> name: fieldValue]：01010101
2020/07/14 16:15:30:398  INFO com.sinosoft.test.base.TestBase:363 - setEditboxValue—End:[[InternetExplorerDriver: internet explorer on WINDOWS (5cd438e8-c525-4104-8965-b382eb299100)] -> name: fieldValue]：01010101
2020/07/14 16:15:30:398 DEBUG com.sinosoft.test.base.TestBase:76 - Trying to find Element By : By.xpath: //input[@value='查询(Q)']
2020/07/14 16:15:30:721 DEBUG com.sinosoft.test.base.TestBase:80 - Found Element By : By.xpath: //input[@value='查询(Q)']
2020/07/14 16:15:30:722  INFO com.sinosoft.test.base.TestBase:402 - clickButton:[[InternetExplorerDriver: internet explorer on WINDOWS (5cd438e8-c525-4104-8965-b382eb299100)] -> xpath: //input[@value='查询(Q)']]
2020/07/14 16:15:30:722 DEBUG com.sinosoft.test.base.TestBase:42 - Trying to click on: [[InternetExplorerDriver: internet explorer on WINDOWS (5cd438e8-c525-4104-8965-b382eb299100)] -> xpath: //input[@value='查询(Q)']]
2020/07/14 16:15:32:369 DEBUG com.sinosoft.test.base.TestBase:46 - Clicked on: [[InternetExplorerDriver: internet explorer on WINDOWS (5cd438e8-c525-4104-8965-b382eb299100)] -> xpath: //input[@value='查询(Q)']]
2020/07/14 16:15:32:369 DEBUG com.sinosoft.test.base.TestBase:76 - Trying to find Element By : By.name: codeselect
2020/07/14 16:15:32:691 DEBUG com.sinosoft.test.base.TestBase:80 - Found Element By : By.name: codeselect
2020/07/14 16:15:32:693  INFO com.sinosoft.test.base.TestBase:132 - setFuzzySelect:[[InternetExplorerDriver: internet explorer on WINDOWS (5cd438e8-c525-4104-8965-b382eb299100)] -> name: codeselect]->01010101
2020/07/14 16:15:33:277 DEBUG com.sinosoft.test.base.TestBase:76 - Trying to find Element By : By.tagName: option
2020/07/14 16:15:33:792 DEBUG com.sinosoft.test.base.TestBase:80 - Found Element By : By.tagName: option
2020/07/14 16:15:34:102  INFO com.sinosoft.test.base.TestBase:142 - 找到匹配【01010101】的选项：01010101--柜面直销
2020/07/14 16:15:34:102 DEBUG com.sinosoft.test.base.TestBase:76 - Trying to find Element By : By.xpath: .//option[normalize-space(.) = "01010101--柜面直销"]
2020/07/14 16:15:34:437 DEBUG com.sinosoft.test.base.TestBase:80 - Found Element By : By.xpath: .//option[normalize-space(.) = "01010101--柜面直销"]
2020/07/14 16:15:34:737 DEBUG com.sinosoft.test.base.TestBase:42 - Trying to click on: [[[[InternetExplorerDriver: internet explorer on WINDOWS (5cd438e8-c525-4104-8965-b382eb299100)] -> name: codeselect]] -> xpath: .//option[normalize-space(.) = "01010101--柜面直销"]]
2020/07/14 16:15:35:237 DEBUG com.sinosoft.test.base.TestBase:46 - Clicked on: [[[[InternetExplorerDriver: internet explorer on WINDOWS (5cd438e8-c525-4104-8965-b382eb299100)] -> name: codeselect]] -> xpath: .//option[normalize-space(.) = "01010101--柜面直销"]]
2020/07/14 16:15:35:237 DEBUG com.sinosoft.test.base.TestBase:151 - setFuzzySelect 结束！
2020/07/14 16:15:35:238 DEBUG com.sinosoft.test.base.TestBase:76 - Trying to find Element By : By.name: SelectIt
2020/07/14 16:15:35:541 DEBUG com.sinosoft.test.base.TestBase:80 - Found Element By : By.name: SelectIt
2020/07/14 16:15:35:544  INFO com.sinosoft.test.base.TestBase:416 - jsClickButton:[[InternetExplorerDriver: internet explorer on WINDOWS (5cd438e8-c525-4104-8965-b382eb299100)] -> name: SelectIt]
2020/07/14 16:15:35:545  INFO com.sinosoft.test.base.TestBase:144 - RunJavaScript:[[InternetExplorerDriver: internet explorer on WINDOWS (5cd438e8-c525-4104-8965-b382eb299100)] -> name: SelectIt]	arguments[0].click();
2020/07/14 16:15:36:344 DEBUG com.sinosoft.test.base.TestBase:272 - 系统窗口【黄河财险业务系统】with handle -749934cb-5900-47ac-a027-3a3ff34b9c4a
2020/07/14 16:15:39:424 DEBUG com.sinosoft.test.base.TestBase:76 - Trying to find Element By : By.name: GuMainBusinessSource
2020/07/14 16:15:39:596 DEBUG com.sinosoft.test.base.TestBase:80 - Found Element By : By.name: GuMainBusinessSource
2020/07/14 16:15:39:597 DEBUG com.sinosoft.test.base.TestBase:49 - CodeSelect:设置完毕[[InternetExplorerDriver: internet explorer on WINDOWS (5cd438e8-c525-4104-8965-b382eb299100)] -> name: GuMainBusinessSource] & Code=01010101
2020/07/14 16:15:39:597 DEBUG com.sinosoft.test.base.TestBase:76 - Trying to find Element By : By.name: GuMainSurveyInd
2020/07/14 16:15:39:746 DEBUG com.sinosoft.test.base.TestBase:80 - Found Element By : By.name: GuMainSurveyInd
2020/07/14 16:15:39:747  INFO com.sinosoft.test.base.TestBase:96 - setSelectWithStartText:[[InternetExplorerDriver: internet explorer on WINDOWS (5cd438e8-c525-4104-8965-b382eb299100)] -> name: GuMainSurveyInd]->HXXT
2020/07/14 16:15:39:747 DEBUG com.sinosoft.test.base.TestBase:76 - Trying to find Element By : By.name: GuMainSurveyInd
2020/07/14 16:15:39:888 DEBUG com.sinosoft.test.base.TestBase:80 - Found Element By : By.name: GuMainSurveyInd
2020/07/14 16:15:39:921 DEBUG com.sinosoft.test.base.TestBase:76 - Trying to find Element By : By.name: GuMainSurveyInd
2020/07/14 16:15:40:055 DEBUG com.sinosoft.test.base.TestBase:80 - Found Element By : By.name: GuMainSurveyInd
2020/07/14 16:15:40:099 DEBUG com.sinosoft.test.base.TestBase:76 - Trying to find Element By : By.name: GuMainSurveyInd
2020/07/14 16:15:40:255 DEBUG com.sinosoft.test.base.TestBase:80 - Found Element By : By.name: GuMainSurveyInd
2020/07/14 16:15:40:258 DEBUG com.sinosoft.test.base.TestBase:76 - Trying to find Element By : By.tagName: option
2020/07/14 16:15:41:291 DEBUG com.sinosoft.test.base.TestBase:80 - Found Element By : By.tagName: option
2020/07/14 16:15:41:398  INFO com.sinosoft.test.base.TestBase:114 - 找到匹配【HXXT】的选项：HXXT-核心
2020/07/14 16:15:41:399 DEBUG com.sinosoft.test.base.TestBase:76 - Trying to find Element By : By.name: GuMainSurveyInd
2020/07/14 16:15:41:505 DEBUG com.sinosoft.test.base.TestBase:80 - Found Element By : By.name: GuMainSurveyInd
2020/07/14 16:15:41:507 DEBUG com.sinosoft.test.base.TestBase:76 - Trying to find Element By : By.xpath: .//option[normalize-space(.) = "HXXT-核心"]
2020/07/14 16:15:41:623 DEBUG com.sinosoft.test.base.TestBase:80 - Found Element By : By.xpath: .//option[normalize-space(.) = "HXXT-核心"]
2020/07/14 16:15:41:691 DEBUG com.sinosoft.test.base.TestBase:123 - setSelectWithStartText 结束！
2020/07/14 16:15:41:691 DEBUG com.sinosoft.test.base.TestBase:76 - Trying to find Element By : By.name: GuMainArgueSolution
2020/07/14 16:15:41:878 DEBUG com.sinosoft.test.base.TestBase:80 - Found Element By : By.name: GuMainArgueSolution
2020/07/14 16:15:41:879  INFO com.sinosoft.test.base.TestBase:96 - setSelectWithStartText:[[InternetExplorerDriver: internet explorer on WINDOWS (5cd438e8-c525-4104-8965-b382eb299100)] -> name: GuMainArgueSolution]->
2020/07/14 16:15:41:879 DEBUG com.sinosoft.test.base.TestBase:76 - Trying to find Element By : By.name: GuMainDomesticInd
2020/07/14 16:15:41:997 DEBUG com.sinosoft.test.base.TestBase:80 - Found Element By : By.name: GuMainDomesticInd
2020/07/14 16:15:41:998  INFO com.sinosoft.test.base.TestBase:96 - setSelectWithStartText:[[InternetExplorerDriver: internet explorer on WINDOWS (5cd438e8-c525-4104-8965-b382eb299100)] -> name: GuMainDomesticInd]->
2020/07/14 16:15:41:998 DEBUG com.sinosoft.test.base.TestBase:76 - Trying to find Element By : By.name: GuMainComInsureInd
2020/07/14 16:15:42:106 DEBUG com.sinosoft.test.base.TestBase:80 - Found Element By : By.name: GuMainComInsureInd
2020/07/14 16:15:42:107  INFO com.sinosoft.test.base.TestBase:96 - setSelectWithStartText:[[InternetExplorerDriver: internet explorer on WINDOWS (5cd438e8-c525-4104-8965-b382eb299100)] -> name: GuMainComInsureInd]->0
2020/07/14 16:15:42:107 DEBUG com.sinosoft.test.base.TestBase:76 - Trying to find Element By : By.name: GuMainComInsureInd
2020/07/14 16:15:42:277 DEBUG com.sinosoft.test.base.TestBase:80 - Found Element By : By.name: GuMainComInsureInd
2020/07/14 16:15:42:321 DEBUG com.sinosoft.test.base.TestBase:76 - Trying to find Element By : By.name: GuMainComInsureInd
2020/07/14 16:15:42:428 DEBUG com.sinosoft.test.base.TestBase:80 - Found Element By : By.name: GuMainComInsureInd
2020/07/14 16:15:42:468 DEBUG com.sinosoft.test.base.TestBase:76 - Trying to find Element By : By.name: GuMainComInsureInd
2020/07/14 16:15:42:586 DEBUG com.sinosoft.test.base.TestBase:80 - Found Element By : By.name: GuMainComInsureInd
2020/07/14 16:15:42:587 DEBUG com.sinosoft.test.base.TestBase:76 - Trying to find Element By : By.tagName: option
2020/07/14 16:15:42:888 DEBUG com.sinosoft.test.base.TestBase:80 - Found Element By : By.tagName: option
2020/07/14 16:15:43:010  INFO com.sinosoft.test.base.TestBase:114 - 找到匹配【0】的选项：0-非统括业务
2020/07/14 16:15:43:011 DEBUG com.sinosoft.test.base.TestBase:76 - Trying to find Element By : By.name: GuMainComInsureInd
2020/07/14 16:15:43:138 DEBUG com.sinosoft.test.base.TestBase:80 - Found Element By : By.name: GuMainComInsureInd
2020/07/14 16:15:43:140 DEBUG com.sinosoft.test.base.TestBase:76 - Trying to find Element By : By.xpath: .//option[normalize-space(.) = "0-非统括业务"]
2020/07/14 16:15:43:271 DEBUG com.sinosoft.test.base.TestBase:80 - Found Element By : By.xpath: .//option[normalize-space(.) = "0-非统括业务"]
2020/07/14 16:15:43:355 DEBUG com.sinosoft.test.base.TestBase:123 - setSelectWithStartText 结束！
2020/07/14 16:15:43:355 DEBUG com.sinosoft.test.base.TestBase:76 - Trying to find Element By : By.name: GuMainPolicyStyle
2020/07/14 16:15:43:509 DEBUG com.sinosoft.test.base.TestBase:80 - Found Element By : By.name: GuMainPolicyStyle
2020/07/14 16:15:43:510  INFO com.sinosoft.test.base.TestBase:96 - setSelectWithStartText:[[InternetExplorerDriver: internet explorer on WINDOWS (5cd438e8-c525-4104-8965-b382eb299100)] -> name: GuMainPolicyStyle]->0
2020/07/14 16:15:43:510 DEBUG com.sinosoft.test.base.TestBase:76 - Trying to find Element By : By.name: GuMainPolicyStyle
2020/07/14 16:15:43:659 DEBUG com.sinosoft.test.base.TestBase:80 - Found Element By : By.name: GuMainPolicyStyle
2020/07/14 16:15:43:698 DEBUG com.sinosoft.test.base.TestBase:76 - Trying to find Element By : By.name: GuMainPolicyStyle
2020/07/14 16:15:43:841 DEBUG com.sinosoft.test.base.TestBase:80 - Found Element By : By.name: GuMainPolicyStyle
2020/07/14 16:15:43:879 DEBUG com.sinosoft.test.base.TestBase:76 - Trying to find Element By : By.name: GuMainPolicyStyle
2020/07/14 16:15:44:009 DEBUG com.sinosoft.test.base.TestBase:80 - Found Element By : By.name: GuMainPolicyStyle
2020/07/14 16:15:44:010 DEBUG com.sinosoft.test.base.TestBase:76 - Trying to find Element By : By.tagName: option
2020/07/14 16:15:44:204 DEBUG com.sinosoft.test.base.TestBase:80 - Found Element By : By.tagName: option
2020/07/14 16:15:44:321  INFO com.sinosoft.test.base.TestBase:114 - 找到匹配【0】的选项：0-否
2020/07/14 16:15:44:323 DEBUG com.sinosoft.test.base.TestBase:76 - Trying to find Element By : By.name: GuMainPolicyStyle
2020/07/14 16:15:44:453 DEBUG com.sinosoft.test.base.TestBase:80 - Found Element By : By.name: GuMainPolicyStyle
2020/07/14 16:15:44:456 DEBUG com.sinosoft.test.base.TestBase:76 - Trying to find Element By : By.xpath: .//option[normalize-space(.) = "0-否"]
2020/07/14 16:15:44:573 DEBUG com.sinosoft.test.base.TestBase:80 - Found Element By : By.xpath: .//option[normalize-space(.) = "0-否"]
2020/07/14 16:15:44:659 DEBUG com.sinosoft.test.base.TestBase:123 - setSelectWithStartText 结束！
2020/07/14 16:15:44:659 DEBUG com.sinosoft.test.base.TestBase:76 - Trying to find Element By : By.name: RenewalOfInsuranceSelect
2020/07/14 16:15:44:807 DEBUG com.sinosoft.test.base.TestBase:80 - Found Element By : By.name: RenewalOfInsuranceSelect
2020/07/14 16:15:44:807  INFO com.sinosoft.test.base.TestBase:96 - setSelectWithStartText:[[InternetExplorerDriver: internet explorer on WINDOWS (5cd438e8-c525-4104-8965-b382eb299100)] -> name: RenewalOfInsuranceSelect]->0
2020/07/14 16:15:44:808 DEBUG com.sinosoft.test.base.TestBase:76 - Trying to find Element By : By.name: RenewalOfInsuranceSelect
2020/07/14 16:15:44:957 DEBUG com.sinosoft.test.base.TestBase:80 - Found Element By : By.name: RenewalOfInsuranceSelect
2020/07/14 16:15:44:996 DEBUG com.sinosoft.test.base.TestBase:76 - Trying to find Element By : By.name: RenewalOfInsuranceSelect
2020/07/14 16:15:45:129 DEBUG com.sinosoft.test.base.TestBase:80 - Found Element By : By.name: RenewalOfInsuranceSelect
2020/07/14 16:15:45:168 DEBUG com.sinosoft.test.base.TestBase:76 - Trying to find Element By : By.name: RenewalOfInsuranceSelect
2020/07/14 16:15:45:276 DEBUG com.sinosoft.test.base.TestBase:80 - Found Element By : By.name: RenewalOfInsuranceSelect
2020/07/14 16:15:45:276 DEBUG com.sinosoft.test.base.TestBase:76 - Trying to find Element By : By.tagName: option
2020/07/14 16:15:45:455 DEBUG com.sinosoft.test.base.TestBase:80 - Found Element By : By.tagName: option
2020/07/14 16:15:45:557  INFO com.sinosoft.test.base.TestBase:114 - 找到匹配【0】的选项：0-否
2020/07/14 16:15:45:557 DEBUG com.sinosoft.test.base.TestBase:76 - Trying to find Element By : By.name: RenewalOfInsuranceSelect
2020/07/14 16:15:45:652 DEBUG com.sinosoft.test.base.TestBase:80 - Found Element By : By.name: RenewalOfInsuranceSelect
2020/07/14 16:15:45:653 DEBUG com.sinosoft.test.base.TestBase:76 - Trying to find Element By : By.xpath: .//option[normalize-space(.) = "0-否"]
2020/07/14 16:15:45:747 DEBUG com.sinosoft.test.base.TestBase:80 - Found Element By : By.xpath: .//option[normalize-space(.) = "0-否"]
2020/07/14 16:15:45:801 DEBUG com.sinosoft.test.base.TestBase:42 - Trying to click on: [[[[InternetExplorerDriver: internet explorer on WINDOWS (5cd438e8-c525-4104-8965-b382eb299100)] -> name: RenewalOfInsuranceSelect]] -> xpath: .//option[normalize-space(.) = "0-否"]]
2020/07/14 16:15:46:168 DEBUG com.sinosoft.test.base.TestBase:46 - Clicked on: [[[[InternetExplorerDriver: internet explorer on WINDOWS (5cd438e8-c525-4104-8965-b382eb299100)] -> name: RenewalOfInsuranceSelect]] -> xpath: .//option[normalize-space(.) = "0-否"]]
2020/07/14 16:15:46:169 DEBUG com.sinosoft.test.base.TestBase:123 - setSelectWithStartText 结束！
2020/07/14 16:15:46:169 DEBUG com.sinosoft.test.base.TestBase:76 - Trying to find Element By : By.name: GuMainIsDifferentPlace
2020/07/14 16:15:46:323 DEBUG com.sinosoft.test.base.TestBase:80 - Found Element By : By.name: GuMainIsDifferentPlace
2020/07/14 16:15:46:323  INFO com.sinosoft.test.base.TestBase:96 - setSelectWithStartText:[[InternetExplorerDriver: internet explorer on WINDOWS (5cd438e8-c525-4104-8965-b382eb299100)] -> name: GuMainIsDifferentPlace]->
2020/07/14 16:15:46:323 DEBUG com.sinosoft.test.base.TestBase:76 - Trying to find Element By : By.name: GuMainIsFarming
2020/07/14 16:15:46:450 DEBUG com.sinosoft.test.base.TestBase:80 - Found Element By : By.name: GuMainIsFarming
2020/07/14 16:15:46:451  INFO com.sinosoft.test.base.TestBase:96 - setSelectWithStartText:[[InternetExplorerDriver: internet explorer on WINDOWS (5cd438e8-c525-4104-8965-b382eb299100)] -> name: GuMainIsFarming]->
2020/07/14 16:15:46:451 DEBUG com.sinosoft.test.base.TestBase:76 - Trying to find Element By : By.name: AppliGuRelatedPartyInsuredType
2020/07/14 16:15:46:567 DEBUG com.sinosoft.test.base.TestBase:80 - Found Element By : By.name: AppliGuRelatedPartyInsuredType
2020/07/14 16:15:46:570  INFO com.sinosoft.test.base.TestBase:96 - setSelectWithStartText:[[InternetExplorerDriver: internet explorer on WINDOWS (5cd438e8-c525-4104-8965-b382eb299100)] -> name: AppliGuRelatedPartyInsuredType]->2
2020/07/14 16:15:46:571 DEBUG com.sinosoft.test.base.TestBase:76 - Trying to find Element By : By.name: AppliGuRelatedPartyInsuredType
2020/07/14 16:15:46:693 DEBUG com.sinosoft.test.base.TestBase:80 - Found Element By : By.name: AppliGuRelatedPartyInsuredType
2020/07/14 16:15:46:736 DEBUG com.sinosoft.test.base.TestBase:76 - Trying to find Element By : By.name: AppliGuRelatedPartyInsuredType
2020/07/14 16:15:46:818 DEBUG com.sinosoft.test.base.TestBase:80 - Found Element By : By.name: AppliGuRelatedPartyInsuredType
2020/07/14 16:15:46:869 DEBUG com.sinosoft.test.base.TestBase:76 - Trying to find Element By : By.name: AppliGuRelatedPartyInsuredType
2020/07/14 16:15:47:004 DEBUG com.sinosoft.test.base.TestBase:80 - Found Element By : By.name: AppliGuRelatedPartyInsuredType
2020/07/14 16:15:47:004 DEBUG com.sinosoft.test.base.TestBase:76 - Trying to find Element By : By.tagName: option
2020/07/14 16:15:47:165 DEBUG com.sinosoft.test.base.TestBase:80 - Found Element By : By.tagName: option
2020/07/14 16:15:47:364  INFO com.sinosoft.test.base.TestBase:114 - 找到匹配【2】的选项：2-团体
2020/07/14 16:15:47:364 DEBUG com.sinosoft.test.base.TestBase:76 - Trying to find Element By : By.name: AppliGuRelatedPartyInsuredType
2020/07/14 16:15:47:471 DEBUG com.sinosoft.test.base.TestBase:80 - Found Element By : By.name: AppliGuRelatedPartyInsuredType
2020/07/14 16:15:47:472 DEBUG com.sinosoft.test.base.TestBase:76 - Trying to find Element By : By.xpath: .//option[normalize-space(.) = "2-团体"]
2020/07/14 16:15:47:578 DEBUG com.sinosoft.test.base.TestBase:80 - Found Element By : By.xpath: .//option[normalize-space(.) = "2-团体"]
2020/07/14 16:15:47:632 DEBUG com.sinosoft.test.base.TestBase:123 - setSelectWithStartText 结束！
2020/07/14 16:15:47:633 DEBUG com.sinosoft.test.base.TestBase:76 - Trying to find Element By : By.name: AppliGuRelatedPartyInsuredCode
2020/07/14 16:15:47:783 DEBUG com.sinosoft.test.base.TestBase:80 - Found Element By : By.name: AppliGuRelatedPartyInsuredCode
2020/07/14 16:15:47:784  INFO com.sinosoft.test.base.TestBase:388 - setEditboxTValue:[[InternetExplorerDriver: internet explorer on WINDOWS (5cd438e8-c525-4104-8965-b382eb299100)] -> name: AppliGuRelatedPartyInsuredCode]->G6200019984
2020/07/14 16:15:47:784 DEBUG com.sinosoft.test.base.TestBase:76 - Trying to find Element By : By.name: AppliGuRelatedPartyInsuredCode
2020/07/14 16:15:47:866 DEBUG com.sinosoft.test.base.TestBase:80 - Found Element By : By.name: AppliGuRelatedPartyInsuredCode
2020/07/14 16:15:48:289 DEBUG com.sinosoft.test.base.TestBase:76 - Trying to find Element By : By.name: AppliGuRelatedPartyInsuredCode
2020/07/14 16:15:48:419 DEBUG com.sinosoft.test.base.TestBase:80 - Found Element By : By.name: AppliGuRelatedPartyInsuredCode
2020/07/14 16:15:54:033 DEBUG com.sinosoft.test.base.TestBase:76 - Trying to find Element By : By.name: buttonSaveCustomer
2020/07/14 16:15:54:198 DEBUG com.sinosoft.test.base.TestBase:80 - Found Element By : By.name: buttonSaveCustomer
2020/07/14 16:15:54:198 DEBUG com.sinosoft.test.base.TestBase:42 - Trying to click on: [[InternetExplorerDriver: internet explorer on WINDOWS (5cd438e8-c525-4104-8965-b382eb299100)] -> name: buttonSaveCustomer]
2020/07/14 16:15:55:616 DEBUG com.sinosoft.test.base.TestBase:46 - Clicked on: [[InternetExplorerDriver: internet explorer on WINDOWS (5cd438e8-c525-4104-8965-b382eb299100)] -> name: buttonSaveCustomer]
2020/07/14 16:15:55:835  INFO com.sinosoft.test.base.TestBase:519 - 在保存客户时捕获了一个弹窗：客户已经保存，或不需要保存.
2020/07/14 16:15:56:054 DEBUG com.sinosoft.test.base.TestBase:218 - Alert的标题是：客户已经保存，或不需要保存.
2020/07/14 16:15:56:954 DEBUG com.sinosoft.test.base.TestBase:76 - Trying to find Element By : By.name: AppliGuRelatedPartyInsuredCode
2020/07/14 16:15:57:080 DEBUG com.sinosoft.test.base.TestBase:80 - Found Element By : By.name: AppliGuRelatedPartyInsuredCode
2020/07/14 16:15:57:197 DEBUG com.sinosoft.test.base.TestBase:76 - Trying to find Element By : By.id: saveButton
2020/07/14 16:15:57:337 DEBUG com.sinosoft.test.base.TestBase:80 - Found Element By : By.id: saveButton
2020/07/14 16:15:57:339 DEBUG com.sinosoft.test.base.TestBase:42 - Trying to click on: [[InternetExplorerDriver: internet explorer on WINDOWS (5cd438e8-c525-4104-8965-b382eb299100)] -> id: saveButton]
2020/07/14 16:16:02:986 DEBUG com.sinosoft.test.base.TestBase:46 - Clicked on: [[InternetExplorerDriver: internet explorer on WINDOWS (5cd438e8-c525-4104-8965-b382eb299100)] -> id: saveButton]
2020/07/14 16:16:02:986 DEBUG com.sinosoft.test.base.TestBase:88 - 截屏文件名字是：FCCB_TB_JCX_1保存基本信息
2020/07/14 16:16:03:163 DEBUG com.sinosoft.test.base.TestBase:69 - 初始化class com.sinosoft.test.fccp.tbcl.RiskDetail_TypePage
2020/07/14 16:16:08:483 DEBUG com.sinosoft.test.base.TestBase:76 - Trying to find Element By : By.name: GuRiskRiskApplyType
2020/07/14 16:16:08:588 DEBUG com.sinosoft.test.base.TestBase:80 - Found Element By : By.name: GuRiskRiskApplyType
2020/07/14 16:16:08:590 DEBUG com.sinosoft.test.base.TestBase:107 - 投保处理/险种信息
2020/07/14 16:16:11:749 DEBUG com.sinosoft.test.base.TestBase:76 - Trying to find Element By : By.id: RiskItem
2020/07/14 16:16:11:818 DEBUG com.sinosoft.test.base.TestBase:80 - Found Element By : By.id: RiskItem
2020/07/14 16:16:11:819 DEBUG com.sinosoft.test.base.TestBase:76 - Trying to find Element By : By.name: summarySubBusinessNo
2020/07/14 16:16:11:982 DEBUG com.sinosoft.test.base.TestBase:80 - Found Element By : By.name: summarySubBusinessNo
2020/07/14 16:16:12:022 DEBUG com.sinosoft.test.base.TestBase:113 - 投保单号：06201900101202000000000084
2020/07/14 16:16:12:022 DEBUG com.sinosoft.test.base.TestBase:121 - 保存投保单号完毕！
2020/07/14 16:16:17:392 DEBUG com.sinosoft.test.base.TestBase:123 - 返回工作区，准备下一步操作！
2020/07/14 16:16:17:394  INFO com.sinosoft.test.base.TestBase:125 - 开始处理风险类别信息
2020/07/14 16:16:17:394 DEBUG com.sinosoft.test.base.TestBase:76 - Trying to find Element By : By.name: GuRiskRiskApplyType
2020/07/14 16:16:17:493 DEBUG com.sinosoft.test.base.TestBase:80 - Found Element By : By.name: GuRiskRiskApplyType
2020/07/14 16:16:17:494  INFO com.sinosoft.test.base.TestBase:96 - setSelectWithStartText:[[InternetExplorerDriver: internet explorer on WINDOWS (5cd438e8-c525-4104-8965-b382eb299100)] -> name: GuRiskRiskApplyType]->1
2020/07/14 16:16:17:494 DEBUG com.sinosoft.test.base.TestBase:76 - Trying to find Element By : By.name: GuRiskRiskApplyType
2020/07/14 16:16:17:613 DEBUG com.sinosoft.test.base.TestBase:80 - Found Element By : By.name: GuRiskRiskApplyType
2020/07/14 16:16:17:651 DEBUG com.sinosoft.test.base.TestBase:76 - Trying to find Element By : By.name: GuRiskRiskApplyType
2020/07/14 16:16:17:785 DEBUG com.sinosoft.test.base.TestBase:80 - Found Element By : By.name: GuRiskRiskApplyType
2020/07/14 16:16:17:830 DEBUG com.sinosoft.test.base.TestBase:76 - Trying to find Element By : By.name: GuRiskRiskApplyType
2020/07/14 16:16:17:997 DEBUG com.sinosoft.test.base.TestBase:80 - Found Element By : By.name: GuRiskRiskApplyType
2020/07/14 16:16:17:998 DEBUG com.sinosoft.test.base.TestBase:76 - Trying to find Element By : By.tagName: option
2020/07/14 16:16:18:163 DEBUG com.sinosoft.test.base.TestBase:80 - Found Element By : By.tagName: option
2020/07/14 16:16:18:268  INFO com.sinosoft.test.base.TestBase:114 - 找到匹配【1】的选项：1-全国
2020/07/14 16:16:18:269 DEBUG com.sinosoft.test.base.TestBase:76 - Trying to find Element By : By.name: GuRiskRiskApplyType
2020/07/14 16:16:18:406 DEBUG com.sinosoft.test.base.TestBase:80 - Found Element By : By.name: GuRiskRiskApplyType
2020/07/14 16:16:18:407 DEBUG com.sinosoft.test.base.TestBase:76 - Trying to find Element By : By.xpath: .//option[normalize-space(.) = "1-全国"]
2020/07/14 16:16:18:507 DEBUG com.sinosoft.test.base.TestBase:80 - Found Element By : By.xpath: .//option[normalize-space(.) = "1-全国"]
2020/07/14 16:16:18:558 DEBUG com.sinosoft.test.base.TestBase:123 - setSelectWithStartText 结束！
2020/07/14 16:16:18:558 DEBUG com.sinosoft.test.base.TestBase:76 - Trying to find Element By : By.name: GuRiskCoinsInd
2020/07/14 16:16:18:668 DEBUG com.sinosoft.test.base.TestBase:80 - Found Element By : By.name: GuRiskCoinsInd
2020/07/14 16:16:18:669  INFO com.sinosoft.test.base.TestBase:96 - setSelectWithStartText:[[InternetExplorerDriver: internet explorer on WINDOWS (5cd438e8-c525-4104-8965-b382eb299100)] -> name: GuRiskCoinsInd]->1
2020/07/14 16:16:18:670 DEBUG com.sinosoft.test.base.TestBase:76 - Trying to find Element By : By.name: GuRiskCoinsInd
2020/07/14 16:16:18:807 DEBUG com.sinosoft.test.base.TestBase:80 - Found Element By : By.name: GuRiskCoinsInd
2020/07/14 16:16:18:847 DEBUG com.sinosoft.test.base.TestBase:76 - Trying to find Element By : By.name: GuRiskCoinsInd
2020/07/14 16:16:18:968 DEBUG com.sinosoft.test.base.TestBase:80 - Found Element By : By.name: GuRiskCoinsInd
2020/07/14 16:16:19:028 DEBUG com.sinosoft.test.base.TestBase:76 - Trying to find Element By : By.name: GuRiskCoinsInd
2020/07/14 16:16:19:192 DEBUG com.sinosoft.test.base.TestBase:80 - Found Element By : By.name: GuRiskCoinsInd
2020/07/14 16:16:19:192 DEBUG com.sinosoft.test.base.TestBase:76 - Trying to find Element By : By.tagName: option
2020/07/14 16:16:19:661 DEBUG com.sinosoft.test.base.TestBase:80 - Found Element By : By.tagName: option
2020/07/14 16:16:19:806  INFO com.sinosoft.test.base.TestBase:114 - 找到匹配【1】的选项：1-主共保
2020/07/14 16:16:19:807 DEBUG com.sinosoft.test.base.TestBase:76 - Trying to find Element By : By.name: GuRiskCoinsInd
2020/07/14 16:16:19:948 DEBUG com.sinosoft.test.base.TestBase:80 - Found Element By : By.name: GuRiskCoinsInd
2020/07/14 16:16:19:949 DEBUG com.sinosoft.test.base.TestBase:76 - Trying to find Element By : By.xpath: .//option[normalize-space(.) = "1-主共保"]
2020/07/14 16:16:20:035 DEBUG com.sinosoft.test.base.TestBase:80 - Found Element By : By.xpath: .//option[normalize-space(.) = "1-主共保"]
2020/07/14 16:16:20:091 DEBUG com.sinosoft.test.base.TestBase:42 - Trying to click on: [[[[InternetExplorerDriver: internet explorer on WINDOWS (5cd438e8-c525-4104-8965-b382eb299100)] -> name: GuRiskCoinsInd]] -> xpath: .//option[normalize-space(.) = "1-主共保"]]
2020/07/14 16:16:20:447 DEBUG com.sinosoft.test.base.TestBase:46 - Clicked on: [[[[InternetExplorerDriver: internet explorer on WINDOWS (5cd438e8-c525-4104-8965-b382eb299100)] -> name: GuRiskCoinsInd]] -> xpath: .//option[normalize-space(.) = "1-主共保"]]
2020/07/14 16:16:20:447 DEBUG com.sinosoft.test.base.TestBase:123 - setSelectWithStartText 结束！
2020/07/14 16:16:20:448 DEBUG com.sinosoft.test.base.TestBase:76 - Trying to find Element By : By.name: GuRiskBusinessFlag
2020/07/14 16:16:20:576 DEBUG com.sinosoft.test.base.TestBase:80 - Found Element By : By.name: GuRiskBusinessFlag
2020/07/14 16:16:20:576  INFO com.sinosoft.test.base.TestBase:96 - setSelectWithStartText:[[InternetExplorerDriver: internet explorer on WINDOWS (5cd438e8-c525-4104-8965-b382eb299100)] -> name: GuRiskBusinessFlag]->1
2020/07/14 16:16:20:577 DEBUG com.sinosoft.test.base.TestBase:76 - Trying to find Element By : By.name: GuRiskBusinessFlag
2020/07/14 16:16:20:704 DEBUG com.sinosoft.test.base.TestBase:80 - Found Element By : By.name: GuRiskBusinessFlag
2020/07/14 16:16:20:738 DEBUG com.sinosoft.test.base.TestBase:76 - Trying to find Element By : By.name: GuRiskBusinessFlag
2020/07/14 16:16:20:855 DEBUG com.sinosoft.test.base.TestBase:80 - Found Element By : By.name: GuRiskBusinessFlag
2020/07/14 16:16:20:910 DEBUG com.sinosoft.test.base.TestBase:76 - Trying to find Element By : By.name: GuRiskBusinessFlag
2020/07/14 16:16:21:061 DEBUG com.sinosoft.test.base.TestBase:80 - Found Element By : By.name: GuRiskBusinessFlag
2020/07/14 16:16:21:061 DEBUG com.sinosoft.test.base.TestBase:76 - Trying to find Element By : By.tagName: option
2020/07/14 16:16:21:211 DEBUG com.sinosoft.test.base.TestBase:80 - Found Element By : By.tagName: option
2020/07/14 16:16:21:380  INFO com.sinosoft.test.base.TestBase:114 - 找到匹配【1】的选项：1-是
2020/07/14 16:16:21:380 DEBUG com.sinosoft.test.base.TestBase:76 - Trying to find Element By : By.name: GuRiskBusinessFlag
2020/07/14 16:16:21:521 DEBUG com.sinosoft.test.base.TestBase:80 - Found Element By : By.name: GuRiskBusinessFlag
2020/07/14 16:16:21:523 DEBUG com.sinosoft.test.base.TestBase:76 - Trying to find Element By : By.xpath: .//option[normalize-space(.) = "1-是"]
2020/07/14 16:16:21:618 DEBUG com.sinosoft.test.base.TestBase:80 - Found Element By : By.xpath: .//option[normalize-space(.) = "1-是"]
2020/07/14 16:16:21:669 DEBUG com.sinosoft.test.base.TestBase:42 - Trying to click on: [[[[InternetExplorerDriver: internet explorer on WINDOWS (5cd438e8-c525-4104-8965-b382eb299100)] -> name: GuRiskBusinessFlag]] -> xpath: .//option[normalize-space(.) = "1-是"]]
2020/07/14 16:16:22:057 DEBUG com.sinosoft.test.base.TestBase:46 - Clicked on: [[[[InternetExplorerDriver: internet explorer on WINDOWS (5cd438e8-c525-4104-8965-b382eb299100)] -> name: GuRiskBusinessFlag]] -> xpath: .//option[normalize-space(.) = "1-是"]]
2020/07/14 16:16:22:057 DEBUG com.sinosoft.test.base.TestBase:123 - setSelectWithStartText 结束！
2020/07/14 16:16:22:058 DEBUG com.sinosoft.test.base.TestBase:76 - Trying to find Element By : By.name: GuRiskJudicalCode
2020/07/14 16:16:22:180 DEBUG com.sinosoft.test.base.TestBase:80 - Found Element By : By.name: GuRiskJudicalCode
2020/07/14 16:16:22:181  INFO com.sinosoft.test.base.TestBase:96 - setSelectWithStartText:[[InternetExplorerDriver: internet explorer on WINDOWS (5cd438e8-c525-4104-8965-b382eb299100)] -> name: GuRiskJudicalCode]->1
2020/07/14 16:16:22:181 DEBUG com.sinosoft.test.base.TestBase:76 - Trying to find Element By : By.name: GuRiskJudicalCode
2020/07/14 16:16:22:320 DEBUG com.sinosoft.test.base.TestBase:80 - Found Element By : By.name: GuRiskJudicalCode
2020/07/14 16:16:22:360 DEBUG com.sinosoft.test.base.TestBase:76 - Trying to find Element By : By.name: GuRiskJudicalCode
2020/07/14 16:16:22:476 DEBUG com.sinosoft.test.base.TestBase:80 - Found Element By : By.name: GuRiskJudicalCode
2020/07/14 16:16:22:514 DEBUG com.sinosoft.test.base.TestBase:76 - Trying to find Element By : By.name: GuRiskJudicalCode
2020/07/14 16:16:22:655 DEBUG com.sinosoft.test.base.TestBase:80 - Found Element By : By.name: GuRiskJudicalCode
2020/07/14 16:16:22:656 DEBUG com.sinosoft.test.base.TestBase:76 - Trying to find Element By : By.tagName: option
2020/07/14 16:16:22:938 DEBUG com.sinosoft.test.base.TestBase:80 - Found Element By : By.tagName: option
2020/07/14 16:16:23:028  INFO com.sinosoft.test.base.TestBase:114 - 找到匹配【1】的选项：1-中华人民共和国管辖(港澳台除外)
2020/07/14 16:16:23:029 DEBUG com.sinosoft.test.base.TestBase:76 - Trying to find Element By : By.name: GuRiskJudicalCode
2020/07/14 16:16:23:181 DEBUG com.sinosoft.test.base.TestBase:80 - Found Element By : By.name: GuRiskJudicalCode
2020/07/14 16:16:23:182 DEBUG com.sinosoft.test.base.TestBase:76 - Trying to find Element By : By.xpath: .//option[normalize-space(.) = "1-中华人民共和国管辖(港澳台除外)"]
2020/07/14 16:16:23:321 DEBUG com.sinosoft.test.base.TestBase:80 - Found Element By : By.xpath: .//option[normalize-space(.) = "1-中华人民共和国管辖(港澳台除外)"]
2020/07/14 16:16:23:370 DEBUG com.sinosoft.test.base.TestBase:123 - setSelectWithStartText 结束！
2020/07/14 16:16:23:370 DEBUG com.sinosoft.test.base.TestBase:76 - Trying to find Element By : By.xpath: //table[@id='InsuredRelatedParty']/tbody/tr[@id='InsuredGuRelatedPartyCorInsuredType']/td/select[@name='InsuredGuRelatedPartyStarLevel']
2020/07/14 16:16:23:491 DEBUG com.sinosoft.test.base.TestBase:80 - Found Element By : By.xpath: //table[@id='InsuredRelatedParty']/tbody/tr[@id='InsuredGuRelatedPartyCorInsuredType']/td/select[@name='InsuredGuRelatedPartyStarLevel']
2020/07/14 16:16:23:491  INFO com.sinosoft.test.base.TestBase:96 - setSelectWithStartText:[[InternetExplorerDriver: internet explorer on WINDOWS (5cd438e8-c525-4104-8965-b382eb299100)] -> xpath: //table[@id='InsuredRelatedParty']/tbody/tr[@id='InsuredGuRelatedPartyCorInsuredType']/td/select[@name='InsuredGuRelatedPartyStarLevel']]->0
2020/07/14 16:16:23:491 DEBUG com.sinosoft.test.base.TestBase:76 - Trying to find Element By : By.xpath: //table[@id='InsuredRelatedParty']/tbody/tr[@id='InsuredGuRelatedPartyCorInsuredType']/td/select[@name='InsuredGuRelatedPartyStarLevel']
2020/07/14 16:16:23:585 DEBUG com.sinosoft.test.base.TestBase:80 - Found Element By : By.xpath: //table[@id='InsuredRelatedParty']/tbody/tr[@id='InsuredGuRelatedPartyCorInsuredType']/td/select[@name='InsuredGuRelatedPartyStarLevel']
2020/07/14 16:16:23:622 DEBUG com.sinosoft.test.base.TestBase:76 - Trying to find Element By : By.xpath: //table[@id='InsuredRelatedParty']/tbody/tr[@id='InsuredGuRelatedPartyCorInsuredType']/td/select[@name='InsuredGuRelatedPartyStarLevel']
2020/07/14 16:16:23:704 DEBUG com.sinosoft.test.base.TestBase:80 - Found Element By : By.xpath: //table[@id='InsuredRelatedParty']/tbody/tr[@id='InsuredGuRelatedPartyCorInsuredType']/td/select[@name='InsuredGuRelatedPartyStarLevel']
2020/07/14 16:16:23:741 DEBUG com.sinosoft.test.base.TestBase:76 - Trying to find Element By : By.xpath: //table[@id='InsuredRelatedParty']/tbody/tr[@id='InsuredGuRelatedPartyCorInsuredType']/td/select[@name='InsuredGuRelatedPartyStarLevel']
2020/07/14 16:16:23:844 DEBUG com.sinosoft.test.base.TestBase:80 - Found Element By : By.xpath: //table[@id='InsuredRelatedParty']/tbody/tr[@id='InsuredGuRelatedPartyCorInsuredType']/td/select[@name='InsuredGuRelatedPartyStarLevel']
2020/07/14 16:16:23:845 DEBUG com.sinosoft.test.base.TestBase:76 - Trying to find Element By : By.tagName: option
2020/07/14 16:16:24:048 DEBUG com.sinosoft.test.base.TestBase:80 - Found Element By : By.tagName: option
2020/07/14 16:16:24:203  INFO com.sinosoft.test.base.TestBase:114 - 找到匹配【0】的选项：0-普通客户
2020/07/14 16:16:24:203 DEBUG com.sinosoft.test.base.TestBase:76 - Trying to find Element By : By.xpath: //table[@id='InsuredRelatedParty']/tbody/tr[@id='InsuredGuRelatedPartyCorInsuredType']/td/select[@name='InsuredGuRelatedPartyStarLevel']
2020/07/14 16:16:24:308 DEBUG com.sinosoft.test.base.TestBase:80 - Found Element By : By.xpath: //table[@id='InsuredRelatedParty']/tbody/tr[@id='InsuredGuRelatedPartyCorInsuredType']/td/select[@name='InsuredGuRelatedPartyStarLevel']
2020/07/14 16:16:24:309 DEBUG com.sinosoft.test.base.TestBase:76 - Trying to find Element By : By.xpath: .//option[normalize-space(.) = "0-普通客户"]
2020/07/14 16:16:24:438 DEBUG com.sinosoft.test.base.TestBase:80 - Found Element By : By.xpath: .//option[normalize-space(.) = "0-普通客户"]
2020/07/14 16:16:24:487 DEBUG com.sinosoft.test.base.TestBase:42 - Trying to click on: [[[[InternetExplorerDriver: internet explorer on WINDOWS (5cd438e8-c525-4104-8965-b382eb299100)] -> xpath: //table[@id='InsuredRelatedParty']/tbody/tr[@id='InsuredGuRelatedPartyCorInsuredType']/td/select[@name='InsuredGuRelatedPartyStarLevel']]] -> xpath: .//option[normalize-space(.) = "0-普通客户"]]
2020/07/14 16:16:24:837 DEBUG com.sinosoft.test.base.TestBase:46 - Clicked on: [[[[InternetExplorerDriver: internet explorer on WINDOWS (5cd438e8-c525-4104-8965-b382eb299100)] -> xpath: //table[@id='InsuredRelatedParty']/tbody/tr[@id='InsuredGuRelatedPartyCorInsuredType']/td/select[@name='InsuredGuRelatedPartyStarLevel']]] -> xpath: .//option[normalize-space(.) = "0-普通客户"]]
2020/07/14 16:16:24:837 DEBUG com.sinosoft.test.base.TestBase:123 - setSelectWithStartText 结束！
2020/07/14 16:16:24:838 DEBUG com.sinosoft.test.base.TestBase:76 - Trying to find Element By : By.xpath: //table[@id='InsuredRelatedParty']/tbody/tr[@id='InsuredGuRelatedPartyVocation']/td/input[@name='InsuredGuRelatedPartyIndustryMainCode']
2020/07/14 16:16:24:953 DEBUG com.sinosoft.test.base.TestBase:80 - Found Element By : By.xpath: //table[@id='InsuredRelatedParty']/tbody/tr[@id='InsuredGuRelatedPartyVocation']/td/input[@name='InsuredGuRelatedPartyIndustryMainCode']
2020/07/14 16:16:25:017 DEBUG com.sinosoft.test.base.TestBase:76 - Trying to find Element By : By.xpath: //table[@id='InsuredRelatedParty']/tbody/tr[@id='InsuredGuRelatedPartyVocation']/td/input[@name='InsuredGuRelatedPartyIndustryMainCode']
2020/07/14 16:16:25:108 DEBUG com.sinosoft.test.base.TestBase:80 - Found Element By : By.xpath: //table[@id='InsuredRelatedParty']/tbody/tr[@id='InsuredGuRelatedPartyVocation']/td/input[@name='InsuredGuRelatedPartyIndustryMainCode']
2020/07/14 16:16:25:108 DEBUG com.sinosoft.test.base.TestBase:42 - CodeSelect:开始设置[[InternetExplorerDriver: internet explorer on WINDOWS (5cd438e8-c525-4104-8965-b382eb299100)] -> xpath: //table[@id='InsuredRelatedParty']/tbody/tr[@id='InsuredGuRelatedPartyVocation']/td/input[@name='InsuredGuRelatedPartyIndustryMainCode']] & Code=12
2020/07/14 16:16:25:108 DEBUG com.sinosoft.test.base.TestBase:76 - Trying to find Element By : By.xpath: //table[@id='InsuredRelatedParty']/tbody/tr[@id='InsuredGuRelatedPartyVocation']/td/input[@name='InsuredGuRelatedPartyIndustryMainCode']
2020/07/14 16:16:25:182 DEBUG com.sinosoft.test.base.TestBase:80 - Found Element By : By.xpath: //table[@id='InsuredRelatedParty']/tbody/tr[@id='InsuredGuRelatedPartyVocation']/td/input[@name='InsuredGuRelatedPartyIndustryMainCode']
2020/07/14 16:16:26:837 DEBUG com.sinosoft.test.base.TestBase:272 - 系统窗口【黄河财险业务系统】with handle -749934cb-5900-47ac-a027-3a3ff34b9c4a
2020/07/14 16:16:27:502 DEBUG com.sinosoft.test.base.TestBase:272 - 系统窗口【黄河财险业务系统】with handle -749934cb-5900-47ac-a027-3a3ff34b9c4a
2020/07/14 16:16:28:151 DEBUG com.sinosoft.test.base.TestBase:272 - 系统窗口【Code Select】with handle -5e9c5711-e011-487c-8b76-44629c430612
2020/07/14 16:16:28:670 DEBUG com.sinosoft.test.base.TestBase:69 - 初始化class com.sinosoft.test.fccp.common.CodeSelectPage
2020/07/14 16:16:28:672 DEBUG com.sinosoft.test.base.TestBase:39 - 基础码表选择！
2020/07/14 16:16:28:672 DEBUG com.sinosoft.test.base.TestBase:76 - Trying to find Element By : By.name: fieldValue
2020/07/14 16:16:28:998 DEBUG com.sinosoft.test.base.TestBase:80 - Found Element By : By.name: fieldValue
2020/07/14 16:16:28:999  INFO com.sinosoft.test.base.TestBase:360 - setEditboxValue:[[InternetExplorerDriver: internet explorer on WINDOWS (5cd438e8-c525-4104-8965-b382eb299100)] -> name: fieldValue]：12
2020/07/14 16:16:30:589  INFO com.sinosoft.test.base.TestBase:363 - setEditboxValue—End:[[InternetExplorerDriver: internet explorer on WINDOWS (5cd438e8-c525-4104-8965-b382eb299100)] -> name: fieldValue]：12
2020/07/14 16:16:30:589 DEBUG com.sinosoft.test.base.TestBase:76 - Trying to find Element By : By.xpath: //input[@value='查询(Q)']
2020/07/14 16:16:30:901 DEBUG com.sinosoft.test.base.TestBase:80 - Found Element By : By.xpath: //input[@value='查询(Q)']
2020/07/14 16:16:30:902  INFO com.sinosoft.test.base.TestBase:402 - clickButton:[[InternetExplorerDriver: internet explorer on WINDOWS (5cd438e8-c525-4104-8965-b382eb299100)] -> xpath: //input[@value='查询(Q)']]
2020/07/14 16:16:30:902 DEBUG com.sinosoft.test.base.TestBase:42 - Trying to click on: [[InternetExplorerDriver: internet explorer on WINDOWS (5cd438e8-c525-4104-8965-b382eb299100)] -> xpath: //input[@value='查询(Q)']]
2020/07/14 16:16:32:537 DEBUG com.sinosoft.test.base.TestBase:46 - Clicked on: [[InternetExplorerDriver: internet explorer on WINDOWS (5cd438e8-c525-4104-8965-b382eb299100)] -> xpath: //input[@value='查询(Q)']]
2020/07/14 16:16:32:538 DEBUG com.sinosoft.test.base.TestBase:76 - Trying to find Element By : By.name: codeselect
2020/07/14 16:16:32:853 DEBUG com.sinosoft.test.base.TestBase:80 - Found Element By : By.name: codeselect
2020/07/14 16:16:32:855  INFO com.sinosoft.test.base.TestBase:132 - setFuzzySelect:[[InternetExplorerDriver: internet explorer on WINDOWS (5cd438e8-c525-4104-8965-b382eb299100)] -> name: codeselect]->12
2020/07/14 16:16:33:421 DEBUG com.sinosoft.test.base.TestBase:76 - Trying to find Element By : By.tagName: option
2020/07/14 16:16:33:761 DEBUG com.sinosoft.test.base.TestBase:80 - Found Element By : By.tagName: option
2020/07/14 16:16:34:069  INFO com.sinosoft.test.base.TestBase:142 - 找到匹配【12】的选项：12--社会团体,机关,事业单位
2020/07/14 16:16:34:069 DEBUG com.sinosoft.test.base.TestBase:76 - Trying to find Element By : By.xpath: .//option[normalize-space(.) = "12--社会团体,机关,事业单位"]
2020/07/14 16:16:34:403 DEBUG com.sinosoft.test.base.TestBase:80 - Found Element By : By.xpath: .//option[normalize-space(.) = "12--社会团体,机关,事业单位"]
2020/07/14 16:16:34:718 DEBUG com.sinosoft.test.base.TestBase:42 - Trying to click on: [[[[InternetExplorerDriver: internet explorer on WINDOWS (5cd438e8-c525-4104-8965-b382eb299100)] -> name: codeselect]] -> xpath: .//option[normalize-space(.) = "12--社会团体,机关,事业单位"]]
2020/07/14 16:16:35:231 DEBUG com.sinosoft.test.base.TestBase:46 - Clicked on: [[[[InternetExplorerDriver: internet explorer on WINDOWS (5cd438e8-c525-4104-8965-b382eb299100)] -> name: codeselect]] -> xpath: .//option[normalize-space(.) = "12--社会团体,机关,事业单位"]]
2020/07/14 16:16:35:231 DEBUG com.sinosoft.test.base.TestBase:151 - setFuzzySelect 结束！
2020/07/14 16:16:35:232 DEBUG com.sinosoft.test.base.TestBase:76 - Trying to find Element By : By.name: SelectIt
2020/07/14 16:16:35:536 DEBUG com.sinosoft.test.base.TestBase:80 - Found Element By : By.name: SelectIt
2020/07/14 16:16:35:536  INFO com.sinosoft.test.base.TestBase:416 - jsClickButton:[[InternetExplorerDriver: internet explorer on WINDOWS (5cd438e8-c525-4104-8965-b382eb299100)] -> name: SelectIt]
2020/07/14 16:16:35:537  INFO com.sinosoft.test.base.TestBase:144 - RunJavaScript:[[InternetExplorerDriver: internet explorer on WINDOWS (5cd438e8-c525-4104-8965-b382eb299100)] -> name: SelectIt]	arguments[0].click();
2020/07/14 16:16:36:443 DEBUG com.sinosoft.test.base.TestBase:272 - 系统窗口【黄河财险业务系统】with handle -749934cb-5900-47ac-a027-3a3ff34b9c4a
2020/07/14 16:16:42:133 DEBUG com.sinosoft.test.base.TestBase:76 - Trying to find Element By : By.xpath: //table[@id='InsuredRelatedParty']/tbody/tr[@id='InsuredGuRelatedPartyVocation']/td/input[@name='InsuredGuRelatedPartyIndustryMainCode']
2020/07/14 16:16:42:216 DEBUG com.sinosoft.test.base.TestBase:80 - Found Element By : By.xpath: //table[@id='InsuredRelatedParty']/tbody/tr[@id='InsuredGuRelatedPartyVocation']/td/input[@name='InsuredGuRelatedPartyIndustryMainCode']
2020/07/14 16:16:42:218 DEBUG com.sinosoft.test.base.TestBase:49 - CodeSelect:设置完毕[[InternetExplorerDriver: internet explorer on WINDOWS (5cd438e8-c525-4104-8965-b382eb299100)] -> xpath: //table[@id='InsuredRelatedParty']/tbody/tr[@id='InsuredGuRelatedPartyVocation']/td/input[@name='InsuredGuRelatedPartyIndustryMainCode']] & Code=12
2020/07/14 16:16:42:220 DEBUG com.sinosoft.test.base.TestBase:76 - Trying to find Element By : By.xpath: //table[@id='InsuredRelatedParty']/tbody/tr[@id='InsuredGuRelatedPartyVocation']/td/input[@name='InsuredGuRelatedPartyIndustryKindCode']
2020/07/14 16:16:42:320 DEBUG com.sinosoft.test.base.TestBase:80 - Found Element By : By.xpath: //table[@id='InsuredRelatedParty']/tbody/tr[@id='InsuredGuRelatedPartyVocation']/td/input[@name='InsuredGuRelatedPartyIndustryKindCode']
2020/07/14 16:16:42:380 DEBUG com.sinosoft.test.base.TestBase:76 - Trying to find Element By : By.xpath: //table[@id='InsuredRelatedParty']/tbody/tr[@id='InsuredGuRelatedPartyVocation']/td/input[@name='InsuredGuRelatedPartyIndustryKindCode']
2020/07/14 16:16:42:522 DEBUG com.sinosoft.test.base.TestBase:80 - Found Element By : By.xpath: //table[@id='InsuredRelatedParty']/tbody/tr[@id='InsuredGuRelatedPartyVocation']/td/input[@name='InsuredGuRelatedPartyIndustryKindCode']
2020/07/14 16:16:42:523 DEBUG com.sinosoft.test.base.TestBase:63 - SetCodeEditBox:开始设置:[[InternetExplorerDriver: internet explorer on WINDOWS (5cd438e8-c525-4104-8965-b382eb299100)] -> xpath: //table[@id='InsuredRelatedParty']/tbody/tr[@id='InsuredGuRelatedPartyVocation']/td/input[@name='InsuredGuRelatedPartyIndustryKindCode']] & Code=12006
2020/07/14 16:16:42:523 DEBUG com.sinosoft.test.base.TestBase:76 - Trying to find Element By : By.xpath: //table[@id='InsuredRelatedParty']/tbody/tr[@id='InsuredGuRelatedPartyVocation']/td/input[@name='InsuredGuRelatedPartyIndustryKindCode']
2020/07/14 16:16:42:625 DEBUG com.sinosoft.test.base.TestBase:80 - Found Element By : By.xpath: //table[@id='InsuredRelatedParty']/tbody/tr[@id='InsuredGuRelatedPartyVocation']/td/input[@name='InsuredGuRelatedPartyIndustryKindCode']
2020/07/14 16:16:43:086 DEBUG com.sinosoft.test.base.TestBase:76 - Trying to find Element By : By.xpath: //table[@id='InsuredRelatedParty']/tbody/tr[@id='InsuredGuRelatedPartyVocation']/td/input[@name='InsuredGuRelatedPartyIndustryKindCode']
2020/07/14 16:16:43:206 DEBUG com.sinosoft.test.base.TestBase:80 - Found Element By : By.xpath: //table[@id='InsuredRelatedParty']/tbody/tr[@id='InsuredGuRelatedPartyVocation']/td/input[@name='InsuredGuRelatedPartyIndustryKindCode']
2020/07/14 16:16:44:129 DEBUG com.sinosoft.test.base.TestBase:76 - Trying to find Element By : By.xpath: //table[@id='InsuredRelatedParty']/tbody/tr[@id='InsuredGuRelatedPartyVocation']/td/input[@name='InsuredGuRelatedPartyIndustryKindCode']
2020/07/14 16:16:44:210 DEBUG com.sinosoft.test.base.TestBase:80 - Found Element By : By.xpath: //table[@id='InsuredRelatedParty']/tbody/tr[@id='InsuredGuRelatedPartyVocation']/td/input[@name='InsuredGuRelatedPartyIndustryKindCode']
2020/07/14 16:16:44:211 DEBUG com.sinosoft.test.base.TestBase:76 - Trying to find Element By : By.xpath: ../input[last()]
2020/07/14 16:16:44:321 DEBUG com.sinosoft.test.base.TestBase:80 - Found Element By : By.xpath: ../input[last()]
2020/07/14 16:16:44:536  INFO com.sinosoft.test.base.TestBase:71 - SetCodeEditBox:找到了Code对应的文本显示框并点击触发显示:InsuredGuRelatedPartyIndustryKindCName
2020/07/14 16:16:44:537 DEBUG com.sinosoft.test.base.TestBase:42 - Trying to click on: [[[[InternetExplorerDriver: internet explorer on WINDOWS (5cd438e8-c525-4104-8965-b382eb299100)] -> xpath: //table[@id='InsuredRelatedParty']/tbody/tr[@id='InsuredGuRelatedPartyVocation']/td/input[@name='InsuredGuRelatedPartyIndustryKindCode']]] -> xpath: ../input[last()]]
2020/07/14 16:16:46:001 DEBUG com.sinosoft.test.base.TestBase:46 - Clicked on: [[[[InternetExplorerDriver: internet explorer on WINDOWS (5cd438e8-c525-4104-8965-b382eb299100)] -> xpath: //table[@id='InsuredRelatedParty']/tbody/tr[@id='InsuredGuRelatedPartyVocation']/td/input[@name='InsuredGuRelatedPartyIndustryKindCode']]] -> xpath: ../input[last()]]
2020/07/14 16:16:46:201 DEBUG com.sinosoft.test.base.TestBase:76 - Trying to find Element By : By.xpath: //table[@id='InsuredRelatedParty']/tbody/tr[@id='InsuredGuRelatedPartyVocation']/td/input[@name='InsuredGuRelatedPartyIndustryKindCode']
2020/07/14 16:16:46:284 DEBUG com.sinosoft.test.base.TestBase:80 - Found Element By : By.xpath: //table[@id='InsuredRelatedParty']/tbody/tr[@id='InsuredGuRelatedPartyVocation']/td/input[@name='InsuredGuRelatedPartyIndustryKindCode']
2020/07/14 16:16:46:286 DEBUG com.sinosoft.test.base.TestBase:87 - SetCodeEditBox:设置完毕[[InternetExplorerDriver: internet explorer on WINDOWS (5cd438e8-c525-4104-8965-b382eb299100)] -> xpath: //table[@id='InsuredRelatedParty']/tbody/tr[@id='InsuredGuRelatedPartyVocation']/td/input[@name='InsuredGuRelatedPartyIndustryKindCode']],设置值 Code=12006
2020/07/14 16:16:46:288  INFO com.sinosoft.test.base.TestBase:157 - 保存险种基本信息
2020/07/14 16:16:46:289 DEBUG com.sinosoft.test.base.TestBase:76 - Trying to find Element By : By.id: saveButton
2020/07/14 16:16:46:426 DEBUG com.sinosoft.test.base.TestBase:80 - Found Element By : By.id: saveButton
2020/07/14 16:16:46:427  INFO com.sinosoft.test.base.TestBase:416 - jsClickButton:[[InternetExplorerDriver: internet explorer on WINDOWS (5cd438e8-c525-4104-8965-b382eb299100)] -> id: saveButton]
2020/07/14 16:16:46:427 DEBUG com.sinosoft.test.base.TestBase:76 - Trying to find Element By : By.id: saveButton
2020/07/14 16:16:46:553 DEBUG com.sinosoft.test.base.TestBase:80 - Found Element By : By.id: saveButton
2020/07/14 16:16:46:554  INFO com.sinosoft.test.base.TestBase:144 - RunJavaScript:[[InternetExplorerDriver: internet explorer on WINDOWS (5cd438e8-c525-4104-8965-b382eb299100)] -> id: saveButton]	arguments[0].click();
2020/07/14 16:16:46:554 DEBUG com.sinosoft.test.base.TestBase:76 - Trying to find Element By : By.id: saveButton
2020/07/14 16:16:46:635 DEBUG com.sinosoft.test.base.TestBase:80 - Found Element By : By.id: saveButton
2020/07/14 16:16:47:949 DEBUG com.sinosoft.test.base.TestBase:69 - 初始化class com.sinosoft.test.fccp.tbcl.RiskDetail_insuredObjPage
2020/07/14 16:16:54:023 DEBUG com.sinosoft.test.base.TestBase:76 - Trying to find Element By : By.id: ItemPropertyDetail
2020/07/14 16:16:54:156 DEBUG com.sinosoft.test.base.TestBase:80 - Found Element By : By.id: ItemPropertyDetail
2020/07/14 16:16:54:160 DEBUG com.sinosoft.test.base.TestBase:213 - 进入保险标的信息页面对象！
2020/07/14 16:16:54:162  INFO com.sinosoft.test.base.TestBase:222 - 开始录入标的物信息！
2020/07/14 16:16:54:169 DEBUG com.sinosoft.test.base.TestBase:69 - 初始化class com.sinosoft.test.fccp.tbcl.InsuredObjectInfoPage_0101
2020/07/14 16:16:54:171 DEBUG com.sinosoft.test.base.TestBase:76 - Trying to find Element By : By.name: GuItemPropertyBlockCode
2020/07/14 16:16:54:293 DEBUG com.sinosoft.test.base.TestBase:80 - Found Element By : By.name: GuItemPropertyBlockCode
2020/07/14 16:16:54:295  INFO com.sinosoft.test.base.TestBase:30 - 开始录入标的物信息！
2020/07/14 16:16:54:296 DEBUG com.sinosoft.test.base.TestBase:76 - Trying to find Element By : By.name: GuItemPropertyBlockCode
2020/07/14 16:16:54:379 DEBUG com.sinosoft.test.base.TestBase:80 - Found Element By : By.name: GuItemPropertyBlockCode
2020/07/14 16:16:54:380  INFO com.sinosoft.test.base.TestBase:388 - setEditboxTValue:[[InternetExplorerDriver: internet explorer on WINDOWS (5cd438e8-c525-4104-8965-b382eb299100)] -> name: GuItemPropertyBlockCode]->121121123123
2020/07/14 16:16:54:380 DEBUG com.sinosoft.test.base.TestBase:76 - Trying to find Element By : By.name: GuItemPropertyBlockCode
2020/07/14 16:16:54:490 DEBUG com.sinosoft.test.base.TestBase:80 - Found Element By : By.name: GuItemPropertyBlockCode
2020/07/14 16:16:54:884 DEBUG com.sinosoft.test.base.TestBase:76 - Trying to find Element By : By.name: GuItemPropertyBlockCode
2020/07/14 16:16:54:993 DEBUG com.sinosoft.test.base.TestBase:80 - Found Element By : By.name: GuItemPropertyBlockCode
2020/07/14 16:17:00:744 DEBUG com.sinosoft.test.base.TestBase:76 - Trying to find Element By : By.name: GuItemPropertyCurrency
2020/07/14 16:17:00:875 DEBUG com.sinosoft.test.base.TestBase:80 - Found Element By : By.name: GuItemPropertyCurrency
2020/07/14 16:17:00:924 DEBUG com.sinosoft.test.base.TestBase:76 - Trying to find Element By : By.name: GuItemPropertyItemProvinceCode
2020/07/14 16:17:01:028 DEBUG com.sinosoft.test.base.TestBase:80 - Found Element By : By.name: GuItemPropertyItemProvinceCode
2020/07/14 16:17:01:065 DEBUG com.sinosoft.test.base.TestBase:76 - Trying to find Element By : By.name: GuItemPropertyItemProvinceCode
2020/07/14 16:17:01:194 DEBUG com.sinosoft.test.base.TestBase:80 - Found Element By : By.name: GuItemPropertyItemProvinceCode
2020/07/14 16:17:01:201 DEBUG com.sinosoft.test.base.TestBase:63 - SetCodeEditBox:开始设置:[[InternetExplorerDriver: internet explorer on WINDOWS (5cd438e8-c525-4104-8965-b382eb299100)] -> name: GuItemPropertyItemProvinceCode] & Code=130000
2020/07/14 16:17:01:206 DEBUG com.sinosoft.test.base.TestBase:76 - Trying to find Element By : By.name: GuItemPropertyItemProvinceCode
2020/07/14 16:17:01:324 DEBUG com.sinosoft.test.base.TestBase:80 - Found Element By : By.name: GuItemPropertyItemProvinceCode
2020/07/14 16:17:01:661 DEBUG com.sinosoft.test.base.TestBase:76 - Trying to find Element By : By.name: GuItemPropertyItemProvinceCode
2020/07/14 16:17:01:740 DEBUG com.sinosoft.test.base.TestBase:80 - Found Element By : By.name: GuItemPropertyItemProvinceCode
2020/07/14 16:17:02:564 DEBUG com.sinosoft.test.base.TestBase:76 - Trying to find Element By : By.name: GuItemPropertyItemProvinceCode
2020/07/14 16:17:02:692 DEBUG com.sinosoft.test.base.TestBase:80 - Found Element By : By.name: GuItemPropertyItemProvinceCode
2020/07/14 16:17:02:692 DEBUG com.sinosoft.test.base.TestBase:76 - Trying to find Element By : By.xpath: ../input[last()]
2020/07/14 16:17:02:777 DEBUG com.sinosoft.test.base.TestBase:80 - Found Element By : By.xpath: ../input[last()]
2020/07/14 16:17:02:974  INFO com.sinosoft.test.base.TestBase:71 - SetCodeEditBox:找到了Code对应的文本显示框并点击触发显示:GuItemPropertyItemProvinceCName
2020/07/14 16:17:02:974 DEBUG com.sinosoft.test.base.TestBase:42 - Trying to click on: [[[[InternetExplorerDriver: internet explorer on WINDOWS (5cd438e8-c525-4104-8965-b382eb299100)] -> name: GuItemPropertyItemProvinceCode]] -> xpath: ../input[last()]]
2020/07/14 16:17:04:328 DEBUG com.sinosoft.test.base.TestBase:46 - Clicked on: [[[[InternetExplorerDriver: internet explorer on WINDOWS (5cd438e8-c525-4104-8965-b382eb299100)] -> name: GuItemPropertyItemProvinceCode]] -> xpath: ../input[last()]]
2020/07/14 16:17:04:529 DEBUG com.sinosoft.test.base.TestBase:76 - Trying to find Element By : By.name: GuItemPropertyItemProvinceCode
2020/07/14 16:17:04:677 DEBUG com.sinosoft.test.base.TestBase:80 - Found Element By : By.name: GuItemPropertyItemProvinceCode
2020/07/14 16:17:04:677 DEBUG com.sinosoft.test.base.TestBase:87 - SetCodeEditBox:设置完毕[[InternetExplorerDriver: internet explorer on WINDOWS (5cd438e8-c525-4104-8965-b382eb299100)] -> name: GuItemPropertyItemProvinceCode],设置值 Code=130000
2020/07/14 16:17:04:677 DEBUG com.sinosoft.test.base.TestBase:76 - Trying to find Element By : By.name: GuItemPropertyItemCityCode
2020/07/14 16:17:04:770 DEBUG com.sinosoft.test.base.TestBase:80 - Found Element By : By.name: GuItemPropertyItemCityCode
2020/07/14 16:17:04:822 DEBUG com.sinosoft.test.base.TestBase:76 - Trying to find Element By : By.name: GuItemPropertyItemCityCode
2020/07/14 16:17:04:947 DEBUG com.sinosoft.test.base.TestBase:80 - Found Element By : By.name: GuItemPropertyItemCityCode
2020/07/14 16:17:04:949 DEBUG com.sinosoft.test.base.TestBase:63 - SetCodeEditBox:开始设置:[[InternetExplorerDriver: internet explorer on WINDOWS (5cd438e8-c525-4104-8965-b382eb299100)] -> name: GuItemPropertyItemCityCode] & Code=130300
2020/07/14 16:17:04:951 DEBUG com.sinosoft.test.base.TestBase:76 - Trying to find Element By : By.name: GuItemPropertyItemCityCode
2020/07/14 16:17:05:059 DEBUG com.sinosoft.test.base.TestBase:80 - Found Element By : By.name: GuItemPropertyItemCityCode
2020/07/14 16:17:05:469 DEBUG com.sinosoft.test.base.TestBase:76 - Trying to find Element By : By.name: GuItemPropertyItemCityCode
2020/07/14 16:17:05:564 DEBUG com.sinosoft.test.base.TestBase:80 - Found Element By : By.name: GuItemPropertyItemCityCode
2020/07/14 16:17:06:400 DEBUG com.sinosoft.test.base.TestBase:76 - Trying to find Element By : By.name: GuItemPropertyItemCityCode
2020/07/14 16:17:06:529 DEBUG com.sinosoft.test.base.TestBase:80 - Found Element By : By.name: GuItemPropertyItemCityCode
2020/07/14 16:17:06:529 DEBUG com.sinosoft.test.base.TestBase:76 - Trying to find Element By : By.xpath: ../input[last()]
2020/07/14 16:17:06:615 DEBUG com.sinosoft.test.base.TestBase:80 - Found Element By : By.xpath: ../input[last()]
2020/07/14 16:17:06:800  INFO com.sinosoft.test.base.TestBase:71 - SetCodeEditBox:找到了Code对应的文本显示框并点击触发显示:GuItemPropertyItemCityCName
2020/07/14 16:17:06:801 DEBUG com.sinosoft.test.base.TestBase:42 - Trying to click on: [[[[InternetExplorerDriver: internet explorer on WINDOWS (5cd438e8-c525-4104-8965-b382eb299100)] -> name: GuItemPropertyItemCityCode]] -> xpath: ../input[last()]]
2020/07/14 16:17:08:170 DEBUG com.sinosoft.test.base.TestBase:46 - Clicked on: [[[[InternetExplorerDriver: internet explorer on WINDOWS (5cd438e8-c525-4104-8965-b382eb299100)] -> name: GuItemPropertyItemCityCode]] -> xpath: ../input[last()]]
2020/07/14 16:17:08:371 DEBUG com.sinosoft.test.base.TestBase:76 - Trying to find Element By : By.name: GuItemPropertyItemCityCode
2020/07/14 16:17:08:468 DEBUG com.sinosoft.test.base.TestBase:80 - Found Element By : By.name: GuItemPropertyItemCityCode
2020/07/14 16:17:08:468 DEBUG com.sinosoft.test.base.TestBase:87 - SetCodeEditBox:设置完毕[[InternetExplorerDriver: internet explorer on WINDOWS (5cd438e8-c525-4104-8965-b382eb299100)] -> name: GuItemPropertyItemCityCode],设置值 Code=130300
2020/07/14 16:17:08:468 DEBUG com.sinosoft.test.base.TestBase:76 - Trying to find Element By : By.name: GuItemPropertyItemPostalCode
2020/07/14 16:17:08:562 DEBUG com.sinosoft.test.base.TestBase:80 - Found Element By : By.name: GuItemPropertyItemPostalCode
2020/07/14 16:17:08:564  INFO com.sinosoft.test.base.TestBase:360 - setEditboxValue:[[InternetExplorerDriver: internet explorer on WINDOWS (5cd438e8-c525-4104-8965-b382eb299100)] -> name: GuItemPropertyItemPostalCode]：065201
2020/07/14 16:17:08:566 DEBUG com.sinosoft.test.base.TestBase:76 - Trying to find Element By : By.name: GuItemPropertyItemPostalCode
2020/07/14 16:17:08:702 DEBUG com.sinosoft.test.base.TestBase:80 - Found Element By : By.name: GuItemPropertyItemPostalCode
2020/07/14 16:17:09:095 DEBUG com.sinosoft.test.base.TestBase:76 - Trying to find Element By : By.name: GuItemPropertyItemPostalCode
2020/07/14 16:17:09:218 DEBUG com.sinosoft.test.base.TestBase:80 - Found Element By : By.name: GuItemPropertyItemPostalCode
2020/07/14 16:17:09:841 DEBUG com.sinosoft.test.base.TestBase:76 - Trying to find Element By : By.name: GuItemPropertyItemPostalCode
2020/07/14 16:17:09:984 DEBUG com.sinosoft.test.base.TestBase:80 - Found Element By : By.name: GuItemPropertyItemPostalCode
2020/07/14 16:17:09:985  INFO com.sinosoft.test.base.TestBase:363 - setEditboxValue—End:[[InternetExplorerDriver: internet explorer on WINDOWS (5cd438e8-c525-4104-8965-b382eb299100)] -> name: GuItemPropertyItemPostalCode]：065201
2020/07/14 16:17:09:985 DEBUG com.sinosoft.test.base.TestBase:76 - Trying to find Element By : By.name: GuItemPropertyConstruction
2020/07/14 16:17:10:102 DEBUG com.sinosoft.test.base.TestBase:80 - Found Element By : By.name: GuItemPropertyConstruction
2020/07/14 16:17:10:152 DEBUG com.sinosoft.test.base.TestBase:76 - Trying to find Element By : By.name: GuItemPropertySituation
2020/07/14 16:17:10:298 DEBUG com.sinosoft.test.base.TestBase:80 - Found Element By : By.name: GuItemPropertySituation
2020/07/14 16:17:10:299  INFO com.sinosoft.test.base.TestBase:360 - setEditboxValue:[[InternetExplorerDriver: internet explorer on WINDOWS (5cd438e8-c525-4104-8965-b382eb299100)] -> name: GuItemPropertySituation]：北戴河公园
2020/07/14 16:17:10:300 DEBUG com.sinosoft.test.base.TestBase:76 - Trying to find Element By : By.name: GuItemPropertySituation
2020/07/14 16:17:10:396 DEBUG com.sinosoft.test.base.TestBase:80 - Found Element By : By.name: GuItemPropertySituation
2020/07/14 16:17:10:746 DEBUG com.sinosoft.test.base.TestBase:76 - Trying to find Element By : By.name: GuItemPropertySituation
2020/07/14 16:17:10:840 DEBUG com.sinosoft.test.base.TestBase:80 - Found Element By : By.name: GuItemPropertySituation
2020/07/14 16:17:11:449 DEBUG com.sinosoft.test.base.TestBase:76 - Trying to find Element By : By.name: GuItemPropertySituation
2020/07/14 16:17:11:553 DEBUG com.sinosoft.test.base.TestBase:80 - Found Element By : By.name: GuItemPropertySituation
2020/07/14 16:17:11:553  INFO com.sinosoft.test.base.TestBase:363 - setEditboxValue—End:[[InternetExplorerDriver: internet explorer on WINDOWS (5cd438e8-c525-4104-8965-b382eb299100)] -> name: GuItemPropertySituation]：北戴河公园
2020/07/14 16:17:11:553 DEBUG com.sinosoft.test.base.TestBase:232 - 开始录入险种明细信息
2020/07/14 16:17:11:554 DEBUG com.sinosoft.test.base.TestBase:76 - Trying to find Element By : By.id: ItemPropertyDetail
2020/07/14 16:17:11:679 DEBUG com.sinosoft.test.base.TestBase:80 - Found Element By : By.id: ItemPropertyDetail
2020/07/14 16:17:11:681  INFO com.sinosoft.test.base.TestBase:406 - clickElement:[[InternetExplorerDriver: internet explorer on WINDOWS (5cd438e8-c525-4104-8965-b382eb299100)] -> id: ItemPropertyDetail]
2020/07/14 16:17:11:682 DEBUG com.sinosoft.test.base.TestBase:76 - Trying to find Element By : By.id: ItemPropertyDetail
2020/07/14 16:17:11:774 DEBUG com.sinosoft.test.base.TestBase:80 - Found Element By : By.id: ItemPropertyDetail
2020/07/14 16:17:11:774 DEBUG com.sinosoft.test.base.TestBase:42 - Trying to click on: [[InternetExplorerDriver: internet explorer on WINDOWS (5cd438e8-c525-4104-8965-b382eb299100)] -> id: ItemPropertyDetail]
2020/07/14 16:17:13:439 DEBUG com.sinosoft.test.base.TestBase:46 - Clicked on: [[InternetExplorerDriver: internet explorer on WINDOWS (5cd438e8-c525-4104-8965-b382eb299100)] -> id: ItemPropertyDetail]
2020/07/14 16:17:13:439 DEBUG com.sinosoft.test.base.TestBase:76 - Trying to find Element By : By.id: ItemPropertyDetail
2020/07/14 16:17:13:549 DEBUG com.sinosoft.test.base.TestBase:80 - Found Element By : By.id: ItemPropertyDetail
2020/07/14 16:17:13:549 DEBUG com.sinosoft.test.base.TestBase:76 - Trying to find Element By : By.name: GuItemPropertyDetailItemDetailCode
2020/07/14 16:17:13:645 DEBUG com.sinosoft.test.base.TestBase:80 - Found Element By : By.name: GuItemPropertyDetailItemDetailCode
2020/07/14 16:17:13:646 DEBUG com.sinosoft.test.base.TestBase:76 - Trying to find Element By : By.id: ItemPropertyDetail
2020/07/14 16:17:13:731 DEBUG com.sinosoft.test.base.TestBase:80 - Found Element By : By.id: ItemPropertyDetail
2020/07/14 16:17:13:732 DEBUG com.sinosoft.test.base.TestBase:76 - Trying to find Element By : By.name: GuItemPropertyDetailItemDetailList
2020/07/14 16:17:13:845 DEBUG com.sinosoft.test.base.TestBase:80 - Found Element By : By.name: GuItemPropertyDetailItemDetailList
2020/07/14 16:17:13:921 DEBUG com.sinosoft.test.base.TestBase:42 - CodeSelect:开始设置[[[[InternetExplorerDriver: internet explorer on WINDOWS (5cd438e8-c525-4104-8965-b382eb299100)] -> id: ItemPropertyDetail]] -> name: GuItemPropertyDetailItemDetailCode] & Code=010001
2020/07/14 16:17:15:595 DEBUG com.sinosoft.test.base.TestBase:272 - 系统窗口【黄河财险业务系统】with handle -749934cb-5900-47ac-a027-3a3ff34b9c4a
2020/07/14 16:17:16:279 DEBUG com.sinosoft.test.base.TestBase:272 - 系统窗口【黄河财险业务系统】with handle -749934cb-5900-47ac-a027-3a3ff34b9c4a
2020/07/14 16:17:16:936 DEBUG com.sinosoft.test.base.TestBase:272 - 系统窗口【Code Select】with handle -e0c4e1e9-526d-4e5c-879b-970727376f68
2020/07/14 16:17:17:467 DEBUG com.sinosoft.test.base.TestBase:69 - 初始化class com.sinosoft.test.fccp.common.CodeSelectPage
2020/07/14 16:17:17:469 DEBUG com.sinosoft.test.base.TestBase:39 - 基础码表选择！
2020/07/14 16:17:17:469 DEBUG com.sinosoft.test.base.TestBase:76 - Trying to find Element By : By.name: fieldValue
2020/07/14 16:17:17:791 DEBUG com.sinosoft.test.base.TestBase:80 - Found Element By : By.name: fieldValue
2020/07/14 16:17:17:792  INFO com.sinosoft.test.base.TestBase:360 - setEditboxValue:[[InternetExplorerDriver: internet explorer on WINDOWS (5cd438e8-c525-4104-8965-b382eb299100)] -> name: fieldValue]：010001
2020/07/14 16:17:19:267  INFO com.sinosoft.test.base.TestBase:363 - setEditboxValue—End:[[InternetExplorerDriver: internet explorer on WINDOWS (5cd438e8-c525-4104-8965-b382eb299100)] -> name: fieldValue]：010001
2020/07/14 16:17:19:269 DEBUG com.sinosoft.test.base.TestBase:76 - Trying to find Element By : By.xpath: //input[@value='查询(Q)']
2020/07/14 16:17:19:590 DEBUG com.sinosoft.test.base.TestBase:80 - Found Element By : By.xpath: //input[@value='查询(Q)']
2020/07/14 16:17:19:590  INFO com.sinosoft.test.base.TestBase:402 - clickButton:[[InternetExplorerDriver: internet explorer on WINDOWS (5cd438e8-c525-4104-8965-b382eb299100)] -> xpath: //input[@value='查询(Q)']]
2020/07/14 16:17:19:591 DEBUG com.sinosoft.test.base.TestBase:42 - Trying to click on: [[InternetExplorerDriver: internet explorer on WINDOWS (5cd438e8-c525-4104-8965-b382eb299100)] -> xpath: //input[@value='查询(Q)']]
2020/07/14 16:17:21:229 DEBUG com.sinosoft.test.base.TestBase:46 - Clicked on: [[InternetExplorerDriver: internet explorer on WINDOWS (5cd438e8-c525-4104-8965-b382eb299100)] -> xpath: //input[@value='查询(Q)']]
2020/07/14 16:17:21:229 DEBUG com.sinosoft.test.base.TestBase:76 - Trying to find Element By : By.name: codeselect
2020/07/14 16:17:21:542 DEBUG com.sinosoft.test.base.TestBase:80 - Found Element By : By.name: codeselect
2020/07/14 16:17:21:542  INFO com.sinosoft.test.base.TestBase:132 - setFuzzySelect:[[InternetExplorerDriver: internet explorer on WINDOWS (5cd438e8-c525-4104-8965-b382eb299100)] -> name: codeselect]->010001
2020/07/14 16:17:22:109 DEBUG com.sinosoft.test.base.TestBase:76 - Trying to find Element By : By.tagName: option
2020/07/14 16:17:22:444 DEBUG com.sinosoft.test.base.TestBase:80 - Found Element By : By.tagName: option
2020/07/14 16:17:22:754  INFO com.sinosoft.test.base.TestBase:142 - 找到匹配【010001】的选项：010001--固定资产
2020/07/14 16:17:22:754 DEBUG com.sinosoft.test.base.TestBase:76 - Trying to find Element By : By.xpath: .//option[normalize-space(.) = "010001--固定资产"]
2020/07/14 16:17:23:097 DEBUG com.sinosoft.test.base.TestBase:80 - Found Element By : By.xpath: .//option[normalize-space(.) = "010001--固定资产"]
2020/07/14 16:17:23:398 DEBUG com.sinosoft.test.base.TestBase:42 - Trying to click on: [[[[InternetExplorerDriver: internet explorer on WINDOWS (5cd438e8-c525-4104-8965-b382eb299100)] -> name: codeselect]] -> xpath: .//option[normalize-space(.) = "010001--固定资产"]]
2020/07/14 16:17:23:890 DEBUG com.sinosoft.test.base.TestBase:46 - Clicked on: [[[[InternetExplorerDriver: internet explorer on WINDOWS (5cd438e8-c525-4104-8965-b382eb299100)] -> name: codeselect]] -> xpath: .//option[normalize-space(.) = "010001--固定资产"]]
2020/07/14 16:17:23:891 DEBUG com.sinosoft.test.base.TestBase:151 - setFuzzySelect 结束！
2020/07/14 16:17:23:891 DEBUG com.sinosoft.test.base.TestBase:76 - Trying to find Element By : By.name: SelectIt
2020/07/14 16:17:24:186 DEBUG com.sinosoft.test.base.TestBase:80 - Found Element By : By.name: SelectIt
2020/07/14 16:17:24:186  INFO com.sinosoft.test.base.TestBase:416 - jsClickButton:[[InternetExplorerDriver: internet explorer on WINDOWS (5cd438e8-c525-4104-8965-b382eb299100)] -> name: SelectIt]
2020/07/14 16:17:24:187  INFO com.sinosoft.test.base.TestBase:144 - RunJavaScript:[[InternetExplorerDriver: internet explorer on WINDOWS (5cd438e8-c525-4104-8965-b382eb299100)] -> name: SelectIt]	arguments[0].click();
2020/07/14 16:17:25:020 DEBUG com.sinosoft.test.base.TestBase:272 - 系统窗口【黄河财险业务系统】with handle -749934cb-5900-47ac-a027-3a3ff34b9c4a
2020/07/14 16:17:30:614 DEBUG com.sinosoft.test.base.TestBase:49 - CodeSelect:设置完毕[[[[InternetExplorerDriver: internet explorer on WINDOWS (5cd438e8-c525-4104-8965-b382eb299100)] -> id: ItemPropertyDetail]] -> name: GuItemPropertyDetailItemDetailCode] & Code=010001
2020/07/14 16:17:30:614  INFO com.sinosoft.test.base.TestBase:360 - setEditboxValue:[[[[InternetExplorerDriver: internet explorer on WINDOWS (5cd438e8-c525-4104-8965-b382eb299100)] -> id: ItemPropertyDetail]] -> name: GuItemPropertyDetailItemDetailList]：碣石公园礁石群
2020/07/14 16:17:31:766  INFO com.sinosoft.test.base.TestBase:363 - setEditboxValue—End:[[[[InternetExplorerDriver: internet explorer on WINDOWS (5cd438e8-c525-4104-8965-b382eb299100)] -> id: ItemPropertyDetail]] -> name: GuItemPropertyDetailItemDetailList]：碣石公园礁石群
2020/07/14 16:17:31:767 DEBUG com.sinosoft.test.base.TestBase:76 - Trying to find Element By : By.id: ItemPropertyDetail
2020/07/14 16:17:31:873 DEBUG com.sinosoft.test.base.TestBase:80 - Found Element By : By.id: ItemPropertyDetail
2020/07/14 16:17:31:873 DEBUG com.sinosoft.test.base.TestBase:76 - Trying to find Element By : By.name: GuItemKindKindCode
2020/07/14 16:17:32:009 DEBUG com.sinosoft.test.base.TestBase:80 - Found Element By : By.name: GuItemKindKindCode
2020/07/14 16:17:32:090 DEBUG com.sinosoft.test.base.TestBase:42 - CodeSelect:开始设置[[[[InternetExplorerDriver: internet explorer on WINDOWS (5cd438e8-c525-4104-8965-b382eb299100)] -> id: ItemPropertyDetail]] -> name: GuItemKindKindCode] & Code=0101001
2020/07/14 16:17:33:847 DEBUG com.sinosoft.test.base.TestBase:272 - 系统窗口【黄河财险业务系统】with handle -749934cb-5900-47ac-a027-3a3ff34b9c4a
2020/07/14 16:17:34:523 DEBUG com.sinosoft.test.base.TestBase:272 - 系统窗口【黄河财险业务系统】with handle -749934cb-5900-47ac-a027-3a3ff34b9c4a
2020/07/14 16:17:35:174 DEBUG com.sinosoft.test.base.TestBase:272 - 系统窗口【Code Select】with handle -7f212e81-f05f-4566-af2f-1f3bcc32ee22
2020/07/14 16:17:35:710 DEBUG com.sinosoft.test.base.TestBase:69 - 初始化class com.sinosoft.test.fccp.common.CodeSelectPage
2020/07/14 16:17:35:712 DEBUG com.sinosoft.test.base.TestBase:39 - 基础码表选择！
2020/07/14 16:17:35:712 DEBUG com.sinosoft.test.base.TestBase:76 - Trying to find Element By : By.name: fieldValue
2020/07/14 16:17:36:021 DEBUG com.sinosoft.test.base.TestBase:80 - Found Element By : By.name: fieldValue
2020/07/14 16:17:36:022  INFO com.sinosoft.test.base.TestBase:360 - setEditboxValue:[[InternetExplorerDriver: internet explorer on WINDOWS (5cd438e8-c525-4104-8965-b382eb299100)] -> name: fieldValue]：0101001
2020/07/14 16:17:37:515  INFO com.sinosoft.test.base.TestBase:363 - setEditboxValue—End:[[InternetExplorerDriver: internet explorer on WINDOWS (5cd438e8-c525-4104-8965-b382eb299100)] -> name: fieldValue]：0101001
2020/07/14 16:17:37:516 DEBUG com.sinosoft.test.base.TestBase:76 - Trying to find Element By : By.xpath: //input[@value='查询(Q)']
2020/07/14 16:17:37:836 DEBUG com.sinosoft.test.base.TestBase:80 - Found Element By : By.xpath: //input[@value='查询(Q)']
2020/07/14 16:17:37:836  INFO com.sinosoft.test.base.TestBase:402 - clickButton:[[InternetExplorerDriver: internet explorer on WINDOWS (5cd438e8-c525-4104-8965-b382eb299100)] -> xpath: //input[@value='查询(Q)']]
2020/07/14 16:17:37:837 DEBUG com.sinosoft.test.base.TestBase:42 - Trying to click on: [[InternetExplorerDriver: internet explorer on WINDOWS (5cd438e8-c525-4104-8965-b382eb299100)] -> xpath: //input[@value='查询(Q)']]
2020/07/14 16:17:39:475 DEBUG com.sinosoft.test.base.TestBase:46 - Clicked on: [[InternetExplorerDriver: internet explorer on WINDOWS (5cd438e8-c525-4104-8965-b382eb299100)] -> xpath: //input[@value='查询(Q)']]
2020/07/14 16:17:39:476 DEBUG com.sinosoft.test.base.TestBase:76 - Trying to find Element By : By.name: codeselect
2020/07/14 16:17:39:793 DEBUG com.sinosoft.test.base.TestBase:80 - Found Element By : By.name: codeselect
2020/07/14 16:17:39:794  INFO com.sinosoft.test.base.TestBase:132 - setFuzzySelect:[[InternetExplorerDriver: internet explorer on WINDOWS (5cd438e8-c525-4104-8965-b382eb299100)] -> name: codeselect]->0101001
2020/07/14 16:17:40:356 DEBUG com.sinosoft.test.base.TestBase:76 - Trying to find Element By : By.tagName: option
2020/07/14 16:17:40:689 DEBUG com.sinosoft.test.base.TestBase:80 - Found Element By : By.tagName: option
2020/07/14 16:17:41:007  INFO com.sinosoft.test.base.TestBase:142 - 找到匹配【0101001】的选项：0101001--财产基本险（2019版）
2020/07/14 16:17:41:007 DEBUG com.sinosoft.test.base.TestBase:76 - Trying to find Element By : By.xpath: .//option[normalize-space(.) = "0101001--财产基本险（2019版）"]
2020/07/14 16:17:41:339 DEBUG com.sinosoft.test.base.TestBase:80 - Found Element By : By.xpath: .//option[normalize-space(.) = "0101001--财产基本险（2019版）"]
2020/07/14 16:17:41:648 DEBUG com.sinosoft.test.base.TestBase:42 - Trying to click on: [[[[InternetExplorerDriver: internet explorer on WINDOWS (5cd438e8-c525-4104-8965-b382eb299100)] -> name: codeselect]] -> xpath: .//option[normalize-space(.) = "0101001--财产基本险（2019版）"]]
2020/07/14 16:17:42:158 DEBUG com.sinosoft.test.base.TestBase:46 - Clicked on: [[[[InternetExplorerDriver: internet explorer on WINDOWS (5cd438e8-c525-4104-8965-b382eb299100)] -> name: codeselect]] -> xpath: .//option[normalize-space(.) = "0101001--财产基本险（2019版）"]]
2020/07/14 16:17:42:159 DEBUG com.sinosoft.test.base.TestBase:151 - setFuzzySelect 结束！
2020/07/14 16:17:42:159 DEBUG com.sinosoft.test.base.TestBase:76 - Trying to find Element By : By.name: SelectIt
2020/07/14 16:17:42:457 DEBUG com.sinosoft.test.base.TestBase:80 - Found Element By : By.name: SelectIt
2020/07/14 16:17:42:458  INFO com.sinosoft.test.base.TestBase:416 - jsClickButton:[[InternetExplorerDriver: internet explorer on WINDOWS (5cd438e8-c525-4104-8965-b382eb299100)] -> name: SelectIt]
2020/07/14 16:17:42:458  INFO com.sinosoft.test.base.TestBase:144 - RunJavaScript:[[InternetExplorerDriver: internet explorer on WINDOWS (5cd438e8-c525-4104-8965-b382eb299100)] -> name: SelectIt]	arguments[0].click();
2020/07/14 16:17:43:336 DEBUG com.sinosoft.test.base.TestBase:272 - 系统窗口【黄河财险业务系统】with handle -749934cb-5900-47ac-a027-3a3ff34b9c4a
2020/07/14 16:17:48:843 DEBUG com.sinosoft.test.base.TestBase:49 - CodeSelect:设置完毕[[[[InternetExplorerDriver: internet explorer on WINDOWS (5cd438e8-c525-4104-8965-b382eb299100)] -> id: ItemPropertyDetail]] -> name: GuItemKindKindCode] & Code=0101001
2020/07/14 16:17:48:843 DEBUG com.sinosoft.test.base.TestBase:76 - Trying to find Element By : By.id: ItemPropertyDetail
2020/07/14 16:17:48:998 DEBUG com.sinosoft.test.base.TestBase:80 - Found Element By : By.id: ItemPropertyDetail
2020/07/14 16:17:48:999 DEBUG com.sinosoft.test.base.TestBase:76 - Trying to find Element By : By.name: GuItemKindCalculateInd
2020/07/14 16:17:49:101 DEBUG com.sinosoft.test.base.TestBase:80 - Found Element By : By.name: GuItemKindCalculateInd
2020/07/14 16:17:49:153 DEBUG com.sinosoft.test.base.TestBase:76 - Trying to find Element By : By.id: ItemPropertyDetail
2020/07/14 16:17:49:322 DEBUG com.sinosoft.test.base.TestBase:80 - Found Element By : By.id: ItemPropertyDetail
2020/07/14 16:17:49:322 DEBUG com.sinosoft.test.base.TestBase:76 - Trying to find Element By : By.name: GuItemKindValueType
2020/07/14 16:17:49:483 DEBUG com.sinosoft.test.base.TestBase:80 - Found Element By : By.name: GuItemKindValueType
2020/07/14 16:17:49:484  INFO com.sinosoft.test.base.TestBase:96 - setSelectWithStartText:[[[[InternetExplorerDriver: internet explorer on WINDOWS (5cd438e8-c525-4104-8965-b382eb299100)] -> id: ItemPropertyDetail]] -> name: GuItemKindValueType]->10
2020/07/14 16:17:49:583 DEBUG com.sinosoft.test.base.TestBase:76 - Trying to find Element By : By.tagName: option
2020/07/14 16:17:50:104 DEBUG com.sinosoft.test.base.TestBase:80 - Found Element By : By.tagName: option
2020/07/14 16:17:50:397  INFO com.sinosoft.test.base.TestBase:114 - 找到匹配【10】的选项：10-出险时市场价值
2020/07/14 16:17:50:399 DEBUG com.sinosoft.test.base.TestBase:76 - Trying to find Element By : By.xpath: .//option[normalize-space(.) = "10-出险时市场价值"]
2020/07/14 16:17:50:531 DEBUG com.sinosoft.test.base.TestBase:80 - Found Element By : By.xpath: .//option[normalize-space(.) = "10-出险时市场价值"]
2020/07/14 16:17:50:582 DEBUG com.sinosoft.test.base.TestBase:42 - Trying to click on: [[[[[[InternetExplorerDriver: internet explorer on WINDOWS (5cd438e8-c525-4104-8965-b382eb299100)] -> id: ItemPropertyDetail]] -> name: GuItemKindValueType]] -> xpath: .//option[normalize-space(.) = "10-出险时市场价值"]]
2020/07/14 16:17:51:006 DEBUG com.sinosoft.test.base.TestBase:46 - Clicked on: [[[[[[InternetExplorerDriver: internet explorer on WINDOWS (5cd438e8-c525-4104-8965-b382eb299100)] -> id: ItemPropertyDetail]] -> name: GuItemKindValueType]] -> xpath: .//option[normalize-space(.) = "10-出险时市场价值"]]
2020/07/14 16:17:51:007 DEBUG com.sinosoft.test.base.TestBase:123 - setSelectWithStartText 结束！
2020/07/14 16:17:51:007 DEBUG com.sinosoft.test.base.TestBase:76 - Trying to find Element By : By.id: ItemPropertyDetail
2020/07/14 16:17:51:191 DEBUG com.sinosoft.test.base.TestBase:80 - Found Element By : By.id: ItemPropertyDetail
2020/07/14 16:17:51:192 DEBUG com.sinosoft.test.base.TestBase:76 - Trying to find Element By : By.name: GuItemKindSumInsured
2020/07/14 16:17:51:301 DEBUG com.sinosoft.test.base.TestBase:80 - Found Element By : By.name: GuItemKindSumInsured
2020/07/14 16:17:51:302  INFO com.sinosoft.test.base.TestBase:360 - setEditboxValue:[[[[InternetExplorerDriver: internet explorer on WINDOWS (5cd438e8-c525-4104-8965-b382eb299100)] -> id: ItemPropertyDetail]] -> name: GuItemKindSumInsured]：2000000
2020/07/14 16:17:52:432  INFO com.sinosoft.test.base.TestBase:363 - setEditboxValue—End:[[[[InternetExplorerDriver: internet explorer on WINDOWS (5cd438e8-c525-4104-8965-b382eb299100)] -> id: ItemPropertyDetail]] -> name: GuItemKindSumInsured]：2000000
2020/07/14 16:17:52:433 DEBUG com.sinosoft.test.base.TestBase:76 - Trying to find Element By : By.xpath: //table[@id='ItemPropertyDetailKind']/tbody/tr/td/input[@name='GuItemKindRate']
2020/07/14 16:17:52:536 DEBUG com.sinosoft.test.base.TestBase:80 - Found Element By : By.xpath: //table[@id='ItemPropertyDetailKind']/tbody/tr/td/input[@name='GuItemKindRate']
2020/07/14 16:17:52:537  INFO com.sinosoft.test.base.TestBase:388 - setEditboxTValue:[[InternetExplorerDriver: internet explorer on WINDOWS (5cd438e8-c525-4104-8965-b382eb299100)] -> xpath: //table[@id='ItemPropertyDetailKind']/tbody/tr/td/input[@name='GuItemKindRate']]->0.5
2020/07/14 16:17:52:537 DEBUG com.sinosoft.test.base.TestBase:76 - Trying to find Element By : By.xpath: //table[@id='ItemPropertyDetailKind']/tbody/tr/td/input[@name='GuItemKindRate']
2020/07/14 16:17:52:612 DEBUG com.sinosoft.test.base.TestBase:80 - Found Element By : By.xpath: //table[@id='ItemPropertyDetailKind']/tbody/tr/td/input[@name='GuItemKindRate']
2020/07/14 16:17:53:015 DEBUG com.sinosoft.test.base.TestBase:76 - Trying to find Element By : By.xpath: //table[@id='ItemPropertyDetailKind']/tbody/tr/td/input[@name='GuItemKindRate']
2020/07/14 16:17:53:111 DEBUG com.sinosoft.test.base.TestBase:80 - Found Element By : By.xpath: //table[@id='ItemPropertyDetailKind']/tbody/tr/td/input[@name='GuItemKindRate']
2020/07/14 16:17:58:791 DEBUG com.sinosoft.test.base.TestBase:76 - Trying to find Element By : By.xpath: //table[@id='ItemPropertyDetailKind']/tbody/tr/td/input[@name='GuItemKindShortRateFlag']
2020/07/14 16:17:58:884 DEBUG com.sinosoft.test.base.TestBase:80 - Found Element By : By.xpath: //table[@id='ItemPropertyDetailKind']/tbody/tr/td/input[@name='GuItemKindShortRateFlag']
2020/07/14 16:17:58:934 DEBUG com.sinosoft.test.base.TestBase:76 - Trying to find Element By : By.xpath: //table[@id='ItemPropertyDetailKind']/tbody/tr/td/input[@name='GuItemKindShortRateFlag']
2020/07/14 16:17:59:038 DEBUG com.sinosoft.test.base.TestBase:80 - Found Element By : By.xpath: //table[@id='ItemPropertyDetailKind']/tbody/tr/td/input[@name='GuItemKindShortRateFlag']
2020/07/14 16:17:59:039 DEBUG com.sinosoft.test.base.TestBase:42 - CodeSelect:开始设置[[InternetExplorerDriver: internet explorer on WINDOWS (5cd438e8-c525-4104-8965-b382eb299100)] -> xpath: //table[@id='ItemPropertyDetailKind']/tbody/tr/td/input[@name='GuItemKindShortRateFlag']] & Code=2
2020/07/14 16:17:59:040 DEBUG com.sinosoft.test.base.TestBase:76 - Trying to find Element By : By.xpath: //table[@id='ItemPropertyDetailKind']/tbody/tr/td/input[@name='GuItemKindShortRateFlag']
2020/07/14 16:17:59:112 DEBUG com.sinosoft.test.base.TestBase:80 - Found Element By : By.xpath: //table[@id='ItemPropertyDetailKind']/tbody/tr/td/input[@name='GuItemKindShortRateFlag']
2020/07/14 16:18:00:825 DEBUG com.sinosoft.test.base.TestBase:272 - 系统窗口【黄河财险业务系统】with handle -749934cb-5900-47ac-a027-3a3ff34b9c4a
2020/07/14 16:18:01:506 DEBUG com.sinosoft.test.base.TestBase:272 - 系统窗口【黄河财险业务系统】with handle -749934cb-5900-47ac-a027-3a3ff34b9c4a
2020/07/14 16:18:02:144 DEBUG com.sinosoft.test.base.TestBase:272 - 系统窗口【Code Select】with handle -47729da6-5f21-4ced-98e6-de22d7bfa2e3
2020/07/14 16:18:02:676 DEBUG com.sinosoft.test.base.TestBase:69 - 初始化class com.sinosoft.test.fccp.common.CodeSelectPage
2020/07/14 16:18:02:677 DEBUG com.sinosoft.test.base.TestBase:39 - 基础码表选择！
2020/07/14 16:18:02:677 DEBUG com.sinosoft.test.base.TestBase:76 - Trying to find Element By : By.name: fieldValue
2020/07/14 16:18:02:973 DEBUG com.sinosoft.test.base.TestBase:80 - Found Element By : By.name: fieldValue
2020/07/14 16:18:02:974  INFO com.sinosoft.test.base.TestBase:360 - setEditboxValue:[[InternetExplorerDriver: internet explorer on WINDOWS (5cd438e8-c525-4104-8965-b382eb299100)] -> name: fieldValue]：2
2020/07/14 16:18:04:452  INFO com.sinosoft.test.base.TestBase:363 - setEditboxValue—End:[[InternetExplorerDriver: internet explorer on WINDOWS (5cd438e8-c525-4104-8965-b382eb299100)] -> name: fieldValue]：2
2020/07/14 16:18:04:453 DEBUG com.sinosoft.test.base.TestBase:76 - Trying to find Element By : By.xpath: //input[@value='查询(Q)']
2020/07/14 16:18:04:771 DEBUG com.sinosoft.test.base.TestBase:80 - Found Element By : By.xpath: //input[@value='查询(Q)']
2020/07/14 16:18:04:772  INFO com.sinosoft.test.base.TestBase:402 - clickButton:[[InternetExplorerDriver: internet explorer on WINDOWS (5cd438e8-c525-4104-8965-b382eb299100)] -> xpath: //input[@value='查询(Q)']]
2020/07/14 16:18:04:772 DEBUG com.sinosoft.test.base.TestBase:42 - Trying to click on: [[InternetExplorerDriver: internet explorer on WINDOWS (5cd438e8-c525-4104-8965-b382eb299100)] -> xpath: //input[@value='查询(Q)']]
2020/07/14 16:18:06:418 DEBUG com.sinosoft.test.base.TestBase:46 - Clicked on: [[InternetExplorerDriver: internet explorer on WINDOWS (5cd438e8-c525-4104-8965-b382eb299100)] -> xpath: //input[@value='查询(Q)']]
2020/07/14 16:18:06:418 DEBUG com.sinosoft.test.base.TestBase:76 - Trying to find Element By : By.name: codeselect
2020/07/14 16:18:06:727 DEBUG com.sinosoft.test.base.TestBase:80 - Found Element By : By.name: codeselect
2020/07/14 16:18:06:728  INFO com.sinosoft.test.base.TestBase:132 - setFuzzySelect:[[InternetExplorerDriver: internet explorer on WINDOWS (5cd438e8-c525-4104-8965-b382eb299100)] -> name: codeselect]->2
2020/07/14 16:18:07:295 DEBUG com.sinosoft.test.base.TestBase:76 - Trying to find Element By : By.tagName: option
2020/07/14 16:18:07:628 DEBUG com.sinosoft.test.base.TestBase:80 - Found Element By : By.tagName: option
2020/07/14 16:18:07:943  INFO com.sinosoft.test.base.TestBase:142 - 找到匹配【2】的选项：2--月比例
2020/07/14 16:18:07:944 DEBUG com.sinosoft.test.base.TestBase:76 - Trying to find Element By : By.xpath: .//option[normalize-space(.) = "2--月比例"]
2020/07/14 16:18:08:273 DEBUG com.sinosoft.test.base.TestBase:80 - Found Element By : By.xpath: .//option[normalize-space(.) = "2--月比例"]
2020/07/14 16:18:08:573 DEBUG com.sinosoft.test.base.TestBase:42 - Trying to click on: [[[[InternetExplorerDriver: internet explorer on WINDOWS (5cd438e8-c525-4104-8965-b382eb299100)] -> name: codeselect]] -> xpath: .//option[normalize-space(.) = "2--月比例"]]
2020/07/14 16:18:09:070 DEBUG com.sinosoft.test.base.TestBase:46 - Clicked on: [[[[InternetExplorerDriver: internet explorer on WINDOWS (5cd438e8-c525-4104-8965-b382eb299100)] -> name: codeselect]] -> xpath: .//option[normalize-space(.) = "2--月比例"]]
2020/07/14 16:18:09:071 DEBUG com.sinosoft.test.base.TestBase:151 - setFuzzySelect 结束！
2020/07/14 16:18:09:071 DEBUG com.sinosoft.test.base.TestBase:76 - Trying to find Element By : By.name: SelectIt
2020/07/14 16:18:09:374 DEBUG com.sinosoft.test.base.TestBase:80 - Found Element By : By.name: SelectIt
2020/07/14 16:18:09:375  INFO com.sinosoft.test.base.TestBase:416 - jsClickButton:[[InternetExplorerDriver: internet explorer on WINDOWS (5cd438e8-c525-4104-8965-b382eb299100)] -> name: SelectIt]
2020/07/14 16:18:09:376  INFO com.sinosoft.test.base.TestBase:144 - RunJavaScript:[[InternetExplorerDriver: internet explorer on WINDOWS (5cd438e8-c525-4104-8965-b382eb299100)] -> name: SelectIt]	arguments[0].click();
2020/07/14 16:18:10:281 DEBUG com.sinosoft.test.base.TestBase:272 - 系统窗口【黄河财险业务系统】with handle -749934cb-5900-47ac-a027-3a3ff34b9c4a
2020/07/14 16:18:15:716 DEBUG com.sinosoft.test.base.TestBase:76 - Trying to find Element By : By.xpath: //table[@id='ItemPropertyDetailKind']/tbody/tr/td/input[@name='GuItemKindShortRateFlag']
2020/07/14 16:18:15:796 DEBUG com.sinosoft.test.base.TestBase:80 - Found Element By : By.xpath: //table[@id='ItemPropertyDetailKind']/tbody/tr/td/input[@name='GuItemKindShortRateFlag']
2020/07/14 16:18:15:797 DEBUG com.sinosoft.test.base.TestBase:49 - CodeSelect:设置完毕[[InternetExplorerDriver: internet explorer on WINDOWS (5cd438e8-c525-4104-8965-b382eb299100)] -> xpath: //table[@id='ItemPropertyDetailKind']/tbody/tr/td/input[@name='GuItemKindShortRateFlag']] & Code=2
2020/07/14 16:18:15:797 DEBUG com.sinosoft.test.base.TestBase:76 - Trying to find Element By : By.xpath: //table[@id='ItemPropertyDetailKind']/tbody/tr/td/input[@name='GuItemKindGrossPremium']
2020/07/14 16:18:15:869 DEBUG com.sinosoft.test.base.TestBase:80 - Found Element By : By.xpath: //table[@id='ItemPropertyDetailKind']/tbody/tr/td/input[@name='GuItemKindGrossPremium']
2020/07/14 16:18:15:869  INFO com.sinosoft.test.base.TestBase:388 - setEditboxTValue:[[InternetExplorerDriver: internet explorer on WINDOWS (5cd438e8-c525-4104-8965-b382eb299100)] -> xpath: //table[@id='ItemPropertyDetailKind']/tbody/tr/td/input[@name='GuItemKindGrossPremium']]->400
2020/07/14 16:18:15:869 DEBUG com.sinosoft.test.base.TestBase:76 - Trying to find Element By : By.xpath: //table[@id='ItemPropertyDetailKind']/tbody/tr/td/input[@name='GuItemKindGrossPremium']
2020/07/14 16:18:15:953 DEBUG com.sinosoft.test.base.TestBase:80 - Found Element By : By.xpath: //table[@id='ItemPropertyDetailKind']/tbody/tr/td/input[@name='GuItemKindGrossPremium']
2020/07/14 16:18:16:705 DEBUG com.sinosoft.test.base.TestBase:76 - Trying to find Element By : By.xpath: //table[@id='ItemPropertyDetailKind']/tbody/tr/td/input[@name='GuItemKindGrossPremium']
2020/07/14 16:18:16:832 DEBUG com.sinosoft.test.base.TestBase:80 - Found Element By : By.xpath: //table[@id='ItemPropertyDetailKind']/tbody/tr/td/input[@name='GuItemKindGrossPremium']
2020/07/14 16:18:22:441 DEBUG com.sinosoft.test.base.TestBase:234 - 开始录入营业中断险！
2020/07/14 16:18:22:441 DEBUG com.sinosoft.test.base.TestBase:76 - Trying to find Element By : By.id: ItemPropertyItem1105
2020/07/14 16:18:22:592 DEBUG com.sinosoft.test.base.TestBase:80 - Found Element By : By.id: ItemPropertyItem1105
2020/07/14 16:18:22:592  INFO com.sinosoft.test.base.TestBase:406 - clickElement:[[InternetExplorerDriver: internet explorer on WINDOWS (5cd438e8-c525-4104-8965-b382eb299100)] -> id: ItemPropertyItem1105]
2020/07/14 16:18:22:592 DEBUG com.sinosoft.test.base.TestBase:76 - Trying to find Element By : By.id: ItemPropertyItem1105
2020/07/14 16:18:22:721 DEBUG com.sinosoft.test.base.TestBase:80 - Found Element By : By.id: ItemPropertyItem1105
2020/07/14 16:18:22:723 DEBUG com.sinosoft.test.base.TestBase:42 - Trying to click on: [[InternetExplorerDriver: internet explorer on WINDOWS (5cd438e8-c525-4104-8965-b382eb299100)] -> id: ItemPropertyItem1105]
2020/07/14 16:18:24:546 DEBUG com.sinosoft.test.base.TestBase:46 - Clicked on: [[InternetExplorerDriver: internet explorer on WINDOWS (5cd438e8-c525-4104-8965-b382eb299100)] -> id: ItemPropertyItem1105]
2020/07/14 16:18:24:547 DEBUG com.sinosoft.test.base.TestBase:76 - Trying to find Element By : By.name: GuItemDynamic0105FieldBG
2020/07/14 16:18:24:701 DEBUG com.sinosoft.test.base.TestBase:80 - Found Element By : By.name: GuItemDynamic0105FieldBG
2020/07/14 16:18:24:703  INFO com.sinosoft.test.base.TestBase:360 - setEditboxValue:[[InternetExplorerDriver: internet explorer on WINDOWS (5cd438e8-c525-4104-8965-b382eb299100)] -> name: GuItemDynamic0105FieldBG]：24
2020/07/14 16:18:24:704 DEBUG com.sinosoft.test.base.TestBase:76 - Trying to find Element By : By.name: GuItemDynamic0105FieldBG
2020/07/14 16:18:24:859 DEBUG com.sinosoft.test.base.TestBase:80 - Found Element By : By.name: GuItemDynamic0105FieldBG
2020/07/14 16:18:25:292 DEBUG com.sinosoft.test.base.TestBase:76 - Trying to find Element By : By.name: GuItemDynamic0105FieldBG
2020/07/14 16:18:25:473 DEBUG com.sinosoft.test.base.TestBase:80 - Found Element By : By.name: GuItemDynamic0105FieldBG
2020/07/14 16:18:26:206 DEBUG com.sinosoft.test.base.TestBase:76 - Trying to find Element By : By.name: GuItemDynamic0105FieldBG
2020/07/14 16:18:26:300 DEBUG com.sinosoft.test.base.TestBase:80 - Found Element By : By.name: GuItemDynamic0105FieldBG
2020/07/14 16:18:26:302  INFO com.sinosoft.test.base.TestBase:363 - setEditboxValue—End:[[InternetExplorerDriver: internet explorer on WINDOWS (5cd438e8-c525-4104-8965-b382eb299100)] -> name: GuItemDynamic0105FieldBG]：24
2020/07/14 16:18:26:303 DEBUG com.sinosoft.test.base.TestBase:76 - Trying to find Element By : By.name: GuItemDynamic0105FieldBF
2020/07/14 16:18:26:455 DEBUG com.sinosoft.test.base.TestBase:80 - Found Element By : By.name: GuItemDynamic0105FieldBF
2020/07/14 16:18:26:508 DEBUG com.sinosoft.test.base.TestBase:76 - Trying to find Element By : By.name: GuItemDynamic0105FieldBF
2020/07/14 16:18:26:696 DEBUG com.sinosoft.test.base.TestBase:80 - Found Element By : By.name: GuItemDynamic0105FieldBF
2020/07/14 16:18:26:696 DEBUG com.sinosoft.test.base.TestBase:63 - SetCodeEditBox:开始设置:[[InternetExplorerDriver: internet explorer on WINDOWS (5cd438e8-c525-4104-8965-b382eb299100)] -> name: GuItemDynamic0105FieldBF] & Code=6000000
2020/07/14 16:18:26:697 DEBUG com.sinosoft.test.base.TestBase:76 - Trying to find Element By : By.name: GuItemDynamic0105FieldBF
2020/07/14 16:18:26:844 DEBUG com.sinosoft.test.base.TestBase:80 - Found Element By : By.name: GuItemDynamic0105FieldBF
2020/07/14 16:18:27:297 DEBUG com.sinosoft.test.base.TestBase:76 - Trying to find Element By : By.name: GuItemDynamic0105FieldBF
2020/07/14 16:18:27:427 DEBUG com.sinosoft.test.base.TestBase:80 - Found Element By : By.name: GuItemDynamic0105FieldBF
2020/07/14 16:18:28:346 DEBUG com.sinosoft.test.base.TestBase:76 - Trying to find Element By : By.name: GuItemDynamic0105FieldBF
2020/07/14 16:18:28:477 DEBUG com.sinosoft.test.base.TestBase:80 - Found Element By : By.name: GuItemDynamic0105FieldBF
2020/07/14 16:18:28:477 DEBUG com.sinosoft.test.base.TestBase:76 - Trying to find Element By : By.xpath: ../input[last()]
2020/07/14 16:18:28:601 DEBUG com.sinosoft.test.base.TestBase:80 - Found Element By : By.xpath: ../input[last()]
2020/07/14 16:18:28:781  INFO com.sinosoft.test.base.TestBase:71 - SetCodeEditBox:找到了Code对应的文本显示框并点击触发显示:GuItemDynamic0105FieldBF
2020/07/14 16:18:28:782 DEBUG com.sinosoft.test.base.TestBase:42 - Trying to click on: [[[[InternetExplorerDriver: internet explorer on WINDOWS (5cd438e8-c525-4104-8965-b382eb299100)] -> name: GuItemDynamic0105FieldBF]] -> xpath: ../input[last()]]
2020/07/14 16:18:30:048 DEBUG com.sinosoft.test.base.TestBase:46 - Clicked on: [[[[InternetExplorerDriver: internet explorer on WINDOWS (5cd438e8-c525-4104-8965-b382eb299100)] -> name: GuItemDynamic0105FieldBF]] -> xpath: ../input[last()]]
2020/07/14 16:18:30:250 DEBUG com.sinosoft.test.base.TestBase:76 - Trying to find Element By : By.name: GuItemDynamic0105FieldBF
2020/07/14 16:18:30:365 DEBUG com.sinosoft.test.base.TestBase:80 - Found Element By : By.name: GuItemDynamic0105FieldBF
2020/07/14 16:18:30:366 DEBUG com.sinosoft.test.base.TestBase:87 - SetCodeEditBox:设置完毕[[InternetExplorerDriver: internet explorer on WINDOWS (5cd438e8-c525-4104-8965-b382eb299100)] -> name: GuItemDynamic0105FieldBF],设置值 Code=6000000
2020/07/14 16:18:30:366 DEBUG com.sinosoft.test.base.TestBase:76 - Trying to find Element By : By.name: GuItemDynamic0105FieldBE
2020/07/14 16:18:30:507 DEBUG com.sinosoft.test.base.TestBase:80 - Found Element By : By.name: GuItemDynamic0105FieldBE
2020/07/14 16:18:30:555 DEBUG com.sinosoft.test.base.TestBase:76 - Trying to find Element By : By.name: GuItemDynamic0105FieldBE
2020/07/14 16:18:30:683 DEBUG com.sinosoft.test.base.TestBase:80 - Found Element By : By.name: GuItemDynamic0105FieldBE
2020/07/14 16:18:30:683 DEBUG com.sinosoft.test.base.TestBase:63 - SetCodeEditBox:开始设置:[[InternetExplorerDriver: internet explorer on WINDOWS (5cd438e8-c525-4104-8965-b382eb299100)] -> name: GuItemDynamic0105FieldBE] & Code=20000000
2020/07/14 16:18:30:683 DEBUG com.sinosoft.test.base.TestBase:76 - Trying to find Element By : By.name: GuItemDynamic0105FieldBE
2020/07/14 16:18:30:800 DEBUG com.sinosoft.test.base.TestBase:80 - Found Element By : By.name: GuItemDynamic0105FieldBE
2020/07/14 16:18:31:169 DEBUG com.sinosoft.test.base.TestBase:76 - Trying to find Element By : By.name: GuItemDynamic0105FieldBE
2020/07/14 16:18:31:268 DEBUG com.sinosoft.test.base.TestBase:80 - Found Element By : By.name: GuItemDynamic0105FieldBE
2020/07/14 16:18:32:183 DEBUG com.sinosoft.test.base.TestBase:76 - Trying to find Element By : By.name: GuItemDynamic0105FieldBE
2020/07/14 16:18:32:332 DEBUG com.sinosoft.test.base.TestBase:80 - Found Element By : By.name: GuItemDynamic0105FieldBE
2020/07/14 16:18:32:332 DEBUG com.sinosoft.test.base.TestBase:76 - Trying to find Element By : By.xpath: ../input[last()]
2020/07/14 16:18:32:416 DEBUG com.sinosoft.test.base.TestBase:80 - Found Element By : By.xpath: ../input[last()]
2020/07/14 16:18:32:600  INFO com.sinosoft.test.base.TestBase:71 - SetCodeEditBox:找到了Code对应的文本显示框并点击触发显示:GuItemDynamic0105FieldBE
2020/07/14 16:18:32:600 DEBUG com.sinosoft.test.base.TestBase:42 - Trying to click on: [[[[InternetExplorerDriver: internet explorer on WINDOWS (5cd438e8-c525-4104-8965-b382eb299100)] -> name: GuItemDynamic0105FieldBE]] -> xpath: ../input[last()]]
2020/07/14 16:18:33:957 DEBUG com.sinosoft.test.base.TestBase:46 - Clicked on: [[[[InternetExplorerDriver: internet explorer on WINDOWS (5cd438e8-c525-4104-8965-b382eb299100)] -> name: GuItemDynamic0105FieldBE]] -> xpath: ../input[last()]]
2020/07/14 16:18:34:157 DEBUG com.sinosoft.test.base.TestBase:76 - Trying to find Element By : By.name: GuItemDynamic0105FieldBE
2020/07/14 16:18:34:300 DEBUG com.sinosoft.test.base.TestBase:80 - Found Element By : By.name: GuItemDynamic0105FieldBE
2020/07/14 16:18:34:301 DEBUG com.sinosoft.test.base.TestBase:87 - SetCodeEditBox:设置完毕[[InternetExplorerDriver: internet explorer on WINDOWS (5cd438e8-c525-4104-8965-b382eb299100)] -> name: GuItemDynamic0105FieldBE],设置值 Code=20000000
2020/07/14 16:18:34:301 DEBUG com.sinosoft.test.base.TestBase:76 - Trying to find Element By : By.id: ItemPropertyDetail0105
2020/07/14 16:18:34:450 DEBUG com.sinosoft.test.base.TestBase:80 - Found Element By : By.id: ItemPropertyDetail0105
2020/07/14 16:18:34:451 DEBUG com.sinosoft.test.base.TestBase:76 - Trying to find Element By : By.name: GuItemPropertyDetail0105ItemDetailCode
2020/07/14 16:18:34:551 DEBUG com.sinosoft.test.base.TestBase:80 - Found Element By : By.name: GuItemPropertyDetail0105ItemDetailCode
2020/07/14 16:18:34:551 DEBUG com.sinosoft.test.base.TestBase:76 - Trying to find Element By : By.id: ItemPropertyDetail0105
2020/07/14 16:18:34:668 DEBUG com.sinosoft.test.base.TestBase:80 - Found Element By : By.id: ItemPropertyDetail0105
2020/07/14 16:18:34:669 DEBUG com.sinosoft.test.base.TestBase:76 - Trying to find Element By : By.name: GuItemPropertyDetail0105ItemDetailList
2020/07/14 16:18:34:753 DEBUG com.sinosoft.test.base.TestBase:80 - Found Element By : By.name: GuItemPropertyDetail0105ItemDetailList
2020/07/14 16:18:34:825 DEBUG com.sinosoft.test.base.TestBase:42 - CodeSelect:开始设置[[[[InternetExplorerDriver: internet explorer on WINDOWS (5cd438e8-c525-4104-8965-b382eb299100)] -> id: ItemPropertyDetail0105]] -> name: GuItemPropertyDetail0105ItemDetailCode] & Code=010056
2020/07/14 16:18:36:336 DEBUG com.sinosoft.test.base.TestBase:272 - 系统窗口【黄河财险业务系统】with handle -749934cb-5900-47ac-a027-3a3ff34b9c4a
2020/07/14 16:18:36:993 DEBUG com.sinosoft.test.base.TestBase:272 - 系统窗口【黄河财险业务系统】with handle -749934cb-5900-47ac-a027-3a3ff34b9c4a
2020/07/14 16:18:37:643 DEBUG com.sinosoft.test.base.TestBase:272 - 系统窗口【Code Select】with handle -9af0aa73-cfa4-4973-9a9d-84cd1d53dc96
2020/07/14 16:18:38:163 DEBUG com.sinosoft.test.base.TestBase:69 - 初始化class com.sinosoft.test.fccp.common.CodeSelectPage
2020/07/14 16:18:38:164 DEBUG com.sinosoft.test.base.TestBase:39 - 基础码表选择！
2020/07/14 16:18:38:164 DEBUG com.sinosoft.test.base.TestBase:76 - Trying to find Element By : By.name: fieldValue
2020/07/14 16:18:38:466 DEBUG com.sinosoft.test.base.TestBase:80 - Found Element By : By.name: fieldValue
2020/07/14 16:18:38:467  INFO com.sinosoft.test.base.TestBase:360 - setEditboxValue:[[InternetExplorerDriver: internet explorer on WINDOWS (5cd438e8-c525-4104-8965-b382eb299100)] -> name: fieldValue]：010056
2020/07/14 16:18:39:966  INFO com.sinosoft.test.base.TestBase:363 - setEditboxValue—End:[[InternetExplorerDriver: internet explorer on WINDOWS (5cd438e8-c525-4104-8965-b382eb299100)] -> name: fieldValue]：010056
2020/07/14 16:18:39:966 DEBUG com.sinosoft.test.base.TestBase:76 - Trying to find Element By : By.xpath: //input[@value='查询(Q)']
2020/07/14 16:18:40:277 DEBUG com.sinosoft.test.base.TestBase:80 - Found Element By : By.xpath: //input[@value='查询(Q)']
2020/07/14 16:18:40:277  INFO com.sinosoft.test.base.TestBase:402 - clickButton:[[InternetExplorerDriver: internet explorer on WINDOWS (5cd438e8-c525-4104-8965-b382eb299100)] -> xpath: //input[@value='查询(Q)']]
2020/07/14 16:18:40:278 DEBUG com.sinosoft.test.base.TestBase:42 - Trying to click on: [[InternetExplorerDriver: internet explorer on WINDOWS (5cd438e8-c525-4104-8965-b382eb299100)] -> xpath: //input[@value='查询(Q)']]
2020/07/14 16:18:41:912 DEBUG com.sinosoft.test.base.TestBase:46 - Clicked on: [[InternetExplorerDriver: internet explorer on WINDOWS (5cd438e8-c525-4104-8965-b382eb299100)] -> xpath: //input[@value='查询(Q)']]
2020/07/14 16:18:41:912 DEBUG com.sinosoft.test.base.TestBase:76 - Trying to find Element By : By.name: codeselect
2020/07/14 16:18:42:231 DEBUG com.sinosoft.test.base.TestBase:80 - Found Element By : By.name: codeselect
2020/07/14 16:18:42:231  INFO com.sinosoft.test.base.TestBase:132 - setFuzzySelect:[[InternetExplorerDriver: internet explorer on WINDOWS (5cd438e8-c525-4104-8965-b382eb299100)] -> name: codeselect]->010056
2020/07/14 16:18:42:797 DEBUG com.sinosoft.test.base.TestBase:76 - Trying to find Element By : By.tagName: option
2020/07/14 16:18:43:144 DEBUG com.sinosoft.test.base.TestBase:80 - Found Element By : By.tagName: option
2020/07/14 16:18:43:466  INFO com.sinosoft.test.base.TestBase:142 - 找到匹配【010056】的选项：010056--营业利润
2020/07/14 16:18:43:467 DEBUG com.sinosoft.test.base.TestBase:76 - Trying to find Element By : By.xpath: .//option[normalize-space(.) = "010056--营业利润"]
2020/07/14 16:18:43:797 DEBUG com.sinosoft.test.base.TestBase:80 - Found Element By : By.xpath: .//option[normalize-space(.) = "010056--营业利润"]
2020/07/14 16:18:44:101 DEBUG com.sinosoft.test.base.TestBase:42 - Trying to click on: [[[[InternetExplorerDriver: internet explorer on WINDOWS (5cd438e8-c525-4104-8965-b382eb299100)] -> name: codeselect]] -> xpath: .//option[normalize-space(.) = "010056--营业利润"]]
2020/07/14 16:18:44:622 DEBUG com.sinosoft.test.base.TestBase:46 - Clicked on: [[[[InternetExplorerDriver: internet explorer on WINDOWS (5cd438e8-c525-4104-8965-b382eb299100)] -> name: codeselect]] -> xpath: .//option[normalize-space(.) = "010056--营业利润"]]
2020/07/14 16:18:44:623 DEBUG com.sinosoft.test.base.TestBase:151 - setFuzzySelect 结束！
2020/07/14 16:18:44:623 DEBUG com.sinosoft.test.base.TestBase:76 - Trying to find Element By : By.name: SelectIt
2020/07/14 16:18:44:919 DEBUG com.sinosoft.test.base.TestBase:80 - Found Element By : By.name: SelectIt
2020/07/14 16:18:44:920  INFO com.sinosoft.test.base.TestBase:416 - jsClickButton:[[InternetExplorerDriver: internet explorer on WINDOWS (5cd438e8-c525-4104-8965-b382eb299100)] -> name: SelectIt]
2020/07/14 16:18:44:920  INFO com.sinosoft.test.base.TestBase:144 - RunJavaScript:[[InternetExplorerDriver: internet explorer on WINDOWS (5cd438e8-c525-4104-8965-b382eb299100)] -> name: SelectIt]	arguments[0].click();
2020/07/14 16:18:45:869 DEBUG com.sinosoft.test.base.TestBase:272 - 系统窗口【黄河财险业务系统】with handle -749934cb-5900-47ac-a027-3a3ff34b9c4a
2020/07/14 16:18:51:598 DEBUG com.sinosoft.test.base.TestBase:49 - CodeSelect:设置完毕[[[[InternetExplorerDriver: internet explorer on WINDOWS (5cd438e8-c525-4104-8965-b382eb299100)] -> id: ItemPropertyDetail0105]] -> name: GuItemPropertyDetail0105ItemDetailCode] & Code=010056
2020/07/14 16:18:51:598 DEBUG com.sinosoft.test.base.TestBase:76 - Trying to find Element By : By.id: ItemPropertyDetail0105
2020/07/14 16:18:51:715 DEBUG com.sinosoft.test.base.TestBase:80 - Found Element By : By.id: ItemPropertyDetail0105
2020/07/14 16:18:51:715  INFO com.sinosoft.test.base.TestBase:406 - clickElement:[[InternetExplorerDriver: internet explorer on WINDOWS (5cd438e8-c525-4104-8965-b382eb299100)] -> id: ItemPropertyDetail0105]
2020/07/14 16:18:51:715 DEBUG com.sinosoft.test.base.TestBase:76 - Trying to find Element By : By.id: ItemPropertyDetail0105
2020/07/14 16:18:51:844 DEBUG com.sinosoft.test.base.TestBase:80 - Found Element By : By.id: ItemPropertyDetail0105
2020/07/14 16:18:51:845 DEBUG com.sinosoft.test.base.TestBase:42 - Trying to click on: [[InternetExplorerDriver: internet explorer on WINDOWS (5cd438e8-c525-4104-8965-b382eb299100)] -> id: ItemPropertyDetail0105]
2020/07/14 16:18:53:309 DEBUG com.sinosoft.test.base.TestBase:46 - Clicked on: [[InternetExplorerDriver: internet explorer on WINDOWS (5cd438e8-c525-4104-8965-b382eb299100)] -> id: ItemPropertyDetail0105]
2020/07/14 16:18:53:311 DEBUG com.sinosoft.test.base.TestBase:76 - Trying to find Element By : By.id: ItemPropertyDetail0105
2020/07/14 16:18:53:485 DEBUG com.sinosoft.test.base.TestBase:80 - Found Element By : By.id: ItemPropertyDetail0105
2020/07/14 16:18:53:485 DEBUG com.sinosoft.test.base.TestBase:76 - Trying to find Element By : By.name: GuItemKind0105KindCode
2020/07/14 16:18:53:597 DEBUG com.sinosoft.test.base.TestBase:80 - Found Element By : By.name: GuItemKind0105KindCode
2020/07/14 16:18:53:597 DEBUG com.sinosoft.test.base.TestBase:76 - Trying to find Element By : By.id: ItemPropertyDetail0105
2020/07/14 16:18:53:763 DEBUG com.sinosoft.test.base.TestBase:80 - Found Element By : By.id: ItemPropertyDetail0105
2020/07/14 16:18:53:764 DEBUG com.sinosoft.test.base.TestBase:76 - Trying to find Element By : By.name: GuItemKind0105CalculateInd
2020/07/14 16:18:53:857 DEBUG com.sinosoft.test.base.TestBase:80 - Found Element By : By.name: GuItemKind0105CalculateInd
2020/07/14 16:18:53:858 DEBUG com.sinosoft.test.base.TestBase:76 - Trying to find Element By : By.id: ItemPropertyDetail0105
2020/07/14 16:18:53:971 DEBUG com.sinosoft.test.base.TestBase:80 - Found Element By : By.id: ItemPropertyDetail0105
2020/07/14 16:18:53:971 DEBUG com.sinosoft.test.base.TestBase:76 - Trying to find Element By : By.name: GuItemKind0105ValueType
2020/07/14 16:18:54:087 DEBUG com.sinosoft.test.base.TestBase:80 - Found Element By : By.name: GuItemKind0105ValueType
2020/07/14 16:18:54:088 DEBUG com.sinosoft.test.base.TestBase:76 - Trying to find Element By : By.id: ItemPropertyDetail0105
2020/07/14 16:18:54:192 DEBUG com.sinosoft.test.base.TestBase:80 - Found Element By : By.id: ItemPropertyDetail0105
2020/07/14 16:18:54:193 DEBUG com.sinosoft.test.base.TestBase:76 - Trying to find Element By : By.name: GuItemKind0105SumInsured
2020/07/14 16:18:54:282 DEBUG com.sinosoft.test.base.TestBase:80 - Found Element By : By.name: GuItemKind0105SumInsured
2020/07/14 16:18:54:282 DEBUG com.sinosoft.test.base.TestBase:76 - Trying to find Element By : By.id: ItemPropertyDetail0105
2020/07/14 16:18:54:379 DEBUG com.sinosoft.test.base.TestBase:80 - Found Element By : By.id: ItemPropertyDetail0105
2020/07/14 16:18:54:379 DEBUG com.sinosoft.test.base.TestBase:76 - Trying to find Element By : By.name: GuItemKind0105Rate
2020/07/14 16:18:54:505 DEBUG com.sinosoft.test.base.TestBase:80 - Found Element By : By.name: GuItemKind0105Rate
2020/07/14 16:18:54:505 DEBUG com.sinosoft.test.base.TestBase:76 - Trying to find Element By : By.id: ItemPropertyDetail0105
2020/07/14 16:18:54:648 DEBUG com.sinosoft.test.base.TestBase:80 - Found Element By : By.id: ItemPropertyDetail0105
2020/07/14 16:18:54:648 DEBUG com.sinosoft.test.base.TestBase:76 - Trying to find Element By : By.name: GuItemKind0105ShortRateFlag
2020/07/14 16:18:54:777 DEBUG com.sinosoft.test.base.TestBase:80 - Found Element By : By.name: GuItemKind0105ShortRateFlag
2020/07/14 16:18:54:778 DEBUG com.sinosoft.test.base.TestBase:76 - Trying to find Element By : By.id: ItemPropertyDetail0105
2020/07/14 16:18:54:898 DEBUG com.sinosoft.test.base.TestBase:80 - Found Element By : By.id: ItemPropertyDetail0105
2020/07/14 16:18:54:898 DEBUG com.sinosoft.test.base.TestBase:76 - Trying to find Element By : By.name: GuItemKind0105GrossPremium
2020/07/14 16:18:55:032 DEBUG com.sinosoft.test.base.TestBase:80 - Found Element By : By.name: GuItemKind0105GrossPremium
2020/07/14 16:18:55:083 DEBUG com.sinosoft.test.base.TestBase:42 - CodeSelect:开始设置[[[[InternetExplorerDriver: internet explorer on WINDOWS (5cd438e8-c525-4104-8965-b382eb299100)] -> id: ItemPropertyDetail0105]] -> name: GuItemKind0105KindCode] & Code=0105001
2020/07/14 16:18:56:577 DEBUG com.sinosoft.test.base.TestBase:272 - 系统窗口【黄河财险业务系统】with handle -749934cb-5900-47ac-a027-3a3ff34b9c4a
2020/07/14 16:18:57:742 DEBUG com.sinosoft.test.base.TestBase:272 - 系统窗口【Code Select】with handle -134be4a5-3f7d-4197-a5bd-ab84477a3556
2020/07/14 16:18:58:264 DEBUG com.sinosoft.test.base.TestBase:69 - 初始化class com.sinosoft.test.fccp.common.CodeSelectPage
2020/07/14 16:18:58:265 DEBUG com.sinosoft.test.base.TestBase:39 - 基础码表选择！
2020/07/14 16:18:58:265 DEBUG com.sinosoft.test.base.TestBase:76 - Trying to find Element By : By.name: fieldValue
2020/07/14 16:18:58:619 DEBUG com.sinosoft.test.base.TestBase:80 - Found Element By : By.name: fieldValue
2020/07/14 16:18:58:620  INFO com.sinosoft.test.base.TestBase:360 - setEditboxValue:[[InternetExplorerDriver: internet explorer on WINDOWS (5cd438e8-c525-4104-8965-b382eb299100)] -> name: fieldValue]：0105001
2020/07/14 16:19:00:063  INFO com.sinosoft.test.base.TestBase:363 - setEditboxValue—End:[[InternetExplorerDriver: internet explorer on WINDOWS (5cd438e8-c525-4104-8965-b382eb299100)] -> name: fieldValue]：0105001
2020/07/14 16:19:00:063 DEBUG com.sinosoft.test.base.TestBase:76 - Trying to find Element By : By.xpath: //input[@value='查询(Q)']
2020/07/14 16:19:00:374 DEBUG com.sinosoft.test.base.TestBase:80 - Found Element By : By.xpath: //input[@value='查询(Q)']
2020/07/14 16:19:00:374  INFO com.sinosoft.test.base.TestBase:402 - clickButton:[[InternetExplorerDriver: internet explorer on WINDOWS (5cd438e8-c525-4104-8965-b382eb299100)] -> xpath: //input[@value='查询(Q)']]
2020/07/14 16:19:00:374 DEBUG com.sinosoft.test.base.TestBase:42 - Trying to click on: [[InternetExplorerDriver: internet explorer on WINDOWS (5cd438e8-c525-4104-8965-b382eb299100)] -> xpath: //input[@value='查询(Q)']]
2020/07/14 16:19:01:997 DEBUG com.sinosoft.test.base.TestBase:46 - Clicked on: [[InternetExplorerDriver: internet explorer on WINDOWS (5cd438e8-c525-4104-8965-b382eb299100)] -> xpath: //input[@value='查询(Q)']]
2020/07/14 16:19:01:997 DEBUG com.sinosoft.test.base.TestBase:76 - Trying to find Element By : By.name: codeselect
2020/07/14 16:19:02:311 DEBUG com.sinosoft.test.base.TestBase:80 - Found Element By : By.name: codeselect
2020/07/14 16:19:02:312  INFO com.sinosoft.test.base.TestBase:132 - setFuzzySelect:[[InternetExplorerDriver: internet explorer on WINDOWS (5cd438e8-c525-4104-8965-b382eb299100)] -> name: codeselect]->0105001
2020/07/14 16:19:02:881 DEBUG com.sinosoft.test.base.TestBase:76 - Trying to find Element By : By.tagName: option
2020/07/14 16:19:03:213 DEBUG com.sinosoft.test.base.TestBase:80 - Found Element By : By.tagName: option
2020/07/14 16:19:03:523  INFO com.sinosoft.test.base.TestBase:142 - 找到匹配【0105001】的选项：0105001--营业中断保险（2018版）条款
2020/07/14 16:19:03:524 DEBUG com.sinosoft.test.base.TestBase:76 - Trying to find Element By : By.xpath: .//option[normalize-space(.) = "0105001--营业中断保险（2018版）条款"]
2020/07/14 16:19:03:860 DEBUG com.sinosoft.test.base.TestBase:80 - Found Element By : By.xpath: .//option[normalize-space(.) = "0105001--营业中断保险（2018版）条款"]
2020/07/14 16:19:04:179 DEBUG com.sinosoft.test.base.TestBase:42 - Trying to click on: [[[[InternetExplorerDriver: internet explorer on WINDOWS (5cd438e8-c525-4104-8965-b382eb299100)] -> name: codeselect]] -> xpath: .//option[normalize-space(.) = "0105001--营业中断保险（2018版）条款"]]
2020/07/14 16:19:04:677 DEBUG com.sinosoft.test.base.TestBase:46 - Clicked on: [[[[InternetExplorerDriver: internet explorer on WINDOWS (5cd438e8-c525-4104-8965-b382eb299100)] -> name: codeselect]] -> xpath: .//option[normalize-space(.) = "0105001--营业中断保险（2018版）条款"]]
2020/07/14 16:19:04:677 DEBUG com.sinosoft.test.base.TestBase:151 - setFuzzySelect 结束！
2020/07/14 16:19:04:677 DEBUG com.sinosoft.test.base.TestBase:76 - Trying to find Element By : By.name: SelectIt
2020/07/14 16:19:04:994 DEBUG com.sinosoft.test.base.TestBase:80 - Found Element By : By.name: SelectIt
2020/07/14 16:19:04:995  INFO com.sinosoft.test.base.TestBase:416 - jsClickButton:[[InternetExplorerDriver: internet explorer on WINDOWS (5cd438e8-c525-4104-8965-b382eb299100)] -> name: SelectIt]
2020/07/14 16:19:04:996  INFO com.sinosoft.test.base.TestBase:144 - RunJavaScript:[[InternetExplorerDriver: internet explorer on WINDOWS (5cd438e8-c525-4104-8965-b382eb299100)] -> name: SelectIt]	arguments[0].click();
2020/07/14 16:19:05:902 DEBUG com.sinosoft.test.base.TestBase:272 - 系统窗口【黄河财险业务系统】with handle -749934cb-5900-47ac-a027-3a3ff34b9c4a
2020/07/14 16:19:11:749 DEBUG com.sinosoft.test.base.TestBase:49 - CodeSelect:设置完毕[[[[InternetExplorerDriver: internet explorer on WINDOWS (5cd438e8-c525-4104-8965-b382eb299100)] -> id: ItemPropertyDetail0105]] -> name: GuItemKind0105KindCode] & Code=0105001
2020/07/14 16:19:11:800  INFO com.sinosoft.test.base.TestBase:96 - setSelectWithStartText:[[[[InternetExplorerDriver: internet explorer on WINDOWS (5cd438e8-c525-4104-8965-b382eb299100)] -> id: ItemPropertyDetail0105]] -> name: GuItemKind0105ValueType]->18
2020/07/14 16:19:11:887 DEBUG com.sinosoft.test.base.TestBase:76 - Trying to find Element By : By.tagName: option
2020/07/14 16:19:12:484 DEBUG com.sinosoft.test.base.TestBase:80 - Found Element By : By.tagName: option
2020/07/14 16:19:13:431  INFO com.sinosoft.test.base.TestBase:114 - 找到匹配【18】的选项：18-估价
2020/07/14 16:19:13:431 DEBUG com.sinosoft.test.base.TestBase:76 - Trying to find Element By : By.xpath: .//option[normalize-space(.) = "18-估价"]
2020/07/14 16:19:13:557 DEBUG com.sinosoft.test.base.TestBase:80 - Found Element By : By.xpath: .//option[normalize-space(.) = "18-估价"]
2020/07/14 16:19:13:613 DEBUG com.sinosoft.test.base.TestBase:42 - Trying to click on: [[[[[[InternetExplorerDriver: internet explorer on WINDOWS (5cd438e8-c525-4104-8965-b382eb299100)] -> id: ItemPropertyDetail0105]] -> name: GuItemKind0105ValueType]] -> xpath: .//option[normalize-space(.) = "18-估价"]]
2020/07/14 16:19:13:987 DEBUG com.sinosoft.test.base.TestBase:46 - Clicked on: [[[[[[InternetExplorerDriver: internet explorer on WINDOWS (5cd438e8-c525-4104-8965-b382eb299100)] -> id: ItemPropertyDetail0105]] -> name: GuItemKind0105ValueType]] -> xpath: .//option[normalize-space(.) = "18-估价"]]
2020/07/14 16:19:13:988 DEBUG com.sinosoft.test.base.TestBase:123 - setSelectWithStartText 结束！
2020/07/14 16:19:13:988  INFO com.sinosoft.test.base.TestBase:360 - setEditboxValue:[[[[InternetExplorerDriver: internet explorer on WINDOWS (5cd438e8-c525-4104-8965-b382eb299100)] -> id: ItemPropertyDetail0105]] -> name: GuItemKind0105SumInsured]：200000
2020/07/14 16:19:15:079  INFO com.sinosoft.test.base.TestBase:363 - setEditboxValue—End:[[[[InternetExplorerDriver: internet explorer on WINDOWS (5cd438e8-c525-4104-8965-b382eb299100)] -> id: ItemPropertyDetail0105]] -> name: GuItemKind0105SumInsured]：200000
2020/07/14 16:19:15:081  INFO com.sinosoft.test.base.TestBase:388 - setEditboxTValue:[[[[InternetExplorerDriver: internet explorer on WINDOWS (5cd438e8-c525-4104-8965-b382eb299100)] -> id: ItemPropertyDetail0105]] -> name: GuItemKind0105Rate]->3
2020/07/14 16:19:21:290  INFO com.sinosoft.test.base.TestBase:388 - setEditboxTValue:[[[[InternetExplorerDriver: internet explorer on WINDOWS (5cd438e8-c525-4104-8965-b382eb299100)] -> id: ItemPropertyDetail0105]] -> name: GuItemKind0105GrossPremium]->4000
2020/07/14 16:19:27:509 DEBUG com.sinosoft.test.base.TestBase:76 - Trying to find Element By : By.id: saveButton
2020/07/14 16:19:27:651 DEBUG com.sinosoft.test.base.TestBase:80 - Found Element By : By.id: saveButton
2020/07/14 16:19:27:653  INFO com.sinosoft.test.base.TestBase:402 - clickButton:[[InternetExplorerDriver: internet explorer on WINDOWS (5cd438e8-c525-4104-8965-b382eb299100)] -> id: saveButton]
2020/07/14 16:19:27:655 DEBUG com.sinosoft.test.base.TestBase:76 - Trying to find Element By : By.id: saveButton
2020/07/14 16:19:27:771 DEBUG com.sinosoft.test.base.TestBase:80 - Found Element By : By.id: saveButton
2020/07/14 16:19:27:772 DEBUG com.sinosoft.test.base.TestBase:42 - Trying to click on: [[InternetExplorerDriver: internet explorer on WINDOWS (5cd438e8-c525-4104-8965-b382eb299100)] -> id: saveButton]
2020/07/14 16:19:29:558 DEBUG com.sinosoft.test.base.TestBase:46 - Clicked on: [[InternetExplorerDriver: internet explorer on WINDOWS (5cd438e8-c525-4104-8965-b382eb299100)] -> id: saveButton]
2020/07/14 16:19:34:045 DEBUG com.sinosoft.test.base.TestBase:76 - Trying to find Element By : By.xpath: //td[text()='条款信息']
2020/07/14 16:19:34:119 DEBUG com.sinosoft.test.base.TestBase:80 - Found Element By : By.xpath: //td[text()='条款信息']
2020/07/14 16:19:34:119  INFO com.sinosoft.test.base.TestBase:402 - clickButton:[[InternetExplorerDriver: internet explorer on WINDOWS (5cd438e8-c525-4104-8965-b382eb299100)] -> xpath: //td[text()='条款信息']]
2020/07/14 16:19:34:119 DEBUG com.sinosoft.test.base.TestBase:42 - Trying to click on: [[InternetExplorerDriver: internet explorer on WINDOWS (5cd438e8-c525-4104-8965-b382eb299100)] -> xpath: //td[text()='条款信息']]
2020/07/14 16:19:36:965 DEBUG com.sinosoft.test.base.TestBase:46 - Clicked on: [[InternetExplorerDriver: internet explorer on WINDOWS (5cd438e8-c525-4104-8965-b382eb299100)] -> xpath: //td[text()='条款信息']]
2020/07/14 16:19:42:322 DEBUG com.sinosoft.test.base.TestBase:69 - 初始化class com.sinosoft.test.fccp.tbcl.RiskDetail_TermsPage
2020/07/14 16:19:47:925 DEBUG com.sinosoft.test.base.TestBase:76 - Trying to find Element By : By.id: saveButton
2020/07/14 16:19:48:021 DEBUG com.sinosoft.test.base.TestBase:80 - Found Element By : By.id: saveButton
2020/07/14 16:19:48:022  INFO com.sinosoft.test.base.TestBase:402 - clickButton:[[InternetExplorerDriver: internet explorer on WINDOWS (5cd438e8-c525-4104-8965-b382eb299100)] -> id: saveButton]
2020/07/14 16:19:48:022 DEBUG com.sinosoft.test.base.TestBase:76 - Trying to find Element By : By.id: saveButton
2020/07/14 16:19:48:103 DEBUG com.sinosoft.test.base.TestBase:80 - Found Element By : By.id: saveButton
2020/07/14 16:19:48:103 DEBUG com.sinosoft.test.base.TestBase:42 - Trying to click on: [[InternetExplorerDriver: internet explorer on WINDOWS (5cd438e8-c525-4104-8965-b382eb299100)] -> id: saveButton]
2020/07/14 16:19:49:532 DEBUG com.sinosoft.test.base.TestBase:46 - Clicked on: [[InternetExplorerDriver: internet explorer on WINDOWS (5cd438e8-c525-4104-8965-b382eb299100)] -> id: saveButton]
2020/07/14 16:19:52:472 DEBUG com.sinosoft.test.base.TestBase:76 - Trying to find Element By : By.xpath: //td[text()='联共保信息']
2020/07/14 16:19:52:547 DEBUG com.sinosoft.test.base.TestBase:80 - Found Element By : By.xpath: //td[text()='联共保信息']
2020/07/14 16:19:52:547  INFO com.sinosoft.test.base.TestBase:402 - clickButton:[[InternetExplorerDriver: internet explorer on WINDOWS (5cd438e8-c525-4104-8965-b382eb299100)] -> xpath: //td[text()='联共保信息']]
2020/07/14 16:19:52:547 DEBUG com.sinosoft.test.base.TestBase:42 - Trying to click on: [[InternetExplorerDriver: internet explorer on WINDOWS (5cd438e8-c525-4104-8965-b382eb299100)] -> xpath: //td[text()='联共保信息']]
2020/07/14 16:19:55:506 DEBUG com.sinosoft.test.base.TestBase:46 - Clicked on: [[InternetExplorerDriver: internet explorer on WINDOWS (5cd438e8-c525-4104-8965-b382eb299100)] -> xpath: //td[text()='联共保信息']]
2020/07/14 16:20:01:012 DEBUG com.sinosoft.test.base.TestBase:69 - 初始化class com.sinosoft.test.fccp.tbcl.RiskDetail_CoInsuredPage
2020/07/14 16:20:06:497 DEBUG com.sinosoft.test.base.TestBase:76 - Trying to find Element By : By.id: Coinsurance
2020/07/14 16:20:06:583 DEBUG com.sinosoft.test.base.TestBase:80 - Found Element By : By.id: Coinsurance
2020/07/14 16:20:06:584  INFO com.sinosoft.test.base.TestBase:406 - clickElement:[[InternetExplorerDriver: internet explorer on WINDOWS (5cd438e8-c525-4104-8965-b382eb299100)] -> id: Coinsurance]
2020/07/14 16:20:06:585 DEBUG com.sinosoft.test.base.TestBase:76 - Trying to find Element By : By.id: Coinsurance
2020/07/14 16:20:06:687 DEBUG com.sinosoft.test.base.TestBase:80 - Found Element By : By.id: Coinsurance
2020/07/14 16:20:06:687 DEBUG com.sinosoft.test.base.TestBase:42 - Trying to click on: [[InternetExplorerDriver: internet explorer on WINDOWS (5cd438e8-c525-4104-8965-b382eb299100)] -> id: Coinsurance]
2020/07/14 16:20:07:995 DEBUG com.sinosoft.test.base.TestBase:46 - Clicked on: [[InternetExplorerDriver: internet explorer on WINDOWS (5cd438e8-c525-4104-8965-b382eb299100)] -> id: Coinsurance]
2020/07/14 16:20:07:995 DEBUG com.sinosoft.test.base.TestBase:76 - Trying to find Element By : By.xpath: //table[@id='Coinsurance']/tbody/tr[last()]/td/p/input[@name='buttonCoinsuranceDetailInfo']
2020/07/14 16:20:08:092 DEBUG com.sinosoft.test.base.TestBase:80 - Found Element By : By.xpath: //table[@id='Coinsurance']/tbody/tr[last()]/td/p/input[@name='buttonCoinsuranceDetailInfo']
2020/07/14 16:20:08:092  INFO com.sinosoft.test.base.TestBase:416 - jsClickButton:[[InternetExplorerDriver: internet explorer on WINDOWS (5cd438e8-c525-4104-8965-b382eb299100)] -> xpath: //table[@id='Coinsurance']/tbody/tr[last()]/td/p/input[@name='buttonCoinsuranceDetailInfo']]
2020/07/14 16:20:08:092 DEBUG com.sinosoft.test.base.TestBase:76 - Trying to find Element By : By.xpath: //table[@id='Coinsurance']/tbody/tr[last()]/td/p/input[@name='buttonCoinsuranceDetailInfo']
2020/07/14 16:20:08:184 DEBUG com.sinosoft.test.base.TestBase:80 - Found Element By : By.xpath: //table[@id='Coinsurance']/tbody/tr[last()]/td/p/input[@name='buttonCoinsuranceDetailInfo']
2020/07/14 16:20:08:185  INFO com.sinosoft.test.base.TestBase:144 - RunJavaScript:[[InternetExplorerDriver: internet explorer on WINDOWS (5cd438e8-c525-4104-8965-b382eb299100)] -> xpath: //table[@id='Coinsurance']/tbody/tr[last()]/td/p/input[@name='buttonCoinsuranceDetailInfo']]	arguments[0].click();
2020/07/14 16:20:08:186 DEBUG com.sinosoft.test.base.TestBase:76 - Trying to find Element By : By.xpath: //table[@id='Coinsurance']/tbody/tr[last()]/td/p/input[@name='buttonCoinsuranceDetailInfo']
2020/07/14 16:20:08:254 DEBUG com.sinosoft.test.base.TestBase:80 - Found Element By : By.xpath: //table[@id='Coinsurance']/tbody/tr[last()]/td/p/input[@name='buttonCoinsuranceDetailInfo']
2020/07/14 16:20:10:323 DEBUG com.sinosoft.test.base.TestBase:76 - Trying to find Element By : By.id: Coinsurance
2020/07/14 16:20:10:414 DEBUG com.sinosoft.test.base.TestBase:80 - Found Element By : By.id: Coinsurance
2020/07/14 16:20:10:415 DEBUG com.sinosoft.test.base.TestBase:76 - Trying to find Element By : By.name: button_CoinsuranceDetailInfo_Close
2020/07/14 16:20:10:566 DEBUG com.sinosoft.test.base.TestBase:80 - Found Element By : By.name: button_CoinsuranceDetailInfo_Close
2020/07/14 16:20:10:567 DEBUG com.sinosoft.test.base.TestBase:42 - Trying to click on: [[[[InternetExplorerDriver: internet explorer on WINDOWS (5cd438e8-c525-4104-8965-b382eb299100)] -> id: Coinsurance]] -> name: button_CoinsuranceDetailInfo_Close]
2020/07/14 16:20:11:899 DEBUG com.sinosoft.test.base.TestBase:46 - Clicked on: [[[[InternetExplorerDriver: internet explorer on WINDOWS (5cd438e8-c525-4104-8965-b382eb299100)] -> id: Coinsurance]] -> name: button_CoinsuranceDetailInfo_Close]
2020/07/14 16:20:12:385 DEBUG com.sinosoft.test.base.TestBase:76 - Trying to find Element By : By.xpath: //td[text()='保单费用信息']
2020/07/14 16:20:12:464 DEBUG com.sinosoft.test.base.TestBase:80 - Found Element By : By.xpath: //td[text()='保单费用信息']
2020/07/14 16:20:12:466  INFO com.sinosoft.test.base.TestBase:416 - jsClickButton:[[InternetExplorerDriver: internet explorer on WINDOWS (5cd438e8-c525-4104-8965-b382eb299100)] -> xpath: //td[text()='保单费用信息']]
2020/07/14 16:20:12:467  INFO com.sinosoft.test.base.TestBase:144 - RunJavaScript:[[InternetExplorerDriver: internet explorer on WINDOWS (5cd438e8-c525-4104-8965-b382eb299100)] -> xpath: //td[text()='保单费用信息']]	arguments[0].click();
2020/07/14 16:20:13:531 DEBUG com.sinosoft.test.base.TestBase:69 - 初始化class com.sinosoft.test.fccp.tbcl.PolicyFeePage
2020/07/14 16:20:13:532 DEBUG com.sinosoft.test.base.TestBase:36 - 初始化PolicyFeePage：
2020/07/14 16:20:16:680 DEBUG com.sinosoft.test.base.TestBase:76 - Trying to find Element By : By.name: GuMainXsfInd
2020/07/14 16:20:16:762 DEBUG com.sinosoft.test.base.TestBase:80 - Found Element By : By.name: GuMainXsfInd
2020/07/14 16:20:16:762 DEBUG com.sinosoft.test.base.TestBase:76 - Trying to find Element By : By.name: GuMainFsh
2020/07/14 16:20:16:836 DEBUG com.sinosoft.test.base.TestBase:80 - Found Element By : By.name: GuMainFsh
2020/07/14 16:20:16:837  INFO com.sinosoft.test.base.TestBase:388 - setEditboxTValue:[[InternetExplorerDriver: internet explorer on WINDOWS (5cd438e8-c525-4104-8965-b382eb299100)] -> name: GuMainFsh]->6
2020/07/14 16:20:16:837 DEBUG com.sinosoft.test.base.TestBase:76 - Trying to find Element By : By.name: GuMainFsh
2020/07/14 16:20:16:921 DEBUG com.sinosoft.test.base.TestBase:80 - Found Element By : By.name: GuMainFsh
2020/07/14 16:20:17:253 DEBUG com.sinosoft.test.base.TestBase:76 - Trying to find Element By : By.name: GuMainFsh
2020/07/14 16:20:17:339 DEBUG com.sinosoft.test.base.TestBase:80 - Found Element By : By.name: GuMainFsh
2020/07/14 16:20:22:822 DEBUG com.sinosoft.test.base.TestBase:42 - CodeSelect:开始设置[[InternetExplorerDriver: internet explorer on WINDOWS (5cd438e8-c525-4104-8965-b382eb299100)] -> name: GuMainXsfInd] & Code=B
2020/07/14 16:20:24:268 DEBUG com.sinosoft.test.base.TestBase:272 - 系统窗口【黄河财险业务系统】with handle -749934cb-5900-47ac-a027-3a3ff34b9c4a
2020/07/14 16:20:24:940 DEBUG com.sinosoft.test.base.TestBase:272 - 系统窗口【黄河财险业务系统】with handle -749934cb-5900-47ac-a027-3a3ff34b9c4a
2020/07/14 16:20:25:578 DEBUG com.sinosoft.test.base.TestBase:272 - 系统窗口【Code Select】with handle -fc951f1c-bdf1-461e-9f45-c3390b380d9d
2020/07/14 16:20:26:105 DEBUG com.sinosoft.test.base.TestBase:69 - 初始化class com.sinosoft.test.fccp.common.CodeSelectPage
2020/07/14 16:20:26:106 DEBUG com.sinosoft.test.base.TestBase:39 - 基础码表选择！
2020/07/14 16:20:26:107 DEBUG com.sinosoft.test.base.TestBase:76 - Trying to find Element By : By.name: fieldValue
2020/07/14 16:20:26:446 DEBUG com.sinosoft.test.base.TestBase:80 - Found Element By : By.name: fieldValue
2020/07/14 16:20:26:447  INFO com.sinosoft.test.base.TestBase:360 - setEditboxValue:[[InternetExplorerDriver: internet explorer on WINDOWS (5cd438e8-c525-4104-8965-b382eb299100)] -> name: fieldValue]：B
2020/07/14 16:20:27:924  INFO com.sinosoft.test.base.TestBase:363 - setEditboxValue—End:[[InternetExplorerDriver: internet explorer on WINDOWS (5cd438e8-c525-4104-8965-b382eb299100)] -> name: fieldValue]：B
2020/07/14 16:20:27:924 DEBUG com.sinosoft.test.base.TestBase:76 - Trying to find Element By : By.xpath: //input[@value='查询(Q)']
2020/07/14 16:20:28:223 DEBUG com.sinosoft.test.base.TestBase:80 - Found Element By : By.xpath: //input[@value='查询(Q)']
2020/07/14 16:20:28:224  INFO com.sinosoft.test.base.TestBase:402 - clickButton:[[InternetExplorerDriver: internet explorer on WINDOWS (5cd438e8-c525-4104-8965-b382eb299100)] -> xpath: //input[@value='查询(Q)']]
2020/07/14 16:20:28:225 DEBUG com.sinosoft.test.base.TestBase:42 - Trying to click on: [[InternetExplorerDriver: internet explorer on WINDOWS (5cd438e8-c525-4104-8965-b382eb299100)] -> xpath: //input[@value='查询(Q)']]
2020/07/14 16:20:29:855 DEBUG com.sinosoft.test.base.TestBase:46 - Clicked on: [[InternetExplorerDriver: internet explorer on WINDOWS (5cd438e8-c525-4104-8965-b382eb299100)] -> xpath: //input[@value='查询(Q)']]
2020/07/14 16:20:29:855 DEBUG com.sinosoft.test.base.TestBase:76 - Trying to find Element By : By.name: codeselect
2020/07/14 16:20:30:159 DEBUG com.sinosoft.test.base.TestBase:80 - Found Element By : By.name: codeselect
2020/07/14 16:20:30:159  INFO com.sinosoft.test.base.TestBase:132 - setFuzzySelect:[[InternetExplorerDriver: internet explorer on WINDOWS (5cd438e8-c525-4104-8965-b382eb299100)] -> name: codeselect]->B
2020/07/14 16:20:30:718 DEBUG com.sinosoft.test.base.TestBase:76 - Trying to find Element By : By.tagName: option
2020/07/14 16:20:31:061 DEBUG com.sinosoft.test.base.TestBase:80 - Found Element By : By.tagName: option
2020/07/14 16:20:31:375  INFO com.sinosoft.test.base.TestBase:142 - 找到匹配【B】的选项：B
2020/07/14 16:20:31:376 DEBUG com.sinosoft.test.base.TestBase:76 - Trying to find Element By : By.xpath: .//option[normalize-space(.) = "B"]
2020/07/14 16:20:31:703 DEBUG com.sinosoft.test.base.TestBase:80 - Found Element By : By.xpath: .//option[normalize-space(.) = "B"]
2020/07/14 16:20:32:029 DEBUG com.sinosoft.test.base.TestBase:42 - Trying to click on: [[[[InternetExplorerDriver: internet explorer on WINDOWS (5cd438e8-c525-4104-8965-b382eb299100)] -> name: codeselect]] -> xpath: .//option[normalize-space(.) = "B"]]
2020/07/14 16:20:32:515 DEBUG com.sinosoft.test.base.TestBase:46 - Clicked on: [[[[InternetExplorerDriver: internet explorer on WINDOWS (5cd438e8-c525-4104-8965-b382eb299100)] -> name: codeselect]] -> xpath: .//option[normalize-space(.) = "B"]]
2020/07/14 16:20:32:515 DEBUG com.sinosoft.test.base.TestBase:151 - setFuzzySelect 结束！
2020/07/14 16:20:32:515 DEBUG com.sinosoft.test.base.TestBase:76 - Trying to find Element By : By.name: SelectIt
2020/07/14 16:20:32:803 DEBUG com.sinosoft.test.base.TestBase:80 - Found Element By : By.name: SelectIt
2020/07/14 16:20:32:803  INFO com.sinosoft.test.base.TestBase:416 - jsClickButton:[[InternetExplorerDriver: internet explorer on WINDOWS (5cd438e8-c525-4104-8965-b382eb299100)] -> name: SelectIt]
2020/07/14 16:20:32:803  INFO com.sinosoft.test.base.TestBase:144 - RunJavaScript:[[InternetExplorerDriver: internet explorer on WINDOWS (5cd438e8-c525-4104-8965-b382eb299100)] -> name: SelectIt]	arguments[0].click();
2020/07/14 16:20:33:651 DEBUG com.sinosoft.test.base.TestBase:272 - 系统窗口【黄河财险业务系统】with handle -749934cb-5900-47ac-a027-3a3ff34b9c4a
2020/07/14 16:20:36:405 DEBUG com.sinosoft.test.base.TestBase:49 - CodeSelect:设置完毕[[InternetExplorerDriver: internet explorer on WINDOWS (5cd438e8-c525-4104-8965-b382eb299100)] -> name: GuMainXsfInd] & Code=B
2020/07/14 16:20:36:405 DEBUG com.sinosoft.test.base.TestBase:76 - Trying to find Element By : By.name: GuMainAdjustRate
2020/07/14 16:20:36:491 DEBUG com.sinosoft.test.base.TestBase:80 - Found Element By : By.name: GuMainAdjustRate
2020/07/14 16:20:36:492  INFO com.sinosoft.test.base.TestBase:360 - setEditboxValue:[[InternetExplorerDriver: internet explorer on WINDOWS (5cd438e8-c525-4104-8965-b382eb299100)] -> name: GuMainAdjustRate]：2
2020/07/14 16:20:36:493 DEBUG com.sinosoft.test.base.TestBase:76 - Trying to find Element By : By.name: GuMainAdjustRate
2020/07/14 16:20:36:601 DEBUG com.sinosoft.test.base.TestBase:80 - Found Element By : By.name: GuMainAdjustRate
2020/07/14 16:20:36:989 DEBUG com.sinosoft.test.base.TestBase:76 - Trying to find Element By : By.name: GuMainAdjustRate
2020/07/14 16:20:37:111 DEBUG com.sinosoft.test.base.TestBase:80 - Found Element By : By.name: GuMainAdjustRate
2020/07/14 16:20:37:620 DEBUG com.sinosoft.test.base.TestBase:76 - Trying to find Element By : By.name: GuMainAdjustRate
2020/07/14 16:20:37:714 DEBUG com.sinosoft.test.base.TestBase:80 - Found Element By : By.name: GuMainAdjustRate
2020/07/14 16:20:37:714  INFO com.sinosoft.test.base.TestBase:363 - setEditboxValue—End:[[InternetExplorerDriver: internet explorer on WINDOWS (5cd438e8-c525-4104-8965-b382eb299100)] -> name: GuMainAdjustRate]：2
2020/07/14 16:20:37:714 DEBUG com.sinosoft.test.base.TestBase:76 - Trying to find Element By : By.id: saveButton
2020/07/14 16:20:37:813 DEBUG com.sinosoft.test.base.TestBase:80 - Found Element By : By.id: saveButton
2020/07/14 16:20:37:813  INFO com.sinosoft.test.base.TestBase:402 - clickButton:[[InternetExplorerDriver: internet explorer on WINDOWS (5cd438e8-c525-4104-8965-b382eb299100)] -> id: saveButton]
2020/07/14 16:20:37:813 DEBUG com.sinosoft.test.base.TestBase:76 - Trying to find Element By : By.id: saveButton
2020/07/14 16:20:37:931 DEBUG com.sinosoft.test.base.TestBase:80 - Found Element By : By.id: saveButton
2020/07/14 16:20:37:931 DEBUG com.sinosoft.test.base.TestBase:42 - Trying to click on: [[InternetExplorerDriver: internet explorer on WINDOWS (5cd438e8-c525-4104-8965-b382eb299100)] -> id: saveButton]
2020/07/14 16:20:40:619 DEBUG com.sinosoft.test.base.TestBase:46 - Clicked on: [[InternetExplorerDriver: internet explorer on WINDOWS (5cd438e8-c525-4104-8965-b382eb299100)] -> id: saveButton]
2020/07/14 16:20:41:433  INFO com.sinosoft.test.base.TestBase:51 - 开始点击提交复核按钮
2020/07/14 16:20:41:433 DEBUG com.sinosoft.test.base.TestBase:76 - Trying to find Element By : By.name: Save
2020/07/14 16:20:41:527 DEBUG com.sinosoft.test.base.TestBase:80 - Found Element By : By.name: Save
2020/07/14 16:20:41:527  INFO com.sinosoft.test.base.TestBase:416 - jsClickButton:[[InternetExplorerDriver: internet explorer on WINDOWS (5cd438e8-c525-4104-8965-b382eb299100)] -> name: Save]
2020/07/14 16:20:41:527 DEBUG com.sinosoft.test.base.TestBase:76 - Trying to find Element By : By.name: Save
2020/07/14 16:20:41:608 DEBUG com.sinosoft.test.base.TestBase:80 - Found Element By : By.name: Save
2020/07/14 16:20:41:608  INFO com.sinosoft.test.base.TestBase:144 - RunJavaScript:[[InternetExplorerDriver: internet explorer on WINDOWS (5cd438e8-c525-4104-8965-b382eb299100)] -> name: Save]	arguments[0].click();
2020/07/14 16:20:41:609 DEBUG com.sinosoft.test.base.TestBase:76 - Trying to find Element By : By.name: Save
2020/07/14 16:20:41:638 DEBUG com.sinosoft.test.base.TestBase:80 - Found Element By : By.name: Save
2020/07/14 16:20:51:657 DEBUG com.sinosoft.test.base.TestBase:66 - 系统自动捕获异常：Exception occured: org.openqa.selenium.WebDriverException: java.net.SocketTimeoutException: timeout
Build info: version: '3.9.0', revision: '698b3178f0', time: '2018-02-05T14:26:55.441Z'
System info: host: 'DESKTOP-I9S3ABE', ip: '100.100.99.142', os.name: 'Windows 10', os.arch: 'amd64', os.version: '10.0', java.version: '1.8.0_101'
Driver info: driver.version: EventFiringWebDriver
2020/07/14 16:20:51:658  INFO com.sinosoft.test.base.TestBase:68 - 异常的message 是：java.net.SocketTimeoutException: timeout
Build info: version: '3.9.0', revision: '698b3178f0', time: '2018-02-05T14:26:55.441Z'
System info: host: 'DESKTOP-I9S3ABE', ip: '100.100.99.142', os.name: 'Windows 10', os.arch: 'amd64', os.version: '10.0', java.version: '1.8.0_101'
Driver info: driver.version: EventFiringWebDriver
2020/07/14 16:20:51:658 ERROR com.sinosoft.test.base.TestBase:148 - org.openqa.selenium.WebDriverException: java.net.SocketTimeoutException: timeout
Build info: version: '3.9.0', revision: '698b3178f0', time: '2018-02-05T14:26:55.441Z'
System info: host: 'DESKTOP-I9S3ABE', ip: '100.100.99.142', os.name: 'Windows 10', os.arch: 'amd64', os.version: '10.0', java.version: '1.8.0_101'
Driver info: driver.version: EventFiringWebDriver
2020/07/14 16:20:51:658  INFO com.sinosoft.test.base.TestBase:53 - 点击复核完毕！
2020/07/14 16:20:57:436  INFO com.sinosoft.test.base.TestBase:55 - 返回的窗口标题：
2020/07/14 16:20:57:436 DEBUG com.sinosoft.test.base.TestBase:88 - 截屏文件名字是：FCCB_TB_JCX_1_提交复核结果
2020/07/14 16:20:57:583 DEBUG com.sinosoft.test.base.TestBase:69 - 初始化class com.sinosoft.test.fccp.tbcl.SubmitReviewResult
2020/07/14 16:20:58:194 DEBUG com.sinosoft.test.base.TestBase:76 - Trying to find Element By : By.name: GuProposalProposalNo
2020/07/14 16:21:00:285 DEBUG com.sinosoft.test.base.TestBase:66 - 系统自动捕获异常：Exception occured: org.openqa.selenium.NoSuchElementException: Unable to find element with css selector == *[name='GuProposalProposalNo']
For documentation on this error, please visit: http://seleniumhq.org/exceptions/no_such_element.html
Build info: version: '3.9.0', revision: '698b3178f0', time: '2018-02-05T14:26:55.441Z'
System info: host: 'DESKTOP-I9S3ABE', ip: '100.100.99.142', os.name: 'Windows 10', os.arch: 'amd64', os.version: '10.0', java.version: '1.8.0_101'
Driver info: org.openqa.selenium.ie.InternetExplorerDriver
Capabilities {acceptInsecureCerts: false, browserName: internet explorer, browserVersion: 11, javascriptEnabled: true, pageLoadStrategy: normal, platform: WINDOWS, platformName: WINDOWS, proxy: Proxy(), se:ieOptions: {browserAttachTimeout: 0, elementScrollBehavior: 0, enablePersistentHover: true, ie.browserCommandLineSwitches: , ie.ensureCleanSession: false, ie.fileUploadDialogTimeout: 3000, ie.forceCreateProcessApi: false, ignoreProtectedModeSettings: true, ignoreZoomSetting: false, initialBrowserUrl: http://localhost:38481/, nativeEvents: true, requireWindowFocus: false}, setWindowRect: true, timeouts: {implicit: 0, pageLoad: 300000, script: 30000}, unhandledPromptBehavior: ignore}
Session ID: 5cd438e8-c525-4104-8965-b382eb299100
*** Element info: {Using=name, value=GuProposalProposalNo}
2020/07/14 16:21:00:286  INFO com.sinosoft.test.base.TestBase:68 - 异常的message 是：Unable to find element with css selector == *[name='GuProposalProposalNo']
For documentation on this error, please visit: http://seleniumhq.org/exceptions/no_such_element.html
Build info: version: '3.9.0', revision: '698b3178f0', time: '2018-02-05T14:26:55.441Z'
System info: host: 'DESKTOP-I9S3ABE', ip: '100.100.99.142', os.name: 'Windows 10', os.arch: 'amd64', os.version: '10.0', java.version: '1.8.0_101'
Driver info: org.openqa.selenium.ie.InternetExplorerDriver
Capabilities {acceptInsecureCerts: false, browserName: internet explorer, browserVersion: 11, javascriptEnabled: true, pageLoadStrategy: normal, platform: WINDOWS, platformName: WINDOWS, proxy: Proxy(), se:ieOptions: {browserAttachTimeout: 0, elementScrollBehavior: 0, enablePersistentHover: true, ie.browserCommandLineSwitches: , ie.ensureCleanSession: false, ie.fileUploadDialogTimeout: 3000, ie.forceCreateProcessApi: false, ignoreProtectedModeSettings: true, ignoreZoomSetting: false, initialBrowserUrl: http://localhost:38481/, nativeEvents: true, requireWindowFocus: false}, setWindowRect: true, timeouts: {implicit: 0, pageLoad: 300000, script: 30000}, unhandledPromptBehavior: ignore}
Session ID: 5cd438e8-c525-4104-8965-b382eb299100
*** Element info: {Using=name, value=GuProposalProposalNo}
2020/07/14 16:21:00:293  INFO com.sinosoft.test.base.TestBase:129 - 执行测试用例发生了异常，开始截屏
org.openqa.selenium.NoSuchElementException: Unable to find element with css selector == *[name='GuProposalProposalNo']
For documentation on this error, please visit: http://seleniumhq.org/exceptions/no_such_element.html
Build info: version: '3.9.0', revision: '698b3178f0', time: '2018-02-05T14:26:55.441Z'
System info: host: 'DESKTOP-I9S3ABE', ip: '100.100.99.142', os.name: 'Windows 10', os.arch: 'amd64', os.version: '10.0', java.version: '1.8.0_101'
Driver info: org.openqa.selenium.ie.InternetExplorerDriver
Capabilities {acceptInsecureCerts: false, browserName: internet explorer, browserVersion: 11, javascriptEnabled: true, pageLoadStrategy: normal, platform: WINDOWS, platformName: WINDOWS, proxy: Proxy(), se:ieOptions: {browserAttachTimeout: 0, elementScrollBehavior: 0, enablePersistentHover: true, ie.browserCommandLineSwitches: , ie.ensureCleanSession: false, ie.fileUploadDialogTimeout: 3000, ie.forceCreateProcessApi: false, ignoreProtectedModeSettings: true, ignoreZoomSetting: false, initialBrowserUrl: http://localhost:38481/, nativeEvents: true, requireWindowFocus: false}, setWindowRect: true, timeouts: {implicit: 0, pageLoad: 300000, script: 30000}, unhandledPromptBehavior: ignore}
Session ID: 5cd438e8-c525-4104-8965-b382eb299100
*** Element info: {Using=name, value=GuProposalProposalNo}
	at sun.reflect.NativeConstructorAccessorImpl.newInstance0(Native Method)
	at sun.reflect.NativeConstructorAccessorImpl.newInstance(NativeConstructorAccessorImpl.java:62)
	at sun.reflect.DelegatingConstructorAccessorImpl.newInstance(DelegatingConstructorAccessorImpl.java:45)
	at java.lang.reflect.Constructor.newInstance(Constructor.java:423)
	at org.openqa.selenium.remote.http.W3CHttpResponseCodec.createException(W3CHttpResponseCodec.java:187)
	at org.openqa.selenium.remote.http.W3CHttpResponseCodec.decode(W3CHttpResponseCodec.java:122)
	at org.openqa.selenium.remote.http.W3CHttpResponseCodec.decode(W3CHttpResponseCodec.java:49)
	at org.openqa.selenium.remote.HttpCommandExecutor.execute(HttpCommandExecutor.java:160)
	at org.openqa.selenium.remote.service.DriverCommandExecutor.execute(DriverCommandExecutor.java:83)
	at org.openqa.selenium.remote.RemoteWebDriver.execute(RemoteWebDriver.java:601)
	at org.openqa.selenium.remote.RemoteWebDriver.findElement(RemoteWebDriver.java:371)
	at org.openqa.selenium.remote.RemoteWebDriver.findElementByName(RemoteWebDriver.java:449)
	at org.openqa.selenium.By$ByName.findElement(By.java:303)
	at org.openqa.selenium.remote.RemoteWebDriver.findElement(RemoteWebDriver.java:363)
	at sun.reflect.GeneratedMethodAccessor3.invoke(Unknown Source)
	at sun.reflect.DelegatingMethodAccessorImpl.invoke(DelegatingMethodAccessorImpl.java:43)
	at java.lang.reflect.Method.invoke(Method.java:498)
	at org.openqa.selenium.support.events.EventFiringWebDriver$2.invoke(EventFiringWebDriver.java:108)
	at com.sun.proxy.$Proxy8.findElement(Unknown Source)
	at org.openqa.selenium.support.events.EventFiringWebDriver.findElement(EventFiringWebDriver.java:192)
	at org.openqa.selenium.support.pagefactory.DefaultElementLocator.findElement(DefaultElementLocator.java:69)
	at org.openqa.selenium.support.pagefactory.internal.LocatingElementHandler.invoke(LocatingElementHandler.java:38)
	at com.sun.proxy.$Proxy12.findElement(Unknown Source)
	at com.sinosoft.test.fccp.tbcl.SubmitReviewResult.getFullResultText(SubmitReviewResult.java:32)
	at com.sinosoft.testcases.fccb.TBGLTestCase.FCCB_TBCL(TBGLTestCase.java:117)
	at sun.reflect.NativeMethodAccessorImpl.invoke0(Native Method)
	at sun.reflect.NativeMethodAccessorImpl.invoke(NativeMethodAccessorImpl.java:62)
	at sun.reflect.DelegatingMethodAccessorImpl.invoke(DelegatingMethodAccessorImpl.java:43)
	at java.lang.reflect.Method.invoke(Method.java:498)
	at org.testng.internal.MethodInvocationHelper.invokeMethod(MethodInvocationHelper.java:108)
	at org.testng.internal.Invoker.invokeMethod(Invoker.java:661)
	at org.testng.internal.Invoker.invokeTestMethod(Invoker.java:869)
	at org.testng.internal.Invoker.invokeTestMethods(Invoker.java:1193)
	at org.testng.internal.TestMethodWorker.invokeTestMethods(TestMethodWorker.java:126)
	at org.testng.internal.TestMethodWorker.run(TestMethodWorker.java:109)
	at org.testng.TestRunner.privateRun(TestRunner.java:744)
	at org.testng.TestRunner.run(TestRunner.java:602)
	at org.testng.SuiteRunner.runTest(SuiteRunner.java:380)
	at org.testng.SuiteRunner.runSequentially(SuiteRunner.java:375)
	at org.testng.SuiteRunner.privateRun(SuiteRunner.java:340)
	at org.testng.SuiteRunner.run(SuiteRunner.java:289)
	at org.testng.SuiteRunnerWorker.runSuite(SuiteRunnerWorker.java:52)
	at org.testng.SuiteRunnerWorker.run(SuiteRunnerWorker.java:86)
	at org.testng.TestNG.runSuitesSequentially(TestNG.java:1301)
	at org.testng.TestNG.runSuitesLocally(TestNG.java:1226)
	at org.testng.TestNG.runSuites(TestNG.java:1144)
	at org.testng.TestNG.run(TestNG.java:1115)
	at org.apache.maven.surefire.testng.TestNGExecutor.run(TestNGExecutor.java:283)
	at org.apache.maven.surefire.testng.TestNGXmlTestSuite.execute(TestNGXmlTestSuite.java:75)
	at org.apache.maven.surefire.testng.TestNGProvider.invoke(TestNGProvider.java:120)
	at org.apache.maven.surefire.booter.ForkedBooter.invokeProviderInSameClassLoader(ForkedBooter.java:384)
	at org.apache.maven.surefire.booter.ForkedBooter.runSuitesInProcess(ForkedBooter.java:345)
	at org.apache.maven.surefire.booter.ForkedBooter.execute(ForkedBooter.java:126)
	at org.apache.maven.surefire.booter.ForkedBooter.main(ForkedBooter.java:418)
2020/07/14 16:21:00:295 DEBUG com.sinosoft.test.base.TestBase:88 - 截屏文件名字是：FCCB_TB_JCX_1_异常截屏
2020/07/14 16:21:00:458  INFO com.sinosoft.test.base.TestBase:133 - 执行测试用例发生了异常，截屏结束！
2020/07/14 16:21:00:461  INFO com.sinosoft.test.base.TestBase:136 - 进入Finally事件:RowID:2
2020/07/14 16:21:00:462  INFO com.sinosoft.test.base.TestBase:137 - 进入Finally事件:testCaseName:FCCB_TBCL
2020/07/14 16:21:00:463  INFO com.sinosoft.test.base.TestBase:138 - 进入Finally事件:proposalNumber:06201900101202000000000084
2020/07/14 16:21:00:464  INFO com.sinosoft.test.base.TestBase:139 - 进入Finally事件:message:未知异常Unable to find element with css selector == *[name='GuProposalProposalNo']
For documentation on this error, please visit: http://seleniumhq.org/exceptions/no_such_element.html
Build info: version: '3.9.0', revision: '698b3178f0', time: '2018-02-05T14:26:55.441Z'
System info: host: 'DESKTOP-I9S3ABE', ip: '100.100.99.142', os.name: 'Windows 10', os.arch: 'amd64', os.version: '10.0', java.version: '1.8.0_101'
Driver info: org.openqa.selenium.ie.InternetExplorerDriver
Capabilities {acceptInsecureCerts: false, browserName: internet explorer, browserVersion: 11, javascriptEnabled: true, pageLoadStrategy: normal, platform: WINDOWS, platformName: WINDOWS, proxy: Proxy(), se:ieOptions: {browserAttachTimeout: 0, elementScrollBehavior: 0, enablePersistentHover: true, ie.browserCommandLineSwitches: , ie.ensureCleanSession: false, ie.fileUploadDialogTimeout: 3000, ie.forceCreateProcessApi: false, ignoreProtectedModeSettings: true, ignoreZoomSetting: false, initialBrowserUrl: http://localhost:38481/, nativeEvents: true, requireWindowFocus: false}, setWindowRect: true, timeouts: {implicit: 0, pageLoad: 300000, script: 30000}, unhandledPromptBehavior: ignore}
Session ID: 5cd438e8-c525-4104-8965-b382eb299100
*** Element info: {Using=name, value=GuProposalProposalNo}
2020/07/14 16:21:00:465  INFO com.sinosoft.test.base.TestBase:140 - 进入Finally事件:screenshot:C:\Users\liu-b\git\PageObjectModel\screenshots\FCCB_TB_JCX_1_异常截屏_20200714042100450.png
2020/07/14 16:21:01:277 DEBUG freemarker.cache:45 - Couldn't find template in cache for "index.ftl"("en", UTF-8, parsed); will try to load it.
2020/07/14 16:21:01:279 DEBUG freemarker.cache:45 - TemplateLoader.findTemplateSource("index_en.ftl"): Not found
2020/07/14 16:21:01:282 DEBUG freemarker.cache:45 - TemplateLoader.findTemplateSource("index.ftl"): Found
2020/07/14 16:21:01:283 DEBUG freemarker.cache:45 - Loading template for "index.ftl"("en", UTF-8, parsed) from "jar:file:/C:/Users/liu-b/.m2/repository/com/aventstack/extentreports/3.1.3/extentreports-3.1.3.jar!/com/aventstack/extentreports/view/html-report/index.ftl"
2020/07/14 16:21:01:676 DEBUG freemarker.cache:45 - Couldn't find template in cache for "head.ftl"("en", UTF-8, parsed); will try to load it.
2020/07/14 16:21:01:676 DEBUG freemarker.cache:45 - TemplateLoader.findTemplateSource("head_en.ftl"): Not found
2020/07/14 16:21:01:677 DEBUG freemarker.cache:45 - TemplateLoader.findTemplateSource("head.ftl"): Found
2020/07/14 16:21:01:677 DEBUG freemarker.cache:45 - Loading template for "head.ftl"("en", UTF-8, parsed) from "jar:file:/C:/Users/liu-b/.m2/repository/com/aventstack/extentreports/3.1.3/extentreports-3.1.3.jar!/com/aventstack/extentreports/view/html-report/head.ftl"
2020/07/14 16:21:01:681 DEBUG freemarker.cache:45 - Couldn't find template in cache for "nav.ftl"("en", UTF-8, parsed); will try to load it.
2020/07/14 16:21:01:682 DEBUG freemarker.cache:45 - TemplateLoader.findTemplateSource("nav_en.ftl"): Not found
2020/07/14 16:21:01:683 DEBUG freemarker.cache:45 - TemplateLoader.findTemplateSource("nav.ftl"): Found
2020/07/14 16:21:01:683 DEBUG freemarker.cache:45 - Loading template for "nav.ftl"("en", UTF-8, parsed) from "jar:file:/C:/Users/liu-b/.m2/repository/com/aventstack/extentreports/3.1.3/extentreports-3.1.3.jar!/com/aventstack/extentreports/view/html-report/nav.ftl"
2020/07/14 16:21:01:699 DEBUG freemarker.cache:45 - Couldn't find template in cache for "test-view/test-view.ftl"("en", UTF-8, parsed); will try to load it.
2020/07/14 16:21:01:700 DEBUG freemarker.cache:45 - TemplateLoader.findTemplateSource("test-view/test-view_en.ftl"): Not found
2020/07/14 16:21:01:701 DEBUG freemarker.cache:45 - TemplateLoader.findTemplateSource("test-view/test-view.ftl"): Found
2020/07/14 16:21:01:702 DEBUG freemarker.cache:45 - Loading template for "test-view/test-view.ftl"("en", UTF-8, parsed) from "jar:file:/C:/Users/liu-b/.m2/repository/com/aventstack/extentreports/3.1.3/extentreports-3.1.3.jar!/com/aventstack/extentreports/view/html-report/test-view/test-view.ftl"
2020/07/14 16:21:01:715 DEBUG freemarker.cache:45 - Couldn't find template in cache for "test-view/test-view-charts.ftl"("en", UTF-8, parsed); will try to load it.
2020/07/14 16:21:01:716 DEBUG freemarker.cache:45 - TemplateLoader.findTemplateSource("test-view/test-view-charts_en.ftl"): Not found
2020/07/14 16:21:01:717 DEBUG freemarker.cache:45 - TemplateLoader.findTemplateSource("test-view/test-view-charts.ftl"): Found
2020/07/14 16:21:01:717 DEBUG freemarker.cache:45 - Loading template for "test-view/test-view-charts.ftl"("en", UTF-8, parsed) from "jar:file:/C:/Users/liu-b/.m2/repository/com/aventstack/extentreports/3.1.3/extentreports-3.1.3.jar!/com/aventstack/extentreports/view/html-report/test-view/test-view-charts.ftl"
2020/07/14 16:21:01:744 DEBUG freemarker.cache:45 - Couldn't find template in cache for "test-view/standard.ftl"("en", UTF-8, parsed); will try to load it.
2020/07/14 16:21:01:744 DEBUG freemarker.cache:45 - TemplateLoader.findTemplateSource("test-view/standard_en.ftl"): Not found
2020/07/14 16:21:01:745 DEBUG freemarker.cache:45 - TemplateLoader.findTemplateSource("test-view/standard.ftl"): Found
2020/07/14 16:21:01:745 DEBUG freemarker.cache:45 - Loading template for "test-view/standard.ftl"("en", UTF-8, parsed) from "jar:file:/C:/Users/liu-b/.m2/repository/com/aventstack/extentreports/3.1.3/extentreports-3.1.3.jar!/com/aventstack/extentreports/view/html-report/test-view/standard.ftl"
2020/07/14 16:21:01:776 DEBUG freemarker.cache:45 - Couldn't find template in cache for "category-view/category-view.ftl"("en", UTF-8, parsed); will try to load it.
2020/07/14 16:21:01:777 DEBUG freemarker.cache:45 - TemplateLoader.findTemplateSource("category-view/category-view_en.ftl"): Not found
2020/07/14 16:21:01:777 DEBUG freemarker.cache:45 - TemplateLoader.findTemplateSource("category-view/category-view.ftl"): Found
2020/07/14 16:21:01:778 DEBUG freemarker.cache:45 - Loading template for "category-view/category-view.ftl"("en", UTF-8, parsed) from "jar:file:/C:/Users/liu-b/.m2/repository/com/aventstack/extentreports/3.1.3/extentreports-3.1.3.jar!/com/aventstack/extentreports/view/html-report/category-view/category-view.ftl"
2020/07/14 16:21:01:784 DEBUG freemarker.cache:45 - Couldn't find template in cache for "author-view/author-view.ftl"("en", UTF-8, parsed); will try to load it.
2020/07/14 16:21:01:784 DEBUG freemarker.cache:45 - TemplateLoader.findTemplateSource("author-view/author-view_en.ftl"): Not found
2020/07/14 16:21:01:785 DEBUG freemarker.cache:45 - TemplateLoader.findTemplateSource("author-view/author-view.ftl"): Found
2020/07/14 16:21:01:787 DEBUG freemarker.cache:45 - Loading template for "author-view/author-view.ftl"("en", UTF-8, parsed) from "jar:file:/C:/Users/liu-b/.m2/repository/com/aventstack/extentreports/3.1.3/extentreports-3.1.3.jar!/com/aventstack/extentreports/view/html-report/author-view/author-view.ftl"
2020/07/14 16:21:01:797 DEBUG freemarker.cache:45 - Couldn't find template in cache for "exception-view/exception-view.ftl"("en", UTF-8, parsed); will try to load it.
2020/07/14 16:21:01:798 DEBUG freemarker.cache:45 - TemplateLoader.findTemplateSource("exception-view/exception-view_en.ftl"): Not found
2020/07/14 16:21:01:799 DEBUG freemarker.cache:45 - TemplateLoader.findTemplateSource("exception-view/exception-view.ftl"): Found
2020/07/14 16:21:01:799 DEBUG freemarker.cache:45 - Loading template for "exception-view/exception-view.ftl"("en", UTF-8, parsed) from "jar:file:/C:/Users/liu-b/.m2/repository/com/aventstack/extentreports/3.1.3/extentreports-3.1.3.jar!/com/aventstack/extentreports/view/html-report/exception-view/exception-view.ftl"
2020/07/14 16:21:01:813 DEBUG freemarker.cache:45 - Couldn't find template in cache for "dashboard-view/dashboard-view.ftl"("en", UTF-8, parsed); will try to load it.
2020/07/14 16:21:01:813 DEBUG freemarker.cache:45 - TemplateLoader.findTemplateSource("dashboard-view/dashboard-view_en.ftl"): Not found
2020/07/14 16:21:01:814 DEBUG freemarker.cache:45 - TemplateLoader.findTemplateSource("dashboard-view/dashboard-view.ftl"): Found
2020/07/14 16:21:01:815 DEBUG freemarker.cache:45 - Loading template for "dashboard-view/dashboard-view.ftl"("en", UTF-8, parsed) from "jar:file:/C:/Users/liu-b/.m2/repository/com/aventstack/extentreports/3.1.3/extentreports-3.1.3.jar!/com/aventstack/extentreports/view/html-report/dashboard-view/dashboard-view.ftl"
2020/07/14 16:21:01:825 DEBUG freemarker.cache:45 - Couldn't find template in cache for "logs-view/testrunner-logs-view.ftl"("en", UTF-8, parsed); will try to load it.
2020/07/14 16:21:01:826 DEBUG freemarker.cache:45 - TemplateLoader.findTemplateSource("logs-view/testrunner-logs-view_en.ftl"): Not found
2020/07/14 16:21:01:828 DEBUG freemarker.cache:45 - TemplateLoader.findTemplateSource("logs-view/testrunner-logs-view.ftl"): Found
2020/07/14 16:21:01:828 DEBUG freemarker.cache:45 - Loading template for "logs-view/testrunner-logs-view.ftl"("en", UTF-8, parsed) from "jar:file:/C:/Users/liu-b/.m2/repository/com/aventstack/extentreports/3.1.3/extentreports-3.1.3.jar!/com/aventstack/extentreports/view/html-report/logs-view/testrunner-logs-view.ftl"
2020/07/14 17:40:19:074  INFO com.sinosoft.test.base.TestBase:59 - 配置文件路径：config.properties
2020/07/14 17:40:19:083 DEBUG com.sinosoft.test.base.TestBase:69 - 初始化class com.sinosoft.testcases.fccb.TBGLTestCase
2020/07/14 17:40:19:189 DEBUG com.sinosoft.test.base.TestBase:69 - 初始化class com.sinosoft.test.util.ExcelDataProvider
2020/07/14 17:40:20:335  INFO com.sinosoft.test.base.TestBase:80 - 当前文件里面一共有数据：4
2020/07/14 17:40:20:385  INFO com.sinosoft.test.base.TestBase:91 - start InternetExplorerDriver
2020/07/14 17:40:23:932 DEBUG com.sinosoft.test.base.TestBase:69 - 初始化class com.sinosoft.test.util.WebEventListener
2020/07/14 17:40:23:954  INFO com.sinosoft.test.base.TestBase:83 - 开始运行测试脚本，获取到的测试数据《getTBCLTestData》如下:
2020/07/14 17:40:23:955  INFO com.sinosoft.test.base.TestBase:84 - ROW_ID=2
ProcessFlag=Y
TestCaseName=FCCB_TB_JCX
TestCaseSeq=1
TestDescription=非车承保企财险-财产基本险-出单
riskClass=01
riskCode=0101
renewalInd=0
renewalPolicy=
prePay=
carrayOver=
carrayOverPolicy=
relatedInd=
relatedPolicy=
fbbs=
ywgs=01620190
qdlx=01
gdbs=0
xstd=T6201900101
ywy=S000000006
ywly=01010101
dljg=
xsxy=
cxywbs=HXXT
cdjg=
htzyjjfs=
jnwbz=
jw_country=
jw_Addr=
snbz=
sftkbd=0
sfdzbd=0
sfxb=0
fxqkyjytz=
sfydyw=
sfsn=
xbbdh=
tbr_lx=2
tbr_mc=
tbr_vip=
tbr_dm=G6200019984
tbr_zjlx=
tbr_zjhm=
tbr_sj=
tbr_csrq=
tbr_lxdz=
tbr_dwdh=010-67549095-456
lxr_xm=
lxr_xb=
lxr_zw=
lxr_sj=
lxr_yx=
xzsyfw=1
tqmc=
qbrq=
zbrq=
lgbbz=1
yyzdbz=1
sfgxdm=1
cbdq=
zzfwlx=0
hydl=12
hyxl=12006
jqbm=121121123123
bbdm=CNY
sf=130000
cs=130300
qx=130302
yb=065201
jzdj=01
bxcs=北戴河公园
bdw_jd=金融街街道
bdw_yyxz=
bdw_sfhyf=
bdw_fxlx=
bdw_sbmc=
bdw_cjh=
bdw_fdjh=
bdw_cjdjrq=
bdw_cllx=
bdw_cpcx=
bdw_sccj=
bdw_gzjz=
bdw_sgzyqy=
bdw_zylx=
bdw=010001
bdwmx=碣石公园礁石群
xbdm=0101001
jrbe=1
jzfs=10
bxje=2000000
bffl=0.5
dqflbz=2
ysbf=400
yyzd_zdpcg=24
yyzd_sndmlrze=6000000
yyzd_sndyye=20000000
yyzd_bdw=010056
yyzd_bdwmx=
yyzd_xbdm=0105001
yyzd_jrbe=1
yyzd_jzfs=18
yyzd_bxje=200000
yyzd_bffl=3
yyzd_dqflbz=3
yyzd_ysbf=4000
fsh=6
xsfdj=B
xsfxs=2
jgx_sf=
jgx_cs=
jgx_qx=
jgx_gcdd=
jgx_bb=
jgx_gcmc=
jgx_gclx_1=
jgx_gclx_2=
jgx_gclx_3=
jgx_gclx_4=
jgx_gclx_5=
jgx_gclx_6=
jgx_yzssjt=
jgx_yz=
jgx_cbs_ssjt=
jgx_cbs=
jgx_gchth=
jgx_gcjz=
jgx_gcqsrq=
jgx_gczzrq=
jgx_gcfw=
jgx_scqqsrq=
jgx_scqzzrq=
jgx_bzqqsrq=
jgx_bzqzzrq=
jgx_ws_xmlbdm=
jgx_ws_jrbe=
jgx_ws_bxje=
jgx_ws_fl=
jgx_ws_dqflbz=
jgx_ws_ysbf=
jgx_sz_xbdm=
jgx_sz_jrbe=
jgx_sz_ljpcxe=
jgx_sz_fv=
jgx_sz_dqflbz=
jgx_sz_ysbf=
proposalNumber=06201900101202000000000084
message=未知异常Unable to find element with css selector == *[name='GuProposalProposalNo']
For documentation on this error, please visit: http://seleniumhq.org/exceptions/no_such_element.html
Build info: version: '3.9.0', revision: '698b3178f0', time: '2018-02-05T14:26:55.441Z'
System info: host: 'DESKTOP-I9S3ABE', ip: '100.100.99.142', os.name: 'Windows 10', os.arch: 'amd64', os.version: '10.0', java.version: '1.8.0_101'
Driver info: org.openqa.selenium.ie.InternetExplorerDriver
Capabilities {acceptInsecureCerts: false, browserName: internet explorer, browserVersion: 11, javascriptEnabled: true, pageLoadStrategy: normal, platform: WINDOWS, platformName: WINDOWS, proxy: Proxy(), se:ieOptions: {browserAttachTimeout: 0, elementScrollBehavior: 0, enablePersistentHover: true, ie.browserCommandLineSwitches: , ie.ensureCleanSession: false, ie.fileUploadDialogTimeout: 3000, ie.forceCreateProcessApi: false, ignoreProtectedModeSettings: true, ignoreZoomSetting: false, initialBrowserUrl: http://localhost:38481/, nativeEvents: true, requireWindowFocus: false}, setWindowRect: true, timeouts: {implicit: 0, pageLoad: 300000, script: 30000}, unhandledPromptBehavior: ignore}
Session ID: 5cd438e8-c525-4104-8965-b382eb299100
*** Element info: {Using=name, value=GuProposalProposalNo}
screenshot=C:\Users\liu-b\git\PageObjectModel\screenshots\FCCB_TB_JCX_1_异常截屏_20200714042100450.png
testCaseName=FCCB_TBCL

2020/07/14 17:40:23:960 DEBUG com.sinosoft.test.base.TestBase:69 - 初始化class com.sinosoft.test.fccp.common.LoginPage
2020/07/14 17:40:28:998 DEBUG com.sinosoft.test.base.TestBase:26 - Before navigating to: 'http://tvfchxyw.ypic.cn'
2020/07/14 17:40:29:696 DEBUG com.sinosoft.test.base.TestBase:30 - Navigated to:'http://tvfchxyw.ypic.cn'
2020/07/14 17:40:29:697 DEBUG com.sinosoft.test.base.TestBase:76 - Trying to find Element By : By.id: username
2020/07/14 17:40:29:995 DEBUG com.sinosoft.test.base.TestBase:80 - Found Element By : By.id: username
2020/07/14 17:40:30:001  INFO com.sinosoft.test.base.TestBase:360 - setEditboxValue:[[InternetExplorerDriver: internet explorer on WINDOWS (ee28855a-1695-446b-b49e-2ad700ef2972)] -> id: username]：policy1@ypic
2020/07/14 17:40:30:002 DEBUG com.sinosoft.test.base.TestBase:76 - Trying to find Element By : By.id: username
2020/07/14 17:40:30:262 DEBUG com.sinosoft.test.base.TestBase:80 - Found Element By : By.id: username
2020/07/14 17:40:30:804 DEBUG com.sinosoft.test.base.TestBase:76 - Trying to find Element By : By.id: username
2020/07/14 17:40:31:100 DEBUG com.sinosoft.test.base.TestBase:80 - Found Element By : By.id: username
2020/07/14 17:40:31:786 DEBUG com.sinosoft.test.base.TestBase:76 - Trying to find Element By : By.id: username
2020/07/14 17:40:32:086 DEBUG com.sinosoft.test.base.TestBase:80 - Found Element By : By.id: username
2020/07/14 17:40:32:087  INFO com.sinosoft.test.base.TestBase:363 - setEditboxValue—End:[[InternetExplorerDriver: internet explorer on WINDOWS (ee28855a-1695-446b-b49e-2ad700ef2972)] -> id: username]：policy1@ypic
2020/07/14 17:40:32:087 DEBUG com.sinosoft.test.base.TestBase:76 - Trying to find Element By : By.id: password
2020/07/14 17:40:32:360 DEBUG com.sinosoft.test.base.TestBase:80 - Found Element By : By.id: password
2020/07/14 17:40:32:361  INFO com.sinosoft.test.base.TestBase:360 - setEditboxValue:[[InternetExplorerDriver: internet explorer on WINDOWS (ee28855a-1695-446b-b49e-2ad700ef2972)] -> id: password]：ypic@1234
2020/07/14 17:40:32:362 DEBUG com.sinosoft.test.base.TestBase:76 - Trying to find Element By : By.id: password
2020/07/14 17:40:32:612 DEBUG com.sinosoft.test.base.TestBase:80 - Found Element By : By.id: password
2020/07/14 17:40:33:119 DEBUG com.sinosoft.test.base.TestBase:76 - Trying to find Element By : By.id: password
2020/07/14 17:40:33:378 DEBUG com.sinosoft.test.base.TestBase:80 - Found Element By : By.id: password
2020/07/14 17:40:33:947 DEBUG com.sinosoft.test.base.TestBase:76 - Trying to find Element By : By.id: password
2020/07/14 17:40:34:307 DEBUG com.sinosoft.test.base.TestBase:80 - Found Element By : By.id: password
2020/07/14 17:40:34:308  INFO com.sinosoft.test.base.TestBase:363 - setEditboxValue—End:[[InternetExplorerDriver: internet explorer on WINDOWS (ee28855a-1695-446b-b49e-2ad700ef2972)] -> id: password]：ypic@1234
2020/07/14 17:40:34:309 DEBUG com.sinosoft.test.base.TestBase:76 - Trying to find Element By : By.id: bt_submit
2020/07/14 17:40:34:626 DEBUG com.sinosoft.test.base.TestBase:80 - Found Element By : By.id: bt_submit
2020/07/14 17:40:34:627  INFO com.sinosoft.test.base.TestBase:402 - clickButton:[[InternetExplorerDriver: internet explorer on WINDOWS (ee28855a-1695-446b-b49e-2ad700ef2972)] -> id: bt_submit]
2020/07/14 17:40:34:628 DEBUG com.sinosoft.test.base.TestBase:76 - Trying to find Element By : By.id: bt_submit
2020/07/14 17:40:34:959 DEBUG com.sinosoft.test.base.TestBase:80 - Found Element By : By.id: bt_submit
2020/07/14 17:40:34:960 DEBUG com.sinosoft.test.base.TestBase:42 - Trying to click on: [[InternetExplorerDriver: internet explorer on WINDOWS (ee28855a-1695-446b-b49e-2ad700ef2972)] -> id: bt_submit]
2020/07/14 17:40:37:591 DEBUG com.sinosoft.test.base.TestBase:46 - Clicked on: [[InternetExplorerDriver: internet explorer on WINDOWS (ee28855a-1695-446b-b49e-2ad700ef2972)] -> id: bt_submit]
2020/07/14 17:40:37:599 DEBUG com.sinosoft.test.base.TestBase:76 - Trying to find Element By : By.xpath: //input[@value='继续登录']
2020/07/14 17:40:39:915 DEBUG com.sinosoft.test.base.TestBase:66 - 系统自动捕获异常：Exception occured: org.openqa.selenium.NoSuchElementException: Unable to find element with xpath == //input[@value='继续登录']
For documentation on this error, please visit: http://seleniumhq.org/exceptions/no_such_element.html
Build info: version: '3.9.0', revision: '698b3178f0', time: '2018-02-05T14:26:55.441Z'
System info: host: 'DESKTOP-I9S3ABE', ip: '100.100.99.142', os.name: 'Windows 10', os.arch: 'amd64', os.version: '10.0', java.version: '1.8.0_101'
Driver info: org.openqa.selenium.ie.InternetExplorerDriver
Capabilities {acceptInsecureCerts: false, browserName: internet explorer, browserVersion: 11, javascriptEnabled: true, pageLoadStrategy: normal, platform: WINDOWS, platformName: WINDOWS, proxy: Proxy(), se:ieOptions: {browserAttachTimeout: 0, elementScrollBehavior: 0, enablePersistentHover: true, ie.browserCommandLineSwitches: , ie.ensureCleanSession: false, ie.fileUploadDialogTimeout: 3000, ie.forceCreateProcessApi: false, ignoreProtectedModeSettings: true, ignoreZoomSetting: false, initialBrowserUrl: http://localhost:18257/, nativeEvents: true, requireWindowFocus: false}, setWindowRect: true, timeouts: {implicit: 0, pageLoad: 300000, script: 30000}, unhandledPromptBehavior: ignore}
Session ID: ee28855a-1695-446b-b49e-2ad700ef2972
*** Element info: {Using=xpath, value=//input[@value='继续登录']}
2020/07/14 17:40:39:919  INFO com.sinosoft.test.base.TestBase:68 - 异常的message 是：Unable to find element with xpath == //input[@value='继续登录']
For documentation on this error, please visit: http://seleniumhq.org/exceptions/no_such_element.html
Build info: version: '3.9.0', revision: '698b3178f0', time: '2018-02-05T14:26:55.441Z'
System info: host: 'DESKTOP-I9S3ABE', ip: '100.100.99.142', os.name: 'Windows 10', os.arch: 'amd64', os.version: '10.0', java.version: '1.8.0_101'
Driver info: org.openqa.selenium.ie.InternetExplorerDriver
Capabilities {acceptInsecureCerts: false, browserName: internet explorer, browserVersion: 11, javascriptEnabled: true, pageLoadStrategy: normal, platform: WINDOWS, platformName: WINDOWS, proxy: Proxy(), se:ieOptions: {browserAttachTimeout: 0, elementScrollBehavior: 0, enablePersistentHover: true, ie.browserCommandLineSwitches: , ie.ensureCleanSession: false, ie.fileUploadDialogTimeout: 3000, ie.forceCreateProcessApi: false, ignoreProtectedModeSettings: true, ignoreZoomSetting: false, initialBrowserUrl: http://localhost:18257/, nativeEvents: true, requireWindowFocus: false}, setWindowRect: true, timeouts: {implicit: 0, pageLoad: 300000, script: 30000}, unhandledPromptBehavior: ignore}
Session ID: ee28855a-1695-446b-b49e-2ad700ef2972
*** Element info: {Using=xpath, value=//input[@value='继续登录']}
2020/07/14 17:40:39:924  INFO com.sinosoft.test.base.TestBase:198 - 没有找到页面元素:By.xpath: //input[@value='继续登录'] - 错误信息Expected condition failed: waiting for com.sinosoft.test.base.TestBase$1@561868a0 (tried for 2 second(s) with 500 MILLISECONDS interval)
2020/07/14 17:40:39:925  INFO com.sinosoft.test.base.TestBase:77 - 常规登录，没有继续登录按钮
2020/07/14 17:40:39:926 DEBUG com.sinosoft.test.base.TestBase:69 - 初始化class com.sinosoft.test.fccp.common.HomePage
2020/07/14 17:40:40:840 DEBUG com.sinosoft.test.base.TestBase:76 - Trying to find Element By : By.linkText: 承保子系统
2020/07/14 17:40:40:914 DEBUG com.sinosoft.test.base.TestBase:80 - Found Element By : By.linkText: 承保子系统
2020/07/14 17:40:40:917  INFO com.sinosoft.test.base.TestBase:144 - RunJavaScript:[[InternetExplorerDriver: internet explorer on WINDOWS (ee28855a-1695-446b-b49e-2ad700ef2972)] -> link text: 承保子系统]	arguments[0].click();
2020/07/14 17:40:41:496 DEBUG com.sinosoft.test.base.TestBase:76 - Trying to find Element By : By.linkText: 投保管理
2020/07/14 17:40:41:581 DEBUG com.sinosoft.test.base.TestBase:80 - Found Element By : By.linkText: 投保管理
2020/07/14 17:40:41:585  INFO com.sinosoft.test.base.TestBase:144 - RunJavaScript:[[InternetExplorerDriver: internet explorer on WINDOWS (ee28855a-1695-446b-b49e-2ad700ef2972)] -> link text: 投保管理]	arguments[0].click();
2020/07/14 17:40:41:915 DEBUG com.sinosoft.test.base.TestBase:76 - Trying to find Element By : By.linkText: 投保处理
2020/07/14 17:40:42:004 DEBUG com.sinosoft.test.base.TestBase:80 - Found Element By : By.linkText: 投保处理
2020/07/14 17:40:42:005  INFO com.sinosoft.test.base.TestBase:144 - RunJavaScript:[[InternetExplorerDriver: internet explorer on WINDOWS (ee28855a-1695-446b-b49e-2ad700ef2972)] -> link text: 投保处理]	arguments[0].click();
2020/07/14 17:40:42:272 DEBUG com.sinosoft.test.base.TestBase:69 - 初始化class com.sinosoft.test.fccp.tbcl.RiskSelectPage
2020/07/14 17:40:43:139 DEBUG com.sinosoft.test.base.TestBase:93 - 投保处理/险种选择
2020/07/14 17:40:43:142 DEBUG com.sinosoft.test.base.TestBase:76 - Trying to find Element By : By.name: riskClassTemp
2020/07/14 17:40:43:239 DEBUG com.sinosoft.test.base.TestBase:80 - Found Element By : By.name: riskClassTemp
2020/07/14 17:40:43:306 DEBUG com.sinosoft.test.base.TestBase:76 - Trying to find Element By : By.name: riskClassTemp
2020/07/14 17:40:43:390 DEBUG com.sinosoft.test.base.TestBase:80 - Found Element By : By.name: riskClassTemp
2020/07/14 17:40:43:391 DEBUG com.sinosoft.test.base.TestBase:63 - SetCodeEditBox:开始设置:[[InternetExplorerDriver: internet explorer on WINDOWS (ee28855a-1695-446b-b49e-2ad700ef2972)] -> name: riskClassTemp] & Code=01
2020/07/14 17:40:43:391 DEBUG com.sinosoft.test.base.TestBase:76 - Trying to find Element By : By.name: riskClassTemp
2020/07/14 17:40:43:490 DEBUG com.sinosoft.test.base.TestBase:80 - Found Element By : By.name: riskClassTemp
2020/07/14 17:40:43:953 DEBUG com.sinosoft.test.base.TestBase:76 - Trying to find Element By : By.name: riskClassTemp
2020/07/14 17:40:44:041 DEBUG com.sinosoft.test.base.TestBase:80 - Found Element By : By.name: riskClassTemp
2020/07/14 17:40:44:639 DEBUG com.sinosoft.test.base.TestBase:76 - Trying to find Element By : By.name: riskClassTemp
2020/07/14 17:40:44:717 DEBUG com.sinosoft.test.base.TestBase:80 - Found Element By : By.name: riskClassTemp
2020/07/14 17:40:44:717 DEBUG com.sinosoft.test.base.TestBase:76 - Trying to find Element By : By.xpath: ../input[last()]
2020/07/14 17:40:44:812 DEBUG com.sinosoft.test.base.TestBase:80 - Found Element By : By.xpath: ../input[last()]
2020/07/14 17:40:45:090  INFO com.sinosoft.test.base.TestBase:71 - SetCodeEditBox:找到了Code对应的文本显示框并点击触发显示:riskClassName
2020/07/14 17:40:45:092 DEBUG com.sinosoft.test.base.TestBase:42 - Trying to click on: [[[[InternetExplorerDriver: internet explorer on WINDOWS (ee28855a-1695-446b-b49e-2ad700ef2972)] -> name: riskClassTemp]] -> xpath: ../input[last()]]
2020/07/14 17:40:46:214 DEBUG com.sinosoft.test.base.TestBase:46 - Clicked on: [[[[InternetExplorerDriver: internet explorer on WINDOWS (ee28855a-1695-446b-b49e-2ad700ef2972)] -> name: riskClassTemp]] -> xpath: ../input[last()]]
2020/07/14 17:40:46:416 DEBUG com.sinosoft.test.base.TestBase:76 - Trying to find Element By : By.name: riskClassTemp
2020/07/14 17:40:46:606 DEBUG com.sinosoft.test.base.TestBase:80 - Found Element By : By.name: riskClassTemp
2020/07/14 17:40:46:608 DEBUG com.sinosoft.test.base.TestBase:87 - SetCodeEditBox:设置完毕[[InternetExplorerDriver: internet explorer on WINDOWS (ee28855a-1695-446b-b49e-2ad700ef2972)] -> name: riskClassTemp],设置值 Code=01
2020/07/14 17:40:46:609 DEBUG com.sinosoft.test.base.TestBase:76 - Trying to find Element By : By.name: riskCode
2020/07/14 17:40:46:783 DEBUG com.sinosoft.test.base.TestBase:80 - Found Element By : By.name: riskCode
2020/07/14 17:40:46:868 DEBUG com.sinosoft.test.base.TestBase:76 - Trying to find Element By : By.name: riskCode
2020/07/14 17:40:46:965 DEBUG com.sinosoft.test.base.TestBase:80 - Found Element By : By.name: riskCode
2020/07/14 17:40:46:968 DEBUG com.sinosoft.test.base.TestBase:63 - SetCodeEditBox:开始设置:[[InternetExplorerDriver: internet explorer on WINDOWS (ee28855a-1695-446b-b49e-2ad700ef2972)] -> name: riskCode] & Code=0101
2020/07/14 17:40:46:970 DEBUG com.sinosoft.test.base.TestBase:76 - Trying to find Element By : By.name: riskCode
2020/07/14 17:40:47:066 DEBUG com.sinosoft.test.base.TestBase:80 - Found Element By : By.name: riskCode
2020/07/14 17:40:47:599 DEBUG com.sinosoft.test.base.TestBase:76 - Trying to find Element By : By.name: riskCode
2020/07/14 17:40:47:684 DEBUG com.sinosoft.test.base.TestBase:80 - Found Element By : By.name: riskCode
2020/07/14 17:40:48:300 DEBUG com.sinosoft.test.base.TestBase:76 - Trying to find Element By : By.name: riskCode
2020/07/14 17:40:48:437 DEBUG com.sinosoft.test.base.TestBase:80 - Found Element By : By.name: riskCode
2020/07/14 17:40:48:438 DEBUG com.sinosoft.test.base.TestBase:76 - Trying to find Element By : By.xpath: ../input[last()]
2020/07/14 17:40:48:595 DEBUG com.sinosoft.test.base.TestBase:80 - Found Element By : By.xpath: ../input[last()]
2020/07/14 17:40:48:789  INFO com.sinosoft.test.base.TestBase:71 - SetCodeEditBox:找到了Code对应的文本显示框并点击触发显示:riskName
2020/07/14 17:40:48:790 DEBUG com.sinosoft.test.base.TestBase:42 - Trying to click on: [[[[InternetExplorerDriver: internet explorer on WINDOWS (ee28855a-1695-446b-b49e-2ad700ef2972)] -> name: riskCode]] -> xpath: ../input[last()]]
2020/07/14 17:40:50:057 DEBUG com.sinosoft.test.base.TestBase:46 - Clicked on: [[[[InternetExplorerDriver: internet explorer on WINDOWS (ee28855a-1695-446b-b49e-2ad700ef2972)] -> name: riskCode]] -> xpath: ../input[last()]]
2020/07/14 17:40:50:258 DEBUG com.sinosoft.test.base.TestBase:76 - Trying to find Element By : By.name: riskCode
2020/07/14 17:40:50:415 DEBUG com.sinosoft.test.base.TestBase:80 - Found Element By : By.name: riskCode
2020/07/14 17:40:50:416 DEBUG com.sinosoft.test.base.TestBase:87 - SetCodeEditBox:设置完毕[[InternetExplorerDriver: internet explorer on WINDOWS (ee28855a-1695-446b-b49e-2ad700ef2972)] -> name: riskCode],设置值 Code=0101
2020/07/14 17:40:50:417 DEBUG com.sinosoft.test.base.TestBase:76 - Trying to find Element By : By.name: renewInd
2020/07/14 17:40:50:536 DEBUG com.sinosoft.test.base.TestBase:80 - Found Element By : By.name: renewInd
2020/07/14 17:40:50:538  INFO com.sinosoft.test.base.TestBase:321 - setEditboxTValue:[[[InternetExplorerDriver: internet explorer on WINDOWS (ee28855a-1695-446b-b49e-2ad700ef2972)] -> name: renewInd], [[InternetExplorerDriver: internet explorer on WINDOWS (ee28855a-1695-446b-b49e-2ad700ef2972)] -> name: renewInd]]：0
2020/07/14 17:40:50:538 DEBUG com.sinosoft.test.base.TestBase:76 - Trying to find Element By : By.name: renewInd
2020/07/14 17:40:50:698 DEBUG com.sinosoft.test.base.TestBase:80 - Found Element By : By.name: renewInd
2020/07/14 17:40:50:886 DEBUG com.sinosoft.test.base.TestBase:76 - Trying to find Element By : By.name: buttonNextStep
2020/07/14 17:40:51:066 DEBUG com.sinosoft.test.base.TestBase:80 - Found Element By : By.name: buttonNextStep
2020/07/14 17:40:51:067  INFO com.sinosoft.test.base.TestBase:402 - clickButton:[[InternetExplorerDriver: internet explorer on WINDOWS (ee28855a-1695-446b-b49e-2ad700ef2972)] -> name: buttonNextStep]
2020/07/14 17:40:51:067 DEBUG com.sinosoft.test.base.TestBase:42 - Trying to click on: [[InternetExplorerDriver: internet explorer on WINDOWS (ee28855a-1695-446b-b49e-2ad700ef2972)] -> name: buttonNextStep]
2020/07/14 17:40:54:992 DEBUG com.sinosoft.test.base.TestBase:46 - Clicked on: [[InternetExplorerDriver: internet explorer on WINDOWS (ee28855a-1695-446b-b49e-2ad700ef2972)] -> name: buttonNextStep]
2020/07/14 17:40:54:996 DEBUG com.sinosoft.test.base.TestBase:69 - 初始化class com.sinosoft.test.fccp.tbcl.BasicInfoPage
2020/07/14 17:40:58:481 DEBUG com.sinosoft.test.base.TestBase:322 - 投保处理/基本信息
2020/07/14 17:40:58:483 DEBUG com.sinosoft.test.base.TestBase:76 - Trying to find Element By : By.name: GuMainBusinessType
2020/07/14 17:40:58:826 DEBUG com.sinosoft.test.base.TestBase:80 - Found Element By : By.name: GuMainBusinessType
2020/07/14 17:40:58:828  INFO com.sinosoft.test.base.TestBase:96 - setSelectWithStartText:[[InternetExplorerDriver: internet explorer on WINDOWS (ee28855a-1695-446b-b49e-2ad700ef2972)] -> name: GuMainBusinessType]->
2020/07/14 17:40:58:829 DEBUG com.sinosoft.test.base.TestBase:76 - Trying to find Element By : By.name: GuMainCompanyCode
2020/07/14 17:40:59:056 DEBUG com.sinosoft.test.base.TestBase:80 - Found Element By : By.name: GuMainCompanyCode
2020/07/14 17:40:59:149 DEBUG com.sinosoft.test.base.TestBase:76 - Trying to find Element By : By.name: GuMainCompanyCode
2020/07/14 17:40:59:379 DEBUG com.sinosoft.test.base.TestBase:80 - Found Element By : By.name: GuMainCompanyCode
2020/07/14 17:40:59:380 DEBUG com.sinosoft.test.base.TestBase:63 - SetCodeEditBox:开始设置:[[InternetExplorerDriver: internet explorer on WINDOWS (ee28855a-1695-446b-b49e-2ad700ef2972)] -> name: GuMainCompanyCode] & Code=01620190
2020/07/14 17:40:59:380 DEBUG com.sinosoft.test.base.TestBase:76 - Trying to find Element By : By.name: GuMainCompanyCode
2020/07/14 17:40:59:528 DEBUG com.sinosoft.test.base.TestBase:80 - Found Element By : By.name: GuMainCompanyCode
2020/07/14 17:41:00:057 DEBUG com.sinosoft.test.base.TestBase:76 - Trying to find Element By : By.name: GuMainCompanyCode
2020/07/14 17:41:00:255 DEBUG com.sinosoft.test.base.TestBase:80 - Found Element By : By.name: GuMainCompanyCode
2020/07/14 17:41:01:696 DEBUG com.sinosoft.test.base.TestBase:76 - Trying to find Element By : By.name: GuMainCompanyCode
2020/07/14 17:41:01:901 DEBUG com.sinosoft.test.base.TestBase:80 - Found Element By : By.name: GuMainCompanyCode
2020/07/14 17:41:01:902 DEBUG com.sinosoft.test.base.TestBase:76 - Trying to find Element By : By.xpath: ../input[last()]
2020/07/14 17:41:02:055 DEBUG com.sinosoft.test.base.TestBase:80 - Found Element By : By.xpath: ../input[last()]
2020/07/14 17:41:02:313  INFO com.sinosoft.test.base.TestBase:71 - SetCodeEditBox:找到了Code对应的文本显示框并点击触发显示:GuMainCompanyName
2020/07/14 17:41:02:313 DEBUG com.sinosoft.test.base.TestBase:42 - Trying to click on: [[[[InternetExplorerDriver: internet explorer on WINDOWS (ee28855a-1695-446b-b49e-2ad700ef2972)] -> name: GuMainCompanyCode]] -> xpath: ../input[last()]]
2020/07/14 17:41:03:806 DEBUG com.sinosoft.test.base.TestBase:46 - Clicked on: [[[[InternetExplorerDriver: internet explorer on WINDOWS (ee28855a-1695-446b-b49e-2ad700ef2972)] -> name: GuMainCompanyCode]] -> xpath: ../input[last()]]
2020/07/14 17:41:04:007 DEBUG com.sinosoft.test.base.TestBase:76 - Trying to find Element By : By.name: GuMainCompanyCode
2020/07/14 17:41:04:203 DEBUG com.sinosoft.test.base.TestBase:80 - Found Element By : By.name: GuMainCompanyCode
2020/07/14 17:41:04:204 DEBUG com.sinosoft.test.base.TestBase:87 - SetCodeEditBox:设置完毕[[InternetExplorerDriver: internet explorer on WINDOWS (ee28855a-1695-446b-b49e-2ad700ef2972)] -> name: GuMainCompanyCode],设置值 Code=01620190
2020/07/14 17:41:04:204 DEBUG com.sinosoft.test.base.TestBase:76 - Trying to find Element By : By.name: GuMainChannelDetailCode
2020/07/14 17:41:04:307 DEBUG com.sinosoft.test.base.TestBase:80 - Found Element By : By.name: GuMainChannelDetailCode
2020/07/14 17:41:04:407 DEBUG com.sinosoft.test.base.TestBase:76 - Trying to find Element By : By.name: GuMainChannelDetailCode
2020/07/14 17:41:04:769 DEBUG com.sinosoft.test.base.TestBase:80 - Found Element By : By.name: GuMainChannelDetailCode
2020/07/14 17:41:04:770 DEBUG com.sinosoft.test.base.TestBase:63 - SetCodeEditBox:开始设置:[[InternetExplorerDriver: internet explorer on WINDOWS (ee28855a-1695-446b-b49e-2ad700ef2972)] -> name: GuMainChannelDetailCode] & Code=01
2020/07/14 17:41:04:770 DEBUG com.sinosoft.test.base.TestBase:76 - Trying to find Element By : By.name: GuMainChannelDetailCode
2020/07/14 17:41:04:876 DEBUG com.sinosoft.test.base.TestBase:80 - Found Element By : By.name: GuMainChannelDetailCode
2020/07/14 17:41:05:344 DEBUG com.sinosoft.test.base.TestBase:76 - Trying to find Element By : By.name: GuMainChannelDetailCode
2020/07/14 17:41:05:511 DEBUG com.sinosoft.test.base.TestBase:80 - Found Element By : By.name: GuMainChannelDetailCode
2020/07/14 17:41:06:339 DEBUG com.sinosoft.test.base.TestBase:76 - Trying to find Element By : By.name: GuMainChannelDetailCode
2020/07/14 17:41:06:538 DEBUG com.sinosoft.test.base.TestBase:80 - Found Element By : By.name: GuMainChannelDetailCode
2020/07/14 17:41:06:539 DEBUG com.sinosoft.test.base.TestBase:76 - Trying to find Element By : By.xpath: ../input[last()]
2020/07/14 17:41:06:688 DEBUG com.sinosoft.test.base.TestBase:80 - Found Element By : By.xpath: ../input[last()]
2020/07/14 17:41:06:942  INFO com.sinosoft.test.base.TestBase:71 - SetCodeEditBox:找到了Code对应的文本显示框并点击触发显示:GuMainChannelDetailName
2020/07/14 17:41:06:942 DEBUG com.sinosoft.test.base.TestBase:42 - Trying to click on: [[[[InternetExplorerDriver: internet explorer on WINDOWS (ee28855a-1695-446b-b49e-2ad700ef2972)] -> name: GuMainChannelDetailCode]] -> xpath: ../input[last()]]
2020/07/14 17:41:08:416 DEBUG com.sinosoft.test.base.TestBase:46 - Clicked on: [[[[InternetExplorerDriver: internet explorer on WINDOWS (ee28855a-1695-446b-b49e-2ad700ef2972)] -> name: GuMainChannelDetailCode]] -> xpath: ../input[last()]]
2020/07/14 17:41:08:616 DEBUG com.sinosoft.test.base.TestBase:76 - Trying to find Element By : By.name: GuMainChannelDetailCode
2020/07/14 17:41:08:820 DEBUG com.sinosoft.test.base.TestBase:80 - Found Element By : By.name: GuMainChannelDetailCode
2020/07/14 17:41:08:821 DEBUG com.sinosoft.test.base.TestBase:87 - SetCodeEditBox:设置完毕[[InternetExplorerDriver: internet explorer on WINDOWS (ee28855a-1695-446b-b49e-2ad700ef2972)] -> name: GuMainChannelDetailCode],设置值 Code=01
2020/07/14 17:41:08:821 DEBUG com.sinosoft.test.base.TestBase:76 - Trying to find Element By : By.name: GuMainShareHolderFlag
2020/07/14 17:41:08:970 DEBUG com.sinosoft.test.base.TestBase:80 - Found Element By : By.name: GuMainShareHolderFlag
2020/07/14 17:41:09:059 DEBUG com.sinosoft.test.base.TestBase:76 - Trying to find Element By : By.name: GuMainShareHolderFlag
2020/07/14 17:41:09:183 DEBUG com.sinosoft.test.base.TestBase:80 - Found Element By : By.name: GuMainShareHolderFlag
2020/07/14 17:41:09:183 DEBUG com.sinosoft.test.base.TestBase:42 - CodeSelect:开始设置[[InternetExplorerDriver: internet explorer on WINDOWS (ee28855a-1695-446b-b49e-2ad700ef2972)] -> name: GuMainShareHolderFlag] & Code=0
2020/07/14 17:41:09:201 DEBUG com.sinosoft.test.base.TestBase:76 - Trying to find Element By : By.name: GuMainShareHolderFlag
2020/07/14 17:41:09:350 DEBUG com.sinosoft.test.base.TestBase:80 - Found Element By : By.name: GuMainShareHolderFlag
2020/07/14 17:41:10:630 DEBUG com.sinosoft.test.base.TestBase:272 - 系统窗口【黄河财险业务系统】with handle -8e1f7aa6-f32b-4ba4-a753-8ff433e72638
2020/07/14 17:41:11:599 DEBUG com.sinosoft.test.base.TestBase:272 - 系统窗口【黄河财险业务系统】with handle -8e1f7aa6-f32b-4ba4-a753-8ff433e72638
2020/07/14 17:41:12:480 DEBUG com.sinosoft.test.base.TestBase:272 - 系统窗口【黄河财险业务系统】with handle -8e1f7aa6-f32b-4ba4-a753-8ff433e72638
2020/07/14 17:41:13:427 DEBUG com.sinosoft.test.base.TestBase:272 - 系统窗口【黄河财险业务系统】with handle -8e1f7aa6-f32b-4ba4-a753-8ff433e72638
2020/07/14 17:41:14:411 DEBUG com.sinosoft.test.base.TestBase:272 - 系统窗口【黄河财险业务系统】with handle -8e1f7aa6-f32b-4ba4-a753-8ff433e72638
2020/07/14 17:41:15:369 DEBUG com.sinosoft.test.base.TestBase:272 - 系统窗口【黄河财险业务系统】with handle -8e1f7aa6-f32b-4ba4-a753-8ff433e72638
2020/07/14 17:41:15:396 DEBUG com.sinosoft.test.base.TestBase:281 - 窗口切换异常:
org.openqa.selenium.TimeoutException: Expected condition failed: waiting for com.sinosoft.test.base.TestBase$4@ff684e1 (tried for 5 second(s) with 500 MILLISECONDS interval)
Build info: version: '3.9.0', revision: '698b3178f0', time: '2018-02-05T14:26:55.441Z'
System info: host: 'DESKTOP-I9S3ABE', ip: '100.100.99.142', os.name: 'Windows 10', os.arch: 'amd64', os.version: '10.0', java.version: '1.8.0_101'
Driver info: org.openqa.selenium.support.events.EventFiringWebDriver
Capabilities {acceptInsecureCerts: false, browserName: internet explorer, browserVersion: 11, javascriptEnabled: true, pageLoadStrategy: normal, platform: WINDOWS, platformName: WINDOWS, proxy: Proxy(), se:ieOptions: {browserAttachTimeout: 0, elementScrollBehavior: 0, enablePersistentHover: true, ie.browserCommandLineSwitches: , ie.ensureCleanSession: false, ie.fileUploadDialogTimeout: 3000, ie.forceCreateProcessApi: false, ignoreProtectedModeSettings: true, ignoreZoomSetting: false, initialBrowserUrl: http://localhost:18257/, nativeEvents: true, requireWindowFocus: false}, setWindowRect: true, timeouts: {implicit: 0, pageLoad: 300000, script: 30000}, unhandledPromptBehavior: ignore}
Session ID: ee28855a-1695-446b-b49e-2ad700ef2972
	at org.openqa.selenium.support.ui.WebDriverWait.timeoutException(WebDriverWait.java:82)
	at org.openqa.selenium.support.ui.FluentWait.until(FluentWait.java:231)
	at com.sinosoft.test.base.TestBase.navigateToWindowByTitle(TestBase.java:265)
	at com.sinosoft.test.fccp.common.FccbBase.CodeSelect(FccbBase.java:44)
	at com.sinosoft.test.fccp.tbcl.BasicInfoPage.inputSalesInfoAction(BasicInfoPage.java:348)
	at com.sinosoft.test.fccp.tbcl.BasicInfoPage.inputSalesInfoAction(BasicInfoPage.java:363)
	at com.sinosoft.testcases.fccb.TBGLTestCase.FCCB_TBCL(TBGLTestCase.java:96)
	at sun.reflect.NativeMethodAccessorImpl.invoke0(Native Method)
	at sun.reflect.NativeMethodAccessorImpl.invoke(NativeMethodAccessorImpl.java:62)
	at sun.reflect.DelegatingMethodAccessorImpl.invoke(DelegatingMethodAccessorImpl.java:43)
	at java.lang.reflect.Method.invoke(Method.java:498)
	at org.testng.internal.MethodInvocationHelper.invokeMethod(MethodInvocationHelper.java:108)
	at org.testng.internal.Invoker.invokeMethod(Invoker.java:661)
	at org.testng.internal.Invoker.invokeTestMethod(Invoker.java:869)
	at org.testng.internal.Invoker.invokeTestMethods(Invoker.java:1193)
	at org.testng.internal.TestMethodWorker.invokeTestMethods(TestMethodWorker.java:126)
	at org.testng.internal.TestMethodWorker.run(TestMethodWorker.java:109)
	at org.testng.TestRunner.privateRun(TestRunner.java:744)
	at org.testng.TestRunner.run(TestRunner.java:602)
	at org.testng.SuiteRunner.runTest(SuiteRunner.java:380)
	at org.testng.SuiteRunner.runSequentially(SuiteRunner.java:375)
	at org.testng.SuiteRunner.privateRun(SuiteRunner.java:340)
	at org.testng.SuiteRunner.run(SuiteRunner.java:289)
	at org.testng.SuiteRunnerWorker.runSuite(SuiteRunnerWorker.java:52)
	at org.testng.SuiteRunnerWorker.run(SuiteRunnerWorker.java:86)
	at org.testng.TestNG.runSuitesSequentially(TestNG.java:1301)
	at org.testng.TestNG.runSuitesLocally(TestNG.java:1226)
	at org.testng.TestNG.runSuites(TestNG.java:1144)
	at org.testng.TestNG.run(TestNG.java:1115)
	at org.apache.maven.surefire.testng.TestNGExecutor.run(TestNGExecutor.java:283)
	at org.apache.maven.surefire.testng.TestNGXmlTestSuite.execute(TestNGXmlTestSuite.java:75)
	at org.apache.maven.surefire.testng.TestNGProvider.invoke(TestNGProvider.java:120)
	at org.apache.maven.surefire.booter.ForkedBooter.invokeProviderInSameClassLoader(ForkedBooter.java:384)
	at org.apache.maven.surefire.booter.ForkedBooter.runSuitesInProcess(ForkedBooter.java:345)
	at org.apache.maven.surefire.booter.ForkedBooter.execute(ForkedBooter.java:126)
	at org.apache.maven.surefire.booter.ForkedBooter.main(ForkedBooter.java:418)
2020/07/14 17:41:15:402 DEBUG com.sinosoft.test.base.TestBase:69 - 初始化class com.sinosoft.test.fccp.common.CodeSelectPage
2020/07/14 17:41:15:412 DEBUG com.sinosoft.test.base.TestBase:39 - 基础码表选择！
2020/07/14 17:41:15:414 DEBUG com.sinosoft.test.base.TestBase:76 - Trying to find Element By : By.name: fieldValue
2020/07/14 17:41:17:691 DEBUG com.sinosoft.test.base.TestBase:66 - 系统自动捕获异常：Exception occured: org.openqa.selenium.NoSuchElementException: Unable to find element with css selector == *[name='fieldValue']
For documentation on this error, please visit: http://seleniumhq.org/exceptions/no_such_element.html
Build info: version: '3.9.0', revision: '698b3178f0', time: '2018-02-05T14:26:55.441Z'
System info: host: 'DESKTOP-I9S3ABE', ip: '100.100.99.142', os.name: 'Windows 10', os.arch: 'amd64', os.version: '10.0', java.version: '1.8.0_101'
Driver info: org.openqa.selenium.ie.InternetExplorerDriver
Capabilities {acceptInsecureCerts: false, browserName: internet explorer, browserVersion: 11, javascriptEnabled: true, pageLoadStrategy: normal, platform: WINDOWS, platformName: WINDOWS, proxy: Proxy(), se:ieOptions: {browserAttachTimeout: 0, elementScrollBehavior: 0, enablePersistentHover: true, ie.browserCommandLineSwitches: , ie.ensureCleanSession: false, ie.fileUploadDialogTimeout: 3000, ie.forceCreateProcessApi: false, ignoreProtectedModeSettings: true, ignoreZoomSetting: false, initialBrowserUrl: http://localhost:18257/, nativeEvents: true, requireWindowFocus: false}, setWindowRect: true, timeouts: {implicit: 0, pageLoad: 300000, script: 30000}, unhandledPromptBehavior: ignore}
Session ID: ee28855a-1695-446b-b49e-2ad700ef2972
*** Element info: {Using=name, value=fieldValue}
2020/07/14 17:41:17:692  INFO com.sinosoft.test.base.TestBase:68 - 异常的message 是：Unable to find element with css selector == *[name='fieldValue']
For documentation on this error, please visit: http://seleniumhq.org/exceptions/no_such_element.html
Build info: version: '3.9.0', revision: '698b3178f0', time: '2018-02-05T14:26:55.441Z'
System info: host: 'DESKTOP-I9S3ABE', ip: '100.100.99.142', os.name: 'Windows 10', os.arch: 'amd64', os.version: '10.0', java.version: '1.8.0_101'
Driver info: org.openqa.selenium.ie.InternetExplorerDriver
Capabilities {acceptInsecureCerts: false, browserName: internet explorer, browserVersion: 11, javascriptEnabled: true, pageLoadStrategy: normal, platform: WINDOWS, platformName: WINDOWS, proxy: Proxy(), se:ieOptions: {browserAttachTimeout: 0, elementScrollBehavior: 0, enablePersistentHover: true, ie.browserCommandLineSwitches: , ie.ensureCleanSession: false, ie.fileUploadDialogTimeout: 3000, ie.forceCreateProcessApi: false, ignoreProtectedModeSettings: true, ignoreZoomSetting: false, initialBrowserUrl: http://localhost:18257/, nativeEvents: true, requireWindowFocus: false}, setWindowRect: true, timeouts: {implicit: 0, pageLoad: 300000, script: 30000}, unhandledPromptBehavior: ignore}
Session ID: ee28855a-1695-446b-b49e-2ad700ef2972
*** Element info: {Using=name, value=fieldValue}
2020/07/14 17:41:17:693 DEBUG com.sinosoft.test.base.TestBase:76 - Trying to find Element By : By.name: fieldValue
2020/07/14 17:41:20:350 DEBUG com.sinosoft.test.base.TestBase:66 - 系统自动捕获异常：Exception occured: org.openqa.selenium.NoSuchElementException: Unable to find element with css selector == *[name='fieldValue']
For documentation on this error, please visit: http://seleniumhq.org/exceptions/no_such_element.html
Build info: version: '3.9.0', revision: '698b3178f0', time: '2018-02-05T14:26:55.441Z'
System info: host: 'DESKTOP-I9S3ABE', ip: '100.100.99.142', os.name: 'Windows 10', os.arch: 'amd64', os.version: '10.0', java.version: '1.8.0_101'
Driver info: org.openqa.selenium.ie.InternetExplorerDriver
Capabilities {acceptInsecureCerts: false, browserName: internet explorer, browserVersion: 11, javascriptEnabled: true, pageLoadStrategy: normal, platform: WINDOWS, platformName: WINDOWS, proxy: Proxy(), se:ieOptions: {browserAttachTimeout: 0, elementScrollBehavior: 0, enablePersistentHover: true, ie.browserCommandLineSwitches: , ie.ensureCleanSession: false, ie.fileUploadDialogTimeout: 3000, ie.forceCreateProcessApi: false, ignoreProtectedModeSettings: true, ignoreZoomSetting: false, initialBrowserUrl: http://localhost:18257/, nativeEvents: true, requireWindowFocus: false}, setWindowRect: true, timeouts: {implicit: 0, pageLoad: 300000, script: 30000}, unhandledPromptBehavior: ignore}
Session ID: ee28855a-1695-446b-b49e-2ad700ef2972
*** Element info: {Using=name, value=fieldValue}
2020/07/14 17:41:20:352  INFO com.sinosoft.test.base.TestBase:68 - 异常的message 是：Unable to find element with css selector == *[name='fieldValue']
For documentation on this error, please visit: http://seleniumhq.org/exceptions/no_such_element.html
Build info: version: '3.9.0', revision: '698b3178f0', time: '2018-02-05T14:26:55.441Z'
System info: host: 'DESKTOP-I9S3ABE', ip: '100.100.99.142', os.name: 'Windows 10', os.arch: 'amd64', os.version: '10.0', java.version: '1.8.0_101'
Driver info: org.openqa.selenium.ie.InternetExplorerDriver
Capabilities {acceptInsecureCerts: false, browserName: internet explorer, browserVersion: 11, javascriptEnabled: true, pageLoadStrategy: normal, platform: WINDOWS, platformName: WINDOWS, proxy: Proxy(), se:ieOptions: {browserAttachTimeout: 0, elementScrollBehavior: 0, enablePersistentHover: true, ie.browserCommandLineSwitches: , ie.ensureCleanSession: false, ie.fileUploadDialogTimeout: 3000, ie.forceCreateProcessApi: false, ignoreProtectedModeSettings: true, ignoreZoomSetting: false, initialBrowserUrl: http://localhost:18257/, nativeEvents: true, requireWindowFocus: false}, setWindowRect: true, timeouts: {implicit: 0, pageLoad: 300000, script: 30000}, unhandledPromptBehavior: ignore}
Session ID: ee28855a-1695-446b-b49e-2ad700ef2972
*** Element info: {Using=name, value=fieldValue}
2020/07/14 17:41:20:607 DEBUG com.sinosoft.test.base.TestBase:76 - Trying to find Element By : By.name: fieldValue
2020/07/14 17:41:22:758 DEBUG com.sinosoft.test.base.TestBase:66 - 系统自动捕获异常：Exception occured: org.openqa.selenium.NoSuchElementException: Unable to find element with css selector == *[name='fieldValue']
For documentation on this error, please visit: http://seleniumhq.org/exceptions/no_such_element.html
Build info: version: '3.9.0', revision: '698b3178f0', time: '2018-02-05T14:26:55.441Z'
System info: host: 'DESKTOP-I9S3ABE', ip: '100.100.99.142', os.name: 'Windows 10', os.arch: 'amd64', os.version: '10.0', java.version: '1.8.0_101'
Driver info: org.openqa.selenium.ie.InternetExplorerDriver
Capabilities {acceptInsecureCerts: false, browserName: internet explorer, browserVersion: 11, javascriptEnabled: true, pageLoadStrategy: normal, platform: WINDOWS, platformName: WINDOWS, proxy: Proxy(), se:ieOptions: {browserAttachTimeout: 0, elementScrollBehavior: 0, enablePersistentHover: true, ie.browserCommandLineSwitches: , ie.ensureCleanSession: false, ie.fileUploadDialogTimeout: 3000, ie.forceCreateProcessApi: false, ignoreProtectedModeSettings: true, ignoreZoomSetting: false, initialBrowserUrl: http://localhost:18257/, nativeEvents: true, requireWindowFocus: false}, setWindowRect: true, timeouts: {implicit: 0, pageLoad: 300000, script: 30000}, unhandledPromptBehavior: ignore}
Session ID: ee28855a-1695-446b-b49e-2ad700ef2972
*** Element info: {Using=name, value=fieldValue}
2020/07/14 17:41:22:759  INFO com.sinosoft.test.base.TestBase:68 - 异常的message 是：Unable to find element with css selector == *[name='fieldValue']
For documentation on this error, please visit: http://seleniumhq.org/exceptions/no_such_element.html
Build info: version: '3.9.0', revision: '698b3178f0', time: '2018-02-05T14:26:55.441Z'
System info: host: 'DESKTOP-I9S3ABE', ip: '100.100.99.142', os.name: 'Windows 10', os.arch: 'amd64', os.version: '10.0', java.version: '1.8.0_101'
Driver info: org.openqa.selenium.ie.InternetExplorerDriver
Capabilities {acceptInsecureCerts: false, browserName: internet explorer, browserVersion: 11, javascriptEnabled: true, pageLoadStrategy: normal, platform: WINDOWS, platformName: WINDOWS, proxy: Proxy(), se:ieOptions: {browserAttachTimeout: 0, elementScrollBehavior: 0, enablePersistentHover: true, ie.browserCommandLineSwitches: , ie.ensureCleanSession: false, ie.fileUploadDialogTimeout: 3000, ie.forceCreateProcessApi: false, ignoreProtectedModeSettings: true, ignoreZoomSetting: false, initialBrowserUrl: http://localhost:18257/, nativeEvents: true, requireWindowFocus: false}, setWindowRect: true, timeouts: {implicit: 0, pageLoad: 300000, script: 30000}, unhandledPromptBehavior: ignore}
Session ID: ee28855a-1695-446b-b49e-2ad700ef2972
*** Element info: {Using=name, value=fieldValue}
2020/07/14 17:41:23:011 DEBUG com.sinosoft.test.base.TestBase:76 - Trying to find Element By : By.name: fieldValue
2020/07/14 17:41:25:474 DEBUG com.sinosoft.test.base.TestBase:66 - 系统自动捕获异常：Exception occured: org.openqa.selenium.NoSuchElementException: Unable to find element with css selector == *[name='fieldValue']
For documentation on this error, please visit: http://seleniumhq.org/exceptions/no_such_element.html
Build info: version: '3.9.0', revision: '698b3178f0', time: '2018-02-05T14:26:55.441Z'
System info: host: 'DESKTOP-I9S3ABE', ip: '100.100.99.142', os.name: 'Windows 10', os.arch: 'amd64', os.version: '10.0', java.version: '1.8.0_101'
Driver info: org.openqa.selenium.ie.InternetExplorerDriver
Capabilities {acceptInsecureCerts: false, browserName: internet explorer, browserVersion: 11, javascriptEnabled: true, pageLoadStrategy: normal, platform: WINDOWS, platformName: WINDOWS, proxy: Proxy(), se:ieOptions: {browserAttachTimeout: 0, elementScrollBehavior: 0, enablePersistentHover: true, ie.browserCommandLineSwitches: , ie.ensureCleanSession: false, ie.fileUploadDialogTimeout: 3000, ie.forceCreateProcessApi: false, ignoreProtectedModeSettings: true, ignoreZoomSetting: false, initialBrowserUrl: http://localhost:18257/, nativeEvents: true, requireWindowFocus: false}, setWindowRect: true, timeouts: {implicit: 0, pageLoad: 300000, script: 30000}, unhandledPromptBehavior: ignore}
Session ID: ee28855a-1695-446b-b49e-2ad700ef2972
*** Element info: {Using=name, value=fieldValue}
2020/07/14 17:41:25:475  INFO com.sinosoft.test.base.TestBase:68 - 异常的message 是：Unable to find element with css selector == *[name='fieldValue']
For documentation on this error, please visit: http://seleniumhq.org/exceptions/no_such_element.html
Build info: version: '3.9.0', revision: '698b3178f0', time: '2018-02-05T14:26:55.441Z'
System info: host: 'DESKTOP-I9S3ABE', ip: '100.100.99.142', os.name: 'Windows 10', os.arch: 'amd64', os.version: '10.0', java.version: '1.8.0_101'
Driver info: org.openqa.selenium.ie.InternetExplorerDriver
Capabilities {acceptInsecureCerts: false, browserName: internet explorer, browserVersion: 11, javascriptEnabled: true, pageLoadStrategy: normal, platform: WINDOWS, platformName: WINDOWS, proxy: Proxy(), se:ieOptions: {browserAttachTimeout: 0, elementScrollBehavior: 0, enablePersistentHover: true, ie.browserCommandLineSwitches: , ie.ensureCleanSession: false, ie.fileUploadDialogTimeout: 3000, ie.forceCreateProcessApi: false, ignoreProtectedModeSettings: true, ignoreZoomSetting: false, initialBrowserUrl: http://localhost:18257/, nativeEvents: true, requireWindowFocus: false}, setWindowRect: true, timeouts: {implicit: 0, pageLoad: 300000, script: 30000}, unhandledPromptBehavior: ignore}
Session ID: ee28855a-1695-446b-b49e-2ad700ef2972
*** Element info: {Using=name, value=fieldValue}
2020/07/14 17:41:25:728 DEBUG com.sinosoft.test.base.TestBase:76 - Trying to find Element By : By.name: fieldValue
2020/07/14 17:41:28:231 DEBUG com.sinosoft.test.base.TestBase:66 - 系统自动捕获异常：Exception occured: org.openqa.selenium.NoSuchElementException: Unable to find element with css selector == *[name='fieldValue']
For documentation on this error, please visit: http://seleniumhq.org/exceptions/no_such_element.html
Build info: version: '3.9.0', revision: '698b3178f0', time: '2018-02-05T14:26:55.441Z'
System info: host: 'DESKTOP-I9S3ABE', ip: '100.100.99.142', os.name: 'Windows 10', os.arch: 'amd64', os.version: '10.0', java.version: '1.8.0_101'
Driver info: org.openqa.selenium.ie.InternetExplorerDriver
Capabilities {acceptInsecureCerts: false, browserName: internet explorer, browserVersion: 11, javascriptEnabled: true, pageLoadStrategy: normal, platform: WINDOWS, platformName: WINDOWS, proxy: Proxy(), se:ieOptions: {browserAttachTimeout: 0, elementScrollBehavior: 0, enablePersistentHover: true, ie.browserCommandLineSwitches: , ie.ensureCleanSession: false, ie.fileUploadDialogTimeout: 3000, ie.forceCreateProcessApi: false, ignoreProtectedModeSettings: true, ignoreZoomSetting: false, initialBrowserUrl: http://localhost:18257/, nativeEvents: true, requireWindowFocus: false}, setWindowRect: true, timeouts: {implicit: 0, pageLoad: 300000, script: 30000}, unhandledPromptBehavior: ignore}
Session ID: ee28855a-1695-446b-b49e-2ad700ef2972
*** Element info: {Using=name, value=fieldValue}
2020/07/14 17:41:28:234  INFO com.sinosoft.test.base.TestBase:68 - 异常的message 是：Unable to find element with css selector == *[name='fieldValue']
For documentation on this error, please visit: http://seleniumhq.org/exceptions/no_such_element.html
Build info: version: '3.9.0', revision: '698b3178f0', time: '2018-02-05T14:26:55.441Z'
System info: host: 'DESKTOP-I9S3ABE', ip: '100.100.99.142', os.name: 'Windows 10', os.arch: 'amd64', os.version: '10.0', java.version: '1.8.0_101'
Driver info: org.openqa.selenium.ie.InternetExplorerDriver
Capabilities {acceptInsecureCerts: false, browserName: internet explorer, browserVersion: 11, javascriptEnabled: true, pageLoadStrategy: normal, platform: WINDOWS, platformName: WINDOWS, proxy: Proxy(), se:ieOptions: {browserAttachTimeout: 0, elementScrollBehavior: 0, enablePersistentHover: true, ie.browserCommandLineSwitches: , ie.ensureCleanSession: false, ie.fileUploadDialogTimeout: 3000, ie.forceCreateProcessApi: false, ignoreProtectedModeSettings: true, ignoreZoomSetting: false, initialBrowserUrl: http://localhost:18257/, nativeEvents: true, requireWindowFocus: false}, setWindowRect: true, timeouts: {implicit: 0, pageLoad: 300000, script: 30000}, unhandledPromptBehavior: ignore}
Session ID: ee28855a-1695-446b-b49e-2ad700ef2972
*** Element info: {Using=name, value=fieldValue}
2020/07/14 17:41:28:487 DEBUG com.sinosoft.test.base.TestBase:76 - Trying to find Element By : By.name: fieldValue
2020/07/14 17:41:31:078 DEBUG com.sinosoft.test.base.TestBase:66 - 系统自动捕获异常：Exception occured: org.openqa.selenium.NoSuchElementException: Unable to find element with css selector == *[name='fieldValue']
For documentation on this error, please visit: http://seleniumhq.org/exceptions/no_such_element.html
Build info: version: '3.9.0', revision: '698b3178f0', time: '2018-02-05T14:26:55.441Z'
System info: host: 'DESKTOP-I9S3ABE', ip: '100.100.99.142', os.name: 'Windows 10', os.arch: 'amd64', os.version: '10.0', java.version: '1.8.0_101'
Driver info: org.openqa.selenium.ie.InternetExplorerDriver
Capabilities {acceptInsecureCerts: false, browserName: internet explorer, browserVersion: 11, javascriptEnabled: true, pageLoadStrategy: normal, platform: WINDOWS, platformName: WINDOWS, proxy: Proxy(), se:ieOptions: {browserAttachTimeout: 0, elementScrollBehavior: 0, enablePersistentHover: true, ie.browserCommandLineSwitches: , ie.ensureCleanSession: false, ie.fileUploadDialogTimeout: 3000, ie.forceCreateProcessApi: false, ignoreProtectedModeSettings: true, ignoreZoomSetting: false, initialBrowserUrl: http://localhost:18257/, nativeEvents: true, requireWindowFocus: false}, setWindowRect: true, timeouts: {implicit: 0, pageLoad: 300000, script: 30000}, unhandledPromptBehavior: ignore}
Session ID: ee28855a-1695-446b-b49e-2ad700ef2972
*** Element info: {Using=name, value=fieldValue}
2020/07/14 17:41:31:080  INFO com.sinosoft.test.base.TestBase:68 - 异常的message 是：Unable to find element with css selector == *[name='fieldValue']
For documentation on this error, please visit: http://seleniumhq.org/exceptions/no_such_element.html
Build info: version: '3.9.0', revision: '698b3178f0', time: '2018-02-05T14:26:55.441Z'
System info: host: 'DESKTOP-I9S3ABE', ip: '100.100.99.142', os.name: 'Windows 10', os.arch: 'amd64', os.version: '10.0', java.version: '1.8.0_101'
Driver info: org.openqa.selenium.ie.InternetExplorerDriver
Capabilities {acceptInsecureCerts: false, browserName: internet explorer, browserVersion: 11, javascriptEnabled: true, pageLoadStrategy: normal, platform: WINDOWS, platformName: WINDOWS, proxy: Proxy(), se:ieOptions: {browserAttachTimeout: 0, elementScrollBehavior: 0, enablePersistentHover: true, ie.browserCommandLineSwitches: , ie.ensureCleanSession: false, ie.fileUploadDialogTimeout: 3000, ie.forceCreateProcessApi: false, ignoreProtectedModeSettings: true, ignoreZoomSetting: false, initialBrowserUrl: http://localhost:18257/, nativeEvents: true, requireWindowFocus: false}, setWindowRect: true, timeouts: {implicit: 0, pageLoad: 300000, script: 30000}, unhandledPromptBehavior: ignore}
Session ID: ee28855a-1695-446b-b49e-2ad700ef2972
*** Element info: {Using=name, value=fieldValue}
2020/07/14 17:41:31:082  INFO com.sinosoft.test.base.TestBase:360 - setEditboxValue:Proxy element for: AjaxElementLocator 'By.name: fieldValue'：0
2020/07/14 17:41:31:083 DEBUG com.sinosoft.test.base.TestBase:76 - Trying to find Element By : By.name: fieldValue
2020/07/14 17:41:33:331 DEBUG com.sinosoft.test.base.TestBase:66 - 系统自动捕获异常：Exception occured: org.openqa.selenium.NoSuchElementException: Unable to find element with css selector == *[name='fieldValue']
For documentation on this error, please visit: http://seleniumhq.org/exceptions/no_such_element.html
Build info: version: '3.9.0', revision: '698b3178f0', time: '2018-02-05T14:26:55.441Z'
System info: host: 'DESKTOP-I9S3ABE', ip: '100.100.99.142', os.name: 'Windows 10', os.arch: 'amd64', os.version: '10.0', java.version: '1.8.0_101'
Driver info: org.openqa.selenium.ie.InternetExplorerDriver
Capabilities {acceptInsecureCerts: false, browserName: internet explorer, browserVersion: 11, javascriptEnabled: true, pageLoadStrategy: normal, platform: WINDOWS, platformName: WINDOWS, proxy: Proxy(), se:ieOptions: {browserAttachTimeout: 0, elementScrollBehavior: 0, enablePersistentHover: true, ie.browserCommandLineSwitches: , ie.ensureCleanSession: false, ie.fileUploadDialogTimeout: 3000, ie.forceCreateProcessApi: false, ignoreProtectedModeSettings: true, ignoreZoomSetting: false, initialBrowserUrl: http://localhost:18257/, nativeEvents: true, requireWindowFocus: false}, setWindowRect: true, timeouts: {implicit: 0, pageLoad: 300000, script: 30000}, unhandledPromptBehavior: ignore}
Session ID: ee28855a-1695-446b-b49e-2ad700ef2972
*** Element info: {Using=name, value=fieldValue}
2020/07/14 17:41:33:332  INFO com.sinosoft.test.base.TestBase:68 - 异常的message 是：Unable to find element with css selector == *[name='fieldValue']
For documentation on this error, please visit: http://seleniumhq.org/exceptions/no_such_element.html
Build info: version: '3.9.0', revision: '698b3178f0', time: '2018-02-05T14:26:55.441Z'
System info: host: 'DESKTOP-I9S3ABE', ip: '100.100.99.142', os.name: 'Windows 10', os.arch: 'amd64', os.version: '10.0', java.version: '1.8.0_101'
Driver info: org.openqa.selenium.ie.InternetExplorerDriver
Capabilities {acceptInsecureCerts: false, browserName: internet explorer, browserVersion: 11, javascriptEnabled: true, pageLoadStrategy: normal, platform: WINDOWS, platformName: WINDOWS, proxy: Proxy(), se:ieOptions: {browserAttachTimeout: 0, elementScrollBehavior: 0, enablePersistentHover: true, ie.browserCommandLineSwitches: , ie.ensureCleanSession: false, ie.fileUploadDialogTimeout: 3000, ie.forceCreateProcessApi: false, ignoreProtectedModeSettings: true, ignoreZoomSetting: false, initialBrowserUrl: http://localhost:18257/, nativeEvents: true, requireWindowFocus: false}, setWindowRect: true, timeouts: {implicit: 0, pageLoad: 300000, script: 30000}, unhandledPromptBehavior: ignore}
Session ID: ee28855a-1695-446b-b49e-2ad700ef2972
*** Element info: {Using=name, value=fieldValue}
2020/07/14 17:41:33:333 DEBUG com.sinosoft.test.base.TestBase:76 - Trying to find Element By : By.name: fieldValue
2020/07/14 17:41:35:594 DEBUG com.sinosoft.test.base.TestBase:66 - 系统自动捕获异常：Exception occured: org.openqa.selenium.NoSuchElementException: Unable to find element with css selector == *[name='fieldValue']
For documentation on this error, please visit: http://seleniumhq.org/exceptions/no_such_element.html
Build info: version: '3.9.0', revision: '698b3178f0', time: '2018-02-05T14:26:55.441Z'
System info: host: 'DESKTOP-I9S3ABE', ip: '100.100.99.142', os.name: 'Windows 10', os.arch: 'amd64', os.version: '10.0', java.version: '1.8.0_101'
Driver info: org.openqa.selenium.ie.InternetExplorerDriver
Capabilities {acceptInsecureCerts: false, browserName: internet explorer, browserVersion: 11, javascriptEnabled: true, pageLoadStrategy: normal, platform: WINDOWS, platformName: WINDOWS, proxy: Proxy(), se:ieOptions: {browserAttachTimeout: 0, elementScrollBehavior: 0, enablePersistentHover: true, ie.browserCommandLineSwitches: , ie.ensureCleanSession: false, ie.fileUploadDialogTimeout: 3000, ie.forceCreateProcessApi: false, ignoreProtectedModeSettings: true, ignoreZoomSetting: false, initialBrowserUrl: http://localhost:18257/, nativeEvents: true, requireWindowFocus: false}, setWindowRect: true, timeouts: {implicit: 0, pageLoad: 300000, script: 30000}, unhandledPromptBehavior: ignore}
Session ID: ee28855a-1695-446b-b49e-2ad700ef2972
*** Element info: {Using=name, value=fieldValue}
2020/07/14 17:41:35:596  INFO com.sinosoft.test.base.TestBase:68 - 异常的message 是：Unable to find element with css selector == *[name='fieldValue']
For documentation on this error, please visit: http://seleniumhq.org/exceptions/no_such_element.html
Build info: version: '3.9.0', revision: '698b3178f0', time: '2018-02-05T14:26:55.441Z'
System info: host: 'DESKTOP-I9S3ABE', ip: '100.100.99.142', os.name: 'Windows 10', os.arch: 'amd64', os.version: '10.0', java.version: '1.8.0_101'
Driver info: org.openqa.selenium.ie.InternetExplorerDriver
Capabilities {acceptInsecureCerts: false, browserName: internet explorer, browserVersion: 11, javascriptEnabled: true, pageLoadStrategy: normal, platform: WINDOWS, platformName: WINDOWS, proxy: Proxy(), se:ieOptions: {browserAttachTimeout: 0, elementScrollBehavior: 0, enablePersistentHover: true, ie.browserCommandLineSwitches: , ie.ensureCleanSession: false, ie.fileUploadDialogTimeout: 3000, ie.forceCreateProcessApi: false, ignoreProtectedModeSettings: true, ignoreZoomSetting: false, initialBrowserUrl: http://localhost:18257/, nativeEvents: true, requireWindowFocus: false}, setWindowRect: true, timeouts: {implicit: 0, pageLoad: 300000, script: 30000}, unhandledPromptBehavior: ignore}
Session ID: ee28855a-1695-446b-b49e-2ad700ef2972
*** Element info: {Using=name, value=fieldValue}
2020/07/14 17:41:35:847 DEBUG com.sinosoft.test.base.TestBase:76 - Trying to find Element By : By.name: fieldValue
2020/07/14 17:41:38:450 DEBUG com.sinosoft.test.base.TestBase:66 - 系统自动捕获异常：Exception occured: org.openqa.selenium.NoSuchElementException: Unable to find element with css selector == *[name='fieldValue']
For documentation on this error, please visit: http://seleniumhq.org/exceptions/no_such_element.html
Build info: version: '3.9.0', revision: '698b3178f0', time: '2018-02-05T14:26:55.441Z'
System info: host: 'DESKTOP-I9S3ABE', ip: '100.100.99.142', os.name: 'Windows 10', os.arch: 'amd64', os.version: '10.0', java.version: '1.8.0_101'
Driver info: org.openqa.selenium.ie.InternetExplorerDriver
Capabilities {acceptInsecureCerts: false, browserName: internet explorer, browserVersion: 11, javascriptEnabled: true, pageLoadStrategy: normal, platform: WINDOWS, platformName: WINDOWS, proxy: Proxy(), se:ieOptions: {browserAttachTimeout: 0, elementScrollBehavior: 0, enablePersistentHover: true, ie.browserCommandLineSwitches: , ie.ensureCleanSession: false, ie.fileUploadDialogTimeout: 3000, ie.forceCreateProcessApi: false, ignoreProtectedModeSettings: true, ignoreZoomSetting: false, initialBrowserUrl: http://localhost:18257/, nativeEvents: true, requireWindowFocus: false}, setWindowRect: true, timeouts: {implicit: 0, pageLoad: 300000, script: 30000}, unhandledPromptBehavior: ignore}
Session ID: ee28855a-1695-446b-b49e-2ad700ef2972
*** Element info: {Using=name, value=fieldValue}
2020/07/14 17:41:38:452  INFO com.sinosoft.test.base.TestBase:68 - 异常的message 是：Unable to find element with css selector == *[name='fieldValue']
For documentation on this error, please visit: http://seleniumhq.org/exceptions/no_such_element.html
Build info: version: '3.9.0', revision: '698b3178f0', time: '2018-02-05T14:26:55.441Z'
System info: host: 'DESKTOP-I9S3ABE', ip: '100.100.99.142', os.name: 'Windows 10', os.arch: 'amd64', os.version: '10.0', java.version: '1.8.0_101'
Driver info: org.openqa.selenium.ie.InternetExplorerDriver
Capabilities {acceptInsecureCerts: false, browserName: internet explorer, browserVersion: 11, javascriptEnabled: true, pageLoadStrategy: normal, platform: WINDOWS, platformName: WINDOWS, proxy: Proxy(), se:ieOptions: {browserAttachTimeout: 0, elementScrollBehavior: 0, enablePersistentHover: true, ie.browserCommandLineSwitches: , ie.ensureCleanSession: false, ie.fileUploadDialogTimeout: 3000, ie.forceCreateProcessApi: false, ignoreProtectedModeSettings: true, ignoreZoomSetting: false, initialBrowserUrl: http://localhost:18257/, nativeEvents: true, requireWindowFocus: false}, setWindowRect: true, timeouts: {implicit: 0, pageLoad: 300000, script: 30000}, unhandledPromptBehavior: ignore}
Session ID: ee28855a-1695-446b-b49e-2ad700ef2972
*** Element info: {Using=name, value=fieldValue}
2020/07/14 17:41:38:705 DEBUG com.sinosoft.test.base.TestBase:76 - Trying to find Element By : By.name: fieldValue
2020/07/14 17:41:41:132 DEBUG com.sinosoft.test.base.TestBase:66 - 系统自动捕获异常：Exception occured: org.openqa.selenium.NoSuchElementException: Unable to find element with css selector == *[name='fieldValue']
For documentation on this error, please visit: http://seleniumhq.org/exceptions/no_such_element.html
Build info: version: '3.9.0', revision: '698b3178f0', time: '2018-02-05T14:26:55.441Z'
System info: host: 'DESKTOP-I9S3ABE', ip: '100.100.99.142', os.name: 'Windows 10', os.arch: 'amd64', os.version: '10.0', java.version: '1.8.0_101'
Driver info: org.openqa.selenium.ie.InternetExplorerDriver
Capabilities {acceptInsecureCerts: false, browserName: internet explorer, browserVersion: 11, javascriptEnabled: true, pageLoadStrategy: normal, platform: WINDOWS, platformName: WINDOWS, proxy: Proxy(), se:ieOptions: {browserAttachTimeout: 0, elementScrollBehavior: 0, enablePersistentHover: true, ie.browserCommandLineSwitches: , ie.ensureCleanSession: false, ie.fileUploadDialogTimeout: 3000, ie.forceCreateProcessApi: false, ignoreProtectedModeSettings: true, ignoreZoomSetting: false, initialBrowserUrl: http://localhost:18257/, nativeEvents: true, requireWindowFocus: false}, setWindowRect: true, timeouts: {implicit: 0, pageLoad: 300000, script: 30000}, unhandledPromptBehavior: ignore}
Session ID: ee28855a-1695-446b-b49e-2ad700ef2972
*** Element info: {Using=name, value=fieldValue}
2020/07/14 17:41:41:133  INFO com.sinosoft.test.base.TestBase:68 - 异常的message 是：Unable to find element with css selector == *[name='fieldValue']
For documentation on this error, please visit: http://seleniumhq.org/exceptions/no_such_element.html
Build info: version: '3.9.0', revision: '698b3178f0', time: '2018-02-05T14:26:55.441Z'
System info: host: 'DESKTOP-I9S3ABE', ip: '100.100.99.142', os.name: 'Windows 10', os.arch: 'amd64', os.version: '10.0', java.version: '1.8.0_101'
Driver info: org.openqa.selenium.ie.InternetExplorerDriver
Capabilities {acceptInsecureCerts: false, browserName: internet explorer, browserVersion: 11, javascriptEnabled: true, pageLoadStrategy: normal, platform: WINDOWS, platformName: WINDOWS, proxy: Proxy(), se:ieOptions: {browserAttachTimeout: 0, elementScrollBehavior: 0, enablePersistentHover: true, ie.browserCommandLineSwitches: , ie.ensureCleanSession: false, ie.fileUploadDialogTimeout: 3000, ie.forceCreateProcessApi: false, ignoreProtectedModeSettings: true, ignoreZoomSetting: false, initialBrowserUrl: http://localhost:18257/, nativeEvents: true, requireWindowFocus: false}, setWindowRect: true, timeouts: {implicit: 0, pageLoad: 300000, script: 30000}, unhandledPromptBehavior: ignore}
Session ID: ee28855a-1695-446b-b49e-2ad700ef2972
*** Element info: {Using=name, value=fieldValue}
2020/07/14 17:41:41:386 DEBUG com.sinosoft.test.base.TestBase:76 - Trying to find Element By : By.name: fieldValue
2020/07/14 17:41:43:531 DEBUG com.sinosoft.test.base.TestBase:66 - 系统自动捕获异常：Exception occured: org.openqa.selenium.NoSuchElementException: Unable to find element with css selector == *[name='fieldValue']
For documentation on this error, please visit: http://seleniumhq.org/exceptions/no_such_element.html
Build info: version: '3.9.0', revision: '698b3178f0', time: '2018-02-05T14:26:55.441Z'
System info: host: 'DESKTOP-I9S3ABE', ip: '100.100.99.142', os.name: 'Windows 10', os.arch: 'amd64', os.version: '10.0', java.version: '1.8.0_101'
Driver info: org.openqa.selenium.ie.InternetExplorerDriver
Capabilities {acceptInsecureCerts: false, browserName: internet explorer, browserVersion: 11, javascriptEnabled: true, pageLoadStrategy: normal, platform: WINDOWS, platformName: WINDOWS, proxy: Proxy(), se:ieOptions: {browserAttachTimeout: 0, elementScrollBehavior: 0, enablePersistentHover: true, ie.browserCommandLineSwitches: , ie.ensureCleanSession: false, ie.fileUploadDialogTimeout: 3000, ie.forceCreateProcessApi: false, ignoreProtectedModeSettings: true, ignoreZoomSetting: false, initialBrowserUrl: http://localhost:18257/, nativeEvents: true, requireWindowFocus: false}, setWindowRect: true, timeouts: {implicit: 0, pageLoad: 300000, script: 30000}, unhandledPromptBehavior: ignore}
Session ID: ee28855a-1695-446b-b49e-2ad700ef2972
*** Element info: {Using=name, value=fieldValue}
2020/07/14 17:41:43:533  INFO com.sinosoft.test.base.TestBase:68 - 异常的message 是：Unable to find element with css selector == *[name='fieldValue']
For documentation on this error, please visit: http://seleniumhq.org/exceptions/no_such_element.html
Build info: version: '3.9.0', revision: '698b3178f0', time: '2018-02-05T14:26:55.441Z'
System info: host: 'DESKTOP-I9S3ABE', ip: '100.100.99.142', os.name: 'Windows 10', os.arch: 'amd64', os.version: '10.0', java.version: '1.8.0_101'
Driver info: org.openqa.selenium.ie.InternetExplorerDriver
Capabilities {acceptInsecureCerts: false, browserName: internet explorer, browserVersion: 11, javascriptEnabled: true, pageLoadStrategy: normal, platform: WINDOWS, platformName: WINDOWS, proxy: Proxy(), se:ieOptions: {browserAttachTimeout: 0, elementScrollBehavior: 0, enablePersistentHover: true, ie.browserCommandLineSwitches: , ie.ensureCleanSession: false, ie.fileUploadDialogTimeout: 3000, ie.forceCreateProcessApi: false, ignoreProtectedModeSettings: true, ignoreZoomSetting: false, initialBrowserUrl: http://localhost:18257/, nativeEvents: true, requireWindowFocus: false}, setWindowRect: true, timeouts: {implicit: 0, pageLoad: 300000, script: 30000}, unhandledPromptBehavior: ignore}
Session ID: ee28855a-1695-446b-b49e-2ad700ef2972
*** Element info: {Using=name, value=fieldValue}
2020/07/14 17:41:43:787 DEBUG com.sinosoft.test.base.TestBase:76 - Trying to find Element By : By.name: fieldValue
2020/07/14 17:41:46:071 DEBUG com.sinosoft.test.base.TestBase:66 - 系统自动捕获异常：Exception occured: org.openqa.selenium.NoSuchElementException: Unable to find element with css selector == *[name='fieldValue']
For documentation on this error, please visit: http://seleniumhq.org/exceptions/no_such_element.html
Build info: version: '3.9.0', revision: '698b3178f0', time: '2018-02-05T14:26:55.441Z'
System info: host: 'DESKTOP-I9S3ABE', ip: '100.100.99.142', os.name: 'Windows 10', os.arch: 'amd64', os.version: '10.0', java.version: '1.8.0_101'
Driver info: org.openqa.selenium.ie.InternetExplorerDriver
Capabilities {acceptInsecureCerts: false, browserName: internet explorer, browserVersion: 11, javascriptEnabled: true, pageLoadStrategy: normal, platform: WINDOWS, platformName: WINDOWS, proxy: Proxy(), se:ieOptions: {browserAttachTimeout: 0, elementScrollBehavior: 0, enablePersistentHover: true, ie.browserCommandLineSwitches: , ie.ensureCleanSession: false, ie.fileUploadDialogTimeout: 3000, ie.forceCreateProcessApi: false, ignoreProtectedModeSettings: true, ignoreZoomSetting: false, initialBrowserUrl: http://localhost:18257/, nativeEvents: true, requireWindowFocus: false}, setWindowRect: true, timeouts: {implicit: 0, pageLoad: 300000, script: 30000}, unhandledPromptBehavior: ignore}
Session ID: ee28855a-1695-446b-b49e-2ad700ef2972
*** Element info: {Using=name, value=fieldValue}
2020/07/14 17:41:46:071  INFO com.sinosoft.test.base.TestBase:68 - 异常的message 是：Unable to find element with css selector == *[name='fieldValue']
For documentation on this error, please visit: http://seleniumhq.org/exceptions/no_such_element.html
Build info: version: '3.9.0', revision: '698b3178f0', time: '2018-02-05T14:26:55.441Z'
System info: host: 'DESKTOP-I9S3ABE', ip: '100.100.99.142', os.name: 'Windows 10', os.arch: 'amd64', os.version: '10.0', java.version: '1.8.0_101'
Driver info: org.openqa.selenium.ie.InternetExplorerDriver
Capabilities {acceptInsecureCerts: false, browserName: internet explorer, browserVersion: 11, javascriptEnabled: true, pageLoadStrategy: normal, platform: WINDOWS, platformName: WINDOWS, proxy: Proxy(), se:ieOptions: {browserAttachTimeout: 0, elementScrollBehavior: 0, enablePersistentHover: true, ie.browserCommandLineSwitches: , ie.ensureCleanSession: false, ie.fileUploadDialogTimeout: 3000, ie.forceCreateProcessApi: false, ignoreProtectedModeSettings: true, ignoreZoomSetting: false, initialBrowserUrl: http://localhost:18257/, nativeEvents: true, requireWindowFocus: false}, setWindowRect: true, timeouts: {implicit: 0, pageLoad: 300000, script: 30000}, unhandledPromptBehavior: ignore}
Session ID: ee28855a-1695-446b-b49e-2ad700ef2972
*** Element info: {Using=name, value=fieldValue}
2020/07/14 17:41:46:072  INFO com.sinosoft.test.base.TestBase:129 - 执行测试用例发生了异常，开始截屏
org.openqa.selenium.NoSuchElementException: Timed out after 10 seconds. Unable to locate the element
	at org.openqa.selenium.support.pagefactory.AjaxElementLocator.findElement(AjaxElementLocator.java:91)
	at org.openqa.selenium.support.pagefactory.internal.LocatingElementHandler.invoke(LocatingElementHandler.java:38)
	at com.sun.proxy.$Proxy12.clear(Unknown Source)
	at com.sinosoft.test.base.TestBase.setEditboxValue(TestBase.java:361)
	at com.sinosoft.test.fccp.common.CodeSelectPage.selectByCodes(CodeSelectPage.java:45)
	at com.sinosoft.test.fccp.common.FccbBase.CodeSelect(FccbBase.java:46)
	at com.sinosoft.test.fccp.tbcl.BasicInfoPage.inputSalesInfoAction(BasicInfoPage.java:348)
	at com.sinosoft.test.fccp.tbcl.BasicInfoPage.inputSalesInfoAction(BasicInfoPage.java:363)
	at com.sinosoft.testcases.fccb.TBGLTestCase.FCCB_TBCL(TBGLTestCase.java:96)
	at sun.reflect.NativeMethodAccessorImpl.invoke0(Native Method)
	at sun.reflect.NativeMethodAccessorImpl.invoke(NativeMethodAccessorImpl.java:62)
	at sun.reflect.DelegatingMethodAccessorImpl.invoke(DelegatingMethodAccessorImpl.java:43)
	at java.lang.reflect.Method.invoke(Method.java:498)
	at org.testng.internal.MethodInvocationHelper.invokeMethod(MethodInvocationHelper.java:108)
	at org.testng.internal.Invoker.invokeMethod(Invoker.java:661)
	at org.testng.internal.Invoker.invokeTestMethod(Invoker.java:869)
	at org.testng.internal.Invoker.invokeTestMethods(Invoker.java:1193)
	at org.testng.internal.TestMethodWorker.invokeTestMethods(TestMethodWorker.java:126)
	at org.testng.internal.TestMethodWorker.run(TestMethodWorker.java:109)
	at org.testng.TestRunner.privateRun(TestRunner.java:744)
	at org.testng.TestRunner.run(TestRunner.java:602)
	at org.testng.SuiteRunner.runTest(SuiteRunner.java:380)
	at org.testng.SuiteRunner.runSequentially(SuiteRunner.java:375)
	at org.testng.SuiteRunner.privateRun(SuiteRunner.java:340)
	at org.testng.SuiteRunner.run(SuiteRunner.java:289)
	at org.testng.SuiteRunnerWorker.runSuite(SuiteRunnerWorker.java:52)
	at org.testng.SuiteRunnerWorker.run(SuiteRunnerWorker.java:86)
	at org.testng.TestNG.runSuitesSequentially(TestNG.java:1301)
	at org.testng.TestNG.runSuitesLocally(TestNG.java:1226)
	at org.testng.TestNG.runSuites(TestNG.java:1144)
	at org.testng.TestNG.run(TestNG.java:1115)
	at org.apache.maven.surefire.testng.TestNGExecutor.run(TestNGExecutor.java:283)
	at org.apache.maven.surefire.testng.TestNGXmlTestSuite.execute(TestNGXmlTestSuite.java:75)
	at org.apache.maven.surefire.testng.TestNGProvider.invoke(TestNGProvider.java:120)
	at org.apache.maven.surefire.booter.ForkedBooter.invokeProviderInSameClassLoader(ForkedBooter.java:384)
	at org.apache.maven.surefire.booter.ForkedBooter.runSuitesInProcess(ForkedBooter.java:345)
	at org.apache.maven.surefire.booter.ForkedBooter.execute(ForkedBooter.java:126)
	at org.apache.maven.surefire.booter.ForkedBooter.main(ForkedBooter.java:418)
Caused by: org.openqa.selenium.NoSuchElementException: Unable to find element with css selector == *[name='fieldValue']
For documentation on this error, please visit: http://seleniumhq.org/exceptions/no_such_element.html
Build info: version: '3.9.0', revision: '698b3178f0', time: '2018-02-05T14:26:55.441Z'
System info: host: 'DESKTOP-I9S3ABE', ip: '100.100.99.142', os.name: 'Windows 10', os.arch: 'amd64', os.version: '10.0', java.version: '1.8.0_101'
Driver info: org.openqa.selenium.ie.InternetExplorerDriver
Capabilities {acceptInsecureCerts: false, browserName: internet explorer, browserVersion: 11, javascriptEnabled: true, pageLoadStrategy: normal, platform: WINDOWS, platformName: WINDOWS, proxy: Proxy(), se:ieOptions: {browserAttachTimeout: 0, elementScrollBehavior: 0, enablePersistentHover: true, ie.browserCommandLineSwitches: , ie.ensureCleanSession: false, ie.fileUploadDialogTimeout: 3000, ie.forceCreateProcessApi: false, ignoreProtectedModeSettings: true, ignoreZoomSetting: false, initialBrowserUrl: http://localhost:18257/, nativeEvents: true, requireWindowFocus: false}, setWindowRect: true, timeouts: {implicit: 0, pageLoad: 300000, script: 30000}, unhandledPromptBehavior: ignore}
Session ID: ee28855a-1695-446b-b49e-2ad700ef2972
*** Element info: {Using=name, value=fieldValue}
	at sun.reflect.NativeConstructorAccessorImpl.newInstance0(Native Method)
	at sun.reflect.NativeConstructorAccessorImpl.newInstance(NativeConstructorAccessorImpl.java:62)
	at sun.reflect.DelegatingConstructorAccessorImpl.newInstance(DelegatingConstructorAccessorImpl.java:45)
	at java.lang.reflect.Constructor.newInstance(Constructor.java:423)
	at org.openqa.selenium.remote.http.W3CHttpResponseCodec.createException(W3CHttpResponseCodec.java:187)
	at org.openqa.selenium.remote.http.W3CHttpResponseCodec.decode(W3CHttpResponseCodec.java:122)
	at org.openqa.selenium.remote.http.W3CHttpResponseCodec.decode(W3CHttpResponseCodec.java:49)
	at org.openqa.selenium.remote.HttpCommandExecutor.execute(HttpCommandExecutor.java:160)
	at org.openqa.selenium.remote.service.DriverCommandExecutor.execute(DriverCommandExecutor.java:83)
	at org.openqa.selenium.remote.RemoteWebDriver.execute(RemoteWebDriver.java:601)
	at org.openqa.selenium.remote.RemoteWebDriver.findElement(RemoteWebDriver.java:371)
	at org.openqa.selenium.remote.RemoteWebDriver.findElementByName(RemoteWebDriver.java:449)
	at org.openqa.selenium.By$ByName.findElement(By.java:303)
	at org.openqa.selenium.remote.RemoteWebDriver.findElement(RemoteWebDriver.java:363)
	at sun.reflect.GeneratedMethodAccessor3.invoke(Unknown Source)
	at sun.reflect.DelegatingMethodAccessorImpl.invoke(DelegatingMethodAccessorImpl.java:43)
	at java.lang.reflect.Method.invoke(Method.java:498)
	at org.openqa.selenium.support.events.EventFiringWebDriver$2.invoke(EventFiringWebDriver.java:108)
	at com.sun.proxy.$Proxy8.findElement(Unknown Source)
	at org.openqa.selenium.support.events.EventFiringWebDriver.findElement(EventFiringWebDriver.java:192)
	at org.openqa.selenium.support.pagefactory.DefaultElementLocator.findElement(DefaultElementLocator.java:69)
	at org.openqa.selenium.support.pagefactory.AjaxElementLocator.access$001(AjaxElementLocator.java:41)
	at org.openqa.selenium.support.pagefactory.AjaxElementLocator$SlowLoadingElement.isLoaded(AjaxElementLocator.java:157)
	at org.openqa.selenium.support.ui.SlowLoadableComponent.get(SlowLoadableComponent.java:69)
	at org.openqa.selenium.support.pagefactory.AjaxElementLocator.findElement(AjaxElementLocator.java:87)
	... 37 more
2020/07/14 17:41:46:073 DEBUG com.sinosoft.test.base.TestBase:88 - 截屏文件名字是：FCCB_TB_JCX_1_异常截屏
2020/07/14 17:41:46:329  INFO com.sinosoft.test.base.TestBase:133 - 执行测试用例发生了异常，截屏结束！
2020/07/14 17:41:46:336  INFO com.sinosoft.test.base.TestBase:136 - 进入Finally事件:RowID:2
2020/07/14 17:41:46:337  INFO com.sinosoft.test.base.TestBase:137 - 进入Finally事件:testCaseName:FCCB_TBCL
2020/07/14 17:41:46:337  INFO com.sinosoft.test.base.TestBase:138 - 进入Finally事件:proposalNumber:06201900101202000000000084
2020/07/14 17:41:46:337  INFO com.sinosoft.test.base.TestBase:139 - 进入Finally事件:message:未知异常Timed out after 10 seconds. Unable to locate the element
2020/07/14 17:41:46:337  INFO com.sinosoft.test.base.TestBase:140 - 进入Finally事件:screenshot:C:\Users\liu-b\git\PageObjectModel\screenshots\FCCB_TB_JCX_1_异常截屏_20200714054146303.png
2020/07/14 17:41:47:074 DEBUG freemarker.cache:45 - Couldn't find template in cache for "index.ftl"("en", UTF-8, parsed); will try to load it.
2020/07/14 17:41:47:075 DEBUG freemarker.cache:45 - TemplateLoader.findTemplateSource("index_en.ftl"): Not found
2020/07/14 17:41:47:081 DEBUG freemarker.cache:45 - TemplateLoader.findTemplateSource("index.ftl"): Found
2020/07/14 17:41:47:083 DEBUG freemarker.cache:45 - Loading template for "index.ftl"("en", UTF-8, parsed) from "jar:file:/C:/Users/liu-b/.m2/repository/com/aventstack/extentreports/3.1.3/extentreports-3.1.3.jar!/com/aventstack/extentreports/view/html-report/index.ftl"
2020/07/14 17:41:47:566 DEBUG freemarker.cache:45 - Couldn't find template in cache for "head.ftl"("en", UTF-8, parsed); will try to load it.
2020/07/14 17:41:47:567 DEBUG freemarker.cache:45 - TemplateLoader.findTemplateSource("head_en.ftl"): Not found
2020/07/14 17:41:47:568 DEBUG freemarker.cache:45 - TemplateLoader.findTemplateSource("head.ftl"): Found
2020/07/14 17:41:47:569 DEBUG freemarker.cache:45 - Loading template for "head.ftl"("en", UTF-8, parsed) from "jar:file:/C:/Users/liu-b/.m2/repository/com/aventstack/extentreports/3.1.3/extentreports-3.1.3.jar!/com/aventstack/extentreports/view/html-report/head.ftl"
2020/07/14 17:41:47:573 DEBUG freemarker.cache:45 - Couldn't find template in cache for "nav.ftl"("en", UTF-8, parsed); will try to load it.
2020/07/14 17:41:47:574 DEBUG freemarker.cache:45 - TemplateLoader.findTemplateSource("nav_en.ftl"): Not found
2020/07/14 17:41:47:575 DEBUG freemarker.cache:45 - TemplateLoader.findTemplateSource("nav.ftl"): Found
2020/07/14 17:41:47:575 DEBUG freemarker.cache:45 - Loading template for "nav.ftl"("en", UTF-8, parsed) from "jar:file:/C:/Users/liu-b/.m2/repository/com/aventstack/extentreports/3.1.3/extentreports-3.1.3.jar!/com/aventstack/extentreports/view/html-report/nav.ftl"
2020/07/14 17:41:47:597 DEBUG freemarker.cache:45 - Couldn't find template in cache for "test-view/test-view.ftl"("en", UTF-8, parsed); will try to load it.
2020/07/14 17:41:47:599 DEBUG freemarker.cache:45 - TemplateLoader.findTemplateSource("test-view/test-view_en.ftl"): Not found
2020/07/14 17:41:47:600 DEBUG freemarker.cache:45 - TemplateLoader.findTemplateSource("test-view/test-view.ftl"): Found
2020/07/14 17:41:47:601 DEBUG freemarker.cache:45 - Loading template for "test-view/test-view.ftl"("en", UTF-8, parsed) from "jar:file:/C:/Users/liu-b/.m2/repository/com/aventstack/extentreports/3.1.3/extentreports-3.1.3.jar!/com/aventstack/extentreports/view/html-report/test-view/test-view.ftl"
2020/07/14 17:41:47:619 DEBUG freemarker.cache:45 - Couldn't find template in cache for "test-view/test-view-charts.ftl"("en", UTF-8, parsed); will try to load it.
2020/07/14 17:41:47:620 DEBUG freemarker.cache:45 - TemplateLoader.findTemplateSource("test-view/test-view-charts_en.ftl"): Not found
2020/07/14 17:41:47:621 DEBUG freemarker.cache:45 - TemplateLoader.findTemplateSource("test-view/test-view-charts.ftl"): Found
2020/07/14 17:41:47:621 DEBUG freemarker.cache:45 - Loading template for "test-view/test-view-charts.ftl"("en", UTF-8, parsed) from "jar:file:/C:/Users/liu-b/.m2/repository/com/aventstack/extentreports/3.1.3/extentreports-3.1.3.jar!/com/aventstack/extentreports/view/html-report/test-view/test-view-charts.ftl"
2020/07/14 17:41:47:653 DEBUG freemarker.cache:45 - Couldn't find template in cache for "test-view/standard.ftl"("en", UTF-8, parsed); will try to load it.
2020/07/14 17:41:47:654 DEBUG freemarker.cache:45 - TemplateLoader.findTemplateSource("test-view/standard_en.ftl"): Not found
2020/07/14 17:41:47:655 DEBUG freemarker.cache:45 - TemplateLoader.findTemplateSource("test-view/standard.ftl"): Found
2020/07/14 17:41:47:656 DEBUG freemarker.cache:45 - Loading template for "test-view/standard.ftl"("en", UTF-8, parsed) from "jar:file:/C:/Users/liu-b/.m2/repository/com/aventstack/extentreports/3.1.3/extentreports-3.1.3.jar!/com/aventstack/extentreports/view/html-report/test-view/standard.ftl"
2020/07/14 17:41:47:690 DEBUG freemarker.cache:45 - Couldn't find template in cache for "category-view/category-view.ftl"("en", UTF-8, parsed); will try to load it.
2020/07/14 17:41:47:690 DEBUG freemarker.cache:45 - TemplateLoader.findTemplateSource("category-view/category-view_en.ftl"): Not found
2020/07/14 17:41:47:691 DEBUG freemarker.cache:45 - TemplateLoader.findTemplateSource("category-view/category-view.ftl"): Found
2020/07/14 17:41:47:691 DEBUG freemarker.cache:45 - Loading template for "category-view/category-view.ftl"("en", UTF-8, parsed) from "jar:file:/C:/Users/liu-b/.m2/repository/com/aventstack/extentreports/3.1.3/extentreports-3.1.3.jar!/com/aventstack/extentreports/view/html-report/category-view/category-view.ftl"
2020/07/14 17:41:47:701 DEBUG freemarker.cache:45 - Couldn't find template in cache for "author-view/author-view.ftl"("en", UTF-8, parsed); will try to load it.
2020/07/14 17:41:47:703 DEBUG freemarker.cache:45 - TemplateLoader.findTemplateSource("author-view/author-view_en.ftl"): Not found
2020/07/14 17:41:47:703 DEBUG freemarker.cache:45 - TemplateLoader.findTemplateSource("author-view/author-view.ftl"): Found
2020/07/14 17:41:47:704 DEBUG freemarker.cache:45 - Loading template for "author-view/author-view.ftl"("en", UTF-8, parsed) from "jar:file:/C:/Users/liu-b/.m2/repository/com/aventstack/extentreports/3.1.3/extentreports-3.1.3.jar!/com/aventstack/extentreports/view/html-report/author-view/author-view.ftl"
2020/07/14 17:41:47:714 DEBUG freemarker.cache:45 - Couldn't find template in cache for "exception-view/exception-view.ftl"("en", UTF-8, parsed); will try to load it.
2020/07/14 17:41:47:718 DEBUG freemarker.cache:45 - TemplateLoader.findTemplateSource("exception-view/exception-view_en.ftl"): Not found
2020/07/14 17:41:47:720 DEBUG freemarker.cache:45 - TemplateLoader.findTemplateSource("exception-view/exception-view.ftl"): Found
2020/07/14 17:41:47:721 DEBUG freemarker.cache:45 - Loading template for "exception-view/exception-view.ftl"("en", UTF-8, parsed) from "jar:file:/C:/Users/liu-b/.m2/repository/com/aventstack/extentreports/3.1.3/extentreports-3.1.3.jar!/com/aventstack/extentreports/view/html-report/exception-view/exception-view.ftl"
2020/07/14 17:41:47:739 DEBUG freemarker.cache:45 - Couldn't find template in cache for "dashboard-view/dashboard-view.ftl"("en", UTF-8, parsed); will try to load it.
2020/07/14 17:41:47:740 DEBUG freemarker.cache:45 - TemplateLoader.findTemplateSource("dashboard-view/dashboard-view_en.ftl"): Not found
2020/07/14 17:41:47:741 DEBUG freemarker.cache:45 - TemplateLoader.findTemplateSource("dashboard-view/dashboard-view.ftl"): Found
2020/07/14 17:41:47:741 DEBUG freemarker.cache:45 - Loading template for "dashboard-view/dashboard-view.ftl"("en", UTF-8, parsed) from "jar:file:/C:/Users/liu-b/.m2/repository/com/aventstack/extentreports/3.1.3/extentreports-3.1.3.jar!/com/aventstack/extentreports/view/html-report/dashboard-view/dashboard-view.ftl"
2020/07/14 17:41:47:772 DEBUG freemarker.cache:45 - Couldn't find template in cache for "logs-view/testrunner-logs-view.ftl"("en", UTF-8, parsed); will try to load it.
2020/07/14 17:41:47:774 DEBUG freemarker.cache:45 - TemplateLoader.findTemplateSource("logs-view/testrunner-logs-view_en.ftl"): Not found
2020/07/14 17:41:47:777 DEBUG freemarker.cache:45 - TemplateLoader.findTemplateSource("logs-view/testrunner-logs-view.ftl"): Found
2020/07/14 17:41:47:778 DEBUG freemarker.cache:45 - Loading template for "logs-view/testrunner-logs-view.ftl"("en", UTF-8, parsed) from "jar:file:/C:/Users/liu-b/.m2/repository/com/aventstack/extentreports/3.1.3/extentreports-3.1.3.jar!/com/aventstack/extentreports/view/html-report/logs-view/testrunner-logs-view.ftl"
2020/07/14 17:48:54:738  INFO com.sinosoft.test.base.TestBase:59 - 配置文件路径：config.properties
2020/07/14 17:48:54:742 DEBUG com.sinosoft.test.base.TestBase:69 - 初始化class com.sinosoft.testcases.fccb.TBGLTestCase
2020/07/14 17:48:54:797 DEBUG com.sinosoft.test.base.TestBase:69 - 初始化class com.sinosoft.test.util.ExcelDataProvider
2020/07/14 17:48:55:609  INFO com.sinosoft.test.base.TestBase:80 - 当前文件里面一共有数据：4
2020/07/14 17:48:55:646  INFO com.sinosoft.test.base.TestBase:91 - start InternetExplorerDriver
2020/07/14 17:48:58:270 DEBUG com.sinosoft.test.base.TestBase:69 - 初始化class com.sinosoft.test.util.WebEventListener
2020/07/14 17:48:58:291  INFO com.sinosoft.test.base.TestBase:83 - 开始运行测试脚本，获取到的测试数据《getTBCLTestData》如下:
2020/07/14 17:48:58:292  INFO com.sinosoft.test.base.TestBase:84 - ROW_ID=2
ProcessFlag=Y
TestCaseName=FCCB_TB_JCX
TestCaseSeq=1
TestDescription=非车承保企财险-财产基本险-出单
riskClass=01
riskCode=0101
renewalInd=0
renewalPolicy=
prePay=
carrayOver=
carrayOverPolicy=
relatedInd=
relatedPolicy=
fbbs=
ywgs=01620190
qdlx=01
gdbs=0
xstd=T6201900101
ywy=S000000006
ywly=01010101
dljg=
xsxy=
cxywbs=HXXT
cdjg=
htzyjjfs=
jnwbz=
jw_country=
jw_Addr=
snbz=
sftkbd=0
sfdzbd=0
sfxb=0
fxqkyjytz=
sfydyw=
sfsn=
xbbdh=
tbr_lx=2
tbr_mc=
tbr_vip=
tbr_dm=G6200019984
tbr_zjlx=
tbr_zjhm=
tbr_sj=
tbr_csrq=
tbr_lxdz=
tbr_dwdh=010-67549095-456
lxr_xm=
lxr_xb=
lxr_zw=
lxr_sj=
lxr_yx=
xzsyfw=1
tqmc=
qbrq=
zbrq=
lgbbz=1
yyzdbz=1
sfgxdm=1
cbdq=
zzfwlx=0
hydl=12
hyxl=12006
jqbm=121121123123
bbdm=CNY
sf=130000
cs=130300
qx=130302
yb=065201
jzdj=01
bxcs=北戴河公园
bdw_jd=金融街街道
bdw_yyxz=
bdw_sfhyf=
bdw_fxlx=
bdw_sbmc=
bdw_cjh=
bdw_fdjh=
bdw_cjdjrq=
bdw_cllx=
bdw_cpcx=
bdw_sccj=
bdw_gzjz=
bdw_sgzyqy=
bdw_zylx=
bdw=010001
bdwmx=碣石公园礁石群
xbdm=0101001
jrbe=1
jzfs=10
bxje=2000000
bffl=0.5
dqflbz=2
ysbf=400
yyzd_zdpcg=24
yyzd_sndmlrze=6000000
yyzd_sndyye=20000000
yyzd_bdw=010056
yyzd_bdwmx=
yyzd_xbdm=0105001
yyzd_jrbe=1
yyzd_jzfs=18
yyzd_bxje=200000
yyzd_bffl=3
yyzd_dqflbz=3
yyzd_ysbf=4000
fsh=6
xsfdj=B
xsfxs=2
jgx_sf=
jgx_cs=
jgx_qx=
jgx_gcdd=
jgx_bb=
jgx_gcmc=
jgx_gclx_1=
jgx_gclx_2=
jgx_gclx_3=
jgx_gclx_4=
jgx_gclx_5=
jgx_gclx_6=
jgx_yzssjt=
jgx_yz=
jgx_cbs_ssjt=
jgx_cbs=
jgx_gchth=
jgx_gcjz=
jgx_gcqsrq=
jgx_gczzrq=
jgx_gcfw=
jgx_scqqsrq=
jgx_scqzzrq=
jgx_bzqqsrq=
jgx_bzqzzrq=
jgx_ws_xmlbdm=
jgx_ws_jrbe=
jgx_ws_bxje=
jgx_ws_fl=
jgx_ws_dqflbz=
jgx_ws_ysbf=
jgx_sz_xbdm=
jgx_sz_jrbe=
jgx_sz_ljpcxe=
jgx_sz_fv=
jgx_sz_dqflbz=
jgx_sz_ysbf=
proposalNumber=06201900101202000000000084
message=未知异常Timed out after 10 seconds. Unable to locate the element
screenshot=C:\Users\liu-b\git\PageObjectModel\screenshots\FCCB_TB_JCX_1_异常截屏_20200714054146303.png
testCaseName=FCCB_TBCL

2020/07/14 17:48:58:297 DEBUG com.sinosoft.test.base.TestBase:69 - 初始化class com.sinosoft.test.fccp.common.LoginPage
2020/07/14 17:49:03:323 DEBUG com.sinosoft.test.base.TestBase:26 - Before navigating to: 'http://tvfchxyw.ypic.cn'
2020/07/14 17:49:03:805 DEBUG com.sinosoft.test.base.TestBase:30 - Navigated to:'http://tvfchxyw.ypic.cn'
2020/07/14 17:49:03:806 DEBUG com.sinosoft.test.base.TestBase:76 - Trying to find Element By : By.id: username
2020/07/14 17:49:04:117 DEBUG com.sinosoft.test.base.TestBase:80 - Found Element By : By.id: username
2020/07/14 17:49:04:130  INFO com.sinosoft.test.base.TestBase:360 - setEditboxValue:[[InternetExplorerDriver: internet explorer on WINDOWS (1c05102a-8820-4965-b068-75b37815fedd)] -> id: username]：policy1@ypic
2020/07/14 17:49:04:132 DEBUG com.sinosoft.test.base.TestBase:76 - Trying to find Element By : By.id: username
2020/07/14 17:49:04:453 DEBUG com.sinosoft.test.base.TestBase:80 - Found Element By : By.id: username
2020/07/14 17:49:05:054 DEBUG com.sinosoft.test.base.TestBase:76 - Trying to find Element By : By.id: username
2020/07/14 17:49:05:332 DEBUG com.sinosoft.test.base.TestBase:80 - Found Element By : By.id: username
2020/07/14 17:49:06:116 DEBUG com.sinosoft.test.base.TestBase:76 - Trying to find Element By : By.id: username
2020/07/14 17:49:06:448 DEBUG com.sinosoft.test.base.TestBase:80 - Found Element By : By.id: username
2020/07/14 17:49:06:449  INFO com.sinosoft.test.base.TestBase:363 - setEditboxValue—End:[[InternetExplorerDriver: internet explorer on WINDOWS (1c05102a-8820-4965-b068-75b37815fedd)] -> id: username]：policy1@ypic
2020/07/14 17:49:06:450 DEBUG com.sinosoft.test.base.TestBase:76 - Trying to find Element By : By.id: password
2020/07/14 17:49:06:691 DEBUG com.sinosoft.test.base.TestBase:80 - Found Element By : By.id: password
2020/07/14 17:49:06:693  INFO com.sinosoft.test.base.TestBase:360 - setEditboxValue:[[InternetExplorerDriver: internet explorer on WINDOWS (1c05102a-8820-4965-b068-75b37815fedd)] -> id: password]：ypic@1234
2020/07/14 17:49:06:694 DEBUG com.sinosoft.test.base.TestBase:76 - Trying to find Element By : By.id: password
2020/07/14 17:49:06:939 DEBUG com.sinosoft.test.base.TestBase:80 - Found Element By : By.id: password
2020/07/14 17:49:07:475 DEBUG com.sinosoft.test.base.TestBase:76 - Trying to find Element By : By.id: password
2020/07/14 17:49:07:771 DEBUG com.sinosoft.test.base.TestBase:80 - Found Element By : By.id: password
2020/07/14 17:49:08:315 DEBUG com.sinosoft.test.base.TestBase:76 - Trying to find Element By : By.id: password
2020/07/14 17:49:08:615 DEBUG com.sinosoft.test.base.TestBase:80 - Found Element By : By.id: password
2020/07/14 17:49:08:615  INFO com.sinosoft.test.base.TestBase:363 - setEditboxValue—End:[[InternetExplorerDriver: internet explorer on WINDOWS (1c05102a-8820-4965-b068-75b37815fedd)] -> id: password]：ypic@1234
2020/07/14 17:49:08:616 DEBUG com.sinosoft.test.base.TestBase:76 - Trying to find Element By : By.id: bt_submit
2020/07/14 17:49:08:914 DEBUG com.sinosoft.test.base.TestBase:80 - Found Element By : By.id: bt_submit
2020/07/14 17:49:08:915  INFO com.sinosoft.test.base.TestBase:402 - clickButton:[[InternetExplorerDriver: internet explorer on WINDOWS (1c05102a-8820-4965-b068-75b37815fedd)] -> id: bt_submit]
2020/07/14 17:49:08:915 DEBUG com.sinosoft.test.base.TestBase:76 - Trying to find Element By : By.id: bt_submit
2020/07/14 17:49:09:254 DEBUG com.sinosoft.test.base.TestBase:80 - Found Element By : By.id: bt_submit
2020/07/14 17:49:09:255 DEBUG com.sinosoft.test.base.TestBase:42 - Trying to click on: [[InternetExplorerDriver: internet explorer on WINDOWS (1c05102a-8820-4965-b068-75b37815fedd)] -> id: bt_submit]
2020/07/14 17:49:10:744 DEBUG com.sinosoft.test.base.TestBase:46 - Clicked on: [[InternetExplorerDriver: internet explorer on WINDOWS (1c05102a-8820-4965-b068-75b37815fedd)] -> id: bt_submit]
2020/07/14 17:49:10:754 DEBUG com.sinosoft.test.base.TestBase:76 - Trying to find Element By : By.xpath: //input[@value='继续登录']
2020/07/14 17:49:11:011 DEBUG com.sinosoft.test.base.TestBase:80 - Found Element By : By.xpath: //input[@value='继续登录']
2020/07/14 17:49:11:465  INFO com.sinosoft.test.base.TestBase:73 - 重复登录，发现继续登录按钮，强制登录ButtonName:[[InternetExplorerDriver: internet explorer on WINDOWS (1c05102a-8820-4965-b068-75b37815fedd)] -> xpath: //input[@value='继续登录']];Displayed：+true;Enabled=true
2020/07/14 17:49:11:466  INFO com.sinosoft.test.base.TestBase:402 - clickButton:[[InternetExplorerDriver: internet explorer on WINDOWS (1c05102a-8820-4965-b068-75b37815fedd)] -> xpath: //input[@value='继续登录']]
2020/07/14 17:49:11:467 DEBUG com.sinosoft.test.base.TestBase:42 - Trying to click on: [[InternetExplorerDriver: internet explorer on WINDOWS (1c05102a-8820-4965-b068-75b37815fedd)] -> xpath: //input[@value='继续登录']]
2020/07/14 17:49:14:166 DEBUG com.sinosoft.test.base.TestBase:46 - Clicked on: [[InternetExplorerDriver: internet explorer on WINDOWS (1c05102a-8820-4965-b068-75b37815fedd)] -> xpath: //input[@value='继续登录']]
2020/07/14 17:49:14:168 DEBUG com.sinosoft.test.base.TestBase:69 - 初始化class com.sinosoft.test.fccp.common.HomePage
2020/07/14 17:49:15:003 DEBUG com.sinosoft.test.base.TestBase:76 - Trying to find Element By : By.linkText: 承保子系统
2020/07/14 17:49:15:095 DEBUG com.sinosoft.test.base.TestBase:80 - Found Element By : By.linkText: 承保子系统
2020/07/14 17:49:15:095  INFO com.sinosoft.test.base.TestBase:144 - RunJavaScript:[[InternetExplorerDriver: internet explorer on WINDOWS (1c05102a-8820-4965-b068-75b37815fedd)] -> link text: 承保子系统]	arguments[0].click();
2020/07/14 17:49:15:430 DEBUG com.sinosoft.test.base.TestBase:76 - Trying to find Element By : By.linkText: 投保管理
2020/07/14 17:49:15:514 DEBUG com.sinosoft.test.base.TestBase:80 - Found Element By : By.linkText: 投保管理
2020/07/14 17:49:15:515  INFO com.sinosoft.test.base.TestBase:144 - RunJavaScript:[[InternetExplorerDriver: internet explorer on WINDOWS (1c05102a-8820-4965-b068-75b37815fedd)] -> link text: 投保管理]	arguments[0].click();
2020/07/14 17:49:15:858 DEBUG com.sinosoft.test.base.TestBase:76 - Trying to find Element By : By.linkText: 投保处理
2020/07/14 17:49:15:959 DEBUG com.sinosoft.test.base.TestBase:80 - Found Element By : By.linkText: 投保处理
2020/07/14 17:49:15:960  INFO com.sinosoft.test.base.TestBase:144 - RunJavaScript:[[InternetExplorerDriver: internet explorer on WINDOWS (1c05102a-8820-4965-b068-75b37815fedd)] -> link text: 投保处理]	arguments[0].click();
2020/07/14 17:49:16:274 DEBUG com.sinosoft.test.base.TestBase:69 - 初始化class com.sinosoft.test.fccp.tbcl.RiskSelectPage
2020/07/14 17:49:17:209 DEBUG com.sinosoft.test.base.TestBase:93 - 投保处理/险种选择
2020/07/14 17:49:17:212 DEBUG com.sinosoft.test.base.TestBase:76 - Trying to find Element By : By.name: riskClassTemp
2020/07/14 17:49:17:326 DEBUG com.sinosoft.test.base.TestBase:80 - Found Element By : By.name: riskClassTemp
2020/07/14 17:49:17:381 DEBUG com.sinosoft.test.base.TestBase:76 - Trying to find Element By : By.name: riskClassTemp
2020/07/14 17:49:17:511 DEBUG com.sinosoft.test.base.TestBase:80 - Found Element By : By.name: riskClassTemp
2020/07/14 17:49:17:513 DEBUG com.sinosoft.test.base.TestBase:63 - SetCodeEditBox:开始设置:[[InternetExplorerDriver: internet explorer on WINDOWS (1c05102a-8820-4965-b068-75b37815fedd)] -> name: riskClassTemp] & Code=01
2020/07/14 17:49:17:513 DEBUG com.sinosoft.test.base.TestBase:76 - Trying to find Element By : By.name: riskClassTemp
2020/07/14 17:49:17:610 DEBUG com.sinosoft.test.base.TestBase:80 - Found Element By : By.name: riskClassTemp
2020/07/14 17:49:18:024 DEBUG com.sinosoft.test.base.TestBase:76 - Trying to find Element By : By.name: riskClassTemp
2020/07/14 17:49:18:122 DEBUG com.sinosoft.test.base.TestBase:80 - Found Element By : By.name: riskClassTemp
2020/07/14 17:49:18:784 DEBUG com.sinosoft.test.base.TestBase:76 - Trying to find Element By : By.name: riskClassTemp
2020/07/14 17:49:18:907 DEBUG com.sinosoft.test.base.TestBase:80 - Found Element By : By.name: riskClassTemp
2020/07/14 17:49:18:908 DEBUG com.sinosoft.test.base.TestBase:76 - Trying to find Element By : By.xpath: ../input[last()]
2020/07/14 17:49:19:010 DEBUG com.sinosoft.test.base.TestBase:80 - Found Element By : By.xpath: ../input[last()]
2020/07/14 17:49:19:222  INFO com.sinosoft.test.base.TestBase:71 - SetCodeEditBox:找到了Code对应的文本显示框并点击触发显示:riskClassName
2020/07/14 17:49:19:223 DEBUG com.sinosoft.test.base.TestBase:42 - Trying to click on: [[[[InternetExplorerDriver: internet explorer on WINDOWS (1c05102a-8820-4965-b068-75b37815fedd)] -> name: riskClassTemp]] -> xpath: ../input[last()]]
2020/07/14 17:49:20:296 DEBUG com.sinosoft.test.base.TestBase:46 - Clicked on: [[[[InternetExplorerDriver: internet explorer on WINDOWS (1c05102a-8820-4965-b068-75b37815fedd)] -> name: riskClassTemp]] -> xpath: ../input[last()]]
2020/07/14 17:49:20:496 DEBUG com.sinosoft.test.base.TestBase:76 - Trying to find Element By : By.name: riskClassTemp
2020/07/14 17:49:20:663 DEBUG com.sinosoft.test.base.TestBase:80 - Found Element By : By.name: riskClassTemp
2020/07/14 17:49:20:665 DEBUG com.sinosoft.test.base.TestBase:87 - SetCodeEditBox:设置完毕[[InternetExplorerDriver: internet explorer on WINDOWS (1c05102a-8820-4965-b068-75b37815fedd)] -> name: riskClassTemp],设置值 Code=01
2020/07/14 17:49:20:666 DEBUG com.sinosoft.test.base.TestBase:76 - Trying to find Element By : By.name: riskCode
2020/07/14 17:49:20:829 DEBUG com.sinosoft.test.base.TestBase:80 - Found Element By : By.name: riskCode
2020/07/14 17:49:20:914 DEBUG com.sinosoft.test.base.TestBase:76 - Trying to find Element By : By.name: riskCode
2020/07/14 17:49:20:988 DEBUG com.sinosoft.test.base.TestBase:80 - Found Element By : By.name: riskCode
2020/07/14 17:49:20:988 DEBUG com.sinosoft.test.base.TestBase:63 - SetCodeEditBox:开始设置:[[InternetExplorerDriver: internet explorer on WINDOWS (1c05102a-8820-4965-b068-75b37815fedd)] -> name: riskCode] & Code=0101
2020/07/14 17:49:20:989 DEBUG com.sinosoft.test.base.TestBase:76 - Trying to find Element By : By.name: riskCode
2020/07/14 17:49:21:077 DEBUG com.sinosoft.test.base.TestBase:80 - Found Element By : By.name: riskCode
2020/07/14 17:49:21:481 DEBUG com.sinosoft.test.base.TestBase:76 - Trying to find Element By : By.name: riskCode
2020/07/14 17:49:21:571 DEBUG com.sinosoft.test.base.TestBase:80 - Found Element By : By.name: riskCode
2020/07/14 17:49:22:199 DEBUG com.sinosoft.test.base.TestBase:76 - Trying to find Element By : By.name: riskCode
2020/07/14 17:49:22:379 DEBUG com.sinosoft.test.base.TestBase:80 - Found Element By : By.name: riskCode
2020/07/14 17:49:22:379 DEBUG com.sinosoft.test.base.TestBase:76 - Trying to find Element By : By.xpath: ../input[last()]
2020/07/14 17:49:22:468 DEBUG com.sinosoft.test.base.TestBase:80 - Found Element By : By.xpath: ../input[last()]
2020/07/14 17:49:22:654  INFO com.sinosoft.test.base.TestBase:71 - SetCodeEditBox:找到了Code对应的文本显示框并点击触发显示:riskName
2020/07/14 17:49:22:655 DEBUG com.sinosoft.test.base.TestBase:42 - Trying to click on: [[[[InternetExplorerDriver: internet explorer on WINDOWS (1c05102a-8820-4965-b068-75b37815fedd)] -> name: riskCode]] -> xpath: ../input[last()]]
2020/07/14 17:49:23:823 DEBUG com.sinosoft.test.base.TestBase:46 - Clicked on: [[[[InternetExplorerDriver: internet explorer on WINDOWS (1c05102a-8820-4965-b068-75b37815fedd)] -> name: riskCode]] -> xpath: ../input[last()]]
2020/07/14 17:49:24:025 DEBUG com.sinosoft.test.base.TestBase:76 - Trying to find Element By : By.name: riskCode
2020/07/14 17:49:24:102 DEBUG com.sinosoft.test.base.TestBase:80 - Found Element By : By.name: riskCode
2020/07/14 17:49:24:105 DEBUG com.sinosoft.test.base.TestBase:87 - SetCodeEditBox:设置完毕[[InternetExplorerDriver: internet explorer on WINDOWS (1c05102a-8820-4965-b068-75b37815fedd)] -> name: riskCode],设置值 Code=0101
2020/07/14 17:49:24:107 DEBUG com.sinosoft.test.base.TestBase:76 - Trying to find Element By : By.name: renewInd
2020/07/14 17:49:24:264 DEBUG com.sinosoft.test.base.TestBase:80 - Found Element By : By.name: renewInd
2020/07/14 17:49:24:267  INFO com.sinosoft.test.base.TestBase:321 - setEditboxTValue:[[[InternetExplorerDriver: internet explorer on WINDOWS (1c05102a-8820-4965-b068-75b37815fedd)] -> name: renewInd], [[InternetExplorerDriver: internet explorer on WINDOWS (1c05102a-8820-4965-b068-75b37815fedd)] -> name: renewInd]]：0
2020/07/14 17:49:24:270 DEBUG com.sinosoft.test.base.TestBase:76 - Trying to find Element By : By.name: renewInd
2020/07/14 17:49:24:450 DEBUG com.sinosoft.test.base.TestBase:80 - Found Element By : By.name: renewInd
2020/07/14 17:49:24:697 DEBUG com.sinosoft.test.base.TestBase:76 - Trying to find Element By : By.name: buttonNextStep
2020/07/14 17:49:24:804 DEBUG com.sinosoft.test.base.TestBase:80 - Found Element By : By.name: buttonNextStep
2020/07/14 17:49:24:805  INFO com.sinosoft.test.base.TestBase:402 - clickButton:[[InternetExplorerDriver: internet explorer on WINDOWS (1c05102a-8820-4965-b068-75b37815fedd)] -> name: buttonNextStep]
2020/07/14 17:49:24:805 DEBUG com.sinosoft.test.base.TestBase:42 - Trying to click on: [[InternetExplorerDriver: internet explorer on WINDOWS (1c05102a-8820-4965-b068-75b37815fedd)] -> name: buttonNextStep]
2020/07/14 17:49:28:645 DEBUG com.sinosoft.test.base.TestBase:46 - Clicked on: [[InternetExplorerDriver: internet explorer on WINDOWS (1c05102a-8820-4965-b068-75b37815fedd)] -> name: buttonNextStep]
2020/07/14 17:49:28:648 DEBUG com.sinosoft.test.base.TestBase:69 - 初始化class com.sinosoft.test.fccp.tbcl.BasicInfoPage
2020/07/14 17:49:31:678 DEBUG com.sinosoft.test.base.TestBase:322 - 投保处理/基本信息
2020/07/14 17:49:31:679 DEBUG com.sinosoft.test.base.TestBase:76 - Trying to find Element By : By.name: GuMainBusinessType
2020/07/14 17:49:31:842 DEBUG com.sinosoft.test.base.TestBase:80 - Found Element By : By.name: GuMainBusinessType
2020/07/14 17:49:31:846  INFO com.sinosoft.test.base.TestBase:96 - setSelectWithStartText:[[InternetExplorerDriver: internet explorer on WINDOWS (1c05102a-8820-4965-b068-75b37815fedd)] -> name: GuMainBusinessType]->
2020/07/14 17:49:31:847 DEBUG com.sinosoft.test.base.TestBase:76 - Trying to find Element By : By.name: GuMainCompanyCode
2020/07/14 17:49:31:988 DEBUG com.sinosoft.test.base.TestBase:80 - Found Element By : By.name: GuMainCompanyCode
2020/07/14 17:49:32:082 DEBUG com.sinosoft.test.base.TestBase:76 - Trying to find Element By : By.name: GuMainCompanyCode
2020/07/14 17:49:32:230 DEBUG com.sinosoft.test.base.TestBase:80 - Found Element By : By.name: GuMainCompanyCode
2020/07/14 17:49:32:231 DEBUG com.sinosoft.test.base.TestBase:63 - SetCodeEditBox:开始设置:[[InternetExplorerDriver: internet explorer on WINDOWS (1c05102a-8820-4965-b068-75b37815fedd)] -> name: GuMainCompanyCode] & Code=01620190
2020/07/14 17:49:32:231 DEBUG com.sinosoft.test.base.TestBase:76 - Trying to find Element By : By.name: GuMainCompanyCode
2020/07/14 17:49:32:363 DEBUG com.sinosoft.test.base.TestBase:80 - Found Element By : By.name: GuMainCompanyCode
2020/07/14 17:49:32:763 DEBUG com.sinosoft.test.base.TestBase:76 - Trying to find Element By : By.name: GuMainCompanyCode
2020/07/14 17:49:32:906 DEBUG com.sinosoft.test.base.TestBase:80 - Found Element By : By.name: GuMainCompanyCode
2020/07/14 17:49:34:171 DEBUG com.sinosoft.test.base.TestBase:76 - Trying to find Element By : By.name: GuMainCompanyCode
2020/07/14 17:49:34:326 DEBUG com.sinosoft.test.base.TestBase:80 - Found Element By : By.name: GuMainCompanyCode
2020/07/14 17:49:34:327 DEBUG com.sinosoft.test.base.TestBase:76 - Trying to find Element By : By.xpath: ../input[last()]
2020/07/14 17:49:34:432 DEBUG com.sinosoft.test.base.TestBase:80 - Found Element By : By.xpath: ../input[last()]
2020/07/14 17:49:34:651  INFO com.sinosoft.test.base.TestBase:71 - SetCodeEditBox:找到了Code对应的文本显示框并点击触发显示:GuMainCompanyName
2020/07/14 17:49:34:652 DEBUG com.sinosoft.test.base.TestBase:42 - Trying to click on: [[[[InternetExplorerDriver: internet explorer on WINDOWS (1c05102a-8820-4965-b068-75b37815fedd)] -> name: GuMainCompanyCode]] -> xpath: ../input[last()]]
2020/07/14 17:49:36:107 DEBUG com.sinosoft.test.base.TestBase:46 - Clicked on: [[[[InternetExplorerDriver: internet explorer on WINDOWS (1c05102a-8820-4965-b068-75b37815fedd)] -> name: GuMainCompanyCode]] -> xpath: ../input[last()]]
2020/07/14 17:49:36:309 DEBUG com.sinosoft.test.base.TestBase:76 - Trying to find Element By : By.name: GuMainCompanyCode
2020/07/14 17:49:36:406 DEBUG com.sinosoft.test.base.TestBase:80 - Found Element By : By.name: GuMainCompanyCode
2020/07/14 17:49:36:407 DEBUG com.sinosoft.test.base.TestBase:87 - SetCodeEditBox:设置完毕[[InternetExplorerDriver: internet explorer on WINDOWS (1c05102a-8820-4965-b068-75b37815fedd)] -> name: GuMainCompanyCode],设置值 Code=01620190
2020/07/14 17:49:36:407 DEBUG com.sinosoft.test.base.TestBase:76 - Trying to find Element By : By.name: GuMainChannelDetailCode
2020/07/14 17:49:36:551 DEBUG com.sinosoft.test.base.TestBase:80 - Found Element By : By.name: GuMainChannelDetailCode
2020/07/14 17:49:36:711 DEBUG com.sinosoft.test.base.TestBase:76 - Trying to find Element By : By.name: GuMainChannelDetailCode
2020/07/14 17:49:36:850 DEBUG com.sinosoft.test.base.TestBase:80 - Found Element By : By.name: GuMainChannelDetailCode
2020/07/14 17:49:36:851 DEBUG com.sinosoft.test.base.TestBase:63 - SetCodeEditBox:开始设置:[[InternetExplorerDriver: internet explorer on WINDOWS (1c05102a-8820-4965-b068-75b37815fedd)] -> name: GuMainChannelDetailCode] & Code=01
2020/07/14 17:49:36:853 DEBUG com.sinosoft.test.base.TestBase:76 - Trying to find Element By : By.name: GuMainChannelDetailCode
2020/07/14 17:49:36:999 DEBUG com.sinosoft.test.base.TestBase:80 - Found Element By : By.name: GuMainChannelDetailCode
2020/07/14 17:49:37:532 DEBUG com.sinosoft.test.base.TestBase:76 - Trying to find Element By : By.name: GuMainChannelDetailCode
2020/07/14 17:49:37:732 DEBUG com.sinosoft.test.base.TestBase:80 - Found Element By : By.name: GuMainChannelDetailCode
2020/07/14 17:49:38:509 DEBUG com.sinosoft.test.base.TestBase:76 - Trying to find Element By : By.name: GuMainChannelDetailCode
2020/07/14 17:49:38:771 DEBUG com.sinosoft.test.base.TestBase:80 - Found Element By : By.name: GuMainChannelDetailCode
2020/07/14 17:49:38:774 DEBUG com.sinosoft.test.base.TestBase:76 - Trying to find Element By : By.xpath: ../input[last()]
2020/07/14 17:49:38:877 DEBUG com.sinosoft.test.base.TestBase:80 - Found Element By : By.xpath: ../input[last()]
2020/07/14 17:49:39:088  INFO com.sinosoft.test.base.TestBase:71 - SetCodeEditBox:找到了Code对应的文本显示框并点击触发显示:GuMainChannelDetailName
2020/07/14 17:49:39:089 DEBUG com.sinosoft.test.base.TestBase:42 - Trying to click on: [[[[InternetExplorerDriver: internet explorer on WINDOWS (1c05102a-8820-4965-b068-75b37815fedd)] -> name: GuMainChannelDetailCode]] -> xpath: ../input[last()]]
2020/07/14 17:49:40:397 DEBUG com.sinosoft.test.base.TestBase:46 - Clicked on: [[[[InternetExplorerDriver: internet explorer on WINDOWS (1c05102a-8820-4965-b068-75b37815fedd)] -> name: GuMainChannelDetailCode]] -> xpath: ../input[last()]]
2020/07/14 17:49:40:600 DEBUG com.sinosoft.test.base.TestBase:76 - Trying to find Element By : By.name: GuMainChannelDetailCode
2020/07/14 17:49:40:823 DEBUG com.sinosoft.test.base.TestBase:80 - Found Element By : By.name: GuMainChannelDetailCode
2020/07/14 17:49:40:825 DEBUG com.sinosoft.test.base.TestBase:87 - SetCodeEditBox:设置完毕[[InternetExplorerDriver: internet explorer on WINDOWS (1c05102a-8820-4965-b068-75b37815fedd)] -> name: GuMainChannelDetailCode],设置值 Code=01
2020/07/14 17:49:40:825 DEBUG com.sinosoft.test.base.TestBase:76 - Trying to find Element By : By.name: GuMainShareHolderFlag
2020/07/14 17:49:40:943 DEBUG com.sinosoft.test.base.TestBase:80 - Found Element By : By.name: GuMainShareHolderFlag
2020/07/14 17:49:40:986 DEBUG com.sinosoft.test.base.TestBase:76 - Trying to find Element By : By.name: GuMainShareHolderFlag
2020/07/14 17:49:41:104 DEBUG com.sinosoft.test.base.TestBase:80 - Found Element By : By.name: GuMainShareHolderFlag
2020/07/14 17:49:41:105 DEBUG com.sinosoft.test.base.TestBase:42 - CodeSelect:开始设置[[InternetExplorerDriver: internet explorer on WINDOWS (1c05102a-8820-4965-b068-75b37815fedd)] -> name: GuMainShareHolderFlag] & Code=0
2020/07/14 17:49:41:136 DEBUG com.sinosoft.test.base.TestBase:76 - Trying to find Element By : By.name: GuMainShareHolderFlag
2020/07/14 17:49:41:272 DEBUG com.sinosoft.test.base.TestBase:80 - Found Element By : By.name: GuMainShareHolderFlag
2020/07/14 17:49:42:903 DEBUG com.sinosoft.test.base.TestBase:272 - 系统窗口【黄河财险业务系统】with handle -b8d28c3a-e75b-4a20-bd82-6b14b5d7b276
2020/07/14 17:49:43:606 DEBUG com.sinosoft.test.base.TestBase:272 - 系统窗口【黄河财险业务系统】with handle -b8d28c3a-e75b-4a20-bd82-6b14b5d7b276
2020/07/14 17:49:44:284 DEBUG com.sinosoft.test.base.TestBase:272 - 系统窗口【Code Select】with handle -d5f701fb-5cac-4774-ab8e-005bf9e2d364
2020/07/14 17:49:44:817 DEBUG com.sinosoft.test.base.TestBase:69 - 初始化class com.sinosoft.test.fccp.common.CodeSelectPage
2020/07/14 17:49:44:821 DEBUG com.sinosoft.test.base.TestBase:39 - 基础码表选择！
2020/07/14 17:49:44:822 DEBUG com.sinosoft.test.base.TestBase:76 - Trying to find Element By : By.name: fieldValue
2020/07/14 17:49:45:192 DEBUG com.sinosoft.test.base.TestBase:80 - Found Element By : By.name: fieldValue
2020/07/14 17:49:45:193  INFO com.sinosoft.test.base.TestBase:360 - setEditboxValue:[[InternetExplorerDriver: internet explorer on WINDOWS (1c05102a-8820-4965-b068-75b37815fedd)] -> name: fieldValue]：0
2020/07/14 17:49:46:803  INFO com.sinosoft.test.base.TestBase:363 - setEditboxValue—End:[[InternetExplorerDriver: internet explorer on WINDOWS (1c05102a-8820-4965-b068-75b37815fedd)] -> name: fieldValue]：0
2020/07/14 17:49:46:804 DEBUG com.sinosoft.test.base.TestBase:76 - Trying to find Element By : By.xpath: //input[@value='查询(Q)']
2020/07/14 17:49:47:122 DEBUG com.sinosoft.test.base.TestBase:80 - Found Element By : By.xpath: //input[@value='查询(Q)']
2020/07/14 17:49:47:123  INFO com.sinosoft.test.base.TestBase:402 - clickButton:[[InternetExplorerDriver: internet explorer on WINDOWS (1c05102a-8820-4965-b068-75b37815fedd)] -> xpath: //input[@value='查询(Q)']]
2020/07/14 17:49:47:124 DEBUG com.sinosoft.test.base.TestBase:42 - Trying to click on: [[InternetExplorerDriver: internet explorer on WINDOWS (1c05102a-8820-4965-b068-75b37815fedd)] -> xpath: //input[@value='查询(Q)']]
2020/07/14 17:49:48:800 DEBUG com.sinosoft.test.base.TestBase:46 - Clicked on: [[InternetExplorerDriver: internet explorer on WINDOWS (1c05102a-8820-4965-b068-75b37815fedd)] -> xpath: //input[@value='查询(Q)']]
2020/07/14 17:49:48:800 DEBUG com.sinosoft.test.base.TestBase:76 - Trying to find Element By : By.name: codeselect
2020/07/14 17:49:49:099 DEBUG com.sinosoft.test.base.TestBase:80 - Found Element By : By.name: codeselect
2020/07/14 17:49:49:100  INFO com.sinosoft.test.base.TestBase:132 - setFuzzySelect:[[InternetExplorerDriver: internet explorer on WINDOWS (1c05102a-8820-4965-b068-75b37815fedd)] -> name: codeselect]->0
2020/07/14 17:49:49:685 DEBUG com.sinosoft.test.base.TestBase:76 - Trying to find Element By : By.tagName: option
2020/07/14 17:49:50:126 DEBUG com.sinosoft.test.base.TestBase:80 - Found Element By : By.tagName: option
2020/07/14 17:49:53:324  INFO com.sinosoft.test.base.TestBase:142 - 找到匹配【0】的选项：0--非股东
2020/07/14 17:49:53:326 DEBUG com.sinosoft.test.base.TestBase:76 - Trying to find Element By : By.xpath: .//option[normalize-space(.) = "0--非股东"]
2020/07/14 17:49:53:651 DEBUG com.sinosoft.test.base.TestBase:80 - Found Element By : By.xpath: .//option[normalize-space(.) = "0--非股东"]
2020/07/14 17:49:53:958 DEBUG com.sinosoft.test.base.TestBase:42 - Trying to click on: [[[[InternetExplorerDriver: internet explorer on WINDOWS (1c05102a-8820-4965-b068-75b37815fedd)] -> name: codeselect]] -> xpath: .//option[normalize-space(.) = "0--非股东"]]
2020/07/14 17:49:54:494 DEBUG com.sinosoft.test.base.TestBase:46 - Clicked on: [[[[InternetExplorerDriver: internet explorer on WINDOWS (1c05102a-8820-4965-b068-75b37815fedd)] -> name: codeselect]] -> xpath: .//option[normalize-space(.) = "0--非股东"]]
2020/07/14 17:49:54:496 DEBUG com.sinosoft.test.base.TestBase:151 - setFuzzySelect 结束！
2020/07/14 17:49:54:496 DEBUG com.sinosoft.test.base.TestBase:76 - Trying to find Element By : By.name: SelectIt
2020/07/14 17:49:54:815 DEBUG com.sinosoft.test.base.TestBase:80 - Found Element By : By.name: SelectIt
2020/07/14 17:49:54:816  INFO com.sinosoft.test.base.TestBase:416 - jsClickButton:[[InternetExplorerDriver: internet explorer on WINDOWS (1c05102a-8820-4965-b068-75b37815fedd)] -> name: SelectIt]
2020/07/14 17:49:54:817  INFO com.sinosoft.test.base.TestBase:144 - RunJavaScript:[[InternetExplorerDriver: internet explorer on WINDOWS (1c05102a-8820-4965-b068-75b37815fedd)] -> name: SelectIt]	arguments[0].click();
2020/07/14 17:49:55:624 DEBUG com.sinosoft.test.base.TestBase:272 - 系统窗口【黄河财险业务系统】with handle -b8d28c3a-e75b-4a20-bd82-6b14b5d7b276
2020/07/14 17:49:58:804 DEBUG com.sinosoft.test.base.TestBase:76 - Trying to find Element By : By.name: GuMainShareHolderFlag
2020/07/14 17:49:58:898 DEBUG com.sinosoft.test.base.TestBase:80 - Found Element By : By.name: GuMainShareHolderFlag
2020/07/14 17:49:58:898 DEBUG com.sinosoft.test.base.TestBase:49 - CodeSelect:设置完毕[[InternetExplorerDriver: internet explorer on WINDOWS (1c05102a-8820-4965-b068-75b37815fedd)] -> name: GuMainShareHolderFlag] & Code=0
2020/07/14 17:49:58:899 DEBUG com.sinosoft.test.base.TestBase:76 - Trying to find Element By : By.name: GuMainSalesTeamCode
2020/07/14 17:49:59:008 DEBUG com.sinosoft.test.base.TestBase:80 - Found Element By : By.name: GuMainSalesTeamCode
2020/07/14 17:49:59:061 DEBUG com.sinosoft.test.base.TestBase:76 - Trying to find Element By : By.name: GuMainSalesTeamCode
2020/07/14 17:49:59:243 DEBUG com.sinosoft.test.base.TestBase:80 - Found Element By : By.name: GuMainSalesTeamCode
2020/07/14 17:49:59:244 DEBUG com.sinosoft.test.base.TestBase:42 - CodeSelect:开始设置[[InternetExplorerDriver: internet explorer on WINDOWS (1c05102a-8820-4965-b068-75b37815fedd)] -> name: GuMainSalesTeamCode] & Code=T6201900101
2020/07/14 17:49:59:245 DEBUG com.sinosoft.test.base.TestBase:76 - Trying to find Element By : By.name: GuMainSalesTeamCode
2020/07/14 17:49:59:391 DEBUG com.sinosoft.test.base.TestBase:80 - Found Element By : By.name: GuMainSalesTeamCode
2020/07/14 17:50:00:992 DEBUG com.sinosoft.test.base.TestBase:272 - 系统窗口【黄河财险业务系统】with handle -b8d28c3a-e75b-4a20-bd82-6b14b5d7b276
2020/07/14 17:50:01:713 DEBUG com.sinosoft.test.base.TestBase:272 - 系统窗口【黄河财险业务系统】with handle -b8d28c3a-e75b-4a20-bd82-6b14b5d7b276
2020/07/14 17:50:02:377 DEBUG com.sinosoft.test.base.TestBase:272 - 系统窗口【Code Select】with handle -329b30ad-f691-4a69-8cc4-247261ec9179
2020/07/14 17:50:02:899 DEBUG com.sinosoft.test.base.TestBase:69 - 初始化class com.sinosoft.test.fccp.common.CodeSelectPage
2020/07/14 17:50:02:902 DEBUG com.sinosoft.test.base.TestBase:39 - 基础码表选择！
2020/07/14 17:50:02:902 DEBUG com.sinosoft.test.base.TestBase:76 - Trying to find Element By : By.name: fieldValue
2020/07/14 17:50:03:207 DEBUG com.sinosoft.test.base.TestBase:80 - Found Element By : By.name: fieldValue
2020/07/14 17:50:03:208  INFO com.sinosoft.test.base.TestBase:360 - setEditboxValue:[[InternetExplorerDriver: internet explorer on WINDOWS (1c05102a-8820-4965-b068-75b37815fedd)] -> name: fieldValue]：T6201900101
2020/07/14 17:50:04:787  INFO com.sinosoft.test.base.TestBase:363 - setEditboxValue—End:[[InternetExplorerDriver: internet explorer on WINDOWS (1c05102a-8820-4965-b068-75b37815fedd)] -> name: fieldValue]：T6201900101
2020/07/14 17:50:04:787 DEBUG com.sinosoft.test.base.TestBase:76 - Trying to find Element By : By.xpath: //input[@value='查询(Q)']
2020/07/14 17:50:05:106 DEBUG com.sinosoft.test.base.TestBase:80 - Found Element By : By.xpath: //input[@value='查询(Q)']
2020/07/14 17:50:05:106  INFO com.sinosoft.test.base.TestBase:402 - clickButton:[[InternetExplorerDriver: internet explorer on WINDOWS (1c05102a-8820-4965-b068-75b37815fedd)] -> xpath: //input[@value='查询(Q)']]
2020/07/14 17:50:05:107 DEBUG com.sinosoft.test.base.TestBase:42 - Trying to click on: [[InternetExplorerDriver: internet explorer on WINDOWS (1c05102a-8820-4965-b068-75b37815fedd)] -> xpath: //input[@value='查询(Q)']]
2020/07/14 17:50:06:787 DEBUG com.sinosoft.test.base.TestBase:46 - Clicked on: [[InternetExplorerDriver: internet explorer on WINDOWS (1c05102a-8820-4965-b068-75b37815fedd)] -> xpath: //input[@value='查询(Q)']]
2020/07/14 17:50:06:787 DEBUG com.sinosoft.test.base.TestBase:76 - Trying to find Element By : By.name: codeselect
2020/07/14 17:50:07:099 DEBUG com.sinosoft.test.base.TestBase:80 - Found Element By : By.name: codeselect
2020/07/14 17:50:07:100  INFO com.sinosoft.test.base.TestBase:132 - setFuzzySelect:[[InternetExplorerDriver: internet explorer on WINDOWS (1c05102a-8820-4965-b068-75b37815fedd)] -> name: codeselect]->T6201900101
2020/07/14 17:50:07:670 DEBUG com.sinosoft.test.base.TestBase:76 - Trying to find Element By : By.tagName: option
2020/07/14 17:50:08:056 DEBUG com.sinosoft.test.base.TestBase:80 - Found Element By : By.tagName: option
2020/07/14 17:50:08:364  INFO com.sinosoft.test.base.TestBase:142 - 找到匹配【T6201900101】的选项：T6201900101--兰州中支新团队
2020/07/14 17:50:08:365 DEBUG com.sinosoft.test.base.TestBase:76 - Trying to find Element By : By.xpath: .//option[normalize-space(.) = "T6201900101--兰州中支新团队"]
2020/07/14 17:50:08:706 DEBUG com.sinosoft.test.base.TestBase:80 - Found Element By : By.xpath: .//option[normalize-space(.) = "T6201900101--兰州中支新团队"]
2020/07/14 17:50:09:007 DEBUG com.sinosoft.test.base.TestBase:42 - Trying to click on: [[[[InternetExplorerDriver: internet explorer on WINDOWS (1c05102a-8820-4965-b068-75b37815fedd)] -> name: codeselect]] -> xpath: .//option[normalize-space(.) = "T6201900101--兰州中支新团队"]]
2020/07/14 17:50:09:551 DEBUG com.sinosoft.test.base.TestBase:46 - Clicked on: [[[[InternetExplorerDriver: internet explorer on WINDOWS (1c05102a-8820-4965-b068-75b37815fedd)] -> name: codeselect]] -> xpath: .//option[normalize-space(.) = "T6201900101--兰州中支新团队"]]
2020/07/14 17:50:09:551 DEBUG com.sinosoft.test.base.TestBase:151 - setFuzzySelect 结束！
2020/07/14 17:50:09:552 DEBUG com.sinosoft.test.base.TestBase:76 - Trying to find Element By : By.name: SelectIt
2020/07/14 17:50:09:864 DEBUG com.sinosoft.test.base.TestBase:80 - Found Element By : By.name: SelectIt
2020/07/14 17:50:09:865  INFO com.sinosoft.test.base.TestBase:416 - jsClickButton:[[InternetExplorerDriver: internet explorer on WINDOWS (1c05102a-8820-4965-b068-75b37815fedd)] -> name: SelectIt]
2020/07/14 17:50:09:866  INFO com.sinosoft.test.base.TestBase:144 - RunJavaScript:[[InternetExplorerDriver: internet explorer on WINDOWS (1c05102a-8820-4965-b068-75b37815fedd)] -> name: SelectIt]	arguments[0].click();
2020/07/14 17:50:10:677 DEBUG com.sinosoft.test.base.TestBase:272 - 系统窗口【黄河财险业务系统】with handle -b8d28c3a-e75b-4a20-bd82-6b14b5d7b276
2020/07/14 17:50:14:160 DEBUG com.sinosoft.test.base.TestBase:76 - Trying to find Element By : By.name: GuMainSalesTeamCode
2020/07/14 17:50:14:264 DEBUG com.sinosoft.test.base.TestBase:80 - Found Element By : By.name: GuMainSalesTeamCode
2020/07/14 17:50:14:264 DEBUG com.sinosoft.test.base.TestBase:49 - CodeSelect:设置完毕[[InternetExplorerDriver: internet explorer on WINDOWS (1c05102a-8820-4965-b068-75b37815fedd)] -> name: GuMainSalesTeamCode] & Code=T6201900101
2020/07/14 17:50:14:265 DEBUG com.sinosoft.test.base.TestBase:76 - Trying to find Element By : By.name: GuMainSalesmanCode
2020/07/14 17:50:14:408 DEBUG com.sinosoft.test.base.TestBase:80 - Found Element By : By.name: GuMainSalesmanCode
2020/07/14 17:50:14:504 DEBUG com.sinosoft.test.base.TestBase:76 - Trying to find Element By : By.name: GuMainSalesmanCode
2020/07/14 17:50:14:659 DEBUG com.sinosoft.test.base.TestBase:80 - Found Element By : By.name: GuMainSalesmanCode
2020/07/14 17:50:14:659 DEBUG com.sinosoft.test.base.TestBase:42 - CodeSelect:开始设置[[InternetExplorerDriver: internet explorer on WINDOWS (1c05102a-8820-4965-b068-75b37815fedd)] -> name: GuMainSalesmanCode] & Code=S000000006
2020/07/14 17:50:14:661 DEBUG com.sinosoft.test.base.TestBase:76 - Trying to find Element By : By.name: GuMainSalesmanCode
2020/07/14 17:50:14:776 DEBUG com.sinosoft.test.base.TestBase:80 - Found Element By : By.name: GuMainSalesmanCode
2020/07/14 17:50:16:508 DEBUG com.sinosoft.test.base.TestBase:272 - 系统窗口【黄河财险业务系统】with handle -b8d28c3a-e75b-4a20-bd82-6b14b5d7b276
2020/07/14 17:50:17:191 DEBUG com.sinosoft.test.base.TestBase:272 - 系统窗口【黄河财险业务系统】with handle -b8d28c3a-e75b-4a20-bd82-6b14b5d7b276
2020/07/14 17:50:17:852 DEBUG com.sinosoft.test.base.TestBase:272 - 系统窗口【Code Select】with handle -0824dfa5-22d7-4033-85ce-44f7fc3af6fe
2020/07/14 17:50:18:378 DEBUG com.sinosoft.test.base.TestBase:69 - 初始化class com.sinosoft.test.fccp.common.CodeSelectPage
2020/07/14 17:50:18:380 DEBUG com.sinosoft.test.base.TestBase:39 - 基础码表选择！
2020/07/14 17:50:18:380 DEBUG com.sinosoft.test.base.TestBase:76 - Trying to find Element By : By.name: fieldValue
2020/07/14 17:50:18:700 DEBUG com.sinosoft.test.base.TestBase:80 - Found Element By : By.name: fieldValue
2020/07/14 17:50:18:702  INFO com.sinosoft.test.base.TestBase:360 - setEditboxValue:[[InternetExplorerDriver: internet explorer on WINDOWS (1c05102a-8820-4965-b068-75b37815fedd)] -> name: fieldValue]：S000000006
2020/07/14 17:50:20:410  INFO com.sinosoft.test.base.TestBase:363 - setEditboxValue—End:[[InternetExplorerDriver: internet explorer on WINDOWS (1c05102a-8820-4965-b068-75b37815fedd)] -> name: fieldValue]：S000000006
2020/07/14 17:50:20:410 DEBUG com.sinosoft.test.base.TestBase:76 - Trying to find Element By : By.xpath: //input[@value='查询(Q)']
2020/07/14 17:50:20:724 DEBUG com.sinosoft.test.base.TestBase:80 - Found Element By : By.xpath: //input[@value='查询(Q)']
2020/07/14 17:50:20:725  INFO com.sinosoft.test.base.TestBase:402 - clickButton:[[InternetExplorerDriver: internet explorer on WINDOWS (1c05102a-8820-4965-b068-75b37815fedd)] -> xpath: //input[@value='查询(Q)']]
2020/07/14 17:50:20:726 DEBUG com.sinosoft.test.base.TestBase:42 - Trying to click on: [[InternetExplorerDriver: internet explorer on WINDOWS (1c05102a-8820-4965-b068-75b37815fedd)] -> xpath: //input[@value='查询(Q)']]
2020/07/14 17:50:22:391 DEBUG com.sinosoft.test.base.TestBase:46 - Clicked on: [[InternetExplorerDriver: internet explorer on WINDOWS (1c05102a-8820-4965-b068-75b37815fedd)] -> xpath: //input[@value='查询(Q)']]
2020/07/14 17:50:22:392 DEBUG com.sinosoft.test.base.TestBase:76 - Trying to find Element By : By.name: codeselect
2020/07/14 17:50:22:705 DEBUG com.sinosoft.test.base.TestBase:80 - Found Element By : By.name: codeselect
2020/07/14 17:50:22:706  INFO com.sinosoft.test.base.TestBase:132 - setFuzzySelect:[[InternetExplorerDriver: internet explorer on WINDOWS (1c05102a-8820-4965-b068-75b37815fedd)] -> name: codeselect]->S000000006
2020/07/14 17:50:23:275 DEBUG com.sinosoft.test.base.TestBase:76 - Trying to find Element By : By.tagName: option
2020/07/14 17:50:23:626 DEBUG com.sinosoft.test.base.TestBase:80 - Found Element By : By.tagName: option
2020/07/14 17:50:23:944  INFO com.sinosoft.test.base.TestBase:142 - 找到匹配【S000000006】的选项：S000000006--赵子毓
2020/07/14 17:50:23:945 DEBUG com.sinosoft.test.base.TestBase:76 - Trying to find Element By : By.xpath: .//option[normalize-space(.) = "S000000006--赵子毓"]
2020/07/14 17:50:24:275 DEBUG com.sinosoft.test.base.TestBase:80 - Found Element By : By.xpath: .//option[normalize-space(.) = "S000000006--赵子毓"]
2020/07/14 17:50:24:578 DEBUG com.sinosoft.test.base.TestBase:42 - Trying to click on: [[[[InternetExplorerDriver: internet explorer on WINDOWS (1c05102a-8820-4965-b068-75b37815fedd)] -> name: codeselect]] -> xpath: .//option[normalize-space(.) = "S000000006--赵子毓"]]
2020/07/14 17:50:25:142 DEBUG com.sinosoft.test.base.TestBase:46 - Clicked on: [[[[InternetExplorerDriver: internet explorer on WINDOWS (1c05102a-8820-4965-b068-75b37815fedd)] -> name: codeselect]] -> xpath: .//option[normalize-space(.) = "S000000006--赵子毓"]]
2020/07/14 17:50:25:142 DEBUG com.sinosoft.test.base.TestBase:151 - setFuzzySelect 结束！
2020/07/14 17:50:25:143 DEBUG com.sinosoft.test.base.TestBase:76 - Trying to find Element By : By.name: SelectIt
2020/07/14 17:50:25:458 DEBUG com.sinosoft.test.base.TestBase:80 - Found Element By : By.name: SelectIt
2020/07/14 17:50:25:459  INFO com.sinosoft.test.base.TestBase:416 - jsClickButton:[[InternetExplorerDriver: internet explorer on WINDOWS (1c05102a-8820-4965-b068-75b37815fedd)] -> name: SelectIt]
2020/07/14 17:50:25:460  INFO com.sinosoft.test.base.TestBase:144 - RunJavaScript:[[InternetExplorerDriver: internet explorer on WINDOWS (1c05102a-8820-4965-b068-75b37815fedd)] -> name: SelectIt]	arguments[0].click();
2020/07/14 17:50:26:270 DEBUG com.sinosoft.test.base.TestBase:272 - 系统窗口【黄河财险业务系统】with handle -b8d28c3a-e75b-4a20-bd82-6b14b5d7b276
2020/07/14 17:50:29:603 DEBUG com.sinosoft.test.base.TestBase:76 - Trying to find Element By : By.name: GuMainSalesmanCode
2020/07/14 17:50:29:752 DEBUG com.sinosoft.test.base.TestBase:80 - Found Element By : By.name: GuMainSalesmanCode
2020/07/14 17:50:29:753 DEBUG com.sinosoft.test.base.TestBase:49 - CodeSelect:设置完毕[[InternetExplorerDriver: internet explorer on WINDOWS (1c05102a-8820-4965-b068-75b37815fedd)] -> name: GuMainSalesmanCode] & Code=S000000006
2020/07/14 17:50:29:753 DEBUG com.sinosoft.test.base.TestBase:76 - Trying to find Element By : By.name: GuMainBusinessSource
2020/07/14 17:50:29:883 DEBUG com.sinosoft.test.base.TestBase:80 - Found Element By : By.name: GuMainBusinessSource
2020/07/14 17:50:29:966 DEBUG com.sinosoft.test.base.TestBase:76 - Trying to find Element By : By.name: GuMainBusinessSource
2020/07/14 17:50:30:094 DEBUG com.sinosoft.test.base.TestBase:80 - Found Element By : By.name: GuMainBusinessSource
2020/07/14 17:50:30:096 DEBUG com.sinosoft.test.base.TestBase:42 - CodeSelect:开始设置[[InternetExplorerDriver: internet explorer on WINDOWS (1c05102a-8820-4965-b068-75b37815fedd)] -> name: GuMainBusinessSource] & Code=01010101
2020/07/14 17:50:30:098 DEBUG com.sinosoft.test.base.TestBase:76 - Trying to find Element By : By.name: GuMainBusinessSource
2020/07/14 17:50:30:244 DEBUG com.sinosoft.test.base.TestBase:80 - Found Element By : By.name: GuMainBusinessSource
2020/07/14 17:50:31:927 DEBUG com.sinosoft.test.base.TestBase:272 - 系统窗口【黄河财险业务系统】with handle -b8d28c3a-e75b-4a20-bd82-6b14b5d7b276
2020/07/14 17:50:32:612 DEBUG com.sinosoft.test.base.TestBase:272 - 系统窗口【黄河财险业务系统】with handle -b8d28c3a-e75b-4a20-bd82-6b14b5d7b276
2020/07/14 17:50:33:277 DEBUG com.sinosoft.test.base.TestBase:272 - 系统窗口【Code Select】with handle -d7950cda-2a0d-4bec-975c-dc85d8f9394b
2020/07/14 17:50:33:812 DEBUG com.sinosoft.test.base.TestBase:69 - 初始化class com.sinosoft.test.fccp.common.CodeSelectPage
2020/07/14 17:50:33:814 DEBUG com.sinosoft.test.base.TestBase:39 - 基础码表选择！
2020/07/14 17:50:33:814 DEBUG com.sinosoft.test.base.TestBase:76 - Trying to find Element By : By.name: fieldValue
2020/07/14 17:50:34:196 DEBUG com.sinosoft.test.base.TestBase:80 - Found Element By : By.name: fieldValue
2020/07/14 17:50:34:197  INFO com.sinosoft.test.base.TestBase:360 - setEditboxValue:[[InternetExplorerDriver: internet explorer on WINDOWS (1c05102a-8820-4965-b068-75b37815fedd)] -> name: fieldValue]：01010101
2020/07/14 17:50:35:782  INFO com.sinosoft.test.base.TestBase:363 - setEditboxValue—End:[[InternetExplorerDriver: internet explorer on WINDOWS (1c05102a-8820-4965-b068-75b37815fedd)] -> name: fieldValue]：01010101
2020/07/14 17:50:35:783 DEBUG com.sinosoft.test.base.TestBase:76 - Trying to find Element By : By.xpath: //input[@value='查询(Q)']
2020/07/14 17:50:36:110 DEBUG com.sinosoft.test.base.TestBase:80 - Found Element By : By.xpath: //input[@value='查询(Q)']
2020/07/14 17:50:36:111  INFO com.sinosoft.test.base.TestBase:402 - clickButton:[[InternetExplorerDriver: internet explorer on WINDOWS (1c05102a-8820-4965-b068-75b37815fedd)] -> xpath: //input[@value='查询(Q)']]
2020/07/14 17:50:36:112 DEBUG com.sinosoft.test.base.TestBase:42 - Trying to click on: [[InternetExplorerDriver: internet explorer on WINDOWS (1c05102a-8820-4965-b068-75b37815fedd)] -> xpath: //input[@value='查询(Q)']]
2020/07/14 17:50:37:798 DEBUG com.sinosoft.test.base.TestBase:46 - Clicked on: [[InternetExplorerDriver: internet explorer on WINDOWS (1c05102a-8820-4965-b068-75b37815fedd)] -> xpath: //input[@value='查询(Q)']]
2020/07/14 17:50:37:798 DEBUG com.sinosoft.test.base.TestBase:76 - Trying to find Element By : By.name: codeselect
2020/07/14 17:50:38:122 DEBUG com.sinosoft.test.base.TestBase:80 - Found Element By : By.name: codeselect
2020/07/14 17:50:38:123  INFO com.sinosoft.test.base.TestBase:132 - setFuzzySelect:[[InternetExplorerDriver: internet explorer on WINDOWS (1c05102a-8820-4965-b068-75b37815fedd)] -> name: codeselect]->01010101
2020/07/14 17:50:38:710 DEBUG com.sinosoft.test.base.TestBase:76 - Trying to find Element By : By.tagName: option
2020/07/14 17:50:39:240 DEBUG com.sinosoft.test.base.TestBase:80 - Found Element By : By.tagName: option
2020/07/14 17:50:39:607  INFO com.sinosoft.test.base.TestBase:142 - 找到匹配【01010101】的选项：01010101--柜面直销
2020/07/14 17:50:39:608 DEBUG com.sinosoft.test.base.TestBase:76 - Trying to find Element By : By.xpath: .//option[normalize-space(.) = "01010101--柜面直销"]
2020/07/14 17:50:40:044 DEBUG com.sinosoft.test.base.TestBase:80 - Found Element By : By.xpath: .//option[normalize-space(.) = "01010101--柜面直销"]
2020/07/14 17:50:40:370 DEBUG com.sinosoft.test.base.TestBase:42 - Trying to click on: [[[[InternetExplorerDriver: internet explorer on WINDOWS (1c05102a-8820-4965-b068-75b37815fedd)] -> name: codeselect]] -> xpath: .//option[normalize-space(.) = "01010101--柜面直销"]]
2020/07/14 17:50:40:952 DEBUG com.sinosoft.test.base.TestBase:46 - Clicked on: [[[[InternetExplorerDriver: internet explorer on WINDOWS (1c05102a-8820-4965-b068-75b37815fedd)] -> name: codeselect]] -> xpath: .//option[normalize-space(.) = "01010101--柜面直销"]]
2020/07/14 17:50:40:953 DEBUG com.sinosoft.test.base.TestBase:151 - setFuzzySelect 结束！
2020/07/14 17:50:40:954 DEBUG com.sinosoft.test.base.TestBase:76 - Trying to find Element By : By.name: SelectIt
2020/07/14 17:50:41:327 DEBUG com.sinosoft.test.base.TestBase:80 - Found Element By : By.name: SelectIt
2020/07/14 17:50:41:327  INFO com.sinosoft.test.base.TestBase:416 - jsClickButton:[[InternetExplorerDriver: internet explorer on WINDOWS (1c05102a-8820-4965-b068-75b37815fedd)] -> name: SelectIt]
2020/07/14 17:50:41:327  INFO com.sinosoft.test.base.TestBase:144 - RunJavaScript:[[InternetExplorerDriver: internet explorer on WINDOWS (1c05102a-8820-4965-b068-75b37815fedd)] -> name: SelectIt]	arguments[0].click();
2020/07/14 17:50:42:102 DEBUG com.sinosoft.test.base.TestBase:272 - 系统窗口【黄河财险业务系统】with handle -b8d28c3a-e75b-4a20-bd82-6b14b5d7b276
2020/07/14 17:50:45:279 DEBUG com.sinosoft.test.base.TestBase:76 - Trying to find Element By : By.name: GuMainBusinessSource
2020/07/14 17:50:45:378 DEBUG com.sinosoft.test.base.TestBase:80 - Found Element By : By.name: GuMainBusinessSource
2020/07/14 17:50:45:380 DEBUG com.sinosoft.test.base.TestBase:49 - CodeSelect:设置完毕[[InternetExplorerDriver: internet explorer on WINDOWS (1c05102a-8820-4965-b068-75b37815fedd)] -> name: GuMainBusinessSource] & Code=01010101
2020/07/14 17:50:45:381 DEBUG com.sinosoft.test.base.TestBase:76 - Trying to find Element By : By.name: GuMainSurveyInd
2020/07/14 17:50:45:577 DEBUG com.sinosoft.test.base.TestBase:80 - Found Element By : By.name: GuMainSurveyInd
2020/07/14 17:50:45:577  INFO com.sinosoft.test.base.TestBase:96 - setSelectWithStartText:[[InternetExplorerDriver: internet explorer on WINDOWS (1c05102a-8820-4965-b068-75b37815fedd)] -> name: GuMainSurveyInd]->HXXT
2020/07/14 17:50:45:578 DEBUG com.sinosoft.test.base.TestBase:76 - Trying to find Element By : By.name: GuMainSurveyInd
2020/07/14 17:50:45:717 DEBUG com.sinosoft.test.base.TestBase:80 - Found Element By : By.name: GuMainSurveyInd
2020/07/14 17:50:45:760 DEBUG com.sinosoft.test.base.TestBase:76 - Trying to find Element By : By.name: GuMainSurveyInd
2020/07/14 17:50:45:894 DEBUG com.sinosoft.test.base.TestBase:80 - Found Element By : By.name: GuMainSurveyInd
2020/07/14 17:50:45:950 DEBUG com.sinosoft.test.base.TestBase:76 - Trying to find Element By : By.name: GuMainSurveyInd
2020/07/14 17:50:46:121 DEBUG com.sinosoft.test.base.TestBase:80 - Found Element By : By.name: GuMainSurveyInd
2020/07/14 17:50:46:122 DEBUG com.sinosoft.test.base.TestBase:76 - Trying to find Element By : By.tagName: option
2020/07/14 17:50:47:107 DEBUG com.sinosoft.test.base.TestBase:80 - Found Element By : By.tagName: option
2020/07/14 17:50:47:218  INFO com.sinosoft.test.base.TestBase:114 - 找到匹配【HXXT】的选项：HXXT-核心
2020/07/14 17:50:47:220 DEBUG com.sinosoft.test.base.TestBase:76 - Trying to find Element By : By.name: GuMainSurveyInd
2020/07/14 17:50:47:333 DEBUG com.sinosoft.test.base.TestBase:80 - Found Element By : By.name: GuMainSurveyInd
2020/07/14 17:50:47:334 DEBUG com.sinosoft.test.base.TestBase:76 - Trying to find Element By : By.xpath: .//option[normalize-space(.) = "HXXT-核心"]
2020/07/14 17:50:47:464 DEBUG com.sinosoft.test.base.TestBase:80 - Found Element By : By.xpath: .//option[normalize-space(.) = "HXXT-核心"]
2020/07/14 17:50:47:564 DEBUG com.sinosoft.test.base.TestBase:123 - setSelectWithStartText 结束！
2020/07/14 17:50:47:565 DEBUG com.sinosoft.test.base.TestBase:76 - Trying to find Element By : By.name: GuMainArgueSolution
2020/07/14 17:50:47:722 DEBUG com.sinosoft.test.base.TestBase:80 - Found Element By : By.name: GuMainArgueSolution
2020/07/14 17:50:47:723  INFO com.sinosoft.test.base.TestBase:96 - setSelectWithStartText:[[InternetExplorerDriver: internet explorer on WINDOWS (1c05102a-8820-4965-b068-75b37815fedd)] -> name: GuMainArgueSolution]->
2020/07/14 17:50:47:723 DEBUG com.sinosoft.test.base.TestBase:76 - Trying to find Element By : By.name: GuMainDomesticInd
2020/07/14 17:50:47:887 DEBUG com.sinosoft.test.base.TestBase:80 - Found Element By : By.name: GuMainDomesticInd
2020/07/14 17:50:47:887  INFO com.sinosoft.test.base.TestBase:96 - setSelectWithStartText:[[InternetExplorerDriver: internet explorer on WINDOWS (1c05102a-8820-4965-b068-75b37815fedd)] -> name: GuMainDomesticInd]->
2020/07/14 17:50:47:888 DEBUG com.sinosoft.test.base.TestBase:76 - Trying to find Element By : By.name: GuMainComInsureInd
2020/07/14 17:50:48:039 DEBUG com.sinosoft.test.base.TestBase:80 - Found Element By : By.name: GuMainComInsureInd
2020/07/14 17:50:48:039  INFO com.sinosoft.test.base.TestBase:96 - setSelectWithStartText:[[InternetExplorerDriver: internet explorer on WINDOWS (1c05102a-8820-4965-b068-75b37815fedd)] -> name: GuMainComInsureInd]->0
2020/07/14 17:50:48:040 DEBUG com.sinosoft.test.base.TestBase:76 - Trying to find Element By : By.name: GuMainComInsureInd
2020/07/14 17:50:48:186 DEBUG com.sinosoft.test.base.TestBase:80 - Found Element By : By.name: GuMainComInsureInd
2020/07/14 17:50:48:229 DEBUG com.sinosoft.test.base.TestBase:76 - Trying to find Element By : By.name: GuMainComInsureInd
2020/07/14 17:50:48:316 DEBUG com.sinosoft.test.base.TestBase:80 - Found Element By : By.name: GuMainComInsureInd
2020/07/14 17:50:48:419 DEBUG com.sinosoft.test.base.TestBase:76 - Trying to find Element By : By.name: GuMainComInsureInd
2020/07/14 17:50:48:568 DEBUG com.sinosoft.test.base.TestBase:80 - Found Element By : By.name: GuMainComInsureInd
2020/07/14 17:50:48:569 DEBUG com.sinosoft.test.base.TestBase:76 - Trying to find Element By : By.tagName: option
2020/07/14 17:50:48:866 DEBUG com.sinosoft.test.base.TestBase:80 - Found Element By : By.tagName: option
2020/07/14 17:50:48:978  INFO com.sinosoft.test.base.TestBase:114 - 找到匹配【0】的选项：0-非统括业务
2020/07/14 17:50:48:979 DEBUG com.sinosoft.test.base.TestBase:76 - Trying to find Element By : By.name: GuMainComInsureInd
2020/07/14 17:50:49:130 DEBUG com.sinosoft.test.base.TestBase:80 - Found Element By : By.name: GuMainComInsureInd
2020/07/14 17:50:49:132 DEBUG com.sinosoft.test.base.TestBase:76 - Trying to find Element By : By.xpath: .//option[normalize-space(.) = "0-非统括业务"]
2020/07/14 17:50:49:274 DEBUG com.sinosoft.test.base.TestBase:80 - Found Element By : By.xpath: .//option[normalize-space(.) = "0-非统括业务"]
2020/07/14 17:50:49:366 DEBUG com.sinosoft.test.base.TestBase:123 - setSelectWithStartText 结束！
2020/07/14 17:50:49:366 DEBUG com.sinosoft.test.base.TestBase:76 - Trying to find Element By : By.name: GuMainPolicyStyle
2020/07/14 17:50:49:496 DEBUG com.sinosoft.test.base.TestBase:80 - Found Element By : By.name: GuMainPolicyStyle
2020/07/14 17:50:49:497  INFO com.sinosoft.test.base.TestBase:96 - setSelectWithStartText:[[InternetExplorerDriver: internet explorer on WINDOWS (1c05102a-8820-4965-b068-75b37815fedd)] -> name: GuMainPolicyStyle]->0
2020/07/14 17:50:49:497 DEBUG com.sinosoft.test.base.TestBase:76 - Trying to find Element By : By.name: GuMainPolicyStyle
2020/07/14 17:50:49:590 DEBUG com.sinosoft.test.base.TestBase:80 - Found Element By : By.name: GuMainPolicyStyle
2020/07/14 17:50:49:634 DEBUG com.sinosoft.test.base.TestBase:76 - Trying to find Element By : By.name: GuMainPolicyStyle
2020/07/14 17:50:49:784 DEBUG com.sinosoft.test.base.TestBase:80 - Found Element By : By.name: GuMainPolicyStyle
2020/07/14 17:50:49:822 DEBUG com.sinosoft.test.base.TestBase:76 - Trying to find Element By : By.name: GuMainPolicyStyle
2020/07/14 17:50:50:000 DEBUG com.sinosoft.test.base.TestBase:80 - Found Element By : By.name: GuMainPolicyStyle
2020/07/14 17:50:50:001 DEBUG com.sinosoft.test.base.TestBase:76 - Trying to find Element By : By.tagName: option
2020/07/14 17:50:50:270 DEBUG com.sinosoft.test.base.TestBase:80 - Found Element By : By.tagName: option
2020/07/14 17:50:50:398  INFO com.sinosoft.test.base.TestBase:114 - 找到匹配【0】的选项：0-否
2020/07/14 17:50:50:399 DEBUG com.sinosoft.test.base.TestBase:76 - Trying to find Element By : By.name: GuMainPolicyStyle
2020/07/14 17:50:50:557 DEBUG com.sinosoft.test.base.TestBase:80 - Found Element By : By.name: GuMainPolicyStyle
2020/07/14 17:50:50:560 DEBUG com.sinosoft.test.base.TestBase:76 - Trying to find Element By : By.xpath: .//option[normalize-space(.) = "0-否"]
2020/07/14 17:50:50:712 DEBUG com.sinosoft.test.base.TestBase:80 - Found Element By : By.xpath: .//option[normalize-space(.) = "0-否"]
2020/07/14 17:50:50:807 DEBUG com.sinosoft.test.base.TestBase:123 - setSelectWithStartText 结束！
2020/07/14 17:50:50:808 DEBUG com.sinosoft.test.base.TestBase:76 - Trying to find Element By : By.name: RenewalOfInsuranceSelect
2020/07/14 17:50:50:970 DEBUG com.sinosoft.test.base.TestBase:80 - Found Element By : By.name: RenewalOfInsuranceSelect
2020/07/14 17:50:50:971  INFO com.sinosoft.test.base.TestBase:96 - setSelectWithStartText:[[InternetExplorerDriver: internet explorer on WINDOWS (1c05102a-8820-4965-b068-75b37815fedd)] -> name: RenewalOfInsuranceSelect]->0
2020/07/14 17:50:50:971 DEBUG com.sinosoft.test.base.TestBase:76 - Trying to find Element By : By.name: RenewalOfInsuranceSelect
2020/07/14 17:50:51:110 DEBUG com.sinosoft.test.base.TestBase:80 - Found Element By : By.name: RenewalOfInsuranceSelect
2020/07/14 17:50:51:152 DEBUG com.sinosoft.test.base.TestBase:76 - Trying to find Element By : By.name: RenewalOfInsuranceSelect
2020/07/14 17:50:51:272 DEBUG com.sinosoft.test.base.TestBase:80 - Found Element By : By.name: RenewalOfInsuranceSelect
2020/07/14 17:50:51:319 DEBUG com.sinosoft.test.base.TestBase:76 - Trying to find Element By : By.name: RenewalOfInsuranceSelect
2020/07/14 17:50:51:502 DEBUG com.sinosoft.test.base.TestBase:80 - Found Element By : By.name: RenewalOfInsuranceSelect
2020/07/14 17:50:51:504 DEBUG com.sinosoft.test.base.TestBase:76 - Trying to find Element By : By.tagName: option
2020/07/14 17:50:51:717 DEBUG com.sinosoft.test.base.TestBase:80 - Found Element By : By.tagName: option
2020/07/14 17:50:51:812  INFO com.sinosoft.test.base.TestBase:114 - 找到匹配【0】的选项：0-否
2020/07/14 17:50:51:813 DEBUG com.sinosoft.test.base.TestBase:76 - Trying to find Element By : By.name: RenewalOfInsuranceSelect
2020/07/14 17:50:52:029 DEBUG com.sinosoft.test.base.TestBase:80 - Found Element By : By.name: RenewalOfInsuranceSelect
2020/07/14 17:50:52:030 DEBUG com.sinosoft.test.base.TestBase:76 - Trying to find Element By : By.xpath: .//option[normalize-space(.) = "0-否"]
2020/07/14 17:50:52:155 DEBUG com.sinosoft.test.base.TestBase:80 - Found Element By : By.xpath: .//option[normalize-space(.) = "0-否"]
2020/07/14 17:50:52:212 DEBUG com.sinosoft.test.base.TestBase:42 - Trying to click on: [[[[InternetExplorerDriver: internet explorer on WINDOWS (1c05102a-8820-4965-b068-75b37815fedd)] -> name: RenewalOfInsuranceSelect]] -> xpath: .//option[normalize-space(.) = "0-否"]]
2020/07/14 17:50:52:595 DEBUG com.sinosoft.test.base.TestBase:46 - Clicked on: [[[[InternetExplorerDriver: internet explorer on WINDOWS (1c05102a-8820-4965-b068-75b37815fedd)] -> name: RenewalOfInsuranceSelect]] -> xpath: .//option[normalize-space(.) = "0-否"]]
2020/07/14 17:50:52:596 DEBUG com.sinosoft.test.base.TestBase:123 - setSelectWithStartText 结束！
2020/07/14 17:50:52:597 DEBUG com.sinosoft.test.base.TestBase:76 - Trying to find Element By : By.name: GuMainIsDifferentPlace
2020/07/14 17:50:52:761 DEBUG com.sinosoft.test.base.TestBase:80 - Found Element By : By.name: GuMainIsDifferentPlace
2020/07/14 17:50:52:762  INFO com.sinosoft.test.base.TestBase:96 - setSelectWithStartText:[[InternetExplorerDriver: internet explorer on WINDOWS (1c05102a-8820-4965-b068-75b37815fedd)] -> name: GuMainIsDifferentPlace]->
2020/07/14 17:50:52:762 DEBUG com.sinosoft.test.base.TestBase:76 - Trying to find Element By : By.name: GuMainIsFarming
2020/07/14 17:50:52:862 DEBUG com.sinosoft.test.base.TestBase:80 - Found Element By : By.name: GuMainIsFarming
2020/07/14 17:50:52:862  INFO com.sinosoft.test.base.TestBase:96 - setSelectWithStartText:[[InternetExplorerDriver: internet explorer on WINDOWS (1c05102a-8820-4965-b068-75b37815fedd)] -> name: GuMainIsFarming]->
2020/07/14 17:50:52:863 DEBUG com.sinosoft.test.base.TestBase:76 - Trying to find Element By : By.name: AppliGuRelatedPartyInsuredType
2020/07/14 17:50:53:019 DEBUG com.sinosoft.test.base.TestBase:80 - Found Element By : By.name: AppliGuRelatedPartyInsuredType
2020/07/14 17:50:53:020  INFO com.sinosoft.test.base.TestBase:96 - setSelectWithStartText:[[InternetExplorerDriver: internet explorer on WINDOWS (1c05102a-8820-4965-b068-75b37815fedd)] -> name: AppliGuRelatedPartyInsuredType]->2
2020/07/14 17:50:53:020 DEBUG com.sinosoft.test.base.TestBase:76 - Trying to find Element By : By.name: AppliGuRelatedPartyInsuredType
2020/07/14 17:50:53:187 DEBUG com.sinosoft.test.base.TestBase:80 - Found Element By : By.name: AppliGuRelatedPartyInsuredType
2020/07/14 17:50:53:236 DEBUG com.sinosoft.test.base.TestBase:76 - Trying to find Element By : By.name: AppliGuRelatedPartyInsuredType
2020/07/14 17:50:53:415 DEBUG com.sinosoft.test.base.TestBase:80 - Found Element By : By.name: AppliGuRelatedPartyInsuredType
2020/07/14 17:50:53:459 DEBUG com.sinosoft.test.base.TestBase:76 - Trying to find Element By : By.name: AppliGuRelatedPartyInsuredType
2020/07/14 17:50:53:646 DEBUG com.sinosoft.test.base.TestBase:80 - Found Element By : By.name: AppliGuRelatedPartyInsuredType
2020/07/14 17:50:53:646 DEBUG com.sinosoft.test.base.TestBase:76 - Trying to find Element By : By.tagName: option
2020/07/14 17:50:53:841 DEBUG com.sinosoft.test.base.TestBase:80 - Found Element By : By.tagName: option
2020/07/14 17:50:54:054  INFO com.sinosoft.test.base.TestBase:114 - 找到匹配【2】的选项：2-团体
2020/07/14 17:50:54:054 DEBUG com.sinosoft.test.base.TestBase:76 - Trying to find Element By : By.name: AppliGuRelatedPartyInsuredType
2020/07/14 17:50:54:153 DEBUG com.sinosoft.test.base.TestBase:80 - Found Element By : By.name: AppliGuRelatedPartyInsuredType
2020/07/14 17:50:54:154 DEBUG com.sinosoft.test.base.TestBase:76 - Trying to find Element By : By.xpath: .//option[normalize-space(.) = "2-团体"]
2020/07/14 17:50:54:274 DEBUG com.sinosoft.test.base.TestBase:80 - Found Element By : By.xpath: .//option[normalize-space(.) = "2-团体"]
2020/07/14 17:50:54:332 DEBUG com.sinosoft.test.base.TestBase:123 - setSelectWithStartText 结束！
2020/07/14 17:50:54:333 DEBUG com.sinosoft.test.base.TestBase:76 - Trying to find Element By : By.name: AppliGuRelatedPartyInsuredCode
2020/07/14 17:50:54:659 DEBUG com.sinosoft.test.base.TestBase:80 - Found Element By : By.name: AppliGuRelatedPartyInsuredCode
2020/07/14 17:50:54:660  INFO com.sinosoft.test.base.TestBase:388 - setEditboxTValue:[[InternetExplorerDriver: internet explorer on WINDOWS (1c05102a-8820-4965-b068-75b37815fedd)] -> name: AppliGuRelatedPartyInsuredCode]->G6200019984
2020/07/14 17:50:54:660 DEBUG com.sinosoft.test.base.TestBase:76 - Trying to find Element By : By.name: AppliGuRelatedPartyInsuredCode
2020/07/14 17:50:54:745 DEBUG com.sinosoft.test.base.TestBase:80 - Found Element By : By.name: AppliGuRelatedPartyInsuredCode
2020/07/14 17:50:55:176 DEBUG com.sinosoft.test.base.TestBase:76 - Trying to find Element By : By.name: AppliGuRelatedPartyInsuredCode
2020/07/14 17:50:55:326 DEBUG com.sinosoft.test.base.TestBase:80 - Found Element By : By.name: AppliGuRelatedPartyInsuredCode
2020/07/14 17:51:00:889 DEBUG com.sinosoft.test.base.TestBase:76 - Trying to find Element By : By.name: buttonSaveCustomer
2020/07/14 17:51:00:986 DEBUG com.sinosoft.test.base.TestBase:80 - Found Element By : By.name: buttonSaveCustomer
2020/07/14 17:51:00:987 DEBUG com.sinosoft.test.base.TestBase:42 - Trying to click on: [[InternetExplorerDriver: internet explorer on WINDOWS (1c05102a-8820-4965-b068-75b37815fedd)] -> name: buttonSaveCustomer]
2020/07/14 17:51:02:386 DEBUG com.sinosoft.test.base.TestBase:46 - Clicked on: [[InternetExplorerDriver: internet explorer on WINDOWS (1c05102a-8820-4965-b068-75b37815fedd)] -> name: buttonSaveCustomer]
2020/07/14 17:51:02:611  INFO com.sinosoft.test.base.TestBase:519 - 在保存客户时捕获了一个弹窗：客户已经保存，或不需要保存.
2020/07/14 17:51:02:839 DEBUG com.sinosoft.test.base.TestBase:218 - Alert的标题是：客户已经保存，或不需要保存.
2020/07/14 17:51:03:800 DEBUG com.sinosoft.test.base.TestBase:76 - Trying to find Element By : By.name: AppliGuRelatedPartyInsuredCode
2020/07/14 17:51:03:994 DEBUG com.sinosoft.test.base.TestBase:80 - Found Element By : By.name: AppliGuRelatedPartyInsuredCode
2020/07/14 17:51:04:085 DEBUG com.sinosoft.test.base.TestBase:76 - Trying to find Element By : By.id: saveButton
2020/07/14 17:51:04:218 DEBUG com.sinosoft.test.base.TestBase:80 - Found Element By : By.id: saveButton
2020/07/14 17:51:04:219 DEBUG com.sinosoft.test.base.TestBase:42 - Trying to click on: [[InternetExplorerDriver: internet explorer on WINDOWS (1c05102a-8820-4965-b068-75b37815fedd)] -> id: saveButton]
2020/07/14 17:51:10:173 DEBUG com.sinosoft.test.base.TestBase:46 - Clicked on: [[InternetExplorerDriver: internet explorer on WINDOWS (1c05102a-8820-4965-b068-75b37815fedd)] -> id: saveButton]
2020/07/14 17:51:10:173 DEBUG com.sinosoft.test.base.TestBase:88 - 截屏文件名字是：FCCB_TB_JCX_1保存基本信息
2020/07/14 17:51:10:386 DEBUG com.sinosoft.test.base.TestBase:69 - 初始化class com.sinosoft.test.fccp.tbcl.RiskDetail_TypePage
2020/07/14 17:51:16:410 DEBUG com.sinosoft.test.base.TestBase:76 - Trying to find Element By : By.name: GuRiskRiskApplyType
2020/07/14 17:51:16:550 DEBUG com.sinosoft.test.base.TestBase:80 - Found Element By : By.name: GuRiskRiskApplyType
2020/07/14 17:51:16:551 DEBUG com.sinosoft.test.base.TestBase:107 - 投保处理/险种信息
2020/07/14 17:51:19:627 DEBUG com.sinosoft.test.base.TestBase:76 - Trying to find Element By : By.id: RiskItem
2020/07/14 17:51:19:741 DEBUG com.sinosoft.test.base.TestBase:80 - Found Element By : By.id: RiskItem
2020/07/14 17:51:19:741 DEBUG com.sinosoft.test.base.TestBase:76 - Trying to find Element By : By.name: summarySubBusinessNo
2020/07/14 17:51:19:911 DEBUG com.sinosoft.test.base.TestBase:80 - Found Element By : By.name: summarySubBusinessNo
2020/07/14 17:51:19:973 DEBUG com.sinosoft.test.base.TestBase:113 - 投保单号：06201900101202000000000085
2020/07/14 17:51:19:974 DEBUG com.sinosoft.test.base.TestBase:121 - 保存投保单号完毕！
2020/07/14 17:51:25:687 DEBUG com.sinosoft.test.base.TestBase:123 - 返回工作区，准备下一步操作！
2020/07/14 17:51:25:688  INFO com.sinosoft.test.base.TestBase:125 - 开始处理风险类别信息
2020/07/14 17:51:25:689 DEBUG com.sinosoft.test.base.TestBase:76 - Trying to find Element By : By.name: GuRiskRiskApplyType
2020/07/14 17:51:25:819 DEBUG com.sinosoft.test.base.TestBase:80 - Found Element By : By.name: GuRiskRiskApplyType
2020/07/14 17:51:25:819  INFO com.sinosoft.test.base.TestBase:96 - setSelectWithStartText:[[InternetExplorerDriver: internet explorer on WINDOWS (1c05102a-8820-4965-b068-75b37815fedd)] -> name: GuRiskRiskApplyType]->1
2020/07/14 17:51:25:819 DEBUG com.sinosoft.test.base.TestBase:76 - Trying to find Element By : By.name: GuRiskRiskApplyType
2020/07/14 17:51:25:943 DEBUG com.sinosoft.test.base.TestBase:80 - Found Element By : By.name: GuRiskRiskApplyType
2020/07/14 17:51:25:982 DEBUG com.sinosoft.test.base.TestBase:76 - Trying to find Element By : By.name: GuRiskRiskApplyType
2020/07/14 17:51:26:119 DEBUG com.sinosoft.test.base.TestBase:80 - Found Element By : By.name: GuRiskRiskApplyType
2020/07/14 17:51:26:194 DEBUG com.sinosoft.test.base.TestBase:76 - Trying to find Element By : By.name: GuRiskRiskApplyType
2020/07/14 17:51:26:332 DEBUG com.sinosoft.test.base.TestBase:80 - Found Element By : By.name: GuRiskRiskApplyType
2020/07/14 17:51:26:332 DEBUG com.sinosoft.test.base.TestBase:76 - Trying to find Element By : By.tagName: option
2020/07/14 17:51:26:471 DEBUG com.sinosoft.test.base.TestBase:80 - Found Element By : By.tagName: option
2020/07/14 17:51:26:577  INFO com.sinosoft.test.base.TestBase:114 - 找到匹配【1】的选项：1-全国
2020/07/14 17:51:26:579 DEBUG com.sinosoft.test.base.TestBase:76 - Trying to find Element By : By.name: GuRiskRiskApplyType
2020/07/14 17:51:26:676 DEBUG com.sinosoft.test.base.TestBase:80 - Found Element By : By.name: GuRiskRiskApplyType
2020/07/14 17:51:26:677 DEBUG com.sinosoft.test.base.TestBase:76 - Trying to find Element By : By.xpath: .//option[normalize-space(.) = "1-全国"]
2020/07/14 17:51:26:798 DEBUG com.sinosoft.test.base.TestBase:80 - Found Element By : By.xpath: .//option[normalize-space(.) = "1-全国"]
2020/07/14 17:51:26:838 DEBUG com.sinosoft.test.base.TestBase:123 - setSelectWithStartText 结束！
2020/07/14 17:51:26:838 DEBUG com.sinosoft.test.base.TestBase:76 - Trying to find Element By : By.name: GuRiskCoinsInd
2020/07/14 17:51:26:988 DEBUG com.sinosoft.test.base.TestBase:80 - Found Element By : By.name: GuRiskCoinsInd
2020/07/14 17:51:26:989  INFO com.sinosoft.test.base.TestBase:96 - setSelectWithStartText:[[InternetExplorerDriver: internet explorer on WINDOWS (1c05102a-8820-4965-b068-75b37815fedd)] -> name: GuRiskCoinsInd]->1
2020/07/14 17:51:26:989 DEBUG com.sinosoft.test.base.TestBase:76 - Trying to find Element By : By.name: GuRiskCoinsInd
2020/07/14 17:51:27:127 DEBUG com.sinosoft.test.base.TestBase:80 - Found Element By : By.name: GuRiskCoinsInd
2020/07/14 17:51:27:168 DEBUG com.sinosoft.test.base.TestBase:76 - Trying to find Element By : By.name: GuRiskCoinsInd
2020/07/14 17:51:27:286 DEBUG com.sinosoft.test.base.TestBase:80 - Found Element By : By.name: GuRiskCoinsInd
2020/07/14 17:51:27:324 DEBUG com.sinosoft.test.base.TestBase:76 - Trying to find Element By : By.name: GuRiskCoinsInd
2020/07/14 17:51:27:491 DEBUG com.sinosoft.test.base.TestBase:80 - Found Element By : By.name: GuRiskCoinsInd
2020/07/14 17:51:27:492 DEBUG com.sinosoft.test.base.TestBase:76 - Trying to find Element By : By.tagName: option
2020/07/14 17:51:27:855 DEBUG com.sinosoft.test.base.TestBase:80 - Found Element By : By.tagName: option
2020/07/14 17:51:28:013  INFO com.sinosoft.test.base.TestBase:114 - 找到匹配【1】的选项：1-主共保
2020/07/14 17:51:28:013 DEBUG com.sinosoft.test.base.TestBase:76 - Trying to find Element By : By.name: GuRiskCoinsInd
2020/07/14 17:51:28:104 DEBUG com.sinosoft.test.base.TestBase:80 - Found Element By : By.name: GuRiskCoinsInd
2020/07/14 17:51:28:105 DEBUG com.sinosoft.test.base.TestBase:76 - Trying to find Element By : By.xpath: .//option[normalize-space(.) = "1-主共保"]
2020/07/14 17:51:28:221 DEBUG com.sinosoft.test.base.TestBase:80 - Found Element By : By.xpath: .//option[normalize-space(.) = "1-主共保"]
2020/07/14 17:51:28:298 DEBUG com.sinosoft.test.base.TestBase:42 - Trying to click on: [[[[InternetExplorerDriver: internet explorer on WINDOWS (1c05102a-8820-4965-b068-75b37815fedd)] -> name: GuRiskCoinsInd]] -> xpath: .//option[normalize-space(.) = "1-主共保"]]
2020/07/14 17:51:28:655 DEBUG com.sinosoft.test.base.TestBase:46 - Clicked on: [[[[InternetExplorerDriver: internet explorer on WINDOWS (1c05102a-8820-4965-b068-75b37815fedd)] -> name: GuRiskCoinsInd]] -> xpath: .//option[normalize-space(.) = "1-主共保"]]
2020/07/14 17:51:28:655 DEBUG com.sinosoft.test.base.TestBase:123 - setSelectWithStartText 结束！
2020/07/14 17:51:28:655 DEBUG com.sinosoft.test.base.TestBase:76 - Trying to find Element By : By.name: GuRiskBusinessFlag
2020/07/14 17:51:28:801 DEBUG com.sinosoft.test.base.TestBase:80 - Found Element By : By.name: GuRiskBusinessFlag
2020/07/14 17:51:28:802  INFO com.sinosoft.test.base.TestBase:96 - setSelectWithStartText:[[InternetExplorerDriver: internet explorer on WINDOWS (1c05102a-8820-4965-b068-75b37815fedd)] -> name: GuRiskBusinessFlag]->1
2020/07/14 17:51:28:802 DEBUG com.sinosoft.test.base.TestBase:76 - Trying to find Element By : By.name: GuRiskBusinessFlag
2020/07/14 17:51:28:887 DEBUG com.sinosoft.test.base.TestBase:80 - Found Element By : By.name: GuRiskBusinessFlag
2020/07/14 17:51:28:927 DEBUG com.sinosoft.test.base.TestBase:76 - Trying to find Element By : By.name: GuRiskBusinessFlag
2020/07/14 17:51:29:062 DEBUG com.sinosoft.test.base.TestBase:80 - Found Element By : By.name: GuRiskBusinessFlag
2020/07/14 17:51:29:102 DEBUG com.sinosoft.test.base.TestBase:76 - Trying to find Element By : By.name: GuRiskBusinessFlag
2020/07/14 17:51:29:266 DEBUG com.sinosoft.test.base.TestBase:80 - Found Element By : By.name: GuRiskBusinessFlag
2020/07/14 17:51:29:266 DEBUG com.sinosoft.test.base.TestBase:76 - Trying to find Element By : By.tagName: option
2020/07/14 17:51:29:448 DEBUG com.sinosoft.test.base.TestBase:80 - Found Element By : By.tagName: option
2020/07/14 17:51:29:623  INFO com.sinosoft.test.base.TestBase:114 - 找到匹配【1】的选项：1-是
2020/07/14 17:51:29:624 DEBUG com.sinosoft.test.base.TestBase:76 - Trying to find Element By : By.name: GuRiskBusinessFlag
2020/07/14 17:51:29:781 DEBUG com.sinosoft.test.base.TestBase:80 - Found Element By : By.name: GuRiskBusinessFlag
2020/07/14 17:51:29:781 DEBUG com.sinosoft.test.base.TestBase:76 - Trying to find Element By : By.xpath: .//option[normalize-space(.) = "1-是"]
2020/07/14 17:51:29:874 DEBUG com.sinosoft.test.base.TestBase:80 - Found Element By : By.xpath: .//option[normalize-space(.) = "1-是"]
2020/07/14 17:51:29:916 DEBUG com.sinosoft.test.base.TestBase:42 - Trying to click on: [[[[InternetExplorerDriver: internet explorer on WINDOWS (1c05102a-8820-4965-b068-75b37815fedd)] -> name: GuRiskBusinessFlag]] -> xpath: .//option[normalize-space(.) = "1-是"]]
2020/07/14 17:51:30:252 DEBUG com.sinosoft.test.base.TestBase:46 - Clicked on: [[[[InternetExplorerDriver: internet explorer on WINDOWS (1c05102a-8820-4965-b068-75b37815fedd)] -> name: GuRiskBusinessFlag]] -> xpath: .//option[normalize-space(.) = "1-是"]]
2020/07/14 17:51:30:253 DEBUG com.sinosoft.test.base.TestBase:123 - setSelectWithStartText 结束！
2020/07/14 17:51:30:253 DEBUG com.sinosoft.test.base.TestBase:76 - Trying to find Element By : By.name: GuRiskJudicalCode
2020/07/14 17:51:30:359 DEBUG com.sinosoft.test.base.TestBase:80 - Found Element By : By.name: GuRiskJudicalCode
2020/07/14 17:51:30:362  INFO com.sinosoft.test.base.TestBase:96 - setSelectWithStartText:[[InternetExplorerDriver: internet explorer on WINDOWS (1c05102a-8820-4965-b068-75b37815fedd)] -> name: GuRiskJudicalCode]->1
2020/07/14 17:51:30:363 DEBUG com.sinosoft.test.base.TestBase:76 - Trying to find Element By : By.name: GuRiskJudicalCode
2020/07/14 17:51:30:456 DEBUG com.sinosoft.test.base.TestBase:80 - Found Element By : By.name: GuRiskJudicalCode
2020/07/14 17:51:30:502 DEBUG com.sinosoft.test.base.TestBase:76 - Trying to find Element By : By.name: GuRiskJudicalCode
2020/07/14 17:51:30:583 DEBUG com.sinosoft.test.base.TestBase:80 - Found Element By : By.name: GuRiskJudicalCode
2020/07/14 17:51:30:625 DEBUG com.sinosoft.test.base.TestBase:76 - Trying to find Element By : By.name: GuRiskJudicalCode
2020/07/14 17:51:30:760 DEBUG com.sinosoft.test.base.TestBase:80 - Found Element By : By.name: GuRiskJudicalCode
2020/07/14 17:51:30:761 DEBUG com.sinosoft.test.base.TestBase:76 - Trying to find Element By : By.tagName: option
2020/07/14 17:51:31:000 DEBUG com.sinosoft.test.base.TestBase:80 - Found Element By : By.tagName: option
2020/07/14 17:51:31:083  INFO com.sinosoft.test.base.TestBase:114 - 找到匹配【1】的选项：1-中华人民共和国管辖(港澳台除外)
2020/07/14 17:51:31:083 DEBUG com.sinosoft.test.base.TestBase:76 - Trying to find Element By : By.name: GuRiskJudicalCode
2020/07/14 17:51:31:231 DEBUG com.sinosoft.test.base.TestBase:80 - Found Element By : By.name: GuRiskJudicalCode
2020/07/14 17:51:31:231 DEBUG com.sinosoft.test.base.TestBase:76 - Trying to find Element By : By.xpath: .//option[normalize-space(.) = "1-中华人民共和国管辖(港澳台除外)"]
2020/07/14 17:51:31:328 DEBUG com.sinosoft.test.base.TestBase:80 - Found Element By : By.xpath: .//option[normalize-space(.) = "1-中华人民共和国管辖(港澳台除外)"]
2020/07/14 17:51:31:413 DEBUG com.sinosoft.test.base.TestBase:123 - setSelectWithStartText 结束！
2020/07/14 17:51:31:414 DEBUG com.sinosoft.test.base.TestBase:76 - Trying to find Element By : By.xpath: //table[@id='InsuredRelatedParty']/tbody/tr[@id='InsuredGuRelatedPartyCorInsuredType']/td/select[@name='InsuredGuRelatedPartyStarLevel']
2020/07/14 17:51:31:552 DEBUG com.sinosoft.test.base.TestBase:80 - Found Element By : By.xpath: //table[@id='InsuredRelatedParty']/tbody/tr[@id='InsuredGuRelatedPartyCorInsuredType']/td/select[@name='InsuredGuRelatedPartyStarLevel']
2020/07/14 17:51:31:552  INFO com.sinosoft.test.base.TestBase:96 - setSelectWithStartText:[[InternetExplorerDriver: internet explorer on WINDOWS (1c05102a-8820-4965-b068-75b37815fedd)] -> xpath: //table[@id='InsuredRelatedParty']/tbody/tr[@id='InsuredGuRelatedPartyCorInsuredType']/td/select[@name='InsuredGuRelatedPartyStarLevel']]->0
2020/07/14 17:51:31:552 DEBUG com.sinosoft.test.base.TestBase:76 - Trying to find Element By : By.xpath: //table[@id='InsuredRelatedParty']/tbody/tr[@id='InsuredGuRelatedPartyCorInsuredType']/td/select[@name='InsuredGuRelatedPartyStarLevel']
2020/07/14 17:51:31:633 DEBUG com.sinosoft.test.base.TestBase:80 - Found Element By : By.xpath: //table[@id='InsuredRelatedParty']/tbody/tr[@id='InsuredGuRelatedPartyCorInsuredType']/td/select[@name='InsuredGuRelatedPartyStarLevel']
2020/07/14 17:51:31:660 DEBUG com.sinosoft.test.base.TestBase:76 - Trying to find Element By : By.xpath: //table[@id='InsuredRelatedParty']/tbody/tr[@id='InsuredGuRelatedPartyCorInsuredType']/td/select[@name='InsuredGuRelatedPartyStarLevel']
2020/07/14 17:51:31:743 DEBUG com.sinosoft.test.base.TestBase:80 - Found Element By : By.xpath: //table[@id='InsuredRelatedParty']/tbody/tr[@id='InsuredGuRelatedPartyCorInsuredType']/td/select[@name='InsuredGuRelatedPartyStarLevel']
2020/07/14 17:51:31:769 DEBUG com.sinosoft.test.base.TestBase:76 - Trying to find Element By : By.xpath: //table[@id='InsuredRelatedParty']/tbody/tr[@id='InsuredGuRelatedPartyCorInsuredType']/td/select[@name='InsuredGuRelatedPartyStarLevel']
2020/07/14 17:51:31:860 DEBUG com.sinosoft.test.base.TestBase:80 - Found Element By : By.xpath: //table[@id='InsuredRelatedParty']/tbody/tr[@id='InsuredGuRelatedPartyCorInsuredType']/td/select[@name='InsuredGuRelatedPartyStarLevel']
2020/07/14 17:51:31:862 DEBUG com.sinosoft.test.base.TestBase:76 - Trying to find Element By : By.tagName: option
2020/07/14 17:51:32:100 DEBUG com.sinosoft.test.base.TestBase:80 - Found Element By : By.tagName: option
2020/07/14 17:51:32:253  INFO com.sinosoft.test.base.TestBase:114 - 找到匹配【0】的选项：0-普通客户
2020/07/14 17:51:32:255 DEBUG com.sinosoft.test.base.TestBase:76 - Trying to find Element By : By.xpath: //table[@id='InsuredRelatedParty']/tbody/tr[@id='InsuredGuRelatedPartyCorInsuredType']/td/select[@name='InsuredGuRelatedPartyStarLevel']
2020/07/14 17:51:32:375 DEBUG com.sinosoft.test.base.TestBase:80 - Found Element By : By.xpath: //table[@id='InsuredRelatedParty']/tbody/tr[@id='InsuredGuRelatedPartyCorInsuredType']/td/select[@name='InsuredGuRelatedPartyStarLevel']
2020/07/14 17:51:32:376 DEBUG com.sinosoft.test.base.TestBase:76 - Trying to find Element By : By.xpath: .//option[normalize-space(.) = "0-普通客户"]
2020/07/14 17:51:32:490 DEBUG com.sinosoft.test.base.TestBase:80 - Found Element By : By.xpath: .//option[normalize-space(.) = "0-普通客户"]
2020/07/14 17:51:32:551 DEBUG com.sinosoft.test.base.TestBase:42 - Trying to click on: [[[[InternetExplorerDriver: internet explorer on WINDOWS (1c05102a-8820-4965-b068-75b37815fedd)] -> xpath: //table[@id='InsuredRelatedParty']/tbody/tr[@id='InsuredGuRelatedPartyCorInsuredType']/td/select[@name='InsuredGuRelatedPartyStarLevel']]] -> xpath: .//option[normalize-space(.) = "0-普通客户"]]
2020/07/14 17:51:32:909 DEBUG com.sinosoft.test.base.TestBase:46 - Clicked on: [[[[InternetExplorerDriver: internet explorer on WINDOWS (1c05102a-8820-4965-b068-75b37815fedd)] -> xpath: //table[@id='InsuredRelatedParty']/tbody/tr[@id='InsuredGuRelatedPartyCorInsuredType']/td/select[@name='InsuredGuRelatedPartyStarLevel']]] -> xpath: .//option[normalize-space(.) = "0-普通客户"]]
2020/07/14 17:51:32:910 DEBUG com.sinosoft.test.base.TestBase:123 - setSelectWithStartText 结束！
2020/07/14 17:51:32:910 DEBUG com.sinosoft.test.base.TestBase:76 - Trying to find Element By : By.xpath: //table[@id='InsuredRelatedParty']/tbody/tr[@id='InsuredGuRelatedPartyVocation']/td/input[@name='InsuredGuRelatedPartyIndustryMainCode']
2020/07/14 17:51:33:002 DEBUG com.sinosoft.test.base.TestBase:80 - Found Element By : By.xpath: //table[@id='InsuredRelatedParty']/tbody/tr[@id='InsuredGuRelatedPartyVocation']/td/input[@name='InsuredGuRelatedPartyIndustryMainCode']
2020/07/14 17:51:33:044 DEBUG com.sinosoft.test.base.TestBase:76 - Trying to find Element By : By.xpath: //table[@id='InsuredRelatedParty']/tbody/tr[@id='InsuredGuRelatedPartyVocation']/td/input[@name='InsuredGuRelatedPartyIndustryMainCode']
2020/07/14 17:51:33:125 DEBUG com.sinosoft.test.base.TestBase:80 - Found Element By : By.xpath: //table[@id='InsuredRelatedParty']/tbody/tr[@id='InsuredGuRelatedPartyVocation']/td/input[@name='InsuredGuRelatedPartyIndustryMainCode']
2020/07/14 17:51:33:125 DEBUG com.sinosoft.test.base.TestBase:42 - CodeSelect:开始设置[[InternetExplorerDriver: internet explorer on WINDOWS (1c05102a-8820-4965-b068-75b37815fedd)] -> xpath: //table[@id='InsuredRelatedParty']/tbody/tr[@id='InsuredGuRelatedPartyVocation']/td/input[@name='InsuredGuRelatedPartyIndustryMainCode']] & Code=12
2020/07/14 17:51:33:126 DEBUG com.sinosoft.test.base.TestBase:76 - Trying to find Element By : By.xpath: //table[@id='InsuredRelatedParty']/tbody/tr[@id='InsuredGuRelatedPartyVocation']/td/input[@name='InsuredGuRelatedPartyIndustryMainCode']
2020/07/14 17:51:33:196 DEBUG com.sinosoft.test.base.TestBase:80 - Found Element By : By.xpath: //table[@id='InsuredRelatedParty']/tbody/tr[@id='InsuredGuRelatedPartyVocation']/td/input[@name='InsuredGuRelatedPartyIndustryMainCode']
2020/07/14 17:51:34:761 DEBUG com.sinosoft.test.base.TestBase:272 - 系统窗口【黄河财险业务系统】with handle -b8d28c3a-e75b-4a20-bd82-6b14b5d7b276
2020/07/14 17:51:35:443 DEBUG com.sinosoft.test.base.TestBase:272 - 系统窗口【黄河财险业务系统】with handle -b8d28c3a-e75b-4a20-bd82-6b14b5d7b276
2020/07/14 17:51:36:125 DEBUG com.sinosoft.test.base.TestBase:272 - 系统窗口【Code Select】with handle -7a2a9eb5-1ea8-4d9b-a656-9dd6fb8245fe
2020/07/14 17:51:36:652 DEBUG com.sinosoft.test.base.TestBase:69 - 初始化class com.sinosoft.test.fccp.common.CodeSelectPage
2020/07/14 17:51:36:655 DEBUG com.sinosoft.test.base.TestBase:39 - 基础码表选择！
2020/07/14 17:51:36:658 DEBUG com.sinosoft.test.base.TestBase:76 - Trying to find Element By : By.name: fieldValue
2020/07/14 17:51:36:980 DEBUG com.sinosoft.test.base.TestBase:80 - Found Element By : By.name: fieldValue
2020/07/14 17:51:36:981  INFO com.sinosoft.test.base.TestBase:360 - setEditboxValue:[[InternetExplorerDriver: internet explorer on WINDOWS (1c05102a-8820-4965-b068-75b37815fedd)] -> name: fieldValue]：12
2020/07/14 17:51:38:531  INFO com.sinosoft.test.base.TestBase:363 - setEditboxValue—End:[[InternetExplorerDriver: internet explorer on WINDOWS (1c05102a-8820-4965-b068-75b37815fedd)] -> name: fieldValue]：12
2020/07/14 17:51:38:531 DEBUG com.sinosoft.test.base.TestBase:76 - Trying to find Element By : By.xpath: //input[@value='查询(Q)']
2020/07/14 17:51:38:850 DEBUG com.sinosoft.test.base.TestBase:80 - Found Element By : By.xpath: //input[@value='查询(Q)']
2020/07/14 17:51:38:852  INFO com.sinosoft.test.base.TestBase:402 - clickButton:[[InternetExplorerDriver: internet explorer on WINDOWS (1c05102a-8820-4965-b068-75b37815fedd)] -> xpath: //input[@value='查询(Q)']]
2020/07/14 17:51:38:855 DEBUG com.sinosoft.test.base.TestBase:42 - Trying to click on: [[InternetExplorerDriver: internet explorer on WINDOWS (1c05102a-8820-4965-b068-75b37815fedd)] -> xpath: //input[@value='查询(Q)']]
2020/07/14 17:51:40:492 DEBUG com.sinosoft.test.base.TestBase:46 - Clicked on: [[InternetExplorerDriver: internet explorer on WINDOWS (1c05102a-8820-4965-b068-75b37815fedd)] -> xpath: //input[@value='查询(Q)']]
2020/07/14 17:51:40:493 DEBUG com.sinosoft.test.base.TestBase:76 - Trying to find Element By : By.name: codeselect
2020/07/14 17:51:40:808 DEBUG com.sinosoft.test.base.TestBase:80 - Found Element By : By.name: codeselect
2020/07/14 17:51:40:808  INFO com.sinosoft.test.base.TestBase:132 - setFuzzySelect:[[InternetExplorerDriver: internet explorer on WINDOWS (1c05102a-8820-4965-b068-75b37815fedd)] -> name: codeselect]->12
2020/07/14 17:51:41:378 DEBUG com.sinosoft.test.base.TestBase:76 - Trying to find Element By : By.tagName: option
2020/07/14 17:51:41:731 DEBUG com.sinosoft.test.base.TestBase:80 - Found Element By : By.tagName: option
2020/07/14 17:51:42:129  INFO com.sinosoft.test.base.TestBase:142 - 找到匹配【12】的选项：12--社会团体,机关,事业单位
2020/07/14 17:51:42:130 DEBUG com.sinosoft.test.base.TestBase:76 - Trying to find Element By : By.xpath: .//option[normalize-space(.) = "12--社会团体,机关,事业单位"]
2020/07/14 17:51:42:460 DEBUG com.sinosoft.test.base.TestBase:80 - Found Element By : By.xpath: .//option[normalize-space(.) = "12--社会团体,机关,事业单位"]
2020/07/14 17:51:42:759 DEBUG com.sinosoft.test.base.TestBase:42 - Trying to click on: [[[[InternetExplorerDriver: internet explorer on WINDOWS (1c05102a-8820-4965-b068-75b37815fedd)] -> name: codeselect]] -> xpath: .//option[normalize-space(.) = "12--社会团体,机关,事业单位"]]
2020/07/14 17:51:43:262 DEBUG com.sinosoft.test.base.TestBase:46 - Clicked on: [[[[InternetExplorerDriver: internet explorer on WINDOWS (1c05102a-8820-4965-b068-75b37815fedd)] -> name: codeselect]] -> xpath: .//option[normalize-space(.) = "12--社会团体,机关,事业单位"]]
2020/07/14 17:51:43:263 DEBUG com.sinosoft.test.base.TestBase:151 - setFuzzySelect 结束！
2020/07/14 17:51:43:263 DEBUG com.sinosoft.test.base.TestBase:76 - Trying to find Element By : By.name: SelectIt
2020/07/14 17:51:43:568 DEBUG com.sinosoft.test.base.TestBase:80 - Found Element By : By.name: SelectIt
2020/07/14 17:51:43:568  INFO com.sinosoft.test.base.TestBase:416 - jsClickButton:[[InternetExplorerDriver: internet explorer on WINDOWS (1c05102a-8820-4965-b068-75b37815fedd)] -> name: SelectIt]
2020/07/14 17:51:43:569  INFO com.sinosoft.test.base.TestBase:144 - RunJavaScript:[[InternetExplorerDriver: internet explorer on WINDOWS (1c05102a-8820-4965-b068-75b37815fedd)] -> name: SelectIt]	arguments[0].click();
2020/07/14 17:51:44:821 DEBUG com.sinosoft.test.base.TestBase:272 - 系统窗口【黄河财险业务系统】with handle -b8d28c3a-e75b-4a20-bd82-6b14b5d7b276
2020/07/14 17:51:50:763 DEBUG com.sinosoft.test.base.TestBase:76 - Trying to find Element By : By.xpath: //table[@id='InsuredRelatedParty']/tbody/tr[@id='InsuredGuRelatedPartyVocation']/td/input[@name='InsuredGuRelatedPartyIndustryMainCode']
2020/07/14 17:51:50:854 DEBUG com.sinosoft.test.base.TestBase:80 - Found Element By : By.xpath: //table[@id='InsuredRelatedParty']/tbody/tr[@id='InsuredGuRelatedPartyVocation']/td/input[@name='InsuredGuRelatedPartyIndustryMainCode']
2020/07/14 17:51:50:854 DEBUG com.sinosoft.test.base.TestBase:49 - CodeSelect:设置完毕[[InternetExplorerDriver: internet explorer on WINDOWS (1c05102a-8820-4965-b068-75b37815fedd)] -> xpath: //table[@id='InsuredRelatedParty']/tbody/tr[@id='InsuredGuRelatedPartyVocation']/td/input[@name='InsuredGuRelatedPartyIndustryMainCode']] & Code=12
2020/07/14 17:51:50:855 DEBUG com.sinosoft.test.base.TestBase:76 - Trying to find Element By : By.xpath: //table[@id='InsuredRelatedParty']/tbody/tr[@id='InsuredGuRelatedPartyVocation']/td/input[@name='InsuredGuRelatedPartyIndustryKindCode']
2020/07/14 17:51:50:969 DEBUG com.sinosoft.test.base.TestBase:80 - Found Element By : By.xpath: //table[@id='InsuredRelatedParty']/tbody/tr[@id='InsuredGuRelatedPartyVocation']/td/input[@name='InsuredGuRelatedPartyIndustryKindCode']
2020/07/14 17:51:51:068 DEBUG com.sinosoft.test.base.TestBase:76 - Trying to find Element By : By.xpath: //table[@id='InsuredRelatedParty']/tbody/tr[@id='InsuredGuRelatedPartyVocation']/td/input[@name='InsuredGuRelatedPartyIndustryKindCode']
2020/07/14 17:51:51:165 DEBUG com.sinosoft.test.base.TestBase:80 - Found Element By : By.xpath: //table[@id='InsuredRelatedParty']/tbody/tr[@id='InsuredGuRelatedPartyVocation']/td/input[@name='InsuredGuRelatedPartyIndustryKindCode']
2020/07/14 17:51:51:166 DEBUG com.sinosoft.test.base.TestBase:63 - SetCodeEditBox:开始设置:[[InternetExplorerDriver: internet explorer on WINDOWS (1c05102a-8820-4965-b068-75b37815fedd)] -> xpath: //table[@id='InsuredRelatedParty']/tbody/tr[@id='InsuredGuRelatedPartyVocation']/td/input[@name='InsuredGuRelatedPartyIndustryKindCode']] & Code=12006
2020/07/14 17:51:51:166 DEBUG com.sinosoft.test.base.TestBase:76 - Trying to find Element By : By.xpath: //table[@id='InsuredRelatedParty']/tbody/tr[@id='InsuredGuRelatedPartyVocation']/td/input[@name='InsuredGuRelatedPartyIndustryKindCode']
2020/07/14 17:51:51:248 DEBUG com.sinosoft.test.base.TestBase:80 - Found Element By : By.xpath: //table[@id='InsuredRelatedParty']/tbody/tr[@id='InsuredGuRelatedPartyVocation']/td/input[@name='InsuredGuRelatedPartyIndustryKindCode']
2020/07/14 17:51:51:726 DEBUG com.sinosoft.test.base.TestBase:76 - Trying to find Element By : By.xpath: //table[@id='InsuredRelatedParty']/tbody/tr[@id='InsuredGuRelatedPartyVocation']/td/input[@name='InsuredGuRelatedPartyIndustryKindCode']
2020/07/14 17:51:51:832 DEBUG com.sinosoft.test.base.TestBase:80 - Found Element By : By.xpath: //table[@id='InsuredRelatedParty']/tbody/tr[@id='InsuredGuRelatedPartyVocation']/td/input[@name='InsuredGuRelatedPartyIndustryKindCode']
2020/07/14 17:51:52:788 DEBUG com.sinosoft.test.base.TestBase:76 - Trying to find Element By : By.xpath: //table[@id='InsuredRelatedParty']/tbody/tr[@id='InsuredGuRelatedPartyVocation']/td/input[@name='InsuredGuRelatedPartyIndustryKindCode']
2020/07/14 17:51:52:870 DEBUG com.sinosoft.test.base.TestBase:80 - Found Element By : By.xpath: //table[@id='InsuredRelatedParty']/tbody/tr[@id='InsuredGuRelatedPartyVocation']/td/input[@name='InsuredGuRelatedPartyIndustryKindCode']
2020/07/14 17:51:52:870 DEBUG com.sinosoft.test.base.TestBase:76 - Trying to find Element By : By.xpath: ../input[last()]
2020/07/14 17:51:52:980 DEBUG com.sinosoft.test.base.TestBase:80 - Found Element By : By.xpath: ../input[last()]
2020/07/14 17:51:53:186  INFO com.sinosoft.test.base.TestBase:71 - SetCodeEditBox:找到了Code对应的文本显示框并点击触发显示:InsuredGuRelatedPartyIndustryKindCName
2020/07/14 17:51:53:187 DEBUG com.sinosoft.test.base.TestBase:42 - Trying to click on: [[[[InternetExplorerDriver: internet explorer on WINDOWS (1c05102a-8820-4965-b068-75b37815fedd)] -> xpath: //table[@id='InsuredRelatedParty']/tbody/tr[@id='InsuredGuRelatedPartyVocation']/td/input[@name='InsuredGuRelatedPartyIndustryKindCode']]] -> xpath: ../input[last()]]
2020/07/14 17:51:54:695 DEBUG com.sinosoft.test.base.TestBase:46 - Clicked on: [[[[InternetExplorerDriver: internet explorer on WINDOWS (1c05102a-8820-4965-b068-75b37815fedd)] -> xpath: //table[@id='InsuredRelatedParty']/tbody/tr[@id='InsuredGuRelatedPartyVocation']/td/input[@name='InsuredGuRelatedPartyIndustryKindCode']]] -> xpath: ../input[last()]]
2020/07/14 17:51:54:895 DEBUG com.sinosoft.test.base.TestBase:76 - Trying to find Element By : By.xpath: //table[@id='InsuredRelatedParty']/tbody/tr[@id='InsuredGuRelatedPartyVocation']/td/input[@name='InsuredGuRelatedPartyIndustryKindCode']
2020/07/14 17:51:55:049 DEBUG com.sinosoft.test.base.TestBase:80 - Found Element By : By.xpath: //table[@id='InsuredRelatedParty']/tbody/tr[@id='InsuredGuRelatedPartyVocation']/td/input[@name='InsuredGuRelatedPartyIndustryKindCode']
2020/07/14 17:51:55:049 DEBUG com.sinosoft.test.base.TestBase:87 - SetCodeEditBox:设置完毕[[InternetExplorerDriver: internet explorer on WINDOWS (1c05102a-8820-4965-b068-75b37815fedd)] -> xpath: //table[@id='InsuredRelatedParty']/tbody/tr[@id='InsuredGuRelatedPartyVocation']/td/input[@name='InsuredGuRelatedPartyIndustryKindCode']],设置值 Code=12006
2020/07/14 17:51:55:050  INFO com.sinosoft.test.base.TestBase:157 - 保存险种基本信息
2020/07/14 17:51:55:050 DEBUG com.sinosoft.test.base.TestBase:76 - Trying to find Element By : By.id: saveButton
2020/07/14 17:51:55:156 DEBUG com.sinosoft.test.base.TestBase:80 - Found Element By : By.id: saveButton
2020/07/14 17:51:55:157  INFO com.sinosoft.test.base.TestBase:416 - jsClickButton:[[InternetExplorerDriver: internet explorer on WINDOWS (1c05102a-8820-4965-b068-75b37815fedd)] -> id: saveButton]
2020/07/14 17:51:55:158 DEBUG com.sinosoft.test.base.TestBase:76 - Trying to find Element By : By.id: saveButton
2020/07/14 17:51:55:424 DEBUG com.sinosoft.test.base.TestBase:80 - Found Element By : By.id: saveButton
2020/07/14 17:51:55:426  INFO com.sinosoft.test.base.TestBase:144 - RunJavaScript:[[InternetExplorerDriver: internet explorer on WINDOWS (1c05102a-8820-4965-b068-75b37815fedd)] -> id: saveButton]	arguments[0].click();
2020/07/14 17:51:55:427 DEBUG com.sinosoft.test.base.TestBase:76 - Trying to find Element By : By.id: saveButton
2020/07/14 17:51:55:520 DEBUG com.sinosoft.test.base.TestBase:80 - Found Element By : By.id: saveButton
2020/07/14 17:51:56:880 DEBUG com.sinosoft.test.base.TestBase:69 - 初始化class com.sinosoft.test.fccp.tbcl.RiskDetail_insuredObjPage
2020/07/14 17:52:03:121 DEBUG com.sinosoft.test.base.TestBase:76 - Trying to find Element By : By.id: ItemPropertyDetail
2020/07/14 17:52:03:270 DEBUG com.sinosoft.test.base.TestBase:80 - Found Element By : By.id: ItemPropertyDetail
2020/07/14 17:52:03:272 DEBUG com.sinosoft.test.base.TestBase:213 - 进入保险标的信息页面对象！
2020/07/14 17:52:03:272  INFO com.sinosoft.test.base.TestBase:222 - 开始录入标的物信息！
2020/07/14 17:52:03:279 DEBUG com.sinosoft.test.base.TestBase:69 - 初始化class com.sinosoft.test.fccp.tbcl.InsuredObjectInfoPage_0101
2020/07/14 17:52:03:284 DEBUG com.sinosoft.test.base.TestBase:76 - Trying to find Element By : By.name: GuItemPropertyBlockCode
2020/07/14 17:52:03:437 DEBUG com.sinosoft.test.base.TestBase:80 - Found Element By : By.name: GuItemPropertyBlockCode
2020/07/14 17:52:03:438  INFO com.sinosoft.test.base.TestBase:30 - 开始录入标的物信息！
2020/07/14 17:52:03:439 DEBUG com.sinosoft.test.base.TestBase:76 - Trying to find Element By : By.name: GuItemPropertyBlockCode
2020/07/14 17:52:03:569 DEBUG com.sinosoft.test.base.TestBase:80 - Found Element By : By.name: GuItemPropertyBlockCode
2020/07/14 17:52:03:569  INFO com.sinosoft.test.base.TestBase:388 - setEditboxTValue:[[InternetExplorerDriver: internet explorer on WINDOWS (1c05102a-8820-4965-b068-75b37815fedd)] -> name: GuItemPropertyBlockCode]->121121123123
2020/07/14 17:52:03:570 DEBUG com.sinosoft.test.base.TestBase:76 - Trying to find Element By : By.name: GuItemPropertyBlockCode
2020/07/14 17:52:03:653 DEBUG com.sinosoft.test.base.TestBase:80 - Found Element By : By.name: GuItemPropertyBlockCode
2020/07/14 17:52:04:078 DEBUG com.sinosoft.test.base.TestBase:76 - Trying to find Element By : By.name: GuItemPropertyBlockCode
2020/07/14 17:52:04:206 DEBUG com.sinosoft.test.base.TestBase:80 - Found Element By : By.name: GuItemPropertyBlockCode
2020/07/14 17:52:09:958 DEBUG com.sinosoft.test.base.TestBase:76 - Trying to find Element By : By.name: GuItemPropertyCurrency
2020/07/14 17:52:10:093 DEBUG com.sinosoft.test.base.TestBase:80 - Found Element By : By.name: GuItemPropertyCurrency
2020/07/14 17:52:10:161 DEBUG com.sinosoft.test.base.TestBase:76 - Trying to find Element By : By.name: GuItemPropertyItemProvinceCode
2020/07/14 17:52:10:264 DEBUG com.sinosoft.test.base.TestBase:80 - Found Element By : By.name: GuItemPropertyItemProvinceCode
2020/07/14 17:52:10:329 DEBUG com.sinosoft.test.base.TestBase:76 - Trying to find Element By : By.name: GuItemPropertyItemProvinceCode
2020/07/14 17:52:10:467 DEBUG com.sinosoft.test.base.TestBase:80 - Found Element By : By.name: GuItemPropertyItemProvinceCode
2020/07/14 17:52:10:467 DEBUG com.sinosoft.test.base.TestBase:63 - SetCodeEditBox:开始设置:[[InternetExplorerDriver: internet explorer on WINDOWS (1c05102a-8820-4965-b068-75b37815fedd)] -> name: GuItemPropertyItemProvinceCode] & Code=130000
2020/07/14 17:52:10:467 DEBUG com.sinosoft.test.base.TestBase:76 - Trying to find Element By : By.name: GuItemPropertyItemProvinceCode
2020/07/14 17:52:10:601 DEBUG com.sinosoft.test.base.TestBase:80 - Found Element By : By.name: GuItemPropertyItemProvinceCode
2020/07/14 17:52:10:972 DEBUG com.sinosoft.test.base.TestBase:76 - Trying to find Element By : By.name: GuItemPropertyItemProvinceCode
2020/07/14 17:52:11:079 DEBUG com.sinosoft.test.base.TestBase:80 - Found Element By : By.name: GuItemPropertyItemProvinceCode
2020/07/14 17:52:11:922 DEBUG com.sinosoft.test.base.TestBase:76 - Trying to find Element By : By.name: GuItemPropertyItemProvinceCode
2020/07/14 17:52:12:052 DEBUG com.sinosoft.test.base.TestBase:80 - Found Element By : By.name: GuItemPropertyItemProvinceCode
2020/07/14 17:52:12:052 DEBUG com.sinosoft.test.base.TestBase:76 - Trying to find Element By : By.xpath: ../input[last()]
2020/07/14 17:52:12:146 DEBUG com.sinosoft.test.base.TestBase:80 - Found Element By : By.xpath: ../input[last()]
2020/07/14 17:52:12:334  INFO com.sinosoft.test.base.TestBase:71 - SetCodeEditBox:找到了Code对应的文本显示框并点击触发显示:GuItemPropertyItemProvinceCName
2020/07/14 17:52:12:334 DEBUG com.sinosoft.test.base.TestBase:42 - Trying to click on: [[[[InternetExplorerDriver: internet explorer on WINDOWS (1c05102a-8820-4965-b068-75b37815fedd)] -> name: GuItemPropertyItemProvinceCode]] -> xpath: ../input[last()]]
2020/07/14 17:52:13:721 DEBUG com.sinosoft.test.base.TestBase:46 - Clicked on: [[[[InternetExplorerDriver: internet explorer on WINDOWS (1c05102a-8820-4965-b068-75b37815fedd)] -> name: GuItemPropertyItemProvinceCode]] -> xpath: ../input[last()]]
2020/07/14 17:52:13:921 DEBUG com.sinosoft.test.base.TestBase:76 - Trying to find Element By : By.name: GuItemPropertyItemProvinceCode
2020/07/14 17:52:14:064 DEBUG com.sinosoft.test.base.TestBase:80 - Found Element By : By.name: GuItemPropertyItemProvinceCode
2020/07/14 17:52:14:064 DEBUG com.sinosoft.test.base.TestBase:87 - SetCodeEditBox:设置完毕[[InternetExplorerDriver: internet explorer on WINDOWS (1c05102a-8820-4965-b068-75b37815fedd)] -> name: GuItemPropertyItemProvinceCode],设置值 Code=130000
2020/07/14 17:52:14:065 DEBUG com.sinosoft.test.base.TestBase:76 - Trying to find Element By : By.name: GuItemPropertyItemCityCode
2020/07/14 17:52:14:214 DEBUG com.sinosoft.test.base.TestBase:80 - Found Element By : By.name: GuItemPropertyItemCityCode
2020/07/14 17:52:14:250 DEBUG com.sinosoft.test.base.TestBase:76 - Trying to find Element By : By.name: GuItemPropertyItemCityCode
2020/07/14 17:52:14:391 DEBUG com.sinosoft.test.base.TestBase:80 - Found Element By : By.name: GuItemPropertyItemCityCode
2020/07/14 17:52:14:393 DEBUG com.sinosoft.test.base.TestBase:63 - SetCodeEditBox:开始设置:[[InternetExplorerDriver: internet explorer on WINDOWS (1c05102a-8820-4965-b068-75b37815fedd)] -> name: GuItemPropertyItemCityCode] & Code=130300
2020/07/14 17:52:14:394 DEBUG com.sinosoft.test.base.TestBase:76 - Trying to find Element By : By.name: GuItemPropertyItemCityCode
2020/07/14 17:52:14:482 DEBUG com.sinosoft.test.base.TestBase:80 - Found Element By : By.name: GuItemPropertyItemCityCode
2020/07/14 17:52:14:887 DEBUG com.sinosoft.test.base.TestBase:76 - Trying to find Element By : By.name: GuItemPropertyItemCityCode
2020/07/14 17:52:14:988 DEBUG com.sinosoft.test.base.TestBase:80 - Found Element By : By.name: GuItemPropertyItemCityCode
2020/07/14 17:52:15:918 DEBUG com.sinosoft.test.base.TestBase:76 - Trying to find Element By : By.name: GuItemPropertyItemCityCode
2020/07/14 17:52:16:052 DEBUG com.sinosoft.test.base.TestBase:80 - Found Element By : By.name: GuItemPropertyItemCityCode
2020/07/14 17:52:16:052 DEBUG com.sinosoft.test.base.TestBase:76 - Trying to find Element By : By.xpath: ../input[last()]
2020/07/14 17:52:16:143 DEBUG com.sinosoft.test.base.TestBase:80 - Found Element By : By.xpath: ../input[last()]
2020/07/14 17:52:16:322  INFO com.sinosoft.test.base.TestBase:71 - SetCodeEditBox:找到了Code对应的文本显示框并点击触发显示:GuItemPropertyItemCityCName
2020/07/14 17:52:16:323 DEBUG com.sinosoft.test.base.TestBase:42 - Trying to click on: [[[[InternetExplorerDriver: internet explorer on WINDOWS (1c05102a-8820-4965-b068-75b37815fedd)] -> name: GuItemPropertyItemCityCode]] -> xpath: ../input[last()]]
2020/07/14 17:52:17:710 DEBUG com.sinosoft.test.base.TestBase:46 - Clicked on: [[[[InternetExplorerDriver: internet explorer on WINDOWS (1c05102a-8820-4965-b068-75b37815fedd)] -> name: GuItemPropertyItemCityCode]] -> xpath: ../input[last()]]
2020/07/14 17:52:17:911 DEBUG com.sinosoft.test.base.TestBase:76 - Trying to find Element By : By.name: GuItemPropertyItemCityCode
2020/07/14 17:52:18:124 DEBUG com.sinosoft.test.base.TestBase:80 - Found Element By : By.name: GuItemPropertyItemCityCode
2020/07/14 17:52:18:126 DEBUG com.sinosoft.test.base.TestBase:87 - SetCodeEditBox:设置完毕[[InternetExplorerDriver: internet explorer on WINDOWS (1c05102a-8820-4965-b068-75b37815fedd)] -> name: GuItemPropertyItemCityCode],设置值 Code=130300
2020/07/14 17:52:18:127 DEBUG com.sinosoft.test.base.TestBase:76 - Trying to find Element By : By.name: GuItemPropertyItemPostalCode
2020/07/14 17:52:18:222 DEBUG com.sinosoft.test.base.TestBase:80 - Found Element By : By.name: GuItemPropertyItemPostalCode
2020/07/14 17:52:18:223  INFO com.sinosoft.test.base.TestBase:360 - setEditboxValue:[[InternetExplorerDriver: internet explorer on WINDOWS (1c05102a-8820-4965-b068-75b37815fedd)] -> name: GuItemPropertyItemPostalCode]：065201
2020/07/14 17:52:18:224 DEBUG com.sinosoft.test.base.TestBase:76 - Trying to find Element By : By.name: GuItemPropertyItemPostalCode
2020/07/14 17:52:18:317 DEBUG com.sinosoft.test.base.TestBase:80 - Found Element By : By.name: GuItemPropertyItemPostalCode
2020/07/14 17:52:18:750 DEBUG com.sinosoft.test.base.TestBase:76 - Trying to find Element By : By.name: GuItemPropertyItemPostalCode
2020/07/14 17:52:18:866 DEBUG com.sinosoft.test.base.TestBase:80 - Found Element By : By.name: GuItemPropertyItemPostalCode
2020/07/14 17:52:19:506 DEBUG com.sinosoft.test.base.TestBase:76 - Trying to find Element By : By.name: GuItemPropertyItemPostalCode
2020/07/14 17:52:19:744 DEBUG com.sinosoft.test.base.TestBase:80 - Found Element By : By.name: GuItemPropertyItemPostalCode
2020/07/14 17:52:19:745  INFO com.sinosoft.test.base.TestBase:363 - setEditboxValue—End:[[InternetExplorerDriver: internet explorer on WINDOWS (1c05102a-8820-4965-b068-75b37815fedd)] -> name: GuItemPropertyItemPostalCode]：065201
2020/07/14 17:52:19:745 DEBUG com.sinosoft.test.base.TestBase:76 - Trying to find Element By : By.name: GuItemPropertyConstruction
2020/07/14 17:52:19:899 DEBUG com.sinosoft.test.base.TestBase:80 - Found Element By : By.name: GuItemPropertyConstruction
2020/07/14 17:52:19:955 DEBUG com.sinosoft.test.base.TestBase:76 - Trying to find Element By : By.name: GuItemPropertySituation
2020/07/14 17:52:20:115 DEBUG com.sinosoft.test.base.TestBase:80 - Found Element By : By.name: GuItemPropertySituation
2020/07/14 17:52:20:115  INFO com.sinosoft.test.base.TestBase:360 - setEditboxValue:[[InternetExplorerDriver: internet explorer on WINDOWS (1c05102a-8820-4965-b068-75b37815fedd)] -> name: GuItemPropertySituation]：北戴河公园
2020/07/14 17:52:20:116 DEBUG com.sinosoft.test.base.TestBase:76 - Trying to find Element By : By.name: GuItemPropertySituation
2020/07/14 17:52:20:268 DEBUG com.sinosoft.test.base.TestBase:80 - Found Element By : By.name: GuItemPropertySituation
2020/07/14 17:52:20:704 DEBUG com.sinosoft.test.base.TestBase:76 - Trying to find Element By : By.name: GuItemPropertySituation
2020/07/14 17:52:20:873 DEBUG com.sinosoft.test.base.TestBase:80 - Found Element By : By.name: GuItemPropertySituation
2020/07/14 17:52:21:503 DEBUG com.sinosoft.test.base.TestBase:76 - Trying to find Element By : By.name: GuItemPropertySituation
2020/07/14 17:52:21:597 DEBUG com.sinosoft.test.base.TestBase:80 - Found Element By : By.name: GuItemPropertySituation
2020/07/14 17:52:21:598  INFO com.sinosoft.test.base.TestBase:363 - setEditboxValue—End:[[InternetExplorerDriver: internet explorer on WINDOWS (1c05102a-8820-4965-b068-75b37815fedd)] -> name: GuItemPropertySituation]：北戴河公园
2020/07/14 17:52:21:599 DEBUG com.sinosoft.test.base.TestBase:232 - 开始录入险种明细信息
2020/07/14 17:52:21:601 DEBUG com.sinosoft.test.base.TestBase:76 - Trying to find Element By : By.id: ItemPropertyDetail
2020/07/14 17:52:21:695 DEBUG com.sinosoft.test.base.TestBase:80 - Found Element By : By.id: ItemPropertyDetail
2020/07/14 17:52:21:695  INFO com.sinosoft.test.base.TestBase:406 - clickElement:[[InternetExplorerDriver: internet explorer on WINDOWS (1c05102a-8820-4965-b068-75b37815fedd)] -> id: ItemPropertyDetail]
2020/07/14 17:52:21:695 DEBUG com.sinosoft.test.base.TestBase:76 - Trying to find Element By : By.id: ItemPropertyDetail
2020/07/14 17:52:21:824 DEBUG com.sinosoft.test.base.TestBase:80 - Found Element By : By.id: ItemPropertyDetail
2020/07/14 17:52:21:825 DEBUG com.sinosoft.test.base.TestBase:42 - Trying to click on: [[InternetExplorerDriver: internet explorer on WINDOWS (1c05102a-8820-4965-b068-75b37815fedd)] -> id: ItemPropertyDetail]
2020/07/14 17:52:23:379 DEBUG com.sinosoft.test.base.TestBase:46 - Clicked on: [[InternetExplorerDriver: internet explorer on WINDOWS (1c05102a-8820-4965-b068-75b37815fedd)] -> id: ItemPropertyDetail]
2020/07/14 17:52:23:380 DEBUG com.sinosoft.test.base.TestBase:76 - Trying to find Element By : By.id: ItemPropertyDetail
2020/07/14 17:52:23:512 DEBUG com.sinosoft.test.base.TestBase:80 - Found Element By : By.id: ItemPropertyDetail
2020/07/14 17:52:23:513 DEBUG com.sinosoft.test.base.TestBase:76 - Trying to find Element By : By.name: GuItemPropertyDetailItemDetailCode
2020/07/14 17:52:23:641 DEBUG com.sinosoft.test.base.TestBase:80 - Found Element By : By.name: GuItemPropertyDetailItemDetailCode
2020/07/14 17:52:23:642 DEBUG com.sinosoft.test.base.TestBase:76 - Trying to find Element By : By.id: ItemPropertyDetail
2020/07/14 17:52:23:778 DEBUG com.sinosoft.test.base.TestBase:80 - Found Element By : By.id: ItemPropertyDetail
2020/07/14 17:52:23:779 DEBUG com.sinosoft.test.base.TestBase:76 - Trying to find Element By : By.name: GuItemPropertyDetailItemDetailList
2020/07/14 17:52:23:898 DEBUG com.sinosoft.test.base.TestBase:80 - Found Element By : By.name: GuItemPropertyDetailItemDetailList
2020/07/14 17:52:23:938 DEBUG com.sinosoft.test.base.TestBase:42 - CodeSelect:开始设置[[[[InternetExplorerDriver: internet explorer on WINDOWS (1c05102a-8820-4965-b068-75b37815fedd)] -> id: ItemPropertyDetail]] -> name: GuItemPropertyDetailItemDetailCode] & Code=010001
2020/07/14 17:52:25:432 DEBUG com.sinosoft.test.base.TestBase:272 - 系统窗口【黄河财险业务系统】with handle -b8d28c3a-e75b-4a20-bd82-6b14b5d7b276
2020/07/14 17:52:26:185 DEBUG com.sinosoft.test.base.TestBase:272 - 系统窗口【黄河财险业务系统】with handle -b8d28c3a-e75b-4a20-bd82-6b14b5d7b276
2020/07/14 17:52:26:859 DEBUG com.sinosoft.test.base.TestBase:272 - 系统窗口【Code Select】with handle -a90cc9d5-d8cf-4d09-b7d5-e9c54305e12d
2020/07/14 17:52:27:390 DEBUG com.sinosoft.test.base.TestBase:69 - 初始化class com.sinosoft.test.fccp.common.CodeSelectPage
2020/07/14 17:52:27:391 DEBUG com.sinosoft.test.base.TestBase:39 - 基础码表选择！
2020/07/14 17:52:27:392 DEBUG com.sinosoft.test.base.TestBase:76 - Trying to find Element By : By.name: fieldValue
2020/07/14 17:52:27:740 DEBUG com.sinosoft.test.base.TestBase:80 - Found Element By : By.name: fieldValue
2020/07/14 17:52:27:740  INFO com.sinosoft.test.base.TestBase:360 - setEditboxValue:[[InternetExplorerDriver: internet explorer on WINDOWS (1c05102a-8820-4965-b068-75b37815fedd)] -> name: fieldValue]：010001
2020/07/14 17:52:29:396  INFO com.sinosoft.test.base.TestBase:363 - setEditboxValue—End:[[InternetExplorerDriver: internet explorer on WINDOWS (1c05102a-8820-4965-b068-75b37815fedd)] -> name: fieldValue]：010001
2020/07/14 17:52:29:397 DEBUG com.sinosoft.test.base.TestBase:76 - Trying to find Element By : By.xpath: //input[@value='查询(Q)']
2020/07/14 17:52:29:820 DEBUG com.sinosoft.test.base.TestBase:80 - Found Element By : By.xpath: //input[@value='查询(Q)']
2020/07/14 17:52:29:821  INFO com.sinosoft.test.base.TestBase:402 - clickButton:[[InternetExplorerDriver: internet explorer on WINDOWS (1c05102a-8820-4965-b068-75b37815fedd)] -> xpath: //input[@value='查询(Q)']]
2020/07/14 17:52:29:821 DEBUG com.sinosoft.test.base.TestBase:42 - Trying to click on: [[InternetExplorerDriver: internet explorer on WINDOWS (1c05102a-8820-4965-b068-75b37815fedd)] -> xpath: //input[@value='查询(Q)']]
2020/07/14 17:52:31:520 DEBUG com.sinosoft.test.base.TestBase:46 - Clicked on: [[InternetExplorerDriver: internet explorer on WINDOWS (1c05102a-8820-4965-b068-75b37815fedd)] -> xpath: //input[@value='查询(Q)']]
2020/07/14 17:52:31:520 DEBUG com.sinosoft.test.base.TestBase:76 - Trying to find Element By : By.name: codeselect
2020/07/14 17:52:31:846 DEBUG com.sinosoft.test.base.TestBase:80 - Found Element By : By.name: codeselect
2020/07/14 17:52:31:847  INFO com.sinosoft.test.base.TestBase:132 - setFuzzySelect:[[InternetExplorerDriver: internet explorer on WINDOWS (1c05102a-8820-4965-b068-75b37815fedd)] -> name: codeselect]->010001
2020/07/14 17:52:32:418 DEBUG com.sinosoft.test.base.TestBase:76 - Trying to find Element By : By.tagName: option
2020/07/14 17:52:32:770 DEBUG com.sinosoft.test.base.TestBase:80 - Found Element By : By.tagName: option
2020/07/14 17:52:33:109  INFO com.sinosoft.test.base.TestBase:142 - 找到匹配【010001】的选项：010001--固定资产
2020/07/14 17:52:33:110 DEBUG com.sinosoft.test.base.TestBase:76 - Trying to find Element By : By.xpath: .//option[normalize-space(.) = "010001--固定资产"]
2020/07/14 17:52:33:437 DEBUG com.sinosoft.test.base.TestBase:80 - Found Element By : By.xpath: .//option[normalize-space(.) = "010001--固定资产"]
2020/07/14 17:52:33:759 DEBUG com.sinosoft.test.base.TestBase:42 - Trying to click on: [[[[InternetExplorerDriver: internet explorer on WINDOWS (1c05102a-8820-4965-b068-75b37815fedd)] -> name: codeselect]] -> xpath: .//option[normalize-space(.) = "010001--固定资产"]]
2020/07/14 17:52:34:429 DEBUG com.sinosoft.test.base.TestBase:46 - Clicked on: [[[[InternetExplorerDriver: internet explorer on WINDOWS (1c05102a-8820-4965-b068-75b37815fedd)] -> name: codeselect]] -> xpath: .//option[normalize-space(.) = "010001--固定资产"]]
2020/07/14 17:52:34:429 DEBUG com.sinosoft.test.base.TestBase:151 - setFuzzySelect 结束！
2020/07/14 17:52:34:430 DEBUG com.sinosoft.test.base.TestBase:76 - Trying to find Element By : By.name: SelectIt
2020/07/14 17:52:34:727 DEBUG com.sinosoft.test.base.TestBase:80 - Found Element By : By.name: SelectIt
2020/07/14 17:52:34:728  INFO com.sinosoft.test.base.TestBase:416 - jsClickButton:[[InternetExplorerDriver: internet explorer on WINDOWS (1c05102a-8820-4965-b068-75b37815fedd)] -> name: SelectIt]
2020/07/14 17:52:34:728  INFO com.sinosoft.test.base.TestBase:144 - RunJavaScript:[[InternetExplorerDriver: internet explorer on WINDOWS (1c05102a-8820-4965-b068-75b37815fedd)] -> name: SelectIt]	arguments[0].click();
2020/07/14 17:52:35:588 DEBUG com.sinosoft.test.base.TestBase:272 - 系统窗口【黄河财险业务系统】with handle -b8d28c3a-e75b-4a20-bd82-6b14b5d7b276
2020/07/14 17:52:40:932 DEBUG com.sinosoft.test.base.TestBase:49 - CodeSelect:设置完毕[[[[InternetExplorerDriver: internet explorer on WINDOWS (1c05102a-8820-4965-b068-75b37815fedd)] -> id: ItemPropertyDetail]] -> name: GuItemPropertyDetailItemDetailCode] & Code=010001
2020/07/14 17:52:40:933  INFO com.sinosoft.test.base.TestBase:360 - setEditboxValue:[[[[InternetExplorerDriver: internet explorer on WINDOWS (1c05102a-8820-4965-b068-75b37815fedd)] -> id: ItemPropertyDetail]] -> name: GuItemPropertyDetailItemDetailList]：碣石公园礁石群
2020/07/14 17:52:42:177  INFO com.sinosoft.test.base.TestBase:363 - setEditboxValue—End:[[[[InternetExplorerDriver: internet explorer on WINDOWS (1c05102a-8820-4965-b068-75b37815fedd)] -> id: ItemPropertyDetail]] -> name: GuItemPropertyDetailItemDetailList]：碣石公园礁石群
2020/07/14 17:52:42:178 DEBUG com.sinosoft.test.base.TestBase:76 - Trying to find Element By : By.id: ItemPropertyDetail
2020/07/14 17:52:42:286 DEBUG com.sinosoft.test.base.TestBase:80 - Found Element By : By.id: ItemPropertyDetail
2020/07/14 17:52:42:286 DEBUG com.sinosoft.test.base.TestBase:76 - Trying to find Element By : By.name: GuItemKindKindCode
2020/07/14 17:52:42:453 DEBUG com.sinosoft.test.base.TestBase:80 - Found Element By : By.name: GuItemKindKindCode
2020/07/14 17:52:42:525 DEBUG com.sinosoft.test.base.TestBase:42 - CodeSelect:开始设置[[[[InternetExplorerDriver: internet explorer on WINDOWS (1c05102a-8820-4965-b068-75b37815fedd)] -> id: ItemPropertyDetail]] -> name: GuItemKindKindCode] & Code=0101001
2020/07/14 17:52:44:368 DEBUG com.sinosoft.test.base.TestBase:272 - 系统窗口【黄河财险业务系统】with handle -b8d28c3a-e75b-4a20-bd82-6b14b5d7b276
2020/07/14 17:52:45:054 DEBUG com.sinosoft.test.base.TestBase:272 - 系统窗口【黄河财险业务系统】with handle -b8d28c3a-e75b-4a20-bd82-6b14b5d7b276
2020/07/14 17:52:45:701 DEBUG com.sinosoft.test.base.TestBase:272 - 系统窗口【Code Select】with handle -515ca390-41d6-4e4f-8bf8-852a7114cca0
2020/07/14 17:52:46:223 DEBUG com.sinosoft.test.base.TestBase:69 - 初始化class com.sinosoft.test.fccp.common.CodeSelectPage
2020/07/14 17:52:46:224 DEBUG com.sinosoft.test.base.TestBase:39 - 基础码表选择！
2020/07/14 17:52:46:225 DEBUG com.sinosoft.test.base.TestBase:76 - Trying to find Element By : By.name: fieldValue
2020/07/14 17:52:46:511 DEBUG com.sinosoft.test.base.TestBase:80 - Found Element By : By.name: fieldValue
2020/07/14 17:52:46:512  INFO com.sinosoft.test.base.TestBase:360 - setEditboxValue:[[InternetExplorerDriver: internet explorer on WINDOWS (1c05102a-8820-4965-b068-75b37815fedd)] -> name: fieldValue]：0101001
2020/07/14 17:52:48:012  INFO com.sinosoft.test.base.TestBase:363 - setEditboxValue—End:[[InternetExplorerDriver: internet explorer on WINDOWS (1c05102a-8820-4965-b068-75b37815fedd)] -> name: fieldValue]：0101001
2020/07/14 17:52:48:013 DEBUG com.sinosoft.test.base.TestBase:76 - Trying to find Element By : By.xpath: //input[@value='查询(Q)']
2020/07/14 17:52:48:312 DEBUG com.sinosoft.test.base.TestBase:80 - Found Element By : By.xpath: //input[@value='查询(Q)']
2020/07/14 17:52:48:313  INFO com.sinosoft.test.base.TestBase:402 - clickButton:[[InternetExplorerDriver: internet explorer on WINDOWS (1c05102a-8820-4965-b068-75b37815fedd)] -> xpath: //input[@value='查询(Q)']]
2020/07/14 17:52:48:314 DEBUG com.sinosoft.test.base.TestBase:42 - Trying to click on: [[InternetExplorerDriver: internet explorer on WINDOWS (1c05102a-8820-4965-b068-75b37815fedd)] -> xpath: //input[@value='查询(Q)']]
2020/07/14 17:52:49:953 DEBUG com.sinosoft.test.base.TestBase:46 - Clicked on: [[InternetExplorerDriver: internet explorer on WINDOWS (1c05102a-8820-4965-b068-75b37815fedd)] -> xpath: //input[@value='查询(Q)']]
2020/07/14 17:52:49:954 DEBUG com.sinosoft.test.base.TestBase:76 - Trying to find Element By : By.name: codeselect
2020/07/14 17:52:50:263 DEBUG com.sinosoft.test.base.TestBase:80 - Found Element By : By.name: codeselect
2020/07/14 17:52:50:264  INFO com.sinosoft.test.base.TestBase:132 - setFuzzySelect:[[InternetExplorerDriver: internet explorer on WINDOWS (1c05102a-8820-4965-b068-75b37815fedd)] -> name: codeselect]->0101001
2020/07/14 17:52:50:823 DEBUG com.sinosoft.test.base.TestBase:76 - Trying to find Element By : By.tagName: option
2020/07/14 17:52:51:169 DEBUG com.sinosoft.test.base.TestBase:80 - Found Element By : By.tagName: option
2020/07/14 17:52:51:472  INFO com.sinosoft.test.base.TestBase:142 - 找到匹配【0101001】的选项：0101001--财产基本险（2019版）
2020/07/14 17:52:51:473 DEBUG com.sinosoft.test.base.TestBase:76 - Trying to find Element By : By.xpath: .//option[normalize-space(.) = "0101001--财产基本险（2019版）"]
2020/07/14 17:52:51:811 DEBUG com.sinosoft.test.base.TestBase:80 - Found Element By : By.xpath: .//option[normalize-space(.) = "0101001--财产基本险（2019版）"]
2020/07/14 17:52:52:139 DEBUG com.sinosoft.test.base.TestBase:42 - Trying to click on: [[[[InternetExplorerDriver: internet explorer on WINDOWS (1c05102a-8820-4965-b068-75b37815fedd)] -> name: codeselect]] -> xpath: .//option[normalize-space(.) = "0101001--财产基本险（2019版）"]]
2020/07/14 17:52:52:648 DEBUG com.sinosoft.test.base.TestBase:46 - Clicked on: [[[[InternetExplorerDriver: internet explorer on WINDOWS (1c05102a-8820-4965-b068-75b37815fedd)] -> name: codeselect]] -> xpath: .//option[normalize-space(.) = "0101001--财产基本险（2019版）"]]
2020/07/14 17:52:52:648 DEBUG com.sinosoft.test.base.TestBase:151 - setFuzzySelect 结束！
2020/07/14 17:52:52:648 DEBUG com.sinosoft.test.base.TestBase:76 - Trying to find Element By : By.name: SelectIt
2020/07/14 17:52:52:961 DEBUG com.sinosoft.test.base.TestBase:80 - Found Element By : By.name: SelectIt
2020/07/14 17:52:52:962  INFO com.sinosoft.test.base.TestBase:416 - jsClickButton:[[InternetExplorerDriver: internet explorer on WINDOWS (1c05102a-8820-4965-b068-75b37815fedd)] -> name: SelectIt]
2020/07/14 17:52:52:962  INFO com.sinosoft.test.base.TestBase:144 - RunJavaScript:[[InternetExplorerDriver: internet explorer on WINDOWS (1c05102a-8820-4965-b068-75b37815fedd)] -> name: SelectIt]	arguments[0].click();
2020/07/14 17:52:53:797 DEBUG com.sinosoft.test.base.TestBase:272 - 系统窗口【黄河财险业务系统】with handle -b8d28c3a-e75b-4a20-bd82-6b14b5d7b276
2020/07/14 17:52:59:583 DEBUG com.sinosoft.test.base.TestBase:49 - CodeSelect:设置完毕[[[[InternetExplorerDriver: internet explorer on WINDOWS (1c05102a-8820-4965-b068-75b37815fedd)] -> id: ItemPropertyDetail]] -> name: GuItemKindKindCode] & Code=0101001
2020/07/14 17:52:59:584 DEBUG com.sinosoft.test.base.TestBase:76 - Trying to find Element By : By.id: ItemPropertyDetail
2020/07/14 17:52:59:777 DEBUG com.sinosoft.test.base.TestBase:80 - Found Element By : By.id: ItemPropertyDetail
2020/07/14 17:52:59:778 DEBUG com.sinosoft.test.base.TestBase:76 - Trying to find Element By : By.name: GuItemKindCalculateInd
2020/07/14 17:52:59:931 DEBUG com.sinosoft.test.base.TestBase:80 - Found Element By : By.name: GuItemKindCalculateInd
2020/07/14 17:52:59:989 DEBUG com.sinosoft.test.base.TestBase:76 - Trying to find Element By : By.id: ItemPropertyDetail
2020/07/14 17:53:00:140 DEBUG com.sinosoft.test.base.TestBase:80 - Found Element By : By.id: ItemPropertyDetail
2020/07/14 17:53:00:140 DEBUG com.sinosoft.test.base.TestBase:76 - Trying to find Element By : By.name: GuItemKindValueType
2020/07/14 17:53:00:274 DEBUG com.sinosoft.test.base.TestBase:80 - Found Element By : By.name: GuItemKindValueType
2020/07/14 17:53:00:274  INFO com.sinosoft.test.base.TestBase:96 - setSelectWithStartText:[[[[InternetExplorerDriver: internet explorer on WINDOWS (1c05102a-8820-4965-b068-75b37815fedd)] -> id: ItemPropertyDetail]] -> name: GuItemKindValueType]->10
2020/07/14 17:53:00:355 DEBUG com.sinosoft.test.base.TestBase:76 - Trying to find Element By : By.tagName: option
2020/07/14 17:53:00:942 DEBUG com.sinosoft.test.base.TestBase:80 - Found Element By : By.tagName: option
2020/07/14 17:53:01:251  INFO com.sinosoft.test.base.TestBase:114 - 找到匹配【10】的选项：10-出险时市场价值
2020/07/14 17:53:01:252 DEBUG com.sinosoft.test.base.TestBase:76 - Trying to find Element By : By.xpath: .//option[normalize-space(.) = "10-出险时市场价值"]
2020/07/14 17:53:01:360 DEBUG com.sinosoft.test.base.TestBase:80 - Found Element By : By.xpath: .//option[normalize-space(.) = "10-出险时市场价值"]
2020/07/14 17:53:01:422 DEBUG com.sinosoft.test.base.TestBase:42 - Trying to click on: [[[[[[InternetExplorerDriver: internet explorer on WINDOWS (1c05102a-8820-4965-b068-75b37815fedd)] -> id: ItemPropertyDetail]] -> name: GuItemKindValueType]] -> xpath: .//option[normalize-space(.) = "10-出险时市场价值"]]
2020/07/14 17:53:01:854 DEBUG com.sinosoft.test.base.TestBase:46 - Clicked on: [[[[[[InternetExplorerDriver: internet explorer on WINDOWS (1c05102a-8820-4965-b068-75b37815fedd)] -> id: ItemPropertyDetail]] -> name: GuItemKindValueType]] -> xpath: .//option[normalize-space(.) = "10-出险时市场价值"]]
2020/07/14 17:53:01:855 DEBUG com.sinosoft.test.base.TestBase:123 - setSelectWithStartText 结束！
2020/07/14 17:53:01:855 DEBUG com.sinosoft.test.base.TestBase:76 - Trying to find Element By : By.id: ItemPropertyDetail
2020/07/14 17:53:01:980 DEBUG com.sinosoft.test.base.TestBase:80 - Found Element By : By.id: ItemPropertyDetail
2020/07/14 17:53:01:980 DEBUG com.sinosoft.test.base.TestBase:76 - Trying to find Element By : By.name: GuItemKindSumInsured
2020/07/14 17:53:02:108 DEBUG com.sinosoft.test.base.TestBase:80 - Found Element By : By.name: GuItemKindSumInsured
2020/07/14 17:53:02:109  INFO com.sinosoft.test.base.TestBase:360 - setEditboxValue:[[[[InternetExplorerDriver: internet explorer on WINDOWS (1c05102a-8820-4965-b068-75b37815fedd)] -> id: ItemPropertyDetail]] -> name: GuItemKindSumInsured]：2000000
2020/07/14 17:53:03:388  INFO com.sinosoft.test.base.TestBase:363 - setEditboxValue—End:[[[[InternetExplorerDriver: internet explorer on WINDOWS (1c05102a-8820-4965-b068-75b37815fedd)] -> id: ItemPropertyDetail]] -> name: GuItemKindSumInsured]：2000000
2020/07/14 17:53:03:388 DEBUG com.sinosoft.test.base.TestBase:76 - Trying to find Element By : By.xpath: //table[@id='ItemPropertyDetailKind']/tbody/tr/td/input[@name='GuItemKindRate']
2020/07/14 17:53:03:509 DEBUG com.sinosoft.test.base.TestBase:80 - Found Element By : By.xpath: //table[@id='ItemPropertyDetailKind']/tbody/tr/td/input[@name='GuItemKindRate']
2020/07/14 17:53:03:509  INFO com.sinosoft.test.base.TestBase:388 - setEditboxTValue:[[InternetExplorerDriver: internet explorer on WINDOWS (1c05102a-8820-4965-b068-75b37815fedd)] -> xpath: //table[@id='ItemPropertyDetailKind']/tbody/tr/td/input[@name='GuItemKindRate']]->0.5
2020/07/14 17:53:03:510 DEBUG com.sinosoft.test.base.TestBase:76 - Trying to find Element By : By.xpath: //table[@id='ItemPropertyDetailKind']/tbody/tr/td/input[@name='GuItemKindRate']
2020/07/14 17:53:03:607 DEBUG com.sinosoft.test.base.TestBase:80 - Found Element By : By.xpath: //table[@id='ItemPropertyDetailKind']/tbody/tr/td/input[@name='GuItemKindRate']
2020/07/14 17:53:04:116 DEBUG com.sinosoft.test.base.TestBase:76 - Trying to find Element By : By.xpath: //table[@id='ItemPropertyDetailKind']/tbody/tr/td/input[@name='GuItemKindRate']
2020/07/14 17:53:04:221 DEBUG com.sinosoft.test.base.TestBase:80 - Found Element By : By.xpath: //table[@id='ItemPropertyDetailKind']/tbody/tr/td/input[@name='GuItemKindRate']
2020/07/14 17:53:09:884 DEBUG com.sinosoft.test.base.TestBase:76 - Trying to find Element By : By.xpath: //table[@id='ItemPropertyDetailKind']/tbody/tr/td/input[@name='GuItemKindShortRateFlag']
2020/07/14 17:53:10:062 DEBUG com.sinosoft.test.base.TestBase:80 - Found Element By : By.xpath: //table[@id='ItemPropertyDetailKind']/tbody/tr/td/input[@name='GuItemKindShortRateFlag']
2020/07/14 17:53:10:101 DEBUG com.sinosoft.test.base.TestBase:76 - Trying to find Element By : By.xpath: //table[@id='ItemPropertyDetailKind']/tbody/tr/td/input[@name='GuItemKindShortRateFlag']
2020/07/14 17:53:10:213 DEBUG com.sinosoft.test.base.TestBase:80 - Found Element By : By.xpath: //table[@id='ItemPropertyDetailKind']/tbody/tr/td/input[@name='GuItemKindShortRateFlag']
2020/07/14 17:53:10:214 DEBUG com.sinosoft.test.base.TestBase:42 - CodeSelect:开始设置[[InternetExplorerDriver: internet explorer on WINDOWS (1c05102a-8820-4965-b068-75b37815fedd)] -> xpath: //table[@id='ItemPropertyDetailKind']/tbody/tr/td/input[@name='GuItemKindShortRateFlag']] & Code=2
2020/07/14 17:53:10:214 DEBUG com.sinosoft.test.base.TestBase:76 - Trying to find Element By : By.xpath: //table[@id='ItemPropertyDetailKind']/tbody/tr/td/input[@name='GuItemKindShortRateFlag']
2020/07/14 17:53:10:295 DEBUG com.sinosoft.test.base.TestBase:80 - Found Element By : By.xpath: //table[@id='ItemPropertyDetailKind']/tbody/tr/td/input[@name='GuItemKindShortRateFlag']
2020/07/14 17:53:12:267 DEBUG com.sinosoft.test.base.TestBase:272 - 系统窗口【黄河财险业务系统】with handle -b8d28c3a-e75b-4a20-bd82-6b14b5d7b276
2020/07/14 17:53:12:945 DEBUG com.sinosoft.test.base.TestBase:272 - 系统窗口【黄河财险业务系统】with handle -b8d28c3a-e75b-4a20-bd82-6b14b5d7b276
2020/07/14 17:53:13:616 DEBUG com.sinosoft.test.base.TestBase:272 - 系统窗口【Code Select】with handle -3ba34a78-e88b-4ed4-951c-bfdaf6e35a5e
2020/07/14 17:53:14:145 DEBUG com.sinosoft.test.base.TestBase:69 - 初始化class com.sinosoft.test.fccp.common.CodeSelectPage
2020/07/14 17:53:14:147 DEBUG com.sinosoft.test.base.TestBase:39 - 基础码表选择！
2020/07/14 17:53:14:147 DEBUG com.sinosoft.test.base.TestBase:76 - Trying to find Element By : By.name: fieldValue
2020/07/14 17:53:14:483 DEBUG com.sinosoft.test.base.TestBase:80 - Found Element By : By.name: fieldValue
2020/07/14 17:53:14:484  INFO com.sinosoft.test.base.TestBase:360 - setEditboxValue:[[InternetExplorerDriver: internet explorer on WINDOWS (1c05102a-8820-4965-b068-75b37815fedd)] -> name: fieldValue]：2
2020/07/14 17:53:16:112  INFO com.sinosoft.test.base.TestBase:363 - setEditboxValue—End:[[InternetExplorerDriver: internet explorer on WINDOWS (1c05102a-8820-4965-b068-75b37815fedd)] -> name: fieldValue]：2
2020/07/14 17:53:16:113 DEBUG com.sinosoft.test.base.TestBase:76 - Trying to find Element By : By.xpath: //input[@value='查询(Q)']
2020/07/14 17:53:16:417 DEBUG com.sinosoft.test.base.TestBase:80 - Found Element By : By.xpath: //input[@value='查询(Q)']
2020/07/14 17:53:16:418  INFO com.sinosoft.test.base.TestBase:402 - clickButton:[[InternetExplorerDriver: internet explorer on WINDOWS (1c05102a-8820-4965-b068-75b37815fedd)] -> xpath: //input[@value='查询(Q)']]
2020/07/14 17:53:16:418 DEBUG com.sinosoft.test.base.TestBase:42 - Trying to click on: [[InternetExplorerDriver: internet explorer on WINDOWS (1c05102a-8820-4965-b068-75b37815fedd)] -> xpath: //input[@value='查询(Q)']]
2020/07/14 17:53:18:048 DEBUG com.sinosoft.test.base.TestBase:46 - Clicked on: [[InternetExplorerDriver: internet explorer on WINDOWS (1c05102a-8820-4965-b068-75b37815fedd)] -> xpath: //input[@value='查询(Q)']]
2020/07/14 17:53:18:048 DEBUG com.sinosoft.test.base.TestBase:76 - Trying to find Element By : By.name: codeselect
2020/07/14 17:53:18:349 DEBUG com.sinosoft.test.base.TestBase:80 - Found Element By : By.name: codeselect
2020/07/14 17:53:18:349  INFO com.sinosoft.test.base.TestBase:132 - setFuzzySelect:[[InternetExplorerDriver: internet explorer on WINDOWS (1c05102a-8820-4965-b068-75b37815fedd)] -> name: codeselect]->2
2020/07/14 17:53:18:913 DEBUG com.sinosoft.test.base.TestBase:76 - Trying to find Element By : By.tagName: option
2020/07/14 17:53:19:262 DEBUG com.sinosoft.test.base.TestBase:80 - Found Element By : By.tagName: option
2020/07/14 17:53:19:581  INFO com.sinosoft.test.base.TestBase:142 - 找到匹配【2】的选项：2--月比例
2020/07/14 17:53:19:581 DEBUG com.sinosoft.test.base.TestBase:76 - Trying to find Element By : By.xpath: .//option[normalize-space(.) = "2--月比例"]
2020/07/14 17:53:19:912 DEBUG com.sinosoft.test.base.TestBase:80 - Found Element By : By.xpath: .//option[normalize-space(.) = "2--月比例"]
2020/07/14 17:53:20:212 DEBUG com.sinosoft.test.base.TestBase:42 - Trying to click on: [[[[InternetExplorerDriver: internet explorer on WINDOWS (1c05102a-8820-4965-b068-75b37815fedd)] -> name: codeselect]] -> xpath: .//option[normalize-space(.) = "2--月比例"]]
2020/07/14 17:53:20:723 DEBUG com.sinosoft.test.base.TestBase:46 - Clicked on: [[[[InternetExplorerDriver: internet explorer on WINDOWS (1c05102a-8820-4965-b068-75b37815fedd)] -> name: codeselect]] -> xpath: .//option[normalize-space(.) = "2--月比例"]]
2020/07/14 17:53:20:723 DEBUG com.sinosoft.test.base.TestBase:151 - setFuzzySelect 结束！
2020/07/14 17:53:20:724 DEBUG com.sinosoft.test.base.TestBase:76 - Trying to find Element By : By.name: SelectIt
2020/07/14 17:53:21:041 DEBUG com.sinosoft.test.base.TestBase:80 - Found Element By : By.name: SelectIt
2020/07/14 17:53:21:042  INFO com.sinosoft.test.base.TestBase:416 - jsClickButton:[[InternetExplorerDriver: internet explorer on WINDOWS (1c05102a-8820-4965-b068-75b37815fedd)] -> name: SelectIt]
2020/07/14 17:53:21:042  INFO com.sinosoft.test.base.TestBase:144 - RunJavaScript:[[InternetExplorerDriver: internet explorer on WINDOWS (1c05102a-8820-4965-b068-75b37815fedd)] -> name: SelectIt]	arguments[0].click();
2020/07/14 17:53:21:876 DEBUG com.sinosoft.test.base.TestBase:272 - 系统窗口【黄河财险业务系统】with handle -b8d28c3a-e75b-4a20-bd82-6b14b5d7b276
2020/07/14 17:53:27:642 DEBUG com.sinosoft.test.base.TestBase:76 - Trying to find Element By : By.xpath: //table[@id='ItemPropertyDetailKind']/tbody/tr/td/input[@name='GuItemKindShortRateFlag']
2020/07/14 17:53:27:748 DEBUG com.sinosoft.test.base.TestBase:80 - Found Element By : By.xpath: //table[@id='ItemPropertyDetailKind']/tbody/tr/td/input[@name='GuItemKindShortRateFlag']
2020/07/14 17:53:27:749 DEBUG com.sinosoft.test.base.TestBase:49 - CodeSelect:设置完毕[[InternetExplorerDriver: internet explorer on WINDOWS (1c05102a-8820-4965-b068-75b37815fedd)] -> xpath: //table[@id='ItemPropertyDetailKind']/tbody/tr/td/input[@name='GuItemKindShortRateFlag']] & Code=2
2020/07/14 17:53:27:749 DEBUG com.sinosoft.test.base.TestBase:76 - Trying to find Element By : By.xpath: //table[@id='ItemPropertyDetailKind']/tbody/tr/td/input[@name='GuItemKindGrossPremium']
2020/07/14 17:53:27:843 DEBUG com.sinosoft.test.base.TestBase:80 - Found Element By : By.xpath: //table[@id='ItemPropertyDetailKind']/tbody/tr/td/input[@name='GuItemKindGrossPremium']
2020/07/14 17:53:27:845  INFO com.sinosoft.test.base.TestBase:388 - setEditboxTValue:[[InternetExplorerDriver: internet explorer on WINDOWS (1c05102a-8820-4965-b068-75b37815fedd)] -> xpath: //table[@id='ItemPropertyDetailKind']/tbody/tr/td/input[@name='GuItemKindGrossPremium']]->400
2020/07/14 17:53:27:847 DEBUG com.sinosoft.test.base.TestBase:76 - Trying to find Element By : By.xpath: //table[@id='ItemPropertyDetailKind']/tbody/tr/td/input[@name='GuItemKindGrossPremium']
2020/07/14 17:53:27:943 DEBUG com.sinosoft.test.base.TestBase:80 - Found Element By : By.xpath: //table[@id='ItemPropertyDetailKind']/tbody/tr/td/input[@name='GuItemKindGrossPremium']
2020/07/14 17:53:28:540 DEBUG com.sinosoft.test.base.TestBase:76 - Trying to find Element By : By.xpath: //table[@id='ItemPropertyDetailKind']/tbody/tr/td/input[@name='GuItemKindGrossPremium']
2020/07/14 17:53:28:644 DEBUG com.sinosoft.test.base.TestBase:80 - Found Element By : By.xpath: //table[@id='ItemPropertyDetailKind']/tbody/tr/td/input[@name='GuItemKindGrossPremium']
2020/07/14 17:53:34:368 DEBUG com.sinosoft.test.base.TestBase:234 - 开始录入营业中断险！
2020/07/14 17:53:34:369 DEBUG com.sinosoft.test.base.TestBase:76 - Trying to find Element By : By.id: ItemPropertyItem1105
2020/07/14 17:53:34:578 DEBUG com.sinosoft.test.base.TestBase:80 - Found Element By : By.id: ItemPropertyItem1105
2020/07/14 17:53:34:579  INFO com.sinosoft.test.base.TestBase:406 - clickElement:[[InternetExplorerDriver: internet explorer on WINDOWS (1c05102a-8820-4965-b068-75b37815fedd)] -> id: ItemPropertyItem1105]
2020/07/14 17:53:34:579 DEBUG com.sinosoft.test.base.TestBase:76 - Trying to find Element By : By.id: ItemPropertyItem1105
2020/07/14 17:53:34:661 DEBUG com.sinosoft.test.base.TestBase:80 - Found Element By : By.id: ItemPropertyItem1105
2020/07/14 17:53:34:662 DEBUG com.sinosoft.test.base.TestBase:42 - Trying to click on: [[InternetExplorerDriver: internet explorer on WINDOWS (1c05102a-8820-4965-b068-75b37815fedd)] -> id: ItemPropertyItem1105]
2020/07/14 17:53:36:235 DEBUG com.sinosoft.test.base.TestBase:46 - Clicked on: [[InternetExplorerDriver: internet explorer on WINDOWS (1c05102a-8820-4965-b068-75b37815fedd)] -> id: ItemPropertyItem1105]
2020/07/14 17:53:36:236 DEBUG com.sinosoft.test.base.TestBase:76 - Trying to find Element By : By.name: GuItemDynamic0105FieldBG
2020/07/14 17:53:36:342 DEBUG com.sinosoft.test.base.TestBase:80 - Found Element By : By.name: GuItemDynamic0105FieldBG
2020/07/14 17:53:36:342  INFO com.sinosoft.test.base.TestBase:360 - setEditboxValue:[[InternetExplorerDriver: internet explorer on WINDOWS (1c05102a-8820-4965-b068-75b37815fedd)] -> name: GuItemDynamic0105FieldBG]：24
2020/07/14 17:53:36:343 DEBUG com.sinosoft.test.base.TestBase:76 - Trying to find Element By : By.name: GuItemDynamic0105FieldBG
2020/07/14 17:53:36:446 DEBUG com.sinosoft.test.base.TestBase:80 - Found Element By : By.name: GuItemDynamic0105FieldBG
2020/07/14 17:53:36:850 DEBUG com.sinosoft.test.base.TestBase:76 - Trying to find Element By : By.name: GuItemDynamic0105FieldBG
2020/07/14 17:53:36:966 DEBUG com.sinosoft.test.base.TestBase:80 - Found Element By : By.name: GuItemDynamic0105FieldBG
2020/07/14 17:53:37:526 DEBUG com.sinosoft.test.base.TestBase:76 - Trying to find Element By : By.name: GuItemDynamic0105FieldBG
2020/07/14 17:53:37:672 DEBUG com.sinosoft.test.base.TestBase:80 - Found Element By : By.name: GuItemDynamic0105FieldBG
2020/07/14 17:53:37:674  INFO com.sinosoft.test.base.TestBase:363 - setEditboxValue—End:[[InternetExplorerDriver: internet explorer on WINDOWS (1c05102a-8820-4965-b068-75b37815fedd)] -> name: GuItemDynamic0105FieldBG]：24
2020/07/14 17:53:37:675 DEBUG com.sinosoft.test.base.TestBase:76 - Trying to find Element By : By.name: GuItemDynamic0105FieldBF
2020/07/14 17:53:37:815 DEBUG com.sinosoft.test.base.TestBase:80 - Found Element By : By.name: GuItemDynamic0105FieldBF
2020/07/14 17:53:37:893 DEBUG com.sinosoft.test.base.TestBase:76 - Trying to find Element By : By.name: GuItemDynamic0105FieldBF
2020/07/14 17:53:38:086 DEBUG com.sinosoft.test.base.TestBase:80 - Found Element By : By.name: GuItemDynamic0105FieldBF
2020/07/14 17:53:38:088 DEBUG com.sinosoft.test.base.TestBase:63 - SetCodeEditBox:开始设置:[[InternetExplorerDriver: internet explorer on WINDOWS (1c05102a-8820-4965-b068-75b37815fedd)] -> name: GuItemDynamic0105FieldBF] & Code=6000000
2020/07/14 17:53:38:089 DEBUG com.sinosoft.test.base.TestBase:76 - Trying to find Element By : By.name: GuItemDynamic0105FieldBF
2020/07/14 17:53:38:175 DEBUG com.sinosoft.test.base.TestBase:80 - Found Element By : By.name: GuItemDynamic0105FieldBF
2020/07/14 17:53:38:565 DEBUG com.sinosoft.test.base.TestBase:76 - Trying to find Element By : By.name: GuItemDynamic0105FieldBF
2020/07/14 17:53:38:667 DEBUG com.sinosoft.test.base.TestBase:80 - Found Element By : By.name: GuItemDynamic0105FieldBF
2020/07/14 17:53:39:542 DEBUG com.sinosoft.test.base.TestBase:76 - Trying to find Element By : By.name: GuItemDynamic0105FieldBF
2020/07/14 17:53:39:708 DEBUG com.sinosoft.test.base.TestBase:80 - Found Element By : By.name: GuItemDynamic0105FieldBF
2020/07/14 17:53:39:709 DEBUG com.sinosoft.test.base.TestBase:76 - Trying to find Element By : By.xpath: ../input[last()]
2020/07/14 17:53:39:804 DEBUG com.sinosoft.test.base.TestBase:80 - Found Element By : By.xpath: ../input[last()]
2020/07/14 17:53:40:028  INFO com.sinosoft.test.base.TestBase:71 - SetCodeEditBox:找到了Code对应的文本显示框并点击触发显示:GuItemDynamic0105FieldBF
2020/07/14 17:53:40:028 DEBUG com.sinosoft.test.base.TestBase:42 - Trying to click on: [[[[InternetExplorerDriver: internet explorer on WINDOWS (1c05102a-8820-4965-b068-75b37815fedd)] -> name: GuItemDynamic0105FieldBF]] -> xpath: ../input[last()]]
2020/07/14 17:53:41:572 DEBUG com.sinosoft.test.base.TestBase:46 - Clicked on: [[[[InternetExplorerDriver: internet explorer on WINDOWS (1c05102a-8820-4965-b068-75b37815fedd)] -> name: GuItemDynamic0105FieldBF]] -> xpath: ../input[last()]]
2020/07/14 17:53:41:773 DEBUG com.sinosoft.test.base.TestBase:76 - Trying to find Element By : By.name: GuItemDynamic0105FieldBF
2020/07/14 17:53:42:005 DEBUG com.sinosoft.test.base.TestBase:80 - Found Element By : By.name: GuItemDynamic0105FieldBF
2020/07/14 17:53:42:006 DEBUG com.sinosoft.test.base.TestBase:87 - SetCodeEditBox:设置完毕[[InternetExplorerDriver: internet explorer on WINDOWS (1c05102a-8820-4965-b068-75b37815fedd)] -> name: GuItemDynamic0105FieldBF],设置值 Code=6000000
2020/07/14 17:53:42:006 DEBUG com.sinosoft.test.base.TestBase:76 - Trying to find Element By : By.name: GuItemDynamic0105FieldBE
2020/07/14 17:53:42:140 DEBUG com.sinosoft.test.base.TestBase:80 - Found Element By : By.name: GuItemDynamic0105FieldBE
2020/07/14 17:53:42:234 DEBUG com.sinosoft.test.base.TestBase:76 - Trying to find Element By : By.name: GuItemDynamic0105FieldBE
2020/07/14 17:53:42:330 DEBUG com.sinosoft.test.base.TestBase:80 - Found Element By : By.name: GuItemDynamic0105FieldBE
2020/07/14 17:53:42:331 DEBUG com.sinosoft.test.base.TestBase:63 - SetCodeEditBox:开始设置:[[InternetExplorerDriver: internet explorer on WINDOWS (1c05102a-8820-4965-b068-75b37815fedd)] -> name: GuItemDynamic0105FieldBE] & Code=20000000
2020/07/14 17:53:42:331 DEBUG com.sinosoft.test.base.TestBase:76 - Trying to find Element By : By.name: GuItemDynamic0105FieldBE
2020/07/14 17:53:42:451 DEBUG com.sinosoft.test.base.TestBase:80 - Found Element By : By.name: GuItemDynamic0105FieldBE
2020/07/14 17:53:42:858 DEBUG com.sinosoft.test.base.TestBase:76 - Trying to find Element By : By.name: GuItemDynamic0105FieldBE
2020/07/14 17:53:42:957 DEBUG com.sinosoft.test.base.TestBase:80 - Found Element By : By.name: GuItemDynamic0105FieldBE
2020/07/14 17:53:43:779 DEBUG com.sinosoft.test.base.TestBase:76 - Trying to find Element By : By.name: GuItemDynamic0105FieldBE
2020/07/14 17:53:43:933 DEBUG com.sinosoft.test.base.TestBase:80 - Found Element By : By.name: GuItemDynamic0105FieldBE
2020/07/14 17:53:43:934 DEBUG com.sinosoft.test.base.TestBase:76 - Trying to find Element By : By.xpath: ../input[last()]
2020/07/14 17:53:44:031 DEBUG com.sinosoft.test.base.TestBase:80 - Found Element By : By.xpath: ../input[last()]
2020/07/14 17:53:44:234  INFO com.sinosoft.test.base.TestBase:71 - SetCodeEditBox:找到了Code对应的文本显示框并点击触发显示:GuItemDynamic0105FieldBE
2020/07/14 17:53:44:235 DEBUG com.sinosoft.test.base.TestBase:42 - Trying to click on: [[[[InternetExplorerDriver: internet explorer on WINDOWS (1c05102a-8820-4965-b068-75b37815fedd)] -> name: GuItemDynamic0105FieldBE]] -> xpath: ../input[last()]]
2020/07/14 17:53:45:533 DEBUG com.sinosoft.test.base.TestBase:46 - Clicked on: [[[[InternetExplorerDriver: internet explorer on WINDOWS (1c05102a-8820-4965-b068-75b37815fedd)] -> name: GuItemDynamic0105FieldBE]] -> xpath: ../input[last()]]
2020/07/14 17:53:45:735 DEBUG com.sinosoft.test.base.TestBase:76 - Trying to find Element By : By.name: GuItemDynamic0105FieldBE
2020/07/14 17:53:45:851 DEBUG com.sinosoft.test.base.TestBase:80 - Found Element By : By.name: GuItemDynamic0105FieldBE
2020/07/14 17:53:45:852 DEBUG com.sinosoft.test.base.TestBase:87 - SetCodeEditBox:设置完毕[[InternetExplorerDriver: internet explorer on WINDOWS (1c05102a-8820-4965-b068-75b37815fedd)] -> name: GuItemDynamic0105FieldBE],设置值 Code=20000000
2020/07/14 17:53:45:853 DEBUG com.sinosoft.test.base.TestBase:76 - Trying to find Element By : By.id: ItemPropertyDetail0105
2020/07/14 17:53:45:951 DEBUG com.sinosoft.test.base.TestBase:80 - Found Element By : By.id: ItemPropertyDetail0105
2020/07/14 17:53:45:951 DEBUG com.sinosoft.test.base.TestBase:76 - Trying to find Element By : By.name: GuItemPropertyDetail0105ItemDetailCode
2020/07/14 17:53:46:037 DEBUG com.sinosoft.test.base.TestBase:80 - Found Element By : By.name: GuItemPropertyDetail0105ItemDetailCode
2020/07/14 17:53:46:038 DEBUG com.sinosoft.test.base.TestBase:76 - Trying to find Element By : By.id: ItemPropertyDetail0105
2020/07/14 17:53:46:120 DEBUG com.sinosoft.test.base.TestBase:80 - Found Element By : By.id: ItemPropertyDetail0105
2020/07/14 17:53:46:120 DEBUG com.sinosoft.test.base.TestBase:76 - Trying to find Element By : By.name: GuItemPropertyDetail0105ItemDetailList
2020/07/14 17:53:46:217 DEBUG com.sinosoft.test.base.TestBase:80 - Found Element By : By.name: GuItemPropertyDetail0105ItemDetailList
2020/07/14 17:53:46:267 DEBUG com.sinosoft.test.base.TestBase:42 - CodeSelect:开始设置[[[[InternetExplorerDriver: internet explorer on WINDOWS (1c05102a-8820-4965-b068-75b37815fedd)] -> id: ItemPropertyDetail0105]] -> name: GuItemPropertyDetail0105ItemDetailCode] & Code=010056
2020/07/14 17:53:47:978 DEBUG com.sinosoft.test.base.TestBase:272 - 系统窗口【黄河财险业务系统】with handle -b8d28c3a-e75b-4a20-bd82-6b14b5d7b276
2020/07/14 17:53:48:668 DEBUG com.sinosoft.test.base.TestBase:272 - 系统窗口【黄河财险业务系统】with handle -b8d28c3a-e75b-4a20-bd82-6b14b5d7b276
2020/07/14 17:53:49:329 DEBUG com.sinosoft.test.base.TestBase:272 - 系统窗口【Code Select】with handle -e34de474-21da-4438-969e-6679df22fdae
2020/07/14 17:53:49:869 DEBUG com.sinosoft.test.base.TestBase:69 - 初始化class com.sinosoft.test.fccp.common.CodeSelectPage
2020/07/14 17:53:49:870 DEBUG com.sinosoft.test.base.TestBase:39 - 基础码表选择！
2020/07/14 17:53:49:871 DEBUG com.sinosoft.test.base.TestBase:76 - Trying to find Element By : By.name: fieldValue
2020/07/14 17:53:50:200 DEBUG com.sinosoft.test.base.TestBase:80 - Found Element By : By.name: fieldValue
2020/07/14 17:53:50:201  INFO com.sinosoft.test.base.TestBase:360 - setEditboxValue:[[InternetExplorerDriver: internet explorer on WINDOWS (1c05102a-8820-4965-b068-75b37815fedd)] -> name: fieldValue]：010056
2020/07/14 17:53:51:727  INFO com.sinosoft.test.base.TestBase:363 - setEditboxValue—End:[[InternetExplorerDriver: internet explorer on WINDOWS (1c05102a-8820-4965-b068-75b37815fedd)] -> name: fieldValue]：010056
2020/07/14 17:53:51:728 DEBUG com.sinosoft.test.base.TestBase:76 - Trying to find Element By : By.xpath: //input[@value='查询(Q)']
2020/07/14 17:53:52:035 DEBUG com.sinosoft.test.base.TestBase:80 - Found Element By : By.xpath: //input[@value='查询(Q)']
2020/07/14 17:53:52:036  INFO com.sinosoft.test.base.TestBase:402 - clickButton:[[InternetExplorerDriver: internet explorer on WINDOWS (1c05102a-8820-4965-b068-75b37815fedd)] -> xpath: //input[@value='查询(Q)']]
2020/07/14 17:53:52:036 DEBUG com.sinosoft.test.base.TestBase:42 - Trying to click on: [[InternetExplorerDriver: internet explorer on WINDOWS (1c05102a-8820-4965-b068-75b37815fedd)] -> xpath: //input[@value='查询(Q)']]
2020/07/14 17:53:54:102 DEBUG com.sinosoft.test.base.TestBase:46 - Clicked on: [[InternetExplorerDriver: internet explorer on WINDOWS (1c05102a-8820-4965-b068-75b37815fedd)] -> xpath: //input[@value='查询(Q)']]
2020/07/14 17:53:54:102 DEBUG com.sinosoft.test.base.TestBase:76 - Trying to find Element By : By.name: codeselect
2020/07/14 17:53:54:425 DEBUG com.sinosoft.test.base.TestBase:80 - Found Element By : By.name: codeselect
2020/07/14 17:53:54:426  INFO com.sinosoft.test.base.TestBase:132 - setFuzzySelect:[[InternetExplorerDriver: internet explorer on WINDOWS (1c05102a-8820-4965-b068-75b37815fedd)] -> name: codeselect]->010056
2020/07/14 17:53:55:004 DEBUG com.sinosoft.test.base.TestBase:76 - Trying to find Element By : By.tagName: option
2020/07/14 17:53:55:321 DEBUG com.sinosoft.test.base.TestBase:80 - Found Element By : By.tagName: option
2020/07/14 17:53:55:662  INFO com.sinosoft.test.base.TestBase:142 - 找到匹配【010056】的选项：010056--营业利润
2020/07/14 17:53:55:662 DEBUG com.sinosoft.test.base.TestBase:76 - Trying to find Element By : By.xpath: .//option[normalize-space(.) = "010056--营业利润"]
2020/07/14 17:53:56:015 DEBUG com.sinosoft.test.base.TestBase:80 - Found Element By : By.xpath: .//option[normalize-space(.) = "010056--营业利润"]
2020/07/14 17:53:56:330 DEBUG com.sinosoft.test.base.TestBase:42 - Trying to click on: [[[[InternetExplorerDriver: internet explorer on WINDOWS (1c05102a-8820-4965-b068-75b37815fedd)] -> name: codeselect]] -> xpath: .//option[normalize-space(.) = "010056--营业利润"]]
2020/07/14 17:53:56:819 DEBUG com.sinosoft.test.base.TestBase:46 - Clicked on: [[[[InternetExplorerDriver: internet explorer on WINDOWS (1c05102a-8820-4965-b068-75b37815fedd)] -> name: codeselect]] -> xpath: .//option[normalize-space(.) = "010056--营业利润"]]
2020/07/14 17:53:56:819 DEBUG com.sinosoft.test.base.TestBase:151 - setFuzzySelect 结束！
2020/07/14 17:53:56:821 DEBUG com.sinosoft.test.base.TestBase:76 - Trying to find Element By : By.name: SelectIt
2020/07/14 17:53:57:115 DEBUG com.sinosoft.test.base.TestBase:80 - Found Element By : By.name: SelectIt
2020/07/14 17:53:57:116  INFO com.sinosoft.test.base.TestBase:416 - jsClickButton:[[InternetExplorerDriver: internet explorer on WINDOWS (1c05102a-8820-4965-b068-75b37815fedd)] -> name: SelectIt]
2020/07/14 17:53:57:116  INFO com.sinosoft.test.base.TestBase:144 - RunJavaScript:[[InternetExplorerDriver: internet explorer on WINDOWS (1c05102a-8820-4965-b068-75b37815fedd)] -> name: SelectIt]	arguments[0].click();
2020/07/14 17:53:58:023 DEBUG com.sinosoft.test.base.TestBase:272 - 系统窗口【黄河财险业务系统】with handle -b8d28c3a-e75b-4a20-bd82-6b14b5d7b276
2020/07/14 17:54:03:485 DEBUG com.sinosoft.test.base.TestBase:49 - CodeSelect:设置完毕[[[[InternetExplorerDriver: internet explorer on WINDOWS (1c05102a-8820-4965-b068-75b37815fedd)] -> id: ItemPropertyDetail0105]] -> name: GuItemPropertyDetail0105ItemDetailCode] & Code=010056
2020/07/14 17:54:03:486 DEBUG com.sinosoft.test.base.TestBase:76 - Trying to find Element By : By.id: ItemPropertyDetail0105
2020/07/14 17:54:03:654 DEBUG com.sinosoft.test.base.TestBase:80 - Found Element By : By.id: ItemPropertyDetail0105
2020/07/14 17:54:03:654  INFO com.sinosoft.test.base.TestBase:406 - clickElement:[[InternetExplorerDriver: internet explorer on WINDOWS (1c05102a-8820-4965-b068-75b37815fedd)] -> id: ItemPropertyDetail0105]
2020/07/14 17:54:03:655 DEBUG com.sinosoft.test.base.TestBase:76 - Trying to find Element By : By.id: ItemPropertyDetail0105
2020/07/14 17:54:03:813 DEBUG com.sinosoft.test.base.TestBase:80 - Found Element By : By.id: ItemPropertyDetail0105
2020/07/14 17:54:03:814 DEBUG com.sinosoft.test.base.TestBase:42 - Trying to click on: [[InternetExplorerDriver: internet explorer on WINDOWS (1c05102a-8820-4965-b068-75b37815fedd)] -> id: ItemPropertyDetail0105]
2020/07/14 17:54:05:292 DEBUG com.sinosoft.test.base.TestBase:46 - Clicked on: [[InternetExplorerDriver: internet explorer on WINDOWS (1c05102a-8820-4965-b068-75b37815fedd)] -> id: ItemPropertyDetail0105]
2020/07/14 17:54:05:293 DEBUG com.sinosoft.test.base.TestBase:76 - Trying to find Element By : By.id: ItemPropertyDetail0105
2020/07/14 17:54:05:435 DEBUG com.sinosoft.test.base.TestBase:80 - Found Element By : By.id: ItemPropertyDetail0105
2020/07/14 17:54:05:435 DEBUG com.sinosoft.test.base.TestBase:76 - Trying to find Element By : By.name: GuItemKind0105KindCode
2020/07/14 17:54:05:516 DEBUG com.sinosoft.test.base.TestBase:80 - Found Element By : By.name: GuItemKind0105KindCode
2020/07/14 17:54:05:517 DEBUG com.sinosoft.test.base.TestBase:76 - Trying to find Element By : By.id: ItemPropertyDetail0105
2020/07/14 17:54:05:634 DEBUG com.sinosoft.test.base.TestBase:80 - Found Element By : By.id: ItemPropertyDetail0105
2020/07/14 17:54:05:634 DEBUG com.sinosoft.test.base.TestBase:76 - Trying to find Element By : By.name: GuItemKind0105CalculateInd
2020/07/14 17:54:05:756 DEBUG com.sinosoft.test.base.TestBase:80 - Found Element By : By.name: GuItemKind0105CalculateInd
2020/07/14 17:54:05:756 DEBUG com.sinosoft.test.base.TestBase:76 - Trying to find Element By : By.id: ItemPropertyDetail0105
2020/07/14 17:54:05:856 DEBUG com.sinosoft.test.base.TestBase:80 - Found Element By : By.id: ItemPropertyDetail0105
2020/07/14 17:54:05:856 DEBUG com.sinosoft.test.base.TestBase:76 - Trying to find Element By : By.name: GuItemKind0105ValueType
2020/07/14 17:54:05:986 DEBUG com.sinosoft.test.base.TestBase:80 - Found Element By : By.name: GuItemKind0105ValueType
2020/07/14 17:54:05:987 DEBUG com.sinosoft.test.base.TestBase:76 - Trying to find Element By : By.id: ItemPropertyDetail0105
2020/07/14 17:54:06:083 DEBUG com.sinosoft.test.base.TestBase:80 - Found Element By : By.id: ItemPropertyDetail0105
2020/07/14 17:54:06:083 DEBUG com.sinosoft.test.base.TestBase:76 - Trying to find Element By : By.name: GuItemKind0105SumInsured
2020/07/14 17:54:06:204 DEBUG com.sinosoft.test.base.TestBase:80 - Found Element By : By.name: GuItemKind0105SumInsured
2020/07/14 17:54:06:204 DEBUG com.sinosoft.test.base.TestBase:76 - Trying to find Element By : By.id: ItemPropertyDetail0105
2020/07/14 17:54:06:307 DEBUG com.sinosoft.test.base.TestBase:80 - Found Element By : By.id: ItemPropertyDetail0105
2020/07/14 17:54:06:307 DEBUG com.sinosoft.test.base.TestBase:76 - Trying to find Element By : By.name: GuItemKind0105Rate
2020/07/14 17:54:06:400 DEBUG com.sinosoft.test.base.TestBase:80 - Found Element By : By.name: GuItemKind0105Rate
2020/07/14 17:54:06:401 DEBUG com.sinosoft.test.base.TestBase:76 - Trying to find Element By : By.id: ItemPropertyDetail0105
2020/07/14 17:54:06:494 DEBUG com.sinosoft.test.base.TestBase:80 - Found Element By : By.id: ItemPropertyDetail0105
2020/07/14 17:54:06:494 DEBUG com.sinosoft.test.base.TestBase:76 - Trying to find Element By : By.name: GuItemKind0105ShortRateFlag
2020/07/14 17:54:06:588 DEBUG com.sinosoft.test.base.TestBase:80 - Found Element By : By.name: GuItemKind0105ShortRateFlag
2020/07/14 17:54:06:588 DEBUG com.sinosoft.test.base.TestBase:76 - Trying to find Element By : By.id: ItemPropertyDetail0105
2020/07/14 17:54:06:790 DEBUG com.sinosoft.test.base.TestBase:80 - Found Element By : By.id: ItemPropertyDetail0105
2020/07/14 17:54:06:791 DEBUG com.sinosoft.test.base.TestBase:76 - Trying to find Element By : By.name: GuItemKind0105GrossPremium
2020/07/14 17:54:07:007 DEBUG com.sinosoft.test.base.TestBase:80 - Found Element By : By.name: GuItemKind0105GrossPremium
2020/07/14 17:54:07:076 DEBUG com.sinosoft.test.base.TestBase:42 - CodeSelect:开始设置[[[[InternetExplorerDriver: internet explorer on WINDOWS (1c05102a-8820-4965-b068-75b37815fedd)] -> id: ItemPropertyDetail0105]] -> name: GuItemKind0105KindCode] & Code=0105001
2020/07/14 17:54:08:868 DEBUG com.sinosoft.test.base.TestBase:272 - 系统窗口【黄河财险业务系统】with handle -b8d28c3a-e75b-4a20-bd82-6b14b5d7b276
2020/07/14 17:54:09:533 DEBUG com.sinosoft.test.base.TestBase:272 - 系统窗口【黄河财险业务系统】with handle -b8d28c3a-e75b-4a20-bd82-6b14b5d7b276
2020/07/14 17:54:10:189 DEBUG com.sinosoft.test.base.TestBase:272 - 系统窗口【Code Select】with handle -601afa8a-7ed1-4f25-8842-4dcfdf7ccdcc
2020/07/14 17:54:10:722 DEBUG com.sinosoft.test.base.TestBase:69 - 初始化class com.sinosoft.test.fccp.common.CodeSelectPage
2020/07/14 17:54:10:723 DEBUG com.sinosoft.test.base.TestBase:39 - 基础码表选择！
2020/07/14 17:54:10:723 DEBUG com.sinosoft.test.base.TestBase:76 - Trying to find Element By : By.name: fieldValue
2020/07/14 17:54:11:039 DEBUG com.sinosoft.test.base.TestBase:80 - Found Element By : By.name: fieldValue
2020/07/14 17:54:11:039  INFO com.sinosoft.test.base.TestBase:360 - setEditboxValue:[[InternetExplorerDriver: internet explorer on WINDOWS (1c05102a-8820-4965-b068-75b37815fedd)] -> name: fieldValue]：0105001
2020/07/14 17:54:12:560  INFO com.sinosoft.test.base.TestBase:363 - setEditboxValue—End:[[InternetExplorerDriver: internet explorer on WINDOWS (1c05102a-8820-4965-b068-75b37815fedd)] -> name: fieldValue]：0105001
2020/07/14 17:54:12:562 DEBUG com.sinosoft.test.base.TestBase:76 - Trying to find Element By : By.xpath: //input[@value='查询(Q)']
2020/07/14 17:54:12:873 DEBUG com.sinosoft.test.base.TestBase:80 - Found Element By : By.xpath: //input[@value='查询(Q)']
2020/07/14 17:54:12:875  INFO com.sinosoft.test.base.TestBase:402 - clickButton:[[InternetExplorerDriver: internet explorer on WINDOWS (1c05102a-8820-4965-b068-75b37815fedd)] -> xpath: //input[@value='查询(Q)']]
2020/07/14 17:54:12:876 DEBUG com.sinosoft.test.base.TestBase:42 - Trying to click on: [[InternetExplorerDriver: internet explorer on WINDOWS (1c05102a-8820-4965-b068-75b37815fedd)] -> xpath: //input[@value='查询(Q)']]
2020/07/14 17:54:14:513 DEBUG com.sinosoft.test.base.TestBase:46 - Clicked on: [[InternetExplorerDriver: internet explorer on WINDOWS (1c05102a-8820-4965-b068-75b37815fedd)] -> xpath: //input[@value='查询(Q)']]
2020/07/14 17:54:14:514 DEBUG com.sinosoft.test.base.TestBase:76 - Trying to find Element By : By.name: codeselect
2020/07/14 17:54:14:812 DEBUG com.sinosoft.test.base.TestBase:80 - Found Element By : By.name: codeselect
2020/07/14 17:54:14:813  INFO com.sinosoft.test.base.TestBase:132 - setFuzzySelect:[[InternetExplorerDriver: internet explorer on WINDOWS (1c05102a-8820-4965-b068-75b37815fedd)] -> name: codeselect]->0105001
2020/07/14 17:54:15:384 DEBUG com.sinosoft.test.base.TestBase:76 - Trying to find Element By : By.tagName: option
2020/07/14 17:54:15:724 DEBUG com.sinosoft.test.base.TestBase:80 - Found Element By : By.tagName: option
2020/07/14 17:54:16:035  INFO com.sinosoft.test.base.TestBase:142 - 找到匹配【0105001】的选项：0105001--营业中断保险（2018版）条款
2020/07/14 17:54:16:035 DEBUG com.sinosoft.test.base.TestBase:76 - Trying to find Element By : By.xpath: .//option[normalize-space(.) = "0105001--营业中断保险（2018版）条款"]
2020/07/14 17:54:16:365 DEBUG com.sinosoft.test.base.TestBase:80 - Found Element By : By.xpath: .//option[normalize-space(.) = "0105001--营业中断保险（2018版）条款"]
2020/07/14 17:54:16:688 DEBUG com.sinosoft.test.base.TestBase:42 - Trying to click on: [[[[InternetExplorerDriver: internet explorer on WINDOWS (1c05102a-8820-4965-b068-75b37815fedd)] -> name: codeselect]] -> xpath: .//option[normalize-space(.) = "0105001--营业中断保险（2018版）条款"]]
2020/07/14 17:54:17:213 DEBUG com.sinosoft.test.base.TestBase:46 - Clicked on: [[[[InternetExplorerDriver: internet explorer on WINDOWS (1c05102a-8820-4965-b068-75b37815fedd)] -> name: codeselect]] -> xpath: .//option[normalize-space(.) = "0105001--营业中断保险（2018版）条款"]]
2020/07/14 17:54:17:213 DEBUG com.sinosoft.test.base.TestBase:151 - setFuzzySelect 结束！
2020/07/14 17:54:17:213 DEBUG com.sinosoft.test.base.TestBase:76 - Trying to find Element By : By.name: SelectIt
2020/07/14 17:54:17:514 DEBUG com.sinosoft.test.base.TestBase:80 - Found Element By : By.name: SelectIt
2020/07/14 17:54:17:515  INFO com.sinosoft.test.base.TestBase:416 - jsClickButton:[[InternetExplorerDriver: internet explorer on WINDOWS (1c05102a-8820-4965-b068-75b37815fedd)] -> name: SelectIt]
2020/07/14 17:54:17:515  INFO com.sinosoft.test.base.TestBase:144 - RunJavaScript:[[InternetExplorerDriver: internet explorer on WINDOWS (1c05102a-8820-4965-b068-75b37815fedd)] -> name: SelectIt]	arguments[0].click();
2020/07/14 17:54:18:379 DEBUG com.sinosoft.test.base.TestBase:272 - 系统窗口【黄河财险业务系统】with handle -b8d28c3a-e75b-4a20-bd82-6b14b5d7b276
2020/07/14 17:54:24:119 DEBUG com.sinosoft.test.base.TestBase:49 - CodeSelect:设置完毕[[[[InternetExplorerDriver: internet explorer on WINDOWS (1c05102a-8820-4965-b068-75b37815fedd)] -> id: ItemPropertyDetail0105]] -> name: GuItemKind0105KindCode] & Code=0105001
2020/07/14 17:54:24:160  INFO com.sinosoft.test.base.TestBase:96 - setSelectWithStartText:[[[[InternetExplorerDriver: internet explorer on WINDOWS (1c05102a-8820-4965-b068-75b37815fedd)] -> id: ItemPropertyDetail0105]] -> name: GuItemKind0105ValueType]->18
2020/07/14 17:54:24:262 DEBUG com.sinosoft.test.base.TestBase:76 - Trying to find Element By : By.tagName: option
2020/07/14 17:54:24:823 DEBUG com.sinosoft.test.base.TestBase:80 - Found Element By : By.tagName: option
2020/07/14 17:54:25:817  INFO com.sinosoft.test.base.TestBase:114 - 找到匹配【18】的选项：18-估价
2020/07/14 17:54:25:817 DEBUG com.sinosoft.test.base.TestBase:76 - Trying to find Element By : By.xpath: .//option[normalize-space(.) = "18-估价"]
2020/07/14 17:54:25:953 DEBUG com.sinosoft.test.base.TestBase:80 - Found Element By : By.xpath: .//option[normalize-space(.) = "18-估价"]
2020/07/14 17:54:26:001 DEBUG com.sinosoft.test.base.TestBase:42 - Trying to click on: [[[[[[InternetExplorerDriver: internet explorer on WINDOWS (1c05102a-8820-4965-b068-75b37815fedd)] -> id: ItemPropertyDetail0105]] -> name: GuItemKind0105ValueType]] -> xpath: .//option[normalize-space(.) = "18-估价"]]
2020/07/14 17:54:26:427 DEBUG com.sinosoft.test.base.TestBase:46 - Clicked on: [[[[[[InternetExplorerDriver: internet explorer on WINDOWS (1c05102a-8820-4965-b068-75b37815fedd)] -> id: ItemPropertyDetail0105]] -> name: GuItemKind0105ValueType]] -> xpath: .//option[normalize-space(.) = "18-估价"]]
2020/07/14 17:54:26:427 DEBUG com.sinosoft.test.base.TestBase:123 - setSelectWithStartText 结束！
2020/07/14 17:54:26:427  INFO com.sinosoft.test.base.TestBase:360 - setEditboxValue:[[[[InternetExplorerDriver: internet explorer on WINDOWS (1c05102a-8820-4965-b068-75b37815fedd)] -> id: ItemPropertyDetail0105]] -> name: GuItemKind0105SumInsured]：200000
2020/07/14 17:54:27:603  INFO com.sinosoft.test.base.TestBase:363 - setEditboxValue—End:[[[[InternetExplorerDriver: internet explorer on WINDOWS (1c05102a-8820-4965-b068-75b37815fedd)] -> id: ItemPropertyDetail0105]] -> name: GuItemKind0105SumInsured]：200000
2020/07/14 17:54:27:604  INFO com.sinosoft.test.base.TestBase:388 - setEditboxTValue:[[[[InternetExplorerDriver: internet explorer on WINDOWS (1c05102a-8820-4965-b068-75b37815fedd)] -> id: ItemPropertyDetail0105]] -> name: GuItemKind0105Rate]->3
2020/07/14 17:54:33:898  INFO com.sinosoft.test.base.TestBase:388 - setEditboxTValue:[[[[InternetExplorerDriver: internet explorer on WINDOWS (1c05102a-8820-4965-b068-75b37815fedd)] -> id: ItemPropertyDetail0105]] -> name: GuItemKind0105GrossPremium]->4000
2020/07/14 17:54:40:290 DEBUG com.sinosoft.test.base.TestBase:76 - Trying to find Element By : By.id: saveButton
2020/07/14 17:54:40:442 DEBUG com.sinosoft.test.base.TestBase:80 - Found Element By : By.id: saveButton
2020/07/14 17:54:40:442  INFO com.sinosoft.test.base.TestBase:402 - clickButton:[[InternetExplorerDriver: internet explorer on WINDOWS (1c05102a-8820-4965-b068-75b37815fedd)] -> id: saveButton]
2020/07/14 17:54:40:442 DEBUG com.sinosoft.test.base.TestBase:76 - Trying to find Element By : By.id: saveButton
2020/07/14 17:54:40:540 DEBUG com.sinosoft.test.base.TestBase:80 - Found Element By : By.id: saveButton
2020/07/14 17:54:40:540 DEBUG com.sinosoft.test.base.TestBase:42 - Trying to click on: [[InternetExplorerDriver: internet explorer on WINDOWS (1c05102a-8820-4965-b068-75b37815fedd)] -> id: saveButton]
2020/07/14 17:54:42:311 DEBUG com.sinosoft.test.base.TestBase:46 - Clicked on: [[InternetExplorerDriver: internet explorer on WINDOWS (1c05102a-8820-4965-b068-75b37815fedd)] -> id: saveButton]
2020/07/14 17:54:47:049 DEBUG com.sinosoft.test.base.TestBase:76 - Trying to find Element By : By.xpath: //td[text()='条款信息']
2020/07/14 17:54:47:119 DEBUG com.sinosoft.test.base.TestBase:80 - Found Element By : By.xpath: //td[text()='条款信息']
2020/07/14 17:54:47:120  INFO com.sinosoft.test.base.TestBase:402 - clickButton:[[InternetExplorerDriver: internet explorer on WINDOWS (1c05102a-8820-4965-b068-75b37815fedd)] -> xpath: //td[text()='条款信息']]
2020/07/14 17:54:47:120 DEBUG com.sinosoft.test.base.TestBase:42 - Trying to click on: [[InternetExplorerDriver: internet explorer on WINDOWS (1c05102a-8820-4965-b068-75b37815fedd)] -> xpath: //td[text()='条款信息']]
2020/07/14 17:54:49:725 DEBUG com.sinosoft.test.base.TestBase:46 - Clicked on: [[InternetExplorerDriver: internet explorer on WINDOWS (1c05102a-8820-4965-b068-75b37815fedd)] -> xpath: //td[text()='条款信息']]
2020/07/14 17:54:55:110 DEBUG com.sinosoft.test.base.TestBase:69 - 初始化class com.sinosoft.test.fccp.tbcl.RiskDetail_TermsPage
2020/07/14 17:55:00:622 DEBUG com.sinosoft.test.base.TestBase:76 - Trying to find Element By : By.id: saveButton
2020/07/14 17:55:00:715 DEBUG com.sinosoft.test.base.TestBase:80 - Found Element By : By.id: saveButton
2020/07/14 17:55:00:716  INFO com.sinosoft.test.base.TestBase:402 - clickButton:[[InternetExplorerDriver: internet explorer on WINDOWS (1c05102a-8820-4965-b068-75b37815fedd)] -> id: saveButton]
2020/07/14 17:55:00:716 DEBUG com.sinosoft.test.base.TestBase:76 - Trying to find Element By : By.id: saveButton
2020/07/14 17:55:00:811 DEBUG com.sinosoft.test.base.TestBase:80 - Found Element By : By.id: saveButton
2020/07/14 17:55:00:812 DEBUG com.sinosoft.test.base.TestBase:42 - Trying to click on: [[InternetExplorerDriver: internet explorer on WINDOWS (1c05102a-8820-4965-b068-75b37815fedd)] -> id: saveButton]
2020/07/14 17:55:02:291 DEBUG com.sinosoft.test.base.TestBase:46 - Clicked on: [[InternetExplorerDriver: internet explorer on WINDOWS (1c05102a-8820-4965-b068-75b37815fedd)] -> id: saveButton]
2020/07/14 17:55:05:434 DEBUG com.sinosoft.test.base.TestBase:76 - Trying to find Element By : By.xpath: //td[text()='联共保信息']
2020/07/14 17:55:05:504 DEBUG com.sinosoft.test.base.TestBase:80 - Found Element By : By.xpath: //td[text()='联共保信息']
2020/07/14 17:55:05:504  INFO com.sinosoft.test.base.TestBase:402 - clickButton:[[InternetExplorerDriver: internet explorer on WINDOWS (1c05102a-8820-4965-b068-75b37815fedd)] -> xpath: //td[text()='联共保信息']]
2020/07/14 17:55:05:504 DEBUG com.sinosoft.test.base.TestBase:42 - Trying to click on: [[InternetExplorerDriver: internet explorer on WINDOWS (1c05102a-8820-4965-b068-75b37815fedd)] -> xpath: //td[text()='联共保信息']]
2020/07/14 17:55:08:141 DEBUG com.sinosoft.test.base.TestBase:46 - Clicked on: [[InternetExplorerDriver: internet explorer on WINDOWS (1c05102a-8820-4965-b068-75b37815fedd)] -> xpath: //td[text()='联共保信息']]
2020/07/14 17:55:13:429 DEBUG com.sinosoft.test.base.TestBase:69 - 初始化class com.sinosoft.test.fccp.tbcl.RiskDetail_CoInsuredPage
2020/07/14 17:55:18:856 DEBUG com.sinosoft.test.base.TestBase:76 - Trying to find Element By : By.xpath: //table[@id='Coinsurance']/tbody/tr[last()]/td/p/input[@name='buttonCoinsuranceDetailInfo']
2020/07/14 17:55:18:939 DEBUG com.sinosoft.test.base.TestBase:80 - Found Element By : By.xpath: //table[@id='Coinsurance']/tbody/tr[last()]/td/p/input[@name='buttonCoinsuranceDetailInfo']
2020/07/14 17:55:18:939  INFO com.sinosoft.test.base.TestBase:416 - jsClickButton:[[InternetExplorerDriver: internet explorer on WINDOWS (1c05102a-8820-4965-b068-75b37815fedd)] -> xpath: //table[@id='Coinsurance']/tbody/tr[last()]/td/p/input[@name='buttonCoinsuranceDetailInfo']]
2020/07/14 17:55:18:940 DEBUG com.sinosoft.test.base.TestBase:76 - Trying to find Element By : By.xpath: //table[@id='Coinsurance']/tbody/tr[last()]/td/p/input[@name='buttonCoinsuranceDetailInfo']
2020/07/14 17:55:19:010 DEBUG com.sinosoft.test.base.TestBase:80 - Found Element By : By.xpath: //table[@id='Coinsurance']/tbody/tr[last()]/td/p/input[@name='buttonCoinsuranceDetailInfo']
2020/07/14 17:55:19:010  INFO com.sinosoft.test.base.TestBase:144 - RunJavaScript:[[InternetExplorerDriver: internet explorer on WINDOWS (1c05102a-8820-4965-b068-75b37815fedd)] -> xpath: //table[@id='Coinsurance']/tbody/tr[last()]/td/p/input[@name='buttonCoinsuranceDetailInfo']]	arguments[0].click();
2020/07/14 17:55:19:011 DEBUG com.sinosoft.test.base.TestBase:76 - Trying to find Element By : By.xpath: //table[@id='Coinsurance']/tbody/tr[last()]/td/p/input[@name='buttonCoinsuranceDetailInfo']
2020/07/14 17:55:19:081 DEBUG com.sinosoft.test.base.TestBase:80 - Found Element By : By.xpath: //table[@id='Coinsurance']/tbody/tr[last()]/td/p/input[@name='buttonCoinsuranceDetailInfo']
2020/07/14 17:55:19:206 DEBUG com.sinosoft.test.base.TestBase:76 - Trying to find Element By : By.xpath: //table[@id='Coinsurance']/tbody/tr[last()]/td/span[@id='span_ConinsuranceDetailInfo_SubPage']
2020/07/14 17:55:19:311 DEBUG com.sinosoft.test.base.TestBase:80 - Found Element By : By.xpath: //table[@id='Coinsurance']/tbody/tr[last()]/td/span[@id='span_ConinsuranceDetailInfo_SubPage']
2020/07/14 17:55:19:311 DEBUG com.sinosoft.test.base.TestBase:76 - Trying to find Element By : By.name: GuCoinsuranceCoinsRate
2020/07/14 17:55:19:415 DEBUG com.sinosoft.test.base.TestBase:80 - Found Element By : By.name: GuCoinsuranceCoinsRate
2020/07/14 17:55:19:416 DEBUG com.sinosoft.test.base.TestBase:76 - Trying to find Element By : By.xpath: //table[@id='Coinsurance']/tbody/tr[last()]/td/span[@id='span_ConinsuranceDetailInfo_SubPage']
2020/07/14 17:55:19:499 DEBUG com.sinosoft.test.base.TestBase:80 - Found Element By : By.xpath: //table[@id='Coinsurance']/tbody/tr[last()]/td/span[@id='span_ConinsuranceDetailInfo_SubPage']
2020/07/14 17:55:19:499 DEBUG com.sinosoft.test.base.TestBase:76 - Trying to find Element By : By.name: GuCoinsuranceCoinsPremium
2020/07/14 17:55:19:575 DEBUG com.sinosoft.test.base.TestBase:80 - Found Element By : By.name: GuCoinsuranceCoinsPremium
2020/07/14 17:55:19:575  INFO com.sinosoft.test.base.TestBase:360 - setEditboxValue:[[[[InternetExplorerDriver: internet explorer on WINDOWS (1c05102a-8820-4965-b068-75b37815fedd)] -> xpath: //table[@id='Coinsurance']/tbody/tr[last()]/td/span[@id='span_ConinsuranceDetailInfo_SubPage']]] -> name: GuCoinsuranceCoinsRate]：60
2020/07/14 17:55:20:598  INFO com.sinosoft.test.base.TestBase:363 - setEditboxValue—End:[[[[InternetExplorerDriver: internet explorer on WINDOWS (1c05102a-8820-4965-b068-75b37815fedd)] -> xpath: //table[@id='Coinsurance']/tbody/tr[last()]/td/span[@id='span_ConinsuranceDetailInfo_SubPage']]] -> name: GuCoinsuranceCoinsRate]：60
2020/07/14 17:55:20:598  INFO com.sinosoft.test.base.TestBase:406 - clickElement:[[[[InternetExplorerDriver: internet explorer on WINDOWS (1c05102a-8820-4965-b068-75b37815fedd)] -> xpath: //table[@id='Coinsurance']/tbody/tr[last()]/td/span[@id='span_ConinsuranceDetailInfo_SubPage']]] -> name: GuCoinsuranceCoinsPremium]
2020/07/14 17:55:20:598 DEBUG com.sinosoft.test.base.TestBase:42 - Trying to click on: [[[[InternetExplorerDriver: internet explorer on WINDOWS (1c05102a-8820-4965-b068-75b37815fedd)] -> xpath: //table[@id='Coinsurance']/tbody/tr[last()]/td/span[@id='span_ConinsuranceDetailInfo_SubPage']]] -> name: GuCoinsuranceCoinsPremium]
2020/07/14 17:55:21:979 DEBUG com.sinosoft.test.base.TestBase:46 - Clicked on: [[[[InternetExplorerDriver: internet explorer on WINDOWS (1c05102a-8820-4965-b068-75b37815fedd)] -> xpath: //table[@id='Coinsurance']/tbody/tr[last()]/td/span[@id='span_ConinsuranceDetailInfo_SubPage']]] -> name: GuCoinsuranceCoinsPremium]
2020/07/14 17:55:23:980 DEBUG com.sinosoft.test.base.TestBase:76 - Trying to find Element By : By.xpath: //table[@id='Coinsurance']/tbody/tr[last()]/td/span[@id='span_ConinsuranceDetailInfo_SubPage']
2020/07/14 17:55:24:103 DEBUG com.sinosoft.test.base.TestBase:80 - Found Element By : By.xpath: //table[@id='Coinsurance']/tbody/tr[last()]/td/span[@id='span_ConinsuranceDetailInfo_SubPage']
2020/07/14 17:55:24:104 DEBUG com.sinosoft.test.base.TestBase:76 - Trying to find Element By : By.name: button_CoinsuranceDetailInfo_Close
2020/07/14 17:55:24:189 DEBUG com.sinosoft.test.base.TestBase:80 - Found Element By : By.name: button_CoinsuranceDetailInfo_Close
2020/07/14 17:55:24:189  INFO com.sinosoft.test.base.TestBase:402 - clickButton:[[[[InternetExplorerDriver: internet explorer on WINDOWS (1c05102a-8820-4965-b068-75b37815fedd)] -> xpath: //table[@id='Coinsurance']/tbody/tr[last()]/td/span[@id='span_ConinsuranceDetailInfo_SubPage']]] -> name: button_CoinsuranceDetailInfo_Close]
2020/07/14 17:55:24:189 DEBUG com.sinosoft.test.base.TestBase:42 - Trying to click on: [[[[InternetExplorerDriver: internet explorer on WINDOWS (1c05102a-8820-4965-b068-75b37815fedd)] -> xpath: //table[@id='Coinsurance']/tbody/tr[last()]/td/span[@id='span_ConinsuranceDetailInfo_SubPage']]] -> name: button_CoinsuranceDetailInfo_Close]
2020/07/14 17:55:25:672 DEBUG com.sinosoft.test.base.TestBase:46 - Clicked on: [[[[InternetExplorerDriver: internet explorer on WINDOWS (1c05102a-8820-4965-b068-75b37815fedd)] -> xpath: //table[@id='Coinsurance']/tbody/tr[last()]/td/span[@id='span_ConinsuranceDetailInfo_SubPage']]] -> name: button_CoinsuranceDetailInfo_Close]
2020/07/14 17:55:25:673 DEBUG com.sinosoft.test.base.TestBase:52 - 处理完主保方信息
2020/07/14 17:55:25:673 DEBUG com.sinosoft.test.base.TestBase:76 - Trying to find Element By : By.name: buttonProductCoinsuranceAdd
2020/07/14 17:55:25:733 DEBUG com.sinosoft.test.base.TestBase:80 - Found Element By : By.name: buttonProductCoinsuranceAdd
2020/07/14 17:55:25:735  INFO com.sinosoft.test.base.TestBase:416 - jsClickButton:[[InternetExplorerDriver: internet explorer on WINDOWS (1c05102a-8820-4965-b068-75b37815fedd)] -> name: buttonProductCoinsuranceAdd]
2020/07/14 17:55:25:736 DEBUG com.sinosoft.test.base.TestBase:76 - Trying to find Element By : By.name: buttonProductCoinsuranceAdd
2020/07/14 17:55:25:907 DEBUG com.sinosoft.test.base.TestBase:80 - Found Element By : By.name: buttonProductCoinsuranceAdd
2020/07/14 17:55:25:907  INFO com.sinosoft.test.base.TestBase:144 - RunJavaScript:[[InternetExplorerDriver: internet explorer on WINDOWS (1c05102a-8820-4965-b068-75b37815fedd)] -> name: buttonProductCoinsuranceAdd]	arguments[0].click();
2020/07/14 17:55:25:909 DEBUG com.sinosoft.test.base.TestBase:76 - Trying to find Element By : By.name: buttonProductCoinsuranceAdd
2020/07/14 17:55:25:994 DEBUG com.sinosoft.test.base.TestBase:80 - Found Element By : By.name: buttonProductCoinsuranceAdd
2020/07/14 17:55:26:087 DEBUG com.sinosoft.test.base.TestBase:55 - 开始处理共保方信息
2020/07/14 17:55:26:087 DEBUG com.sinosoft.test.base.TestBase:76 - Trying to find Element By : By.xpath: //table[@id='Coinsurance']/tbody/tr[last()]/td/p/input[@name='buttonCoinsuranceDetailInfo']
2020/07/14 17:55:26:183 DEBUG com.sinosoft.test.base.TestBase:80 - Found Element By : By.xpath: //table[@id='Coinsurance']/tbody/tr[last()]/td/p/input[@name='buttonCoinsuranceDetailInfo']
2020/07/14 17:55:26:184  INFO com.sinosoft.test.base.TestBase:416 - jsClickButton:[[InternetExplorerDriver: internet explorer on WINDOWS (1c05102a-8820-4965-b068-75b37815fedd)] -> xpath: //table[@id='Coinsurance']/tbody/tr[last()]/td/p/input[@name='buttonCoinsuranceDetailInfo']]
2020/07/14 17:55:26:184 DEBUG com.sinosoft.test.base.TestBase:76 - Trying to find Element By : By.xpath: //table[@id='Coinsurance']/tbody/tr[last()]/td/p/input[@name='buttonCoinsuranceDetailInfo']
2020/07/14 17:55:26:258 DEBUG com.sinosoft.test.base.TestBase:80 - Found Element By : By.xpath: //table[@id='Coinsurance']/tbody/tr[last()]/td/p/input[@name='buttonCoinsuranceDetailInfo']
2020/07/14 17:55:26:259  INFO com.sinosoft.test.base.TestBase:144 - RunJavaScript:[[InternetExplorerDriver: internet explorer on WINDOWS (1c05102a-8820-4965-b068-75b37815fedd)] -> xpath: //table[@id='Coinsurance']/tbody/tr[last()]/td/p/input[@name='buttonCoinsuranceDetailInfo']]	arguments[0].click();
2020/07/14 17:55:26:259 DEBUG com.sinosoft.test.base.TestBase:76 - Trying to find Element By : By.xpath: //table[@id='Coinsurance']/tbody/tr[last()]/td/p/input[@name='buttonCoinsuranceDetailInfo']
2020/07/14 17:55:26:294 DEBUG com.sinosoft.test.base.TestBase:80 - Found Element By : By.xpath: //table[@id='Coinsurance']/tbody/tr[last()]/td/p/input[@name='buttonCoinsuranceDetailInfo']
2020/07/14 17:55:28:403 DEBUG com.sinosoft.test.base.TestBase:59 - 打开了共保方的页面
2020/07/14 17:55:28:403 DEBUG com.sinosoft.test.base.TestBase:76 - Trying to find Element By : By.xpath: //table[@id='Coinsurance']/tbody/tr[last()]/td/span[@id='span_ConinsuranceDetailInfo_SubPage']
2020/07/14 17:55:28:521 DEBUG com.sinosoft.test.base.TestBase:80 - Found Element By : By.xpath: //table[@id='Coinsurance']/tbody/tr[last()]/td/span[@id='span_ConinsuranceDetailInfo_SubPage']
2020/07/14 17:55:28:521 DEBUG com.sinosoft.test.base.TestBase:76 - Trying to find Element By : By.name: button_CoinsuranceDetailInfo_Close
2020/07/14 17:55:28:657 DEBUG com.sinosoft.test.base.TestBase:80 - Found Element By : By.name: button_CoinsuranceDetailInfo_Close
2020/07/14 17:55:28:658  INFO com.sinosoft.test.base.TestBase:416 - jsClickButton:[[[[InternetExplorerDriver: internet explorer on WINDOWS (1c05102a-8820-4965-b068-75b37815fedd)] -> xpath: //table[@id='Coinsurance']/tbody/tr[last()]/td/span[@id='span_ConinsuranceDetailInfo_SubPage']]] -> name: button_CoinsuranceDetailInfo_Close]
2020/07/14 17:55:28:658  INFO com.sinosoft.test.base.TestBase:144 - RunJavaScript:[[[[InternetExplorerDriver: internet explorer on WINDOWS (1c05102a-8820-4965-b068-75b37815fedd)] -> xpath: //table[@id='Coinsurance']/tbody/tr[last()]/td/span[@id='span_ConinsuranceDetailInfo_SubPage']]] -> name: button_CoinsuranceDetailInfo_Close]	arguments[0].click();
2020/07/14 17:55:38:701 DEBUG com.sinosoft.test.base.TestBase:66 - 系统自动捕获异常：Exception occured: org.openqa.selenium.WebDriverException: java.net.SocketTimeoutException: timeout
Build info: version: '3.9.0', revision: '698b3178f0', time: '2018-02-05T14:26:55.441Z'
System info: host: 'DESKTOP-I9S3ABE', ip: '100.100.99.142', os.name: 'Windows 10', os.arch: 'amd64', os.version: '10.0', java.version: '1.8.0_101'
Driver info: driver.version: EventFiringWebDriver
2020/07/14 17:55:38:702  INFO com.sinosoft.test.base.TestBase:68 - 异常的message 是：java.net.SocketTimeoutException: timeout
Build info: version: '3.9.0', revision: '698b3178f0', time: '2018-02-05T14:26:55.441Z'
System info: host: 'DESKTOP-I9S3ABE', ip: '100.100.99.142', os.name: 'Windows 10', os.arch: 'amd64', os.version: '10.0', java.version: '1.8.0_101'
Driver info: driver.version: EventFiringWebDriver
2020/07/14 17:55:38:703 ERROR com.sinosoft.test.base.TestBase:148 - org.openqa.selenium.WebDriverException: java.net.SocketTimeoutException: timeout
Build info: version: '3.9.0', revision: '698b3178f0', time: '2018-02-05T14:26:55.441Z'
System info: host: 'DESKTOP-I9S3ABE', ip: '100.100.99.142', os.name: 'Windows 10', os.arch: 'amd64', os.version: '10.0', java.version: '1.8.0_101'
Driver info: driver.version: EventFiringWebDriver
2020/07/14 17:55:50:722  INFO com.sinosoft.test.base.TestBase:129 - 执行测试用例发生了异常，开始截屏
org.openqa.selenium.WebDriverException: java.net.SocketTimeoutException: timeout
Build info: version: '3.9.0', revision: '698b3178f0', time: '2018-02-05T14:26:55.441Z'
System info: host: 'DESKTOP-I9S3ABE', ip: '100.100.99.142', os.name: 'Windows 10', os.arch: 'amd64', os.version: '10.0', java.version: '1.8.0_101'
Driver info: driver.version: RemoteWebDriver
	at org.openqa.selenium.remote.service.DriverCommandExecutor.execute(DriverCommandExecutor.java:92)
	at org.openqa.selenium.remote.RemoteWebDriver.execute(RemoteWebDriver.java:601)
	at org.openqa.selenium.remote.RemoteWebDriver$RemoteTargetLocator.defaultContent(RemoteWebDriver.java:977)
	at org.openqa.selenium.support.events.EventFiringWebDriver$EventFiringTargetLocator.defaultContent(EventFiringWebDriver.java:647)
	at com.sinosoft.test.fccp.common.FccbBase.goToMainArea(FccbBase.java:204)
	at com.sinosoft.test.fccp.tbcl.TbclMainFramePage.goToMainFramePage(TbclMainFramePage.java:38)
	at com.sinosoft.test.fccp.tbcl.TbclMainFramePage.goToMainFrame_policyfee(TbclMainFramePage.java:26)
	at com.sinosoft.testcases.fccb.TBGLTestCase.FCCB_TBCL(TBGLTestCase.java:113)
	at sun.reflect.NativeMethodAccessorImpl.invoke0(Native Method)
	at sun.reflect.NativeMethodAccessorImpl.invoke(NativeMethodAccessorImpl.java:62)
	at sun.reflect.DelegatingMethodAccessorImpl.invoke(DelegatingMethodAccessorImpl.java:43)
	at java.lang.reflect.Method.invoke(Method.java:498)
	at org.testng.internal.MethodInvocationHelper.invokeMethod(MethodInvocationHelper.java:108)
	at org.testng.internal.Invoker.invokeMethod(Invoker.java:661)
	at org.testng.internal.Invoker.invokeTestMethod(Invoker.java:869)
	at org.testng.internal.Invoker.invokeTestMethods(Invoker.java:1193)
	at org.testng.internal.TestMethodWorker.invokeTestMethods(TestMethodWorker.java:126)
	at org.testng.internal.TestMethodWorker.run(TestMethodWorker.java:109)
	at org.testng.TestRunner.privateRun(TestRunner.java:744)
	at org.testng.TestRunner.run(TestRunner.java:602)
	at org.testng.SuiteRunner.runTest(SuiteRunner.java:380)
	at org.testng.SuiteRunner.runSequentially(SuiteRunner.java:375)
	at org.testng.SuiteRunner.privateRun(SuiteRunner.java:340)
	at org.testng.SuiteRunner.run(SuiteRunner.java:289)
	at org.testng.SuiteRunnerWorker.runSuite(SuiteRunnerWorker.java:52)
	at org.testng.SuiteRunnerWorker.run(SuiteRunnerWorker.java:86)
	at org.testng.TestNG.runSuitesSequentially(TestNG.java:1301)
	at org.testng.TestNG.runSuitesLocally(TestNG.java:1226)
	at org.testng.TestNG.runSuites(TestNG.java:1144)
	at org.testng.TestNG.run(TestNG.java:1115)
	at org.apache.maven.surefire.testng.TestNGExecutor.run(TestNGExecutor.java:283)
	at org.apache.maven.surefire.testng.TestNGXmlTestSuite.execute(TestNGXmlTestSuite.java:75)
	at org.apache.maven.surefire.testng.TestNGProvider.invoke(TestNGProvider.java:120)
	at org.apache.maven.surefire.booter.ForkedBooter.invokeProviderInSameClassLoader(ForkedBooter.java:384)
	at org.apache.maven.surefire.booter.ForkedBooter.runSuitesInProcess(ForkedBooter.java:345)
	at org.apache.maven.surefire.booter.ForkedBooter.execute(ForkedBooter.java:126)
	at org.apache.maven.surefire.booter.ForkedBooter.main(ForkedBooter.java:418)
Caused by: java.net.SocketTimeoutException: timeout
	at okio.Okio$4.newTimeoutException(Okio.java:230)
	at okio.AsyncTimeout.exit(AsyncTimeout.java:285)
	at okio.AsyncTimeout$2.read(AsyncTimeout.java:241)
	at okio.RealBufferedSource.indexOf(RealBufferedSource.java:345)
	at okio.RealBufferedSource.readUtf8LineStrict(RealBufferedSource.java:217)
	at okhttp3.internal.http1.Http1Codec.readHeaderLine(Http1Codec.java:212)
	at okhttp3.internal.http1.Http1Codec.readResponseHeaders(Http1Codec.java:189)
	at okhttp3.internal.http.CallServerInterceptor.intercept(CallServerInterceptor.java:88)
	at okhttp3.internal.http.RealInterceptorChain.proceed(RealInterceptorChain.java:147)
	at okhttp3.internal.connection.ConnectInterceptor.intercept(ConnectInterceptor.java:45)
	at okhttp3.internal.http.RealInterceptorChain.proceed(RealInterceptorChain.java:147)
	at okhttp3.internal.http.RealInterceptorChain.proceed(RealInterceptorChain.java:121)
	at okhttp3.internal.cache.CacheInterceptor.intercept(CacheInterceptor.java:93)
	at okhttp3.internal.http.RealInterceptorChain.proceed(RealInterceptorChain.java:147)
	at okhttp3.internal.http.RealInterceptorChain.proceed(RealInterceptorChain.java:121)
	at okhttp3.internal.http.BridgeInterceptor.intercept(BridgeInterceptor.java:93)
	at okhttp3.internal.http.RealInterceptorChain.proceed(RealInterceptorChain.java:147)
	at okhttp3.internal.http.RetryAndFollowUpInterceptor.intercept(RetryAndFollowUpInterceptor.java:125)
	at okhttp3.internal.http.RealInterceptorChain.proceed(RealInterceptorChain.java:147)
	at okhttp3.internal.http.RealInterceptorChain.proceed(RealInterceptorChain.java:121)
	at okhttp3.RealCall.getResponseWithInterceptorChain(RealCall.java:200)
	at okhttp3.RealCall.execute(RealCall.java:77)
	at org.openqa.selenium.remote.internal.OkHttpClient.execute(OkHttpClient.java:97)
	at org.openqa.selenium.remote.internal.OkHttpClient.execute(OkHttpClient.java:47)
	at org.openqa.selenium.remote.HttpCommandExecutor.execute(HttpCommandExecutor.java:157)
	at org.openqa.selenium.remote.service.DriverCommandExecutor.execute(DriverCommandExecutor.java:83)
	... 36 more
Caused by: java.net.SocketTimeoutException: Read timed out
	at java.net.SocketInputStream.socketRead0(Native Method)
	at java.net.SocketInputStream.socketRead(SocketInputStream.java:116)
	at java.net.SocketInputStream.read(SocketInputStream.java:170)
	at java.net.SocketInputStream.read(SocketInputStream.java:141)
	at okio.Okio$2.read(Okio.java:139)
	at okio.AsyncTimeout$2.read(AsyncTimeout.java:237)
	... 59 more
2020/07/14 17:55:50:727 DEBUG com.sinosoft.test.base.TestBase:88 - 截屏文件名字是：FCCB_TB_JCX_1_异常截屏
2020/07/14 17:56:00:739 DEBUG com.sinosoft.test.base.TestBase:66 - 系统自动捕获异常：Exception occured: org.openqa.selenium.WebDriverException: java.net.SocketTimeoutException: timeout
Build info: version: '3.9.0', revision: '698b3178f0', time: '2018-02-05T14:26:55.441Z'
System info: host: 'DESKTOP-I9S3ABE', ip: '100.100.99.142', os.name: 'Windows 10', os.arch: 'amd64', os.version: '10.0', java.version: '1.8.0_101'
Driver info: driver.version: EventFiringWebDriver
2020/07/14 17:56:00:740  INFO com.sinosoft.test.base.TestBase:68 - 异常的message 是：java.net.SocketTimeoutException: timeout
Build info: version: '3.9.0', revision: '698b3178f0', time: '2018-02-05T14:26:55.441Z'
System info: host: 'DESKTOP-I9S3ABE', ip: '100.100.99.142', os.name: 'Windows 10', os.arch: 'amd64', os.version: '10.0', java.version: '1.8.0_101'
Driver info: driver.version: EventFiringWebDriver
2020/07/14 17:56:00:740 ERROR com.sinosoft.test.base.TestBase:94 - 浏览截屏失败：
org.openqa.selenium.WebDriverException: java.net.SocketTimeoutException: timeout
Build info: version: '3.9.0', revision: '698b3178f0', time: '2018-02-05T14:26:55.441Z'
System info: host: 'DESKTOP-I9S3ABE', ip: '100.100.99.142', os.name: 'Windows 10', os.arch: 'amd64', os.version: '10.0', java.version: '1.8.0_101'
Driver info: driver.version: EventFiringWebDriver
	at org.openqa.selenium.remote.service.DriverCommandExecutor.execute(DriverCommandExecutor.java:92)
	at org.openqa.selenium.remote.RemoteWebDriver.execute(RemoteWebDriver.java:601)
	at org.openqa.selenium.remote.RemoteWebDriver.execute(RemoteWebDriver.java:658)
	at org.openqa.selenium.ie.InternetExplorerDriver.getScreenshotAs(InternetExplorerDriver.java:235)
	at sun.reflect.NativeMethodAccessorImpl.invoke0(Native Method)
	at sun.reflect.NativeMethodAccessorImpl.invoke(NativeMethodAccessorImpl.java:62)
	at sun.reflect.DelegatingMethodAccessorImpl.invoke(DelegatingMethodAccessorImpl.java:43)
	at java.lang.reflect.Method.invoke(Method.java:498)
	at org.openqa.selenium.support.events.EventFiringWebDriver$2.invoke(EventFiringWebDriver.java:108)
	at com.sun.proxy.$Proxy8.getScreenshotAs(Unknown Source)
	at org.openqa.selenium.support.events.EventFiringWebDriver.getScreenshotAs(EventFiringWebDriver.java:291)
	at com.sinosoft.test.util.TestUtil.takeScreenshot(TestUtil.java:89)
	at com.sinosoft.testcases.fccb.TBGLTestCase.FCCB_TBCL(TBGLTestCase.java:130)
	at sun.reflect.NativeMethodAccessorImpl.invoke0(Native Method)
	at sun.reflect.NativeMethodAccessorImpl.invoke(NativeMethodAccessorImpl.java:62)
	at sun.reflect.DelegatingMethodAccessorImpl.invoke(DelegatingMethodAccessorImpl.java:43)
	at java.lang.reflect.Method.invoke(Method.java:498)
	at org.testng.internal.MethodInvocationHelper.invokeMethod(MethodInvocationHelper.java:108)
	at org.testng.internal.Invoker.invokeMethod(Invoker.java:661)
	at org.testng.internal.Invoker.invokeTestMethod(Invoker.java:869)
	at org.testng.internal.Invoker.invokeTestMethods(Invoker.java:1193)
	at org.testng.internal.TestMethodWorker.invokeTestMethods(TestMethodWorker.java:126)
	at org.testng.internal.TestMethodWorker.run(TestMethodWorker.java:109)
	at org.testng.TestRunner.privateRun(TestRunner.java:744)
	at org.testng.TestRunner.run(TestRunner.java:602)
	at org.testng.SuiteRunner.runTest(SuiteRunner.java:380)
	at org.testng.SuiteRunner.runSequentially(SuiteRunner.java:375)
	at org.testng.SuiteRunner.privateRun(SuiteRunner.java:340)
	at org.testng.SuiteRunner.run(SuiteRunner.java:289)
	at org.testng.SuiteRunnerWorker.runSuite(SuiteRunnerWorker.java:52)
	at org.testng.SuiteRunnerWorker.run(SuiteRunnerWorker.java:86)
	at org.testng.TestNG.runSuitesSequentially(TestNG.java:1301)
	at org.testng.TestNG.runSuitesLocally(TestNG.java:1226)
	at org.testng.TestNG.runSuites(TestNG.java:1144)
	at org.testng.TestNG.run(TestNG.java:1115)
	at org.apache.maven.surefire.testng.TestNGExecutor.run(TestNGExecutor.java:283)
	at org.apache.maven.surefire.testng.TestNGXmlTestSuite.execute(TestNGXmlTestSuite.java:75)
	at org.apache.maven.surefire.testng.TestNGProvider.invoke(TestNGProvider.java:120)
	at org.apache.maven.surefire.booter.ForkedBooter.invokeProviderInSameClassLoader(ForkedBooter.java:384)
	at org.apache.maven.surefire.booter.ForkedBooter.runSuitesInProcess(ForkedBooter.java:345)
	at org.apache.maven.surefire.booter.ForkedBooter.execute(ForkedBooter.java:126)
	at org.apache.maven.surefire.booter.ForkedBooter.main(ForkedBooter.java:418)
Caused by: java.net.SocketTimeoutException: timeout
	at okio.Okio$4.newTimeoutException(Okio.java:230)
	at okio.AsyncTimeout.exit(AsyncTimeout.java:285)
	at okio.AsyncTimeout$2.read(AsyncTimeout.java:241)
	at okio.RealBufferedSource.indexOf(RealBufferedSource.java:345)
	at okio.RealBufferedSource.readUtf8LineStrict(RealBufferedSource.java:217)
	at okhttp3.internal.http1.Http1Codec.readHeaderLine(Http1Codec.java:212)
	at okhttp3.internal.http1.Http1Codec.readResponseHeaders(Http1Codec.java:189)
	at okhttp3.internal.http.CallServerInterceptor.intercept(CallServerInterceptor.java:88)
	at okhttp3.internal.http.RealInterceptorChain.proceed(RealInterceptorChain.java:147)
	at okhttp3.internal.connection.ConnectInterceptor.intercept(ConnectInterceptor.java:45)
	at okhttp3.internal.http.RealInterceptorChain.proceed(RealInterceptorChain.java:147)
	at okhttp3.internal.http.RealInterceptorChain.proceed(RealInterceptorChain.java:121)
	at okhttp3.internal.cache.CacheInterceptor.intercept(CacheInterceptor.java:93)
	at okhttp3.internal.http.RealInterceptorChain.proceed(RealInterceptorChain.java:147)
	at okhttp3.internal.http.RealInterceptorChain.proceed(RealInterceptorChain.java:121)
	at okhttp3.internal.http.BridgeInterceptor.intercept(BridgeInterceptor.java:93)
	at okhttp3.internal.http.RealInterceptorChain.proceed(RealInterceptorChain.java:147)
	at okhttp3.internal.http.RetryAndFollowUpInterceptor.intercept(RetryAndFollowUpInterceptor.java:125)
	at okhttp3.internal.http.RealInterceptorChain.proceed(RealInterceptorChain.java:147)
	at okhttp3.internal.http.RealInterceptorChain.proceed(RealInterceptorChain.java:121)
	at okhttp3.RealCall.getResponseWithInterceptorChain(RealCall.java:200)
	at okhttp3.RealCall.execute(RealCall.java:77)
	at org.openqa.selenium.remote.internal.OkHttpClient.execute(OkHttpClient.java:97)
	at org.openqa.selenium.remote.internal.OkHttpClient.execute(OkHttpClient.java:47)
	at org.openqa.selenium.remote.HttpCommandExecutor.execute(HttpCommandExecutor.java:157)
	at org.openqa.selenium.remote.service.DriverCommandExecutor.execute(DriverCommandExecutor.java:83)
	... 41 more
Caused by: java.net.SocketTimeoutException: Read timed out
	at java.net.SocketInputStream.socketRead0(Native Method)
	at java.net.SocketInputStream.socketRead(SocketInputStream.java:116)
	at java.net.SocketInputStream.read(SocketInputStream.java:170)
	at java.net.SocketInputStream.read(SocketInputStream.java:141)
	at okio.Okio$2.read(Okio.java:139)
	at okio.AsyncTimeout$2.read(AsyncTimeout.java:237)
	... 64 more
2020/07/14 17:56:00:742  INFO com.sinosoft.test.base.TestBase:133 - 执行测试用例发生了异常，截屏结束！
2020/07/14 17:56:00:743  INFO com.sinosoft.test.base.TestBase:136 - 进入Finally事件:RowID:2
2020/07/14 17:56:00:743  INFO com.sinosoft.test.base.TestBase:137 - 进入Finally事件:testCaseName:FCCB_TBCL
2020/07/14 17:56:00:743  INFO com.sinosoft.test.base.TestBase:138 - 进入Finally事件:proposalNumber:06201900101202000000000085
2020/07/14 17:56:00:743  INFO com.sinosoft.test.base.TestBase:139 - 进入Finally事件:message:未知异常java.net.SocketTimeoutException: timeout
Build info: version: '3.9.0', revision: '698b3178f0', time: '2018-02-05T14:26:55.441Z'
System info: host: 'DESKTOP-I9S3ABE', ip: '100.100.99.142', os.name: 'Windows 10', os.arch: 'amd64', os.version: '10.0', java.version: '1.8.0_101'
Driver info: driver.version: RemoteWebDriver
2020/07/14 17:56:00:743  INFO com.sinosoft.test.base.TestBase:140 - 进入Finally事件:screenshot:
2020/07/14 17:56:01:426 DEBUG freemarker.cache:45 - Couldn't find template in cache for "index.ftl"("en", UTF-8, parsed); will try to load it.
2020/07/14 17:56:01:427 DEBUG freemarker.cache:45 - TemplateLoader.findTemplateSource("index_en.ftl"): Not found
2020/07/14 17:56:01:429 DEBUG freemarker.cache:45 - TemplateLoader.findTemplateSource("index.ftl"): Found
2020/07/14 17:56:01:430 DEBUG freemarker.cache:45 - Loading template for "index.ftl"("en", UTF-8, parsed) from "jar:file:/C:/Users/liu-b/.m2/repository/com/aventstack/extentreports/3.1.3/extentreports-3.1.3.jar!/com/aventstack/extentreports/view/html-report/index.ftl"
2020/07/14 17:56:02:145 DEBUG freemarker.cache:45 - Couldn't find template in cache for "head.ftl"("en", UTF-8, parsed); will try to load it.
2020/07/14 17:56:02:147 DEBUG freemarker.cache:45 - TemplateLoader.findTemplateSource("head_en.ftl"): Not found
2020/07/14 17:56:02:148 DEBUG freemarker.cache:45 - TemplateLoader.findTemplateSource("head.ftl"): Found
2020/07/14 17:56:02:148 DEBUG freemarker.cache:45 - Loading template for "head.ftl"("en", UTF-8, parsed) from "jar:file:/C:/Users/liu-b/.m2/repository/com/aventstack/extentreports/3.1.3/extentreports-3.1.3.jar!/com/aventstack/extentreports/view/html-report/head.ftl"
2020/07/14 17:56:02:157 DEBUG freemarker.cache:45 - Couldn't find template in cache for "nav.ftl"("en", UTF-8, parsed); will try to load it.
2020/07/14 17:56:02:157 DEBUG freemarker.cache:45 - TemplateLoader.findTemplateSource("nav_en.ftl"): Not found
2020/07/14 17:56:02:158 DEBUG freemarker.cache:45 - TemplateLoader.findTemplateSource("nav.ftl"): Found
2020/07/14 17:56:02:158 DEBUG freemarker.cache:45 - Loading template for "nav.ftl"("en", UTF-8, parsed) from "jar:file:/C:/Users/liu-b/.m2/repository/com/aventstack/extentreports/3.1.3/extentreports-3.1.3.jar!/com/aventstack/extentreports/view/html-report/nav.ftl"
2020/07/14 17:56:02:176 DEBUG freemarker.cache:45 - Couldn't find template in cache for "test-view/test-view.ftl"("en", UTF-8, parsed); will try to load it.
2020/07/14 17:56:02:177 DEBUG freemarker.cache:45 - TemplateLoader.findTemplateSource("test-view/test-view_en.ftl"): Not found
2020/07/14 17:56:02:178 DEBUG freemarker.cache:45 - TemplateLoader.findTemplateSource("test-view/test-view.ftl"): Found
2020/07/14 17:56:02:178 DEBUG freemarker.cache:45 - Loading template for "test-view/test-view.ftl"("en", UTF-8, parsed) from "jar:file:/C:/Users/liu-b/.m2/repository/com/aventstack/extentreports/3.1.3/extentreports-3.1.3.jar!/com/aventstack/extentreports/view/html-report/test-view/test-view.ftl"
2020/07/14 17:56:02:200 DEBUG freemarker.cache:45 - Couldn't find template in cache for "test-view/test-view-charts.ftl"("en", UTF-8, parsed); will try to load it.
2020/07/14 17:56:02:206 DEBUG freemarker.cache:45 - TemplateLoader.findTemplateSource("test-view/test-view-charts_en.ftl"): Not found
2020/07/14 17:56:02:206 DEBUG freemarker.cache:45 - TemplateLoader.findTemplateSource("test-view/test-view-charts.ftl"): Found
2020/07/14 17:56:02:207 DEBUG freemarker.cache:45 - Loading template for "test-view/test-view-charts.ftl"("en", UTF-8, parsed) from "jar:file:/C:/Users/liu-b/.m2/repository/com/aventstack/extentreports/3.1.3/extentreports-3.1.3.jar!/com/aventstack/extentreports/view/html-report/test-view/test-view-charts.ftl"
2020/07/14 17:56:02:229 DEBUG freemarker.cache:45 - Couldn't find template in cache for "test-view/standard.ftl"("en", UTF-8, parsed); will try to load it.
2020/07/14 17:56:02:230 DEBUG freemarker.cache:45 - TemplateLoader.findTemplateSource("test-view/standard_en.ftl"): Not found
2020/07/14 17:56:02:230 DEBUG freemarker.cache:45 - TemplateLoader.findTemplateSource("test-view/standard.ftl"): Found
2020/07/14 17:56:02:231 DEBUG freemarker.cache:45 - Loading template for "test-view/standard.ftl"("en", UTF-8, parsed) from "jar:file:/C:/Users/liu-b/.m2/repository/com/aventstack/extentreports/3.1.3/extentreports-3.1.3.jar!/com/aventstack/extentreports/view/html-report/test-view/standard.ftl"
2020/07/14 17:56:02:262 DEBUG freemarker.cache:45 - Couldn't find template in cache for "category-view/category-view.ftl"("en", UTF-8, parsed); will try to load it.
2020/07/14 17:56:02:262 DEBUG freemarker.cache:45 - TemplateLoader.findTemplateSource("category-view/category-view_en.ftl"): Not found
2020/07/14 17:56:02:263 DEBUG freemarker.cache:45 - TemplateLoader.findTemplateSource("category-view/category-view.ftl"): Found
2020/07/14 17:56:02:263 DEBUG freemarker.cache:45 - Loading template for "category-view/category-view.ftl"("en", UTF-8, parsed) from "jar:file:/C:/Users/liu-b/.m2/repository/com/aventstack/extentreports/3.1.3/extentreports-3.1.3.jar!/com/aventstack/extentreports/view/html-report/category-view/category-view.ftl"
2020/07/14 17:56:02:273 DEBUG freemarker.cache:45 - Couldn't find template in cache for "author-view/author-view.ftl"("en", UTF-8, parsed); will try to load it.
2020/07/14 17:56:02:274 DEBUG freemarker.cache:45 - TemplateLoader.findTemplateSource("author-view/author-view_en.ftl"): Not found
2020/07/14 17:56:02:274 DEBUG freemarker.cache:45 - TemplateLoader.findTemplateSource("author-view/author-view.ftl"): Found
2020/07/14 17:56:02:275 DEBUG freemarker.cache:45 - Loading template for "author-view/author-view.ftl"("en", UTF-8, parsed) from "jar:file:/C:/Users/liu-b/.m2/repository/com/aventstack/extentreports/3.1.3/extentreports-3.1.3.jar!/com/aventstack/extentreports/view/html-report/author-view/author-view.ftl"
2020/07/14 17:56:02:283 DEBUG freemarker.cache:45 - Couldn't find template in cache for "exception-view/exception-view.ftl"("en", UTF-8, parsed); will try to load it.
2020/07/14 17:56:02:287 DEBUG freemarker.cache:45 - TemplateLoader.findTemplateSource("exception-view/exception-view_en.ftl"): Not found
2020/07/14 17:56:02:288 DEBUG freemarker.cache:45 - TemplateLoader.findTemplateSource("exception-view/exception-view.ftl"): Found
2020/07/14 17:56:02:288 DEBUG freemarker.cache:45 - Loading template for "exception-view/exception-view.ftl"("en", UTF-8, parsed) from "jar:file:/C:/Users/liu-b/.m2/repository/com/aventstack/extentreports/3.1.3/extentreports-3.1.3.jar!/com/aventstack/extentreports/view/html-report/exception-view/exception-view.ftl"
2020/07/14 17:56:02:308 DEBUG freemarker.cache:45 - Couldn't find template in cache for "dashboard-view/dashboard-view.ftl"("en", UTF-8, parsed); will try to load it.
2020/07/14 17:56:02:309 DEBUG freemarker.cache:45 - TemplateLoader.findTemplateSource("dashboard-view/dashboard-view_en.ftl"): Not found
2020/07/14 17:56:02:310 DEBUG freemarker.cache:45 - TemplateLoader.findTemplateSource("dashboard-view/dashboard-view.ftl"): Found
2020/07/14 17:56:02:310 DEBUG freemarker.cache:45 - Loading template for "dashboard-view/dashboard-view.ftl"("en", UTF-8, parsed) from "jar:file:/C:/Users/liu-b/.m2/repository/com/aventstack/extentreports/3.1.3/extentreports-3.1.3.jar!/com/aventstack/extentreports/view/html-report/dashboard-view/dashboard-view.ftl"
2020/07/14 17:56:02:322 DEBUG freemarker.cache:45 - Couldn't find template in cache for "logs-view/testrunner-logs-view.ftl"("en", UTF-8, parsed); will try to load it.
2020/07/14 17:56:02:323 DEBUG freemarker.cache:45 - TemplateLoader.findTemplateSource("logs-view/testrunner-logs-view_en.ftl"): Not found
2020/07/14 17:56:02:325 DEBUG freemarker.cache:45 - TemplateLoader.findTemplateSource("logs-view/testrunner-logs-view.ftl"): Found
2020/07/14 17:56:02:325 DEBUG freemarker.cache:45 - Loading template for "logs-view/testrunner-logs-view.ftl"("en", UTF-8, parsed) from "jar:file:/C:/Users/liu-b/.m2/repository/com/aventstack/extentreports/3.1.3/extentreports-3.1.3.jar!/com/aventstack/extentreports/view/html-report/logs-view/testrunner-logs-view.ftl"
2020/07/14 18:56:36:612  INFO com.sinosoft.test.base.TestBase:59 - 配置文件路径：config.properties
2020/07/14 18:56:36:617 DEBUG com.sinosoft.test.base.TestBase:69 - 初始化class com.sinosoft.testcases.fccb.TBGLTestCase
2020/07/14 18:56:36:667 DEBUG com.sinosoft.test.base.TestBase:69 - 初始化class com.sinosoft.test.util.ExcelDataProvider
2020/07/14 18:56:37:428  INFO com.sinosoft.test.base.TestBase:80 - 当前文件里面一共有数据：4
2020/07/14 18:56:37:476  INFO com.sinosoft.test.base.TestBase:91 - start InternetExplorerDriver
2020/07/14 18:56:39:885 DEBUG com.sinosoft.test.base.TestBase:69 - 初始化class com.sinosoft.test.util.WebEventListener
2020/07/14 18:56:39:904  INFO com.sinosoft.test.base.TestBase:83 - 开始运行测试脚本，获取到的测试数据《getTBCLTestData》如下:
2020/07/14 18:56:39:905  INFO com.sinosoft.test.base.TestBase:84 - ROW_ID=2
ProcessFlag=Y
TestCaseName=FCCB_TB_JCX
TestCaseSeq=1
TestDescription=非车承保企财险-财产基本险-出单
riskClass=01
riskCode=0101
renewalInd=0
renewalPolicy=
prePay=
carrayOver=
carrayOverPolicy=
relatedInd=
relatedPolicy=
fbbs=
ywgs=01620190
qdlx=01
gdbs=0
xstd=T6201900101
ywy=S000000006
ywly=01010101
dljg=
xsxy=
cxywbs=HXXT
cdjg=
htzyjjfs=
jnwbz=
jw_country=
jw_Addr=
snbz=
sftkbd=0
sfdzbd=0
sfxb=0
fxqkyjytz=
sfydyw=
sfsn=
xbbdh=
tbr_lx=2
tbr_mc=
tbr_vip=
tbr_dm=G6200019984
tbr_zjlx=
tbr_zjhm=
tbr_sj=
tbr_csrq=
tbr_lxdz=
tbr_dwdh=010-67549095-456
lxr_xm=
lxr_xb=
lxr_zw=
lxr_sj=
lxr_yx=
xzsyfw=1
tqmc=
qbrq=
zbrq=
lgbbz=1
yyzdbz=1
sfgxdm=1
cbdq=
zzfwlx=0
hydl=12
hyxl=12006
jqbm=121121123123
bbdm=CNY
sf=130000
cs=130300
qx=130302
yb=065201
jzdj=01
bxcs=北戴河公园
bdw_jd=金融街街道
bdw_yyxz=
bdw_sfhyf=
bdw_fxlx=
bdw_sbmc=
bdw_cjh=
bdw_fdjh=
bdw_cjdjrq=
bdw_cllx=
bdw_cpcx=
bdw_sccj=
bdw_gzjz=
bdw_sgzyqy=
bdw_zylx=
bdw=010001
bdwmx=碣石公园礁石群
xbdm=0101001
jrbe=1
jzfs=10
bxje=2000000
bffl=0.5
dqflbz=2
ysbf=400
yyzd_zdpcg=24
yyzd_sndmlrze=6000000
yyzd_sndyye=20000000
yyzd_bdw=010056
yyzd_bdwmx=
yyzd_xbdm=0105001
yyzd_jrbe=1
yyzd_jzfs=18
yyzd_bxje=200000
yyzd_bffl=3
yyzd_dqflbz=3
yyzd_ysbf=4000
fsh=6
xsfdj=B
xsfxs=2
jgx_sf=
jgx_cs=
jgx_qx=
jgx_gcdd=
jgx_bb=
jgx_gcmc=
jgx_gclx_1=
jgx_gclx_2=
jgx_gclx_3=
jgx_gclx_4=
jgx_gclx_5=
jgx_gclx_6=
jgx_yzssjt=
jgx_yz=
jgx_cbs_ssjt=
jgx_cbs=
jgx_gchth=
jgx_gcjz=
jgx_gcqsrq=
jgx_gczzrq=
jgx_gcfw=
jgx_scqqsrq=
jgx_scqzzrq=
jgx_bzqqsrq=
jgx_bzqzzrq=
jgx_ws_xmlbdm=
jgx_ws_jrbe=
jgx_ws_bxje=
jgx_ws_fl=
jgx_ws_dqflbz=
jgx_ws_ysbf=
jgx_sz_xbdm=
jgx_sz_jrbe=
jgx_sz_ljpcxe=
jgx_sz_fv=
jgx_sz_dqflbz=
jgx_sz_ysbf=
proposalNumber=06201900101202000000000085
message=未知异常java.net.SocketTimeoutException: timeout
Build info: version: '3.9.0', revision: '698b3178f0', time: '2018-02-05T14:26:55.441Z'
System info: host: 'DESKTOP-I9S3ABE', ip: '100.100.99.142', os.name: 'Windows 10', os.arch: 'amd64', os.version: '10.0', java.version: '1.8.0_101'
Driver info: driver.version: RemoteWebDriver
screenshot=
testCaseName=FCCB_TBCL

2020/07/14 18:56:39:909 DEBUG com.sinosoft.test.base.TestBase:69 - 初始化class com.sinosoft.test.fccp.common.LoginPage
2020/07/14 18:56:44:939 DEBUG com.sinosoft.test.base.TestBase:26 - Before navigating to: 'http://tvfchxyw.ypic.cn'
2020/07/14 18:56:45:587 DEBUG com.sinosoft.test.base.TestBase:30 - Navigated to:'http://tvfchxyw.ypic.cn'
2020/07/14 18:56:45:587 DEBUG com.sinosoft.test.base.TestBase:76 - Trying to find Element By : By.id: username
2020/07/14 18:56:45:746 DEBUG com.sinosoft.test.base.TestBase:80 - Found Element By : By.id: username
2020/07/14 18:56:45:750  INFO com.sinosoft.test.base.TestBase:360 - setEditboxValue:[[InternetExplorerDriver: internet explorer on WINDOWS (c7868b77-891d-4c56-9cf9-4f68a90860ec)] -> id: username]：policy1@ypic
2020/07/14 18:56:45:750 DEBUG com.sinosoft.test.base.TestBase:76 - Trying to find Element By : By.id: username
2020/07/14 18:56:45:898 DEBUG com.sinosoft.test.base.TestBase:80 - Found Element By : By.id: username
2020/07/14 18:56:46:248 DEBUG com.sinosoft.test.base.TestBase:76 - Trying to find Element By : By.id: username
2020/07/14 18:56:46:431 DEBUG com.sinosoft.test.base.TestBase:80 - Found Element By : By.id: username
2020/07/14 18:56:46:920 DEBUG com.sinosoft.test.base.TestBase:76 - Trying to find Element By : By.id: username
2020/07/14 18:56:47:083 DEBUG com.sinosoft.test.base.TestBase:80 - Found Element By : By.id: username
2020/07/14 18:56:47:083  INFO com.sinosoft.test.base.TestBase:363 - setEditboxValue—End:[[InternetExplorerDriver: internet explorer on WINDOWS (c7868b77-891d-4c56-9cf9-4f68a90860ec)] -> id: username]：policy1@ypic
2020/07/14 18:56:47:084 DEBUG com.sinosoft.test.base.TestBase:76 - Trying to find Element By : By.id: password
2020/07/14 18:56:47:247 DEBUG com.sinosoft.test.base.TestBase:80 - Found Element By : By.id: password
2020/07/14 18:56:47:248  INFO com.sinosoft.test.base.TestBase:360 - setEditboxValue:[[InternetExplorerDriver: internet explorer on WINDOWS (c7868b77-891d-4c56-9cf9-4f68a90860ec)] -> id: password]：ypic@1234
2020/07/14 18:56:47:248 DEBUG com.sinosoft.test.base.TestBase:76 - Trying to find Element By : By.id: password
2020/07/14 18:56:47:435 DEBUG com.sinosoft.test.base.TestBase:80 - Found Element By : By.id: password
2020/07/14 18:56:47:821 DEBUG com.sinosoft.test.base.TestBase:76 - Trying to find Element By : By.id: password
2020/07/14 18:56:47:997 DEBUG com.sinosoft.test.base.TestBase:80 - Found Element By : By.id: password
2020/07/14 18:56:48:387 DEBUG com.sinosoft.test.base.TestBase:76 - Trying to find Element By : By.id: password
2020/07/14 18:56:48:550 DEBUG com.sinosoft.test.base.TestBase:80 - Found Element By : By.id: password
2020/07/14 18:56:48:551  INFO com.sinosoft.test.base.TestBase:363 - setEditboxValue—End:[[InternetExplorerDriver: internet explorer on WINDOWS (c7868b77-891d-4c56-9cf9-4f68a90860ec)] -> id: password]：ypic@1234
2020/07/14 18:56:48:551 DEBUG com.sinosoft.test.base.TestBase:76 - Trying to find Element By : By.id: bt_submit
2020/07/14 18:56:48:731 DEBUG com.sinosoft.test.base.TestBase:80 - Found Element By : By.id: bt_submit
2020/07/14 18:56:48:731  INFO com.sinosoft.test.base.TestBase:402 - clickButton:[[InternetExplorerDriver: internet explorer on WINDOWS (c7868b77-891d-4c56-9cf9-4f68a90860ec)] -> id: bt_submit]
2020/07/14 18:56:48:732 DEBUG com.sinosoft.test.base.TestBase:76 - Trying to find Element By : By.id: bt_submit
2020/07/14 18:56:48:930 DEBUG com.sinosoft.test.base.TestBase:80 - Found Element By : By.id: bt_submit
2020/07/14 18:56:48:930 DEBUG com.sinosoft.test.base.TestBase:42 - Trying to click on: [[InternetExplorerDriver: internet explorer on WINDOWS (c7868b77-891d-4c56-9cf9-4f68a90860ec)] -> id: bt_submit]
2020/07/14 18:56:51:244 DEBUG com.sinosoft.test.base.TestBase:46 - Clicked on: [[InternetExplorerDriver: internet explorer on WINDOWS (c7868b77-891d-4c56-9cf9-4f68a90860ec)] -> id: bt_submit]
2020/07/14 18:56:51:249 DEBUG com.sinosoft.test.base.TestBase:76 - Trying to find Element By : By.xpath: //input[@value='继续登录']
2020/07/14 18:56:53:555 DEBUG com.sinosoft.test.base.TestBase:66 - 系统自动捕获异常：Exception occured: org.openqa.selenium.NoSuchElementException: Unable to find element with xpath == //input[@value='继续登录']
For documentation on this error, please visit: http://seleniumhq.org/exceptions/no_such_element.html
Build info: version: '3.9.0', revision: '698b3178f0', time: '2018-02-05T14:26:55.441Z'
System info: host: 'DESKTOP-I9S3ABE', ip: '100.100.99.142', os.name: 'Windows 10', os.arch: 'amd64', os.version: '10.0', java.version: '1.8.0_101'
Driver info: org.openqa.selenium.ie.InternetExplorerDriver
Capabilities {acceptInsecureCerts: false, browserName: internet explorer, browserVersion: 11, javascriptEnabled: true, pageLoadStrategy: normal, platform: WINDOWS, platformName: WINDOWS, proxy: Proxy(), se:ieOptions: {browserAttachTimeout: 0, elementScrollBehavior: 0, enablePersistentHover: true, ie.browserCommandLineSwitches: , ie.ensureCleanSession: false, ie.fileUploadDialogTimeout: 3000, ie.forceCreateProcessApi: false, ignoreProtectedModeSettings: true, ignoreZoomSetting: false, initialBrowserUrl: http://localhost:38589/, nativeEvents: true, requireWindowFocus: false}, setWindowRect: true, timeouts: {implicit: 0, pageLoad: 300000, script: 30000}, unhandledPromptBehavior: ignore}
Session ID: c7868b77-891d-4c56-9cf9-4f68a90860ec
*** Element info: {Using=xpath, value=//input[@value='继续登录']}
2020/07/14 18:56:53:557  INFO com.sinosoft.test.base.TestBase:68 - 异常的message 是：Unable to find element with xpath == //input[@value='继续登录']
For documentation on this error, please visit: http://seleniumhq.org/exceptions/no_such_element.html
Build info: version: '3.9.0', revision: '698b3178f0', time: '2018-02-05T14:26:55.441Z'
System info: host: 'DESKTOP-I9S3ABE', ip: '100.100.99.142', os.name: 'Windows 10', os.arch: 'amd64', os.version: '10.0', java.version: '1.8.0_101'
Driver info: org.openqa.selenium.ie.InternetExplorerDriver
Capabilities {acceptInsecureCerts: false, browserName: internet explorer, browserVersion: 11, javascriptEnabled: true, pageLoadStrategy: normal, platform: WINDOWS, platformName: WINDOWS, proxy: Proxy(), se:ieOptions: {browserAttachTimeout: 0, elementScrollBehavior: 0, enablePersistentHover: true, ie.browserCommandLineSwitches: , ie.ensureCleanSession: false, ie.fileUploadDialogTimeout: 3000, ie.forceCreateProcessApi: false, ignoreProtectedModeSettings: true, ignoreZoomSetting: false, initialBrowserUrl: http://localhost:38589/, nativeEvents: true, requireWindowFocus: false}, setWindowRect: true, timeouts: {implicit: 0, pageLoad: 300000, script: 30000}, unhandledPromptBehavior: ignore}
Session ID: c7868b77-891d-4c56-9cf9-4f68a90860ec
*** Element info: {Using=xpath, value=//input[@value='继续登录']}
2020/07/14 18:56:53:559  INFO com.sinosoft.test.base.TestBase:198 - 没有找到页面元素:By.xpath: //input[@value='继续登录'] - 错误信息Expected condition failed: waiting for com.sinosoft.test.base.TestBase$1@561868a0 (tried for 2 second(s) with 500 MILLISECONDS interval)
2020/07/14 18:56:53:559  INFO com.sinosoft.test.base.TestBase:77 - 常规登录，没有继续登录按钮
2020/07/14 18:56:53:561 DEBUG com.sinosoft.test.base.TestBase:69 - 初始化class com.sinosoft.test.fccp.common.HomePage
2020/07/14 18:56:54:090 DEBUG com.sinosoft.test.base.TestBase:76 - Trying to find Element By : By.linkText: 承保子系统
2020/07/14 18:56:54:143 DEBUG com.sinosoft.test.base.TestBase:80 - Found Element By : By.linkText: 承保子系统
2020/07/14 18:56:54:145  INFO com.sinosoft.test.base.TestBase:144 - RunJavaScript:[[InternetExplorerDriver: internet explorer on WINDOWS (c7868b77-891d-4c56-9cf9-4f68a90860ec)] -> link text: 承保子系统]	arguments[0].click();
2020/07/14 18:56:54:608 DEBUG com.sinosoft.test.base.TestBase:76 - Trying to find Element By : By.linkText: 投保管理
2020/07/14 18:56:54:666 DEBUG com.sinosoft.test.base.TestBase:80 - Found Element By : By.linkText: 投保管理
2020/07/14 18:56:54:666  INFO com.sinosoft.test.base.TestBase:144 - RunJavaScript:[[InternetExplorerDriver: internet explorer on WINDOWS (c7868b77-891d-4c56-9cf9-4f68a90860ec)] -> link text: 投保管理]	arguments[0].click();
2020/07/14 18:56:55:262 DEBUG com.sinosoft.test.base.TestBase:76 - Trying to find Element By : By.linkText: 投保处理
2020/07/14 18:56:55:310 DEBUG com.sinosoft.test.base.TestBase:80 - Found Element By : By.linkText: 投保处理
2020/07/14 18:56:55:310  INFO com.sinosoft.test.base.TestBase:144 - RunJavaScript:[[InternetExplorerDriver: internet explorer on WINDOWS (c7868b77-891d-4c56-9cf9-4f68a90860ec)] -> link text: 投保处理]	arguments[0].click();
2020/07/14 18:56:55:547 DEBUG com.sinosoft.test.base.TestBase:69 - 初始化class com.sinosoft.test.fccp.tbcl.RiskSelectPage
2020/07/14 18:56:56:023 DEBUG com.sinosoft.test.base.TestBase:93 - 投保处理/险种选择
2020/07/14 18:56:56:024 DEBUG com.sinosoft.test.base.TestBase:76 - Trying to find Element By : By.name: riskClassTemp
2020/07/14 18:56:56:074 DEBUG com.sinosoft.test.base.TestBase:80 - Found Element By : By.name: riskClassTemp
2020/07/14 18:56:56:114 DEBUG com.sinosoft.test.base.TestBase:76 - Trying to find Element By : By.name: riskClassTemp
2020/07/14 18:56:56:162 DEBUG com.sinosoft.test.base.TestBase:80 - Found Element By : By.name: riskClassTemp
2020/07/14 18:56:56:162 DEBUG com.sinosoft.test.base.TestBase:63 - SetCodeEditBox:开始设置:[[InternetExplorerDriver: internet explorer on WINDOWS (c7868b77-891d-4c56-9cf9-4f68a90860ec)] -> name: riskClassTemp] & Code=01
2020/07/14 18:56:56:163 DEBUG com.sinosoft.test.base.TestBase:76 - Trying to find Element By : By.name: riskClassTemp
2020/07/14 18:56:56:198 DEBUG com.sinosoft.test.base.TestBase:80 - Found Element By : By.name: riskClassTemp
2020/07/14 18:56:56:449 DEBUG com.sinosoft.test.base.TestBase:76 - Trying to find Element By : By.name: riskClassTemp
2020/07/14 18:56:56:508 DEBUG com.sinosoft.test.base.TestBase:80 - Found Element By : By.name: riskClassTemp
2020/07/14 18:56:57:039 DEBUG com.sinosoft.test.base.TestBase:76 - Trying to find Element By : By.name: riskClassTemp
2020/07/14 18:56:57:090 DEBUG com.sinosoft.test.base.TestBase:80 - Found Element By : By.name: riskClassTemp
2020/07/14 18:56:57:091 DEBUG com.sinosoft.test.base.TestBase:76 - Trying to find Element By : By.xpath: ../input[last()]
2020/07/14 18:56:57:153 DEBUG com.sinosoft.test.base.TestBase:80 - Found Element By : By.xpath: ../input[last()]
2020/07/14 18:56:57:308  INFO com.sinosoft.test.base.TestBase:71 - SetCodeEditBox:找到了Code对应的文本显示框并点击触发显示:riskClassName
2020/07/14 18:56:57:308 DEBUG com.sinosoft.test.base.TestBase:42 - Trying to click on: [[[[InternetExplorerDriver: internet explorer on WINDOWS (c7868b77-891d-4c56-9cf9-4f68a90860ec)] -> name: riskClassTemp]] -> xpath: ../input[last()]]
2020/07/14 18:56:58:221 DEBUG com.sinosoft.test.base.TestBase:46 - Clicked on: [[[[InternetExplorerDriver: internet explorer on WINDOWS (c7868b77-891d-4c56-9cf9-4f68a90860ec)] -> name: riskClassTemp]] -> xpath: ../input[last()]]
2020/07/14 18:56:58:421 DEBUG com.sinosoft.test.base.TestBase:76 - Trying to find Element By : By.name: riskClassTemp
2020/07/14 18:56:58:456 DEBUG com.sinosoft.test.base.TestBase:80 - Found Element By : By.name: riskClassTemp
2020/07/14 18:56:58:457 DEBUG com.sinosoft.test.base.TestBase:87 - SetCodeEditBox:设置完毕[[InternetExplorerDriver: internet explorer on WINDOWS (c7868b77-891d-4c56-9cf9-4f68a90860ec)] -> name: riskClassTemp],设置值 Code=01
2020/07/14 18:56:58:457 DEBUG com.sinosoft.test.base.TestBase:76 - Trying to find Element By : By.name: riskCode
2020/07/14 18:56:58:493 DEBUG com.sinosoft.test.base.TestBase:80 - Found Element By : By.name: riskCode
2020/07/14 18:56:58:529 DEBUG com.sinosoft.test.base.TestBase:76 - Trying to find Element By : By.name: riskCode
2020/07/14 18:56:58:572 DEBUG com.sinosoft.test.base.TestBase:80 - Found Element By : By.name: riskCode
2020/07/14 18:56:58:573 DEBUG com.sinosoft.test.base.TestBase:63 - SetCodeEditBox:开始设置:[[InternetExplorerDriver: internet explorer on WINDOWS (c7868b77-891d-4c56-9cf9-4f68a90860ec)] -> name: riskCode] & Code=0101
2020/07/14 18:56:58:574 DEBUG com.sinosoft.test.base.TestBase:76 - Trying to find Element By : By.name: riskCode
2020/07/14 18:56:58:603 DEBUG com.sinosoft.test.base.TestBase:80 - Found Element By : By.name: riskCode
2020/07/14 18:56:58:835 DEBUG com.sinosoft.test.base.TestBase:76 - Trying to find Element By : By.name: riskCode
2020/07/14 18:56:58:888 DEBUG com.sinosoft.test.base.TestBase:80 - Found Element By : By.name: riskCode
2020/07/14 18:56:59:336 DEBUG com.sinosoft.test.base.TestBase:76 - Trying to find Element By : By.name: riskCode
2020/07/14 18:56:59:385 DEBUG com.sinosoft.test.base.TestBase:80 - Found Element By : By.name: riskCode
2020/07/14 18:56:59:387 DEBUG com.sinosoft.test.base.TestBase:76 - Trying to find Element By : By.xpath: ../input[last()]
2020/07/14 18:56:59:439 DEBUG com.sinosoft.test.base.TestBase:80 - Found Element By : By.xpath: ../input[last()]
2020/07/14 18:56:59:554  INFO com.sinosoft.test.base.TestBase:71 - SetCodeEditBox:找到了Code对应的文本显示框并点击触发显示:riskName
2020/07/14 18:56:59:555 DEBUG com.sinosoft.test.base.TestBase:42 - Trying to click on: [[[[InternetExplorerDriver: internet explorer on WINDOWS (c7868b77-891d-4c56-9cf9-4f68a90860ec)] -> name: riskCode]] -> xpath: ../input[last()]]
2020/07/14 18:57:00:535 DEBUG com.sinosoft.test.base.TestBase:46 - Clicked on: [[[[InternetExplorerDriver: internet explorer on WINDOWS (c7868b77-891d-4c56-9cf9-4f68a90860ec)] -> name: riskCode]] -> xpath: ../input[last()]]
2020/07/14 18:57:00:735 DEBUG com.sinosoft.test.base.TestBase:76 - Trying to find Element By : By.name: riskCode
2020/07/14 18:57:00:761 DEBUG com.sinosoft.test.base.TestBase:80 - Found Element By : By.name: riskCode
2020/07/14 18:57:00:762 DEBUG com.sinosoft.test.base.TestBase:87 - SetCodeEditBox:设置完毕[[InternetExplorerDriver: internet explorer on WINDOWS (c7868b77-891d-4c56-9cf9-4f68a90860ec)] -> name: riskCode],设置值 Code=0101
2020/07/14 18:57:00:763 DEBUG com.sinosoft.test.base.TestBase:76 - Trying to find Element By : By.name: renewInd
2020/07/14 18:57:00:818 DEBUG com.sinosoft.test.base.TestBase:80 - Found Element By : By.name: renewInd
2020/07/14 18:57:00:818  INFO com.sinosoft.test.base.TestBase:321 - setEditboxTValue:[[[InternetExplorerDriver: internet explorer on WINDOWS (c7868b77-891d-4c56-9cf9-4f68a90860ec)] -> name: renewInd], [[InternetExplorerDriver: internet explorer on WINDOWS (c7868b77-891d-4c56-9cf9-4f68a90860ec)] -> name: renewInd]]：0
2020/07/14 18:57:00:818 DEBUG com.sinosoft.test.base.TestBase:76 - Trying to find Element By : By.name: renewInd
2020/07/14 18:57:00:878 DEBUG com.sinosoft.test.base.TestBase:80 - Found Element By : By.name: renewInd
2020/07/14 18:57:00:984 DEBUG com.sinosoft.test.base.TestBase:76 - Trying to find Element By : By.name: buttonNextStep
2020/07/14 18:57:01:049 DEBUG com.sinosoft.test.base.TestBase:80 - Found Element By : By.name: buttonNextStep
2020/07/14 18:57:01:049  INFO com.sinosoft.test.base.TestBase:402 - clickButton:[[InternetExplorerDriver: internet explorer on WINDOWS (c7868b77-891d-4c56-9cf9-4f68a90860ec)] -> name: buttonNextStep]
2020/07/14 18:57:01:052 DEBUG com.sinosoft.test.base.TestBase:42 - Trying to click on: [[InternetExplorerDriver: internet explorer on WINDOWS (c7868b77-891d-4c56-9cf9-4f68a90860ec)] -> name: buttonNextStep]
2020/07/14 18:57:03:872 DEBUG com.sinosoft.test.base.TestBase:46 - Clicked on: [[InternetExplorerDriver: internet explorer on WINDOWS (c7868b77-891d-4c56-9cf9-4f68a90860ec)] -> name: buttonNextStep]
2020/07/14 18:57:03:874 DEBUG com.sinosoft.test.base.TestBase:69 - 初始化class com.sinosoft.test.fccp.tbcl.BasicInfoPage
2020/07/14 18:57:06:732 DEBUG com.sinosoft.test.base.TestBase:322 - 投保处理/基本信息
2020/07/14 18:57:06:733 DEBUG com.sinosoft.test.base.TestBase:76 - Trying to find Element By : By.name: GuMainBusinessType
2020/07/14 18:57:06:817 DEBUG com.sinosoft.test.base.TestBase:80 - Found Element By : By.name: GuMainBusinessType
2020/07/14 18:57:06:817  INFO com.sinosoft.test.base.TestBase:96 - setSelectWithStartText:[[InternetExplorerDriver: internet explorer on WINDOWS (c7868b77-891d-4c56-9cf9-4f68a90860ec)] -> name: GuMainBusinessType]->
2020/07/14 18:57:06:818 DEBUG com.sinosoft.test.base.TestBase:76 - Trying to find Element By : By.name: GuMainCompanyCode
2020/07/14 18:57:06:878 DEBUG com.sinosoft.test.base.TestBase:80 - Found Element By : By.name: GuMainCompanyCode
2020/07/14 18:57:06:944 DEBUG com.sinosoft.test.base.TestBase:76 - Trying to find Element By : By.name: GuMainCompanyCode
2020/07/14 18:57:07:032 DEBUG com.sinosoft.test.base.TestBase:80 - Found Element By : By.name: GuMainCompanyCode
2020/07/14 18:57:07:035 DEBUG com.sinosoft.test.base.TestBase:63 - SetCodeEditBox:开始设置:[[InternetExplorerDriver: internet explorer on WINDOWS (c7868b77-891d-4c56-9cf9-4f68a90860ec)] -> name: GuMainCompanyCode] & Code=01620190
2020/07/14 18:57:07:035 DEBUG com.sinosoft.test.base.TestBase:76 - Trying to find Element By : By.name: GuMainCompanyCode
2020/07/14 18:57:07:102 DEBUG com.sinosoft.test.base.TestBase:80 - Found Element By : By.name: GuMainCompanyCode
2020/07/14 18:57:07:462 DEBUG com.sinosoft.test.base.TestBase:76 - Trying to find Element By : By.name: GuMainCompanyCode
2020/07/14 18:57:07:528 DEBUG com.sinosoft.test.base.TestBase:80 - Found Element By : By.name: GuMainCompanyCode
2020/07/14 18:57:08:581 DEBUG com.sinosoft.test.base.TestBase:76 - Trying to find Element By : By.name: GuMainCompanyCode
2020/07/14 18:57:08:666 DEBUG com.sinosoft.test.base.TestBase:80 - Found Element By : By.name: GuMainCompanyCode
2020/07/14 18:57:08:666 DEBUG com.sinosoft.test.base.TestBase:76 - Trying to find Element By : By.xpath: ../input[last()]
2020/07/14 18:57:08:763 DEBUG com.sinosoft.test.base.TestBase:80 - Found Element By : By.xpath: ../input[last()]
2020/07/14 18:57:08:953  INFO com.sinosoft.test.base.TestBase:71 - SetCodeEditBox:找到了Code对应的文本显示框并点击触发显示:GuMainCompanyName
2020/07/14 18:57:08:953 DEBUG com.sinosoft.test.base.TestBase:42 - Trying to click on: [[[[InternetExplorerDriver: internet explorer on WINDOWS (c7868b77-891d-4c56-9cf9-4f68a90860ec)] -> name: GuMainCompanyCode]] -> xpath: ../input[last()]]
2020/07/14 18:57:10:036 DEBUG com.sinosoft.test.base.TestBase:46 - Clicked on: [[[[InternetExplorerDriver: internet explorer on WINDOWS (c7868b77-891d-4c56-9cf9-4f68a90860ec)] -> name: GuMainCompanyCode]] -> xpath: ../input[last()]]
2020/07/14 18:57:10:238 DEBUG com.sinosoft.test.base.TestBase:76 - Trying to find Element By : By.name: GuMainCompanyCode
2020/07/14 18:57:10:294 DEBUG com.sinosoft.test.base.TestBase:80 - Found Element By : By.name: GuMainCompanyCode
2020/07/14 18:57:10:295 DEBUG com.sinosoft.test.base.TestBase:87 - SetCodeEditBox:设置完毕[[InternetExplorerDriver: internet explorer on WINDOWS (c7868b77-891d-4c56-9cf9-4f68a90860ec)] -> name: GuMainCompanyCode],设置值 Code=01620190
2020/07/14 18:57:10:297 DEBUG com.sinosoft.test.base.TestBase:76 - Trying to find Element By : By.name: GuMainChannelDetailCode
2020/07/14 18:57:10:365 DEBUG com.sinosoft.test.base.TestBase:80 - Found Element By : By.name: GuMainChannelDetailCode
2020/07/14 18:57:10:426 DEBUG com.sinosoft.test.base.TestBase:76 - Trying to find Element By : By.name: GuMainChannelDetailCode
2020/07/14 18:57:10:527 DEBUG com.sinosoft.test.base.TestBase:80 - Found Element By : By.name: GuMainChannelDetailCode
2020/07/14 18:57:10:528 DEBUG com.sinosoft.test.base.TestBase:63 - SetCodeEditBox:开始设置:[[InternetExplorerDriver: internet explorer on WINDOWS (c7868b77-891d-4c56-9cf9-4f68a90860ec)] -> name: GuMainChannelDetailCode] & Code=01
2020/07/14 18:57:10:528 DEBUG com.sinosoft.test.base.TestBase:76 - Trying to find Element By : By.name: GuMainChannelDetailCode
2020/07/14 18:57:10:615 DEBUG com.sinosoft.test.base.TestBase:80 - Found Element By : By.name: GuMainChannelDetailCode
2020/07/14 18:57:10:959 DEBUG com.sinosoft.test.base.TestBase:76 - Trying to find Element By : By.name: GuMainChannelDetailCode
2020/07/14 18:57:11:051 DEBUG com.sinosoft.test.base.TestBase:80 - Found Element By : By.name: GuMainChannelDetailCode
2020/07/14 18:57:11:667 DEBUG com.sinosoft.test.base.TestBase:76 - Trying to find Element By : By.name: GuMainChannelDetailCode
2020/07/14 18:57:11:729 DEBUG com.sinosoft.test.base.TestBase:80 - Found Element By : By.name: GuMainChannelDetailCode
2020/07/14 18:57:11:731 DEBUG com.sinosoft.test.base.TestBase:76 - Trying to find Element By : By.xpath: ../input[last()]
2020/07/14 18:57:11:806 DEBUG com.sinosoft.test.base.TestBase:80 - Found Element By : By.xpath: ../input[last()]
2020/07/14 18:57:11:981  INFO com.sinosoft.test.base.TestBase:71 - SetCodeEditBox:找到了Code对应的文本显示框并点击触发显示:GuMainChannelDetailName
2020/07/14 18:57:11:981 DEBUG com.sinosoft.test.base.TestBase:42 - Trying to click on: [[[[InternetExplorerDriver: internet explorer on WINDOWS (c7868b77-891d-4c56-9cf9-4f68a90860ec)] -> name: GuMainChannelDetailCode]] -> xpath: ../input[last()]]
2020/07/14 18:57:13:073 DEBUG com.sinosoft.test.base.TestBase:46 - Clicked on: [[[[InternetExplorerDriver: internet explorer on WINDOWS (c7868b77-891d-4c56-9cf9-4f68a90860ec)] -> name: GuMainChannelDetailCode]] -> xpath: ../input[last()]]
2020/07/14 18:57:13:276 DEBUG com.sinosoft.test.base.TestBase:76 - Trying to find Element By : By.name: GuMainChannelDetailCode
2020/07/14 18:57:13:377 DEBUG com.sinosoft.test.base.TestBase:80 - Found Element By : By.name: GuMainChannelDetailCode
2020/07/14 18:57:13:377 DEBUG com.sinosoft.test.base.TestBase:87 - SetCodeEditBox:设置完毕[[InternetExplorerDriver: internet explorer on WINDOWS (c7868b77-891d-4c56-9cf9-4f68a90860ec)] -> name: GuMainChannelDetailCode],设置值 Code=01
2020/07/14 18:57:13:377 DEBUG com.sinosoft.test.base.TestBase:76 - Trying to find Element By : By.name: GuMainShareHolderFlag
2020/07/14 18:57:13:471 DEBUG com.sinosoft.test.base.TestBase:80 - Found Element By : By.name: GuMainShareHolderFlag
2020/07/14 18:57:13:500 DEBUG com.sinosoft.test.base.TestBase:76 - Trying to find Element By : By.name: GuMainShareHolderFlag
2020/07/14 18:57:13:592 DEBUG com.sinosoft.test.base.TestBase:80 - Found Element By : By.name: GuMainShareHolderFlag
2020/07/14 18:57:13:593 DEBUG com.sinosoft.test.base.TestBase:42 - CodeSelect:开始设置[[InternetExplorerDriver: internet explorer on WINDOWS (c7868b77-891d-4c56-9cf9-4f68a90860ec)] -> name: GuMainShareHolderFlag] & Code=0
2020/07/14 18:57:13:599 DEBUG com.sinosoft.test.base.TestBase:76 - Trying to find Element By : By.name: GuMainShareHolderFlag
2020/07/14 18:57:13:659 DEBUG com.sinosoft.test.base.TestBase:80 - Found Element By : By.name: GuMainShareHolderFlag
2020/07/14 18:57:14:573 DEBUG com.sinosoft.test.base.TestBase:272 - 系统窗口【黄河财险业务系统】with handle -7daeec8a-f15e-4001-8a24-3e135f538192
2020/07/14 18:57:15:305 DEBUG com.sinosoft.test.base.TestBase:272 - 系统窗口【黄河财险业务系统】with handle -7daeec8a-f15e-4001-8a24-3e135f538192
2020/07/14 18:57:16:038 DEBUG com.sinosoft.test.base.TestBase:272 - 系统窗口【黄河财险业务系统】with handle -7daeec8a-f15e-4001-8a24-3e135f538192
2020/07/14 18:57:16:775 DEBUG com.sinosoft.test.base.TestBase:272 - 系统窗口【黄河财险业务系统】with handle -7daeec8a-f15e-4001-8a24-3e135f538192
2020/07/14 18:57:17:487 DEBUG com.sinosoft.test.base.TestBase:272 - 系统窗口【黄河财险业务系统】with handle -7daeec8a-f15e-4001-8a24-3e135f538192
2020/07/14 18:57:18:203 DEBUG com.sinosoft.test.base.TestBase:272 - 系统窗口【黄河财险业务系统】with handle -7daeec8a-f15e-4001-8a24-3e135f538192
2020/07/14 18:57:18:936 DEBUG com.sinosoft.test.base.TestBase:272 - 系统窗口【黄河财险业务系统】with handle -7daeec8a-f15e-4001-8a24-3e135f538192
2020/07/14 18:57:19:652 DEBUG com.sinosoft.test.base.TestBase:272 - 系统窗口【黄河财险业务系统】with handle -7daeec8a-f15e-4001-8a24-3e135f538192
2020/07/14 18:57:19:670 DEBUG com.sinosoft.test.base.TestBase:281 - 窗口切换异常:
org.openqa.selenium.TimeoutException: Expected condition failed: waiting for com.sinosoft.test.base.TestBase$4@55dfebeb (tried for 5 second(s) with 500 MILLISECONDS interval)
Build info: version: '3.9.0', revision: '698b3178f0', time: '2018-02-05T14:26:55.441Z'
System info: host: 'DESKTOP-I9S3ABE', ip: '100.100.99.142', os.name: 'Windows 10', os.arch: 'amd64', os.version: '10.0', java.version: '1.8.0_101'
Driver info: org.openqa.selenium.support.events.EventFiringWebDriver
Capabilities {acceptInsecureCerts: false, browserName: internet explorer, browserVersion: 11, javascriptEnabled: true, pageLoadStrategy: normal, platform: WINDOWS, platformName: WINDOWS, proxy: Proxy(), se:ieOptions: {browserAttachTimeout: 0, elementScrollBehavior: 0, enablePersistentHover: true, ie.browserCommandLineSwitches: , ie.ensureCleanSession: false, ie.fileUploadDialogTimeout: 3000, ie.forceCreateProcessApi: false, ignoreProtectedModeSettings: true, ignoreZoomSetting: false, initialBrowserUrl: http://localhost:38589/, nativeEvents: true, requireWindowFocus: false}, setWindowRect: true, timeouts: {implicit: 0, pageLoad: 300000, script: 30000}, unhandledPromptBehavior: ignore}
Session ID: c7868b77-891d-4c56-9cf9-4f68a90860ec
	at org.openqa.selenium.support.ui.WebDriverWait.timeoutException(WebDriverWait.java:82)
	at org.openqa.selenium.support.ui.FluentWait.until(FluentWait.java:231)
	at com.sinosoft.test.base.TestBase.navigateToWindowByTitle(TestBase.java:265)
	at com.sinosoft.test.fccp.common.FccbBase.CodeSelect(FccbBase.java:44)
	at com.sinosoft.test.fccp.tbcl.BasicInfoPage.inputSalesInfoAction(BasicInfoPage.java:348)
	at com.sinosoft.test.fccp.tbcl.BasicInfoPage.inputSalesInfoAction(BasicInfoPage.java:363)
	at com.sinosoft.testcases.fccb.TBGLTestCase.FCCB_TBCL(TBGLTestCase.java:96)
	at sun.reflect.NativeMethodAccessorImpl.invoke0(Native Method)
	at sun.reflect.NativeMethodAccessorImpl.invoke(NativeMethodAccessorImpl.java:62)
	at sun.reflect.DelegatingMethodAccessorImpl.invoke(DelegatingMethodAccessorImpl.java:43)
	at java.lang.reflect.Method.invoke(Method.java:498)
	at org.testng.internal.MethodInvocationHelper.invokeMethod(MethodInvocationHelper.java:108)
	at org.testng.internal.Invoker.invokeMethod(Invoker.java:661)
	at org.testng.internal.Invoker.invokeTestMethod(Invoker.java:869)
	at org.testng.internal.Invoker.invokeTestMethods(Invoker.java:1193)
	at org.testng.internal.TestMethodWorker.invokeTestMethods(TestMethodWorker.java:126)
	at org.testng.internal.TestMethodWorker.run(TestMethodWorker.java:109)
	at org.testng.TestRunner.privateRun(TestRunner.java:744)
	at org.testng.TestRunner.run(TestRunner.java:602)
	at org.testng.SuiteRunner.runTest(SuiteRunner.java:380)
	at org.testng.SuiteRunner.runSequentially(SuiteRunner.java:375)
	at org.testng.SuiteRunner.privateRun(SuiteRunner.java:340)
	at org.testng.SuiteRunner.run(SuiteRunner.java:289)
	at org.testng.SuiteRunnerWorker.runSuite(SuiteRunnerWorker.java:52)
	at org.testng.SuiteRunnerWorker.run(SuiteRunnerWorker.java:86)
	at org.testng.TestNG.runSuitesSequentially(TestNG.java:1301)
	at org.testng.TestNG.runSuitesLocally(TestNG.java:1226)
	at org.testng.TestNG.runSuites(TestNG.java:1144)
	at org.testng.TestNG.run(TestNG.java:1115)
	at org.apache.maven.surefire.testng.TestNGExecutor.run(TestNGExecutor.java:283)
	at org.apache.maven.surefire.testng.TestNGXmlTestSuite.execute(TestNGXmlTestSuite.java:75)
	at org.apache.maven.surefire.testng.TestNGProvider.invoke(TestNGProvider.java:120)
	at org.apache.maven.surefire.booter.ForkedBooter.invokeProviderInSameClassLoader(ForkedBooter.java:384)
	at org.apache.maven.surefire.booter.ForkedBooter.runSuitesInProcess(ForkedBooter.java:345)
	at org.apache.maven.surefire.booter.ForkedBooter.execute(ForkedBooter.java:126)
	at org.apache.maven.surefire.booter.ForkedBooter.main(ForkedBooter.java:418)
2020/07/14 18:57:19:671 DEBUG com.sinosoft.test.base.TestBase:69 - 初始化class com.sinosoft.test.fccp.common.CodeSelectPage
2020/07/14 18:57:19:672 DEBUG com.sinosoft.test.base.TestBase:39 - 基础码表选择！
2020/07/14 18:57:19:672 DEBUG com.sinosoft.test.base.TestBase:76 - Trying to find Element By : By.name: fieldValue
2020/07/14 18:57:21:944 DEBUG com.sinosoft.test.base.TestBase:66 - 系统自动捕获异常：Exception occured: org.openqa.selenium.NoSuchElementException: Unable to find element with css selector == *[name='fieldValue']
For documentation on this error, please visit: http://seleniumhq.org/exceptions/no_such_element.html
Build info: version: '3.9.0', revision: '698b3178f0', time: '2018-02-05T14:26:55.441Z'
System info: host: 'DESKTOP-I9S3ABE', ip: '100.100.99.142', os.name: 'Windows 10', os.arch: 'amd64', os.version: '10.0', java.version: '1.8.0_101'
Driver info: org.openqa.selenium.ie.InternetExplorerDriver
Capabilities {acceptInsecureCerts: false, browserName: internet explorer, browserVersion: 11, javascriptEnabled: true, pageLoadStrategy: normal, platform: WINDOWS, platformName: WINDOWS, proxy: Proxy(), se:ieOptions: {browserAttachTimeout: 0, elementScrollBehavior: 0, enablePersistentHover: true, ie.browserCommandLineSwitches: , ie.ensureCleanSession: false, ie.fileUploadDialogTimeout: 3000, ie.forceCreateProcessApi: false, ignoreProtectedModeSettings: true, ignoreZoomSetting: false, initialBrowserUrl: http://localhost:38589/, nativeEvents: true, requireWindowFocus: false}, setWindowRect: true, timeouts: {implicit: 0, pageLoad: 300000, script: 30000}, unhandledPromptBehavior: ignore}
Session ID: c7868b77-891d-4c56-9cf9-4f68a90860ec
*** Element info: {Using=name, value=fieldValue}
2020/07/14 18:57:21:945  INFO com.sinosoft.test.base.TestBase:68 - 异常的message 是：Unable to find element with css selector == *[name='fieldValue']
For documentation on this error, please visit: http://seleniumhq.org/exceptions/no_such_element.html
Build info: version: '3.9.0', revision: '698b3178f0', time: '2018-02-05T14:26:55.441Z'
System info: host: 'DESKTOP-I9S3ABE', ip: '100.100.99.142', os.name: 'Windows 10', os.arch: 'amd64', os.version: '10.0', java.version: '1.8.0_101'
Driver info: org.openqa.selenium.ie.InternetExplorerDriver
Capabilities {acceptInsecureCerts: false, browserName: internet explorer, browserVersion: 11, javascriptEnabled: true, pageLoadStrategy: normal, platform: WINDOWS, platformName: WINDOWS, proxy: Proxy(), se:ieOptions: {browserAttachTimeout: 0, elementScrollBehavior: 0, enablePersistentHover: true, ie.browserCommandLineSwitches: , ie.ensureCleanSession: false, ie.fileUploadDialogTimeout: 3000, ie.forceCreateProcessApi: false, ignoreProtectedModeSettings: true, ignoreZoomSetting: false, initialBrowserUrl: http://localhost:38589/, nativeEvents: true, requireWindowFocus: false}, setWindowRect: true, timeouts: {implicit: 0, pageLoad: 300000, script: 30000}, unhandledPromptBehavior: ignore}
Session ID: c7868b77-891d-4c56-9cf9-4f68a90860ec
*** Element info: {Using=name, value=fieldValue}
2020/07/14 18:57:21:949 DEBUG com.sinosoft.test.base.TestBase:76 - Trying to find Element By : By.name: fieldValue
2020/07/14 18:57:24:207 DEBUG com.sinosoft.test.base.TestBase:66 - 系统自动捕获异常：Exception occured: org.openqa.selenium.NoSuchElementException: Unable to find element with css selector == *[name='fieldValue']
For documentation on this error, please visit: http://seleniumhq.org/exceptions/no_such_element.html
Build info: version: '3.9.0', revision: '698b3178f0', time: '2018-02-05T14:26:55.441Z'
System info: host: 'DESKTOP-I9S3ABE', ip: '100.100.99.142', os.name: 'Windows 10', os.arch: 'amd64', os.version: '10.0', java.version: '1.8.0_101'
Driver info: org.openqa.selenium.ie.InternetExplorerDriver
Capabilities {acceptInsecureCerts: false, browserName: internet explorer, browserVersion: 11, javascriptEnabled: true, pageLoadStrategy: normal, platform: WINDOWS, platformName: WINDOWS, proxy: Proxy(), se:ieOptions: {browserAttachTimeout: 0, elementScrollBehavior: 0, enablePersistentHover: true, ie.browserCommandLineSwitches: , ie.ensureCleanSession: false, ie.fileUploadDialogTimeout: 3000, ie.forceCreateProcessApi: false, ignoreProtectedModeSettings: true, ignoreZoomSetting: false, initialBrowserUrl: http://localhost:38589/, nativeEvents: true, requireWindowFocus: false}, setWindowRect: true, timeouts: {implicit: 0, pageLoad: 300000, script: 30000}, unhandledPromptBehavior: ignore}
Session ID: c7868b77-891d-4c56-9cf9-4f68a90860ec
*** Element info: {Using=name, value=fieldValue}
2020/07/14 18:57:24:207  INFO com.sinosoft.test.base.TestBase:68 - 异常的message 是：Unable to find element with css selector == *[name='fieldValue']
For documentation on this error, please visit: http://seleniumhq.org/exceptions/no_such_element.html
Build info: version: '3.9.0', revision: '698b3178f0', time: '2018-02-05T14:26:55.441Z'
System info: host: 'DESKTOP-I9S3ABE', ip: '100.100.99.142', os.name: 'Windows 10', os.arch: 'amd64', os.version: '10.0', java.version: '1.8.0_101'
Driver info: org.openqa.selenium.ie.InternetExplorerDriver
Capabilities {acceptInsecureCerts: false, browserName: internet explorer, browserVersion: 11, javascriptEnabled: true, pageLoadStrategy: normal, platform: WINDOWS, platformName: WINDOWS, proxy: Proxy(), se:ieOptions: {browserAttachTimeout: 0, elementScrollBehavior: 0, enablePersistentHover: true, ie.browserCommandLineSwitches: , ie.ensureCleanSession: false, ie.fileUploadDialogTimeout: 3000, ie.forceCreateProcessApi: false, ignoreProtectedModeSettings: true, ignoreZoomSetting: false, initialBrowserUrl: http://localhost:38589/, nativeEvents: true, requireWindowFocus: false}, setWindowRect: true, timeouts: {implicit: 0, pageLoad: 300000, script: 30000}, unhandledPromptBehavior: ignore}
Session ID: c7868b77-891d-4c56-9cf9-4f68a90860ec
*** Element info: {Using=name, value=fieldValue}
2020/07/14 18:57:24:458 DEBUG com.sinosoft.test.base.TestBase:76 - Trying to find Element By : By.name: fieldValue
2020/07/14 18:57:26:723 DEBUG com.sinosoft.test.base.TestBase:66 - 系统自动捕获异常：Exception occured: org.openqa.selenium.NoSuchElementException: Unable to find element with css selector == *[name='fieldValue']
For documentation on this error, please visit: http://seleniumhq.org/exceptions/no_such_element.html
Build info: version: '3.9.0', revision: '698b3178f0', time: '2018-02-05T14:26:55.441Z'
System info: host: 'DESKTOP-I9S3ABE', ip: '100.100.99.142', os.name: 'Windows 10', os.arch: 'amd64', os.version: '10.0', java.version: '1.8.0_101'
Driver info: org.openqa.selenium.ie.InternetExplorerDriver
Capabilities {acceptInsecureCerts: false, browserName: internet explorer, browserVersion: 11, javascriptEnabled: true, pageLoadStrategy: normal, platform: WINDOWS, platformName: WINDOWS, proxy: Proxy(), se:ieOptions: {browserAttachTimeout: 0, elementScrollBehavior: 0, enablePersistentHover: true, ie.browserCommandLineSwitches: , ie.ensureCleanSession: false, ie.fileUploadDialogTimeout: 3000, ie.forceCreateProcessApi: false, ignoreProtectedModeSettings: true, ignoreZoomSetting: false, initialBrowserUrl: http://localhost:38589/, nativeEvents: true, requireWindowFocus: false}, setWindowRect: true, timeouts: {implicit: 0, pageLoad: 300000, script: 30000}, unhandledPromptBehavior: ignore}
Session ID: c7868b77-891d-4c56-9cf9-4f68a90860ec
*** Element info: {Using=name, value=fieldValue}
2020/07/14 18:57:26:724  INFO com.sinosoft.test.base.TestBase:68 - 异常的message 是：Unable to find element with css selector == *[name='fieldValue']
For documentation on this error, please visit: http://seleniumhq.org/exceptions/no_such_element.html
Build info: version: '3.9.0', revision: '698b3178f0', time: '2018-02-05T14:26:55.441Z'
System info: host: 'DESKTOP-I9S3ABE', ip: '100.100.99.142', os.name: 'Windows 10', os.arch: 'amd64', os.version: '10.0', java.version: '1.8.0_101'
Driver info: org.openqa.selenium.ie.InternetExplorerDriver
Capabilities {acceptInsecureCerts: false, browserName: internet explorer, browserVersion: 11, javascriptEnabled: true, pageLoadStrategy: normal, platform: WINDOWS, platformName: WINDOWS, proxy: Proxy(), se:ieOptions: {browserAttachTimeout: 0, elementScrollBehavior: 0, enablePersistentHover: true, ie.browserCommandLineSwitches: , ie.ensureCleanSession: false, ie.fileUploadDialogTimeout: 3000, ie.forceCreateProcessApi: false, ignoreProtectedModeSettings: true, ignoreZoomSetting: false, initialBrowserUrl: http://localhost:38589/, nativeEvents: true, requireWindowFocus: false}, setWindowRect: true, timeouts: {implicit: 0, pageLoad: 300000, script: 30000}, unhandledPromptBehavior: ignore}
Session ID: c7868b77-891d-4c56-9cf9-4f68a90860ec
*** Element info: {Using=name, value=fieldValue}
2020/07/14 18:57:26:974 DEBUG com.sinosoft.test.base.TestBase:76 - Trying to find Element By : By.name: fieldValue
2020/07/14 18:57:29:269 DEBUG com.sinosoft.test.base.TestBase:66 - 系统自动捕获异常：Exception occured: org.openqa.selenium.NoSuchElementException: Unable to find element with css selector == *[name='fieldValue']
For documentation on this error, please visit: http://seleniumhq.org/exceptions/no_such_element.html
Build info: version: '3.9.0', revision: '698b3178f0', time: '2018-02-05T14:26:55.441Z'
System info: host: 'DESKTOP-I9S3ABE', ip: '100.100.99.142', os.name: 'Windows 10', os.arch: 'amd64', os.version: '10.0', java.version: '1.8.0_101'
Driver info: org.openqa.selenium.ie.InternetExplorerDriver
Capabilities {acceptInsecureCerts: false, browserName: internet explorer, browserVersion: 11, javascriptEnabled: true, pageLoadStrategy: normal, platform: WINDOWS, platformName: WINDOWS, proxy: Proxy(), se:ieOptions: {browserAttachTimeout: 0, elementScrollBehavior: 0, enablePersistentHover: true, ie.browserCommandLineSwitches: , ie.ensureCleanSession: false, ie.fileUploadDialogTimeout: 3000, ie.forceCreateProcessApi: false, ignoreProtectedModeSettings: true, ignoreZoomSetting: false, initialBrowserUrl: http://localhost:38589/, nativeEvents: true, requireWindowFocus: false}, setWindowRect: true, timeouts: {implicit: 0, pageLoad: 300000, script: 30000}, unhandledPromptBehavior: ignore}
Session ID: c7868b77-891d-4c56-9cf9-4f68a90860ec
*** Element info: {Using=name, value=fieldValue}
2020/07/14 18:57:29:269  INFO com.sinosoft.test.base.TestBase:68 - 异常的message 是：Unable to find element with css selector == *[name='fieldValue']
For documentation on this error, please visit: http://seleniumhq.org/exceptions/no_such_element.html
Build info: version: '3.9.0', revision: '698b3178f0', time: '2018-02-05T14:26:55.441Z'
System info: host: 'DESKTOP-I9S3ABE', ip: '100.100.99.142', os.name: 'Windows 10', os.arch: 'amd64', os.version: '10.0', java.version: '1.8.0_101'
Driver info: org.openqa.selenium.ie.InternetExplorerDriver
Capabilities {acceptInsecureCerts: false, browserName: internet explorer, browserVersion: 11, javascriptEnabled: true, pageLoadStrategy: normal, platform: WINDOWS, platformName: WINDOWS, proxy: Proxy(), se:ieOptions: {browserAttachTimeout: 0, elementScrollBehavior: 0, enablePersistentHover: true, ie.browserCommandLineSwitches: , ie.ensureCleanSession: false, ie.fileUploadDialogTimeout: 3000, ie.forceCreateProcessApi: false, ignoreProtectedModeSettings: true, ignoreZoomSetting: false, initialBrowserUrl: http://localhost:38589/, nativeEvents: true, requireWindowFocus: false}, setWindowRect: true, timeouts: {implicit: 0, pageLoad: 300000, script: 30000}, unhandledPromptBehavior: ignore}
Session ID: c7868b77-891d-4c56-9cf9-4f68a90860ec
*** Element info: {Using=name, value=fieldValue}
2020/07/14 18:57:29:521 DEBUG com.sinosoft.test.base.TestBase:76 - Trying to find Element By : By.name: fieldValue
2020/07/14 18:57:32:240 DEBUG com.sinosoft.test.base.TestBase:66 - 系统自动捕获异常：Exception occured: org.openqa.selenium.NoSuchElementException: Unable to find element with css selector == *[name='fieldValue']
For documentation on this error, please visit: http://seleniumhq.org/exceptions/no_such_element.html
Build info: version: '3.9.0', revision: '698b3178f0', time: '2018-02-05T14:26:55.441Z'
System info: host: 'DESKTOP-I9S3ABE', ip: '100.100.99.142', os.name: 'Windows 10', os.arch: 'amd64', os.version: '10.0', java.version: '1.8.0_101'
Driver info: org.openqa.selenium.ie.InternetExplorerDriver
Capabilities {acceptInsecureCerts: false, browserName: internet explorer, browserVersion: 11, javascriptEnabled: true, pageLoadStrategy: normal, platform: WINDOWS, platformName: WINDOWS, proxy: Proxy(), se:ieOptions: {browserAttachTimeout: 0, elementScrollBehavior: 0, enablePersistentHover: true, ie.browserCommandLineSwitches: , ie.ensureCleanSession: false, ie.fileUploadDialogTimeout: 3000, ie.forceCreateProcessApi: false, ignoreProtectedModeSettings: true, ignoreZoomSetting: false, initialBrowserUrl: http://localhost:38589/, nativeEvents: true, requireWindowFocus: false}, setWindowRect: true, timeouts: {implicit: 0, pageLoad: 300000, script: 30000}, unhandledPromptBehavior: ignore}
Session ID: c7868b77-891d-4c56-9cf9-4f68a90860ec
*** Element info: {Using=name, value=fieldValue}
2020/07/14 18:57:32:242  INFO com.sinosoft.test.base.TestBase:68 - 异常的message 是：Unable to find element with css selector == *[name='fieldValue']
For documentation on this error, please visit: http://seleniumhq.org/exceptions/no_such_element.html
Build info: version: '3.9.0', revision: '698b3178f0', time: '2018-02-05T14:26:55.441Z'
System info: host: 'DESKTOP-I9S3ABE', ip: '100.100.99.142', os.name: 'Windows 10', os.arch: 'amd64', os.version: '10.0', java.version: '1.8.0_101'
Driver info: org.openqa.selenium.ie.InternetExplorerDriver
Capabilities {acceptInsecureCerts: false, browserName: internet explorer, browserVersion: 11, javascriptEnabled: true, pageLoadStrategy: normal, platform: WINDOWS, platformName: WINDOWS, proxy: Proxy(), se:ieOptions: {browserAttachTimeout: 0, elementScrollBehavior: 0, enablePersistentHover: true, ie.browserCommandLineSwitches: , ie.ensureCleanSession: false, ie.fileUploadDialogTimeout: 3000, ie.forceCreateProcessApi: false, ignoreProtectedModeSettings: true, ignoreZoomSetting: false, initialBrowserUrl: http://localhost:38589/, nativeEvents: true, requireWindowFocus: false}, setWindowRect: true, timeouts: {implicit: 0, pageLoad: 300000, script: 30000}, unhandledPromptBehavior: ignore}
Session ID: c7868b77-891d-4c56-9cf9-4f68a90860ec
*** Element info: {Using=name, value=fieldValue}
2020/07/14 18:57:32:494 DEBUG com.sinosoft.test.base.TestBase:76 - Trying to find Element By : By.name: fieldValue
2020/07/14 18:57:34:613 DEBUG com.sinosoft.test.base.TestBase:66 - 系统自动捕获异常：Exception occured: org.openqa.selenium.NoSuchElementException: Unable to find element with css selector == *[name='fieldValue']
For documentation on this error, please visit: http://seleniumhq.org/exceptions/no_such_element.html
Build info: version: '3.9.0', revision: '698b3178f0', time: '2018-02-05T14:26:55.441Z'
System info: host: 'DESKTOP-I9S3ABE', ip: '100.100.99.142', os.name: 'Windows 10', os.arch: 'amd64', os.version: '10.0', java.version: '1.8.0_101'
Driver info: org.openqa.selenium.ie.InternetExplorerDriver
Capabilities {acceptInsecureCerts: false, browserName: internet explorer, browserVersion: 11, javascriptEnabled: true, pageLoadStrategy: normal, platform: WINDOWS, platformName: WINDOWS, proxy: Proxy(), se:ieOptions: {browserAttachTimeout: 0, elementScrollBehavior: 0, enablePersistentHover: true, ie.browserCommandLineSwitches: , ie.ensureCleanSession: false, ie.fileUploadDialogTimeout: 3000, ie.forceCreateProcessApi: false, ignoreProtectedModeSettings: true, ignoreZoomSetting: false, initialBrowserUrl: http://localhost:38589/, nativeEvents: true, requireWindowFocus: false}, setWindowRect: true, timeouts: {implicit: 0, pageLoad: 300000, script: 30000}, unhandledPromptBehavior: ignore}
Session ID: c7868b77-891d-4c56-9cf9-4f68a90860ec
*** Element info: {Using=name, value=fieldValue}
2020/07/14 18:57:34:620  INFO com.sinosoft.test.base.TestBase:68 - 异常的message 是：Unable to find element with css selector == *[name='fieldValue']
For documentation on this error, please visit: http://seleniumhq.org/exceptions/no_such_element.html
Build info: version: '3.9.0', revision: '698b3178f0', time: '2018-02-05T14:26:55.441Z'
System info: host: 'DESKTOP-I9S3ABE', ip: '100.100.99.142', os.name: 'Windows 10', os.arch: 'amd64', os.version: '10.0', java.version: '1.8.0_101'
Driver info: org.openqa.selenium.ie.InternetExplorerDriver
Capabilities {acceptInsecureCerts: false, browserName: internet explorer, browserVersion: 11, javascriptEnabled: true, pageLoadStrategy: normal, platform: WINDOWS, platformName: WINDOWS, proxy: Proxy(), se:ieOptions: {browserAttachTimeout: 0, elementScrollBehavior: 0, enablePersistentHover: true, ie.browserCommandLineSwitches: , ie.ensureCleanSession: false, ie.fileUploadDialogTimeout: 3000, ie.forceCreateProcessApi: false, ignoreProtectedModeSettings: true, ignoreZoomSetting: false, initialBrowserUrl: http://localhost:38589/, nativeEvents: true, requireWindowFocus: false}, setWindowRect: true, timeouts: {implicit: 0, pageLoad: 300000, script: 30000}, unhandledPromptBehavior: ignore}
Session ID: c7868b77-891d-4c56-9cf9-4f68a90860ec
*** Element info: {Using=name, value=fieldValue}
2020/07/14 18:57:34:621  INFO com.sinosoft.test.base.TestBase:360 - setEditboxValue:Proxy element for: AjaxElementLocator 'By.name: fieldValue'：0
2020/07/14 18:57:34:622 DEBUG com.sinosoft.test.base.TestBase:76 - Trying to find Element By : By.name: fieldValue
2020/07/14 18:57:36:740 DEBUG com.sinosoft.test.base.TestBase:66 - 系统自动捕获异常：Exception occured: org.openqa.selenium.NoSuchElementException: Unable to find element with css selector == *[name='fieldValue']
For documentation on this error, please visit: http://seleniumhq.org/exceptions/no_such_element.html
Build info: version: '3.9.0', revision: '698b3178f0', time: '2018-02-05T14:26:55.441Z'
System info: host: 'DESKTOP-I9S3ABE', ip: '100.100.99.142', os.name: 'Windows 10', os.arch: 'amd64', os.version: '10.0', java.version: '1.8.0_101'
Driver info: org.openqa.selenium.ie.InternetExplorerDriver
Capabilities {acceptInsecureCerts: false, browserName: internet explorer, browserVersion: 11, javascriptEnabled: true, pageLoadStrategy: normal, platform: WINDOWS, platformName: WINDOWS, proxy: Proxy(), se:ieOptions: {browserAttachTimeout: 0, elementScrollBehavior: 0, enablePersistentHover: true, ie.browserCommandLineSwitches: , ie.ensureCleanSession: false, ie.fileUploadDialogTimeout: 3000, ie.forceCreateProcessApi: false, ignoreProtectedModeSettings: true, ignoreZoomSetting: false, initialBrowserUrl: http://localhost:38589/, nativeEvents: true, requireWindowFocus: false}, setWindowRect: true, timeouts: {implicit: 0, pageLoad: 300000, script: 30000}, unhandledPromptBehavior: ignore}
Session ID: c7868b77-891d-4c56-9cf9-4f68a90860ec
*** Element info: {Using=name, value=fieldValue}
2020/07/14 18:57:36:741  INFO com.sinosoft.test.base.TestBase:68 - 异常的message 是：Unable to find element with css selector == *[name='fieldValue']
For documentation on this error, please visit: http://seleniumhq.org/exceptions/no_such_element.html
Build info: version: '3.9.0', revision: '698b3178f0', time: '2018-02-05T14:26:55.441Z'
System info: host: 'DESKTOP-I9S3ABE', ip: '100.100.99.142', os.name: 'Windows 10', os.arch: 'amd64', os.version: '10.0', java.version: '1.8.0_101'
Driver info: org.openqa.selenium.ie.InternetExplorerDriver
Capabilities {acceptInsecureCerts: false, browserName: internet explorer, browserVersion: 11, javascriptEnabled: true, pageLoadStrategy: normal, platform: WINDOWS, platformName: WINDOWS, proxy: Proxy(), se:ieOptions: {browserAttachTimeout: 0, elementScrollBehavior: 0, enablePersistentHover: true, ie.browserCommandLineSwitches: , ie.ensureCleanSession: false, ie.fileUploadDialogTimeout: 3000, ie.forceCreateProcessApi: false, ignoreProtectedModeSettings: true, ignoreZoomSetting: false, initialBrowserUrl: http://localhost:38589/, nativeEvents: true, requireWindowFocus: false}, setWindowRect: true, timeouts: {implicit: 0, pageLoad: 300000, script: 30000}, unhandledPromptBehavior: ignore}
Session ID: c7868b77-891d-4c56-9cf9-4f68a90860ec
*** Element info: {Using=name, value=fieldValue}
2020/07/14 18:57:36:742 DEBUG com.sinosoft.test.base.TestBase:76 - Trying to find Element By : By.name: fieldValue
2020/07/14 18:57:39:168 DEBUG com.sinosoft.test.base.TestBase:66 - 系统自动捕获异常：Exception occured: org.openqa.selenium.NoSuchElementException: Unable to find element with css selector == *[name='fieldValue']
For documentation on this error, please visit: http://seleniumhq.org/exceptions/no_such_element.html
Build info: version: '3.9.0', revision: '698b3178f0', time: '2018-02-05T14:26:55.441Z'
System info: host: 'DESKTOP-I9S3ABE', ip: '100.100.99.142', os.name: 'Windows 10', os.arch: 'amd64', os.version: '10.0', java.version: '1.8.0_101'
Driver info: org.openqa.selenium.ie.InternetExplorerDriver
Capabilities {acceptInsecureCerts: false, browserName: internet explorer, browserVersion: 11, javascriptEnabled: true, pageLoadStrategy: normal, platform: WINDOWS, platformName: WINDOWS, proxy: Proxy(), se:ieOptions: {browserAttachTimeout: 0, elementScrollBehavior: 0, enablePersistentHover: true, ie.browserCommandLineSwitches: , ie.ensureCleanSession: false, ie.fileUploadDialogTimeout: 3000, ie.forceCreateProcessApi: false, ignoreProtectedModeSettings: true, ignoreZoomSetting: false, initialBrowserUrl: http://localhost:38589/, nativeEvents: true, requireWindowFocus: false}, setWindowRect: true, timeouts: {implicit: 0, pageLoad: 300000, script: 30000}, unhandledPromptBehavior: ignore}
Session ID: c7868b77-891d-4c56-9cf9-4f68a90860ec
*** Element info: {Using=name, value=fieldValue}
2020/07/14 18:57:39:171  INFO com.sinosoft.test.base.TestBase:68 - 异常的message 是：Unable to find element with css selector == *[name='fieldValue']
For documentation on this error, please visit: http://seleniumhq.org/exceptions/no_such_element.html
Build info: version: '3.9.0', revision: '698b3178f0', time: '2018-02-05T14:26:55.441Z'
System info: host: 'DESKTOP-I9S3ABE', ip: '100.100.99.142', os.name: 'Windows 10', os.arch: 'amd64', os.version: '10.0', java.version: '1.8.0_101'
Driver info: org.openqa.selenium.ie.InternetExplorerDriver
Capabilities {acceptInsecureCerts: false, browserName: internet explorer, browserVersion: 11, javascriptEnabled: true, pageLoadStrategy: normal, platform: WINDOWS, platformName: WINDOWS, proxy: Proxy(), se:ieOptions: {browserAttachTimeout: 0, elementScrollBehavior: 0, enablePersistentHover: true, ie.browserCommandLineSwitches: , ie.ensureCleanSession: false, ie.fileUploadDialogTimeout: 3000, ie.forceCreateProcessApi: false, ignoreProtectedModeSettings: true, ignoreZoomSetting: false, initialBrowserUrl: http://localhost:38589/, nativeEvents: true, requireWindowFocus: false}, setWindowRect: true, timeouts: {implicit: 0, pageLoad: 300000, script: 30000}, unhandledPromptBehavior: ignore}
Session ID: c7868b77-891d-4c56-9cf9-4f68a90860ec
*** Element info: {Using=name, value=fieldValue}
2020/07/14 18:57:39:422 DEBUG com.sinosoft.test.base.TestBase:76 - Trying to find Element By : By.name: fieldValue
2020/07/14 18:57:41:685 DEBUG com.sinosoft.test.base.TestBase:66 - 系统自动捕获异常：Exception occured: org.openqa.selenium.NoSuchElementException: Unable to find element with css selector == *[name='fieldValue']
For documentation on this error, please visit: http://seleniumhq.org/exceptions/no_such_element.html
Build info: version: '3.9.0', revision: '698b3178f0', time: '2018-02-05T14:26:55.441Z'
System info: host: 'DESKTOP-I9S3ABE', ip: '100.100.99.142', os.name: 'Windows 10', os.arch: 'amd64', os.version: '10.0', java.version: '1.8.0_101'
Driver info: org.openqa.selenium.ie.InternetExplorerDriver
Capabilities {acceptInsecureCerts: false, browserName: internet explorer, browserVersion: 11, javascriptEnabled: true, pageLoadStrategy: normal, platform: WINDOWS, platformName: WINDOWS, proxy: Proxy(), se:ieOptions: {browserAttachTimeout: 0, elementScrollBehavior: 0, enablePersistentHover: true, ie.browserCommandLineSwitches: , ie.ensureCleanSession: false, ie.fileUploadDialogTimeout: 3000, ie.forceCreateProcessApi: false, ignoreProtectedModeSettings: true, ignoreZoomSetting: false, initialBrowserUrl: http://localhost:38589/, nativeEvents: true, requireWindowFocus: false}, setWindowRect: true, timeouts: {implicit: 0, pageLoad: 300000, script: 30000}, unhandledPromptBehavior: ignore}
Session ID: c7868b77-891d-4c56-9cf9-4f68a90860ec
*** Element info: {Using=name, value=fieldValue}
2020/07/14 18:57:41:685  INFO com.sinosoft.test.base.TestBase:68 - 异常的message 是：Unable to find element with css selector == *[name='fieldValue']
For documentation on this error, please visit: http://seleniumhq.org/exceptions/no_such_element.html
Build info: version: '3.9.0', revision: '698b3178f0', time: '2018-02-05T14:26:55.441Z'
System info: host: 'DESKTOP-I9S3ABE', ip: '100.100.99.142', os.name: 'Windows 10', os.arch: 'amd64', os.version: '10.0', java.version: '1.8.0_101'
Driver info: org.openqa.selenium.ie.InternetExplorerDriver
Capabilities {acceptInsecureCerts: false, browserName: internet explorer, browserVersion: 11, javascriptEnabled: true, pageLoadStrategy: normal, platform: WINDOWS, platformName: WINDOWS, proxy: Proxy(), se:ieOptions: {browserAttachTimeout: 0, elementScrollBehavior: 0, enablePersistentHover: true, ie.browserCommandLineSwitches: , ie.ensureCleanSession: false, ie.fileUploadDialogTimeout: 3000, ie.forceCreateProcessApi: false, ignoreProtectedModeSettings: true, ignoreZoomSetting: false, initialBrowserUrl: http://localhost:38589/, nativeEvents: true, requireWindowFocus: false}, setWindowRect: true, timeouts: {implicit: 0, pageLoad: 300000, script: 30000}, unhandledPromptBehavior: ignore}
Session ID: c7868b77-891d-4c56-9cf9-4f68a90860ec
*** Element info: {Using=name, value=fieldValue}
2020/07/14 18:57:41:936 DEBUG com.sinosoft.test.base.TestBase:76 - Trying to find Element By : By.name: fieldValue
2020/07/14 18:57:44:224 DEBUG com.sinosoft.test.base.TestBase:66 - 系统自动捕获异常：Exception occured: org.openqa.selenium.NoSuchElementException: Unable to find element with css selector == *[name='fieldValue']
For documentation on this error, please visit: http://seleniumhq.org/exceptions/no_such_element.html
Build info: version: '3.9.0', revision: '698b3178f0', time: '2018-02-05T14:26:55.441Z'
System info: host: 'DESKTOP-I9S3ABE', ip: '100.100.99.142', os.name: 'Windows 10', os.arch: 'amd64', os.version: '10.0', java.version: '1.8.0_101'
Driver info: org.openqa.selenium.ie.InternetExplorerDriver
Capabilities {acceptInsecureCerts: false, browserName: internet explorer, browserVersion: 11, javascriptEnabled: true, pageLoadStrategy: normal, platform: WINDOWS, platformName: WINDOWS, proxy: Proxy(), se:ieOptions: {browserAttachTimeout: 0, elementScrollBehavior: 0, enablePersistentHover: true, ie.browserCommandLineSwitches: , ie.ensureCleanSession: false, ie.fileUploadDialogTimeout: 3000, ie.forceCreateProcessApi: false, ignoreProtectedModeSettings: true, ignoreZoomSetting: false, initialBrowserUrl: http://localhost:38589/, nativeEvents: true, requireWindowFocus: false}, setWindowRect: true, timeouts: {implicit: 0, pageLoad: 300000, script: 30000}, unhandledPromptBehavior: ignore}
Session ID: c7868b77-891d-4c56-9cf9-4f68a90860ec
*** Element info: {Using=name, value=fieldValue}
2020/07/14 18:57:44:225  INFO com.sinosoft.test.base.TestBase:68 - 异常的message 是：Unable to find element with css selector == *[name='fieldValue']
For documentation on this error, please visit: http://seleniumhq.org/exceptions/no_such_element.html
Build info: version: '3.9.0', revision: '698b3178f0', time: '2018-02-05T14:26:55.441Z'
System info: host: 'DESKTOP-I9S3ABE', ip: '100.100.99.142', os.name: 'Windows 10', os.arch: 'amd64', os.version: '10.0', java.version: '1.8.0_101'
Driver info: org.openqa.selenium.ie.InternetExplorerDriver
Capabilities {acceptInsecureCerts: false, browserName: internet explorer, browserVersion: 11, javascriptEnabled: true, pageLoadStrategy: normal, platform: WINDOWS, platformName: WINDOWS, proxy: Proxy(), se:ieOptions: {browserAttachTimeout: 0, elementScrollBehavior: 0, enablePersistentHover: true, ie.browserCommandLineSwitches: , ie.ensureCleanSession: false, ie.fileUploadDialogTimeout: 3000, ie.forceCreateProcessApi: false, ignoreProtectedModeSettings: true, ignoreZoomSetting: false, initialBrowserUrl: http://localhost:38589/, nativeEvents: true, requireWindowFocus: false}, setWindowRect: true, timeouts: {implicit: 0, pageLoad: 300000, script: 30000}, unhandledPromptBehavior: ignore}
Session ID: c7868b77-891d-4c56-9cf9-4f68a90860ec
*** Element info: {Using=name, value=fieldValue}
2020/07/14 18:57:44:477 DEBUG com.sinosoft.test.base.TestBase:76 - Trying to find Element By : By.name: fieldValue
2020/07/14 18:57:44:495 DEBUG com.sinosoft.test.base.TestBase:66 - 系统自动捕获异常：Exception occured: org.openqa.selenium.NoSuchWindowException: Currently focused window has been closed.
Build info: version: '3.9.0', revision: '698b3178f0', time: '2018-02-05T14:26:55.441Z'
System info: host: 'DESKTOP-I9S3ABE', ip: '100.100.99.142', os.name: 'Windows 10', os.arch: 'amd64', os.version: '10.0', java.version: '1.8.0_101'
Driver info: org.openqa.selenium.ie.InternetExplorerDriver
Capabilities {acceptInsecureCerts: false, browserName: internet explorer, browserVersion: 11, javascriptEnabled: true, pageLoadStrategy: normal, platform: WINDOWS, platformName: WINDOWS, proxy: Proxy(), se:ieOptions: {browserAttachTimeout: 0, elementScrollBehavior: 0, enablePersistentHover: true, ie.browserCommandLineSwitches: , ie.ensureCleanSession: false, ie.fileUploadDialogTimeout: 3000, ie.forceCreateProcessApi: false, ignoreProtectedModeSettings: true, ignoreZoomSetting: false, initialBrowserUrl: http://localhost:38589/, nativeEvents: true, requireWindowFocus: false}, setWindowRect: true, timeouts: {implicit: 0, pageLoad: 300000, script: 30000}, unhandledPromptBehavior: ignore}
Session ID: c7868b77-891d-4c56-9cf9-4f68a90860ec
*** Element info: {Using=name, value=fieldValue}
2020/07/14 18:57:44:496  INFO com.sinosoft.test.base.TestBase:68 - 异常的message 是：Currently focused window has been closed.
Build info: version: '3.9.0', revision: '698b3178f0', time: '2018-02-05T14:26:55.441Z'
System info: host: 'DESKTOP-I9S3ABE', ip: '100.100.99.142', os.name: 'Windows 10', os.arch: 'amd64', os.version: '10.0', java.version: '1.8.0_101'
Driver info: org.openqa.selenium.ie.InternetExplorerDriver
Capabilities {acceptInsecureCerts: false, browserName: internet explorer, browserVersion: 11, javascriptEnabled: true, pageLoadStrategy: normal, platform: WINDOWS, platformName: WINDOWS, proxy: Proxy(), se:ieOptions: {browserAttachTimeout: 0, elementScrollBehavior: 0, enablePersistentHover: true, ie.browserCommandLineSwitches: , ie.ensureCleanSession: false, ie.fileUploadDialogTimeout: 3000, ie.forceCreateProcessApi: false, ignoreProtectedModeSettings: true, ignoreZoomSetting: false, initialBrowserUrl: http://localhost:38589/, nativeEvents: true, requireWindowFocus: false}, setWindowRect: true, timeouts: {implicit: 0, pageLoad: 300000, script: 30000}, unhandledPromptBehavior: ignore}
Session ID: c7868b77-891d-4c56-9cf9-4f68a90860ec
*** Element info: {Using=name, value=fieldValue}
2020/07/14 18:57:44:497  INFO com.sinosoft.test.base.TestBase:129 - 执行测试用例发生了异常，开始截屏
org.openqa.selenium.NoSuchWindowException: Currently focused window has been closed.
Build info: version: '3.9.0', revision: '698b3178f0', time: '2018-02-05T14:26:55.441Z'
System info: host: 'DESKTOP-I9S3ABE', ip: '100.100.99.142', os.name: 'Windows 10', os.arch: 'amd64', os.version: '10.0', java.version: '1.8.0_101'
Driver info: org.openqa.selenium.ie.InternetExplorerDriver
Capabilities {acceptInsecureCerts: false, browserName: internet explorer, browserVersion: 11, javascriptEnabled: true, pageLoadStrategy: normal, platform: WINDOWS, platformName: WINDOWS, proxy: Proxy(), se:ieOptions: {browserAttachTimeout: 0, elementScrollBehavior: 0, enablePersistentHover: true, ie.browserCommandLineSwitches: , ie.ensureCleanSession: false, ie.fileUploadDialogTimeout: 3000, ie.forceCreateProcessApi: false, ignoreProtectedModeSettings: true, ignoreZoomSetting: false, initialBrowserUrl: http://localhost:38589/, nativeEvents: true, requireWindowFocus: false}, setWindowRect: true, timeouts: {implicit: 0, pageLoad: 300000, script: 30000}, unhandledPromptBehavior: ignore}
Session ID: c7868b77-891d-4c56-9cf9-4f68a90860ec
*** Element info: {Using=name, value=fieldValue}
	at sun.reflect.NativeConstructorAccessorImpl.newInstance0(Native Method)
	at sun.reflect.NativeConstructorAccessorImpl.newInstance(NativeConstructorAccessorImpl.java:62)
	at sun.reflect.DelegatingConstructorAccessorImpl.newInstance(DelegatingConstructorAccessorImpl.java:45)
	at java.lang.reflect.Constructor.newInstance(Constructor.java:423)
	at org.openqa.selenium.remote.http.W3CHttpResponseCodec.createException(W3CHttpResponseCodec.java:187)
	at org.openqa.selenium.remote.http.W3CHttpResponseCodec.decode(W3CHttpResponseCodec.java:122)
	at org.openqa.selenium.remote.http.W3CHttpResponseCodec.decode(W3CHttpResponseCodec.java:49)
	at org.openqa.selenium.remote.HttpCommandExecutor.execute(HttpCommandExecutor.java:160)
	at org.openqa.selenium.remote.service.DriverCommandExecutor.execute(DriverCommandExecutor.java:83)
	at org.openqa.selenium.remote.RemoteWebDriver.execute(RemoteWebDriver.java:601)
	at org.openqa.selenium.remote.RemoteWebDriver.findElement(RemoteWebDriver.java:371)
	at org.openqa.selenium.remote.RemoteWebDriver.findElementByName(RemoteWebDriver.java:449)
	at org.openqa.selenium.By$ByName.findElement(By.java:303)
	at org.openqa.selenium.remote.RemoteWebDriver.findElement(RemoteWebDriver.java:363)
	at sun.reflect.GeneratedMethodAccessor3.invoke(Unknown Source)
	at sun.reflect.DelegatingMethodAccessorImpl.invoke(DelegatingMethodAccessorImpl.java:43)
	at java.lang.reflect.Method.invoke(Method.java:498)
	at org.openqa.selenium.support.events.EventFiringWebDriver$2.invoke(EventFiringWebDriver.java:108)
	at com.sun.proxy.$Proxy8.findElement(Unknown Source)
	at org.openqa.selenium.support.events.EventFiringWebDriver.findElement(EventFiringWebDriver.java:192)
	at org.openqa.selenium.support.pagefactory.DefaultElementLocator.findElement(DefaultElementLocator.java:69)
	at org.openqa.selenium.support.pagefactory.AjaxElementLocator.access$001(AjaxElementLocator.java:41)
	at org.openqa.selenium.support.pagefactory.AjaxElementLocator$SlowLoadingElement.isLoaded(AjaxElementLocator.java:157)
	at org.openqa.selenium.support.ui.SlowLoadableComponent.get(SlowLoadableComponent.java:58)
	at org.openqa.selenium.support.pagefactory.AjaxElementLocator.findElement(AjaxElementLocator.java:87)
	at org.openqa.selenium.support.pagefactory.internal.LocatingElementHandler.invoke(LocatingElementHandler.java:38)
	at com.sun.proxy.$Proxy12.clear(Unknown Source)
	at com.sinosoft.test.base.TestBase.setEditboxValue(TestBase.java:361)
	at com.sinosoft.test.fccp.common.CodeSelectPage.selectByCodes(CodeSelectPage.java:45)
	at com.sinosoft.test.fccp.common.FccbBase.CodeSelect(FccbBase.java:46)
	at com.sinosoft.test.fccp.tbcl.BasicInfoPage.inputSalesInfoAction(BasicInfoPage.java:348)
	at com.sinosoft.test.fccp.tbcl.BasicInfoPage.inputSalesInfoAction(BasicInfoPage.java:363)
	at com.sinosoft.testcases.fccb.TBGLTestCase.FCCB_TBCL(TBGLTestCase.java:96)
	at sun.reflect.NativeMethodAccessorImpl.invoke0(Native Method)
	at sun.reflect.NativeMethodAccessorImpl.invoke(NativeMethodAccessorImpl.java:62)
	at sun.reflect.DelegatingMethodAccessorImpl.invoke(DelegatingMethodAccessorImpl.java:43)
	at java.lang.reflect.Method.invoke(Method.java:498)
	at org.testng.internal.MethodInvocationHelper.invokeMethod(MethodInvocationHelper.java:108)
	at org.testng.internal.Invoker.invokeMethod(Invoker.java:661)
	at org.testng.internal.Invoker.invokeTestMethod(Invoker.java:869)
	at org.testng.internal.Invoker.invokeTestMethods(Invoker.java:1193)
	at org.testng.internal.TestMethodWorker.invokeTestMethods(TestMethodWorker.java:126)
	at org.testng.internal.TestMethodWorker.run(TestMethodWorker.java:109)
	at org.testng.TestRunner.privateRun(TestRunner.java:744)
	at org.testng.TestRunner.run(TestRunner.java:602)
	at org.testng.SuiteRunner.runTest(SuiteRunner.java:380)
	at org.testng.SuiteRunner.runSequentially(SuiteRunner.java:375)
	at org.testng.SuiteRunner.privateRun(SuiteRunner.java:340)
	at org.testng.SuiteRunner.run(SuiteRunner.java:289)
	at org.testng.SuiteRunnerWorker.runSuite(SuiteRunnerWorker.java:52)
	at org.testng.SuiteRunnerWorker.run(SuiteRunnerWorker.java:86)
	at org.testng.TestNG.runSuitesSequentially(TestNG.java:1301)
	at org.testng.TestNG.runSuitesLocally(TestNG.java:1226)
	at org.testng.TestNG.runSuites(TestNG.java:1144)
	at org.testng.TestNG.run(TestNG.java:1115)
	at org.apache.maven.surefire.testng.TestNGExecutor.run(TestNGExecutor.java:283)
	at org.apache.maven.surefire.testng.TestNGXmlTestSuite.execute(TestNGXmlTestSuite.java:75)
	at org.apache.maven.surefire.testng.TestNGProvider.invoke(TestNGProvider.java:120)
	at org.apache.maven.surefire.booter.ForkedBooter.invokeProviderInSameClassLoader(ForkedBooter.java:384)
	at org.apache.maven.surefire.booter.ForkedBooter.runSuitesInProcess(ForkedBooter.java:345)
	at org.apache.maven.surefire.booter.ForkedBooter.execute(ForkedBooter.java:126)
	at org.apache.maven.surefire.booter.ForkedBooter.main(ForkedBooter.java:418)
2020/07/14 18:57:44:499 DEBUG com.sinosoft.test.base.TestBase:88 - 截屏文件名字是：FCCB_TB_JCX_1_异常截屏
2020/07/14 18:57:44:514 DEBUG com.sinosoft.test.base.TestBase:66 - 系统自动捕获异常：Exception occured: org.openqa.selenium.NoSuchWindowException: Unable to get browser
Build info: version: '3.9.0', revision: '698b3178f0', time: '2018-02-05T14:26:55.441Z'
System info: host: 'DESKTOP-I9S3ABE', ip: '100.100.99.142', os.name: 'Windows 10', os.arch: 'amd64', os.version: '10.0', java.version: '1.8.0_101'
Driver info: org.openqa.selenium.ie.InternetExplorerDriver
Capabilities {acceptInsecureCerts: false, browserName: internet explorer, browserVersion: 11, javascriptEnabled: true, pageLoadStrategy: normal, platform: WINDOWS, platformName: WINDOWS, proxy: Proxy(), se:ieOptions: {browserAttachTimeout: 0, elementScrollBehavior: 0, enablePersistentHover: true, ie.browserCommandLineSwitches: , ie.ensureCleanSession: false, ie.fileUploadDialogTimeout: 3000, ie.forceCreateProcessApi: false, ignoreProtectedModeSettings: true, ignoreZoomSetting: false, initialBrowserUrl: http://localhost:38589/, nativeEvents: true, requireWindowFocus: false}, setWindowRect: true, timeouts: {implicit: 0, pageLoad: 300000, script: 30000}, unhandledPromptBehavior: ignore}
Session ID: c7868b77-891d-4c56-9cf9-4f68a90860ec
2020/07/14 18:57:44:516  INFO com.sinosoft.test.base.TestBase:68 - 异常的message 是：Unable to get browser
Build info: version: '3.9.0', revision: '698b3178f0', time: '2018-02-05T14:26:55.441Z'
System info: host: 'DESKTOP-I9S3ABE', ip: '100.100.99.142', os.name: 'Windows 10', os.arch: 'amd64', os.version: '10.0', java.version: '1.8.0_101'
Driver info: org.openqa.selenium.ie.InternetExplorerDriver
Capabilities {acceptInsecureCerts: false, browserName: internet explorer, browserVersion: 11, javascriptEnabled: true, pageLoadStrategy: normal, platform: WINDOWS, platformName: WINDOWS, proxy: Proxy(), se:ieOptions: {browserAttachTimeout: 0, elementScrollBehavior: 0, enablePersistentHover: true, ie.browserCommandLineSwitches: , ie.ensureCleanSession: false, ie.fileUploadDialogTimeout: 3000, ie.forceCreateProcessApi: false, ignoreProtectedModeSettings: true, ignoreZoomSetting: false, initialBrowserUrl: http://localhost:38589/, nativeEvents: true, requireWindowFocus: false}, setWindowRect: true, timeouts: {implicit: 0, pageLoad: 300000, script: 30000}, unhandledPromptBehavior: ignore}
Session ID: c7868b77-891d-4c56-9cf9-4f68a90860ec
2020/07/14 18:57:44:517 ERROR com.sinosoft.test.base.TestBase:94 - 浏览截屏失败：
org.openqa.selenium.NoSuchWindowException: Unable to get browser
Build info: version: '3.9.0', revision: '698b3178f0', time: '2018-02-05T14:26:55.441Z'
System info: host: 'DESKTOP-I9S3ABE', ip: '100.100.99.142', os.name: 'Windows 10', os.arch: 'amd64', os.version: '10.0', java.version: '1.8.0_101'
Driver info: org.openqa.selenium.ie.InternetExplorerDriver
Capabilities {acceptInsecureCerts: false, browserName: internet explorer, browserVersion: 11, javascriptEnabled: true, pageLoadStrategy: normal, platform: WINDOWS, platformName: WINDOWS, proxy: Proxy(), se:ieOptions: {browserAttachTimeout: 0, elementScrollBehavior: 0, enablePersistentHover: true, ie.browserCommandLineSwitches: , ie.ensureCleanSession: false, ie.fileUploadDialogTimeout: 3000, ie.forceCreateProcessApi: false, ignoreProtectedModeSettings: true, ignoreZoomSetting: false, initialBrowserUrl: http://localhost:38589/, nativeEvents: true, requireWindowFocus: false}, setWindowRect: true, timeouts: {implicit: 0, pageLoad: 300000, script: 30000}, unhandledPromptBehavior: ignore}
Session ID: c7868b77-891d-4c56-9cf9-4f68a90860ec
	at sun.reflect.NativeConstructorAccessorImpl.newInstance0(Native Method)
	at sun.reflect.NativeConstructorAccessorImpl.newInstance(NativeConstructorAccessorImpl.java:62)
	at sun.reflect.DelegatingConstructorAccessorImpl.newInstance(DelegatingConstructorAccessorImpl.java:45)
	at java.lang.reflect.Constructor.newInstance(Constructor.java:423)
	at org.openqa.selenium.remote.http.W3CHttpResponseCodec.createException(W3CHttpResponseCodec.java:187)
	at org.openqa.selenium.remote.http.W3CHttpResponseCodec.decode(W3CHttpResponseCodec.java:122)
	at org.openqa.selenium.remote.http.W3CHttpResponseCodec.decode(W3CHttpResponseCodec.java:49)
	at org.openqa.selenium.remote.HttpCommandExecutor.execute(HttpCommandExecutor.java:160)
	at org.openqa.selenium.remote.service.DriverCommandExecutor.execute(DriverCommandExecutor.java:83)
	at org.openqa.selenium.remote.RemoteWebDriver.execute(RemoteWebDriver.java:601)
	at org.openqa.selenium.remote.RemoteWebDriver.execute(RemoteWebDriver.java:658)
	at org.openqa.selenium.ie.InternetExplorerDriver.getScreenshotAs(InternetExplorerDriver.java:235)
	at sun.reflect.NativeMethodAccessorImpl.invoke0(Native Method)
	at sun.reflect.NativeMethodAccessorImpl.invoke(NativeMethodAccessorImpl.java:62)
	at sun.reflect.DelegatingMethodAccessorImpl.invoke(DelegatingMethodAccessorImpl.java:43)
	at java.lang.reflect.Method.invoke(Method.java:498)
	at org.openqa.selenium.support.events.EventFiringWebDriver$2.invoke(EventFiringWebDriver.java:108)
	at com.sun.proxy.$Proxy8.getScreenshotAs(Unknown Source)
	at org.openqa.selenium.support.events.EventFiringWebDriver.getScreenshotAs(EventFiringWebDriver.java:291)
	at com.sinosoft.test.util.TestUtil.takeScreenshot(TestUtil.java:89)
	at com.sinosoft.testcases.fccb.TBGLTestCase.FCCB_TBCL(TBGLTestCase.java:130)
	at sun.reflect.NativeMethodAccessorImpl.invoke0(Native Method)
	at sun.reflect.NativeMethodAccessorImpl.invoke(NativeMethodAccessorImpl.java:62)
	at sun.reflect.DelegatingMethodAccessorImpl.invoke(DelegatingMethodAccessorImpl.java:43)
	at java.lang.reflect.Method.invoke(Method.java:498)
	at org.testng.internal.MethodInvocationHelper.invokeMethod(MethodInvocationHelper.java:108)
	at org.testng.internal.Invoker.invokeMethod(Invoker.java:661)
	at org.testng.internal.Invoker.invokeTestMethod(Invoker.java:869)
	at org.testng.internal.Invoker.invokeTestMethods(Invoker.java:1193)
	at org.testng.internal.TestMethodWorker.invokeTestMethods(TestMethodWorker.java:126)
	at org.testng.internal.TestMethodWorker.run(TestMethodWorker.java:109)
	at org.testng.TestRunner.privateRun(TestRunner.java:744)
	at org.testng.TestRunner.run(TestRunner.java:602)
	at org.testng.SuiteRunner.runTest(SuiteRunner.java:380)
	at org.testng.SuiteRunner.runSequentially(SuiteRunner.java:375)
	at org.testng.SuiteRunner.privateRun(SuiteRunner.java:340)
	at org.testng.SuiteRunner.run(SuiteRunner.java:289)
	at org.testng.SuiteRunnerWorker.runSuite(SuiteRunnerWorker.java:52)
	at org.testng.SuiteRunnerWorker.run(SuiteRunnerWorker.java:86)
	at org.testng.TestNG.runSuitesSequentially(TestNG.java:1301)
	at org.testng.TestNG.runSuitesLocally(TestNG.java:1226)
	at org.testng.TestNG.runSuites(TestNG.java:1144)
	at org.testng.TestNG.run(TestNG.java:1115)
	at org.apache.maven.surefire.testng.TestNGExecutor.run(TestNGExecutor.java:283)
	at org.apache.maven.surefire.testng.TestNGXmlTestSuite.execute(TestNGXmlTestSuite.java:75)
	at org.apache.maven.surefire.testng.TestNGProvider.invoke(TestNGProvider.java:120)
	at org.apache.maven.surefire.booter.ForkedBooter.invokeProviderInSameClassLoader(ForkedBooter.java:384)
	at org.apache.maven.surefire.booter.ForkedBooter.runSuitesInProcess(ForkedBooter.java:345)
	at org.apache.maven.surefire.booter.ForkedBooter.execute(ForkedBooter.java:126)
	at org.apache.maven.surefire.booter.ForkedBooter.main(ForkedBooter.java:418)
2020/07/14 18:57:44:519  INFO com.sinosoft.test.base.TestBase:133 - 执行测试用例发生了异常，截屏结束！
2020/07/14 18:57:44:521  INFO com.sinosoft.test.base.TestBase:136 - 进入Finally事件:RowID:2
2020/07/14 18:57:44:522  INFO com.sinosoft.test.base.TestBase:137 - 进入Finally事件:testCaseName:FCCB_TBCL
2020/07/14 18:57:44:522  INFO com.sinosoft.test.base.TestBase:138 - 进入Finally事件:proposalNumber:06201900101202000000000085
2020/07/14 18:57:44:523  INFO com.sinosoft.test.base.TestBase:139 - 进入Finally事件:message:未知异常Currently focused window has been closed.
Build info: version: '3.9.0', revision: '698b3178f0', time: '2018-02-05T14:26:55.441Z'
System info: host: 'DESKTOP-I9S3ABE', ip: '100.100.99.142', os.name: 'Windows 10', os.arch: 'amd64', os.version: '10.0', java.version: '1.8.0_101'
Driver info: org.openqa.selenium.ie.InternetExplorerDriver
Capabilities {acceptInsecureCerts: false, browserName: internet explorer, browserVersion: 11, javascriptEnabled: true, pageLoadStrategy: normal, platform: WINDOWS, platformName: WINDOWS, proxy: Proxy(), se:ieOptions: {browserAttachTimeout: 0, elementScrollBehavior: 0, enablePersistentHover: true, ie.browserCommandLineSwitches: , ie.ensureCleanSession: false, ie.fileUploadDialogTimeout: 3000, ie.forceCreateProcessApi: false, ignoreProtectedModeSettings: true, ignoreZoomSetting: false, initialBrowserUrl: http://localhost:38589/, nativeEvents: true, requireWindowFocus: false}, setWindowRect: true, timeouts: {implicit: 0, pageLoad: 300000, script: 30000}, unhandledPromptBehavior: ignore}
Session ID: c7868b77-891d-4c56-9cf9-4f68a90860ec
*** Element info: {Using=name, value=fieldValue}
2020/07/14 18:57:44:524  INFO com.sinosoft.test.base.TestBase:140 - 进入Finally事件:screenshot:
2020/07/14 18:57:44:842 DEBUG freemarker.cache:45 - Couldn't find template in cache for "index.ftl"("en", UTF-8, parsed); will try to load it.
2020/07/14 18:57:44:844 DEBUG freemarker.cache:45 - TemplateLoader.findTemplateSource("index_en.ftl"): Not found
2020/07/14 18:57:44:847 DEBUG freemarker.cache:45 - TemplateLoader.findTemplateSource("index.ftl"): Found
2020/07/14 18:57:44:848 DEBUG freemarker.cache:45 - Loading template for "index.ftl"("en", UTF-8, parsed) from "jar:file:/C:/Users/liu-b/.m2/repository/com/aventstack/extentreports/3.1.3/extentreports-3.1.3.jar!/com/aventstack/extentreports/view/html-report/index.ftl"
2020/07/14 18:57:45:005 DEBUG freemarker.cache:45 - Couldn't find template in cache for "head.ftl"("en", UTF-8, parsed); will try to load it.
2020/07/14 18:57:45:006 DEBUG freemarker.cache:45 - TemplateLoader.findTemplateSource("head_en.ftl"): Not found
2020/07/14 18:57:45:008 DEBUG freemarker.cache:45 - TemplateLoader.findTemplateSource("head.ftl"): Found
2020/07/14 18:57:45:008 DEBUG freemarker.cache:45 - Loading template for "head.ftl"("en", UTF-8, parsed) from "jar:file:/C:/Users/liu-b/.m2/repository/com/aventstack/extentreports/3.1.3/extentreports-3.1.3.jar!/com/aventstack/extentreports/view/html-report/head.ftl"
2020/07/14 18:57:45:011 DEBUG freemarker.cache:45 - Couldn't find template in cache for "nav.ftl"("en", UTF-8, parsed); will try to load it.
2020/07/14 18:57:45:012 DEBUG freemarker.cache:45 - TemplateLoader.findTemplateSource("nav_en.ftl"): Not found
2020/07/14 18:57:45:013 DEBUG freemarker.cache:45 - TemplateLoader.findTemplateSource("nav.ftl"): Found
2020/07/14 18:57:45:014 DEBUG freemarker.cache:45 - Loading template for "nav.ftl"("en", UTF-8, parsed) from "jar:file:/C:/Users/liu-b/.m2/repository/com/aventstack/extentreports/3.1.3/extentreports-3.1.3.jar!/com/aventstack/extentreports/view/html-report/nav.ftl"
2020/07/14 18:57:45:021 DEBUG freemarker.cache:45 - Couldn't find template in cache for "test-view/test-view.ftl"("en", UTF-8, parsed); will try to load it.
2020/07/14 18:57:45:022 DEBUG freemarker.cache:45 - TemplateLoader.findTemplateSource("test-view/test-view_en.ftl"): Not found
2020/07/14 18:57:45:023 DEBUG freemarker.cache:45 - TemplateLoader.findTemplateSource("test-view/test-view.ftl"): Found
2020/07/14 18:57:45:024 DEBUG freemarker.cache:45 - Loading template for "test-view/test-view.ftl"("en", UTF-8, parsed) from "jar:file:/C:/Users/liu-b/.m2/repository/com/aventstack/extentreports/3.1.3/extentreports-3.1.3.jar!/com/aventstack/extentreports/view/html-report/test-view/test-view.ftl"
2020/07/14 18:57:45:032 DEBUG freemarker.cache:45 - Couldn't find template in cache for "test-view/test-view-charts.ftl"("en", UTF-8, parsed); will try to load it.
2020/07/14 18:57:45:033 DEBUG freemarker.cache:45 - TemplateLoader.findTemplateSource("test-view/test-view-charts_en.ftl"): Not found
2020/07/14 18:57:45:034 DEBUG freemarker.cache:45 - TemplateLoader.findTemplateSource("test-view/test-view-charts.ftl"): Found
2020/07/14 18:57:45:035 DEBUG freemarker.cache:45 - Loading template for "test-view/test-view-charts.ftl"("en", UTF-8, parsed) from "jar:file:/C:/Users/liu-b/.m2/repository/com/aventstack/extentreports/3.1.3/extentreports-3.1.3.jar!/com/aventstack/extentreports/view/html-report/test-view/test-view-charts.ftl"
2020/07/14 18:57:45:045 DEBUG freemarker.cache:45 - Couldn't find template in cache for "test-view/standard.ftl"("en", UTF-8, parsed); will try to load it.
2020/07/14 18:57:45:046 DEBUG freemarker.cache:45 - TemplateLoader.findTemplateSource("test-view/standard_en.ftl"): Not found
2020/07/14 18:57:45:047 DEBUG freemarker.cache:45 - TemplateLoader.findTemplateSource("test-view/standard.ftl"): Found
2020/07/14 18:57:45:048 DEBUG freemarker.cache:45 - Loading template for "test-view/standard.ftl"("en", UTF-8, parsed) from "jar:file:/C:/Users/liu-b/.m2/repository/com/aventstack/extentreports/3.1.3/extentreports-3.1.3.jar!/com/aventstack/extentreports/view/html-report/test-view/standard.ftl"
2020/07/14 18:57:45:060 DEBUG freemarker.cache:45 - Couldn't find template in cache for "category-view/category-view.ftl"("en", UTF-8, parsed); will try to load it.
2020/07/14 18:57:45:061 DEBUG freemarker.cache:45 - TemplateLoader.findTemplateSource("category-view/category-view_en.ftl"): Not found
2020/07/14 18:57:45:062 DEBUG freemarker.cache:45 - TemplateLoader.findTemplateSource("category-view/category-view.ftl"): Found
2020/07/14 18:57:45:063 DEBUG freemarker.cache:45 - Loading template for "category-view/category-view.ftl"("en", UTF-8, parsed) from "jar:file:/C:/Users/liu-b/.m2/repository/com/aventstack/extentreports/3.1.3/extentreports-3.1.3.jar!/com/aventstack/extentreports/view/html-report/category-view/category-view.ftl"
2020/07/14 18:57:45:067 DEBUG freemarker.cache:45 - Couldn't find template in cache for "author-view/author-view.ftl"("en", UTF-8, parsed); will try to load it.
2020/07/14 18:57:45:067 DEBUG freemarker.cache:45 - TemplateLoader.findTemplateSource("author-view/author-view_en.ftl"): Not found
2020/07/14 18:57:45:068 DEBUG freemarker.cache:45 - TemplateLoader.findTemplateSource("author-view/author-view.ftl"): Found
2020/07/14 18:57:45:069 DEBUG freemarker.cache:45 - Loading template for "author-view/author-view.ftl"("en", UTF-8, parsed) from "jar:file:/C:/Users/liu-b/.m2/repository/com/aventstack/extentreports/3.1.3/extentreports-3.1.3.jar!/com/aventstack/extentreports/view/html-report/author-view/author-view.ftl"
2020/07/14 18:57:45:073 DEBUG freemarker.cache:45 - Couldn't find template in cache for "exception-view/exception-view.ftl"("en", UTF-8, parsed); will try to load it.
2020/07/14 18:57:45:074 DEBUG freemarker.cache:45 - TemplateLoader.findTemplateSource("exception-view/exception-view_en.ftl"): Not found
2020/07/14 18:57:45:075 DEBUG freemarker.cache:45 - TemplateLoader.findTemplateSource("exception-view/exception-view.ftl"): Found
2020/07/14 18:57:45:075 DEBUG freemarker.cache:45 - Loading template for "exception-view/exception-view.ftl"("en", UTF-8, parsed) from "jar:file:/C:/Users/liu-b/.m2/repository/com/aventstack/extentreports/3.1.3/extentreports-3.1.3.jar!/com/aventstack/extentreports/view/html-report/exception-view/exception-view.ftl"
2020/07/14 18:57:45:081 DEBUG freemarker.cache:45 - Couldn't find template in cache for "dashboard-view/dashboard-view.ftl"("en", UTF-8, parsed); will try to load it.
2020/07/14 18:57:45:083 DEBUG freemarker.cache:45 - TemplateLoader.findTemplateSource("dashboard-view/dashboard-view_en.ftl"): Not found
2020/07/14 18:57:45:083 DEBUG freemarker.cache:45 - TemplateLoader.findTemplateSource("dashboard-view/dashboard-view.ftl"): Found
2020/07/14 18:57:45:084 DEBUG freemarker.cache:45 - Loading template for "dashboard-view/dashboard-view.ftl"("en", UTF-8, parsed) from "jar:file:/C:/Users/liu-b/.m2/repository/com/aventstack/extentreports/3.1.3/extentreports-3.1.3.jar!/com/aventstack/extentreports/view/html-report/dashboard-view/dashboard-view.ftl"
2020/07/14 18:57:45:088 DEBUG freemarker.cache:45 - Couldn't find template in cache for "logs-view/testrunner-logs-view.ftl"("en", UTF-8, parsed); will try to load it.
2020/07/14 18:57:45:089 DEBUG freemarker.cache:45 - TemplateLoader.findTemplateSource("logs-view/testrunner-logs-view_en.ftl"): Not found
2020/07/14 18:57:45:090 DEBUG freemarker.cache:45 - TemplateLoader.findTemplateSource("logs-view/testrunner-logs-view.ftl"): Found
2020/07/14 18:57:45:091 DEBUG freemarker.cache:45 - Loading template for "logs-view/testrunner-logs-view.ftl"("en", UTF-8, parsed) from "jar:file:/C:/Users/liu-b/.m2/repository/com/aventstack/extentreports/3.1.3/extentreports-3.1.3.jar!/com/aventstack/extentreports/view/html-report/logs-view/testrunner-logs-view.ftl"
2020/07/14 18:58:03:516  INFO com.sinosoft.test.base.TestBase:59 - 配置文件路径：config.properties
2020/07/14 18:58:03:519 DEBUG com.sinosoft.test.base.TestBase:69 - 初始化class com.sinosoft.testcases.fccb.TBGLTestCase
2020/07/14 18:58:03:567 DEBUG com.sinosoft.test.base.TestBase:69 - 初始化class com.sinosoft.test.util.ExcelDataProvider
2020/07/14 18:58:04:302  INFO com.sinosoft.test.base.TestBase:80 - 当前文件里面一共有数据：4
2020/07/14 18:58:04:350  INFO com.sinosoft.test.base.TestBase:91 - start InternetExplorerDriver
2020/07/14 18:58:06:749 DEBUG com.sinosoft.test.base.TestBase:69 - 初始化class com.sinosoft.test.util.WebEventListener
2020/07/14 18:58:06:770  INFO com.sinosoft.test.base.TestBase:83 - 开始运行测试脚本，获取到的测试数据《getTBCLTestData》如下:
2020/07/14 18:58:06:770  INFO com.sinosoft.test.base.TestBase:84 - ROW_ID=2
ProcessFlag=Y
TestCaseName=FCCB_TB_JCX
TestCaseSeq=1
TestDescription=非车承保企财险-财产基本险-出单
riskClass=01
riskCode=0101
renewalInd=0
renewalPolicy=
prePay=
carrayOver=
carrayOverPolicy=
relatedInd=
relatedPolicy=
fbbs=
ywgs=01620190
qdlx=01
gdbs=0
xstd=T6201900101
ywy=S000000006
ywly=01010101
dljg=
xsxy=
cxywbs=HXXT
cdjg=
htzyjjfs=
jnwbz=
jw_country=
jw_Addr=
snbz=
sftkbd=0
sfdzbd=0
sfxb=0
fxqkyjytz=
sfydyw=
sfsn=
xbbdh=
tbr_lx=2
tbr_mc=
tbr_vip=
tbr_dm=G6200019984
tbr_zjlx=
tbr_zjhm=
tbr_sj=
tbr_csrq=
tbr_lxdz=
tbr_dwdh=010-67549095-456
lxr_xm=
lxr_xb=
lxr_zw=
lxr_sj=
lxr_yx=
xzsyfw=1
tqmc=
qbrq=
zbrq=
lgbbz=1
yyzdbz=1
sfgxdm=1
cbdq=
zzfwlx=0
hydl=12
hyxl=12006
jqbm=121121123123
bbdm=CNY
sf=130000
cs=130300
qx=130302
yb=065201
jzdj=01
bxcs=北戴河公园
bdw_jd=金融街街道
bdw_yyxz=
bdw_sfhyf=
bdw_fxlx=
bdw_sbmc=
bdw_cjh=
bdw_fdjh=
bdw_cjdjrq=
bdw_cllx=
bdw_cpcx=
bdw_sccj=
bdw_gzjz=
bdw_sgzyqy=
bdw_zylx=
bdw=010001
bdwmx=碣石公园礁石群
xbdm=0101001
jrbe=1
jzfs=10
bxje=2000000
bffl=0.5
dqflbz=2
ysbf=400
yyzd_zdpcg=24
yyzd_sndmlrze=6000000
yyzd_sndyye=20000000
yyzd_bdw=010056
yyzd_bdwmx=
yyzd_xbdm=0105001
yyzd_jrbe=1
yyzd_jzfs=18
yyzd_bxje=200000
yyzd_bffl=3
yyzd_dqflbz=3
yyzd_ysbf=4000
fsh=6
xsfdj=B
xsfxs=2
jgx_sf=
jgx_cs=
jgx_qx=
jgx_gcdd=
jgx_bb=
jgx_gcmc=
jgx_gclx_1=
jgx_gclx_2=
jgx_gclx_3=
jgx_gclx_4=
jgx_gclx_5=
jgx_gclx_6=
jgx_yzssjt=
jgx_yz=
jgx_cbs_ssjt=
jgx_cbs=
jgx_gchth=
jgx_gcjz=
jgx_gcqsrq=
jgx_gczzrq=
jgx_gcfw=
jgx_scqqsrq=
jgx_scqzzrq=
jgx_bzqqsrq=
jgx_bzqzzrq=
jgx_ws_xmlbdm=
jgx_ws_jrbe=
jgx_ws_bxje=
jgx_ws_fl=
jgx_ws_dqflbz=
jgx_ws_ysbf=
jgx_sz_xbdm=
jgx_sz_jrbe=
jgx_sz_ljpcxe=
jgx_sz_fv=
jgx_sz_dqflbz=
jgx_sz_ysbf=
proposalNumber=06201900101202000000000085
message=未知异常Currently focused window has been closed.
Build info: version: '3.9.0', revision: '698b3178f0', time: '2018-02-05T14:26:55.441Z'
System info: host: 'DESKTOP-I9S3ABE', ip: '100.100.99.142', os.name: 'Windows 10', os.arch: 'amd64', os.version: '10.0', java.version: '1.8.0_101'
Driver info: org.openqa.selenium.ie.InternetExplorerDriver
Capabilities {acceptInsecureCerts: false, browserName: internet explorer, browserVersion: 11, javascriptEnabled: true, pageLoadStrategy: normal, platform: WINDOWS, platformName: WINDOWS, proxy: Proxy(), se:ieOptions: {browserAttachTimeout: 0, elementScrollBehavior: 0, enablePersistentHover: true, ie.browserCommandLineSwitches: , ie.ensureCleanSession: false, ie.fileUploadDialogTimeout: 3000, ie.forceCreateProcessApi: false, ignoreProtectedModeSettings: true, ignoreZoomSetting: false, initialBrowserUrl: http://localhost:38589/, nativeEvents: true, requireWindowFocus: false}, setWindowRect: true, timeouts: {implicit: 0, pageLoad: 300000, script: 30000}, unhandledPromptBehavior: ignore}
Session ID: c7868b77-891d-4c56-9cf9-4f68a90860ec
*** Element info: {Using=name, value=fieldValue}
screenshot=
testCaseName=FCCB_TBCL

2020/07/14 18:58:06:773 DEBUG com.sinosoft.test.base.TestBase:69 - 初始化class com.sinosoft.test.fccp.common.LoginPage
2020/07/14 18:58:11:796 DEBUG com.sinosoft.test.base.TestBase:26 - Before navigating to: 'http://tvfchxyw.ypic.cn'
2020/07/14 18:58:12:445 DEBUG com.sinosoft.test.base.TestBase:30 - Navigated to:'http://tvfchxyw.ypic.cn'
2020/07/14 18:58:12:445 DEBUG com.sinosoft.test.base.TestBase:76 - Trying to find Element By : By.id: username
2020/07/14 18:58:12:624 DEBUG com.sinosoft.test.base.TestBase:80 - Found Element By : By.id: username
2020/07/14 18:58:12:627  INFO com.sinosoft.test.base.TestBase:360 - setEditboxValue:[[InternetExplorerDriver: internet explorer on WINDOWS (b1ac55d7-3b7b-42be-8d0a-fa40eaae3976)] -> id: username]：policy1@ypic
2020/07/14 18:58:12:628 DEBUG com.sinosoft.test.base.TestBase:76 - Trying to find Element By : By.id: username
2020/07/14 18:58:12:781 DEBUG com.sinosoft.test.base.TestBase:80 - Found Element By : By.id: username
2020/07/14 18:58:13:140 DEBUG com.sinosoft.test.base.TestBase:76 - Trying to find Element By : By.id: username
2020/07/14 18:58:13:327 DEBUG com.sinosoft.test.base.TestBase:80 - Found Element By : By.id: username
2020/07/14 18:58:13:798 DEBUG com.sinosoft.test.base.TestBase:76 - Trying to find Element By : By.id: username
2020/07/14 18:58:13:964 DEBUG com.sinosoft.test.base.TestBase:80 - Found Element By : By.id: username
2020/07/14 18:58:13:964  INFO com.sinosoft.test.base.TestBase:363 - setEditboxValue—End:[[InternetExplorerDriver: internet explorer on WINDOWS (b1ac55d7-3b7b-42be-8d0a-fa40eaae3976)] -> id: username]：policy1@ypic
2020/07/14 18:58:13:965 DEBUG com.sinosoft.test.base.TestBase:76 - Trying to find Element By : By.id: password
2020/07/14 18:58:14:119 DEBUG com.sinosoft.test.base.TestBase:80 - Found Element By : By.id: password
2020/07/14 18:58:14:120  INFO com.sinosoft.test.base.TestBase:360 - setEditboxValue:[[InternetExplorerDriver: internet explorer on WINDOWS (b1ac55d7-3b7b-42be-8d0a-fa40eaae3976)] -> id: password]：ypic@1234
2020/07/14 18:58:14:121 DEBUG com.sinosoft.test.base.TestBase:76 - Trying to find Element By : By.id: password
2020/07/14 18:58:14:296 DEBUG com.sinosoft.test.base.TestBase:80 - Found Element By : By.id: password
2020/07/14 18:58:14:689 DEBUG com.sinosoft.test.base.TestBase:76 - Trying to find Element By : By.id: password
2020/07/14 18:58:14:864 DEBUG com.sinosoft.test.base.TestBase:80 - Found Element By : By.id: password
2020/07/14 18:58:15:259 DEBUG com.sinosoft.test.base.TestBase:76 - Trying to find Element By : By.id: password
2020/07/14 18:58:15:410 DEBUG com.sinosoft.test.base.TestBase:80 - Found Element By : By.id: password
2020/07/14 18:58:15:410  INFO com.sinosoft.test.base.TestBase:363 - setEditboxValue—End:[[InternetExplorerDriver: internet explorer on WINDOWS (b1ac55d7-3b7b-42be-8d0a-fa40eaae3976)] -> id: password]：ypic@1234
2020/07/14 18:58:15:411 DEBUG com.sinosoft.test.base.TestBase:76 - Trying to find Element By : By.id: bt_submit
2020/07/14 18:58:15:571 DEBUG com.sinosoft.test.base.TestBase:80 - Found Element By : By.id: bt_submit
2020/07/14 18:58:15:574  INFO com.sinosoft.test.base.TestBase:402 - clickButton:[[InternetExplorerDriver: internet explorer on WINDOWS (b1ac55d7-3b7b-42be-8d0a-fa40eaae3976)] -> id: bt_submit]
2020/07/14 18:58:15:575 DEBUG com.sinosoft.test.base.TestBase:76 - Trying to find Element By : By.id: bt_submit
2020/07/14 18:58:15:760 DEBUG com.sinosoft.test.base.TestBase:80 - Found Element By : By.id: bt_submit
2020/07/14 18:58:15:760 DEBUG com.sinosoft.test.base.TestBase:42 - Trying to click on: [[InternetExplorerDriver: internet explorer on WINDOWS (b1ac55d7-3b7b-42be-8d0a-fa40eaae3976)] -> id: bt_submit]
2020/07/14 18:58:17:624 DEBUG com.sinosoft.test.base.TestBase:46 - Clicked on: [[InternetExplorerDriver: internet explorer on WINDOWS (b1ac55d7-3b7b-42be-8d0a-fa40eaae3976)] -> id: bt_submit]
2020/07/14 18:58:17:629 DEBUG com.sinosoft.test.base.TestBase:76 - Trying to find Element By : By.xpath: //input[@value='继续登录']
2020/07/14 18:58:19:975 DEBUG com.sinosoft.test.base.TestBase:66 - 系统自动捕获异常：Exception occured: org.openqa.selenium.NoSuchElementException: Unable to find element with xpath == //input[@value='继续登录']
For documentation on this error, please visit: http://seleniumhq.org/exceptions/no_such_element.html
Build info: version: '3.9.0', revision: '698b3178f0', time: '2018-02-05T14:26:55.441Z'
System info: host: 'DESKTOP-I9S3ABE', ip: '100.100.99.142', os.name: 'Windows 10', os.arch: 'amd64', os.version: '10.0', java.version: '1.8.0_101'
Driver info: org.openqa.selenium.ie.InternetExplorerDriver
Capabilities {acceptInsecureCerts: false, browserName: internet explorer, browserVersion: 11, javascriptEnabled: true, pageLoadStrategy: normal, platform: WINDOWS, platformName: WINDOWS, proxy: Proxy(), se:ieOptions: {browserAttachTimeout: 0, elementScrollBehavior: 0, enablePersistentHover: true, ie.browserCommandLineSwitches: , ie.ensureCleanSession: false, ie.fileUploadDialogTimeout: 3000, ie.forceCreateProcessApi: false, ignoreProtectedModeSettings: true, ignoreZoomSetting: false, initialBrowserUrl: http://localhost:1947/, nativeEvents: true, requireWindowFocus: false}, setWindowRect: true, timeouts: {implicit: 0, pageLoad: 300000, script: 30000}, unhandledPromptBehavior: ignore}
Session ID: b1ac55d7-3b7b-42be-8d0a-fa40eaae3976
*** Element info: {Using=xpath, value=//input[@value='继续登录']}
2020/07/14 18:58:19:976  INFO com.sinosoft.test.base.TestBase:68 - 异常的message 是：Unable to find element with xpath == //input[@value='继续登录']
For documentation on this error, please visit: http://seleniumhq.org/exceptions/no_such_element.html
Build info: version: '3.9.0', revision: '698b3178f0', time: '2018-02-05T14:26:55.441Z'
System info: host: 'DESKTOP-I9S3ABE', ip: '100.100.99.142', os.name: 'Windows 10', os.arch: 'amd64', os.version: '10.0', java.version: '1.8.0_101'
Driver info: org.openqa.selenium.ie.InternetExplorerDriver
Capabilities {acceptInsecureCerts: false, browserName: internet explorer, browserVersion: 11, javascriptEnabled: true, pageLoadStrategy: normal, platform: WINDOWS, platformName: WINDOWS, proxy: Proxy(), se:ieOptions: {browserAttachTimeout: 0, elementScrollBehavior: 0, enablePersistentHover: true, ie.browserCommandLineSwitches: , ie.ensureCleanSession: false, ie.fileUploadDialogTimeout: 3000, ie.forceCreateProcessApi: false, ignoreProtectedModeSettings: true, ignoreZoomSetting: false, initialBrowserUrl: http://localhost:1947/, nativeEvents: true, requireWindowFocus: false}, setWindowRect: true, timeouts: {implicit: 0, pageLoad: 300000, script: 30000}, unhandledPromptBehavior: ignore}
Session ID: b1ac55d7-3b7b-42be-8d0a-fa40eaae3976
*** Element info: {Using=xpath, value=//input[@value='继续登录']}
2020/07/14 18:58:19:977  INFO com.sinosoft.test.base.TestBase:198 - 没有找到页面元素:By.xpath: //input[@value='继续登录'] - 错误信息Expected condition failed: waiting for com.sinosoft.test.base.TestBase$1@561868a0 (tried for 2 second(s) with 500 MILLISECONDS interval)
2020/07/14 18:58:19:978  INFO com.sinosoft.test.base.TestBase:77 - 常规登录，没有继续登录按钮
2020/07/14 18:58:19:979 DEBUG com.sinosoft.test.base.TestBase:69 - 初始化class com.sinosoft.test.fccp.common.HomePage
2020/07/14 18:58:20:524 DEBUG com.sinosoft.test.base.TestBase:76 - Trying to find Element By : By.linkText: 承保子系统
2020/07/14 18:58:20:601 DEBUG com.sinosoft.test.base.TestBase:80 - Found Element By : By.linkText: 承保子系统
2020/07/14 18:58:20:603  INFO com.sinosoft.test.base.TestBase:144 - RunJavaScript:[[InternetExplorerDriver: internet explorer on WINDOWS (b1ac55d7-3b7b-42be-8d0a-fa40eaae3976)] -> link text: 承保子系统]	arguments[0].click();
2020/07/14 18:58:21:087 DEBUG com.sinosoft.test.base.TestBase:76 - Trying to find Element By : By.linkText: 投保管理
2020/07/14 18:58:21:147 DEBUG com.sinosoft.test.base.TestBase:80 - Found Element By : By.linkText: 投保管理
2020/07/14 18:58:21:151  INFO com.sinosoft.test.base.TestBase:144 - RunJavaScript:[[InternetExplorerDriver: internet explorer on WINDOWS (b1ac55d7-3b7b-42be-8d0a-fa40eaae3976)] -> link text: 投保管理]	arguments[0].click();
2020/07/14 18:58:21:457 DEBUG com.sinosoft.test.base.TestBase:76 - Trying to find Element By : By.linkText: 投保处理
2020/07/14 18:58:21:517 DEBUG com.sinosoft.test.base.TestBase:80 - Found Element By : By.linkText: 投保处理
2020/07/14 18:58:21:518  INFO com.sinosoft.test.base.TestBase:144 - RunJavaScript:[[InternetExplorerDriver: internet explorer on WINDOWS (b1ac55d7-3b7b-42be-8d0a-fa40eaae3976)] -> link text: 投保处理]	arguments[0].click();
2020/07/14 18:58:21:756 DEBUG com.sinosoft.test.base.TestBase:69 - 初始化class com.sinosoft.test.fccp.tbcl.RiskSelectPage
2020/07/14 18:58:22:252 DEBUG com.sinosoft.test.base.TestBase:93 - 投保处理/险种选择
2020/07/14 18:58:22:253 DEBUG com.sinosoft.test.base.TestBase:76 - Trying to find Element By : By.name: riskClassTemp
2020/07/14 18:58:22:310 DEBUG com.sinosoft.test.base.TestBase:80 - Found Element By : By.name: riskClassTemp
2020/07/14 18:58:22:344 DEBUG com.sinosoft.test.base.TestBase:76 - Trying to find Element By : By.name: riskClassTemp
2020/07/14 18:58:22:395 DEBUG com.sinosoft.test.base.TestBase:80 - Found Element By : By.name: riskClassTemp
2020/07/14 18:58:22:399 DEBUG com.sinosoft.test.base.TestBase:63 - SetCodeEditBox:开始设置:[[InternetExplorerDriver: internet explorer on WINDOWS (b1ac55d7-3b7b-42be-8d0a-fa40eaae3976)] -> name: riskClassTemp] & Code=01
2020/07/14 18:58:22:400 DEBUG com.sinosoft.test.base.TestBase:76 - Trying to find Element By : By.name: riskClassTemp
2020/07/14 18:58:22:474 DEBUG com.sinosoft.test.base.TestBase:80 - Found Element By : By.name: riskClassTemp
2020/07/14 18:58:22:706 DEBUG com.sinosoft.test.base.TestBase:76 - Trying to find Element By : By.name: riskClassTemp
2020/07/14 18:58:22:754 DEBUG com.sinosoft.test.base.TestBase:80 - Found Element By : By.name: riskClassTemp
2020/07/14 18:58:23:291 DEBUG com.sinosoft.test.base.TestBase:76 - Trying to find Element By : By.name: riskClassTemp
2020/07/14 18:58:23:327 DEBUG com.sinosoft.test.base.TestBase:80 - Found Element By : By.name: riskClassTemp
2020/07/14 18:58:23:327 DEBUG com.sinosoft.test.base.TestBase:76 - Trying to find Element By : By.xpath: ../input[last()]
2020/07/14 18:58:23:389 DEBUG com.sinosoft.test.base.TestBase:80 - Found Element By : By.xpath: ../input[last()]
2020/07/14 18:58:23:527  INFO com.sinosoft.test.base.TestBase:71 - SetCodeEditBox:找到了Code对应的文本显示框并点击触发显示:riskClassName
2020/07/14 18:58:23:528 DEBUG com.sinosoft.test.base.TestBase:42 - Trying to click on: [[[[InternetExplorerDriver: internet explorer on WINDOWS (b1ac55d7-3b7b-42be-8d0a-fa40eaae3976)] -> name: riskClassTemp]] -> xpath: ../input[last()]]
2020/07/14 18:58:24:458 DEBUG com.sinosoft.test.base.TestBase:46 - Clicked on: [[[[InternetExplorerDriver: internet explorer on WINDOWS (b1ac55d7-3b7b-42be-8d0a-fa40eaae3976)] -> name: riskClassTemp]] -> xpath: ../input[last()]]
2020/07/14 18:58:24:660 DEBUG com.sinosoft.test.base.TestBase:76 - Trying to find Element By : By.name: riskClassTemp
2020/07/14 18:58:24:701 DEBUG com.sinosoft.test.base.TestBase:80 - Found Element By : By.name: riskClassTemp
2020/07/14 18:58:24:702 DEBUG com.sinosoft.test.base.TestBase:87 - SetCodeEditBox:设置完毕[[InternetExplorerDriver: internet explorer on WINDOWS (b1ac55d7-3b7b-42be-8d0a-fa40eaae3976)] -> name: riskClassTemp],设置值 Code=01
2020/07/14 18:58:24:702 DEBUG com.sinosoft.test.base.TestBase:76 - Trying to find Element By : By.name: riskCode
2020/07/14 18:58:24:750 DEBUG com.sinosoft.test.base.TestBase:80 - Found Element By : By.name: riskCode
2020/07/14 18:58:24:776 DEBUG com.sinosoft.test.base.TestBase:76 - Trying to find Element By : By.name: riskCode
2020/07/14 18:58:24:831 DEBUG com.sinosoft.test.base.TestBase:80 - Found Element By : By.name: riskCode
2020/07/14 18:58:24:832 DEBUG com.sinosoft.test.base.TestBase:63 - SetCodeEditBox:开始设置:[[InternetExplorerDriver: internet explorer on WINDOWS (b1ac55d7-3b7b-42be-8d0a-fa40eaae3976)] -> name: riskCode] & Code=0101
2020/07/14 18:58:24:835 DEBUG com.sinosoft.test.base.TestBase:76 - Trying to find Element By : By.name: riskCode
2020/07/14 18:58:24:886 DEBUG com.sinosoft.test.base.TestBase:80 - Found Element By : By.name: riskCode
2020/07/14 18:58:25:098 DEBUG com.sinosoft.test.base.TestBase:76 - Trying to find Element By : By.name: riskCode
2020/07/14 18:58:25:131 DEBUG com.sinosoft.test.base.TestBase:80 - Found Element By : By.name: riskCode
2020/07/14 18:58:25:601 DEBUG com.sinosoft.test.base.TestBase:76 - Trying to find Element By : By.name: riskCode
2020/07/14 18:58:25:630 DEBUG com.sinosoft.test.base.TestBase:80 - Found Element By : By.name: riskCode
2020/07/14 18:58:25:632 DEBUG com.sinosoft.test.base.TestBase:76 - Trying to find Element By : By.xpath: ../input[last()]
2020/07/14 18:58:25:681 DEBUG com.sinosoft.test.base.TestBase:80 - Found Element By : By.xpath: ../input[last()]
2020/07/14 18:58:25:802  INFO com.sinosoft.test.base.TestBase:71 - SetCodeEditBox:找到了Code对应的文本显示框并点击触发显示:riskName
2020/07/14 18:58:25:802 DEBUG com.sinosoft.test.base.TestBase:42 - Trying to click on: [[[[InternetExplorerDriver: internet explorer on WINDOWS (b1ac55d7-3b7b-42be-8d0a-fa40eaae3976)] -> name: riskCode]] -> xpath: ../input[last()]]
2020/07/14 18:58:26:757 DEBUG com.sinosoft.test.base.TestBase:46 - Clicked on: [[[[InternetExplorerDriver: internet explorer on WINDOWS (b1ac55d7-3b7b-42be-8d0a-fa40eaae3976)] -> name: riskCode]] -> xpath: ../input[last()]]
2020/07/14 18:58:26:958 DEBUG com.sinosoft.test.base.TestBase:76 - Trying to find Element By : By.name: riskCode
2020/07/14 18:58:27:001 DEBUG com.sinosoft.test.base.TestBase:80 - Found Element By : By.name: riskCode
2020/07/14 18:58:27:002 DEBUG com.sinosoft.test.base.TestBase:87 - SetCodeEditBox:设置完毕[[InternetExplorerDriver: internet explorer on WINDOWS (b1ac55d7-3b7b-42be-8d0a-fa40eaae3976)] -> name: riskCode],设置值 Code=0101
2020/07/14 18:58:27:003 DEBUG com.sinosoft.test.base.TestBase:76 - Trying to find Element By : By.name: renewInd
2020/07/14 18:58:27:050 DEBUG com.sinosoft.test.base.TestBase:80 - Found Element By : By.name: renewInd
2020/07/14 18:58:27:051  INFO com.sinosoft.test.base.TestBase:321 - setEditboxTValue:[[[InternetExplorerDriver: internet explorer on WINDOWS (b1ac55d7-3b7b-42be-8d0a-fa40eaae3976)] -> name: renewInd], [[InternetExplorerDriver: internet explorer on WINDOWS (b1ac55d7-3b7b-42be-8d0a-fa40eaae3976)] -> name: renewInd]]：0
2020/07/14 18:58:27:051 DEBUG com.sinosoft.test.base.TestBase:76 - Trying to find Element By : By.name: renewInd
2020/07/14 18:58:27:145 DEBUG com.sinosoft.test.base.TestBase:80 - Found Element By : By.name: renewInd
2020/07/14 18:58:27:256 DEBUG com.sinosoft.test.base.TestBase:76 - Trying to find Element By : By.name: buttonNextStep
2020/07/14 18:58:27:305 DEBUG com.sinosoft.test.base.TestBase:80 - Found Element By : By.name: buttonNextStep
2020/07/14 18:58:27:305  INFO com.sinosoft.test.base.TestBase:402 - clickButton:[[InternetExplorerDriver: internet explorer on WINDOWS (b1ac55d7-3b7b-42be-8d0a-fa40eaae3976)] -> name: buttonNextStep]
2020/07/14 18:58:27:305 DEBUG com.sinosoft.test.base.TestBase:42 - Trying to click on: [[InternetExplorerDriver: internet explorer on WINDOWS (b1ac55d7-3b7b-42be-8d0a-fa40eaae3976)] -> name: buttonNextStep]
2020/07/14 18:58:29:794 DEBUG com.sinosoft.test.base.TestBase:46 - Clicked on: [[InternetExplorerDriver: internet explorer on WINDOWS (b1ac55d7-3b7b-42be-8d0a-fa40eaae3976)] -> name: buttonNextStep]
2020/07/14 18:58:29:796 DEBUG com.sinosoft.test.base.TestBase:69 - 初始化class com.sinosoft.test.fccp.tbcl.BasicInfoPage
2020/07/14 18:58:32:519 DEBUG com.sinosoft.test.base.TestBase:322 - 投保处理/基本信息
2020/07/14 18:58:32:520 DEBUG com.sinosoft.test.base.TestBase:76 - Trying to find Element By : By.name: GuMainBusinessType
2020/07/14 18:58:32:568 DEBUG com.sinosoft.test.base.TestBase:80 - Found Element By : By.name: GuMainBusinessType
2020/07/14 18:58:32:568  INFO com.sinosoft.test.base.TestBase:96 - setSelectWithStartText:[[InternetExplorerDriver: internet explorer on WINDOWS (b1ac55d7-3b7b-42be-8d0a-fa40eaae3976)] -> name: GuMainBusinessType]->
2020/07/14 18:58:32:568 DEBUG com.sinosoft.test.base.TestBase:76 - Trying to find Element By : By.name: GuMainCompanyCode
2020/07/14 18:58:32:651 DEBUG com.sinosoft.test.base.TestBase:80 - Found Element By : By.name: GuMainCompanyCode
2020/07/14 18:58:32:676 DEBUG com.sinosoft.test.base.TestBase:76 - Trying to find Element By : By.name: GuMainCompanyCode
2020/07/14 18:58:32:760 DEBUG com.sinosoft.test.base.TestBase:80 - Found Element By : By.name: GuMainCompanyCode
2020/07/14 18:58:32:762 DEBUG com.sinosoft.test.base.TestBase:63 - SetCodeEditBox:开始设置:[[InternetExplorerDriver: internet explorer on WINDOWS (b1ac55d7-3b7b-42be-8d0a-fa40eaae3976)] -> name: GuMainCompanyCode] & Code=01620190
2020/07/14 18:58:32:763 DEBUG com.sinosoft.test.base.TestBase:76 - Trying to find Element By : By.name: GuMainCompanyCode
2020/07/14 18:58:32:792 DEBUG com.sinosoft.test.base.TestBase:80 - Found Element By : By.name: GuMainCompanyCode
2020/07/14 18:58:33:035 DEBUG com.sinosoft.test.base.TestBase:76 - Trying to find Element By : By.name: GuMainCompanyCode
2020/07/14 18:58:33:123 DEBUG com.sinosoft.test.base.TestBase:80 - Found Element By : By.name: GuMainCompanyCode
2020/07/14 18:58:34:125 DEBUG com.sinosoft.test.base.TestBase:76 - Trying to find Element By : By.name: GuMainCompanyCode
2020/07/14 18:58:34:173 DEBUG com.sinosoft.test.base.TestBase:80 - Found Element By : By.name: GuMainCompanyCode
2020/07/14 18:58:34:173 DEBUG com.sinosoft.test.base.TestBase:76 - Trying to find Element By : By.xpath: ../input[last()]
2020/07/14 18:58:34:244 DEBUG com.sinosoft.test.base.TestBase:80 - Found Element By : By.xpath: ../input[last()]
2020/07/14 18:58:34:425  INFO com.sinosoft.test.base.TestBase:71 - SetCodeEditBox:找到了Code对应的文本显示框并点击触发显示:GuMainCompanyName
2020/07/14 18:58:34:427 DEBUG com.sinosoft.test.base.TestBase:42 - Trying to click on: [[[[InternetExplorerDriver: internet explorer on WINDOWS (b1ac55d7-3b7b-42be-8d0a-fa40eaae3976)] -> name: GuMainCompanyCode]] -> xpath: ../input[last()]]
2020/07/14 18:58:35:448 DEBUG com.sinosoft.test.base.TestBase:46 - Clicked on: [[[[InternetExplorerDriver: internet explorer on WINDOWS (b1ac55d7-3b7b-42be-8d0a-fa40eaae3976)] -> name: GuMainCompanyCode]] -> xpath: ../input[last()]]
2020/07/14 18:58:35:650 DEBUG com.sinosoft.test.base.TestBase:76 - Trying to find Element By : By.name: GuMainCompanyCode
2020/07/14 18:58:35:741 DEBUG com.sinosoft.test.base.TestBase:80 - Found Element By : By.name: GuMainCompanyCode
2020/07/14 18:58:35:742 DEBUG com.sinosoft.test.base.TestBase:87 - SetCodeEditBox:设置完毕[[InternetExplorerDriver: internet explorer on WINDOWS (b1ac55d7-3b7b-42be-8d0a-fa40eaae3976)] -> name: GuMainCompanyCode],设置值 Code=01620190
2020/07/14 18:58:35:743 DEBUG com.sinosoft.test.base.TestBase:76 - Trying to find Element By : By.name: GuMainChannelDetailCode
2020/07/14 18:58:35:813 DEBUG com.sinosoft.test.base.TestBase:80 - Found Element By : By.name: GuMainChannelDetailCode
2020/07/14 18:58:35:849 DEBUG com.sinosoft.test.base.TestBase:76 - Trying to find Element By : By.name: GuMainChannelDetailCode
2020/07/14 18:58:35:922 DEBUG com.sinosoft.test.base.TestBase:80 - Found Element By : By.name: GuMainChannelDetailCode
2020/07/14 18:58:35:925 DEBUG com.sinosoft.test.base.TestBase:63 - SetCodeEditBox:开始设置:[[InternetExplorerDriver: internet explorer on WINDOWS (b1ac55d7-3b7b-42be-8d0a-fa40eaae3976)] -> name: GuMainChannelDetailCode] & Code=01
2020/07/14 18:58:35:926 DEBUG com.sinosoft.test.base.TestBase:76 - Trying to find Element By : By.name: GuMainChannelDetailCode
2020/07/14 18:58:35:988 DEBUG com.sinosoft.test.base.TestBase:80 - Found Element By : By.name: GuMainChannelDetailCode
2020/07/14 18:58:36:228 DEBUG com.sinosoft.test.base.TestBase:76 - Trying to find Element By : By.name: GuMainChannelDetailCode
2020/07/14 18:58:36:325 DEBUG com.sinosoft.test.base.TestBase:80 - Found Element By : By.name: GuMainChannelDetailCode
2020/07/14 18:58:36:865 DEBUG com.sinosoft.test.base.TestBase:76 - Trying to find Element By : By.name: GuMainChannelDetailCode
2020/07/14 18:58:36:925 DEBUG com.sinosoft.test.base.TestBase:80 - Found Element By : By.name: GuMainChannelDetailCode
2020/07/14 18:58:36:925 DEBUG com.sinosoft.test.base.TestBase:76 - Trying to find Element By : By.xpath: ../input[last()]
2020/07/14 18:58:36:982 DEBUG com.sinosoft.test.base.TestBase:80 - Found Element By : By.xpath: ../input[last()]
2020/07/14 18:58:37:123  INFO com.sinosoft.test.base.TestBase:71 - SetCodeEditBox:找到了Code对应的文本显示框并点击触发显示:GuMainChannelDetailName
2020/07/14 18:58:37:123 DEBUG com.sinosoft.test.base.TestBase:42 - Trying to click on: [[[[InternetExplorerDriver: internet explorer on WINDOWS (b1ac55d7-3b7b-42be-8d0a-fa40eaae3976)] -> name: GuMainChannelDetailCode]] -> xpath: ../input[last()]]
2020/07/14 18:58:38:145 DEBUG com.sinosoft.test.base.TestBase:46 - Clicked on: [[[[InternetExplorerDriver: internet explorer on WINDOWS (b1ac55d7-3b7b-42be-8d0a-fa40eaae3976)] -> name: GuMainChannelDetailCode]] -> xpath: ../input[last()]]
2020/07/14 18:58:38:346 DEBUG com.sinosoft.test.base.TestBase:76 - Trying to find Element By : By.name: GuMainChannelDetailCode
2020/07/14 18:58:38:394 DEBUG com.sinosoft.test.base.TestBase:80 - Found Element By : By.name: GuMainChannelDetailCode
2020/07/14 18:58:38:395 DEBUG com.sinosoft.test.base.TestBase:87 - SetCodeEditBox:设置完毕[[InternetExplorerDriver: internet explorer on WINDOWS (b1ac55d7-3b7b-42be-8d0a-fa40eaae3976)] -> name: GuMainChannelDetailCode],设置值 Code=01
2020/07/14 18:58:38:395 DEBUG com.sinosoft.test.base.TestBase:76 - Trying to find Element By : By.name: GuMainShareHolderFlag
2020/07/14 18:58:38:453 DEBUG com.sinosoft.test.base.TestBase:80 - Found Element By : By.name: GuMainShareHolderFlag
2020/07/14 18:58:38:488 DEBUG com.sinosoft.test.base.TestBase:76 - Trying to find Element By : By.name: GuMainShareHolderFlag
2020/07/14 18:58:38:548 DEBUG com.sinosoft.test.base.TestBase:80 - Found Element By : By.name: GuMainShareHolderFlag
2020/07/14 18:58:38:550 DEBUG com.sinosoft.test.base.TestBase:42 - CodeSelect:开始设置[[InternetExplorerDriver: internet explorer on WINDOWS (b1ac55d7-3b7b-42be-8d0a-fa40eaae3976)] -> name: GuMainShareHolderFlag] & Code=0
2020/07/14 18:58:38:562 DEBUG com.sinosoft.test.base.TestBase:76 - Trying to find Element By : By.name: GuMainShareHolderFlag
2020/07/14 18:58:38:623 DEBUG com.sinosoft.test.base.TestBase:80 - Found Element By : By.name: GuMainShareHolderFlag
2020/07/14 18:58:39:769 DEBUG com.sinosoft.test.base.TestBase:272 - 系统窗口【黄河财险业务系统】with handle -52dfcffe-4153-483f-867e-edd32a4a8aeb
2020/07/14 18:58:40:919 DEBUG com.sinosoft.test.base.TestBase:272 - 系统窗口【Code Select】with handle -f7be6240-e483-46ac-b0c4-db902555e2e0
2020/07/14 18:58:41:429 DEBUG com.sinosoft.test.base.TestBase:69 - 初始化class com.sinosoft.test.fccp.common.CodeSelectPage
2020/07/14 18:58:41:431 DEBUG com.sinosoft.test.base.TestBase:39 - 基础码表选择！
2020/07/14 18:58:41:433 DEBUG com.sinosoft.test.base.TestBase:76 - Trying to find Element By : By.name: fieldValue
2020/07/14 18:58:41:709 DEBUG com.sinosoft.test.base.TestBase:80 - Found Element By : By.name: fieldValue
2020/07/14 18:58:41:709  INFO com.sinosoft.test.base.TestBase:360 - setEditboxValue:[[InternetExplorerDriver: internet explorer on WINDOWS (b1ac55d7-3b7b-42be-8d0a-fa40eaae3976)] -> name: fieldValue]：0
2020/07/14 18:58:42:818  INFO com.sinosoft.test.base.TestBase:363 - setEditboxValue—End:[[InternetExplorerDriver: internet explorer on WINDOWS (b1ac55d7-3b7b-42be-8d0a-fa40eaae3976)] -> name: fieldValue]：0
2020/07/14 18:58:42:819 DEBUG com.sinosoft.test.base.TestBase:76 - Trying to find Element By : By.xpath: //input[@value='查询(Q)']
2020/07/14 18:58:43:106 DEBUG com.sinosoft.test.base.TestBase:80 - Found Element By : By.xpath: //input[@value='查询(Q)']
2020/07/14 18:58:43:106  INFO com.sinosoft.test.base.TestBase:402 - clickButton:[[InternetExplorerDriver: internet explorer on WINDOWS (b1ac55d7-3b7b-42be-8d0a-fa40eaae3976)] -> xpath: //input[@value='查询(Q)']]
2020/07/14 18:58:43:106 DEBUG com.sinosoft.test.base.TestBase:42 - Trying to click on: [[InternetExplorerDriver: internet explorer on WINDOWS (b1ac55d7-3b7b-42be-8d0a-fa40eaae3976)] -> xpath: //input[@value='查询(Q)']]
2020/07/14 18:58:44:669 DEBUG com.sinosoft.test.base.TestBase:46 - Clicked on: [[InternetExplorerDriver: internet explorer on WINDOWS (b1ac55d7-3b7b-42be-8d0a-fa40eaae3976)] -> xpath: //input[@value='查询(Q)']]
2020/07/14 18:58:44:669 DEBUG com.sinosoft.test.base.TestBase:76 - Trying to find Element By : By.name: codeselect
2020/07/14 18:58:44:959 DEBUG com.sinosoft.test.base.TestBase:80 - Found Element By : By.name: codeselect
2020/07/14 18:58:44:959  INFO com.sinosoft.test.base.TestBase:132 - setFuzzySelect:[[InternetExplorerDriver: internet explorer on WINDOWS (b1ac55d7-3b7b-42be-8d0a-fa40eaae3976)] -> name: codeselect]->0
2020/07/14 18:58:45:513 DEBUG com.sinosoft.test.base.TestBase:76 - Trying to find Element By : By.tagName: option
2020/07/14 18:58:45:894 DEBUG com.sinosoft.test.base.TestBase:80 - Found Element By : By.tagName: option
2020/07/14 18:58:48:819  INFO com.sinosoft.test.base.TestBase:142 - 找到匹配【0】的选项：0--非股东
2020/07/14 18:58:48:819 DEBUG com.sinosoft.test.base.TestBase:76 - Trying to find Element By : By.xpath: .//option[normalize-space(.) = "0--非股东"]
2020/07/14 18:58:49:107 DEBUG com.sinosoft.test.base.TestBase:80 - Found Element By : By.xpath: .//option[normalize-space(.) = "0--非股东"]
2020/07/14 18:58:49:382 DEBUG com.sinosoft.test.base.TestBase:42 - Trying to click on: [[[[InternetExplorerDriver: internet explorer on WINDOWS (b1ac55d7-3b7b-42be-8d0a-fa40eaae3976)] -> name: codeselect]] -> xpath: .//option[normalize-space(.) = "0--非股东"]]
2020/07/14 18:58:49:765 DEBUG com.sinosoft.test.base.TestBase:46 - Clicked on: [[[[InternetExplorerDriver: internet explorer on WINDOWS (b1ac55d7-3b7b-42be-8d0a-fa40eaae3976)] -> name: codeselect]] -> xpath: .//option[normalize-space(.) = "0--非股东"]]
2020/07/14 18:58:49:765 DEBUG com.sinosoft.test.base.TestBase:151 - setFuzzySelect 结束！
2020/07/14 18:58:49:765 DEBUG com.sinosoft.test.base.TestBase:76 - Trying to find Element By : By.name: SelectIt
2020/07/14 18:58:50:036 DEBUG com.sinosoft.test.base.TestBase:80 - Found Element By : By.name: SelectIt
2020/07/14 18:58:50:037  INFO com.sinosoft.test.base.TestBase:416 - jsClickButton:[[InternetExplorerDriver: internet explorer on WINDOWS (b1ac55d7-3b7b-42be-8d0a-fa40eaae3976)] -> name: SelectIt]
2020/07/14 18:58:50:037  INFO com.sinosoft.test.base.TestBase:144 - RunJavaScript:[[InternetExplorerDriver: internet explorer on WINDOWS (b1ac55d7-3b7b-42be-8d0a-fa40eaae3976)] -> name: SelectIt]	arguments[0].click();
2020/07/14 18:58:50:760 DEBUG com.sinosoft.test.base.TestBase:272 - 系统窗口【黄河财险业务系统】with handle -52dfcffe-4153-483f-867e-edd32a4a8aeb
2020/07/14 18:58:53:507 DEBUG com.sinosoft.test.base.TestBase:76 - Trying to find Element By : By.name: GuMainShareHolderFlag
2020/07/14 18:58:53:601 DEBUG com.sinosoft.test.base.TestBase:80 - Found Element By : By.name: GuMainShareHolderFlag
2020/07/14 18:58:53:601 DEBUG com.sinosoft.test.base.TestBase:49 - CodeSelect:设置完毕[[InternetExplorerDriver: internet explorer on WINDOWS (b1ac55d7-3b7b-42be-8d0a-fa40eaae3976)] -> name: GuMainShareHolderFlag] & Code=0
2020/07/14 18:58:53:601 DEBUG com.sinosoft.test.base.TestBase:76 - Trying to find Element By : By.name: GuMainSalesTeamCode
2020/07/14 18:58:53:708 DEBUG com.sinosoft.test.base.TestBase:80 - Found Element By : By.name: GuMainSalesTeamCode
2020/07/14 18:58:53:742 DEBUG com.sinosoft.test.base.TestBase:76 - Trying to find Element By : By.name: GuMainSalesTeamCode
2020/07/14 18:58:53:833 DEBUG com.sinosoft.test.base.TestBase:80 - Found Element By : By.name: GuMainSalesTeamCode
2020/07/14 18:58:53:833 DEBUG com.sinosoft.test.base.TestBase:42 - CodeSelect:开始设置[[InternetExplorerDriver: internet explorer on WINDOWS (b1ac55d7-3b7b-42be-8d0a-fa40eaae3976)] -> name: GuMainSalesTeamCode] & Code=T6201900101
2020/07/14 18:58:53:834 DEBUG com.sinosoft.test.base.TestBase:76 - Trying to find Element By : By.name: GuMainSalesTeamCode
2020/07/14 18:58:53:931 DEBUG com.sinosoft.test.base.TestBase:80 - Found Element By : By.name: GuMainSalesTeamCode
2020/07/14 18:58:55:089 DEBUG com.sinosoft.test.base.TestBase:272 - 系统窗口【黄河财险业务系统】with handle -52dfcffe-4153-483f-867e-edd32a4a8aeb
2020/07/14 18:58:55:755 DEBUG com.sinosoft.test.base.TestBase:272 - 系统窗口【黄河财险业务系统】with handle -52dfcffe-4153-483f-867e-edd32a4a8aeb
2020/07/14 18:58:56:382 DEBUG com.sinosoft.test.base.TestBase:272 - 系统窗口【Code Select】with handle -535f1222-33e1-4b42-9927-86c9475b2016
2020/07/14 18:58:56:897 DEBUG com.sinosoft.test.base.TestBase:69 - 初始化class com.sinosoft.test.fccp.common.CodeSelectPage
2020/07/14 18:58:56:897 DEBUG com.sinosoft.test.base.TestBase:39 - 基础码表选择！
2020/07/14 18:58:56:897 DEBUG com.sinosoft.test.base.TestBase:76 - Trying to find Element By : By.name: fieldValue
2020/07/14 18:58:57:166 DEBUG com.sinosoft.test.base.TestBase:80 - Found Element By : By.name: fieldValue
2020/07/14 18:58:57:166  INFO com.sinosoft.test.base.TestBase:360 - setEditboxValue:[[InternetExplorerDriver: internet explorer on WINDOWS (b1ac55d7-3b7b-42be-8d0a-fa40eaae3976)] -> name: fieldValue]：T6201900101
2020/07/14 18:58:58:304  INFO com.sinosoft.test.base.TestBase:363 - setEditboxValue—End:[[InternetExplorerDriver: internet explorer on WINDOWS (b1ac55d7-3b7b-42be-8d0a-fa40eaae3976)] -> name: fieldValue]：T6201900101
2020/07/14 18:58:58:304 DEBUG com.sinosoft.test.base.TestBase:76 - Trying to find Element By : By.xpath: //input[@value='查询(Q)']
2020/07/14 18:58:58:592 DEBUG com.sinosoft.test.base.TestBase:80 - Found Element By : By.xpath: //input[@value='查询(Q)']
2020/07/14 18:58:58:592  INFO com.sinosoft.test.base.TestBase:402 - clickButton:[[InternetExplorerDriver: internet explorer on WINDOWS (b1ac55d7-3b7b-42be-8d0a-fa40eaae3976)] -> xpath: //input[@value='查询(Q)']]
2020/07/14 18:58:58:592 DEBUG com.sinosoft.test.base.TestBase:42 - Trying to click on: [[InternetExplorerDriver: internet explorer on WINDOWS (b1ac55d7-3b7b-42be-8d0a-fa40eaae3976)] -> xpath: //input[@value='查询(Q)']]
2020/07/14 18:59:00:157 DEBUG com.sinosoft.test.base.TestBase:46 - Clicked on: [[InternetExplorerDriver: internet explorer on WINDOWS (b1ac55d7-3b7b-42be-8d0a-fa40eaae3976)] -> xpath: //input[@value='查询(Q)']]
2020/07/14 18:59:00:157 DEBUG com.sinosoft.test.base.TestBase:76 - Trying to find Element By : By.name: codeselect
2020/07/14 18:59:00:444 DEBUG com.sinosoft.test.base.TestBase:80 - Found Element By : By.name: codeselect
2020/07/14 18:59:00:444  INFO com.sinosoft.test.base.TestBase:132 - setFuzzySelect:[[InternetExplorerDriver: internet explorer on WINDOWS (b1ac55d7-3b7b-42be-8d0a-fa40eaae3976)] -> name: codeselect]->T6201900101
2020/07/14 18:59:00:996 DEBUG com.sinosoft.test.base.TestBase:76 - Trying to find Element By : By.tagName: option
2020/07/14 18:59:01:310 DEBUG com.sinosoft.test.base.TestBase:80 - Found Element By : By.tagName: option
2020/07/14 18:59:01:627  INFO com.sinosoft.test.base.TestBase:142 - 找到匹配【T6201900101】的选项：T6201900101--兰州中支新团队
2020/07/14 18:59:01:627 DEBUG com.sinosoft.test.base.TestBase:76 - Trying to find Element By : By.xpath: .//option[normalize-space(.) = "T6201900101--兰州中支新团队"]
2020/07/14 18:59:01:937 DEBUG com.sinosoft.test.base.TestBase:80 - Found Element By : By.xpath: .//option[normalize-space(.) = "T6201900101--兰州中支新团队"]
2020/07/14 18:59:02:224 DEBUG com.sinosoft.test.base.TestBase:42 - Trying to click on: [[[[InternetExplorerDriver: internet explorer on WINDOWS (b1ac55d7-3b7b-42be-8d0a-fa40eaae3976)] -> name: codeselect]] -> xpath: .//option[normalize-space(.) = "T6201900101--兰州中支新团队"]]
2020/07/14 18:59:02:673 DEBUG com.sinosoft.test.base.TestBase:46 - Clicked on: [[[[InternetExplorerDriver: internet explorer on WINDOWS (b1ac55d7-3b7b-42be-8d0a-fa40eaae3976)] -> name: codeselect]] -> xpath: .//option[normalize-space(.) = "T6201900101--兰州中支新团队"]]
2020/07/14 18:59:02:673 DEBUG com.sinosoft.test.base.TestBase:151 - setFuzzySelect 结束！
2020/07/14 18:59:02:674 DEBUG com.sinosoft.test.base.TestBase:76 - Trying to find Element By : By.name: SelectIt
2020/07/14 18:59:02:963 DEBUG com.sinosoft.test.base.TestBase:80 - Found Element By : By.name: SelectIt
2020/07/14 18:59:02:966  INFO com.sinosoft.test.base.TestBase:416 - jsClickButton:[[InternetExplorerDriver: internet explorer on WINDOWS (b1ac55d7-3b7b-42be-8d0a-fa40eaae3976)] -> name: SelectIt]
2020/07/14 18:59:02:966  INFO com.sinosoft.test.base.TestBase:144 - RunJavaScript:[[InternetExplorerDriver: internet explorer on WINDOWS (b1ac55d7-3b7b-42be-8d0a-fa40eaae3976)] -> name: SelectIt]	arguments[0].click();
2020/07/14 18:59:03:752 DEBUG com.sinosoft.test.base.TestBase:272 - 系统窗口【黄河财险业务系统】with handle -52dfcffe-4153-483f-867e-edd32a4a8aeb
2020/07/14 18:59:06:401 DEBUG com.sinosoft.test.base.TestBase:76 - Trying to find Element By : By.name: GuMainSalesTeamCode
2020/07/14 18:59:06:459 DEBUG com.sinosoft.test.base.TestBase:80 - Found Element By : By.name: GuMainSalesTeamCode
2020/07/14 18:59:06:459 DEBUG com.sinosoft.test.base.TestBase:49 - CodeSelect:设置完毕[[InternetExplorerDriver: internet explorer on WINDOWS (b1ac55d7-3b7b-42be-8d0a-fa40eaae3976)] -> name: GuMainSalesTeamCode] & Code=T6201900101
2020/07/14 18:59:06:460 DEBUG com.sinosoft.test.base.TestBase:76 - Trying to find Element By : By.name: GuMainSalesmanCode
2020/07/14 18:59:06:554 DEBUG com.sinosoft.test.base.TestBase:80 - Found Element By : By.name: GuMainSalesmanCode
2020/07/14 18:59:06:601 DEBUG com.sinosoft.test.base.TestBase:76 - Trying to find Element By : By.name: GuMainSalesmanCode
2020/07/14 18:59:06:684 DEBUG com.sinosoft.test.base.TestBase:80 - Found Element By : By.name: GuMainSalesmanCode
2020/07/14 18:59:06:684 DEBUG com.sinosoft.test.base.TestBase:42 - CodeSelect:开始设置[[InternetExplorerDriver: internet explorer on WINDOWS (b1ac55d7-3b7b-42be-8d0a-fa40eaae3976)] -> name: GuMainSalesmanCode] & Code=S000000006
2020/07/14 18:59:06:684 DEBUG com.sinosoft.test.base.TestBase:76 - Trying to find Element By : By.name: GuMainSalesmanCode
2020/07/14 18:59:06:742 DEBUG com.sinosoft.test.base.TestBase:80 - Found Element By : By.name: GuMainSalesmanCode
2020/07/14 18:59:07:872 DEBUG com.sinosoft.test.base.TestBase:272 - 系统窗口【黄河财险业务系统】with handle -52dfcffe-4153-483f-867e-edd32a4a8aeb
2020/07/14 18:59:08:528 DEBUG com.sinosoft.test.base.TestBase:272 - 系统窗口【黄河财险业务系统】with handle -52dfcffe-4153-483f-867e-edd32a4a8aeb
2020/07/14 18:59:09:165 DEBUG com.sinosoft.test.base.TestBase:272 - 系统窗口【Code Select】with handle -0d198f22-1b74-4448-9370-70f0b8679a09
2020/07/14 18:59:09:678 DEBUG com.sinosoft.test.base.TestBase:69 - 初始化class com.sinosoft.test.fccp.common.CodeSelectPage
2020/07/14 18:59:09:678 DEBUG com.sinosoft.test.base.TestBase:39 - 基础码表选择！
2020/07/14 18:59:09:678 DEBUG com.sinosoft.test.base.TestBase:76 - Trying to find Element By : By.name: fieldValue
2020/07/14 18:59:09:953 DEBUG com.sinosoft.test.base.TestBase:80 - Found Element By : By.name: fieldValue
2020/07/14 18:59:09:954  INFO com.sinosoft.test.base.TestBase:360 - setEditboxValue:[[InternetExplorerDriver: internet explorer on WINDOWS (b1ac55d7-3b7b-42be-8d0a-fa40eaae3976)] -> name: fieldValue]：S000000006
2020/07/14 18:59:10:863  INFO com.sinosoft.test.base.TestBase:363 - setEditboxValue—End:[[InternetExplorerDriver: internet explorer on WINDOWS (b1ac55d7-3b7b-42be-8d0a-fa40eaae3976)] -> name: fieldValue]：S000000006
2020/07/14 18:59:10:863 DEBUG com.sinosoft.test.base.TestBase:76 - Trying to find Element By : By.xpath: //input[@value='查询(Q)']
2020/07/14 18:59:11:138 DEBUG com.sinosoft.test.base.TestBase:80 - Found Element By : By.xpath: //input[@value='查询(Q)']
2020/07/14 18:59:11:138  INFO com.sinosoft.test.base.TestBase:402 - clickButton:[[InternetExplorerDriver: internet explorer on WINDOWS (b1ac55d7-3b7b-42be-8d0a-fa40eaae3976)] -> xpath: //input[@value='查询(Q)']]
2020/07/14 18:59:11:139 DEBUG com.sinosoft.test.base.TestBase:42 - Trying to click on: [[InternetExplorerDriver: internet explorer on WINDOWS (b1ac55d7-3b7b-42be-8d0a-fa40eaae3976)] -> xpath: //input[@value='查询(Q)']]
2020/07/14 18:59:12:714 DEBUG com.sinosoft.test.base.TestBase:46 - Clicked on: [[InternetExplorerDriver: internet explorer on WINDOWS (b1ac55d7-3b7b-42be-8d0a-fa40eaae3976)] -> xpath: //input[@value='查询(Q)']]
2020/07/14 18:59:12:714 DEBUG com.sinosoft.test.base.TestBase:76 - Trying to find Element By : By.name: codeselect
2020/07/14 18:59:12:983 DEBUG com.sinosoft.test.base.TestBase:80 - Found Element By : By.name: codeselect
2020/07/14 18:59:12:983  INFO com.sinosoft.test.base.TestBase:132 - setFuzzySelect:[[InternetExplorerDriver: internet explorer on WINDOWS (b1ac55d7-3b7b-42be-8d0a-fa40eaae3976)] -> name: codeselect]->S000000006
2020/07/14 18:59:13:515 DEBUG com.sinosoft.test.base.TestBase:76 - Trying to find Element By : By.tagName: option
2020/07/14 18:59:13:795 DEBUG com.sinosoft.test.base.TestBase:80 - Found Element By : By.tagName: option
2020/07/14 18:59:14:078  INFO com.sinosoft.test.base.TestBase:142 - 找到匹配【S000000006】的选项：S000000006--赵子毓
2020/07/14 18:59:14:079 DEBUG com.sinosoft.test.base.TestBase:76 - Trying to find Element By : By.xpath: .//option[normalize-space(.) = "S000000006--赵子毓"]
2020/07/14 18:59:14:368 DEBUG com.sinosoft.test.base.TestBase:80 - Found Element By : By.xpath: .//option[normalize-space(.) = "S000000006--赵子毓"]
2020/07/14 18:59:14:645 DEBUG com.sinosoft.test.base.TestBase:42 - Trying to click on: [[[[InternetExplorerDriver: internet explorer on WINDOWS (b1ac55d7-3b7b-42be-8d0a-fa40eaae3976)] -> name: codeselect]] -> xpath: .//option[normalize-space(.) = "S000000006--赵子毓"]]
2020/07/14 18:59:15:013 DEBUG com.sinosoft.test.base.TestBase:46 - Clicked on: [[[[InternetExplorerDriver: internet explorer on WINDOWS (b1ac55d7-3b7b-42be-8d0a-fa40eaae3976)] -> name: codeselect]] -> xpath: .//option[normalize-space(.) = "S000000006--赵子毓"]]
2020/07/14 18:59:15:013 DEBUG com.sinosoft.test.base.TestBase:151 - setFuzzySelect 结束！
2020/07/14 18:59:15:013 DEBUG com.sinosoft.test.base.TestBase:76 - Trying to find Element By : By.name: SelectIt
2020/07/14 18:59:15:282 DEBUG com.sinosoft.test.base.TestBase:80 - Found Element By : By.name: SelectIt
2020/07/14 18:59:15:283  INFO com.sinosoft.test.base.TestBase:416 - jsClickButton:[[InternetExplorerDriver: internet explorer on WINDOWS (b1ac55d7-3b7b-42be-8d0a-fa40eaae3976)] -> name: SelectIt]
2020/07/14 18:59:15:283  INFO com.sinosoft.test.base.TestBase:144 - RunJavaScript:[[InternetExplorerDriver: internet explorer on WINDOWS (b1ac55d7-3b7b-42be-8d0a-fa40eaae3976)] -> name: SelectIt]	arguments[0].click();
2020/07/14 18:59:16:207 DEBUG com.sinosoft.test.base.TestBase:272 - 系统窗口【黄河财险业务系统】with handle -52dfcffe-4153-483f-867e-edd32a4a8aeb
2020/07/14 18:59:19:008 DEBUG com.sinosoft.test.base.TestBase:76 - Trying to find Element By : By.name: GuMainSalesmanCode
2020/07/14 18:59:19:059 DEBUG com.sinosoft.test.base.TestBase:80 - Found Element By : By.name: GuMainSalesmanCode
2020/07/14 18:59:19:059 DEBUG com.sinosoft.test.base.TestBase:49 - CodeSelect:设置完毕[[InternetExplorerDriver: internet explorer on WINDOWS (b1ac55d7-3b7b-42be-8d0a-fa40eaae3976)] -> name: GuMainSalesmanCode] & Code=S000000006
2020/07/14 18:59:19:059 DEBUG com.sinosoft.test.base.TestBase:76 - Trying to find Element By : By.name: GuMainBusinessSource
2020/07/14 18:59:19:119 DEBUG com.sinosoft.test.base.TestBase:80 - Found Element By : By.name: GuMainBusinessSource
2020/07/14 18:59:19:147 DEBUG com.sinosoft.test.base.TestBase:76 - Trying to find Element By : By.name: GuMainBusinessSource
2020/07/14 18:59:19:256 DEBUG com.sinosoft.test.base.TestBase:80 - Found Element By : By.name: GuMainBusinessSource
2020/07/14 18:59:19:256 DEBUG com.sinosoft.test.base.TestBase:42 - CodeSelect:开始设置[[InternetExplorerDriver: internet explorer on WINDOWS (b1ac55d7-3b7b-42be-8d0a-fa40eaae3976)] -> name: GuMainBusinessSource] & Code=01010101
2020/07/14 18:59:19:257 DEBUG com.sinosoft.test.base.TestBase:76 - Trying to find Element By : By.name: GuMainBusinessSource
2020/07/14 18:59:19:321 DEBUG com.sinosoft.test.base.TestBase:80 - Found Element By : By.name: GuMainBusinessSource
2020/07/14 18:59:20:526 DEBUG com.sinosoft.test.base.TestBase:272 - 系统窗口【黄河财险业务系统】with handle -52dfcffe-4153-483f-867e-edd32a4a8aeb
2020/07/14 18:59:21:219 DEBUG com.sinosoft.test.base.TestBase:272 - 系统窗口【黄河财险业务系统】with handle -52dfcffe-4153-483f-867e-edd32a4a8aeb
2020/07/14 18:59:21:856 DEBUG com.sinosoft.test.base.TestBase:272 - 系统窗口【Code Select】with handle -54324007-5d2b-4bc3-9988-28d2b8319c08
2020/07/14 18:59:22:372 DEBUG com.sinosoft.test.base.TestBase:69 - 初始化class com.sinosoft.test.fccp.common.CodeSelectPage
2020/07/14 18:59:22:372 DEBUG com.sinosoft.test.base.TestBase:39 - 基础码表选择！
2020/07/14 18:59:22:373 DEBUG com.sinosoft.test.base.TestBase:76 - Trying to find Element By : By.name: fieldValue
2020/07/14 18:59:22:657 DEBUG com.sinosoft.test.base.TestBase:80 - Found Element By : By.name: fieldValue
2020/07/14 18:59:22:658  INFO com.sinosoft.test.base.TestBase:360 - setEditboxValue:[[InternetExplorerDriver: internet explorer on WINDOWS (b1ac55d7-3b7b-42be-8d0a-fa40eaae3976)] -> name: fieldValue]：01010101
2020/07/14 18:59:23:753  INFO com.sinosoft.test.base.TestBase:363 - setEditboxValue—End:[[InternetExplorerDriver: internet explorer on WINDOWS (b1ac55d7-3b7b-42be-8d0a-fa40eaae3976)] -> name: fieldValue]：01010101
2020/07/14 18:59:23:753 DEBUG com.sinosoft.test.base.TestBase:76 - Trying to find Element By : By.xpath: //input[@value='查询(Q)']
2020/07/14 18:59:24:045 DEBUG com.sinosoft.test.base.TestBase:80 - Found Element By : By.xpath: //input[@value='查询(Q)']
2020/07/14 18:59:24:046  INFO com.sinosoft.test.base.TestBase:402 - clickButton:[[InternetExplorerDriver: internet explorer on WINDOWS (b1ac55d7-3b7b-42be-8d0a-fa40eaae3976)] -> xpath: //input[@value='查询(Q)']]
2020/07/14 18:59:24:048 DEBUG com.sinosoft.test.base.TestBase:42 - Trying to click on: [[InternetExplorerDriver: internet explorer on WINDOWS (b1ac55d7-3b7b-42be-8d0a-fa40eaae3976)] -> xpath: //input[@value='查询(Q)']]
2020/07/14 18:59:25:640 DEBUG com.sinosoft.test.base.TestBase:46 - Clicked on: [[InternetExplorerDriver: internet explorer on WINDOWS (b1ac55d7-3b7b-42be-8d0a-fa40eaae3976)] -> xpath: //input[@value='查询(Q)']]
2020/07/14 18:59:25:640 DEBUG com.sinosoft.test.base.TestBase:76 - Trying to find Element By : By.name: codeselect
2020/07/14 18:59:25:965 DEBUG com.sinosoft.test.base.TestBase:80 - Found Element By : By.name: codeselect
2020/07/14 18:59:25:965  INFO com.sinosoft.test.base.TestBase:132 - setFuzzySelect:[[InternetExplorerDriver: internet explorer on WINDOWS (b1ac55d7-3b7b-42be-8d0a-fa40eaae3976)] -> name: codeselect]->01010101
2020/07/14 18:59:26:506 DEBUG com.sinosoft.test.base.TestBase:76 - Trying to find Element By : By.tagName: option
2020/07/14 18:59:26:970 DEBUG com.sinosoft.test.base.TestBase:80 - Found Element By : By.tagName: option
2020/07/14 18:59:27:278  INFO com.sinosoft.test.base.TestBase:142 - 找到匹配【01010101】的选项：01010101--柜面直销
2020/07/14 18:59:27:279 DEBUG com.sinosoft.test.base.TestBase:76 - Trying to find Element By : By.xpath: .//option[normalize-space(.) = "01010101--柜面直销"]
2020/07/14 18:59:27:571 DEBUG com.sinosoft.test.base.TestBase:80 - Found Element By : By.xpath: .//option[normalize-space(.) = "01010101--柜面直销"]
2020/07/14 18:59:27:851 DEBUG com.sinosoft.test.base.TestBase:42 - Trying to click on: [[[[InternetExplorerDriver: internet explorer on WINDOWS (b1ac55d7-3b7b-42be-8d0a-fa40eaae3976)] -> name: codeselect]] -> xpath: .//option[normalize-space(.) = "01010101--柜面直销"]]
2020/07/14 18:59:28:231 DEBUG com.sinosoft.test.base.TestBase:46 - Clicked on: [[[[InternetExplorerDriver: internet explorer on WINDOWS (b1ac55d7-3b7b-42be-8d0a-fa40eaae3976)] -> name: codeselect]] -> xpath: .//option[normalize-space(.) = "01010101--柜面直销"]]
2020/07/14 18:59:28:231 DEBUG com.sinosoft.test.base.TestBase:151 - setFuzzySelect 结束！
2020/07/14 18:59:28:231 DEBUG com.sinosoft.test.base.TestBase:76 - Trying to find Element By : By.name: SelectIt
2020/07/14 18:59:28:506 DEBUG com.sinosoft.test.base.TestBase:80 - Found Element By : By.name: SelectIt
2020/07/14 18:59:28:506  INFO com.sinosoft.test.base.TestBase:416 - jsClickButton:[[InternetExplorerDriver: internet explorer on WINDOWS (b1ac55d7-3b7b-42be-8d0a-fa40eaae3976)] -> name: SelectIt]
2020/07/14 18:59:28:506  INFO com.sinosoft.test.base.TestBase:144 - RunJavaScript:[[InternetExplorerDriver: internet explorer on WINDOWS (b1ac55d7-3b7b-42be-8d0a-fa40eaae3976)] -> name: SelectIt]	arguments[0].click();
2020/07/14 18:59:29:188 DEBUG com.sinosoft.test.base.TestBase:272 - 系统窗口【黄河财险业务系统】with handle -52dfcffe-4153-483f-867e-edd32a4a8aeb
2020/07/14 18:59:31:958 DEBUG com.sinosoft.test.base.TestBase:76 - Trying to find Element By : By.name: GuMainBusinessSource
2020/07/14 18:59:32:059 DEBUG com.sinosoft.test.base.TestBase:80 - Found Element By : By.name: GuMainBusinessSource
2020/07/14 18:59:32:059 DEBUG com.sinosoft.test.base.TestBase:49 - CodeSelect:设置完毕[[InternetExplorerDriver: internet explorer on WINDOWS (b1ac55d7-3b7b-42be-8d0a-fa40eaae3976)] -> name: GuMainBusinessSource] & Code=01010101
2020/07/14 18:59:32:061 DEBUG com.sinosoft.test.base.TestBase:76 - Trying to find Element By : By.name: GuMainSurveyInd
2020/07/14 18:59:32:177 DEBUG com.sinosoft.test.base.TestBase:80 - Found Element By : By.name: GuMainSurveyInd
2020/07/14 18:59:32:178  INFO com.sinosoft.test.base.TestBase:96 - setSelectWithStartText:[[InternetExplorerDriver: internet explorer on WINDOWS (b1ac55d7-3b7b-42be-8d0a-fa40eaae3976)] -> name: GuMainSurveyInd]->HXXT
2020/07/14 18:59:32:178 DEBUG com.sinosoft.test.base.TestBase:76 - Trying to find Element By : By.name: GuMainSurveyInd
2020/07/14 18:59:32:267 DEBUG com.sinosoft.test.base.TestBase:80 - Found Element By : By.name: GuMainSurveyInd
2020/07/14 18:59:32:293 DEBUG com.sinosoft.test.base.TestBase:76 - Trying to find Element By : By.name: GuMainSurveyInd
2020/07/14 18:59:32:377 DEBUG com.sinosoft.test.base.TestBase:80 - Found Element By : By.name: GuMainSurveyInd
2020/07/14 18:59:32:406 DEBUG com.sinosoft.test.base.TestBase:76 - Trying to find Element By : By.name: GuMainSurveyInd
2020/07/14 18:59:32:531 DEBUG com.sinosoft.test.base.TestBase:80 - Found Element By : By.name: GuMainSurveyInd
2020/07/14 18:59:32:532 DEBUG com.sinosoft.test.base.TestBase:76 - Trying to find Element By : By.tagName: option
2020/07/14 18:59:33:093 DEBUG com.sinosoft.test.base.TestBase:80 - Found Element By : By.tagName: option
2020/07/14 18:59:33:164  INFO com.sinosoft.test.base.TestBase:114 - 找到匹配【HXXT】的选项：HXXT-核心
2020/07/14 18:59:33:164 DEBUG com.sinosoft.test.base.TestBase:76 - Trying to find Element By : By.name: GuMainSurveyInd
2020/07/14 18:59:33:306 DEBUG com.sinosoft.test.base.TestBase:80 - Found Element By : By.name: GuMainSurveyInd
2020/07/14 18:59:33:307 DEBUG com.sinosoft.test.base.TestBase:76 - Trying to find Element By : By.xpath: .//option[normalize-space(.) = "HXXT-核心"]
2020/07/14 18:59:33:396 DEBUG com.sinosoft.test.base.TestBase:80 - Found Element By : By.xpath: .//option[normalize-space(.) = "HXXT-核心"]
2020/07/14 18:59:33:458 DEBUG com.sinosoft.test.base.TestBase:123 - setSelectWithStartText 结束！
2020/07/14 18:59:33:460 DEBUG com.sinosoft.test.base.TestBase:76 - Trying to find Element By : By.name: GuMainArgueSolution
2020/07/14 18:59:33:519 DEBUG com.sinosoft.test.base.TestBase:80 - Found Element By : By.name: GuMainArgueSolution
2020/07/14 18:59:33:520  INFO com.sinosoft.test.base.TestBase:96 - setSelectWithStartText:[[InternetExplorerDriver: internet explorer on WINDOWS (b1ac55d7-3b7b-42be-8d0a-fa40eaae3976)] -> name: GuMainArgueSolution]->
2020/07/14 18:59:33:520 DEBUG com.sinosoft.test.base.TestBase:76 - Trying to find Element By : By.name: GuMainDomesticInd
2020/07/14 18:59:33:627 DEBUG com.sinosoft.test.base.TestBase:80 - Found Element By : By.name: GuMainDomesticInd
2020/07/14 18:59:33:629  INFO com.sinosoft.test.base.TestBase:96 - setSelectWithStartText:[[InternetExplorerDriver: internet explorer on WINDOWS (b1ac55d7-3b7b-42be-8d0a-fa40eaae3976)] -> name: GuMainDomesticInd]->
2020/07/14 18:59:33:629 DEBUG com.sinosoft.test.base.TestBase:76 - Trying to find Element By : By.name: GuMainComInsureInd
2020/07/14 18:59:33:708 DEBUG com.sinosoft.test.base.TestBase:80 - Found Element By : By.name: GuMainComInsureInd
2020/07/14 18:59:33:709  INFO com.sinosoft.test.base.TestBase:96 - setSelectWithStartText:[[InternetExplorerDriver: internet explorer on WINDOWS (b1ac55d7-3b7b-42be-8d0a-fa40eaae3976)] -> name: GuMainComInsureInd]->0
2020/07/14 18:59:33:709 DEBUG com.sinosoft.test.base.TestBase:76 - Trying to find Element By : By.name: GuMainComInsureInd
2020/07/14 18:59:33:809 DEBUG com.sinosoft.test.base.TestBase:80 - Found Element By : By.name: GuMainComInsureInd
2020/07/14 18:59:33:835 DEBUG com.sinosoft.test.base.TestBase:76 - Trying to find Element By : By.name: GuMainComInsureInd
2020/07/14 18:59:33:889 DEBUG com.sinosoft.test.base.TestBase:80 - Found Element By : By.name: GuMainComInsureInd
2020/07/14 18:59:33:927 DEBUG com.sinosoft.test.base.TestBase:76 - Trying to find Element By : By.name: GuMainComInsureInd
2020/07/14 18:59:34:057 DEBUG com.sinosoft.test.base.TestBase:80 - Found Element By : By.name: GuMainComInsureInd
2020/07/14 18:59:34:058 DEBUG com.sinosoft.test.base.TestBase:76 - Trying to find Element By : By.tagName: option
2020/07/14 18:59:34:186 DEBUG com.sinosoft.test.base.TestBase:80 - Found Element By : By.tagName: option
2020/07/14 18:59:34:279  INFO com.sinosoft.test.base.TestBase:114 - 找到匹配【0】的选项：0-非统括业务
2020/07/14 18:59:34:280 DEBUG com.sinosoft.test.base.TestBase:76 - Trying to find Element By : By.name: GuMainComInsureInd
2020/07/14 18:59:34:374 DEBUG com.sinosoft.test.base.TestBase:80 - Found Element By : By.name: GuMainComInsureInd
2020/07/14 18:59:34:375 DEBUG com.sinosoft.test.base.TestBase:76 - Trying to find Element By : By.xpath: .//option[normalize-space(.) = "0-非统括业务"]
2020/07/14 18:59:34:476 DEBUG com.sinosoft.test.base.TestBase:80 - Found Element By : By.xpath: .//option[normalize-space(.) = "0-非统括业务"]
2020/07/14 18:59:34:513 DEBUG com.sinosoft.test.base.TestBase:123 - setSelectWithStartText 结束！
2020/07/14 18:59:34:513 DEBUG com.sinosoft.test.base.TestBase:76 - Trying to find Element By : By.name: GuMainPolicyStyle
2020/07/14 18:59:34:623 DEBUG com.sinosoft.test.base.TestBase:80 - Found Element By : By.name: GuMainPolicyStyle
2020/07/14 18:59:34:624  INFO com.sinosoft.test.base.TestBase:96 - setSelectWithStartText:[[InternetExplorerDriver: internet explorer on WINDOWS (b1ac55d7-3b7b-42be-8d0a-fa40eaae3976)] -> name: GuMainPolicyStyle]->0
2020/07/14 18:59:34:624 DEBUG com.sinosoft.test.base.TestBase:76 - Trying to find Element By : By.name: GuMainPolicyStyle
2020/07/14 18:59:34:707 DEBUG com.sinosoft.test.base.TestBase:80 - Found Element By : By.name: GuMainPolicyStyle
2020/07/14 18:59:34:741 DEBUG com.sinosoft.test.base.TestBase:76 - Trying to find Element By : By.name: GuMainPolicyStyle
2020/07/14 18:59:34:840 DEBUG com.sinosoft.test.base.TestBase:80 - Found Element By : By.name: GuMainPolicyStyle
2020/07/14 18:59:34:867 DEBUG com.sinosoft.test.base.TestBase:76 - Trying to find Element By : By.name: GuMainPolicyStyle
2020/07/14 18:59:34:951 DEBUG com.sinosoft.test.base.TestBase:80 - Found Element By : By.name: GuMainPolicyStyle
2020/07/14 18:59:34:951 DEBUG com.sinosoft.test.base.TestBase:76 - Trying to find Element By : By.tagName: option
2020/07/14 18:59:35:060 DEBUG com.sinosoft.test.base.TestBase:80 - Found Element By : By.tagName: option
2020/07/14 18:59:35:113  INFO com.sinosoft.test.base.TestBase:114 - 找到匹配【0】的选项：0-否
2020/07/14 18:59:35:113 DEBUG com.sinosoft.test.base.TestBase:76 - Trying to find Element By : By.name: GuMainPolicyStyle
2020/07/14 18:59:35:211 DEBUG com.sinosoft.test.base.TestBase:80 - Found Element By : By.name: GuMainPolicyStyle
2020/07/14 18:59:35:211 DEBUG com.sinosoft.test.base.TestBase:76 - Trying to find Element By : By.xpath: .//option[normalize-space(.) = "0-否"]
2020/07/14 18:59:35:306 DEBUG com.sinosoft.test.base.TestBase:80 - Found Element By : By.xpath: .//option[normalize-space(.) = "0-否"]
2020/07/14 18:59:35:346 DEBUG com.sinosoft.test.base.TestBase:123 - setSelectWithStartText 结束！
2020/07/14 18:59:35:347 DEBUG com.sinosoft.test.base.TestBase:76 - Trying to find Element By : By.name: RenewalOfInsuranceSelect
2020/07/14 18:59:35:442 DEBUG com.sinosoft.test.base.TestBase:80 - Found Element By : By.name: RenewalOfInsuranceSelect
2020/07/14 18:59:35:442  INFO com.sinosoft.test.base.TestBase:96 - setSelectWithStartText:[[InternetExplorerDriver: internet explorer on WINDOWS (b1ac55d7-3b7b-42be-8d0a-fa40eaae3976)] -> name: RenewalOfInsuranceSelect]->0
2020/07/14 18:59:35:443 DEBUG com.sinosoft.test.base.TestBase:76 - Trying to find Element By : By.name: RenewalOfInsuranceSelect
2020/07/14 18:59:35:532 DEBUG com.sinosoft.test.base.TestBase:80 - Found Element By : By.name: RenewalOfInsuranceSelect
2020/07/14 18:59:35:556 DEBUG com.sinosoft.test.base.TestBase:76 - Trying to find Element By : By.name: RenewalOfInsuranceSelect
2020/07/14 18:59:35:643 DEBUG com.sinosoft.test.base.TestBase:80 - Found Element By : By.name: RenewalOfInsuranceSelect
2020/07/14 18:59:35:682 DEBUG com.sinosoft.test.base.TestBase:76 - Trying to find Element By : By.name: RenewalOfInsuranceSelect
2020/07/14 18:59:35:807 DEBUG com.sinosoft.test.base.TestBase:80 - Found Element By : By.name: RenewalOfInsuranceSelect
2020/07/14 18:59:35:807 DEBUG com.sinosoft.test.base.TestBase:76 - Trying to find Element By : By.tagName: option
2020/07/14 18:59:35:878 DEBUG com.sinosoft.test.base.TestBase:80 - Found Element By : By.tagName: option
2020/07/14 18:59:35:940  INFO com.sinosoft.test.base.TestBase:114 - 找到匹配【0】的选项：0-否
2020/07/14 18:59:35:940 DEBUG com.sinosoft.test.base.TestBase:76 - Trying to find Element By : By.name: RenewalOfInsuranceSelect
2020/07/14 18:59:36:043 DEBUG com.sinosoft.test.base.TestBase:80 - Found Element By : By.name: RenewalOfInsuranceSelect
2020/07/14 18:59:36:044 DEBUG com.sinosoft.test.base.TestBase:76 - Trying to find Element By : By.xpath: .//option[normalize-space(.) = "0-否"]
2020/07/14 18:59:36:114 DEBUG com.sinosoft.test.base.TestBase:80 - Found Element By : By.xpath: .//option[normalize-space(.) = "0-否"]
2020/07/14 18:59:36:157 DEBUG com.sinosoft.test.base.TestBase:42 - Trying to click on: [[[[InternetExplorerDriver: internet explorer on WINDOWS (b1ac55d7-3b7b-42be-8d0a-fa40eaae3976)] -> name: RenewalOfInsuranceSelect]] -> xpath: .//option[normalize-space(.) = "0-否"]]
2020/07/14 18:59:36:447 DEBUG com.sinosoft.test.base.TestBase:46 - Clicked on: [[[[InternetExplorerDriver: internet explorer on WINDOWS (b1ac55d7-3b7b-42be-8d0a-fa40eaae3976)] -> name: RenewalOfInsuranceSelect]] -> xpath: .//option[normalize-space(.) = "0-否"]]
2020/07/14 18:59:36:447 DEBUG com.sinosoft.test.base.TestBase:123 - setSelectWithStartText 结束！
2020/07/14 18:59:36:447 DEBUG com.sinosoft.test.base.TestBase:76 - Trying to find Element By : By.name: GuMainIsDifferentPlace
2020/07/14 18:59:36:539 DEBUG com.sinosoft.test.base.TestBase:80 - Found Element By : By.name: GuMainIsDifferentPlace
2020/07/14 18:59:36:540  INFO com.sinosoft.test.base.TestBase:96 - setSelectWithStartText:[[InternetExplorerDriver: internet explorer on WINDOWS (b1ac55d7-3b7b-42be-8d0a-fa40eaae3976)] -> name: GuMainIsDifferentPlace]->
2020/07/14 18:59:36:540 DEBUG com.sinosoft.test.base.TestBase:76 - Trying to find Element By : By.name: GuMainIsFarming
2020/07/14 18:59:36:635 DEBUG com.sinosoft.test.base.TestBase:80 - Found Element By : By.name: GuMainIsFarming
2020/07/14 18:59:36:636  INFO com.sinosoft.test.base.TestBase:96 - setSelectWithStartText:[[InternetExplorerDriver: internet explorer on WINDOWS (b1ac55d7-3b7b-42be-8d0a-fa40eaae3976)] -> name: GuMainIsFarming]->
2020/07/14 18:59:36:636 DEBUG com.sinosoft.test.base.TestBase:76 - Trying to find Element By : By.name: AppliGuRelatedPartyInsuredType
2020/07/14 18:59:36:722 DEBUG com.sinosoft.test.base.TestBase:80 - Found Element By : By.name: AppliGuRelatedPartyInsuredType
2020/07/14 18:59:36:722  INFO com.sinosoft.test.base.TestBase:96 - setSelectWithStartText:[[InternetExplorerDriver: internet explorer on WINDOWS (b1ac55d7-3b7b-42be-8d0a-fa40eaae3976)] -> name: AppliGuRelatedPartyInsuredType]->2
2020/07/14 18:59:36:723 DEBUG com.sinosoft.test.base.TestBase:76 - Trying to find Element By : By.name: AppliGuRelatedPartyInsuredType
2020/07/14 18:59:36:790 DEBUG com.sinosoft.test.base.TestBase:80 - Found Element By : By.name: AppliGuRelatedPartyInsuredType
2020/07/14 18:59:36:839 DEBUG com.sinosoft.test.base.TestBase:76 - Trying to find Element By : By.name: AppliGuRelatedPartyInsuredType
2020/07/14 18:59:36:931 DEBUG com.sinosoft.test.base.TestBase:80 - Found Element By : By.name: AppliGuRelatedPartyInsuredType
2020/07/14 18:59:36:971 DEBUG com.sinosoft.test.base.TestBase:76 - Trying to find Element By : By.name: AppliGuRelatedPartyInsuredType
2020/07/14 18:59:37:093 DEBUG com.sinosoft.test.base.TestBase:80 - Found Element By : By.name: AppliGuRelatedPartyInsuredType
2020/07/14 18:59:37:094 DEBUG com.sinosoft.test.base.TestBase:76 - Trying to find Element By : By.tagName: option
2020/07/14 18:59:37:221 DEBUG com.sinosoft.test.base.TestBase:80 - Found Element By : By.tagName: option
2020/07/14 18:59:37:369  INFO com.sinosoft.test.base.TestBase:114 - 找到匹配【2】的选项：2-团体
2020/07/14 18:59:37:369 DEBUG com.sinosoft.test.base.TestBase:76 - Trying to find Element By : By.name: AppliGuRelatedPartyInsuredType
2020/07/14 18:59:37:462 DEBUG com.sinosoft.test.base.TestBase:80 - Found Element By : By.name: AppliGuRelatedPartyInsuredType
2020/07/14 18:59:37:462 DEBUG com.sinosoft.test.base.TestBase:76 - Trying to find Element By : By.xpath: .//option[normalize-space(.) = "2-团体"]
2020/07/14 18:59:37:531 DEBUG com.sinosoft.test.base.TestBase:80 - Found Element By : By.xpath: .//option[normalize-space(.) = "2-团体"]
2020/07/14 18:59:37:571 DEBUG com.sinosoft.test.base.TestBase:123 - setSelectWithStartText 结束！
2020/07/14 18:59:37:572 DEBUG com.sinosoft.test.base.TestBase:76 - Trying to find Element By : By.name: AppliGuRelatedPartyInsuredCode
2020/07/14 18:59:37:668 DEBUG com.sinosoft.test.base.TestBase:80 - Found Element By : By.name: AppliGuRelatedPartyInsuredCode
2020/07/14 18:59:37:670  INFO com.sinosoft.test.base.TestBase:388 - setEditboxTValue:[[InternetExplorerDriver: internet explorer on WINDOWS (b1ac55d7-3b7b-42be-8d0a-fa40eaae3976)] -> name: AppliGuRelatedPartyInsuredCode]->G6200019984
2020/07/14 18:59:37:672 DEBUG com.sinosoft.test.base.TestBase:76 - Trying to find Element By : By.name: AppliGuRelatedPartyInsuredCode
2020/07/14 18:59:37:769 DEBUG com.sinosoft.test.base.TestBase:80 - Found Element By : By.name: AppliGuRelatedPartyInsuredCode
2020/07/14 18:59:38:117 DEBUG com.sinosoft.test.base.TestBase:76 - Trying to find Element By : By.name: AppliGuRelatedPartyInsuredCode
2020/07/14 18:59:38:212 DEBUG com.sinosoft.test.base.TestBase:80 - Found Element By : By.name: AppliGuRelatedPartyInsuredCode
2020/07/14 18:59:43:618 DEBUG com.sinosoft.test.base.TestBase:76 - Trying to find Element By : By.name: buttonSaveCustomer
2020/07/14 18:59:43:711 DEBUG com.sinosoft.test.base.TestBase:80 - Found Element By : By.name: buttonSaveCustomer
2020/07/14 18:59:43:712 DEBUG com.sinosoft.test.base.TestBase:42 - Trying to click on: [[InternetExplorerDriver: internet explorer on WINDOWS (b1ac55d7-3b7b-42be-8d0a-fa40eaae3976)] -> name: buttonSaveCustomer]
2020/07/14 18:59:45:007 DEBUG com.sinosoft.test.base.TestBase:46 - Clicked on: [[InternetExplorerDriver: internet explorer on WINDOWS (b1ac55d7-3b7b-42be-8d0a-fa40eaae3976)] -> name: buttonSaveCustomer]
2020/07/14 18:59:45:222  INFO com.sinosoft.test.base.TestBase:519 - 在保存客户时捕获了一个弹窗：客户已经保存，或不需要保存.
2020/07/14 18:59:45:436 DEBUG com.sinosoft.test.base.TestBase:218 - Alert的标题是：客户已经保存，或不需要保存.
2020/07/14 18:59:46:270 DEBUG com.sinosoft.test.base.TestBase:76 - Trying to find Element By : By.name: AppliGuRelatedPartyInsuredCode
2020/07/14 18:59:46:328 DEBUG com.sinosoft.test.base.TestBase:80 - Found Element By : By.name: AppliGuRelatedPartyInsuredCode
2020/07/14 18:59:46:381 DEBUG com.sinosoft.test.base.TestBase:76 - Trying to find Element By : By.id: saveButton
2020/07/14 18:59:46:502 DEBUG com.sinosoft.test.base.TestBase:80 - Found Element By : By.id: saveButton
2020/07/14 18:59:46:503 DEBUG com.sinosoft.test.base.TestBase:42 - Trying to click on: [[InternetExplorerDriver: internet explorer on WINDOWS (b1ac55d7-3b7b-42be-8d0a-fa40eaae3976)] -> id: saveButton]
2020/07/14 18:59:51:127 DEBUG com.sinosoft.test.base.TestBase:46 - Clicked on: [[InternetExplorerDriver: internet explorer on WINDOWS (b1ac55d7-3b7b-42be-8d0a-fa40eaae3976)] -> id: saveButton]
2020/07/14 18:59:51:127 DEBUG com.sinosoft.test.base.TestBase:88 - 截屏文件名字是：FCCB_TB_JCX_1保存基本信息
2020/07/14 18:59:51:238 DEBUG com.sinosoft.test.base.TestBase:69 - 初始化class com.sinosoft.test.fccp.tbcl.RiskDetail_TypePage
2020/07/14 18:59:56:874 DEBUG com.sinosoft.test.base.TestBase:76 - Trying to find Element By : By.name: GuRiskRiskApplyType
2020/07/14 18:59:57:082 DEBUG com.sinosoft.test.base.TestBase:80 - Found Element By : By.name: GuRiskRiskApplyType
2020/07/14 18:59:57:083 DEBUG com.sinosoft.test.base.TestBase:107 - 投保处理/险种信息
2020/07/14 19:00:00:056 DEBUG com.sinosoft.test.base.TestBase:76 - Trying to find Element By : By.id: RiskItem
2020/07/14 19:00:00:127 DEBUG com.sinosoft.test.base.TestBase:80 - Found Element By : By.id: RiskItem
2020/07/14 19:00:00:128 DEBUG com.sinosoft.test.base.TestBase:76 - Trying to find Element By : By.name: summarySubBusinessNo
2020/07/14 19:00:00:279 DEBUG com.sinosoft.test.base.TestBase:80 - Found Element By : By.name: summarySubBusinessNo
2020/07/14 19:00:00:353 DEBUG com.sinosoft.test.base.TestBase:113 - 投保单号：06201900101202000000000086
2020/07/14 19:00:00:353 DEBUG com.sinosoft.test.base.TestBase:121 - 保存投保单号完毕！
2020/07/14 19:00:05:608 DEBUG com.sinosoft.test.base.TestBase:123 - 返回工作区，准备下一步操作！
2020/07/14 19:00:05:608  INFO com.sinosoft.test.base.TestBase:125 - 开始处理风险类别信息
2020/07/14 19:00:05:608 DEBUG com.sinosoft.test.base.TestBase:76 - Trying to find Element By : By.name: GuRiskRiskApplyType
2020/07/14 19:00:05:654 DEBUG com.sinosoft.test.base.TestBase:80 - Found Element By : By.name: GuRiskRiskApplyType
2020/07/14 19:00:05:654  INFO com.sinosoft.test.base.TestBase:96 - setSelectWithStartText:[[InternetExplorerDriver: internet explorer on WINDOWS (b1ac55d7-3b7b-42be-8d0a-fa40eaae3976)] -> name: GuRiskRiskApplyType]->1
2020/07/14 19:00:05:654 DEBUG com.sinosoft.test.base.TestBase:76 - Trying to find Element By : By.name: GuRiskRiskApplyType
2020/07/14 19:00:05:713 DEBUG com.sinosoft.test.base.TestBase:80 - Found Element By : By.name: GuRiskRiskApplyType
2020/07/14 19:00:05:741 DEBUG com.sinosoft.test.base.TestBase:76 - Trying to find Element By : By.name: GuRiskRiskApplyType
2020/07/14 19:00:05:787 DEBUG com.sinosoft.test.base.TestBase:80 - Found Element By : By.name: GuRiskRiskApplyType
2020/07/14 19:00:05:814 DEBUG com.sinosoft.test.base.TestBase:76 - Trying to find Element By : By.name: GuRiskRiskApplyType
2020/07/14 19:00:05:873 DEBUG com.sinosoft.test.base.TestBase:80 - Found Element By : By.name: GuRiskRiskApplyType
2020/07/14 19:00:05:874 DEBUG com.sinosoft.test.base.TestBase:76 - Trying to find Element By : By.tagName: option
2020/07/14 19:00:05:965 DEBUG com.sinosoft.test.base.TestBase:80 - Found Element By : By.tagName: option
2020/07/14 19:00:06:013  INFO com.sinosoft.test.base.TestBase:114 - 找到匹配【1】的选项：1-全国
2020/07/14 19:00:06:014 DEBUG com.sinosoft.test.base.TestBase:76 - Trying to find Element By : By.name: GuRiskRiskApplyType
2020/07/14 19:00:06:083 DEBUG com.sinosoft.test.base.TestBase:80 - Found Element By : By.name: GuRiskRiskApplyType
2020/07/14 19:00:06:084 DEBUG com.sinosoft.test.base.TestBase:76 - Trying to find Element By : By.xpath: .//option[normalize-space(.) = "1-全国"]
2020/07/14 19:00:06:151 DEBUG com.sinosoft.test.base.TestBase:80 - Found Element By : By.xpath: .//option[normalize-space(.) = "1-全国"]
2020/07/14 19:00:06:179 DEBUG com.sinosoft.test.base.TestBase:123 - setSelectWithStartText 结束！
2020/07/14 19:00:06:180 DEBUG com.sinosoft.test.base.TestBase:76 - Trying to find Element By : By.name: GuRiskCoinsInd
2020/07/14 19:00:06:270 DEBUG com.sinosoft.test.base.TestBase:80 - Found Element By : By.name: GuRiskCoinsInd
2020/07/14 19:00:06:270  INFO com.sinosoft.test.base.TestBase:96 - setSelectWithStartText:[[InternetExplorerDriver: internet explorer on WINDOWS (b1ac55d7-3b7b-42be-8d0a-fa40eaae3976)] -> name: GuRiskCoinsInd]->1
2020/07/14 19:00:06:270 DEBUG com.sinosoft.test.base.TestBase:76 - Trying to find Element By : By.name: GuRiskCoinsInd
2020/07/14 19:00:06:333 DEBUG com.sinosoft.test.base.TestBase:80 - Found Element By : By.name: GuRiskCoinsInd
2020/07/14 19:00:06:358 DEBUG com.sinosoft.test.base.TestBase:76 - Trying to find Element By : By.name: GuRiskCoinsInd
2020/07/14 19:00:06:418 DEBUG com.sinosoft.test.base.TestBase:80 - Found Element By : By.name: GuRiskCoinsInd
2020/07/14 19:00:06:447 DEBUG com.sinosoft.test.base.TestBase:76 - Trying to find Element By : By.name: GuRiskCoinsInd
2020/07/14 19:00:06:530 DEBUG com.sinosoft.test.base.TestBase:80 - Found Element By : By.name: GuRiskCoinsInd
2020/07/14 19:00:06:531 DEBUG com.sinosoft.test.base.TestBase:76 - Trying to find Element By : By.tagName: option
2020/07/14 19:00:06:656 DEBUG com.sinosoft.test.base.TestBase:80 - Found Element By : By.tagName: option
2020/07/14 19:00:06:754  INFO com.sinosoft.test.base.TestBase:114 - 找到匹配【1】的选项：1-主共保
2020/07/14 19:00:06:755 DEBUG com.sinosoft.test.base.TestBase:76 - Trying to find Element By : By.name: GuRiskCoinsInd
2020/07/14 19:00:06:825 DEBUG com.sinosoft.test.base.TestBase:80 - Found Element By : By.name: GuRiskCoinsInd
2020/07/14 19:00:06:825 DEBUG com.sinosoft.test.base.TestBase:76 - Trying to find Element By : By.xpath: .//option[normalize-space(.) = "1-主共保"]
2020/07/14 19:00:06:886 DEBUG com.sinosoft.test.base.TestBase:80 - Found Element By : By.xpath: .//option[normalize-space(.) = "1-主共保"]
2020/07/14 19:00:06:913 DEBUG com.sinosoft.test.base.TestBase:42 - Trying to click on: [[[[InternetExplorerDriver: internet explorer on WINDOWS (b1ac55d7-3b7b-42be-8d0a-fa40eaae3976)] -> name: GuRiskCoinsInd]] -> xpath: .//option[normalize-space(.) = "1-主共保"]]
2020/07/14 19:00:07:123 DEBUG com.sinosoft.test.base.TestBase:46 - Clicked on: [[[[InternetExplorerDriver: internet explorer on WINDOWS (b1ac55d7-3b7b-42be-8d0a-fa40eaae3976)] -> name: GuRiskCoinsInd]] -> xpath: .//option[normalize-space(.) = "1-主共保"]]
2020/07/14 19:00:07:123 DEBUG com.sinosoft.test.base.TestBase:123 - setSelectWithStartText 结束！
2020/07/14 19:00:07:123 DEBUG com.sinosoft.test.base.TestBase:76 - Trying to find Element By : By.name: GuRiskBusinessFlag
2020/07/14 19:00:07:196 DEBUG com.sinosoft.test.base.TestBase:80 - Found Element By : By.name: GuRiskBusinessFlag
2020/07/14 19:00:07:196  INFO com.sinosoft.test.base.TestBase:96 - setSelectWithStartText:[[InternetExplorerDriver: internet explorer on WINDOWS (b1ac55d7-3b7b-42be-8d0a-fa40eaae3976)] -> name: GuRiskBusinessFlag]->1
2020/07/14 19:00:07:196 DEBUG com.sinosoft.test.base.TestBase:76 - Trying to find Element By : By.name: GuRiskBusinessFlag
2020/07/14 19:00:07:246 DEBUG com.sinosoft.test.base.TestBase:80 - Found Element By : By.name: GuRiskBusinessFlag
2020/07/14 19:00:07:269 DEBUG com.sinosoft.test.base.TestBase:76 - Trying to find Element By : By.name: GuRiskBusinessFlag
2020/07/14 19:00:07:333 DEBUG com.sinosoft.test.base.TestBase:80 - Found Element By : By.name: GuRiskBusinessFlag
2020/07/14 19:00:07:364 DEBUG com.sinosoft.test.base.TestBase:76 - Trying to find Element By : By.name: GuRiskBusinessFlag
2020/07/14 19:00:07:434 DEBUG com.sinosoft.test.base.TestBase:80 - Found Element By : By.name: GuRiskBusinessFlag
2020/07/14 19:00:07:434 DEBUG com.sinosoft.test.base.TestBase:76 - Trying to find Element By : By.tagName: option
2020/07/14 19:00:07:490 DEBUG com.sinosoft.test.base.TestBase:80 - Found Element By : By.tagName: option
2020/07/14 19:00:07:639  INFO com.sinosoft.test.base.TestBase:114 - 找到匹配【1】的选项：1-是
2020/07/14 19:00:07:639 DEBUG com.sinosoft.test.base.TestBase:76 - Trying to find Element By : By.name: GuRiskBusinessFlag
2020/07/14 19:00:07:707 DEBUG com.sinosoft.test.base.TestBase:80 - Found Element By : By.name: GuRiskBusinessFlag
2020/07/14 19:00:07:708 DEBUG com.sinosoft.test.base.TestBase:76 - Trying to find Element By : By.xpath: .//option[normalize-space(.) = "1-是"]
2020/07/14 19:00:07:766 DEBUG com.sinosoft.test.base.TestBase:80 - Found Element By : By.xpath: .//option[normalize-space(.) = "1-是"]
2020/07/14 19:00:07:790 DEBUG com.sinosoft.test.base.TestBase:42 - Trying to click on: [[[[InternetExplorerDriver: internet explorer on WINDOWS (b1ac55d7-3b7b-42be-8d0a-fa40eaae3976)] -> name: GuRiskBusinessFlag]] -> xpath: .//option[normalize-space(.) = "1-是"]]
2020/07/14 19:00:08:016 DEBUG com.sinosoft.test.base.TestBase:46 - Clicked on: [[[[InternetExplorerDriver: internet explorer on WINDOWS (b1ac55d7-3b7b-42be-8d0a-fa40eaae3976)] -> name: GuRiskBusinessFlag]] -> xpath: .//option[normalize-space(.) = "1-是"]]
2020/07/14 19:00:08:017 DEBUG com.sinosoft.test.base.TestBase:123 - setSelectWithStartText 结束！
2020/07/14 19:00:08:017 DEBUG com.sinosoft.test.base.TestBase:76 - Trying to find Element By : By.name: GuRiskJudicalCode
2020/07/14 19:00:08:098 DEBUG com.sinosoft.test.base.TestBase:80 - Found Element By : By.name: GuRiskJudicalCode
2020/07/14 19:00:08:098  INFO com.sinosoft.test.base.TestBase:96 - setSelectWithStartText:[[InternetExplorerDriver: internet explorer on WINDOWS (b1ac55d7-3b7b-42be-8d0a-fa40eaae3976)] -> name: GuRiskJudicalCode]->1
2020/07/14 19:00:08:099 DEBUG com.sinosoft.test.base.TestBase:76 - Trying to find Element By : By.name: GuRiskJudicalCode
2020/07/14 19:00:08:167 DEBUG com.sinosoft.test.base.TestBase:80 - Found Element By : By.name: GuRiskJudicalCode
2020/07/14 19:00:08:195 DEBUG com.sinosoft.test.base.TestBase:76 - Trying to find Element By : By.name: GuRiskJudicalCode
2020/07/14 19:00:08:244 DEBUG com.sinosoft.test.base.TestBase:80 - Found Element By : By.name: GuRiskJudicalCode
2020/07/14 19:00:08:270 DEBUG com.sinosoft.test.base.TestBase:76 - Trying to find Element By : By.name: GuRiskJudicalCode
2020/07/14 19:00:08:339 DEBUG com.sinosoft.test.base.TestBase:80 - Found Element By : By.name: GuRiskJudicalCode
2020/07/14 19:00:08:340 DEBUG com.sinosoft.test.base.TestBase:76 - Trying to find Element By : By.tagName: option
2020/07/14 19:00:08:529 DEBUG com.sinosoft.test.base.TestBase:80 - Found Element By : By.tagName: option
2020/07/14 19:00:08:567  INFO com.sinosoft.test.base.TestBase:114 - 找到匹配【1】的选项：1-中华人民共和国管辖(港澳台除外)
2020/07/14 19:00:08:567 DEBUG com.sinosoft.test.base.TestBase:76 - Trying to find Element By : By.name: GuRiskJudicalCode
2020/07/14 19:00:08:648 DEBUG com.sinosoft.test.base.TestBase:80 - Found Element By : By.name: GuRiskJudicalCode
2020/07/14 19:00:08:648 DEBUG com.sinosoft.test.base.TestBase:76 - Trying to find Element By : By.xpath: .//option[normalize-space(.) = "1-中华人民共和国管辖(港澳台除外)"]
2020/07/14 19:00:08:706 DEBUG com.sinosoft.test.base.TestBase:80 - Found Element By : By.xpath: .//option[normalize-space(.) = "1-中华人民共和国管辖(港澳台除外)"]
2020/07/14 19:00:08:733 DEBUG com.sinosoft.test.base.TestBase:123 - setSelectWithStartText 结束！
2020/07/14 19:00:08:733 DEBUG com.sinosoft.test.base.TestBase:76 - Trying to find Element By : By.xpath: //table[@id='InsuredRelatedParty']/tbody/tr[@id='InsuredGuRelatedPartyCorInsuredType']/td/select[@name='InsuredGuRelatedPartyStarLevel']
2020/07/14 19:00:08:800 DEBUG com.sinosoft.test.base.TestBase:80 - Found Element By : By.xpath: //table[@id='InsuredRelatedParty']/tbody/tr[@id='InsuredGuRelatedPartyCorInsuredType']/td/select[@name='InsuredGuRelatedPartyStarLevel']
2020/07/14 19:00:08:801  INFO com.sinosoft.test.base.TestBase:96 - setSelectWithStartText:[[InternetExplorerDriver: internet explorer on WINDOWS (b1ac55d7-3b7b-42be-8d0a-fa40eaae3976)] -> xpath: //table[@id='InsuredRelatedParty']/tbody/tr[@id='InsuredGuRelatedPartyCorInsuredType']/td/select[@name='InsuredGuRelatedPartyStarLevel']]->0
2020/07/14 19:00:08:801 DEBUG com.sinosoft.test.base.TestBase:76 - Trying to find Element By : By.xpath: //table[@id='InsuredRelatedParty']/tbody/tr[@id='InsuredGuRelatedPartyCorInsuredType']/td/select[@name='InsuredGuRelatedPartyStarLevel']
2020/07/14 19:00:08:851 DEBUG com.sinosoft.test.base.TestBase:80 - Found Element By : By.xpath: //table[@id='InsuredRelatedParty']/tbody/tr[@id='InsuredGuRelatedPartyCorInsuredType']/td/select[@name='InsuredGuRelatedPartyStarLevel']
2020/07/14 19:00:08:879 DEBUG com.sinosoft.test.base.TestBase:76 - Trying to find Element By : By.xpath: //table[@id='InsuredRelatedParty']/tbody/tr[@id='InsuredGuRelatedPartyCorInsuredType']/td/select[@name='InsuredGuRelatedPartyStarLevel']
2020/07/14 19:00:08:924 DEBUG com.sinosoft.test.base.TestBase:80 - Found Element By : By.xpath: //table[@id='InsuredRelatedParty']/tbody/tr[@id='InsuredGuRelatedPartyCorInsuredType']/td/select[@name='InsuredGuRelatedPartyStarLevel']
2020/07/14 19:00:08:955 DEBUG com.sinosoft.test.base.TestBase:76 - Trying to find Element By : By.xpath: //table[@id='InsuredRelatedParty']/tbody/tr[@id='InsuredGuRelatedPartyCorInsuredType']/td/select[@name='InsuredGuRelatedPartyStarLevel']
2020/07/14 19:00:09:023 DEBUG com.sinosoft.test.base.TestBase:80 - Found Element By : By.xpath: //table[@id='InsuredRelatedParty']/tbody/tr[@id='InsuredGuRelatedPartyCorInsuredType']/td/select[@name='InsuredGuRelatedPartyStarLevel']
2020/07/14 19:00:09:024 DEBUG com.sinosoft.test.base.TestBase:76 - Trying to find Element By : By.tagName: option
2020/07/14 19:00:09:090 DEBUG com.sinosoft.test.base.TestBase:80 - Found Element By : By.tagName: option
2020/07/14 19:00:09:204  INFO com.sinosoft.test.base.TestBase:114 - 找到匹配【0】的选项：0-普通客户
2020/07/14 19:00:09:204 DEBUG com.sinosoft.test.base.TestBase:76 - Trying to find Element By : By.xpath: //table[@id='InsuredRelatedParty']/tbody/tr[@id='InsuredGuRelatedPartyCorInsuredType']/td/select[@name='InsuredGuRelatedPartyStarLevel']
2020/07/14 19:00:09:270 DEBUG com.sinosoft.test.base.TestBase:80 - Found Element By : By.xpath: //table[@id='InsuredRelatedParty']/tbody/tr[@id='InsuredGuRelatedPartyCorInsuredType']/td/select[@name='InsuredGuRelatedPartyStarLevel']
2020/07/14 19:00:09:271 DEBUG com.sinosoft.test.base.TestBase:76 - Trying to find Element By : By.xpath: .//option[normalize-space(.) = "0-普通客户"]
2020/07/14 19:00:09:306 DEBUG com.sinosoft.test.base.TestBase:80 - Found Element By : By.xpath: .//option[normalize-space(.) = "0-普通客户"]
2020/07/14 19:00:09:355 DEBUG com.sinosoft.test.base.TestBase:42 - Trying to click on: [[[[InternetExplorerDriver: internet explorer on WINDOWS (b1ac55d7-3b7b-42be-8d0a-fa40eaae3976)] -> xpath: //table[@id='InsuredRelatedParty']/tbody/tr[@id='InsuredGuRelatedPartyCorInsuredType']/td/select[@name='InsuredGuRelatedPartyStarLevel']]] -> xpath: .//option[normalize-space(.) = "0-普通客户"]]
2020/07/14 19:00:09:607 DEBUG com.sinosoft.test.base.TestBase:46 - Clicked on: [[[[InternetExplorerDriver: internet explorer on WINDOWS (b1ac55d7-3b7b-42be-8d0a-fa40eaae3976)] -> xpath: //table[@id='InsuredRelatedParty']/tbody/tr[@id='InsuredGuRelatedPartyCorInsuredType']/td/select[@name='InsuredGuRelatedPartyStarLevel']]] -> xpath: .//option[normalize-space(.) = "0-普通客户"]]
2020/07/14 19:00:09:607 DEBUG com.sinosoft.test.base.TestBase:123 - setSelectWithStartText 结束！
2020/07/14 19:00:09:609 DEBUG com.sinosoft.test.base.TestBase:76 - Trying to find Element By : By.xpath: //table[@id='InsuredRelatedParty']/tbody/tr[@id='InsuredGuRelatedPartyVocation']/td/input[@name='InsuredGuRelatedPartyIndustryMainCode']
2020/07/14 19:00:09:667 DEBUG com.sinosoft.test.base.TestBase:80 - Found Element By : By.xpath: //table[@id='InsuredRelatedParty']/tbody/tr[@id='InsuredGuRelatedPartyVocation']/td/input[@name='InsuredGuRelatedPartyIndustryMainCode']
2020/07/14 19:00:09:714 DEBUG com.sinosoft.test.base.TestBase:76 - Trying to find Element By : By.xpath: //table[@id='InsuredRelatedParty']/tbody/tr[@id='InsuredGuRelatedPartyVocation']/td/input[@name='InsuredGuRelatedPartyIndustryMainCode']
2020/07/14 19:00:09:764 DEBUG com.sinosoft.test.base.TestBase:80 - Found Element By : By.xpath: //table[@id='InsuredRelatedParty']/tbody/tr[@id='InsuredGuRelatedPartyVocation']/td/input[@name='InsuredGuRelatedPartyIndustryMainCode']
2020/07/14 19:00:09:764 DEBUG com.sinosoft.test.base.TestBase:42 - CodeSelect:开始设置[[InternetExplorerDriver: internet explorer on WINDOWS (b1ac55d7-3b7b-42be-8d0a-fa40eaae3976)] -> xpath: //table[@id='InsuredRelatedParty']/tbody/tr[@id='InsuredGuRelatedPartyVocation']/td/input[@name='InsuredGuRelatedPartyIndustryMainCode']] & Code=12
2020/07/14 19:00:09:765 DEBUG com.sinosoft.test.base.TestBase:76 - Trying to find Element By : By.xpath: //table[@id='InsuredRelatedParty']/tbody/tr[@id='InsuredGuRelatedPartyVocation']/td/input[@name='InsuredGuRelatedPartyIndustryMainCode']
2020/07/14 19:00:09:793 DEBUG com.sinosoft.test.base.TestBase:80 - Found Element By : By.xpath: //table[@id='InsuredRelatedParty']/tbody/tr[@id='InsuredGuRelatedPartyVocation']/td/input[@name='InsuredGuRelatedPartyIndustryMainCode']
2020/07/14 19:00:11:036 DEBUG com.sinosoft.test.base.TestBase:272 - 系统窗口【黄河财险业务系统】with handle -52dfcffe-4153-483f-867e-edd32a4a8aeb
2020/07/14 19:00:11:693 DEBUG com.sinosoft.test.base.TestBase:272 - 系统窗口【黄河财险业务系统】with handle -52dfcffe-4153-483f-867e-edd32a4a8aeb
2020/07/14 19:00:12:321 DEBUG com.sinosoft.test.base.TestBase:272 - 系统窗口【Code Select】with handle -2487302d-b438-428d-9b06-7ba2d3949a21
2020/07/14 19:00:12:834 DEBUG com.sinosoft.test.base.TestBase:69 - 初始化class com.sinosoft.test.fccp.common.CodeSelectPage
2020/07/14 19:00:12:834 DEBUG com.sinosoft.test.base.TestBase:39 - 基础码表选择！
2020/07/14 19:00:12:834 DEBUG com.sinosoft.test.base.TestBase:76 - Trying to find Element By : By.name: fieldValue
2020/07/14 19:00:13:108 DEBUG com.sinosoft.test.base.TestBase:80 - Found Element By : By.name: fieldValue
2020/07/14 19:00:13:109  INFO com.sinosoft.test.base.TestBase:360 - setEditboxValue:[[InternetExplorerDriver: internet explorer on WINDOWS (b1ac55d7-3b7b-42be-8d0a-fa40eaae3976)] -> name: fieldValue]：12
2020/07/14 19:00:14:225  INFO com.sinosoft.test.base.TestBase:363 - setEditboxValue—End:[[InternetExplorerDriver: internet explorer on WINDOWS (b1ac55d7-3b7b-42be-8d0a-fa40eaae3976)] -> name: fieldValue]：12
2020/07/14 19:00:14:225 DEBUG com.sinosoft.test.base.TestBase:76 - Trying to find Element By : By.xpath: //input[@value='查询(Q)']
2020/07/14 19:00:14:506 DEBUG com.sinosoft.test.base.TestBase:80 - Found Element By : By.xpath: //input[@value='查询(Q)']
2020/07/14 19:00:14:507  INFO com.sinosoft.test.base.TestBase:402 - clickButton:[[InternetExplorerDriver: internet explorer on WINDOWS (b1ac55d7-3b7b-42be-8d0a-fa40eaae3976)] -> xpath: //input[@value='查询(Q)']]
2020/07/14 19:00:14:507 DEBUG com.sinosoft.test.base.TestBase:42 - Trying to click on: [[InternetExplorerDriver: internet explorer on WINDOWS (b1ac55d7-3b7b-42be-8d0a-fa40eaae3976)] -> xpath: //input[@value='查询(Q)']]
2020/07/14 19:00:16:092 DEBUG com.sinosoft.test.base.TestBase:46 - Clicked on: [[InternetExplorerDriver: internet explorer on WINDOWS (b1ac55d7-3b7b-42be-8d0a-fa40eaae3976)] -> xpath: //input[@value='查询(Q)']]
2020/07/14 19:00:16:093 DEBUG com.sinosoft.test.base.TestBase:76 - Trying to find Element By : By.name: codeselect
2020/07/14 19:00:16:378 DEBUG com.sinosoft.test.base.TestBase:80 - Found Element By : By.name: codeselect
2020/07/14 19:00:16:379  INFO com.sinosoft.test.base.TestBase:132 - setFuzzySelect:[[InternetExplorerDriver: internet explorer on WINDOWS (b1ac55d7-3b7b-42be-8d0a-fa40eaae3976)] -> name: codeselect]->12
2020/07/14 19:00:16:926 DEBUG com.sinosoft.test.base.TestBase:76 - Trying to find Element By : By.tagName: option
2020/07/14 19:00:17:238 DEBUG com.sinosoft.test.base.TestBase:80 - Found Element By : By.tagName: option
2020/07/14 19:00:17:527  INFO com.sinosoft.test.base.TestBase:142 - 找到匹配【12】的选项：12--社会团体,机关,事业单位
2020/07/14 19:00:17:527 DEBUG com.sinosoft.test.base.TestBase:76 - Trying to find Element By : By.xpath: .//option[normalize-space(.) = "12--社会团体,机关,事业单位"]
2020/07/14 19:00:17:825 DEBUG com.sinosoft.test.base.TestBase:80 - Found Element By : By.xpath: .//option[normalize-space(.) = "12--社会团体,机关,事业单位"]
2020/07/14 19:00:18:112 DEBUG com.sinosoft.test.base.TestBase:42 - Trying to click on: [[[[InternetExplorerDriver: internet explorer on WINDOWS (b1ac55d7-3b7b-42be-8d0a-fa40eaae3976)] -> name: codeselect]] -> xpath: .//option[normalize-space(.) = "12--社会团体,机关,事业单位"]]
2020/07/14 19:00:18:562 DEBUG com.sinosoft.test.base.TestBase:46 - Clicked on: [[[[InternetExplorerDriver: internet explorer on WINDOWS (b1ac55d7-3b7b-42be-8d0a-fa40eaae3976)] -> name: codeselect]] -> xpath: .//option[normalize-space(.) = "12--社会团体,机关,事业单位"]]
2020/07/14 19:00:18:562 DEBUG com.sinosoft.test.base.TestBase:151 - setFuzzySelect 结束！
2020/07/14 19:00:18:562 DEBUG com.sinosoft.test.base.TestBase:76 - Trying to find Element By : By.name: SelectIt
2020/07/14 19:00:18:848 DEBUG com.sinosoft.test.base.TestBase:80 - Found Element By : By.name: SelectIt
2020/07/14 19:00:18:849  INFO com.sinosoft.test.base.TestBase:416 - jsClickButton:[[InternetExplorerDriver: internet explorer on WINDOWS (b1ac55d7-3b7b-42be-8d0a-fa40eaae3976)] -> name: SelectIt]
2020/07/14 19:00:18:849  INFO com.sinosoft.test.base.TestBase:144 - RunJavaScript:[[InternetExplorerDriver: internet explorer on WINDOWS (b1ac55d7-3b7b-42be-8d0a-fa40eaae3976)] -> name: SelectIt]	arguments[0].click();
2020/07/14 19:00:19:617 DEBUG com.sinosoft.test.base.TestBase:272 - 系统窗口【黄河财险业务系统】with handle -52dfcffe-4153-483f-867e-edd32a4a8aeb
2020/07/14 19:00:24:709 DEBUG com.sinosoft.test.base.TestBase:76 - Trying to find Element By : By.xpath: //table[@id='InsuredRelatedParty']/tbody/tr[@id='InsuredGuRelatedPartyVocation']/td/input[@name='InsuredGuRelatedPartyIndustryMainCode']
2020/07/14 19:00:24:754 DEBUG com.sinosoft.test.base.TestBase:80 - Found Element By : By.xpath: //table[@id='InsuredRelatedParty']/tbody/tr[@id='InsuredGuRelatedPartyVocation']/td/input[@name='InsuredGuRelatedPartyIndustryMainCode']
2020/07/14 19:00:24:755 DEBUG com.sinosoft.test.base.TestBase:49 - CodeSelect:设置完毕[[InternetExplorerDriver: internet explorer on WINDOWS (b1ac55d7-3b7b-42be-8d0a-fa40eaae3976)] -> xpath: //table[@id='InsuredRelatedParty']/tbody/tr[@id='InsuredGuRelatedPartyVocation']/td/input[@name='InsuredGuRelatedPartyIndustryMainCode']] & Code=12
2020/07/14 19:00:24:755 DEBUG com.sinosoft.test.base.TestBase:76 - Trying to find Element By : By.xpath: //table[@id='InsuredRelatedParty']/tbody/tr[@id='InsuredGuRelatedPartyVocation']/td/input[@name='InsuredGuRelatedPartyIndustryKindCode']
2020/07/14 19:00:24:782 DEBUG com.sinosoft.test.base.TestBase:80 - Found Element By : By.xpath: //table[@id='InsuredRelatedParty']/tbody/tr[@id='InsuredGuRelatedPartyVocation']/td/input[@name='InsuredGuRelatedPartyIndustryKindCode']
2020/07/14 19:00:24:818 DEBUG com.sinosoft.test.base.TestBase:76 - Trying to find Element By : By.xpath: //table[@id='InsuredRelatedParty']/tbody/tr[@id='InsuredGuRelatedPartyVocation']/td/input[@name='InsuredGuRelatedPartyIndustryKindCode']
2020/07/14 19:00:24:875 DEBUG com.sinosoft.test.base.TestBase:80 - Found Element By : By.xpath: //table[@id='InsuredRelatedParty']/tbody/tr[@id='InsuredGuRelatedPartyVocation']/td/input[@name='InsuredGuRelatedPartyIndustryKindCode']
2020/07/14 19:00:24:876 DEBUG com.sinosoft.test.base.TestBase:63 - SetCodeEditBox:开始设置:[[InternetExplorerDriver: internet explorer on WINDOWS (b1ac55d7-3b7b-42be-8d0a-fa40eaae3976)] -> xpath: //table[@id='InsuredRelatedParty']/tbody/tr[@id='InsuredGuRelatedPartyVocation']/td/input[@name='InsuredGuRelatedPartyIndustryKindCode']] & Code=12006
2020/07/14 19:00:24:876 DEBUG com.sinosoft.test.base.TestBase:76 - Trying to find Element By : By.xpath: //table[@id='InsuredRelatedParty']/tbody/tr[@id='InsuredGuRelatedPartyVocation']/td/input[@name='InsuredGuRelatedPartyIndustryKindCode']
2020/07/14 19:00:24:917 DEBUG com.sinosoft.test.base.TestBase:80 - Found Element By : By.xpath: //table[@id='InsuredRelatedParty']/tbody/tr[@id='InsuredGuRelatedPartyVocation']/td/input[@name='InsuredGuRelatedPartyIndustryKindCode']
2020/07/14 19:00:25:157 DEBUG com.sinosoft.test.base.TestBase:76 - Trying to find Element By : By.xpath: //table[@id='InsuredRelatedParty']/tbody/tr[@id='InsuredGuRelatedPartyVocation']/td/input[@name='InsuredGuRelatedPartyIndustryKindCode']
2020/07/14 19:00:25:194 DEBUG com.sinosoft.test.base.TestBase:80 - Found Element By : By.xpath: //table[@id='InsuredRelatedParty']/tbody/tr[@id='InsuredGuRelatedPartyVocation']/td/input[@name='InsuredGuRelatedPartyIndustryKindCode']
2020/07/14 19:00:25:859 DEBUG com.sinosoft.test.base.TestBase:76 - Trying to find Element By : By.xpath: //table[@id='InsuredRelatedParty']/tbody/tr[@id='InsuredGuRelatedPartyVocation']/td/input[@name='InsuredGuRelatedPartyIndustryKindCode']
2020/07/14 19:00:25:930 DEBUG com.sinosoft.test.base.TestBase:80 - Found Element By : By.xpath: //table[@id='InsuredRelatedParty']/tbody/tr[@id='InsuredGuRelatedPartyVocation']/td/input[@name='InsuredGuRelatedPartyIndustryKindCode']
2020/07/14 19:00:25:930 DEBUG com.sinosoft.test.base.TestBase:76 - Trying to find Element By : By.xpath: ../input[last()]
2020/07/14 19:00:25:965 DEBUG com.sinosoft.test.base.TestBase:80 - Found Element By : By.xpath: ../input[last()]
2020/07/14 19:00:26:113  INFO com.sinosoft.test.base.TestBase:71 - SetCodeEditBox:找到了Code对应的文本显示框并点击触发显示:InsuredGuRelatedPartyIndustryKindCName
2020/07/14 19:00:26:114 DEBUG com.sinosoft.test.base.TestBase:42 - Trying to click on: [[[[InternetExplorerDriver: internet explorer on WINDOWS (b1ac55d7-3b7b-42be-8d0a-fa40eaae3976)] -> xpath: //table[@id='InsuredRelatedParty']/tbody/tr[@id='InsuredGuRelatedPartyVocation']/td/input[@name='InsuredGuRelatedPartyIndustryKindCode']]] -> xpath: ../input[last()]]
2020/07/14 19:00:27:174 DEBUG com.sinosoft.test.base.TestBase:46 - Clicked on: [[[[InternetExplorerDriver: internet explorer on WINDOWS (b1ac55d7-3b7b-42be-8d0a-fa40eaae3976)] -> xpath: //table[@id='InsuredRelatedParty']/tbody/tr[@id='InsuredGuRelatedPartyVocation']/td/input[@name='InsuredGuRelatedPartyIndustryKindCode']]] -> xpath: ../input[last()]]
2020/07/14 19:00:27:375 DEBUG com.sinosoft.test.base.TestBase:76 - Trying to find Element By : By.xpath: //table[@id='InsuredRelatedParty']/tbody/tr[@id='InsuredGuRelatedPartyVocation']/td/input[@name='InsuredGuRelatedPartyIndustryKindCode']
2020/07/14 19:00:27:429 DEBUG com.sinosoft.test.base.TestBase:80 - Found Element By : By.xpath: //table[@id='InsuredRelatedParty']/tbody/tr[@id='InsuredGuRelatedPartyVocation']/td/input[@name='InsuredGuRelatedPartyIndustryKindCode']
2020/07/14 19:00:27:429 DEBUG com.sinosoft.test.base.TestBase:87 - SetCodeEditBox:设置完毕[[InternetExplorerDriver: internet explorer on WINDOWS (b1ac55d7-3b7b-42be-8d0a-fa40eaae3976)] -> xpath: //table[@id='InsuredRelatedParty']/tbody/tr[@id='InsuredGuRelatedPartyVocation']/td/input[@name='InsuredGuRelatedPartyIndustryKindCode']],设置值 Code=12006
2020/07/14 19:00:27:429  INFO com.sinosoft.test.base.TestBase:157 - 保存险种基本信息
2020/07/14 19:00:27:430 DEBUG com.sinosoft.test.base.TestBase:76 - Trying to find Element By : By.id: saveButton
2020/07/14 19:00:27:478 DEBUG com.sinosoft.test.base.TestBase:80 - Found Element By : By.id: saveButton
2020/07/14 19:00:27:479  INFO com.sinosoft.test.base.TestBase:416 - jsClickButton:[[InternetExplorerDriver: internet explorer on WINDOWS (b1ac55d7-3b7b-42be-8d0a-fa40eaae3976)] -> id: saveButton]
2020/07/14 19:00:27:479 DEBUG com.sinosoft.test.base.TestBase:76 - Trying to find Element By : By.id: saveButton
2020/07/14 19:00:27:551 DEBUG com.sinosoft.test.base.TestBase:80 - Found Element By : By.id: saveButton
2020/07/14 19:00:27:552  INFO com.sinosoft.test.base.TestBase:144 - RunJavaScript:[[InternetExplorerDriver: internet explorer on WINDOWS (b1ac55d7-3b7b-42be-8d0a-fa40eaae3976)] -> id: saveButton]	arguments[0].click();
2020/07/14 19:00:27:552 DEBUG com.sinosoft.test.base.TestBase:76 - Trying to find Element By : By.id: saveButton
2020/07/14 19:00:27:633 DEBUG com.sinosoft.test.base.TestBase:80 - Found Element By : By.id: saveButton
2020/07/14 19:00:28:836 DEBUG com.sinosoft.test.base.TestBase:69 - 初始化class com.sinosoft.test.fccp.tbcl.RiskDetail_insuredObjPage
2020/07/14 19:00:33:744 DEBUG com.sinosoft.test.base.TestBase:76 - Trying to find Element By : By.id: ItemPropertyDetail
2020/07/14 19:00:33:812 DEBUG com.sinosoft.test.base.TestBase:80 - Found Element By : By.id: ItemPropertyDetail
2020/07/14 19:00:33:816 DEBUG com.sinosoft.test.base.TestBase:213 - 进入保险标的信息页面对象！
2020/07/14 19:00:33:816  INFO com.sinosoft.test.base.TestBase:222 - 开始录入标的物信息！
2020/07/14 19:00:33:819 DEBUG com.sinosoft.test.base.TestBase:69 - 初始化class com.sinosoft.test.fccp.tbcl.InsuredObjectInfoPage_0101
2020/07/14 19:00:33:820 DEBUG com.sinosoft.test.base.TestBase:76 - Trying to find Element By : By.name: GuItemPropertyBlockCode
2020/07/14 19:00:33:868 DEBUG com.sinosoft.test.base.TestBase:80 - Found Element By : By.name: GuItemPropertyBlockCode
2020/07/14 19:00:33:869  INFO com.sinosoft.test.base.TestBase:30 - 开始录入标的物信息！
2020/07/14 19:00:33:869 DEBUG com.sinosoft.test.base.TestBase:76 - Trying to find Element By : By.name: GuItemPropertyBlockCode
2020/07/14 19:00:33:924 DEBUG com.sinosoft.test.base.TestBase:80 - Found Element By : By.name: GuItemPropertyBlockCode
2020/07/14 19:00:33:924  INFO com.sinosoft.test.base.TestBase:388 - setEditboxTValue:[[InternetExplorerDriver: internet explorer on WINDOWS (b1ac55d7-3b7b-42be-8d0a-fa40eaae3976)] -> name: GuItemPropertyBlockCode]->121121123123
2020/07/14 19:00:33:924 DEBUG com.sinosoft.test.base.TestBase:76 - Trying to find Element By : By.name: GuItemPropertyBlockCode
2020/07/14 19:00:33:974 DEBUG com.sinosoft.test.base.TestBase:80 - Found Element By : By.name: GuItemPropertyBlockCode
2020/07/14 19:00:34:211 DEBUG com.sinosoft.test.base.TestBase:76 - Trying to find Element By : By.name: GuItemPropertyBlockCode
2020/07/14 19:00:34:267 DEBUG com.sinosoft.test.base.TestBase:80 - Found Element By : By.name: GuItemPropertyBlockCode
2020/07/14 19:00:39:738 DEBUG com.sinosoft.test.base.TestBase:76 - Trying to find Element By : By.name: GuItemPropertyCurrency
2020/07/14 19:00:39:809 DEBUG com.sinosoft.test.base.TestBase:80 - Found Element By : By.name: GuItemPropertyCurrency
2020/07/14 19:00:39:837 DEBUG com.sinosoft.test.base.TestBase:76 - Trying to find Element By : By.name: GuItemPropertyItemProvinceCode
2020/07/14 19:00:39:919 DEBUG com.sinosoft.test.base.TestBase:80 - Found Element By : By.name: GuItemPropertyItemProvinceCode
2020/07/14 19:00:39:943 DEBUG com.sinosoft.test.base.TestBase:76 - Trying to find Element By : By.name: GuItemPropertyItemProvinceCode
2020/07/14 19:00:40:036 DEBUG com.sinosoft.test.base.TestBase:80 - Found Element By : By.name: GuItemPropertyItemProvinceCode
2020/07/14 19:00:40:038 DEBUG com.sinosoft.test.base.TestBase:63 - SetCodeEditBox:开始设置:[[InternetExplorerDriver: internet explorer on WINDOWS (b1ac55d7-3b7b-42be-8d0a-fa40eaae3976)] -> name: GuItemPropertyItemProvinceCode] & Code=130000
2020/07/14 19:00:40:040 DEBUG com.sinosoft.test.base.TestBase:76 - Trying to find Element By : By.name: GuItemPropertyItemProvinceCode
2020/07/14 19:00:40:122 DEBUG com.sinosoft.test.base.TestBase:80 - Found Element By : By.name: GuItemPropertyItemProvinceCode
2020/07/14 19:00:40:378 DEBUG com.sinosoft.test.base.TestBase:76 - Trying to find Element By : By.name: GuItemPropertyItemProvinceCode
2020/07/14 19:00:40:440 DEBUG com.sinosoft.test.base.TestBase:80 - Found Element By : By.name: GuItemPropertyItemProvinceCode
2020/07/14 19:00:41:054 DEBUG com.sinosoft.test.base.TestBase:76 - Trying to find Element By : By.name: GuItemPropertyItemProvinceCode
2020/07/14 19:00:41:156 DEBUG com.sinosoft.test.base.TestBase:80 - Found Element By : By.name: GuItemPropertyItemProvinceCode
2020/07/14 19:00:41:156 DEBUG com.sinosoft.test.base.TestBase:76 - Trying to find Element By : By.xpath: ../input[last()]
2020/07/14 19:00:41:203 DEBUG com.sinosoft.test.base.TestBase:80 - Found Element By : By.xpath: ../input[last()]
2020/07/14 19:00:41:358  INFO com.sinosoft.test.base.TestBase:71 - SetCodeEditBox:找到了Code对应的文本显示框并点击触发显示:GuItemPropertyItemProvinceCName
2020/07/14 19:00:41:359 DEBUG com.sinosoft.test.base.TestBase:42 - Trying to click on: [[[[InternetExplorerDriver: internet explorer on WINDOWS (b1ac55d7-3b7b-42be-8d0a-fa40eaae3976)] -> name: GuItemPropertyItemProvinceCode]] -> xpath: ../input[last()]]
2020/07/14 19:00:42:433 DEBUG com.sinosoft.test.base.TestBase:46 - Clicked on: [[[[InternetExplorerDriver: internet explorer on WINDOWS (b1ac55d7-3b7b-42be-8d0a-fa40eaae3976)] -> name: GuItemPropertyItemProvinceCode]] -> xpath: ../input[last()]]
2020/07/14 19:00:42:634 DEBUG com.sinosoft.test.base.TestBase:76 - Trying to find Element By : By.name: GuItemPropertyItemProvinceCode
2020/07/14 19:00:42:690 DEBUG com.sinosoft.test.base.TestBase:80 - Found Element By : By.name: GuItemPropertyItemProvinceCode
2020/07/14 19:00:42:690 DEBUG com.sinosoft.test.base.TestBase:87 - SetCodeEditBox:设置完毕[[InternetExplorerDriver: internet explorer on WINDOWS (b1ac55d7-3b7b-42be-8d0a-fa40eaae3976)] -> name: GuItemPropertyItemProvinceCode],设置值 Code=130000
2020/07/14 19:00:42:691 DEBUG com.sinosoft.test.base.TestBase:76 - Trying to find Element By : By.name: GuItemPropertyItemCityCode
2020/07/14 19:00:42:749 DEBUG com.sinosoft.test.base.TestBase:80 - Found Element By : By.name: GuItemPropertyItemCityCode
2020/07/14 19:00:42:777 DEBUG com.sinosoft.test.base.TestBase:76 - Trying to find Element By : By.name: GuItemPropertyItemCityCode
2020/07/14 19:00:42:848 DEBUG com.sinosoft.test.base.TestBase:80 - Found Element By : By.name: GuItemPropertyItemCityCode
2020/07/14 19:00:42:849 DEBUG com.sinosoft.test.base.TestBase:63 - SetCodeEditBox:开始设置:[[InternetExplorerDriver: internet explorer on WINDOWS (b1ac55d7-3b7b-42be-8d0a-fa40eaae3976)] -> name: GuItemPropertyItemCityCode] & Code=130300
2020/07/14 19:00:42:849 DEBUG com.sinosoft.test.base.TestBase:76 - Trying to find Element By : By.name: GuItemPropertyItemCityCode
2020/07/14 19:00:42:920 DEBUG com.sinosoft.test.base.TestBase:80 - Found Element By : By.name: GuItemPropertyItemCityCode
2020/07/14 19:00:43:177 DEBUG com.sinosoft.test.base.TestBase:76 - Trying to find Element By : By.name: GuItemPropertyItemCityCode
2020/07/14 19:00:43:236 DEBUG com.sinosoft.test.base.TestBase:80 - Found Element By : By.name: GuItemPropertyItemCityCode
2020/07/14 19:00:43:824 DEBUG com.sinosoft.test.base.TestBase:76 - Trying to find Element By : By.name: GuItemPropertyItemCityCode
2020/07/14 19:00:43:870 DEBUG com.sinosoft.test.base.TestBase:80 - Found Element By : By.name: GuItemPropertyItemCityCode
2020/07/14 19:00:43:871 DEBUG com.sinosoft.test.base.TestBase:76 - Trying to find Element By : By.xpath: ../input[last()]
2020/07/14 19:00:43:938 DEBUG com.sinosoft.test.base.TestBase:80 - Found Element By : By.xpath: ../input[last()]
2020/07/14 19:00:44:071  INFO com.sinosoft.test.base.TestBase:71 - SetCodeEditBox:找到了Code对应的文本显示框并点击触发显示:GuItemPropertyItemCityCName
2020/07/14 19:00:44:071 DEBUG com.sinosoft.test.base.TestBase:42 - Trying to click on: [[[[InternetExplorerDriver: internet explorer on WINDOWS (b1ac55d7-3b7b-42be-8d0a-fa40eaae3976)] -> name: GuItemPropertyItemCityCode]] -> xpath: ../input[last()]]
2020/07/14 19:00:45:100 DEBUG com.sinosoft.test.base.TestBase:46 - Clicked on: [[[[InternetExplorerDriver: internet explorer on WINDOWS (b1ac55d7-3b7b-42be-8d0a-fa40eaae3976)] -> name: GuItemPropertyItemCityCode]] -> xpath: ../input[last()]]
2020/07/14 19:00:45:302 DEBUG com.sinosoft.test.base.TestBase:76 - Trying to find Element By : By.name: GuItemPropertyItemCityCode
2020/07/14 19:00:45:370 DEBUG com.sinosoft.test.base.TestBase:80 - Found Element By : By.name: GuItemPropertyItemCityCode
2020/07/14 19:00:45:370 DEBUG com.sinosoft.test.base.TestBase:87 - SetCodeEditBox:设置完毕[[InternetExplorerDriver: internet explorer on WINDOWS (b1ac55d7-3b7b-42be-8d0a-fa40eaae3976)] -> name: GuItemPropertyItemCityCode],设置值 Code=130300
2020/07/14 19:00:45:370 DEBUG com.sinosoft.test.base.TestBase:76 - Trying to find Element By : By.name: GuItemPropertyItemPostalCode
2020/07/14 19:00:45:438 DEBUG com.sinosoft.test.base.TestBase:80 - Found Element By : By.name: GuItemPropertyItemPostalCode
2020/07/14 19:00:45:439  INFO com.sinosoft.test.base.TestBase:360 - setEditboxValue:[[InternetExplorerDriver: internet explorer on WINDOWS (b1ac55d7-3b7b-42be-8d0a-fa40eaae3976)] -> name: GuItemPropertyItemPostalCode]：065201
2020/07/14 19:00:45:439 DEBUG com.sinosoft.test.base.TestBase:76 - Trying to find Element By : By.name: GuItemPropertyItemPostalCode
2020/07/14 19:00:45:485 DEBUG com.sinosoft.test.base.TestBase:80 - Found Element By : By.name: GuItemPropertyItemPostalCode
2020/07/14 19:00:45:740 DEBUG com.sinosoft.test.base.TestBase:76 - Trying to find Element By : By.name: GuItemPropertyItemPostalCode
2020/07/14 19:00:45:799 DEBUG com.sinosoft.test.base.TestBase:80 - Found Element By : By.name: GuItemPropertyItemPostalCode
2020/07/14 19:00:46:208 DEBUG com.sinosoft.test.base.TestBase:76 - Trying to find Element By : By.name: GuItemPropertyItemPostalCode
2020/07/14 19:00:46:268 DEBUG com.sinosoft.test.base.TestBase:80 - Found Element By : By.name: GuItemPropertyItemPostalCode
2020/07/14 19:00:46:269  INFO com.sinosoft.test.base.TestBase:363 - setEditboxValue—End:[[InternetExplorerDriver: internet explorer on WINDOWS (b1ac55d7-3b7b-42be-8d0a-fa40eaae3976)] -> name: GuItemPropertyItemPostalCode]：065201
2020/07/14 19:00:46:269 DEBUG com.sinosoft.test.base.TestBase:76 - Trying to find Element By : By.name: GuItemPropertyConstruction
2020/07/14 19:00:46:337 DEBUG com.sinosoft.test.base.TestBase:80 - Found Element By : By.name: GuItemPropertyConstruction
2020/07/14 19:00:46:372 DEBUG com.sinosoft.test.base.TestBase:76 - Trying to find Element By : By.name: GuItemPropertySituation
2020/07/14 19:00:46:441 DEBUG com.sinosoft.test.base.TestBase:80 - Found Element By : By.name: GuItemPropertySituation
2020/07/14 19:00:46:441  INFO com.sinosoft.test.base.TestBase:360 - setEditboxValue:[[InternetExplorerDriver: internet explorer on WINDOWS (b1ac55d7-3b7b-42be-8d0a-fa40eaae3976)] -> name: GuItemPropertySituation]：北戴河公园
2020/07/14 19:00:46:442 DEBUG com.sinosoft.test.base.TestBase:76 - Trying to find Element By : By.name: GuItemPropertySituation
2020/07/14 19:00:46:503 DEBUG com.sinosoft.test.base.TestBase:80 - Found Element By : By.name: GuItemPropertySituation
2020/07/14 19:00:46:799 DEBUG com.sinosoft.test.base.TestBase:76 - Trying to find Element By : By.name: GuItemPropertySituation
2020/07/14 19:00:46:882 DEBUG com.sinosoft.test.base.TestBase:80 - Found Element By : By.name: GuItemPropertySituation
2020/07/14 19:00:47:332 DEBUG com.sinosoft.test.base.TestBase:76 - Trying to find Element By : By.name: GuItemPropertySituation
2020/07/14 19:00:47:412 DEBUG com.sinosoft.test.base.TestBase:80 - Found Element By : By.name: GuItemPropertySituation
2020/07/14 19:00:47:413  INFO com.sinosoft.test.base.TestBase:363 - setEditboxValue—End:[[InternetExplorerDriver: internet explorer on WINDOWS (b1ac55d7-3b7b-42be-8d0a-fa40eaae3976)] -> name: GuItemPropertySituation]：北戴河公园
2020/07/14 19:00:47:415 DEBUG com.sinosoft.test.base.TestBase:232 - 开始录入险种明细信息
2020/07/14 19:00:47:416 DEBUG com.sinosoft.test.base.TestBase:76 - Trying to find Element By : By.id: ItemPropertyDetail
2020/07/14 19:00:47:497 DEBUG com.sinosoft.test.base.TestBase:80 - Found Element By : By.id: ItemPropertyDetail
2020/07/14 19:00:47:499  INFO com.sinosoft.test.base.TestBase:406 - clickElement:[[InternetExplorerDriver: internet explorer on WINDOWS (b1ac55d7-3b7b-42be-8d0a-fa40eaae3976)] -> id: ItemPropertyDetail]
2020/07/14 19:00:47:500 DEBUG com.sinosoft.test.base.TestBase:76 - Trying to find Element By : By.id: ItemPropertyDetail
2020/07/14 19:00:47:563 DEBUG com.sinosoft.test.base.TestBase:80 - Found Element By : By.id: ItemPropertyDetail
2020/07/14 19:00:47:565 DEBUG com.sinosoft.test.base.TestBase:42 - Trying to click on: [[InternetExplorerDriver: internet explorer on WINDOWS (b1ac55d7-3b7b-42be-8d0a-fa40eaae3976)] -> id: ItemPropertyDetail]
2020/07/14 19:00:48:839 DEBUG com.sinosoft.test.base.TestBase:46 - Clicked on: [[InternetExplorerDriver: internet explorer on WINDOWS (b1ac55d7-3b7b-42be-8d0a-fa40eaae3976)] -> id: ItemPropertyDetail]
2020/07/14 19:00:48:839 DEBUG com.sinosoft.test.base.TestBase:76 - Trying to find Element By : By.id: ItemPropertyDetail
2020/07/14 19:00:48:886 DEBUG com.sinosoft.test.base.TestBase:80 - Found Element By : By.id: ItemPropertyDetail
2020/07/14 19:00:48:887 DEBUG com.sinosoft.test.base.TestBase:76 - Trying to find Element By : By.name: GuItemPropertyDetailItemDetailCode
2020/07/14 19:00:48:922 DEBUG com.sinosoft.test.base.TestBase:80 - Found Element By : By.name: GuItemPropertyDetailItemDetailCode
2020/07/14 19:00:48:923 DEBUG com.sinosoft.test.base.TestBase:76 - Trying to find Element By : By.id: ItemPropertyDetail
2020/07/14 19:00:48:991 DEBUG com.sinosoft.test.base.TestBase:80 - Found Element By : By.id: ItemPropertyDetail
2020/07/14 19:00:48:992 DEBUG com.sinosoft.test.base.TestBase:76 - Trying to find Element By : By.name: GuItemPropertyDetailItemDetailList
2020/07/14 19:00:49:020 DEBUG com.sinosoft.test.base.TestBase:80 - Found Element By : By.name: GuItemPropertyDetailItemDetailList
2020/07/14 19:00:49:055 DEBUG com.sinosoft.test.base.TestBase:42 - CodeSelect:开始设置[[[[InternetExplorerDriver: internet explorer on WINDOWS (b1ac55d7-3b7b-42be-8d0a-fa40eaae3976)] -> id: ItemPropertyDetail]] -> name: GuItemPropertyDetailItemDetailCode] & Code=010001
2020/07/14 19:00:50:168 DEBUG com.sinosoft.test.base.TestBase:272 - 系统窗口【黄河财险业务系统】with handle -52dfcffe-4153-483f-867e-edd32a4a8aeb
2020/07/14 19:00:50:873 DEBUG com.sinosoft.test.base.TestBase:272 - 系统窗口【黄河财险业务系统】with handle -52dfcffe-4153-483f-867e-edd32a4a8aeb
2020/07/14 19:00:51:505 DEBUG com.sinosoft.test.base.TestBase:272 - 系统窗口【Code Select】with handle -778e32c8-f0c4-4d38-9ef9-32bc93dc1254
2020/07/14 19:00:52:016 DEBUG com.sinosoft.test.base.TestBase:69 - 初始化class com.sinosoft.test.fccp.common.CodeSelectPage
2020/07/14 19:00:52:016 DEBUG com.sinosoft.test.base.TestBase:39 - 基础码表选择！
2020/07/14 19:00:52:017 DEBUG com.sinosoft.test.base.TestBase:76 - Trying to find Element By : By.name: fieldValue
2020/07/14 19:00:52:287 DEBUG com.sinosoft.test.base.TestBase:80 - Found Element By : By.name: fieldValue
2020/07/14 19:00:52:287  INFO com.sinosoft.test.base.TestBase:360 - setEditboxValue:[[InternetExplorerDriver: internet explorer on WINDOWS (b1ac55d7-3b7b-42be-8d0a-fa40eaae3976)] -> name: fieldValue]：010001
2020/07/14 19:00:53:393  INFO com.sinosoft.test.base.TestBase:363 - setEditboxValue—End:[[InternetExplorerDriver: internet explorer on WINDOWS (b1ac55d7-3b7b-42be-8d0a-fa40eaae3976)] -> name: fieldValue]：010001
2020/07/14 19:00:53:393 DEBUG com.sinosoft.test.base.TestBase:76 - Trying to find Element By : By.xpath: //input[@value='查询(Q)']
2020/07/14 19:00:53:669 DEBUG com.sinosoft.test.base.TestBase:80 - Found Element By : By.xpath: //input[@value='查询(Q)']
2020/07/14 19:00:53:670  INFO com.sinosoft.test.base.TestBase:402 - clickButton:[[InternetExplorerDriver: internet explorer on WINDOWS (b1ac55d7-3b7b-42be-8d0a-fa40eaae3976)] -> xpath: //input[@value='查询(Q)']]
2020/07/14 19:00:53:671 DEBUG com.sinosoft.test.base.TestBase:42 - Trying to click on: [[InternetExplorerDriver: internet explorer on WINDOWS (b1ac55d7-3b7b-42be-8d0a-fa40eaae3976)] -> xpath: //input[@value='查询(Q)']]
2020/07/14 19:00:55:243 DEBUG com.sinosoft.test.base.TestBase:46 - Clicked on: [[InternetExplorerDriver: internet explorer on WINDOWS (b1ac55d7-3b7b-42be-8d0a-fa40eaae3976)] -> xpath: //input[@value='查询(Q)']]
2020/07/14 19:00:55:244 DEBUG com.sinosoft.test.base.TestBase:76 - Trying to find Element By : By.name: codeselect
2020/07/14 19:00:55:532 DEBUG com.sinosoft.test.base.TestBase:80 - Found Element By : By.name: codeselect
2020/07/14 19:00:55:532  INFO com.sinosoft.test.base.TestBase:132 - setFuzzySelect:[[InternetExplorerDriver: internet explorer on WINDOWS (b1ac55d7-3b7b-42be-8d0a-fa40eaae3976)] -> name: codeselect]->010001
2020/07/14 19:00:56:069 DEBUG com.sinosoft.test.base.TestBase:76 - Trying to find Element By : By.tagName: option
2020/07/14 19:00:56:359 DEBUG com.sinosoft.test.base.TestBase:80 - Found Element By : By.tagName: option
2020/07/14 19:00:56:646  INFO com.sinosoft.test.base.TestBase:142 - 找到匹配【010001】的选项：010001--固定资产
2020/07/14 19:00:56:647 DEBUG com.sinosoft.test.base.TestBase:76 - Trying to find Element By : By.xpath: .//option[normalize-space(.) = "010001--固定资产"]
2020/07/14 19:00:56:946 DEBUG com.sinosoft.test.base.TestBase:80 - Found Element By : By.xpath: .//option[normalize-space(.) = "010001--固定资产"]
2020/07/14 19:00:57:232 DEBUG com.sinosoft.test.base.TestBase:42 - Trying to click on: [[[[InternetExplorerDriver: internet explorer on WINDOWS (b1ac55d7-3b7b-42be-8d0a-fa40eaae3976)] -> name: codeselect]] -> xpath: .//option[normalize-space(.) = "010001--固定资产"]]
2020/07/14 19:00:57:660 DEBUG com.sinosoft.test.base.TestBase:46 - Clicked on: [[[[InternetExplorerDriver: internet explorer on WINDOWS (b1ac55d7-3b7b-42be-8d0a-fa40eaae3976)] -> name: codeselect]] -> xpath: .//option[normalize-space(.) = "010001--固定资产"]]
2020/07/14 19:00:57:661 DEBUG com.sinosoft.test.base.TestBase:151 - setFuzzySelect 结束！
2020/07/14 19:00:57:661 DEBUG com.sinosoft.test.base.TestBase:76 - Trying to find Element By : By.name: SelectIt
2020/07/14 19:00:57:935 DEBUG com.sinosoft.test.base.TestBase:80 - Found Element By : By.name: SelectIt
2020/07/14 19:00:57:937  INFO com.sinosoft.test.base.TestBase:416 - jsClickButton:[[InternetExplorerDriver: internet explorer on WINDOWS (b1ac55d7-3b7b-42be-8d0a-fa40eaae3976)] -> name: SelectIt]
2020/07/14 19:00:57:938  INFO com.sinosoft.test.base.TestBase:144 - RunJavaScript:[[InternetExplorerDriver: internet explorer on WINDOWS (b1ac55d7-3b7b-42be-8d0a-fa40eaae3976)] -> name: SelectIt]	arguments[0].click();
2020/07/14 19:00:58:721 DEBUG com.sinosoft.test.base.TestBase:272 - 系统窗口【黄河财险业务系统】with handle -52dfcffe-4153-483f-867e-edd32a4a8aeb
2020/07/14 19:01:03:656 DEBUG com.sinosoft.test.base.TestBase:49 - CodeSelect:设置完毕[[[[InternetExplorerDriver: internet explorer on WINDOWS (b1ac55d7-3b7b-42be-8d0a-fa40eaae3976)] -> id: ItemPropertyDetail]] -> name: GuItemPropertyDetailItemDetailCode] & Code=010001
2020/07/14 19:01:03:656  INFO com.sinosoft.test.base.TestBase:360 - setEditboxValue:[[[[InternetExplorerDriver: internet explorer on WINDOWS (b1ac55d7-3b7b-42be-8d0a-fa40eaae3976)] -> id: ItemPropertyDetail]] -> name: GuItemPropertyDetailItemDetailList]：碣石公园礁石群
2020/07/14 19:01:04:253  INFO com.sinosoft.test.base.TestBase:363 - setEditboxValue—End:[[[[InternetExplorerDriver: internet explorer on WINDOWS (b1ac55d7-3b7b-42be-8d0a-fa40eaae3976)] -> id: ItemPropertyDetail]] -> name: GuItemPropertyDetailItemDetailList]：碣石公园礁石群
2020/07/14 19:01:04:254 DEBUG com.sinosoft.test.base.TestBase:76 - Trying to find Element By : By.id: ItemPropertyDetail
2020/07/14 19:01:04:321 DEBUG com.sinosoft.test.base.TestBase:80 - Found Element By : By.id: ItemPropertyDetail
2020/07/14 19:01:04:322 DEBUG com.sinosoft.test.base.TestBase:76 - Trying to find Element By : By.name: GuItemKindKindCode
2020/07/14 19:01:04:382 DEBUG com.sinosoft.test.base.TestBase:80 - Found Element By : By.name: GuItemKindKindCode
2020/07/14 19:01:04:406 DEBUG com.sinosoft.test.base.TestBase:42 - CodeSelect:开始设置[[[[InternetExplorerDriver: internet explorer on WINDOWS (b1ac55d7-3b7b-42be-8d0a-fa40eaae3976)] -> id: ItemPropertyDetail]] -> name: GuItemKindKindCode] & Code=0101001
2020/07/14 19:01:05:582 DEBUG com.sinosoft.test.base.TestBase:272 - 系统窗口【黄河财险业务系统】with handle -52dfcffe-4153-483f-867e-edd32a4a8aeb
2020/07/14 19:01:06:716 DEBUG com.sinosoft.test.base.TestBase:272 - 系统窗口【Code Select】with handle -52149dd0-74fb-4f5c-954f-50c886e91f97
2020/07/14 19:01:07:228 DEBUG com.sinosoft.test.base.TestBase:69 - 初始化class com.sinosoft.test.fccp.common.CodeSelectPage
2020/07/14 19:01:07:230 DEBUG com.sinosoft.test.base.TestBase:39 - 基础码表选择！
2020/07/14 19:01:07:230 DEBUG com.sinosoft.test.base.TestBase:76 - Trying to find Element By : By.name: fieldValue
2020/07/14 19:01:07:502 DEBUG com.sinosoft.test.base.TestBase:80 - Found Element By : By.name: fieldValue
2020/07/14 19:01:07:502  INFO com.sinosoft.test.base.TestBase:360 - setEditboxValue:[[InternetExplorerDriver: internet explorer on WINDOWS (b1ac55d7-3b7b-42be-8d0a-fa40eaae3976)] -> name: fieldValue]：0101001
2020/07/14 19:01:08:584  INFO com.sinosoft.test.base.TestBase:363 - setEditboxValue—End:[[InternetExplorerDriver: internet explorer on WINDOWS (b1ac55d7-3b7b-42be-8d0a-fa40eaae3976)] -> name: fieldValue]：0101001
2020/07/14 19:01:08:584 DEBUG com.sinosoft.test.base.TestBase:76 - Trying to find Element By : By.xpath: //input[@value='查询(Q)']
2020/07/14 19:01:08:868 DEBUG com.sinosoft.test.base.TestBase:80 - Found Element By : By.xpath: //input[@value='查询(Q)']
2020/07/14 19:01:08:869  INFO com.sinosoft.test.base.TestBase:402 - clickButton:[[InternetExplorerDriver: internet explorer on WINDOWS (b1ac55d7-3b7b-42be-8d0a-fa40eaae3976)] -> xpath: //input[@value='查询(Q)']]
2020/07/14 19:01:08:869 DEBUG com.sinosoft.test.base.TestBase:42 - Trying to click on: [[InternetExplorerDriver: internet explorer on WINDOWS (b1ac55d7-3b7b-42be-8d0a-fa40eaae3976)] -> xpath: //input[@value='查询(Q)']]
2020/07/14 19:01:10:423 DEBUG com.sinosoft.test.base.TestBase:46 - Clicked on: [[InternetExplorerDriver: internet explorer on WINDOWS (b1ac55d7-3b7b-42be-8d0a-fa40eaae3976)] -> xpath: //input[@value='查询(Q)']]
2020/07/14 19:01:10:423 DEBUG com.sinosoft.test.base.TestBase:76 - Trying to find Element By : By.name: codeselect
2020/07/14 19:01:10:711 DEBUG com.sinosoft.test.base.TestBase:80 - Found Element By : By.name: codeselect
2020/07/14 19:01:10:712  INFO com.sinosoft.test.base.TestBase:132 - setFuzzySelect:[[InternetExplorerDriver: internet explorer on WINDOWS (b1ac55d7-3b7b-42be-8d0a-fa40eaae3976)] -> name: codeselect]->0101001
2020/07/14 19:01:11:250 DEBUG com.sinosoft.test.base.TestBase:76 - Trying to find Element By : By.tagName: option
2020/07/14 19:01:11:539 DEBUG com.sinosoft.test.base.TestBase:80 - Found Element By : By.tagName: option
2020/07/14 19:01:11:833  INFO com.sinosoft.test.base.TestBase:142 - 找到匹配【0101001】的选项：0101001--财产基本险（2019版）
2020/07/14 19:01:11:834 DEBUG com.sinosoft.test.base.TestBase:76 - Trying to find Element By : By.xpath: .//option[normalize-space(.) = "0101001--财产基本险（2019版）"]
2020/07/14 19:01:12:134 DEBUG com.sinosoft.test.base.TestBase:80 - Found Element By : By.xpath: .//option[normalize-space(.) = "0101001--财产基本险（2019版）"]
2020/07/14 19:01:12:449 DEBUG com.sinosoft.test.base.TestBase:42 - Trying to click on: [[[[InternetExplorerDriver: internet explorer on WINDOWS (b1ac55d7-3b7b-42be-8d0a-fa40eaae3976)] -> name: codeselect]] -> xpath: .//option[normalize-space(.) = "0101001--财产基本险（2019版）"]]
2020/07/14 19:01:12:892 DEBUG com.sinosoft.test.base.TestBase:46 - Clicked on: [[[[InternetExplorerDriver: internet explorer on WINDOWS (b1ac55d7-3b7b-42be-8d0a-fa40eaae3976)] -> name: codeselect]] -> xpath: .//option[normalize-space(.) = "0101001--财产基本险（2019版）"]]
2020/07/14 19:01:12:892 DEBUG com.sinosoft.test.base.TestBase:151 - setFuzzySelect 结束！
2020/07/14 19:01:12:892 DEBUG com.sinosoft.test.base.TestBase:76 - Trying to find Element By : By.name: SelectIt
2020/07/14 19:01:13:170 DEBUG com.sinosoft.test.base.TestBase:80 - Found Element By : By.name: SelectIt
2020/07/14 19:01:13:170  INFO com.sinosoft.test.base.TestBase:416 - jsClickButton:[[InternetExplorerDriver: internet explorer on WINDOWS (b1ac55d7-3b7b-42be-8d0a-fa40eaae3976)] -> name: SelectIt]
2020/07/14 19:01:13:171  INFO com.sinosoft.test.base.TestBase:144 - RunJavaScript:[[InternetExplorerDriver: internet explorer on WINDOWS (b1ac55d7-3b7b-42be-8d0a-fa40eaae3976)] -> name: SelectIt]	arguments[0].click();
2020/07/14 19:01:13:960 DEBUG com.sinosoft.test.base.TestBase:272 - 系统窗口【黄河财险业务系统】with handle -52dfcffe-4153-483f-867e-edd32a4a8aeb
2020/07/14 19:01:18:953 DEBUG com.sinosoft.test.base.TestBase:49 - CodeSelect:设置完毕[[[[InternetExplorerDriver: internet explorer on WINDOWS (b1ac55d7-3b7b-42be-8d0a-fa40eaae3976)] -> id: ItemPropertyDetail]] -> name: GuItemKindKindCode] & Code=0101001
2020/07/14 19:01:18:953 DEBUG com.sinosoft.test.base.TestBase:76 - Trying to find Element By : By.id: ItemPropertyDetail
2020/07/14 19:01:19:002 DEBUG com.sinosoft.test.base.TestBase:80 - Found Element By : By.id: ItemPropertyDetail
2020/07/14 19:01:19:003 DEBUG com.sinosoft.test.base.TestBase:76 - Trying to find Element By : By.name: GuItemKindCalculateInd
2020/07/14 19:01:19:029 DEBUG com.sinosoft.test.base.TestBase:80 - Found Element By : By.name: GuItemKindCalculateInd
2020/07/14 19:01:19:090 DEBUG com.sinosoft.test.base.TestBase:76 - Trying to find Element By : By.id: ItemPropertyDetail
2020/07/14 19:01:19:171 DEBUG com.sinosoft.test.base.TestBase:80 - Found Element By : By.id: ItemPropertyDetail
2020/07/14 19:01:19:171 DEBUG com.sinosoft.test.base.TestBase:76 - Trying to find Element By : By.name: GuItemKindValueType
2020/07/14 19:01:19:221 DEBUG com.sinosoft.test.base.TestBase:80 - Found Element By : By.name: GuItemKindValueType
2020/07/14 19:01:19:223  INFO com.sinosoft.test.base.TestBase:96 - setSelectWithStartText:[[[[InternetExplorerDriver: internet explorer on WINDOWS (b1ac55d7-3b7b-42be-8d0a-fa40eaae3976)] -> id: ItemPropertyDetail]] -> name: GuItemKindValueType]->10
2020/07/14 19:01:19:267 DEBUG com.sinosoft.test.base.TestBase:76 - Trying to find Element By : By.tagName: option
2020/07/14 19:01:19:438 DEBUG com.sinosoft.test.base.TestBase:80 - Found Element By : By.tagName: option
2020/07/14 19:01:19:603  INFO com.sinosoft.test.base.TestBase:114 - 找到匹配【10】的选项：10-出险时市场价值
2020/07/14 19:01:19:604 DEBUG com.sinosoft.test.base.TestBase:76 - Trying to find Element By : By.xpath: .//option[normalize-space(.) = "10-出险时市场价值"]
2020/07/14 19:01:19:672 DEBUG com.sinosoft.test.base.TestBase:80 - Found Element By : By.xpath: .//option[normalize-space(.) = "10-出险时市场价值"]
2020/07/14 19:01:19:697 DEBUG com.sinosoft.test.base.TestBase:42 - Trying to click on: [[[[[[InternetExplorerDriver: internet explorer on WINDOWS (b1ac55d7-3b7b-42be-8d0a-fa40eaae3976)] -> id: ItemPropertyDetail]] -> name: GuItemKindValueType]] -> xpath: .//option[normalize-space(.) = "10-出险时市场价值"]]
2020/07/14 19:01:19:965 DEBUG com.sinosoft.test.base.TestBase:46 - Clicked on: [[[[[[InternetExplorerDriver: internet explorer on WINDOWS (b1ac55d7-3b7b-42be-8d0a-fa40eaae3976)] -> id: ItemPropertyDetail]] -> name: GuItemKindValueType]] -> xpath: .//option[normalize-space(.) = "10-出险时市场价值"]]
2020/07/14 19:01:19:965 DEBUG com.sinosoft.test.base.TestBase:123 - setSelectWithStartText 结束！
2020/07/14 19:01:19:965 DEBUG com.sinosoft.test.base.TestBase:76 - Trying to find Element By : By.id: ItemPropertyDetail
2020/07/14 19:01:20:026 DEBUG com.sinosoft.test.base.TestBase:80 - Found Element By : By.id: ItemPropertyDetail
2020/07/14 19:01:20:026 DEBUG com.sinosoft.test.base.TestBase:76 - Trying to find Element By : By.name: GuItemKindSumInsured
2020/07/14 19:01:20:086 DEBUG com.sinosoft.test.base.TestBase:80 - Found Element By : By.name: GuItemKindSumInsured
2020/07/14 19:01:20:088  INFO com.sinosoft.test.base.TestBase:360 - setEditboxValue:[[[[InternetExplorerDriver: internet explorer on WINDOWS (b1ac55d7-3b7b-42be-8d0a-fa40eaae3976)] -> id: ItemPropertyDetail]] -> name: GuItemKindSumInsured]：2000000
2020/07/14 19:01:20:818  INFO com.sinosoft.test.base.TestBase:363 - setEditboxValue—End:[[[[InternetExplorerDriver: internet explorer on WINDOWS (b1ac55d7-3b7b-42be-8d0a-fa40eaae3976)] -> id: ItemPropertyDetail]] -> name: GuItemKindSumInsured]：2000000
2020/07/14 19:01:20:818 DEBUG com.sinosoft.test.base.TestBase:76 - Trying to find Element By : By.xpath: //table[@id='ItemPropertyDetailKind']/tbody/tr/td/input[@name='GuItemKindRate']
2020/07/14 19:01:20:853 DEBUG com.sinosoft.test.base.TestBase:80 - Found Element By : By.xpath: //table[@id='ItemPropertyDetailKind']/tbody/tr/td/input[@name='GuItemKindRate']
2020/07/14 19:01:20:854  INFO com.sinosoft.test.base.TestBase:388 - setEditboxTValue:[[InternetExplorerDriver: internet explorer on WINDOWS (b1ac55d7-3b7b-42be-8d0a-fa40eaae3976)] -> xpath: //table[@id='ItemPropertyDetailKind']/tbody/tr/td/input[@name='GuItemKindRate']]->0.5
2020/07/14 19:01:20:854 DEBUG com.sinosoft.test.base.TestBase:76 - Trying to find Element By : By.xpath: //table[@id='ItemPropertyDetailKind']/tbody/tr/td/input[@name='GuItemKindRate']
2020/07/14 19:01:20:935 DEBUG com.sinosoft.test.base.TestBase:80 - Found Element By : By.xpath: //table[@id='ItemPropertyDetailKind']/tbody/tr/td/input[@name='GuItemKindRate']
2020/07/14 19:01:21:295 DEBUG com.sinosoft.test.base.TestBase:76 - Trying to find Element By : By.xpath: //table[@id='ItemPropertyDetailKind']/tbody/tr/td/input[@name='GuItemKindRate']
2020/07/14 19:01:21:363 DEBUG com.sinosoft.test.base.TestBase:80 - Found Element By : By.xpath: //table[@id='ItemPropertyDetailKind']/tbody/tr/td/input[@name='GuItemKindRate']
2020/07/14 19:01:26:849 DEBUG com.sinosoft.test.base.TestBase:76 - Trying to find Element By : By.xpath: //table[@id='ItemPropertyDetailKind']/tbody/tr/td/input[@name='GuItemKindShortRateFlag']
2020/07/14 19:01:26:897 DEBUG com.sinosoft.test.base.TestBase:80 - Found Element By : By.xpath: //table[@id='ItemPropertyDetailKind']/tbody/tr/td/input[@name='GuItemKindShortRateFlag']
2020/07/14 19:01:26:929 DEBUG com.sinosoft.test.base.TestBase:76 - Trying to find Element By : By.xpath: //table[@id='ItemPropertyDetailKind']/tbody/tr/td/input[@name='GuItemKindShortRateFlag']
2020/07/14 19:01:26:995 DEBUG com.sinosoft.test.base.TestBase:80 - Found Element By : By.xpath: //table[@id='ItemPropertyDetailKind']/tbody/tr/td/input[@name='GuItemKindShortRateFlag']
2020/07/14 19:01:26:997 DEBUG com.sinosoft.test.base.TestBase:42 - CodeSelect:开始设置[[InternetExplorerDriver: internet explorer on WINDOWS (b1ac55d7-3b7b-42be-8d0a-fa40eaae3976)] -> xpath: //table[@id='ItemPropertyDetailKind']/tbody/tr/td/input[@name='GuItemKindShortRateFlag']] & Code=2
2020/07/14 19:01:27:002 DEBUG com.sinosoft.test.base.TestBase:76 - Trying to find Element By : By.xpath: //table[@id='ItemPropertyDetailKind']/tbody/tr/td/input[@name='GuItemKindShortRateFlag']
2020/07/14 19:01:27:063 DEBUG com.sinosoft.test.base.TestBase:80 - Found Element By : By.xpath: //table[@id='ItemPropertyDetailKind']/tbody/tr/td/input[@name='GuItemKindShortRateFlag']
2020/07/14 19:01:28:290 DEBUG com.sinosoft.test.base.TestBase:272 - 系统窗口【黄河财险业务系统】with handle -52dfcffe-4153-483f-867e-edd32a4a8aeb
2020/07/14 19:01:29:024 DEBUG com.sinosoft.test.base.TestBase:272 - 系统窗口【黄河财险业务系统】with handle -52dfcffe-4153-483f-867e-edd32a4a8aeb
2020/07/14 19:01:29:655 DEBUG com.sinosoft.test.base.TestBase:272 - 系统窗口【Code Select】with handle -38acdffc-8abc-4f66-9969-5982d45226dd
2020/07/14 19:01:30:168 DEBUG com.sinosoft.test.base.TestBase:69 - 初始化class com.sinosoft.test.fccp.common.CodeSelectPage
2020/07/14 19:01:30:168 DEBUG com.sinosoft.test.base.TestBase:39 - 基础码表选择！
2020/07/14 19:01:30:169 DEBUG com.sinosoft.test.base.TestBase:76 - Trying to find Element By : By.name: fieldValue
2020/07/14 19:01:30:440 DEBUG com.sinosoft.test.base.TestBase:80 - Found Element By : By.name: fieldValue
2020/07/14 19:01:30:440  INFO com.sinosoft.test.base.TestBase:360 - setEditboxValue:[[InternetExplorerDriver: internet explorer on WINDOWS (b1ac55d7-3b7b-42be-8d0a-fa40eaae3976)] -> name: fieldValue]：2
2020/07/14 19:01:31:480  INFO com.sinosoft.test.base.TestBase:363 - setEditboxValue—End:[[InternetExplorerDriver: internet explorer on WINDOWS (b1ac55d7-3b7b-42be-8d0a-fa40eaae3976)] -> name: fieldValue]：2
2020/07/14 19:01:31:481 DEBUG com.sinosoft.test.base.TestBase:76 - Trying to find Element By : By.xpath: //input[@value='查询(Q)']
2020/07/14 19:01:31:762 DEBUG com.sinosoft.test.base.TestBase:80 - Found Element By : By.xpath: //input[@value='查询(Q)']
2020/07/14 19:01:31:763  INFO com.sinosoft.test.base.TestBase:402 - clickButton:[[InternetExplorerDriver: internet explorer on WINDOWS (b1ac55d7-3b7b-42be-8d0a-fa40eaae3976)] -> xpath: //input[@value='查询(Q)']]
2020/07/14 19:01:31:763 DEBUG com.sinosoft.test.base.TestBase:42 - Trying to click on: [[InternetExplorerDriver: internet explorer on WINDOWS (b1ac55d7-3b7b-42be-8d0a-fa40eaae3976)] -> xpath: //input[@value='查询(Q)']]
2020/07/14 19:01:33:293 DEBUG com.sinosoft.test.base.TestBase:46 - Clicked on: [[InternetExplorerDriver: internet explorer on WINDOWS (b1ac55d7-3b7b-42be-8d0a-fa40eaae3976)] -> xpath: //input[@value='查询(Q)']]
2020/07/14 19:01:33:293 DEBUG com.sinosoft.test.base.TestBase:76 - Trying to find Element By : By.name: codeselect
2020/07/14 19:01:33:569 DEBUG com.sinosoft.test.base.TestBase:80 - Found Element By : By.name: codeselect
2020/07/14 19:01:33:570  INFO com.sinosoft.test.base.TestBase:132 - setFuzzySelect:[[InternetExplorerDriver: internet explorer on WINDOWS (b1ac55d7-3b7b-42be-8d0a-fa40eaae3976)] -> name: codeselect]->2
2020/07/14 19:01:34:114 DEBUG com.sinosoft.test.base.TestBase:76 - Trying to find Element By : By.tagName: option
2020/07/14 19:01:34:403 DEBUG com.sinosoft.test.base.TestBase:80 - Found Element By : By.tagName: option
2020/07/14 19:01:34:694  INFO com.sinosoft.test.base.TestBase:142 - 找到匹配【2】的选项：2--月比例
2020/07/14 19:01:34:695 DEBUG com.sinosoft.test.base.TestBase:76 - Trying to find Element By : By.xpath: .//option[normalize-space(.) = "2--月比例"]
2020/07/14 19:01:34:991 DEBUG com.sinosoft.test.base.TestBase:80 - Found Element By : By.xpath: .//option[normalize-space(.) = "2--月比例"]
2020/07/14 19:01:35:279 DEBUG com.sinosoft.test.base.TestBase:42 - Trying to click on: [[[[InternetExplorerDriver: internet explorer on WINDOWS (b1ac55d7-3b7b-42be-8d0a-fa40eaae3976)] -> name: codeselect]] -> xpath: .//option[normalize-space(.) = "2--月比例"]]
2020/07/14 19:01:35:694 DEBUG com.sinosoft.test.base.TestBase:46 - Clicked on: [[[[InternetExplorerDriver: internet explorer on WINDOWS (b1ac55d7-3b7b-42be-8d0a-fa40eaae3976)] -> name: codeselect]] -> xpath: .//option[normalize-space(.) = "2--月比例"]]
2020/07/14 19:01:35:695 DEBUG com.sinosoft.test.base.TestBase:151 - setFuzzySelect 结束！
2020/07/14 19:01:35:695 DEBUG com.sinosoft.test.base.TestBase:76 - Trying to find Element By : By.name: SelectIt
2020/07/14 19:01:35:973 DEBUG com.sinosoft.test.base.TestBase:80 - Found Element By : By.name: SelectIt
2020/07/14 19:01:35:973  INFO com.sinosoft.test.base.TestBase:416 - jsClickButton:[[InternetExplorerDriver: internet explorer on WINDOWS (b1ac55d7-3b7b-42be-8d0a-fa40eaae3976)] -> name: SelectIt]
2020/07/14 19:01:35:974  INFO com.sinosoft.test.base.TestBase:144 - RunJavaScript:[[InternetExplorerDriver: internet explorer on WINDOWS (b1ac55d7-3b7b-42be-8d0a-fa40eaae3976)] -> name: SelectIt]	arguments[0].click();
2020/07/14 19:01:36:739 DEBUG com.sinosoft.test.base.TestBase:272 - 系统窗口【黄河财险业务系统】with handle -52dfcffe-4153-483f-867e-edd32a4a8aeb
2020/07/14 19:01:41:670 DEBUG com.sinosoft.test.base.TestBase:76 - Trying to find Element By : By.xpath: //table[@id='ItemPropertyDetailKind']/tbody/tr/td/input[@name='GuItemKindShortRateFlag']
2020/07/14 19:01:41:704 DEBUG com.sinosoft.test.base.TestBase:80 - Found Element By : By.xpath: //table[@id='ItemPropertyDetailKind']/tbody/tr/td/input[@name='GuItemKindShortRateFlag']
2020/07/14 19:01:41:704 DEBUG com.sinosoft.test.base.TestBase:49 - CodeSelect:设置完毕[[InternetExplorerDriver: internet explorer on WINDOWS (b1ac55d7-3b7b-42be-8d0a-fa40eaae3976)] -> xpath: //table[@id='ItemPropertyDetailKind']/tbody/tr/td/input[@name='GuItemKindShortRateFlag']] & Code=2
2020/07/14 19:01:41:705 DEBUG com.sinosoft.test.base.TestBase:76 - Trying to find Element By : By.xpath: //table[@id='ItemPropertyDetailKind']/tbody/tr/td/input[@name='GuItemKindGrossPremium']
2020/07/14 19:01:41:762 DEBUG com.sinosoft.test.base.TestBase:80 - Found Element By : By.xpath: //table[@id='ItemPropertyDetailKind']/tbody/tr/td/input[@name='GuItemKindGrossPremium']
2020/07/14 19:01:41:763  INFO com.sinosoft.test.base.TestBase:388 - setEditboxTValue:[[InternetExplorerDriver: internet explorer on WINDOWS (b1ac55d7-3b7b-42be-8d0a-fa40eaae3976)] -> xpath: //table[@id='ItemPropertyDetailKind']/tbody/tr/td/input[@name='GuItemKindGrossPremium']]->400
2020/07/14 19:01:41:763 DEBUG com.sinosoft.test.base.TestBase:76 - Trying to find Element By : By.xpath: //table[@id='ItemPropertyDetailKind']/tbody/tr/td/input[@name='GuItemKindGrossPremium']
2020/07/14 19:01:41:810 DEBUG com.sinosoft.test.base.TestBase:80 - Found Element By : By.xpath: //table[@id='ItemPropertyDetailKind']/tbody/tr/td/input[@name='GuItemKindGrossPremium']
2020/07/14 19:01:42:253 DEBUG com.sinosoft.test.base.TestBase:76 - Trying to find Element By : By.xpath: //table[@id='ItemPropertyDetailKind']/tbody/tr/td/input[@name='GuItemKindGrossPremium']
2020/07/14 19:01:42:300 DEBUG com.sinosoft.test.base.TestBase:80 - Found Element By : By.xpath: //table[@id='ItemPropertyDetailKind']/tbody/tr/td/input[@name='GuItemKindGrossPremium']
2020/07/14 19:01:47:683 DEBUG com.sinosoft.test.base.TestBase:234 - 开始录入营业中断险！
2020/07/14 19:01:47:683 DEBUG com.sinosoft.test.base.TestBase:76 - Trying to find Element By : By.id: ItemPropertyItem1105
2020/07/14 19:01:47:762 DEBUG com.sinosoft.test.base.TestBase:80 - Found Element By : By.id: ItemPropertyItem1105
2020/07/14 19:01:47:764  INFO com.sinosoft.test.base.TestBase:406 - clickElement:[[InternetExplorerDriver: internet explorer on WINDOWS (b1ac55d7-3b7b-42be-8d0a-fa40eaae3976)] -> id: ItemPropertyItem1105]
2020/07/14 19:01:47:765 DEBUG com.sinosoft.test.base.TestBase:76 - Trying to find Element By : By.id: ItemPropertyItem1105
2020/07/14 19:01:47:849 DEBUG com.sinosoft.test.base.TestBase:80 - Found Element By : By.id: ItemPropertyItem1105
2020/07/14 19:01:47:849 DEBUG com.sinosoft.test.base.TestBase:42 - Trying to click on: [[InternetExplorerDriver: internet explorer on WINDOWS (b1ac55d7-3b7b-42be-8d0a-fa40eaae3976)] -> id: ItemPropertyItem1105]
2020/07/14 19:01:49:095 DEBUG com.sinosoft.test.base.TestBase:46 - Clicked on: [[InternetExplorerDriver: internet explorer on WINDOWS (b1ac55d7-3b7b-42be-8d0a-fa40eaae3976)] -> id: ItemPropertyItem1105]
2020/07/14 19:01:49:095 DEBUG com.sinosoft.test.base.TestBase:76 - Trying to find Element By : By.name: GuItemDynamic0105FieldBG
2020/07/14 19:01:49:142 DEBUG com.sinosoft.test.base.TestBase:80 - Found Element By : By.name: GuItemDynamic0105FieldBG
2020/07/14 19:01:49:144  INFO com.sinosoft.test.base.TestBase:360 - setEditboxValue:[[InternetExplorerDriver: internet explorer on WINDOWS (b1ac55d7-3b7b-42be-8d0a-fa40eaae3976)] -> name: GuItemDynamic0105FieldBG]：24
2020/07/14 19:01:49:145 DEBUG com.sinosoft.test.base.TestBase:76 - Trying to find Element By : By.name: GuItemDynamic0105FieldBG
2020/07/14 19:01:49:204 DEBUG com.sinosoft.test.base.TestBase:80 - Found Element By : By.name: GuItemDynamic0105FieldBG
2020/07/14 19:01:49:426 DEBUG com.sinosoft.test.base.TestBase:76 - Trying to find Element By : By.name: GuItemDynamic0105FieldBG
2020/07/14 19:01:49:485 DEBUG com.sinosoft.test.base.TestBase:80 - Found Element By : By.name: GuItemDynamic0105FieldBG
2020/07/14 19:01:49:841 DEBUG com.sinosoft.test.base.TestBase:76 - Trying to find Element By : By.name: GuItemDynamic0105FieldBG
2020/07/14 19:01:49:900 DEBUG com.sinosoft.test.base.TestBase:80 - Found Element By : By.name: GuItemDynamic0105FieldBG
2020/07/14 19:01:49:901  INFO com.sinosoft.test.base.TestBase:363 - setEditboxValue—End:[[InternetExplorerDriver: internet explorer on WINDOWS (b1ac55d7-3b7b-42be-8d0a-fa40eaae3976)] -> name: GuItemDynamic0105FieldBG]：24
2020/07/14 19:01:49:901 DEBUG com.sinosoft.test.base.TestBase:76 - Trying to find Element By : By.name: GuItemDynamic0105FieldBF
2020/07/14 19:01:49:968 DEBUG com.sinosoft.test.base.TestBase:80 - Found Element By : By.name: GuItemDynamic0105FieldBF
2020/07/14 19:01:49:994 DEBUG com.sinosoft.test.base.TestBase:76 - Trying to find Element By : By.name: GuItemDynamic0105FieldBF
2020/07/14 19:01:50:063 DEBUG com.sinosoft.test.base.TestBase:80 - Found Element By : By.name: GuItemDynamic0105FieldBF
2020/07/14 19:01:50:063 DEBUG com.sinosoft.test.base.TestBase:63 - SetCodeEditBox:开始设置:[[InternetExplorerDriver: internet explorer on WINDOWS (b1ac55d7-3b7b-42be-8d0a-fa40eaae3976)] -> name: GuItemDynamic0105FieldBF] & Code=6000000
2020/07/14 19:01:50:063 DEBUG com.sinosoft.test.base.TestBase:76 - Trying to find Element By : By.name: GuItemDynamic0105FieldBF
2020/07/14 19:01:50:112 DEBUG com.sinosoft.test.base.TestBase:80 - Found Element By : By.name: GuItemDynamic0105FieldBF
2020/07/14 19:01:50:384 DEBUG com.sinosoft.test.base.TestBase:76 - Trying to find Element By : By.name: GuItemDynamic0105FieldBF
2020/07/14 19:01:50:464 DEBUG com.sinosoft.test.base.TestBase:80 - Found Element By : By.name: GuItemDynamic0105FieldBF
2020/07/14 19:01:51:095 DEBUG com.sinosoft.test.base.TestBase:76 - Trying to find Element By : By.name: GuItemDynamic0105FieldBF
2020/07/14 19:01:51:145 DEBUG com.sinosoft.test.base.TestBase:80 - Found Element By : By.name: GuItemDynamic0105FieldBF
2020/07/14 19:01:51:147 DEBUG com.sinosoft.test.base.TestBase:76 - Trying to find Element By : By.xpath: ../input[last()]
2020/07/14 19:01:51:197 DEBUG com.sinosoft.test.base.TestBase:80 - Found Element By : By.xpath: ../input[last()]
2020/07/14 19:01:51:332  INFO com.sinosoft.test.base.TestBase:71 - SetCodeEditBox:找到了Code对应的文本显示框并点击触发显示:GuItemDynamic0105FieldBF
2020/07/14 19:01:51:332 DEBUG com.sinosoft.test.base.TestBase:42 - Trying to click on: [[[[InternetExplorerDriver: internet explorer on WINDOWS (b1ac55d7-3b7b-42be-8d0a-fa40eaae3976)] -> name: GuItemDynamic0105FieldBF]] -> xpath: ../input[last()]]
2020/07/14 19:01:52:372 DEBUG com.sinosoft.test.base.TestBase:46 - Clicked on: [[[[InternetExplorerDriver: internet explorer on WINDOWS (b1ac55d7-3b7b-42be-8d0a-fa40eaae3976)] -> name: GuItemDynamic0105FieldBF]] -> xpath: ../input[last()]]
2020/07/14 19:01:52:574 DEBUG com.sinosoft.test.base.TestBase:76 - Trying to find Element By : By.name: GuItemDynamic0105FieldBF
2020/07/14 19:01:52:632 DEBUG com.sinosoft.test.base.TestBase:80 - Found Element By : By.name: GuItemDynamic0105FieldBF
2020/07/14 19:01:52:632 DEBUG com.sinosoft.test.base.TestBase:87 - SetCodeEditBox:设置完毕[[InternetExplorerDriver: internet explorer on WINDOWS (b1ac55d7-3b7b-42be-8d0a-fa40eaae3976)] -> name: GuItemDynamic0105FieldBF],设置值 Code=6000000
2020/07/14 19:01:52:632 DEBUG com.sinosoft.test.base.TestBase:76 - Trying to find Element By : By.name: GuItemDynamic0105FieldBE
2020/07/14 19:01:52:700 DEBUG com.sinosoft.test.base.TestBase:80 - Found Element By : By.name: GuItemDynamic0105FieldBE
2020/07/14 19:01:52:726 DEBUG com.sinosoft.test.base.TestBase:76 - Trying to find Element By : By.name: GuItemDynamic0105FieldBE
2020/07/14 19:01:52:794 DEBUG com.sinosoft.test.base.TestBase:80 - Found Element By : By.name: GuItemDynamic0105FieldBE
2020/07/14 19:01:52:795 DEBUG com.sinosoft.test.base.TestBase:63 - SetCodeEditBox:开始设置:[[InternetExplorerDriver: internet explorer on WINDOWS (b1ac55d7-3b7b-42be-8d0a-fa40eaae3976)] -> name: GuItemDynamic0105FieldBE] & Code=20000000
2020/07/14 19:01:52:795 DEBUG com.sinosoft.test.base.TestBase:76 - Trying to find Element By : By.name: GuItemDynamic0105FieldBE
2020/07/14 19:01:52:842 DEBUG com.sinosoft.test.base.TestBase:80 - Found Element By : By.name: GuItemDynamic0105FieldBE
2020/07/14 19:01:53:070 DEBUG com.sinosoft.test.base.TestBase:76 - Trying to find Element By : By.name: GuItemDynamic0105FieldBE
2020/07/14 19:01:53:127 DEBUG com.sinosoft.test.base.TestBase:80 - Found Element By : By.name: GuItemDynamic0105FieldBE
2020/07/14 19:01:53:699 DEBUG com.sinosoft.test.base.TestBase:76 - Trying to find Element By : By.name: GuItemDynamic0105FieldBE
2020/07/14 19:01:53:757 DEBUG com.sinosoft.test.base.TestBase:80 - Found Element By : By.name: GuItemDynamic0105FieldBE
2020/07/14 19:01:53:757 DEBUG com.sinosoft.test.base.TestBase:76 - Trying to find Element By : By.xpath: ../input[last()]
2020/07/14 19:01:53:819 DEBUG com.sinosoft.test.base.TestBase:80 - Found Element By : By.xpath: ../input[last()]
2020/07/14 19:01:53:956  INFO com.sinosoft.test.base.TestBase:71 - SetCodeEditBox:找到了Code对应的文本显示框并点击触发显示:GuItemDynamic0105FieldBE
2020/07/14 19:01:53:957 DEBUG com.sinosoft.test.base.TestBase:42 - Trying to click on: [[[[InternetExplorerDriver: internet explorer on WINDOWS (b1ac55d7-3b7b-42be-8d0a-fa40eaae3976)] -> name: GuItemDynamic0105FieldBE]] -> xpath: ../input[last()]]
2020/07/14 19:01:54:997 DEBUG com.sinosoft.test.base.TestBase:46 - Clicked on: [[[[InternetExplorerDriver: internet explorer on WINDOWS (b1ac55d7-3b7b-42be-8d0a-fa40eaae3976)] -> name: GuItemDynamic0105FieldBE]] -> xpath: ../input[last()]]
2020/07/14 19:01:55:197 DEBUG com.sinosoft.test.base.TestBase:76 - Trying to find Element By : By.name: GuItemDynamic0105FieldBE
2020/07/14 19:01:55:256 DEBUG com.sinosoft.test.base.TestBase:80 - Found Element By : By.name: GuItemDynamic0105FieldBE
2020/07/14 19:01:55:256 DEBUG com.sinosoft.test.base.TestBase:87 - SetCodeEditBox:设置完毕[[InternetExplorerDriver: internet explorer on WINDOWS (b1ac55d7-3b7b-42be-8d0a-fa40eaae3976)] -> name: GuItemDynamic0105FieldBE],设置值 Code=20000000
2020/07/14 19:01:55:257 DEBUG com.sinosoft.test.base.TestBase:76 - Trying to find Element By : By.id: ItemPropertyDetail0105
2020/07/14 19:01:55:318 DEBUG com.sinosoft.test.base.TestBase:80 - Found Element By : By.id: ItemPropertyDetail0105
2020/07/14 19:01:55:319 DEBUG com.sinosoft.test.base.TestBase:76 - Trying to find Element By : By.name: GuItemPropertyDetail0105ItemDetailCode
2020/07/14 19:01:55:377 DEBUG com.sinosoft.test.base.TestBase:80 - Found Element By : By.name: GuItemPropertyDetail0105ItemDetailCode
2020/07/14 19:01:55:377 DEBUG com.sinosoft.test.base.TestBase:76 - Trying to find Element By : By.id: ItemPropertyDetail0105
2020/07/14 19:01:55:435 DEBUG com.sinosoft.test.base.TestBase:80 - Found Element By : By.id: ItemPropertyDetail0105
2020/07/14 19:01:55:435 DEBUG com.sinosoft.test.base.TestBase:76 - Trying to find Element By : By.name: GuItemPropertyDetail0105ItemDetailList
2020/07/14 19:01:55:476 DEBUG com.sinosoft.test.base.TestBase:80 - Found Element By : By.name: GuItemPropertyDetail0105ItemDetailList
2020/07/14 19:01:55:513 DEBUG com.sinosoft.test.base.TestBase:42 - CodeSelect:开始设置[[[[InternetExplorerDriver: internet explorer on WINDOWS (b1ac55d7-3b7b-42be-8d0a-fa40eaae3976)] -> id: ItemPropertyDetail0105]] -> name: GuItemPropertyDetail0105ItemDetailCode] & Code=010056
2020/07/14 19:01:56:707 DEBUG com.sinosoft.test.base.TestBase:272 - 系统窗口【黄河财险业务系统】with handle -52dfcffe-4153-483f-867e-edd32a4a8aeb
2020/07/14 19:01:57:367 DEBUG com.sinosoft.test.base.TestBase:272 - 系统窗口【黄河财险业务系统】with handle -52dfcffe-4153-483f-867e-edd32a4a8aeb
2020/07/14 19:01:57:998 DEBUG com.sinosoft.test.base.TestBase:272 - 系统窗口【Code Select】with handle -b6348591-b39e-42d1-8f59-3087912e86cc
2020/07/14 19:01:58:512 DEBUG com.sinosoft.test.base.TestBase:69 - 初始化class com.sinosoft.test.fccp.common.CodeSelectPage
2020/07/14 19:01:58:512 DEBUG com.sinosoft.test.base.TestBase:39 - 基础码表选择！
2020/07/14 19:01:58:512 DEBUG com.sinosoft.test.base.TestBase:76 - Trying to find Element By : By.name: fieldValue
2020/07/14 19:01:58:784 DEBUG com.sinosoft.test.base.TestBase:80 - Found Element By : By.name: fieldValue
2020/07/14 19:01:58:784  INFO com.sinosoft.test.base.TestBase:360 - setEditboxValue:[[InternetExplorerDriver: internet explorer on WINDOWS (b1ac55d7-3b7b-42be-8d0a-fa40eaae3976)] -> name: fieldValue]：010056
2020/07/14 19:01:59:909  INFO com.sinosoft.test.base.TestBase:363 - setEditboxValue—End:[[InternetExplorerDriver: internet explorer on WINDOWS (b1ac55d7-3b7b-42be-8d0a-fa40eaae3976)] -> name: fieldValue]：010056
2020/07/14 19:01:59:910 DEBUG com.sinosoft.test.base.TestBase:76 - Trying to find Element By : By.xpath: //input[@value='查询(Q)']
2020/07/14 19:02:00:193 DEBUG com.sinosoft.test.base.TestBase:80 - Found Element By : By.xpath: //input[@value='查询(Q)']
2020/07/14 19:02:00:194  INFO com.sinosoft.test.base.TestBase:402 - clickButton:[[InternetExplorerDriver: internet explorer on WINDOWS (b1ac55d7-3b7b-42be-8d0a-fa40eaae3976)] -> xpath: //input[@value='查询(Q)']]
2020/07/14 19:02:00:194 DEBUG com.sinosoft.test.base.TestBase:42 - Trying to click on: [[InternetExplorerDriver: internet explorer on WINDOWS (b1ac55d7-3b7b-42be-8d0a-fa40eaae3976)] -> xpath: //input[@value='查询(Q)']]
2020/07/14 19:02:01:773 DEBUG com.sinosoft.test.base.TestBase:46 - Clicked on: [[InternetExplorerDriver: internet explorer on WINDOWS (b1ac55d7-3b7b-42be-8d0a-fa40eaae3976)] -> xpath: //input[@value='查询(Q)']]
2020/07/14 19:02:01:773 DEBUG com.sinosoft.test.base.TestBase:76 - Trying to find Element By : By.name: codeselect
2020/07/14 19:02:02:060 DEBUG com.sinosoft.test.base.TestBase:80 - Found Element By : By.name: codeselect
2020/07/14 19:02:02:060  INFO com.sinosoft.test.base.TestBase:132 - setFuzzySelect:[[InternetExplorerDriver: internet explorer on WINDOWS (b1ac55d7-3b7b-42be-8d0a-fa40eaae3976)] -> name: codeselect]->010056
2020/07/14 19:02:02:604 DEBUG com.sinosoft.test.base.TestBase:76 - Trying to find Element By : By.tagName: option
2020/07/14 19:02:02:897 DEBUG com.sinosoft.test.base.TestBase:80 - Found Element By : By.tagName: option
2020/07/14 19:02:03:189  INFO com.sinosoft.test.base.TestBase:142 - 找到匹配【010056】的选项：010056--营业利润
2020/07/14 19:02:03:189 DEBUG com.sinosoft.test.base.TestBase:76 - Trying to find Element By : By.xpath: .//option[normalize-space(.) = "010056--营业利润"]
2020/07/14 19:02:03:490 DEBUG com.sinosoft.test.base.TestBase:80 - Found Element By : By.xpath: .//option[normalize-space(.) = "010056--营业利润"]
2020/07/14 19:02:03:775 DEBUG com.sinosoft.test.base.TestBase:42 - Trying to click on: [[[[InternetExplorerDriver: internet explorer on WINDOWS (b1ac55d7-3b7b-42be-8d0a-fa40eaae3976)] -> name: codeselect]] -> xpath: .//option[normalize-space(.) = "010056--营业利润"]]
2020/07/14 19:02:04:219 DEBUG com.sinosoft.test.base.TestBase:46 - Clicked on: [[[[InternetExplorerDriver: internet explorer on WINDOWS (b1ac55d7-3b7b-42be-8d0a-fa40eaae3976)] -> name: codeselect]] -> xpath: .//option[normalize-space(.) = "010056--营业利润"]]
2020/07/14 19:02:04:220 DEBUG com.sinosoft.test.base.TestBase:151 - setFuzzySelect 结束！
2020/07/14 19:02:04:220 DEBUG com.sinosoft.test.base.TestBase:76 - Trying to find Element By : By.name: SelectIt
2020/07/14 19:02:04:500 DEBUG com.sinosoft.test.base.TestBase:80 - Found Element By : By.name: SelectIt
2020/07/14 19:02:04:500  INFO com.sinosoft.test.base.TestBase:416 - jsClickButton:[[InternetExplorerDriver: internet explorer on WINDOWS (b1ac55d7-3b7b-42be-8d0a-fa40eaae3976)] -> name: SelectIt]
2020/07/14 19:02:04:500  INFO com.sinosoft.test.base.TestBase:144 - RunJavaScript:[[InternetExplorerDriver: internet explorer on WINDOWS (b1ac55d7-3b7b-42be-8d0a-fa40eaae3976)] -> name: SelectIt]	arguments[0].click();
2020/07/14 19:02:05:275 DEBUG com.sinosoft.test.base.TestBase:272 - 系统窗口【黄河财险业务系统】with handle -52dfcffe-4153-483f-867e-edd32a4a8aeb
2020/07/14 19:02:10:218 DEBUG com.sinosoft.test.base.TestBase:49 - CodeSelect:设置完毕[[[[InternetExplorerDriver: internet explorer on WINDOWS (b1ac55d7-3b7b-42be-8d0a-fa40eaae3976)] -> id: ItemPropertyDetail0105]] -> name: GuItemPropertyDetail0105ItemDetailCode] & Code=010056
2020/07/14 19:02:10:218 DEBUG com.sinosoft.test.base.TestBase:76 - Trying to find Element By : By.id: ItemPropertyDetail0105
2020/07/14 19:02:10:276 DEBUG com.sinosoft.test.base.TestBase:80 - Found Element By : By.id: ItemPropertyDetail0105
2020/07/14 19:02:10:277  INFO com.sinosoft.test.base.TestBase:406 - clickElement:[[InternetExplorerDriver: internet explorer on WINDOWS (b1ac55d7-3b7b-42be-8d0a-fa40eaae3976)] -> id: ItemPropertyDetail0105]
2020/07/14 19:02:10:277 DEBUG com.sinosoft.test.base.TestBase:76 - Trying to find Element By : By.id: ItemPropertyDetail0105
2020/07/14 19:02:10:329 DEBUG com.sinosoft.test.base.TestBase:80 - Found Element By : By.id: ItemPropertyDetail0105
2020/07/14 19:02:10:329 DEBUG com.sinosoft.test.base.TestBase:42 - Trying to click on: [[InternetExplorerDriver: internet explorer on WINDOWS (b1ac55d7-3b7b-42be-8d0a-fa40eaae3976)] -> id: ItemPropertyDetail0105]
2020/07/14 19:02:11:330 DEBUG com.sinosoft.test.base.TestBase:46 - Clicked on: [[InternetExplorerDriver: internet explorer on WINDOWS (b1ac55d7-3b7b-42be-8d0a-fa40eaae3976)] -> id: ItemPropertyDetail0105]
2020/07/14 19:02:11:330 DEBUG com.sinosoft.test.base.TestBase:76 - Trying to find Element By : By.id: ItemPropertyDetail0105
2020/07/14 19:02:11:377 DEBUG com.sinosoft.test.base.TestBase:80 - Found Element By : By.id: ItemPropertyDetail0105
2020/07/14 19:02:11:377 DEBUG com.sinosoft.test.base.TestBase:76 - Trying to find Element By : By.name: GuItemKind0105KindCode
2020/07/14 19:02:11:427 DEBUG com.sinosoft.test.base.TestBase:80 - Found Element By : By.name: GuItemKind0105KindCode
2020/07/14 19:02:11:428 DEBUG com.sinosoft.test.base.TestBase:76 - Trying to find Element By : By.id: ItemPropertyDetail0105
2020/07/14 19:02:11:509 DEBUG com.sinosoft.test.base.TestBase:80 - Found Element By : By.id: ItemPropertyDetail0105
2020/07/14 19:02:11:509 DEBUG com.sinosoft.test.base.TestBase:76 - Trying to find Element By : By.name: GuItemKind0105CalculateInd
2020/07/14 19:02:11:560 DEBUG com.sinosoft.test.base.TestBase:80 - Found Element By : By.name: GuItemKind0105CalculateInd
2020/07/14 19:02:11:560 DEBUG com.sinosoft.test.base.TestBase:76 - Trying to find Element By : By.id: ItemPropertyDetail0105
2020/07/14 19:02:11:620 DEBUG com.sinosoft.test.base.TestBase:80 - Found Element By : By.id: ItemPropertyDetail0105
2020/07/14 19:02:11:621 DEBUG com.sinosoft.test.base.TestBase:76 - Trying to find Element By : By.name: GuItemKind0105ValueType
2020/07/14 19:02:11:678 DEBUG com.sinosoft.test.base.TestBase:80 - Found Element By : By.name: GuItemKind0105ValueType
2020/07/14 19:02:11:678 DEBUG com.sinosoft.test.base.TestBase:76 - Trying to find Element By : By.id: ItemPropertyDetail0105
2020/07/14 19:02:11:746 DEBUG com.sinosoft.test.base.TestBase:80 - Found Element By : By.id: ItemPropertyDetail0105
2020/07/14 19:02:11:747 DEBUG com.sinosoft.test.base.TestBase:76 - Trying to find Element By : By.name: GuItemKind0105SumInsured
2020/07/14 19:02:11:770 DEBUG com.sinosoft.test.base.TestBase:80 - Found Element By : By.name: GuItemKind0105SumInsured
2020/07/14 19:02:11:770 DEBUG com.sinosoft.test.base.TestBase:76 - Trying to find Element By : By.id: ItemPropertyDetail0105
2020/07/14 19:02:11:839 DEBUG com.sinosoft.test.base.TestBase:80 - Found Element By : By.id: ItemPropertyDetail0105
2020/07/14 19:02:11:839 DEBUG com.sinosoft.test.base.TestBase:76 - Trying to find Element By : By.name: GuItemKind0105Rate
2020/07/14 19:02:11:877 DEBUG com.sinosoft.test.base.TestBase:80 - Found Element By : By.name: GuItemKind0105Rate
2020/07/14 19:02:11:877 DEBUG com.sinosoft.test.base.TestBase:76 - Trying to find Element By : By.id: ItemPropertyDetail0105
2020/07/14 19:02:11:934 DEBUG com.sinosoft.test.base.TestBase:80 - Found Element By : By.id: ItemPropertyDetail0105
2020/07/14 19:02:11:935 DEBUG com.sinosoft.test.base.TestBase:76 - Trying to find Element By : By.name: GuItemKind0105ShortRateFlag
2020/07/14 19:02:12:001 DEBUG com.sinosoft.test.base.TestBase:80 - Found Element By : By.name: GuItemKind0105ShortRateFlag
2020/07/14 19:02:12:002 DEBUG com.sinosoft.test.base.TestBase:76 - Trying to find Element By : By.id: ItemPropertyDetail0105
2020/07/14 19:02:12:061 DEBUG com.sinosoft.test.base.TestBase:80 - Found Element By : By.id: ItemPropertyDetail0105
2020/07/14 19:02:12:063 DEBUG com.sinosoft.test.base.TestBase:76 - Trying to find Element By : By.name: GuItemKind0105GrossPremium
2020/07/14 19:02:12:126 DEBUG com.sinosoft.test.base.TestBase:80 - Found Element By : By.name: GuItemKind0105GrossPremium
2020/07/14 19:02:12:158 DEBUG com.sinosoft.test.base.TestBase:42 - CodeSelect:开始设置[[[[InternetExplorerDriver: internet explorer on WINDOWS (b1ac55d7-3b7b-42be-8d0a-fa40eaae3976)] -> id: ItemPropertyDetail0105]] -> name: GuItemKind0105KindCode] & Code=0105001
2020/07/14 19:02:13:335 DEBUG com.sinosoft.test.base.TestBase:272 - 系统窗口【黄河财险业务系统】with handle -52dfcffe-4153-483f-867e-edd32a4a8aeb
2020/07/14 19:02:13:987 DEBUG com.sinosoft.test.base.TestBase:272 - 系统窗口【黄河财险业务系统】with handle -52dfcffe-4153-483f-867e-edd32a4a8aeb
2020/07/14 19:02:14:620 DEBUG com.sinosoft.test.base.TestBase:272 - 系统窗口【Code Select】with handle -db57b650-2097-4a11-8ad3-45c64653b6ea
2020/07/14 19:02:15:133 DEBUG com.sinosoft.test.base.TestBase:69 - 初始化class com.sinosoft.test.fccp.common.CodeSelectPage
2020/07/14 19:02:15:133 DEBUG com.sinosoft.test.base.TestBase:39 - 基础码表选择！
2020/07/14 19:02:15:133 DEBUG com.sinosoft.test.base.TestBase:76 - Trying to find Element By : By.name: fieldValue
2020/07/14 19:02:15:400 DEBUG com.sinosoft.test.base.TestBase:80 - Found Element By : By.name: fieldValue
2020/07/14 19:02:15:400  INFO com.sinosoft.test.base.TestBase:360 - setEditboxValue:[[InternetExplorerDriver: internet explorer on WINDOWS (b1ac55d7-3b7b-42be-8d0a-fa40eaae3976)] -> name: fieldValue]：0105001
2020/07/14 19:02:16:556  INFO com.sinosoft.test.base.TestBase:363 - setEditboxValue—End:[[InternetExplorerDriver: internet explorer on WINDOWS (b1ac55d7-3b7b-42be-8d0a-fa40eaae3976)] -> name: fieldValue]：0105001
2020/07/14 19:02:16:556 DEBUG com.sinosoft.test.base.TestBase:76 - Trying to find Element By : By.xpath: //input[@value='查询(Q)']
2020/07/14 19:02:16:833 DEBUG com.sinosoft.test.base.TestBase:80 - Found Element By : By.xpath: //input[@value='查询(Q)']
2020/07/14 19:02:16:834  INFO com.sinosoft.test.base.TestBase:402 - clickButton:[[InternetExplorerDriver: internet explorer on WINDOWS (b1ac55d7-3b7b-42be-8d0a-fa40eaae3976)] -> xpath: //input[@value='查询(Q)']]
2020/07/14 19:02:16:834 DEBUG com.sinosoft.test.base.TestBase:42 - Trying to click on: [[InternetExplorerDriver: internet explorer on WINDOWS (b1ac55d7-3b7b-42be-8d0a-fa40eaae3976)] -> xpath: //input[@value='查询(Q)']]
2020/07/14 19:02:18:392 DEBUG com.sinosoft.test.base.TestBase:46 - Clicked on: [[InternetExplorerDriver: internet explorer on WINDOWS (b1ac55d7-3b7b-42be-8d0a-fa40eaae3976)] -> xpath: //input[@value='查询(Q)']]
2020/07/14 19:02:18:393 DEBUG com.sinosoft.test.base.TestBase:76 - Trying to find Element By : By.name: codeselect
2020/07/14 19:02:18:680 DEBUG com.sinosoft.test.base.TestBase:80 - Found Element By : By.name: codeselect
2020/07/14 19:02:18:681  INFO com.sinosoft.test.base.TestBase:132 - setFuzzySelect:[[InternetExplorerDriver: internet explorer on WINDOWS (b1ac55d7-3b7b-42be-8d0a-fa40eaae3976)] -> name: codeselect]->0105001
2020/07/14 19:02:19:226 DEBUG com.sinosoft.test.base.TestBase:76 - Trying to find Element By : By.tagName: option
2020/07/14 19:02:19:522 DEBUG com.sinosoft.test.base.TestBase:80 - Found Element By : By.tagName: option
2020/07/14 19:02:19:809  INFO com.sinosoft.test.base.TestBase:142 - 找到匹配【0105001】的选项：0105001--营业中断保险（2018版）条款
2020/07/14 19:02:19:810 DEBUG com.sinosoft.test.base.TestBase:76 - Trying to find Element By : By.xpath: .//option[normalize-space(.) = "0105001--营业中断保险（2018版）条款"]
2020/07/14 19:02:20:110 DEBUG com.sinosoft.test.base.TestBase:80 - Found Element By : By.xpath: .//option[normalize-space(.) = "0105001--营业中断保险（2018版）条款"]
2020/07/14 19:02:20:396 DEBUG com.sinosoft.test.base.TestBase:42 - Trying to click on: [[[[InternetExplorerDriver: internet explorer on WINDOWS (b1ac55d7-3b7b-42be-8d0a-fa40eaae3976)] -> name: codeselect]] -> xpath: .//option[normalize-space(.) = "0105001--营业中断保险（2018版）条款"]]
2020/07/14 19:02:20:823 DEBUG com.sinosoft.test.base.TestBase:46 - Clicked on: [[[[InternetExplorerDriver: internet explorer on WINDOWS (b1ac55d7-3b7b-42be-8d0a-fa40eaae3976)] -> name: codeselect]] -> xpath: .//option[normalize-space(.) = "0105001--营业中断保险（2018版）条款"]]
2020/07/14 19:02:20:824 DEBUG com.sinosoft.test.base.TestBase:151 - setFuzzySelect 结束！
2020/07/14 19:02:20:824 DEBUG com.sinosoft.test.base.TestBase:76 - Trying to find Element By : By.name: SelectIt
2020/07/14 19:02:21:099 DEBUG com.sinosoft.test.base.TestBase:80 - Found Element By : By.name: SelectIt
2020/07/14 19:02:21:101  INFO com.sinosoft.test.base.TestBase:416 - jsClickButton:[[InternetExplorerDriver: internet explorer on WINDOWS (b1ac55d7-3b7b-42be-8d0a-fa40eaae3976)] -> name: SelectIt]
2020/07/14 19:02:21:102  INFO com.sinosoft.test.base.TestBase:144 - RunJavaScript:[[InternetExplorerDriver: internet explorer on WINDOWS (b1ac55d7-3b7b-42be-8d0a-fa40eaae3976)] -> name: SelectIt]	arguments[0].click();
2020/07/14 19:02:21:885 DEBUG com.sinosoft.test.base.TestBase:272 - 系统窗口【黄河财险业务系统】with handle -52dfcffe-4153-483f-867e-edd32a4a8aeb
2020/07/14 19:02:26:815 DEBUG com.sinosoft.test.base.TestBase:49 - CodeSelect:设置完毕[[[[InternetExplorerDriver: internet explorer on WINDOWS (b1ac55d7-3b7b-42be-8d0a-fa40eaae3976)] -> id: ItemPropertyDetail0105]] -> name: GuItemKind0105KindCode] & Code=0105001
2020/07/14 19:02:26:840  INFO com.sinosoft.test.base.TestBase:96 - setSelectWithStartText:[[[[InternetExplorerDriver: internet explorer on WINDOWS (b1ac55d7-3b7b-42be-8d0a-fa40eaae3976)] -> id: ItemPropertyDetail0105]] -> name: GuItemKind0105ValueType]->18
2020/07/14 19:02:26:899 DEBUG com.sinosoft.test.base.TestBase:76 - Trying to find Element By : By.tagName: option
2020/07/14 19:02:27:035 DEBUG com.sinosoft.test.base.TestBase:80 - Found Element By : By.tagName: option
2020/07/14 19:02:27:549  INFO com.sinosoft.test.base.TestBase:114 - 找到匹配【18】的选项：18-估价
2020/07/14 19:02:27:549 DEBUG com.sinosoft.test.base.TestBase:76 - Trying to find Element By : By.xpath: .//option[normalize-space(.) = "18-估价"]
2020/07/14 19:02:27:630 DEBUG com.sinosoft.test.base.TestBase:80 - Found Element By : By.xpath: .//option[normalize-space(.) = "18-估价"]
2020/07/14 19:02:27:655 DEBUG com.sinosoft.test.base.TestBase:42 - Trying to click on: [[[[[[InternetExplorerDriver: internet explorer on WINDOWS (b1ac55d7-3b7b-42be-8d0a-fa40eaae3976)] -> id: ItemPropertyDetail0105]] -> name: GuItemKind0105ValueType]] -> xpath: .//option[normalize-space(.) = "18-估价"]]
2020/07/14 19:02:27:925 DEBUG com.sinosoft.test.base.TestBase:46 - Clicked on: [[[[[[InternetExplorerDriver: internet explorer on WINDOWS (b1ac55d7-3b7b-42be-8d0a-fa40eaae3976)] -> id: ItemPropertyDetail0105]] -> name: GuItemKind0105ValueType]] -> xpath: .//option[normalize-space(.) = "18-估价"]]
2020/07/14 19:02:27:925 DEBUG com.sinosoft.test.base.TestBase:123 - setSelectWithStartText 结束！
2020/07/14 19:02:27:926  INFO com.sinosoft.test.base.TestBase:360 - setEditboxValue:[[[[InternetExplorerDriver: internet explorer on WINDOWS (b1ac55d7-3b7b-42be-8d0a-fa40eaae3976)] -> id: ItemPropertyDetail0105]] -> name: GuItemKind0105SumInsured]：200000
2020/07/14 19:02:28:647  INFO com.sinosoft.test.base.TestBase:363 - setEditboxValue—End:[[[[InternetExplorerDriver: internet explorer on WINDOWS (b1ac55d7-3b7b-42be-8d0a-fa40eaae3976)] -> id: ItemPropertyDetail0105]] -> name: GuItemKind0105SumInsured]：200000
2020/07/14 19:02:28:647  INFO com.sinosoft.test.base.TestBase:388 - setEditboxTValue:[[[[InternetExplorerDriver: internet explorer on WINDOWS (b1ac55d7-3b7b-42be-8d0a-fa40eaae3976)] -> id: ItemPropertyDetail0105]] -> name: GuItemKind0105Rate]->3
2020/07/14 19:02:34:352  INFO com.sinosoft.test.base.TestBase:388 - setEditboxTValue:[[[[InternetExplorerDriver: internet explorer on WINDOWS (b1ac55d7-3b7b-42be-8d0a-fa40eaae3976)] -> id: ItemPropertyDetail0105]] -> name: GuItemKind0105GrossPremium]->4000
2020/07/14 19:02:40:206 DEBUG com.sinosoft.test.base.TestBase:76 - Trying to find Element By : By.id: saveButton
2020/07/14 19:02:40:289 DEBUG com.sinosoft.test.base.TestBase:80 - Found Element By : By.id: saveButton
2020/07/14 19:02:40:289  INFO com.sinosoft.test.base.TestBase:402 - clickButton:[[InternetExplorerDriver: internet explorer on WINDOWS (b1ac55d7-3b7b-42be-8d0a-fa40eaae3976)] -> id: saveButton]
2020/07/14 19:02:40:290 DEBUG com.sinosoft.test.base.TestBase:76 - Trying to find Element By : By.id: saveButton
2020/07/14 19:02:40:369 DEBUG com.sinosoft.test.base.TestBase:80 - Found Element By : By.id: saveButton
2020/07/14 19:02:40:370 DEBUG com.sinosoft.test.base.TestBase:42 - Trying to click on: [[InternetExplorerDriver: internet explorer on WINDOWS (b1ac55d7-3b7b-42be-8d0a-fa40eaae3976)] -> id: saveButton]
2020/07/14 19:02:41:637 DEBUG com.sinosoft.test.base.TestBase:46 - Clicked on: [[InternetExplorerDriver: internet explorer on WINDOWS (b1ac55d7-3b7b-42be-8d0a-fa40eaae3976)] -> id: saveButton]
2020/07/14 19:02:45:531 DEBUG com.sinosoft.test.base.TestBase:76 - Trying to find Element By : By.xpath: //td[text()='条款信息']
2020/07/14 19:02:45:602 DEBUG com.sinosoft.test.base.TestBase:80 - Found Element By : By.xpath: //td[text()='条款信息']
2020/07/14 19:02:45:602  INFO com.sinosoft.test.base.TestBase:402 - clickButton:[[InternetExplorerDriver: internet explorer on WINDOWS (b1ac55d7-3b7b-42be-8d0a-fa40eaae3976)] -> xpath: //td[text()='条款信息']]
2020/07/14 19:02:45:602 DEBUG com.sinosoft.test.base.TestBase:42 - Trying to click on: [[InternetExplorerDriver: internet explorer on WINDOWS (b1ac55d7-3b7b-42be-8d0a-fa40eaae3976)] -> xpath: //td[text()='条款信息']]
2020/07/14 19:02:47:707 DEBUG com.sinosoft.test.base.TestBase:46 - Clicked on: [[InternetExplorerDriver: internet explorer on WINDOWS (b1ac55d7-3b7b-42be-8d0a-fa40eaae3976)] -> xpath: //td[text()='条款信息']]
2020/07/14 19:02:52:562 DEBUG com.sinosoft.test.base.TestBase:69 - 初始化class com.sinosoft.test.fccp.tbcl.RiskDetail_TermsPage
2020/07/14 19:02:57:379 DEBUG com.sinosoft.test.base.TestBase:76 - Trying to find Element By : By.id: saveButton
2020/07/14 19:02:57:405 DEBUG com.sinosoft.test.base.TestBase:80 - Found Element By : By.id: saveButton
2020/07/14 19:02:57:405  INFO com.sinosoft.test.base.TestBase:402 - clickButton:[[InternetExplorerDriver: internet explorer on WINDOWS (b1ac55d7-3b7b-42be-8d0a-fa40eaae3976)] -> id: saveButton]
2020/07/14 19:02:57:405 DEBUG com.sinosoft.test.base.TestBase:76 - Trying to find Element By : By.id: saveButton
2020/07/14 19:02:57:455 DEBUG com.sinosoft.test.base.TestBase:80 - Found Element By : By.id: saveButton
2020/07/14 19:02:57:456 DEBUG com.sinosoft.test.base.TestBase:42 - Trying to click on: [[InternetExplorerDriver: internet explorer on WINDOWS (b1ac55d7-3b7b-42be-8d0a-fa40eaae3976)] -> id: saveButton]
2020/07/14 19:02:58:546 DEBUG com.sinosoft.test.base.TestBase:46 - Clicked on: [[InternetExplorerDriver: internet explorer on WINDOWS (b1ac55d7-3b7b-42be-8d0a-fa40eaae3976)] -> id: saveButton]
2020/07/14 19:03:01:278 DEBUG com.sinosoft.test.base.TestBase:76 - Trying to find Element By : By.xpath: //td[text()='联共保信息']
2020/07/14 19:03:01:324 DEBUG com.sinosoft.test.base.TestBase:80 - Found Element By : By.xpath: //td[text()='联共保信息']
2020/07/14 19:03:01:324  INFO com.sinosoft.test.base.TestBase:402 - clickButton:[[InternetExplorerDriver: internet explorer on WINDOWS (b1ac55d7-3b7b-42be-8d0a-fa40eaae3976)] -> xpath: //td[text()='联共保信息']]
2020/07/14 19:03:01:324 DEBUG com.sinosoft.test.base.TestBase:42 - Trying to click on: [[InternetExplorerDriver: internet explorer on WINDOWS (b1ac55d7-3b7b-42be-8d0a-fa40eaae3976)] -> xpath: //td[text()='联共保信息']]
2020/07/14 19:03:03:784 DEBUG com.sinosoft.test.base.TestBase:46 - Clicked on: [[InternetExplorerDriver: internet explorer on WINDOWS (b1ac55d7-3b7b-42be-8d0a-fa40eaae3976)] -> xpath: //td[text()='联共保信息']]
2020/07/14 19:03:08:538 DEBUG com.sinosoft.test.base.TestBase:69 - 初始化class com.sinosoft.test.fccp.tbcl.RiskDetail_CoInsuredPage
2020/07/14 19:03:13:366 DEBUG com.sinosoft.test.base.TestBase:76 - Trying to find Element By : By.xpath: //table[@id='Coinsurance']/tbody/tr[last()]/td/p/input[@name='buttonCoinsuranceDetailInfo']
2020/07/14 19:03:13:412 DEBUG com.sinosoft.test.base.TestBase:80 - Found Element By : By.xpath: //table[@id='Coinsurance']/tbody/tr[last()]/td/p/input[@name='buttonCoinsuranceDetailInfo']
2020/07/14 19:03:13:413  INFO com.sinosoft.test.base.TestBase:416 - jsClickButton:[[InternetExplorerDriver: internet explorer on WINDOWS (b1ac55d7-3b7b-42be-8d0a-fa40eaae3976)] -> xpath: //table[@id='Coinsurance']/tbody/tr[last()]/td/p/input[@name='buttonCoinsuranceDetailInfo']]
2020/07/14 19:03:13:413 DEBUG com.sinosoft.test.base.TestBase:76 - Trying to find Element By : By.xpath: //table[@id='Coinsurance']/tbody/tr[last()]/td/p/input[@name='buttonCoinsuranceDetailInfo']
2020/07/14 19:03:13:437 DEBUG com.sinosoft.test.base.TestBase:80 - Found Element By : By.xpath: //table[@id='Coinsurance']/tbody/tr[last()]/td/p/input[@name='buttonCoinsuranceDetailInfo']
2020/07/14 19:03:13:438  INFO com.sinosoft.test.base.TestBase:144 - RunJavaScript:[[InternetExplorerDriver: internet explorer on WINDOWS (b1ac55d7-3b7b-42be-8d0a-fa40eaae3976)] -> xpath: //table[@id='Coinsurance']/tbody/tr[last()]/td/p/input[@name='buttonCoinsuranceDetailInfo']]	arguments[0].click();
2020/07/14 19:03:13:438 DEBUG com.sinosoft.test.base.TestBase:76 - Trying to find Element By : By.xpath: //table[@id='Coinsurance']/tbody/tr[last()]/td/p/input[@name='buttonCoinsuranceDetailInfo']
2020/07/14 19:03:13:475 DEBUG com.sinosoft.test.base.TestBase:80 - Found Element By : By.xpath: //table[@id='Coinsurance']/tbody/tr[last()]/td/p/input[@name='buttonCoinsuranceDetailInfo']
2020/07/14 19:03:13:524 DEBUG com.sinosoft.test.base.TestBase:76 - Trying to find Element By : By.xpath: //table[@id='Coinsurance']/tbody/tr[last()]/td/span[@id='span_ConinsuranceDetailInfo_SubPage']
2020/07/14 19:03:13:575 DEBUG com.sinosoft.test.base.TestBase:80 - Found Element By : By.xpath: //table[@id='Coinsurance']/tbody/tr[last()]/td/span[@id='span_ConinsuranceDetailInfo_SubPage']
2020/07/14 19:03:13:575 DEBUG com.sinosoft.test.base.TestBase:76 - Trying to find Element By : By.name: GuCoinsuranceCoinsRate
2020/07/14 19:03:13:610 DEBUG com.sinosoft.test.base.TestBase:80 - Found Element By : By.name: GuCoinsuranceCoinsRate
2020/07/14 19:03:13:610 DEBUG com.sinosoft.test.base.TestBase:76 - Trying to find Element By : By.xpath: //table[@id='Coinsurance']/tbody/tr[last()]/td/span[@id='span_ConinsuranceDetailInfo_SubPage']
2020/07/14 19:03:13:669 DEBUG com.sinosoft.test.base.TestBase:80 - Found Element By : By.xpath: //table[@id='Coinsurance']/tbody/tr[last()]/td/span[@id='span_ConinsuranceDetailInfo_SubPage']
2020/07/14 19:03:13:669 DEBUG com.sinosoft.test.base.TestBase:76 - Trying to find Element By : By.name: GuCoinsuranceCoinsPremium
2020/07/14 19:03:13:727 DEBUG com.sinosoft.test.base.TestBase:80 - Found Element By : By.name: GuCoinsuranceCoinsPremium
2020/07/14 19:03:13:727  INFO com.sinosoft.test.base.TestBase:360 - setEditboxValue:[[[[InternetExplorerDriver: internet explorer on WINDOWS (b1ac55d7-3b7b-42be-8d0a-fa40eaae3976)] -> xpath: //table[@id='Coinsurance']/tbody/tr[last()]/td/span[@id='span_ConinsuranceDetailInfo_SubPage']]] -> name: GuCoinsuranceCoinsRate]：60
2020/07/14 19:03:14:364  INFO com.sinosoft.test.base.TestBase:363 - setEditboxValue—End:[[[[InternetExplorerDriver: internet explorer on WINDOWS (b1ac55d7-3b7b-42be-8d0a-fa40eaae3976)] -> xpath: //table[@id='Coinsurance']/tbody/tr[last()]/td/span[@id='span_ConinsuranceDetailInfo_SubPage']]] -> name: GuCoinsuranceCoinsRate]：60
2020/07/14 19:03:14:364  INFO com.sinosoft.test.base.TestBase:406 - clickElement:[[[[InternetExplorerDriver: internet explorer on WINDOWS (b1ac55d7-3b7b-42be-8d0a-fa40eaae3976)] -> xpath: //table[@id='Coinsurance']/tbody/tr[last()]/td/span[@id='span_ConinsuranceDetailInfo_SubPage']]] -> name: GuCoinsuranceCoinsPremium]
2020/07/14 19:03:14:364 DEBUG com.sinosoft.test.base.TestBase:42 - Trying to click on: [[[[InternetExplorerDriver: internet explorer on WINDOWS (b1ac55d7-3b7b-42be-8d0a-fa40eaae3976)] -> xpath: //table[@id='Coinsurance']/tbody/tr[last()]/td/span[@id='span_ConinsuranceDetailInfo_SubPage']]] -> name: GuCoinsuranceCoinsPremium]
2020/07/14 19:03:15:429 DEBUG com.sinosoft.test.base.TestBase:46 - Clicked on: [[[[InternetExplorerDriver: internet explorer on WINDOWS (b1ac55d7-3b7b-42be-8d0a-fa40eaae3976)] -> xpath: //table[@id='Coinsurance']/tbody/tr[last()]/td/span[@id='span_ConinsuranceDetailInfo_SubPage']]] -> name: GuCoinsuranceCoinsPremium]
2020/07/14 19:03:17:429 DEBUG com.sinosoft.test.base.TestBase:76 - Trying to find Element By : By.xpath: //table[@id='Coinsurance']/tbody/tr[last()]/td/span[@id='span_ConinsuranceDetailInfo_SubPage']
2020/07/14 19:03:17:475 DEBUG com.sinosoft.test.base.TestBase:80 - Found Element By : By.xpath: //table[@id='Coinsurance']/tbody/tr[last()]/td/span[@id='span_ConinsuranceDetailInfo_SubPage']
2020/07/14 19:03:17:476 DEBUG com.sinosoft.test.base.TestBase:76 - Trying to find Element By : By.name: button_CoinsuranceDetailInfo_Close
2020/07/14 19:03:17:499 DEBUG com.sinosoft.test.base.TestBase:80 - Found Element By : By.name: button_CoinsuranceDetailInfo_Close
2020/07/14 19:03:17:500  INFO com.sinosoft.test.base.TestBase:402 - clickButton:[[[[InternetExplorerDriver: internet explorer on WINDOWS (b1ac55d7-3b7b-42be-8d0a-fa40eaae3976)] -> xpath: //table[@id='Coinsurance']/tbody/tr[last()]/td/span[@id='span_ConinsuranceDetailInfo_SubPage']]] -> name: button_CoinsuranceDetailInfo_Close]
2020/07/14 19:03:17:500 DEBUG com.sinosoft.test.base.TestBase:42 - Trying to click on: [[[[InternetExplorerDriver: internet explorer on WINDOWS (b1ac55d7-3b7b-42be-8d0a-fa40eaae3976)] -> xpath: //table[@id='Coinsurance']/tbody/tr[last()]/td/span[@id='span_ConinsuranceDetailInfo_SubPage']]] -> name: button_CoinsuranceDetailInfo_Close]
2020/07/14 19:03:18:538 DEBUG com.sinosoft.test.base.TestBase:46 - Clicked on: [[[[InternetExplorerDriver: internet explorer on WINDOWS (b1ac55d7-3b7b-42be-8d0a-fa40eaae3976)] -> xpath: //table[@id='Coinsurance']/tbody/tr[last()]/td/span[@id='span_ConinsuranceDetailInfo_SubPage']]] -> name: button_CoinsuranceDetailInfo_Close]
2020/07/14 19:03:18:538 DEBUG com.sinosoft.test.base.TestBase:58 - 处理完主保方信息
2020/07/14 19:03:18:538 DEBUG com.sinosoft.test.base.TestBase:76 - Trying to find Element By : By.name: buttonProductCoinsuranceAdd
2020/07/14 19:03:18:574 DEBUG com.sinosoft.test.base.TestBase:80 - Found Element By : By.name: buttonProductCoinsuranceAdd
2020/07/14 19:03:18:575  INFO com.sinosoft.test.base.TestBase:416 - jsClickButton:[[InternetExplorerDriver: internet explorer on WINDOWS (b1ac55d7-3b7b-42be-8d0a-fa40eaae3976)] -> name: buttonProductCoinsuranceAdd]
2020/07/14 19:03:18:575 DEBUG com.sinosoft.test.base.TestBase:76 - Trying to find Element By : By.name: buttonProductCoinsuranceAdd
2020/07/14 19:03:18:622 DEBUG com.sinosoft.test.base.TestBase:80 - Found Element By : By.name: buttonProductCoinsuranceAdd
2020/07/14 19:03:18:623  INFO com.sinosoft.test.base.TestBase:144 - RunJavaScript:[[InternetExplorerDriver: internet explorer on WINDOWS (b1ac55d7-3b7b-42be-8d0a-fa40eaae3976)] -> name: buttonProductCoinsuranceAdd]	arguments[0].click();
2020/07/14 19:03:18:624 DEBUG com.sinosoft.test.base.TestBase:76 - Trying to find Element By : By.name: buttonProductCoinsuranceAdd
2020/07/14 19:03:18:660 DEBUG com.sinosoft.test.base.TestBase:80 - Found Element By : By.name: buttonProductCoinsuranceAdd
2020/07/14 19:03:18:706 DEBUG com.sinosoft.test.base.TestBase:61 - 开始处理共保方信息
2020/07/14 19:03:18:706 DEBUG com.sinosoft.test.base.TestBase:76 - Trying to find Element By : By.xpath: //table[@id='Coinsurance']/tbody/tr[last()]/td/p/input[@name='buttonCoinsuranceDetailInfo']
2020/07/14 19:03:18:752 DEBUG com.sinosoft.test.base.TestBase:80 - Found Element By : By.xpath: //table[@id='Coinsurance']/tbody/tr[last()]/td/p/input[@name='buttonCoinsuranceDetailInfo']
2020/07/14 19:03:18:754  INFO com.sinosoft.test.base.TestBase:416 - jsClickButton:[[InternetExplorerDriver: internet explorer on WINDOWS (b1ac55d7-3b7b-42be-8d0a-fa40eaae3976)] -> xpath: //table[@id='Coinsurance']/tbody/tr[last()]/td/p/input[@name='buttonCoinsuranceDetailInfo']]
2020/07/14 19:03:18:754 DEBUG com.sinosoft.test.base.TestBase:76 - Trying to find Element By : By.xpath: //table[@id='Coinsurance']/tbody/tr[last()]/td/p/input[@name='buttonCoinsuranceDetailInfo']
2020/07/14 19:03:18:789 DEBUG com.sinosoft.test.base.TestBase:80 - Found Element By : By.xpath: //table[@id='Coinsurance']/tbody/tr[last()]/td/p/input[@name='buttonCoinsuranceDetailInfo']
2020/07/14 19:03:18:790  INFO com.sinosoft.test.base.TestBase:144 - RunJavaScript:[[InternetExplorerDriver: internet explorer on WINDOWS (b1ac55d7-3b7b-42be-8d0a-fa40eaae3976)] -> xpath: //table[@id='Coinsurance']/tbody/tr[last()]/td/p/input[@name='buttonCoinsuranceDetailInfo']]	arguments[0].click();
2020/07/14 19:03:18:790 DEBUG com.sinosoft.test.base.TestBase:76 - Trying to find Element By : By.xpath: //table[@id='Coinsurance']/tbody/tr[last()]/td/p/input[@name='buttonCoinsuranceDetailInfo']
2020/07/14 19:03:18:824 DEBUG com.sinosoft.test.base.TestBase:80 - Found Element By : By.xpath: //table[@id='Coinsurance']/tbody/tr[last()]/td/p/input[@name='buttonCoinsuranceDetailInfo']
2020/07/14 19:03:20:894 DEBUG com.sinosoft.test.base.TestBase:66 - 打开了共保方的页面
2020/07/14 19:03:20:894 DEBUG com.sinosoft.test.base.TestBase:76 - Trying to find Element By : By.xpath: //table[@id='Coinsurance']/tbody/tr[last()]/td/span[@id='span_ConinsuranceDetailInfo_SubPage']
2020/07/14 19:03:20:940 DEBUG com.sinosoft.test.base.TestBase:80 - Found Element By : By.xpath: //table[@id='Coinsurance']/tbody/tr[last()]/td/span[@id='span_ConinsuranceDetailInfo_SubPage']
2020/07/14 19:03:20:941 DEBUG com.sinosoft.test.base.TestBase:76 - Trying to find Element By : By.name: GuCoinsuranceCoinsCode
2020/07/14 19:03:20:975 DEBUG com.sinosoft.test.base.TestBase:80 - Found Element By : By.name: GuCoinsuranceCoinsCode
2020/07/14 19:03:20:976 DEBUG com.sinosoft.test.base.TestBase:76 - Trying to find Element By : By.xpath: //table[@id='Coinsurance']/tbody/tr[last()]/td/span[@id='span_ConinsuranceDetailInfo_SubPage']
2020/07/14 19:03:21:022 DEBUG com.sinosoft.test.base.TestBase:80 - Found Element By : By.xpath: //table[@id='Coinsurance']/tbody/tr[last()]/td/span[@id='span_ConinsuranceDetailInfo_SubPage']
2020/07/14 19:03:21:022 DEBUG com.sinosoft.test.base.TestBase:76 - Trying to find Element By : By.name: GuCoinsuranceCoinsCodeTwo
2020/07/14 19:03:21:070 DEBUG com.sinosoft.test.base.TestBase:80 - Found Element By : By.name: GuCoinsuranceCoinsCodeTwo
2020/07/14 19:03:21:072 DEBUG com.sinosoft.test.base.TestBase:76 - Trying to find Element By : By.xpath: //table[@id='Coinsurance']/tbody/tr[last()]/td/span[@id='span_ConinsuranceDetailInfo_SubPage']
2020/07/14 19:03:21:142 DEBUG com.sinosoft.test.base.TestBase:80 - Found Element By : By.xpath: //table[@id='Coinsurance']/tbody/tr[last()]/td/span[@id='span_ConinsuranceDetailInfo_SubPage']
2020/07/14 19:03:21:142 DEBUG com.sinosoft.test.base.TestBase:76 - Trying to find Element By : By.name: GuCoinsuranceCoinsCodeThree
2020/07/14 19:03:21:168 DEBUG com.sinosoft.test.base.TestBase:80 - Found Element By : By.name: GuCoinsuranceCoinsCodeThree
2020/07/14 19:03:21:170 DEBUG com.sinosoft.test.base.TestBase:76 - Trying to find Element By : By.xpath: //table[@id='Coinsurance']/tbody/tr[last()]/td/span[@id='span_ConinsuranceDetailInfo_SubPage']
2020/07/14 19:03:21:229 DEBUG com.sinosoft.test.base.TestBase:80 - Found Element By : By.xpath: //table[@id='Coinsurance']/tbody/tr[last()]/td/span[@id='span_ConinsuranceDetailInfo_SubPage']
2020/07/14 19:03:21:229 DEBUG com.sinosoft.test.base.TestBase:76 - Trying to find Element By : By.name: GuCoinsuranceCoinsRate
2020/07/14 19:03:21:288 DEBUG com.sinosoft.test.base.TestBase:80 - Found Element By : By.name: GuCoinsuranceCoinsRate
2020/07/14 19:03:21:289 DEBUG com.sinosoft.test.base.TestBase:76 - Trying to find Element By : By.xpath: //table[@id='Coinsurance']/tbody/tr[last()]/td/span[@id='span_ConinsuranceDetailInfo_SubPage']
2020/07/14 19:03:21:348 DEBUG com.sinosoft.test.base.TestBase:80 - Found Element By : By.xpath: //table[@id='Coinsurance']/tbody/tr[last()]/td/span[@id='span_ConinsuranceDetailInfo_SubPage']
2020/07/14 19:03:21:349 DEBUG com.sinosoft.test.base.TestBase:76 - Trying to find Element By : By.name: CoinsPremiumAcceptInd02
2020/07/14 19:03:21:430 DEBUG com.sinosoft.test.base.TestBase:80 - Found Element By : By.name: CoinsPremiumAcceptInd02
2020/07/14 19:03:21:454 DEBUG com.sinosoft.test.base.TestBase:63 - SetCodeEditBox:开始设置:[[[[InternetExplorerDriver: internet explorer on WINDOWS (b1ac55d7-3b7b-42be-8d0a-fa40eaae3976)] -> xpath: //table[@id='Coinsurance']/tbody/tr[last()]/td/span[@id='span_ConinsuranceDetailInfo_SubPage']]] -> name: GuCoinsuranceCoinsCode] & Code=0001
2020/07/14 19:03:22:358 DEBUG com.sinosoft.test.base.TestBase:76 - Trying to find Element By : By.xpath: ../input[last()]
2020/07/14 19:03:22:392 DEBUG com.sinosoft.test.base.TestBase:80 - Found Element By : By.xpath: ../input[last()]
2020/07/14 19:03:22:530  INFO com.sinosoft.test.base.TestBase:71 - SetCodeEditBox:找到了Code对应的文本显示框并点击触发显示:GuCoinsuranceCoinsName
2020/07/14 19:03:22:530 DEBUG com.sinosoft.test.base.TestBase:42 - Trying to click on: [[[[[[InternetExplorerDriver: internet explorer on WINDOWS (b1ac55d7-3b7b-42be-8d0a-fa40eaae3976)] -> xpath: //table[@id='Coinsurance']/tbody/tr[last()]/td/span[@id='span_ConinsuranceDetailInfo_SubPage']]] -> name: GuCoinsuranceCoinsCode]] -> xpath: ../input[last()]]
2020/07/14 19:03:23:646 DEBUG com.sinosoft.test.base.TestBase:46 - Clicked on: [[[[[[InternetExplorerDriver: internet explorer on WINDOWS (b1ac55d7-3b7b-42be-8d0a-fa40eaae3976)] -> xpath: //table[@id='Coinsurance']/tbody/tr[last()]/td/span[@id='span_ConinsuranceDetailInfo_SubPage']]] -> name: GuCoinsuranceCoinsCode]] -> xpath: ../input[last()]]
2020/07/14 19:03:23:846 DEBUG com.sinosoft.test.base.TestBase:87 - SetCodeEditBox:设置完毕[[[[InternetExplorerDriver: internet explorer on WINDOWS (b1ac55d7-3b7b-42be-8d0a-fa40eaae3976)] -> xpath: //table[@id='Coinsurance']/tbody/tr[last()]/td/span[@id='span_ConinsuranceDetailInfo_SubPage']]] -> name: GuCoinsuranceCoinsCode],设置值 Code=0001
2020/07/14 19:03:23:878 DEBUG com.sinosoft.test.base.TestBase:63 - SetCodeEditBox:开始设置:[[[[InternetExplorerDriver: internet explorer on WINDOWS (b1ac55d7-3b7b-42be-8d0a-fa40eaae3976)] -> xpath: //table[@id='Coinsurance']/tbody/tr[last()]/td/span[@id='span_ConinsuranceDetailInfo_SubPage']]] -> name: GuCoinsuranceCoinsCodeTwo] & Code=000101
2020/07/14 19:03:24:724 DEBUG com.sinosoft.test.base.TestBase:76 - Trying to find Element By : By.xpath: ../input[last()]
2020/07/14 19:03:24:782 DEBUG com.sinosoft.test.base.TestBase:80 - Found Element By : By.xpath: ../input[last()]
2020/07/14 19:03:24:894  INFO com.sinosoft.test.base.TestBase:71 - SetCodeEditBox:找到了Code对应的文本显示框并点击触发显示:GuCoinsuranceCoinsNameTwo
2020/07/14 19:03:24:895 DEBUG com.sinosoft.test.base.TestBase:42 - Trying to click on: [[[[[[InternetExplorerDriver: internet explorer on WINDOWS (b1ac55d7-3b7b-42be-8d0a-fa40eaae3976)] -> xpath: //table[@id='Coinsurance']/tbody/tr[last()]/td/span[@id='span_ConinsuranceDetailInfo_SubPage']]] -> name: GuCoinsuranceCoinsCodeTwo]] -> xpath: ../input[last()]]
2020/07/14 19:03:26:021 DEBUG com.sinosoft.test.base.TestBase:46 - Clicked on: [[[[[[InternetExplorerDriver: internet explorer on WINDOWS (b1ac55d7-3b7b-42be-8d0a-fa40eaae3976)] -> xpath: //table[@id='Coinsurance']/tbody/tr[last()]/td/span[@id='span_ConinsuranceDetailInfo_SubPage']]] -> name: GuCoinsuranceCoinsCodeTwo]] -> xpath: ../input[last()]]
2020/07/14 19:03:26:221 DEBUG com.sinosoft.test.base.TestBase:87 - SetCodeEditBox:设置完毕[[[[InternetExplorerDriver: internet explorer on WINDOWS (b1ac55d7-3b7b-42be-8d0a-fa40eaae3976)] -> xpath: //table[@id='Coinsurance']/tbody/tr[last()]/td/span[@id='span_ConinsuranceDetailInfo_SubPage']]] -> name: GuCoinsuranceCoinsCodeTwo],设置值 Code=000101
2020/07/14 19:03:26:221  INFO com.sinosoft.test.base.TestBase:360 - setEditboxValue:[[[[InternetExplorerDriver: internet explorer on WINDOWS (b1ac55d7-3b7b-42be-8d0a-fa40eaae3976)] -> xpath: //table[@id='Coinsurance']/tbody/tr[last()]/td/span[@id='span_ConinsuranceDetailInfo_SubPage']]] -> name: GuCoinsuranceCoinsCodeThree]：000101001
2020/07/14 19:03:26:898  INFO com.sinosoft.test.base.TestBase:363 - setEditboxValue—End:[[[[InternetExplorerDriver: internet explorer on WINDOWS (b1ac55d7-3b7b-42be-8d0a-fa40eaae3976)] -> xpath: //table[@id='Coinsurance']/tbody/tr[last()]/td/span[@id='span_ConinsuranceDetailInfo_SubPage']]] -> name: GuCoinsuranceCoinsCodeThree]：000101001
2020/07/14 19:03:26:899  INFO com.sinosoft.test.base.TestBase:360 - setEditboxValue:[[[[InternetExplorerDriver: internet explorer on WINDOWS (b1ac55d7-3b7b-42be-8d0a-fa40eaae3976)] -> xpath: //table[@id='Coinsurance']/tbody/tr[last()]/td/span[@id='span_ConinsuranceDetailInfo_SubPage']]] -> name: GuCoinsuranceCoinsRate]：40
2020/07/14 19:03:27:543  INFO com.sinosoft.test.base.TestBase:363 - setEditboxValue—End:[[[[InternetExplorerDriver: internet explorer on WINDOWS (b1ac55d7-3b7b-42be-8d0a-fa40eaae3976)] -> xpath: //table[@id='Coinsurance']/tbody/tr[last()]/td/span[@id='span_ConinsuranceDetailInfo_SubPage']]] -> name: GuCoinsuranceCoinsRate]：40
2020/07/14 19:03:27:543  INFO com.sinosoft.test.base.TestBase:321 - setEditboxTValue:[[[[[InternetExplorerDriver: internet explorer on WINDOWS (b1ac55d7-3b7b-42be-8d0a-fa40eaae3976)] -> xpath: //table[@id='Coinsurance']/tbody/tr[last()]/td/span[@id='span_ConinsuranceDetailInfo_SubPage']]] -> name: CoinsPremiumAcceptInd02], [[[[InternetExplorerDriver: internet explorer on WINDOWS (b1ac55d7-3b7b-42be-8d0a-fa40eaae3976)] -> xpath: //table[@id='Coinsurance']/tbody/tr[last()]/td/span[@id='span_ConinsuranceDetailInfo_SubPage']]] -> name: CoinsPremiumAcceptInd02]]：0
2020/07/14 19:03:27:617  INFO com.sinosoft.test.base.TestBase:144 - RunJavaScript:[[[[InternetExplorerDriver: internet explorer on WINDOWS (b1ac55d7-3b7b-42be-8d0a-fa40eaae3976)] -> xpath: //table[@id='Coinsurance']/tbody/tr[last()]/td/span[@id='span_ConinsuranceDetailInfo_SubPage']]] -> name: CoinsPremiumAcceptInd02]	arguments[0].click();
2020/07/14 19:03:27:665 DEBUG com.sinosoft.test.base.TestBase:76 - Trying to find Element By : By.xpath: //table[@id='Coinsurance']/tbody/tr[last()]/td/span[@id='span_ConinsuranceDetailInfo_SubPage']
2020/07/14 19:03:27:736 DEBUG com.sinosoft.test.base.TestBase:80 - Found Element By : By.xpath: //table[@id='Coinsurance']/tbody/tr[last()]/td/span[@id='span_ConinsuranceDetailInfo_SubPage']
2020/07/14 19:03:27:736 DEBUG com.sinosoft.test.base.TestBase:76 - Trying to find Element By : By.name: button_CoinsuranceDetailInfo_Close
2020/07/14 19:03:27:797 DEBUG com.sinosoft.test.base.TestBase:80 - Found Element By : By.name: button_CoinsuranceDetailInfo_Close
2020/07/14 19:03:27:797  INFO com.sinosoft.test.base.TestBase:416 - jsClickButton:[[[[InternetExplorerDriver: internet explorer on WINDOWS (b1ac55d7-3b7b-42be-8d0a-fa40eaae3976)] -> xpath: //table[@id='Coinsurance']/tbody/tr[last()]/td/span[@id='span_ConinsuranceDetailInfo_SubPage']]] -> name: button_CoinsuranceDetailInfo_Close]
2020/07/14 19:03:27:798  INFO com.sinosoft.test.base.TestBase:144 - RunJavaScript:[[[[InternetExplorerDriver: internet explorer on WINDOWS (b1ac55d7-3b7b-42be-8d0a-fa40eaae3976)] -> xpath: //table[@id='Coinsurance']/tbody/tr[last()]/td/span[@id='span_ConinsuranceDetailInfo_SubPage']]] -> name: button_CoinsuranceDetailInfo_Close]	arguments[0].click();
2020/07/14 19:03:28:251 DEBUG com.sinosoft.test.base.TestBase:76 - Trying to find Element By : By.xpath: //td[text()='保单费用信息']
2020/07/14 19:03:28:274 DEBUG com.sinosoft.test.base.TestBase:80 - Found Element By : By.xpath: //td[text()='保单费用信息']
2020/07/14 19:03:28:274  INFO com.sinosoft.test.base.TestBase:416 - jsClickButton:[[InternetExplorerDriver: internet explorer on WINDOWS (b1ac55d7-3b7b-42be-8d0a-fa40eaae3976)] -> xpath: //td[text()='保单费用信息']]
2020/07/14 19:03:28:275  INFO com.sinosoft.test.base.TestBase:144 - RunJavaScript:[[InternetExplorerDriver: internet explorer on WINDOWS (b1ac55d7-3b7b-42be-8d0a-fa40eaae3976)] -> xpath: //td[text()='保单费用信息']]	arguments[0].click();
2020/07/14 19:03:29:324 DEBUG com.sinosoft.test.base.TestBase:69 - 初始化class com.sinosoft.test.fccp.tbcl.PolicyFeePage
2020/07/14 19:03:29:325 DEBUG com.sinosoft.test.base.TestBase:36 - 初始化PolicyFeePage：
2020/07/14 19:03:32:011 DEBUG com.sinosoft.test.base.TestBase:76 - Trying to find Element By : By.name: GuMainXsfInd
2020/07/14 19:03:32:046 DEBUG com.sinosoft.test.base.TestBase:80 - Found Element By : By.name: GuMainXsfInd
2020/07/14 19:03:32:047 DEBUG com.sinosoft.test.base.TestBase:76 - Trying to find Element By : By.name: GuMainFsh
2020/07/14 19:03:32:081 DEBUG com.sinosoft.test.base.TestBase:80 - Found Element By : By.name: GuMainFsh
2020/07/14 19:03:32:082  INFO com.sinosoft.test.base.TestBase:388 - setEditboxTValue:[[InternetExplorerDriver: internet explorer on WINDOWS (b1ac55d7-3b7b-42be-8d0a-fa40eaae3976)] -> name: GuMainFsh]->6
2020/07/14 19:03:32:082 DEBUG com.sinosoft.test.base.TestBase:76 - Trying to find Element By : By.name: GuMainFsh
2020/07/14 19:03:32:138 DEBUG com.sinosoft.test.base.TestBase:80 - Found Element By : By.name: GuMainFsh
2020/07/14 19:03:32:320 DEBUG com.sinosoft.test.base.TestBase:76 - Trying to find Element By : By.name: GuMainFsh
2020/07/14 19:03:32:357 DEBUG com.sinosoft.test.base.TestBase:80 - Found Element By : By.name: GuMainFsh
2020/07/14 19:03:37:659 DEBUG com.sinosoft.test.base.TestBase:42 - CodeSelect:开始设置[[InternetExplorerDriver: internet explorer on WINDOWS (b1ac55d7-3b7b-42be-8d0a-fa40eaae3976)] -> name: GuMainXsfInd] & Code=B
2020/07/14 19:03:38:727 DEBUG com.sinosoft.test.base.TestBase:272 - 系统窗口【黄河财险业务系统】with handle -52dfcffe-4153-483f-867e-edd32a4a8aeb
2020/07/14 19:03:39:387 DEBUG com.sinosoft.test.base.TestBase:272 - 系统窗口【黄河财险业务系统】with handle -52dfcffe-4153-483f-867e-edd32a4a8aeb
2020/07/14 19:03:40:016 DEBUG com.sinosoft.test.base.TestBase:272 - 系统窗口【Code Select】with handle -a4476405-3865-4843-9681-921a3ee37e2b
2020/07/14 19:03:40:529 DEBUG com.sinosoft.test.base.TestBase:69 - 初始化class com.sinosoft.test.fccp.common.CodeSelectPage
2020/07/14 19:03:40:529 DEBUG com.sinosoft.test.base.TestBase:39 - 基础码表选择！
2020/07/14 19:03:40:529 DEBUG com.sinosoft.test.base.TestBase:76 - Trying to find Element By : By.name: fieldValue
2020/07/14 19:03:40:799 DEBUG com.sinosoft.test.base.TestBase:80 - Found Element By : By.name: fieldValue
2020/07/14 19:03:40:800  INFO com.sinosoft.test.base.TestBase:360 - setEditboxValue:[[InternetExplorerDriver: internet explorer on WINDOWS (b1ac55d7-3b7b-42be-8d0a-fa40eaae3976)] -> name: fieldValue]：B
2020/07/14 19:03:41:888  INFO com.sinosoft.test.base.TestBase:363 - setEditboxValue—End:[[InternetExplorerDriver: internet explorer on WINDOWS (b1ac55d7-3b7b-42be-8d0a-fa40eaae3976)] -> name: fieldValue]：B
2020/07/14 19:03:41:889 DEBUG com.sinosoft.test.base.TestBase:76 - Trying to find Element By : By.xpath: //input[@value='查询(Q)']
2020/07/14 19:03:42:166 DEBUG com.sinosoft.test.base.TestBase:80 - Found Element By : By.xpath: //input[@value='查询(Q)']
2020/07/14 19:03:42:168  INFO com.sinosoft.test.base.TestBase:402 - clickButton:[[InternetExplorerDriver: internet explorer on WINDOWS (b1ac55d7-3b7b-42be-8d0a-fa40eaae3976)] -> xpath: //input[@value='查询(Q)']]
2020/07/14 19:03:42:169 DEBUG com.sinosoft.test.base.TestBase:42 - Trying to click on: [[InternetExplorerDriver: internet explorer on WINDOWS (b1ac55d7-3b7b-42be-8d0a-fa40eaae3976)] -> xpath: //input[@value='查询(Q)']]
2020/07/14 19:03:43:753 DEBUG com.sinosoft.test.base.TestBase:46 - Clicked on: [[InternetExplorerDriver: internet explorer on WINDOWS (b1ac55d7-3b7b-42be-8d0a-fa40eaae3976)] -> xpath: //input[@value='查询(Q)']]
2020/07/14 19:03:43:754 DEBUG com.sinosoft.test.base.TestBase:76 - Trying to find Element By : By.name: codeselect
2020/07/14 19:03:44:039 DEBUG com.sinosoft.test.base.TestBase:80 - Found Element By : By.name: codeselect
2020/07/14 19:03:44:039  INFO com.sinosoft.test.base.TestBase:132 - setFuzzySelect:[[InternetExplorerDriver: internet explorer on WINDOWS (b1ac55d7-3b7b-42be-8d0a-fa40eaae3976)] -> name: codeselect]->B
2020/07/14 19:03:44:577 DEBUG com.sinosoft.test.base.TestBase:76 - Trying to find Element By : By.tagName: option
2020/07/14 19:03:44:881 DEBUG com.sinosoft.test.base.TestBase:80 - Found Element By : By.tagName: option
2020/07/14 19:03:45:174  INFO com.sinosoft.test.base.TestBase:142 - 找到匹配【B】的选项：B
2020/07/14 19:03:45:174 DEBUG com.sinosoft.test.base.TestBase:76 - Trying to find Element By : By.xpath: .//option[normalize-space(.) = "B"]
2020/07/14 19:03:45:472 DEBUG com.sinosoft.test.base.TestBase:80 - Found Element By : By.xpath: .//option[normalize-space(.) = "B"]
2020/07/14 19:03:45:760 DEBUG com.sinosoft.test.base.TestBase:42 - Trying to click on: [[[[InternetExplorerDriver: internet explorer on WINDOWS (b1ac55d7-3b7b-42be-8d0a-fa40eaae3976)] -> name: codeselect]] -> xpath: .//option[normalize-space(.) = "B"]]
2020/07/14 19:03:46:203 DEBUG com.sinosoft.test.base.TestBase:46 - Clicked on: [[[[InternetExplorerDriver: internet explorer on WINDOWS (b1ac55d7-3b7b-42be-8d0a-fa40eaae3976)] -> name: codeselect]] -> xpath: .//option[normalize-space(.) = "B"]]
2020/07/14 19:03:46:203 DEBUG com.sinosoft.test.base.TestBase:151 - setFuzzySelect 结束！
2020/07/14 19:03:46:204 DEBUG com.sinosoft.test.base.TestBase:76 - Trying to find Element By : By.name: SelectIt
2020/07/14 19:03:46:486 DEBUG com.sinosoft.test.base.TestBase:80 - Found Element By : By.name: SelectIt
2020/07/14 19:03:46:486  INFO com.sinosoft.test.base.TestBase:416 - jsClickButton:[[InternetExplorerDriver: internet explorer on WINDOWS (b1ac55d7-3b7b-42be-8d0a-fa40eaae3976)] -> name: SelectIt]
2020/07/14 19:03:46:487  INFO com.sinosoft.test.base.TestBase:144 - RunJavaScript:[[InternetExplorerDriver: internet explorer on WINDOWS (b1ac55d7-3b7b-42be-8d0a-fa40eaae3976)] -> name: SelectIt]	arguments[0].click();
2020/07/14 19:03:47:200 DEBUG com.sinosoft.test.base.TestBase:272 - 系统窗口【黄河财险业务系统】with handle -52dfcffe-4153-483f-867e-edd32a4a8aeb
2020/07/14 19:03:49:843 DEBUG com.sinosoft.test.base.TestBase:49 - CodeSelect:设置完毕[[InternetExplorerDriver: internet explorer on WINDOWS (b1ac55d7-3b7b-42be-8d0a-fa40eaae3976)] -> name: GuMainXsfInd] & Code=B
2020/07/14 19:03:49:845 DEBUG com.sinosoft.test.base.TestBase:76 - Trying to find Element By : By.name: GuMainAdjustRate
2020/07/14 19:03:49:902 DEBUG com.sinosoft.test.base.TestBase:80 - Found Element By : By.name: GuMainAdjustRate
2020/07/14 19:03:49:903  INFO com.sinosoft.test.base.TestBase:360 - setEditboxValue:[[InternetExplorerDriver: internet explorer on WINDOWS (b1ac55d7-3b7b-42be-8d0a-fa40eaae3976)] -> name: GuMainAdjustRate]：2
2020/07/14 19:03:49:903 DEBUG com.sinosoft.test.base.TestBase:76 - Trying to find Element By : By.name: GuMainAdjustRate
2020/07/14 19:03:49:961 DEBUG com.sinosoft.test.base.TestBase:80 - Found Element By : By.name: GuMainAdjustRate
2020/07/14 19:03:50:233 DEBUG com.sinosoft.test.base.TestBase:76 - Trying to find Element By : By.name: GuMainAdjustRate
2020/07/14 19:03:50:290 DEBUG com.sinosoft.test.base.TestBase:80 - Found Element By : By.name: GuMainAdjustRate
2020/07/14 19:03:50:681 DEBUG com.sinosoft.test.base.TestBase:76 - Trying to find Element By : By.name: GuMainAdjustRate
2020/07/14 19:03:50:728 DEBUG com.sinosoft.test.base.TestBase:80 - Found Element By : By.name: GuMainAdjustRate
2020/07/14 19:03:50:728  INFO com.sinosoft.test.base.TestBase:363 - setEditboxValue—End:[[InternetExplorerDriver: internet explorer on WINDOWS (b1ac55d7-3b7b-42be-8d0a-fa40eaae3976)] -> name: GuMainAdjustRate]：2
2020/07/14 19:03:50:728 DEBUG com.sinosoft.test.base.TestBase:76 - Trying to find Element By : By.id: saveButton
2020/07/14 19:03:50:785 DEBUG com.sinosoft.test.base.TestBase:80 - Found Element By : By.id: saveButton
2020/07/14 19:03:50:786  INFO com.sinosoft.test.base.TestBase:402 - clickButton:[[InternetExplorerDriver: internet explorer on WINDOWS (b1ac55d7-3b7b-42be-8d0a-fa40eaae3976)] -> id: saveButton]
2020/07/14 19:03:50:786 DEBUG com.sinosoft.test.base.TestBase:76 - Trying to find Element By : By.id: saveButton
2020/07/14 19:03:50:831 DEBUG com.sinosoft.test.base.TestBase:80 - Found Element By : By.id: saveButton
2020/07/14 19:03:50:832 DEBUG com.sinosoft.test.base.TestBase:42 - Trying to click on: [[InternetExplorerDriver: internet explorer on WINDOWS (b1ac55d7-3b7b-42be-8d0a-fa40eaae3976)] -> id: saveButton]
2020/07/14 19:03:53:209 DEBUG com.sinosoft.test.base.TestBase:46 - Clicked on: [[InternetExplorerDriver: internet explorer on WINDOWS (b1ac55d7-3b7b-42be-8d0a-fa40eaae3976)] -> id: saveButton]
2020/07/14 19:03:53:715  INFO com.sinosoft.test.base.TestBase:51 - 开始点击提交复核按钮
2020/07/14 19:03:53:716 DEBUG com.sinosoft.test.base.TestBase:76 - Trying to find Element By : By.name: Save
2020/07/14 19:03:53:775 DEBUG com.sinosoft.test.base.TestBase:80 - Found Element By : By.name: Save
2020/07/14 19:03:53:775  INFO com.sinosoft.test.base.TestBase:416 - jsClickButton:[[InternetExplorerDriver: internet explorer on WINDOWS (b1ac55d7-3b7b-42be-8d0a-fa40eaae3976)] -> name: Save]
2020/07/14 19:03:53:775 DEBUG com.sinosoft.test.base.TestBase:76 - Trying to find Element By : By.name: Save
2020/07/14 19:03:53:812 DEBUG com.sinosoft.test.base.TestBase:80 - Found Element By : By.name: Save
2020/07/14 19:03:53:813  INFO com.sinosoft.test.base.TestBase:144 - RunJavaScript:[[InternetExplorerDriver: internet explorer on WINDOWS (b1ac55d7-3b7b-42be-8d0a-fa40eaae3976)] -> name: Save]	arguments[0].click();
2020/07/14 19:03:53:813 DEBUG com.sinosoft.test.base.TestBase:76 - Trying to find Element By : By.name: Save
2020/07/14 19:03:53:860 DEBUG com.sinosoft.test.base.TestBase:80 - Found Element By : By.name: Save
2020/07/14 19:03:58:476  INFO com.sinosoft.test.base.TestBase:53 - 点击复核完毕！
2020/07/14 19:04:04:034  INFO com.sinosoft.test.base.TestBase:55 - 返回的窗口标题：
2020/07/14 19:04:04:034 DEBUG com.sinosoft.test.base.TestBase:88 - 截屏文件名字是：FCCB_TB_JCX_1_提交复核结果
2020/07/14 19:04:04:123 DEBUG com.sinosoft.test.base.TestBase:69 - 初始化class com.sinosoft.test.fccp.tbcl.SubmitReviewResult
2020/07/14 19:04:04:616 DEBUG com.sinosoft.test.base.TestBase:76 - Trying to find Element By : By.name: GuProposalProposalNo
2020/07/14 19:04:06:832 DEBUG com.sinosoft.test.base.TestBase:66 - 系统自动捕获异常：Exception occured: org.openqa.selenium.NoSuchElementException: Unable to find element with css selector == *[name='GuProposalProposalNo']
For documentation on this error, please visit: http://seleniumhq.org/exceptions/no_such_element.html
Build info: version: '3.9.0', revision: '698b3178f0', time: '2018-02-05T14:26:55.441Z'
System info: host: 'DESKTOP-I9S3ABE', ip: '100.100.99.142', os.name: 'Windows 10', os.arch: 'amd64', os.version: '10.0', java.version: '1.8.0_101'
Driver info: org.openqa.selenium.ie.InternetExplorerDriver
Capabilities {acceptInsecureCerts: false, browserName: internet explorer, browserVersion: 11, javascriptEnabled: true, pageLoadStrategy: normal, platform: WINDOWS, platformName: WINDOWS, proxy: Proxy(), se:ieOptions: {browserAttachTimeout: 0, elementScrollBehavior: 0, enablePersistentHover: true, ie.browserCommandLineSwitches: , ie.ensureCleanSession: false, ie.fileUploadDialogTimeout: 3000, ie.forceCreateProcessApi: false, ignoreProtectedModeSettings: true, ignoreZoomSetting: false, initialBrowserUrl: http://localhost:1947/, nativeEvents: true, requireWindowFocus: false}, setWindowRect: true, timeouts: {implicit: 0, pageLoad: 300000, script: 30000}, unhandledPromptBehavior: ignore}
Session ID: b1ac55d7-3b7b-42be-8d0a-fa40eaae3976
*** Element info: {Using=name, value=GuProposalProposalNo}
2020/07/14 19:04:06:833  INFO com.sinosoft.test.base.TestBase:68 - 异常的message 是：Unable to find element with css selector == *[name='GuProposalProposalNo']
For documentation on this error, please visit: http://seleniumhq.org/exceptions/no_such_element.html
Build info: version: '3.9.0', revision: '698b3178f0', time: '2018-02-05T14:26:55.441Z'
System info: host: 'DESKTOP-I9S3ABE', ip: '100.100.99.142', os.name: 'Windows 10', os.arch: 'amd64', os.version: '10.0', java.version: '1.8.0_101'
Driver info: org.openqa.selenium.ie.InternetExplorerDriver
Capabilities {acceptInsecureCerts: false, browserName: internet explorer, browserVersion: 11, javascriptEnabled: true, pageLoadStrategy: normal, platform: WINDOWS, platformName: WINDOWS, proxy: Proxy(), se:ieOptions: {browserAttachTimeout: 0, elementScrollBehavior: 0, enablePersistentHover: true, ie.browserCommandLineSwitches: , ie.ensureCleanSession: false, ie.fileUploadDialogTimeout: 3000, ie.forceCreateProcessApi: false, ignoreProtectedModeSettings: true, ignoreZoomSetting: false, initialBrowserUrl: http://localhost:1947/, nativeEvents: true, requireWindowFocus: false}, setWindowRect: true, timeouts: {implicit: 0, pageLoad: 300000, script: 30000}, unhandledPromptBehavior: ignore}
Session ID: b1ac55d7-3b7b-42be-8d0a-fa40eaae3976
*** Element info: {Using=name, value=GuProposalProposalNo}
2020/07/14 19:04:06:834  INFO com.sinosoft.test.base.TestBase:129 - 执行测试用例发生了异常，开始截屏
org.openqa.selenium.NoSuchElementException: Unable to find element with css selector == *[name='GuProposalProposalNo']
For documentation on this error, please visit: http://seleniumhq.org/exceptions/no_such_element.html
Build info: version: '3.9.0', revision: '698b3178f0', time: '2018-02-05T14:26:55.441Z'
System info: host: 'DESKTOP-I9S3ABE', ip: '100.100.99.142', os.name: 'Windows 10', os.arch: 'amd64', os.version: '10.0', java.version: '1.8.0_101'
Driver info: org.openqa.selenium.ie.InternetExplorerDriver
Capabilities {acceptInsecureCerts: false, browserName: internet explorer, browserVersion: 11, javascriptEnabled: true, pageLoadStrategy: normal, platform: WINDOWS, platformName: WINDOWS, proxy: Proxy(), se:ieOptions: {browserAttachTimeout: 0, elementScrollBehavior: 0, enablePersistentHover: true, ie.browserCommandLineSwitches: , ie.ensureCleanSession: false, ie.fileUploadDialogTimeout: 3000, ie.forceCreateProcessApi: false, ignoreProtectedModeSettings: true, ignoreZoomSetting: false, initialBrowserUrl: http://localhost:1947/, nativeEvents: true, requireWindowFocus: false}, setWindowRect: true, timeouts: {implicit: 0, pageLoad: 300000, script: 30000}, unhandledPromptBehavior: ignore}
Session ID: b1ac55d7-3b7b-42be-8d0a-fa40eaae3976
*** Element info: {Using=name, value=GuProposalProposalNo}
	at sun.reflect.NativeConstructorAccessorImpl.newInstance0(Native Method)
	at sun.reflect.NativeConstructorAccessorImpl.newInstance(NativeConstructorAccessorImpl.java:62)
	at sun.reflect.DelegatingConstructorAccessorImpl.newInstance(DelegatingConstructorAccessorImpl.java:45)
	at java.lang.reflect.Constructor.newInstance(Constructor.java:423)
	at org.openqa.selenium.remote.http.W3CHttpResponseCodec.createException(W3CHttpResponseCodec.java:187)
	at org.openqa.selenium.remote.http.W3CHttpResponseCodec.decode(W3CHttpResponseCodec.java:122)
	at org.openqa.selenium.remote.http.W3CHttpResponseCodec.decode(W3CHttpResponseCodec.java:49)
	at org.openqa.selenium.remote.HttpCommandExecutor.execute(HttpCommandExecutor.java:160)
	at org.openqa.selenium.remote.service.DriverCommandExecutor.execute(DriverCommandExecutor.java:83)
	at org.openqa.selenium.remote.RemoteWebDriver.execute(RemoteWebDriver.java:601)
	at org.openqa.selenium.remote.RemoteWebDriver.findElement(RemoteWebDriver.java:371)
	at org.openqa.selenium.remote.RemoteWebDriver.findElementByName(RemoteWebDriver.java:449)
	at org.openqa.selenium.By$ByName.findElement(By.java:303)
	at org.openqa.selenium.remote.RemoteWebDriver.findElement(RemoteWebDriver.java:363)
	at sun.reflect.GeneratedMethodAccessor3.invoke(Unknown Source)
	at sun.reflect.DelegatingMethodAccessorImpl.invoke(DelegatingMethodAccessorImpl.java:43)
	at java.lang.reflect.Method.invoke(Method.java:498)
	at org.openqa.selenium.support.events.EventFiringWebDriver$2.invoke(EventFiringWebDriver.java:108)
	at com.sun.proxy.$Proxy8.findElement(Unknown Source)
	at org.openqa.selenium.support.events.EventFiringWebDriver.findElement(EventFiringWebDriver.java:192)
	at org.openqa.selenium.support.pagefactory.DefaultElementLocator.findElement(DefaultElementLocator.java:69)
	at org.openqa.selenium.support.pagefactory.internal.LocatingElementHandler.invoke(LocatingElementHandler.java:38)
	at com.sun.proxy.$Proxy12.findElement(Unknown Source)
	at com.sinosoft.test.fccp.tbcl.SubmitReviewResult.getFullResultText(SubmitReviewResult.java:32)
	at com.sinosoft.testcases.fccb.TBGLTestCase.FCCB_TBCL(TBGLTestCase.java:117)
	at sun.reflect.NativeMethodAccessorImpl.invoke0(Native Method)
	at sun.reflect.NativeMethodAccessorImpl.invoke(NativeMethodAccessorImpl.java:62)
	at sun.reflect.DelegatingMethodAccessorImpl.invoke(DelegatingMethodAccessorImpl.java:43)
	at java.lang.reflect.Method.invoke(Method.java:498)
	at org.testng.internal.MethodInvocationHelper.invokeMethod(MethodInvocationHelper.java:108)
	at org.testng.internal.Invoker.invokeMethod(Invoker.java:661)
	at org.testng.internal.Invoker.invokeTestMethod(Invoker.java:869)
	at org.testng.internal.Invoker.invokeTestMethods(Invoker.java:1193)
	at org.testng.internal.TestMethodWorker.invokeTestMethods(TestMethodWorker.java:126)
	at org.testng.internal.TestMethodWorker.run(TestMethodWorker.java:109)
	at org.testng.TestRunner.privateRun(TestRunner.java:744)
	at org.testng.TestRunner.run(TestRunner.java:602)
	at org.testng.SuiteRunner.runTest(SuiteRunner.java:380)
	at org.testng.SuiteRunner.runSequentially(SuiteRunner.java:375)
	at org.testng.SuiteRunner.privateRun(SuiteRunner.java:340)
	at org.testng.SuiteRunner.run(SuiteRunner.java:289)
	at org.testng.SuiteRunnerWorker.runSuite(SuiteRunnerWorker.java:52)
	at org.testng.SuiteRunnerWorker.run(SuiteRunnerWorker.java:86)
	at org.testng.TestNG.runSuitesSequentially(TestNG.java:1301)
	at org.testng.TestNG.runSuitesLocally(TestNG.java:1226)
	at org.testng.TestNG.runSuites(TestNG.java:1144)
	at org.testng.TestNG.run(TestNG.java:1115)
	at org.apache.maven.surefire.testng.TestNGExecutor.run(TestNGExecutor.java:283)
	at org.apache.maven.surefire.testng.TestNGXmlTestSuite.execute(TestNGXmlTestSuite.java:75)
	at org.apache.maven.surefire.testng.TestNGProvider.invoke(TestNGProvider.java:120)
	at org.apache.maven.surefire.booter.ForkedBooter.invokeProviderInSameClassLoader(ForkedBooter.java:384)
	at org.apache.maven.surefire.booter.ForkedBooter.runSuitesInProcess(ForkedBooter.java:345)
	at org.apache.maven.surefire.booter.ForkedBooter.execute(ForkedBooter.java:126)
	at org.apache.maven.surefire.booter.ForkedBooter.main(ForkedBooter.java:418)
2020/07/14 19:04:06:835 DEBUG com.sinosoft.test.base.TestBase:88 - 截屏文件名字是：FCCB_TB_JCX_1_异常截屏
2020/07/14 19:04:06:919  INFO com.sinosoft.test.base.TestBase:133 - 执行测试用例发生了异常，截屏结束！
2020/07/14 19:04:06:920  INFO com.sinosoft.test.base.TestBase:136 - 进入Finally事件:RowID:2
2020/07/14 19:04:06:920  INFO com.sinosoft.test.base.TestBase:137 - 进入Finally事件:testCaseName:FCCB_TBCL
2020/07/14 19:04:06:920  INFO com.sinosoft.test.base.TestBase:138 - 进入Finally事件:proposalNumber:06201900101202000000000086
2020/07/14 19:04:06:920  INFO com.sinosoft.test.base.TestBase:139 - 进入Finally事件:message:未知异常Unable to find element with css selector == *[name='GuProposalProposalNo']
For documentation on this error, please visit: http://seleniumhq.org/exceptions/no_such_element.html
Build info: version: '3.9.0', revision: '698b3178f0', time: '2018-02-05T14:26:55.441Z'
System info: host: 'DESKTOP-I9S3ABE', ip: '100.100.99.142', os.name: 'Windows 10', os.arch: 'amd64', os.version: '10.0', java.version: '1.8.0_101'
Driver info: org.openqa.selenium.ie.InternetExplorerDriver
Capabilities {acceptInsecureCerts: false, browserName: internet explorer, browserVersion: 11, javascriptEnabled: true, pageLoadStrategy: normal, platform: WINDOWS, platformName: WINDOWS, proxy: Proxy(), se:ieOptions: {browserAttachTimeout: 0, elementScrollBehavior: 0, enablePersistentHover: true, ie.browserCommandLineSwitches: , ie.ensureCleanSession: false, ie.fileUploadDialogTimeout: 3000, ie.forceCreateProcessApi: false, ignoreProtectedModeSettings: true, ignoreZoomSetting: false, initialBrowserUrl: http://localhost:1947/, nativeEvents: true, requireWindowFocus: false}, setWindowRect: true, timeouts: {implicit: 0, pageLoad: 300000, script: 30000}, unhandledPromptBehavior: ignore}
Session ID: b1ac55d7-3b7b-42be-8d0a-fa40eaae3976
*** Element info: {Using=name, value=GuProposalProposalNo}
2020/07/14 19:04:06:920  INFO com.sinosoft.test.base.TestBase:140 - 进入Finally事件:screenshot:C:\Users\liu-b\git\PageObjectModel\screenshots\FCCB_TB_JCX_1_异常截屏_20200714070406914.png
2020/07/14 19:04:07:324 DEBUG freemarker.cache:45 - Couldn't find template in cache for "index.ftl"("en", UTF-8, parsed); will try to load it.
2020/07/14 19:04:07:325 DEBUG freemarker.cache:45 - TemplateLoader.findTemplateSource("index_en.ftl"): Not found
2020/07/14 19:04:07:328 DEBUG freemarker.cache:45 - TemplateLoader.findTemplateSource("index.ftl"): Found
2020/07/14 19:04:07:329 DEBUG freemarker.cache:45 - Loading template for "index.ftl"("en", UTF-8, parsed) from "jar:file:/C:/Users/liu-b/.m2/repository/com/aventstack/extentreports/3.1.3/extentreports-3.1.3.jar!/com/aventstack/extentreports/view/html-report/index.ftl"
2020/07/14 19:04:07:619 DEBUG freemarker.cache:45 - Couldn't find template in cache for "head.ftl"("en", UTF-8, parsed); will try to load it.
2020/07/14 19:04:07:620 DEBUG freemarker.cache:45 - TemplateLoader.findTemplateSource("head_en.ftl"): Not found
2020/07/14 19:04:07:620 DEBUG freemarker.cache:45 - TemplateLoader.findTemplateSource("head.ftl"): Found
2020/07/14 19:04:07:620 DEBUG freemarker.cache:45 - Loading template for "head.ftl"("en", UTF-8, parsed) from "jar:file:/C:/Users/liu-b/.m2/repository/com/aventstack/extentreports/3.1.3/extentreports-3.1.3.jar!/com/aventstack/extentreports/view/html-report/head.ftl"
2020/07/14 19:04:07:623 DEBUG freemarker.cache:45 - Couldn't find template in cache for "nav.ftl"("en", UTF-8, parsed); will try to load it.
2020/07/14 19:04:07:623 DEBUG freemarker.cache:45 - TemplateLoader.findTemplateSource("nav_en.ftl"): Not found
2020/07/14 19:04:07:624 DEBUG freemarker.cache:45 - TemplateLoader.findTemplateSource("nav.ftl"): Found
2020/07/14 19:04:07:624 DEBUG freemarker.cache:45 - Loading template for "nav.ftl"("en", UTF-8, parsed) from "jar:file:/C:/Users/liu-b/.m2/repository/com/aventstack/extentreports/3.1.3/extentreports-3.1.3.jar!/com/aventstack/extentreports/view/html-report/nav.ftl"
2020/07/14 19:04:07:635 DEBUG freemarker.cache:45 - Couldn't find template in cache for "test-view/test-view.ftl"("en", UTF-8, parsed); will try to load it.
2020/07/14 19:04:07:636 DEBUG freemarker.cache:45 - TemplateLoader.findTemplateSource("test-view/test-view_en.ftl"): Not found
2020/07/14 19:04:07:636 DEBUG freemarker.cache:45 - TemplateLoader.findTemplateSource("test-view/test-view.ftl"): Found
2020/07/14 19:04:07:636 DEBUG freemarker.cache:45 - Loading template for "test-view/test-view.ftl"("en", UTF-8, parsed) from "jar:file:/C:/Users/liu-b/.m2/repository/com/aventstack/extentreports/3.1.3/extentreports-3.1.3.jar!/com/aventstack/extentreports/view/html-report/test-view/test-view.ftl"
2020/07/14 19:04:07:644 DEBUG freemarker.cache:45 - Couldn't find template in cache for "test-view/test-view-charts.ftl"("en", UTF-8, parsed); will try to load it.
2020/07/14 19:04:07:646 DEBUG freemarker.cache:45 - TemplateLoader.findTemplateSource("test-view/test-view-charts_en.ftl"): Not found
2020/07/14 19:04:07:648 DEBUG freemarker.cache:45 - TemplateLoader.findTemplateSource("test-view/test-view-charts.ftl"): Found
2020/07/14 19:04:07:649 DEBUG freemarker.cache:45 - Loading template for "test-view/test-view-charts.ftl"("en", UTF-8, parsed) from "jar:file:/C:/Users/liu-b/.m2/repository/com/aventstack/extentreports/3.1.3/extentreports-3.1.3.jar!/com/aventstack/extentreports/view/html-report/test-view/test-view-charts.ftl"
2020/07/14 19:04:07:669 DEBUG freemarker.cache:45 - Couldn't find template in cache for "test-view/standard.ftl"("en", UTF-8, parsed); will try to load it.
2020/07/14 19:04:07:670 DEBUG freemarker.cache:45 - TemplateLoader.findTemplateSource("test-view/standard_en.ftl"): Not found
2020/07/14 19:04:07:673 DEBUG freemarker.cache:45 - TemplateLoader.findTemplateSource("test-view/standard.ftl"): Found
2020/07/14 19:04:07:673 DEBUG freemarker.cache:45 - Loading template for "test-view/standard.ftl"("en", UTF-8, parsed) from "jar:file:/C:/Users/liu-b/.m2/repository/com/aventstack/extentreports/3.1.3/extentreports-3.1.3.jar!/com/aventstack/extentreports/view/html-report/test-view/standard.ftl"
2020/07/14 19:04:07:693 DEBUG freemarker.cache:45 - Couldn't find template in cache for "category-view/category-view.ftl"("en", UTF-8, parsed); will try to load it.
2020/07/14 19:04:07:695 DEBUG freemarker.cache:45 - TemplateLoader.findTemplateSource("category-view/category-view_en.ftl"): Not found
2020/07/14 19:04:07:699 DEBUG freemarker.cache:45 - TemplateLoader.findTemplateSource("category-view/category-view.ftl"): Found
2020/07/14 19:04:07:699 DEBUG freemarker.cache:45 - Loading template for "category-view/category-view.ftl"("en", UTF-8, parsed) from "jar:file:/C:/Users/liu-b/.m2/repository/com/aventstack/extentreports/3.1.3/extentreports-3.1.3.jar!/com/aventstack/extentreports/view/html-report/category-view/category-view.ftl"
2020/07/14 19:04:07:704 DEBUG freemarker.cache:45 - Couldn't find template in cache for "author-view/author-view.ftl"("en", UTF-8, parsed); will try to load it.
2020/07/14 19:04:07:705 DEBUG freemarker.cache:45 - TemplateLoader.findTemplateSource("author-view/author-view_en.ftl"): Not found
2020/07/14 19:04:07:705 DEBUG freemarker.cache:45 - TemplateLoader.findTemplateSource("author-view/author-view.ftl"): Found
2020/07/14 19:04:07:706 DEBUG freemarker.cache:45 - Loading template for "author-view/author-view.ftl"("en", UTF-8, parsed) from "jar:file:/C:/Users/liu-b/.m2/repository/com/aventstack/extentreports/3.1.3/extentreports-3.1.3.jar!/com/aventstack/extentreports/view/html-report/author-view/author-view.ftl"
2020/07/14 19:04:07:711 DEBUG freemarker.cache:45 - Couldn't find template in cache for "exception-view/exception-view.ftl"("en", UTF-8, parsed); will try to load it.
2020/07/14 19:04:07:712 DEBUG freemarker.cache:45 - TemplateLoader.findTemplateSource("exception-view/exception-view_en.ftl"): Not found
2020/07/14 19:04:07:713 DEBUG freemarker.cache:45 - TemplateLoader.findTemplateSource("exception-view/exception-view.ftl"): Found
2020/07/14 19:04:07:713 DEBUG freemarker.cache:45 - Loading template for "exception-view/exception-view.ftl"("en", UTF-8, parsed) from "jar:file:/C:/Users/liu-b/.m2/repository/com/aventstack/extentreports/3.1.3/extentreports-3.1.3.jar!/com/aventstack/extentreports/view/html-report/exception-view/exception-view.ftl"
2020/07/14 19:04:07:739 DEBUG freemarker.cache:45 - Couldn't find template in cache for "dashboard-view/dashboard-view.ftl"("en", UTF-8, parsed); will try to load it.
2020/07/14 19:04:07:740 DEBUG freemarker.cache:45 - TemplateLoader.findTemplateSource("dashboard-view/dashboard-view_en.ftl"): Not found
2020/07/14 19:04:07:741 DEBUG freemarker.cache:45 - TemplateLoader.findTemplateSource("dashboard-view/dashboard-view.ftl"): Found
2020/07/14 19:04:07:741 DEBUG freemarker.cache:45 - Loading template for "dashboard-view/dashboard-view.ftl"("en", UTF-8, parsed) from "jar:file:/C:/Users/liu-b/.m2/repository/com/aventstack/extentreports/3.1.3/extentreports-3.1.3.jar!/com/aventstack/extentreports/view/html-report/dashboard-view/dashboard-view.ftl"
2020/07/14 19:04:07:760 DEBUG freemarker.cache:45 - Couldn't find template in cache for "logs-view/testrunner-logs-view.ftl"("en", UTF-8, parsed); will try to load it.
2020/07/14 19:04:07:767 DEBUG freemarker.cache:45 - TemplateLoader.findTemplateSource("logs-view/testrunner-logs-view_en.ftl"): Not found
2020/07/14 19:04:07:772 DEBUG freemarker.cache:45 - TemplateLoader.findTemplateSource("logs-view/testrunner-logs-view.ftl"): Found
2020/07/14 19:04:07:774 DEBUG freemarker.cache:45 - Loading template for "logs-view/testrunner-logs-view.ftl"("en", UTF-8, parsed) from "jar:file:/C:/Users/liu-b/.m2/repository/com/aventstack/extentreports/3.1.3/extentreports-3.1.3.jar!/com/aventstack/extentreports/view/html-report/logs-view/testrunner-logs-view.ftl"
2020/07/14 19:06:18:968  INFO com.sinosoft.test.base.TestBase:59 - 配置文件路径：config.properties
2020/07/14 19:06:18:973 DEBUG com.sinosoft.test.base.TestBase:69 - 初始化class com.sinosoft.testcases.fccb.TBGLTestCase
2020/07/14 19:06:19:008 DEBUG com.sinosoft.test.base.TestBase:69 - 初始化class com.sinosoft.test.util.ExcelDataProvider
2020/07/14 19:06:19:503  INFO com.sinosoft.test.base.TestBase:80 - 当前文件里面一共有数据：4
2020/07/14 19:06:19:533  INFO com.sinosoft.test.base.TestBase:91 - start InternetExplorerDriver
2020/07/14 19:06:21:849 DEBUG com.sinosoft.test.base.TestBase:69 - 初始化class com.sinosoft.test.util.WebEventListener
2020/07/14 19:06:21:872  INFO com.sinosoft.test.base.TestBase:83 - 开始运行测试脚本，获取到的测试数据《getTBCLTestData》如下:
2020/07/14 19:06:21:873  INFO com.sinosoft.test.base.TestBase:84 - ROW_ID=2
ProcessFlag=Y
TestCaseName=FCCB_TB_JCX
TestCaseSeq=1
TestDescription=非车承保企财险-财产基本险-出单
riskClass=01
riskCode=0101
renewalInd=0
renewalPolicy=
prePay=
carrayOver=
carrayOverPolicy=
relatedInd=
relatedPolicy=
fbbs=
ywgs=01620190
qdlx=01
gdbs=0
xstd=T6201900101
ywy=S000000006
ywly=01010101
dljg=
xsxy=
cxywbs=HXXT
cdjg=
htzyjjfs=
jnwbz=
jw_country=
jw_Addr=
snbz=
sftkbd=0
sfdzbd=0
sfxb=0
fxqkyjytz=
sfydyw=
sfsn=
xbbdh=
tbr_lx=2
tbr_mc=
tbr_vip=
tbr_dm=G6200019984
tbr_zjlx=
tbr_zjhm=
tbr_sj=
tbr_csrq=
tbr_lxdz=
tbr_dwdh=010-67549095-456
lxr_xm=
lxr_xb=
lxr_zw=
lxr_sj=
lxr_yx=
xzsyfw=1
tqmc=
qbrq=
zbrq=
lgbbz=1
yyzdbz=1
sfgxdm=1
cbdq=
zzfwlx=0
hydl=12
hyxl=12006
jqbm=121121123123
bbdm=CNY
sf=130000
cs=130300
qx=130302
yb=065201
jzdj=01
bxcs=北戴河公园
bdw_jd=金融街街道
bdw_yyxz=
bdw_sfhyf=
bdw_fxlx=
bdw_sbmc=
bdw_cjh=
bdw_fdjh=
bdw_cjdjrq=
bdw_cllx=
bdw_cpcx=
bdw_sccj=
bdw_gzjz=
bdw_sgzyqy=
bdw_zylx=
bdw=010001
bdwmx=碣石公园礁石群
xbdm=0101001
jrbe=1
jzfs=10
bxje=2000000
bffl=0.5
dqflbz=2
ysbf=400
yyzd_zdpcg=24
yyzd_sndmlrze=6000000
yyzd_sndyye=20000000
yyzd_bdw=010056
yyzd_bdwmx=
yyzd_xbdm=0105001
yyzd_jrbe=1
yyzd_jzfs=18
yyzd_bxje=200000
yyzd_bffl=3
yyzd_dqflbz=3
yyzd_ysbf=4000
fsh=6
xsfdj=B
xsfxs=2
jgx_sf=
jgx_cs=
jgx_qx=
jgx_gcdd=
jgx_bb=
jgx_gcmc=
jgx_gclx_1=
jgx_gclx_2=
jgx_gclx_3=
jgx_gclx_4=
jgx_gclx_5=
jgx_gclx_6=
jgx_yzssjt=
jgx_yz=
jgx_cbs_ssjt=
jgx_cbs=
jgx_gchth=
jgx_gcjz=
jgx_gcqsrq=
jgx_gczzrq=
jgx_gcfw=
jgx_scqqsrq=
jgx_scqzzrq=
jgx_bzqqsrq=
jgx_bzqzzrq=
jgx_ws_xmlbdm=
jgx_ws_jrbe=
jgx_ws_bxje=
jgx_ws_fl=
jgx_ws_dqflbz=
jgx_ws_ysbf=
jgx_sz_xbdm=
jgx_sz_jrbe=
jgx_sz_ljpcxe=
jgx_sz_fv=
jgx_sz_dqflbz=
jgx_sz_ysbf=
proposalNumber=06201900101202000000000086
message=未知异常Unable to find element with css selector == *[name='GuProposalProposalNo']
For documentation on this error, please visit: http://seleniumhq.org/exceptions/no_such_element.html
Build info: version: '3.9.0', revision: '698b3178f0', time: '2018-02-05T14:26:55.441Z'
System info: host: 'DESKTOP-I9S3ABE', ip: '100.100.99.142', os.name: 'Windows 10', os.arch: 'amd64', os.version: '10.0', java.version: '1.8.0_101'
Driver info: org.openqa.selenium.ie.InternetExplorerDriver
Capabilities {acceptInsecureCerts: false, browserName: internet explorer, browserVersion: 11, javascriptEnabled: true, pageLoadStrategy: normal, platform: WINDOWS, platformName: WINDOWS, proxy: Proxy(), se:ieOptions: {browserAttachTimeout: 0, elementScrollBehavior: 0, enablePersistentHover: true, ie.browserCommandLineSwitches: , ie.ensureCleanSession: false, ie.fileUploadDialogTimeout: 3000, ie.forceCreateProcessApi: false, ignoreProtectedModeSettings: true, ignoreZoomSetting: false, initialBrowserUrl: http://localhost:1947/, nativeEvents: true, requireWindowFocus: false}, setWindowRect: true, timeouts: {implicit: 0, pageLoad: 300000, script: 30000}, unhandledPromptBehavior: ignore}
Session ID: b1ac55d7-3b7b-42be-8d0a-fa40eaae3976
*** Element info: {Using=name, value=GuProposalProposalNo}
screenshot=C:\Users\liu-b\git\PageObjectModel\screenshots\FCCB_TB_JCX_1_异常截屏_20200714070406914.png
testCaseName=FCCB_TBCL

2020/07/14 19:06:21:877 DEBUG com.sinosoft.test.base.TestBase:69 - 初始化class com.sinosoft.test.fccp.common.LoginPage
2020/07/14 19:06:26:899 DEBUG com.sinosoft.test.base.TestBase:26 - Before navigating to: 'http://tvfchxyw.ypic.cn'
2020/07/14 19:06:27:544 DEBUG com.sinosoft.test.base.TestBase:30 - Navigated to:'http://tvfchxyw.ypic.cn'
2020/07/14 19:06:27:544 DEBUG com.sinosoft.test.base.TestBase:76 - Trying to find Element By : By.id: username
2020/07/14 19:06:27:734 DEBUG com.sinosoft.test.base.TestBase:80 - Found Element By : By.id: username
2020/07/14 19:06:27:738  INFO com.sinosoft.test.base.TestBase:360 - setEditboxValue:[[InternetExplorerDriver: internet explorer on WINDOWS (9801e082-3848-437e-ad69-11e9782ba90f)] -> id: username]：policy1@ypic
2020/07/14 19:06:27:738 DEBUG com.sinosoft.test.base.TestBase:76 - Trying to find Element By : By.id: username
2020/07/14 19:06:27:917 DEBUG com.sinosoft.test.base.TestBase:80 - Found Element By : By.id: username
2020/07/14 19:06:28:296 DEBUG com.sinosoft.test.base.TestBase:76 - Trying to find Element By : By.id: username
2020/07/14 19:06:28:471 DEBUG com.sinosoft.test.base.TestBase:80 - Found Element By : By.id: username
2020/07/14 19:06:28:939 DEBUG com.sinosoft.test.base.TestBase:76 - Trying to find Element By : By.id: username
2020/07/14 19:06:29:131 DEBUG com.sinosoft.test.base.TestBase:80 - Found Element By : By.id: username
2020/07/14 19:06:29:131  INFO com.sinosoft.test.base.TestBase:363 - setEditboxValue—End:[[InternetExplorerDriver: internet explorer on WINDOWS (9801e082-3848-437e-ad69-11e9782ba90f)] -> id: username]：policy1@ypic
2020/07/14 19:06:29:131 DEBUG com.sinosoft.test.base.TestBase:76 - Trying to find Element By : By.id: password
2020/07/14 19:06:29:303 DEBUG com.sinosoft.test.base.TestBase:80 - Found Element By : By.id: password
2020/07/14 19:06:29:303  INFO com.sinosoft.test.base.TestBase:360 - setEditboxValue:[[InternetExplorerDriver: internet explorer on WINDOWS (9801e082-3848-437e-ad69-11e9782ba90f)] -> id: password]：ypic@1234
2020/07/14 19:06:29:304 DEBUG com.sinosoft.test.base.TestBase:76 - Trying to find Element By : By.id: password
2020/07/14 19:06:29:487 DEBUG com.sinosoft.test.base.TestBase:80 - Found Element By : By.id: password
2020/07/14 19:06:29:851 DEBUG com.sinosoft.test.base.TestBase:76 - Trying to find Element By : By.id: password
2020/07/14 19:06:30:048 DEBUG com.sinosoft.test.base.TestBase:80 - Found Element By : By.id: password
2020/07/14 19:06:30:471 DEBUG com.sinosoft.test.base.TestBase:76 - Trying to find Element By : By.id: password
2020/07/14 19:06:30:657 DEBUG com.sinosoft.test.base.TestBase:80 - Found Element By : By.id: password
2020/07/14 19:06:30:657  INFO com.sinosoft.test.base.TestBase:363 - setEditboxValue—End:[[InternetExplorerDriver: internet explorer on WINDOWS (9801e082-3848-437e-ad69-11e9782ba90f)] -> id: password]：ypic@1234
2020/07/14 19:06:30:658 DEBUG com.sinosoft.test.base.TestBase:76 - Trying to find Element By : By.id: bt_submit
2020/07/14 19:06:30:841 DEBUG com.sinosoft.test.base.TestBase:80 - Found Element By : By.id: bt_submit
2020/07/14 19:06:30:841  INFO com.sinosoft.test.base.TestBase:402 - clickButton:[[InternetExplorerDriver: internet explorer on WINDOWS (9801e082-3848-437e-ad69-11e9782ba90f)] -> id: bt_submit]
2020/07/14 19:06:30:842 DEBUG com.sinosoft.test.base.TestBase:76 - Trying to find Element By : By.id: bt_submit
2020/07/14 19:06:31:019 DEBUG com.sinosoft.test.base.TestBase:80 - Found Element By : By.id: bt_submit
2020/07/14 19:06:31:019 DEBUG com.sinosoft.test.base.TestBase:42 - Trying to click on: [[InternetExplorerDriver: internet explorer on WINDOWS (9801e082-3848-437e-ad69-11e9782ba90f)] -> id: bt_submit]
2020/07/14 19:06:33:546 DEBUG com.sinosoft.test.base.TestBase:46 - Clicked on: [[InternetExplorerDriver: internet explorer on WINDOWS (9801e082-3848-437e-ad69-11e9782ba90f)] -> id: bt_submit]
2020/07/14 19:06:33:551 DEBUG com.sinosoft.test.base.TestBase:76 - Trying to find Element By : By.xpath: //input[@value='继续登录']
2020/07/14 19:06:35:905 DEBUG com.sinosoft.test.base.TestBase:66 - 系统自动捕获异常：Exception occured: org.openqa.selenium.NoSuchElementException: Unable to find element with xpath == //input[@value='继续登录']
For documentation on this error, please visit: http://seleniumhq.org/exceptions/no_such_element.html
Build info: version: '3.9.0', revision: '698b3178f0', time: '2018-02-05T14:26:55.441Z'
System info: host: 'DESKTOP-I9S3ABE', ip: '100.100.99.142', os.name: 'Windows 10', os.arch: 'amd64', os.version: '10.0', java.version: '1.8.0_101'
Driver info: org.openqa.selenium.ie.InternetExplorerDriver
Capabilities {acceptInsecureCerts: false, browserName: internet explorer, browserVersion: 11, javascriptEnabled: true, pageLoadStrategy: normal, platform: WINDOWS, platformName: WINDOWS, proxy: Proxy(), se:ieOptions: {browserAttachTimeout: 0, elementScrollBehavior: 0, enablePersistentHover: true, ie.browserCommandLineSwitches: , ie.ensureCleanSession: false, ie.fileUploadDialogTimeout: 3000, ie.forceCreateProcessApi: false, ignoreProtectedModeSettings: true, ignoreZoomSetting: false, initialBrowserUrl: http://localhost:1807/, nativeEvents: true, requireWindowFocus: false}, setWindowRect: true, timeouts: {implicit: 0, pageLoad: 300000, script: 30000}, unhandledPromptBehavior: ignore}
Session ID: 9801e082-3848-437e-ad69-11e9782ba90f
*** Element info: {Using=xpath, value=//input[@value='继续登录']}
2020/07/14 19:06:35:909  INFO com.sinosoft.test.base.TestBase:68 - 异常的message 是：Unable to find element with xpath == //input[@value='继续登录']
For documentation on this error, please visit: http://seleniumhq.org/exceptions/no_such_element.html
Build info: version: '3.9.0', revision: '698b3178f0', time: '2018-02-05T14:26:55.441Z'
System info: host: 'DESKTOP-I9S3ABE', ip: '100.100.99.142', os.name: 'Windows 10', os.arch: 'amd64', os.version: '10.0', java.version: '1.8.0_101'
Driver info: org.openqa.selenium.ie.InternetExplorerDriver
Capabilities {acceptInsecureCerts: false, browserName: internet explorer, browserVersion: 11, javascriptEnabled: true, pageLoadStrategy: normal, platform: WINDOWS, platformName: WINDOWS, proxy: Proxy(), se:ieOptions: {browserAttachTimeout: 0, elementScrollBehavior: 0, enablePersistentHover: true, ie.browserCommandLineSwitches: , ie.ensureCleanSession: false, ie.fileUploadDialogTimeout: 3000, ie.forceCreateProcessApi: false, ignoreProtectedModeSettings: true, ignoreZoomSetting: false, initialBrowserUrl: http://localhost:1807/, nativeEvents: true, requireWindowFocus: false}, setWindowRect: true, timeouts: {implicit: 0, pageLoad: 300000, script: 30000}, unhandledPromptBehavior: ignore}
Session ID: 9801e082-3848-437e-ad69-11e9782ba90f
*** Element info: {Using=xpath, value=//input[@value='继续登录']}
2020/07/14 19:06:35:911  INFO com.sinosoft.test.base.TestBase:198 - 没有找到页面元素:By.xpath: //input[@value='继续登录'] - 错误信息Expected condition failed: waiting for com.sinosoft.test.base.TestBase$1@561868a0 (tried for 2 second(s) with 500 MILLISECONDS interval)
2020/07/14 19:06:35:912  INFO com.sinosoft.test.base.TestBase:77 - 常规登录，没有继续登录按钮
2020/07/14 19:06:35:913 DEBUG com.sinosoft.test.base.TestBase:69 - 初始化class com.sinosoft.test.fccp.common.HomePage
2020/07/14 19:06:36:460 DEBUG com.sinosoft.test.base.TestBase:76 - Trying to find Element By : By.linkText: 承保子系统
2020/07/14 19:06:36:518 DEBUG com.sinosoft.test.base.TestBase:80 - Found Element By : By.linkText: 承保子系统
2020/07/14 19:06:36:519  INFO com.sinosoft.test.base.TestBase:144 - RunJavaScript:[[InternetExplorerDriver: internet explorer on WINDOWS (9801e082-3848-437e-ad69-11e9782ba90f)] -> link text: 承保子系统]	arguments[0].click();
2020/07/14 19:06:36:994 DEBUG com.sinosoft.test.base.TestBase:76 - Trying to find Element By : By.linkText: 投保管理
2020/07/14 19:06:37:044 DEBUG com.sinosoft.test.base.TestBase:80 - Found Element By : By.linkText: 投保管理
2020/07/14 19:06:37:045  INFO com.sinosoft.test.base.TestBase:144 - RunJavaScript:[[InternetExplorerDriver: internet explorer on WINDOWS (9801e082-3848-437e-ad69-11e9782ba90f)] -> link text: 投保管理]	arguments[0].click();
2020/07/14 19:06:37:348 DEBUG com.sinosoft.test.base.TestBase:76 - Trying to find Element By : By.linkText: 投保处理
2020/07/14 19:06:37:396 DEBUG com.sinosoft.test.base.TestBase:80 - Found Element By : By.linkText: 投保处理
2020/07/14 19:06:37:396  INFO com.sinosoft.test.base.TestBase:144 - RunJavaScript:[[InternetExplorerDriver: internet explorer on WINDOWS (9801e082-3848-437e-ad69-11e9782ba90f)] -> link text: 投保处理]	arguments[0].click();
2020/07/14 19:06:37:633 DEBUG com.sinosoft.test.base.TestBase:69 - 初始化class com.sinosoft.test.fccp.tbcl.RiskSelectPage
2020/07/14 19:06:38:008 DEBUG com.sinosoft.test.base.TestBase:93 - 投保处理/险种选择
2020/07/14 19:06:38:009 DEBUG com.sinosoft.test.base.TestBase:76 - Trying to find Element By : By.name: riskClassTemp
2020/07/14 19:06:38:068 DEBUG com.sinosoft.test.base.TestBase:80 - Found Element By : By.name: riskClassTemp
2020/07/14 19:06:38:102 DEBUG com.sinosoft.test.base.TestBase:76 - Trying to find Element By : By.name: riskClassTemp
2020/07/14 19:06:38:164 DEBUG com.sinosoft.test.base.TestBase:80 - Found Element By : By.name: riskClassTemp
2020/07/14 19:06:38:165 DEBUG com.sinosoft.test.base.TestBase:63 - SetCodeEditBox:开始设置:[[InternetExplorerDriver: internet explorer on WINDOWS (9801e082-3848-437e-ad69-11e9782ba90f)] -> name: riskClassTemp] & Code=01
2020/07/14 19:06:38:165 DEBUG com.sinosoft.test.base.TestBase:76 - Trying to find Element By : By.name: riskClassTemp
2020/07/14 19:06:38:201 DEBUG com.sinosoft.test.base.TestBase:80 - Found Element By : By.name: riskClassTemp
2020/07/14 19:06:38:457 DEBUG com.sinosoft.test.base.TestBase:76 - Trying to find Element By : By.name: riskClassTemp
2020/07/14 19:06:38:508 DEBUG com.sinosoft.test.base.TestBase:80 - Found Element By : By.name: riskClassTemp
2020/07/14 19:06:39:080 DEBUG com.sinosoft.test.base.TestBase:76 - Trying to find Element By : By.name: riskClassTemp
2020/07/14 19:06:39:117 DEBUG com.sinosoft.test.base.TestBase:80 - Found Element By : By.name: riskClassTemp
2020/07/14 19:06:39:117 DEBUG com.sinosoft.test.base.TestBase:76 - Trying to find Element By : By.xpath: ../input[last()]
2020/07/14 19:06:39:177 DEBUG com.sinosoft.test.base.TestBase:80 - Found Element By : By.xpath: ../input[last()]
2020/07/14 19:06:39:306  INFO com.sinosoft.test.base.TestBase:71 - SetCodeEditBox:找到了Code对应的文本显示框并点击触发显示:riskClassName
2020/07/14 19:06:39:308 DEBUG com.sinosoft.test.base.TestBase:42 - Trying to click on: [[[[InternetExplorerDriver: internet explorer on WINDOWS (9801e082-3848-437e-ad69-11e9782ba90f)] -> name: riskClassTemp]] -> xpath: ../input[last()]]
2020/07/14 19:06:40:213 DEBUG com.sinosoft.test.base.TestBase:46 - Clicked on: [[[[InternetExplorerDriver: internet explorer on WINDOWS (9801e082-3848-437e-ad69-11e9782ba90f)] -> name: riskClassTemp]] -> xpath: ../input[last()]]
2020/07/14 19:06:40:415 DEBUG com.sinosoft.test.base.TestBase:76 - Trying to find Element By : By.name: riskClassTemp
2020/07/14 19:06:40:450 DEBUG com.sinosoft.test.base.TestBase:80 - Found Element By : By.name: riskClassTemp
2020/07/14 19:06:40:450 DEBUG com.sinosoft.test.base.TestBase:87 - SetCodeEditBox:设置完毕[[InternetExplorerDriver: internet explorer on WINDOWS (9801e082-3848-437e-ad69-11e9782ba90f)] -> name: riskClassTemp],设置值 Code=01
2020/07/14 19:06:40:451 DEBUG com.sinosoft.test.base.TestBase:76 - Trying to find Element By : By.name: riskCode
2020/07/14 19:06:40:506 DEBUG com.sinosoft.test.base.TestBase:80 - Found Element By : By.name: riskCode
2020/07/14 19:06:40:533 DEBUG com.sinosoft.test.base.TestBase:76 - Trying to find Element By : By.name: riskCode
2020/07/14 19:06:40:581 DEBUG com.sinosoft.test.base.TestBase:80 - Found Element By : By.name: riskCode
2020/07/14 19:06:40:581 DEBUG com.sinosoft.test.base.TestBase:63 - SetCodeEditBox:开始设置:[[InternetExplorerDriver: internet explorer on WINDOWS (9801e082-3848-437e-ad69-11e9782ba90f)] -> name: riskCode] & Code=0101
2020/07/14 19:06:40:581 DEBUG com.sinosoft.test.base.TestBase:76 - Trying to find Element By : By.name: riskCode
2020/07/14 19:06:40:640 DEBUG com.sinosoft.test.base.TestBase:80 - Found Element By : By.name: riskCode
2020/07/14 19:06:40:890 DEBUG com.sinosoft.test.base.TestBase:76 - Trying to find Element By : By.name: riskCode
2020/07/14 19:06:40:922 DEBUG com.sinosoft.test.base.TestBase:80 - Found Element By : By.name: riskCode
2020/07/14 19:06:41:394 DEBUG com.sinosoft.test.base.TestBase:76 - Trying to find Element By : By.name: riskCode
2020/07/14 19:06:41:421 DEBUG com.sinosoft.test.base.TestBase:80 - Found Element By : By.name: riskCode
2020/07/14 19:06:41:422 DEBUG com.sinosoft.test.base.TestBase:76 - Trying to find Element By : By.xpath: ../input[last()]
2020/07/14 19:06:41:482 DEBUG com.sinosoft.test.base.TestBase:80 - Found Element By : By.xpath: ../input[last()]
2020/07/14 19:06:41:605  INFO com.sinosoft.test.base.TestBase:71 - SetCodeEditBox:找到了Code对应的文本显示框并点击触发显示:riskName
2020/07/14 19:06:41:605 DEBUG com.sinosoft.test.base.TestBase:42 - Trying to click on: [[[[InternetExplorerDriver: internet explorer on WINDOWS (9801e082-3848-437e-ad69-11e9782ba90f)] -> name: riskCode]] -> xpath: ../input[last()]]
2020/07/14 19:06:42:587 DEBUG com.sinosoft.test.base.TestBase:46 - Clicked on: [[[[InternetExplorerDriver: internet explorer on WINDOWS (9801e082-3848-437e-ad69-11e9782ba90f)] -> name: riskCode]] -> xpath: ../input[last()]]
2020/07/14 19:06:42:788 DEBUG com.sinosoft.test.base.TestBase:76 - Trying to find Element By : By.name: riskCode
2020/07/14 19:06:42:825 DEBUG com.sinosoft.test.base.TestBase:80 - Found Element By : By.name: riskCode
2020/07/14 19:06:42:825 DEBUG com.sinosoft.test.base.TestBase:87 - SetCodeEditBox:设置完毕[[InternetExplorerDriver: internet explorer on WINDOWS (9801e082-3848-437e-ad69-11e9782ba90f)] -> name: riskCode],设置值 Code=0101
2020/07/14 19:06:42:826 DEBUG com.sinosoft.test.base.TestBase:76 - Trying to find Element By : By.name: renewInd
2020/07/14 19:06:42:862 DEBUG com.sinosoft.test.base.TestBase:80 - Found Element By : By.name: renewInd
2020/07/14 19:06:42:863  INFO com.sinosoft.test.base.TestBase:321 - setEditboxTValue:[[[InternetExplorerDriver: internet explorer on WINDOWS (9801e082-3848-437e-ad69-11e9782ba90f)] -> name: renewInd], [[InternetExplorerDriver: internet explorer on WINDOWS (9801e082-3848-437e-ad69-11e9782ba90f)] -> name: renewInd]]：0
2020/07/14 19:06:42:863 DEBUG com.sinosoft.test.base.TestBase:76 - Trying to find Element By : By.name: renewInd
2020/07/14 19:06:42:924 DEBUG com.sinosoft.test.base.TestBase:80 - Found Element By : By.name: renewInd
2020/07/14 19:06:43:031 DEBUG com.sinosoft.test.base.TestBase:76 - Trying to find Element By : By.name: buttonNextStep
2020/07/14 19:06:43:108 DEBUG com.sinosoft.test.base.TestBase:80 - Found Element By : By.name: buttonNextStep
2020/07/14 19:06:43:109  INFO com.sinosoft.test.base.TestBase:402 - clickButton:[[InternetExplorerDriver: internet explorer on WINDOWS (9801e082-3848-437e-ad69-11e9782ba90f)] -> name: buttonNextStep]
2020/07/14 19:06:43:109 DEBUG com.sinosoft.test.base.TestBase:42 - Trying to click on: [[InternetExplorerDriver: internet explorer on WINDOWS (9801e082-3848-437e-ad69-11e9782ba90f)] -> name: buttonNextStep]
2020/07/14 19:06:45:768 DEBUG com.sinosoft.test.base.TestBase:46 - Clicked on: [[InternetExplorerDriver: internet explorer on WINDOWS (9801e082-3848-437e-ad69-11e9782ba90f)] -> name: buttonNextStep]
2020/07/14 19:06:45:770 DEBUG com.sinosoft.test.base.TestBase:69 - 初始化class com.sinosoft.test.fccp.tbcl.BasicInfoPage
2020/07/14 19:06:48:436 DEBUG com.sinosoft.test.base.TestBase:322 - 投保处理/基本信息
2020/07/14 19:06:48:436 DEBUG com.sinosoft.test.base.TestBase:76 - Trying to find Element By : By.name: GuMainBusinessType
2020/07/14 19:06:48:518 DEBUG com.sinosoft.test.base.TestBase:80 - Found Element By : By.name: GuMainBusinessType
2020/07/14 19:06:48:519  INFO com.sinosoft.test.base.TestBase:96 - setSelectWithStartText:[[InternetExplorerDriver: internet explorer on WINDOWS (9801e082-3848-437e-ad69-11e9782ba90f)] -> name: GuMainBusinessType]->
2020/07/14 19:06:48:519 DEBUG com.sinosoft.test.base.TestBase:76 - Trying to find Element By : By.name: GuMainCompanyCode
2020/07/14 19:06:48:576 DEBUG com.sinosoft.test.base.TestBase:80 - Found Element By : By.name: GuMainCompanyCode
2020/07/14 19:06:48:617 DEBUG com.sinosoft.test.base.TestBase:76 - Trying to find Element By : By.name: GuMainCompanyCode
2020/07/14 19:06:48:677 DEBUG com.sinosoft.test.base.TestBase:80 - Found Element By : By.name: GuMainCompanyCode
2020/07/14 19:06:48:677 DEBUG com.sinosoft.test.base.TestBase:63 - SetCodeEditBox:开始设置:[[InternetExplorerDriver: internet explorer on WINDOWS (9801e082-3848-437e-ad69-11e9782ba90f)] -> name: GuMainCompanyCode] & Code=01620190
2020/07/14 19:06:48:678 DEBUG com.sinosoft.test.base.TestBase:76 - Trying to find Element By : By.name: GuMainCompanyCode
2020/07/14 19:06:48:726 DEBUG com.sinosoft.test.base.TestBase:80 - Found Element By : By.name: GuMainCompanyCode
2020/07/14 19:06:49:048 DEBUG com.sinosoft.test.base.TestBase:76 - Trying to find Element By : By.name: GuMainCompanyCode
2020/07/14 19:06:49:105 DEBUG com.sinosoft.test.base.TestBase:80 - Found Element By : By.name: GuMainCompanyCode
2020/07/14 19:06:50:053 DEBUG com.sinosoft.test.base.TestBase:76 - Trying to find Element By : By.name: GuMainCompanyCode
2020/07/14 19:06:50:101 DEBUG com.sinosoft.test.base.TestBase:80 - Found Element By : By.name: GuMainCompanyCode
2020/07/14 19:06:50:101 DEBUG com.sinosoft.test.base.TestBase:76 - Trying to find Element By : By.xpath: ../input[last()]
2020/07/14 19:06:50:149 DEBUG com.sinosoft.test.base.TestBase:80 - Found Element By : By.xpath: ../input[last()]
2020/07/14 19:06:50:287  INFO com.sinosoft.test.base.TestBase:71 - SetCodeEditBox:找到了Code对应的文本显示框并点击触发显示:GuMainCompanyName
2020/07/14 19:06:50:287 DEBUG com.sinosoft.test.base.TestBase:42 - Trying to click on: [[[[InternetExplorerDriver: internet explorer on WINDOWS (9801e082-3848-437e-ad69-11e9782ba90f)] -> name: GuMainCompanyCode]] -> xpath: ../input[last()]]
2020/07/14 19:06:51:325 DEBUG com.sinosoft.test.base.TestBase:46 - Clicked on: [[[[InternetExplorerDriver: internet explorer on WINDOWS (9801e082-3848-437e-ad69-11e9782ba90f)] -> name: GuMainCompanyCode]] -> xpath: ../input[last()]]
2020/07/14 19:06:51:526 DEBUG com.sinosoft.test.base.TestBase:76 - Trying to find Element By : By.name: GuMainCompanyCode
2020/07/14 19:06:51:612 DEBUG com.sinosoft.test.base.TestBase:80 - Found Element By : By.name: GuMainCompanyCode
2020/07/14 19:06:51:613 DEBUG com.sinosoft.test.base.TestBase:87 - SetCodeEditBox:设置完毕[[InternetExplorerDriver: internet explorer on WINDOWS (9801e082-3848-437e-ad69-11e9782ba90f)] -> name: GuMainCompanyCode],设置值 Code=01620190
2020/07/14 19:06:51:614 DEBUG com.sinosoft.test.base.TestBase:76 - Trying to find Element By : By.name: GuMainChannelDetailCode
2020/07/14 19:06:51:687 DEBUG com.sinosoft.test.base.TestBase:80 - Found Element By : By.name: GuMainChannelDetailCode
2020/07/14 19:06:51:715 DEBUG com.sinosoft.test.base.TestBase:76 - Trying to find Element By : By.name: GuMainChannelDetailCode
2020/07/14 19:06:51:773 DEBUG com.sinosoft.test.base.TestBase:80 - Found Element By : By.name: GuMainChannelDetailCode
2020/07/14 19:06:51:773 DEBUG com.sinosoft.test.base.TestBase:63 - SetCodeEditBox:开始设置:[[InternetExplorerDriver: internet explorer on WINDOWS (9801e082-3848-437e-ad69-11e9782ba90f)] -> name: GuMainChannelDetailCode] & Code=01
2020/07/14 19:06:51:773 DEBUG com.sinosoft.test.base.TestBase:76 - Trying to find Element By : By.name: GuMainChannelDetailCode
2020/07/14 19:06:51:833 DEBUG com.sinosoft.test.base.TestBase:80 - Found Element By : By.name: GuMainChannelDetailCode
2020/07/14 19:06:52:084 DEBUG com.sinosoft.test.base.TestBase:76 - Trying to find Element By : By.name: GuMainChannelDetailCode
2020/07/14 19:06:52:145 DEBUG com.sinosoft.test.base.TestBase:80 - Found Element By : By.name: GuMainChannelDetailCode
2020/07/14 19:06:52:688 DEBUG com.sinosoft.test.base.TestBase:76 - Trying to find Element By : By.name: GuMainChannelDetailCode
2020/07/14 19:06:52:736 DEBUG com.sinosoft.test.base.TestBase:80 - Found Element By : By.name: GuMainChannelDetailCode
2020/07/14 19:06:52:737 DEBUG com.sinosoft.test.base.TestBase:76 - Trying to find Element By : By.xpath: ../input[last()]
2020/07/14 19:06:52:774 DEBUG com.sinosoft.test.base.TestBase:80 - Found Element By : By.xpath: ../input[last()]
2020/07/14 19:06:52:931  INFO com.sinosoft.test.base.TestBase:71 - SetCodeEditBox:找到了Code对应的文本显示框并点击触发显示:GuMainChannelDetailName
2020/07/14 19:06:52:932 DEBUG com.sinosoft.test.base.TestBase:42 - Trying to click on: [[[[InternetExplorerDriver: internet explorer on WINDOWS (9801e082-3848-437e-ad69-11e9782ba90f)] -> name: GuMainChannelDetailCode]] -> xpath: ../input[last()]]
2020/07/14 19:06:53:945 DEBUG com.sinosoft.test.base.TestBase:46 - Clicked on: [[[[InternetExplorerDriver: internet explorer on WINDOWS (9801e082-3848-437e-ad69-11e9782ba90f)] -> name: GuMainChannelDetailCode]] -> xpath: ../input[last()]]
2020/07/14 19:06:54:145 DEBUG com.sinosoft.test.base.TestBase:76 - Trying to find Element By : By.name: GuMainChannelDetailCode
2020/07/14 19:06:54:197 DEBUG com.sinosoft.test.base.TestBase:80 - Found Element By : By.name: GuMainChannelDetailCode
2020/07/14 19:06:54:197 DEBUG com.sinosoft.test.base.TestBase:87 - SetCodeEditBox:设置完毕[[InternetExplorerDriver: internet explorer on WINDOWS (9801e082-3848-437e-ad69-11e9782ba90f)] -> name: GuMainChannelDetailCode],设置值 Code=01
2020/07/14 19:06:54:197 DEBUG com.sinosoft.test.base.TestBase:76 - Trying to find Element By : By.name: GuMainShareHolderFlag
2020/07/14 19:06:54:267 DEBUG com.sinosoft.test.base.TestBase:80 - Found Element By : By.name: GuMainShareHolderFlag
2020/07/14 19:06:54:294 DEBUG com.sinosoft.test.base.TestBase:76 - Trying to find Element By : By.name: GuMainShareHolderFlag
2020/07/14 19:06:54:364 DEBUG com.sinosoft.test.base.TestBase:80 - Found Element By : By.name: GuMainShareHolderFlag
2020/07/14 19:06:54:364 DEBUG com.sinosoft.test.base.TestBase:42 - CodeSelect:开始设置[[InternetExplorerDriver: internet explorer on WINDOWS (9801e082-3848-437e-ad69-11e9782ba90f)] -> name: GuMainShareHolderFlag] & Code=0
2020/07/14 19:06:54:370 DEBUG com.sinosoft.test.base.TestBase:76 - Trying to find Element By : By.name: GuMainShareHolderFlag
2020/07/14 19:06:54:423 DEBUG com.sinosoft.test.base.TestBase:80 - Found Element By : By.name: GuMainShareHolderFlag
2020/07/14 19:06:55:577 DEBUG com.sinosoft.test.base.TestBase:272 - 系统窗口【黄河财险业务系统】with handle -76089240-cb81-4675-9b96-6bc31b738c48
2020/07/14 19:06:56:241 DEBUG com.sinosoft.test.base.TestBase:272 - 系统窗口【黄河财险业务系统】with handle -76089240-cb81-4675-9b96-6bc31b738c48
2020/07/14 19:06:56:874 DEBUG com.sinosoft.test.base.TestBase:272 - 系统窗口【Code Select】with handle -35e66df5-452b-4fb5-8421-9dc125c87f40
2020/07/14 19:06:57:387 DEBUG com.sinosoft.test.base.TestBase:69 - 初始化class com.sinosoft.test.fccp.common.CodeSelectPage
2020/07/14 19:06:57:391 DEBUG com.sinosoft.test.base.TestBase:39 - 基础码表选择！
2020/07/14 19:06:57:392 DEBUG com.sinosoft.test.base.TestBase:76 - Trying to find Element By : By.name: fieldValue
2020/07/14 19:06:57:666 DEBUG com.sinosoft.test.base.TestBase:80 - Found Element By : By.name: fieldValue
2020/07/14 19:06:57:666  INFO com.sinosoft.test.base.TestBase:360 - setEditboxValue:[[InternetExplorerDriver: internet explorer on WINDOWS (9801e082-3848-437e-ad69-11e9782ba90f)] -> name: fieldValue]：0
2020/07/14 19:06:58:793  INFO com.sinosoft.test.base.TestBase:363 - setEditboxValue—End:[[InternetExplorerDriver: internet explorer on WINDOWS (9801e082-3848-437e-ad69-11e9782ba90f)] -> name: fieldValue]：0
2020/07/14 19:06:58:793 DEBUG com.sinosoft.test.base.TestBase:76 - Trying to find Element By : By.xpath: //input[@value='查询(Q)']
2020/07/14 19:06:59:082 DEBUG com.sinosoft.test.base.TestBase:80 - Found Element By : By.xpath: //input[@value='查询(Q)']
2020/07/14 19:06:59:082  INFO com.sinosoft.test.base.TestBase:402 - clickButton:[[InternetExplorerDriver: internet explorer on WINDOWS (9801e082-3848-437e-ad69-11e9782ba90f)] -> xpath: //input[@value='查询(Q)']]
2020/07/14 19:06:59:082 DEBUG com.sinosoft.test.base.TestBase:42 - Trying to click on: [[InternetExplorerDriver: internet explorer on WINDOWS (9801e082-3848-437e-ad69-11e9782ba90f)] -> xpath: //input[@value='查询(Q)']]
2020/07/14 19:07:00:647 DEBUG com.sinosoft.test.base.TestBase:46 - Clicked on: [[InternetExplorerDriver: internet explorer on WINDOWS (9801e082-3848-437e-ad69-11e9782ba90f)] -> xpath: //input[@value='查询(Q)']]
2020/07/14 19:07:00:647 DEBUG com.sinosoft.test.base.TestBase:76 - Trying to find Element By : By.name: codeselect
2020/07/14 19:07:00:932 DEBUG com.sinosoft.test.base.TestBase:80 - Found Element By : By.name: codeselect
2020/07/14 19:07:00:933  INFO com.sinosoft.test.base.TestBase:132 - setFuzzySelect:[[InternetExplorerDriver: internet explorer on WINDOWS (9801e082-3848-437e-ad69-11e9782ba90f)] -> name: codeselect]->0
2020/07/14 19:07:01:478 DEBUG com.sinosoft.test.base.TestBase:76 - Trying to find Element By : By.tagName: option
2020/07/14 19:07:01:895 DEBUG com.sinosoft.test.base.TestBase:80 - Found Element By : By.tagName: option
2020/07/14 19:07:04:824  INFO com.sinosoft.test.base.TestBase:142 - 找到匹配【0】的选项：0--非股东
2020/07/14 19:07:04:825 DEBUG com.sinosoft.test.base.TestBase:76 - Trying to find Element By : By.xpath: .//option[normalize-space(.) = "0--非股东"]
2020/07/14 19:07:05:111 DEBUG com.sinosoft.test.base.TestBase:80 - Found Element By : By.xpath: .//option[normalize-space(.) = "0--非股东"]
2020/07/14 19:07:05:391 DEBUG com.sinosoft.test.base.TestBase:42 - Trying to click on: [[[[InternetExplorerDriver: internet explorer on WINDOWS (9801e082-3848-437e-ad69-11e9782ba90f)] -> name: codeselect]] -> xpath: .//option[normalize-space(.) = "0--非股东"]]
2020/07/14 19:07:05:770 DEBUG com.sinosoft.test.base.TestBase:46 - Clicked on: [[[[InternetExplorerDriver: internet explorer on WINDOWS (9801e082-3848-437e-ad69-11e9782ba90f)] -> name: codeselect]] -> xpath: .//option[normalize-space(.) = "0--非股东"]]
2020/07/14 19:07:05:770 DEBUG com.sinosoft.test.base.TestBase:151 - setFuzzySelect 结束！
2020/07/14 19:07:05:770 DEBUG com.sinosoft.test.base.TestBase:76 - Trying to find Element By : By.name: SelectIt
2020/07/14 19:07:06:043 DEBUG com.sinosoft.test.base.TestBase:80 - Found Element By : By.name: SelectIt
2020/07/14 19:07:06:044  INFO com.sinosoft.test.base.TestBase:416 - jsClickButton:[[InternetExplorerDriver: internet explorer on WINDOWS (9801e082-3848-437e-ad69-11e9782ba90f)] -> name: SelectIt]
2020/07/14 19:07:06:044  INFO com.sinosoft.test.base.TestBase:144 - RunJavaScript:[[InternetExplorerDriver: internet explorer on WINDOWS (9801e082-3848-437e-ad69-11e9782ba90f)] -> name: SelectIt]	arguments[0].click();
2020/07/14 19:07:06:741 DEBUG com.sinosoft.test.base.TestBase:272 - 系统窗口【黄河财险业务系统】with handle -76089240-cb81-4675-9b96-6bc31b738c48
2020/07/14 19:07:09:475 DEBUG com.sinosoft.test.base.TestBase:76 - Trying to find Element By : By.name: GuMainShareHolderFlag
2020/07/14 19:07:09:548 DEBUG com.sinosoft.test.base.TestBase:80 - Found Element By : By.name: GuMainShareHolderFlag
2020/07/14 19:07:09:548 DEBUG com.sinosoft.test.base.TestBase:49 - CodeSelect:设置完毕[[InternetExplorerDriver: internet explorer on WINDOWS (9801e082-3848-437e-ad69-11e9782ba90f)] -> name: GuMainShareHolderFlag] & Code=0
2020/07/14 19:07:09:548 DEBUG com.sinosoft.test.base.TestBase:76 - Trying to find Element By : By.name: GuMainSalesTeamCode
2020/07/14 19:07:09:642 DEBUG com.sinosoft.test.base.TestBase:80 - Found Element By : By.name: GuMainSalesTeamCode
2020/07/14 19:07:09:676 DEBUG com.sinosoft.test.base.TestBase:76 - Trying to find Element By : By.name: GuMainSalesTeamCode
2020/07/14 19:07:09:784 DEBUG com.sinosoft.test.base.TestBase:80 - Found Element By : By.name: GuMainSalesTeamCode
2020/07/14 19:07:09:784 DEBUG com.sinosoft.test.base.TestBase:42 - CodeSelect:开始设置[[InternetExplorerDriver: internet explorer on WINDOWS (9801e082-3848-437e-ad69-11e9782ba90f)] -> name: GuMainSalesTeamCode] & Code=T6201900101
2020/07/14 19:07:09:785 DEBUG com.sinosoft.test.base.TestBase:76 - Trying to find Element By : By.name: GuMainSalesTeamCode
2020/07/14 19:07:09:870 DEBUG com.sinosoft.test.base.TestBase:80 - Found Element By : By.name: GuMainSalesTeamCode
2020/07/14 19:07:11:015 DEBUG com.sinosoft.test.base.TestBase:272 - 系统窗口【黄河财险业务系统】with handle -76089240-cb81-4675-9b96-6bc31b738c48
2020/07/14 19:07:11:679 DEBUG com.sinosoft.test.base.TestBase:272 - 系统窗口【黄河财险业务系统】with handle -76089240-cb81-4675-9b96-6bc31b738c48
2020/07/14 19:07:12:312 DEBUG com.sinosoft.test.base.TestBase:272 - 系统窗口【Code Select】with handle -a18c173f-2c99-4a0d-b6b0-721621f91e28
2020/07/14 19:07:12:821 DEBUG com.sinosoft.test.base.TestBase:69 - 初始化class com.sinosoft.test.fccp.common.CodeSelectPage
2020/07/14 19:07:12:822 DEBUG com.sinosoft.test.base.TestBase:39 - 基础码表选择！
2020/07/14 19:07:12:822 DEBUG com.sinosoft.test.base.TestBase:76 - Trying to find Element By : By.name: fieldValue
2020/07/14 19:07:13:102 DEBUG com.sinosoft.test.base.TestBase:80 - Found Element By : By.name: fieldValue
2020/07/14 19:07:13:102  INFO com.sinosoft.test.base.TestBase:360 - setEditboxValue:[[InternetExplorerDriver: internet explorer on WINDOWS (9801e082-3848-437e-ad69-11e9782ba90f)] -> name: fieldValue]：T6201900101
2020/07/14 19:07:14:313  INFO com.sinosoft.test.base.TestBase:363 - setEditboxValue—End:[[InternetExplorerDriver: internet explorer on WINDOWS (9801e082-3848-437e-ad69-11e9782ba90f)] -> name: fieldValue]：T6201900101
2020/07/14 19:07:14:313 DEBUG com.sinosoft.test.base.TestBase:76 - Trying to find Element By : By.xpath: //input[@value='查询(Q)']
2020/07/14 19:07:14:603 DEBUG com.sinosoft.test.base.TestBase:80 - Found Element By : By.xpath: //input[@value='查询(Q)']
2020/07/14 19:07:14:603  INFO com.sinosoft.test.base.TestBase:402 - clickButton:[[InternetExplorerDriver: internet explorer on WINDOWS (9801e082-3848-437e-ad69-11e9782ba90f)] -> xpath: //input[@value='查询(Q)']]
2020/07/14 19:07:14:604 DEBUG com.sinosoft.test.base.TestBase:42 - Trying to click on: [[InternetExplorerDriver: internet explorer on WINDOWS (9801e082-3848-437e-ad69-11e9782ba90f)] -> xpath: //input[@value='查询(Q)']]
2020/07/14 19:07:16:212 DEBUG com.sinosoft.test.base.TestBase:46 - Clicked on: [[InternetExplorerDriver: internet explorer on WINDOWS (9801e082-3848-437e-ad69-11e9782ba90f)] -> xpath: //input[@value='查询(Q)']]
2020/07/14 19:07:16:213 DEBUG com.sinosoft.test.base.TestBase:76 - Trying to find Element By : By.name: codeselect
2020/07/14 19:07:16:502 DEBUG com.sinosoft.test.base.TestBase:80 - Found Element By : By.name: codeselect
2020/07/14 19:07:16:502  INFO com.sinosoft.test.base.TestBase:132 - setFuzzySelect:[[InternetExplorerDriver: internet explorer on WINDOWS (9801e082-3848-437e-ad69-11e9782ba90f)] -> name: codeselect]->T6201900101
2020/07/14 19:07:17:046 DEBUG com.sinosoft.test.base.TestBase:76 - Trying to find Element By : By.tagName: option
2020/07/14 19:07:17:353 DEBUG com.sinosoft.test.base.TestBase:80 - Found Element By : By.tagName: option
2020/07/14 19:07:17:646  INFO com.sinosoft.test.base.TestBase:142 - 找到匹配【T6201900101】的选项：T6201900101--兰州中支新团队
2020/07/14 19:07:17:646 DEBUG com.sinosoft.test.base.TestBase:76 - Trying to find Element By : By.xpath: .//option[normalize-space(.) = "T6201900101--兰州中支新团队"]
2020/07/14 19:07:17:946 DEBUG com.sinosoft.test.base.TestBase:80 - Found Element By : By.xpath: .//option[normalize-space(.) = "T6201900101--兰州中支新团队"]
2020/07/14 19:07:18:231 DEBUG com.sinosoft.test.base.TestBase:42 - Trying to click on: [[[[InternetExplorerDriver: internet explorer on WINDOWS (9801e082-3848-437e-ad69-11e9782ba90f)] -> name: codeselect]] -> xpath: .//option[normalize-space(.) = "T6201900101--兰州中支新团队"]]
2020/07/14 19:07:18:661 DEBUG com.sinosoft.test.base.TestBase:46 - Clicked on: [[[[InternetExplorerDriver: internet explorer on WINDOWS (9801e082-3848-437e-ad69-11e9782ba90f)] -> name: codeselect]] -> xpath: .//option[normalize-space(.) = "T6201900101--兰州中支新团队"]]
2020/07/14 19:07:18:661 DEBUG com.sinosoft.test.base.TestBase:151 - setFuzzySelect 结束！
2020/07/14 19:07:18:661 DEBUG com.sinosoft.test.base.TestBase:76 - Trying to find Element By : By.name: SelectIt
2020/07/14 19:07:18:935 DEBUG com.sinosoft.test.base.TestBase:80 - Found Element By : By.name: SelectIt
2020/07/14 19:07:18:935  INFO com.sinosoft.test.base.TestBase:416 - jsClickButton:[[InternetExplorerDriver: internet explorer on WINDOWS (9801e082-3848-437e-ad69-11e9782ba90f)] -> name: SelectIt]
2020/07/14 19:07:18:935  INFO com.sinosoft.test.base.TestBase:144 - RunJavaScript:[[InternetExplorerDriver: internet explorer on WINDOWS (9801e082-3848-437e-ad69-11e9782ba90f)] -> name: SelectIt]	arguments[0].click();
2020/07/14 19:07:19:690 DEBUG com.sinosoft.test.base.TestBase:272 - 系统窗口【黄河财险业务系统】with handle -76089240-cb81-4675-9b96-6bc31b738c48
2020/07/14 19:07:22:449 DEBUG com.sinosoft.test.base.TestBase:76 - Trying to find Element By : By.name: GuMainSalesTeamCode
2020/07/14 19:07:22:555 DEBUG com.sinosoft.test.base.TestBase:80 - Found Element By : By.name: GuMainSalesTeamCode
2020/07/14 19:07:22:555 DEBUG com.sinosoft.test.base.TestBase:49 - CodeSelect:设置完毕[[InternetExplorerDriver: internet explorer on WINDOWS (9801e082-3848-437e-ad69-11e9782ba90f)] -> name: GuMainSalesTeamCode] & Code=T6201900101
2020/07/14 19:07:22:556 DEBUG com.sinosoft.test.base.TestBase:76 - Trying to find Element By : By.name: GuMainSalesmanCode
2020/07/14 19:07:22:645 DEBUG com.sinosoft.test.base.TestBase:80 - Found Element By : By.name: GuMainSalesmanCode
2020/07/14 19:07:22:688 DEBUG com.sinosoft.test.base.TestBase:76 - Trying to find Element By : By.name: GuMainSalesmanCode
2020/07/14 19:07:22:814 DEBUG com.sinosoft.test.base.TestBase:80 - Found Element By : By.name: GuMainSalesmanCode
2020/07/14 19:07:22:814 DEBUG com.sinosoft.test.base.TestBase:42 - CodeSelect:开始设置[[InternetExplorerDriver: internet explorer on WINDOWS (9801e082-3848-437e-ad69-11e9782ba90f)] -> name: GuMainSalesmanCode] & Code=S000000006
2020/07/14 19:07:22:815 DEBUG com.sinosoft.test.base.TestBase:76 - Trying to find Element By : By.name: GuMainSalesmanCode
2020/07/14 19:07:22:926 DEBUG com.sinosoft.test.base.TestBase:80 - Found Element By : By.name: GuMainSalesmanCode
2020/07/14 19:07:24:136 DEBUG com.sinosoft.test.base.TestBase:272 - 系统窗口【黄河财险业务系统】with handle -76089240-cb81-4675-9b96-6bc31b738c48
2020/07/14 19:07:24:802 DEBUG com.sinosoft.test.base.TestBase:272 - 系统窗口【黄河财险业务系统】with handle -76089240-cb81-4675-9b96-6bc31b738c48
2020/07/14 19:07:25:431 DEBUG com.sinosoft.test.base.TestBase:272 - 系统窗口【Code Select】with handle -d1de4230-a84c-4e68-9eb1-d15c0207075b
2020/07/14 19:07:25:943 DEBUG com.sinosoft.test.base.TestBase:69 - 初始化class com.sinosoft.test.fccp.common.CodeSelectPage
2020/07/14 19:07:25:943 DEBUG com.sinosoft.test.base.TestBase:39 - 基础码表选择！
2020/07/14 19:07:25:944 DEBUG com.sinosoft.test.base.TestBase:76 - Trying to find Element By : By.name: fieldValue
2020/07/14 19:07:26:227 DEBUG com.sinosoft.test.base.TestBase:80 - Found Element By : By.name: fieldValue
2020/07/14 19:07:26:227  INFO com.sinosoft.test.base.TestBase:360 - setEditboxValue:[[InternetExplorerDriver: internet explorer on WINDOWS (9801e082-3848-437e-ad69-11e9782ba90f)] -> name: fieldValue]：S000000006
2020/07/14 19:07:27:405  INFO com.sinosoft.test.base.TestBase:363 - setEditboxValue—End:[[InternetExplorerDriver: internet explorer on WINDOWS (9801e082-3848-437e-ad69-11e9782ba90f)] -> name: fieldValue]：S000000006
2020/07/14 19:07:27:406 DEBUG com.sinosoft.test.base.TestBase:76 - Trying to find Element By : By.xpath: //input[@value='查询(Q)']
2020/07/14 19:07:27:690 DEBUG com.sinosoft.test.base.TestBase:80 - Found Element By : By.xpath: //input[@value='查询(Q)']
2020/07/14 19:07:27:690  INFO com.sinosoft.test.base.TestBase:402 - clickButton:[[InternetExplorerDriver: internet explorer on WINDOWS (9801e082-3848-437e-ad69-11e9782ba90f)] -> xpath: //input[@value='查询(Q)']]
2020/07/14 19:07:27:691 DEBUG com.sinosoft.test.base.TestBase:42 - Trying to click on: [[InternetExplorerDriver: internet explorer on WINDOWS (9801e082-3848-437e-ad69-11e9782ba90f)] -> xpath: //input[@value='查询(Q)']]
2020/07/14 19:07:29:268 DEBUG com.sinosoft.test.base.TestBase:46 - Clicked on: [[InternetExplorerDriver: internet explorer on WINDOWS (9801e082-3848-437e-ad69-11e9782ba90f)] -> xpath: //input[@value='查询(Q)']]
2020/07/14 19:07:29:269 DEBUG com.sinosoft.test.base.TestBase:76 - Trying to find Element By : By.name: codeselect
2020/07/14 19:07:29:556 DEBUG com.sinosoft.test.base.TestBase:80 - Found Element By : By.name: codeselect
2020/07/14 19:07:29:556  INFO com.sinosoft.test.base.TestBase:132 - setFuzzySelect:[[InternetExplorerDriver: internet explorer on WINDOWS (9801e082-3848-437e-ad69-11e9782ba90f)] -> name: codeselect]->S000000006
2020/07/14 19:07:30:101 DEBUG com.sinosoft.test.base.TestBase:76 - Trying to find Element By : By.tagName: option
2020/07/14 19:07:30:430 DEBUG com.sinosoft.test.base.TestBase:80 - Found Element By : By.tagName: option
2020/07/14 19:07:30:719  INFO com.sinosoft.test.base.TestBase:142 - 找到匹配【S000000006】的选项：S000000006--赵子毓
2020/07/14 19:07:30:719 DEBUG com.sinosoft.test.base.TestBase:76 - Trying to find Element By : By.xpath: .//option[normalize-space(.) = "S000000006--赵子毓"]
2020/07/14 19:07:31:022 DEBUG com.sinosoft.test.base.TestBase:80 - Found Element By : By.xpath: .//option[normalize-space(.) = "S000000006--赵子毓"]
2020/07/14 19:07:31:306 DEBUG com.sinosoft.test.base.TestBase:42 - Trying to click on: [[[[InternetExplorerDriver: internet explorer on WINDOWS (9801e082-3848-437e-ad69-11e9782ba90f)] -> name: codeselect]] -> xpath: .//option[normalize-space(.) = "S000000006--赵子毓"]]
2020/07/14 19:07:31:767 DEBUG com.sinosoft.test.base.TestBase:46 - Clicked on: [[[[InternetExplorerDriver: internet explorer on WINDOWS (9801e082-3848-437e-ad69-11e9782ba90f)] -> name: codeselect]] -> xpath: .//option[normalize-space(.) = "S000000006--赵子毓"]]
2020/07/14 19:07:31:767 DEBUG com.sinosoft.test.base.TestBase:151 - setFuzzySelect 结束！
2020/07/14 19:07:31:767 DEBUG com.sinosoft.test.base.TestBase:76 - Trying to find Element By : By.name: SelectIt
2020/07/14 19:07:32:052 DEBUG com.sinosoft.test.base.TestBase:80 - Found Element By : By.name: SelectIt
2020/07/14 19:07:32:052  INFO com.sinosoft.test.base.TestBase:416 - jsClickButton:[[InternetExplorerDriver: internet explorer on WINDOWS (9801e082-3848-437e-ad69-11e9782ba90f)] -> name: SelectIt]
2020/07/14 19:07:32:052  INFO com.sinosoft.test.base.TestBase:144 - RunJavaScript:[[InternetExplorerDriver: internet explorer on WINDOWS (9801e082-3848-437e-ad69-11e9782ba90f)] -> name: SelectIt]	arguments[0].click();
2020/07/14 19:07:32:796 DEBUG com.sinosoft.test.base.TestBase:272 - 系统窗口【黄河财险业务系统】with handle -76089240-cb81-4675-9b96-6bc31b738c48
2020/07/14 19:07:35:576 DEBUG com.sinosoft.test.base.TestBase:76 - Trying to find Element By : By.name: GuMainSalesmanCode
2020/07/14 19:07:35:668 DEBUG com.sinosoft.test.base.TestBase:80 - Found Element By : By.name: GuMainSalesmanCode
2020/07/14 19:07:35:669 DEBUG com.sinosoft.test.base.TestBase:49 - CodeSelect:设置完毕[[InternetExplorerDriver: internet explorer on WINDOWS (9801e082-3848-437e-ad69-11e9782ba90f)] -> name: GuMainSalesmanCode] & Code=S000000006
2020/07/14 19:07:35:669 DEBUG com.sinosoft.test.base.TestBase:76 - Trying to find Element By : By.name: GuMainBusinessSource
2020/07/14 19:07:35:778 DEBUG com.sinosoft.test.base.TestBase:80 - Found Element By : By.name: GuMainBusinessSource
2020/07/14 19:07:35:817 DEBUG com.sinosoft.test.base.TestBase:76 - Trying to find Element By : By.name: GuMainBusinessSource
2020/07/14 19:07:35:910 DEBUG com.sinosoft.test.base.TestBase:80 - Found Element By : By.name: GuMainBusinessSource
2020/07/14 19:07:35:910 DEBUG com.sinosoft.test.base.TestBase:42 - CodeSelect:开始设置[[InternetExplorerDriver: internet explorer on WINDOWS (9801e082-3848-437e-ad69-11e9782ba90f)] -> name: GuMainBusinessSource] & Code=01010101
2020/07/14 19:07:35:911 DEBUG com.sinosoft.test.base.TestBase:76 - Trying to find Element By : By.name: GuMainBusinessSource
2020/07/14 19:07:35:973 DEBUG com.sinosoft.test.base.TestBase:80 - Found Element By : By.name: GuMainBusinessSource
2020/07/14 19:07:37:232 DEBUG com.sinosoft.test.base.TestBase:272 - 系统窗口【黄河财险业务系统】with handle -76089240-cb81-4675-9b96-6bc31b738c48
2020/07/14 19:07:37:891 DEBUG com.sinosoft.test.base.TestBase:272 - 系统窗口【黄河财险业务系统】with handle -76089240-cb81-4675-9b96-6bc31b738c48
2020/07/14 19:07:38:519 DEBUG com.sinosoft.test.base.TestBase:272 - 系统窗口【Code Select】with handle -7d3f0c42-ea72-40cb-b10b-13969d9c4ced
2020/07/14 19:07:39:032 DEBUG com.sinosoft.test.base.TestBase:69 - 初始化class com.sinosoft.test.fccp.common.CodeSelectPage
2020/07/14 19:07:39:033 DEBUG com.sinosoft.test.base.TestBase:39 - 基础码表选择！
2020/07/14 19:07:39:033 DEBUG com.sinosoft.test.base.TestBase:76 - Trying to find Element By : By.name: fieldValue
2020/07/14 19:07:39:303 DEBUG com.sinosoft.test.base.TestBase:80 - Found Element By : By.name: fieldValue
2020/07/14 19:07:39:306  INFO com.sinosoft.test.base.TestBase:360 - setEditboxValue:[[InternetExplorerDriver: internet explorer on WINDOWS (9801e082-3848-437e-ad69-11e9782ba90f)] -> name: fieldValue]：01010101
2020/07/14 19:07:40:445  INFO com.sinosoft.test.base.TestBase:363 - setEditboxValue—End:[[InternetExplorerDriver: internet explorer on WINDOWS (9801e082-3848-437e-ad69-11e9782ba90f)] -> name: fieldValue]：01010101
2020/07/14 19:07:40:446 DEBUG com.sinosoft.test.base.TestBase:76 - Trying to find Element By : By.xpath: //input[@value='查询(Q)']
2020/07/14 19:07:40:731 DEBUG com.sinosoft.test.base.TestBase:80 - Found Element By : By.xpath: //input[@value='查询(Q)']
2020/07/14 19:07:40:731  INFO com.sinosoft.test.base.TestBase:402 - clickButton:[[InternetExplorerDriver: internet explorer on WINDOWS (9801e082-3848-437e-ad69-11e9782ba90f)] -> xpath: //input[@value='查询(Q)']]
2020/07/14 19:07:40:731 DEBUG com.sinosoft.test.base.TestBase:42 - Trying to click on: [[InternetExplorerDriver: internet explorer on WINDOWS (9801e082-3848-437e-ad69-11e9782ba90f)] -> xpath: //input[@value='查询(Q)']]
2020/07/14 19:07:42:292 DEBUG com.sinosoft.test.base.TestBase:46 - Clicked on: [[InternetExplorerDriver: internet explorer on WINDOWS (9801e082-3848-437e-ad69-11e9782ba90f)] -> xpath: //input[@value='查询(Q)']]
2020/07/14 19:07:42:293 DEBUG com.sinosoft.test.base.TestBase:76 - Trying to find Element By : By.name: codeselect
2020/07/14 19:07:42:578 DEBUG com.sinosoft.test.base.TestBase:80 - Found Element By : By.name: codeselect
2020/07/14 19:07:42:578  INFO com.sinosoft.test.base.TestBase:132 - setFuzzySelect:[[InternetExplorerDriver: internet explorer on WINDOWS (9801e082-3848-437e-ad69-11e9782ba90f)] -> name: codeselect]->01010101
2020/07/14 19:07:43:119 DEBUG com.sinosoft.test.base.TestBase:76 - Trying to find Element By : By.tagName: option
2020/07/14 19:07:43:554 DEBUG com.sinosoft.test.base.TestBase:80 - Found Element By : By.tagName: option
2020/07/14 19:07:43:843  INFO com.sinosoft.test.base.TestBase:142 - 找到匹配【01010101】的选项：01010101--柜面直销
2020/07/14 19:07:43:843 DEBUG com.sinosoft.test.base.TestBase:76 - Trying to find Element By : By.xpath: .//option[normalize-space(.) = "01010101--柜面直销"]
2020/07/14 19:07:44:147 DEBUG com.sinosoft.test.base.TestBase:80 - Found Element By : By.xpath: .//option[normalize-space(.) = "01010101--柜面直销"]
2020/07/14 19:07:44:429 DEBUG com.sinosoft.test.base.TestBase:42 - Trying to click on: [[[[InternetExplorerDriver: internet explorer on WINDOWS (9801e082-3848-437e-ad69-11e9782ba90f)] -> name: codeselect]] -> xpath: .//option[normalize-space(.) = "01010101--柜面直销"]]
2020/07/14 19:07:44:878 DEBUG com.sinosoft.test.base.TestBase:46 - Clicked on: [[[[InternetExplorerDriver: internet explorer on WINDOWS (9801e082-3848-437e-ad69-11e9782ba90f)] -> name: codeselect]] -> xpath: .//option[normalize-space(.) = "01010101--柜面直销"]]
2020/07/14 19:07:44:878 DEBUG com.sinosoft.test.base.TestBase:151 - setFuzzySelect 结束！
2020/07/14 19:07:44:878 DEBUG com.sinosoft.test.base.TestBase:76 - Trying to find Element By : By.name: SelectIt
2020/07/14 19:07:45:158 DEBUG com.sinosoft.test.base.TestBase:80 - Found Element By : By.name: SelectIt
2020/07/14 19:07:45:159  INFO com.sinosoft.test.base.TestBase:416 - jsClickButton:[[InternetExplorerDriver: internet explorer on WINDOWS (9801e082-3848-437e-ad69-11e9782ba90f)] -> name: SelectIt]
2020/07/14 19:07:45:159  INFO com.sinosoft.test.base.TestBase:144 - RunJavaScript:[[InternetExplorerDriver: internet explorer on WINDOWS (9801e082-3848-437e-ad69-11e9782ba90f)] -> name: SelectIt]	arguments[0].click();
2020/07/14 19:07:45:913 DEBUG com.sinosoft.test.base.TestBase:272 - 系统窗口【黄河财险业务系统】with handle -76089240-cb81-4675-9b96-6bc31b738c48
2020/07/14 19:07:48:637 DEBUG com.sinosoft.test.base.TestBase:76 - Trying to find Element By : By.name: GuMainBusinessSource
2020/07/14 19:07:48:699 DEBUG com.sinosoft.test.base.TestBase:80 - Found Element By : By.name: GuMainBusinessSource
2020/07/14 19:07:48:700 DEBUG com.sinosoft.test.base.TestBase:49 - CodeSelect:设置完毕[[InternetExplorerDriver: internet explorer on WINDOWS (9801e082-3848-437e-ad69-11e9782ba90f)] -> name: GuMainBusinessSource] & Code=01010101
2020/07/14 19:07:48:702 DEBUG com.sinosoft.test.base.TestBase:76 - Trying to find Element By : By.name: GuMainSurveyInd
2020/07/14 19:07:48:782 DEBUG com.sinosoft.test.base.TestBase:80 - Found Element By : By.name: GuMainSurveyInd
2020/07/14 19:07:48:784  INFO com.sinosoft.test.base.TestBase:96 - setSelectWithStartText:[[InternetExplorerDriver: internet explorer on WINDOWS (9801e082-3848-437e-ad69-11e9782ba90f)] -> name: GuMainSurveyInd]->HXXT
2020/07/14 19:07:48:786 DEBUG com.sinosoft.test.base.TestBase:76 - Trying to find Element By : By.name: GuMainSurveyInd
2020/07/14 19:07:48:854 DEBUG com.sinosoft.test.base.TestBase:80 - Found Element By : By.name: GuMainSurveyInd
2020/07/14 19:07:48:879 DEBUG com.sinosoft.test.base.TestBase:76 - Trying to find Element By : By.name: GuMainSurveyInd
2020/07/14 19:07:48:986 DEBUG com.sinosoft.test.base.TestBase:80 - Found Element By : By.name: GuMainSurveyInd
2020/07/14 19:07:49:015 DEBUG com.sinosoft.test.base.TestBase:76 - Trying to find Element By : By.name: GuMainSurveyInd
2020/07/14 19:07:49:117 DEBUG com.sinosoft.test.base.TestBase:80 - Found Element By : By.name: GuMainSurveyInd
2020/07/14 19:07:49:117 DEBUG com.sinosoft.test.base.TestBase:76 - Trying to find Element By : By.tagName: option
2020/07/14 19:07:49:787 DEBUG com.sinosoft.test.base.TestBase:80 - Found Element By : By.tagName: option
2020/07/14 19:07:49:869  INFO com.sinosoft.test.base.TestBase:114 - 找到匹配【HXXT】的选项：HXXT-核心
2020/07/14 19:07:49:869 DEBUG com.sinosoft.test.base.TestBase:76 - Trying to find Element By : By.name: GuMainSurveyInd
2020/07/14 19:07:49:952 DEBUG com.sinosoft.test.base.TestBase:80 - Found Element By : By.name: GuMainSurveyInd
2020/07/14 19:07:49:952 DEBUG com.sinosoft.test.base.TestBase:76 - Trying to find Element By : By.xpath: .//option[normalize-space(.) = "HXXT-核心"]
2020/07/14 19:07:50:037 DEBUG com.sinosoft.test.base.TestBase:80 - Found Element By : By.xpath: .//option[normalize-space(.) = "HXXT-核心"]
2020/07/14 19:07:50:074 DEBUG com.sinosoft.test.base.TestBase:123 - setSelectWithStartText 结束！
2020/07/14 19:07:50:074 DEBUG com.sinosoft.test.base.TestBase:76 - Trying to find Element By : By.name: GuMainArgueSolution
2020/07/14 19:07:50:201 DEBUG com.sinosoft.test.base.TestBase:80 - Found Element By : By.name: GuMainArgueSolution
2020/07/14 19:07:50:202  INFO com.sinosoft.test.base.TestBase:96 - setSelectWithStartText:[[InternetExplorerDriver: internet explorer on WINDOWS (9801e082-3848-437e-ad69-11e9782ba90f)] -> name: GuMainArgueSolution]->
2020/07/14 19:07:50:202 DEBUG com.sinosoft.test.base.TestBase:76 - Trying to find Element By : By.name: GuMainDomesticInd
2020/07/14 19:07:50:272 DEBUG com.sinosoft.test.base.TestBase:80 - Found Element By : By.name: GuMainDomesticInd
2020/07/14 19:07:50:272  INFO com.sinosoft.test.base.TestBase:96 - setSelectWithStartText:[[InternetExplorerDriver: internet explorer on WINDOWS (9801e082-3848-437e-ad69-11e9782ba90f)] -> name: GuMainDomesticInd]->
2020/07/14 19:07:50:272 DEBUG com.sinosoft.test.base.TestBase:76 - Trying to find Element By : By.name: GuMainComInsureInd
2020/07/14 19:07:50:331 DEBUG com.sinosoft.test.base.TestBase:80 - Found Element By : By.name: GuMainComInsureInd
2020/07/14 19:07:50:333  INFO com.sinosoft.test.base.TestBase:96 - setSelectWithStartText:[[InternetExplorerDriver: internet explorer on WINDOWS (9801e082-3848-437e-ad69-11e9782ba90f)] -> name: GuMainComInsureInd]->0
2020/07/14 19:07:50:334 DEBUG com.sinosoft.test.base.TestBase:76 - Trying to find Element By : By.name: GuMainComInsureInd
2020/07/14 19:07:50:393 DEBUG com.sinosoft.test.base.TestBase:80 - Found Element By : By.name: GuMainComInsureInd
2020/07/14 19:07:50:424 DEBUG com.sinosoft.test.base.TestBase:76 - Trying to find Element By : By.name: GuMainComInsureInd
2020/07/14 19:07:50:492 DEBUG com.sinosoft.test.base.TestBase:80 - Found Element By : By.name: GuMainComInsureInd
2020/07/14 19:07:50:529 DEBUG com.sinosoft.test.base.TestBase:76 - Trying to find Element By : By.name: GuMainComInsureInd
2020/07/14 19:07:50:651 DEBUG com.sinosoft.test.base.TestBase:80 - Found Element By : By.name: GuMainComInsureInd
2020/07/14 19:07:50:651 DEBUG com.sinosoft.test.base.TestBase:76 - Trying to find Element By : By.tagName: option
2020/07/14 19:07:50:775 DEBUG com.sinosoft.test.base.TestBase:80 - Found Element By : By.tagName: option
2020/07/14 19:07:50:847  INFO com.sinosoft.test.base.TestBase:114 - 找到匹配【0】的选项：0-非统括业务
2020/07/14 19:07:50:847 DEBUG com.sinosoft.test.base.TestBase:76 - Trying to find Element By : By.name: GuMainComInsureInd
2020/07/14 19:07:50:951 DEBUG com.sinosoft.test.base.TestBase:80 - Found Element By : By.name: GuMainComInsureInd
2020/07/14 19:07:50:951 DEBUG com.sinosoft.test.base.TestBase:76 - Trying to find Element By : By.xpath: .//option[normalize-space(.) = "0-非统括业务"]
2020/07/14 19:07:50:998 DEBUG com.sinosoft.test.base.TestBase:80 - Found Element By : By.xpath: .//option[normalize-space(.) = "0-非统括业务"]
2020/07/14 19:07:51:083 DEBUG com.sinosoft.test.base.TestBase:123 - setSelectWithStartText 结束！
2020/07/14 19:07:51:084 DEBUG com.sinosoft.test.base.TestBase:76 - Trying to find Element By : By.name: GuMainPolicyStyle
2020/07/14 19:07:51:166 DEBUG com.sinosoft.test.base.TestBase:80 - Found Element By : By.name: GuMainPolicyStyle
2020/07/14 19:07:51:167  INFO com.sinosoft.test.base.TestBase:96 - setSelectWithStartText:[[InternetExplorerDriver: internet explorer on WINDOWS (9801e082-3848-437e-ad69-11e9782ba90f)] -> name: GuMainPolicyStyle]->0
2020/07/14 19:07:51:167 DEBUG com.sinosoft.test.base.TestBase:76 - Trying to find Element By : By.name: GuMainPolicyStyle
2020/07/14 19:07:51:249 DEBUG com.sinosoft.test.base.TestBase:80 - Found Element By : By.name: GuMainPolicyStyle
2020/07/14 19:07:51:276 DEBUG com.sinosoft.test.base.TestBase:76 - Trying to find Element By : By.name: GuMainPolicyStyle
2020/07/14 19:07:51:326 DEBUG com.sinosoft.test.base.TestBase:80 - Found Element By : By.name: GuMainPolicyStyle
2020/07/14 19:07:51:358 DEBUG com.sinosoft.test.base.TestBase:76 - Trying to find Element By : By.name: GuMainPolicyStyle
2020/07/14 19:07:51:458 DEBUG com.sinosoft.test.base.TestBase:80 - Found Element By : By.name: GuMainPolicyStyle
2020/07/14 19:07:51:458 DEBUG com.sinosoft.test.base.TestBase:76 - Trying to find Element By : By.tagName: option
2020/07/14 19:07:51:530 DEBUG com.sinosoft.test.base.TestBase:80 - Found Element By : By.tagName: option
2020/07/14 19:07:51:598  INFO com.sinosoft.test.base.TestBase:114 - 找到匹配【0】的选项：0-否
2020/07/14 19:07:51:598 DEBUG com.sinosoft.test.base.TestBase:76 - Trying to find Element By : By.name: GuMainPolicyStyle
2020/07/14 19:07:51:701 DEBUG com.sinosoft.test.base.TestBase:80 - Found Element By : By.name: GuMainPolicyStyle
2020/07/14 19:07:51:701 DEBUG com.sinosoft.test.base.TestBase:76 - Trying to find Element By : By.xpath: .//option[normalize-space(.) = "0-否"]
2020/07/14 19:07:51:769 DEBUG com.sinosoft.test.base.TestBase:80 - Found Element By : By.xpath: .//option[normalize-space(.) = "0-否"]
2020/07/14 19:07:51:806 DEBUG com.sinosoft.test.base.TestBase:123 - setSelectWithStartText 结束！
2020/07/14 19:07:51:807 DEBUG com.sinosoft.test.base.TestBase:76 - Trying to find Element By : By.name: RenewalOfInsuranceSelect
2020/07/14 19:07:51:896 DEBUG com.sinosoft.test.base.TestBase:80 - Found Element By : By.name: RenewalOfInsuranceSelect
2020/07/14 19:07:51:896  INFO com.sinosoft.test.base.TestBase:96 - setSelectWithStartText:[[InternetExplorerDriver: internet explorer on WINDOWS (9801e082-3848-437e-ad69-11e9782ba90f)] -> name: RenewalOfInsuranceSelect]->0
2020/07/14 19:07:51:896 DEBUG com.sinosoft.test.base.TestBase:76 - Trying to find Element By : By.name: RenewalOfInsuranceSelect
2020/07/14 19:07:51:979 DEBUG com.sinosoft.test.base.TestBase:80 - Found Element By : By.name: RenewalOfInsuranceSelect
2020/07/14 19:07:52:008 DEBUG com.sinosoft.test.base.TestBase:76 - Trying to find Element By : By.name: RenewalOfInsuranceSelect
2020/07/14 19:07:52:069 DEBUG com.sinosoft.test.base.TestBase:80 - Found Element By : By.name: RenewalOfInsuranceSelect
2020/07/14 19:07:52:097 DEBUG com.sinosoft.test.base.TestBase:76 - Trying to find Element By : By.name: RenewalOfInsuranceSelect
2020/07/14 19:07:52:201 DEBUG com.sinosoft.test.base.TestBase:80 - Found Element By : By.name: RenewalOfInsuranceSelect
2020/07/14 19:07:52:201 DEBUG com.sinosoft.test.base.TestBase:76 - Trying to find Element By : By.tagName: option
2020/07/14 19:07:52:294 DEBUG com.sinosoft.test.base.TestBase:80 - Found Element By : By.tagName: option
2020/07/14 19:07:52:362  INFO com.sinosoft.test.base.TestBase:114 - 找到匹配【0】的选项：0-否
2020/07/14 19:07:52:363 DEBUG com.sinosoft.test.base.TestBase:76 - Trying to find Element By : By.name: RenewalOfInsuranceSelect
2020/07/14 19:07:52:446 DEBUG com.sinosoft.test.base.TestBase:80 - Found Element By : By.name: RenewalOfInsuranceSelect
2020/07/14 19:07:52:446 DEBUG com.sinosoft.test.base.TestBase:76 - Trying to find Element By : By.xpath: .//option[normalize-space(.) = "0-否"]
2020/07/14 19:07:52:502 DEBUG com.sinosoft.test.base.TestBase:80 - Found Element By : By.xpath: .//option[normalize-space(.) = "0-否"]
2020/07/14 19:07:52:562 DEBUG com.sinosoft.test.base.TestBase:42 - Trying to click on: [[[[InternetExplorerDriver: internet explorer on WINDOWS (9801e082-3848-437e-ad69-11e9782ba90f)] -> name: RenewalOfInsuranceSelect]] -> xpath: .//option[normalize-space(.) = "0-否"]]
2020/07/14 19:07:52:783 DEBUG com.sinosoft.test.base.TestBase:46 - Clicked on: [[[[InternetExplorerDriver: internet explorer on WINDOWS (9801e082-3848-437e-ad69-11e9782ba90f)] -> name: RenewalOfInsuranceSelect]] -> xpath: .//option[normalize-space(.) = "0-否"]]
2020/07/14 19:07:52:784 DEBUG com.sinosoft.test.base.TestBase:123 - setSelectWithStartText 结束！
2020/07/14 19:07:52:784 DEBUG com.sinosoft.test.base.TestBase:76 - Trying to find Element By : By.name: GuMainIsDifferentPlace
2020/07/14 19:07:52:855 DEBUG com.sinosoft.test.base.TestBase:80 - Found Element By : By.name: GuMainIsDifferentPlace
2020/07/14 19:07:52:855  INFO com.sinosoft.test.base.TestBase:96 - setSelectWithStartText:[[InternetExplorerDriver: internet explorer on WINDOWS (9801e082-3848-437e-ad69-11e9782ba90f)] -> name: GuMainIsDifferentPlace]->
2020/07/14 19:07:52:855 DEBUG com.sinosoft.test.base.TestBase:76 - Trying to find Element By : By.name: GuMainIsFarming
2020/07/14 19:07:52:922 DEBUG com.sinosoft.test.base.TestBase:80 - Found Element By : By.name: GuMainIsFarming
2020/07/14 19:07:52:923  INFO com.sinosoft.test.base.TestBase:96 - setSelectWithStartText:[[InternetExplorerDriver: internet explorer on WINDOWS (9801e082-3848-437e-ad69-11e9782ba90f)] -> name: GuMainIsFarming]->
2020/07/14 19:07:52:923 DEBUG com.sinosoft.test.base.TestBase:76 - Trying to find Element By : By.name: AppliGuRelatedPartyInsuredType
2020/07/14 19:07:52:996 DEBUG com.sinosoft.test.base.TestBase:80 - Found Element By : By.name: AppliGuRelatedPartyInsuredType
2020/07/14 19:07:52:996  INFO com.sinosoft.test.base.TestBase:96 - setSelectWithStartText:[[InternetExplorerDriver: internet explorer on WINDOWS (9801e082-3848-437e-ad69-11e9782ba90f)] -> name: AppliGuRelatedPartyInsuredType]->2
2020/07/14 19:07:52:996 DEBUG com.sinosoft.test.base.TestBase:76 - Trying to find Element By : By.name: AppliGuRelatedPartyInsuredType
2020/07/14 19:07:53:090 DEBUG com.sinosoft.test.base.TestBase:80 - Found Element By : By.name: AppliGuRelatedPartyInsuredType
2020/07/14 19:07:53:117 DEBUG com.sinosoft.test.base.TestBase:76 - Trying to find Element By : By.name: AppliGuRelatedPartyInsuredType
2020/07/14 19:07:53:174 DEBUG com.sinosoft.test.base.TestBase:80 - Found Element By : By.name: AppliGuRelatedPartyInsuredType
2020/07/14 19:07:53:203 DEBUG com.sinosoft.test.base.TestBase:76 - Trying to find Element By : By.name: AppliGuRelatedPartyInsuredType
2020/07/14 19:07:53:273 DEBUG com.sinosoft.test.base.TestBase:80 - Found Element By : By.name: AppliGuRelatedPartyInsuredType
2020/07/14 19:07:53:274 DEBUG com.sinosoft.test.base.TestBase:76 - Trying to find Element By : By.tagName: option
2020/07/14 19:07:53:344 DEBUG com.sinosoft.test.base.TestBase:80 - Found Element By : By.tagName: option
2020/07/14 19:07:53:485  INFO com.sinosoft.test.base.TestBase:114 - 找到匹配【2】的选项：2-团体
2020/07/14 19:07:53:485 DEBUG com.sinosoft.test.base.TestBase:76 - Trying to find Element By : By.name: AppliGuRelatedPartyInsuredType
2020/07/14 19:07:53:548 DEBUG com.sinosoft.test.base.TestBase:80 - Found Element By : By.name: AppliGuRelatedPartyInsuredType
2020/07/14 19:07:53:548 DEBUG com.sinosoft.test.base.TestBase:76 - Trying to find Element By : By.xpath: .//option[normalize-space(.) = "2-团体"]
2020/07/14 19:07:53:629 DEBUG com.sinosoft.test.base.TestBase:80 - Found Element By : By.xpath: .//option[normalize-space(.) = "2-团体"]
2020/07/14 19:07:53:663 DEBUG com.sinosoft.test.base.TestBase:123 - setSelectWithStartText 结束！
2020/07/14 19:07:53:663 DEBUG com.sinosoft.test.base.TestBase:76 - Trying to find Element By : By.name: AppliGuRelatedPartyInsuredCode
2020/07/14 19:07:53:765 DEBUG com.sinosoft.test.base.TestBase:80 - Found Element By : By.name: AppliGuRelatedPartyInsuredCode
2020/07/14 19:07:53:766  INFO com.sinosoft.test.base.TestBase:388 - setEditboxTValue:[[InternetExplorerDriver: internet explorer on WINDOWS (9801e082-3848-437e-ad69-11e9782ba90f)] -> name: AppliGuRelatedPartyInsuredCode]->G6200019984
2020/07/14 19:07:53:766 DEBUG com.sinosoft.test.base.TestBase:76 - Trying to find Element By : By.name: AppliGuRelatedPartyInsuredCode
2020/07/14 19:07:53:823 DEBUG com.sinosoft.test.base.TestBase:80 - Found Element By : By.name: AppliGuRelatedPartyInsuredCode
2020/07/14 19:07:54:128 DEBUG com.sinosoft.test.base.TestBase:76 - Trying to find Element By : By.name: AppliGuRelatedPartyInsuredCode
2020/07/14 19:07:54:219 DEBUG com.sinosoft.test.base.TestBase:80 - Found Element By : By.name: AppliGuRelatedPartyInsuredCode
2020/07/14 19:07:59:606 DEBUG com.sinosoft.test.base.TestBase:76 - Trying to find Element By : By.name: buttonSaveCustomer
2020/07/14 19:07:59:699 DEBUG com.sinosoft.test.base.TestBase:80 - Found Element By : By.name: buttonSaveCustomer
2020/07/14 19:07:59:699 DEBUG com.sinosoft.test.base.TestBase:42 - Trying to click on: [[InternetExplorerDriver: internet explorer on WINDOWS (9801e082-3848-437e-ad69-11e9782ba90f)] -> name: buttonSaveCustomer]
2020/07/14 19:08:00:943 DEBUG com.sinosoft.test.base.TestBase:46 - Clicked on: [[InternetExplorerDriver: internet explorer on WINDOWS (9801e082-3848-437e-ad69-11e9782ba90f)] -> name: buttonSaveCustomer]
2020/07/14 19:08:01:156  INFO com.sinosoft.test.base.TestBase:519 - 在保存客户时捕获了一个弹窗：客户已经保存，或不需要保存.
2020/07/14 19:08:01:364 DEBUG com.sinosoft.test.base.TestBase:218 - Alert的标题是：客户已经保存，或不需要保存.
2020/07/14 19:08:02:195 DEBUG com.sinosoft.test.base.TestBase:76 - Trying to find Element By : By.name: AppliGuRelatedPartyInsuredCode
2020/07/14 19:08:02:257 DEBUG com.sinosoft.test.base.TestBase:80 - Found Element By : By.name: AppliGuRelatedPartyInsuredCode
2020/07/14 19:08:02:329 DEBUG com.sinosoft.test.base.TestBase:76 - Trying to find Element By : By.id: saveButton
2020/07/14 19:08:02:409 DEBUG com.sinosoft.test.base.TestBase:80 - Found Element By : By.id: saveButton
2020/07/14 19:08:02:410 DEBUG com.sinosoft.test.base.TestBase:42 - Trying to click on: [[InternetExplorerDriver: internet explorer on WINDOWS (9801e082-3848-437e-ad69-11e9782ba90f)] -> id: saveButton]
2020/07/14 19:08:07:999 DEBUG com.sinosoft.test.base.TestBase:46 - Clicked on: [[InternetExplorerDriver: internet explorer on WINDOWS (9801e082-3848-437e-ad69-11e9782ba90f)] -> id: saveButton]
2020/07/14 19:08:07:999 DEBUG com.sinosoft.test.base.TestBase:88 - 截屏文件名字是：FCCB_TB_JCX_1保存基本信息
2020/07/14 19:08:08:111 DEBUG com.sinosoft.test.base.TestBase:69 - 初始化class com.sinosoft.test.fccp.tbcl.RiskDetail_TypePage
2020/07/14 19:08:13:162 DEBUG com.sinosoft.test.base.TestBase:76 - Trying to find Element By : By.name: GuRiskRiskApplyType
2020/07/14 19:08:13:219 DEBUG com.sinosoft.test.base.TestBase:80 - Found Element By : By.name: GuRiskRiskApplyType
2020/07/14 19:08:13:220 DEBUG com.sinosoft.test.base.TestBase:107 - 投保处理/险种信息
2020/07/14 19:08:15:644 DEBUG com.sinosoft.test.base.TestBase:76 - Trying to find Element By : By.id: RiskItem
2020/07/14 19:08:15:679 DEBUG com.sinosoft.test.base.TestBase:80 - Found Element By : By.id: RiskItem
2020/07/14 19:08:15:679 DEBUG com.sinosoft.test.base.TestBase:76 - Trying to find Element By : By.name: summarySubBusinessNo
2020/07/14 19:08:15:729 DEBUG com.sinosoft.test.base.TestBase:80 - Found Element By : By.name: summarySubBusinessNo
2020/07/14 19:08:15:753 DEBUG com.sinosoft.test.base.TestBase:113 - 投保单号：06201900101202000000000087
2020/07/14 19:08:15:753 DEBUG com.sinosoft.test.base.TestBase:121 - 保存投保单号完毕！
2020/07/14 19:08:20:838 DEBUG com.sinosoft.test.base.TestBase:123 - 返回工作区，准备下一步操作！
2020/07/14 19:08:20:838  INFO com.sinosoft.test.base.TestBase:125 - 开始处理风险类别信息
2020/07/14 19:08:20:839 DEBUG com.sinosoft.test.base.TestBase:76 - Trying to find Element By : By.name: GuRiskRiskApplyType
2020/07/14 19:08:20:887 DEBUG com.sinosoft.test.base.TestBase:80 - Found Element By : By.name: GuRiskRiskApplyType
2020/07/14 19:08:20:888  INFO com.sinosoft.test.base.TestBase:96 - setSelectWithStartText:[[InternetExplorerDriver: internet explorer on WINDOWS (9801e082-3848-437e-ad69-11e9782ba90f)] -> name: GuRiskRiskApplyType]->1
2020/07/14 19:08:20:889 DEBUG com.sinosoft.test.base.TestBase:76 - Trying to find Element By : By.name: GuRiskRiskApplyType
2020/07/14 19:08:20:960 DEBUG com.sinosoft.test.base.TestBase:80 - Found Element By : By.name: GuRiskRiskApplyType
2020/07/14 19:08:20:984 DEBUG com.sinosoft.test.base.TestBase:76 - Trying to find Element By : By.name: GuRiskRiskApplyType
2020/07/14 19:08:21:034 DEBUG com.sinosoft.test.base.TestBase:80 - Found Element By : By.name: GuRiskRiskApplyType
2020/07/14 19:08:21:075 DEBUG com.sinosoft.test.base.TestBase:76 - Trying to find Element By : By.name: GuRiskRiskApplyType
2020/07/14 19:08:21:133 DEBUG com.sinosoft.test.base.TestBase:80 - Found Element By : By.name: GuRiskRiskApplyType
2020/07/14 19:08:21:134 DEBUG com.sinosoft.test.base.TestBase:76 - Trying to find Element By : By.tagName: option
2020/07/14 19:08:21:192 DEBUG com.sinosoft.test.base.TestBase:80 - Found Element By : By.tagName: option
2020/07/14 19:08:21:241  INFO com.sinosoft.test.base.TestBase:114 - 找到匹配【1】的选项：1-全国
2020/07/14 19:08:21:241 DEBUG com.sinosoft.test.base.TestBase:76 - Trying to find Element By : By.name: GuRiskRiskApplyType
2020/07/14 19:08:21:311 DEBUG com.sinosoft.test.base.TestBase:80 - Found Element By : By.name: GuRiskRiskApplyType
2020/07/14 19:08:21:311 DEBUG com.sinosoft.test.base.TestBase:76 - Trying to find Element By : By.xpath: .//option[normalize-space(.) = "1-全国"]
2020/07/14 19:08:21:372 DEBUG com.sinosoft.test.base.TestBase:80 - Found Element By : By.xpath: .//option[normalize-space(.) = "1-全国"]
2020/07/14 19:08:21:395 DEBUG com.sinosoft.test.base.TestBase:123 - setSelectWithStartText 结束！
2020/07/14 19:08:21:396 DEBUG com.sinosoft.test.base.TestBase:76 - Trying to find Element By : By.name: GuRiskCoinsInd
2020/07/14 19:08:21:490 DEBUG com.sinosoft.test.base.TestBase:80 - Found Element By : By.name: GuRiskCoinsInd
2020/07/14 19:08:21:491  INFO com.sinosoft.test.base.TestBase:96 - setSelectWithStartText:[[InternetExplorerDriver: internet explorer on WINDOWS (9801e082-3848-437e-ad69-11e9782ba90f)] -> name: GuRiskCoinsInd]->1
2020/07/14 19:08:21:491 DEBUG com.sinosoft.test.base.TestBase:76 - Trying to find Element By : By.name: GuRiskCoinsInd
2020/07/14 19:08:21:559 DEBUG com.sinosoft.test.base.TestBase:80 - Found Element By : By.name: GuRiskCoinsInd
2020/07/14 19:08:21:583 DEBUG com.sinosoft.test.base.TestBase:76 - Trying to find Element By : By.name: GuRiskCoinsInd
2020/07/14 19:08:21:632 DEBUG com.sinosoft.test.base.TestBase:80 - Found Element By : By.name: GuRiskCoinsInd
2020/07/14 19:08:21:684 DEBUG com.sinosoft.test.base.TestBase:76 - Trying to find Element By : By.name: GuRiskCoinsInd
2020/07/14 19:08:21:772 DEBUG com.sinosoft.test.base.TestBase:80 - Found Element By : By.name: GuRiskCoinsInd
2020/07/14 19:08:21:774 DEBUG com.sinosoft.test.base.TestBase:76 - Trying to find Element By : By.tagName: option
2020/07/14 19:08:21:937 DEBUG com.sinosoft.test.base.TestBase:80 - Found Element By : By.tagName: option
2020/07/14 19:08:22:078  INFO com.sinosoft.test.base.TestBase:114 - 找到匹配【1】的选项：1-主共保
2020/07/14 19:08:22:079 DEBUG com.sinosoft.test.base.TestBase:76 - Trying to find Element By : By.name: GuRiskCoinsInd
2020/07/14 19:08:22:141 DEBUG com.sinosoft.test.base.TestBase:80 - Found Element By : By.name: GuRiskCoinsInd
2020/07/14 19:08:22:141 DEBUG com.sinosoft.test.base.TestBase:76 - Trying to find Element By : By.xpath: .//option[normalize-space(.) = "1-主共保"]
2020/07/14 19:08:22:200 DEBUG com.sinosoft.test.base.TestBase:80 - Found Element By : By.xpath: .//option[normalize-space(.) = "1-主共保"]
2020/07/14 19:08:22:229 DEBUG com.sinosoft.test.base.TestBase:42 - Trying to click on: [[[[InternetExplorerDriver: internet explorer on WINDOWS (9801e082-3848-437e-ad69-11e9782ba90f)] -> name: GuRiskCoinsInd]] -> xpath: .//option[normalize-space(.) = "1-主共保"]]
2020/07/14 19:08:22:441 DEBUG com.sinosoft.test.base.TestBase:46 - Clicked on: [[[[InternetExplorerDriver: internet explorer on WINDOWS (9801e082-3848-437e-ad69-11e9782ba90f)] -> name: GuRiskCoinsInd]] -> xpath: .//option[normalize-space(.) = "1-主共保"]]
2020/07/14 19:08:22:442 DEBUG com.sinosoft.test.base.TestBase:123 - setSelectWithStartText 结束！
2020/07/14 19:08:22:442 DEBUG com.sinosoft.test.base.TestBase:76 - Trying to find Element By : By.name: GuRiskBusinessFlag
2020/07/14 19:08:22:509 DEBUG com.sinosoft.test.base.TestBase:80 - Found Element By : By.name: GuRiskBusinessFlag
2020/07/14 19:08:22:510  INFO com.sinosoft.test.base.TestBase:96 - setSelectWithStartText:[[InternetExplorerDriver: internet explorer on WINDOWS (9801e082-3848-437e-ad69-11e9782ba90f)] -> name: GuRiskBusinessFlag]->1
2020/07/14 19:08:22:510 DEBUG com.sinosoft.test.base.TestBase:76 - Trying to find Element By : By.name: GuRiskBusinessFlag
2020/07/14 19:08:22:571 DEBUG com.sinosoft.test.base.TestBase:80 - Found Element By : By.name: GuRiskBusinessFlag
2020/07/14 19:08:22:598 DEBUG com.sinosoft.test.base.TestBase:76 - Trying to find Element By : By.name: GuRiskBusinessFlag
2020/07/14 19:08:22:656 DEBUG com.sinosoft.test.base.TestBase:80 - Found Element By : By.name: GuRiskBusinessFlag
2020/07/14 19:08:22:680 DEBUG com.sinosoft.test.base.TestBase:76 - Trying to find Element By : By.name: GuRiskBusinessFlag
2020/07/14 19:08:22:750 DEBUG com.sinosoft.test.base.TestBase:80 - Found Element By : By.name: GuRiskBusinessFlag
2020/07/14 19:08:22:750 DEBUG com.sinosoft.test.base.TestBase:76 - Trying to find Element By : By.tagName: option
2020/07/14 19:08:22:805 DEBUG com.sinosoft.test.base.TestBase:80 - Found Element By : By.tagName: option
2020/07/14 19:08:22:936  INFO com.sinosoft.test.base.TestBase:114 - 找到匹配【1】的选项：1-是
2020/07/14 19:08:22:937 DEBUG com.sinosoft.test.base.TestBase:76 - Trying to find Element By : By.name: GuRiskBusinessFlag
2020/07/14 19:08:23:022 DEBUG com.sinosoft.test.base.TestBase:80 - Found Element By : By.name: GuRiskBusinessFlag
2020/07/14 19:08:23:023 DEBUG com.sinosoft.test.base.TestBase:76 - Trying to find Element By : By.xpath: .//option[normalize-space(.) = "1-是"]
2020/07/14 19:08:23:072 DEBUG com.sinosoft.test.base.TestBase:80 - Found Element By : By.xpath: .//option[normalize-space(.) = "1-是"]
2020/07/14 19:08:23:121 DEBUG com.sinosoft.test.base.TestBase:42 - Trying to click on: [[[[InternetExplorerDriver: internet explorer on WINDOWS (9801e082-3848-437e-ad69-11e9782ba90f)] -> name: GuRiskBusinessFlag]] -> xpath: .//option[normalize-space(.) = "1-是"]]
2020/07/14 19:08:23:371 DEBUG com.sinosoft.test.base.TestBase:46 - Clicked on: [[[[InternetExplorerDriver: internet explorer on WINDOWS (9801e082-3848-437e-ad69-11e9782ba90f)] -> name: GuRiskBusinessFlag]] -> xpath: .//option[normalize-space(.) = "1-是"]]
2020/07/14 19:08:23:372 DEBUG com.sinosoft.test.base.TestBase:123 - setSelectWithStartText 结束！
2020/07/14 19:08:23:372 DEBUG com.sinosoft.test.base.TestBase:76 - Trying to find Element By : By.name: GuRiskJudicalCode
2020/07/14 19:08:23:453 DEBUG com.sinosoft.test.base.TestBase:80 - Found Element By : By.name: GuRiskJudicalCode
2020/07/14 19:08:23:454  INFO com.sinosoft.test.base.TestBase:96 - setSelectWithStartText:[[InternetExplorerDriver: internet explorer on WINDOWS (9801e082-3848-437e-ad69-11e9782ba90f)] -> name: GuRiskJudicalCode]->1
2020/07/14 19:08:23:456 DEBUG com.sinosoft.test.base.TestBase:76 - Trying to find Element By : By.name: GuRiskJudicalCode
2020/07/14 19:08:23:537 DEBUG com.sinosoft.test.base.TestBase:80 - Found Element By : By.name: GuRiskJudicalCode
2020/07/14 19:08:23:563 DEBUG com.sinosoft.test.base.TestBase:76 - Trying to find Element By : By.name: GuRiskJudicalCode
2020/07/14 19:08:23:622 DEBUG com.sinosoft.test.base.TestBase:80 - Found Element By : By.name: GuRiskJudicalCode
2020/07/14 19:08:23:647 DEBUG com.sinosoft.test.base.TestBase:76 - Trying to find Element By : By.name: GuRiskJudicalCode
2020/07/14 19:08:23:719 DEBUG com.sinosoft.test.base.TestBase:80 - Found Element By : By.name: GuRiskJudicalCode
2020/07/14 19:08:23:719 DEBUG com.sinosoft.test.base.TestBase:76 - Trying to find Element By : By.tagName: option
2020/07/14 19:08:23:832 DEBUG com.sinosoft.test.base.TestBase:80 - Found Element By : By.tagName: option
2020/07/14 19:08:23:882  INFO com.sinosoft.test.base.TestBase:114 - 找到匹配【1】的选项：1-中华人民共和国管辖(港澳台除外)
2020/07/14 19:08:23:884 DEBUG com.sinosoft.test.base.TestBase:76 - Trying to find Element By : By.name: GuRiskJudicalCode
2020/07/14 19:08:23:956 DEBUG com.sinosoft.test.base.TestBase:80 - Found Element By : By.name: GuRiskJudicalCode
2020/07/14 19:08:23:956 DEBUG com.sinosoft.test.base.TestBase:76 - Trying to find Element By : By.xpath: .//option[normalize-space(.) = "1-中华人民共和国管辖(港澳台除外)"]
2020/07/14 19:08:24:016 DEBUG com.sinosoft.test.base.TestBase:80 - Found Element By : By.xpath: .//option[normalize-space(.) = "1-中华人民共和国管辖(港澳台除外)"]
2020/07/14 19:08:24:079 DEBUG com.sinosoft.test.base.TestBase:123 - setSelectWithStartText 结束！
2020/07/14 19:08:24:080 DEBUG com.sinosoft.test.base.TestBase:76 - Trying to find Element By : By.xpath: //table[@id='InsuredRelatedParty']/tbody/tr[@id='InsuredGuRelatedPartyCorInsuredType']/td/select[@name='InsuredGuRelatedPartyStarLevel']
2020/07/14 19:08:24:142 DEBUG com.sinosoft.test.base.TestBase:80 - Found Element By : By.xpath: //table[@id='InsuredRelatedParty']/tbody/tr[@id='InsuredGuRelatedPartyCorInsuredType']/td/select[@name='InsuredGuRelatedPartyStarLevel']
2020/07/14 19:08:24:142  INFO com.sinosoft.test.base.TestBase:96 - setSelectWithStartText:[[InternetExplorerDriver: internet explorer on WINDOWS (9801e082-3848-437e-ad69-11e9782ba90f)] -> xpath: //table[@id='InsuredRelatedParty']/tbody/tr[@id='InsuredGuRelatedPartyCorInsuredType']/td/select[@name='InsuredGuRelatedPartyStarLevel']]->0
2020/07/14 19:08:24:142 DEBUG com.sinosoft.test.base.TestBase:76 - Trying to find Element By : By.xpath: //table[@id='InsuredRelatedParty']/tbody/tr[@id='InsuredGuRelatedPartyCorInsuredType']/td/select[@name='InsuredGuRelatedPartyStarLevel']
2020/07/14 19:08:24:190 DEBUG com.sinosoft.test.base.TestBase:80 - Found Element By : By.xpath: //table[@id='InsuredRelatedParty']/tbody/tr[@id='InsuredGuRelatedPartyCorInsuredType']/td/select[@name='InsuredGuRelatedPartyStarLevel']
2020/07/14 19:08:24:215 DEBUG com.sinosoft.test.base.TestBase:76 - Trying to find Element By : By.xpath: //table[@id='InsuredRelatedParty']/tbody/tr[@id='InsuredGuRelatedPartyCorInsuredType']/td/select[@name='InsuredGuRelatedPartyStarLevel']
2020/07/14 19:08:24:265 DEBUG com.sinosoft.test.base.TestBase:80 - Found Element By : By.xpath: //table[@id='InsuredRelatedParty']/tbody/tr[@id='InsuredGuRelatedPartyCorInsuredType']/td/select[@name='InsuredGuRelatedPartyStarLevel']
2020/07/14 19:08:24:295 DEBUG com.sinosoft.test.base.TestBase:76 - Trying to find Element By : By.xpath: //table[@id='InsuredRelatedParty']/tbody/tr[@id='InsuredGuRelatedPartyCorInsuredType']/td/select[@name='InsuredGuRelatedPartyStarLevel']
2020/07/14 19:08:24:362 DEBUG com.sinosoft.test.base.TestBase:80 - Found Element By : By.xpath: //table[@id='InsuredRelatedParty']/tbody/tr[@id='InsuredGuRelatedPartyCorInsuredType']/td/select[@name='InsuredGuRelatedPartyStarLevel']
2020/07/14 19:08:24:363 DEBUG com.sinosoft.test.base.TestBase:76 - Trying to find Element By : By.tagName: option
2020/07/14 19:08:24:486 DEBUG com.sinosoft.test.base.TestBase:80 - Found Element By : By.tagName: option
2020/07/14 19:08:24:606  INFO com.sinosoft.test.base.TestBase:114 - 找到匹配【0】的选项：0-普通客户
2020/07/14 19:08:24:606 DEBUG com.sinosoft.test.base.TestBase:76 - Trying to find Element By : By.xpath: //table[@id='InsuredRelatedParty']/tbody/tr[@id='InsuredGuRelatedPartyCorInsuredType']/td/select[@name='InsuredGuRelatedPartyStarLevel']
2020/07/14 19:08:24:652 DEBUG com.sinosoft.test.base.TestBase:80 - Found Element By : By.xpath: //table[@id='InsuredRelatedParty']/tbody/tr[@id='InsuredGuRelatedPartyCorInsuredType']/td/select[@name='InsuredGuRelatedPartyStarLevel']
2020/07/14 19:08:24:652 DEBUG com.sinosoft.test.base.TestBase:76 - Trying to find Element By : By.xpath: .//option[normalize-space(.) = "0-普通客户"]
2020/07/14 19:08:24:701 DEBUG com.sinosoft.test.base.TestBase:80 - Found Element By : By.xpath: .//option[normalize-space(.) = "0-普通客户"]
2020/07/14 19:08:24:752 DEBUG com.sinosoft.test.base.TestBase:42 - Trying to click on: [[[[InternetExplorerDriver: internet explorer on WINDOWS (9801e082-3848-437e-ad69-11e9782ba90f)] -> xpath: //table[@id='InsuredRelatedParty']/tbody/tr[@id='InsuredGuRelatedPartyCorInsuredType']/td/select[@name='InsuredGuRelatedPartyStarLevel']]] -> xpath: .//option[normalize-space(.) = "0-普通客户"]]
2020/07/14 19:08:24:978 DEBUG com.sinosoft.test.base.TestBase:46 - Clicked on: [[[[InternetExplorerDriver: internet explorer on WINDOWS (9801e082-3848-437e-ad69-11e9782ba90f)] -> xpath: //table[@id='InsuredRelatedParty']/tbody/tr[@id='InsuredGuRelatedPartyCorInsuredType']/td/select[@name='InsuredGuRelatedPartyStarLevel']]] -> xpath: .//option[normalize-space(.) = "0-普通客户"]]
2020/07/14 19:08:24:978 DEBUG com.sinosoft.test.base.TestBase:123 - setSelectWithStartText 结束！
2020/07/14 19:08:24:978 DEBUG com.sinosoft.test.base.TestBase:76 - Trying to find Element By : By.xpath: //table[@id='InsuredRelatedParty']/tbody/tr[@id='InsuredGuRelatedPartyVocation']/td/input[@name='InsuredGuRelatedPartyIndustryMainCode']
2020/07/14 19:08:25:046 DEBUG com.sinosoft.test.base.TestBase:80 - Found Element By : By.xpath: //table[@id='InsuredRelatedParty']/tbody/tr[@id='InsuredGuRelatedPartyVocation']/td/input[@name='InsuredGuRelatedPartyIndustryMainCode']
2020/07/14 19:08:25:078 DEBUG com.sinosoft.test.base.TestBase:76 - Trying to find Element By : By.xpath: //table[@id='InsuredRelatedParty']/tbody/tr[@id='InsuredGuRelatedPartyVocation']/td/input[@name='InsuredGuRelatedPartyIndustryMainCode']
2020/07/14 19:08:25:145 DEBUG com.sinosoft.test.base.TestBase:80 - Found Element By : By.xpath: //table[@id='InsuredRelatedParty']/tbody/tr[@id='InsuredGuRelatedPartyVocation']/td/input[@name='InsuredGuRelatedPartyIndustryMainCode']
2020/07/14 19:08:25:146 DEBUG com.sinosoft.test.base.TestBase:42 - CodeSelect:开始设置[[InternetExplorerDriver: internet explorer on WINDOWS (9801e082-3848-437e-ad69-11e9782ba90f)] -> xpath: //table[@id='InsuredRelatedParty']/tbody/tr[@id='InsuredGuRelatedPartyVocation']/td/input[@name='InsuredGuRelatedPartyIndustryMainCode']] & Code=12
2020/07/14 19:08:25:146 DEBUG com.sinosoft.test.base.TestBase:76 - Trying to find Element By : By.xpath: //table[@id='InsuredRelatedParty']/tbody/tr[@id='InsuredGuRelatedPartyVocation']/td/input[@name='InsuredGuRelatedPartyIndustryMainCode']
2020/07/14 19:08:25:206 DEBUG com.sinosoft.test.base.TestBase:80 - Found Element By : By.xpath: //table[@id='InsuredRelatedParty']/tbody/tr[@id='InsuredGuRelatedPartyVocation']/td/input[@name='InsuredGuRelatedPartyIndustryMainCode']
2020/07/14 19:08:26:302 DEBUG com.sinosoft.test.base.TestBase:272 - 系统窗口【黄河财险业务系统】with handle -76089240-cb81-4675-9b96-6bc31b738c48
2020/07/14 19:08:26:966 DEBUG com.sinosoft.test.base.TestBase:272 - 系统窗口【黄河财险业务系统】with handle -76089240-cb81-4675-9b96-6bc31b738c48
2020/07/14 19:08:27:595 DEBUG com.sinosoft.test.base.TestBase:272 - 系统窗口【Code Select】with handle -2e2244b4-d995-417f-9fce-4f1820d05f92
2020/07/14 19:08:28:109 DEBUG com.sinosoft.test.base.TestBase:69 - 初始化class com.sinosoft.test.fccp.common.CodeSelectPage
2020/07/14 19:08:28:110 DEBUG com.sinosoft.test.base.TestBase:39 - 基础码表选择！
2020/07/14 19:08:28:110 DEBUG com.sinosoft.test.base.TestBase:76 - Trying to find Element By : By.name: fieldValue
2020/07/14 19:08:28:387 DEBUG com.sinosoft.test.base.TestBase:80 - Found Element By : By.name: fieldValue
2020/07/14 19:08:28:387  INFO com.sinosoft.test.base.TestBase:360 - setEditboxValue:[[InternetExplorerDriver: internet explorer on WINDOWS (9801e082-3848-437e-ad69-11e9782ba90f)] -> name: fieldValue]：12
2020/07/14 19:08:29:491  INFO com.sinosoft.test.base.TestBase:363 - setEditboxValue—End:[[InternetExplorerDriver: internet explorer on WINDOWS (9801e082-3848-437e-ad69-11e9782ba90f)] -> name: fieldValue]：12
2020/07/14 19:08:29:492 DEBUG com.sinosoft.test.base.TestBase:76 - Trying to find Element By : By.xpath: //input[@value='查询(Q)']
2020/07/14 19:08:29:777 DEBUG com.sinosoft.test.base.TestBase:80 - Found Element By : By.xpath: //input[@value='查询(Q)']
2020/07/14 19:08:29:779  INFO com.sinosoft.test.base.TestBase:402 - clickButton:[[InternetExplorerDriver: internet explorer on WINDOWS (9801e082-3848-437e-ad69-11e9782ba90f)] -> xpath: //input[@value='查询(Q)']]
2020/07/14 19:08:29:781 DEBUG com.sinosoft.test.base.TestBase:42 - Trying to click on: [[InternetExplorerDriver: internet explorer on WINDOWS (9801e082-3848-437e-ad69-11e9782ba90f)] -> xpath: //input[@value='查询(Q)']]
2020/07/14 19:08:31:356 DEBUG com.sinosoft.test.base.TestBase:46 - Clicked on: [[InternetExplorerDriver: internet explorer on WINDOWS (9801e082-3848-437e-ad69-11e9782ba90f)] -> xpath: //input[@value='查询(Q)']]
2020/07/14 19:08:31:356 DEBUG com.sinosoft.test.base.TestBase:76 - Trying to find Element By : By.name: codeselect
2020/07/14 19:08:31:638 DEBUG com.sinosoft.test.base.TestBase:80 - Found Element By : By.name: codeselect
2020/07/14 19:08:31:639  INFO com.sinosoft.test.base.TestBase:132 - setFuzzySelect:[[InternetExplorerDriver: internet explorer on WINDOWS (9801e082-3848-437e-ad69-11e9782ba90f)] -> name: codeselect]->12
2020/07/14 19:08:32:184 DEBUG com.sinosoft.test.base.TestBase:76 - Trying to find Element By : By.tagName: option
2020/07/14 19:08:32:476 DEBUG com.sinosoft.test.base.TestBase:80 - Found Element By : By.tagName: option
2020/07/14 19:08:32:766  INFO com.sinosoft.test.base.TestBase:142 - 找到匹配【12】的选项：12--社会团体,机关,事业单位
2020/07/14 19:08:32:767 DEBUG com.sinosoft.test.base.TestBase:76 - Trying to find Element By : By.xpath: .//option[normalize-space(.) = "12--社会团体,机关,事业单位"]
2020/07/14 19:08:33:072 DEBUG com.sinosoft.test.base.TestBase:80 - Found Element By : By.xpath: .//option[normalize-space(.) = "12--社会团体,机关,事业单位"]
2020/07/14 19:08:33:355 DEBUG com.sinosoft.test.base.TestBase:42 - Trying to click on: [[[[InternetExplorerDriver: internet explorer on WINDOWS (9801e082-3848-437e-ad69-11e9782ba90f)] -> name: codeselect]] -> xpath: .//option[normalize-space(.) = "12--社会团体,机关,事业单位"]]
2020/07/14 19:08:33:816 DEBUG com.sinosoft.test.base.TestBase:46 - Clicked on: [[[[InternetExplorerDriver: internet explorer on WINDOWS (9801e082-3848-437e-ad69-11e9782ba90f)] -> name: codeselect]] -> xpath: .//option[normalize-space(.) = "12--社会团体,机关,事业单位"]]
2020/07/14 19:08:33:816 DEBUG com.sinosoft.test.base.TestBase:151 - setFuzzySelect 结束！
2020/07/14 19:08:33:816 DEBUG com.sinosoft.test.base.TestBase:76 - Trying to find Element By : By.name: SelectIt
2020/07/14 19:08:34:094 DEBUG com.sinosoft.test.base.TestBase:80 - Found Element By : By.name: SelectIt
2020/07/14 19:08:34:095  INFO com.sinosoft.test.base.TestBase:416 - jsClickButton:[[InternetExplorerDriver: internet explorer on WINDOWS (9801e082-3848-437e-ad69-11e9782ba90f)] -> name: SelectIt]
2020/07/14 19:08:34:095  INFO com.sinosoft.test.base.TestBase:144 - RunJavaScript:[[InternetExplorerDriver: internet explorer on WINDOWS (9801e082-3848-437e-ad69-11e9782ba90f)] -> name: SelectIt]	arguments[0].click();
2020/07/14 19:08:34:869 DEBUG com.sinosoft.test.base.TestBase:272 - 系统窗口【黄河财险业务系统】with handle -76089240-cb81-4675-9b96-6bc31b738c48
2020/07/14 19:08:40:016 DEBUG com.sinosoft.test.base.TestBase:76 - Trying to find Element By : By.xpath: //table[@id='InsuredRelatedParty']/tbody/tr[@id='InsuredGuRelatedPartyVocation']/td/input[@name='InsuredGuRelatedPartyIndustryMainCode']
2020/07/14 19:08:40:061 DEBUG com.sinosoft.test.base.TestBase:80 - Found Element By : By.xpath: //table[@id='InsuredRelatedParty']/tbody/tr[@id='InsuredGuRelatedPartyVocation']/td/input[@name='InsuredGuRelatedPartyIndustryMainCode']
2020/07/14 19:08:40:062 DEBUG com.sinosoft.test.base.TestBase:49 - CodeSelect:设置完毕[[InternetExplorerDriver: internet explorer on WINDOWS (9801e082-3848-437e-ad69-11e9782ba90f)] -> xpath: //table[@id='InsuredRelatedParty']/tbody/tr[@id='InsuredGuRelatedPartyVocation']/td/input[@name='InsuredGuRelatedPartyIndustryMainCode']] & Code=12
2020/07/14 19:08:40:062 DEBUG com.sinosoft.test.base.TestBase:76 - Trying to find Element By : By.xpath: //table[@id='InsuredRelatedParty']/tbody/tr[@id='InsuredGuRelatedPartyVocation']/td/input[@name='InsuredGuRelatedPartyIndustryKindCode']
2020/07/14 19:08:40:090 DEBUG com.sinosoft.test.base.TestBase:80 - Found Element By : By.xpath: //table[@id='InsuredRelatedParty']/tbody/tr[@id='InsuredGuRelatedPartyVocation']/td/input[@name='InsuredGuRelatedPartyIndustryKindCode']
2020/07/14 19:08:40:127 DEBUG com.sinosoft.test.base.TestBase:76 - Trying to find Element By : By.xpath: //table[@id='InsuredRelatedParty']/tbody/tr[@id='InsuredGuRelatedPartyVocation']/td/input[@name='InsuredGuRelatedPartyIndustryKindCode']
2020/07/14 19:08:40:177 DEBUG com.sinosoft.test.base.TestBase:80 - Found Element By : By.xpath: //table[@id='InsuredRelatedParty']/tbody/tr[@id='InsuredGuRelatedPartyVocation']/td/input[@name='InsuredGuRelatedPartyIndustryKindCode']
2020/07/14 19:08:40:177 DEBUG com.sinosoft.test.base.TestBase:63 - SetCodeEditBox:开始设置:[[InternetExplorerDriver: internet explorer on WINDOWS (9801e082-3848-437e-ad69-11e9782ba90f)] -> xpath: //table[@id='InsuredRelatedParty']/tbody/tr[@id='InsuredGuRelatedPartyVocation']/td/input[@name='InsuredGuRelatedPartyIndustryKindCode']] & Code=12006
2020/07/14 19:08:40:177 DEBUG com.sinosoft.test.base.TestBase:76 - Trying to find Element By : By.xpath: //table[@id='InsuredRelatedParty']/tbody/tr[@id='InsuredGuRelatedPartyVocation']/td/input[@name='InsuredGuRelatedPartyIndustryKindCode']
2020/07/14 19:08:40:205 DEBUG com.sinosoft.test.base.TestBase:80 - Found Element By : By.xpath: //table[@id='InsuredRelatedParty']/tbody/tr[@id='InsuredGuRelatedPartyVocation']/td/input[@name='InsuredGuRelatedPartyIndustryKindCode']
2020/07/14 19:08:40:480 DEBUG com.sinosoft.test.base.TestBase:76 - Trying to find Element By : By.xpath: //table[@id='InsuredRelatedParty']/tbody/tr[@id='InsuredGuRelatedPartyVocation']/td/input[@name='InsuredGuRelatedPartyIndustryKindCode']
2020/07/14 19:08:40:517 DEBUG com.sinosoft.test.base.TestBase:80 - Found Element By : By.xpath: //table[@id='InsuredRelatedParty']/tbody/tr[@id='InsuredGuRelatedPartyVocation']/td/input[@name='InsuredGuRelatedPartyIndustryKindCode']
2020/07/14 19:08:41:146 DEBUG com.sinosoft.test.base.TestBase:76 - Trying to find Element By : By.xpath: //table[@id='InsuredRelatedParty']/tbody/tr[@id='InsuredGuRelatedPartyVocation']/td/input[@name='InsuredGuRelatedPartyIndustryKindCode']
2020/07/14 19:08:41:171 DEBUG com.sinosoft.test.base.TestBase:80 - Found Element By : By.xpath: //table[@id='InsuredRelatedParty']/tbody/tr[@id='InsuredGuRelatedPartyVocation']/td/input[@name='InsuredGuRelatedPartyIndustryKindCode']
2020/07/14 19:08:41:172 DEBUG com.sinosoft.test.base.TestBase:76 - Trying to find Element By : By.xpath: ../input[last()]
2020/07/14 19:08:41:254 DEBUG com.sinosoft.test.base.TestBase:80 - Found Element By : By.xpath: ../input[last()]
2020/07/14 19:08:41:393  INFO com.sinosoft.test.base.TestBase:71 - SetCodeEditBox:找到了Code对应的文本显示框并点击触发显示:InsuredGuRelatedPartyIndustryKindCName
2020/07/14 19:08:41:393 DEBUG com.sinosoft.test.base.TestBase:42 - Trying to click on: [[[[InternetExplorerDriver: internet explorer on WINDOWS (9801e082-3848-437e-ad69-11e9782ba90f)] -> xpath: //table[@id='InsuredRelatedParty']/tbody/tr[@id='InsuredGuRelatedPartyVocation']/td/input[@name='InsuredGuRelatedPartyIndustryKindCode']]] -> xpath: ../input[last()]]
2020/07/14 19:08:42:454 DEBUG com.sinosoft.test.base.TestBase:46 - Clicked on: [[[[InternetExplorerDriver: internet explorer on WINDOWS (9801e082-3848-437e-ad69-11e9782ba90f)] -> xpath: //table[@id='InsuredRelatedParty']/tbody/tr[@id='InsuredGuRelatedPartyVocation']/td/input[@name='InsuredGuRelatedPartyIndustryKindCode']]] -> xpath: ../input[last()]]
2020/07/14 19:08:42:655 DEBUG com.sinosoft.test.base.TestBase:76 - Trying to find Element By : By.xpath: //table[@id='InsuredRelatedParty']/tbody/tr[@id='InsuredGuRelatedPartyVocation']/td/input[@name='InsuredGuRelatedPartyIndustryKindCode']
2020/07/14 19:08:42:699 DEBUG com.sinosoft.test.base.TestBase:80 - Found Element By : By.xpath: //table[@id='InsuredRelatedParty']/tbody/tr[@id='InsuredGuRelatedPartyVocation']/td/input[@name='InsuredGuRelatedPartyIndustryKindCode']
2020/07/14 19:08:42:700 DEBUG com.sinosoft.test.base.TestBase:87 - SetCodeEditBox:设置完毕[[InternetExplorerDriver: internet explorer on WINDOWS (9801e082-3848-437e-ad69-11e9782ba90f)] -> xpath: //table[@id='InsuredRelatedParty']/tbody/tr[@id='InsuredGuRelatedPartyVocation']/td/input[@name='InsuredGuRelatedPartyIndustryKindCode']],设置值 Code=12006
2020/07/14 19:08:42:701  INFO com.sinosoft.test.base.TestBase:157 - 保存险种基本信息
2020/07/14 19:08:42:702 DEBUG com.sinosoft.test.base.TestBase:76 - Trying to find Element By : By.id: saveButton
2020/07/14 19:08:42:753 DEBUG com.sinosoft.test.base.TestBase:80 - Found Element By : By.id: saveButton
2020/07/14 19:08:42:753  INFO com.sinosoft.test.base.TestBase:416 - jsClickButton:[[InternetExplorerDriver: internet explorer on WINDOWS (9801e082-3848-437e-ad69-11e9782ba90f)] -> id: saveButton]
2020/07/14 19:08:42:754 DEBUG com.sinosoft.test.base.TestBase:76 - Trying to find Element By : By.id: saveButton
2020/07/14 19:08:42:798 DEBUG com.sinosoft.test.base.TestBase:80 - Found Element By : By.id: saveButton
2020/07/14 19:08:42:799  INFO com.sinosoft.test.base.TestBase:144 - RunJavaScript:[[InternetExplorerDriver: internet explorer on WINDOWS (9801e082-3848-437e-ad69-11e9782ba90f)] -> id: saveButton]	arguments[0].click();
2020/07/14 19:08:42:799 DEBUG com.sinosoft.test.base.TestBase:76 - Trying to find Element By : By.id: saveButton
2020/07/14 19:08:42:880 DEBUG com.sinosoft.test.base.TestBase:80 - Found Element By : By.id: saveButton
2020/07/14 19:08:44:086 DEBUG com.sinosoft.test.base.TestBase:69 - 初始化class com.sinosoft.test.fccp.tbcl.RiskDetail_insuredObjPage
2020/07/14 19:08:49:050 DEBUG com.sinosoft.test.base.TestBase:76 - Trying to find Element By : By.id: ItemPropertyDetail
2020/07/14 19:08:49:131 DEBUG com.sinosoft.test.base.TestBase:80 - Found Element By : By.id: ItemPropertyDetail
2020/07/14 19:08:49:132 DEBUG com.sinosoft.test.base.TestBase:213 - 进入保险标的信息页面对象！
2020/07/14 19:08:49:134  INFO com.sinosoft.test.base.TestBase:222 - 开始录入标的物信息！
2020/07/14 19:08:49:138 DEBUG com.sinosoft.test.base.TestBase:69 - 初始化class com.sinosoft.test.fccp.tbcl.InsuredObjectInfoPage_0101
2020/07/14 19:08:49:139 DEBUG com.sinosoft.test.base.TestBase:76 - Trying to find Element By : By.name: GuItemPropertyBlockCode
2020/07/14 19:08:49:197 DEBUG com.sinosoft.test.base.TestBase:80 - Found Element By : By.name: GuItemPropertyBlockCode
2020/07/14 19:08:49:199  INFO com.sinosoft.test.base.TestBase:30 - 开始录入标的物信息！
2020/07/14 19:08:49:201 DEBUG com.sinosoft.test.base.TestBase:76 - Trying to find Element By : By.name: GuItemPropertyBlockCode
2020/07/14 19:08:49:270 DEBUG com.sinosoft.test.base.TestBase:80 - Found Element By : By.name: GuItemPropertyBlockCode
2020/07/14 19:08:49:271  INFO com.sinosoft.test.base.TestBase:388 - setEditboxTValue:[[InternetExplorerDriver: internet explorer on WINDOWS (9801e082-3848-437e-ad69-11e9782ba90f)] -> name: GuItemPropertyBlockCode]->121121123123
2020/07/14 19:08:49:271 DEBUG com.sinosoft.test.base.TestBase:76 - Trying to find Element By : By.name: GuItemPropertyBlockCode
2020/07/14 19:08:49:339 DEBUG com.sinosoft.test.base.TestBase:80 - Found Element By : By.name: GuItemPropertyBlockCode
2020/07/14 19:08:49:566 DEBUG com.sinosoft.test.base.TestBase:76 - Trying to find Element By : By.name: GuItemPropertyBlockCode
2020/07/14 19:08:49:639 DEBUG com.sinosoft.test.base.TestBase:80 - Found Element By : By.name: GuItemPropertyBlockCode
2020/07/14 19:08:55:116 DEBUG com.sinosoft.test.base.TestBase:76 - Trying to find Element By : By.name: GuItemPropertyCurrency
2020/07/14 19:08:55:186 DEBUG com.sinosoft.test.base.TestBase:80 - Found Element By : By.name: GuItemPropertyCurrency
2020/07/14 19:08:55:224 DEBUG com.sinosoft.test.base.TestBase:76 - Trying to find Element By : By.name: GuItemPropertyItemProvinceCode
2020/07/14 19:08:55:299 DEBUG com.sinosoft.test.base.TestBase:80 - Found Element By : By.name: GuItemPropertyItemProvinceCode
2020/07/14 19:08:55:327 DEBUG com.sinosoft.test.base.TestBase:76 - Trying to find Element By : By.name: GuItemPropertyItemProvinceCode
2020/07/14 19:08:55:400 DEBUG com.sinosoft.test.base.TestBase:80 - Found Element By : By.name: GuItemPropertyItemProvinceCode
2020/07/14 19:08:55:400 DEBUG com.sinosoft.test.base.TestBase:63 - SetCodeEditBox:开始设置:[[InternetExplorerDriver: internet explorer on WINDOWS (9801e082-3848-437e-ad69-11e9782ba90f)] -> name: GuItemPropertyItemProvinceCode] & Code=130000
2020/07/14 19:08:55:400 DEBUG com.sinosoft.test.base.TestBase:76 - Trying to find Element By : By.name: GuItemPropertyItemProvinceCode
2020/07/14 19:08:55:459 DEBUG com.sinosoft.test.base.TestBase:80 - Found Element By : By.name: GuItemPropertyItemProvinceCode
2020/07/14 19:08:55:667 DEBUG com.sinosoft.test.base.TestBase:76 - Trying to find Element By : By.name: GuItemPropertyItemProvinceCode
2020/07/14 19:08:55:725 DEBUG com.sinosoft.test.base.TestBase:80 - Found Element By : By.name: GuItemPropertyItemProvinceCode
2020/07/14 19:08:56:320 DEBUG com.sinosoft.test.base.TestBase:76 - Trying to find Element By : By.name: GuItemPropertyItemProvinceCode
2020/07/14 19:08:56:422 DEBUG com.sinosoft.test.base.TestBase:80 - Found Element By : By.name: GuItemPropertyItemProvinceCode
2020/07/14 19:08:56:422 DEBUG com.sinosoft.test.base.TestBase:76 - Trying to find Element By : By.xpath: ../input[last()]
2020/07/14 19:08:56:482 DEBUG com.sinosoft.test.base.TestBase:80 - Found Element By : By.xpath: ../input[last()]
2020/07/14 19:08:56:649  INFO com.sinosoft.test.base.TestBase:71 - SetCodeEditBox:找到了Code对应的文本显示框并点击触发显示:GuItemPropertyItemProvinceCName
2020/07/14 19:08:56:649 DEBUG com.sinosoft.test.base.TestBase:42 - Trying to click on: [[[[InternetExplorerDriver: internet explorer on WINDOWS (9801e082-3848-437e-ad69-11e9782ba90f)] -> name: GuItemPropertyItemProvinceCode]] -> xpath: ../input[last()]]
2020/07/14 19:08:57:736 DEBUG com.sinosoft.test.base.TestBase:46 - Clicked on: [[[[InternetExplorerDriver: internet explorer on WINDOWS (9801e082-3848-437e-ad69-11e9782ba90f)] -> name: GuItemPropertyItemProvinceCode]] -> xpath: ../input[last()]]
2020/07/14 19:08:57:937 DEBUG com.sinosoft.test.base.TestBase:76 - Trying to find Element By : By.name: GuItemPropertyItemProvinceCode
2020/07/14 19:08:57:996 DEBUG com.sinosoft.test.base.TestBase:80 - Found Element By : By.name: GuItemPropertyItemProvinceCode
2020/07/14 19:08:57:996 DEBUG com.sinosoft.test.base.TestBase:87 - SetCodeEditBox:设置完毕[[InternetExplorerDriver: internet explorer on WINDOWS (9801e082-3848-437e-ad69-11e9782ba90f)] -> name: GuItemPropertyItemProvinceCode],设置值 Code=130000
2020/07/14 19:08:57:996 DEBUG com.sinosoft.test.base.TestBase:76 - Trying to find Element By : By.name: GuItemPropertyItemCityCode
2020/07/14 19:08:58:057 DEBUG com.sinosoft.test.base.TestBase:80 - Found Element By : By.name: GuItemPropertyItemCityCode
2020/07/14 19:08:58:074 DEBUG com.sinosoft.test.base.TestBase:76 - Trying to find Element By : By.name: GuItemPropertyItemCityCode
2020/07/14 19:08:58:119 DEBUG com.sinosoft.test.base.TestBase:80 - Found Element By : By.name: GuItemPropertyItemCityCode
2020/07/14 19:08:58:120 DEBUG com.sinosoft.test.base.TestBase:63 - SetCodeEditBox:开始设置:[[InternetExplorerDriver: internet explorer on WINDOWS (9801e082-3848-437e-ad69-11e9782ba90f)] -> name: GuItemPropertyItemCityCode] & Code=130300
2020/07/14 19:08:58:120 DEBUG com.sinosoft.test.base.TestBase:76 - Trying to find Element By : By.name: GuItemPropertyItemCityCode
2020/07/14 19:08:58:169 DEBUG com.sinosoft.test.base.TestBase:80 - Found Element By : By.name: GuItemPropertyItemCityCode
2020/07/14 19:08:58:419 DEBUG com.sinosoft.test.base.TestBase:76 - Trying to find Element By : By.name: GuItemPropertyItemCityCode
2020/07/14 19:08:58:472 DEBUG com.sinosoft.test.base.TestBase:80 - Found Element By : By.name: GuItemPropertyItemCityCode
2020/07/14 19:08:59:063 DEBUG com.sinosoft.test.base.TestBase:76 - Trying to find Element By : By.name: GuItemPropertyItemCityCode
2020/07/14 19:08:59:118 DEBUG com.sinosoft.test.base.TestBase:80 - Found Element By : By.name: GuItemPropertyItemCityCode
2020/07/14 19:08:59:119 DEBUG com.sinosoft.test.base.TestBase:76 - Trying to find Element By : By.xpath: ../input[last()]
2020/07/14 19:08:59:158 DEBUG com.sinosoft.test.base.TestBase:80 - Found Element By : By.xpath: ../input[last()]
2020/07/14 19:08:59:301  INFO com.sinosoft.test.base.TestBase:71 - SetCodeEditBox:找到了Code对应的文本显示框并点击触发显示:GuItemPropertyItemCityCName
2020/07/14 19:08:59:301 DEBUG com.sinosoft.test.base.TestBase:42 - Trying to click on: [[[[InternetExplorerDriver: internet explorer on WINDOWS (9801e082-3848-437e-ad69-11e9782ba90f)] -> name: GuItemPropertyItemCityCode]] -> xpath: ../input[last()]]
2020/07/14 19:09:00:356 DEBUG com.sinosoft.test.base.TestBase:46 - Clicked on: [[[[InternetExplorerDriver: internet explorer on WINDOWS (9801e082-3848-437e-ad69-11e9782ba90f)] -> name: GuItemPropertyItemCityCode]] -> xpath: ../input[last()]]
2020/07/14 19:09:00:558 DEBUG com.sinosoft.test.base.TestBase:76 - Trying to find Element By : By.name: GuItemPropertyItemCityCode
2020/07/14 19:09:00:616 DEBUG com.sinosoft.test.base.TestBase:80 - Found Element By : By.name: GuItemPropertyItemCityCode
2020/07/14 19:09:00:617 DEBUG com.sinosoft.test.base.TestBase:87 - SetCodeEditBox:设置完毕[[InternetExplorerDriver: internet explorer on WINDOWS (9801e082-3848-437e-ad69-11e9782ba90f)] -> name: GuItemPropertyItemCityCode],设置值 Code=130300
2020/07/14 19:09:00:617 DEBUG com.sinosoft.test.base.TestBase:76 - Trying to find Element By : By.name: GuItemPropertyItemPostalCode
2020/07/14 19:09:00:696 DEBUG com.sinosoft.test.base.TestBase:80 - Found Element By : By.name: GuItemPropertyItemPostalCode
2020/07/14 19:09:00:696  INFO com.sinosoft.test.base.TestBase:360 - setEditboxValue:[[InternetExplorerDriver: internet explorer on WINDOWS (9801e082-3848-437e-ad69-11e9782ba90f)] -> name: GuItemPropertyItemPostalCode]：065201
2020/07/14 19:09:00:696 DEBUG com.sinosoft.test.base.TestBase:76 - Trying to find Element By : By.name: GuItemPropertyItemPostalCode
2020/07/14 19:09:00:743 DEBUG com.sinosoft.test.base.TestBase:80 - Found Element By : By.name: GuItemPropertyItemPostalCode
2020/07/14 19:09:00:985 DEBUG com.sinosoft.test.base.TestBase:76 - Trying to find Element By : By.name: GuItemPropertyItemPostalCode
2020/07/14 19:09:01:065 DEBUG com.sinosoft.test.base.TestBase:80 - Found Element By : By.name: GuItemPropertyItemPostalCode
2020/07/14 19:09:01:477 DEBUG com.sinosoft.test.base.TestBase:76 - Trying to find Element By : By.name: GuItemPropertyItemPostalCode
2020/07/14 19:09:01:545 DEBUG com.sinosoft.test.base.TestBase:80 - Found Element By : By.name: GuItemPropertyItemPostalCode
2020/07/14 19:09:01:546  INFO com.sinosoft.test.base.TestBase:363 - setEditboxValue—End:[[InternetExplorerDriver: internet explorer on WINDOWS (9801e082-3848-437e-ad69-11e9782ba90f)] -> name: GuItemPropertyItemPostalCode]：065201
2020/07/14 19:09:01:546 DEBUG com.sinosoft.test.base.TestBase:76 - Trying to find Element By : By.name: GuItemPropertyConstruction
2020/07/14 19:09:01:604 DEBUG com.sinosoft.test.base.TestBase:80 - Found Element By : By.name: GuItemPropertyConstruction
2020/07/14 19:09:01:632 DEBUG com.sinosoft.test.base.TestBase:76 - Trying to find Element By : By.name: GuItemPropertySituation
2020/07/14 19:09:01:704 DEBUG com.sinosoft.test.base.TestBase:80 - Found Element By : By.name: GuItemPropertySituation
2020/07/14 19:09:01:704  INFO com.sinosoft.test.base.TestBase:360 - setEditboxValue:[[InternetExplorerDriver: internet explorer on WINDOWS (9801e082-3848-437e-ad69-11e9782ba90f)] -> name: GuItemPropertySituation]：北戴河公园
2020/07/14 19:09:01:705 DEBUG com.sinosoft.test.base.TestBase:76 - Trying to find Element By : By.name: GuItemPropertySituation
2020/07/14 19:09:01:778 DEBUG com.sinosoft.test.base.TestBase:80 - Found Element By : By.name: GuItemPropertySituation
2020/07/14 19:09:02:046 DEBUG com.sinosoft.test.base.TestBase:76 - Trying to find Element By : By.name: GuItemPropertySituation
2020/07/14 19:09:02:114 DEBUG com.sinosoft.test.base.TestBase:80 - Found Element By : By.name: GuItemPropertySituation
2020/07/14 19:09:02:546 DEBUG com.sinosoft.test.base.TestBase:76 - Trying to find Element By : By.name: GuItemPropertySituation
2020/07/14 19:09:02:603 DEBUG com.sinosoft.test.base.TestBase:80 - Found Element By : By.name: GuItemPropertySituation
2020/07/14 19:09:02:605  INFO com.sinosoft.test.base.TestBase:363 - setEditboxValue—End:[[InternetExplorerDriver: internet explorer on WINDOWS (9801e082-3848-437e-ad69-11e9782ba90f)] -> name: GuItemPropertySituation]：北戴河公园
2020/07/14 19:09:02:606 DEBUG com.sinosoft.test.base.TestBase:232 - 开始录入险种明细信息
2020/07/14 19:09:02:607 DEBUG com.sinosoft.test.base.TestBase:76 - Trying to find Element By : By.id: ItemPropertyDetail
2020/07/14 19:09:02:689 DEBUG com.sinosoft.test.base.TestBase:80 - Found Element By : By.id: ItemPropertyDetail
2020/07/14 19:09:02:690  INFO com.sinosoft.test.base.TestBase:406 - clickElement:[[InternetExplorerDriver: internet explorer on WINDOWS (9801e082-3848-437e-ad69-11e9782ba90f)] -> id: ItemPropertyDetail]
2020/07/14 19:09:02:690 DEBUG com.sinosoft.test.base.TestBase:76 - Trying to find Element By : By.id: ItemPropertyDetail
2020/07/14 19:09:02:754 DEBUG com.sinosoft.test.base.TestBase:80 - Found Element By : By.id: ItemPropertyDetail
2020/07/14 19:09:02:754 DEBUG com.sinosoft.test.base.TestBase:42 - Trying to click on: [[InternetExplorerDriver: internet explorer on WINDOWS (9801e082-3848-437e-ad69-11e9782ba90f)] -> id: ItemPropertyDetail]
2020/07/14 19:09:04:046 DEBUG com.sinosoft.test.base.TestBase:46 - Clicked on: [[InternetExplorerDriver: internet explorer on WINDOWS (9801e082-3848-437e-ad69-11e9782ba90f)] -> id: ItemPropertyDetail]
2020/07/14 19:09:04:047 DEBUG com.sinosoft.test.base.TestBase:76 - Trying to find Element By : By.id: ItemPropertyDetail
2020/07/14 19:09:04:107 DEBUG com.sinosoft.test.base.TestBase:80 - Found Element By : By.id: ItemPropertyDetail
2020/07/14 19:09:04:107 DEBUG com.sinosoft.test.base.TestBase:76 - Trying to find Element By : By.name: GuItemPropertyDetailItemDetailCode
2020/07/14 19:09:04:133 DEBUG com.sinosoft.test.base.TestBase:80 - Found Element By : By.name: GuItemPropertyDetailItemDetailCode
2020/07/14 19:09:04:133 DEBUG com.sinosoft.test.base.TestBase:76 - Trying to find Element By : By.id: ItemPropertyDetail
2020/07/14 19:09:04:192 DEBUG com.sinosoft.test.base.TestBase:80 - Found Element By : By.id: ItemPropertyDetail
2020/07/14 19:09:04:193 DEBUG com.sinosoft.test.base.TestBase:76 - Trying to find Element By : By.name: GuItemPropertyDetailItemDetailList
2020/07/14 19:09:04:251 DEBUG com.sinosoft.test.base.TestBase:80 - Found Element By : By.name: GuItemPropertyDetailItemDetailList
2020/07/14 19:09:04:277 DEBUG com.sinosoft.test.base.TestBase:42 - CodeSelect:开始设置[[[[InternetExplorerDriver: internet explorer on WINDOWS (9801e082-3848-437e-ad69-11e9782ba90f)] -> id: ItemPropertyDetail]] -> name: GuItemPropertyDetailItemDetailCode] & Code=010001
2020/07/14 19:09:05:406 DEBUG com.sinosoft.test.base.TestBase:272 - 系统窗口【黄河财险业务系统】with handle -76089240-cb81-4675-9b96-6bc31b738c48
2020/07/14 19:09:06:068 DEBUG com.sinosoft.test.base.TestBase:272 - 系统窗口【黄河财险业务系统】with handle -76089240-cb81-4675-9b96-6bc31b738c48
2020/07/14 19:09:06:698 DEBUG com.sinosoft.test.base.TestBase:272 - 系统窗口【Code Select】with handle -7123c461-6b03-42c1-a693-e2ea697d1545
2020/07/14 19:09:07:211 DEBUG com.sinosoft.test.base.TestBase:69 - 初始化class com.sinosoft.test.fccp.common.CodeSelectPage
2020/07/14 19:09:07:211 DEBUG com.sinosoft.test.base.TestBase:39 - 基础码表选择！
2020/07/14 19:09:07:211 DEBUG com.sinosoft.test.base.TestBase:76 - Trying to find Element By : By.name: fieldValue
2020/07/14 19:09:07:479 DEBUG com.sinosoft.test.base.TestBase:80 - Found Element By : By.name: fieldValue
2020/07/14 19:09:07:479  INFO com.sinosoft.test.base.TestBase:360 - setEditboxValue:[[InternetExplorerDriver: internet explorer on WINDOWS (9801e082-3848-437e-ad69-11e9782ba90f)] -> name: fieldValue]：010001
2020/07/14 19:09:08:557  INFO com.sinosoft.test.base.TestBase:363 - setEditboxValue—End:[[InternetExplorerDriver: internet explorer on WINDOWS (9801e082-3848-437e-ad69-11e9782ba90f)] -> name: fieldValue]：010001
2020/07/14 19:09:08:558 DEBUG com.sinosoft.test.base.TestBase:76 - Trying to find Element By : By.xpath: //input[@value='查询(Q)']
2020/07/14 19:09:08:842 DEBUG com.sinosoft.test.base.TestBase:80 - Found Element By : By.xpath: //input[@value='查询(Q)']
2020/07/14 19:09:08:843  INFO com.sinosoft.test.base.TestBase:402 - clickButton:[[InternetExplorerDriver: internet explorer on WINDOWS (9801e082-3848-437e-ad69-11e9782ba90f)] -> xpath: //input[@value='查询(Q)']]
2020/07/14 19:09:08:843 DEBUG com.sinosoft.test.base.TestBase:42 - Trying to click on: [[InternetExplorerDriver: internet explorer on WINDOWS (9801e082-3848-437e-ad69-11e9782ba90f)] -> xpath: //input[@value='查询(Q)']]
2020/07/14 19:09:10:392 DEBUG com.sinosoft.test.base.TestBase:46 - Clicked on: [[InternetExplorerDriver: internet explorer on WINDOWS (9801e082-3848-437e-ad69-11e9782ba90f)] -> xpath: //input[@value='查询(Q)']]
2020/07/14 19:09:10:393 DEBUG com.sinosoft.test.base.TestBase:76 - Trying to find Element By : By.name: codeselect
2020/07/14 19:09:10:688 DEBUG com.sinosoft.test.base.TestBase:80 - Found Element By : By.name: codeselect
2020/07/14 19:09:10:689  INFO com.sinosoft.test.base.TestBase:132 - setFuzzySelect:[[InternetExplorerDriver: internet explorer on WINDOWS (9801e082-3848-437e-ad69-11e9782ba90f)] -> name: codeselect]->010001
2020/07/14 19:09:11:232 DEBUG com.sinosoft.test.base.TestBase:76 - Trying to find Element By : By.tagName: option
2020/07/14 19:09:11:521 DEBUG com.sinosoft.test.base.TestBase:80 - Found Element By : By.tagName: option
2020/07/14 19:09:11:819  INFO com.sinosoft.test.base.TestBase:142 - 找到匹配【010001】的选项：010001--固定资产
2020/07/14 19:09:11:820 DEBUG com.sinosoft.test.base.TestBase:76 - Trying to find Element By : By.xpath: .//option[normalize-space(.) = "010001--固定资产"]
2020/07/14 19:09:12:120 DEBUG com.sinosoft.test.base.TestBase:80 - Found Element By : By.xpath: .//option[normalize-space(.) = "010001--固定资产"]
2020/07/14 19:09:12:404 DEBUG com.sinosoft.test.base.TestBase:42 - Trying to click on: [[[[InternetExplorerDriver: internet explorer on WINDOWS (9801e082-3848-437e-ad69-11e9782ba90f)] -> name: codeselect]] -> xpath: .//option[normalize-space(.) = "010001--固定资产"]]
2020/07/14 19:09:12:822 DEBUG com.sinosoft.test.base.TestBase:46 - Clicked on: [[[[InternetExplorerDriver: internet explorer on WINDOWS (9801e082-3848-437e-ad69-11e9782ba90f)] -> name: codeselect]] -> xpath: .//option[normalize-space(.) = "010001--固定资产"]]
2020/07/14 19:09:12:823 DEBUG com.sinosoft.test.base.TestBase:151 - setFuzzySelect 结束！
2020/07/14 19:09:12:823 DEBUG com.sinosoft.test.base.TestBase:76 - Trying to find Element By : By.name: SelectIt
2020/07/14 19:09:13:102 DEBUG com.sinosoft.test.base.TestBase:80 - Found Element By : By.name: SelectIt
2020/07/14 19:09:13:103  INFO com.sinosoft.test.base.TestBase:416 - jsClickButton:[[InternetExplorerDriver: internet explorer on WINDOWS (9801e082-3848-437e-ad69-11e9782ba90f)] -> name: SelectIt]
2020/07/14 19:09:13:103  INFO com.sinosoft.test.base.TestBase:144 - RunJavaScript:[[InternetExplorerDriver: internet explorer on WINDOWS (9801e082-3848-437e-ad69-11e9782ba90f)] -> name: SelectIt]	arguments[0].click();
2020/07/14 19:09:13:865 DEBUG com.sinosoft.test.base.TestBase:272 - 系统窗口【黄河财险业务系统】with handle -76089240-cb81-4675-9b96-6bc31b738c48
2020/07/14 19:09:19:109 DEBUG com.sinosoft.test.base.TestBase:49 - CodeSelect:设置完毕[[[[InternetExplorerDriver: internet explorer on WINDOWS (9801e082-3848-437e-ad69-11e9782ba90f)] -> id: ItemPropertyDetail]] -> name: GuItemPropertyDetailItemDetailCode] & Code=010001
2020/07/14 19:09:19:109  INFO com.sinosoft.test.base.TestBase:360 - setEditboxValue:[[[[InternetExplorerDriver: internet explorer on WINDOWS (9801e082-3848-437e-ad69-11e9782ba90f)] -> id: ItemPropertyDetail]] -> name: GuItemPropertyDetailItemDetailList]：碣石公园礁石群
2020/07/14 19:09:19:683  INFO com.sinosoft.test.base.TestBase:363 - setEditboxValue—End:[[[[InternetExplorerDriver: internet explorer on WINDOWS (9801e082-3848-437e-ad69-11e9782ba90f)] -> id: ItemPropertyDetail]] -> name: GuItemPropertyDetailItemDetailList]：碣石公园礁石群
2020/07/14 19:09:19:683 DEBUG com.sinosoft.test.base.TestBase:76 - Trying to find Element By : By.id: ItemPropertyDetail
2020/07/14 19:09:19:749 DEBUG com.sinosoft.test.base.TestBase:80 - Found Element By : By.id: ItemPropertyDetail
2020/07/14 19:09:19:750 DEBUG com.sinosoft.test.base.TestBase:76 - Trying to find Element By : By.name: GuItemKindKindCode
2020/07/14 19:09:19:829 DEBUG com.sinosoft.test.base.TestBase:80 - Found Element By : By.name: GuItemKindKindCode
2020/07/14 19:09:19:857 DEBUG com.sinosoft.test.base.TestBase:42 - CodeSelect:开始设置[[[[InternetExplorerDriver: internet explorer on WINDOWS (9801e082-3848-437e-ad69-11e9782ba90f)] -> id: ItemPropertyDetail]] -> name: GuItemKindKindCode] & Code=0101001
2020/07/14 19:09:20:992 DEBUG com.sinosoft.test.base.TestBase:272 - 系统窗口【黄河财险业务系统】with handle -76089240-cb81-4675-9b96-6bc31b738c48
2020/07/14 19:09:21:655 DEBUG com.sinosoft.test.base.TestBase:272 - 系统窗口【黄河财险业务系统】with handle -76089240-cb81-4675-9b96-6bc31b738c48
2020/07/14 19:09:22:287 DEBUG com.sinosoft.test.base.TestBase:272 - 系统窗口【Code Select】with handle -f622d93a-fbbf-496f-885a-53a2b20020ae
2020/07/14 19:09:22:796 DEBUG com.sinosoft.test.base.TestBase:69 - 初始化class com.sinosoft.test.fccp.common.CodeSelectPage
2020/07/14 19:09:22:796 DEBUG com.sinosoft.test.base.TestBase:39 - 基础码表选择！
2020/07/14 19:09:22:797 DEBUG com.sinosoft.test.base.TestBase:76 - Trying to find Element By : By.name: fieldValue
2020/07/14 19:09:23:066 DEBUG com.sinosoft.test.base.TestBase:80 - Found Element By : By.name: fieldValue
2020/07/14 19:09:23:066  INFO com.sinosoft.test.base.TestBase:360 - setEditboxValue:[[InternetExplorerDriver: internet explorer on WINDOWS (9801e082-3848-437e-ad69-11e9782ba90f)] -> name: fieldValue]：0101001
2020/07/14 19:09:24:203  INFO com.sinosoft.test.base.TestBase:363 - setEditboxValue—End:[[InternetExplorerDriver: internet explorer on WINDOWS (9801e082-3848-437e-ad69-11e9782ba90f)] -> name: fieldValue]：0101001
2020/07/14 19:09:24:203 DEBUG com.sinosoft.test.base.TestBase:76 - Trying to find Element By : By.xpath: //input[@value='查询(Q)']
2020/07/14 19:09:24:482 DEBUG com.sinosoft.test.base.TestBase:80 - Found Element By : By.xpath: //input[@value='查询(Q)']
2020/07/14 19:09:24:482  INFO com.sinosoft.test.base.TestBase:402 - clickButton:[[InternetExplorerDriver: internet explorer on WINDOWS (9801e082-3848-437e-ad69-11e9782ba90f)] -> xpath: //input[@value='查询(Q)']]
2020/07/14 19:09:24:483 DEBUG com.sinosoft.test.base.TestBase:42 - Trying to click on: [[InternetExplorerDriver: internet explorer on WINDOWS (9801e082-3848-437e-ad69-11e9782ba90f)] -> xpath: //input[@value='查询(Q)']]
2020/07/14 19:09:26:039 DEBUG com.sinosoft.test.base.TestBase:46 - Clicked on: [[InternetExplorerDriver: internet explorer on WINDOWS (9801e082-3848-437e-ad69-11e9782ba90f)] -> xpath: //input[@value='查询(Q)']]
2020/07/14 19:09:26:040 DEBUG com.sinosoft.test.base.TestBase:76 - Trying to find Element By : By.name: codeselect
2020/07/14 19:09:26:326 DEBUG com.sinosoft.test.base.TestBase:80 - Found Element By : By.name: codeselect
2020/07/14 19:09:26:326  INFO com.sinosoft.test.base.TestBase:132 - setFuzzySelect:[[InternetExplorerDriver: internet explorer on WINDOWS (9801e082-3848-437e-ad69-11e9782ba90f)] -> name: codeselect]->0101001
2020/07/14 19:09:26:872 DEBUG com.sinosoft.test.base.TestBase:76 - Trying to find Element By : By.tagName: option
2020/07/14 19:09:27:161 DEBUG com.sinosoft.test.base.TestBase:80 - Found Element By : By.tagName: option
2020/07/14 19:09:27:449  INFO com.sinosoft.test.base.TestBase:142 - 找到匹配【0101001】的选项：0101001--财产基本险（2019版）
2020/07/14 19:09:27:450 DEBUG com.sinosoft.test.base.TestBase:76 - Trying to find Element By : By.xpath: .//option[normalize-space(.) = "0101001--财产基本险（2019版）"]
2020/07/14 19:09:27:752 DEBUG com.sinosoft.test.base.TestBase:80 - Found Element By : By.xpath: .//option[normalize-space(.) = "0101001--财产基本险（2019版）"]
2020/07/14 19:09:28:042 DEBUG com.sinosoft.test.base.TestBase:42 - Trying to click on: [[[[InternetExplorerDriver: internet explorer on WINDOWS (9801e082-3848-437e-ad69-11e9782ba90f)] -> name: codeselect]] -> xpath: .//option[normalize-space(.) = "0101001--财产基本险（2019版）"]]
2020/07/14 19:09:28:472 DEBUG com.sinosoft.test.base.TestBase:46 - Clicked on: [[[[InternetExplorerDriver: internet explorer on WINDOWS (9801e082-3848-437e-ad69-11e9782ba90f)] -> name: codeselect]] -> xpath: .//option[normalize-space(.) = "0101001--财产基本险（2019版）"]]
2020/07/14 19:09:28:473 DEBUG com.sinosoft.test.base.TestBase:151 - setFuzzySelect 结束！
2020/07/14 19:09:28:473 DEBUG com.sinosoft.test.base.TestBase:76 - Trying to find Element By : By.name: SelectIt
2020/07/14 19:09:28:754 DEBUG com.sinosoft.test.base.TestBase:80 - Found Element By : By.name: SelectIt
2020/07/14 19:09:28:755  INFO com.sinosoft.test.base.TestBase:416 - jsClickButton:[[InternetExplorerDriver: internet explorer on WINDOWS (9801e082-3848-437e-ad69-11e9782ba90f)] -> name: SelectIt]
2020/07/14 19:09:28:755  INFO com.sinosoft.test.base.TestBase:144 - RunJavaScript:[[InternetExplorerDriver: internet explorer on WINDOWS (9801e082-3848-437e-ad69-11e9782ba90f)] -> name: SelectIt]	arguments[0].click();
2020/07/14 19:09:29:533 DEBUG com.sinosoft.test.base.TestBase:272 - 系统窗口【黄河财险业务系统】with handle -76089240-cb81-4675-9b96-6bc31b738c48
2020/07/14 19:09:34:662 DEBUG com.sinosoft.test.base.TestBase:49 - CodeSelect:设置完毕[[[[InternetExplorerDriver: internet explorer on WINDOWS (9801e082-3848-437e-ad69-11e9782ba90f)] -> id: ItemPropertyDetail]] -> name: GuItemKindKindCode] & Code=0101001
2020/07/14 19:09:34:662 DEBUG com.sinosoft.test.base.TestBase:76 - Trying to find Element By : By.id: ItemPropertyDetail
2020/07/14 19:09:34:708 DEBUG com.sinosoft.test.base.TestBase:80 - Found Element By : By.id: ItemPropertyDetail
2020/07/14 19:09:34:710 DEBUG com.sinosoft.test.base.TestBase:76 - Trying to find Element By : By.name: GuItemKindCalculateInd
2020/07/14 19:09:34:761 DEBUG com.sinosoft.test.base.TestBase:80 - Found Element By : By.name: GuItemKindCalculateInd
2020/07/14 19:09:34:798 DEBUG com.sinosoft.test.base.TestBase:76 - Trying to find Element By : By.id: ItemPropertyDetail
2020/07/14 19:09:34:863 DEBUG com.sinosoft.test.base.TestBase:80 - Found Element By : By.id: ItemPropertyDetail
2020/07/14 19:09:34:864 DEBUG com.sinosoft.test.base.TestBase:76 - Trying to find Element By : By.name: GuItemKindValueType
2020/07/14 19:09:34:912 DEBUG com.sinosoft.test.base.TestBase:80 - Found Element By : By.name: GuItemKindValueType
2020/07/14 19:09:34:914  INFO com.sinosoft.test.base.TestBase:96 - setSelectWithStartText:[[[[InternetExplorerDriver: internet explorer on WINDOWS (9801e082-3848-437e-ad69-11e9782ba90f)] -> id: ItemPropertyDetail]] -> name: GuItemKindValueType]->10
2020/07/14 19:09:34:967 DEBUG com.sinosoft.test.base.TestBase:76 - Trying to find Element By : By.tagName: option
2020/07/14 19:09:35:131 DEBUG com.sinosoft.test.base.TestBase:80 - Found Element By : By.tagName: option
2020/07/14 19:09:35:303  INFO com.sinosoft.test.base.TestBase:114 - 找到匹配【10】的选项：10-出险时市场价值
2020/07/14 19:09:35:303 DEBUG com.sinosoft.test.base.TestBase:76 - Trying to find Element By : By.xpath: .//option[normalize-space(.) = "10-出险时市场价值"]
2020/07/14 19:09:35:376 DEBUG com.sinosoft.test.base.TestBase:80 - Found Element By : By.xpath: .//option[normalize-space(.) = "10-出险时市场价值"]
2020/07/14 19:09:35:404 DEBUG com.sinosoft.test.base.TestBase:42 - Trying to click on: [[[[[[InternetExplorerDriver: internet explorer on WINDOWS (9801e082-3848-437e-ad69-11e9782ba90f)] -> id: ItemPropertyDetail]] -> name: GuItemKindValueType]] -> xpath: .//option[normalize-space(.) = "10-出险时市场价值"]]
2020/07/14 19:09:35:651 DEBUG com.sinosoft.test.base.TestBase:46 - Clicked on: [[[[[[InternetExplorerDriver: internet explorer on WINDOWS (9801e082-3848-437e-ad69-11e9782ba90f)] -> id: ItemPropertyDetail]] -> name: GuItemKindValueType]] -> xpath: .//option[normalize-space(.) = "10-出险时市场价值"]]
2020/07/14 19:09:35:651 DEBUG com.sinosoft.test.base.TestBase:123 - setSelectWithStartText 结束！
2020/07/14 19:09:35:651 DEBUG com.sinosoft.test.base.TestBase:76 - Trying to find Element By : By.id: ItemPropertyDetail
2020/07/14 19:09:35:713 DEBUG com.sinosoft.test.base.TestBase:80 - Found Element By : By.id: ItemPropertyDetail
2020/07/14 19:09:35:714 DEBUG com.sinosoft.test.base.TestBase:76 - Trying to find Element By : By.name: GuItemKindSumInsured
2020/07/14 19:09:35:737 DEBUG com.sinosoft.test.base.TestBase:80 - Found Element By : By.name: GuItemKindSumInsured
2020/07/14 19:09:35:738  INFO com.sinosoft.test.base.TestBase:360 - setEditboxValue:[[[[InternetExplorerDriver: internet explorer on WINDOWS (9801e082-3848-437e-ad69-11e9782ba90f)] -> id: ItemPropertyDetail]] -> name: GuItemKindSumInsured]：2000000
2020/07/14 19:09:36:467  INFO com.sinosoft.test.base.TestBase:363 - setEditboxValue—End:[[[[InternetExplorerDriver: internet explorer on WINDOWS (9801e082-3848-437e-ad69-11e9782ba90f)] -> id: ItemPropertyDetail]] -> name: GuItemKindSumInsured]：2000000
2020/07/14 19:09:36:467 DEBUG com.sinosoft.test.base.TestBase:76 - Trying to find Element By : By.xpath: //table[@id='ItemPropertyDetailKind']/tbody/tr/td/input[@name='GuItemKindRate']
2020/07/14 19:09:36:525 DEBUG com.sinosoft.test.base.TestBase:80 - Found Element By : By.xpath: //table[@id='ItemPropertyDetailKind']/tbody/tr/td/input[@name='GuItemKindRate']
2020/07/14 19:09:36:525  INFO com.sinosoft.test.base.TestBase:388 - setEditboxTValue:[[InternetExplorerDriver: internet explorer on WINDOWS (9801e082-3848-437e-ad69-11e9782ba90f)] -> xpath: //table[@id='ItemPropertyDetailKind']/tbody/tr/td/input[@name='GuItemKindRate']]->0.5
2020/07/14 19:09:36:526 DEBUG com.sinosoft.test.base.TestBase:76 - Trying to find Element By : By.xpath: //table[@id='ItemPropertyDetailKind']/tbody/tr/td/input[@name='GuItemKindRate']
2020/07/14 19:09:36:577 DEBUG com.sinosoft.test.base.TestBase:80 - Found Element By : By.xpath: //table[@id='ItemPropertyDetailKind']/tbody/tr/td/input[@name='GuItemKindRate']
2020/07/14 19:09:36:884 DEBUG com.sinosoft.test.base.TestBase:76 - Trying to find Element By : By.xpath: //table[@id='ItemPropertyDetailKind']/tbody/tr/td/input[@name='GuItemKindRate']
2020/07/14 19:09:36:931 DEBUG com.sinosoft.test.base.TestBase:80 - Found Element By : By.xpath: //table[@id='ItemPropertyDetailKind']/tbody/tr/td/input[@name='GuItemKindRate']
2020/07/14 19:09:42:338 DEBUG com.sinosoft.test.base.TestBase:76 - Trying to find Element By : By.xpath: //table[@id='ItemPropertyDetailKind']/tbody/tr/td/input[@name='GuItemKindShortRateFlag']
2020/07/14 19:09:42:374 DEBUG com.sinosoft.test.base.TestBase:80 - Found Element By : By.xpath: //table[@id='ItemPropertyDetailKind']/tbody/tr/td/input[@name='GuItemKindShortRateFlag']
2020/07/14 19:09:42:409 DEBUG com.sinosoft.test.base.TestBase:76 - Trying to find Element By : By.xpath: //table[@id='ItemPropertyDetailKind']/tbody/tr/td/input[@name='GuItemKindShortRateFlag']
2020/07/14 19:09:42:466 DEBUG com.sinosoft.test.base.TestBase:80 - Found Element By : By.xpath: //table[@id='ItemPropertyDetailKind']/tbody/tr/td/input[@name='GuItemKindShortRateFlag']
2020/07/14 19:09:42:466 DEBUG com.sinosoft.test.base.TestBase:42 - CodeSelect:开始设置[[InternetExplorerDriver: internet explorer on WINDOWS (9801e082-3848-437e-ad69-11e9782ba90f)] -> xpath: //table[@id='ItemPropertyDetailKind']/tbody/tr/td/input[@name='GuItemKindShortRateFlag']] & Code=2
2020/07/14 19:09:42:467 DEBUG com.sinosoft.test.base.TestBase:76 - Trying to find Element By : By.xpath: //table[@id='ItemPropertyDetailKind']/tbody/tr/td/input[@name='GuItemKindShortRateFlag']
2020/07/14 19:09:42:505 DEBUG com.sinosoft.test.base.TestBase:80 - Found Element By : By.xpath: //table[@id='ItemPropertyDetailKind']/tbody/tr/td/input[@name='GuItemKindShortRateFlag']
2020/07/14 19:09:43:729 DEBUG com.sinosoft.test.base.TestBase:272 - 系统窗口【黄河财险业务系统】with handle -76089240-cb81-4675-9b96-6bc31b738c48
2020/07/14 19:09:44:420 DEBUG com.sinosoft.test.base.TestBase:272 - 系统窗口【黄河财险业务系统】with handle -76089240-cb81-4675-9b96-6bc31b738c48
2020/07/14 19:09:45:048 DEBUG com.sinosoft.test.base.TestBase:272 - 系统窗口【Code Select】with handle -b7c3b38d-a818-4e4d-adaa-a90a637442e7
2020/07/14 19:09:45:561 DEBUG com.sinosoft.test.base.TestBase:69 - 初始化class com.sinosoft.test.fccp.common.CodeSelectPage
2020/07/14 19:09:45:561 DEBUG com.sinosoft.test.base.TestBase:39 - 基础码表选择！
2020/07/14 19:09:45:561 DEBUG com.sinosoft.test.base.TestBase:76 - Trying to find Element By : By.name: fieldValue
2020/07/14 19:09:45:839 DEBUG com.sinosoft.test.base.TestBase:80 - Found Element By : By.name: fieldValue
2020/07/14 19:09:45:840  INFO com.sinosoft.test.base.TestBase:360 - setEditboxValue:[[InternetExplorerDriver: internet explorer on WINDOWS (9801e082-3848-437e-ad69-11e9782ba90f)] -> name: fieldValue]：2
2020/07/14 19:09:46:895  INFO com.sinosoft.test.base.TestBase:363 - setEditboxValue—End:[[InternetExplorerDriver: internet explorer on WINDOWS (9801e082-3848-437e-ad69-11e9782ba90f)] -> name: fieldValue]：2
2020/07/14 19:09:46:896 DEBUG com.sinosoft.test.base.TestBase:76 - Trying to find Element By : By.xpath: //input[@value='查询(Q)']
2020/07/14 19:09:47:176 DEBUG com.sinosoft.test.base.TestBase:80 - Found Element By : By.xpath: //input[@value='查询(Q)']
2020/07/14 19:09:47:177  INFO com.sinosoft.test.base.TestBase:402 - clickButton:[[InternetExplorerDriver: internet explorer on WINDOWS (9801e082-3848-437e-ad69-11e9782ba90f)] -> xpath: //input[@value='查询(Q)']]
2020/07/14 19:09:47:177 DEBUG com.sinosoft.test.base.TestBase:42 - Trying to click on: [[InternetExplorerDriver: internet explorer on WINDOWS (9801e082-3848-437e-ad69-11e9782ba90f)] -> xpath: //input[@value='查询(Q)']]
2020/07/14 19:09:48:754 DEBUG com.sinosoft.test.base.TestBase:46 - Clicked on: [[InternetExplorerDriver: internet explorer on WINDOWS (9801e082-3848-437e-ad69-11e9782ba90f)] -> xpath: //input[@value='查询(Q)']]
2020/07/14 19:09:48:755 DEBUG com.sinosoft.test.base.TestBase:76 - Trying to find Element By : By.name: codeselect
2020/07/14 19:09:49:044 DEBUG com.sinosoft.test.base.TestBase:80 - Found Element By : By.name: codeselect
2020/07/14 19:09:49:044  INFO com.sinosoft.test.base.TestBase:132 - setFuzzySelect:[[InternetExplorerDriver: internet explorer on WINDOWS (9801e082-3848-437e-ad69-11e9782ba90f)] -> name: codeselect]->2
2020/07/14 19:09:49:585 DEBUG com.sinosoft.test.base.TestBase:76 - Trying to find Element By : By.tagName: option
2020/07/14 19:09:49:877 DEBUG com.sinosoft.test.base.TestBase:80 - Found Element By : By.tagName: option
2020/07/14 19:09:50:172  INFO com.sinosoft.test.base.TestBase:142 - 找到匹配【2】的选项：2--月比例
2020/07/14 19:09:50:173 DEBUG com.sinosoft.test.base.TestBase:76 - Trying to find Element By : By.xpath: .//option[normalize-space(.) = "2--月比例"]
2020/07/14 19:09:50:474 DEBUG com.sinosoft.test.base.TestBase:80 - Found Element By : By.xpath: .//option[normalize-space(.) = "2--月比例"]
2020/07/14 19:09:50:765 DEBUG com.sinosoft.test.base.TestBase:42 - Trying to click on: [[[[InternetExplorerDriver: internet explorer on WINDOWS (9801e082-3848-437e-ad69-11e9782ba90f)] -> name: codeselect]] -> xpath: .//option[normalize-space(.) = "2--月比例"]]
2020/07/14 19:09:51:184 DEBUG com.sinosoft.test.base.TestBase:46 - Clicked on: [[[[InternetExplorerDriver: internet explorer on WINDOWS (9801e082-3848-437e-ad69-11e9782ba90f)] -> name: codeselect]] -> xpath: .//option[normalize-space(.) = "2--月比例"]]
2020/07/14 19:09:51:185 DEBUG com.sinosoft.test.base.TestBase:151 - setFuzzySelect 结束！
2020/07/14 19:09:51:185 DEBUG com.sinosoft.test.base.TestBase:76 - Trying to find Element By : By.name: SelectIt
2020/07/14 19:09:51:472 DEBUG com.sinosoft.test.base.TestBase:80 - Found Element By : By.name: SelectIt
2020/07/14 19:09:51:473  INFO com.sinosoft.test.base.TestBase:416 - jsClickButton:[[InternetExplorerDriver: internet explorer on WINDOWS (9801e082-3848-437e-ad69-11e9782ba90f)] -> name: SelectIt]
2020/07/14 19:09:51:473  INFO com.sinosoft.test.base.TestBase:144 - RunJavaScript:[[InternetExplorerDriver: internet explorer on WINDOWS (9801e082-3848-437e-ad69-11e9782ba90f)] -> name: SelectIt]	arguments[0].click();
2020/07/14 19:09:52:230 DEBUG com.sinosoft.test.base.TestBase:272 - 系统窗口【黄河财险业务系统】with handle -76089240-cb81-4675-9b96-6bc31b738c48
2020/07/14 19:09:57:286 DEBUG com.sinosoft.test.base.TestBase:76 - Trying to find Element By : By.xpath: //table[@id='ItemPropertyDetailKind']/tbody/tr/td/input[@name='GuItemKindShortRateFlag']
2020/07/14 19:09:57:330 DEBUG com.sinosoft.test.base.TestBase:80 - Found Element By : By.xpath: //table[@id='ItemPropertyDetailKind']/tbody/tr/td/input[@name='GuItemKindShortRateFlag']
2020/07/14 19:09:57:331 DEBUG com.sinosoft.test.base.TestBase:49 - CodeSelect:设置完毕[[InternetExplorerDriver: internet explorer on WINDOWS (9801e082-3848-437e-ad69-11e9782ba90f)] -> xpath: //table[@id='ItemPropertyDetailKind']/tbody/tr/td/input[@name='GuItemKindShortRateFlag']] & Code=2
2020/07/14 19:09:57:331 DEBUG com.sinosoft.test.base.TestBase:76 - Trying to find Element By : By.xpath: //table[@id='ItemPropertyDetailKind']/tbody/tr/td/input[@name='GuItemKindGrossPremium']
2020/07/14 19:09:57:358 DEBUG com.sinosoft.test.base.TestBase:80 - Found Element By : By.xpath: //table[@id='ItemPropertyDetailKind']/tbody/tr/td/input[@name='GuItemKindGrossPremium']
2020/07/14 19:09:57:360  INFO com.sinosoft.test.base.TestBase:388 - setEditboxTValue:[[InternetExplorerDriver: internet explorer on WINDOWS (9801e082-3848-437e-ad69-11e9782ba90f)] -> xpath: //table[@id='ItemPropertyDetailKind']/tbody/tr/td/input[@name='GuItemKindGrossPremium']]->400
2020/07/14 19:09:57:360 DEBUG com.sinosoft.test.base.TestBase:76 - Trying to find Element By : By.xpath: //table[@id='ItemPropertyDetailKind']/tbody/tr/td/input[@name='GuItemKindGrossPremium']
2020/07/14 19:09:57:421 DEBUG com.sinosoft.test.base.TestBase:80 - Found Element By : By.xpath: //table[@id='ItemPropertyDetailKind']/tbody/tr/td/input[@name='GuItemKindGrossPremium']
2020/07/14 19:09:57:827 DEBUG com.sinosoft.test.base.TestBase:76 - Trying to find Element By : By.xpath: //table[@id='ItemPropertyDetailKind']/tbody/tr/td/input[@name='GuItemKindGrossPremium']
2020/07/14 19:09:57:863 DEBUG com.sinosoft.test.base.TestBase:80 - Found Element By : By.xpath: //table[@id='ItemPropertyDetailKind']/tbody/tr/td/input[@name='GuItemKindGrossPremium']
2020/07/14 19:10:03:292 DEBUG com.sinosoft.test.base.TestBase:234 - 开始录入营业中断险！
2020/07/14 19:10:03:292 DEBUG com.sinosoft.test.base.TestBase:76 - Trying to find Element By : By.id: ItemPropertyItem1105
2020/07/14 19:10:03:374 DEBUG com.sinosoft.test.base.TestBase:80 - Found Element By : By.id: ItemPropertyItem1105
2020/07/14 19:10:03:374  INFO com.sinosoft.test.base.TestBase:406 - clickElement:[[InternetExplorerDriver: internet explorer on WINDOWS (9801e082-3848-437e-ad69-11e9782ba90f)] -> id: ItemPropertyItem1105]
2020/07/14 19:10:03:374 DEBUG com.sinosoft.test.base.TestBase:76 - Trying to find Element By : By.id: ItemPropertyItem1105
2020/07/14 19:10:03:457 DEBUG com.sinosoft.test.base.TestBase:80 - Found Element By : By.id: ItemPropertyItem1105
2020/07/14 19:10:03:457 DEBUG com.sinosoft.test.base.TestBase:42 - Trying to click on: [[InternetExplorerDriver: internet explorer on WINDOWS (9801e082-3848-437e-ad69-11e9782ba90f)] -> id: ItemPropertyItem1105]
2020/07/14 19:10:04:691 DEBUG com.sinosoft.test.base.TestBase:46 - Clicked on: [[InternetExplorerDriver: internet explorer on WINDOWS (9801e082-3848-437e-ad69-11e9782ba90f)] -> id: ItemPropertyItem1105]
2020/07/14 19:10:04:692 DEBUG com.sinosoft.test.base.TestBase:76 - Trying to find Element By : By.name: GuItemDynamic0105FieldBG
2020/07/14 19:10:04:759 DEBUG com.sinosoft.test.base.TestBase:80 - Found Element By : By.name: GuItemDynamic0105FieldBG
2020/07/14 19:10:04:759  INFO com.sinosoft.test.base.TestBase:360 - setEditboxValue:[[InternetExplorerDriver: internet explorer on WINDOWS (9801e082-3848-437e-ad69-11e9782ba90f)] -> name: GuItemDynamic0105FieldBG]：24
2020/07/14 19:10:04:759 DEBUG com.sinosoft.test.base.TestBase:76 - Trying to find Element By : By.name: GuItemDynamic0105FieldBG
2020/07/14 19:10:04:827 DEBUG com.sinosoft.test.base.TestBase:80 - Found Element By : By.name: GuItemDynamic0105FieldBG
2020/07/14 19:10:05:082 DEBUG com.sinosoft.test.base.TestBase:76 - Trying to find Element By : By.name: GuItemDynamic0105FieldBG
2020/07/14 19:10:05:143 DEBUG com.sinosoft.test.base.TestBase:80 - Found Element By : By.name: GuItemDynamic0105FieldBG
2020/07/14 19:10:05:504 DEBUG com.sinosoft.test.base.TestBase:76 - Trying to find Element By : By.name: GuItemDynamic0105FieldBG
2020/07/14 19:10:05:550 DEBUG com.sinosoft.test.base.TestBase:80 - Found Element By : By.name: GuItemDynamic0105FieldBG
2020/07/14 19:10:05:551  INFO com.sinosoft.test.base.TestBase:363 - setEditboxValue—End:[[InternetExplorerDriver: internet explorer on WINDOWS (9801e082-3848-437e-ad69-11e9782ba90f)] -> name: GuItemDynamic0105FieldBG]：24
2020/07/14 19:10:05:552 DEBUG com.sinosoft.test.base.TestBase:76 - Trying to find Element By : By.name: GuItemDynamic0105FieldBF
2020/07/14 19:10:05:610 DEBUG com.sinosoft.test.base.TestBase:80 - Found Element By : By.name: GuItemDynamic0105FieldBF
2020/07/14 19:10:05:647 DEBUG com.sinosoft.test.base.TestBase:76 - Trying to find Element By : By.name: GuItemDynamic0105FieldBF
2020/07/14 19:10:05:731 DEBUG com.sinosoft.test.base.TestBase:80 - Found Element By : By.name: GuItemDynamic0105FieldBF
2020/07/14 19:10:05:731 DEBUG com.sinosoft.test.base.TestBase:63 - SetCodeEditBox:开始设置:[[InternetExplorerDriver: internet explorer on WINDOWS (9801e082-3848-437e-ad69-11e9782ba90f)] -> name: GuItemDynamic0105FieldBF] & Code=6000000
2020/07/14 19:10:05:731 DEBUG com.sinosoft.test.base.TestBase:76 - Trying to find Element By : By.name: GuItemDynamic0105FieldBF
2020/07/14 19:10:05:793 DEBUG com.sinosoft.test.base.TestBase:80 - Found Element By : By.name: GuItemDynamic0105FieldBF
2020/07/14 19:10:06:101 DEBUG com.sinosoft.test.base.TestBase:76 - Trying to find Element By : By.name: GuItemDynamic0105FieldBF
2020/07/14 19:10:06:180 DEBUG com.sinosoft.test.base.TestBase:80 - Found Element By : By.name: GuItemDynamic0105FieldBF
2020/07/14 19:10:06:853 DEBUG com.sinosoft.test.base.TestBase:76 - Trying to find Element By : By.name: GuItemDynamic0105FieldBF
2020/07/14 19:10:06:923 DEBUG com.sinosoft.test.base.TestBase:80 - Found Element By : By.name: GuItemDynamic0105FieldBF
2020/07/14 19:10:06:923 DEBUG com.sinosoft.test.base.TestBase:76 - Trying to find Element By : By.xpath: ../input[last()]
2020/07/14 19:10:06:979 DEBUG com.sinosoft.test.base.TestBase:80 - Found Element By : By.xpath: ../input[last()]
2020/07/14 19:10:07:088  INFO com.sinosoft.test.base.TestBase:71 - SetCodeEditBox:找到了Code对应的文本显示框并点击触发显示:GuItemDynamic0105FieldBF
2020/07/14 19:10:07:088 DEBUG com.sinosoft.test.base.TestBase:42 - Trying to click on: [[[[InternetExplorerDriver: internet explorer on WINDOWS (9801e082-3848-437e-ad69-11e9782ba90f)] -> name: GuItemDynamic0105FieldBF]] -> xpath: ../input[last()]]
2020/07/14 19:10:08:145 DEBUG com.sinosoft.test.base.TestBase:46 - Clicked on: [[[[InternetExplorerDriver: internet explorer on WINDOWS (9801e082-3848-437e-ad69-11e9782ba90f)] -> name: GuItemDynamic0105FieldBF]] -> xpath: ../input[last()]]
2020/07/14 19:10:08:346 DEBUG com.sinosoft.test.base.TestBase:76 - Trying to find Element By : By.name: GuItemDynamic0105FieldBF
2020/07/14 19:10:08:407 DEBUG com.sinosoft.test.base.TestBase:80 - Found Element By : By.name: GuItemDynamic0105FieldBF
2020/07/14 19:10:08:407 DEBUG com.sinosoft.test.base.TestBase:87 - SetCodeEditBox:设置完毕[[InternetExplorerDriver: internet explorer on WINDOWS (9801e082-3848-437e-ad69-11e9782ba90f)] -> name: GuItemDynamic0105FieldBF],设置值 Code=6000000
2020/07/14 19:10:08:407 DEBUG com.sinosoft.test.base.TestBase:76 - Trying to find Element By : By.name: GuItemDynamic0105FieldBE
2020/07/14 19:10:08:465 DEBUG com.sinosoft.test.base.TestBase:80 - Found Element By : By.name: GuItemDynamic0105FieldBE
2020/07/14 19:10:08:494 DEBUG com.sinosoft.test.base.TestBase:76 - Trying to find Element By : By.name: GuItemDynamic0105FieldBE
2020/07/14 19:10:08:566 DEBUG com.sinosoft.test.base.TestBase:80 - Found Element By : By.name: GuItemDynamic0105FieldBE
2020/07/14 19:10:08:566 DEBUG com.sinosoft.test.base.TestBase:63 - SetCodeEditBox:开始设置:[[InternetExplorerDriver: internet explorer on WINDOWS (9801e082-3848-437e-ad69-11e9782ba90f)] -> name: GuItemDynamic0105FieldBE] & Code=20000000
2020/07/14 19:10:08:567 DEBUG com.sinosoft.test.base.TestBase:76 - Trying to find Element By : By.name: GuItemDynamic0105FieldBE
2020/07/14 19:10:08:626 DEBUG com.sinosoft.test.base.TestBase:80 - Found Element By : By.name: GuItemDynamic0105FieldBE
2020/07/14 19:10:08:881 DEBUG com.sinosoft.test.base.TestBase:76 - Trying to find Element By : By.name: GuItemDynamic0105FieldBE
2020/07/14 19:10:08:953 DEBUG com.sinosoft.test.base.TestBase:80 - Found Element By : By.name: GuItemDynamic0105FieldBE
2020/07/14 19:10:09:540 DEBUG com.sinosoft.test.base.TestBase:76 - Trying to find Element By : By.name: GuItemDynamic0105FieldBE
2020/07/14 19:10:09:587 DEBUG com.sinosoft.test.base.TestBase:80 - Found Element By : By.name: GuItemDynamic0105FieldBE
2020/07/14 19:10:09:587 DEBUG com.sinosoft.test.base.TestBase:76 - Trying to find Element By : By.xpath: ../input[last()]
2020/07/14 19:10:09:644 DEBUG com.sinosoft.test.base.TestBase:80 - Found Element By : By.xpath: ../input[last()]
2020/07/14 19:10:09:769  INFO com.sinosoft.test.base.TestBase:71 - SetCodeEditBox:找到了Code对应的文本显示框并点击触发显示:GuItemDynamic0105FieldBE
2020/07/14 19:10:09:769 DEBUG com.sinosoft.test.base.TestBase:42 - Trying to click on: [[[[InternetExplorerDriver: internet explorer on WINDOWS (9801e082-3848-437e-ad69-11e9782ba90f)] -> name: GuItemDynamic0105FieldBE]] -> xpath: ../input[last()]]
2020/07/14 19:10:10:865 DEBUG com.sinosoft.test.base.TestBase:46 - Clicked on: [[[[InternetExplorerDriver: internet explorer on WINDOWS (9801e082-3848-437e-ad69-11e9782ba90f)] -> name: GuItemDynamic0105FieldBE]] -> xpath: ../input[last()]]
2020/07/14 19:10:11:066 DEBUG com.sinosoft.test.base.TestBase:76 - Trying to find Element By : By.name: GuItemDynamic0105FieldBE
2020/07/14 19:10:11:113 DEBUG com.sinosoft.test.base.TestBase:80 - Found Element By : By.name: GuItemDynamic0105FieldBE
2020/07/14 19:10:11:114 DEBUG com.sinosoft.test.base.TestBase:87 - SetCodeEditBox:设置完毕[[InternetExplorerDriver: internet explorer on WINDOWS (9801e082-3848-437e-ad69-11e9782ba90f)] -> name: GuItemDynamic0105FieldBE],设置值 Code=20000000
2020/07/14 19:10:11:114 DEBUG com.sinosoft.test.base.TestBase:76 - Trying to find Element By : By.id: ItemPropertyDetail0105
2020/07/14 19:10:11:197 DEBUG com.sinosoft.test.base.TestBase:80 - Found Element By : By.id: ItemPropertyDetail0105
2020/07/14 19:10:11:198 DEBUG com.sinosoft.test.base.TestBase:76 - Trying to find Element By : By.name: GuItemPropertyDetail0105ItemDetailCode
2020/07/14 19:10:11:247 DEBUG com.sinosoft.test.base.TestBase:80 - Found Element By : By.name: GuItemPropertyDetail0105ItemDetailCode
2020/07/14 19:10:11:248 DEBUG com.sinosoft.test.base.TestBase:76 - Trying to find Element By : By.id: ItemPropertyDetail0105
2020/07/14 19:10:11:321 DEBUG com.sinosoft.test.base.TestBase:80 - Found Element By : By.id: ItemPropertyDetail0105
2020/07/14 19:10:11:321 DEBUG com.sinosoft.test.base.TestBase:76 - Trying to find Element By : By.name: GuItemPropertyDetail0105ItemDetailList
2020/07/14 19:10:11:366 DEBUG com.sinosoft.test.base.TestBase:80 - Found Element By : By.name: GuItemPropertyDetail0105ItemDetailList
2020/07/14 19:10:11:390 DEBUG com.sinosoft.test.base.TestBase:42 - CodeSelect:开始设置[[[[InternetExplorerDriver: internet explorer on WINDOWS (9801e082-3848-437e-ad69-11e9782ba90f)] -> id: ItemPropertyDetail0105]] -> name: GuItemPropertyDetail0105ItemDetailCode] & Code=010056
2020/07/14 19:10:12:531 DEBUG com.sinosoft.test.base.TestBase:272 - 系统窗口【黄河财险业务系统】with handle -76089240-cb81-4675-9b96-6bc31b738c48
2020/07/14 19:10:13:191 DEBUG com.sinosoft.test.base.TestBase:272 - 系统窗口【黄河财险业务系统】with handle -76089240-cb81-4675-9b96-6bc31b738c48
2020/07/14 19:10:13:821 DEBUG com.sinosoft.test.base.TestBase:272 - 系统窗口【Code Select】with handle -94a3612b-8d2a-49d0-85ec-11f37add6fe5
2020/07/14 19:10:14:334 DEBUG com.sinosoft.test.base.TestBase:69 - 初始化class com.sinosoft.test.fccp.common.CodeSelectPage
2020/07/14 19:10:14:334 DEBUG com.sinosoft.test.base.TestBase:39 - 基础码表选择！
2020/07/14 19:10:14:334 DEBUG com.sinosoft.test.base.TestBase:76 - Trying to find Element By : By.name: fieldValue
2020/07/14 19:10:14:605 DEBUG com.sinosoft.test.base.TestBase:80 - Found Element By : By.name: fieldValue
2020/07/14 19:10:14:605  INFO com.sinosoft.test.base.TestBase:360 - setEditboxValue:[[InternetExplorerDriver: internet explorer on WINDOWS (9801e082-3848-437e-ad69-11e9782ba90f)] -> name: fieldValue]：010056
2020/07/14 19:10:15:695  INFO com.sinosoft.test.base.TestBase:363 - setEditboxValue—End:[[InternetExplorerDriver: internet explorer on WINDOWS (9801e082-3848-437e-ad69-11e9782ba90f)] -> name: fieldValue]：010056
2020/07/14 19:10:15:696 DEBUG com.sinosoft.test.base.TestBase:76 - Trying to find Element By : By.xpath: //input[@value='查询(Q)']
2020/07/14 19:10:15:980 DEBUG com.sinosoft.test.base.TestBase:80 - Found Element By : By.xpath: //input[@value='查询(Q)']
2020/07/14 19:10:15:981  INFO com.sinosoft.test.base.TestBase:402 - clickButton:[[InternetExplorerDriver: internet explorer on WINDOWS (9801e082-3848-437e-ad69-11e9782ba90f)] -> xpath: //input[@value='查询(Q)']]
2020/07/14 19:10:15:981 DEBUG com.sinosoft.test.base.TestBase:42 - Trying to click on: [[InternetExplorerDriver: internet explorer on WINDOWS (9801e082-3848-437e-ad69-11e9782ba90f)] -> xpath: //input[@value='查询(Q)']]
2020/07/14 19:10:17:528 DEBUG com.sinosoft.test.base.TestBase:46 - Clicked on: [[InternetExplorerDriver: internet explorer on WINDOWS (9801e082-3848-437e-ad69-11e9782ba90f)] -> xpath: //input[@value='查询(Q)']]
2020/07/14 19:10:17:528 DEBUG com.sinosoft.test.base.TestBase:76 - Trying to find Element By : By.name: codeselect
2020/07/14 19:10:17:814 DEBUG com.sinosoft.test.base.TestBase:80 - Found Element By : By.name: codeselect
2020/07/14 19:10:17:814  INFO com.sinosoft.test.base.TestBase:132 - setFuzzySelect:[[InternetExplorerDriver: internet explorer on WINDOWS (9801e082-3848-437e-ad69-11e9782ba90f)] -> name: codeselect]->010056
2020/07/14 19:10:18:353 DEBUG com.sinosoft.test.base.TestBase:76 - Trying to find Element By : By.tagName: option
2020/07/14 19:10:18:648 DEBUG com.sinosoft.test.base.TestBase:80 - Found Element By : By.tagName: option
2020/07/14 19:10:18:934  INFO com.sinosoft.test.base.TestBase:142 - 找到匹配【010056】的选项：010056--营业利润
2020/07/14 19:10:18:935 DEBUG com.sinosoft.test.base.TestBase:76 - Trying to find Element By : By.xpath: .//option[normalize-space(.) = "010056--营业利润"]
2020/07/14 19:10:19:250 DEBUG com.sinosoft.test.base.TestBase:80 - Found Element By : By.xpath: .//option[normalize-space(.) = "010056--营业利润"]
2020/07/14 19:10:19:550 DEBUG com.sinosoft.test.base.TestBase:42 - Trying to click on: [[[[InternetExplorerDriver: internet explorer on WINDOWS (9801e082-3848-437e-ad69-11e9782ba90f)] -> name: codeselect]] -> xpath: .//option[normalize-space(.) = "010056--营业利润"]]
2020/07/14 19:10:19:964 DEBUG com.sinosoft.test.base.TestBase:46 - Clicked on: [[[[InternetExplorerDriver: internet explorer on WINDOWS (9801e082-3848-437e-ad69-11e9782ba90f)] -> name: codeselect]] -> xpath: .//option[normalize-space(.) = "010056--营业利润"]]
2020/07/14 19:10:19:965 DEBUG com.sinosoft.test.base.TestBase:151 - setFuzzySelect 结束！
2020/07/14 19:10:19:965 DEBUG com.sinosoft.test.base.TestBase:76 - Trying to find Element By : By.name: SelectIt
2020/07/14 19:10:20:243 DEBUG com.sinosoft.test.base.TestBase:80 - Found Element By : By.name: SelectIt
2020/07/14 19:10:20:244  INFO com.sinosoft.test.base.TestBase:416 - jsClickButton:[[InternetExplorerDriver: internet explorer on WINDOWS (9801e082-3848-437e-ad69-11e9782ba90f)] -> name: SelectIt]
2020/07/14 19:10:20:244  INFO com.sinosoft.test.base.TestBase:144 - RunJavaScript:[[InternetExplorerDriver: internet explorer on WINDOWS (9801e082-3848-437e-ad69-11e9782ba90f)] -> name: SelectIt]	arguments[0].click();
2020/07/14 19:10:20:980 DEBUG com.sinosoft.test.base.TestBase:272 - 系统窗口【黄河财险业务系统】with handle -76089240-cb81-4675-9b96-6bc31b738c48
2020/07/14 19:10:26:368 DEBUG com.sinosoft.test.base.TestBase:49 - CodeSelect:设置完毕[[[[InternetExplorerDriver: internet explorer on WINDOWS (9801e082-3848-437e-ad69-11e9782ba90f)] -> id: ItemPropertyDetail0105]] -> name: GuItemPropertyDetail0105ItemDetailCode] & Code=010056
2020/07/14 19:10:26:369 DEBUG com.sinosoft.test.base.TestBase:76 - Trying to find Element By : By.id: ItemPropertyDetail0105
2020/07/14 19:10:26:416 DEBUG com.sinosoft.test.base.TestBase:80 - Found Element By : By.id: ItemPropertyDetail0105
2020/07/14 19:10:26:417  INFO com.sinosoft.test.base.TestBase:406 - clickElement:[[InternetExplorerDriver: internet explorer on WINDOWS (9801e082-3848-437e-ad69-11e9782ba90f)] -> id: ItemPropertyDetail0105]
2020/07/14 19:10:26:417 DEBUG com.sinosoft.test.base.TestBase:76 - Trying to find Element By : By.id: ItemPropertyDetail0105
2020/07/14 19:10:26:463 DEBUG com.sinosoft.test.base.TestBase:80 - Found Element By : By.id: ItemPropertyDetail0105
2020/07/14 19:10:26:463 DEBUG com.sinosoft.test.base.TestBase:42 - Trying to click on: [[InternetExplorerDriver: internet explorer on WINDOWS (9801e082-3848-437e-ad69-11e9782ba90f)] -> id: ItemPropertyDetail0105]
2020/07/14 19:10:27:483 DEBUG com.sinosoft.test.base.TestBase:46 - Clicked on: [[InternetExplorerDriver: internet explorer on WINDOWS (9801e082-3848-437e-ad69-11e9782ba90f)] -> id: ItemPropertyDetail0105]
2020/07/14 19:10:27:484 DEBUG com.sinosoft.test.base.TestBase:76 - Trying to find Element By : By.id: ItemPropertyDetail0105
2020/07/14 19:10:27:541 DEBUG com.sinosoft.test.base.TestBase:80 - Found Element By : By.id: ItemPropertyDetail0105
2020/07/14 19:10:27:542 DEBUG com.sinosoft.test.base.TestBase:76 - Trying to find Element By : By.name: GuItemKind0105KindCode
2020/07/14 19:10:27:588 DEBUG com.sinosoft.test.base.TestBase:80 - Found Element By : By.name: GuItemKind0105KindCode
2020/07/14 19:10:27:588 DEBUG com.sinosoft.test.base.TestBase:76 - Trying to find Element By : By.id: ItemPropertyDetail0105
2020/07/14 19:10:27:656 DEBUG com.sinosoft.test.base.TestBase:80 - Found Element By : By.id: ItemPropertyDetail0105
2020/07/14 19:10:27:656 DEBUG com.sinosoft.test.base.TestBase:76 - Trying to find Element By : By.name: GuItemKind0105CalculateInd
2020/07/14 19:10:27:682 DEBUG com.sinosoft.test.base.TestBase:80 - Found Element By : By.name: GuItemKind0105CalculateInd
2020/07/14 19:10:27:683 DEBUG com.sinosoft.test.base.TestBase:76 - Trying to find Element By : By.id: ItemPropertyDetail0105
2020/07/14 19:10:27:766 DEBUG com.sinosoft.test.base.TestBase:80 - Found Element By : By.id: ItemPropertyDetail0105
2020/07/14 19:10:27:767 DEBUG com.sinosoft.test.base.TestBase:76 - Trying to find Element By : By.name: GuItemKind0105ValueType
2020/07/14 19:10:27:793 DEBUG com.sinosoft.test.base.TestBase:80 - Found Element By : By.name: GuItemKind0105ValueType
2020/07/14 19:10:27:793 DEBUG com.sinosoft.test.base.TestBase:76 - Trying to find Element By : By.id: ItemPropertyDetail0105
2020/07/14 19:10:27:861 DEBUG com.sinosoft.test.base.TestBase:80 - Found Element By : By.id: ItemPropertyDetail0105
2020/07/14 19:10:27:861 DEBUG com.sinosoft.test.base.TestBase:76 - Trying to find Element By : By.name: GuItemKind0105SumInsured
2020/07/14 19:10:27:895 DEBUG com.sinosoft.test.base.TestBase:80 - Found Element By : By.name: GuItemKind0105SumInsured
2020/07/14 19:10:27:896 DEBUG com.sinosoft.test.base.TestBase:76 - Trying to find Element By : By.id: ItemPropertyDetail0105
2020/07/14 19:10:27:972 DEBUG com.sinosoft.test.base.TestBase:80 - Found Element By : By.id: ItemPropertyDetail0105
2020/07/14 19:10:27:972 DEBUG com.sinosoft.test.base.TestBase:76 - Trying to find Element By : By.name: GuItemKind0105Rate
2020/07/14 19:10:28:019 DEBUG com.sinosoft.test.base.TestBase:80 - Found Element By : By.name: GuItemKind0105Rate
2020/07/14 19:10:28:019 DEBUG com.sinosoft.test.base.TestBase:76 - Trying to find Element By : By.id: ItemPropertyDetail0105
2020/07/14 19:10:28:088 DEBUG com.sinosoft.test.base.TestBase:80 - Found Element By : By.id: ItemPropertyDetail0105
2020/07/14 19:10:28:089 DEBUG com.sinosoft.test.base.TestBase:76 - Trying to find Element By : By.name: GuItemKind0105ShortRateFlag
2020/07/14 19:10:28:136 DEBUG com.sinosoft.test.base.TestBase:80 - Found Element By : By.name: GuItemKind0105ShortRateFlag
2020/07/14 19:10:28:137 DEBUG com.sinosoft.test.base.TestBase:76 - Trying to find Element By : By.id: ItemPropertyDetail0105
2020/07/14 19:10:28:216 DEBUG com.sinosoft.test.base.TestBase:80 - Found Element By : By.id: ItemPropertyDetail0105
2020/07/14 19:10:28:218 DEBUG com.sinosoft.test.base.TestBase:76 - Trying to find Element By : By.name: GuItemKind0105GrossPremium
2020/07/14 19:10:28:277 DEBUG com.sinosoft.test.base.TestBase:80 - Found Element By : By.name: GuItemKind0105GrossPremium
2020/07/14 19:10:28:316 DEBUG com.sinosoft.test.base.TestBase:42 - CodeSelect:开始设置[[[[InternetExplorerDriver: internet explorer on WINDOWS (9801e082-3848-437e-ad69-11e9782ba90f)] -> id: ItemPropertyDetail0105]] -> name: GuItemKind0105KindCode] & Code=0105001
2020/07/14 19:10:29:471 DEBUG com.sinosoft.test.base.TestBase:272 - 系统窗口【黄河财险业务系统】with handle -76089240-cb81-4675-9b96-6bc31b738c48
2020/07/14 19:10:30:128 DEBUG com.sinosoft.test.base.TestBase:272 - 系统窗口【黄河财险业务系统】with handle -76089240-cb81-4675-9b96-6bc31b738c48
2020/07/14 19:10:30:759 DEBUG com.sinosoft.test.base.TestBase:272 - 系统窗口【Code Select】with handle -ff6363f1-cd80-4865-8939-608a0df2d25f
2020/07/14 19:10:31:271 DEBUG com.sinosoft.test.base.TestBase:69 - 初始化class com.sinosoft.test.fccp.common.CodeSelectPage
2020/07/14 19:10:31:271 DEBUG com.sinosoft.test.base.TestBase:39 - 基础码表选择！
2020/07/14 19:10:31:271 DEBUG com.sinosoft.test.base.TestBase:76 - Trying to find Element By : By.name: fieldValue
2020/07/14 19:10:31:541 DEBUG com.sinosoft.test.base.TestBase:80 - Found Element By : By.name: fieldValue
2020/07/14 19:10:31:541  INFO com.sinosoft.test.base.TestBase:360 - setEditboxValue:[[InternetExplorerDriver: internet explorer on WINDOWS (9801e082-3848-437e-ad69-11e9782ba90f)] -> name: fieldValue]：0105001
2020/07/14 19:10:32:683  INFO com.sinosoft.test.base.TestBase:363 - setEditboxValue—End:[[InternetExplorerDriver: internet explorer on WINDOWS (9801e082-3848-437e-ad69-11e9782ba90f)] -> name: fieldValue]：0105001
2020/07/14 19:10:32:683 DEBUG com.sinosoft.test.base.TestBase:76 - Trying to find Element By : By.xpath: //input[@value='查询(Q)']
2020/07/14 19:10:32:966 DEBUG com.sinosoft.test.base.TestBase:80 - Found Element By : By.xpath: //input[@value='查询(Q)']
2020/07/14 19:10:32:967  INFO com.sinosoft.test.base.TestBase:402 - clickButton:[[InternetExplorerDriver: internet explorer on WINDOWS (9801e082-3848-437e-ad69-11e9782ba90f)] -> xpath: //input[@value='查询(Q)']]
2020/07/14 19:10:32:967 DEBUG com.sinosoft.test.base.TestBase:42 - Trying to click on: [[InternetExplorerDriver: internet explorer on WINDOWS (9801e082-3848-437e-ad69-11e9782ba90f)] -> xpath: //input[@value='查询(Q)']]
2020/07/14 19:10:34:516 DEBUG com.sinosoft.test.base.TestBase:46 - Clicked on: [[InternetExplorerDriver: internet explorer on WINDOWS (9801e082-3848-437e-ad69-11e9782ba90f)] -> xpath: //input[@value='查询(Q)']]
2020/07/14 19:10:34:517 DEBUG com.sinosoft.test.base.TestBase:76 - Trying to find Element By : By.name: codeselect
2020/07/14 19:10:34:802 DEBUG com.sinosoft.test.base.TestBase:80 - Found Element By : By.name: codeselect
2020/07/14 19:10:34:802  INFO com.sinosoft.test.base.TestBase:132 - setFuzzySelect:[[InternetExplorerDriver: internet explorer on WINDOWS (9801e082-3848-437e-ad69-11e9782ba90f)] -> name: codeselect]->0105001
2020/07/14 19:10:35:336 DEBUG com.sinosoft.test.base.TestBase:76 - Trying to find Element By : By.tagName: option
2020/07/14 19:10:35:632 DEBUG com.sinosoft.test.base.TestBase:80 - Found Element By : By.tagName: option
2020/07/14 19:10:35:923  INFO com.sinosoft.test.base.TestBase:142 - 找到匹配【0105001】的选项：0105001--营业中断保险（2018版）条款
2020/07/14 19:10:35:926 DEBUG com.sinosoft.test.base.TestBase:76 - Trying to find Element By : By.xpath: .//option[normalize-space(.) = "0105001--营业中断保险（2018版）条款"]
2020/07/14 19:10:36:231 DEBUG com.sinosoft.test.base.TestBase:80 - Found Element By : By.xpath: .//option[normalize-space(.) = "0105001--营业中断保险（2018版）条款"]
2020/07/14 19:10:36:519 DEBUG com.sinosoft.test.base.TestBase:42 - Trying to click on: [[[[InternetExplorerDriver: internet explorer on WINDOWS (9801e082-3848-437e-ad69-11e9782ba90f)] -> name: codeselect]] -> xpath: .//option[normalize-space(.) = "0105001--营业中断保险（2018版）条款"]]
2020/07/14 19:10:36:935 DEBUG com.sinosoft.test.base.TestBase:46 - Clicked on: [[[[InternetExplorerDriver: internet explorer on WINDOWS (9801e082-3848-437e-ad69-11e9782ba90f)] -> name: codeselect]] -> xpath: .//option[normalize-space(.) = "0105001--营业中断保险（2018版）条款"]]
2020/07/14 19:10:36:936 DEBUG com.sinosoft.test.base.TestBase:151 - setFuzzySelect 结束！
2020/07/14 19:10:36:936 DEBUG com.sinosoft.test.base.TestBase:76 - Trying to find Element By : By.name: SelectIt
2020/07/14 19:10:37:215 DEBUG com.sinosoft.test.base.TestBase:80 - Found Element By : By.name: SelectIt
2020/07/14 19:10:37:216  INFO com.sinosoft.test.base.TestBase:416 - jsClickButton:[[InternetExplorerDriver: internet explorer on WINDOWS (9801e082-3848-437e-ad69-11e9782ba90f)] -> name: SelectIt]
2020/07/14 19:10:37:216  INFO com.sinosoft.test.base.TestBase:144 - RunJavaScript:[[InternetExplorerDriver: internet explorer on WINDOWS (9801e082-3848-437e-ad69-11e9782ba90f)] -> name: SelectIt]	arguments[0].click();
2020/07/14 19:10:38:000 DEBUG com.sinosoft.test.base.TestBase:272 - 系统窗口【黄河财险业务系统】with handle -76089240-cb81-4675-9b96-6bc31b738c48
2020/07/14 19:10:43:066 DEBUG com.sinosoft.test.base.TestBase:49 - CodeSelect:设置完毕[[[[InternetExplorerDriver: internet explorer on WINDOWS (9801e082-3848-437e-ad69-11e9782ba90f)] -> id: ItemPropertyDetail0105]] -> name: GuItemKind0105KindCode] & Code=0105001
2020/07/14 19:10:43:094  INFO com.sinosoft.test.base.TestBase:96 - setSelectWithStartText:[[[[InternetExplorerDriver: internet explorer on WINDOWS (9801e082-3848-437e-ad69-11e9782ba90f)] -> id: ItemPropertyDetail0105]] -> name: GuItemKind0105ValueType]->18
2020/07/14 19:10:43:148 DEBUG com.sinosoft.test.base.TestBase:76 - Trying to find Element By : By.tagName: option
2020/07/14 19:10:43:289 DEBUG com.sinosoft.test.base.TestBase:80 - Found Element By : By.tagName: option
2020/07/14 19:10:43:820  INFO com.sinosoft.test.base.TestBase:114 - 找到匹配【18】的选项：18-估价
2020/07/14 19:10:43:821 DEBUG com.sinosoft.test.base.TestBase:76 - Trying to find Element By : By.xpath: .//option[normalize-space(.) = "18-估价"]
2020/07/14 19:10:43:903 DEBUG com.sinosoft.test.base.TestBase:80 - Found Element By : By.xpath: .//option[normalize-space(.) = "18-估价"]
2020/07/14 19:10:43:928 DEBUG com.sinosoft.test.base.TestBase:42 - Trying to click on: [[[[[[InternetExplorerDriver: internet explorer on WINDOWS (9801e082-3848-437e-ad69-11e9782ba90f)] -> id: ItemPropertyDetail0105]] -> name: GuItemKind0105ValueType]] -> xpath: .//option[normalize-space(.) = "18-估价"]]
2020/07/14 19:10:44:160 DEBUG com.sinosoft.test.base.TestBase:46 - Clicked on: [[[[[[InternetExplorerDriver: internet explorer on WINDOWS (9801e082-3848-437e-ad69-11e9782ba90f)] -> id: ItemPropertyDetail0105]] -> name: GuItemKind0105ValueType]] -> xpath: .//option[normalize-space(.) = "18-估价"]]
2020/07/14 19:10:44:160 DEBUG com.sinosoft.test.base.TestBase:123 - setSelectWithStartText 结束！
2020/07/14 19:10:44:160  INFO com.sinosoft.test.base.TestBase:360 - setEditboxValue:[[[[InternetExplorerDriver: internet explorer on WINDOWS (9801e082-3848-437e-ad69-11e9782ba90f)] -> id: ItemPropertyDetail0105]] -> name: GuItemKind0105SumInsured]：200000
2020/07/14 19:10:44:894  INFO com.sinosoft.test.base.TestBase:363 - setEditboxValue—End:[[[[InternetExplorerDriver: internet explorer on WINDOWS (9801e082-3848-437e-ad69-11e9782ba90f)] -> id: ItemPropertyDetail0105]] -> name: GuItemKind0105SumInsured]：200000
2020/07/14 19:10:44:894  INFO com.sinosoft.test.base.TestBase:388 - setEditboxTValue:[[[[InternetExplorerDriver: internet explorer on WINDOWS (9801e082-3848-437e-ad69-11e9782ba90f)] -> id: ItemPropertyDetail0105]] -> name: GuItemKind0105Rate]->3
2020/07/14 19:10:50:591  INFO com.sinosoft.test.base.TestBase:388 - setEditboxTValue:[[[[InternetExplorerDriver: internet explorer on WINDOWS (9801e082-3848-437e-ad69-11e9782ba90f)] -> id: ItemPropertyDetail0105]] -> name: GuItemKind0105GrossPremium]->4000
2020/07/14 19:10:56:430 DEBUG com.sinosoft.test.base.TestBase:76 - Trying to find Element By : By.id: saveButton
2020/07/14 19:10:56:521 DEBUG com.sinosoft.test.base.TestBase:80 - Found Element By : By.id: saveButton
2020/07/14 19:10:56:521  INFO com.sinosoft.test.base.TestBase:402 - clickButton:[[InternetExplorerDriver: internet explorer on WINDOWS (9801e082-3848-437e-ad69-11e9782ba90f)] -> id: saveButton]
2020/07/14 19:10:56:521 DEBUG com.sinosoft.test.base.TestBase:76 - Trying to find Element By : By.id: saveButton
2020/07/14 19:10:56:578 DEBUG com.sinosoft.test.base.TestBase:80 - Found Element By : By.id: saveButton
2020/07/14 19:10:56:580 DEBUG com.sinosoft.test.base.TestBase:42 - Trying to click on: [[InternetExplorerDriver: internet explorer on WINDOWS (9801e082-3848-437e-ad69-11e9782ba90f)] -> id: saveButton]
2020/07/14 19:10:57:834 DEBUG com.sinosoft.test.base.TestBase:46 - Clicked on: [[InternetExplorerDriver: internet explorer on WINDOWS (9801e082-3848-437e-ad69-11e9782ba90f)] -> id: saveButton]
2020/07/14 19:11:01:633 DEBUG com.sinosoft.test.base.TestBase:76 - Trying to find Element By : By.xpath: //td[text()='条款信息']
2020/07/14 19:11:01:679 DEBUG com.sinosoft.test.base.TestBase:80 - Found Element By : By.xpath: //td[text()='条款信息']
2020/07/14 19:11:01:680  INFO com.sinosoft.test.base.TestBase:402 - clickButton:[[InternetExplorerDriver: internet explorer on WINDOWS (9801e082-3848-437e-ad69-11e9782ba90f)] -> xpath: //td[text()='条款信息']]
2020/07/14 19:11:01:680 DEBUG com.sinosoft.test.base.TestBase:42 - Trying to click on: [[InternetExplorerDriver: internet explorer on WINDOWS (9801e082-3848-437e-ad69-11e9782ba90f)] -> xpath: //td[text()='条款信息']]
2020/07/14 19:11:04:021 DEBUG com.sinosoft.test.base.TestBase:46 - Clicked on: [[InternetExplorerDriver: internet explorer on WINDOWS (9801e082-3848-437e-ad69-11e9782ba90f)] -> xpath: //td[text()='条款信息']]
2020/07/14 19:11:08:924 DEBUG com.sinosoft.test.base.TestBase:69 - 初始化class com.sinosoft.test.fccp.tbcl.RiskDetail_TermsPage
2020/07/14 19:11:13:764 DEBUG com.sinosoft.test.base.TestBase:76 - Trying to find Element By : By.id: saveButton
2020/07/14 19:11:13:812 DEBUG com.sinosoft.test.base.TestBase:80 - Found Element By : By.id: saveButton
2020/07/14 19:11:13:812  INFO com.sinosoft.test.base.TestBase:402 - clickButton:[[InternetExplorerDriver: internet explorer on WINDOWS (9801e082-3848-437e-ad69-11e9782ba90f)] -> id: saveButton]
2020/07/14 19:11:13:812 DEBUG com.sinosoft.test.base.TestBase:76 - Trying to find Element By : By.id: saveButton
2020/07/14 19:11:13:847 DEBUG com.sinosoft.test.base.TestBase:80 - Found Element By : By.id: saveButton
2020/07/14 19:11:13:848 DEBUG com.sinosoft.test.base.TestBase:42 - Trying to click on: [[InternetExplorerDriver: internet explorer on WINDOWS (9801e082-3848-437e-ad69-11e9782ba90f)] -> id: saveButton]
2020/07/14 19:11:14:904 DEBUG com.sinosoft.test.base.TestBase:46 - Clicked on: [[InternetExplorerDriver: internet explorer on WINDOWS (9801e082-3848-437e-ad69-11e9782ba90f)] -> id: saveButton]
2020/07/14 19:11:17:385 DEBUG com.sinosoft.test.base.TestBase:76 - Trying to find Element By : By.xpath: //td[text()='联共保信息']
2020/07/14 19:11:17:420 DEBUG com.sinosoft.test.base.TestBase:80 - Found Element By : By.xpath: //td[text()='联共保信息']
2020/07/14 19:11:17:421  INFO com.sinosoft.test.base.TestBase:402 - clickButton:[[InternetExplorerDriver: internet explorer on WINDOWS (9801e082-3848-437e-ad69-11e9782ba90f)] -> xpath: //td[text()='联共保信息']]
2020/07/14 19:11:17:421 DEBUG com.sinosoft.test.base.TestBase:42 - Trying to click on: [[InternetExplorerDriver: internet explorer on WINDOWS (9801e082-3848-437e-ad69-11e9782ba90f)] -> xpath: //td[text()='联共保信息']]
2020/07/14 19:11:19:480 DEBUG com.sinosoft.test.base.TestBase:46 - Clicked on: [[InternetExplorerDriver: internet explorer on WINDOWS (9801e082-3848-437e-ad69-11e9782ba90f)] -> xpath: //td[text()='联共保信息']]
2020/07/14 19:11:24:245 DEBUG com.sinosoft.test.base.TestBase:69 - 初始化class com.sinosoft.test.fccp.tbcl.RiskDetail_CoInsuredPage
2020/07/14 19:11:29:075 DEBUG com.sinosoft.test.base.TestBase:76 - Trying to find Element By : By.xpath: //table[@id='Coinsurance']/tbody/tr[last()]/td/p/input[@name='buttonCoinsuranceDetailInfo']
2020/07/14 19:11:29:121 DEBUG com.sinosoft.test.base.TestBase:80 - Found Element By : By.xpath: //table[@id='Coinsurance']/tbody/tr[last()]/td/p/input[@name='buttonCoinsuranceDetailInfo']
2020/07/14 19:11:29:121  INFO com.sinosoft.test.base.TestBase:416 - jsClickButton:[[InternetExplorerDriver: internet explorer on WINDOWS (9801e082-3848-437e-ad69-11e9782ba90f)] -> xpath: //table[@id='Coinsurance']/tbody/tr[last()]/td/p/input[@name='buttonCoinsuranceDetailInfo']]
2020/07/14 19:11:29:121 DEBUG com.sinosoft.test.base.TestBase:76 - Trying to find Element By : By.xpath: //table[@id='Coinsurance']/tbody/tr[last()]/td/p/input[@name='buttonCoinsuranceDetailInfo']
2020/07/14 19:11:29:178 DEBUG com.sinosoft.test.base.TestBase:80 - Found Element By : By.xpath: //table[@id='Coinsurance']/tbody/tr[last()]/td/p/input[@name='buttonCoinsuranceDetailInfo']
2020/07/14 19:11:29:178  INFO com.sinosoft.test.base.TestBase:144 - RunJavaScript:[[InternetExplorerDriver: internet explorer on WINDOWS (9801e082-3848-437e-ad69-11e9782ba90f)] -> xpath: //table[@id='Coinsurance']/tbody/tr[last()]/td/p/input[@name='buttonCoinsuranceDetailInfo']]	arguments[0].click();
2020/07/14 19:11:29:178 DEBUG com.sinosoft.test.base.TestBase:76 - Trying to find Element By : By.xpath: //table[@id='Coinsurance']/tbody/tr[last()]/td/p/input[@name='buttonCoinsuranceDetailInfo']
2020/07/14 19:11:29:218 DEBUG com.sinosoft.test.base.TestBase:80 - Found Element By : By.xpath: //table[@id='Coinsurance']/tbody/tr[last()]/td/p/input[@name='buttonCoinsuranceDetailInfo']
2020/07/14 19:11:29:254 DEBUG com.sinosoft.test.base.TestBase:76 - Trying to find Element By : By.xpath: //table[@id='Coinsurance']/tbody/tr[last()]/td/span[@id='span_ConinsuranceDetailInfo_SubPage']
2020/07/14 19:11:29:316 DEBUG com.sinosoft.test.base.TestBase:80 - Found Element By : By.xpath: //table[@id='Coinsurance']/tbody/tr[last()]/td/span[@id='span_ConinsuranceDetailInfo_SubPage']
2020/07/14 19:11:29:317 DEBUG com.sinosoft.test.base.TestBase:76 - Trying to find Element By : By.name: GuCoinsuranceCoinsRate
2020/07/14 19:11:29:375 DEBUG com.sinosoft.test.base.TestBase:80 - Found Element By : By.name: GuCoinsuranceCoinsRate
2020/07/14 19:11:29:375 DEBUG com.sinosoft.test.base.TestBase:76 - Trying to find Element By : By.xpath: //table[@id='Coinsurance']/tbody/tr[last()]/td/span[@id='span_ConinsuranceDetailInfo_SubPage']
2020/07/14 19:11:29:423 DEBUG com.sinosoft.test.base.TestBase:80 - Found Element By : By.xpath: //table[@id='Coinsurance']/tbody/tr[last()]/td/span[@id='span_ConinsuranceDetailInfo_SubPage']
2020/07/14 19:11:29:423 DEBUG com.sinosoft.test.base.TestBase:76 - Trying to find Element By : By.name: GuCoinsuranceCoinsPremium
2020/07/14 19:11:29:471 DEBUG com.sinosoft.test.base.TestBase:80 - Found Element By : By.name: GuCoinsuranceCoinsPremium
2020/07/14 19:11:29:471  INFO com.sinosoft.test.base.TestBase:360 - setEditboxValue:[[[[InternetExplorerDriver: internet explorer on WINDOWS (9801e082-3848-437e-ad69-11e9782ba90f)] -> xpath: //table[@id='Coinsurance']/tbody/tr[last()]/td/span[@id='span_ConinsuranceDetailInfo_SubPage']]] -> name: GuCoinsuranceCoinsRate]：60
2020/07/14 19:11:30:127  INFO com.sinosoft.test.base.TestBase:363 - setEditboxValue—End:[[[[InternetExplorerDriver: internet explorer on WINDOWS (9801e082-3848-437e-ad69-11e9782ba90f)] -> xpath: //table[@id='Coinsurance']/tbody/tr[last()]/td/span[@id='span_ConinsuranceDetailInfo_SubPage']]] -> name: GuCoinsuranceCoinsRate]：60
2020/07/14 19:11:30:127  INFO com.sinosoft.test.base.TestBase:406 - clickElement:[[[[InternetExplorerDriver: internet explorer on WINDOWS (9801e082-3848-437e-ad69-11e9782ba90f)] -> xpath: //table[@id='Coinsurance']/tbody/tr[last()]/td/span[@id='span_ConinsuranceDetailInfo_SubPage']]] -> name: GuCoinsuranceCoinsPremium]
2020/07/14 19:11:30:127 DEBUG com.sinosoft.test.base.TestBase:42 - Trying to click on: [[[[InternetExplorerDriver: internet explorer on WINDOWS (9801e082-3848-437e-ad69-11e9782ba90f)] -> xpath: //table[@id='Coinsurance']/tbody/tr[last()]/td/span[@id='span_ConinsuranceDetailInfo_SubPage']]] -> name: GuCoinsuranceCoinsPremium]
2020/07/14 19:11:31:225 DEBUG com.sinosoft.test.base.TestBase:46 - Clicked on: [[[[InternetExplorerDriver: internet explorer on WINDOWS (9801e082-3848-437e-ad69-11e9782ba90f)] -> xpath: //table[@id='Coinsurance']/tbody/tr[last()]/td/span[@id='span_ConinsuranceDetailInfo_SubPage']]] -> name: GuCoinsuranceCoinsPremium]
2020/07/14 19:11:33:225 DEBUG com.sinosoft.test.base.TestBase:76 - Trying to find Element By : By.xpath: //table[@id='Coinsurance']/tbody/tr[last()]/td/span[@id='span_ConinsuranceDetailInfo_SubPage']
2020/07/14 19:11:33:272 DEBUG com.sinosoft.test.base.TestBase:80 - Found Element By : By.xpath: //table[@id='Coinsurance']/tbody/tr[last()]/td/span[@id='span_ConinsuranceDetailInfo_SubPage']
2020/07/14 19:11:33:273 DEBUG com.sinosoft.test.base.TestBase:76 - Trying to find Element By : By.name: button_CoinsuranceDetailInfo_Close
2020/07/14 19:11:33:319 DEBUG com.sinosoft.test.base.TestBase:80 - Found Element By : By.name: button_CoinsuranceDetailInfo_Close
2020/07/14 19:11:33:319  INFO com.sinosoft.test.base.TestBase:402 - clickButton:[[[[InternetExplorerDriver: internet explorer on WINDOWS (9801e082-3848-437e-ad69-11e9782ba90f)] -> xpath: //table[@id='Coinsurance']/tbody/tr[last()]/td/span[@id='span_ConinsuranceDetailInfo_SubPage']]] -> name: button_CoinsuranceDetailInfo_Close]
2020/07/14 19:11:33:319 DEBUG com.sinosoft.test.base.TestBase:42 - Trying to click on: [[[[InternetExplorerDriver: internet explorer on WINDOWS (9801e082-3848-437e-ad69-11e9782ba90f)] -> xpath: //table[@id='Coinsurance']/tbody/tr[last()]/td/span[@id='span_ConinsuranceDetailInfo_SubPage']]] -> name: button_CoinsuranceDetailInfo_Close]
2020/07/14 19:11:34:361 DEBUG com.sinosoft.test.base.TestBase:46 - Clicked on: [[[[InternetExplorerDriver: internet explorer on WINDOWS (9801e082-3848-437e-ad69-11e9782ba90f)] -> xpath: //table[@id='Coinsurance']/tbody/tr[last()]/td/span[@id='span_ConinsuranceDetailInfo_SubPage']]] -> name: button_CoinsuranceDetailInfo_Close]
2020/07/14 19:11:34:361 DEBUG com.sinosoft.test.base.TestBase:58 - 处理完主保方信息
2020/07/14 19:11:34:361 DEBUG com.sinosoft.test.base.TestBase:76 - Trying to find Element By : By.name: buttonProductCoinsuranceAdd
2020/07/14 19:11:34:374 DEBUG com.sinosoft.test.base.TestBase:80 - Found Element By : By.name: buttonProductCoinsuranceAdd
2020/07/14 19:11:34:374  INFO com.sinosoft.test.base.TestBase:416 - jsClickButton:[[InternetExplorerDriver: internet explorer on WINDOWS (9801e082-3848-437e-ad69-11e9782ba90f)] -> name: buttonProductCoinsuranceAdd]
2020/07/14 19:11:34:374 DEBUG com.sinosoft.test.base.TestBase:76 - Trying to find Element By : By.name: buttonProductCoinsuranceAdd
2020/07/14 19:11:34:414 DEBUG com.sinosoft.test.base.TestBase:80 - Found Element By : By.name: buttonProductCoinsuranceAdd
2020/07/14 19:11:34:414  INFO com.sinosoft.test.base.TestBase:144 - RunJavaScript:[[InternetExplorerDriver: internet explorer on WINDOWS (9801e082-3848-437e-ad69-11e9782ba90f)] -> name: buttonProductCoinsuranceAdd]	arguments[0].click();
2020/07/14 19:11:34:414 DEBUG com.sinosoft.test.base.TestBase:76 - Trying to find Element By : By.name: buttonProductCoinsuranceAdd
2020/07/14 19:11:34:464 DEBUG com.sinosoft.test.base.TestBase:80 - Found Element By : By.name: buttonProductCoinsuranceAdd
2020/07/14 19:11:34:521 DEBUG com.sinosoft.test.base.TestBase:61 - 开始处理共保方信息
2020/07/14 19:11:34:521 DEBUG com.sinosoft.test.base.TestBase:76 - Trying to find Element By : By.xpath: //table[@id='Coinsurance']/tbody/tr[last()]/td/p/input[@name='buttonCoinsuranceDetailInfo']
2020/07/14 19:11:34:580 DEBUG com.sinosoft.test.base.TestBase:80 - Found Element By : By.xpath: //table[@id='Coinsurance']/tbody/tr[last()]/td/p/input[@name='buttonCoinsuranceDetailInfo']
2020/07/14 19:11:34:581  INFO com.sinosoft.test.base.TestBase:416 - jsClickButton:[[InternetExplorerDriver: internet explorer on WINDOWS (9801e082-3848-437e-ad69-11e9782ba90f)] -> xpath: //table[@id='Coinsurance']/tbody/tr[last()]/td/p/input[@name='buttonCoinsuranceDetailInfo']]
2020/07/14 19:11:34:581 DEBUG com.sinosoft.test.base.TestBase:76 - Trying to find Element By : By.xpath: //table[@id='Coinsurance']/tbody/tr[last()]/td/p/input[@name='buttonCoinsuranceDetailInfo']
2020/07/14 19:11:34:605 DEBUG com.sinosoft.test.base.TestBase:80 - Found Element By : By.xpath: //table[@id='Coinsurance']/tbody/tr[last()]/td/p/input[@name='buttonCoinsuranceDetailInfo']
2020/07/14 19:11:34:605  INFO com.sinosoft.test.base.TestBase:144 - RunJavaScript:[[InternetExplorerDriver: internet explorer on WINDOWS (9801e082-3848-437e-ad69-11e9782ba90f)] -> xpath: //table[@id='Coinsurance']/tbody/tr[last()]/td/p/input[@name='buttonCoinsuranceDetailInfo']]	arguments[0].click();
2020/07/14 19:11:34:606 DEBUG com.sinosoft.test.base.TestBase:76 - Trying to find Element By : By.xpath: //table[@id='Coinsurance']/tbody/tr[last()]/td/p/input[@name='buttonCoinsuranceDetailInfo']
2020/07/14 19:11:34:664 DEBUG com.sinosoft.test.base.TestBase:80 - Found Element By : By.xpath: //table[@id='Coinsurance']/tbody/tr[last()]/td/p/input[@name='buttonCoinsuranceDetailInfo']
2020/07/14 19:11:36:721 DEBUG com.sinosoft.test.base.TestBase:66 - 打开了共保方的页面
2020/07/14 19:11:36:721 DEBUG com.sinosoft.test.base.TestBase:76 - Trying to find Element By : By.xpath: //table[@id='Coinsurance']/tbody/tr[last()]/td/span[@id='span_ConinsuranceDetailInfo_SubPage']
2020/07/14 19:11:36:783 DEBUG com.sinosoft.test.base.TestBase:80 - Found Element By : By.xpath: //table[@id='Coinsurance']/tbody/tr[last()]/td/span[@id='span_ConinsuranceDetailInfo_SubPage']
2020/07/14 19:11:36:783 DEBUG com.sinosoft.test.base.TestBase:76 - Trying to find Element By : By.name: GuCoinsuranceCoinsCode
2020/07/14 19:11:36:848 DEBUG com.sinosoft.test.base.TestBase:80 - Found Element By : By.name: GuCoinsuranceCoinsCode
2020/07/14 19:11:36:848 DEBUG com.sinosoft.test.base.TestBase:76 - Trying to find Element By : By.xpath: //table[@id='Coinsurance']/tbody/tr[last()]/td/span[@id='span_ConinsuranceDetailInfo_SubPage']
2020/07/14 19:11:36:917 DEBUG com.sinosoft.test.base.TestBase:80 - Found Element By : By.xpath: //table[@id='Coinsurance']/tbody/tr[last()]/td/span[@id='span_ConinsuranceDetailInfo_SubPage']
2020/07/14 19:11:36:917 DEBUG com.sinosoft.test.base.TestBase:76 - Trying to find Element By : By.name: GuCoinsuranceCoinsCodeTwo
2020/07/14 19:11:36:976 DEBUG com.sinosoft.test.base.TestBase:80 - Found Element By : By.name: GuCoinsuranceCoinsCodeTwo
2020/07/14 19:11:36:976 DEBUG com.sinosoft.test.base.TestBase:76 - Trying to find Element By : By.xpath: //table[@id='Coinsurance']/tbody/tr[last()]/td/span[@id='span_ConinsuranceDetailInfo_SubPage']
2020/07/14 19:11:37:034 DEBUG com.sinosoft.test.base.TestBase:80 - Found Element By : By.xpath: //table[@id='Coinsurance']/tbody/tr[last()]/td/span[@id='span_ConinsuranceDetailInfo_SubPage']
2020/07/14 19:11:37:034 DEBUG com.sinosoft.test.base.TestBase:76 - Trying to find Element By : By.name: GuCoinsuranceCoinsCodeThree
2020/07/14 19:11:37:080 DEBUG com.sinosoft.test.base.TestBase:80 - Found Element By : By.name: GuCoinsuranceCoinsCodeThree
2020/07/14 19:11:37:080 DEBUG com.sinosoft.test.base.TestBase:76 - Trying to find Element By : By.xpath: //table[@id='Coinsurance']/tbody/tr[last()]/td/span[@id='span_ConinsuranceDetailInfo_SubPage']
2020/07/14 19:11:37:103 DEBUG com.sinosoft.test.base.TestBase:80 - Found Element By : By.xpath: //table[@id='Coinsurance']/tbody/tr[last()]/td/span[@id='span_ConinsuranceDetailInfo_SubPage']
2020/07/14 19:11:37:103 DEBUG com.sinosoft.test.base.TestBase:76 - Trying to find Element By : By.name: GuCoinsuranceCoinsRate
2020/07/14 19:11:37:172 DEBUG com.sinosoft.test.base.TestBase:80 - Found Element By : By.name: GuCoinsuranceCoinsRate
2020/07/14 19:11:37:172 DEBUG com.sinosoft.test.base.TestBase:76 - Trying to find Element By : By.xpath: //table[@id='Coinsurance']/tbody/tr[last()]/td/span[@id='span_ConinsuranceDetailInfo_SubPage']
2020/07/14 19:11:37:211 DEBUG com.sinosoft.test.base.TestBase:80 - Found Element By : By.xpath: //table[@id='Coinsurance']/tbody/tr[last()]/td/span[@id='span_ConinsuranceDetailInfo_SubPage']
2020/07/14 19:11:37:211 DEBUG com.sinosoft.test.base.TestBase:76 - Trying to find Element By : By.name: CoinsPremiumAcceptInd02
2020/07/14 19:11:37:308 DEBUG com.sinosoft.test.base.TestBase:80 - Found Element By : By.name: CoinsPremiumAcceptInd02
2020/07/14 19:11:37:349 DEBUG com.sinosoft.test.base.TestBase:63 - SetCodeEditBox:开始设置:[[[[InternetExplorerDriver: internet explorer on WINDOWS (9801e082-3848-437e-ad69-11e9782ba90f)] -> xpath: //table[@id='Coinsurance']/tbody/tr[last()]/td/span[@id='span_ConinsuranceDetailInfo_SubPage']]] -> name: GuCoinsuranceCoinsCode] & Code=0001
2020/07/14 19:11:38:242 DEBUG com.sinosoft.test.base.TestBase:76 - Trying to find Element By : By.xpath: ../input[last()]
2020/07/14 19:11:38:276 DEBUG com.sinosoft.test.base.TestBase:80 - Found Element By : By.xpath: ../input[last()]
2020/07/14 19:11:38:429  INFO com.sinosoft.test.base.TestBase:71 - SetCodeEditBox:找到了Code对应的文本显示框并点击触发显示:GuCoinsuranceCoinsName
2020/07/14 19:11:38:429 DEBUG com.sinosoft.test.base.TestBase:42 - Trying to click on: [[[[[[InternetExplorerDriver: internet explorer on WINDOWS (9801e082-3848-437e-ad69-11e9782ba90f)] -> xpath: //table[@id='Coinsurance']/tbody/tr[last()]/td/span[@id='span_ConinsuranceDetailInfo_SubPage']]] -> name: GuCoinsuranceCoinsCode]] -> xpath: ../input[last()]]
2020/07/14 19:11:39:491 DEBUG com.sinosoft.test.base.TestBase:46 - Clicked on: [[[[[[InternetExplorerDriver: internet explorer on WINDOWS (9801e082-3848-437e-ad69-11e9782ba90f)] -> xpath: //table[@id='Coinsurance']/tbody/tr[last()]/td/span[@id='span_ConinsuranceDetailInfo_SubPage']]] -> name: GuCoinsuranceCoinsCode]] -> xpath: ../input[last()]]
2020/07/14 19:11:39:692 DEBUG com.sinosoft.test.base.TestBase:87 - SetCodeEditBox:设置完毕[[[[InternetExplorerDriver: internet explorer on WINDOWS (9801e082-3848-437e-ad69-11e9782ba90f)] -> xpath: //table[@id='Coinsurance']/tbody/tr[last()]/td/span[@id='span_ConinsuranceDetailInfo_SubPage']]] -> name: GuCoinsuranceCoinsCode],设置值 Code=0001
2020/07/14 19:11:39:716 DEBUG com.sinosoft.test.base.TestBase:63 - SetCodeEditBox:开始设置:[[[[InternetExplorerDriver: internet explorer on WINDOWS (9801e082-3848-437e-ad69-11e9782ba90f)] -> xpath: //table[@id='Coinsurance']/tbody/tr[last()]/td/span[@id='span_ConinsuranceDetailInfo_SubPage']]] -> name: GuCoinsuranceCoinsCodeTwo] & Code=000101
2020/07/14 19:11:40:613 DEBUG com.sinosoft.test.base.TestBase:76 - Trying to find Element By : By.xpath: ../input[last()]
2020/07/14 19:11:40:669 DEBUG com.sinosoft.test.base.TestBase:80 - Found Element By : By.xpath: ../input[last()]
2020/07/14 19:11:40:794  INFO com.sinosoft.test.base.TestBase:71 - SetCodeEditBox:找到了Code对应的文本显示框并点击触发显示:GuCoinsuranceCoinsNameTwo
2020/07/14 19:11:40:794 DEBUG com.sinosoft.test.base.TestBase:42 - Trying to click on: [[[[[[InternetExplorerDriver: internet explorer on WINDOWS (9801e082-3848-437e-ad69-11e9782ba90f)] -> xpath: //table[@id='Coinsurance']/tbody/tr[last()]/td/span[@id='span_ConinsuranceDetailInfo_SubPage']]] -> name: GuCoinsuranceCoinsCodeTwo]] -> xpath: ../input[last()]]
2020/07/14 19:11:41:884 DEBUG com.sinosoft.test.base.TestBase:46 - Clicked on: [[[[[[InternetExplorerDriver: internet explorer on WINDOWS (9801e082-3848-437e-ad69-11e9782ba90f)] -> xpath: //table[@id='Coinsurance']/tbody/tr[last()]/td/span[@id='span_ConinsuranceDetailInfo_SubPage']]] -> name: GuCoinsuranceCoinsCodeTwo]] -> xpath: ../input[last()]]
2020/07/14 19:11:42:084 DEBUG com.sinosoft.test.base.TestBase:87 - SetCodeEditBox:设置完毕[[[[InternetExplorerDriver: internet explorer on WINDOWS (9801e082-3848-437e-ad69-11e9782ba90f)] -> xpath: //table[@id='Coinsurance']/tbody/tr[last()]/td/span[@id='span_ConinsuranceDetailInfo_SubPage']]] -> name: GuCoinsuranceCoinsCodeTwo],设置值 Code=000101
2020/07/14 19:11:42:084  INFO com.sinosoft.test.base.TestBase:360 - setEditboxValue:[[[[InternetExplorerDriver: internet explorer on WINDOWS (9801e082-3848-437e-ad69-11e9782ba90f)] -> xpath: //table[@id='Coinsurance']/tbody/tr[last()]/td/span[@id='span_ConinsuranceDetailInfo_SubPage']]] -> name: GuCoinsuranceCoinsCodeThree]：000101001
2020/07/14 19:11:42:789  INFO com.sinosoft.test.base.TestBase:363 - setEditboxValue—End:[[[[InternetExplorerDriver: internet explorer on WINDOWS (9801e082-3848-437e-ad69-11e9782ba90f)] -> xpath: //table[@id='Coinsurance']/tbody/tr[last()]/td/span[@id='span_ConinsuranceDetailInfo_SubPage']]] -> name: GuCoinsuranceCoinsCodeThree]：000101001
2020/07/14 19:11:42:789  INFO com.sinosoft.test.base.TestBase:360 - setEditboxValue:[[[[InternetExplorerDriver: internet explorer on WINDOWS (9801e082-3848-437e-ad69-11e9782ba90f)] -> xpath: //table[@id='Coinsurance']/tbody/tr[last()]/td/span[@id='span_ConinsuranceDetailInfo_SubPage']]] -> name: GuCoinsuranceCoinsRate]：40
2020/07/14 19:11:43:482  INFO com.sinosoft.test.base.TestBase:363 - setEditboxValue—End:[[[[InternetExplorerDriver: internet explorer on WINDOWS (9801e082-3848-437e-ad69-11e9782ba90f)] -> xpath: //table[@id='Coinsurance']/tbody/tr[last()]/td/span[@id='span_ConinsuranceDetailInfo_SubPage']]] -> name: GuCoinsuranceCoinsRate]：40
2020/07/14 19:11:43:482  INFO com.sinosoft.test.base.TestBase:321 - setEditboxTValue:[[[[[InternetExplorerDriver: internet explorer on WINDOWS (9801e082-3848-437e-ad69-11e9782ba90f)] -> xpath: //table[@id='Coinsurance']/tbody/tr[last()]/td/span[@id='span_ConinsuranceDetailInfo_SubPage']]] -> name: CoinsPremiumAcceptInd02], [[[[InternetExplorerDriver: internet explorer on WINDOWS (9801e082-3848-437e-ad69-11e9782ba90f)] -> xpath: //table[@id='Coinsurance']/tbody/tr[last()]/td/span[@id='span_ConinsuranceDetailInfo_SubPage']]] -> name: CoinsPremiumAcceptInd02]]：0
2020/07/14 19:11:43:565  INFO com.sinosoft.test.base.TestBase:144 - RunJavaScript:[[[[InternetExplorerDriver: internet explorer on WINDOWS (9801e082-3848-437e-ad69-11e9782ba90f)] -> xpath: //table[@id='Coinsurance']/tbody/tr[last()]/td/span[@id='span_ConinsuranceDetailInfo_SubPage']]] -> name: CoinsPremiumAcceptInd02]	arguments[0].click();
2020/07/14 19:11:43:636 DEBUG com.sinosoft.test.base.TestBase:76 - Trying to find Element By : By.xpath: //table[@id='Coinsurance']/tbody/tr[last()]/td/span[@id='span_ConinsuranceDetailInfo_SubPage']
2020/07/14 19:11:43:664 DEBUG com.sinosoft.test.base.TestBase:80 - Found Element By : By.xpath: //table[@id='Coinsurance']/tbody/tr[last()]/td/span[@id='span_ConinsuranceDetailInfo_SubPage']
2020/07/14 19:11:43:664 DEBUG com.sinosoft.test.base.TestBase:76 - Trying to find Element By : By.name: button_CoinsuranceDetailInfo_Close
2020/07/14 19:11:43:771 DEBUG com.sinosoft.test.base.TestBase:80 - Found Element By : By.name: button_CoinsuranceDetailInfo_Close
2020/07/14 19:11:43:771  INFO com.sinosoft.test.base.TestBase:416 - jsClickButton:[[[[InternetExplorerDriver: internet explorer on WINDOWS (9801e082-3848-437e-ad69-11e9782ba90f)] -> xpath: //table[@id='Coinsurance']/tbody/tr[last()]/td/span[@id='span_ConinsuranceDetailInfo_SubPage']]] -> name: button_CoinsuranceDetailInfo_Close]
2020/07/14 19:11:43:772  INFO com.sinosoft.test.base.TestBase:144 - RunJavaScript:[[[[InternetExplorerDriver: internet explorer on WINDOWS (9801e082-3848-437e-ad69-11e9782ba90f)] -> xpath: //table[@id='Coinsurance']/tbody/tr[last()]/td/span[@id='span_ConinsuranceDetailInfo_SubPage']]] -> name: button_CoinsuranceDetailInfo_Close]	arguments[0].click();
2020/07/14 19:11:43:831 DEBUG com.sinosoft.test.base.TestBase:76 - Trying to find Element By : By.id: saveButton
2020/07/14 19:11:43:887 DEBUG com.sinosoft.test.base.TestBase:80 - Found Element By : By.id: saveButton
2020/07/14 19:11:43:888  INFO com.sinosoft.test.base.TestBase:416 - jsClickButton:[[InternetExplorerDriver: internet explorer on WINDOWS (9801e082-3848-437e-ad69-11e9782ba90f)] -> id: saveButton]
2020/07/14 19:11:43:888 DEBUG com.sinosoft.test.base.TestBase:76 - Trying to find Element By : By.id: saveButton
2020/07/14 19:11:43:938 DEBUG com.sinosoft.test.base.TestBase:80 - Found Element By : By.id: saveButton
2020/07/14 19:11:43:939  INFO com.sinosoft.test.base.TestBase:144 - RunJavaScript:[[InternetExplorerDriver: internet explorer on WINDOWS (9801e082-3848-437e-ad69-11e9782ba90f)] -> id: saveButton]	arguments[0].click();
2020/07/14 19:11:43:939 DEBUG com.sinosoft.test.base.TestBase:76 - Trying to find Element By : By.id: saveButton
2020/07/14 19:11:43:987 DEBUG com.sinosoft.test.base.TestBase:80 - Found Element By : By.id: saveButton
2020/07/14 19:11:45:497 DEBUG com.sinosoft.test.base.TestBase:76 - Trying to find Element By : By.xpath: //td[text()='保单费用信息']
2020/07/14 19:11:45:544 DEBUG com.sinosoft.test.base.TestBase:80 - Found Element By : By.xpath: //td[text()='保单费用信息']
2020/07/14 19:11:45:544  INFO com.sinosoft.test.base.TestBase:416 - jsClickButton:[[InternetExplorerDriver: internet explorer on WINDOWS (9801e082-3848-437e-ad69-11e9782ba90f)] -> xpath: //td[text()='保单费用信息']]
2020/07/14 19:11:45:544  INFO com.sinosoft.test.base.TestBase:144 - RunJavaScript:[[InternetExplorerDriver: internet explorer on WINDOWS (9801e082-3848-437e-ad69-11e9782ba90f)] -> xpath: //td[text()='保单费用信息']]	arguments[0].click();
2020/07/14 19:11:46:591 DEBUG com.sinosoft.test.base.TestBase:69 - 初始化class com.sinosoft.test.fccp.tbcl.PolicyFeePage
2020/07/14 19:11:46:592 DEBUG com.sinosoft.test.base.TestBase:36 - 初始化PolicyFeePage：
2020/07/14 19:11:49:124 DEBUG com.sinosoft.test.base.TestBase:76 - Trying to find Element By : By.name: GuMainXsfInd
2020/07/14 19:11:49:149 DEBUG com.sinosoft.test.base.TestBase:80 - Found Element By : By.name: GuMainXsfInd
2020/07/14 19:11:49:150 DEBUG com.sinosoft.test.base.TestBase:76 - Trying to find Element By : By.name: GuMainFsh
2020/07/14 19:11:49:205 DEBUG com.sinosoft.test.base.TestBase:80 - Found Element By : By.name: GuMainFsh
2020/07/14 19:11:49:206  INFO com.sinosoft.test.base.TestBase:388 - setEditboxTValue:[[InternetExplorerDriver: internet explorer on WINDOWS (9801e082-3848-437e-ad69-11e9782ba90f)] -> name: GuMainFsh]->6
2020/07/14 19:11:49:206 DEBUG com.sinosoft.test.base.TestBase:76 - Trying to find Element By : By.name: GuMainFsh
2020/07/14 19:11:49:264 DEBUG com.sinosoft.test.base.TestBase:80 - Found Element By : By.name: GuMainFsh
2020/07/14 19:11:49:490 DEBUG com.sinosoft.test.base.TestBase:76 - Trying to find Element By : By.name: GuMainFsh
2020/07/14 19:11:49:539 DEBUG com.sinosoft.test.base.TestBase:80 - Found Element By : By.name: GuMainFsh
2020/07/14 19:11:54:839 DEBUG com.sinosoft.test.base.TestBase:42 - CodeSelect:开始设置[[InternetExplorerDriver: internet explorer on WINDOWS (9801e082-3848-437e-ad69-11e9782ba90f)] -> name: GuMainXsfInd] & Code=B
2020/07/14 19:11:55:904 DEBUG com.sinosoft.test.base.TestBase:272 - 系统窗口【黄河财险业务系统】with handle -76089240-cb81-4675-9b96-6bc31b738c48
2020/07/14 19:11:56:556 DEBUG com.sinosoft.test.base.TestBase:272 - 系统窗口【黄河财险业务系统】with handle -76089240-cb81-4675-9b96-6bc31b738c48
2020/07/14 19:11:57:186 DEBUG com.sinosoft.test.base.TestBase:272 - 系统窗口【Code Select】with handle -6700ec82-faad-423b-8a28-4274bd7aa4c9
2020/07/14 19:11:57:699 DEBUG com.sinosoft.test.base.TestBase:69 - 初始化class com.sinosoft.test.fccp.common.CodeSelectPage
2020/07/14 19:11:57:699 DEBUG com.sinosoft.test.base.TestBase:39 - 基础码表选择！
2020/07/14 19:11:57:699 DEBUG com.sinosoft.test.base.TestBase:76 - Trying to find Element By : By.name: fieldValue
2020/07/14 19:11:57:972 DEBUG com.sinosoft.test.base.TestBase:80 - Found Element By : By.name: fieldValue
2020/07/14 19:11:57:972  INFO com.sinosoft.test.base.TestBase:360 - setEditboxValue:[[InternetExplorerDriver: internet explorer on WINDOWS (9801e082-3848-437e-ad69-11e9782ba90f)] -> name: fieldValue]：B
2020/07/14 19:11:59:021  INFO com.sinosoft.test.base.TestBase:363 - setEditboxValue—End:[[InternetExplorerDriver: internet explorer on WINDOWS (9801e082-3848-437e-ad69-11e9782ba90f)] -> name: fieldValue]：B
2020/07/14 19:11:59:021 DEBUG com.sinosoft.test.base.TestBase:76 - Trying to find Element By : By.xpath: //input[@value='查询(Q)']
2020/07/14 19:11:59:301 DEBUG com.sinosoft.test.base.TestBase:80 - Found Element By : By.xpath: //input[@value='查询(Q)']
2020/07/14 19:11:59:302  INFO com.sinosoft.test.base.TestBase:402 - clickButton:[[InternetExplorerDriver: internet explorer on WINDOWS (9801e082-3848-437e-ad69-11e9782ba90f)] -> xpath: //input[@value='查询(Q)']]
2020/07/14 19:11:59:302 DEBUG com.sinosoft.test.base.TestBase:42 - Trying to click on: [[InternetExplorerDriver: internet explorer on WINDOWS (9801e082-3848-437e-ad69-11e9782ba90f)] -> xpath: //input[@value='查询(Q)']]
2020/07/14 19:12:00:849 DEBUG com.sinosoft.test.base.TestBase:46 - Clicked on: [[InternetExplorerDriver: internet explorer on WINDOWS (9801e082-3848-437e-ad69-11e9782ba90f)] -> xpath: //input[@value='查询(Q)']]
2020/07/14 19:12:00:849 DEBUG com.sinosoft.test.base.TestBase:76 - Trying to find Element By : By.name: codeselect
2020/07/14 19:12:01:134 DEBUG com.sinosoft.test.base.TestBase:80 - Found Element By : By.name: codeselect
2020/07/14 19:12:01:135  INFO com.sinosoft.test.base.TestBase:132 - setFuzzySelect:[[InternetExplorerDriver: internet explorer on WINDOWS (9801e082-3848-437e-ad69-11e9782ba90f)] -> name: codeselect]->B
2020/07/14 19:12:01:677 DEBUG com.sinosoft.test.base.TestBase:76 - Trying to find Element By : By.tagName: option
2020/07/14 19:12:01:963 DEBUG com.sinosoft.test.base.TestBase:80 - Found Element By : By.tagName: option
2020/07/14 19:12:02:256  INFO com.sinosoft.test.base.TestBase:142 - 找到匹配【B】的选项：B
2020/07/14 19:12:02:256 DEBUG com.sinosoft.test.base.TestBase:76 - Trying to find Element By : By.xpath: .//option[normalize-space(.) = "B"]
2020/07/14 19:12:02:556 DEBUG com.sinosoft.test.base.TestBase:80 - Found Element By : By.xpath: .//option[normalize-space(.) = "B"]
2020/07/14 19:12:02:843 DEBUG com.sinosoft.test.base.TestBase:42 - Trying to click on: [[[[InternetExplorerDriver: internet explorer on WINDOWS (9801e082-3848-437e-ad69-11e9782ba90f)] -> name: codeselect]] -> xpath: .//option[normalize-space(.) = "B"]]
2020/07/14 19:12:03:257 DEBUG com.sinosoft.test.base.TestBase:46 - Clicked on: [[[[InternetExplorerDriver: internet explorer on WINDOWS (9801e082-3848-437e-ad69-11e9782ba90f)] -> name: codeselect]] -> xpath: .//option[normalize-space(.) = "B"]]
2020/07/14 19:12:03:257 DEBUG com.sinosoft.test.base.TestBase:151 - setFuzzySelect 结束！
2020/07/14 19:12:03:258 DEBUG com.sinosoft.test.base.TestBase:76 - Trying to find Element By : By.name: SelectIt
2020/07/14 19:12:03:542 DEBUG com.sinosoft.test.base.TestBase:80 - Found Element By : By.name: SelectIt
2020/07/14 19:12:03:543  INFO com.sinosoft.test.base.TestBase:416 - jsClickButton:[[InternetExplorerDriver: internet explorer on WINDOWS (9801e082-3848-437e-ad69-11e9782ba90f)] -> name: SelectIt]
2020/07/14 19:12:03:543  INFO com.sinosoft.test.base.TestBase:144 - RunJavaScript:[[InternetExplorerDriver: internet explorer on WINDOWS (9801e082-3848-437e-ad69-11e9782ba90f)] -> name: SelectIt]	arguments[0].click();
2020/07/14 19:12:04:254 DEBUG com.sinosoft.test.base.TestBase:272 - 系统窗口【黄河财险业务系统】with handle -76089240-cb81-4675-9b96-6bc31b738c48
2020/07/14 19:12:07:123 DEBUG com.sinosoft.test.base.TestBase:49 - CodeSelect:设置完毕[[InternetExplorerDriver: internet explorer on WINDOWS (9801e082-3848-437e-ad69-11e9782ba90f)] -> name: GuMainXsfInd] & Code=B
2020/07/14 19:12:07:123 DEBUG com.sinosoft.test.base.TestBase:76 - Trying to find Element By : By.name: GuMainAdjustRate
2020/07/14 19:12:07:191 DEBUG com.sinosoft.test.base.TestBase:80 - Found Element By : By.name: GuMainAdjustRate
2020/07/14 19:12:07:192  INFO com.sinosoft.test.base.TestBase:360 - setEditboxValue:[[InternetExplorerDriver: internet explorer on WINDOWS (9801e082-3848-437e-ad69-11e9782ba90f)] -> name: GuMainAdjustRate]：2
2020/07/14 19:12:07:192 DEBUG com.sinosoft.test.base.TestBase:76 - Trying to find Element By : By.name: GuMainAdjustRate
2020/07/14 19:12:07:253 DEBUG com.sinosoft.test.base.TestBase:80 - Found Element By : By.name: GuMainAdjustRate
2020/07/14 19:12:07:526 DEBUG com.sinosoft.test.base.TestBase:76 - Trying to find Element By : By.name: GuMainAdjustRate
2020/07/14 19:12:07:607 DEBUG com.sinosoft.test.base.TestBase:80 - Found Element By : By.name: GuMainAdjustRate
2020/07/14 19:12:07:931 DEBUG com.sinosoft.test.base.TestBase:76 - Trying to find Element By : By.name: GuMainAdjustRate
2020/07/14 19:12:07:978 DEBUG com.sinosoft.test.base.TestBase:80 - Found Element By : By.name: GuMainAdjustRate
2020/07/14 19:12:07:979  INFO com.sinosoft.test.base.TestBase:363 - setEditboxValue—End:[[InternetExplorerDriver: internet explorer on WINDOWS (9801e082-3848-437e-ad69-11e9782ba90f)] -> name: GuMainAdjustRate]：2
2020/07/14 19:12:07:979 DEBUG com.sinosoft.test.base.TestBase:76 - Trying to find Element By : By.id: saveButton
2020/07/14 19:12:08:039 DEBUG com.sinosoft.test.base.TestBase:80 - Found Element By : By.id: saveButton
2020/07/14 19:12:08:039  INFO com.sinosoft.test.base.TestBase:402 - clickButton:[[InternetExplorerDriver: internet explorer on WINDOWS (9801e082-3848-437e-ad69-11e9782ba90f)] -> id: saveButton]
2020/07/14 19:12:08:039 DEBUG com.sinosoft.test.base.TestBase:76 - Trying to find Element By : By.id: saveButton
2020/07/14 19:12:08:064 DEBUG com.sinosoft.test.base.TestBase:80 - Found Element By : By.id: saveButton
2020/07/14 19:12:08:066 DEBUG com.sinosoft.test.base.TestBase:42 - Trying to click on: [[InternetExplorerDriver: internet explorer on WINDOWS (9801e082-3848-437e-ad69-11e9782ba90f)] -> id: saveButton]
2020/07/14 19:12:10:275 DEBUG com.sinosoft.test.base.TestBase:46 - Clicked on: [[InternetExplorerDriver: internet explorer on WINDOWS (9801e082-3848-437e-ad69-11e9782ba90f)] -> id: saveButton]
2020/07/14 19:12:10:786  INFO com.sinosoft.test.base.TestBase:51 - 开始点击提交复核按钮
2020/07/14 19:12:10:786 DEBUG com.sinosoft.test.base.TestBase:76 - Trying to find Element By : By.name: Save
2020/07/14 19:12:10:833 DEBUG com.sinosoft.test.base.TestBase:80 - Found Element By : By.name: Save
2020/07/14 19:12:10:834  INFO com.sinosoft.test.base.TestBase:416 - jsClickButton:[[InternetExplorerDriver: internet explorer on WINDOWS (9801e082-3848-437e-ad69-11e9782ba90f)] -> name: Save]
2020/07/14 19:12:10:834 DEBUG com.sinosoft.test.base.TestBase:76 - Trying to find Element By : By.name: Save
2020/07/14 19:12:10:881 DEBUG com.sinosoft.test.base.TestBase:80 - Found Element By : By.name: Save
2020/07/14 19:12:10:881  INFO com.sinosoft.test.base.TestBase:144 - RunJavaScript:[[InternetExplorerDriver: internet explorer on WINDOWS (9801e082-3848-437e-ad69-11e9782ba90f)] -> name: Save]	arguments[0].click();
2020/07/14 19:12:10:882 DEBUG com.sinosoft.test.base.TestBase:76 - Trying to find Element By : By.name: Save
2020/07/14 19:12:10:931 DEBUG com.sinosoft.test.base.TestBase:80 - Found Element By : By.name: Save
2020/07/14 19:12:11:617  INFO com.sinosoft.test.base.TestBase:53 - 点击复核完毕！
2020/07/14 19:12:17:168  INFO com.sinosoft.test.base.TestBase:55 - 返回的窗口标题：
2020/07/14 19:12:17:169 DEBUG com.sinosoft.test.base.TestBase:88 - 截屏文件名字是：FCCB_TB_JCX_1_提交复核结果
2020/07/14 19:12:17:254 DEBUG com.sinosoft.test.base.TestBase:69 - 初始化class com.sinosoft.test.fccp.tbcl.SubmitReviewResult
2020/07/14 19:12:17:593 DEBUG com.sinosoft.test.base.TestBase:76 - Trying to find Element By : By.name: GuProposalProposalNo
2020/07/14 19:12:17:642 DEBUG com.sinosoft.test.base.TestBase:80 - Found Element By : By.name: GuProposalProposalNo
2020/07/14 19:12:17:642 DEBUG com.sinosoft.test.base.TestBase:76 - Trying to find Element By : By.xpath: ..
2020/07/14 19:12:17:703 DEBUG com.sinosoft.test.base.TestBase:80 - Found Element By : By.xpath: ..
2020/07/14 19:12:17:737 DEBUG com.sinosoft.test.base.TestBase:120 - 提交结果:_投保单号码 06201900101202000000000087  状态为: 待双核审核
2020/07/14 19:12:17:738  INFO com.sinosoft.test.base.TestBase:137 - 进入Finally事件:RowID:2
2020/07/14 19:12:17:738  INFO com.sinosoft.test.base.TestBase:138 - 进入Finally事件:testCaseName:FCCB_TBCL
2020/07/14 19:12:17:738  INFO com.sinosoft.test.base.TestBase:139 - 进入Finally事件:proposalNumber:06201900101202000000000087
2020/07/14 19:12:17:738  INFO com.sinosoft.test.base.TestBase:140 - 进入Finally事件:message:未知异常Unable to find element with css selector == *[name='GuProposalProposalNo']
For documentation on this error, please visit: http://seleniumhq.org/exceptions/no_such_element.html
Build info: version: '3.9.0', revision: '698b3178f0', time: '2018-02-05T14:26:55.441Z'
System info: host: 'DESKTOP-I9S3ABE', ip: '100.100.99.142', os.name: 'Windows 10', os.arch: 'amd64', os.version: '10.0', java.version: '1.8.0_101'
Driver info: org.openqa.selenium.ie.InternetExplorerDriver
Capabilities {acceptInsecureCerts: false, browserName: internet explorer, browserVersion: 11, javascriptEnabled: true, pageLoadStrategy: normal, platform: WINDOWS, platformName: WINDOWS, proxy: Proxy(), se:ieOptions: {browserAttachTimeout: 0, elementScrollBehavior: 0, enablePersistentHover: true, ie.browserCommandLineSwitches: , ie.ensureCleanSession: false, ie.fileUploadDialogTimeout: 3000, ie.forceCreateProcessApi: false, ignoreProtectedModeSettings: true, ignoreZoomSetting: false, initialBrowserUrl: http://localhost:1947/, nativeEvents: true, requireWindowFocus: false}, setWindowRect: true, timeouts: {implicit: 0, pageLoad: 300000, script: 30000}, unhandledPromptBehavior: ignore}
Session ID: b1ac55d7-3b7b-42be-8d0a-fa40eaae3976
*** Element info: {Using=name, value=GuProposalProposalNo}
2020/07/14 19:12:17:738  INFO com.sinosoft.test.base.TestBase:141 - 进入Finally事件:screenshot:C:\Users\liu-b\git\PageObjectModel\screenshots\FCCB_TB_JCX_1_异常截屏_20200714070406914.png
2020/07/14 19:12:18:101 DEBUG freemarker.cache:45 - Couldn't find template in cache for "index.ftl"("en", UTF-8, parsed); will try to load it.
2020/07/14 19:12:18:102 DEBUG freemarker.cache:45 - TemplateLoader.findTemplateSource("index_en.ftl"): Not found
2020/07/14 19:12:18:104 DEBUG freemarker.cache:45 - TemplateLoader.findTemplateSource("index.ftl"): Found
2020/07/14 19:12:18:104 DEBUG freemarker.cache:45 - Loading template for "index.ftl"("en", UTF-8, parsed) from "jar:file:/C:/Users/liu-b/.m2/repository/com/aventstack/extentreports/3.1.3/extentreports-3.1.3.jar!/com/aventstack/extentreports/view/html-report/index.ftl"
2020/07/14 19:12:18:363 DEBUG freemarker.cache:45 - Couldn't find template in cache for "head.ftl"("en", UTF-8, parsed); will try to load it.
2020/07/14 19:12:18:364 DEBUG freemarker.cache:45 - TemplateLoader.findTemplateSource("head_en.ftl"): Not found
2020/07/14 19:12:18:364 DEBUG freemarker.cache:45 - TemplateLoader.findTemplateSource("head.ftl"): Found
2020/07/14 19:12:18:365 DEBUG freemarker.cache:45 - Loading template for "head.ftl"("en", UTF-8, parsed) from "jar:file:/C:/Users/liu-b/.m2/repository/com/aventstack/extentreports/3.1.3/extentreports-3.1.3.jar!/com/aventstack/extentreports/view/html-report/head.ftl"
2020/07/14 19:12:18:367 DEBUG freemarker.cache:45 - Couldn't find template in cache for "nav.ftl"("en", UTF-8, parsed); will try to load it.
2020/07/14 19:12:18:368 DEBUG freemarker.cache:45 - TemplateLoader.findTemplateSource("nav_en.ftl"): Not found
2020/07/14 19:12:18:368 DEBUG freemarker.cache:45 - TemplateLoader.findTemplateSource("nav.ftl"): Found
2020/07/14 19:12:18:368 DEBUG freemarker.cache:45 - Loading template for "nav.ftl"("en", UTF-8, parsed) from "jar:file:/C:/Users/liu-b/.m2/repository/com/aventstack/extentreports/3.1.3/extentreports-3.1.3.jar!/com/aventstack/extentreports/view/html-report/nav.ftl"
2020/07/14 19:12:18:381 DEBUG freemarker.cache:45 - Couldn't find template in cache for "test-view/test-view.ftl"("en", UTF-8, parsed); will try to load it.
2020/07/14 19:12:18:381 DEBUG freemarker.cache:45 - TemplateLoader.findTemplateSource("test-view/test-view_en.ftl"): Not found
2020/07/14 19:12:18:381 DEBUG freemarker.cache:45 - TemplateLoader.findTemplateSource("test-view/test-view.ftl"): Found
2020/07/14 19:12:18:382 DEBUG freemarker.cache:45 - Loading template for "test-view/test-view.ftl"("en", UTF-8, parsed) from "jar:file:/C:/Users/liu-b/.m2/repository/com/aventstack/extentreports/3.1.3/extentreports-3.1.3.jar!/com/aventstack/extentreports/view/html-report/test-view/test-view.ftl"
2020/07/14 19:12:18:391 DEBUG freemarker.cache:45 - Couldn't find template in cache for "test-view/test-view-charts.ftl"("en", UTF-8, parsed); will try to load it.
2020/07/14 19:12:18:393 DEBUG freemarker.cache:45 - TemplateLoader.findTemplateSource("test-view/test-view-charts_en.ftl"): Not found
2020/07/14 19:12:18:394 DEBUG freemarker.cache:45 - TemplateLoader.findTemplateSource("test-view/test-view-charts.ftl"): Found
2020/07/14 19:12:18:394 DEBUG freemarker.cache:45 - Loading template for "test-view/test-view-charts.ftl"("en", UTF-8, parsed) from "jar:file:/C:/Users/liu-b/.m2/repository/com/aventstack/extentreports/3.1.3/extentreports-3.1.3.jar!/com/aventstack/extentreports/view/html-report/test-view/test-view-charts.ftl"
2020/07/14 19:12:18:404 DEBUG freemarker.cache:45 - Couldn't find template in cache for "test-view/standard.ftl"("en", UTF-8, parsed); will try to load it.
2020/07/14 19:12:18:404 DEBUG freemarker.cache:45 - TemplateLoader.findTemplateSource("test-view/standard_en.ftl"): Not found
2020/07/14 19:12:18:405 DEBUG freemarker.cache:45 - TemplateLoader.findTemplateSource("test-view/standard.ftl"): Found
2020/07/14 19:12:18:407 DEBUG freemarker.cache:45 - Loading template for "test-view/standard.ftl"("en", UTF-8, parsed) from "jar:file:/C:/Users/liu-b/.m2/repository/com/aventstack/extentreports/3.1.3/extentreports-3.1.3.jar!/com/aventstack/extentreports/view/html-report/test-view/standard.ftl"
2020/07/14 19:12:18:430 DEBUG freemarker.cache:45 - Couldn't find template in cache for "category-view/category-view.ftl"("en", UTF-8, parsed); will try to load it.
2020/07/14 19:12:18:431 DEBUG freemarker.cache:45 - TemplateLoader.findTemplateSource("category-view/category-view_en.ftl"): Not found
2020/07/14 19:12:18:431 DEBUG freemarker.cache:45 - TemplateLoader.findTemplateSource("category-view/category-view.ftl"): Found
2020/07/14 19:12:18:432 DEBUG freemarker.cache:45 - Loading template for "category-view/category-view.ftl"("en", UTF-8, parsed) from "jar:file:/C:/Users/liu-b/.m2/repository/com/aventstack/extentreports/3.1.3/extentreports-3.1.3.jar!/com/aventstack/extentreports/view/html-report/category-view/category-view.ftl"
2020/07/14 19:12:18:437 DEBUG freemarker.cache:45 - Couldn't find template in cache for "author-view/author-view.ftl"("en", UTF-8, parsed); will try to load it.
2020/07/14 19:12:18:437 DEBUG freemarker.cache:45 - TemplateLoader.findTemplateSource("author-view/author-view_en.ftl"): Not found
2020/07/14 19:12:18:438 DEBUG freemarker.cache:45 - TemplateLoader.findTemplateSource("author-view/author-view.ftl"): Found
2020/07/14 19:12:18:438 DEBUG freemarker.cache:45 - Loading template for "author-view/author-view.ftl"("en", UTF-8, parsed) from "jar:file:/C:/Users/liu-b/.m2/repository/com/aventstack/extentreports/3.1.3/extentreports-3.1.3.jar!/com/aventstack/extentreports/view/html-report/author-view/author-view.ftl"
2020/07/14 19:12:18:461 DEBUG freemarker.cache:45 - Couldn't find template in cache for "exception-view/exception-view.ftl"("en", UTF-8, parsed); will try to load it.
2020/07/14 19:12:18:462 DEBUG freemarker.cache:45 - TemplateLoader.findTemplateSource("exception-view/exception-view_en.ftl"): Not found
2020/07/14 19:12:18:463 DEBUG freemarker.cache:45 - TemplateLoader.findTemplateSource("exception-view/exception-view.ftl"): Found
2020/07/14 19:12:18:463 DEBUG freemarker.cache:45 - Loading template for "exception-view/exception-view.ftl"("en", UTF-8, parsed) from "jar:file:/C:/Users/liu-b/.m2/repository/com/aventstack/extentreports/3.1.3/extentreports-3.1.3.jar!/com/aventstack/extentreports/view/html-report/exception-view/exception-view.ftl"
2020/07/14 19:12:18:467 DEBUG freemarker.cache:45 - Couldn't find template in cache for "dashboard-view/dashboard-view.ftl"("en", UTF-8, parsed); will try to load it.
2020/07/14 19:12:18:468 DEBUG freemarker.cache:45 - TemplateLoader.findTemplateSource("dashboard-view/dashboard-view_en.ftl"): Not found
2020/07/14 19:12:18:469 DEBUG freemarker.cache:45 - TemplateLoader.findTemplateSource("dashboard-view/dashboard-view.ftl"): Found
2020/07/14 19:12:18:469 DEBUG freemarker.cache:45 - Loading template for "dashboard-view/dashboard-view.ftl"("en", UTF-8, parsed) from "jar:file:/C:/Users/liu-b/.m2/repository/com/aventstack/extentreports/3.1.3/extentreports-3.1.3.jar!/com/aventstack/extentreports/view/html-report/dashboard-view/dashboard-view.ftl"
2020/07/14 19:12:18:481 DEBUG freemarker.cache:45 - Couldn't find template in cache for "logs-view/testrunner-logs-view.ftl"("en", UTF-8, parsed); will try to load it.
2020/07/14 19:12:18:481 DEBUG freemarker.cache:45 - TemplateLoader.findTemplateSource("logs-view/testrunner-logs-view_en.ftl"): Not found
2020/07/14 19:12:18:482 DEBUG freemarker.cache:45 - TemplateLoader.findTemplateSource("logs-view/testrunner-logs-view.ftl"): Found
2020/07/14 19:12:18:482 DEBUG freemarker.cache:45 - Loading template for "logs-view/testrunner-logs-view.ftl"("en", UTF-8, parsed) from "jar:file:/C:/Users/liu-b/.m2/repository/com/aventstack/extentreports/3.1.3/extentreports-3.1.3.jar!/com/aventstack/extentreports/view/html-report/logs-view/testrunner-logs-view.ftl"
2020/07/14 23:06:19:333  INFO com.sinosoft.test.base.TestBase:59 - 配置文件路径：config.properties
2020/07/14 23:06:19:337 DEBUG com.sinosoft.test.base.TestBase:69 - 初始化class com.sinosoft.testcases.fccb.TBGLTestCase
2020/07/14 23:06:19:403 DEBUG com.sinosoft.test.base.TestBase:69 - 初始化class com.sinosoft.test.util.ExcelDataProvider
2020/07/14 23:06:20:303  INFO com.sinosoft.test.base.TestBase:80 - 当前文件里面一共有数据：4
2020/07/14 23:06:20:355  INFO com.sinosoft.test.base.TestBase:91 - start InternetExplorerDriver
2020/07/14 23:06:23:470 DEBUG com.sinosoft.test.base.TestBase:69 - 初始化class com.sinosoft.test.util.WebEventListener
2020/07/14 23:06:23:495  INFO com.sinosoft.test.base.TestBase:83 - 开始运行测试脚本，获取到的测试数据《getTBCLTestData》如下:
2020/07/14 23:06:23:496  INFO com.sinosoft.test.base.TestBase:84 - ROW_ID=2
ProcessFlag=Y
TestCaseName=FCCB_TB_JCX
TestCaseSeq=1
TestDescription=非车承保企财险-财产基本险-出单
riskClass=01
riskCode=0101
renewalInd=0
renewalPolicy=
prePay=
carrayOver=
carrayOverPolicy=
relatedInd=
relatedPolicy=
fbbs=
ywgs=01620190
qdlx=01
gdbs=0
xstd=T6201900101
ywy=S000000006
ywly=01010101
dljg=
xsxy=
cxywbs=HXXT
cdjg=
htzyjjfs=
jnwbz=
jw_country=
jw_Addr=
snbz=
sftkbd=0
sfdzbd=0
sfxb=0
fxqkyjytz=
sfydyw=
sfsn=
xbbdh=
tbr_lx=2
tbr_mc=
tbr_vip=
tbr_dm=G6200019984
tbr_zjlx=
tbr_zjhm=
tbr_sj=
tbr_csrq=
tbr_lxdz=
tbr_dwdh=010-67549095-456
lxr_xm=
lxr_xb=
lxr_zw=
lxr_sj=
lxr_yx=
xzsyfw=1
tqmc=
qbrq=
zbrq=
lgbbz=1
yyzdbz=1
sfgxdm=1
cbdq=
zzfwlx=0
hydl=12
hyxl=12006
jqbm=121121123123
bbdm=CNY
sf=130000
cs=130300
qx=130302
yb=065201
jzdj=01
bxcs=北戴河公园
bdw_jd=金融街街道
bdw_yyxz=
bdw_sfhyf=
bdw_fxlx=
bdw_sbmc=
bdw_cjh=
bdw_fdjh=
bdw_cjdjrq=
bdw_cllx=
bdw_cpcx=
bdw_sccj=
bdw_gzjz=
bdw_sgzyqy=
bdw_zylx=
bdw=010001
bdwmx=碣石公园礁石群
xbdm=0101001
jrbe=1
jzfs=10
bxje=2000000
bffl=0.5
dqflbz=2
ysbf=400
yyzd_zdpcg=24
yyzd_sndmlrze=6000000
yyzd_sndyye=20000000
yyzd_bdw=010056
yyzd_bdwmx=
yyzd_xbdm=0105001
yyzd_jrbe=1
yyzd_jzfs=18
yyzd_bxje=200000
yyzd_bffl=3
yyzd_dqflbz=3
yyzd_ysbf=4000
fsh=6
xsfdj=B
xsfxs=2
jgx_sf=
jgx_cs=
jgx_qx=
jgx_gcdd=
jgx_bb=
jgx_gcmc=
jgx_gclx_1=
jgx_gclx_2=
jgx_gclx_3=
jgx_gclx_4=
jgx_gclx_5=
jgx_gclx_6=
jgx_yzssjt=
jgx_yz=
jgx_cbs_ssjt=
jgx_cbs=
jgx_gchth=
jgx_gcjz=
jgx_gcqsrq=
jgx_gczzrq=
jgx_gcfw=
jgx_scqqsrq=
jgx_scqzzrq=
jgx_bzqqsrq=
jgx_bzqzzrq=
jgx_ws_xmlbdm=
jgx_ws_jrbe=
jgx_ws_bxje=
jgx_ws_fl=
jgx_ws_dqflbz=
jgx_ws_ysbf=
jgx_sz_xbdm=
jgx_sz_jrbe=
jgx_sz_ljpcxe=
jgx_sz_fv=
jgx_sz_dqflbz=
jgx_sz_ysbf=
proposalNumber=06201900101202000000000087
message=未知异常Unable to find element with css selector == *[name='GuProposalProposalNo']
For documentation on this error, please visit: http://seleniumhq.org/exceptions/no_such_element.html
Build info: version: '3.9.0', revision: '698b3178f0', time: '2018-02-05T14:26:55.441Z'
System info: host: 'DESKTOP-I9S3ABE', ip: '100.100.99.142', os.name: 'Windows 10', os.arch: 'amd64', os.version: '10.0', java.version: '1.8.0_101'
Driver info: org.openqa.selenium.ie.InternetExplorerDriver
Capabilities {acceptInsecureCerts: false, browserName: internet explorer, browserVersion: 11, javascriptEnabled: true, pageLoadStrategy: normal, platform: WINDOWS, platformName: WINDOWS, proxy: Proxy(), se:ieOptions: {browserAttachTimeout: 0, elementScrollBehavior: 0, enablePersistentHover: true, ie.browserCommandLineSwitches: , ie.ensureCleanSession: false, ie.fileUploadDialogTimeout: 3000, ie.forceCreateProcessApi: false, ignoreProtectedModeSettings: true, ignoreZoomSetting: false, initialBrowserUrl: http://localhost:1947/, nativeEvents: true, requireWindowFocus: false}, setWindowRect: true, timeouts: {implicit: 0, pageLoad: 300000, script: 30000}, unhandledPromptBehavior: ignore}
Session ID: b1ac55d7-3b7b-42be-8d0a-fa40eaae3976
*** Element info: {Using=name, value=GuProposalProposalNo}
screenshot=C:\Users\liu-b\git\PageObjectModel\screenshots\FCCB_TB_JCX_1_异常截屏_20200714070406914.png
testCaseName=FCCB_TBCL

2020/07/14 23:06:23:501 DEBUG com.sinosoft.test.base.TestBase:69 - 初始化class com.sinosoft.test.fccp.common.LoginPage
2020/07/14 23:06:28:536 DEBUG com.sinosoft.test.base.TestBase:26 - Before navigating to: 'http://tvfchxyw.ypic.cn'
2020/07/14 23:06:29:426 DEBUG com.sinosoft.test.base.TestBase:30 - Navigated to:'http://tvfchxyw.ypic.cn'
2020/07/14 23:06:29:427 DEBUG com.sinosoft.test.base.TestBase:76 - Trying to find Element By : By.id: username
2020/07/14 23:06:29:794 DEBUG com.sinosoft.test.base.TestBase:80 - Found Element By : By.id: username
2020/07/14 23:06:29:804  INFO com.sinosoft.test.base.TestBase:360 - setEditboxValue:[[InternetExplorerDriver: internet explorer on WINDOWS (cd5ffdc3-9713-4f35-ab9e-b5a4652d123d)] -> id: username]：policy1@ypic
2020/07/14 23:06:29:807 DEBUG com.sinosoft.test.base.TestBase:76 - Trying to find Element By : By.id: username
2020/07/14 23:06:30:143 DEBUG com.sinosoft.test.base.TestBase:80 - Found Element By : By.id: username
2020/07/14 23:06:30:813 DEBUG com.sinosoft.test.base.TestBase:76 - Trying to find Element By : By.id: username
2020/07/14 23:06:31:143 DEBUG com.sinosoft.test.base.TestBase:80 - Found Element By : By.id: username
2020/07/14 23:06:31:915 DEBUG com.sinosoft.test.base.TestBase:76 - Trying to find Element By : By.id: username
2020/07/14 23:06:32:260 DEBUG com.sinosoft.test.base.TestBase:80 - Found Element By : By.id: username
2020/07/14 23:06:32:260  INFO com.sinosoft.test.base.TestBase:363 - setEditboxValue—End:[[InternetExplorerDriver: internet explorer on WINDOWS (cd5ffdc3-9713-4f35-ab9e-b5a4652d123d)] -> id: username]：policy1@ypic
2020/07/14 23:06:32:261 DEBUG com.sinosoft.test.base.TestBase:76 - Trying to find Element By : By.id: password
2020/07/14 23:06:32:608 DEBUG com.sinosoft.test.base.TestBase:80 - Found Element By : By.id: password
2020/07/14 23:06:32:609  INFO com.sinosoft.test.base.TestBase:360 - setEditboxValue:[[InternetExplorerDriver: internet explorer on WINDOWS (cd5ffdc3-9713-4f35-ab9e-b5a4652d123d)] -> id: password]：ypic@1234
2020/07/14 23:06:32:610 DEBUG com.sinosoft.test.base.TestBase:76 - Trying to find Element By : By.id: password
2020/07/14 23:06:32:942 DEBUG com.sinosoft.test.base.TestBase:80 - Found Element By : By.id: password
2020/07/14 23:06:33:514 DEBUG com.sinosoft.test.base.TestBase:76 - Trying to find Element By : By.id: password
2020/07/14 23:06:33:907 DEBUG com.sinosoft.test.base.TestBase:80 - Found Element By : By.id: password
2020/07/14 23:06:34:633 DEBUG com.sinosoft.test.base.TestBase:76 - Trying to find Element By : By.id: password
2020/07/14 23:06:35:143 DEBUG com.sinosoft.test.base.TestBase:80 - Found Element By : By.id: password
2020/07/14 23:06:35:144  INFO com.sinosoft.test.base.TestBase:363 - setEditboxValue—End:[[InternetExplorerDriver: internet explorer on WINDOWS (cd5ffdc3-9713-4f35-ab9e-b5a4652d123d)] -> id: password]：ypic@1234
2020/07/14 23:06:35:145 DEBUG com.sinosoft.test.base.TestBase:76 - Trying to find Element By : By.id: bt_submit
2020/07/14 23:06:35:457 DEBUG com.sinosoft.test.base.TestBase:80 - Found Element By : By.id: bt_submit
2020/07/14 23:06:35:458  INFO com.sinosoft.test.base.TestBase:402 - clickButton:[[InternetExplorerDriver: internet explorer on WINDOWS (cd5ffdc3-9713-4f35-ab9e-b5a4652d123d)] -> id: bt_submit]
2020/07/14 23:06:35:458 DEBUG com.sinosoft.test.base.TestBase:76 - Trying to find Element By : By.id: bt_submit
2020/07/14 23:06:35:771 DEBUG com.sinosoft.test.base.TestBase:80 - Found Element By : By.id: bt_submit
2020/07/14 23:06:35:772 DEBUG com.sinosoft.test.base.TestBase:42 - Trying to click on: [[InternetExplorerDriver: internet explorer on WINDOWS (cd5ffdc3-9713-4f35-ab9e-b5a4652d123d)] -> id: bt_submit]
2020/07/14 23:06:38:378 DEBUG com.sinosoft.test.base.TestBase:46 - Clicked on: [[InternetExplorerDriver: internet explorer on WINDOWS (cd5ffdc3-9713-4f35-ab9e-b5a4652d123d)] -> id: bt_submit]
2020/07/14 23:06:38:389 DEBUG com.sinosoft.test.base.TestBase:76 - Trying to find Element By : By.xpath: //input[@value='继续登录']
2020/07/14 23:06:40:909 DEBUG com.sinosoft.test.base.TestBase:66 - 系统自动捕获异常：Exception occured: org.openqa.selenium.NoSuchElementException: Unable to find element with xpath == //input[@value='继续登录']
For documentation on this error, please visit: http://seleniumhq.org/exceptions/no_such_element.html
Build info: version: '3.9.0', revision: '698b3178f0', time: '2018-02-05T14:26:55.441Z'
System info: host: 'DESKTOP-I9S3ABE', ip: '100.100.90.165', os.name: 'Windows 10', os.arch: 'amd64', os.version: '10.0', java.version: '1.8.0_101'
Driver info: org.openqa.selenium.ie.InternetExplorerDriver
Capabilities {acceptInsecureCerts: false, browserName: internet explorer, browserVersion: 11, javascriptEnabled: true, pageLoadStrategy: normal, platform: WINDOWS, platformName: WINDOWS, proxy: Proxy(), se:ieOptions: {browserAttachTimeout: 0, elementScrollBehavior: 0, enablePersistentHover: true, ie.browserCommandLineSwitches: , ie.ensureCleanSession: false, ie.fileUploadDialogTimeout: 3000, ie.forceCreateProcessApi: false, ignoreProtectedModeSettings: true, ignoreZoomSetting: false, initialBrowserUrl: http://localhost:13087/, nativeEvents: true, requireWindowFocus: false}, setWindowRect: true, timeouts: {implicit: 0, pageLoad: 300000, script: 30000}, unhandledPromptBehavior: ignore}
Session ID: cd5ffdc3-9713-4f35-ab9e-b5a4652d123d
*** Element info: {Using=xpath, value=//input[@value='继续登录']}
2020/07/14 23:06:40:911  INFO com.sinosoft.test.base.TestBase:68 - 异常的message 是：Unable to find element with xpath == //input[@value='继续登录']
For documentation on this error, please visit: http://seleniumhq.org/exceptions/no_such_element.html
Build info: version: '3.9.0', revision: '698b3178f0', time: '2018-02-05T14:26:55.441Z'
System info: host: 'DESKTOP-I9S3ABE', ip: '100.100.90.165', os.name: 'Windows 10', os.arch: 'amd64', os.version: '10.0', java.version: '1.8.0_101'
Driver info: org.openqa.selenium.ie.InternetExplorerDriver
Capabilities {acceptInsecureCerts: false, browserName: internet explorer, browserVersion: 11, javascriptEnabled: true, pageLoadStrategy: normal, platform: WINDOWS, platformName: WINDOWS, proxy: Proxy(), se:ieOptions: {browserAttachTimeout: 0, elementScrollBehavior: 0, enablePersistentHover: true, ie.browserCommandLineSwitches: , ie.ensureCleanSession: false, ie.fileUploadDialogTimeout: 3000, ie.forceCreateProcessApi: false, ignoreProtectedModeSettings: true, ignoreZoomSetting: false, initialBrowserUrl: http://localhost:13087/, nativeEvents: true, requireWindowFocus: false}, setWindowRect: true, timeouts: {implicit: 0, pageLoad: 300000, script: 30000}, unhandledPromptBehavior: ignore}
Session ID: cd5ffdc3-9713-4f35-ab9e-b5a4652d123d
*** Element info: {Using=xpath, value=//input[@value='继续登录']}
2020/07/14 23:06:40:917  INFO com.sinosoft.test.base.TestBase:198 - 没有找到页面元素:By.xpath: //input[@value='继续登录'] - 错误信息Expected condition failed: waiting for com.sinosoft.test.base.TestBase$1@561868a0 (tried for 2 second(s) with 500 MILLISECONDS interval)
2020/07/14 23:06:40:918  INFO com.sinosoft.test.base.TestBase:77 - 常规登录，没有继续登录按钮
2020/07/14 23:06:40:920 DEBUG com.sinosoft.test.base.TestBase:69 - 初始化class com.sinosoft.test.fccp.common.HomePage
2020/07/14 23:06:41:917 DEBUG com.sinosoft.test.base.TestBase:76 - Trying to find Element By : By.linkText: 承保子系统
2020/07/14 23:06:42:006 DEBUG com.sinosoft.test.base.TestBase:80 - Found Element By : By.linkText: 承保子系统
2020/07/14 23:06:42:007  INFO com.sinosoft.test.base.TestBase:144 - RunJavaScript:[[InternetExplorerDriver: internet explorer on WINDOWS (cd5ffdc3-9713-4f35-ab9e-b5a4652d123d)] -> link text: 承保子系统]	arguments[0].click();
2020/07/14 23:06:42:557 DEBUG com.sinosoft.test.base.TestBase:76 - Trying to find Element By : By.linkText: 投保管理
2020/07/14 23:06:42:663 DEBUG com.sinosoft.test.base.TestBase:80 - Found Element By : By.linkText: 投保管理
2020/07/14 23:06:42:666  INFO com.sinosoft.test.base.TestBase:144 - RunJavaScript:[[InternetExplorerDriver: internet explorer on WINDOWS (cd5ffdc3-9713-4f35-ab9e-b5a4652d123d)] -> link text: 投保管理]	arguments[0].click();
2020/07/14 23:06:43:001 DEBUG com.sinosoft.test.base.TestBase:76 - Trying to find Element By : By.linkText: 投保处理
2020/07/14 23:06:43:100 DEBUG com.sinosoft.test.base.TestBase:80 - Found Element By : By.linkText: 投保处理
2020/07/14 23:06:43:101  INFO com.sinosoft.test.base.TestBase:144 - RunJavaScript:[[InternetExplorerDriver: internet explorer on WINDOWS (cd5ffdc3-9713-4f35-ab9e-b5a4652d123d)] -> link text: 投保处理]	arguments[0].click();
2020/07/14 23:06:43:368 DEBUG com.sinosoft.test.base.TestBase:69 - 初始化class com.sinosoft.test.fccp.tbcl.RiskSelectPage
2020/07/14 23:06:44:285 DEBUG com.sinosoft.test.base.TestBase:93 - 投保处理/险种选择
2020/07/14 23:06:44:287 DEBUG com.sinosoft.test.base.TestBase:76 - Trying to find Element By : By.name: riskClassTemp
2020/07/14 23:06:44:383 DEBUG com.sinosoft.test.base.TestBase:80 - Found Element By : By.name: riskClassTemp
2020/07/14 23:06:44:445 DEBUG com.sinosoft.test.base.TestBase:76 - Trying to find Element By : By.name: riskClassTemp
2020/07/14 23:06:44:537 DEBUG com.sinosoft.test.base.TestBase:80 - Found Element By : By.name: riskClassTemp
2020/07/14 23:06:44:537 DEBUG com.sinosoft.test.base.TestBase:63 - SetCodeEditBox:开始设置:[[InternetExplorerDriver: internet explorer on WINDOWS (cd5ffdc3-9713-4f35-ab9e-b5a4652d123d)] -> name: riskClassTemp] & Code=01
2020/07/14 23:06:44:538 DEBUG com.sinosoft.test.base.TestBase:76 - Trying to find Element By : By.name: riskClassTemp
2020/07/14 23:06:44:623 DEBUG com.sinosoft.test.base.TestBase:80 - Found Element By : By.name: riskClassTemp
2020/07/14 23:06:45:031 DEBUG com.sinosoft.test.base.TestBase:76 - Trying to find Element By : By.name: riskClassTemp
2020/07/14 23:06:45:097 DEBUG com.sinosoft.test.base.TestBase:80 - Found Element By : By.name: riskClassTemp
2020/07/14 23:06:45:718 DEBUG com.sinosoft.test.base.TestBase:76 - Trying to find Element By : By.name: riskClassTemp
2020/07/14 23:06:45:781 DEBUG com.sinosoft.test.base.TestBase:80 - Found Element By : By.name: riskClassTemp
2020/07/14 23:06:45:783 DEBUG com.sinosoft.test.base.TestBase:76 - Trying to find Element By : By.xpath: ../input[last()]
2020/07/14 23:06:45:883 DEBUG com.sinosoft.test.base.TestBase:80 - Found Element By : By.xpath: ../input[last()]
2020/07/14 23:06:46:087  INFO com.sinosoft.test.base.TestBase:71 - SetCodeEditBox:找到了Code对应的文本显示框并点击触发显示:riskClassName
2020/07/14 23:06:46:088 DEBUG com.sinosoft.test.base.TestBase:42 - Trying to click on: [[[[InternetExplorerDriver: internet explorer on WINDOWS (cd5ffdc3-9713-4f35-ab9e-b5a4652d123d)] -> name: riskClassTemp]] -> xpath: ../input[last()]]
2020/07/14 23:06:47:134 DEBUG com.sinosoft.test.base.TestBase:46 - Clicked on: [[[[InternetExplorerDriver: internet explorer on WINDOWS (cd5ffdc3-9713-4f35-ab9e-b5a4652d123d)] -> name: riskClassTemp]] -> xpath: ../input[last()]]
2020/07/14 23:06:47:334 DEBUG com.sinosoft.test.base.TestBase:76 - Trying to find Element By : By.name: riskClassTemp
2020/07/14 23:06:47:453 DEBUG com.sinosoft.test.base.TestBase:80 - Found Element By : By.name: riskClassTemp
2020/07/14 23:06:47:454 DEBUG com.sinosoft.test.base.TestBase:87 - SetCodeEditBox:设置完毕[[InternetExplorerDriver: internet explorer on WINDOWS (cd5ffdc3-9713-4f35-ab9e-b5a4652d123d)] -> name: riskClassTemp],设置值 Code=01
2020/07/14 23:06:47:454 DEBUG com.sinosoft.test.base.TestBase:76 - Trying to find Element By : By.name: riskCode
2020/07/14 23:06:47:529 DEBUG com.sinosoft.test.base.TestBase:80 - Found Element By : By.name: riskCode
2020/07/14 23:06:47:607 DEBUG com.sinosoft.test.base.TestBase:76 - Trying to find Element By : By.name: riskCode
2020/07/14 23:06:47:672 DEBUG com.sinosoft.test.base.TestBase:80 - Found Element By : By.name: riskCode
2020/07/14 23:06:47:673 DEBUG com.sinosoft.test.base.TestBase:63 - SetCodeEditBox:开始设置:[[InternetExplorerDriver: internet explorer on WINDOWS (cd5ffdc3-9713-4f35-ab9e-b5a4652d123d)] -> name: riskCode] & Code=0101
2020/07/14 23:06:47:673 DEBUG com.sinosoft.test.base.TestBase:76 - Trying to find Element By : By.name: riskCode
2020/07/14 23:06:47:737 DEBUG com.sinosoft.test.base.TestBase:80 - Found Element By : By.name: riskCode
2020/07/14 23:06:48:164 DEBUG com.sinosoft.test.base.TestBase:76 - Trying to find Element By : By.name: riskCode
2020/07/14 23:06:48:249 DEBUG com.sinosoft.test.base.TestBase:80 - Found Element By : By.name: riskCode
2020/07/14 23:06:48:864 DEBUG com.sinosoft.test.base.TestBase:76 - Trying to find Element By : By.name: riskCode
2020/07/14 23:06:48:972 DEBUG com.sinosoft.test.base.TestBase:80 - Found Element By : By.name: riskCode
2020/07/14 23:06:48:973 DEBUG com.sinosoft.test.base.TestBase:76 - Trying to find Element By : By.xpath: ../input[last()]
2020/07/14 23:06:49:067 DEBUG com.sinosoft.test.base.TestBase:80 - Found Element By : By.xpath: ../input[last()]
2020/07/14 23:06:49:238  INFO com.sinosoft.test.base.TestBase:71 - SetCodeEditBox:找到了Code对应的文本显示框并点击触发显示:riskName
2020/07/14 23:06:49:238 DEBUG com.sinosoft.test.base.TestBase:42 - Trying to click on: [[[[InternetExplorerDriver: internet explorer on WINDOWS (cd5ffdc3-9713-4f35-ab9e-b5a4652d123d)] -> name: riskCode]] -> xpath: ../input[last()]]
2020/07/14 23:06:50:460 DEBUG com.sinosoft.test.base.TestBase:46 - Clicked on: [[[[InternetExplorerDriver: internet explorer on WINDOWS (cd5ffdc3-9713-4f35-ab9e-b5a4652d123d)] -> name: riskCode]] -> xpath: ../input[last()]]
2020/07/14 23:06:50:660 DEBUG com.sinosoft.test.base.TestBase:76 - Trying to find Element By : By.name: riskCode
2020/07/14 23:06:50:759 DEBUG com.sinosoft.test.base.TestBase:80 - Found Element By : By.name: riskCode
2020/07/14 23:06:50:763 DEBUG com.sinosoft.test.base.TestBase:87 - SetCodeEditBox:设置完毕[[InternetExplorerDriver: internet explorer on WINDOWS (cd5ffdc3-9713-4f35-ab9e-b5a4652d123d)] -> name: riskCode],设置值 Code=0101
2020/07/14 23:06:50:765 DEBUG com.sinosoft.test.base.TestBase:76 - Trying to find Element By : By.name: renewInd
2020/07/14 23:06:50:948 DEBUG com.sinosoft.test.base.TestBase:80 - Found Element By : By.name: renewInd
2020/07/14 23:06:50:949  INFO com.sinosoft.test.base.TestBase:321 - setEditboxTValue:[[[InternetExplorerDriver: internet explorer on WINDOWS (cd5ffdc3-9713-4f35-ab9e-b5a4652d123d)] -> name: renewInd], [[InternetExplorerDriver: internet explorer on WINDOWS (cd5ffdc3-9713-4f35-ab9e-b5a4652d123d)] -> name: renewInd]]：0
2020/07/14 23:06:50:950 DEBUG com.sinosoft.test.base.TestBase:76 - Trying to find Element By : By.name: renewInd
2020/07/14 23:06:51:059 DEBUG com.sinosoft.test.base.TestBase:80 - Found Element By : By.name: renewInd
2020/07/14 23:06:51:227 DEBUG com.sinosoft.test.base.TestBase:76 - Trying to find Element By : By.name: buttonNextStep
2020/07/14 23:06:51:319 DEBUG com.sinosoft.test.base.TestBase:80 - Found Element By : By.name: buttonNextStep
2020/07/14 23:06:51:320  INFO com.sinosoft.test.base.TestBase:402 - clickButton:[[InternetExplorerDriver: internet explorer on WINDOWS (cd5ffdc3-9713-4f35-ab9e-b5a4652d123d)] -> name: buttonNextStep]
2020/07/14 23:06:51:321 DEBUG com.sinosoft.test.base.TestBase:42 - Trying to click on: [[InternetExplorerDriver: internet explorer on WINDOWS (cd5ffdc3-9713-4f35-ab9e-b5a4652d123d)] -> name: buttonNextStep]
2020/07/14 23:06:54:655 DEBUG com.sinosoft.test.base.TestBase:46 - Clicked on: [[InternetExplorerDriver: internet explorer on WINDOWS (cd5ffdc3-9713-4f35-ab9e-b5a4652d123d)] -> name: buttonNextStep]
2020/07/14 23:06:54:659 DEBUG com.sinosoft.test.base.TestBase:69 - 初始化class com.sinosoft.test.fccp.tbcl.BasicInfoPage
2020/07/14 23:06:57:658 DEBUG com.sinosoft.test.base.TestBase:322 - 投保处理/基本信息
2020/07/14 23:06:57:658 DEBUG com.sinosoft.test.base.TestBase:76 - Trying to find Element By : By.name: GuMainBusinessType
2020/07/14 23:06:57:753 DEBUG com.sinosoft.test.base.TestBase:80 - Found Element By : By.name: GuMainBusinessType
2020/07/14 23:06:57:754  INFO com.sinosoft.test.base.TestBase:96 - setSelectWithStartText:[[InternetExplorerDriver: internet explorer on WINDOWS (cd5ffdc3-9713-4f35-ab9e-b5a4652d123d)] -> name: GuMainBusinessType]->
2020/07/14 23:06:57:754 DEBUG com.sinosoft.test.base.TestBase:76 - Trying to find Element By : By.name: GuMainCompanyCode
2020/07/14 23:06:57:892 DEBUG com.sinosoft.test.base.TestBase:80 - Found Element By : By.name: GuMainCompanyCode
2020/07/14 23:06:57:964 DEBUG com.sinosoft.test.base.TestBase:76 - Trying to find Element By : By.name: GuMainCompanyCode
2020/07/14 23:06:58:055 DEBUG com.sinosoft.test.base.TestBase:80 - Found Element By : By.name: GuMainCompanyCode
2020/07/14 23:06:58:056 DEBUG com.sinosoft.test.base.TestBase:63 - SetCodeEditBox:开始设置:[[InternetExplorerDriver: internet explorer on WINDOWS (cd5ffdc3-9713-4f35-ab9e-b5a4652d123d)] -> name: GuMainCompanyCode] & Code=01620190
2020/07/14 23:06:58:056 DEBUG com.sinosoft.test.base.TestBase:76 - Trying to find Element By : By.name: GuMainCompanyCode
2020/07/14 23:06:58:138 DEBUG com.sinosoft.test.base.TestBase:80 - Found Element By : By.name: GuMainCompanyCode
2020/07/14 23:06:58:577 DEBUG com.sinosoft.test.base.TestBase:76 - Trying to find Element By : By.name: GuMainCompanyCode
2020/07/14 23:06:58:717 DEBUG com.sinosoft.test.base.TestBase:80 - Found Element By : By.name: GuMainCompanyCode
2020/07/14 23:06:59:952 DEBUG com.sinosoft.test.base.TestBase:76 - Trying to find Element By : By.name: GuMainCompanyCode
2020/07/14 23:07:00:069 DEBUG com.sinosoft.test.base.TestBase:80 - Found Element By : By.name: GuMainCompanyCode
2020/07/14 23:07:00:070 DEBUG com.sinosoft.test.base.TestBase:76 - Trying to find Element By : By.xpath: ../input[last()]
2020/07/14 23:07:00:166 DEBUG com.sinosoft.test.base.TestBase:80 - Found Element By : By.xpath: ../input[last()]
2020/07/14 23:07:00:376  INFO com.sinosoft.test.base.TestBase:71 - SetCodeEditBox:找到了Code对应的文本显示框并点击触发显示:GuMainCompanyName
2020/07/14 23:07:00:376 DEBUG com.sinosoft.test.base.TestBase:42 - Trying to click on: [[[[InternetExplorerDriver: internet explorer on WINDOWS (cd5ffdc3-9713-4f35-ab9e-b5a4652d123d)] -> name: GuMainCompanyCode]] -> xpath: ../input[last()]]
2020/07/14 23:07:01:599 DEBUG com.sinosoft.test.base.TestBase:46 - Clicked on: [[[[InternetExplorerDriver: internet explorer on WINDOWS (cd5ffdc3-9713-4f35-ab9e-b5a4652d123d)] -> name: GuMainCompanyCode]] -> xpath: ../input[last()]]
2020/07/14 23:07:01:801 DEBUG com.sinosoft.test.base.TestBase:76 - Trying to find Element By : By.name: GuMainCompanyCode
2020/07/14 23:07:01:956 DEBUG com.sinosoft.test.base.TestBase:80 - Found Element By : By.name: GuMainCompanyCode
2020/07/14 23:07:01:956 DEBUG com.sinosoft.test.base.TestBase:87 - SetCodeEditBox:设置完毕[[InternetExplorerDriver: internet explorer on WINDOWS (cd5ffdc3-9713-4f35-ab9e-b5a4652d123d)] -> name: GuMainCompanyCode],设置值 Code=01620190
2020/07/14 23:07:01:957 DEBUG com.sinosoft.test.base.TestBase:76 - Trying to find Element By : By.name: GuMainChannelDetailCode
2020/07/14 23:07:02:072 DEBUG com.sinosoft.test.base.TestBase:80 - Found Element By : By.name: GuMainChannelDetailCode
2020/07/14 23:07:02:154 DEBUG com.sinosoft.test.base.TestBase:76 - Trying to find Element By : By.name: GuMainChannelDetailCode
2020/07/14 23:07:02:286 DEBUG com.sinosoft.test.base.TestBase:80 - Found Element By : By.name: GuMainChannelDetailCode
2020/07/14 23:07:02:288 DEBUG com.sinosoft.test.base.TestBase:63 - SetCodeEditBox:开始设置:[[InternetExplorerDriver: internet explorer on WINDOWS (cd5ffdc3-9713-4f35-ab9e-b5a4652d123d)] -> name: GuMainChannelDetailCode] & Code=01
2020/07/14 23:07:02:289 DEBUG com.sinosoft.test.base.TestBase:76 - Trying to find Element By : By.name: GuMainChannelDetailCode
2020/07/14 23:07:02:432 DEBUG com.sinosoft.test.base.TestBase:80 - Found Element By : By.name: GuMainChannelDetailCode
2020/07/14 23:07:02:877 DEBUG com.sinosoft.test.base.TestBase:76 - Trying to find Element By : By.name: GuMainChannelDetailCode
2020/07/14 23:07:02:977 DEBUG com.sinosoft.test.base.TestBase:80 - Found Element By : By.name: GuMainChannelDetailCode
2020/07/14 23:07:03:728 DEBUG com.sinosoft.test.base.TestBase:76 - Trying to find Element By : By.name: GuMainChannelDetailCode
2020/07/14 23:07:03:836 DEBUG com.sinosoft.test.base.TestBase:80 - Found Element By : By.name: GuMainChannelDetailCode
2020/07/14 23:07:03:837 DEBUG com.sinosoft.test.base.TestBase:76 - Trying to find Element By : By.xpath: ../input[last()]
2020/07/14 23:07:03:932 DEBUG com.sinosoft.test.base.TestBase:80 - Found Element By : By.xpath: ../input[last()]
2020/07/14 23:07:04:163  INFO com.sinosoft.test.base.TestBase:71 - SetCodeEditBox:找到了Code对应的文本显示框并点击触发显示:GuMainChannelDetailName
2020/07/14 23:07:04:164 DEBUG com.sinosoft.test.base.TestBase:42 - Trying to click on: [[[[InternetExplorerDriver: internet explorer on WINDOWS (cd5ffdc3-9713-4f35-ab9e-b5a4652d123d)] -> name: GuMainChannelDetailCode]] -> xpath: ../input[last()]]
2020/07/14 23:07:05:363 DEBUG com.sinosoft.test.base.TestBase:46 - Clicked on: [[[[InternetExplorerDriver: internet explorer on WINDOWS (cd5ffdc3-9713-4f35-ab9e-b5a4652d123d)] -> name: GuMainChannelDetailCode]] -> xpath: ../input[last()]]
2020/07/14 23:07:05:565 DEBUG com.sinosoft.test.base.TestBase:76 - Trying to find Element By : By.name: GuMainChannelDetailCode
2020/07/14 23:07:05:647 DEBUG com.sinosoft.test.base.TestBase:80 - Found Element By : By.name: GuMainChannelDetailCode
2020/07/14 23:07:05:650 DEBUG com.sinosoft.test.base.TestBase:87 - SetCodeEditBox:设置完毕[[InternetExplorerDriver: internet explorer on WINDOWS (cd5ffdc3-9713-4f35-ab9e-b5a4652d123d)] -> name: GuMainChannelDetailCode],设置值 Code=01
2020/07/14 23:07:05:652 DEBUG com.sinosoft.test.base.TestBase:76 - Trying to find Element By : By.name: GuMainShareHolderFlag
2020/07/14 23:07:05:777 DEBUG com.sinosoft.test.base.TestBase:80 - Found Element By : By.name: GuMainShareHolderFlag
2020/07/14 23:07:05:821 DEBUG com.sinosoft.test.base.TestBase:76 - Trying to find Element By : By.name: GuMainShareHolderFlag
2020/07/14 23:07:05:930 DEBUG com.sinosoft.test.base.TestBase:80 - Found Element By : By.name: GuMainShareHolderFlag
2020/07/14 23:07:05:931 DEBUG com.sinosoft.test.base.TestBase:42 - CodeSelect:开始设置[[InternetExplorerDriver: internet explorer on WINDOWS (cd5ffdc3-9713-4f35-ab9e-b5a4652d123d)] -> name: GuMainShareHolderFlag] & Code=0
2020/07/14 23:07:05:949 DEBUG com.sinosoft.test.base.TestBase:76 - Trying to find Element By : By.name: GuMainShareHolderFlag
2020/07/14 23:07:06:056 DEBUG com.sinosoft.test.base.TestBase:80 - Found Element By : By.name: GuMainShareHolderFlag
2020/07/14 23:07:07:665 DEBUG com.sinosoft.test.base.TestBase:272 - 系统窗口【黄河财险业务系统】with handle -bed15142-9abb-43a1-9d53-2d86244f3b05
2020/07/14 23:07:08:380 DEBUG com.sinosoft.test.base.TestBase:272 - 系统窗口【黄河财险业务系统】with handle -bed15142-9abb-43a1-9d53-2d86244f3b05
2020/07/14 23:07:09:044 DEBUG com.sinosoft.test.base.TestBase:272 - 系统窗口【Code Select】with handle -632be371-9722-4038-a357-2c8400a95ff3
2020/07/14 23:07:09:577 DEBUG com.sinosoft.test.base.TestBase:69 - 初始化class com.sinosoft.test.fccp.common.CodeSelectPage
2020/07/14 23:07:09:580 DEBUG com.sinosoft.test.base.TestBase:39 - 基础码表选择！
2020/07/14 23:07:09:581 DEBUG com.sinosoft.test.base.TestBase:76 - Trying to find Element By : By.name: fieldValue
2020/07/14 23:07:09:880 DEBUG com.sinosoft.test.base.TestBase:80 - Found Element By : By.name: fieldValue
2020/07/14 23:07:09:880  INFO com.sinosoft.test.base.TestBase:360 - setEditboxValue:[[InternetExplorerDriver: internet explorer on WINDOWS (cd5ffdc3-9713-4f35-ab9e-b5a4652d123d)] -> name: fieldValue]：0
2020/07/14 23:07:11:470  INFO com.sinosoft.test.base.TestBase:363 - setEditboxValue—End:[[InternetExplorerDriver: internet explorer on WINDOWS (cd5ffdc3-9713-4f35-ab9e-b5a4652d123d)] -> name: fieldValue]：0
2020/07/14 23:07:11:472 DEBUG com.sinosoft.test.base.TestBase:76 - Trying to find Element By : By.xpath: //input[@value='查询(Q)']
2020/07/14 23:07:11:809 DEBUG com.sinosoft.test.base.TestBase:80 - Found Element By : By.xpath: //input[@value='查询(Q)']
2020/07/14 23:07:11:810  INFO com.sinosoft.test.base.TestBase:402 - clickButton:[[InternetExplorerDriver: internet explorer on WINDOWS (cd5ffdc3-9713-4f35-ab9e-b5a4652d123d)] -> xpath: //input[@value='查询(Q)']]
2020/07/14 23:07:11:810 DEBUG com.sinosoft.test.base.TestBase:42 - Trying to click on: [[InternetExplorerDriver: internet explorer on WINDOWS (cd5ffdc3-9713-4f35-ab9e-b5a4652d123d)] -> xpath: //input[@value='查询(Q)']]
2020/07/14 23:07:13:446 DEBUG com.sinosoft.test.base.TestBase:46 - Clicked on: [[InternetExplorerDriver: internet explorer on WINDOWS (cd5ffdc3-9713-4f35-ab9e-b5a4652d123d)] -> xpath: //input[@value='查询(Q)']]
2020/07/14 23:07:13:447 DEBUG com.sinosoft.test.base.TestBase:76 - Trying to find Element By : By.name: codeselect
2020/07/14 23:07:13:775 DEBUG com.sinosoft.test.base.TestBase:80 - Found Element By : By.name: codeselect
2020/07/14 23:07:13:776  INFO com.sinosoft.test.base.TestBase:132 - setFuzzySelect:[[InternetExplorerDriver: internet explorer on WINDOWS (cd5ffdc3-9713-4f35-ab9e-b5a4652d123d)] -> name: codeselect]->0
2020/07/14 23:07:14:366 DEBUG com.sinosoft.test.base.TestBase:76 - Trying to find Element By : By.tagName: option
2020/07/14 23:07:14:847 DEBUG com.sinosoft.test.base.TestBase:80 - Found Element By : By.tagName: option
2020/07/14 23:07:18:054  INFO com.sinosoft.test.base.TestBase:142 - 找到匹配【0】的选项：0--非股东
2020/07/14 23:07:18:056 DEBUG com.sinosoft.test.base.TestBase:76 - Trying to find Element By : By.xpath: .//option[normalize-space(.) = "0--非股东"]
2020/07/14 23:07:18:411 DEBUG com.sinosoft.test.base.TestBase:80 - Found Element By : By.xpath: .//option[normalize-space(.) = "0--非股东"]
2020/07/14 23:07:18:770 DEBUG com.sinosoft.test.base.TestBase:42 - Trying to click on: [[[[InternetExplorerDriver: internet explorer on WINDOWS (cd5ffdc3-9713-4f35-ab9e-b5a4652d123d)] -> name: codeselect]] -> xpath: .//option[normalize-space(.) = "0--非股东"]]
2020/07/14 23:07:19:361 DEBUG com.sinosoft.test.base.TestBase:46 - Clicked on: [[[[InternetExplorerDriver: internet explorer on WINDOWS (cd5ffdc3-9713-4f35-ab9e-b5a4652d123d)] -> name: codeselect]] -> xpath: .//option[normalize-space(.) = "0--非股东"]]
2020/07/14 23:07:19:362 DEBUG com.sinosoft.test.base.TestBase:151 - setFuzzySelect 结束！
2020/07/14 23:07:19:362 DEBUG com.sinosoft.test.base.TestBase:76 - Trying to find Element By : By.name: SelectIt
2020/07/14 23:07:19:722 DEBUG com.sinosoft.test.base.TestBase:80 - Found Element By : By.name: SelectIt
2020/07/14 23:07:19:723  INFO com.sinosoft.test.base.TestBase:416 - jsClickButton:[[InternetExplorerDriver: internet explorer on WINDOWS (cd5ffdc3-9713-4f35-ab9e-b5a4652d123d)] -> name: SelectIt]
2020/07/14 23:07:19:724  INFO com.sinosoft.test.base.TestBase:144 - RunJavaScript:[[InternetExplorerDriver: internet explorer on WINDOWS (cd5ffdc3-9713-4f35-ab9e-b5a4652d123d)] -> name: SelectIt]	arguments[0].click();
2020/07/14 23:07:20:567 DEBUG com.sinosoft.test.base.TestBase:272 - 系统窗口【黄河财险业务系统】with handle -bed15142-9abb-43a1-9d53-2d86244f3b05
2020/07/14 23:07:23:681 DEBUG com.sinosoft.test.base.TestBase:76 - Trying to find Element By : By.name: GuMainShareHolderFlag
2020/07/14 23:07:23:775 DEBUG com.sinosoft.test.base.TestBase:80 - Found Element By : By.name: GuMainShareHolderFlag
2020/07/14 23:07:23:776 DEBUG com.sinosoft.test.base.TestBase:49 - CodeSelect:设置完毕[[InternetExplorerDriver: internet explorer on WINDOWS (cd5ffdc3-9713-4f35-ab9e-b5a4652d123d)] -> name: GuMainShareHolderFlag] & Code=0
2020/07/14 23:07:23:776 DEBUG com.sinosoft.test.base.TestBase:76 - Trying to find Element By : By.name: GuMainSalesTeamCode
2020/07/14 23:07:23:897 DEBUG com.sinosoft.test.base.TestBase:80 - Found Element By : By.name: GuMainSalesTeamCode
2020/07/14 23:07:23:975 DEBUG com.sinosoft.test.base.TestBase:76 - Trying to find Element By : By.name: GuMainSalesTeamCode
2020/07/14 23:07:24:102 DEBUG com.sinosoft.test.base.TestBase:80 - Found Element By : By.name: GuMainSalesTeamCode
2020/07/14 23:07:24:103 DEBUG com.sinosoft.test.base.TestBase:42 - CodeSelect:开始设置[[InternetExplorerDriver: internet explorer on WINDOWS (cd5ffdc3-9713-4f35-ab9e-b5a4652d123d)] -> name: GuMainSalesTeamCode] & Code=T6201900101
2020/07/14 23:07:24:103 DEBUG com.sinosoft.test.base.TestBase:76 - Trying to find Element By : By.name: GuMainSalesTeamCode
2020/07/14 23:07:24:252 DEBUG com.sinosoft.test.base.TestBase:80 - Found Element By : By.name: GuMainSalesTeamCode
2020/07/14 23:07:25:832 DEBUG com.sinosoft.test.base.TestBase:272 - 系统窗口【黄河财险业务系统】with handle -bed15142-9abb-43a1-9d53-2d86244f3b05
2020/07/14 23:07:27:003 DEBUG com.sinosoft.test.base.TestBase:272 - 系统窗口【Code Select】with handle -69f81532-c906-48ca-8147-1ceda9a9aedc
2020/07/14 23:07:27:529 DEBUG com.sinosoft.test.base.TestBase:69 - 初始化class com.sinosoft.test.fccp.common.CodeSelectPage
2020/07/14 23:07:27:531 DEBUG com.sinosoft.test.base.TestBase:39 - 基础码表选择！
2020/07/14 23:07:27:531 DEBUG com.sinosoft.test.base.TestBase:76 - Trying to find Element By : By.name: fieldValue
2020/07/14 23:07:27:830 DEBUG com.sinosoft.test.base.TestBase:80 - Found Element By : By.name: fieldValue
2020/07/14 23:07:27:831  INFO com.sinosoft.test.base.TestBase:360 - setEditboxValue:[[InternetExplorerDriver: internet explorer on WINDOWS (cd5ffdc3-9713-4f35-ab9e-b5a4652d123d)] -> name: fieldValue]：T6201900101
2020/07/14 23:07:29:408  INFO com.sinosoft.test.base.TestBase:363 - setEditboxValue—End:[[InternetExplorerDriver: internet explorer on WINDOWS (cd5ffdc3-9713-4f35-ab9e-b5a4652d123d)] -> name: fieldValue]：T6201900101
2020/07/14 23:07:29:410 DEBUG com.sinosoft.test.base.TestBase:76 - Trying to find Element By : By.xpath: //input[@value='查询(Q)']
2020/07/14 23:07:29:727 DEBUG com.sinosoft.test.base.TestBase:80 - Found Element By : By.xpath: //input[@value='查询(Q)']
2020/07/14 23:07:29:728  INFO com.sinosoft.test.base.TestBase:402 - clickButton:[[InternetExplorerDriver: internet explorer on WINDOWS (cd5ffdc3-9713-4f35-ab9e-b5a4652d123d)] -> xpath: //input[@value='查询(Q)']]
2020/07/14 23:07:29:728 DEBUG com.sinosoft.test.base.TestBase:42 - Trying to click on: [[InternetExplorerDriver: internet explorer on WINDOWS (cd5ffdc3-9713-4f35-ab9e-b5a4652d123d)] -> xpath: //input[@value='查询(Q)']]
2020/07/14 23:07:31:342 DEBUG com.sinosoft.test.base.TestBase:46 - Clicked on: [[InternetExplorerDriver: internet explorer on WINDOWS (cd5ffdc3-9713-4f35-ab9e-b5a4652d123d)] -> xpath: //input[@value='查询(Q)']]
2020/07/14 23:07:31:343 DEBUG com.sinosoft.test.base.TestBase:76 - Trying to find Element By : By.name: codeselect
2020/07/14 23:07:31:695 DEBUG com.sinosoft.test.base.TestBase:80 - Found Element By : By.name: codeselect
2020/07/14 23:07:31:695  INFO com.sinosoft.test.base.TestBase:132 - setFuzzySelect:[[InternetExplorerDriver: internet explorer on WINDOWS (cd5ffdc3-9713-4f35-ab9e-b5a4652d123d)] -> name: codeselect]->T6201900101
2020/07/14 23:07:32:281 DEBUG com.sinosoft.test.base.TestBase:76 - Trying to find Element By : By.tagName: option
2020/07/14 23:07:32:632 DEBUG com.sinosoft.test.base.TestBase:80 - Found Element By : By.tagName: option
2020/07/14 23:07:32:986  INFO com.sinosoft.test.base.TestBase:142 - 找到匹配【T6201900101】的选项：T6201900101--兰州中支新团队
2020/07/14 23:07:32:988 DEBUG com.sinosoft.test.base.TestBase:76 - Trying to find Element By : By.xpath: .//option[normalize-space(.) = "T6201900101--兰州中支新团队"]
2020/07/14 23:07:33:349 DEBUG com.sinosoft.test.base.TestBase:80 - Found Element By : By.xpath: .//option[normalize-space(.) = "T6201900101--兰州中支新团队"]
2020/07/14 23:07:33:688 DEBUG com.sinosoft.test.base.TestBase:42 - Trying to click on: [[[[InternetExplorerDriver: internet explorer on WINDOWS (cd5ffdc3-9713-4f35-ab9e-b5a4652d123d)] -> name: codeselect]] -> xpath: .//option[normalize-space(.) = "T6201900101--兰州中支新团队"]]
2020/07/14 23:07:34:213 DEBUG com.sinosoft.test.base.TestBase:46 - Clicked on: [[[[InternetExplorerDriver: internet explorer on WINDOWS (cd5ffdc3-9713-4f35-ab9e-b5a4652d123d)] -> name: codeselect]] -> xpath: .//option[normalize-space(.) = "T6201900101--兰州中支新团队"]]
2020/07/14 23:07:34:214 DEBUG com.sinosoft.test.base.TestBase:151 - setFuzzySelect 结束！
2020/07/14 23:07:34:214 DEBUG com.sinosoft.test.base.TestBase:76 - Trying to find Element By : By.name: SelectIt
2020/07/14 23:07:34:559 DEBUG com.sinosoft.test.base.TestBase:80 - Found Element By : By.name: SelectIt
2020/07/14 23:07:34:559  INFO com.sinosoft.test.base.TestBase:416 - jsClickButton:[[InternetExplorerDriver: internet explorer on WINDOWS (cd5ffdc3-9713-4f35-ab9e-b5a4652d123d)] -> name: SelectIt]
2020/07/14 23:07:34:560  INFO com.sinosoft.test.base.TestBase:144 - RunJavaScript:[[InternetExplorerDriver: internet explorer on WINDOWS (cd5ffdc3-9713-4f35-ab9e-b5a4652d123d)] -> name: SelectIt]	arguments[0].click();
2020/07/14 23:07:35:338 DEBUG com.sinosoft.test.base.TestBase:272 - 系统窗口【黄河财险业务系统】with handle -bed15142-9abb-43a1-9d53-2d86244f3b05
2020/07/14 23:07:38:536 DEBUG com.sinosoft.test.base.TestBase:76 - Trying to find Element By : By.name: GuMainSalesTeamCode
2020/07/14 23:07:38:640 DEBUG com.sinosoft.test.base.TestBase:80 - Found Element By : By.name: GuMainSalesTeamCode
2020/07/14 23:07:38:641 DEBUG com.sinosoft.test.base.TestBase:49 - CodeSelect:设置完毕[[InternetExplorerDriver: internet explorer on WINDOWS (cd5ffdc3-9713-4f35-ab9e-b5a4652d123d)] -> name: GuMainSalesTeamCode] & Code=T6201900101
2020/07/14 23:07:38:641 DEBUG com.sinosoft.test.base.TestBase:76 - Trying to find Element By : By.name: GuMainSalesmanCode
2020/07/14 23:07:38:773 DEBUG com.sinosoft.test.base.TestBase:80 - Found Element By : By.name: GuMainSalesmanCode
2020/07/14 23:07:38:825 DEBUG com.sinosoft.test.base.TestBase:76 - Trying to find Element By : By.name: GuMainSalesmanCode
2020/07/14 23:07:38:942 DEBUG com.sinosoft.test.base.TestBase:80 - Found Element By : By.name: GuMainSalesmanCode
2020/07/14 23:07:38:943 DEBUG com.sinosoft.test.base.TestBase:42 - CodeSelect:开始设置[[InternetExplorerDriver: internet explorer on WINDOWS (cd5ffdc3-9713-4f35-ab9e-b5a4652d123d)] -> name: GuMainSalesmanCode] & Code=S000000006
2020/07/14 23:07:38:943 DEBUG com.sinosoft.test.base.TestBase:76 - Trying to find Element By : By.name: GuMainSalesmanCode
2020/07/14 23:07:39:063 DEBUG com.sinosoft.test.base.TestBase:80 - Found Element By : By.name: GuMainSalesmanCode
2020/07/14 23:07:40:519 DEBUG com.sinosoft.test.base.TestBase:272 - 系统窗口【黄河财险业务系统】with handle -bed15142-9abb-43a1-9d53-2d86244f3b05
2020/07/14 23:07:41:200 DEBUG com.sinosoft.test.base.TestBase:272 - 系统窗口【黄河财险业务系统】with handle -bed15142-9abb-43a1-9d53-2d86244f3b05
2020/07/14 23:07:41:867 DEBUG com.sinosoft.test.base.TestBase:272 - 系统窗口【Code Select】with handle -cdaa1896-abe4-4686-917b-72d0308e7102
2020/07/14 23:07:42:389 DEBUG com.sinosoft.test.base.TestBase:69 - 初始化class com.sinosoft.test.fccp.common.CodeSelectPage
2020/07/14 23:07:42:391 DEBUG com.sinosoft.test.base.TestBase:39 - 基础码表选择！
2020/07/14 23:07:42:391 DEBUG com.sinosoft.test.base.TestBase:76 - Trying to find Element By : By.name: fieldValue
2020/07/14 23:07:42:711 DEBUG com.sinosoft.test.base.TestBase:80 - Found Element By : By.name: fieldValue
2020/07/14 23:07:42:712  INFO com.sinosoft.test.base.TestBase:360 - setEditboxValue:[[InternetExplorerDriver: internet explorer on WINDOWS (cd5ffdc3-9713-4f35-ab9e-b5a4652d123d)] -> name: fieldValue]：S000000006
2020/07/14 23:07:44:340  INFO com.sinosoft.test.base.TestBase:363 - setEditboxValue—End:[[InternetExplorerDriver: internet explorer on WINDOWS (cd5ffdc3-9713-4f35-ab9e-b5a4652d123d)] -> name: fieldValue]：S000000006
2020/07/14 23:07:44:340 DEBUG com.sinosoft.test.base.TestBase:76 - Trying to find Element By : By.xpath: //input[@value='查询(Q)']
2020/07/14 23:07:44:667 DEBUG com.sinosoft.test.base.TestBase:80 - Found Element By : By.xpath: //input[@value='查询(Q)']
2020/07/14 23:07:44:668  INFO com.sinosoft.test.base.TestBase:402 - clickButton:[[InternetExplorerDriver: internet explorer on WINDOWS (cd5ffdc3-9713-4f35-ab9e-b5a4652d123d)] -> xpath: //input[@value='查询(Q)']]
2020/07/14 23:07:44:668 DEBUG com.sinosoft.test.base.TestBase:42 - Trying to click on: [[InternetExplorerDriver: internet explorer on WINDOWS (cd5ffdc3-9713-4f35-ab9e-b5a4652d123d)] -> xpath: //input[@value='查询(Q)']]
2020/07/14 23:07:46:285 DEBUG com.sinosoft.test.base.TestBase:46 - Clicked on: [[InternetExplorerDriver: internet explorer on WINDOWS (cd5ffdc3-9713-4f35-ab9e-b5a4652d123d)] -> xpath: //input[@value='查询(Q)']]
2020/07/14 23:07:46:286 DEBUG com.sinosoft.test.base.TestBase:76 - Trying to find Element By : By.name: codeselect
2020/07/14 23:07:46:631 DEBUG com.sinosoft.test.base.TestBase:80 - Found Element By : By.name: codeselect
2020/07/14 23:07:46:632  INFO com.sinosoft.test.base.TestBase:132 - setFuzzySelect:[[InternetExplorerDriver: internet explorer on WINDOWS (cd5ffdc3-9713-4f35-ab9e-b5a4652d123d)] -> name: codeselect]->S000000006
2020/07/14 23:07:47:255 DEBUG com.sinosoft.test.base.TestBase:76 - Trying to find Element By : By.tagName: option
2020/07/14 23:07:47:587 DEBUG com.sinosoft.test.base.TestBase:80 - Found Element By : By.tagName: option
2020/07/14 23:07:47:946  INFO com.sinosoft.test.base.TestBase:142 - 找到匹配【S000000006】的选项：S000000006--赵子毓
2020/07/14 23:07:47:947 DEBUG com.sinosoft.test.base.TestBase:76 - Trying to find Element By : By.xpath: .//option[normalize-space(.) = "S000000006--赵子毓"]
2020/07/14 23:07:48:286 DEBUG com.sinosoft.test.base.TestBase:80 - Found Element By : By.xpath: .//option[normalize-space(.) = "S000000006--赵子毓"]
2020/07/14 23:07:48:602 DEBUG com.sinosoft.test.base.TestBase:42 - Trying to click on: [[[[InternetExplorerDriver: internet explorer on WINDOWS (cd5ffdc3-9713-4f35-ab9e-b5a4652d123d)] -> name: codeselect]] -> xpath: .//option[normalize-space(.) = "S000000006--赵子毓"]]
2020/07/14 23:07:49:166 DEBUG com.sinosoft.test.base.TestBase:46 - Clicked on: [[[[InternetExplorerDriver: internet explorer on WINDOWS (cd5ffdc3-9713-4f35-ab9e-b5a4652d123d)] -> name: codeselect]] -> xpath: .//option[normalize-space(.) = "S000000006--赵子毓"]]
2020/07/14 23:07:49:168 DEBUG com.sinosoft.test.base.TestBase:151 - setFuzzySelect 结束！
2020/07/14 23:07:49:168 DEBUG com.sinosoft.test.base.TestBase:76 - Trying to find Element By : By.name: SelectIt
2020/07/14 23:07:49:493 DEBUG com.sinosoft.test.base.TestBase:80 - Found Element By : By.name: SelectIt
2020/07/14 23:07:49:495  INFO com.sinosoft.test.base.TestBase:416 - jsClickButton:[[InternetExplorerDriver: internet explorer on WINDOWS (cd5ffdc3-9713-4f35-ab9e-b5a4652d123d)] -> name: SelectIt]
2020/07/14 23:07:49:496  INFO com.sinosoft.test.base.TestBase:144 - RunJavaScript:[[InternetExplorerDriver: internet explorer on WINDOWS (cd5ffdc3-9713-4f35-ab9e-b5a4652d123d)] -> name: SelectIt]	arguments[0].click();
2020/07/14 23:07:50:293 DEBUG com.sinosoft.test.base.TestBase:272 - 系统窗口【黄河财险业务系统】with handle -bed15142-9abb-43a1-9d53-2d86244f3b05
2020/07/14 23:07:53:568 DEBUG com.sinosoft.test.base.TestBase:76 - Trying to find Element By : By.name: GuMainSalesmanCode
2020/07/14 23:07:53:664 DEBUG com.sinosoft.test.base.TestBase:80 - Found Element By : By.name: GuMainSalesmanCode
2020/07/14 23:07:53:665 DEBUG com.sinosoft.test.base.TestBase:49 - CodeSelect:设置完毕[[InternetExplorerDriver: internet explorer on WINDOWS (cd5ffdc3-9713-4f35-ab9e-b5a4652d123d)] -> name: GuMainSalesmanCode] & Code=S000000006
2020/07/14 23:07:53:665 DEBUG com.sinosoft.test.base.TestBase:76 - Trying to find Element By : By.name: GuMainBusinessSource
2020/07/14 23:07:53:786 DEBUG com.sinosoft.test.base.TestBase:80 - Found Element By : By.name: GuMainBusinessSource
2020/07/14 23:07:53:843 DEBUG com.sinosoft.test.base.TestBase:76 - Trying to find Element By : By.name: GuMainBusinessSource
2020/07/14 23:07:53:979 DEBUG com.sinosoft.test.base.TestBase:80 - Found Element By : By.name: GuMainBusinessSource
2020/07/14 23:07:53:982 DEBUG com.sinosoft.test.base.TestBase:42 - CodeSelect:开始设置[[InternetExplorerDriver: internet explorer on WINDOWS (cd5ffdc3-9713-4f35-ab9e-b5a4652d123d)] -> name: GuMainBusinessSource] & Code=01010101
2020/07/14 23:07:53:983 DEBUG com.sinosoft.test.base.TestBase:76 - Trying to find Element By : By.name: GuMainBusinessSource
2020/07/14 23:07:54:065 DEBUG com.sinosoft.test.base.TestBase:80 - Found Element By : By.name: GuMainBusinessSource
2020/07/14 23:07:55:573 DEBUG com.sinosoft.test.base.TestBase:272 - 系统窗口【黄河财险业务系统】with handle -bed15142-9abb-43a1-9d53-2d86244f3b05
2020/07/14 23:07:56:256 DEBUG com.sinosoft.test.base.TestBase:272 - 系统窗口【黄河财险业务系统】with handle -bed15142-9abb-43a1-9d53-2d86244f3b05
2020/07/14 23:07:56:916 DEBUG com.sinosoft.test.base.TestBase:272 - 系统窗口【Code Select】with handle -16866228-ddea-4a56-abc4-52723416a88e
2020/07/14 23:07:57:456 DEBUG com.sinosoft.test.base.TestBase:69 - 初始化class com.sinosoft.test.fccp.common.CodeSelectPage
2020/07/14 23:07:57:457 DEBUG com.sinosoft.test.base.TestBase:39 - 基础码表选择！
2020/07/14 23:07:57:458 DEBUG com.sinosoft.test.base.TestBase:76 - Trying to find Element By : By.name: fieldValue
2020/07/14 23:07:57:773 DEBUG com.sinosoft.test.base.TestBase:80 - Found Element By : By.name: fieldValue
2020/07/14 23:07:57:775  INFO com.sinosoft.test.base.TestBase:360 - setEditboxValue:[[InternetExplorerDriver: internet explorer on WINDOWS (cd5ffdc3-9713-4f35-ab9e-b5a4652d123d)] -> name: fieldValue]：01010101
2020/07/14 23:07:59:299  INFO com.sinosoft.test.base.TestBase:363 - setEditboxValue—End:[[InternetExplorerDriver: internet explorer on WINDOWS (cd5ffdc3-9713-4f35-ab9e-b5a4652d123d)] -> name: fieldValue]：01010101
2020/07/14 23:07:59:301 DEBUG com.sinosoft.test.base.TestBase:76 - Trying to find Element By : By.xpath: //input[@value='查询(Q)']
2020/07/14 23:07:59:638 DEBUG com.sinosoft.test.base.TestBase:80 - Found Element By : By.xpath: //input[@value='查询(Q)']
2020/07/14 23:07:59:638  INFO com.sinosoft.test.base.TestBase:402 - clickButton:[[InternetExplorerDriver: internet explorer on WINDOWS (cd5ffdc3-9713-4f35-ab9e-b5a4652d123d)] -> xpath: //input[@value='查询(Q)']]
2020/07/14 23:07:59:639 DEBUG com.sinosoft.test.base.TestBase:42 - Trying to click on: [[InternetExplorerDriver: internet explorer on WINDOWS (cd5ffdc3-9713-4f35-ab9e-b5a4652d123d)] -> xpath: //input[@value='查询(Q)']]
2020/07/14 23:08:01:295 DEBUG com.sinosoft.test.base.TestBase:46 - Clicked on: [[InternetExplorerDriver: internet explorer on WINDOWS (cd5ffdc3-9713-4f35-ab9e-b5a4652d123d)] -> xpath: //input[@value='查询(Q)']]
2020/07/14 23:08:01:296 DEBUG com.sinosoft.test.base.TestBase:76 - Trying to find Element By : By.name: codeselect
2020/07/14 23:08:01:606 DEBUG com.sinosoft.test.base.TestBase:80 - Found Element By : By.name: codeselect
2020/07/14 23:08:01:607  INFO com.sinosoft.test.base.TestBase:132 - setFuzzySelect:[[InternetExplorerDriver: internet explorer on WINDOWS (cd5ffdc3-9713-4f35-ab9e-b5a4652d123d)] -> name: codeselect]->01010101
2020/07/14 23:08:02:209 DEBUG com.sinosoft.test.base.TestBase:76 - Trying to find Element By : By.tagName: option
2020/07/14 23:08:02:728 DEBUG com.sinosoft.test.base.TestBase:80 - Found Element By : By.tagName: option
2020/07/14 23:08:03:074  INFO com.sinosoft.test.base.TestBase:142 - 找到匹配【01010101】的选项：01010101--柜面直销
2020/07/14 23:08:03:075 DEBUG com.sinosoft.test.base.TestBase:76 - Trying to find Element By : By.xpath: .//option[normalize-space(.) = "01010101--柜面直销"]
2020/07/14 23:08:03:438 DEBUG com.sinosoft.test.base.TestBase:80 - Found Element By : By.xpath: .//option[normalize-space(.) = "01010101--柜面直销"]
2020/07/14 23:08:03:769 DEBUG com.sinosoft.test.base.TestBase:42 - Trying to click on: [[[[InternetExplorerDriver: internet explorer on WINDOWS (cd5ffdc3-9713-4f35-ab9e-b5a4652d123d)] -> name: codeselect]] -> xpath: .//option[normalize-space(.) = "01010101--柜面直销"]]
2020/07/14 23:08:04:304 DEBUG com.sinosoft.test.base.TestBase:46 - Clicked on: [[[[InternetExplorerDriver: internet explorer on WINDOWS (cd5ffdc3-9713-4f35-ab9e-b5a4652d123d)] -> name: codeselect]] -> xpath: .//option[normalize-space(.) = "01010101--柜面直销"]]
2020/07/14 23:08:04:305 DEBUG com.sinosoft.test.base.TestBase:151 - setFuzzySelect 结束！
2020/07/14 23:08:04:305 DEBUG com.sinosoft.test.base.TestBase:76 - Trying to find Element By : By.name: SelectIt
2020/07/14 23:08:04:656 DEBUG com.sinosoft.test.base.TestBase:80 - Found Element By : By.name: SelectIt
2020/07/14 23:08:04:657  INFO com.sinosoft.test.base.TestBase:416 - jsClickButton:[[InternetExplorerDriver: internet explorer on WINDOWS (cd5ffdc3-9713-4f35-ab9e-b5a4652d123d)] -> name: SelectIt]
2020/07/14 23:08:04:658  INFO com.sinosoft.test.base.TestBase:144 - RunJavaScript:[[InternetExplorerDriver: internet explorer on WINDOWS (cd5ffdc3-9713-4f35-ab9e-b5a4652d123d)] -> name: SelectIt]	arguments[0].click();
2020/07/14 23:08:05:481 DEBUG com.sinosoft.test.base.TestBase:272 - 系统窗口【黄河财险业务系统】with handle -bed15142-9abb-43a1-9d53-2d86244f3b05
2020/07/14 23:08:09:149 DEBUG com.sinosoft.test.base.TestBase:76 - Trying to find Element By : By.name: GuMainBusinessSource
2020/07/14 23:08:09:301 DEBUG com.sinosoft.test.base.TestBase:80 - Found Element By : By.name: GuMainBusinessSource
2020/07/14 23:08:09:302 DEBUG com.sinosoft.test.base.TestBase:49 - CodeSelect:设置完毕[[InternetExplorerDriver: internet explorer on WINDOWS (cd5ffdc3-9713-4f35-ab9e-b5a4652d123d)] -> name: GuMainBusinessSource] & Code=01010101
2020/07/14 23:08:09:302 DEBUG com.sinosoft.test.base.TestBase:76 - Trying to find Element By : By.name: GuMainSurveyInd
2020/07/14 23:08:09:437 DEBUG com.sinosoft.test.base.TestBase:80 - Found Element By : By.name: GuMainSurveyInd
2020/07/14 23:08:09:438  INFO com.sinosoft.test.base.TestBase:96 - setSelectWithStartText:[[InternetExplorerDriver: internet explorer on WINDOWS (cd5ffdc3-9713-4f35-ab9e-b5a4652d123d)] -> name: GuMainSurveyInd]->HXXT
2020/07/14 23:08:09:438 DEBUG com.sinosoft.test.base.TestBase:76 - Trying to find Element By : By.name: GuMainSurveyInd
2020/07/14 23:08:09:571 DEBUG com.sinosoft.test.base.TestBase:80 - Found Element By : By.name: GuMainSurveyInd
2020/07/14 23:08:09:609 DEBUG com.sinosoft.test.base.TestBase:76 - Trying to find Element By : By.name: GuMainSurveyInd
2020/07/14 23:08:09:705 DEBUG com.sinosoft.test.base.TestBase:80 - Found Element By : By.name: GuMainSurveyInd
2020/07/14 23:08:09:762 DEBUG com.sinosoft.test.base.TestBase:76 - Trying to find Element By : By.name: GuMainSurveyInd
2020/07/14 23:08:09:914 DEBUG com.sinosoft.test.base.TestBase:80 - Found Element By : By.name: GuMainSurveyInd
2020/07/14 23:08:09:914 DEBUG com.sinosoft.test.base.TestBase:76 - Trying to find Element By : By.tagName: option
2020/07/14 23:08:10:867 DEBUG com.sinosoft.test.base.TestBase:80 - Found Element By : By.tagName: option
2020/07/14 23:08:10:962  INFO com.sinosoft.test.base.TestBase:114 - 找到匹配【HXXT】的选项：HXXT-核心
2020/07/14 23:08:10:964 DEBUG com.sinosoft.test.base.TestBase:76 - Trying to find Element By : By.name: GuMainSurveyInd
2020/07/14 23:08:11:097 DEBUG com.sinosoft.test.base.TestBase:80 - Found Element By : By.name: GuMainSurveyInd
2020/07/14 23:08:11:098 DEBUG com.sinosoft.test.base.TestBase:76 - Trying to find Element By : By.xpath: .//option[normalize-space(.) = "HXXT-核心"]
2020/07/14 23:08:11:214 DEBUG com.sinosoft.test.base.TestBase:80 - Found Element By : By.xpath: .//option[normalize-space(.) = "HXXT-核心"]
2020/07/14 23:08:11:311 DEBUG com.sinosoft.test.base.TestBase:123 - setSelectWithStartText 结束！
2020/07/14 23:08:11:313 DEBUG com.sinosoft.test.base.TestBase:76 - Trying to find Element By : By.name: GuMainArgueSolution
2020/07/14 23:08:11:442 DEBUG com.sinosoft.test.base.TestBase:80 - Found Element By : By.name: GuMainArgueSolution
2020/07/14 23:08:11:443  INFO com.sinosoft.test.base.TestBase:96 - setSelectWithStartText:[[InternetExplorerDriver: internet explorer on WINDOWS (cd5ffdc3-9713-4f35-ab9e-b5a4652d123d)] -> name: GuMainArgueSolution]->
2020/07/14 23:08:11:444 DEBUG com.sinosoft.test.base.TestBase:76 - Trying to find Element By : By.name: GuMainDomesticInd
2020/07/14 23:08:11:543 DEBUG com.sinosoft.test.base.TestBase:80 - Found Element By : By.name: GuMainDomesticInd
2020/07/14 23:08:11:544  INFO com.sinosoft.test.base.TestBase:96 - setSelectWithStartText:[[InternetExplorerDriver: internet explorer on WINDOWS (cd5ffdc3-9713-4f35-ab9e-b5a4652d123d)] -> name: GuMainDomesticInd]->
2020/07/14 23:08:11:544 DEBUG com.sinosoft.test.base.TestBase:76 - Trying to find Element By : By.name: GuMainComInsureInd
2020/07/14 23:08:11:698 DEBUG com.sinosoft.test.base.TestBase:80 - Found Element By : By.name: GuMainComInsureInd
2020/07/14 23:08:11:698  INFO com.sinosoft.test.base.TestBase:96 - setSelectWithStartText:[[InternetExplorerDriver: internet explorer on WINDOWS (cd5ffdc3-9713-4f35-ab9e-b5a4652d123d)] -> name: GuMainComInsureInd]->0
2020/07/14 23:08:11:699 DEBUG com.sinosoft.test.base.TestBase:76 - Trying to find Element By : By.name: GuMainComInsureInd
2020/07/14 23:08:11:849 DEBUG com.sinosoft.test.base.TestBase:80 - Found Element By : By.name: GuMainComInsureInd
2020/07/14 23:08:11:887 DEBUG com.sinosoft.test.base.TestBase:76 - Trying to find Element By : By.name: GuMainComInsureInd
2020/07/14 23:08:12:045 DEBUG com.sinosoft.test.base.TestBase:80 - Found Element By : By.name: GuMainComInsureInd
2020/07/14 23:08:12:082 DEBUG com.sinosoft.test.base.TestBase:76 - Trying to find Element By : By.name: GuMainComInsureInd
2020/07/14 23:08:12:265 DEBUG com.sinosoft.test.base.TestBase:80 - Found Element By : By.name: GuMainComInsureInd
2020/07/14 23:08:12:266 DEBUG com.sinosoft.test.base.TestBase:76 - Trying to find Element By : By.tagName: option
2020/07/14 23:08:12:551 DEBUG com.sinosoft.test.base.TestBase:80 - Found Element By : By.tagName: option
2020/07/14 23:08:12:660  INFO com.sinosoft.test.base.TestBase:114 - 找到匹配【0】的选项：0-非统括业务
2020/07/14 23:08:12:662 DEBUG com.sinosoft.test.base.TestBase:76 - Trying to find Element By : By.name: GuMainComInsureInd
2020/07/14 23:08:12:801 DEBUG com.sinosoft.test.base.TestBase:80 - Found Element By : By.name: GuMainComInsureInd
2020/07/14 23:08:12:802 DEBUG com.sinosoft.test.base.TestBase:76 - Trying to find Element By : By.xpath: .//option[normalize-space(.) = "0-非统括业务"]
2020/07/14 23:08:12:940 DEBUG com.sinosoft.test.base.TestBase:80 - Found Element By : By.xpath: .//option[normalize-space(.) = "0-非统括业务"]
2020/07/14 23:08:13:035 DEBUG com.sinosoft.test.base.TestBase:123 - setSelectWithStartText 结束！
2020/07/14 23:08:13:035 DEBUG com.sinosoft.test.base.TestBase:76 - Trying to find Element By : By.name: GuMainPolicyStyle
2020/07/14 23:08:13:146 DEBUG com.sinosoft.test.base.TestBase:80 - Found Element By : By.name: GuMainPolicyStyle
2020/07/14 23:08:13:147  INFO com.sinosoft.test.base.TestBase:96 - setSelectWithStartText:[[InternetExplorerDriver: internet explorer on WINDOWS (cd5ffdc3-9713-4f35-ab9e-b5a4652d123d)] -> name: GuMainPolicyStyle]->0
2020/07/14 23:08:13:147 DEBUG com.sinosoft.test.base.TestBase:76 - Trying to find Element By : By.name: GuMainPolicyStyle
2020/07/14 23:08:13:252 DEBUG com.sinosoft.test.base.TestBase:80 - Found Element By : By.name: GuMainPolicyStyle
2020/07/14 23:08:13:294 DEBUG com.sinosoft.test.base.TestBase:76 - Trying to find Element By : By.name: GuMainPolicyStyle
2020/07/14 23:08:13:435 DEBUG com.sinosoft.test.base.TestBase:80 - Found Element By : By.name: GuMainPolicyStyle
2020/07/14 23:08:13:478 DEBUG com.sinosoft.test.base.TestBase:76 - Trying to find Element By : By.name: GuMainPolicyStyle
2020/07/14 23:08:13:645 DEBUG com.sinosoft.test.base.TestBase:80 - Found Element By : By.name: GuMainPolicyStyle
2020/07/14 23:08:13:645 DEBUG com.sinosoft.test.base.TestBase:76 - Trying to find Element By : By.tagName: option
2020/07/14 23:08:13:831 DEBUG com.sinosoft.test.base.TestBase:80 - Found Element By : By.tagName: option
2020/07/14 23:08:13:932  INFO com.sinosoft.test.base.TestBase:114 - 找到匹配【0】的选项：0-否
2020/07/14 23:08:13:932 DEBUG com.sinosoft.test.base.TestBase:76 - Trying to find Element By : By.name: GuMainPolicyStyle
2020/07/14 23:08:14:093 DEBUG com.sinosoft.test.base.TestBase:80 - Found Element By : By.name: GuMainPolicyStyle
2020/07/14 23:08:14:095 DEBUG com.sinosoft.test.base.TestBase:76 - Trying to find Element By : By.xpath: .//option[normalize-space(.) = "0-否"]
2020/07/14 23:08:14:224 DEBUG com.sinosoft.test.base.TestBase:80 - Found Element By : By.xpath: .//option[normalize-space(.) = "0-否"]
2020/07/14 23:08:14:291 DEBUG com.sinosoft.test.base.TestBase:123 - setSelectWithStartText 结束！
2020/07/14 23:08:14:292 DEBUG com.sinosoft.test.base.TestBase:76 - Trying to find Element By : By.name: RenewalOfInsuranceSelect
2020/07/14 23:08:14:485 DEBUG com.sinosoft.test.base.TestBase:80 - Found Element By : By.name: RenewalOfInsuranceSelect
2020/07/14 23:08:14:487  INFO com.sinosoft.test.base.TestBase:96 - setSelectWithStartText:[[InternetExplorerDriver: internet explorer on WINDOWS (cd5ffdc3-9713-4f35-ab9e-b5a4652d123d)] -> name: RenewalOfInsuranceSelect]->0
2020/07/14 23:08:14:490 DEBUG com.sinosoft.test.base.TestBase:76 - Trying to find Element By : By.name: RenewalOfInsuranceSelect
2020/07/14 23:08:14:649 DEBUG com.sinosoft.test.base.TestBase:80 - Found Element By : By.name: RenewalOfInsuranceSelect
2020/07/14 23:08:14:691 DEBUG com.sinosoft.test.base.TestBase:76 - Trying to find Element By : By.name: RenewalOfInsuranceSelect
2020/07/14 23:08:14:794 DEBUG com.sinosoft.test.base.TestBase:80 - Found Element By : By.name: RenewalOfInsuranceSelect
2020/07/14 23:08:14:883 DEBUG com.sinosoft.test.base.TestBase:76 - Trying to find Element By : By.name: RenewalOfInsuranceSelect
2020/07/14 23:08:15:014 DEBUG com.sinosoft.test.base.TestBase:80 - Found Element By : By.name: RenewalOfInsuranceSelect
2020/07/14 23:08:15:014 DEBUG com.sinosoft.test.base.TestBase:76 - Trying to find Element By : By.tagName: option
2020/07/14 23:08:15:217 DEBUG com.sinosoft.test.base.TestBase:80 - Found Element By : By.tagName: option
2020/07/14 23:08:15:326  INFO com.sinosoft.test.base.TestBase:114 - 找到匹配【0】的选项：0-否
2020/07/14 23:08:15:327 DEBUG com.sinosoft.test.base.TestBase:76 - Trying to find Element By : By.name: RenewalOfInsuranceSelect
2020/07/14 23:08:15:456 DEBUG com.sinosoft.test.base.TestBase:80 - Found Element By : By.name: RenewalOfInsuranceSelect
2020/07/14 23:08:15:457 DEBUG com.sinosoft.test.base.TestBase:76 - Trying to find Element By : By.xpath: .//option[normalize-space(.) = "0-否"]
2020/07/14 23:08:15:575 DEBUG com.sinosoft.test.base.TestBase:80 - Found Element By : By.xpath: .//option[normalize-space(.) = "0-否"]
2020/07/14 23:08:15:623 DEBUG com.sinosoft.test.base.TestBase:42 - Trying to click on: [[[[InternetExplorerDriver: internet explorer on WINDOWS (cd5ffdc3-9713-4f35-ab9e-b5a4652d123d)] -> name: RenewalOfInsuranceSelect]] -> xpath: .//option[normalize-space(.) = "0-否"]]
2020/07/14 23:08:16:067 DEBUG com.sinosoft.test.base.TestBase:46 - Clicked on: [[[[InternetExplorerDriver: internet explorer on WINDOWS (cd5ffdc3-9713-4f35-ab9e-b5a4652d123d)] -> name: RenewalOfInsuranceSelect]] -> xpath: .//option[normalize-space(.) = "0-否"]]
2020/07/14 23:08:16:067 DEBUG com.sinosoft.test.base.TestBase:123 - setSelectWithStartText 结束！
2020/07/14 23:08:16:068 DEBUG com.sinosoft.test.base.TestBase:76 - Trying to find Element By : By.name: GuMainIsDifferentPlace
2020/07/14 23:08:16:201 DEBUG com.sinosoft.test.base.TestBase:80 - Found Element By : By.name: GuMainIsDifferentPlace
2020/07/14 23:08:16:202  INFO com.sinosoft.test.base.TestBase:96 - setSelectWithStartText:[[InternetExplorerDriver: internet explorer on WINDOWS (cd5ffdc3-9713-4f35-ab9e-b5a4652d123d)] -> name: GuMainIsDifferentPlace]->
2020/07/14 23:08:16:203 DEBUG com.sinosoft.test.base.TestBase:76 - Trying to find Element By : By.name: GuMainIsFarming
2020/07/14 23:08:16:289 DEBUG com.sinosoft.test.base.TestBase:80 - Found Element By : By.name: GuMainIsFarming
2020/07/14 23:08:16:290  INFO com.sinosoft.test.base.TestBase:96 - setSelectWithStartText:[[InternetExplorerDriver: internet explorer on WINDOWS (cd5ffdc3-9713-4f35-ab9e-b5a4652d123d)] -> name: GuMainIsFarming]->
2020/07/14 23:08:16:290 DEBUG com.sinosoft.test.base.TestBase:76 - Trying to find Element By : By.name: AppliGuRelatedPartyInsuredType
2020/07/14 23:08:16:370 DEBUG com.sinosoft.test.base.TestBase:80 - Found Element By : By.name: AppliGuRelatedPartyInsuredType
2020/07/14 23:08:16:371  INFO com.sinosoft.test.base.TestBase:96 - setSelectWithStartText:[[InternetExplorerDriver: internet explorer on WINDOWS (cd5ffdc3-9713-4f35-ab9e-b5a4652d123d)] -> name: AppliGuRelatedPartyInsuredType]->2
2020/07/14 23:08:16:372 DEBUG com.sinosoft.test.base.TestBase:76 - Trying to find Element By : By.name: AppliGuRelatedPartyInsuredType
2020/07/14 23:08:16:455 DEBUG com.sinosoft.test.base.TestBase:80 - Found Element By : By.name: AppliGuRelatedPartyInsuredType
2020/07/14 23:08:16:487 DEBUG com.sinosoft.test.base.TestBase:76 - Trying to find Element By : By.name: AppliGuRelatedPartyInsuredType
2020/07/14 23:08:16:589 DEBUG com.sinosoft.test.base.TestBase:80 - Found Element By : By.name: AppliGuRelatedPartyInsuredType
2020/07/14 23:08:16:627 DEBUG com.sinosoft.test.base.TestBase:76 - Trying to find Element By : By.name: AppliGuRelatedPartyInsuredType
2020/07/14 23:08:16:737 DEBUG com.sinosoft.test.base.TestBase:80 - Found Element By : By.name: AppliGuRelatedPartyInsuredType
2020/07/14 23:08:16:738 DEBUG com.sinosoft.test.base.TestBase:76 - Trying to find Element By : By.tagName: option
2020/07/14 23:08:16:955 DEBUG com.sinosoft.test.base.TestBase:80 - Found Element By : By.tagName: option
2020/07/14 23:08:17:156  INFO com.sinosoft.test.base.TestBase:114 - 找到匹配【2】的选项：2-团体
2020/07/14 23:08:17:156 DEBUG com.sinosoft.test.base.TestBase:76 - Trying to find Element By : By.name: AppliGuRelatedPartyInsuredType
2020/07/14 23:08:17:287 DEBUG com.sinosoft.test.base.TestBase:80 - Found Element By : By.name: AppliGuRelatedPartyInsuredType
2020/07/14 23:08:17:289 DEBUG com.sinosoft.test.base.TestBase:76 - Trying to find Element By : By.xpath: .//option[normalize-space(.) = "2-团体"]
2020/07/14 23:08:17:381 DEBUG com.sinosoft.test.base.TestBase:80 - Found Element By : By.xpath: .//option[normalize-space(.) = "2-团体"]
2020/07/14 23:08:17:423 DEBUG com.sinosoft.test.base.TestBase:123 - setSelectWithStartText 结束！
2020/07/14 23:08:17:423 DEBUG com.sinosoft.test.base.TestBase:76 - Trying to find Element By : By.name: AppliGuRelatedPartyInsuredCode
2020/07/14 23:08:17:569 DEBUG com.sinosoft.test.base.TestBase:80 - Found Element By : By.name: AppliGuRelatedPartyInsuredCode
2020/07/14 23:08:17:570  INFO com.sinosoft.test.base.TestBase:388 - setEditboxTValue:[[InternetExplorerDriver: internet explorer on WINDOWS (cd5ffdc3-9713-4f35-ab9e-b5a4652d123d)] -> name: AppliGuRelatedPartyInsuredCode]->G6200019984
2020/07/14 23:08:17:570 DEBUG com.sinosoft.test.base.TestBase:76 - Trying to find Element By : By.name: AppliGuRelatedPartyInsuredCode
2020/07/14 23:08:17:656 DEBUG com.sinosoft.test.base.TestBase:80 - Found Element By : By.name: AppliGuRelatedPartyInsuredCode
2020/07/14 23:08:18:122 DEBUG com.sinosoft.test.base.TestBase:76 - Trying to find Element By : By.name: AppliGuRelatedPartyInsuredCode
2020/07/14 23:08:18:259 DEBUG com.sinosoft.test.base.TestBase:80 - Found Element By : By.name: AppliGuRelatedPartyInsuredCode
2020/07/14 23:08:23:885 DEBUG com.sinosoft.test.base.TestBase:76 - Trying to find Element By : By.name: buttonSaveCustomer
2020/07/14 23:08:24:056 DEBUG com.sinosoft.test.base.TestBase:80 - Found Element By : By.name: buttonSaveCustomer
2020/07/14 23:08:24:057 DEBUG com.sinosoft.test.base.TestBase:42 - Trying to click on: [[InternetExplorerDriver: internet explorer on WINDOWS (cd5ffdc3-9713-4f35-ab9e-b5a4652d123d)] -> name: buttonSaveCustomer]
2020/07/14 23:08:25:465 DEBUG com.sinosoft.test.base.TestBase:46 - Clicked on: [[InternetExplorerDriver: internet explorer on WINDOWS (cd5ffdc3-9713-4f35-ab9e-b5a4652d123d)] -> name: buttonSaveCustomer]
2020/07/14 23:08:25:696  INFO com.sinosoft.test.base.TestBase:519 - 在保存客户时捕获了一个弹窗：客户已经保存，或不需要保存.
2020/07/14 23:08:25:920 DEBUG com.sinosoft.test.base.TestBase:218 - Alert的标题是：客户已经保存，或不需要保存.
2020/07/14 23:08:26:831 DEBUG com.sinosoft.test.base.TestBase:76 - Trying to find Element By : By.name: AppliGuRelatedPartyInsuredCode
2020/07/14 23:08:26:928 DEBUG com.sinosoft.test.base.TestBase:80 - Found Element By : By.name: AppliGuRelatedPartyInsuredCode
2020/07/14 23:08:26:987 DEBUG com.sinosoft.test.base.TestBase:76 - Trying to find Element By : By.id: saveButton
2020/07/14 23:08:27:211 DEBUG com.sinosoft.test.base.TestBase:80 - Found Element By : By.id: saveButton
2020/07/14 23:08:27:213 DEBUG com.sinosoft.test.base.TestBase:42 - Trying to click on: [[InternetExplorerDriver: internet explorer on WINDOWS (cd5ffdc3-9713-4f35-ab9e-b5a4652d123d)] -> id: saveButton]
2020/07/14 23:08:33:191 DEBUG com.sinosoft.test.base.TestBase:46 - Clicked on: [[InternetExplorerDriver: internet explorer on WINDOWS (cd5ffdc3-9713-4f35-ab9e-b5a4652d123d)] -> id: saveButton]
2020/07/14 23:08:33:192 DEBUG com.sinosoft.test.base.TestBase:88 - 截屏文件名字是：FCCB_TB_JCX_1保存基本信息
2020/07/14 23:08:33:378 DEBUG com.sinosoft.test.base.TestBase:69 - 初始化class com.sinosoft.test.fccp.tbcl.RiskDetail_TypePage
2020/07/14 23:08:38:728 DEBUG com.sinosoft.test.base.TestBase:76 - Trying to find Element By : By.name: GuRiskRiskApplyType
2020/07/14 23:08:38:863 DEBUG com.sinosoft.test.base.TestBase:80 - Found Element By : By.name: GuRiskRiskApplyType
2020/07/14 23:08:38:864 DEBUG com.sinosoft.test.base.TestBase:107 - 投保处理/险种信息
2020/07/14 23:08:42:001 DEBUG com.sinosoft.test.base.TestBase:76 - Trying to find Element By : By.id: RiskItem
2020/07/14 23:08:42:073 DEBUG com.sinosoft.test.base.TestBase:80 - Found Element By : By.id: RiskItem
2020/07/14 23:08:42:074 DEBUG com.sinosoft.test.base.TestBase:76 - Trying to find Element By : By.name: summarySubBusinessNo
2020/07/14 23:08:42:183 DEBUG com.sinosoft.test.base.TestBase:80 - Found Element By : By.name: summarySubBusinessNo
2020/07/14 23:08:42:247 DEBUG com.sinosoft.test.base.TestBase:113 - 投保单号：06201900101202000000000088
2020/07/14 23:08:42:247 DEBUG com.sinosoft.test.base.TestBase:121 - 保存投保单号完毕！
2020/07/14 23:08:48:063 DEBUG com.sinosoft.test.base.TestBase:123 - 返回工作区，准备下一步操作！
2020/07/14 23:08:48:064  INFO com.sinosoft.test.base.TestBase:125 - 开始处理风险类别信息
2020/07/14 23:08:48:065 DEBUG com.sinosoft.test.base.TestBase:76 - Trying to find Element By : By.name: GuRiskRiskApplyType
2020/07/14 23:08:48:148 DEBUG com.sinosoft.test.base.TestBase:80 - Found Element By : By.name: GuRiskRiskApplyType
2020/07/14 23:08:48:149  INFO com.sinosoft.test.base.TestBase:96 - setSelectWithStartText:[[InternetExplorerDriver: internet explorer on WINDOWS (cd5ffdc3-9713-4f35-ab9e-b5a4652d123d)] -> name: GuRiskRiskApplyType]->1
2020/07/14 23:08:48:149 DEBUG com.sinosoft.test.base.TestBase:76 - Trying to find Element By : By.name: GuRiskRiskApplyType
2020/07/14 23:08:48:297 DEBUG com.sinosoft.test.base.TestBase:80 - Found Element By : By.name: GuRiskRiskApplyType
2020/07/14 23:08:48:323 DEBUG com.sinosoft.test.base.TestBase:76 - Trying to find Element By : By.name: GuRiskRiskApplyType
2020/07/14 23:08:48:438 DEBUG com.sinosoft.test.base.TestBase:80 - Found Element By : By.name: GuRiskRiskApplyType
2020/07/14 23:08:48:479 DEBUG com.sinosoft.test.base.TestBase:76 - Trying to find Element By : By.name: GuRiskRiskApplyType
2020/07/14 23:08:48:656 DEBUG com.sinosoft.test.base.TestBase:80 - Found Element By : By.name: GuRiskRiskApplyType
2020/07/14 23:08:48:656 DEBUG com.sinosoft.test.base.TestBase:76 - Trying to find Element By : By.tagName: option
2020/07/14 23:08:49:034 DEBUG com.sinosoft.test.base.TestBase:80 - Found Element By : By.tagName: option
2020/07/14 23:08:49:304  INFO com.sinosoft.test.base.TestBase:114 - 找到匹配【1】的选项：1-全国
2020/07/14 23:08:49:304 DEBUG com.sinosoft.test.base.TestBase:76 - Trying to find Element By : By.name: GuRiskRiskApplyType
2020/07/14 23:08:49:417 DEBUG com.sinosoft.test.base.TestBase:80 - Found Element By : By.name: GuRiskRiskApplyType
2020/07/14 23:08:49:418 DEBUG com.sinosoft.test.base.TestBase:76 - Trying to find Element By : By.xpath: .//option[normalize-space(.) = "1-全国"]
2020/07/14 23:08:49:527 DEBUG com.sinosoft.test.base.TestBase:80 - Found Element By : By.xpath: .//option[normalize-space(.) = "1-全国"]
2020/07/14 23:08:49:567 DEBUG com.sinosoft.test.base.TestBase:123 - setSelectWithStartText 结束！
2020/07/14 23:08:49:568 DEBUG com.sinosoft.test.base.TestBase:76 - Trying to find Element By : By.name: GuRiskCoinsInd
2020/07/14 23:08:49:682 DEBUG com.sinosoft.test.base.TestBase:80 - Found Element By : By.name: GuRiskCoinsInd
2020/07/14 23:08:49:683  INFO com.sinosoft.test.base.TestBase:96 - setSelectWithStartText:[[InternetExplorerDriver: internet explorer on WINDOWS (cd5ffdc3-9713-4f35-ab9e-b5a4652d123d)] -> name: GuRiskCoinsInd]->1
2020/07/14 23:08:49:684 DEBUG com.sinosoft.test.base.TestBase:76 - Trying to find Element By : By.name: GuRiskCoinsInd
2020/07/14 23:08:49:766 DEBUG com.sinosoft.test.base.TestBase:80 - Found Element By : By.name: GuRiskCoinsInd
2020/07/14 23:08:49:794 DEBUG com.sinosoft.test.base.TestBase:76 - Trying to find Element By : By.name: GuRiskCoinsInd
2020/07/14 23:08:49:877 DEBUG com.sinosoft.test.base.TestBase:80 - Found Element By : By.name: GuRiskCoinsInd
2020/07/14 23:08:49:943 DEBUG com.sinosoft.test.base.TestBase:76 - Trying to find Element By : By.name: GuRiskCoinsInd
2020/07/14 23:08:50:043 DEBUG com.sinosoft.test.base.TestBase:80 - Found Element By : By.name: GuRiskCoinsInd
2020/07/14 23:08:50:044 DEBUG com.sinosoft.test.base.TestBase:76 - Trying to find Element By : By.tagName: option
2020/07/14 23:08:50:563 DEBUG com.sinosoft.test.base.TestBase:80 - Found Element By : By.tagName: option
2020/07/14 23:08:50:712  INFO com.sinosoft.test.base.TestBase:114 - 找到匹配【1】的选项：1-主共保
2020/07/14 23:08:50:713 DEBUG com.sinosoft.test.base.TestBase:76 - Trying to find Element By : By.name: GuRiskCoinsInd
2020/07/14 23:08:50:870 DEBUG com.sinosoft.test.base.TestBase:80 - Found Element By : By.name: GuRiskCoinsInd
2020/07/14 23:08:50:871 DEBUG com.sinosoft.test.base.TestBase:76 - Trying to find Element By : By.xpath: .//option[normalize-space(.) = "1-主共保"]
2020/07/14 23:08:50:981 DEBUG com.sinosoft.test.base.TestBase:80 - Found Element By : By.xpath: .//option[normalize-space(.) = "1-主共保"]
2020/07/14 23:08:51:053 DEBUG com.sinosoft.test.base.TestBase:42 - Trying to click on: [[[[InternetExplorerDriver: internet explorer on WINDOWS (cd5ffdc3-9713-4f35-ab9e-b5a4652d123d)] -> name: GuRiskCoinsInd]] -> xpath: .//option[normalize-space(.) = "1-主共保"]]
2020/07/14 23:08:51:409 DEBUG com.sinosoft.test.base.TestBase:46 - Clicked on: [[[[InternetExplorerDriver: internet explorer on WINDOWS (cd5ffdc3-9713-4f35-ab9e-b5a4652d123d)] -> name: GuRiskCoinsInd]] -> xpath: .//option[normalize-space(.) = "1-主共保"]]
2020/07/14 23:08:51:409 DEBUG com.sinosoft.test.base.TestBase:123 - setSelectWithStartText 结束！
2020/07/14 23:08:51:410 DEBUG com.sinosoft.test.base.TestBase:76 - Trying to find Element By : By.name: GuRiskBusinessFlag
2020/07/14 23:08:51:563 DEBUG com.sinosoft.test.base.TestBase:80 - Found Element By : By.name: GuRiskBusinessFlag
2020/07/14 23:08:51:563  INFO com.sinosoft.test.base.TestBase:96 - setSelectWithStartText:[[InternetExplorerDriver: internet explorer on WINDOWS (cd5ffdc3-9713-4f35-ab9e-b5a4652d123d)] -> name: GuRiskBusinessFlag]->1
2020/07/14 23:08:51:563 DEBUG com.sinosoft.test.base.TestBase:76 - Trying to find Element By : By.name: GuRiskBusinessFlag
2020/07/14 23:08:51:754 DEBUG com.sinosoft.test.base.TestBase:80 - Found Element By : By.name: GuRiskBusinessFlag
2020/07/14 23:08:51:788 DEBUG com.sinosoft.test.base.TestBase:76 - Trying to find Element By : By.name: GuRiskBusinessFlag
2020/07/14 23:08:51:916 DEBUG com.sinosoft.test.base.TestBase:80 - Found Element By : By.name: GuRiskBusinessFlag
2020/07/14 23:08:51:960 DEBUG com.sinosoft.test.base.TestBase:76 - Trying to find Element By : By.name: GuRiskBusinessFlag
2020/07/14 23:08:52:123 DEBUG com.sinosoft.test.base.TestBase:80 - Found Element By : By.name: GuRiskBusinessFlag
2020/07/14 23:08:52:124 DEBUG com.sinosoft.test.base.TestBase:76 - Trying to find Element By : By.tagName: option
2020/07/14 23:08:52:299 DEBUG com.sinosoft.test.base.TestBase:80 - Found Element By : By.tagName: option
2020/07/14 23:08:52:451  INFO com.sinosoft.test.base.TestBase:114 - 找到匹配【1】的选项：1-是
2020/07/14 23:08:52:452 DEBUG com.sinosoft.test.base.TestBase:76 - Trying to find Element By : By.name: GuRiskBusinessFlag
2020/07/14 23:08:52:629 DEBUG com.sinosoft.test.base.TestBase:80 - Found Element By : By.name: GuRiskBusinessFlag
2020/07/14 23:08:52:630 DEBUG com.sinosoft.test.base.TestBase:76 - Trying to find Element By : By.xpath: .//option[normalize-space(.) = "1-是"]
2020/07/14 23:08:52:746 DEBUG com.sinosoft.test.base.TestBase:80 - Found Element By : By.xpath: .//option[normalize-space(.) = "1-是"]
2020/07/14 23:08:52:819 DEBUG com.sinosoft.test.base.TestBase:42 - Trying to click on: [[[[InternetExplorerDriver: internet explorer on WINDOWS (cd5ffdc3-9713-4f35-ab9e-b5a4652d123d)] -> name: GuRiskBusinessFlag]] -> xpath: .//option[normalize-space(.) = "1-是"]]
2020/07/14 23:08:53:235 DEBUG com.sinosoft.test.base.TestBase:46 - Clicked on: [[[[InternetExplorerDriver: internet explorer on WINDOWS (cd5ffdc3-9713-4f35-ab9e-b5a4652d123d)] -> name: GuRiskBusinessFlag]] -> xpath: .//option[normalize-space(.) = "1-是"]]
2020/07/14 23:08:53:236 DEBUG com.sinosoft.test.base.TestBase:123 - setSelectWithStartText 结束！
2020/07/14 23:08:53:238 DEBUG com.sinosoft.test.base.TestBase:76 - Trying to find Element By : By.name: GuRiskJudicalCode
2020/07/14 23:08:53:398 DEBUG com.sinosoft.test.base.TestBase:80 - Found Element By : By.name: GuRiskJudicalCode
2020/07/14 23:08:53:398  INFO com.sinosoft.test.base.TestBase:96 - setSelectWithStartText:[[InternetExplorerDriver: internet explorer on WINDOWS (cd5ffdc3-9713-4f35-ab9e-b5a4652d123d)] -> name: GuRiskJudicalCode]->1
2020/07/14 23:08:53:399 DEBUG com.sinosoft.test.base.TestBase:76 - Trying to find Element By : By.name: GuRiskJudicalCode
2020/07/14 23:08:53:528 DEBUG com.sinosoft.test.base.TestBase:80 - Found Element By : By.name: GuRiskJudicalCode
2020/07/14 23:08:53:568 DEBUG com.sinosoft.test.base.TestBase:76 - Trying to find Element By : By.name: GuRiskJudicalCode
2020/07/14 23:08:53:697 DEBUG com.sinosoft.test.base.TestBase:80 - Found Element By : By.name: GuRiskJudicalCode
2020/07/14 23:08:53:739 DEBUG com.sinosoft.test.base.TestBase:76 - Trying to find Element By : By.name: GuRiskJudicalCode
2020/07/14 23:08:53:894 DEBUG com.sinosoft.test.base.TestBase:80 - Found Element By : By.name: GuRiskJudicalCode
2020/07/14 23:08:53:895 DEBUG com.sinosoft.test.base.TestBase:76 - Trying to find Element By : By.tagName: option
2020/07/14 23:08:54:247 DEBUG com.sinosoft.test.base.TestBase:80 - Found Element By : By.tagName: option
2020/07/14 23:08:54:318  INFO com.sinosoft.test.base.TestBase:114 - 找到匹配【1】的选项：1-中华人民共和国管辖(港澳台除外)
2020/07/14 23:08:54:318 DEBUG com.sinosoft.test.base.TestBase:76 - Trying to find Element By : By.name: GuRiskJudicalCode
2020/07/14 23:08:54:484 DEBUG com.sinosoft.test.base.TestBase:80 - Found Element By : By.name: GuRiskJudicalCode
2020/07/14 23:08:54:487 DEBUG com.sinosoft.test.base.TestBase:76 - Trying to find Element By : By.xpath: .//option[normalize-space(.) = "1-中华人民共和国管辖(港澳台除外)"]
2020/07/14 23:08:54:607 DEBUG com.sinosoft.test.base.TestBase:80 - Found Element By : By.xpath: .//option[normalize-space(.) = "1-中华人民共和国管辖(港澳台除外)"]
2020/07/14 23:08:54:665 DEBUG com.sinosoft.test.base.TestBase:123 - setSelectWithStartText 结束！
2020/07/14 23:08:54:665 DEBUG com.sinosoft.test.base.TestBase:76 - Trying to find Element By : By.xpath: //table[@id='InsuredRelatedParty']/tbody/tr[@id='InsuredGuRelatedPartyCorInsuredType']/td/select[@name='InsuredGuRelatedPartyStarLevel']
2020/07/14 23:08:54:780 DEBUG com.sinosoft.test.base.TestBase:80 - Found Element By : By.xpath: //table[@id='InsuredRelatedParty']/tbody/tr[@id='InsuredGuRelatedPartyCorInsuredType']/td/select[@name='InsuredGuRelatedPartyStarLevel']
2020/07/14 23:08:54:781  INFO com.sinosoft.test.base.TestBase:96 - setSelectWithStartText:[[InternetExplorerDriver: internet explorer on WINDOWS (cd5ffdc3-9713-4f35-ab9e-b5a4652d123d)] -> xpath: //table[@id='InsuredRelatedParty']/tbody/tr[@id='InsuredGuRelatedPartyCorInsuredType']/td/select[@name='InsuredGuRelatedPartyStarLevel']]->0
2020/07/14 23:08:54:781 DEBUG com.sinosoft.test.base.TestBase:76 - Trying to find Element By : By.xpath: //table[@id='InsuredRelatedParty']/tbody/tr[@id='InsuredGuRelatedPartyCorInsuredType']/td/select[@name='InsuredGuRelatedPartyStarLevel']
2020/07/14 23:08:54:874 DEBUG com.sinosoft.test.base.TestBase:80 - Found Element By : By.xpath: //table[@id='InsuredRelatedParty']/tbody/tr[@id='InsuredGuRelatedPartyCorInsuredType']/td/select[@name='InsuredGuRelatedPartyStarLevel']
2020/07/14 23:08:54:911 DEBUG com.sinosoft.test.base.TestBase:76 - Trying to find Element By : By.xpath: //table[@id='InsuredRelatedParty']/tbody/tr[@id='InsuredGuRelatedPartyCorInsuredType']/td/select[@name='InsuredGuRelatedPartyStarLevel']
2020/07/14 23:08:54:995 DEBUG com.sinosoft.test.base.TestBase:80 - Found Element By : By.xpath: //table[@id='InsuredRelatedParty']/tbody/tr[@id='InsuredGuRelatedPartyCorInsuredType']/td/select[@name='InsuredGuRelatedPartyStarLevel']
2020/07/14 23:08:55:039 DEBUG com.sinosoft.test.base.TestBase:76 - Trying to find Element By : By.xpath: //table[@id='InsuredRelatedParty']/tbody/tr[@id='InsuredGuRelatedPartyCorInsuredType']/td/select[@name='InsuredGuRelatedPartyStarLevel']
2020/07/14 23:08:55:145 DEBUG com.sinosoft.test.base.TestBase:80 - Found Element By : By.xpath: //table[@id='InsuredRelatedParty']/tbody/tr[@id='InsuredGuRelatedPartyCorInsuredType']/td/select[@name='InsuredGuRelatedPartyStarLevel']
2020/07/14 23:08:55:145 DEBUG com.sinosoft.test.base.TestBase:76 - Trying to find Element By : By.tagName: option
2020/07/14 23:08:55:443 DEBUG com.sinosoft.test.base.TestBase:80 - Found Element By : By.tagName: option
2020/07/14 23:08:55:644  INFO com.sinosoft.test.base.TestBase:114 - 找到匹配【0】的选项：0-普通客户
2020/07/14 23:08:55:644 DEBUG com.sinosoft.test.base.TestBase:76 - Trying to find Element By : By.xpath: //table[@id='InsuredRelatedParty']/tbody/tr[@id='InsuredGuRelatedPartyCorInsuredType']/td/select[@name='InsuredGuRelatedPartyStarLevel']
2020/07/14 23:08:55:748 DEBUG com.sinosoft.test.base.TestBase:80 - Found Element By : By.xpath: //table[@id='InsuredRelatedParty']/tbody/tr[@id='InsuredGuRelatedPartyCorInsuredType']/td/select[@name='InsuredGuRelatedPartyStarLevel']
2020/07/14 23:08:55:750 DEBUG com.sinosoft.test.base.TestBase:76 - Trying to find Element By : By.xpath: .//option[normalize-space(.) = "0-普通客户"]
2020/07/14 23:08:55:861 DEBUG com.sinosoft.test.base.TestBase:80 - Found Element By : By.xpath: .//option[normalize-space(.) = "0-普通客户"]
2020/07/14 23:08:55:922 DEBUG com.sinosoft.test.base.TestBase:42 - Trying to click on: [[[[InternetExplorerDriver: internet explorer on WINDOWS (cd5ffdc3-9713-4f35-ab9e-b5a4652d123d)] -> xpath: //table[@id='InsuredRelatedParty']/tbody/tr[@id='InsuredGuRelatedPartyCorInsuredType']/td/select[@name='InsuredGuRelatedPartyStarLevel']]] -> xpath: .//option[normalize-space(.) = "0-普通客户"]]
2020/07/14 23:08:56:336 DEBUG com.sinosoft.test.base.TestBase:46 - Clicked on: [[[[InternetExplorerDriver: internet explorer on WINDOWS (cd5ffdc3-9713-4f35-ab9e-b5a4652d123d)] -> xpath: //table[@id='InsuredRelatedParty']/tbody/tr[@id='InsuredGuRelatedPartyCorInsuredType']/td/select[@name='InsuredGuRelatedPartyStarLevel']]] -> xpath: .//option[normalize-space(.) = "0-普通客户"]]
2020/07/14 23:08:56:337 DEBUG com.sinosoft.test.base.TestBase:123 - setSelectWithStartText 结束！
2020/07/14 23:08:56:337 DEBUG com.sinosoft.test.base.TestBase:76 - Trying to find Element By : By.xpath: //table[@id='InsuredRelatedParty']/tbody/tr[@id='InsuredGuRelatedPartyVocation']/td/input[@name='InsuredGuRelatedPartyIndustryMainCode']
2020/07/14 23:08:56:432 DEBUG com.sinosoft.test.base.TestBase:80 - Found Element By : By.xpath: //table[@id='InsuredRelatedParty']/tbody/tr[@id='InsuredGuRelatedPartyVocation']/td/input[@name='InsuredGuRelatedPartyIndustryMainCode']
2020/07/14 23:08:56:488 DEBUG com.sinosoft.test.base.TestBase:76 - Trying to find Element By : By.xpath: //table[@id='InsuredRelatedParty']/tbody/tr[@id='InsuredGuRelatedPartyVocation']/td/input[@name='InsuredGuRelatedPartyIndustryMainCode']
2020/07/14 23:08:56:598 DEBUG com.sinosoft.test.base.TestBase:80 - Found Element By : By.xpath: //table[@id='InsuredRelatedParty']/tbody/tr[@id='InsuredGuRelatedPartyVocation']/td/input[@name='InsuredGuRelatedPartyIndustryMainCode']
2020/07/14 23:08:56:599 DEBUG com.sinosoft.test.base.TestBase:42 - CodeSelect:开始设置[[InternetExplorerDriver: internet explorer on WINDOWS (cd5ffdc3-9713-4f35-ab9e-b5a4652d123d)] -> xpath: //table[@id='InsuredRelatedParty']/tbody/tr[@id='InsuredGuRelatedPartyVocation']/td/input[@name='InsuredGuRelatedPartyIndustryMainCode']] & Code=12
2020/07/14 23:08:56:599 DEBUG com.sinosoft.test.base.TestBase:76 - Trying to find Element By : By.xpath: //table[@id='InsuredRelatedParty']/tbody/tr[@id='InsuredGuRelatedPartyVocation']/td/input[@name='InsuredGuRelatedPartyIndustryMainCode']
2020/07/14 23:08:56:675 DEBUG com.sinosoft.test.base.TestBase:80 - Found Element By : By.xpath: //table[@id='InsuredRelatedParty']/tbody/tr[@id='InsuredGuRelatedPartyVocation']/td/input[@name='InsuredGuRelatedPartyIndustryMainCode']
2020/07/14 23:08:59:121 DEBUG com.sinosoft.test.base.TestBase:272 - 系统窗口【黄河财险业务系统】with handle -bed15142-9abb-43a1-9d53-2d86244f3b05
2020/07/14 23:08:59:836 DEBUG com.sinosoft.test.base.TestBase:272 - 系统窗口【黄河财险业务系统】with handle -bed15142-9abb-43a1-9d53-2d86244f3b05
2020/07/14 23:09:00:474 DEBUG com.sinosoft.test.base.TestBase:272 - 系统窗口【Code Select】with handle -98bc86a7-c961-47e7-a22e-00511b521b86
2020/07/14 23:09:00:995 DEBUG com.sinosoft.test.base.TestBase:69 - 初始化class com.sinosoft.test.fccp.common.CodeSelectPage
2020/07/14 23:09:00:997 DEBUG com.sinosoft.test.base.TestBase:39 - 基础码表选择！
2020/07/14 23:09:01:000 DEBUG com.sinosoft.test.base.TestBase:76 - Trying to find Element By : By.name: fieldValue
2020/07/14 23:09:01:310 DEBUG com.sinosoft.test.base.TestBase:80 - Found Element By : By.name: fieldValue
2020/07/14 23:09:01:311  INFO com.sinosoft.test.base.TestBase:360 - setEditboxValue:[[InternetExplorerDriver: internet explorer on WINDOWS (cd5ffdc3-9713-4f35-ab9e-b5a4652d123d)] -> name: fieldValue]：12
2020/07/14 23:09:02:603  INFO com.sinosoft.test.base.TestBase:363 - setEditboxValue—End:[[InternetExplorerDriver: internet explorer on WINDOWS (cd5ffdc3-9713-4f35-ab9e-b5a4652d123d)] -> name: fieldValue]：12
2020/07/14 23:09:02:604 DEBUG com.sinosoft.test.base.TestBase:76 - Trying to find Element By : By.xpath: //input[@value='查询(Q)']
2020/07/14 23:09:02:921 DEBUG com.sinosoft.test.base.TestBase:80 - Found Element By : By.xpath: //input[@value='查询(Q)']
2020/07/14 23:09:02:922  INFO com.sinosoft.test.base.TestBase:402 - clickButton:[[InternetExplorerDriver: internet explorer on WINDOWS (cd5ffdc3-9713-4f35-ab9e-b5a4652d123d)] -> xpath: //input[@value='查询(Q)']]
2020/07/14 23:09:02:922 DEBUG com.sinosoft.test.base.TestBase:42 - Trying to click on: [[InternetExplorerDriver: internet explorer on WINDOWS (cd5ffdc3-9713-4f35-ab9e-b5a4652d123d)] -> xpath: //input[@value='查询(Q)']]
2020/07/14 23:09:04:548 DEBUG com.sinosoft.test.base.TestBase:46 - Clicked on: [[InternetExplorerDriver: internet explorer on WINDOWS (cd5ffdc3-9713-4f35-ab9e-b5a4652d123d)] -> xpath: //input[@value='查询(Q)']]
2020/07/14 23:09:04:549 DEBUG com.sinosoft.test.base.TestBase:76 - Trying to find Element By : By.name: codeselect
2020/07/14 23:09:04:857 DEBUG com.sinosoft.test.base.TestBase:80 - Found Element By : By.name: codeselect
2020/07/14 23:09:04:857  INFO com.sinosoft.test.base.TestBase:132 - setFuzzySelect:[[InternetExplorerDriver: internet explorer on WINDOWS (cd5ffdc3-9713-4f35-ab9e-b5a4652d123d)] -> name: codeselect]->12
2020/07/14 23:09:05:436 DEBUG com.sinosoft.test.base.TestBase:76 - Trying to find Element By : By.tagName: option
2020/07/14 23:09:05:765 DEBUG com.sinosoft.test.base.TestBase:80 - Found Element By : By.tagName: option
2020/07/14 23:09:06:129  INFO com.sinosoft.test.base.TestBase:142 - 找到匹配【12】的选项：12--社会团体,机关,事业单位
2020/07/14 23:09:06:131 DEBUG com.sinosoft.test.base.TestBase:76 - Trying to find Element By : By.xpath: .//option[normalize-space(.) = "12--社会团体,机关,事业单位"]
2020/07/14 23:09:06:622 DEBUG com.sinosoft.test.base.TestBase:80 - Found Element By : By.xpath: .//option[normalize-space(.) = "12--社会团体,机关,事业单位"]
2020/07/14 23:09:06:934 DEBUG com.sinosoft.test.base.TestBase:42 - Trying to click on: [[[[InternetExplorerDriver: internet explorer on WINDOWS (cd5ffdc3-9713-4f35-ab9e-b5a4652d123d)] -> name: codeselect]] -> xpath: .//option[normalize-space(.) = "12--社会团体,机关,事业单位"]]
2020/07/14 23:09:07:479 DEBUG com.sinosoft.test.base.TestBase:46 - Clicked on: [[[[InternetExplorerDriver: internet explorer on WINDOWS (cd5ffdc3-9713-4f35-ab9e-b5a4652d123d)] -> name: codeselect]] -> xpath: .//option[normalize-space(.) = "12--社会团体,机关,事业单位"]]
2020/07/14 23:09:07:479 DEBUG com.sinosoft.test.base.TestBase:151 - setFuzzySelect 结束！
2020/07/14 23:09:07:479 DEBUG com.sinosoft.test.base.TestBase:76 - Trying to find Element By : By.name: SelectIt
2020/07/14 23:09:07:784 DEBUG com.sinosoft.test.base.TestBase:80 - Found Element By : By.name: SelectIt
2020/07/14 23:09:07:784  INFO com.sinosoft.test.base.TestBase:416 - jsClickButton:[[InternetExplorerDriver: internet explorer on WINDOWS (cd5ffdc3-9713-4f35-ab9e-b5a4652d123d)] -> name: SelectIt]
2020/07/14 23:09:07:785  INFO com.sinosoft.test.base.TestBase:144 - RunJavaScript:[[InternetExplorerDriver: internet explorer on WINDOWS (cd5ffdc3-9713-4f35-ab9e-b5a4652d123d)] -> name: SelectIt]	arguments[0].click();
2020/07/14 23:09:08:695 DEBUG com.sinosoft.test.base.TestBase:272 - 系统窗口【黄河财险业务系统】with handle -bed15142-9abb-43a1-9d53-2d86244f3b05
2020/07/14 23:09:14:384 DEBUG com.sinosoft.test.base.TestBase:76 - Trying to find Element By : By.xpath: //table[@id='InsuredRelatedParty']/tbody/tr[@id='InsuredGuRelatedPartyVocation']/td/input[@name='InsuredGuRelatedPartyIndustryMainCode']
2020/07/14 23:09:14:480 DEBUG com.sinosoft.test.base.TestBase:80 - Found Element By : By.xpath: //table[@id='InsuredRelatedParty']/tbody/tr[@id='InsuredGuRelatedPartyVocation']/td/input[@name='InsuredGuRelatedPartyIndustryMainCode']
2020/07/14 23:09:14:481 DEBUG com.sinosoft.test.base.TestBase:49 - CodeSelect:设置完毕[[InternetExplorerDriver: internet explorer on WINDOWS (cd5ffdc3-9713-4f35-ab9e-b5a4652d123d)] -> xpath: //table[@id='InsuredRelatedParty']/tbody/tr[@id='InsuredGuRelatedPartyVocation']/td/input[@name='InsuredGuRelatedPartyIndustryMainCode']] & Code=12
2020/07/14 23:09:14:481 DEBUG com.sinosoft.test.base.TestBase:76 - Trying to find Element By : By.xpath: //table[@id='InsuredRelatedParty']/tbody/tr[@id='InsuredGuRelatedPartyVocation']/td/input[@name='InsuredGuRelatedPartyIndustryKindCode']
2020/07/14 23:09:14:573 DEBUG com.sinosoft.test.base.TestBase:80 - Found Element By : By.xpath: //table[@id='InsuredRelatedParty']/tbody/tr[@id='InsuredGuRelatedPartyVocation']/td/input[@name='InsuredGuRelatedPartyIndustryKindCode']
2020/07/14 23:09:14:628 DEBUG com.sinosoft.test.base.TestBase:76 - Trying to find Element By : By.xpath: //table[@id='InsuredRelatedParty']/tbody/tr[@id='InsuredGuRelatedPartyVocation']/td/input[@name='InsuredGuRelatedPartyIndustryKindCode']
2020/07/14 23:09:14:745 DEBUG com.sinosoft.test.base.TestBase:80 - Found Element By : By.xpath: //table[@id='InsuredRelatedParty']/tbody/tr[@id='InsuredGuRelatedPartyVocation']/td/input[@name='InsuredGuRelatedPartyIndustryKindCode']
2020/07/14 23:09:14:745 DEBUG com.sinosoft.test.base.TestBase:63 - SetCodeEditBox:开始设置:[[InternetExplorerDriver: internet explorer on WINDOWS (cd5ffdc3-9713-4f35-ab9e-b5a4652d123d)] -> xpath: //table[@id='InsuredRelatedParty']/tbody/tr[@id='InsuredGuRelatedPartyVocation']/td/input[@name='InsuredGuRelatedPartyIndustryKindCode']] & Code=12006
2020/07/14 23:09:14:745 DEBUG com.sinosoft.test.base.TestBase:76 - Trying to find Element By : By.xpath: //table[@id='InsuredRelatedParty']/tbody/tr[@id='InsuredGuRelatedPartyVocation']/td/input[@name='InsuredGuRelatedPartyIndustryKindCode']
2020/07/14 23:09:14:850 DEBUG com.sinosoft.test.base.TestBase:80 - Found Element By : By.xpath: //table[@id='InsuredRelatedParty']/tbody/tr[@id='InsuredGuRelatedPartyVocation']/td/input[@name='InsuredGuRelatedPartyIndustryKindCode']
2020/07/14 23:09:15:285 DEBUG com.sinosoft.test.base.TestBase:76 - Trying to find Element By : By.xpath: //table[@id='InsuredRelatedParty']/tbody/tr[@id='InsuredGuRelatedPartyVocation']/td/input[@name='InsuredGuRelatedPartyIndustryKindCode']
2020/07/14 23:09:15:382 DEBUG com.sinosoft.test.base.TestBase:80 - Found Element By : By.xpath: //table[@id='InsuredRelatedParty']/tbody/tr[@id='InsuredGuRelatedPartyVocation']/td/input[@name='InsuredGuRelatedPartyIndustryKindCode']
2020/07/14 23:09:16:230 DEBUG com.sinosoft.test.base.TestBase:76 - Trying to find Element By : By.xpath: //table[@id='InsuredRelatedParty']/tbody/tr[@id='InsuredGuRelatedPartyVocation']/td/input[@name='InsuredGuRelatedPartyIndustryKindCode']
2020/07/14 23:09:16:326 DEBUG com.sinosoft.test.base.TestBase:80 - Found Element By : By.xpath: //table[@id='InsuredRelatedParty']/tbody/tr[@id='InsuredGuRelatedPartyVocation']/td/input[@name='InsuredGuRelatedPartyIndustryKindCode']
2020/07/14 23:09:16:326 DEBUG com.sinosoft.test.base.TestBase:76 - Trying to find Element By : By.xpath: ../input[last()]
2020/07/14 23:09:16:410 DEBUG com.sinosoft.test.base.TestBase:80 - Found Element By : By.xpath: ../input[last()]
2020/07/14 23:09:16:599  INFO com.sinosoft.test.base.TestBase:71 - SetCodeEditBox:找到了Code对应的文本显示框并点击触发显示:InsuredGuRelatedPartyIndustryKindCName
2020/07/14 23:09:16:599 DEBUG com.sinosoft.test.base.TestBase:42 - Trying to click on: [[[[InternetExplorerDriver: internet explorer on WINDOWS (cd5ffdc3-9713-4f35-ab9e-b5a4652d123d)] -> xpath: //table[@id='InsuredRelatedParty']/tbody/tr[@id='InsuredGuRelatedPartyVocation']/td/input[@name='InsuredGuRelatedPartyIndustryKindCode']]] -> xpath: ../input[last()]]
2020/07/14 23:09:17:952 DEBUG com.sinosoft.test.base.TestBase:46 - Clicked on: [[[[InternetExplorerDriver: internet explorer on WINDOWS (cd5ffdc3-9713-4f35-ab9e-b5a4652d123d)] -> xpath: //table[@id='InsuredRelatedParty']/tbody/tr[@id='InsuredGuRelatedPartyVocation']/td/input[@name='InsuredGuRelatedPartyIndustryKindCode']]] -> xpath: ../input[last()]]
2020/07/14 23:09:18:154 DEBUG com.sinosoft.test.base.TestBase:76 - Trying to find Element By : By.xpath: //table[@id='InsuredRelatedParty']/tbody/tr[@id='InsuredGuRelatedPartyVocation']/td/input[@name='InsuredGuRelatedPartyIndustryKindCode']
2020/07/14 23:09:18:220 DEBUG com.sinosoft.test.base.TestBase:80 - Found Element By : By.xpath: //table[@id='InsuredRelatedParty']/tbody/tr[@id='InsuredGuRelatedPartyVocation']/td/input[@name='InsuredGuRelatedPartyIndustryKindCode']
2020/07/14 23:09:18:221 DEBUG com.sinosoft.test.base.TestBase:87 - SetCodeEditBox:设置完毕[[InternetExplorerDriver: internet explorer on WINDOWS (cd5ffdc3-9713-4f35-ab9e-b5a4652d123d)] -> xpath: //table[@id='InsuredRelatedParty']/tbody/tr[@id='InsuredGuRelatedPartyVocation']/td/input[@name='InsuredGuRelatedPartyIndustryKindCode']],设置值 Code=12006
2020/07/14 23:09:18:221  INFO com.sinosoft.test.base.TestBase:157 - 保存险种基本信息
2020/07/14 23:09:18:221 DEBUG com.sinosoft.test.base.TestBase:76 - Trying to find Element By : By.id: saveButton
2020/07/14 23:09:18:348 DEBUG com.sinosoft.test.base.TestBase:80 - Found Element By : By.id: saveButton
2020/07/14 23:09:18:348  INFO com.sinosoft.test.base.TestBase:416 - jsClickButton:[[InternetExplorerDriver: internet explorer on WINDOWS (cd5ffdc3-9713-4f35-ab9e-b5a4652d123d)] -> id: saveButton]
2020/07/14 23:09:18:348 DEBUG com.sinosoft.test.base.TestBase:76 - Trying to find Element By : By.id: saveButton
2020/07/14 23:09:18:456 DEBUG com.sinosoft.test.base.TestBase:80 - Found Element By : By.id: saveButton
2020/07/14 23:09:18:456  INFO com.sinosoft.test.base.TestBase:144 - RunJavaScript:[[InternetExplorerDriver: internet explorer on WINDOWS (cd5ffdc3-9713-4f35-ab9e-b5a4652d123d)] -> id: saveButton]	arguments[0].click();
2020/07/14 23:09:18:457 DEBUG com.sinosoft.test.base.TestBase:76 - Trying to find Element By : By.id: saveButton
2020/07/14 23:09:18:530 DEBUG com.sinosoft.test.base.TestBase:80 - Found Element By : By.id: saveButton
2020/07/14 23:09:19:837 DEBUG com.sinosoft.test.base.TestBase:69 - 初始化class com.sinosoft.test.fccp.tbcl.RiskDetail_insuredObjPage
2020/07/14 23:09:25:602 DEBUG com.sinosoft.test.base.TestBase:76 - Trying to find Element By : By.id: ItemPropertyDetail
2020/07/14 23:09:25:741 DEBUG com.sinosoft.test.base.TestBase:80 - Found Element By : By.id: ItemPropertyDetail
2020/07/14 23:09:25:743 DEBUG com.sinosoft.test.base.TestBase:213 - 进入保险标的信息页面对象！
2020/07/14 23:09:25:743  INFO com.sinosoft.test.base.TestBase:222 - 开始录入标的物信息！
2020/07/14 23:09:25:753 DEBUG com.sinosoft.test.base.TestBase:69 - 初始化class com.sinosoft.test.fccp.tbcl.InsuredObjectInfoPage_0101
2020/07/14 23:09:25:755 DEBUG com.sinosoft.test.base.TestBase:76 - Trying to find Element By : By.name: GuItemPropertyBlockCode
2020/07/14 23:09:25:871 DEBUG com.sinosoft.test.base.TestBase:80 - Found Element By : By.name: GuItemPropertyBlockCode
2020/07/14 23:09:25:872  INFO com.sinosoft.test.base.TestBase:30 - 开始录入标的物信息！
2020/07/14 23:09:25:873 DEBUG com.sinosoft.test.base.TestBase:76 - Trying to find Element By : By.name: GuItemPropertyBlockCode
2020/07/14 23:09:25:976 DEBUG com.sinosoft.test.base.TestBase:80 - Found Element By : By.name: GuItemPropertyBlockCode
2020/07/14 23:09:25:977  INFO com.sinosoft.test.base.TestBase:388 - setEditboxTValue:[[InternetExplorerDriver: internet explorer on WINDOWS (cd5ffdc3-9713-4f35-ab9e-b5a4652d123d)] -> name: GuItemPropertyBlockCode]->121121123123
2020/07/14 23:09:25:978 DEBUG com.sinosoft.test.base.TestBase:76 - Trying to find Element By : By.name: GuItemPropertyBlockCode
2020/07/14 23:09:26:063 DEBUG com.sinosoft.test.base.TestBase:80 - Found Element By : By.name: GuItemPropertyBlockCode
2020/07/14 23:09:26:442 DEBUG com.sinosoft.test.base.TestBase:76 - Trying to find Element By : By.name: GuItemPropertyBlockCode
2020/07/14 23:09:26:574 DEBUG com.sinosoft.test.base.TestBase:80 - Found Element By : By.name: GuItemPropertyBlockCode
2020/07/14 23:09:32:265 DEBUG com.sinosoft.test.base.TestBase:76 - Trying to find Element By : By.name: GuItemPropertyCurrency
2020/07/14 23:09:32:371 DEBUG com.sinosoft.test.base.TestBase:80 - Found Element By : By.name: GuItemPropertyCurrency
2020/07/14 23:09:32:415 DEBUG com.sinosoft.test.base.TestBase:76 - Trying to find Element By : By.name: GuItemPropertyItemProvinceCode
2020/07/14 23:09:32:554 DEBUG com.sinosoft.test.base.TestBase:80 - Found Element By : By.name: GuItemPropertyItemProvinceCode
2020/07/14 23:09:32:596 DEBUG com.sinosoft.test.base.TestBase:76 - Trying to find Element By : By.name: GuItemPropertyItemProvinceCode
2020/07/14 23:09:32:720 DEBUG com.sinosoft.test.base.TestBase:80 - Found Element By : By.name: GuItemPropertyItemProvinceCode
2020/07/14 23:09:32:721 DEBUG com.sinosoft.test.base.TestBase:63 - SetCodeEditBox:开始设置:[[InternetExplorerDriver: internet explorer on WINDOWS (cd5ffdc3-9713-4f35-ab9e-b5a4652d123d)] -> name: GuItemPropertyItemProvinceCode] & Code=130000
2020/07/14 23:09:32:722 DEBUG com.sinosoft.test.base.TestBase:76 - Trying to find Element By : By.name: GuItemPropertyItemProvinceCode
2020/07/14 23:09:32:880 DEBUG com.sinosoft.test.base.TestBase:80 - Found Element By : By.name: GuItemPropertyItemProvinceCode
2020/07/14 23:09:33:230 DEBUG com.sinosoft.test.base.TestBase:76 - Trying to find Element By : By.name: GuItemPropertyItemProvinceCode
2020/07/14 23:09:33:327 DEBUG com.sinosoft.test.base.TestBase:80 - Found Element By : By.name: GuItemPropertyItemProvinceCode
2020/07/14 23:09:34:144 DEBUG com.sinosoft.test.base.TestBase:76 - Trying to find Element By : By.name: GuItemPropertyItemProvinceCode
2020/07/14 23:09:34:227 DEBUG com.sinosoft.test.base.TestBase:80 - Found Element By : By.name: GuItemPropertyItemProvinceCode
2020/07/14 23:09:34:227 DEBUG com.sinosoft.test.base.TestBase:76 - Trying to find Element By : By.xpath: ../input[last()]
2020/07/14 23:09:34:308 DEBUG com.sinosoft.test.base.TestBase:80 - Found Element By : By.xpath: ../input[last()]
2020/07/14 23:09:34:522  INFO com.sinosoft.test.base.TestBase:71 - SetCodeEditBox:找到了Code对应的文本显示框并点击触发显示:GuItemPropertyItemProvinceCName
2020/07/14 23:09:34:523 DEBUG com.sinosoft.test.base.TestBase:42 - Trying to click on: [[[[InternetExplorerDriver: internet explorer on WINDOWS (cd5ffdc3-9713-4f35-ab9e-b5a4652d123d)] -> name: GuItemPropertyItemProvinceCode]] -> xpath: ../input[last()]]
2020/07/14 23:09:35:846 DEBUG com.sinosoft.test.base.TestBase:46 - Clicked on: [[[[InternetExplorerDriver: internet explorer on WINDOWS (cd5ffdc3-9713-4f35-ab9e-b5a4652d123d)] -> name: GuItemPropertyItemProvinceCode]] -> xpath: ../input[last()]]
2020/07/14 23:09:36:048 DEBUG com.sinosoft.test.base.TestBase:76 - Trying to find Element By : By.name: GuItemPropertyItemProvinceCode
2020/07/14 23:09:36:192 DEBUG com.sinosoft.test.base.TestBase:80 - Found Element By : By.name: GuItemPropertyItemProvinceCode
2020/07/14 23:09:36:192 DEBUG com.sinosoft.test.base.TestBase:87 - SetCodeEditBox:设置完毕[[InternetExplorerDriver: internet explorer on WINDOWS (cd5ffdc3-9713-4f35-ab9e-b5a4652d123d)] -> name: GuItemPropertyItemProvinceCode],设置值 Code=130000
2020/07/14 23:09:36:193 DEBUG com.sinosoft.test.base.TestBase:76 - Trying to find Element By : By.name: GuItemPropertyItemCityCode
2020/07/14 23:09:36:321 DEBUG com.sinosoft.test.base.TestBase:80 - Found Element By : By.name: GuItemPropertyItemCityCode
2020/07/14 23:09:36:372 DEBUG com.sinosoft.test.base.TestBase:76 - Trying to find Element By : By.name: GuItemPropertyItemCityCode
2020/07/14 23:09:36:458 DEBUG com.sinosoft.test.base.TestBase:80 - Found Element By : By.name: GuItemPropertyItemCityCode
2020/07/14 23:09:36:459 DEBUG com.sinosoft.test.base.TestBase:63 - SetCodeEditBox:开始设置:[[InternetExplorerDriver: internet explorer on WINDOWS (cd5ffdc3-9713-4f35-ab9e-b5a4652d123d)] -> name: GuItemPropertyItemCityCode] & Code=130300
2020/07/14 23:09:36:459 DEBUG com.sinosoft.test.base.TestBase:76 - Trying to find Element By : By.name: GuItemPropertyItemCityCode
2020/07/14 23:09:36:542 DEBUG com.sinosoft.test.base.TestBase:80 - Found Element By : By.name: GuItemPropertyItemCityCode
2020/07/14 23:09:36:972 DEBUG com.sinosoft.test.base.TestBase:76 - Trying to find Element By : By.name: GuItemPropertyItemCityCode
2020/07/14 23:09:37:059 DEBUG com.sinosoft.test.base.TestBase:80 - Found Element By : By.name: GuItemPropertyItemCityCode
2020/07/14 23:09:37:861 DEBUG com.sinosoft.test.base.TestBase:76 - Trying to find Element By : By.name: GuItemPropertyItemCityCode
2020/07/14 23:09:37:990 DEBUG com.sinosoft.test.base.TestBase:80 - Found Element By : By.name: GuItemPropertyItemCityCode
2020/07/14 23:09:37:990 DEBUG com.sinosoft.test.base.TestBase:76 - Trying to find Element By : By.xpath: ../input[last()]
2020/07/14 23:09:38:073 DEBUG com.sinosoft.test.base.TestBase:80 - Found Element By : By.xpath: ../input[last()]
2020/07/14 23:09:38:256  INFO com.sinosoft.test.base.TestBase:71 - SetCodeEditBox:找到了Code对应的文本显示框并点击触发显示:GuItemPropertyItemCityCName
2020/07/14 23:09:38:256 DEBUG com.sinosoft.test.base.TestBase:42 - Trying to click on: [[[[InternetExplorerDriver: internet explorer on WINDOWS (cd5ffdc3-9713-4f35-ab9e-b5a4652d123d)] -> name: GuItemPropertyItemCityCode]] -> xpath: ../input[last()]]
2020/07/14 23:09:39:536 DEBUG com.sinosoft.test.base.TestBase:46 - Clicked on: [[[[InternetExplorerDriver: internet explorer on WINDOWS (cd5ffdc3-9713-4f35-ab9e-b5a4652d123d)] -> name: GuItemPropertyItemCityCode]] -> xpath: ../input[last()]]
2020/07/14 23:09:39:737 DEBUG com.sinosoft.test.base.TestBase:76 - Trying to find Element By : By.name: GuItemPropertyItemCityCode
2020/07/14 23:09:39:822 DEBUG com.sinosoft.test.base.TestBase:80 - Found Element By : By.name: GuItemPropertyItemCityCode
2020/07/14 23:09:39:823 DEBUG com.sinosoft.test.base.TestBase:87 - SetCodeEditBox:设置完毕[[InternetExplorerDriver: internet explorer on WINDOWS (cd5ffdc3-9713-4f35-ab9e-b5a4652d123d)] -> name: GuItemPropertyItemCityCode],设置值 Code=130300
2020/07/14 23:09:39:823 DEBUG com.sinosoft.test.base.TestBase:76 - Trying to find Element By : By.name: GuItemPropertyItemPostalCode
2020/07/14 23:09:39:918 DEBUG com.sinosoft.test.base.TestBase:80 - Found Element By : By.name: GuItemPropertyItemPostalCode
2020/07/14 23:09:39:919  INFO com.sinosoft.test.base.TestBase:360 - setEditboxValue:[[InternetExplorerDriver: internet explorer on WINDOWS (cd5ffdc3-9713-4f35-ab9e-b5a4652d123d)] -> name: GuItemPropertyItemPostalCode]：065201
2020/07/14 23:09:39:919 DEBUG com.sinosoft.test.base.TestBase:76 - Trying to find Element By : By.name: GuItemPropertyItemPostalCode
2020/07/14 23:09:40:011 DEBUG com.sinosoft.test.base.TestBase:80 - Found Element By : By.name: GuItemPropertyItemPostalCode
2020/07/14 23:09:40:381 DEBUG com.sinosoft.test.base.TestBase:76 - Trying to find Element By : By.name: GuItemPropertyItemPostalCode
2020/07/14 23:09:40:489 DEBUG com.sinosoft.test.base.TestBase:80 - Found Element By : By.name: GuItemPropertyItemPostalCode
2020/07/14 23:09:41:136 DEBUG com.sinosoft.test.base.TestBase:76 - Trying to find Element By : By.name: GuItemPropertyItemPostalCode
2020/07/14 23:09:41:206 DEBUG com.sinosoft.test.base.TestBase:80 - Found Element By : By.name: GuItemPropertyItemPostalCode
2020/07/14 23:09:41:206  INFO com.sinosoft.test.base.TestBase:363 - setEditboxValue—End:[[InternetExplorerDriver: internet explorer on WINDOWS (cd5ffdc3-9713-4f35-ab9e-b5a4652d123d)] -> name: GuItemPropertyItemPostalCode]：065201
2020/07/14 23:09:41:207 DEBUG com.sinosoft.test.base.TestBase:76 - Trying to find Element By : By.name: GuItemPropertyConstruction
2020/07/14 23:09:41:302 DEBUG com.sinosoft.test.base.TestBase:80 - Found Element By : By.name: GuItemPropertyConstruction
2020/07/14 23:09:41:369 DEBUG com.sinosoft.test.base.TestBase:76 - Trying to find Element By : By.name: GuItemPropertySituation
2020/07/14 23:09:41:495 DEBUG com.sinosoft.test.base.TestBase:80 - Found Element By : By.name: GuItemPropertySituation
2020/07/14 23:09:41:496  INFO com.sinosoft.test.base.TestBase:360 - setEditboxValue:[[InternetExplorerDriver: internet explorer on WINDOWS (cd5ffdc3-9713-4f35-ab9e-b5a4652d123d)] -> name: GuItemPropertySituation]：北戴河公园
2020/07/14 23:09:41:496 DEBUG com.sinosoft.test.base.TestBase:76 - Trying to find Element By : By.name: GuItemPropertySituation
2020/07/14 23:09:41:578 DEBUG com.sinosoft.test.base.TestBase:80 - Found Element By : By.name: GuItemPropertySituation
2020/07/14 23:09:42:017 DEBUG com.sinosoft.test.base.TestBase:76 - Trying to find Element By : By.name: GuItemPropertySituation
2020/07/14 23:09:42:137 DEBUG com.sinosoft.test.base.TestBase:80 - Found Element By : By.name: GuItemPropertySituation
2020/07/14 23:09:42:782 DEBUG com.sinosoft.test.base.TestBase:76 - Trying to find Element By : By.name: GuItemPropertySituation
2020/07/14 23:09:42:874 DEBUG com.sinosoft.test.base.TestBase:80 - Found Element By : By.name: GuItemPropertySituation
2020/07/14 23:09:42:875  INFO com.sinosoft.test.base.TestBase:363 - setEditboxValue—End:[[InternetExplorerDriver: internet explorer on WINDOWS (cd5ffdc3-9713-4f35-ab9e-b5a4652d123d)] -> name: GuItemPropertySituation]：北戴河公园
2020/07/14 23:09:42:875 DEBUG com.sinosoft.test.base.TestBase:232 - 开始录入险种明细信息
2020/07/14 23:09:42:875 DEBUG com.sinosoft.test.base.TestBase:76 - Trying to find Element By : By.id: ItemPropertyDetail
2020/07/14 23:09:43:005 DEBUG com.sinosoft.test.base.TestBase:80 - Found Element By : By.id: ItemPropertyDetail
2020/07/14 23:09:43:006  INFO com.sinosoft.test.base.TestBase:406 - clickElement:[[InternetExplorerDriver: internet explorer on WINDOWS (cd5ffdc3-9713-4f35-ab9e-b5a4652d123d)] -> id: ItemPropertyDetail]
2020/07/14 23:09:43:006 DEBUG com.sinosoft.test.base.TestBase:76 - Trying to find Element By : By.id: ItemPropertyDetail
2020/07/14 23:09:43:109 DEBUG com.sinosoft.test.base.TestBase:80 - Found Element By : By.id: ItemPropertyDetail
2020/07/14 23:09:43:110 DEBUG com.sinosoft.test.base.TestBase:42 - Trying to click on: [[InternetExplorerDriver: internet explorer on WINDOWS (cd5ffdc3-9713-4f35-ab9e-b5a4652d123d)] -> id: ItemPropertyDetail]
2020/07/14 23:09:44:652 DEBUG com.sinosoft.test.base.TestBase:46 - Clicked on: [[InternetExplorerDriver: internet explorer on WINDOWS (cd5ffdc3-9713-4f35-ab9e-b5a4652d123d)] -> id: ItemPropertyDetail]
2020/07/14 23:09:44:653 DEBUG com.sinosoft.test.base.TestBase:76 - Trying to find Element By : By.id: ItemPropertyDetail
2020/07/14 23:09:44:736 DEBUG com.sinosoft.test.base.TestBase:80 - Found Element By : By.id: ItemPropertyDetail
2020/07/14 23:09:44:737 DEBUG com.sinosoft.test.base.TestBase:76 - Trying to find Element By : By.name: GuItemPropertyDetailItemDetailCode
2020/07/14 23:09:44:818 DEBUG com.sinosoft.test.base.TestBase:80 - Found Element By : By.name: GuItemPropertyDetailItemDetailCode
2020/07/14 23:09:44:818 DEBUG com.sinosoft.test.base.TestBase:76 - Trying to find Element By : By.id: ItemPropertyDetail
2020/07/14 23:09:44:900 DEBUG com.sinosoft.test.base.TestBase:80 - Found Element By : By.id: ItemPropertyDetail
2020/07/14 23:09:44:900 DEBUG com.sinosoft.test.base.TestBase:76 - Trying to find Element By : By.name: GuItemPropertyDetailItemDetailList
2020/07/14 23:09:44:998 DEBUG com.sinosoft.test.base.TestBase:80 - Found Element By : By.name: GuItemPropertyDetailItemDetailList
2020/07/14 23:09:45:043 DEBUG com.sinosoft.test.base.TestBase:42 - CodeSelect:开始设置[[[[InternetExplorerDriver: internet explorer on WINDOWS (cd5ffdc3-9713-4f35-ab9e-b5a4652d123d)] -> id: ItemPropertyDetail]] -> name: GuItemPropertyDetailItemDetailCode] & Code=010001
2020/07/14 23:09:46:414 DEBUG com.sinosoft.test.base.TestBase:272 - 系统窗口【黄河财险业务系统】with handle -bed15142-9abb-43a1-9d53-2d86244f3b05
2020/07/14 23:09:47:579 DEBUG com.sinosoft.test.base.TestBase:272 - 系统窗口【Code Select】with handle -84ce1616-aab3-4b1d-8b8e-74089ac2a43e
2020/07/14 23:09:48:103 DEBUG com.sinosoft.test.base.TestBase:69 - 初始化class com.sinosoft.test.fccp.common.CodeSelectPage
2020/07/14 23:09:48:104 DEBUG com.sinosoft.test.base.TestBase:39 - 基础码表选择！
2020/07/14 23:09:48:104 DEBUG com.sinosoft.test.base.TestBase:76 - Trying to find Element By : By.name: fieldValue
2020/07/14 23:09:48:416 DEBUG com.sinosoft.test.base.TestBase:80 - Found Element By : By.name: fieldValue
2020/07/14 23:09:48:417  INFO com.sinosoft.test.base.TestBase:360 - setEditboxValue:[[InternetExplorerDriver: internet explorer on WINDOWS (cd5ffdc3-9713-4f35-ab9e-b5a4652d123d)] -> name: fieldValue]：010001
2020/07/14 23:09:49:849  INFO com.sinosoft.test.base.TestBase:363 - setEditboxValue—End:[[InternetExplorerDriver: internet explorer on WINDOWS (cd5ffdc3-9713-4f35-ab9e-b5a4652d123d)] -> name: fieldValue]：010001
2020/07/14 23:09:49:850 DEBUG com.sinosoft.test.base.TestBase:76 - Trying to find Element By : By.xpath: //input[@value='查询(Q)']
2020/07/14 23:09:50:210 DEBUG com.sinosoft.test.base.TestBase:80 - Found Element By : By.xpath: //input[@value='查询(Q)']
2020/07/14 23:09:50:211  INFO com.sinosoft.test.base.TestBase:402 - clickButton:[[InternetExplorerDriver: internet explorer on WINDOWS (cd5ffdc3-9713-4f35-ab9e-b5a4652d123d)] -> xpath: //input[@value='查询(Q)']]
2020/07/14 23:09:50:211 DEBUG com.sinosoft.test.base.TestBase:42 - Trying to click on: [[InternetExplorerDriver: internet explorer on WINDOWS (cd5ffdc3-9713-4f35-ab9e-b5a4652d123d)] -> xpath: //input[@value='查询(Q)']]
2020/07/14 23:09:52:285 DEBUG com.sinosoft.test.base.TestBase:46 - Clicked on: [[InternetExplorerDriver: internet explorer on WINDOWS (cd5ffdc3-9713-4f35-ab9e-b5a4652d123d)] -> xpath: //input[@value='查询(Q)']]
2020/07/14 23:09:52:285 DEBUG com.sinosoft.test.base.TestBase:76 - Trying to find Element By : By.name: codeselect
2020/07/14 23:09:52:595 DEBUG com.sinosoft.test.base.TestBase:80 - Found Element By : By.name: codeselect
2020/07/14 23:09:52:595  INFO com.sinosoft.test.base.TestBase:132 - setFuzzySelect:[[InternetExplorerDriver: internet explorer on WINDOWS (cd5ffdc3-9713-4f35-ab9e-b5a4652d123d)] -> name: codeselect]->010001
2020/07/14 23:09:53:162 DEBUG com.sinosoft.test.base.TestBase:76 - Trying to find Element By : By.tagName: option
2020/07/14 23:09:53:506 DEBUG com.sinosoft.test.base.TestBase:80 - Found Element By : By.tagName: option
2020/07/14 23:09:53:816  INFO com.sinosoft.test.base.TestBase:142 - 找到匹配【010001】的选项：010001--固定资产
2020/07/14 23:09:53:816 DEBUG com.sinosoft.test.base.TestBase:76 - Trying to find Element By : By.xpath: .//option[normalize-space(.) = "010001--固定资产"]
2020/07/14 23:09:54:146 DEBUG com.sinosoft.test.base.TestBase:80 - Found Element By : By.xpath: .//option[normalize-space(.) = "010001--固定资产"]
2020/07/14 23:09:54:458 DEBUG com.sinosoft.test.base.TestBase:42 - Trying to click on: [[[[InternetExplorerDriver: internet explorer on WINDOWS (cd5ffdc3-9713-4f35-ab9e-b5a4652d123d)] -> name: codeselect]] -> xpath: .//option[normalize-space(.) = "010001--固定资产"]]
2020/07/14 23:09:54:977 DEBUG com.sinosoft.test.base.TestBase:46 - Clicked on: [[[[InternetExplorerDriver: internet explorer on WINDOWS (cd5ffdc3-9713-4f35-ab9e-b5a4652d123d)] -> name: codeselect]] -> xpath: .//option[normalize-space(.) = "010001--固定资产"]]
2020/07/14 23:09:54:977 DEBUG com.sinosoft.test.base.TestBase:151 - setFuzzySelect 结束！
2020/07/14 23:09:54:978 DEBUG com.sinosoft.test.base.TestBase:76 - Trying to find Element By : By.name: SelectIt
2020/07/14 23:09:55:273 DEBUG com.sinosoft.test.base.TestBase:80 - Found Element By : By.name: SelectIt
2020/07/14 23:09:55:274  INFO com.sinosoft.test.base.TestBase:416 - jsClickButton:[[InternetExplorerDriver: internet explorer on WINDOWS (cd5ffdc3-9713-4f35-ab9e-b5a4652d123d)] -> name: SelectIt]
2020/07/14 23:09:55:274  INFO com.sinosoft.test.base.TestBase:144 - RunJavaScript:[[InternetExplorerDriver: internet explorer on WINDOWS (cd5ffdc3-9713-4f35-ab9e-b5a4652d123d)] -> name: SelectIt]	arguments[0].click();
2020/07/14 23:09:56:154 DEBUG com.sinosoft.test.base.TestBase:272 - 系统窗口【黄河财险业务系统】with handle -bed15142-9abb-43a1-9d53-2d86244f3b05
2020/07/14 23:10:01:535 DEBUG com.sinosoft.test.base.TestBase:49 - CodeSelect:设置完毕[[[[InternetExplorerDriver: internet explorer on WINDOWS (cd5ffdc3-9713-4f35-ab9e-b5a4652d123d)] -> id: ItemPropertyDetail]] -> name: GuItemPropertyDetailItemDetailCode] & Code=010001
2020/07/14 23:10:01:535  INFO com.sinosoft.test.base.TestBase:360 - setEditboxValue:[[[[InternetExplorerDriver: internet explorer on WINDOWS (cd5ffdc3-9713-4f35-ab9e-b5a4652d123d)] -> id: ItemPropertyDetail]] -> name: GuItemPropertyDetailItemDetailList]：碣石公园礁石群
2020/07/14 23:10:02:697  INFO com.sinosoft.test.base.TestBase:363 - setEditboxValue—End:[[[[InternetExplorerDriver: internet explorer on WINDOWS (cd5ffdc3-9713-4f35-ab9e-b5a4652d123d)] -> id: ItemPropertyDetail]] -> name: GuItemPropertyDetailItemDetailList]：碣石公园礁石群
2020/07/14 23:10:02:699 DEBUG com.sinosoft.test.base.TestBase:76 - Trying to find Element By : By.id: ItemPropertyDetail
2020/07/14 23:10:02:837 DEBUG com.sinosoft.test.base.TestBase:80 - Found Element By : By.id: ItemPropertyDetail
2020/07/14 23:10:02:837 DEBUG com.sinosoft.test.base.TestBase:76 - Trying to find Element By : By.name: GuItemKindKindCode
2020/07/14 23:10:02:952 DEBUG com.sinosoft.test.base.TestBase:80 - Found Element By : By.name: GuItemKindKindCode
2020/07/14 23:10:03:004 DEBUG com.sinosoft.test.base.TestBase:42 - CodeSelect:开始设置[[[[InternetExplorerDriver: internet explorer on WINDOWS (cd5ffdc3-9713-4f35-ab9e-b5a4652d123d)] -> id: ItemPropertyDetail]] -> name: GuItemKindKindCode] & Code=0101001
2020/07/14 23:10:04:715 DEBUG com.sinosoft.test.base.TestBase:272 - 系统窗口【黄河财险业务系统】with handle -bed15142-9abb-43a1-9d53-2d86244f3b05
2020/07/14 23:10:05:382 DEBUG com.sinosoft.test.base.TestBase:272 - 系统窗口【黄河财险业务系统】with handle -bed15142-9abb-43a1-9d53-2d86244f3b05
2020/07/14 23:10:06:023 DEBUG com.sinosoft.test.base.TestBase:272 - 系统窗口【Code Select】with handle -7a33ac43-c997-4ee6-815d-3417d88b73e6
2020/07/14 23:10:06:553 DEBUG com.sinosoft.test.base.TestBase:69 - 初始化class com.sinosoft.test.fccp.common.CodeSelectPage
2020/07/14 23:10:06:554 DEBUG com.sinosoft.test.base.TestBase:39 - 基础码表选择！
2020/07/14 23:10:06:555 DEBUG com.sinosoft.test.base.TestBase:76 - Trying to find Element By : By.name: fieldValue
2020/07/14 23:10:06:883 DEBUG com.sinosoft.test.base.TestBase:80 - Found Element By : By.name: fieldValue
2020/07/14 23:10:06:884  INFO com.sinosoft.test.base.TestBase:360 - setEditboxValue:[[InternetExplorerDriver: internet explorer on WINDOWS (cd5ffdc3-9713-4f35-ab9e-b5a4652d123d)] -> name: fieldValue]：0101001
2020/07/14 23:10:08:349  INFO com.sinosoft.test.base.TestBase:363 - setEditboxValue—End:[[InternetExplorerDriver: internet explorer on WINDOWS (cd5ffdc3-9713-4f35-ab9e-b5a4652d123d)] -> name: fieldValue]：0101001
2020/07/14 23:10:08:349 DEBUG com.sinosoft.test.base.TestBase:76 - Trying to find Element By : By.xpath: //input[@value='查询(Q)']
2020/07/14 23:10:08:664 DEBUG com.sinosoft.test.base.TestBase:80 - Found Element By : By.xpath: //input[@value='查询(Q)']
2020/07/14 23:10:08:665  INFO com.sinosoft.test.base.TestBase:402 - clickButton:[[InternetExplorerDriver: internet explorer on WINDOWS (cd5ffdc3-9713-4f35-ab9e-b5a4652d123d)] -> xpath: //input[@value='查询(Q)']]
2020/07/14 23:10:08:665 DEBUG com.sinosoft.test.base.TestBase:42 - Trying to click on: [[InternetExplorerDriver: internet explorer on WINDOWS (cd5ffdc3-9713-4f35-ab9e-b5a4652d123d)] -> xpath: //input[@value='查询(Q)']]
2020/07/14 23:10:10:299 DEBUG com.sinosoft.test.base.TestBase:46 - Clicked on: [[InternetExplorerDriver: internet explorer on WINDOWS (cd5ffdc3-9713-4f35-ab9e-b5a4652d123d)] -> xpath: //input[@value='查询(Q)']]
2020/07/14 23:10:10:300 DEBUG com.sinosoft.test.base.TestBase:76 - Trying to find Element By : By.name: codeselect
2020/07/14 23:10:10:596 DEBUG com.sinosoft.test.base.TestBase:80 - Found Element By : By.name: codeselect
2020/07/14 23:10:10:596  INFO com.sinosoft.test.base.TestBase:132 - setFuzzySelect:[[InternetExplorerDriver: internet explorer on WINDOWS (cd5ffdc3-9713-4f35-ab9e-b5a4652d123d)] -> name: codeselect]->0101001
2020/07/14 23:10:11:160 DEBUG com.sinosoft.test.base.TestBase:76 - Trying to find Element By : By.tagName: option
2020/07/14 23:10:11:490 DEBUG com.sinosoft.test.base.TestBase:80 - Found Element By : By.tagName: option
2020/07/14 23:10:11:801  INFO com.sinosoft.test.base.TestBase:142 - 找到匹配【0101001】的选项：0101001--财产基本险（2019版）
2020/07/14 23:10:11:801 DEBUG com.sinosoft.test.base.TestBase:76 - Trying to find Element By : By.xpath: .//option[normalize-space(.) = "0101001--财产基本险（2019版）"]
2020/07/14 23:10:12:130 DEBUG com.sinosoft.test.base.TestBase:80 - Found Element By : By.xpath: .//option[normalize-space(.) = "0101001--财产基本险（2019版）"]
2020/07/14 23:10:12:433 DEBUG com.sinosoft.test.base.TestBase:42 - Trying to click on: [[[[InternetExplorerDriver: internet explorer on WINDOWS (cd5ffdc3-9713-4f35-ab9e-b5a4652d123d)] -> name: codeselect]] -> xpath: .//option[normalize-space(.) = "0101001--财产基本险（2019版）"]]
2020/07/14 23:10:12:950 DEBUG com.sinosoft.test.base.TestBase:46 - Clicked on: [[[[InternetExplorerDriver: internet explorer on WINDOWS (cd5ffdc3-9713-4f35-ab9e-b5a4652d123d)] -> name: codeselect]] -> xpath: .//option[normalize-space(.) = "0101001--财产基本险（2019版）"]]
2020/07/14 23:10:12:950 DEBUG com.sinosoft.test.base.TestBase:151 - setFuzzySelect 结束！
2020/07/14 23:10:12:951 DEBUG com.sinosoft.test.base.TestBase:76 - Trying to find Element By : By.name: SelectIt
2020/07/14 23:10:13:249 DEBUG com.sinosoft.test.base.TestBase:80 - Found Element By : By.name: SelectIt
2020/07/14 23:10:13:250  INFO com.sinosoft.test.base.TestBase:416 - jsClickButton:[[InternetExplorerDriver: internet explorer on WINDOWS (cd5ffdc3-9713-4f35-ab9e-b5a4652d123d)] -> name: SelectIt]
2020/07/14 23:10:13:250  INFO com.sinosoft.test.base.TestBase:144 - RunJavaScript:[[InternetExplorerDriver: internet explorer on WINDOWS (cd5ffdc3-9713-4f35-ab9e-b5a4652d123d)] -> name: SelectIt]	arguments[0].click();
2020/07/14 23:10:14:524 DEBUG com.sinosoft.test.base.TestBase:272 - 系统窗口【黄河财险业务系统】with handle -bed15142-9abb-43a1-9d53-2d86244f3b05
2020/07/14 23:10:20:430 DEBUG com.sinosoft.test.base.TestBase:49 - CodeSelect:设置完毕[[[[InternetExplorerDriver: internet explorer on WINDOWS (cd5ffdc3-9713-4f35-ab9e-b5a4652d123d)] -> id: ItemPropertyDetail]] -> name: GuItemKindKindCode] & Code=0101001
2020/07/14 23:10:20:430 DEBUG com.sinosoft.test.base.TestBase:76 - Trying to find Element By : By.id: ItemPropertyDetail
2020/07/14 23:10:20:560 DEBUG com.sinosoft.test.base.TestBase:80 - Found Element By : By.id: ItemPropertyDetail
2020/07/14 23:10:20:560 DEBUG com.sinosoft.test.base.TestBase:76 - Trying to find Element By : By.name: GuItemKindCalculateInd
2020/07/14 23:10:20:688 DEBUG com.sinosoft.test.base.TestBase:80 - Found Element By : By.name: GuItemKindCalculateInd
2020/07/14 23:10:20:761 DEBUG com.sinosoft.test.base.TestBase:76 - Trying to find Element By : By.id: ItemPropertyDetail
2020/07/14 23:10:20:930 DEBUG com.sinosoft.test.base.TestBase:80 - Found Element By : By.id: ItemPropertyDetail
2020/07/14 23:10:20:931 DEBUG com.sinosoft.test.base.TestBase:76 - Trying to find Element By : By.name: GuItemKindValueType
2020/07/14 23:10:21:030 DEBUG com.sinosoft.test.base.TestBase:80 - Found Element By : By.name: GuItemKindValueType
2020/07/14 23:10:21:032  INFO com.sinosoft.test.base.TestBase:96 - setSelectWithStartText:[[[[InternetExplorerDriver: internet explorer on WINDOWS (cd5ffdc3-9713-4f35-ab9e-b5a4652d123d)] -> id: ItemPropertyDetail]] -> name: GuItemKindValueType]->10
2020/07/14 23:10:21:107 DEBUG com.sinosoft.test.base.TestBase:76 - Trying to find Element By : By.tagName: option
2020/07/14 23:10:21:573 DEBUG com.sinosoft.test.base.TestBase:80 - Found Element By : By.tagName: option
2020/07/14 23:10:21:886  INFO com.sinosoft.test.base.TestBase:114 - 找到匹配【10】的选项：10-出险时市场价值
2020/07/14 23:10:21:886 DEBUG com.sinosoft.test.base.TestBase:76 - Trying to find Element By : By.xpath: .//option[normalize-space(.) = "10-出险时市场价值"]
2020/07/14 23:10:22:004 DEBUG com.sinosoft.test.base.TestBase:80 - Found Element By : By.xpath: .//option[normalize-space(.) = "10-出险时市场价值"]
2020/07/14 23:10:22:065 DEBUG com.sinosoft.test.base.TestBase:42 - Trying to click on: [[[[[[InternetExplorerDriver: internet explorer on WINDOWS (cd5ffdc3-9713-4f35-ab9e-b5a4652d123d)] -> id: ItemPropertyDetail]] -> name: GuItemKindValueType]] -> xpath: .//option[normalize-space(.) = "10-出险时市场价值"]]
2020/07/14 23:10:22:487 DEBUG com.sinosoft.test.base.TestBase:46 - Clicked on: [[[[[[InternetExplorerDriver: internet explorer on WINDOWS (cd5ffdc3-9713-4f35-ab9e-b5a4652d123d)] -> id: ItemPropertyDetail]] -> name: GuItemKindValueType]] -> xpath: .//option[normalize-space(.) = "10-出险时市场价值"]]
2020/07/14 23:10:22:487 DEBUG com.sinosoft.test.base.TestBase:123 - setSelectWithStartText 结束！
2020/07/14 23:10:22:487 DEBUG com.sinosoft.test.base.TestBase:76 - Trying to find Element By : By.id: ItemPropertyDetail
2020/07/14 23:10:22:635 DEBUG com.sinosoft.test.base.TestBase:80 - Found Element By : By.id: ItemPropertyDetail
2020/07/14 23:10:22:636 DEBUG com.sinosoft.test.base.TestBase:76 - Trying to find Element By : By.name: GuItemKindSumInsured
2020/07/14 23:10:22:749 DEBUG com.sinosoft.test.base.TestBase:80 - Found Element By : By.name: GuItemKindSumInsured
2020/07/14 23:10:22:758  INFO com.sinosoft.test.base.TestBase:360 - setEditboxValue:[[[[InternetExplorerDriver: internet explorer on WINDOWS (cd5ffdc3-9713-4f35-ab9e-b5a4652d123d)] -> id: ItemPropertyDetail]] -> name: GuItemKindSumInsured]：2000000
2020/07/14 23:10:23:924  INFO com.sinosoft.test.base.TestBase:363 - setEditboxValue—End:[[[[InternetExplorerDriver: internet explorer on WINDOWS (cd5ffdc3-9713-4f35-ab9e-b5a4652d123d)] -> id: ItemPropertyDetail]] -> name: GuItemKindSumInsured]：2000000
2020/07/14 23:10:23:925 DEBUG com.sinosoft.test.base.TestBase:76 - Trying to find Element By : By.xpath: //table[@id='ItemPropertyDetailKind']/tbody/tr/td/input[@name='GuItemKindRate']
2020/07/14 23:10:24:018 DEBUG com.sinosoft.test.base.TestBase:80 - Found Element By : By.xpath: //table[@id='ItemPropertyDetailKind']/tbody/tr/td/input[@name='GuItemKindRate']
2020/07/14 23:10:24:018  INFO com.sinosoft.test.base.TestBase:388 - setEditboxTValue:[[InternetExplorerDriver: internet explorer on WINDOWS (cd5ffdc3-9713-4f35-ab9e-b5a4652d123d)] -> xpath: //table[@id='ItemPropertyDetailKind']/tbody/tr/td/input[@name='GuItemKindRate']]->0.5
2020/07/14 23:10:24:019 DEBUG com.sinosoft.test.base.TestBase:76 - Trying to find Element By : By.xpath: //table[@id='ItemPropertyDetailKind']/tbody/tr/td/input[@name='GuItemKindRate']
2020/07/14 23:10:24:111 DEBUG com.sinosoft.test.base.TestBase:80 - Found Element By : By.xpath: //table[@id='ItemPropertyDetailKind']/tbody/tr/td/input[@name='GuItemKindRate']
2020/07/14 23:10:24:598 DEBUG com.sinosoft.test.base.TestBase:76 - Trying to find Element By : By.xpath: //table[@id='ItemPropertyDetailKind']/tbody/tr/td/input[@name='GuItemKindRate']
2020/07/14 23:10:24:726 DEBUG com.sinosoft.test.base.TestBase:80 - Found Element By : By.xpath: //table[@id='ItemPropertyDetailKind']/tbody/tr/td/input[@name='GuItemKindRate']
2020/07/14 23:10:30:350 DEBUG com.sinosoft.test.base.TestBase:76 - Trying to find Element By : By.xpath: //table[@id='ItemPropertyDetailKind']/tbody/tr/td/input[@name='GuItemKindShortRateFlag']
2020/07/14 23:10:30:455 DEBUG com.sinosoft.test.base.TestBase:80 - Found Element By : By.xpath: //table[@id='ItemPropertyDetailKind']/tbody/tr/td/input[@name='GuItemKindShortRateFlag']
2020/07/14 23:10:30:542 DEBUG com.sinosoft.test.base.TestBase:76 - Trying to find Element By : By.xpath: //table[@id='ItemPropertyDetailKind']/tbody/tr/td/input[@name='GuItemKindShortRateFlag']
2020/07/14 23:10:30:614 DEBUG com.sinosoft.test.base.TestBase:80 - Found Element By : By.xpath: //table[@id='ItemPropertyDetailKind']/tbody/tr/td/input[@name='GuItemKindShortRateFlag']
2020/07/14 23:10:30:614 DEBUG com.sinosoft.test.base.TestBase:42 - CodeSelect:开始设置[[InternetExplorerDriver: internet explorer on WINDOWS (cd5ffdc3-9713-4f35-ab9e-b5a4652d123d)] -> xpath: //table[@id='ItemPropertyDetailKind']/tbody/tr/td/input[@name='GuItemKindShortRateFlag']] & Code=2
2020/07/14 23:10:30:616 DEBUG com.sinosoft.test.base.TestBase:76 - Trying to find Element By : By.xpath: //table[@id='ItemPropertyDetailKind']/tbody/tr/td/input[@name='GuItemKindShortRateFlag']
2020/07/14 23:10:30:675 DEBUG com.sinosoft.test.base.TestBase:80 - Found Element By : By.xpath: //table[@id='ItemPropertyDetailKind']/tbody/tr/td/input[@name='GuItemKindShortRateFlag']
2020/07/14 23:10:32:334 DEBUG com.sinosoft.test.base.TestBase:272 - 系统窗口【黄河财险业务系统】with handle -bed15142-9abb-43a1-9d53-2d86244f3b05
2020/07/14 23:10:32:993 DEBUG com.sinosoft.test.base.TestBase:272 - 系统窗口【黄河财险业务系统】with handle -bed15142-9abb-43a1-9d53-2d86244f3b05
2020/07/14 23:10:33:644 DEBUG com.sinosoft.test.base.TestBase:272 - 系统窗口【Code Select】with handle -d231d806-ffbc-4047-8418-e433a7456de2
2020/07/14 23:10:34:178 DEBUG com.sinosoft.test.base.TestBase:69 - 初始化class com.sinosoft.test.fccp.common.CodeSelectPage
2020/07/14 23:10:34:178 DEBUG com.sinosoft.test.base.TestBase:39 - 基础码表选择！
2020/07/14 23:10:34:179 DEBUG com.sinosoft.test.base.TestBase:76 - Trying to find Element By : By.name: fieldValue
2020/07/14 23:10:34:499 DEBUG com.sinosoft.test.base.TestBase:80 - Found Element By : By.name: fieldValue
2020/07/14 23:10:34:500  INFO com.sinosoft.test.base.TestBase:360 - setEditboxValue:[[InternetExplorerDriver: internet explorer on WINDOWS (cd5ffdc3-9713-4f35-ab9e-b5a4652d123d)] -> name: fieldValue]：2
2020/07/14 23:10:35:824  INFO com.sinosoft.test.base.TestBase:363 - setEditboxValue—End:[[InternetExplorerDriver: internet explorer on WINDOWS (cd5ffdc3-9713-4f35-ab9e-b5a4652d123d)] -> name: fieldValue]：2
2020/07/14 23:10:35:824 DEBUG com.sinosoft.test.base.TestBase:76 - Trying to find Element By : By.xpath: //input[@value='查询(Q)']
2020/07/14 23:10:36:139 DEBUG com.sinosoft.test.base.TestBase:80 - Found Element By : By.xpath: //input[@value='查询(Q)']
2020/07/14 23:10:36:139  INFO com.sinosoft.test.base.TestBase:402 - clickButton:[[InternetExplorerDriver: internet explorer on WINDOWS (cd5ffdc3-9713-4f35-ab9e-b5a4652d123d)] -> xpath: //input[@value='查询(Q)']]
2020/07/14 23:10:36:140 DEBUG com.sinosoft.test.base.TestBase:42 - Trying to click on: [[InternetExplorerDriver: internet explorer on WINDOWS (cd5ffdc3-9713-4f35-ab9e-b5a4652d123d)] -> xpath: //input[@value='查询(Q)']]
2020/07/14 23:10:37:771 DEBUG com.sinosoft.test.base.TestBase:46 - Clicked on: [[InternetExplorerDriver: internet explorer on WINDOWS (cd5ffdc3-9713-4f35-ab9e-b5a4652d123d)] -> xpath: //input[@value='查询(Q)']]
2020/07/14 23:10:37:771 DEBUG com.sinosoft.test.base.TestBase:76 - Trying to find Element By : By.name: codeselect
2020/07/14 23:10:38:081 DEBUG com.sinosoft.test.base.TestBase:80 - Found Element By : By.name: codeselect
2020/07/14 23:10:38:081  INFO com.sinosoft.test.base.TestBase:132 - setFuzzySelect:[[InternetExplorerDriver: internet explorer on WINDOWS (cd5ffdc3-9713-4f35-ab9e-b5a4652d123d)] -> name: codeselect]->2
2020/07/14 23:10:38:677 DEBUG com.sinosoft.test.base.TestBase:76 - Trying to find Element By : By.tagName: option
2020/07/14 23:10:39:002 DEBUG com.sinosoft.test.base.TestBase:80 - Found Element By : By.tagName: option
2020/07/14 23:10:39:320  INFO com.sinosoft.test.base.TestBase:142 - 找到匹配【2】的选项：2--月比例
2020/07/14 23:10:39:320 DEBUG com.sinosoft.test.base.TestBase:76 - Trying to find Element By : By.xpath: .//option[normalize-space(.) = "2--月比例"]
2020/07/14 23:10:39:650 DEBUG com.sinosoft.test.base.TestBase:80 - Found Element By : By.xpath: .//option[normalize-space(.) = "2--月比例"]
2020/07/14 23:10:39:959 DEBUG com.sinosoft.test.base.TestBase:42 - Trying to click on: [[[[InternetExplorerDriver: internet explorer on WINDOWS (cd5ffdc3-9713-4f35-ab9e-b5a4652d123d)] -> name: codeselect]] -> xpath: .//option[normalize-space(.) = "2--月比例"]]
2020/07/14 23:10:40:473 DEBUG com.sinosoft.test.base.TestBase:46 - Clicked on: [[[[InternetExplorerDriver: internet explorer on WINDOWS (cd5ffdc3-9713-4f35-ab9e-b5a4652d123d)] -> name: codeselect]] -> xpath: .//option[normalize-space(.) = "2--月比例"]]
2020/07/14 23:10:40:473 DEBUG com.sinosoft.test.base.TestBase:151 - setFuzzySelect 结束！
2020/07/14 23:10:40:474 DEBUG com.sinosoft.test.base.TestBase:76 - Trying to find Element By : By.name: SelectIt
2020/07/14 23:10:40:786 DEBUG com.sinosoft.test.base.TestBase:80 - Found Element By : By.name: SelectIt
2020/07/14 23:10:40:787  INFO com.sinosoft.test.base.TestBase:416 - jsClickButton:[[InternetExplorerDriver: internet explorer on WINDOWS (cd5ffdc3-9713-4f35-ab9e-b5a4652d123d)] -> name: SelectIt]
2020/07/14 23:10:40:787  INFO com.sinosoft.test.base.TestBase:144 - RunJavaScript:[[InternetExplorerDriver: internet explorer on WINDOWS (cd5ffdc3-9713-4f35-ab9e-b5a4652d123d)] -> name: SelectIt]	arguments[0].click();
2020/07/14 23:10:41:634 DEBUG com.sinosoft.test.base.TestBase:272 - 系统窗口【黄河财险业务系统】with handle -bed15142-9abb-43a1-9d53-2d86244f3b05
2020/07/14 23:10:47:591 DEBUG com.sinosoft.test.base.TestBase:76 - Trying to find Element By : By.xpath: //table[@id='ItemPropertyDetailKind']/tbody/tr/td/input[@name='GuItemKindShortRateFlag']
2020/07/14 23:10:47:679 DEBUG com.sinosoft.test.base.TestBase:80 - Found Element By : By.xpath: //table[@id='ItemPropertyDetailKind']/tbody/tr/td/input[@name='GuItemKindShortRateFlag']
2020/07/14 23:10:47:680 DEBUG com.sinosoft.test.base.TestBase:49 - CodeSelect:设置完毕[[InternetExplorerDriver: internet explorer on WINDOWS (cd5ffdc3-9713-4f35-ab9e-b5a4652d123d)] -> xpath: //table[@id='ItemPropertyDetailKind']/tbody/tr/td/input[@name='GuItemKindShortRateFlag']] & Code=2
2020/07/14 23:10:47:680 DEBUG com.sinosoft.test.base.TestBase:76 - Trying to find Element By : By.xpath: //table[@id='ItemPropertyDetailKind']/tbody/tr/td/input[@name='GuItemKindGrossPremium']
2020/07/14 23:10:47:763 DEBUG com.sinosoft.test.base.TestBase:80 - Found Element By : By.xpath: //table[@id='ItemPropertyDetailKind']/tbody/tr/td/input[@name='GuItemKindGrossPremium']
2020/07/14 23:10:47:764  INFO com.sinosoft.test.base.TestBase:388 - setEditboxTValue:[[InternetExplorerDriver: internet explorer on WINDOWS (cd5ffdc3-9713-4f35-ab9e-b5a4652d123d)] -> xpath: //table[@id='ItemPropertyDetailKind']/tbody/tr/td/input[@name='GuItemKindGrossPremium']]->400
2020/07/14 23:10:47:764 DEBUG com.sinosoft.test.base.TestBase:76 - Trying to find Element By : By.xpath: //table[@id='ItemPropertyDetailKind']/tbody/tr/td/input[@name='GuItemKindGrossPremium']
2020/07/14 23:10:47:881 DEBUG com.sinosoft.test.base.TestBase:80 - Found Element By : By.xpath: //table[@id='ItemPropertyDetailKind']/tbody/tr/td/input[@name='GuItemKindGrossPremium']
2020/07/14 23:10:48:580 DEBUG com.sinosoft.test.base.TestBase:76 - Trying to find Element By : By.xpath: //table[@id='ItemPropertyDetailKind']/tbody/tr/td/input[@name='GuItemKindGrossPremium']
2020/07/14 23:10:48:683 DEBUG com.sinosoft.test.base.TestBase:80 - Found Element By : By.xpath: //table[@id='ItemPropertyDetailKind']/tbody/tr/td/input[@name='GuItemKindGrossPremium']
2020/07/14 23:10:54:383 DEBUG com.sinosoft.test.base.TestBase:234 - 开始录入营业中断险！
2020/07/14 23:10:54:383 DEBUG com.sinosoft.test.base.TestBase:76 - Trying to find Element By : By.id: ItemPropertyItem1105
2020/07/14 23:10:54:526 DEBUG com.sinosoft.test.base.TestBase:80 - Found Element By : By.id: ItemPropertyItem1105
2020/07/14 23:10:54:527  INFO com.sinosoft.test.base.TestBase:406 - clickElement:[[InternetExplorerDriver: internet explorer on WINDOWS (cd5ffdc3-9713-4f35-ab9e-b5a4652d123d)] -> id: ItemPropertyItem1105]
2020/07/14 23:10:54:528 DEBUG com.sinosoft.test.base.TestBase:76 - Trying to find Element By : By.id: ItemPropertyItem1105
2020/07/14 23:10:54:654 DEBUG com.sinosoft.test.base.TestBase:80 - Found Element By : By.id: ItemPropertyItem1105
2020/07/14 23:10:54:656 DEBUG com.sinosoft.test.base.TestBase:42 - Trying to click on: [[InternetExplorerDriver: internet explorer on WINDOWS (cd5ffdc3-9713-4f35-ab9e-b5a4652d123d)] -> id: ItemPropertyItem1105]
2020/07/14 23:10:56:199 DEBUG com.sinosoft.test.base.TestBase:46 - Clicked on: [[InternetExplorerDriver: internet explorer on WINDOWS (cd5ffdc3-9713-4f35-ab9e-b5a4652d123d)] -> id: ItemPropertyItem1105]
2020/07/14 23:10:56:199 DEBUG com.sinosoft.test.base.TestBase:76 - Trying to find Element By : By.name: GuItemDynamic0105FieldBG
2020/07/14 23:10:56:310 DEBUG com.sinosoft.test.base.TestBase:80 - Found Element By : By.name: GuItemDynamic0105FieldBG
2020/07/14 23:10:56:311  INFO com.sinosoft.test.base.TestBase:360 - setEditboxValue:[[InternetExplorerDriver: internet explorer on WINDOWS (cd5ffdc3-9713-4f35-ab9e-b5a4652d123d)] -> name: GuItemDynamic0105FieldBG]：24
2020/07/14 23:10:56:311 DEBUG com.sinosoft.test.base.TestBase:76 - Trying to find Element By : By.name: GuItemDynamic0105FieldBG
2020/07/14 23:10:56:406 DEBUG com.sinosoft.test.base.TestBase:80 - Found Element By : By.name: GuItemDynamic0105FieldBG
2020/07/14 23:10:56:763 DEBUG com.sinosoft.test.base.TestBase:76 - Trying to find Element By : By.name: GuItemDynamic0105FieldBG
2020/07/14 23:10:56:878 DEBUG com.sinosoft.test.base.TestBase:80 - Found Element By : By.name: GuItemDynamic0105FieldBG
2020/07/14 23:10:57:493 DEBUG com.sinosoft.test.base.TestBase:76 - Trying to find Element By : By.name: GuItemDynamic0105FieldBG
2020/07/14 23:10:57:622 DEBUG com.sinosoft.test.base.TestBase:80 - Found Element By : By.name: GuItemDynamic0105FieldBG
2020/07/14 23:10:57:624  INFO com.sinosoft.test.base.TestBase:363 - setEditboxValue—End:[[InternetExplorerDriver: internet explorer on WINDOWS (cd5ffdc3-9713-4f35-ab9e-b5a4652d123d)] -> name: GuItemDynamic0105FieldBG]：24
2020/07/14 23:10:57:625 DEBUG com.sinosoft.test.base.TestBase:76 - Trying to find Element By : By.name: GuItemDynamic0105FieldBF
2020/07/14 23:10:57:707 DEBUG com.sinosoft.test.base.TestBase:80 - Found Element By : By.name: GuItemDynamic0105FieldBF
2020/07/14 23:10:57:746 DEBUG com.sinosoft.test.base.TestBase:76 - Trying to find Element By : By.name: GuItemDynamic0105FieldBF
2020/07/14 23:10:57:863 DEBUG com.sinosoft.test.base.TestBase:80 - Found Element By : By.name: GuItemDynamic0105FieldBF
2020/07/14 23:10:57:864 DEBUG com.sinosoft.test.base.TestBase:63 - SetCodeEditBox:开始设置:[[InternetExplorerDriver: internet explorer on WINDOWS (cd5ffdc3-9713-4f35-ab9e-b5a4652d123d)] -> name: GuItemDynamic0105FieldBF] & Code=6000000
2020/07/14 23:10:57:864 DEBUG com.sinosoft.test.base.TestBase:76 - Trying to find Element By : By.name: GuItemDynamic0105FieldBF
2020/07/14 23:10:57:980 DEBUG com.sinosoft.test.base.TestBase:80 - Found Element By : By.name: GuItemDynamic0105FieldBF
2020/07/14 23:10:58:416 DEBUG com.sinosoft.test.base.TestBase:76 - Trying to find Element By : By.name: GuItemDynamic0105FieldBF
2020/07/14 23:10:58:544 DEBUG com.sinosoft.test.base.TestBase:80 - Found Element By : By.name: GuItemDynamic0105FieldBF
2020/07/14 23:10:59:404 DEBUG com.sinosoft.test.base.TestBase:76 - Trying to find Element By : By.name: GuItemDynamic0105FieldBF
2020/07/14 23:10:59:557 DEBUG com.sinosoft.test.base.TestBase:80 - Found Element By : By.name: GuItemDynamic0105FieldBF
2020/07/14 23:10:59:558 DEBUG com.sinosoft.test.base.TestBase:76 - Trying to find Element By : By.xpath: ../input[last()]
2020/07/14 23:10:59:683 DEBUG com.sinosoft.test.base.TestBase:80 - Found Element By : By.xpath: ../input[last()]
2020/07/14 23:10:59:868  INFO com.sinosoft.test.base.TestBase:71 - SetCodeEditBox:找到了Code对应的文本显示框并点击触发显示:GuItemDynamic0105FieldBF
2020/07/14 23:10:59:870 DEBUG com.sinosoft.test.base.TestBase:42 - Trying to click on: [[[[InternetExplorerDriver: internet explorer on WINDOWS (cd5ffdc3-9713-4f35-ab9e-b5a4652d123d)] -> name: GuItemDynamic0105FieldBF]] -> xpath: ../input[last()]]
2020/07/14 23:11:01:169 DEBUG com.sinosoft.test.base.TestBase:46 - Clicked on: [[[[InternetExplorerDriver: internet explorer on WINDOWS (cd5ffdc3-9713-4f35-ab9e-b5a4652d123d)] -> name: GuItemDynamic0105FieldBF]] -> xpath: ../input[last()]]
2020/07/14 23:11:01:370 DEBUG com.sinosoft.test.base.TestBase:76 - Trying to find Element By : By.name: GuItemDynamic0105FieldBF
2020/07/14 23:11:01:490 DEBUG com.sinosoft.test.base.TestBase:80 - Found Element By : By.name: GuItemDynamic0105FieldBF
2020/07/14 23:11:01:491 DEBUG com.sinosoft.test.base.TestBase:87 - SetCodeEditBox:设置完毕[[InternetExplorerDriver: internet explorer on WINDOWS (cd5ffdc3-9713-4f35-ab9e-b5a4652d123d)] -> name: GuItemDynamic0105FieldBF],设置值 Code=6000000
2020/07/14 23:11:01:491 DEBUG com.sinosoft.test.base.TestBase:76 - Trying to find Element By : By.name: GuItemDynamic0105FieldBE
2020/07/14 23:11:01:629 DEBUG com.sinosoft.test.base.TestBase:80 - Found Element By : By.name: GuItemDynamic0105FieldBE
2020/07/14 23:11:01:682 DEBUG com.sinosoft.test.base.TestBase:76 - Trying to find Element By : By.name: GuItemDynamic0105FieldBE
2020/07/14 23:11:01:779 DEBUG com.sinosoft.test.base.TestBase:80 - Found Element By : By.name: GuItemDynamic0105FieldBE
2020/07/14 23:11:01:780 DEBUG com.sinosoft.test.base.TestBase:63 - SetCodeEditBox:开始设置:[[InternetExplorerDriver: internet explorer on WINDOWS (cd5ffdc3-9713-4f35-ab9e-b5a4652d123d)] -> name: GuItemDynamic0105FieldBE] & Code=20000000
2020/07/14 23:11:01:780 DEBUG com.sinosoft.test.base.TestBase:76 - Trying to find Element By : By.name: GuItemDynamic0105FieldBE
2020/07/14 23:11:01:895 DEBUG com.sinosoft.test.base.TestBase:80 - Found Element By : By.name: GuItemDynamic0105FieldBE
2020/07/14 23:11:02:270 DEBUG com.sinosoft.test.base.TestBase:76 - Trying to find Element By : By.name: GuItemDynamic0105FieldBE
2020/07/14 23:11:02:386 DEBUG com.sinosoft.test.base.TestBase:80 - Found Element By : By.name: GuItemDynamic0105FieldBE
2020/07/14 23:11:03:238 DEBUG com.sinosoft.test.base.TestBase:76 - Trying to find Element By : By.name: GuItemDynamic0105FieldBE
2020/07/14 23:11:03:367 DEBUG com.sinosoft.test.base.TestBase:80 - Found Element By : By.name: GuItemDynamic0105FieldBE
2020/07/14 23:11:03:368 DEBUG com.sinosoft.test.base.TestBase:76 - Trying to find Element By : By.xpath: ../input[last()]
2020/07/14 23:11:03:476 DEBUG com.sinosoft.test.base.TestBase:80 - Found Element By : By.xpath: ../input[last()]
2020/07/14 23:11:03:690  INFO com.sinosoft.test.base.TestBase:71 - SetCodeEditBox:找到了Code对应的文本显示框并点击触发显示:GuItemDynamic0105FieldBE
2020/07/14 23:11:03:690 DEBUG com.sinosoft.test.base.TestBase:42 - Trying to click on: [[[[InternetExplorerDriver: internet explorer on WINDOWS (cd5ffdc3-9713-4f35-ab9e-b5a4652d123d)] -> name: GuItemDynamic0105FieldBE]] -> xpath: ../input[last()]]
2020/07/14 23:11:04:965 DEBUG com.sinosoft.test.base.TestBase:46 - Clicked on: [[[[InternetExplorerDriver: internet explorer on WINDOWS (cd5ffdc3-9713-4f35-ab9e-b5a4652d123d)] -> name: GuItemDynamic0105FieldBE]] -> xpath: ../input[last()]]
2020/07/14 23:11:05:167 DEBUG com.sinosoft.test.base.TestBase:76 - Trying to find Element By : By.name: GuItemDynamic0105FieldBE
2020/07/14 23:11:05:270 DEBUG com.sinosoft.test.base.TestBase:80 - Found Element By : By.name: GuItemDynamic0105FieldBE
2020/07/14 23:11:05:271 DEBUG com.sinosoft.test.base.TestBase:87 - SetCodeEditBox:设置完毕[[InternetExplorerDriver: internet explorer on WINDOWS (cd5ffdc3-9713-4f35-ab9e-b5a4652d123d)] -> name: GuItemDynamic0105FieldBE],设置值 Code=20000000
2020/07/14 23:11:05:271 DEBUG com.sinosoft.test.base.TestBase:76 - Trying to find Element By : By.id: ItemPropertyDetail0105
2020/07/14 23:11:05:366 DEBUG com.sinosoft.test.base.TestBase:80 - Found Element By : By.id: ItemPropertyDetail0105
2020/07/14 23:11:05:366 DEBUG com.sinosoft.test.base.TestBase:76 - Trying to find Element By : By.name: GuItemPropertyDetail0105ItemDetailCode
2020/07/14 23:11:05:448 DEBUG com.sinosoft.test.base.TestBase:80 - Found Element By : By.name: GuItemPropertyDetail0105ItemDetailCode
2020/07/14 23:11:05:449 DEBUG com.sinosoft.test.base.TestBase:76 - Trying to find Element By : By.id: ItemPropertyDetail0105
2020/07/14 23:11:05:576 DEBUG com.sinosoft.test.base.TestBase:80 - Found Element By : By.id: ItemPropertyDetail0105
2020/07/14 23:11:05:576 DEBUG com.sinosoft.test.base.TestBase:76 - Trying to find Element By : By.name: GuItemPropertyDetail0105ItemDetailList
2020/07/14 23:11:05:684 DEBUG com.sinosoft.test.base.TestBase:80 - Found Element By : By.name: GuItemPropertyDetail0105ItemDetailList
2020/07/14 23:11:05:735 DEBUG com.sinosoft.test.base.TestBase:42 - CodeSelect:开始设置[[[[InternetExplorerDriver: internet explorer on WINDOWS (cd5ffdc3-9713-4f35-ab9e-b5a4652d123d)] -> id: ItemPropertyDetail0105]] -> name: GuItemPropertyDetail0105ItemDetailCode] & Code=010056
2020/07/14 23:11:07:377 DEBUG com.sinosoft.test.base.TestBase:272 - 系统窗口【黄河财险业务系统】with handle -bed15142-9abb-43a1-9d53-2d86244f3b05
2020/07/14 23:11:08:082 DEBUG com.sinosoft.test.base.TestBase:272 - 系统窗口【黄河财险业务系统】with handle -bed15142-9abb-43a1-9d53-2d86244f3b05
2020/07/14 23:11:08:762 DEBUG com.sinosoft.test.base.TestBase:272 - 系统窗口【Code Select】with handle -32274be5-0f86-4cb3-843b-7016c2d605a2
2020/07/14 23:11:09:287 DEBUG com.sinosoft.test.base.TestBase:69 - 初始化class com.sinosoft.test.fccp.common.CodeSelectPage
2020/07/14 23:11:09:288 DEBUG com.sinosoft.test.base.TestBase:39 - 基础码表选择！
2020/07/14 23:11:09:288 DEBUG com.sinosoft.test.base.TestBase:76 - Trying to find Element By : By.name: fieldValue
2020/07/14 23:11:09:635 DEBUG com.sinosoft.test.base.TestBase:80 - Found Element By : By.name: fieldValue
2020/07/14 23:11:09:636  INFO com.sinosoft.test.base.TestBase:360 - setEditboxValue:[[InternetExplorerDriver: internet explorer on WINDOWS (cd5ffdc3-9713-4f35-ab9e-b5a4652d123d)] -> name: fieldValue]：010056
2020/07/14 23:11:11:132  INFO com.sinosoft.test.base.TestBase:363 - setEditboxValue—End:[[InternetExplorerDriver: internet explorer on WINDOWS (cd5ffdc3-9713-4f35-ab9e-b5a4652d123d)] -> name: fieldValue]：010056
2020/07/14 23:11:11:133 DEBUG com.sinosoft.test.base.TestBase:76 - Trying to find Element By : By.xpath: //input[@value='查询(Q)']
2020/07/14 23:11:11:454 DEBUG com.sinosoft.test.base.TestBase:80 - Found Element By : By.xpath: //input[@value='查询(Q)']
2020/07/14 23:11:11:454  INFO com.sinosoft.test.base.TestBase:402 - clickButton:[[InternetExplorerDriver: internet explorer on WINDOWS (cd5ffdc3-9713-4f35-ab9e-b5a4652d123d)] -> xpath: //input[@value='查询(Q)']]
2020/07/14 23:11:11:455 DEBUG com.sinosoft.test.base.TestBase:42 - Trying to click on: [[InternetExplorerDriver: internet explorer on WINDOWS (cd5ffdc3-9713-4f35-ab9e-b5a4652d123d)] -> xpath: //input[@value='查询(Q)']]
2020/07/14 23:11:13:082 DEBUG com.sinosoft.test.base.TestBase:46 - Clicked on: [[InternetExplorerDriver: internet explorer on WINDOWS (cd5ffdc3-9713-4f35-ab9e-b5a4652d123d)] -> xpath: //input[@value='查询(Q)']]
2020/07/14 23:11:13:082 DEBUG com.sinosoft.test.base.TestBase:76 - Trying to find Element By : By.name: codeselect
2020/07/14 23:11:13:386 DEBUG com.sinosoft.test.base.TestBase:80 - Found Element By : By.name: codeselect
2020/07/14 23:11:13:387  INFO com.sinosoft.test.base.TestBase:132 - setFuzzySelect:[[InternetExplorerDriver: internet explorer on WINDOWS (cd5ffdc3-9713-4f35-ab9e-b5a4652d123d)] -> name: codeselect]->010056
2020/07/14 23:11:13:982 DEBUG com.sinosoft.test.base.TestBase:76 - Trying to find Element By : By.tagName: option
2020/07/14 23:11:14:302 DEBUG com.sinosoft.test.base.TestBase:80 - Found Element By : By.tagName: option
2020/07/14 23:11:14:617  INFO com.sinosoft.test.base.TestBase:142 - 找到匹配【010056】的选项：010056--营业利润
2020/07/14 23:11:14:617 DEBUG com.sinosoft.test.base.TestBase:76 - Trying to find Element By : By.xpath: .//option[normalize-space(.) = "010056--营业利润"]
2020/07/14 23:11:14:949 DEBUG com.sinosoft.test.base.TestBase:80 - Found Element By : By.xpath: .//option[normalize-space(.) = "010056--营业利润"]
2020/07/14 23:11:15:269 DEBUG com.sinosoft.test.base.TestBase:42 - Trying to click on: [[[[InternetExplorerDriver: internet explorer on WINDOWS (cd5ffdc3-9713-4f35-ab9e-b5a4652d123d)] -> name: codeselect]] -> xpath: .//option[normalize-space(.) = "010056--营业利润"]]
2020/07/14 23:11:15:777 DEBUG com.sinosoft.test.base.TestBase:46 - Clicked on: [[[[InternetExplorerDriver: internet explorer on WINDOWS (cd5ffdc3-9713-4f35-ab9e-b5a4652d123d)] -> name: codeselect]] -> xpath: .//option[normalize-space(.) = "010056--营业利润"]]
2020/07/14 23:11:15:777 DEBUG com.sinosoft.test.base.TestBase:151 - setFuzzySelect 结束！
2020/07/14 23:11:15:777 DEBUG com.sinosoft.test.base.TestBase:76 - Trying to find Element By : By.name: SelectIt
2020/07/14 23:11:16:073 DEBUG com.sinosoft.test.base.TestBase:80 - Found Element By : By.name: SelectIt
2020/07/14 23:11:16:073  INFO com.sinosoft.test.base.TestBase:416 - jsClickButton:[[InternetExplorerDriver: internet explorer on WINDOWS (cd5ffdc3-9713-4f35-ab9e-b5a4652d123d)] -> name: SelectIt]
2020/07/14 23:11:16:074  INFO com.sinosoft.test.base.TestBase:144 - RunJavaScript:[[InternetExplorerDriver: internet explorer on WINDOWS (cd5ffdc3-9713-4f35-ab9e-b5a4652d123d)] -> name: SelectIt]	arguments[0].click();
2020/07/14 23:11:16:934 DEBUG com.sinosoft.test.base.TestBase:272 - 系统窗口【黄河财险业务系统】with handle -bed15142-9abb-43a1-9d53-2d86244f3b05
2020/07/14 23:11:22:901 DEBUG com.sinosoft.test.base.TestBase:49 - CodeSelect:设置完毕[[[[InternetExplorerDriver: internet explorer on WINDOWS (cd5ffdc3-9713-4f35-ab9e-b5a4652d123d)] -> id: ItemPropertyDetail0105]] -> name: GuItemPropertyDetail0105ItemDetailCode] & Code=010056
2020/07/14 23:11:22:901 DEBUG com.sinosoft.test.base.TestBase:76 - Trying to find Element By : By.id: ItemPropertyDetail0105
2020/07/14 23:11:23:005 DEBUG com.sinosoft.test.base.TestBase:80 - Found Element By : By.id: ItemPropertyDetail0105
2020/07/14 23:11:23:005  INFO com.sinosoft.test.base.TestBase:406 - clickElement:[[InternetExplorerDriver: internet explorer on WINDOWS (cd5ffdc3-9713-4f35-ab9e-b5a4652d123d)] -> id: ItemPropertyDetail0105]
2020/07/14 23:11:23:006 DEBUG com.sinosoft.test.base.TestBase:76 - Trying to find Element By : By.id: ItemPropertyDetail0105
2020/07/14 23:11:23:100 DEBUG com.sinosoft.test.base.TestBase:80 - Found Element By : By.id: ItemPropertyDetail0105
2020/07/14 23:11:23:101 DEBUG com.sinosoft.test.base.TestBase:42 - Trying to click on: [[InternetExplorerDriver: internet explorer on WINDOWS (cd5ffdc3-9713-4f35-ab9e-b5a4652d123d)] -> id: ItemPropertyDetail0105]
2020/07/14 23:11:24:515 DEBUG com.sinosoft.test.base.TestBase:46 - Clicked on: [[InternetExplorerDriver: internet explorer on WINDOWS (cd5ffdc3-9713-4f35-ab9e-b5a4652d123d)] -> id: ItemPropertyDetail0105]
2020/07/14 23:11:24:515 DEBUG com.sinosoft.test.base.TestBase:76 - Trying to find Element By : By.id: ItemPropertyDetail0105
2020/07/14 23:11:24:664 DEBUG com.sinosoft.test.base.TestBase:80 - Found Element By : By.id: ItemPropertyDetail0105
2020/07/14 23:11:24:665 DEBUG com.sinosoft.test.base.TestBase:76 - Trying to find Element By : By.name: GuItemKind0105KindCode
2020/07/14 23:11:24:786 DEBUG com.sinosoft.test.base.TestBase:80 - Found Element By : By.name: GuItemKind0105KindCode
2020/07/14 23:11:24:787 DEBUG com.sinosoft.test.base.TestBase:76 - Trying to find Element By : By.id: ItemPropertyDetail0105
2020/07/14 23:11:24:879 DEBUG com.sinosoft.test.base.TestBase:80 - Found Element By : By.id: ItemPropertyDetail0105
2020/07/14 23:11:24:880 DEBUG com.sinosoft.test.base.TestBase:76 - Trying to find Element By : By.name: GuItemKind0105CalculateInd
2020/07/14 23:11:24:998 DEBUG com.sinosoft.test.base.TestBase:80 - Found Element By : By.name: GuItemKind0105CalculateInd
2020/07/14 23:11:24:999 DEBUG com.sinosoft.test.base.TestBase:76 - Trying to find Element By : By.id: ItemPropertyDetail0105
2020/07/14 23:11:25:098 DEBUG com.sinosoft.test.base.TestBase:80 - Found Element By : By.id: ItemPropertyDetail0105
2020/07/14 23:11:25:099 DEBUG com.sinosoft.test.base.TestBase:76 - Trying to find Element By : By.name: GuItemKind0105ValueType
2020/07/14 23:11:25:216 DEBUG com.sinosoft.test.base.TestBase:80 - Found Element By : By.name: GuItemKind0105ValueType
2020/07/14 23:11:25:218 DEBUG com.sinosoft.test.base.TestBase:76 - Trying to find Element By : By.id: ItemPropertyDetail0105
2020/07/14 23:11:25:369 DEBUG com.sinosoft.test.base.TestBase:80 - Found Element By : By.id: ItemPropertyDetail0105
2020/07/14 23:11:25:369 DEBUG com.sinosoft.test.base.TestBase:76 - Trying to find Element By : By.name: GuItemKind0105SumInsured
2020/07/14 23:11:25:507 DEBUG com.sinosoft.test.base.TestBase:80 - Found Element By : By.name: GuItemKind0105SumInsured
2020/07/14 23:11:25:508 DEBUG com.sinosoft.test.base.TestBase:76 - Trying to find Element By : By.id: ItemPropertyDetail0105
2020/07/14 23:11:25:649 DEBUG com.sinosoft.test.base.TestBase:80 - Found Element By : By.id: ItemPropertyDetail0105
2020/07/14 23:11:25:650 DEBUG com.sinosoft.test.base.TestBase:76 - Trying to find Element By : By.name: GuItemKind0105Rate
2020/07/14 23:11:25:742 DEBUG com.sinosoft.test.base.TestBase:80 - Found Element By : By.name: GuItemKind0105Rate
2020/07/14 23:11:25:742 DEBUG com.sinosoft.test.base.TestBase:76 - Trying to find Element By : By.id: ItemPropertyDetail0105
2020/07/14 23:11:25:869 DEBUG com.sinosoft.test.base.TestBase:80 - Found Element By : By.id: ItemPropertyDetail0105
2020/07/14 23:11:25:870 DEBUG com.sinosoft.test.base.TestBase:76 - Trying to find Element By : By.name: GuItemKind0105ShortRateFlag
2020/07/14 23:11:25:998 DEBUG com.sinosoft.test.base.TestBase:80 - Found Element By : By.name: GuItemKind0105ShortRateFlag
2020/07/14 23:11:25:998 DEBUG com.sinosoft.test.base.TestBase:76 - Trying to find Element By : By.id: ItemPropertyDetail0105
2020/07/14 23:11:26:125 DEBUG com.sinosoft.test.base.TestBase:80 - Found Element By : By.id: ItemPropertyDetail0105
2020/07/14 23:11:26:125 DEBUG com.sinosoft.test.base.TestBase:76 - Trying to find Element By : By.name: GuItemKind0105GrossPremium
2020/07/14 23:11:26:241 DEBUG com.sinosoft.test.base.TestBase:80 - Found Element By : By.name: GuItemKind0105GrossPremium
2020/07/14 23:11:26:297 DEBUG com.sinosoft.test.base.TestBase:42 - CodeSelect:开始设置[[[[InternetExplorerDriver: internet explorer on WINDOWS (cd5ffdc3-9713-4f35-ab9e-b5a4652d123d)] -> id: ItemPropertyDetail0105]] -> name: GuItemKind0105KindCode] & Code=0105001
2020/07/14 23:11:27:909 DEBUG com.sinosoft.test.base.TestBase:272 - 系统窗口【黄河财险业务系统】with handle -bed15142-9abb-43a1-9d53-2d86244f3b05
2020/07/14 23:11:28:617 DEBUG com.sinosoft.test.base.TestBase:272 - 系统窗口【黄河财险业务系统】with handle -bed15142-9abb-43a1-9d53-2d86244f3b05
2020/07/14 23:11:29:269 DEBUG com.sinosoft.test.base.TestBase:272 - 系统窗口【Code Select】with handle -74c6b9ac-6a4b-4beb-9d71-d7afad963676
2020/07/14 23:11:29:789 DEBUG com.sinosoft.test.base.TestBase:69 - 初始化class com.sinosoft.test.fccp.common.CodeSelectPage
2020/07/14 23:11:29:791 DEBUG com.sinosoft.test.base.TestBase:39 - 基础码表选择！
2020/07/14 23:11:29:793 DEBUG com.sinosoft.test.base.TestBase:76 - Trying to find Element By : By.name: fieldValue
2020/07/14 23:11:30:126 DEBUG com.sinosoft.test.base.TestBase:80 - Found Element By : By.name: fieldValue
2020/07/14 23:11:30:127  INFO com.sinosoft.test.base.TestBase:360 - setEditboxValue:[[InternetExplorerDriver: internet explorer on WINDOWS (cd5ffdc3-9713-4f35-ab9e-b5a4652d123d)] -> name: fieldValue]：0105001
2020/07/14 23:11:31:670  INFO com.sinosoft.test.base.TestBase:363 - setEditboxValue—End:[[InternetExplorerDriver: internet explorer on WINDOWS (cd5ffdc3-9713-4f35-ab9e-b5a4652d123d)] -> name: fieldValue]：0105001
2020/07/14 23:11:31:671 DEBUG com.sinosoft.test.base.TestBase:76 - Trying to find Element By : By.xpath: //input[@value='查询(Q)']
2020/07/14 23:11:31:981 DEBUG com.sinosoft.test.base.TestBase:80 - Found Element By : By.xpath: //input[@value='查询(Q)']
2020/07/14 23:11:31:982  INFO com.sinosoft.test.base.TestBase:402 - clickButton:[[InternetExplorerDriver: internet explorer on WINDOWS (cd5ffdc3-9713-4f35-ab9e-b5a4652d123d)] -> xpath: //input[@value='查询(Q)']]
2020/07/14 23:11:31:982 DEBUG com.sinosoft.test.base.TestBase:42 - Trying to click on: [[InternetExplorerDriver: internet explorer on WINDOWS (cd5ffdc3-9713-4f35-ab9e-b5a4652d123d)] -> xpath: //input[@value='查询(Q)']]
2020/07/14 23:11:33:615 DEBUG com.sinosoft.test.base.TestBase:46 - Clicked on: [[InternetExplorerDriver: internet explorer on WINDOWS (cd5ffdc3-9713-4f35-ab9e-b5a4652d123d)] -> xpath: //input[@value='查询(Q)']]
2020/07/14 23:11:33:616 DEBUG com.sinosoft.test.base.TestBase:76 - Trying to find Element By : By.name: codeselect
2020/07/14 23:11:33:912 DEBUG com.sinosoft.test.base.TestBase:80 - Found Element By : By.name: codeselect
2020/07/14 23:11:33:912  INFO com.sinosoft.test.base.TestBase:132 - setFuzzySelect:[[InternetExplorerDriver: internet explorer on WINDOWS (cd5ffdc3-9713-4f35-ab9e-b5a4652d123d)] -> name: codeselect]->0105001
2020/07/14 23:11:34:490 DEBUG com.sinosoft.test.base.TestBase:76 - Trying to find Element By : By.tagName: option
2020/07/14 23:11:34:815 DEBUG com.sinosoft.test.base.TestBase:80 - Found Element By : By.tagName: option
2020/07/14 23:11:35:118  INFO com.sinosoft.test.base.TestBase:142 - 找到匹配【0105001】的选项：0105001--营业中断保险（2018版）条款
2020/07/14 23:11:35:119 DEBUG com.sinosoft.test.base.TestBase:76 - Trying to find Element By : By.xpath: .//option[normalize-space(.) = "0105001--营业中断保险（2018版）条款"]
2020/07/14 23:11:35:450 DEBUG com.sinosoft.test.base.TestBase:80 - Found Element By : By.xpath: .//option[normalize-space(.) = "0105001--营业中断保险（2018版）条款"]
2020/07/14 23:11:35:781 DEBUG com.sinosoft.test.base.TestBase:42 - Trying to click on: [[[[InternetExplorerDriver: internet explorer on WINDOWS (cd5ffdc3-9713-4f35-ab9e-b5a4652d123d)] -> name: codeselect]] -> xpath: .//option[normalize-space(.) = "0105001--营业中断保险（2018版）条款"]]
2020/07/14 23:11:36:309 DEBUG com.sinosoft.test.base.TestBase:46 - Clicked on: [[[[InternetExplorerDriver: internet explorer on WINDOWS (cd5ffdc3-9713-4f35-ab9e-b5a4652d123d)] -> name: codeselect]] -> xpath: .//option[normalize-space(.) = "0105001--营业中断保险（2018版）条款"]]
2020/07/14 23:11:36:311 DEBUG com.sinosoft.test.base.TestBase:151 - setFuzzySelect 结束！
2020/07/14 23:11:36:311 DEBUG com.sinosoft.test.base.TestBase:76 - Trying to find Element By : By.name: SelectIt
2020/07/14 23:11:36:607 DEBUG com.sinosoft.test.base.TestBase:80 - Found Element By : By.name: SelectIt
2020/07/14 23:11:36:607  INFO com.sinosoft.test.base.TestBase:416 - jsClickButton:[[InternetExplorerDriver: internet explorer on WINDOWS (cd5ffdc3-9713-4f35-ab9e-b5a4652d123d)] -> name: SelectIt]
2020/07/14 23:11:36:607  INFO com.sinosoft.test.base.TestBase:144 - RunJavaScript:[[InternetExplorerDriver: internet explorer on WINDOWS (cd5ffdc3-9713-4f35-ab9e-b5a4652d123d)] -> name: SelectIt]	arguments[0].click();
2020/07/14 23:11:37:489 DEBUG com.sinosoft.test.base.TestBase:272 - 系统窗口【黄河财险业务系统】with handle -bed15142-9abb-43a1-9d53-2d86244f3b05
2020/07/14 23:11:42:915 DEBUG com.sinosoft.test.base.TestBase:49 - CodeSelect:设置完毕[[[[InternetExplorerDriver: internet explorer on WINDOWS (cd5ffdc3-9713-4f35-ab9e-b5a4652d123d)] -> id: ItemPropertyDetail0105]] -> name: GuItemKind0105KindCode] & Code=0105001
2020/07/14 23:11:42:958  INFO com.sinosoft.test.base.TestBase:96 - setSelectWithStartText:[[[[InternetExplorerDriver: internet explorer on WINDOWS (cd5ffdc3-9713-4f35-ab9e-b5a4652d123d)] -> id: ItemPropertyDetail0105]] -> name: GuItemKind0105ValueType]->18
2020/07/14 23:11:43:106 DEBUG com.sinosoft.test.base.TestBase:76 - Trying to find Element By : By.tagName: option
2020/07/14 23:11:43:558 DEBUG com.sinosoft.test.base.TestBase:80 - Found Element By : By.tagName: option
2020/07/14 23:11:44:611  INFO com.sinosoft.test.base.TestBase:114 - 找到匹配【18】的选项：18-估价
2020/07/14 23:11:44:611 DEBUG com.sinosoft.test.base.TestBase:76 - Trying to find Element By : By.xpath: .//option[normalize-space(.) = "18-估价"]
2020/07/14 23:11:44:738 DEBUG com.sinosoft.test.base.TestBase:80 - Found Element By : By.xpath: .//option[normalize-space(.) = "18-估价"]
2020/07/14 23:11:44:785 DEBUG com.sinosoft.test.base.TestBase:42 - Trying to click on: [[[[[[InternetExplorerDriver: internet explorer on WINDOWS (cd5ffdc3-9713-4f35-ab9e-b5a4652d123d)] -> id: ItemPropertyDetail0105]] -> name: GuItemKind0105ValueType]] -> xpath: .//option[normalize-space(.) = "18-估价"]]
2020/07/14 23:11:45:178 DEBUG com.sinosoft.test.base.TestBase:46 - Clicked on: [[[[[[InternetExplorerDriver: internet explorer on WINDOWS (cd5ffdc3-9713-4f35-ab9e-b5a4652d123d)] -> id: ItemPropertyDetail0105]] -> name: GuItemKind0105ValueType]] -> xpath: .//option[normalize-space(.) = "18-估价"]]
2020/07/14 23:11:45:179 DEBUG com.sinosoft.test.base.TestBase:123 - setSelectWithStartText 结束！
2020/07/14 23:11:45:181  INFO com.sinosoft.test.base.TestBase:360 - setEditboxValue:[[[[InternetExplorerDriver: internet explorer on WINDOWS (cd5ffdc3-9713-4f35-ab9e-b5a4652d123d)] -> id: ItemPropertyDetail0105]] -> name: GuItemKind0105SumInsured]：200000
2020/07/14 23:11:46:392  INFO com.sinosoft.test.base.TestBase:363 - setEditboxValue—End:[[[[InternetExplorerDriver: internet explorer on WINDOWS (cd5ffdc3-9713-4f35-ab9e-b5a4652d123d)] -> id: ItemPropertyDetail0105]] -> name: GuItemKind0105SumInsured]：200000
2020/07/14 23:11:46:393  INFO com.sinosoft.test.base.TestBase:388 - setEditboxTValue:[[[[InternetExplorerDriver: internet explorer on WINDOWS (cd5ffdc3-9713-4f35-ab9e-b5a4652d123d)] -> id: ItemPropertyDetail0105]] -> name: GuItemKind0105Rate]->3
2020/07/14 23:11:52:628  INFO com.sinosoft.test.base.TestBase:388 - setEditboxTValue:[[[[InternetExplorerDriver: internet explorer on WINDOWS (cd5ffdc3-9713-4f35-ab9e-b5a4652d123d)] -> id: ItemPropertyDetail0105]] -> name: GuItemKind0105GrossPremium]->4000
2020/07/14 23:11:58:954 DEBUG com.sinosoft.test.base.TestBase:76 - Trying to find Element By : By.id: saveButton
2020/07/14 23:11:59:095 DEBUG com.sinosoft.test.base.TestBase:80 - Found Element By : By.id: saveButton
2020/07/14 23:11:59:096  INFO com.sinosoft.test.base.TestBase:402 - clickButton:[[InternetExplorerDriver: internet explorer on WINDOWS (cd5ffdc3-9713-4f35-ab9e-b5a4652d123d)] -> id: saveButton]
2020/07/14 23:11:59:096 DEBUG com.sinosoft.test.base.TestBase:76 - Trying to find Element By : By.id: saveButton
2020/07/14 23:11:59:221 DEBUG com.sinosoft.test.base.TestBase:80 - Found Element By : By.id: saveButton
2020/07/14 23:11:59:222 DEBUG com.sinosoft.test.base.TestBase:42 - Trying to click on: [[InternetExplorerDriver: internet explorer on WINDOWS (cd5ffdc3-9713-4f35-ab9e-b5a4652d123d)] -> id: saveButton]
2020/07/14 23:12:00:919 DEBUG com.sinosoft.test.base.TestBase:46 - Clicked on: [[InternetExplorerDriver: internet explorer on WINDOWS (cd5ffdc3-9713-4f35-ab9e-b5a4652d123d)] -> id: saveButton]
2020/07/14 23:12:05:448 DEBUG com.sinosoft.test.base.TestBase:76 - Trying to find Element By : By.xpath: //td[text()='条款信息']
2020/07/14 23:12:05:531 DEBUG com.sinosoft.test.base.TestBase:80 - Found Element By : By.xpath: //td[text()='条款信息']
2020/07/14 23:12:05:532  INFO com.sinosoft.test.base.TestBase:402 - clickButton:[[InternetExplorerDriver: internet explorer on WINDOWS (cd5ffdc3-9713-4f35-ab9e-b5a4652d123d)] -> xpath: //td[text()='条款信息']]
2020/07/14 23:12:05:532 DEBUG com.sinosoft.test.base.TestBase:42 - Trying to click on: [[InternetExplorerDriver: internet explorer on WINDOWS (cd5ffdc3-9713-4f35-ab9e-b5a4652d123d)] -> xpath: //td[text()='条款信息']]
2020/07/14 23:12:07:935 DEBUG com.sinosoft.test.base.TestBase:46 - Clicked on: [[InternetExplorerDriver: internet explorer on WINDOWS (cd5ffdc3-9713-4f35-ab9e-b5a4652d123d)] -> xpath: //td[text()='条款信息']]
2020/07/14 23:12:13:536 DEBUG com.sinosoft.test.base.TestBase:69 - 初始化class com.sinosoft.test.fccp.tbcl.RiskDetail_TermsPage
2020/07/14 23:12:19:167 DEBUG com.sinosoft.test.base.TestBase:76 - Trying to find Element By : By.id: saveButton
2020/07/14 23:12:19:265 DEBUG com.sinosoft.test.base.TestBase:80 - Found Element By : By.id: saveButton
2020/07/14 23:12:19:266  INFO com.sinosoft.test.base.TestBase:402 - clickButton:[[InternetExplorerDriver: internet explorer on WINDOWS (cd5ffdc3-9713-4f35-ab9e-b5a4652d123d)] -> id: saveButton]
2020/07/14 23:12:19:267 DEBUG com.sinosoft.test.base.TestBase:76 - Trying to find Element By : By.id: saveButton
2020/07/14 23:12:19:331 DEBUG com.sinosoft.test.base.TestBase:80 - Found Element By : By.id: saveButton
2020/07/14 23:12:19:332 DEBUG com.sinosoft.test.base.TestBase:42 - Trying to click on: [[InternetExplorerDriver: internet explorer on WINDOWS (cd5ffdc3-9713-4f35-ab9e-b5a4652d123d)] -> id: saveButton]
2020/07/14 23:12:20:757 DEBUG com.sinosoft.test.base.TestBase:46 - Clicked on: [[InternetExplorerDriver: internet explorer on WINDOWS (cd5ffdc3-9713-4f35-ab9e-b5a4652d123d)] -> id: saveButton]
2020/07/14 23:12:20:758 DEBUG com.sinosoft.test.base.TestBase:88 - 截屏文件名字是：FCCB_TB_JCX_1条款信息页面
2020/07/14 23:12:23:918 DEBUG com.sinosoft.test.base.TestBase:76 - Trying to find Element By : By.xpath: //td[text()='联共保信息']
2020/07/14 23:12:23:988 DEBUG com.sinosoft.test.base.TestBase:80 - Found Element By : By.xpath: //td[text()='联共保信息']
2020/07/14 23:12:23:989  INFO com.sinosoft.test.base.TestBase:402 - clickButton:[[InternetExplorerDriver: internet explorer on WINDOWS (cd5ffdc3-9713-4f35-ab9e-b5a4652d123d)] -> xpath: //td[text()='联共保信息']]
2020/07/14 23:12:23:989 DEBUG com.sinosoft.test.base.TestBase:42 - Trying to click on: [[InternetExplorerDriver: internet explorer on WINDOWS (cd5ffdc3-9713-4f35-ab9e-b5a4652d123d)] -> xpath: //td[text()='联共保信息']]
2020/07/14 23:12:26:957 DEBUG com.sinosoft.test.base.TestBase:46 - Clicked on: [[InternetExplorerDriver: internet explorer on WINDOWS (cd5ffdc3-9713-4f35-ab9e-b5a4652d123d)] -> xpath: //td[text()='联共保信息']]
2020/07/14 23:12:32:400 DEBUG com.sinosoft.test.base.TestBase:69 - 初始化class com.sinosoft.test.fccp.tbcl.RiskDetail_CoInsuredPage
2020/07/14 23:12:37:864 DEBUG com.sinosoft.test.base.TestBase:76 - Trying to find Element By : By.xpath: //table[@id='Coinsurance']/tbody/tr[last()]/td/p/input[@name='buttonCoinsuranceDetailInfo']
2020/07/14 23:12:37:932 DEBUG com.sinosoft.test.base.TestBase:80 - Found Element By : By.xpath: //table[@id='Coinsurance']/tbody/tr[last()]/td/p/input[@name='buttonCoinsuranceDetailInfo']
2020/07/14 23:12:37:933  INFO com.sinosoft.test.base.TestBase:416 - jsClickButton:[[InternetExplorerDriver: internet explorer on WINDOWS (cd5ffdc3-9713-4f35-ab9e-b5a4652d123d)] -> xpath: //table[@id='Coinsurance']/tbody/tr[last()]/td/p/input[@name='buttonCoinsuranceDetailInfo']]
2020/07/14 23:12:37:933 DEBUG com.sinosoft.test.base.TestBase:76 - Trying to find Element By : By.xpath: //table[@id='Coinsurance']/tbody/tr[last()]/td/p/input[@name='buttonCoinsuranceDetailInfo']
2020/07/14 23:12:38:005 DEBUG com.sinosoft.test.base.TestBase:80 - Found Element By : By.xpath: //table[@id='Coinsurance']/tbody/tr[last()]/td/p/input[@name='buttonCoinsuranceDetailInfo']
2020/07/14 23:12:38:005  INFO com.sinosoft.test.base.TestBase:144 - RunJavaScript:[[InternetExplorerDriver: internet explorer on WINDOWS (cd5ffdc3-9713-4f35-ab9e-b5a4652d123d)] -> xpath: //table[@id='Coinsurance']/tbody/tr[last()]/td/p/input[@name='buttonCoinsuranceDetailInfo']]	arguments[0].click();
2020/07/14 23:12:38:006 DEBUG com.sinosoft.test.base.TestBase:76 - Trying to find Element By : By.xpath: //table[@id='Coinsurance']/tbody/tr[last()]/td/p/input[@name='buttonCoinsuranceDetailInfo']
2020/07/14 23:12:38:078 DEBUG com.sinosoft.test.base.TestBase:80 - Found Element By : By.xpath: //table[@id='Coinsurance']/tbody/tr[last()]/td/p/input[@name='buttonCoinsuranceDetailInfo']
2020/07/14 23:12:38:148 DEBUG com.sinosoft.test.base.TestBase:76 - Trying to find Element By : By.xpath: //table[@id='Coinsurance']/tbody/tr[last()]/td/span[@id='span_ConinsuranceDetailInfo_SubPage']
2020/07/14 23:12:38:218 DEBUG com.sinosoft.test.base.TestBase:80 - Found Element By : By.xpath: //table[@id='Coinsurance']/tbody/tr[last()]/td/span[@id='span_ConinsuranceDetailInfo_SubPage']
2020/07/14 23:12:38:219 DEBUG com.sinosoft.test.base.TestBase:76 - Trying to find Element By : By.name: GuCoinsuranceCoinsRate
2020/07/14 23:12:38:314 DEBUG com.sinosoft.test.base.TestBase:80 - Found Element By : By.name: GuCoinsuranceCoinsRate
2020/07/14 23:12:38:315 DEBUG com.sinosoft.test.base.TestBase:76 - Trying to find Element By : By.xpath: //table[@id='Coinsurance']/tbody/tr[last()]/td/span[@id='span_ConinsuranceDetailInfo_SubPage']
2020/07/14 23:12:38:384 DEBUG com.sinosoft.test.base.TestBase:80 - Found Element By : By.xpath: //table[@id='Coinsurance']/tbody/tr[last()]/td/span[@id='span_ConinsuranceDetailInfo_SubPage']
2020/07/14 23:12:38:384 DEBUG com.sinosoft.test.base.TestBase:76 - Trying to find Element By : By.name: GuCoinsuranceCoinsPremium
2020/07/14 23:12:38:456 DEBUG com.sinosoft.test.base.TestBase:80 - Found Element By : By.name: GuCoinsuranceCoinsPremium
2020/07/14 23:12:38:458  INFO com.sinosoft.test.base.TestBase:360 - setEditboxValue:[[[[InternetExplorerDriver: internet explorer on WINDOWS (cd5ffdc3-9713-4f35-ab9e-b5a4652d123d)] -> xpath: //table[@id='Coinsurance']/tbody/tr[last()]/td/span[@id='span_ConinsuranceDetailInfo_SubPage']]] -> name: GuCoinsuranceCoinsRate]：null
2020/07/14 23:12:39:489  INFO com.sinosoft.test.base.TestBase:363 - setEditboxValue—End:[[[[InternetExplorerDriver: internet explorer on WINDOWS (cd5ffdc3-9713-4f35-ab9e-b5a4652d123d)] -> xpath: //table[@id='Coinsurance']/tbody/tr[last()]/td/span[@id='span_ConinsuranceDetailInfo_SubPage']]] -> name: GuCoinsuranceCoinsRate]：null
2020/07/14 23:12:39:490  INFO com.sinosoft.test.base.TestBase:406 - clickElement:[[[[InternetExplorerDriver: internet explorer on WINDOWS (cd5ffdc3-9713-4f35-ab9e-b5a4652d123d)] -> xpath: //table[@id='Coinsurance']/tbody/tr[last()]/td/span[@id='span_ConinsuranceDetailInfo_SubPage']]] -> name: GuCoinsuranceCoinsPremium]
2020/07/14 23:12:39:490 DEBUG com.sinosoft.test.base.TestBase:42 - Trying to click on: [[[[InternetExplorerDriver: internet explorer on WINDOWS (cd5ffdc3-9713-4f35-ab9e-b5a4652d123d)] -> xpath: //table[@id='Coinsurance']/tbody/tr[last()]/td/span[@id='span_ConinsuranceDetailInfo_SubPage']]] -> name: GuCoinsuranceCoinsPremium]
2020/07/14 23:12:40:871 DEBUG com.sinosoft.test.base.TestBase:46 - Clicked on: [[[[InternetExplorerDriver: internet explorer on WINDOWS (cd5ffdc3-9713-4f35-ab9e-b5a4652d123d)] -> xpath: //table[@id='Coinsurance']/tbody/tr[last()]/td/span[@id='span_ConinsuranceDetailInfo_SubPage']]] -> name: GuCoinsuranceCoinsPremium]
2020/07/14 23:12:42:872 DEBUG com.sinosoft.test.base.TestBase:76 - Trying to find Element By : By.xpath: //table[@id='Coinsurance']/tbody/tr[last()]/td/span[@id='span_ConinsuranceDetailInfo_SubPage']
2020/07/14 23:12:42:965 DEBUG com.sinosoft.test.base.TestBase:80 - Found Element By : By.xpath: //table[@id='Coinsurance']/tbody/tr[last()]/td/span[@id='span_ConinsuranceDetailInfo_SubPage']
2020/07/14 23:12:42:966 DEBUG com.sinosoft.test.base.TestBase:76 - Trying to find Element By : By.name: button_CoinsuranceDetailInfo_Close
2020/07/14 23:12:43:038 DEBUG com.sinosoft.test.base.TestBase:80 - Found Element By : By.name: button_CoinsuranceDetailInfo_Close
2020/07/14 23:12:43:038  INFO com.sinosoft.test.base.TestBase:402 - clickButton:[[[[InternetExplorerDriver: internet explorer on WINDOWS (cd5ffdc3-9713-4f35-ab9e-b5a4652d123d)] -> xpath: //table[@id='Coinsurance']/tbody/tr[last()]/td/span[@id='span_ConinsuranceDetailInfo_SubPage']]] -> name: button_CoinsuranceDetailInfo_Close]
2020/07/14 23:12:43:038 DEBUG com.sinosoft.test.base.TestBase:42 - Trying to click on: [[[[InternetExplorerDriver: internet explorer on WINDOWS (cd5ffdc3-9713-4f35-ab9e-b5a4652d123d)] -> xpath: //table[@id='Coinsurance']/tbody/tr[last()]/td/span[@id='span_ConinsuranceDetailInfo_SubPage']]] -> name: button_CoinsuranceDetailInfo_Close]
2020/07/14 23:12:44:386 DEBUG com.sinosoft.test.base.TestBase:46 - Clicked on: [[[[InternetExplorerDriver: internet explorer on WINDOWS (cd5ffdc3-9713-4f35-ab9e-b5a4652d123d)] -> xpath: //table[@id='Coinsurance']/tbody/tr[last()]/td/span[@id='span_ConinsuranceDetailInfo_SubPage']]] -> name: button_CoinsuranceDetailInfo_Close]
2020/07/14 23:12:44:387 DEBUG com.sinosoft.test.base.TestBase:60 - 处理完主保方信息
2020/07/14 23:12:44:387 DEBUG com.sinosoft.test.base.TestBase:76 - Trying to find Element By : By.name: buttonProductCoinsuranceAdd
2020/07/14 23:12:44:448 DEBUG com.sinosoft.test.base.TestBase:80 - Found Element By : By.name: buttonProductCoinsuranceAdd
2020/07/14 23:12:44:449  INFO com.sinosoft.test.base.TestBase:416 - jsClickButton:[[InternetExplorerDriver: internet explorer on WINDOWS (cd5ffdc3-9713-4f35-ab9e-b5a4652d123d)] -> name: buttonProductCoinsuranceAdd]
2020/07/14 23:12:44:449 DEBUG com.sinosoft.test.base.TestBase:76 - Trying to find Element By : By.name: buttonProductCoinsuranceAdd
2020/07/14 23:12:44:508 DEBUG com.sinosoft.test.base.TestBase:80 - Found Element By : By.name: buttonProductCoinsuranceAdd
2020/07/14 23:12:44:509  INFO com.sinosoft.test.base.TestBase:144 - RunJavaScript:[[InternetExplorerDriver: internet explorer on WINDOWS (cd5ffdc3-9713-4f35-ab9e-b5a4652d123d)] -> name: buttonProductCoinsuranceAdd]	arguments[0].click();
2020/07/14 23:12:44:510 DEBUG com.sinosoft.test.base.TestBase:76 - Trying to find Element By : By.name: buttonProductCoinsuranceAdd
2020/07/14 23:12:44:560 DEBUG com.sinosoft.test.base.TestBase:80 - Found Element By : By.name: buttonProductCoinsuranceAdd
2020/07/14 23:12:44:645 DEBUG com.sinosoft.test.base.TestBase:63 - 开始处理共保方信息
2020/07/14 23:12:44:645 DEBUG com.sinosoft.test.base.TestBase:76 - Trying to find Element By : By.xpath: //table[@id='Coinsurance']/tbody/tr[last()]/td/p/input[@name='buttonCoinsuranceDetailInfo']
2020/07/14 23:12:44:721 DEBUG com.sinosoft.test.base.TestBase:80 - Found Element By : By.xpath: //table[@id='Coinsurance']/tbody/tr[last()]/td/p/input[@name='buttonCoinsuranceDetailInfo']
2020/07/14 23:12:44:721  INFO com.sinosoft.test.base.TestBase:416 - jsClickButton:[[InternetExplorerDriver: internet explorer on WINDOWS (cd5ffdc3-9713-4f35-ab9e-b5a4652d123d)] -> xpath: //table[@id='Coinsurance']/tbody/tr[last()]/td/p/input[@name='buttonCoinsuranceDetailInfo']]
2020/07/14 23:12:44:721 DEBUG com.sinosoft.test.base.TestBase:76 - Trying to find Element By : By.xpath: //table[@id='Coinsurance']/tbody/tr[last()]/td/p/input[@name='buttonCoinsuranceDetailInfo']
2020/07/14 23:12:44:782 DEBUG com.sinosoft.test.base.TestBase:80 - Found Element By : By.xpath: //table[@id='Coinsurance']/tbody/tr[last()]/td/p/input[@name='buttonCoinsuranceDetailInfo']
2020/07/14 23:12:44:783  INFO com.sinosoft.test.base.TestBase:144 - RunJavaScript:[[InternetExplorerDriver: internet explorer on WINDOWS (cd5ffdc3-9713-4f35-ab9e-b5a4652d123d)] -> xpath: //table[@id='Coinsurance']/tbody/tr[last()]/td/p/input[@name='buttonCoinsuranceDetailInfo']]	arguments[0].click();
2020/07/14 23:12:44:785 DEBUG com.sinosoft.test.base.TestBase:76 - Trying to find Element By : By.xpath: //table[@id='Coinsurance']/tbody/tr[last()]/td/p/input[@name='buttonCoinsuranceDetailInfo']
2020/07/14 23:12:44:867 DEBUG com.sinosoft.test.base.TestBase:80 - Found Element By : By.xpath: //table[@id='Coinsurance']/tbody/tr[last()]/td/p/input[@name='buttonCoinsuranceDetailInfo']
2020/07/14 23:12:46:972 DEBUG com.sinosoft.test.base.TestBase:68 - 打开了共保方的页面
2020/07/14 23:12:46:972 DEBUG com.sinosoft.test.base.TestBase:76 - Trying to find Element By : By.xpath: //table[@id='Coinsurance']/tbody/tr[last()]/td/span[@id='span_ConinsuranceDetailInfo_SubPage']
2020/07/14 23:12:47:077 DEBUG com.sinosoft.test.base.TestBase:80 - Found Element By : By.xpath: //table[@id='Coinsurance']/tbody/tr[last()]/td/span[@id='span_ConinsuranceDetailInfo_SubPage']
2020/07/14 23:12:47:079 DEBUG com.sinosoft.test.base.TestBase:76 - Trying to find Element By : By.name: GuCoinsuranceCoinsCode
2020/07/14 23:12:47:167 DEBUG com.sinosoft.test.base.TestBase:80 - Found Element By : By.name: GuCoinsuranceCoinsCode
2020/07/14 23:12:47:168 DEBUG com.sinosoft.test.base.TestBase:76 - Trying to find Element By : By.xpath: //table[@id='Coinsurance']/tbody/tr[last()]/td/span[@id='span_ConinsuranceDetailInfo_SubPage']
2020/07/14 23:12:47:236 DEBUG com.sinosoft.test.base.TestBase:80 - Found Element By : By.xpath: //table[@id='Coinsurance']/tbody/tr[last()]/td/span[@id='span_ConinsuranceDetailInfo_SubPage']
2020/07/14 23:12:47:236 DEBUG com.sinosoft.test.base.TestBase:76 - Trying to find Element By : By.name: GuCoinsuranceCoinsCodeTwo
2020/07/14 23:12:47:319 DEBUG com.sinosoft.test.base.TestBase:80 - Found Element By : By.name: GuCoinsuranceCoinsCodeTwo
2020/07/14 23:12:47:321 DEBUG com.sinosoft.test.base.TestBase:76 - Trying to find Element By : By.xpath: //table[@id='Coinsurance']/tbody/tr[last()]/td/span[@id='span_ConinsuranceDetailInfo_SubPage']
2020/07/14 23:12:47:414 DEBUG com.sinosoft.test.base.TestBase:80 - Found Element By : By.xpath: //table[@id='Coinsurance']/tbody/tr[last()]/td/span[@id='span_ConinsuranceDetailInfo_SubPage']
2020/07/14 23:12:47:414 DEBUG com.sinosoft.test.base.TestBase:76 - Trying to find Element By : By.name: GuCoinsuranceCoinsCodeThree
2020/07/14 23:12:47:506 DEBUG com.sinosoft.test.base.TestBase:80 - Found Element By : By.name: GuCoinsuranceCoinsCodeThree
2020/07/14 23:12:47:507 DEBUG com.sinosoft.test.base.TestBase:76 - Trying to find Element By : By.xpath: //table[@id='Coinsurance']/tbody/tr[last()]/td/span[@id='span_ConinsuranceDetailInfo_SubPage']
2020/07/14 23:12:47:575 DEBUG com.sinosoft.test.base.TestBase:80 - Found Element By : By.xpath: //table[@id='Coinsurance']/tbody/tr[last()]/td/span[@id='span_ConinsuranceDetailInfo_SubPage']
2020/07/14 23:12:47:576 DEBUG com.sinosoft.test.base.TestBase:76 - Trying to find Element By : By.name: GuCoinsuranceCoinsRate
2020/07/14 23:12:47:684 DEBUG com.sinosoft.test.base.TestBase:80 - Found Element By : By.name: GuCoinsuranceCoinsRate
2020/07/14 23:12:47:685 DEBUG com.sinosoft.test.base.TestBase:76 - Trying to find Element By : By.xpath: //table[@id='Coinsurance']/tbody/tr[last()]/td/span[@id='span_ConinsuranceDetailInfo_SubPage']
2020/07/14 23:12:47:757 DEBUG com.sinosoft.test.base.TestBase:80 - Found Element By : By.xpath: //table[@id='Coinsurance']/tbody/tr[last()]/td/span[@id='span_ConinsuranceDetailInfo_SubPage']
2020/07/14 23:12:47:758 DEBUG com.sinosoft.test.base.TestBase:76 - Trying to find Element By : By.name: CoinsPremiumAcceptInd02
2020/07/14 23:12:47:904 DEBUG com.sinosoft.test.base.TestBase:80 - Found Element By : By.name: CoinsPremiumAcceptInd02
2020/07/14 23:12:47:904  INFO com.sinosoft.test.base.TestBase:360 - setEditboxValue:[[[[InternetExplorerDriver: internet explorer on WINDOWS (cd5ffdc3-9713-4f35-ab9e-b5a4652d123d)] -> xpath: //table[@id='Coinsurance']/tbody/tr[last()]/td/span[@id='span_ConinsuranceDetailInfo_SubPage']]] -> name: GuCoinsuranceCoinsCodeThree]：null
2020/07/14 23:12:49:007  INFO com.sinosoft.test.base.TestBase:363 - setEditboxValue—End:[[[[InternetExplorerDriver: internet explorer on WINDOWS (cd5ffdc3-9713-4f35-ab9e-b5a4652d123d)] -> xpath: //table[@id='Coinsurance']/tbody/tr[last()]/td/span[@id='span_ConinsuranceDetailInfo_SubPage']]] -> name: GuCoinsuranceCoinsCodeThree]：null
2020/07/14 23:12:49:009  INFO com.sinosoft.test.base.TestBase:360 - setEditboxValue:[[[[InternetExplorerDriver: internet explorer on WINDOWS (cd5ffdc3-9713-4f35-ab9e-b5a4652d123d)] -> xpath: //table[@id='Coinsurance']/tbody/tr[last()]/td/span[@id='span_ConinsuranceDetailInfo_SubPage']]] -> name: GuCoinsuranceCoinsRate]：null
2020/07/14 23:12:50:128  INFO com.sinosoft.test.base.TestBase:363 - setEditboxValue—End:[[[[InternetExplorerDriver: internet explorer on WINDOWS (cd5ffdc3-9713-4f35-ab9e-b5a4652d123d)] -> xpath: //table[@id='Coinsurance']/tbody/tr[last()]/td/span[@id='span_ConinsuranceDetailInfo_SubPage']]] -> name: GuCoinsuranceCoinsRate]：null
2020/07/14 23:12:50:129  INFO com.sinosoft.test.base.TestBase:321 - setEditboxTValue:[[[[[InternetExplorerDriver: internet explorer on WINDOWS (cd5ffdc3-9713-4f35-ab9e-b5a4652d123d)] -> xpath: //table[@id='Coinsurance']/tbody/tr[last()]/td/span[@id='span_ConinsuranceDetailInfo_SubPage']]] -> name: CoinsPremiumAcceptInd02], [[[[InternetExplorerDriver: internet explorer on WINDOWS (cd5ffdc3-9713-4f35-ab9e-b5a4652d123d)] -> xpath: //table[@id='Coinsurance']/tbody/tr[last()]/td/span[@id='span_ConinsuranceDetailInfo_SubPage']]] -> name: CoinsPremiumAcceptInd02]]：null
2020/07/14 23:12:50:169  INFO com.sinosoft.test.base.TestBase:129 - 执行测试用例发生了异常，开始截屏
java.lang.NullPointerException
	at com.sinosoft.test.base.TestBase.SetRadioValue(TestBase.java:324)
	at com.sinosoft.test.fccp.tbcl.RiskDetail_CoInsuredPage.inputCoInsuranceInfoAction(RiskDetail_CoInsuredPage.java:79)
	at com.sinosoft.test.fccp.tbcl.RiskDetail_CoInsuredPage.processCoInsured(RiskDetail_CoInsuredPage.java:85)
	at com.sinosoft.testcases.fccb.TBGLTestCase.FCCB_TBCL(TBGLTestCase.java:112)
	at sun.reflect.NativeMethodAccessorImpl.invoke0(Native Method)
	at sun.reflect.NativeMethodAccessorImpl.invoke(NativeMethodAccessorImpl.java:62)
	at sun.reflect.DelegatingMethodAccessorImpl.invoke(DelegatingMethodAccessorImpl.java:43)
	at java.lang.reflect.Method.invoke(Method.java:498)
	at org.testng.internal.MethodInvocationHelper.invokeMethod(MethodInvocationHelper.java:108)
	at org.testng.internal.Invoker.invokeMethod(Invoker.java:661)
	at org.testng.internal.Invoker.invokeTestMethod(Invoker.java:869)
	at org.testng.internal.Invoker.invokeTestMethods(Invoker.java:1193)
	at org.testng.internal.TestMethodWorker.invokeTestMethods(TestMethodWorker.java:126)
	at org.testng.internal.TestMethodWorker.run(TestMethodWorker.java:109)
	at org.testng.TestRunner.privateRun(TestRunner.java:744)
	at org.testng.TestRunner.run(TestRunner.java:602)
	at org.testng.SuiteRunner.runTest(SuiteRunner.java:380)
	at org.testng.SuiteRunner.runSequentially(SuiteRunner.java:375)
	at org.testng.SuiteRunner.privateRun(SuiteRunner.java:340)
	at org.testng.SuiteRunner.run(SuiteRunner.java:289)
	at org.testng.SuiteRunnerWorker.runSuite(SuiteRunnerWorker.java:52)
	at org.testng.SuiteRunnerWorker.run(SuiteRunnerWorker.java:86)
	at org.testng.TestNG.runSuitesSequentially(TestNG.java:1301)
	at org.testng.TestNG.runSuitesLocally(TestNG.java:1226)
	at org.testng.TestNG.runSuites(TestNG.java:1144)
	at org.testng.TestNG.run(TestNG.java:1115)
	at org.apache.maven.surefire.testng.TestNGExecutor.run(TestNGExecutor.java:283)
	at org.apache.maven.surefire.testng.TestNGXmlTestSuite.execute(TestNGXmlTestSuite.java:75)
	at org.apache.maven.surefire.testng.TestNGProvider.invoke(TestNGProvider.java:120)
	at org.apache.maven.surefire.booter.ForkedBooter.invokeProviderInSameClassLoader(ForkedBooter.java:384)
	at org.apache.maven.surefire.booter.ForkedBooter.runSuitesInProcess(ForkedBooter.java:345)
	at org.apache.maven.surefire.booter.ForkedBooter.execute(ForkedBooter.java:126)
	at org.apache.maven.surefire.booter.ForkedBooter.main(ForkedBooter.java:418)
2020/07/14 23:12:50:170 DEBUG com.sinosoft.test.base.TestBase:88 - 截屏文件名字是：FCCB_TB_JCX_1_异常截屏
2020/07/14 23:12:50:349  INFO com.sinosoft.test.base.TestBase:133 - 执行测试用例发生了异常，截屏结束！
2020/07/14 23:12:50:350  INFO com.sinosoft.test.base.TestBase:136 - 进入Finally事件:RowID:2
2020/07/14 23:12:50:350  INFO com.sinosoft.test.base.TestBase:137 - 进入Finally事件:testCaseName:FCCB_TBCL
2020/07/14 23:12:50:350  INFO com.sinosoft.test.base.TestBase:138 - 进入Finally事件:proposalNumber:06201900101202000000000088
2020/07/14 23:12:50:351  INFO com.sinosoft.test.base.TestBase:139 - 进入Finally事件:message:未知异常null
2020/07/14 23:12:50:351  INFO com.sinosoft.test.base.TestBase:140 - 进入Finally事件:screenshot:C:\Users\liu-b\git\PageObjectModel\screenshots\FCCB_TB_JCX_1_异常截屏_20200714111250344.png
2020/07/14 23:12:50:989 DEBUG freemarker.cache:45 - Couldn't find template in cache for "index.ftl"("en", UTF-8, parsed); will try to load it.
2020/07/14 23:12:50:993 DEBUG freemarker.cache:45 - TemplateLoader.findTemplateSource("index_en.ftl"): Not found
2020/07/14 23:12:50:997 DEBUG freemarker.cache:45 - TemplateLoader.findTemplateSource("index.ftl"): Found
2020/07/14 23:12:50:997 DEBUG freemarker.cache:45 - Loading template for "index.ftl"("en", UTF-8, parsed) from "jar:file:/C:/Users/liu-b/.m2/repository/com/aventstack/extentreports/3.1.3/extentreports-3.1.3.jar!/com/aventstack/extentreports/view/html-report/index.ftl"
2020/07/14 23:12:51:403 DEBUG freemarker.cache:45 - Couldn't find template in cache for "head.ftl"("en", UTF-8, parsed); will try to load it.
2020/07/14 23:12:51:403 DEBUG freemarker.cache:45 - TemplateLoader.findTemplateSource("head_en.ftl"): Not found
2020/07/14 23:12:51:404 DEBUG freemarker.cache:45 - TemplateLoader.findTemplateSource("head.ftl"): Found
2020/07/14 23:12:51:406 DEBUG freemarker.cache:45 - Loading template for "head.ftl"("en", UTF-8, parsed) from "jar:file:/C:/Users/liu-b/.m2/repository/com/aventstack/extentreports/3.1.3/extentreports-3.1.3.jar!/com/aventstack/extentreports/view/html-report/head.ftl"
2020/07/14 23:12:51:415 DEBUG freemarker.cache:45 - Couldn't find template in cache for "nav.ftl"("en", UTF-8, parsed); will try to load it.
2020/07/14 23:12:51:416 DEBUG freemarker.cache:45 - TemplateLoader.findTemplateSource("nav_en.ftl"): Not found
2020/07/14 23:12:51:417 DEBUG freemarker.cache:45 - TemplateLoader.findTemplateSource("nav.ftl"): Found
2020/07/14 23:12:51:417 DEBUG freemarker.cache:45 - Loading template for "nav.ftl"("en", UTF-8, parsed) from "jar:file:/C:/Users/liu-b/.m2/repository/com/aventstack/extentreports/3.1.3/extentreports-3.1.3.jar!/com/aventstack/extentreports/view/html-report/nav.ftl"
2020/07/14 23:12:51:436 DEBUG freemarker.cache:45 - Couldn't find template in cache for "test-view/test-view.ftl"("en", UTF-8, parsed); will try to load it.
2020/07/14 23:12:51:437 DEBUG freemarker.cache:45 - TemplateLoader.findTemplateSource("test-view/test-view_en.ftl"): Not found
2020/07/14 23:12:51:438 DEBUG freemarker.cache:45 - TemplateLoader.findTemplateSource("test-view/test-view.ftl"): Found
2020/07/14 23:12:51:440 DEBUG freemarker.cache:45 - Loading template for "test-view/test-view.ftl"("en", UTF-8, parsed) from "jar:file:/C:/Users/liu-b/.m2/repository/com/aventstack/extentreports/3.1.3/extentreports-3.1.3.jar!/com/aventstack/extentreports/view/html-report/test-view/test-view.ftl"
2020/07/14 23:12:51:462 DEBUG freemarker.cache:45 - Couldn't find template in cache for "test-view/test-view-charts.ftl"("en", UTF-8, parsed); will try to load it.
2020/07/14 23:12:51:463 DEBUG freemarker.cache:45 - TemplateLoader.findTemplateSource("test-view/test-view-charts_en.ftl"): Not found
2020/07/14 23:12:51:464 DEBUG freemarker.cache:45 - TemplateLoader.findTemplateSource("test-view/test-view-charts.ftl"): Found
2020/07/14 23:12:51:464 DEBUG freemarker.cache:45 - Loading template for "test-view/test-view-charts.ftl"("en", UTF-8, parsed) from "jar:file:/C:/Users/liu-b/.m2/repository/com/aventstack/extentreports/3.1.3/extentreports-3.1.3.jar!/com/aventstack/extentreports/view/html-report/test-view/test-view-charts.ftl"
2020/07/14 23:12:51:489 DEBUG freemarker.cache:45 - Couldn't find template in cache for "test-view/standard.ftl"("en", UTF-8, parsed); will try to load it.
2020/07/14 23:12:51:492 DEBUG freemarker.cache:45 - TemplateLoader.findTemplateSource("test-view/standard_en.ftl"): Not found
2020/07/14 23:12:51:494 DEBUG freemarker.cache:45 - TemplateLoader.findTemplateSource("test-view/standard.ftl"): Found
2020/07/14 23:12:51:494 DEBUG freemarker.cache:45 - Loading template for "test-view/standard.ftl"("en", UTF-8, parsed) from "jar:file:/C:/Users/liu-b/.m2/repository/com/aventstack/extentreports/3.1.3/extentreports-3.1.3.jar!/com/aventstack/extentreports/view/html-report/test-view/standard.ftl"
2020/07/14 23:12:51:527 DEBUG freemarker.cache:45 - Couldn't find template in cache for "category-view/category-view.ftl"("en", UTF-8, parsed); will try to load it.
2020/07/14 23:12:51:528 DEBUG freemarker.cache:45 - TemplateLoader.findTemplateSource("category-view/category-view_en.ftl"): Not found
2020/07/14 23:12:51:530 DEBUG freemarker.cache:45 - TemplateLoader.findTemplateSource("category-view/category-view.ftl"): Found
2020/07/14 23:12:51:530 DEBUG freemarker.cache:45 - Loading template for "category-view/category-view.ftl"("en", UTF-8, parsed) from "jar:file:/C:/Users/liu-b/.m2/repository/com/aventstack/extentreports/3.1.3/extentreports-3.1.3.jar!/com/aventstack/extentreports/view/html-report/category-view/category-view.ftl"
2020/07/14 23:12:51:534 DEBUG freemarker.cache:45 - Couldn't find template in cache for "author-view/author-view.ftl"("en", UTF-8, parsed); will try to load it.
2020/07/14 23:12:51:534 DEBUG freemarker.cache:45 - TemplateLoader.findTemplateSource("author-view/author-view_en.ftl"): Not found
2020/07/14 23:12:51:535 DEBUG freemarker.cache:45 - TemplateLoader.findTemplateSource("author-view/author-view.ftl"): Found
2020/07/14 23:12:51:535 DEBUG freemarker.cache:45 - Loading template for "author-view/author-view.ftl"("en", UTF-8, parsed) from "jar:file:/C:/Users/liu-b/.m2/repository/com/aventstack/extentreports/3.1.3/extentreports-3.1.3.jar!/com/aventstack/extentreports/view/html-report/author-view/author-view.ftl"
2020/07/14 23:12:51:545 DEBUG freemarker.cache:45 - Couldn't find template in cache for "exception-view/exception-view.ftl"("en", UTF-8, parsed); will try to load it.
2020/07/14 23:12:51:546 DEBUG freemarker.cache:45 - TemplateLoader.findTemplateSource("exception-view/exception-view_en.ftl"): Not found
2020/07/14 23:12:51:547 DEBUG freemarker.cache:45 - TemplateLoader.findTemplateSource("exception-view/exception-view.ftl"): Found
2020/07/14 23:12:51:548 DEBUG freemarker.cache:45 - Loading template for "exception-view/exception-view.ftl"("en", UTF-8, parsed) from "jar:file:/C:/Users/liu-b/.m2/repository/com/aventstack/extentreports/3.1.3/extentreports-3.1.3.jar!/com/aventstack/extentreports/view/html-report/exception-view/exception-view.ftl"
2020/07/14 23:12:51:568 DEBUG freemarker.cache:45 - Couldn't find template in cache for "dashboard-view/dashboard-view.ftl"("en", UTF-8, parsed); will try to load it.
2020/07/14 23:12:51:569 DEBUG freemarker.cache:45 - TemplateLoader.findTemplateSource("dashboard-view/dashboard-view_en.ftl"): Not found
2020/07/14 23:12:51:570 DEBUG freemarker.cache:45 - TemplateLoader.findTemplateSource("dashboard-view/dashboard-view.ftl"): Found
2020/07/14 23:12:51:570 DEBUG freemarker.cache:45 - Loading template for "dashboard-view/dashboard-view.ftl"("en", UTF-8, parsed) from "jar:file:/C:/Users/liu-b/.m2/repository/com/aventstack/extentreports/3.1.3/extentreports-3.1.3.jar!/com/aventstack/extentreports/view/html-report/dashboard-view/dashboard-view.ftl"
2020/07/14 23:12:51:584 DEBUG freemarker.cache:45 - Couldn't find template in cache for "logs-view/testrunner-logs-view.ftl"("en", UTF-8, parsed); will try to load it.
2020/07/14 23:12:51:585 DEBUG freemarker.cache:45 - TemplateLoader.findTemplateSource("logs-view/testrunner-logs-view_en.ftl"): Not found
2020/07/14 23:12:51:586 DEBUG freemarker.cache:45 - TemplateLoader.findTemplateSource("logs-view/testrunner-logs-view.ftl"): Found
2020/07/14 23:12:51:586 DEBUG freemarker.cache:45 - Loading template for "logs-view/testrunner-logs-view.ftl"("en", UTF-8, parsed) from "jar:file:/C:/Users/liu-b/.m2/repository/com/aventstack/extentreports/3.1.3/extentreports-3.1.3.jar!/com/aventstack/extentreports/view/html-report/logs-view/testrunner-logs-view.ftl"
2020/07/14 23:14:13:310  INFO com.sinosoft.test.base.TestBase:59 - 配置文件路径：config.properties
2020/07/14 23:14:13:315 DEBUG com.sinosoft.test.base.TestBase:69 - 初始化class com.sinosoft.testcases.fccb.TBGLTestCase
2020/07/14 23:14:13:384 DEBUG com.sinosoft.test.base.TestBase:69 - 初始化class com.sinosoft.test.util.ExcelDataProvider
2020/07/14 23:14:14:324  INFO com.sinosoft.test.base.TestBase:80 - 当前文件里面一共有数据：4
2020/07/14 23:14:14:366  INFO com.sinosoft.test.base.TestBase:91 - start InternetExplorerDriver
2020/07/14 23:14:17:358 DEBUG com.sinosoft.test.base.TestBase:69 - 初始化class com.sinosoft.test.util.WebEventListener
2020/07/14 23:14:17:381  INFO com.sinosoft.test.base.TestBase:83 - 开始运行测试脚本，获取到的测试数据《getTBCLTestData》如下:
2020/07/14 23:14:17:382  INFO com.sinosoft.test.base.TestBase:84 - ROW_ID=2
ProcessFlag=Y
TestCaseName=FCCB_TB_JCX
TestCaseSeq=1
TestDescription=非车承保企财险-财产基本险-出单
riskClass=01
riskCode=0101
renewalInd=0
renewalPolicy=
prePay=
carrayOver=
carrayOverPolicy=
relatedInd=
relatedPolicy=
fbbs=
ywgs=01620190
qdlx=01
gdbs=0
xstd=T6201900101
ywy=S000000006
ywly=01010101
dljg=
xsxy=
cxywbs=HXXT
cdjg=
htzyjjfs=
jnwbz=
jw_country=
jw_Addr=
snbz=
sftkbd=0
sfdzbd=0
sfxb=0
fxqkyjytz=
sfydyw=
sfsn=
xbbdh=
tbr_lx=2
tbr_mc=
tbr_vip=
tbr_dm=G6200019984
tbr_zjlx=
tbr_zjhm=
tbr_sj=
tbr_csrq=
tbr_lxdz=
tbr_dwdh=010-67549095-456
lxr_xm=
lxr_xb=
lxr_zw=
lxr_sj=
lxr_yx=
xzsyfw=1
tqmc=
qbrq=
zbrq=
lgbbz=1
yyzdbz=1
sfgxdm=1
cbdq=
zzfwlx=0
hydl=12
hyxl=12006
jqbm=121121123123
bbdm=CNY
sf=130000
cs=130300
qx=130302
yb=065201
jzdj=01
bxcs=北戴河公园
bdw_jd=金融街街道
bdw_yyxz=
bdw_sfhyf=
bdw_fxlx=
bdw_sbmc=
bdw_cjh=
bdw_fdjh=
bdw_cjdjrq=
bdw_cllx=
bdw_cpcx=
bdw_sccj=
bdw_gzjz=
bdw_sgzyqy=
bdw_zylx=
bdw=010001
bdwmx=碣石公园礁石群
xbdm=0101001
jrbe=1
jzfs=10
bxje=2000000
bffl=0.5
dqflbz=2
ysbf=400
yyzd_zdpcg=24
yyzd_sndmlrze=6000000
yyzd_sndyye=20000000
yyzd_bdw=010056
yyzd_bdwmx=
yyzd_xbdm=0105001
yyzd_jrbe=1
yyzd_jzfs=18
yyzd_bxje=200000
yyzd_bffl=3
yyzd_dqflbz=3
yyzd_ysbf=4000
lgb_main_pcrt=60
lgb_co_level1=0001
lgb_co_level2=000101
lgb_co_level3=000101001
lgb_co_prct=40
lgb_co_gbbfsqxs=0
fsh=6
xsfdj=B
xsfxs=2
jgx_sf=
jgx_cs=
jgx_qx=
jgx_gcdd=
jgx_bb=
jgx_gcmc=
jgx_gclx_1=
jgx_gclx_2=
jgx_gclx_3=
jgx_gclx_4=
jgx_gclx_5=
jgx_gclx_6=
jgx_yzssjt=
jgx_yz=
jgx_cbs_ssjt=
jgx_cbs=
jgx_gchth=
jgx_gcjz=
jgx_gcqsrq=
jgx_gczzrq=
jgx_gcfw=
jgx_scqqsrq=
jgx_scqzzrq=
jgx_bzqqsrq=
jgx_bzqzzrq=
jgx_ws_xmlbdm=
jgx_ws_jrbe=
jgx_ws_bxje=
jgx_ws_fl=
jgx_ws_dqflbz=
jgx_ws_ysbf=
jgx_sz_xbdm=
jgx_sz_jrbe=
jgx_sz_ljpcxe=
jgx_sz_fv=
jgx_sz_dqflbz=
jgx_sz_ysbf=
proposalNumber=06201900101202000000000088
message=未知异常null
screenshot=C:\Users\liu-b\git\PageObjectModel\screenshots\FCCB_TB_JCX_1_异常截屏_20200714111250344.png
testCaseName=FCCB_TBCL

2020/07/14 23:14:17:387 DEBUG com.sinosoft.test.base.TestBase:69 - 初始化class com.sinosoft.test.fccp.common.LoginPage
2020/07/14 23:14:22:422 DEBUG com.sinosoft.test.base.TestBase:26 - Before navigating to: 'http://tvfchxyw.ypic.cn'
2020/07/14 23:14:23:318 DEBUG com.sinosoft.test.base.TestBase:30 - Navigated to:'http://tvfchxyw.ypic.cn'
2020/07/14 23:14:23:319 DEBUG com.sinosoft.test.base.TestBase:76 - Trying to find Element By : By.id: username
2020/07/14 23:14:23:632 DEBUG com.sinosoft.test.base.TestBase:80 - Found Element By : By.id: username
2020/07/14 23:14:23:639  INFO com.sinosoft.test.base.TestBase:360 - setEditboxValue:[[InternetExplorerDriver: internet explorer on WINDOWS (91280b4c-adce-4b7c-8686-7bd65a239621)] -> id: username]：policy1@ypic
2020/07/14 23:14:23:640 DEBUG com.sinosoft.test.base.TestBase:76 - Trying to find Element By : By.id: username
2020/07/14 23:14:23:968 DEBUG com.sinosoft.test.base.TestBase:80 - Found Element By : By.id: username
2020/07/14 23:14:24:560 DEBUG com.sinosoft.test.base.TestBase:76 - Trying to find Element By : By.id: username
2020/07/14 23:14:24:852 DEBUG com.sinosoft.test.base.TestBase:80 - Found Element By : By.id: username
2020/07/14 23:14:25:575 DEBUG com.sinosoft.test.base.TestBase:76 - Trying to find Element By : By.id: username
2020/07/14 23:14:25:903 DEBUG com.sinosoft.test.base.TestBase:80 - Found Element By : By.id: username
2020/07/14 23:14:25:904  INFO com.sinosoft.test.base.TestBase:363 - setEditboxValue—End:[[InternetExplorerDriver: internet explorer on WINDOWS (91280b4c-adce-4b7c-8686-7bd65a239621)] -> id: username]：policy1@ypic
2020/07/14 23:14:25:905 DEBUG com.sinosoft.test.base.TestBase:76 - Trying to find Element By : By.id: password
2020/07/14 23:14:26:166 DEBUG com.sinosoft.test.base.TestBase:80 - Found Element By : By.id: password
2020/07/14 23:14:26:167  INFO com.sinosoft.test.base.TestBase:360 - setEditboxValue:[[InternetExplorerDriver: internet explorer on WINDOWS (91280b4c-adce-4b7c-8686-7bd65a239621)] -> id: password]：ypic@1234
2020/07/14 23:14:26:167 DEBUG com.sinosoft.test.base.TestBase:76 - Trying to find Element By : By.id: password
2020/07/14 23:14:26:480 DEBUG com.sinosoft.test.base.TestBase:80 - Found Element By : By.id: password
2020/07/14 23:14:27:006 DEBUG com.sinosoft.test.base.TestBase:76 - Trying to find Element By : By.id: password
2020/07/14 23:14:27:282 DEBUG com.sinosoft.test.base.TestBase:80 - Found Element By : By.id: password
2020/07/14 23:14:27:895 DEBUG com.sinosoft.test.base.TestBase:76 - Trying to find Element By : By.id: password
2020/07/14 23:14:28:197 DEBUG com.sinosoft.test.base.TestBase:80 - Found Element By : By.id: password
2020/07/14 23:14:28:198  INFO com.sinosoft.test.base.TestBase:363 - setEditboxValue—End:[[InternetExplorerDriver: internet explorer on WINDOWS (91280b4c-adce-4b7c-8686-7bd65a239621)] -> id: password]：ypic@1234
2020/07/14 23:14:28:199 DEBUG com.sinosoft.test.base.TestBase:76 - Trying to find Element By : By.id: bt_submit
2020/07/14 23:14:28:479 DEBUG com.sinosoft.test.base.TestBase:80 - Found Element By : By.id: bt_submit
2020/07/14 23:14:28:480  INFO com.sinosoft.test.base.TestBase:402 - clickButton:[[InternetExplorerDriver: internet explorer on WINDOWS (91280b4c-adce-4b7c-8686-7bd65a239621)] -> id: bt_submit]
2020/07/14 23:14:28:481 DEBUG com.sinosoft.test.base.TestBase:76 - Trying to find Element By : By.id: bt_submit
2020/07/14 23:14:28:830 DEBUG com.sinosoft.test.base.TestBase:80 - Found Element By : By.id: bt_submit
2020/07/14 23:14:28:831 DEBUG com.sinosoft.test.base.TestBase:42 - Trying to click on: [[InternetExplorerDriver: internet explorer on WINDOWS (91280b4c-adce-4b7c-8686-7bd65a239621)] -> id: bt_submit]
2020/07/14 23:14:31:826 DEBUG com.sinosoft.test.base.TestBase:46 - Clicked on: [[InternetExplorerDriver: internet explorer on WINDOWS (91280b4c-adce-4b7c-8686-7bd65a239621)] -> id: bt_submit]
2020/07/14 23:14:31:834 DEBUG com.sinosoft.test.base.TestBase:76 - Trying to find Element By : By.xpath: //input[@value='继续登录']
2020/07/14 23:14:34:216 DEBUG com.sinosoft.test.base.TestBase:66 - 系统自动捕获异常：Exception occured: org.openqa.selenium.NoSuchElementException: Unable to find element with xpath == //input[@value='继续登录']
For documentation on this error, please visit: http://seleniumhq.org/exceptions/no_such_element.html
Build info: version: '3.9.0', revision: '698b3178f0', time: '2018-02-05T14:26:55.441Z'
System info: host: 'DESKTOP-I9S3ABE', ip: '100.100.90.165', os.name: 'Windows 10', os.arch: 'amd64', os.version: '10.0', java.version: '1.8.0_101'
Driver info: org.openqa.selenium.ie.InternetExplorerDriver
Capabilities {acceptInsecureCerts: false, browserName: internet explorer, browserVersion: 11, javascriptEnabled: true, pageLoadStrategy: normal, platform: WINDOWS, platformName: WINDOWS, proxy: Proxy(), se:ieOptions: {browserAttachTimeout: 0, elementScrollBehavior: 0, enablePersistentHover: true, ie.browserCommandLineSwitches: , ie.ensureCleanSession: false, ie.fileUploadDialogTimeout: 3000, ie.forceCreateProcessApi: false, ignoreProtectedModeSettings: true, ignoreZoomSetting: false, initialBrowserUrl: http://localhost:22262/, nativeEvents: true, requireWindowFocus: false}, setWindowRect: true, timeouts: {implicit: 0, pageLoad: 300000, script: 30000}, unhandledPromptBehavior: ignore}
Session ID: 91280b4c-adce-4b7c-8686-7bd65a239621
*** Element info: {Using=xpath, value=//input[@value='继续登录']}
2020/07/14 23:14:34:218  INFO com.sinosoft.test.base.TestBase:68 - 异常的message 是：Unable to find element with xpath == //input[@value='继续登录']
For documentation on this error, please visit: http://seleniumhq.org/exceptions/no_such_element.html
Build info: version: '3.9.0', revision: '698b3178f0', time: '2018-02-05T14:26:55.441Z'
System info: host: 'DESKTOP-I9S3ABE', ip: '100.100.90.165', os.name: 'Windows 10', os.arch: 'amd64', os.version: '10.0', java.version: '1.8.0_101'
Driver info: org.openqa.selenium.ie.InternetExplorerDriver
Capabilities {acceptInsecureCerts: false, browserName: internet explorer, browserVersion: 11, javascriptEnabled: true, pageLoadStrategy: normal, platform: WINDOWS, platformName: WINDOWS, proxy: Proxy(), se:ieOptions: {browserAttachTimeout: 0, elementScrollBehavior: 0, enablePersistentHover: true, ie.browserCommandLineSwitches: , ie.ensureCleanSession: false, ie.fileUploadDialogTimeout: 3000, ie.forceCreateProcessApi: false, ignoreProtectedModeSettings: true, ignoreZoomSetting: false, initialBrowserUrl: http://localhost:22262/, nativeEvents: true, requireWindowFocus: false}, setWindowRect: true, timeouts: {implicit: 0, pageLoad: 300000, script: 30000}, unhandledPromptBehavior: ignore}
Session ID: 91280b4c-adce-4b7c-8686-7bd65a239621
*** Element info: {Using=xpath, value=//input[@value='继续登录']}
2020/07/14 23:14:34:225  INFO com.sinosoft.test.base.TestBase:198 - 没有找到页面元素:By.xpath: //input[@value='继续登录'] - 错误信息Expected condition failed: waiting for com.sinosoft.test.base.TestBase$1@5dcb4f5f (tried for 2 second(s) with 500 MILLISECONDS interval)
2020/07/14 23:14:34:226  INFO com.sinosoft.test.base.TestBase:77 - 常规登录，没有继续登录按钮
2020/07/14 23:14:34:228 DEBUG com.sinosoft.test.base.TestBase:69 - 初始化class com.sinosoft.test.fccp.common.HomePage
2020/07/14 23:14:35:061 DEBUG com.sinosoft.test.base.TestBase:76 - Trying to find Element By : By.linkText: 承保子系统
2020/07/14 23:14:35:147 DEBUG com.sinosoft.test.base.TestBase:80 - Found Element By : By.linkText: 承保子系统
2020/07/14 23:14:35:148  INFO com.sinosoft.test.base.TestBase:144 - RunJavaScript:[[InternetExplorerDriver: internet explorer on WINDOWS (91280b4c-adce-4b7c-8686-7bd65a239621)] -> link text: 承保子系统]	arguments[0].click();
2020/07/14 23:14:35:752 DEBUG com.sinosoft.test.base.TestBase:76 - Trying to find Element By : By.linkText: 投保管理
2020/07/14 23:14:35:842 DEBUG com.sinosoft.test.base.TestBase:80 - Found Element By : By.linkText: 投保管理
2020/07/14 23:14:35:843  INFO com.sinosoft.test.base.TestBase:144 - RunJavaScript:[[InternetExplorerDriver: internet explorer on WINDOWS (91280b4c-adce-4b7c-8686-7bd65a239621)] -> link text: 投保管理]	arguments[0].click();
2020/07/14 23:14:36:176 DEBUG com.sinosoft.test.base.TestBase:76 - Trying to find Element By : By.linkText: 投保处理
2020/07/14 23:14:36:262 DEBUG com.sinosoft.test.base.TestBase:80 - Found Element By : By.linkText: 投保处理
2020/07/14 23:14:36:262  INFO com.sinosoft.test.base.TestBase:144 - RunJavaScript:[[InternetExplorerDriver: internet explorer on WINDOWS (91280b4c-adce-4b7c-8686-7bd65a239621)] -> link text: 投保处理]	arguments[0].click();
2020/07/14 23:14:36:539 DEBUG com.sinosoft.test.base.TestBase:69 - 初始化class com.sinosoft.test.fccp.tbcl.RiskSelectPage
2020/07/14 23:14:37:360 DEBUG com.sinosoft.test.base.TestBase:93 - 投保处理/险种选择
2020/07/14 23:14:37:361 DEBUG com.sinosoft.test.base.TestBase:76 - Trying to find Element By : By.name: riskClassTemp
2020/07/14 23:14:37:458 DEBUG com.sinosoft.test.base.TestBase:80 - Found Element By : By.name: riskClassTemp
2020/07/14 23:14:37:523 DEBUG com.sinosoft.test.base.TestBase:76 - Trying to find Element By : By.name: riskClassTemp
2020/07/14 23:14:37:611 DEBUG com.sinosoft.test.base.TestBase:80 - Found Element By : By.name: riskClassTemp
2020/07/14 23:14:37:614 DEBUG com.sinosoft.test.base.TestBase:63 - SetCodeEditBox:开始设置:[[InternetExplorerDriver: internet explorer on WINDOWS (91280b4c-adce-4b7c-8686-7bd65a239621)] -> name: riskClassTemp] & Code=01
2020/07/14 23:14:37:614 DEBUG com.sinosoft.test.base.TestBase:76 - Trying to find Element By : By.name: riskClassTemp
2020/07/14 23:14:37:699 DEBUG com.sinosoft.test.base.TestBase:80 - Found Element By : By.name: riskClassTemp
2020/07/14 23:14:38:131 DEBUG com.sinosoft.test.base.TestBase:76 - Trying to find Element By : By.name: riskClassTemp
2020/07/14 23:14:38:204 DEBUG com.sinosoft.test.base.TestBase:80 - Found Element By : By.name: riskClassTemp
2020/07/14 23:14:38:818 DEBUG com.sinosoft.test.base.TestBase:76 - Trying to find Element By : By.name: riskClassTemp
2020/07/14 23:14:38:924 DEBUG com.sinosoft.test.base.TestBase:80 - Found Element By : By.name: riskClassTemp
2020/07/14 23:14:38:925 DEBUG com.sinosoft.test.base.TestBase:76 - Trying to find Element By : By.xpath: ../input[last()]
2020/07/14 23:14:39:019 DEBUG com.sinosoft.test.base.TestBase:80 - Found Element By : By.xpath: ../input[last()]
2020/07/14 23:14:39:213  INFO com.sinosoft.test.base.TestBase:71 - SetCodeEditBox:找到了Code对应的文本显示框并点击触发显示:riskClassName
2020/07/14 23:14:39:214 DEBUG com.sinosoft.test.base.TestBase:42 - Trying to click on: [[[[InternetExplorerDriver: internet explorer on WINDOWS (91280b4c-adce-4b7c-8686-7bd65a239621)] -> name: riskClassTemp]] -> xpath: ../input[last()]]
2020/07/14 23:14:40:329 DEBUG com.sinosoft.test.base.TestBase:46 - Clicked on: [[[[InternetExplorerDriver: internet explorer on WINDOWS (91280b4c-adce-4b7c-8686-7bd65a239621)] -> name: riskClassTemp]] -> xpath: ../input[last()]]
2020/07/14 23:14:40:529 DEBUG com.sinosoft.test.base.TestBase:76 - Trying to find Element By : By.name: riskClassTemp
2020/07/14 23:14:40:641 DEBUG com.sinosoft.test.base.TestBase:80 - Found Element By : By.name: riskClassTemp
2020/07/14 23:14:40:642 DEBUG com.sinosoft.test.base.TestBase:87 - SetCodeEditBox:设置完毕[[InternetExplorerDriver: internet explorer on WINDOWS (91280b4c-adce-4b7c-8686-7bd65a239621)] -> name: riskClassTemp],设置值 Code=01
2020/07/14 23:14:40:643 DEBUG com.sinosoft.test.base.TestBase:76 - Trying to find Element By : By.name: riskCode
2020/07/14 23:14:40:726 DEBUG com.sinosoft.test.base.TestBase:80 - Found Element By : By.name: riskCode
2020/07/14 23:14:40:802 DEBUG com.sinosoft.test.base.TestBase:76 - Trying to find Element By : By.name: riskCode
2020/07/14 23:14:40:869 DEBUG com.sinosoft.test.base.TestBase:80 - Found Element By : By.name: riskCode
2020/07/14 23:14:40:873 DEBUG com.sinosoft.test.base.TestBase:63 - SetCodeEditBox:开始设置:[[InternetExplorerDriver: internet explorer on WINDOWS (91280b4c-adce-4b7c-8686-7bd65a239621)] -> name: riskCode] & Code=0101
2020/07/14 23:14:40:873 DEBUG com.sinosoft.test.base.TestBase:76 - Trying to find Element By : By.name: riskCode
2020/07/14 23:14:40:937 DEBUG com.sinosoft.test.base.TestBase:80 - Found Element By : By.name: riskCode
2020/07/14 23:14:41:321 DEBUG com.sinosoft.test.base.TestBase:76 - Trying to find Element By : By.name: riskCode
2020/07/14 23:14:41:380 DEBUG com.sinosoft.test.base.TestBase:80 - Found Element By : By.name: riskCode
2020/07/14 23:14:41:987 DEBUG com.sinosoft.test.base.TestBase:76 - Trying to find Element By : By.name: riskCode
2020/07/14 23:14:42:086 DEBUG com.sinosoft.test.base.TestBase:80 - Found Element By : By.name: riskCode
2020/07/14 23:14:42:088 DEBUG com.sinosoft.test.base.TestBase:76 - Trying to find Element By : By.xpath: ../input[last()]
2020/07/14 23:14:42:161 DEBUG com.sinosoft.test.base.TestBase:80 - Found Element By : By.xpath: ../input[last()]
2020/07/14 23:14:42:307  INFO com.sinosoft.test.base.TestBase:71 - SetCodeEditBox:找到了Code对应的文本显示框并点击触发显示:riskName
2020/07/14 23:14:42:308 DEBUG com.sinosoft.test.base.TestBase:42 - Trying to click on: [[[[InternetExplorerDriver: internet explorer on WINDOWS (91280b4c-adce-4b7c-8686-7bd65a239621)] -> name: riskCode]] -> xpath: ../input[last()]]
2020/07/14 23:14:43:405 DEBUG com.sinosoft.test.base.TestBase:46 - Clicked on: [[[[InternetExplorerDriver: internet explorer on WINDOWS (91280b4c-adce-4b7c-8686-7bd65a239621)] -> name: riskCode]] -> xpath: ../input[last()]]
2020/07/14 23:14:43:606 DEBUG com.sinosoft.test.base.TestBase:76 - Trying to find Element By : By.name: riskCode
2020/07/14 23:14:43:706 DEBUG com.sinosoft.test.base.TestBase:80 - Found Element By : By.name: riskCode
2020/07/14 23:14:43:707 DEBUG com.sinosoft.test.base.TestBase:87 - SetCodeEditBox:设置完毕[[InternetExplorerDriver: internet explorer on WINDOWS (91280b4c-adce-4b7c-8686-7bd65a239621)] -> name: riskCode],设置值 Code=0101
2020/07/14 23:14:43:708 DEBUG com.sinosoft.test.base.TestBase:76 - Trying to find Element By : By.name: renewInd
2020/07/14 23:14:43:827 DEBUG com.sinosoft.test.base.TestBase:80 - Found Element By : By.name: renewInd
2020/07/14 23:14:43:828  INFO com.sinosoft.test.base.TestBase:321 - setEditboxTValue:[[[InternetExplorerDriver: internet explorer on WINDOWS (91280b4c-adce-4b7c-8686-7bd65a239621)] -> name: renewInd], [[InternetExplorerDriver: internet explorer on WINDOWS (91280b4c-adce-4b7c-8686-7bd65a239621)] -> name: renewInd]]：0
2020/07/14 23:14:43:831 DEBUG com.sinosoft.test.base.TestBase:76 - Trying to find Element By : By.name: renewInd
2020/07/14 23:14:43:919 DEBUG com.sinosoft.test.base.TestBase:80 - Found Element By : By.name: renewInd
2020/07/14 23:14:44:090 DEBUG com.sinosoft.test.base.TestBase:76 - Trying to find Element By : By.name: buttonNextStep
2020/07/14 23:14:44:188 DEBUG com.sinosoft.test.base.TestBase:80 - Found Element By : By.name: buttonNextStep
2020/07/14 23:14:44:189  INFO com.sinosoft.test.base.TestBase:402 - clickButton:[[InternetExplorerDriver: internet explorer on WINDOWS (91280b4c-adce-4b7c-8686-7bd65a239621)] -> name: buttonNextStep]
2020/07/14 23:14:44:189 DEBUG com.sinosoft.test.base.TestBase:42 - Trying to click on: [[InternetExplorerDriver: internet explorer on WINDOWS (91280b4c-adce-4b7c-8686-7bd65a239621)] -> name: buttonNextStep]
2020/07/14 23:14:47:473 DEBUG com.sinosoft.test.base.TestBase:46 - Clicked on: [[InternetExplorerDriver: internet explorer on WINDOWS (91280b4c-adce-4b7c-8686-7bd65a239621)] -> name: buttonNextStep]
2020/07/14 23:14:47:476 DEBUG com.sinosoft.test.base.TestBase:69 - 初始化class com.sinosoft.test.fccp.tbcl.BasicInfoPage
2020/07/14 23:14:50:454 DEBUG com.sinosoft.test.base.TestBase:322 - 投保处理/基本信息
2020/07/14 23:14:50:455 DEBUG com.sinosoft.test.base.TestBase:76 - Trying to find Element By : By.name: GuMainBusinessType
2020/07/14 23:14:50:576 DEBUG com.sinosoft.test.base.TestBase:80 - Found Element By : By.name: GuMainBusinessType
2020/07/14 23:14:50:578  INFO com.sinosoft.test.base.TestBase:96 - setSelectWithStartText:[[InternetExplorerDriver: internet explorer on WINDOWS (91280b4c-adce-4b7c-8686-7bd65a239621)] -> name: GuMainBusinessType]->
2020/07/14 23:14:50:580 DEBUG com.sinosoft.test.base.TestBase:76 - Trying to find Element By : By.name: GuMainCompanyCode
2020/07/14 23:14:50:711 DEBUG com.sinosoft.test.base.TestBase:80 - Found Element By : By.name: GuMainCompanyCode
2020/07/14 23:14:50:762 DEBUG com.sinosoft.test.base.TestBase:76 - Trying to find Element By : By.name: GuMainCompanyCode
2020/07/14 23:14:50:913 DEBUG com.sinosoft.test.base.TestBase:80 - Found Element By : By.name: GuMainCompanyCode
2020/07/14 23:14:50:915 DEBUG com.sinosoft.test.base.TestBase:63 - SetCodeEditBox:开始设置:[[InternetExplorerDriver: internet explorer on WINDOWS (91280b4c-adce-4b7c-8686-7bd65a239621)] -> name: GuMainCompanyCode] & Code=01620190
2020/07/14 23:14:50:916 DEBUG com.sinosoft.test.base.TestBase:76 - Trying to find Element By : By.name: GuMainCompanyCode
2020/07/14 23:14:51:012 DEBUG com.sinosoft.test.base.TestBase:80 - Found Element By : By.name: GuMainCompanyCode
2020/07/14 23:14:51:427 DEBUG com.sinosoft.test.base.TestBase:76 - Trying to find Element By : By.name: GuMainCompanyCode
2020/07/14 23:14:51:515 DEBUG com.sinosoft.test.base.TestBase:80 - Found Element By : By.name: GuMainCompanyCode
2020/07/14 23:14:52:820 DEBUG com.sinosoft.test.base.TestBase:76 - Trying to find Element By : By.name: GuMainCompanyCode
2020/07/14 23:14:52:950 DEBUG com.sinosoft.test.base.TestBase:80 - Found Element By : By.name: GuMainCompanyCode
2020/07/14 23:14:52:951 DEBUG com.sinosoft.test.base.TestBase:76 - Trying to find Element By : By.xpath: ../input[last()]
2020/07/14 23:14:53:049 DEBUG com.sinosoft.test.base.TestBase:80 - Found Element By : By.xpath: ../input[last()]
2020/07/14 23:14:53:276  INFO com.sinosoft.test.base.TestBase:71 - SetCodeEditBox:找到了Code对应的文本显示框并点击触发显示:GuMainCompanyName
2020/07/14 23:14:53:276 DEBUG com.sinosoft.test.base.TestBase:42 - Trying to click on: [[[[InternetExplorerDriver: internet explorer on WINDOWS (91280b4c-adce-4b7c-8686-7bd65a239621)] -> name: GuMainCompanyCode]] -> xpath: ../input[last()]]
2020/07/14 23:14:54:608 DEBUG com.sinosoft.test.base.TestBase:46 - Clicked on: [[[[InternetExplorerDriver: internet explorer on WINDOWS (91280b4c-adce-4b7c-8686-7bd65a239621)] -> name: GuMainCompanyCode]] -> xpath: ../input[last()]]
2020/07/14 23:14:54:809 DEBUG com.sinosoft.test.base.TestBase:76 - Trying to find Element By : By.name: GuMainCompanyCode
2020/07/14 23:14:54:951 DEBUG com.sinosoft.test.base.TestBase:80 - Found Element By : By.name: GuMainCompanyCode
2020/07/14 23:14:54:951 DEBUG com.sinosoft.test.base.TestBase:87 - SetCodeEditBox:设置完毕[[InternetExplorerDriver: internet explorer on WINDOWS (91280b4c-adce-4b7c-8686-7bd65a239621)] -> name: GuMainCompanyCode],设置值 Code=01620190
2020/07/14 23:14:54:951 DEBUG com.sinosoft.test.base.TestBase:76 - Trying to find Element By : By.name: GuMainChannelDetailCode
2020/07/14 23:14:55:039 DEBUG com.sinosoft.test.base.TestBase:80 - Found Element By : By.name: GuMainChannelDetailCode
2020/07/14 23:14:55:082 DEBUG com.sinosoft.test.base.TestBase:76 - Trying to find Element By : By.name: GuMainChannelDetailCode
2020/07/14 23:14:55:191 DEBUG com.sinosoft.test.base.TestBase:80 - Found Element By : By.name: GuMainChannelDetailCode
2020/07/14 23:14:55:191 DEBUG com.sinosoft.test.base.TestBase:63 - SetCodeEditBox:开始设置:[[InternetExplorerDriver: internet explorer on WINDOWS (91280b4c-adce-4b7c-8686-7bd65a239621)] -> name: GuMainChannelDetailCode] & Code=01
2020/07/14 23:14:55:192 DEBUG com.sinosoft.test.base.TestBase:76 - Trying to find Element By : By.name: GuMainChannelDetailCode
2020/07/14 23:14:55:262 DEBUG com.sinosoft.test.base.TestBase:80 - Found Element By : By.name: GuMainChannelDetailCode
2020/07/14 23:14:55:645 DEBUG com.sinosoft.test.base.TestBase:76 - Trying to find Element By : By.name: GuMainChannelDetailCode
2020/07/14 23:14:55:777 DEBUG com.sinosoft.test.base.TestBase:80 - Found Element By : By.name: GuMainChannelDetailCode
2020/07/14 23:14:56:524 DEBUG com.sinosoft.test.base.TestBase:76 - Trying to find Element By : By.name: GuMainChannelDetailCode
2020/07/14 23:14:56:594 DEBUG com.sinosoft.test.base.TestBase:80 - Found Element By : By.name: GuMainChannelDetailCode
2020/07/14 23:14:56:594 DEBUG com.sinosoft.test.base.TestBase:76 - Trying to find Element By : By.xpath: ../input[last()]
2020/07/14 23:14:56:691 DEBUG com.sinosoft.test.base.TestBase:80 - Found Element By : By.xpath: ../input[last()]
2020/07/14 23:14:56:881  INFO com.sinosoft.test.base.TestBase:71 - SetCodeEditBox:找到了Code对应的文本显示框并点击触发显示:GuMainChannelDetailName
2020/07/14 23:14:56:882 DEBUG com.sinosoft.test.base.TestBase:42 - Trying to click on: [[[[InternetExplorerDriver: internet explorer on WINDOWS (91280b4c-adce-4b7c-8686-7bd65a239621)] -> name: GuMainChannelDetailCode]] -> xpath: ../input[last()]]
2020/07/14 23:14:58:127 DEBUG com.sinosoft.test.base.TestBase:46 - Clicked on: [[[[InternetExplorerDriver: internet explorer on WINDOWS (91280b4c-adce-4b7c-8686-7bd65a239621)] -> name: GuMainChannelDetailCode]] -> xpath: ../input[last()]]
2020/07/14 23:14:58:327 DEBUG com.sinosoft.test.base.TestBase:76 - Trying to find Element By : By.name: GuMainChannelDetailCode
2020/07/14 23:14:58:457 DEBUG com.sinosoft.test.base.TestBase:80 - Found Element By : By.name: GuMainChannelDetailCode
2020/07/14 23:14:58:459 DEBUG com.sinosoft.test.base.TestBase:87 - SetCodeEditBox:设置完毕[[InternetExplorerDriver: internet explorer on WINDOWS (91280b4c-adce-4b7c-8686-7bd65a239621)] -> name: GuMainChannelDetailCode],设置值 Code=01
2020/07/14 23:14:58:460 DEBUG com.sinosoft.test.base.TestBase:76 - Trying to find Element By : By.name: GuMainShareHolderFlag
2020/07/14 23:14:58:542 DEBUG com.sinosoft.test.base.TestBase:80 - Found Element By : By.name: GuMainShareHolderFlag
2020/07/14 23:14:58:592 DEBUG com.sinosoft.test.base.TestBase:76 - Trying to find Element By : By.name: GuMainShareHolderFlag
2020/07/14 23:14:58:688 DEBUG com.sinosoft.test.base.TestBase:80 - Found Element By : By.name: GuMainShareHolderFlag
2020/07/14 23:14:58:688 DEBUG com.sinosoft.test.base.TestBase:42 - CodeSelect:开始设置[[InternetExplorerDriver: internet explorer on WINDOWS (91280b4c-adce-4b7c-8686-7bd65a239621)] -> name: GuMainShareHolderFlag] & Code=0
2020/07/14 23:14:58:704 DEBUG com.sinosoft.test.base.TestBase:76 - Trying to find Element By : By.name: GuMainShareHolderFlag
2020/07/14 23:14:58:789 DEBUG com.sinosoft.test.base.TestBase:80 - Found Element By : By.name: GuMainShareHolderFlag
2020/07/14 23:15:00:291 DEBUG com.sinosoft.test.base.TestBase:272 - 系统窗口【黄河财险业务系统】with handle -375883dd-3618-4e9e-96e7-a964f2a3ce2c
2020/07/14 23:15:00:971 DEBUG com.sinosoft.test.base.TestBase:272 - 系统窗口【黄河财险业务系统】with handle -375883dd-3618-4e9e-96e7-a964f2a3ce2c
2020/07/14 23:15:01:633 DEBUG com.sinosoft.test.base.TestBase:272 - 系统窗口【Code Select】with handle -df9e0331-9e26-44af-9239-ac5e748c0991
2020/07/14 23:15:02:175 DEBUG com.sinosoft.test.base.TestBase:69 - 初始化class com.sinosoft.test.fccp.common.CodeSelectPage
2020/07/14 23:15:02:177 DEBUG com.sinosoft.test.base.TestBase:39 - 基础码表选择！
2020/07/14 23:15:02:177 DEBUG com.sinosoft.test.base.TestBase:76 - Trying to find Element By : By.name: fieldValue
2020/07/14 23:15:02:496 DEBUG com.sinosoft.test.base.TestBase:80 - Found Element By : By.name: fieldValue
2020/07/14 23:15:02:497  INFO com.sinosoft.test.base.TestBase:360 - setEditboxValue:[[InternetExplorerDriver: internet explorer on WINDOWS (91280b4c-adce-4b7c-8686-7bd65a239621)] -> name: fieldValue]：0
2020/07/14 23:15:04:101  INFO com.sinosoft.test.base.TestBase:363 - setEditboxValue—End:[[InternetExplorerDriver: internet explorer on WINDOWS (91280b4c-adce-4b7c-8686-7bd65a239621)] -> name: fieldValue]：0
2020/07/14 23:15:04:101 DEBUG com.sinosoft.test.base.TestBase:76 - Trying to find Element By : By.xpath: //input[@value='查询(Q)']
2020/07/14 23:15:04:421 DEBUG com.sinosoft.test.base.TestBase:80 - Found Element By : By.xpath: //input[@value='查询(Q)']
2020/07/14 23:15:04:422  INFO com.sinosoft.test.base.TestBase:402 - clickButton:[[InternetExplorerDriver: internet explorer on WINDOWS (91280b4c-adce-4b7c-8686-7bd65a239621)] -> xpath: //input[@value='查询(Q)']]
2020/07/14 23:15:04:422 DEBUG com.sinosoft.test.base.TestBase:42 - Trying to click on: [[InternetExplorerDriver: internet explorer on WINDOWS (91280b4c-adce-4b7c-8686-7bd65a239621)] -> xpath: //input[@value='查询(Q)']]
2020/07/14 23:15:06:056 DEBUG com.sinosoft.test.base.TestBase:46 - Clicked on: [[InternetExplorerDriver: internet explorer on WINDOWS (91280b4c-adce-4b7c-8686-7bd65a239621)] -> xpath: //input[@value='查询(Q)']]
2020/07/14 23:15:06:057 DEBUG com.sinosoft.test.base.TestBase:76 - Trying to find Element By : By.name: codeselect
2020/07/14 23:15:06:374 DEBUG com.sinosoft.test.base.TestBase:80 - Found Element By : By.name: codeselect
2020/07/14 23:15:06:375  INFO com.sinosoft.test.base.TestBase:132 - setFuzzySelect:[[InternetExplorerDriver: internet explorer on WINDOWS (91280b4c-adce-4b7c-8686-7bd65a239621)] -> name: codeselect]->0
2020/07/14 23:15:06:951 DEBUG com.sinosoft.test.base.TestBase:76 - Trying to find Element By : By.tagName: option
2020/07/14 23:15:07:411 DEBUG com.sinosoft.test.base.TestBase:80 - Found Element By : By.tagName: option
2020/07/14 23:15:10:617  INFO com.sinosoft.test.base.TestBase:142 - 找到匹配【0】的选项：0--非股东
2020/07/14 23:15:10:619 DEBUG com.sinosoft.test.base.TestBase:76 - Trying to find Element By : By.xpath: .//option[normalize-space(.) = "0--非股东"]
2020/07/14 23:15:10:950 DEBUG com.sinosoft.test.base.TestBase:80 - Found Element By : By.xpath: .//option[normalize-space(.) = "0--非股东"]
2020/07/14 23:15:11:251 DEBUG com.sinosoft.test.base.TestBase:42 - Trying to click on: [[[[InternetExplorerDriver: internet explorer on WINDOWS (91280b4c-adce-4b7c-8686-7bd65a239621)] -> name: codeselect]] -> xpath: .//option[normalize-space(.) = "0--非股东"]]
2020/07/14 23:15:11:835 DEBUG com.sinosoft.test.base.TestBase:46 - Clicked on: [[[[InternetExplorerDriver: internet explorer on WINDOWS (91280b4c-adce-4b7c-8686-7bd65a239621)] -> name: codeselect]] -> xpath: .//option[normalize-space(.) = "0--非股东"]]
2020/07/14 23:15:11:835 DEBUG com.sinosoft.test.base.TestBase:151 - setFuzzySelect 结束！
2020/07/14 23:15:11:836 DEBUG com.sinosoft.test.base.TestBase:76 - Trying to find Element By : By.name: SelectIt
2020/07/14 23:15:12:155 DEBUG com.sinosoft.test.base.TestBase:80 - Found Element By : By.name: SelectIt
2020/07/14 23:15:12:156  INFO com.sinosoft.test.base.TestBase:416 - jsClickButton:[[InternetExplorerDriver: internet explorer on WINDOWS (91280b4c-adce-4b7c-8686-7bd65a239621)] -> name: SelectIt]
2020/07/14 23:15:12:159  INFO com.sinosoft.test.base.TestBase:144 - RunJavaScript:[[InternetExplorerDriver: internet explorer on WINDOWS (91280b4c-adce-4b7c-8686-7bd65a239621)] -> name: SelectIt]	arguments[0].click();
2020/07/14 23:15:12:980 DEBUG com.sinosoft.test.base.TestBase:272 - 系统窗口【黄河财险业务系统】with handle -375883dd-3618-4e9e-96e7-a964f2a3ce2c
2020/07/14 23:15:16:040 DEBUG com.sinosoft.test.base.TestBase:76 - Trying to find Element By : By.name: GuMainShareHolderFlag
2020/07/14 23:15:16:144 DEBUG com.sinosoft.test.base.TestBase:80 - Found Element By : By.name: GuMainShareHolderFlag
2020/07/14 23:15:16:145 DEBUG com.sinosoft.test.base.TestBase:49 - CodeSelect:设置完毕[[InternetExplorerDriver: internet explorer on WINDOWS (91280b4c-adce-4b7c-8686-7bd65a239621)] -> name: GuMainShareHolderFlag] & Code=0
2020/07/14 23:15:16:145 DEBUG com.sinosoft.test.base.TestBase:76 - Trying to find Element By : By.name: GuMainSalesTeamCode
2020/07/14 23:15:16:274 DEBUG com.sinosoft.test.base.TestBase:80 - Found Element By : By.name: GuMainSalesTeamCode
2020/07/14 23:15:16:363 DEBUG com.sinosoft.test.base.TestBase:76 - Trying to find Element By : By.name: GuMainSalesTeamCode
2020/07/14 23:15:16:495 DEBUG com.sinosoft.test.base.TestBase:80 - Found Element By : By.name: GuMainSalesTeamCode
2020/07/14 23:15:16:495 DEBUG com.sinosoft.test.base.TestBase:42 - CodeSelect:开始设置[[InternetExplorerDriver: internet explorer on WINDOWS (91280b4c-adce-4b7c-8686-7bd65a239621)] -> name: GuMainSalesTeamCode] & Code=T6201900101
2020/07/14 23:15:16:496 DEBUG com.sinosoft.test.base.TestBase:76 - Trying to find Element By : By.name: GuMainSalesTeamCode
2020/07/14 23:15:16:660 DEBUG com.sinosoft.test.base.TestBase:80 - Found Element By : By.name: GuMainSalesTeamCode
2020/07/14 23:15:18:273 DEBUG com.sinosoft.test.base.TestBase:272 - 系统窗口【黄河财险业务系统】with handle -375883dd-3618-4e9e-96e7-a964f2a3ce2c
2020/07/14 23:15:18:940 DEBUG com.sinosoft.test.base.TestBase:272 - 系统窗口【黄河财险业务系统】with handle -375883dd-3618-4e9e-96e7-a964f2a3ce2c
2020/07/14 23:15:19:583 DEBUG com.sinosoft.test.base.TestBase:272 - 系统窗口【Code Select】with handle -48102c44-792a-4e8c-8ace-756470256102
2020/07/14 23:15:20:108 DEBUG com.sinosoft.test.base.TestBase:69 - 初始化class com.sinosoft.test.fccp.common.CodeSelectPage
2020/07/14 23:15:20:109 DEBUG com.sinosoft.test.base.TestBase:39 - 基础码表选择！
2020/07/14 23:15:20:109 DEBUG com.sinosoft.test.base.TestBase:76 - Trying to find Element By : By.name: fieldValue
2020/07/14 23:15:20:411 DEBUG com.sinosoft.test.base.TestBase:80 - Found Element By : By.name: fieldValue
2020/07/14 23:15:20:415  INFO com.sinosoft.test.base.TestBase:360 - setEditboxValue:[[InternetExplorerDriver: internet explorer on WINDOWS (91280b4c-adce-4b7c-8686-7bd65a239621)] -> name: fieldValue]：T6201900101
2020/07/14 23:15:21:940  INFO com.sinosoft.test.base.TestBase:363 - setEditboxValue—End:[[InternetExplorerDriver: internet explorer on WINDOWS (91280b4c-adce-4b7c-8686-7bd65a239621)] -> name: fieldValue]：T6201900101
2020/07/14 23:15:21:940 DEBUG com.sinosoft.test.base.TestBase:76 - Trying to find Element By : By.xpath: //input[@value='查询(Q)']
2020/07/14 23:15:22:266 DEBUG com.sinosoft.test.base.TestBase:80 - Found Element By : By.xpath: //input[@value='查询(Q)']
2020/07/14 23:15:22:269  INFO com.sinosoft.test.base.TestBase:402 - clickButton:[[InternetExplorerDriver: internet explorer on WINDOWS (91280b4c-adce-4b7c-8686-7bd65a239621)] -> xpath: //input[@value='查询(Q)']]
2020/07/14 23:15:22:270 DEBUG com.sinosoft.test.base.TestBase:42 - Trying to click on: [[InternetExplorerDriver: internet explorer on WINDOWS (91280b4c-adce-4b7c-8686-7bd65a239621)] -> xpath: //input[@value='查询(Q)']]
2020/07/14 23:15:23:902 DEBUG com.sinosoft.test.base.TestBase:46 - Clicked on: [[InternetExplorerDriver: internet explorer on WINDOWS (91280b4c-adce-4b7c-8686-7bd65a239621)] -> xpath: //input[@value='查询(Q)']]
2020/07/14 23:15:23:902 DEBUG com.sinosoft.test.base.TestBase:76 - Trying to find Element By : By.name: codeselect
2020/07/14 23:15:24:210 DEBUG com.sinosoft.test.base.TestBase:80 - Found Element By : By.name: codeselect
2020/07/14 23:15:24:211  INFO com.sinosoft.test.base.TestBase:132 - setFuzzySelect:[[InternetExplorerDriver: internet explorer on WINDOWS (91280b4c-adce-4b7c-8686-7bd65a239621)] -> name: codeselect]->T6201900101
2020/07/14 23:15:24:789 DEBUG com.sinosoft.test.base.TestBase:76 - Trying to find Element By : By.tagName: option
2020/07/14 23:15:25:162 DEBUG com.sinosoft.test.base.TestBase:80 - Found Element By : By.tagName: option
2020/07/14 23:15:25:492  INFO com.sinosoft.test.base.TestBase:142 - 找到匹配【T6201900101】的选项：T6201900101--兰州中支新团队
2020/07/14 23:15:25:492 DEBUG com.sinosoft.test.base.TestBase:76 - Trying to find Element By : By.xpath: .//option[normalize-space(.) = "T6201900101--兰州中支新团队"]
2020/07/14 23:15:25:814 DEBUG com.sinosoft.test.base.TestBase:80 - Found Element By : By.xpath: .//option[normalize-space(.) = "T6201900101--兰州中支新团队"]
2020/07/14 23:15:26:134 DEBUG com.sinosoft.test.base.TestBase:42 - Trying to click on: [[[[InternetExplorerDriver: internet explorer on WINDOWS (91280b4c-adce-4b7c-8686-7bd65a239621)] -> name: codeselect]] -> xpath: .//option[normalize-space(.) = "T6201900101--兰州中支新团队"]]
2020/07/14 23:15:26:654 DEBUG com.sinosoft.test.base.TestBase:46 - Clicked on: [[[[InternetExplorerDriver: internet explorer on WINDOWS (91280b4c-adce-4b7c-8686-7bd65a239621)] -> name: codeselect]] -> xpath: .//option[normalize-space(.) = "T6201900101--兰州中支新团队"]]
2020/07/14 23:15:26:655 DEBUG com.sinosoft.test.base.TestBase:151 - setFuzzySelect 结束！
2020/07/14 23:15:26:655 DEBUG com.sinosoft.test.base.TestBase:76 - Trying to find Element By : By.name: SelectIt
2020/07/14 23:15:26:990 DEBUG com.sinosoft.test.base.TestBase:80 - Found Element By : By.name: SelectIt
2020/07/14 23:15:26:991  INFO com.sinosoft.test.base.TestBase:416 - jsClickButton:[[InternetExplorerDriver: internet explorer on WINDOWS (91280b4c-adce-4b7c-8686-7bd65a239621)] -> name: SelectIt]
2020/07/14 23:15:26:992  INFO com.sinosoft.test.base.TestBase:144 - RunJavaScript:[[InternetExplorerDriver: internet explorer on WINDOWS (91280b4c-adce-4b7c-8686-7bd65a239621)] -> name: SelectIt]	arguments[0].click();
2020/07/14 23:15:27:766 DEBUG com.sinosoft.test.base.TestBase:272 - 系统窗口【黄河财险业务系统】with handle -375883dd-3618-4e9e-96e7-a964f2a3ce2c
2020/07/14 23:15:30:770 DEBUG com.sinosoft.test.base.TestBase:76 - Trying to find Element By : By.name: GuMainSalesTeamCode
2020/07/14 23:15:30:905 DEBUG com.sinosoft.test.base.TestBase:80 - Found Element By : By.name: GuMainSalesTeamCode
2020/07/14 23:15:30:906 DEBUG com.sinosoft.test.base.TestBase:49 - CodeSelect:设置完毕[[InternetExplorerDriver: internet explorer on WINDOWS (91280b4c-adce-4b7c-8686-7bd65a239621)] -> name: GuMainSalesTeamCode] & Code=T6201900101
2020/07/14 23:15:30:906 DEBUG com.sinosoft.test.base.TestBase:76 - Trying to find Element By : By.name: GuMainSalesmanCode
2020/07/14 23:15:31:005 DEBUG com.sinosoft.test.base.TestBase:80 - Found Element By : By.name: GuMainSalesmanCode
2020/07/14 23:15:31:081 DEBUG com.sinosoft.test.base.TestBase:76 - Trying to find Element By : By.name: GuMainSalesmanCode
2020/07/14 23:15:31:196 DEBUG com.sinosoft.test.base.TestBase:80 - Found Element By : By.name: GuMainSalesmanCode
2020/07/14 23:15:31:196 DEBUG com.sinosoft.test.base.TestBase:42 - CodeSelect:开始设置[[InternetExplorerDriver: internet explorer on WINDOWS (91280b4c-adce-4b7c-8686-7bd65a239621)] -> name: GuMainSalesmanCode] & Code=S000000006
2020/07/14 23:15:31:197 DEBUG com.sinosoft.test.base.TestBase:76 - Trying to find Element By : By.name: GuMainSalesmanCode
2020/07/14 23:15:31:313 DEBUG com.sinosoft.test.base.TestBase:80 - Found Element By : By.name: GuMainSalesmanCode
2020/07/14 23:15:32:793 DEBUG com.sinosoft.test.base.TestBase:272 - 系统窗口【黄河财险业务系统】with handle -375883dd-3618-4e9e-96e7-a964f2a3ce2c
2020/07/14 23:15:33:459 DEBUG com.sinosoft.test.base.TestBase:272 - 系统窗口【黄河财险业务系统】with handle -375883dd-3618-4e9e-96e7-a964f2a3ce2c
2020/07/14 23:15:34:114 DEBUG com.sinosoft.test.base.TestBase:272 - 系统窗口【Code Select】with handle -1aa524f2-ba46-4831-b7a3-5d523178eaaf
2020/07/14 23:15:34:645 DEBUG com.sinosoft.test.base.TestBase:69 - 初始化class com.sinosoft.test.fccp.common.CodeSelectPage
2020/07/14 23:15:34:647 DEBUG com.sinosoft.test.base.TestBase:39 - 基础码表选择！
2020/07/14 23:15:34:647 DEBUG com.sinosoft.test.base.TestBase:76 - Trying to find Element By : By.name: fieldValue
2020/07/14 23:15:34:958 DEBUG com.sinosoft.test.base.TestBase:80 - Found Element By : By.name: fieldValue
2020/07/14 23:15:34:960  INFO com.sinosoft.test.base.TestBase:360 - setEditboxValue:[[InternetExplorerDriver: internet explorer on WINDOWS (91280b4c-adce-4b7c-8686-7bd65a239621)] -> name: fieldValue]：S000000006
2020/07/14 23:15:36:403  INFO com.sinosoft.test.base.TestBase:363 - setEditboxValue—End:[[InternetExplorerDriver: internet explorer on WINDOWS (91280b4c-adce-4b7c-8686-7bd65a239621)] -> name: fieldValue]：S000000006
2020/07/14 23:15:36:405 DEBUG com.sinosoft.test.base.TestBase:76 - Trying to find Element By : By.xpath: //input[@value='查询(Q)']
2020/07/14 23:15:36:735 DEBUG com.sinosoft.test.base.TestBase:80 - Found Element By : By.xpath: //input[@value='查询(Q)']
2020/07/14 23:15:36:738  INFO com.sinosoft.test.base.TestBase:402 - clickButton:[[InternetExplorerDriver: internet explorer on WINDOWS (91280b4c-adce-4b7c-8686-7bd65a239621)] -> xpath: //input[@value='查询(Q)']]
2020/07/14 23:15:36:739 DEBUG com.sinosoft.test.base.TestBase:42 - Trying to click on: [[InternetExplorerDriver: internet explorer on WINDOWS (91280b4c-adce-4b7c-8686-7bd65a239621)] -> xpath: //input[@value='查询(Q)']]
2020/07/14 23:15:38:366 DEBUG com.sinosoft.test.base.TestBase:46 - Clicked on: [[InternetExplorerDriver: internet explorer on WINDOWS (91280b4c-adce-4b7c-8686-7bd65a239621)] -> xpath: //input[@value='查询(Q)']]
2020/07/14 23:15:38:367 DEBUG com.sinosoft.test.base.TestBase:76 - Trying to find Element By : By.name: codeselect
2020/07/14 23:15:38:690 DEBUG com.sinosoft.test.base.TestBase:80 - Found Element By : By.name: codeselect
2020/07/14 23:15:38:691  INFO com.sinosoft.test.base.TestBase:132 - setFuzzySelect:[[InternetExplorerDriver: internet explorer on WINDOWS (91280b4c-adce-4b7c-8686-7bd65a239621)] -> name: codeselect]->S000000006
2020/07/14 23:15:39:294 DEBUG com.sinosoft.test.base.TestBase:76 - Trying to find Element By : By.tagName: option
2020/07/14 23:15:39:646 DEBUG com.sinosoft.test.base.TestBase:80 - Found Element By : By.tagName: option
2020/07/14 23:15:39:971  INFO com.sinosoft.test.base.TestBase:142 - 找到匹配【S000000006】的选项：S000000006--赵子毓
2020/07/14 23:15:39:972 DEBUG com.sinosoft.test.base.TestBase:76 - Trying to find Element By : By.xpath: .//option[normalize-space(.) = "S000000006--赵子毓"]
2020/07/14 23:15:40:317 DEBUG com.sinosoft.test.base.TestBase:80 - Found Element By : By.xpath: .//option[normalize-space(.) = "S000000006--赵子毓"]
2020/07/14 23:15:40:629 DEBUG com.sinosoft.test.base.TestBase:42 - Trying to click on: [[[[InternetExplorerDriver: internet explorer on WINDOWS (91280b4c-adce-4b7c-8686-7bd65a239621)] -> name: codeselect]] -> xpath: .//option[normalize-space(.) = "S000000006--赵子毓"]]
2020/07/14 23:15:41:139 DEBUG com.sinosoft.test.base.TestBase:46 - Clicked on: [[[[InternetExplorerDriver: internet explorer on WINDOWS (91280b4c-adce-4b7c-8686-7bd65a239621)] -> name: codeselect]] -> xpath: .//option[normalize-space(.) = "S000000006--赵子毓"]]
2020/07/14 23:15:41:139 DEBUG com.sinosoft.test.base.TestBase:151 - setFuzzySelect 结束！
2020/07/14 23:15:41:139 DEBUG com.sinosoft.test.base.TestBase:76 - Trying to find Element By : By.name: SelectIt
2020/07/14 23:15:41:431 DEBUG com.sinosoft.test.base.TestBase:80 - Found Element By : By.name: SelectIt
2020/07/14 23:15:41:432  INFO com.sinosoft.test.base.TestBase:416 - jsClickButton:[[InternetExplorerDriver: internet explorer on WINDOWS (91280b4c-adce-4b7c-8686-7bd65a239621)] -> name: SelectIt]
2020/07/14 23:15:41:434  INFO com.sinosoft.test.base.TestBase:144 - RunJavaScript:[[InternetExplorerDriver: internet explorer on WINDOWS (91280b4c-adce-4b7c-8686-7bd65a239621)] -> name: SelectIt]	arguments[0].click();
2020/07/14 23:15:42:253 DEBUG com.sinosoft.test.base.TestBase:272 - 系统窗口【黄河财险业务系统】with handle -375883dd-3618-4e9e-96e7-a964f2a3ce2c
2020/07/14 23:15:45:265 DEBUG com.sinosoft.test.base.TestBase:76 - Trying to find Element By : By.name: GuMainSalesmanCode
2020/07/14 23:15:45:386 DEBUG com.sinosoft.test.base.TestBase:80 - Found Element By : By.name: GuMainSalesmanCode
2020/07/14 23:15:45:387 DEBUG com.sinosoft.test.base.TestBase:49 - CodeSelect:设置完毕[[InternetExplorerDriver: internet explorer on WINDOWS (91280b4c-adce-4b7c-8686-7bd65a239621)] -> name: GuMainSalesmanCode] & Code=S000000006
2020/07/14 23:15:45:387 DEBUG com.sinosoft.test.base.TestBase:76 - Trying to find Element By : By.name: GuMainBusinessSource
2020/07/14 23:15:45:517 DEBUG com.sinosoft.test.base.TestBase:80 - Found Element By : By.name: GuMainBusinessSource
2020/07/14 23:15:45:581 DEBUG com.sinosoft.test.base.TestBase:76 - Trying to find Element By : By.name: GuMainBusinessSource
2020/07/14 23:15:45:671 DEBUG com.sinosoft.test.base.TestBase:80 - Found Element By : By.name: GuMainBusinessSource
2020/07/14 23:15:45:673 DEBUG com.sinosoft.test.base.TestBase:42 - CodeSelect:开始设置[[InternetExplorerDriver: internet explorer on WINDOWS (91280b4c-adce-4b7c-8686-7bd65a239621)] -> name: GuMainBusinessSource] & Code=01010101
2020/07/14 23:15:45:675 DEBUG com.sinosoft.test.base.TestBase:76 - Trying to find Element By : By.name: GuMainBusinessSource
2020/07/14 23:15:45:797 DEBUG com.sinosoft.test.base.TestBase:80 - Found Element By : By.name: GuMainBusinessSource
2020/07/14 23:15:47:050 DEBUG com.sinosoft.test.base.TestBase:272 - 系统窗口【黄河财险业务系统】with handle -375883dd-3618-4e9e-96e7-a964f2a3ce2c
2020/07/14 23:15:47:793 DEBUG com.sinosoft.test.base.TestBase:272 - 系统窗口【黄河财险业务系统】with handle -375883dd-3618-4e9e-96e7-a964f2a3ce2c
2020/07/14 23:15:48:475 DEBUG com.sinosoft.test.base.TestBase:272 - 系统窗口【Code Select】with handle -7fd969e7-2b0e-4dba-ab83-73f621202c13
2020/07/14 23:15:49:008 DEBUG com.sinosoft.test.base.TestBase:69 - 初始化class com.sinosoft.test.fccp.common.CodeSelectPage
2020/07/14 23:15:49:012 DEBUG com.sinosoft.test.base.TestBase:39 - 基础码表选择！
2020/07/14 23:15:49:013 DEBUG com.sinosoft.test.base.TestBase:76 - Trying to find Element By : By.name: fieldValue
2020/07/14 23:15:49:317 DEBUG com.sinosoft.test.base.TestBase:80 - Found Element By : By.name: fieldValue
2020/07/14 23:15:49:318  INFO com.sinosoft.test.base.TestBase:360 - setEditboxValue:[[InternetExplorerDriver: internet explorer on WINDOWS (91280b4c-adce-4b7c-8686-7bd65a239621)] -> name: fieldValue]：01010101
2020/07/14 23:15:50:747  INFO com.sinosoft.test.base.TestBase:363 - setEditboxValue—End:[[InternetExplorerDriver: internet explorer on WINDOWS (91280b4c-adce-4b7c-8686-7bd65a239621)] -> name: fieldValue]：01010101
2020/07/14 23:15:50:748 DEBUG com.sinosoft.test.base.TestBase:76 - Trying to find Element By : By.xpath: //input[@value='查询(Q)']
2020/07/14 23:15:51:067 DEBUG com.sinosoft.test.base.TestBase:80 - Found Element By : By.xpath: //input[@value='查询(Q)']
2020/07/14 23:15:51:068  INFO com.sinosoft.test.base.TestBase:402 - clickButton:[[InternetExplorerDriver: internet explorer on WINDOWS (91280b4c-adce-4b7c-8686-7bd65a239621)] -> xpath: //input[@value='查询(Q)']]
2020/07/14 23:15:51:068 DEBUG com.sinosoft.test.base.TestBase:42 - Trying to click on: [[InternetExplorerDriver: internet explorer on WINDOWS (91280b4c-adce-4b7c-8686-7bd65a239621)] -> xpath: //input[@value='查询(Q)']]
2020/07/14 23:15:52:712 DEBUG com.sinosoft.test.base.TestBase:46 - Clicked on: [[InternetExplorerDriver: internet explorer on WINDOWS (91280b4c-adce-4b7c-8686-7bd65a239621)] -> xpath: //input[@value='查询(Q)']]
2020/07/14 23:15:52:713 DEBUG com.sinosoft.test.base.TestBase:76 - Trying to find Element By : By.name: codeselect
2020/07/14 23:15:53:051 DEBUG com.sinosoft.test.base.TestBase:80 - Found Element By : By.name: codeselect
2020/07/14 23:15:53:052  INFO com.sinosoft.test.base.TestBase:132 - setFuzzySelect:[[InternetExplorerDriver: internet explorer on WINDOWS (91280b4c-adce-4b7c-8686-7bd65a239621)] -> name: codeselect]->01010101
2020/07/14 23:15:53:617 DEBUG com.sinosoft.test.base.TestBase:76 - Trying to find Element By : By.tagName: option
2020/07/14 23:15:54:092 DEBUG com.sinosoft.test.base.TestBase:80 - Found Element By : By.tagName: option
2020/07/14 23:15:54:451  INFO com.sinosoft.test.base.TestBase:142 - 找到匹配【01010101】的选项：01010101--柜面直销
2020/07/14 23:15:54:452 DEBUG com.sinosoft.test.base.TestBase:76 - Trying to find Element By : By.xpath: .//option[normalize-space(.) = "01010101--柜面直销"]
2020/07/14 23:15:54:808 DEBUG com.sinosoft.test.base.TestBase:80 - Found Element By : By.xpath: .//option[normalize-space(.) = "01010101--柜面直销"]
2020/07/14 23:15:55:113 DEBUG com.sinosoft.test.base.TestBase:42 - Trying to click on: [[[[InternetExplorerDriver: internet explorer on WINDOWS (91280b4c-adce-4b7c-8686-7bd65a239621)] -> name: codeselect]] -> xpath: .//option[normalize-space(.) = "01010101--柜面直销"]]
2020/07/14 23:15:55:646 DEBUG com.sinosoft.test.base.TestBase:46 - Clicked on: [[[[InternetExplorerDriver: internet explorer on WINDOWS (91280b4c-adce-4b7c-8686-7bd65a239621)] -> name: codeselect]] -> xpath: .//option[normalize-space(.) = "01010101--柜面直销"]]
2020/07/14 23:15:55:647 DEBUG com.sinosoft.test.base.TestBase:151 - setFuzzySelect 结束！
2020/07/14 23:15:55:647 DEBUG com.sinosoft.test.base.TestBase:76 - Trying to find Element By : By.name: SelectIt
2020/07/14 23:15:55:983 DEBUG com.sinosoft.test.base.TestBase:80 - Found Element By : By.name: SelectIt
2020/07/14 23:15:55:985  INFO com.sinosoft.test.base.TestBase:416 - jsClickButton:[[InternetExplorerDriver: internet explorer on WINDOWS (91280b4c-adce-4b7c-8686-7bd65a239621)] -> name: SelectIt]
2020/07/14 23:15:55:986  INFO com.sinosoft.test.base.TestBase:144 - RunJavaScript:[[InternetExplorerDriver: internet explorer on WINDOWS (91280b4c-adce-4b7c-8686-7bd65a239621)] -> name: SelectIt]	arguments[0].click();
2020/07/14 23:15:56:775 DEBUG com.sinosoft.test.base.TestBase:272 - 系统窗口【黄河财险业务系统】with handle -375883dd-3618-4e9e-96e7-a964f2a3ce2c
2020/07/14 23:15:59:823 DEBUG com.sinosoft.test.base.TestBase:76 - Trying to find Element By : By.name: GuMainBusinessSource
2020/07/14 23:15:59:975 DEBUG com.sinosoft.test.base.TestBase:80 - Found Element By : By.name: GuMainBusinessSource
2020/07/14 23:15:59:976 DEBUG com.sinosoft.test.base.TestBase:49 - CodeSelect:设置完毕[[InternetExplorerDriver: internet explorer on WINDOWS (91280b4c-adce-4b7c-8686-7bd65a239621)] -> name: GuMainBusinessSource] & Code=01010101
2020/07/14 23:15:59:976 DEBUG com.sinosoft.test.base.TestBase:76 - Trying to find Element By : By.name: GuMainSurveyInd
2020/07/14 23:16:00:071 DEBUG com.sinosoft.test.base.TestBase:80 - Found Element By : By.name: GuMainSurveyInd
2020/07/14 23:16:00:071  INFO com.sinosoft.test.base.TestBase:96 - setSelectWithStartText:[[InternetExplorerDriver: internet explorer on WINDOWS (91280b4c-adce-4b7c-8686-7bd65a239621)] -> name: GuMainSurveyInd]->HXXT
2020/07/14 23:16:00:072 DEBUG com.sinosoft.test.base.TestBase:76 - Trying to find Element By : By.name: GuMainSurveyInd
2020/07/14 23:16:00:153 DEBUG com.sinosoft.test.base.TestBase:80 - Found Element By : By.name: GuMainSurveyInd
2020/07/14 23:16:00:184 DEBUG com.sinosoft.test.base.TestBase:76 - Trying to find Element By : By.name: GuMainSurveyInd
2020/07/14 23:16:00:305 DEBUG com.sinosoft.test.base.TestBase:80 - Found Element By : By.name: GuMainSurveyInd
2020/07/14 23:16:00:385 DEBUG com.sinosoft.test.base.TestBase:76 - Trying to find Element By : By.name: GuMainSurveyInd
2020/07/14 23:16:00:471 DEBUG com.sinosoft.test.base.TestBase:80 - Found Element By : By.name: GuMainSurveyInd
2020/07/14 23:16:00:473 DEBUG com.sinosoft.test.base.TestBase:76 - Trying to find Element By : By.tagName: option
2020/07/14 23:16:01:377 DEBUG com.sinosoft.test.base.TestBase:80 - Found Element By : By.tagName: option
2020/07/14 23:16:01:459  INFO com.sinosoft.test.base.TestBase:114 - 找到匹配【HXXT】的选项：HXXT-核心
2020/07/14 23:16:01:459 DEBUG com.sinosoft.test.base.TestBase:76 - Trying to find Element By : By.name: GuMainSurveyInd
2020/07/14 23:16:01:608 DEBUG com.sinosoft.test.base.TestBase:80 - Found Element By : By.name: GuMainSurveyInd
2020/07/14 23:16:01:609 DEBUG com.sinosoft.test.base.TestBase:76 - Trying to find Element By : By.xpath: .//option[normalize-space(.) = "HXXT-核心"]
2020/07/14 23:16:01:727 DEBUG com.sinosoft.test.base.TestBase:80 - Found Element By : By.xpath: .//option[normalize-space(.) = "HXXT-核心"]
2020/07/14 23:16:01:810 DEBUG com.sinosoft.test.base.TestBase:123 - setSelectWithStartText 结束！
2020/07/14 23:16:01:811 DEBUG com.sinosoft.test.base.TestBase:76 - Trying to find Element By : By.name: GuMainArgueSolution
2020/07/14 23:16:01:940 DEBUG com.sinosoft.test.base.TestBase:80 - Found Element By : By.name: GuMainArgueSolution
2020/07/14 23:16:01:940  INFO com.sinosoft.test.base.TestBase:96 - setSelectWithStartText:[[InternetExplorerDriver: internet explorer on WINDOWS (91280b4c-adce-4b7c-8686-7bd65a239621)] -> name: GuMainArgueSolution]->
2020/07/14 23:16:01:941 DEBUG com.sinosoft.test.base.TestBase:76 - Trying to find Element By : By.name: GuMainDomesticInd
2020/07/14 23:16:02:069 DEBUG com.sinosoft.test.base.TestBase:80 - Found Element By : By.name: GuMainDomesticInd
2020/07/14 23:16:02:070  INFO com.sinosoft.test.base.TestBase:96 - setSelectWithStartText:[[InternetExplorerDriver: internet explorer on WINDOWS (91280b4c-adce-4b7c-8686-7bd65a239621)] -> name: GuMainDomesticInd]->
2020/07/14 23:16:02:070 DEBUG com.sinosoft.test.base.TestBase:76 - Trying to find Element By : By.name: GuMainComInsureInd
2020/07/14 23:16:02:152 DEBUG com.sinosoft.test.base.TestBase:80 - Found Element By : By.name: GuMainComInsureInd
2020/07/14 23:16:02:152  INFO com.sinosoft.test.base.TestBase:96 - setSelectWithStartText:[[InternetExplorerDriver: internet explorer on WINDOWS (91280b4c-adce-4b7c-8686-7bd65a239621)] -> name: GuMainComInsureInd]->0
2020/07/14 23:16:02:153 DEBUG com.sinosoft.test.base.TestBase:76 - Trying to find Element By : By.name: GuMainComInsureInd
2020/07/14 23:16:02:271 DEBUG com.sinosoft.test.base.TestBase:80 - Found Element By : By.name: GuMainComInsureInd
2020/07/14 23:16:02:308 DEBUG com.sinosoft.test.base.TestBase:76 - Trying to find Element By : By.name: GuMainComInsureInd
2020/07/14 23:16:02:426 DEBUG com.sinosoft.test.base.TestBase:80 - Found Element By : By.name: GuMainComInsureInd
2020/07/14 23:16:02:539 DEBUG com.sinosoft.test.base.TestBase:76 - Trying to find Element By : By.name: GuMainComInsureInd
2020/07/14 23:16:02:635 DEBUG com.sinosoft.test.base.TestBase:80 - Found Element By : By.name: GuMainComInsureInd
2020/07/14 23:16:02:636 DEBUG com.sinosoft.test.base.TestBase:76 - Trying to find Element By : By.tagName: option
2020/07/14 23:16:02:865 DEBUG com.sinosoft.test.base.TestBase:80 - Found Element By : By.tagName: option
2020/07/14 23:16:02:981  INFO com.sinosoft.test.base.TestBase:114 - 找到匹配【0】的选项：0-非统括业务
2020/07/14 23:16:02:982 DEBUG com.sinosoft.test.base.TestBase:76 - Trying to find Element By : By.name: GuMainComInsureInd
2020/07/14 23:16:03:112 DEBUG com.sinosoft.test.base.TestBase:80 - Found Element By : By.name: GuMainComInsureInd
2020/07/14 23:16:03:113 DEBUG com.sinosoft.test.base.TestBase:76 - Trying to find Element By : By.xpath: .//option[normalize-space(.) = "0-非统括业务"]
2020/07/14 23:16:03:222 DEBUG com.sinosoft.test.base.TestBase:80 - Found Element By : By.xpath: .//option[normalize-space(.) = "0-非统括业务"]
2020/07/14 23:16:03:259 DEBUG com.sinosoft.test.base.TestBase:123 - setSelectWithStartText 结束！
2020/07/14 23:16:03:260 DEBUG com.sinosoft.test.base.TestBase:76 - Trying to find Element By : By.name: GuMainPolicyStyle
2020/07/14 23:16:03:408 DEBUG com.sinosoft.test.base.TestBase:80 - Found Element By : By.name: GuMainPolicyStyle
2020/07/14 23:16:03:408  INFO com.sinosoft.test.base.TestBase:96 - setSelectWithStartText:[[InternetExplorerDriver: internet explorer on WINDOWS (91280b4c-adce-4b7c-8686-7bd65a239621)] -> name: GuMainPolicyStyle]->0
2020/07/14 23:16:03:408 DEBUG com.sinosoft.test.base.TestBase:76 - Trying to find Element By : By.name: GuMainPolicyStyle
2020/07/14 23:16:03:527 DEBUG com.sinosoft.test.base.TestBase:80 - Found Element By : By.name: GuMainPolicyStyle
2020/07/14 23:16:03:571 DEBUG com.sinosoft.test.base.TestBase:76 - Trying to find Element By : By.name: GuMainPolicyStyle
2020/07/14 23:16:03:689 DEBUG com.sinosoft.test.base.TestBase:80 - Found Element By : By.name: GuMainPolicyStyle
2020/07/14 23:16:03:733 DEBUG com.sinosoft.test.base.TestBase:76 - Trying to find Element By : By.name: GuMainPolicyStyle
2020/07/14 23:16:03:920 DEBUG com.sinosoft.test.base.TestBase:80 - Found Element By : By.name: GuMainPolicyStyle
2020/07/14 23:16:03:921 DEBUG com.sinosoft.test.base.TestBase:76 - Trying to find Element By : By.tagName: option
2020/07/14 23:16:04:135 DEBUG com.sinosoft.test.base.TestBase:80 - Found Element By : By.tagName: option
2020/07/14 23:16:04:236  INFO com.sinosoft.test.base.TestBase:114 - 找到匹配【0】的选项：0-否
2020/07/14 23:16:04:238 DEBUG com.sinosoft.test.base.TestBase:76 - Trying to find Element By : By.name: GuMainPolicyStyle
2020/07/14 23:16:04:368 DEBUG com.sinosoft.test.base.TestBase:80 - Found Element By : By.name: GuMainPolicyStyle
2020/07/14 23:16:04:369 DEBUG com.sinosoft.test.base.TestBase:76 - Trying to find Element By : By.xpath: .//option[normalize-space(.) = "0-否"]
2020/07/14 23:16:04:461 DEBUG com.sinosoft.test.base.TestBase:80 - Found Element By : By.xpath: .//option[normalize-space(.) = "0-否"]
2020/07/14 23:16:04:511 DEBUG com.sinosoft.test.base.TestBase:123 - setSelectWithStartText 结束！
2020/07/14 23:16:04:511 DEBUG com.sinosoft.test.base.TestBase:76 - Trying to find Element By : By.name: RenewalOfInsuranceSelect
2020/07/14 23:16:04:633 DEBUG com.sinosoft.test.base.TestBase:80 - Found Element By : By.name: RenewalOfInsuranceSelect
2020/07/14 23:16:04:634  INFO com.sinosoft.test.base.TestBase:96 - setSelectWithStartText:[[InternetExplorerDriver: internet explorer on WINDOWS (91280b4c-adce-4b7c-8686-7bd65a239621)] -> name: RenewalOfInsuranceSelect]->0
2020/07/14 23:16:04:634 DEBUG com.sinosoft.test.base.TestBase:76 - Trying to find Element By : By.name: RenewalOfInsuranceSelect
2020/07/14 23:16:04:717 DEBUG com.sinosoft.test.base.TestBase:80 - Found Element By : By.name: RenewalOfInsuranceSelect
2020/07/14 23:16:04:754 DEBUG com.sinosoft.test.base.TestBase:76 - Trying to find Element By : By.name: RenewalOfInsuranceSelect
2020/07/14 23:16:04:869 DEBUG com.sinosoft.test.base.TestBase:80 - Found Element By : By.name: RenewalOfInsuranceSelect
2020/07/14 23:16:04:909 DEBUG com.sinosoft.test.base.TestBase:76 - Trying to find Element By : By.name: RenewalOfInsuranceSelect
2020/07/14 23:16:05:019 DEBUG com.sinosoft.test.base.TestBase:80 - Found Element By : By.name: RenewalOfInsuranceSelect
2020/07/14 23:16:05:019 DEBUG com.sinosoft.test.base.TestBase:76 - Trying to find Element By : By.tagName: option
2020/07/14 23:16:05:237 DEBUG com.sinosoft.test.base.TestBase:80 - Found Element By : By.tagName: option
2020/07/14 23:16:05:305  INFO com.sinosoft.test.base.TestBase:114 - 找到匹配【0】的选项：0-否
2020/07/14 23:16:05:305 DEBUG com.sinosoft.test.base.TestBase:76 - Trying to find Element By : By.name: RenewalOfInsuranceSelect
2020/07/14 23:16:05:468 DEBUG com.sinosoft.test.base.TestBase:80 - Found Element By : By.name: RenewalOfInsuranceSelect
2020/07/14 23:16:05:470 DEBUG com.sinosoft.test.base.TestBase:76 - Trying to find Element By : By.xpath: .//option[normalize-space(.) = "0-否"]
2020/07/14 23:16:05:571 DEBUG com.sinosoft.test.base.TestBase:80 - Found Element By : By.xpath: .//option[normalize-space(.) = "0-否"]
2020/07/14 23:16:05:618 DEBUG com.sinosoft.test.base.TestBase:42 - Trying to click on: [[[[InternetExplorerDriver: internet explorer on WINDOWS (91280b4c-adce-4b7c-8686-7bd65a239621)] -> name: RenewalOfInsuranceSelect]] -> xpath: .//option[normalize-space(.) = "0-否"]]
2020/07/14 23:16:06:005 DEBUG com.sinosoft.test.base.TestBase:46 - Clicked on: [[[[InternetExplorerDriver: internet explorer on WINDOWS (91280b4c-adce-4b7c-8686-7bd65a239621)] -> name: RenewalOfInsuranceSelect]] -> xpath: .//option[normalize-space(.) = "0-否"]]
2020/07/14 23:16:06:005 DEBUG com.sinosoft.test.base.TestBase:123 - setSelectWithStartText 结束！
2020/07/14 23:16:06:006 DEBUG com.sinosoft.test.base.TestBase:76 - Trying to find Element By : By.name: GuMainIsDifferentPlace
2020/07/14 23:16:06:165 DEBUG com.sinosoft.test.base.TestBase:80 - Found Element By : By.name: GuMainIsDifferentPlace
2020/07/14 23:16:06:167  INFO com.sinosoft.test.base.TestBase:96 - setSelectWithStartText:[[InternetExplorerDriver: internet explorer on WINDOWS (91280b4c-adce-4b7c-8686-7bd65a239621)] -> name: GuMainIsDifferentPlace]->
2020/07/14 23:16:06:169 DEBUG com.sinosoft.test.base.TestBase:76 - Trying to find Element By : By.name: GuMainIsFarming
2020/07/14 23:16:06:306 DEBUG com.sinosoft.test.base.TestBase:80 - Found Element By : By.name: GuMainIsFarming
2020/07/14 23:16:06:307  INFO com.sinosoft.test.base.TestBase:96 - setSelectWithStartText:[[InternetExplorerDriver: internet explorer on WINDOWS (91280b4c-adce-4b7c-8686-7bd65a239621)] -> name: GuMainIsFarming]->
2020/07/14 23:16:06:307 DEBUG com.sinosoft.test.base.TestBase:76 - Trying to find Element By : By.name: AppliGuRelatedPartyInsuredType
2020/07/14 23:16:06:470 DEBUG com.sinosoft.test.base.TestBase:80 - Found Element By : By.name: AppliGuRelatedPartyInsuredType
2020/07/14 23:16:06:470  INFO com.sinosoft.test.base.TestBase:96 - setSelectWithStartText:[[InternetExplorerDriver: internet explorer on WINDOWS (91280b4c-adce-4b7c-8686-7bd65a239621)] -> name: AppliGuRelatedPartyInsuredType]->2
2020/07/14 23:16:06:471 DEBUG com.sinosoft.test.base.TestBase:76 - Trying to find Element By : By.name: AppliGuRelatedPartyInsuredType
2020/07/14 23:16:06:607 DEBUG com.sinosoft.test.base.TestBase:80 - Found Element By : By.name: AppliGuRelatedPartyInsuredType
2020/07/14 23:16:06:650 DEBUG com.sinosoft.test.base.TestBase:76 - Trying to find Element By : By.name: AppliGuRelatedPartyInsuredType
2020/07/14 23:16:06:753 DEBUG com.sinosoft.test.base.TestBase:80 - Found Element By : By.name: AppliGuRelatedPartyInsuredType
2020/07/14 23:16:06:791 DEBUG com.sinosoft.test.base.TestBase:76 - Trying to find Element By : By.name: AppliGuRelatedPartyInsuredType
2020/07/14 23:16:06:970 DEBUG com.sinosoft.test.base.TestBase:80 - Found Element By : By.name: AppliGuRelatedPartyInsuredType
2020/07/14 23:16:06:971 DEBUG com.sinosoft.test.base.TestBase:76 - Trying to find Element By : By.tagName: option
2020/07/14 23:16:07:212 DEBUG com.sinosoft.test.base.TestBase:80 - Found Element By : By.tagName: option
2020/07/14 23:16:07:426  INFO com.sinosoft.test.base.TestBase:114 - 找到匹配【2】的选项：2-团体
2020/07/14 23:16:07:428 DEBUG com.sinosoft.test.base.TestBase:76 - Trying to find Element By : By.name: AppliGuRelatedPartyInsuredType
2020/07/14 23:16:07:521 DEBUG com.sinosoft.test.base.TestBase:80 - Found Element By : By.name: AppliGuRelatedPartyInsuredType
2020/07/14 23:16:07:522 DEBUG com.sinosoft.test.base.TestBase:76 - Trying to find Element By : By.xpath: .//option[normalize-space(.) = "2-团体"]
2020/07/14 23:16:07:649 DEBUG com.sinosoft.test.base.TestBase:80 - Found Element By : By.xpath: .//option[normalize-space(.) = "2-团体"]
2020/07/14 23:16:07:699 DEBUG com.sinosoft.test.base.TestBase:123 - setSelectWithStartText 结束！
2020/07/14 23:16:07:699 DEBUG com.sinosoft.test.base.TestBase:76 - Trying to find Element By : By.name: AppliGuRelatedPartyInsuredCode
2020/07/14 23:16:07:891 DEBUG com.sinosoft.test.base.TestBase:80 - Found Element By : By.name: AppliGuRelatedPartyInsuredCode
2020/07/14 23:16:07:891  INFO com.sinosoft.test.base.TestBase:388 - setEditboxTValue:[[InternetExplorerDriver: internet explorer on WINDOWS (91280b4c-adce-4b7c-8686-7bd65a239621)] -> name: AppliGuRelatedPartyInsuredCode]->G6200019984
2020/07/14 23:16:07:892 DEBUG com.sinosoft.test.base.TestBase:76 - Trying to find Element By : By.name: AppliGuRelatedPartyInsuredCode
2020/07/14 23:16:07:990 DEBUG com.sinosoft.test.base.TestBase:80 - Found Element By : By.name: AppliGuRelatedPartyInsuredCode
2020/07/14 23:16:08:454 DEBUG com.sinosoft.test.base.TestBase:76 - Trying to find Element By : By.name: AppliGuRelatedPartyInsuredCode
2020/07/14 23:16:08:563 DEBUG com.sinosoft.test.base.TestBase:80 - Found Element By : By.name: AppliGuRelatedPartyInsuredCode
2020/07/14 23:16:14:267 DEBUG com.sinosoft.test.base.TestBase:76 - Trying to find Element By : By.name: buttonSaveCustomer
2020/07/14 23:16:14:442 DEBUG com.sinosoft.test.base.TestBase:80 - Found Element By : By.name: buttonSaveCustomer
2020/07/14 23:16:14:446 DEBUG com.sinosoft.test.base.TestBase:42 - Trying to click on: [[InternetExplorerDriver: internet explorer on WINDOWS (91280b4c-adce-4b7c-8686-7bd65a239621)] -> name: buttonSaveCustomer]
2020/07/14 23:16:15:988 DEBUG com.sinosoft.test.base.TestBase:46 - Clicked on: [[InternetExplorerDriver: internet explorer on WINDOWS (91280b4c-adce-4b7c-8686-7bd65a239621)] -> name: buttonSaveCustomer]
2020/07/14 23:16:16:210  INFO com.sinosoft.test.base.TestBase:519 - 在保存客户时捕获了一个弹窗：客户已经保存，或不需要保存.
2020/07/14 23:16:16:430 DEBUG com.sinosoft.test.base.TestBase:218 - Alert的标题是：客户已经保存，或不需要保存.
2020/07/14 23:16:17:332 DEBUG com.sinosoft.test.base.TestBase:76 - Trying to find Element By : By.name: AppliGuRelatedPartyInsuredCode
2020/07/14 23:16:17:461 DEBUG com.sinosoft.test.base.TestBase:80 - Found Element By : By.name: AppliGuRelatedPartyInsuredCode
2020/07/14 23:16:17:560 DEBUG com.sinosoft.test.base.TestBase:76 - Trying to find Element By : By.id: saveButton
2020/07/14 23:16:17:699 DEBUG com.sinosoft.test.base.TestBase:80 - Found Element By : By.id: saveButton
2020/07/14 23:16:17:699 DEBUG com.sinosoft.test.base.TestBase:42 - Trying to click on: [[InternetExplorerDriver: internet explorer on WINDOWS (91280b4c-adce-4b7c-8686-7bd65a239621)] -> id: saveButton]
2020/07/14 23:16:23:350 DEBUG com.sinosoft.test.base.TestBase:46 - Clicked on: [[InternetExplorerDriver: internet explorer on WINDOWS (91280b4c-adce-4b7c-8686-7bd65a239621)] -> id: saveButton]
2020/07/14 23:16:23:351 DEBUG com.sinosoft.test.base.TestBase:88 - 截屏文件名字是：FCCB_TB_JCX_1保存基本信息
2020/07/14 23:16:23:531 DEBUG com.sinosoft.test.base.TestBase:69 - 初始化class com.sinosoft.test.fccp.tbcl.RiskDetail_TypePage
2020/07/14 23:16:29:489 DEBUG com.sinosoft.test.base.TestBase:76 - Trying to find Element By : By.name: GuRiskRiskApplyType
2020/07/14 23:16:29:571 DEBUG com.sinosoft.test.base.TestBase:80 - Found Element By : By.name: GuRiskRiskApplyType
2020/07/14 23:16:29:573 DEBUG com.sinosoft.test.base.TestBase:107 - 投保处理/险种信息
2020/07/14 23:16:32:572 DEBUG com.sinosoft.test.base.TestBase:76 - Trying to find Element By : By.id: RiskItem
2020/07/14 23:16:32:647 DEBUG com.sinosoft.test.base.TestBase:80 - Found Element By : By.id: RiskItem
2020/07/14 23:16:32:647 DEBUG com.sinosoft.test.base.TestBase:76 - Trying to find Element By : By.name: summarySubBusinessNo
2020/07/14 23:16:32:806 DEBUG com.sinosoft.test.base.TestBase:80 - Found Element By : By.name: summarySubBusinessNo
2020/07/14 23:16:32:886 DEBUG com.sinosoft.test.base.TestBase:113 - 投保单号：06201900101202000000000089
2020/07/14 23:16:32:887 DEBUG com.sinosoft.test.base.TestBase:121 - 保存投保单号完毕！
2020/07/14 23:16:38:554 DEBUG com.sinosoft.test.base.TestBase:123 - 返回工作区，准备下一步操作！
2020/07/14 23:16:38:555  INFO com.sinosoft.test.base.TestBase:125 - 开始处理风险类别信息
2020/07/14 23:16:38:555 DEBUG com.sinosoft.test.base.TestBase:76 - Trying to find Element By : By.name: GuRiskRiskApplyType
2020/07/14 23:16:38:638 DEBUG com.sinosoft.test.base.TestBase:80 - Found Element By : By.name: GuRiskRiskApplyType
2020/07/14 23:16:38:638  INFO com.sinosoft.test.base.TestBase:96 - setSelectWithStartText:[[InternetExplorerDriver: internet explorer on WINDOWS (91280b4c-adce-4b7c-8686-7bd65a239621)] -> name: GuRiskRiskApplyType]->1
2020/07/14 23:16:38:638 DEBUG com.sinosoft.test.base.TestBase:76 - Trying to find Element By : By.name: GuRiskRiskApplyType
2020/07/14 23:16:38:743 DEBUG com.sinosoft.test.base.TestBase:80 - Found Element By : By.name: GuRiskRiskApplyType
2020/07/14 23:16:38:772 DEBUG com.sinosoft.test.base.TestBase:76 - Trying to find Element By : By.name: GuRiskRiskApplyType
2020/07/14 23:16:38:854 DEBUG com.sinosoft.test.base.TestBase:80 - Found Element By : By.name: GuRiskRiskApplyType
2020/07/14 23:16:38:895 DEBUG com.sinosoft.test.base.TestBase:76 - Trying to find Element By : By.name: GuRiskRiskApplyType
2020/07/14 23:16:39:009 DEBUG com.sinosoft.test.base.TestBase:80 - Found Element By : By.name: GuRiskRiskApplyType
2020/07/14 23:16:39:009 DEBUG com.sinosoft.test.base.TestBase:76 - Trying to find Element By : By.tagName: option
2020/07/14 23:16:39:179 DEBUG com.sinosoft.test.base.TestBase:80 - Found Element By : By.tagName: option
2020/07/14 23:16:39:274  INFO com.sinosoft.test.base.TestBase:114 - 找到匹配【1】的选项：1-全国
2020/07/14 23:16:39:275 DEBUG com.sinosoft.test.base.TestBase:76 - Trying to find Element By : By.name: GuRiskRiskApplyType
2020/07/14 23:16:39:378 DEBUG com.sinosoft.test.base.TestBase:80 - Found Element By : By.name: GuRiskRiskApplyType
2020/07/14 23:16:39:379 DEBUG com.sinosoft.test.base.TestBase:76 - Trying to find Element By : By.xpath: .//option[normalize-space(.) = "1-全国"]
2020/07/14 23:16:39:487 DEBUG com.sinosoft.test.base.TestBase:80 - Found Element By : By.xpath: .//option[normalize-space(.) = "1-全国"]
2020/07/14 23:16:39:535 DEBUG com.sinosoft.test.base.TestBase:123 - setSelectWithStartText 结束！
2020/07/14 23:16:39:537 DEBUG com.sinosoft.test.base.TestBase:76 - Trying to find Element By : By.name: GuRiskCoinsInd
2020/07/14 23:16:39:688 DEBUG com.sinosoft.test.base.TestBase:80 - Found Element By : By.name: GuRiskCoinsInd
2020/07/14 23:16:39:689  INFO com.sinosoft.test.base.TestBase:96 - setSelectWithStartText:[[InternetExplorerDriver: internet explorer on WINDOWS (91280b4c-adce-4b7c-8686-7bd65a239621)] -> name: GuRiskCoinsInd]->1
2020/07/14 23:16:39:691 DEBUG com.sinosoft.test.base.TestBase:76 - Trying to find Element By : By.name: GuRiskCoinsInd
2020/07/14 23:16:39:810 DEBUG com.sinosoft.test.base.TestBase:80 - Found Element By : By.name: GuRiskCoinsInd
2020/07/14 23:16:39:846 DEBUG com.sinosoft.test.base.TestBase:76 - Trying to find Element By : By.name: GuRiskCoinsInd
2020/07/14 23:16:39:980 DEBUG com.sinosoft.test.base.TestBase:80 - Found Element By : By.name: GuRiskCoinsInd
2020/07/14 23:16:40:038 DEBUG com.sinosoft.test.base.TestBase:76 - Trying to find Element By : By.name: GuRiskCoinsInd
2020/07/14 23:16:40:190 DEBUG com.sinosoft.test.base.TestBase:80 - Found Element By : By.name: GuRiskCoinsInd
2020/07/14 23:16:40:190 DEBUG com.sinosoft.test.base.TestBase:76 - Trying to find Element By : By.tagName: option
2020/07/14 23:16:40:535 DEBUG com.sinosoft.test.base.TestBase:80 - Found Element By : By.tagName: option
2020/07/14 23:16:40:711  INFO com.sinosoft.test.base.TestBase:114 - 找到匹配【1】的选项：1-主共保
2020/07/14 23:16:40:711 DEBUG com.sinosoft.test.base.TestBase:76 - Trying to find Element By : By.name: GuRiskCoinsInd
2020/07/14 23:16:40:814 DEBUG com.sinosoft.test.base.TestBase:80 - Found Element By : By.name: GuRiskCoinsInd
2020/07/14 23:16:40:815 DEBUG com.sinosoft.test.base.TestBase:76 - Trying to find Element By : By.xpath: .//option[normalize-space(.) = "1-主共保"]
2020/07/14 23:16:40:936 DEBUG com.sinosoft.test.base.TestBase:80 - Found Element By : By.xpath: .//option[normalize-space(.) = "1-主共保"]
2020/07/14 23:16:40:986 DEBUG com.sinosoft.test.base.TestBase:42 - Trying to click on: [[[[InternetExplorerDriver: internet explorer on WINDOWS (91280b4c-adce-4b7c-8686-7bd65a239621)] -> name: GuRiskCoinsInd]] -> xpath: .//option[normalize-space(.) = "1-主共保"]]
2020/07/14 23:16:41:364 DEBUG com.sinosoft.test.base.TestBase:46 - Clicked on: [[[[InternetExplorerDriver: internet explorer on WINDOWS (91280b4c-adce-4b7c-8686-7bd65a239621)] -> name: GuRiskCoinsInd]] -> xpath: .//option[normalize-space(.) = "1-主共保"]]
2020/07/14 23:16:41:364 DEBUG com.sinosoft.test.base.TestBase:123 - setSelectWithStartText 结束！
2020/07/14 23:16:41:364 DEBUG com.sinosoft.test.base.TestBase:76 - Trying to find Element By : By.name: GuRiskBusinessFlag
2020/07/14 23:16:41:457 DEBUG com.sinosoft.test.base.TestBase:80 - Found Element By : By.name: GuRiskBusinessFlag
2020/07/14 23:16:41:458  INFO com.sinosoft.test.base.TestBase:96 - setSelectWithStartText:[[InternetExplorerDriver: internet explorer on WINDOWS (91280b4c-adce-4b7c-8686-7bd65a239621)] -> name: GuRiskBusinessFlag]->1
2020/07/14 23:16:41:458 DEBUG com.sinosoft.test.base.TestBase:76 - Trying to find Element By : By.name: GuRiskBusinessFlag
2020/07/14 23:16:41:564 DEBUG com.sinosoft.test.base.TestBase:80 - Found Element By : By.name: GuRiskBusinessFlag
2020/07/14 23:16:41:604 DEBUG com.sinosoft.test.base.TestBase:76 - Trying to find Element By : By.name: GuRiskBusinessFlag
2020/07/14 23:16:41:686 DEBUG com.sinosoft.test.base.TestBase:80 - Found Element By : By.name: GuRiskBusinessFlag
2020/07/14 23:16:41:725 DEBUG com.sinosoft.test.base.TestBase:76 - Trying to find Element By : By.name: GuRiskBusinessFlag
2020/07/14 23:16:41:852 DEBUG com.sinosoft.test.base.TestBase:80 - Found Element By : By.name: GuRiskBusinessFlag
2020/07/14 23:16:41:852 DEBUG com.sinosoft.test.base.TestBase:76 - Trying to find Element By : By.tagName: option
2020/07/14 23:16:42:034 DEBUG com.sinosoft.test.base.TestBase:80 - Found Element By : By.tagName: option
2020/07/14 23:16:42:224  INFO com.sinosoft.test.base.TestBase:114 - 找到匹配【1】的选项：1-是
2020/07/14 23:16:42:224 DEBUG com.sinosoft.test.base.TestBase:76 - Trying to find Element By : By.name: GuRiskBusinessFlag
2020/07/14 23:16:42:305 DEBUG com.sinosoft.test.base.TestBase:80 - Found Element By : By.name: GuRiskBusinessFlag
2020/07/14 23:16:42:305 DEBUG com.sinosoft.test.base.TestBase:76 - Trying to find Element By : By.xpath: .//option[normalize-space(.) = "1-是"]
2020/07/14 23:16:42:397 DEBUG com.sinosoft.test.base.TestBase:80 - Found Element By : By.xpath: .//option[normalize-space(.) = "1-是"]
2020/07/14 23:16:42:480 DEBUG com.sinosoft.test.base.TestBase:42 - Trying to click on: [[[[InternetExplorerDriver: internet explorer on WINDOWS (91280b4c-adce-4b7c-8686-7bd65a239621)] -> name: GuRiskBusinessFlag]] -> xpath: .//option[normalize-space(.) = "1-是"]]
2020/07/14 23:16:42:797 DEBUG com.sinosoft.test.base.TestBase:46 - Clicked on: [[[[InternetExplorerDriver: internet explorer on WINDOWS (91280b4c-adce-4b7c-8686-7bd65a239621)] -> name: GuRiskBusinessFlag]] -> xpath: .//option[normalize-space(.) = "1-是"]]
2020/07/14 23:16:42:798 DEBUG com.sinosoft.test.base.TestBase:123 - setSelectWithStartText 结束！
2020/07/14 23:16:42:800 DEBUG com.sinosoft.test.base.TestBase:76 - Trying to find Element By : By.name: GuRiskJudicalCode
2020/07/14 23:16:42:894 DEBUG com.sinosoft.test.base.TestBase:80 - Found Element By : By.name: GuRiskJudicalCode
2020/07/14 23:16:42:895  INFO com.sinosoft.test.base.TestBase:96 - setSelectWithStartText:[[InternetExplorerDriver: internet explorer on WINDOWS (91280b4c-adce-4b7c-8686-7bd65a239621)] -> name: GuRiskJudicalCode]->1
2020/07/14 23:16:42:895 DEBUG com.sinosoft.test.base.TestBase:76 - Trying to find Element By : By.name: GuRiskJudicalCode
2020/07/14 23:16:43:006 DEBUG com.sinosoft.test.base.TestBase:80 - Found Element By : By.name: GuRiskJudicalCode
2020/07/14 23:16:43:036 DEBUG com.sinosoft.test.base.TestBase:76 - Trying to find Element By : By.name: GuRiskJudicalCode
2020/07/14 23:16:43:117 DEBUG com.sinosoft.test.base.TestBase:80 - Found Element By : By.name: GuRiskJudicalCode
2020/07/14 23:16:43:177 DEBUG com.sinosoft.test.base.TestBase:76 - Trying to find Element By : By.name: GuRiskJudicalCode
2020/07/14 23:16:43:280 DEBUG com.sinosoft.test.base.TestBase:80 - Found Element By : By.name: GuRiskJudicalCode
2020/07/14 23:16:43:283 DEBUG com.sinosoft.test.base.TestBase:76 - Trying to find Element By : By.tagName: option
2020/07/14 23:16:43:694 DEBUG com.sinosoft.test.base.TestBase:80 - Found Element By : By.tagName: option
2020/07/14 23:16:43:786  INFO com.sinosoft.test.base.TestBase:114 - 找到匹配【1】的选项：1-中华人民共和国管辖(港澳台除外)
2020/07/14 23:16:43:787 DEBUG com.sinosoft.test.base.TestBase:76 - Trying to find Element By : By.name: GuRiskJudicalCode
2020/07/14 23:16:43:889 DEBUG com.sinosoft.test.base.TestBase:80 - Found Element By : By.name: GuRiskJudicalCode
2020/07/14 23:16:43:890 DEBUG com.sinosoft.test.base.TestBase:76 - Trying to find Element By : By.xpath: .//option[normalize-space(.) = "1-中华人民共和国管辖(港澳台除外)"]
2020/07/14 23:16:43:985 DEBUG com.sinosoft.test.base.TestBase:80 - Found Element By : By.xpath: .//option[normalize-space(.) = "1-中华人民共和国管辖(港澳台除外)"]
2020/07/14 23:16:44:020 DEBUG com.sinosoft.test.base.TestBase:123 - setSelectWithStartText 结束！
2020/07/14 23:16:44:020 DEBUG com.sinosoft.test.base.TestBase:76 - Trying to find Element By : By.xpath: //table[@id='InsuredRelatedParty']/tbody/tr[@id='InsuredGuRelatedPartyCorInsuredType']/td/select[@name='InsuredGuRelatedPartyStarLevel']
2020/07/14 23:16:44:123 DEBUG com.sinosoft.test.base.TestBase:80 - Found Element By : By.xpath: //table[@id='InsuredRelatedParty']/tbody/tr[@id='InsuredGuRelatedPartyCorInsuredType']/td/select[@name='InsuredGuRelatedPartyStarLevel']
2020/07/14 23:16:44:123  INFO com.sinosoft.test.base.TestBase:96 - setSelectWithStartText:[[InternetExplorerDriver: internet explorer on WINDOWS (91280b4c-adce-4b7c-8686-7bd65a239621)] -> xpath: //table[@id='InsuredRelatedParty']/tbody/tr[@id='InsuredGuRelatedPartyCorInsuredType']/td/select[@name='InsuredGuRelatedPartyStarLevel']]->0
2020/07/14 23:16:44:124 DEBUG com.sinosoft.test.base.TestBase:76 - Trying to find Element By : By.xpath: //table[@id='InsuredRelatedParty']/tbody/tr[@id='InsuredGuRelatedPartyCorInsuredType']/td/select[@name='InsuredGuRelatedPartyStarLevel']
2020/07/14 23:16:44:194 DEBUG com.sinosoft.test.base.TestBase:80 - Found Element By : By.xpath: //table[@id='InsuredRelatedParty']/tbody/tr[@id='InsuredGuRelatedPartyCorInsuredType']/td/select[@name='InsuredGuRelatedPartyStarLevel']
2020/07/14 23:16:44:236 DEBUG com.sinosoft.test.base.TestBase:76 - Trying to find Element By : By.xpath: //table[@id='InsuredRelatedParty']/tbody/tr[@id='InsuredGuRelatedPartyCorInsuredType']/td/select[@name='InsuredGuRelatedPartyStarLevel']
2020/07/14 23:16:44:306 DEBUG com.sinosoft.test.base.TestBase:80 - Found Element By : By.xpath: //table[@id='InsuredRelatedParty']/tbody/tr[@id='InsuredGuRelatedPartyCorInsuredType']/td/select[@name='InsuredGuRelatedPartyStarLevel']
2020/07/14 23:16:44:343 DEBUG com.sinosoft.test.base.TestBase:76 - Trying to find Element By : By.xpath: //table[@id='InsuredRelatedParty']/tbody/tr[@id='InsuredGuRelatedPartyCorInsuredType']/td/select[@name='InsuredGuRelatedPartyStarLevel']
2020/07/14 23:16:44:437 DEBUG com.sinosoft.test.base.TestBase:80 - Found Element By : By.xpath: //table[@id='InsuredRelatedParty']/tbody/tr[@id='InsuredGuRelatedPartyCorInsuredType']/td/select[@name='InsuredGuRelatedPartyStarLevel']
2020/07/14 23:16:44:438 DEBUG com.sinosoft.test.base.TestBase:76 - Trying to find Element By : By.tagName: option
2020/07/14 23:16:44:561 DEBUG com.sinosoft.test.base.TestBase:80 - Found Element By : By.tagName: option
2020/07/14 23:16:44:768  INFO com.sinosoft.test.base.TestBase:114 - 找到匹配【0】的选项：0-普通客户
2020/07/14 23:16:44:768 DEBUG com.sinosoft.test.base.TestBase:76 - Trying to find Element By : By.xpath: //table[@id='InsuredRelatedParty']/tbody/tr[@id='InsuredGuRelatedPartyCorInsuredType']/td/select[@name='InsuredGuRelatedPartyStarLevel']
2020/07/14 23:16:44:852 DEBUG com.sinosoft.test.base.TestBase:80 - Found Element By : By.xpath: //table[@id='InsuredRelatedParty']/tbody/tr[@id='InsuredGuRelatedPartyCorInsuredType']/td/select[@name='InsuredGuRelatedPartyStarLevel']
2020/07/14 23:16:44:854 DEBUG com.sinosoft.test.base.TestBase:76 - Trying to find Element By : By.xpath: .//option[normalize-space(.) = "0-普通客户"]
2020/07/14 23:16:44:956 DEBUG com.sinosoft.test.base.TestBase:80 - Found Element By : By.xpath: .//option[normalize-space(.) = "0-普通客户"]
2020/07/14 23:16:44:991 DEBUG com.sinosoft.test.base.TestBase:42 - Trying to click on: [[[[InternetExplorerDriver: internet explorer on WINDOWS (91280b4c-adce-4b7c-8686-7bd65a239621)] -> xpath: //table[@id='InsuredRelatedParty']/tbody/tr[@id='InsuredGuRelatedPartyCorInsuredType']/td/select[@name='InsuredGuRelatedPartyStarLevel']]] -> xpath: .//option[normalize-space(.) = "0-普通客户"]]
2020/07/14 23:16:45:349 DEBUG com.sinosoft.test.base.TestBase:46 - Clicked on: [[[[InternetExplorerDriver: internet explorer on WINDOWS (91280b4c-adce-4b7c-8686-7bd65a239621)] -> xpath: //table[@id='InsuredRelatedParty']/tbody/tr[@id='InsuredGuRelatedPartyCorInsuredType']/td/select[@name='InsuredGuRelatedPartyStarLevel']]] -> xpath: .//option[normalize-space(.) = "0-普通客户"]]
2020/07/14 23:16:45:349 DEBUG com.sinosoft.test.base.TestBase:123 - setSelectWithStartText 结束！
2020/07/14 23:16:45:350 DEBUG com.sinosoft.test.base.TestBase:76 - Trying to find Element By : By.xpath: //table[@id='InsuredRelatedParty']/tbody/tr[@id='InsuredGuRelatedPartyVocation']/td/input[@name='InsuredGuRelatedPartyIndustryMainCode']
2020/07/14 23:16:45:435 DEBUG com.sinosoft.test.base.TestBase:80 - Found Element By : By.xpath: //table[@id='InsuredRelatedParty']/tbody/tr[@id='InsuredGuRelatedPartyVocation']/td/input[@name='InsuredGuRelatedPartyIndustryMainCode']
2020/07/14 23:16:45:474 DEBUG com.sinosoft.test.base.TestBase:76 - Trying to find Element By : By.xpath: //table[@id='InsuredRelatedParty']/tbody/tr[@id='InsuredGuRelatedPartyVocation']/td/input[@name='InsuredGuRelatedPartyIndustryMainCode']
2020/07/14 23:16:45:582 DEBUG com.sinosoft.test.base.TestBase:80 - Found Element By : By.xpath: //table[@id='InsuredRelatedParty']/tbody/tr[@id='InsuredGuRelatedPartyVocation']/td/input[@name='InsuredGuRelatedPartyIndustryMainCode']
2020/07/14 23:16:45:583 DEBUG com.sinosoft.test.base.TestBase:42 - CodeSelect:开始设置[[InternetExplorerDriver: internet explorer on WINDOWS (91280b4c-adce-4b7c-8686-7bd65a239621)] -> xpath: //table[@id='InsuredRelatedParty']/tbody/tr[@id='InsuredGuRelatedPartyVocation']/td/input[@name='InsuredGuRelatedPartyIndustryMainCode']] & Code=12
2020/07/14 23:16:45:585 DEBUG com.sinosoft.test.base.TestBase:76 - Trying to find Element By : By.xpath: //table[@id='InsuredRelatedParty']/tbody/tr[@id='InsuredGuRelatedPartyVocation']/td/input[@name='InsuredGuRelatedPartyIndustryMainCode']
2020/07/14 23:16:45:659 DEBUG com.sinosoft.test.base.TestBase:80 - Found Element By : By.xpath: //table[@id='InsuredRelatedParty']/tbody/tr[@id='InsuredGuRelatedPartyVocation']/td/input[@name='InsuredGuRelatedPartyIndustryMainCode']
2020/07/14 23:16:47:306 DEBUG com.sinosoft.test.base.TestBase:272 - 系统窗口【黄河财险业务系统】with handle -375883dd-3618-4e9e-96e7-a964f2a3ce2c
2020/07/14 23:16:48:012 DEBUG com.sinosoft.test.base.TestBase:272 - 系统窗口【黄河财险业务系统】with handle -375883dd-3618-4e9e-96e7-a964f2a3ce2c
2020/07/14 23:16:48:679 DEBUG com.sinosoft.test.base.TestBase:272 - 系统窗口【Code Select】with handle -2acec360-29fa-48bc-b8eb-aeb78921ae33
2020/07/14 23:16:49:209 DEBUG com.sinosoft.test.base.TestBase:69 - 初始化class com.sinosoft.test.fccp.common.CodeSelectPage
2020/07/14 23:16:49:214 DEBUG com.sinosoft.test.base.TestBase:39 - 基础码表选择！
2020/07/14 23:16:49:215 DEBUG com.sinosoft.test.base.TestBase:76 - Trying to find Element By : By.name: fieldValue
2020/07/14 23:16:49:536 DEBUG com.sinosoft.test.base.TestBase:80 - Found Element By : By.name: fieldValue
2020/07/14 23:16:49:536  INFO com.sinosoft.test.base.TestBase:360 - setEditboxValue:[[InternetExplorerDriver: internet explorer on WINDOWS (91280b4c-adce-4b7c-8686-7bd65a239621)] -> name: fieldValue]：12
2020/07/14 23:16:50:993  INFO com.sinosoft.test.base.TestBase:363 - setEditboxValue—End:[[InternetExplorerDriver: internet explorer on WINDOWS (91280b4c-adce-4b7c-8686-7bd65a239621)] -> name: fieldValue]：12
2020/07/14 23:16:50:995 DEBUG com.sinosoft.test.base.TestBase:76 - Trying to find Element By : By.xpath: //input[@value='查询(Q)']
2020/07/14 23:16:51:328 DEBUG com.sinosoft.test.base.TestBase:80 - Found Element By : By.xpath: //input[@value='查询(Q)']
2020/07/14 23:16:51:329  INFO com.sinosoft.test.base.TestBase:402 - clickButton:[[InternetExplorerDriver: internet explorer on WINDOWS (91280b4c-adce-4b7c-8686-7bd65a239621)] -> xpath: //input[@value='查询(Q)']]
2020/07/14 23:16:51:329 DEBUG com.sinosoft.test.base.TestBase:42 - Trying to click on: [[InternetExplorerDriver: internet explorer on WINDOWS (91280b4c-adce-4b7c-8686-7bd65a239621)] -> xpath: //input[@value='查询(Q)']]
2020/07/14 23:16:52:982 DEBUG com.sinosoft.test.base.TestBase:46 - Clicked on: [[InternetExplorerDriver: internet explorer on WINDOWS (91280b4c-adce-4b7c-8686-7bd65a239621)] -> xpath: //input[@value='查询(Q)']]
2020/07/14 23:16:52:983 DEBUG com.sinosoft.test.base.TestBase:76 - Trying to find Element By : By.name: codeselect
2020/07/14 23:16:53:294 DEBUG com.sinosoft.test.base.TestBase:80 - Found Element By : By.name: codeselect
2020/07/14 23:16:53:295  INFO com.sinosoft.test.base.TestBase:132 - setFuzzySelect:[[InternetExplorerDriver: internet explorer on WINDOWS (91280b4c-adce-4b7c-8686-7bd65a239621)] -> name: codeselect]->12
2020/07/14 23:16:53:867 DEBUG com.sinosoft.test.base.TestBase:76 - Trying to find Element By : By.tagName: option
2020/07/14 23:16:54:204 DEBUG com.sinosoft.test.base.TestBase:80 - Found Element By : By.tagName: option
2020/07/14 23:16:54:520  INFO com.sinosoft.test.base.TestBase:142 - 找到匹配【12】的选项：12--社会团体,机关,事业单位
2020/07/14 23:16:54:520 DEBUG com.sinosoft.test.base.TestBase:76 - Trying to find Element By : By.xpath: .//option[normalize-space(.) = "12--社会团体,机关,事业单位"]
2020/07/14 23:16:54:846 DEBUG com.sinosoft.test.base.TestBase:80 - Found Element By : By.xpath: .//option[normalize-space(.) = "12--社会团体,机关,事业单位"]
2020/07/14 23:16:55:166 DEBUG com.sinosoft.test.base.TestBase:42 - Trying to click on: [[[[InternetExplorerDriver: internet explorer on WINDOWS (91280b4c-adce-4b7c-8686-7bd65a239621)] -> name: codeselect]] -> xpath: .//option[normalize-space(.) = "12--社会团体,机关,事业单位"]]
2020/07/14 23:16:55:678 DEBUG com.sinosoft.test.base.TestBase:46 - Clicked on: [[[[InternetExplorerDriver: internet explorer on WINDOWS (91280b4c-adce-4b7c-8686-7bd65a239621)] -> name: codeselect]] -> xpath: .//option[normalize-space(.) = "12--社会团体,机关,事业单位"]]
2020/07/14 23:16:55:679 DEBUG com.sinosoft.test.base.TestBase:151 - setFuzzySelect 结束！
2020/07/14 23:16:55:679 DEBUG com.sinosoft.test.base.TestBase:76 - Trying to find Element By : By.name: SelectIt
2020/07/14 23:16:55:985 DEBUG com.sinosoft.test.base.TestBase:80 - Found Element By : By.name: SelectIt
2020/07/14 23:16:55:986  INFO com.sinosoft.test.base.TestBase:416 - jsClickButton:[[InternetExplorerDriver: internet explorer on WINDOWS (91280b4c-adce-4b7c-8686-7bd65a239621)] -> name: SelectIt]
2020/07/14 23:16:55:986  INFO com.sinosoft.test.base.TestBase:144 - RunJavaScript:[[InternetExplorerDriver: internet explorer on WINDOWS (91280b4c-adce-4b7c-8686-7bd65a239621)] -> name: SelectIt]	arguments[0].click();
2020/07/14 23:16:56:870 DEBUG com.sinosoft.test.base.TestBase:272 - 系统窗口【黄河财险业务系统】with handle -375883dd-3618-4e9e-96e7-a964f2a3ce2c
2020/07/14 23:17:02:311 DEBUG com.sinosoft.test.base.TestBase:76 - Trying to find Element By : By.xpath: //table[@id='InsuredRelatedParty']/tbody/tr[@id='InsuredGuRelatedPartyVocation']/td/input[@name='InsuredGuRelatedPartyIndustryMainCode']
2020/07/14 23:17:02:403 DEBUG com.sinosoft.test.base.TestBase:80 - Found Element By : By.xpath: //table[@id='InsuredRelatedParty']/tbody/tr[@id='InsuredGuRelatedPartyVocation']/td/input[@name='InsuredGuRelatedPartyIndustryMainCode']
2020/07/14 23:17:02:403 DEBUG com.sinosoft.test.base.TestBase:49 - CodeSelect:设置完毕[[InternetExplorerDriver: internet explorer on WINDOWS (91280b4c-adce-4b7c-8686-7bd65a239621)] -> xpath: //table[@id='InsuredRelatedParty']/tbody/tr[@id='InsuredGuRelatedPartyVocation']/td/input[@name='InsuredGuRelatedPartyIndustryMainCode']] & Code=12
2020/07/14 23:17:02:404 DEBUG com.sinosoft.test.base.TestBase:76 - Trying to find Element By : By.xpath: //table[@id='InsuredRelatedParty']/tbody/tr[@id='InsuredGuRelatedPartyVocation']/td/input[@name='InsuredGuRelatedPartyIndustryKindCode']
2020/07/14 23:17:02:509 DEBUG com.sinosoft.test.base.TestBase:80 - Found Element By : By.xpath: //table[@id='InsuredRelatedParty']/tbody/tr[@id='InsuredGuRelatedPartyVocation']/td/input[@name='InsuredGuRelatedPartyIndustryKindCode']
2020/07/14 23:17:02:570 DEBUG com.sinosoft.test.base.TestBase:76 - Trying to find Element By : By.xpath: //table[@id='InsuredRelatedParty']/tbody/tr[@id='InsuredGuRelatedPartyVocation']/td/input[@name='InsuredGuRelatedPartyIndustryKindCode']
2020/07/14 23:17:02:695 DEBUG com.sinosoft.test.base.TestBase:80 - Found Element By : By.xpath: //table[@id='InsuredRelatedParty']/tbody/tr[@id='InsuredGuRelatedPartyVocation']/td/input[@name='InsuredGuRelatedPartyIndustryKindCode']
2020/07/14 23:17:02:696 DEBUG com.sinosoft.test.base.TestBase:63 - SetCodeEditBox:开始设置:[[InternetExplorerDriver: internet explorer on WINDOWS (91280b4c-adce-4b7c-8686-7bd65a239621)] -> xpath: //table[@id='InsuredRelatedParty']/tbody/tr[@id='InsuredGuRelatedPartyVocation']/td/input[@name='InsuredGuRelatedPartyIndustryKindCode']] & Code=12006
2020/07/14 23:17:02:696 DEBUG com.sinosoft.test.base.TestBase:76 - Trying to find Element By : By.xpath: //table[@id='InsuredRelatedParty']/tbody/tr[@id='InsuredGuRelatedPartyVocation']/td/input[@name='InsuredGuRelatedPartyIndustryKindCode']
2020/07/14 23:17:02:792 DEBUG com.sinosoft.test.base.TestBase:80 - Found Element By : By.xpath: //table[@id='InsuredRelatedParty']/tbody/tr[@id='InsuredGuRelatedPartyVocation']/td/input[@name='InsuredGuRelatedPartyIndustryKindCode']
2020/07/14 23:17:03:247 DEBUG com.sinosoft.test.base.TestBase:76 - Trying to find Element By : By.xpath: //table[@id='InsuredRelatedParty']/tbody/tr[@id='InsuredGuRelatedPartyVocation']/td/input[@name='InsuredGuRelatedPartyIndustryKindCode']
2020/07/14 23:17:03:350 DEBUG com.sinosoft.test.base.TestBase:80 - Found Element By : By.xpath: //table[@id='InsuredRelatedParty']/tbody/tr[@id='InsuredGuRelatedPartyVocation']/td/input[@name='InsuredGuRelatedPartyIndustryKindCode']
2020/07/14 23:17:04:256 DEBUG com.sinosoft.test.base.TestBase:76 - Trying to find Element By : By.xpath: //table[@id='InsuredRelatedParty']/tbody/tr[@id='InsuredGuRelatedPartyVocation']/td/input[@name='InsuredGuRelatedPartyIndustryKindCode']
2020/07/14 23:17:04:350 DEBUG com.sinosoft.test.base.TestBase:80 - Found Element By : By.xpath: //table[@id='InsuredRelatedParty']/tbody/tr[@id='InsuredGuRelatedPartyVocation']/td/input[@name='InsuredGuRelatedPartyIndustryKindCode']
2020/07/14 23:17:04:350 DEBUG com.sinosoft.test.base.TestBase:76 - Trying to find Element By : By.xpath: ../input[last()]
2020/07/14 23:17:04:456 DEBUG com.sinosoft.test.base.TestBase:80 - Found Element By : By.xpath: ../input[last()]
2020/07/14 23:17:04:675  INFO com.sinosoft.test.base.TestBase:71 - SetCodeEditBox:找到了Code对应的文本显示框并点击触发显示:InsuredGuRelatedPartyIndustryKindCName
2020/07/14 23:17:04:675 DEBUG com.sinosoft.test.base.TestBase:42 - Trying to click on: [[[[InternetExplorerDriver: internet explorer on WINDOWS (91280b4c-adce-4b7c-8686-7bd65a239621)] -> xpath: //table[@id='InsuredRelatedParty']/tbody/tr[@id='InsuredGuRelatedPartyVocation']/td/input[@name='InsuredGuRelatedPartyIndustryKindCode']]] -> xpath: ../input[last()]]
2020/07/14 23:17:06:141 DEBUG com.sinosoft.test.base.TestBase:46 - Clicked on: [[[[InternetExplorerDriver: internet explorer on WINDOWS (91280b4c-adce-4b7c-8686-7bd65a239621)] -> xpath: //table[@id='InsuredRelatedParty']/tbody/tr[@id='InsuredGuRelatedPartyVocation']/td/input[@name='InsuredGuRelatedPartyIndustryKindCode']]] -> xpath: ../input[last()]]
2020/07/14 23:17:06:341 DEBUG com.sinosoft.test.base.TestBase:76 - Trying to find Element By : By.xpath: //table[@id='InsuredRelatedParty']/tbody/tr[@id='InsuredGuRelatedPartyVocation']/td/input[@name='InsuredGuRelatedPartyIndustryKindCode']
2020/07/14 23:17:06:437 DEBUG com.sinosoft.test.base.TestBase:80 - Found Element By : By.xpath: //table[@id='InsuredRelatedParty']/tbody/tr[@id='InsuredGuRelatedPartyVocation']/td/input[@name='InsuredGuRelatedPartyIndustryKindCode']
2020/07/14 23:17:06:438 DEBUG com.sinosoft.test.base.TestBase:87 - SetCodeEditBox:设置完毕[[InternetExplorerDriver: internet explorer on WINDOWS (91280b4c-adce-4b7c-8686-7bd65a239621)] -> xpath: //table[@id='InsuredRelatedParty']/tbody/tr[@id='InsuredGuRelatedPartyVocation']/td/input[@name='InsuredGuRelatedPartyIndustryKindCode']],设置值 Code=12006
2020/07/14 23:17:06:438  INFO com.sinosoft.test.base.TestBase:157 - 保存险种基本信息
2020/07/14 23:17:06:438 DEBUG com.sinosoft.test.base.TestBase:76 - Trying to find Element By : By.id: saveButton
2020/07/14 23:17:06:609 DEBUG com.sinosoft.test.base.TestBase:80 - Found Element By : By.id: saveButton
2020/07/14 23:17:06:610  INFO com.sinosoft.test.base.TestBase:416 - jsClickButton:[[InternetExplorerDriver: internet explorer on WINDOWS (91280b4c-adce-4b7c-8686-7bd65a239621)] -> id: saveButton]
2020/07/14 23:17:06:610 DEBUG com.sinosoft.test.base.TestBase:76 - Trying to find Element By : By.id: saveButton
2020/07/14 23:17:06:750 DEBUG com.sinosoft.test.base.TestBase:80 - Found Element By : By.id: saveButton
2020/07/14 23:17:06:752  INFO com.sinosoft.test.base.TestBase:144 - RunJavaScript:[[InternetExplorerDriver: internet explorer on WINDOWS (91280b4c-adce-4b7c-8686-7bd65a239621)] -> id: saveButton]	arguments[0].click();
2020/07/14 23:17:06:753 DEBUG com.sinosoft.test.base.TestBase:76 - Trying to find Element By : By.id: saveButton
2020/07/14 23:17:06:835 DEBUG com.sinosoft.test.base.TestBase:80 - Found Element By : By.id: saveButton
2020/07/14 23:17:08:151 DEBUG com.sinosoft.test.base.TestBase:69 - 初始化class com.sinosoft.test.fccp.tbcl.RiskDetail_insuredObjPage
2020/07/14 23:17:14:419 DEBUG com.sinosoft.test.base.TestBase:76 - Trying to find Element By : By.id: ItemPropertyDetail
2020/07/14 23:17:14:541 DEBUG com.sinosoft.test.base.TestBase:80 - Found Element By : By.id: ItemPropertyDetail
2020/07/14 23:17:14:543 DEBUG com.sinosoft.test.base.TestBase:213 - 进入保险标的信息页面对象！
2020/07/14 23:17:14:543  INFO com.sinosoft.test.base.TestBase:222 - 开始录入标的物信息！
2020/07/14 23:17:14:549 DEBUG com.sinosoft.test.base.TestBase:69 - 初始化class com.sinosoft.test.fccp.tbcl.InsuredObjectInfoPage_0101
2020/07/14 23:17:14:550 DEBUG com.sinosoft.test.base.TestBase:76 - Trying to find Element By : By.name: GuItemPropertyBlockCode
2020/07/14 23:17:14:679 DEBUG com.sinosoft.test.base.TestBase:80 - Found Element By : By.name: GuItemPropertyBlockCode
2020/07/14 23:17:14:680  INFO com.sinosoft.test.base.TestBase:30 - 开始录入标的物信息！
2020/07/14 23:17:14:680 DEBUG com.sinosoft.test.base.TestBase:76 - Trying to find Element By : By.name: GuItemPropertyBlockCode
2020/07/14 23:17:14:796 DEBUG com.sinosoft.test.base.TestBase:80 - Found Element By : By.name: GuItemPropertyBlockCode
2020/07/14 23:17:14:796  INFO com.sinosoft.test.base.TestBase:388 - setEditboxTValue:[[InternetExplorerDriver: internet explorer on WINDOWS (91280b4c-adce-4b7c-8686-7bd65a239621)] -> name: GuItemPropertyBlockCode]->121121123123
2020/07/14 23:17:14:796 DEBUG com.sinosoft.test.base.TestBase:76 - Trying to find Element By : By.name: GuItemPropertyBlockCode
2020/07/14 23:17:14:912 DEBUG com.sinosoft.test.base.TestBase:80 - Found Element By : By.name: GuItemPropertyBlockCode
2020/07/14 23:17:15:291 DEBUG com.sinosoft.test.base.TestBase:76 - Trying to find Element By : By.name: GuItemPropertyBlockCode
2020/07/14 23:17:15:441 DEBUG com.sinosoft.test.base.TestBase:80 - Found Element By : By.name: GuItemPropertyBlockCode
2020/07/14 23:17:21:161 DEBUG com.sinosoft.test.base.TestBase:76 - Trying to find Element By : By.name: GuItemPropertyCurrency
2020/07/14 23:17:21:315 DEBUG com.sinosoft.test.base.TestBase:80 - Found Element By : By.name: GuItemPropertyCurrency
2020/07/14 23:17:21:359 DEBUG com.sinosoft.test.base.TestBase:76 - Trying to find Element By : By.name: GuItemPropertyItemProvinceCode
2020/07/14 23:17:21:497 DEBUG com.sinosoft.test.base.TestBase:80 - Found Element By : By.name: GuItemPropertyItemProvinceCode
2020/07/14 23:17:21:590 DEBUG com.sinosoft.test.base.TestBase:76 - Trying to find Element By : By.name: GuItemPropertyItemProvinceCode
2020/07/14 23:17:21:718 DEBUG com.sinosoft.test.base.TestBase:80 - Found Element By : By.name: GuItemPropertyItemProvinceCode
2020/07/14 23:17:21:719 DEBUG com.sinosoft.test.base.TestBase:63 - SetCodeEditBox:开始设置:[[InternetExplorerDriver: internet explorer on WINDOWS (91280b4c-adce-4b7c-8686-7bd65a239621)] -> name: GuItemPropertyItemProvinceCode] & Code=130000
2020/07/14 23:17:21:720 DEBUG com.sinosoft.test.base.TestBase:76 - Trying to find Element By : By.name: GuItemPropertyItemProvinceCode
2020/07/14 23:17:21:836 DEBUG com.sinosoft.test.base.TestBase:80 - Found Element By : By.name: GuItemPropertyItemProvinceCode
2020/07/14 23:17:22:214 DEBUG com.sinosoft.test.base.TestBase:76 - Trying to find Element By : By.name: GuItemPropertyItemProvinceCode
2020/07/14 23:17:22:310 DEBUG com.sinosoft.test.base.TestBase:80 - Found Element By : By.name: GuItemPropertyItemProvinceCode
2020/07/14 23:17:23:227 DEBUG com.sinosoft.test.base.TestBase:76 - Trying to find Element By : By.name: GuItemPropertyItemProvinceCode
2020/07/14 23:17:23:357 DEBUG com.sinosoft.test.base.TestBase:80 - Found Element By : By.name: GuItemPropertyItemProvinceCode
2020/07/14 23:17:23:357 DEBUG com.sinosoft.test.base.TestBase:76 - Trying to find Element By : By.xpath: ../input[last()]
2020/07/14 23:17:23:439 DEBUG com.sinosoft.test.base.TestBase:80 - Found Element By : By.xpath: ../input[last()]
2020/07/14 23:17:23:619  INFO com.sinosoft.test.base.TestBase:71 - SetCodeEditBox:找到了Code对应的文本显示框并点击触发显示:GuItemPropertyItemProvinceCName
2020/07/14 23:17:23:619 DEBUG com.sinosoft.test.base.TestBase:42 - Trying to click on: [[[[InternetExplorerDriver: internet explorer on WINDOWS (91280b4c-adce-4b7c-8686-7bd65a239621)] -> name: GuItemPropertyItemProvinceCode]] -> xpath: ../input[last()]]
2020/07/14 23:17:24:956 DEBUG com.sinosoft.test.base.TestBase:46 - Clicked on: [[[[InternetExplorerDriver: internet explorer on WINDOWS (91280b4c-adce-4b7c-8686-7bd65a239621)] -> name: GuItemPropertyItemProvinceCode]] -> xpath: ../input[last()]]
2020/07/14 23:17:25:157 DEBUG com.sinosoft.test.base.TestBase:76 - Trying to find Element By : By.name: GuItemPropertyItemProvinceCode
2020/07/14 23:17:25:285 DEBUG com.sinosoft.test.base.TestBase:80 - Found Element By : By.name: GuItemPropertyItemProvinceCode
2020/07/14 23:17:25:286 DEBUG com.sinosoft.test.base.TestBase:87 - SetCodeEditBox:设置完毕[[InternetExplorerDriver: internet explorer on WINDOWS (91280b4c-adce-4b7c-8686-7bd65a239621)] -> name: GuItemPropertyItemProvinceCode],设置值 Code=130000
2020/07/14 23:17:25:286 DEBUG com.sinosoft.test.base.TestBase:76 - Trying to find Element By : By.name: GuItemPropertyItemCityCode
2020/07/14 23:17:25:421 DEBUG com.sinosoft.test.base.TestBase:80 - Found Element By : By.name: GuItemPropertyItemCityCode
2020/07/14 23:17:25:460 DEBUG com.sinosoft.test.base.TestBase:76 - Trying to find Element By : By.name: GuItemPropertyItemCityCode
2020/07/14 23:17:25:577 DEBUG com.sinosoft.test.base.TestBase:80 - Found Element By : By.name: GuItemPropertyItemCityCode
2020/07/14 23:17:25:579 DEBUG com.sinosoft.test.base.TestBase:63 - SetCodeEditBox:开始设置:[[InternetExplorerDriver: internet explorer on WINDOWS (91280b4c-adce-4b7c-8686-7bd65a239621)] -> name: GuItemPropertyItemCityCode] & Code=130300
2020/07/14 23:17:25:580 DEBUG com.sinosoft.test.base.TestBase:76 - Trying to find Element By : By.name: GuItemPropertyItemCityCode
2020/07/14 23:17:25:700 DEBUG com.sinosoft.test.base.TestBase:80 - Found Element By : By.name: GuItemPropertyItemCityCode
2020/07/14 23:17:26:107 DEBUG com.sinosoft.test.base.TestBase:76 - Trying to find Element By : By.name: GuItemPropertyItemCityCode
2020/07/14 23:17:26:205 DEBUG com.sinosoft.test.base.TestBase:80 - Found Element By : By.name: GuItemPropertyItemCityCode
2020/07/14 23:17:27:117 DEBUG com.sinosoft.test.base.TestBase:76 - Trying to find Element By : By.name: GuItemPropertyItemCityCode
2020/07/14 23:17:27:280 DEBUG com.sinosoft.test.base.TestBase:80 - Found Element By : By.name: GuItemPropertyItemCityCode
2020/07/14 23:17:27:281 DEBUG com.sinosoft.test.base.TestBase:76 - Trying to find Element By : By.xpath: ../input[last()]
2020/07/14 23:17:27:368 DEBUG com.sinosoft.test.base.TestBase:80 - Found Element By : By.xpath: ../input[last()]
2020/07/14 23:17:27:549  INFO com.sinosoft.test.base.TestBase:71 - SetCodeEditBox:找到了Code对应的文本显示框并点击触发显示:GuItemPropertyItemCityCName
2020/07/14 23:17:27:549 DEBUG com.sinosoft.test.base.TestBase:42 - Trying to click on: [[[[InternetExplorerDriver: internet explorer on WINDOWS (91280b4c-adce-4b7c-8686-7bd65a239621)] -> name: GuItemPropertyItemCityCode]] -> xpath: ../input[last()]]
2020/07/14 23:17:28:945 DEBUG com.sinosoft.test.base.TestBase:46 - Clicked on: [[[[InternetExplorerDriver: internet explorer on WINDOWS (91280b4c-adce-4b7c-8686-7bd65a239621)] -> name: GuItemPropertyItemCityCode]] -> xpath: ../input[last()]]
2020/07/14 23:17:29:146 DEBUG com.sinosoft.test.base.TestBase:76 - Trying to find Element By : By.name: GuItemPropertyItemCityCode
2020/07/14 23:17:29:285 DEBUG com.sinosoft.test.base.TestBase:80 - Found Element By : By.name: GuItemPropertyItemCityCode
2020/07/14 23:17:29:285 DEBUG com.sinosoft.test.base.TestBase:87 - SetCodeEditBox:设置完毕[[InternetExplorerDriver: internet explorer on WINDOWS (91280b4c-adce-4b7c-8686-7bd65a239621)] -> name: GuItemPropertyItemCityCode],设置值 Code=130300
2020/07/14 23:17:29:285 DEBUG com.sinosoft.test.base.TestBase:76 - Trying to find Element By : By.name: GuItemPropertyItemPostalCode
2020/07/14 23:17:29:414 DEBUG com.sinosoft.test.base.TestBase:80 - Found Element By : By.name: GuItemPropertyItemPostalCode
2020/07/14 23:17:29:415  INFO com.sinosoft.test.base.TestBase:360 - setEditboxValue:[[InternetExplorerDriver: internet explorer on WINDOWS (91280b4c-adce-4b7c-8686-7bd65a239621)] -> name: GuItemPropertyItemPostalCode]：065201
2020/07/14 23:17:29:417 DEBUG com.sinosoft.test.base.TestBase:76 - Trying to find Element By : By.name: GuItemPropertyItemPostalCode
2020/07/14 23:17:29:546 DEBUG com.sinosoft.test.base.TestBase:80 - Found Element By : By.name: GuItemPropertyItemPostalCode
2020/07/14 23:17:29:922 DEBUG com.sinosoft.test.base.TestBase:76 - Trying to find Element By : By.name: GuItemPropertyItemPostalCode
2020/07/14 23:17:30:049 DEBUG com.sinosoft.test.base.TestBase:80 - Found Element By : By.name: GuItemPropertyItemPostalCode
2020/07/14 23:17:30:692 DEBUG com.sinosoft.test.base.TestBase:76 - Trying to find Element By : By.name: GuItemPropertyItemPostalCode
2020/07/14 23:17:30:801 DEBUG com.sinosoft.test.base.TestBase:80 - Found Element By : By.name: GuItemPropertyItemPostalCode
2020/07/14 23:17:30:801  INFO com.sinosoft.test.base.TestBase:363 - setEditboxValue—End:[[InternetExplorerDriver: internet explorer on WINDOWS (91280b4c-adce-4b7c-8686-7bd65a239621)] -> name: GuItemPropertyItemPostalCode]：065201
2020/07/14 23:17:30:802 DEBUG com.sinosoft.test.base.TestBase:76 - Trying to find Element By : By.name: GuItemPropertyConstruction
2020/07/14 23:17:30:917 DEBUG com.sinosoft.test.base.TestBase:80 - Found Element By : By.name: GuItemPropertyConstruction
2020/07/14 23:17:30:972 DEBUG com.sinosoft.test.base.TestBase:76 - Trying to find Element By : By.name: GuItemPropertySituation
2020/07/14 23:17:31:130 DEBUG com.sinosoft.test.base.TestBase:80 - Found Element By : By.name: GuItemPropertySituation
2020/07/14 23:17:31:130  INFO com.sinosoft.test.base.TestBase:360 - setEditboxValue:[[InternetExplorerDriver: internet explorer on WINDOWS (91280b4c-adce-4b7c-8686-7bd65a239621)] -> name: GuItemPropertySituation]：北戴河公园
2020/07/14 23:17:31:130 DEBUG com.sinosoft.test.base.TestBase:76 - Trying to find Element By : By.name: GuItemPropertySituation
2020/07/14 23:17:31:212 DEBUG com.sinosoft.test.base.TestBase:80 - Found Element By : By.name: GuItemPropertySituation
2020/07/14 23:17:31:633 DEBUG com.sinosoft.test.base.TestBase:76 - Trying to find Element By : By.name: GuItemPropertySituation
2020/07/14 23:17:31:748 DEBUG com.sinosoft.test.base.TestBase:80 - Found Element By : By.name: GuItemPropertySituation
2020/07/14 23:17:32:396 DEBUG com.sinosoft.test.base.TestBase:76 - Trying to find Element By : By.name: GuItemPropertySituation
2020/07/14 23:17:32:488 DEBUG com.sinosoft.test.base.TestBase:80 - Found Element By : By.name: GuItemPropertySituation
2020/07/14 23:17:32:489  INFO com.sinosoft.test.base.TestBase:363 - setEditboxValue—End:[[InternetExplorerDriver: internet explorer on WINDOWS (91280b4c-adce-4b7c-8686-7bd65a239621)] -> name: GuItemPropertySituation]：北戴河公园
2020/07/14 23:17:32:491 DEBUG com.sinosoft.test.base.TestBase:232 - 开始录入险种明细信息
2020/07/14 23:17:32:492 DEBUG com.sinosoft.test.base.TestBase:76 - Trying to find Element By : By.id: ItemPropertyDetail
2020/07/14 23:17:32:578 DEBUG com.sinosoft.test.base.TestBase:80 - Found Element By : By.id: ItemPropertyDetail
2020/07/14 23:17:32:579  INFO com.sinosoft.test.base.TestBase:406 - clickElement:[[InternetExplorerDriver: internet explorer on WINDOWS (91280b4c-adce-4b7c-8686-7bd65a239621)] -> id: ItemPropertyDetail]
2020/07/14 23:17:32:580 DEBUG com.sinosoft.test.base.TestBase:76 - Trying to find Element By : By.id: ItemPropertyDetail
2020/07/14 23:17:32:663 DEBUG com.sinosoft.test.base.TestBase:80 - Found Element By : By.id: ItemPropertyDetail
2020/07/14 23:17:32:664 DEBUG com.sinosoft.test.base.TestBase:42 - Trying to click on: [[InternetExplorerDriver: internet explorer on WINDOWS (91280b4c-adce-4b7c-8686-7bd65a239621)] -> id: ItemPropertyDetail]
2020/07/14 23:17:34:368 DEBUG com.sinosoft.test.base.TestBase:46 - Clicked on: [[InternetExplorerDriver: internet explorer on WINDOWS (91280b4c-adce-4b7c-8686-7bd65a239621)] -> id: ItemPropertyDetail]
2020/07/14 23:17:34:368 DEBUG com.sinosoft.test.base.TestBase:76 - Trying to find Element By : By.id: ItemPropertyDetail
2020/07/14 23:17:34:485 DEBUG com.sinosoft.test.base.TestBase:80 - Found Element By : By.id: ItemPropertyDetail
2020/07/14 23:17:34:485 DEBUG com.sinosoft.test.base.TestBase:76 - Trying to find Element By : By.name: GuItemPropertyDetailItemDetailCode
2020/07/14 23:17:34:599 DEBUG com.sinosoft.test.base.TestBase:80 - Found Element By : By.name: GuItemPropertyDetailItemDetailCode
2020/07/14 23:17:34:599 DEBUG com.sinosoft.test.base.TestBase:76 - Trying to find Element By : By.id: ItemPropertyDetail
2020/07/14 23:17:34:681 DEBUG com.sinosoft.test.base.TestBase:80 - Found Element By : By.id: ItemPropertyDetail
2020/07/14 23:17:34:681 DEBUG com.sinosoft.test.base.TestBase:76 - Trying to find Element By : By.name: GuItemPropertyDetailItemDetailList
2020/07/14 23:17:34:763 DEBUG com.sinosoft.test.base.TestBase:80 - Found Element By : By.name: GuItemPropertyDetailItemDetailList
2020/07/14 23:17:34:813 DEBUG com.sinosoft.test.base.TestBase:42 - CodeSelect:开始设置[[[[InternetExplorerDriver: internet explorer on WINDOWS (91280b4c-adce-4b7c-8686-7bd65a239621)] -> id: ItemPropertyDetail]] -> name: GuItemPropertyDetailItemDetailCode] & Code=010001
2020/07/14 23:17:36:400 DEBUG com.sinosoft.test.base.TestBase:272 - 系统窗口【黄河财险业务系统】with handle -375883dd-3618-4e9e-96e7-a964f2a3ce2c
2020/07/14 23:17:37:075 DEBUG com.sinosoft.test.base.TestBase:272 - 系统窗口【黄河财险业务系统】with handle -375883dd-3618-4e9e-96e7-a964f2a3ce2c
2020/07/14 23:17:37:719 DEBUG com.sinosoft.test.base.TestBase:272 - 系统窗口【Code Select】with handle -c1089303-d8ad-403c-b527-3ec305c78dcc
2020/07/14 23:17:38:262 DEBUG com.sinosoft.test.base.TestBase:69 - 初始化class com.sinosoft.test.fccp.common.CodeSelectPage
2020/07/14 23:17:38:263 DEBUG com.sinosoft.test.base.TestBase:39 - 基础码表选择！
2020/07/14 23:17:38:263 DEBUG com.sinosoft.test.base.TestBase:76 - Trying to find Element By : By.name: fieldValue
2020/07/14 23:17:38:582 DEBUG com.sinosoft.test.base.TestBase:80 - Found Element By : By.name: fieldValue
2020/07/14 23:17:38:583  INFO com.sinosoft.test.base.TestBase:360 - setEditboxValue:[[InternetExplorerDriver: internet explorer on WINDOWS (91280b4c-adce-4b7c-8686-7bd65a239621)] -> name: fieldValue]：010001
2020/07/14 23:17:40:008  INFO com.sinosoft.test.base.TestBase:363 - setEditboxValue—End:[[InternetExplorerDriver: internet explorer on WINDOWS (91280b4c-adce-4b7c-8686-7bd65a239621)] -> name: fieldValue]：010001
2020/07/14 23:17:40:008 DEBUG com.sinosoft.test.base.TestBase:76 - Trying to find Element By : By.xpath: //input[@value='查询(Q)']
2020/07/14 23:17:40:318 DEBUG com.sinosoft.test.base.TestBase:80 - Found Element By : By.xpath: //input[@value='查询(Q)']
2020/07/14 23:17:40:320  INFO com.sinosoft.test.base.TestBase:402 - clickButton:[[InternetExplorerDriver: internet explorer on WINDOWS (91280b4c-adce-4b7c-8686-7bd65a239621)] -> xpath: //input[@value='查询(Q)']]
2020/07/14 23:17:40:320 DEBUG com.sinosoft.test.base.TestBase:42 - Trying to click on: [[InternetExplorerDriver: internet explorer on WINDOWS (91280b4c-adce-4b7c-8686-7bd65a239621)] -> xpath: //input[@value='查询(Q)']]
2020/07/14 23:17:42:412 DEBUG com.sinosoft.test.base.TestBase:46 - Clicked on: [[InternetExplorerDriver: internet explorer on WINDOWS (91280b4c-adce-4b7c-8686-7bd65a239621)] -> xpath: //input[@value='查询(Q)']]
2020/07/14 23:17:42:412 DEBUG com.sinosoft.test.base.TestBase:76 - Trying to find Element By : By.name: codeselect
2020/07/14 23:17:42:721 DEBUG com.sinosoft.test.base.TestBase:80 - Found Element By : By.name: codeselect
2020/07/14 23:17:42:722  INFO com.sinosoft.test.base.TestBase:132 - setFuzzySelect:[[InternetExplorerDriver: internet explorer on WINDOWS (91280b4c-adce-4b7c-8686-7bd65a239621)] -> name: codeselect]->010001
2020/07/14 23:17:43:284 DEBUG com.sinosoft.test.base.TestBase:76 - Trying to find Element By : By.tagName: option
2020/07/14 23:17:43:616 DEBUG com.sinosoft.test.base.TestBase:80 - Found Element By : By.tagName: option
2020/07/14 23:17:43:926  INFO com.sinosoft.test.base.TestBase:142 - 找到匹配【010001】的选项：010001--固定资产
2020/07/14 23:17:43:926 DEBUG com.sinosoft.test.base.TestBase:76 - Trying to find Element By : By.xpath: .//option[normalize-space(.) = "010001--固定资产"]
2020/07/14 23:17:44:259 DEBUG com.sinosoft.test.base.TestBase:80 - Found Element By : By.xpath: .//option[normalize-space(.) = "010001--固定资产"]
2020/07/14 23:17:44:574 DEBUG com.sinosoft.test.base.TestBase:42 - Trying to click on: [[[[InternetExplorerDriver: internet explorer on WINDOWS (91280b4c-adce-4b7c-8686-7bd65a239621)] -> name: codeselect]] -> xpath: .//option[normalize-space(.) = "010001--固定资产"]]
2020/07/14 23:17:45:108 DEBUG com.sinosoft.test.base.TestBase:46 - Clicked on: [[[[InternetExplorerDriver: internet explorer on WINDOWS (91280b4c-adce-4b7c-8686-7bd65a239621)] -> name: codeselect]] -> xpath: .//option[normalize-space(.) = "010001--固定资产"]]
2020/07/14 23:17:45:109 DEBUG com.sinosoft.test.base.TestBase:151 - setFuzzySelect 结束！
2020/07/14 23:17:45:109 DEBUG com.sinosoft.test.base.TestBase:76 - Trying to find Element By : By.name: SelectIt
2020/07/14 23:17:45:409 DEBUG com.sinosoft.test.base.TestBase:80 - Found Element By : By.name: SelectIt
2020/07/14 23:17:45:410  INFO com.sinosoft.test.base.TestBase:416 - jsClickButton:[[InternetExplorerDriver: internet explorer on WINDOWS (91280b4c-adce-4b7c-8686-7bd65a239621)] -> name: SelectIt]
2020/07/14 23:17:45:410  INFO com.sinosoft.test.base.TestBase:144 - RunJavaScript:[[InternetExplorerDriver: internet explorer on WINDOWS (91280b4c-adce-4b7c-8686-7bd65a239621)] -> name: SelectIt]	arguments[0].click();
2020/07/14 23:17:46:282 DEBUG com.sinosoft.test.base.TestBase:272 - 系统窗口【黄河财险业务系统】with handle -375883dd-3618-4e9e-96e7-a964f2a3ce2c
2020/07/14 23:17:51:890 DEBUG com.sinosoft.test.base.TestBase:49 - CodeSelect:设置完毕[[[[InternetExplorerDriver: internet explorer on WINDOWS (91280b4c-adce-4b7c-8686-7bd65a239621)] -> id: ItemPropertyDetail]] -> name: GuItemPropertyDetailItemDetailCode] & Code=010001
2020/07/14 23:17:51:890  INFO com.sinosoft.test.base.TestBase:360 - setEditboxValue:[[[[InternetExplorerDriver: internet explorer on WINDOWS (91280b4c-adce-4b7c-8686-7bd65a239621)] -> id: ItemPropertyDetail]] -> name: GuItemPropertyDetailItemDetailList]：碣石公园礁石群
2020/07/14 23:17:53:053  INFO com.sinosoft.test.base.TestBase:363 - setEditboxValue—End:[[[[InternetExplorerDriver: internet explorer on WINDOWS (91280b4c-adce-4b7c-8686-7bd65a239621)] -> id: ItemPropertyDetail]] -> name: GuItemPropertyDetailItemDetailList]：碣石公园礁石群
2020/07/14 23:17:53:053 DEBUG com.sinosoft.test.base.TestBase:76 - Trying to find Element By : By.id: ItemPropertyDetail
2020/07/14 23:17:53:214 DEBUG com.sinosoft.test.base.TestBase:80 - Found Element By : By.id: ItemPropertyDetail
2020/07/14 23:17:53:215 DEBUG com.sinosoft.test.base.TestBase:76 - Trying to find Element By : By.name: GuItemKindKindCode
2020/07/14 23:17:53:311 DEBUG com.sinosoft.test.base.TestBase:80 - Found Element By : By.name: GuItemKindKindCode
2020/07/14 23:17:53:361 DEBUG com.sinosoft.test.base.TestBase:42 - CodeSelect:开始设置[[[[InternetExplorerDriver: internet explorer on WINDOWS (91280b4c-adce-4b7c-8686-7bd65a239621)] -> id: ItemPropertyDetail]] -> name: GuItemKindKindCode] & Code=0101001
2020/07/14 23:17:55:146 DEBUG com.sinosoft.test.base.TestBase:272 - 系统窗口【黄河财险业务系统】with handle -375883dd-3618-4e9e-96e7-a964f2a3ce2c
2020/07/14 23:17:55:842 DEBUG com.sinosoft.test.base.TestBase:272 - 系统窗口【黄河财险业务系统】with handle -375883dd-3618-4e9e-96e7-a964f2a3ce2c
2020/07/14 23:17:56:494 DEBUG com.sinosoft.test.base.TestBase:272 - 系统窗口【Code Select】with handle -60b342f8-dd05-4ec2-9513-d27dd96eeb02
2020/07/14 23:17:57:017 DEBUG com.sinosoft.test.base.TestBase:69 - 初始化class com.sinosoft.test.fccp.common.CodeSelectPage
2020/07/14 23:17:57:019 DEBUG com.sinosoft.test.base.TestBase:39 - 基础码表选择！
2020/07/14 23:17:57:020 DEBUG com.sinosoft.test.base.TestBase:76 - Trying to find Element By : By.name: fieldValue
2020/07/14 23:17:57:317 DEBUG com.sinosoft.test.base.TestBase:80 - Found Element By : By.name: fieldValue
2020/07/14 23:17:57:317  INFO com.sinosoft.test.base.TestBase:360 - setEditboxValue:[[InternetExplorerDriver: internet explorer on WINDOWS (91280b4c-adce-4b7c-8686-7bd65a239621)] -> name: fieldValue]：0101001
2020/07/14 23:17:58:729  INFO com.sinosoft.test.base.TestBase:363 - setEditboxValue—End:[[InternetExplorerDriver: internet explorer on WINDOWS (91280b4c-adce-4b7c-8686-7bd65a239621)] -> name: fieldValue]：0101001
2020/07/14 23:17:58:730 DEBUG com.sinosoft.test.base.TestBase:76 - Trying to find Element By : By.xpath: //input[@value='查询(Q)']
2020/07/14 23:17:59:054 DEBUG com.sinosoft.test.base.TestBase:80 - Found Element By : By.xpath: //input[@value='查询(Q)']
2020/07/14 23:17:59:055  INFO com.sinosoft.test.base.TestBase:402 - clickButton:[[InternetExplorerDriver: internet explorer on WINDOWS (91280b4c-adce-4b7c-8686-7bd65a239621)] -> xpath: //input[@value='查询(Q)']]
2020/07/14 23:17:59:056 DEBUG com.sinosoft.test.base.TestBase:42 - Trying to click on: [[InternetExplorerDriver: internet explorer on WINDOWS (91280b4c-adce-4b7c-8686-7bd65a239621)] -> xpath: //input[@value='查询(Q)']]
2020/07/14 23:18:00:711 DEBUG com.sinosoft.test.base.TestBase:46 - Clicked on: [[InternetExplorerDriver: internet explorer on WINDOWS (91280b4c-adce-4b7c-8686-7bd65a239621)] -> xpath: //input[@value='查询(Q)']]
2020/07/14 23:18:00:711 DEBUG com.sinosoft.test.base.TestBase:76 - Trying to find Element By : By.name: codeselect
2020/07/14 23:18:01:020 DEBUG com.sinosoft.test.base.TestBase:80 - Found Element By : By.name: codeselect
2020/07/14 23:18:01:022  INFO com.sinosoft.test.base.TestBase:132 - setFuzzySelect:[[InternetExplorerDriver: internet explorer on WINDOWS (91280b4c-adce-4b7c-8686-7bd65a239621)] -> name: codeselect]->0101001
2020/07/14 23:18:01:590 DEBUG com.sinosoft.test.base.TestBase:76 - Trying to find Element By : By.tagName: option
2020/07/14 23:18:01:912 DEBUG com.sinosoft.test.base.TestBase:80 - Found Element By : By.tagName: option
2020/07/14 23:18:02:225  INFO com.sinosoft.test.base.TestBase:142 - 找到匹配【0101001】的选项：0101001--财产基本险（2019版）
2020/07/14 23:18:02:226 DEBUG com.sinosoft.test.base.TestBase:76 - Trying to find Element By : By.xpath: .//option[normalize-space(.) = "0101001--财产基本险（2019版）"]
2020/07/14 23:18:02:556 DEBUG com.sinosoft.test.base.TestBase:80 - Found Element By : By.xpath: .//option[normalize-space(.) = "0101001--财产基本险（2019版）"]
2020/07/14 23:18:02:878 DEBUG com.sinosoft.test.base.TestBase:42 - Trying to click on: [[[[InternetExplorerDriver: internet explorer on WINDOWS (91280b4c-adce-4b7c-8686-7bd65a239621)] -> name: codeselect]] -> xpath: .//option[normalize-space(.) = "0101001--财产基本险（2019版）"]]
2020/07/14 23:18:03:423 DEBUG com.sinosoft.test.base.TestBase:46 - Clicked on: [[[[InternetExplorerDriver: internet explorer on WINDOWS (91280b4c-adce-4b7c-8686-7bd65a239621)] -> name: codeselect]] -> xpath: .//option[normalize-space(.) = "0101001--财产基本险（2019版）"]]
2020/07/14 23:18:03:423 DEBUG com.sinosoft.test.base.TestBase:151 - setFuzzySelect 结束！
2020/07/14 23:18:03:424 DEBUG com.sinosoft.test.base.TestBase:76 - Trying to find Element By : By.name: SelectIt
2020/07/14 23:18:03:719 DEBUG com.sinosoft.test.base.TestBase:80 - Found Element By : By.name: SelectIt
2020/07/14 23:18:03:719  INFO com.sinosoft.test.base.TestBase:416 - jsClickButton:[[InternetExplorerDriver: internet explorer on WINDOWS (91280b4c-adce-4b7c-8686-7bd65a239621)] -> name: SelectIt]
2020/07/14 23:18:03:719  INFO com.sinosoft.test.base.TestBase:144 - RunJavaScript:[[InternetExplorerDriver: internet explorer on WINDOWS (91280b4c-adce-4b7c-8686-7bd65a239621)] -> name: SelectIt]	arguments[0].click();
2020/07/14 23:18:04:576 DEBUG com.sinosoft.test.base.TestBase:272 - 系统窗口【黄河财险业务系统】with handle -375883dd-3618-4e9e-96e7-a964f2a3ce2c
2020/07/14 23:18:09:957 DEBUG com.sinosoft.test.base.TestBase:49 - CodeSelect:设置完毕[[[[InternetExplorerDriver: internet explorer on WINDOWS (91280b4c-adce-4b7c-8686-7bd65a239621)] -> id: ItemPropertyDetail]] -> name: GuItemKindKindCode] & Code=0101001
2020/07/14 23:18:09:958 DEBUG com.sinosoft.test.base.TestBase:76 - Trying to find Element By : By.id: ItemPropertyDetail
2020/07/14 23:18:10:101 DEBUG com.sinosoft.test.base.TestBase:80 - Found Element By : By.id: ItemPropertyDetail
2020/07/14 23:18:10:102 DEBUG com.sinosoft.test.base.TestBase:76 - Trying to find Element By : By.name: GuItemKindCalculateInd
2020/07/14 23:18:10:195 DEBUG com.sinosoft.test.base.TestBase:80 - Found Element By : By.name: GuItemKindCalculateInd
2020/07/14 23:18:10:249 DEBUG com.sinosoft.test.base.TestBase:76 - Trying to find Element By : By.id: ItemPropertyDetail
2020/07/14 23:18:10:421 DEBUG com.sinosoft.test.base.TestBase:80 - Found Element By : By.id: ItemPropertyDetail
2020/07/14 23:18:10:422 DEBUG com.sinosoft.test.base.TestBase:76 - Trying to find Element By : By.name: GuItemKindValueType
2020/07/14 23:18:10:531 DEBUG com.sinosoft.test.base.TestBase:80 - Found Element By : By.name: GuItemKindValueType
2020/07/14 23:18:10:531  INFO com.sinosoft.test.base.TestBase:96 - setSelectWithStartText:[[[[InternetExplorerDriver: internet explorer on WINDOWS (91280b4c-adce-4b7c-8686-7bd65a239621)] -> id: ItemPropertyDetail]] -> name: GuItemKindValueType]->10
2020/07/14 23:18:10:608 DEBUG com.sinosoft.test.base.TestBase:76 - Trying to find Element By : By.tagName: option
2020/07/14 23:18:11:115 DEBUG com.sinosoft.test.base.TestBase:80 - Found Element By : By.tagName: option
2020/07/14 23:18:11:396  INFO com.sinosoft.test.base.TestBase:114 - 找到匹配【10】的选项：10-出险时市场价值
2020/07/14 23:18:11:397 DEBUG com.sinosoft.test.base.TestBase:76 - Trying to find Element By : By.xpath: .//option[normalize-space(.) = "10-出险时市场价值"]
2020/07/14 23:18:11:546 DEBUG com.sinosoft.test.base.TestBase:80 - Found Element By : By.xpath: .//option[normalize-space(.) = "10-出险时市场价值"]
2020/07/14 23:18:11:597 DEBUG com.sinosoft.test.base.TestBase:42 - Trying to click on: [[[[[[InternetExplorerDriver: internet explorer on WINDOWS (91280b4c-adce-4b7c-8686-7bd65a239621)] -> id: ItemPropertyDetail]] -> name: GuItemKindValueType]] -> xpath: .//option[normalize-space(.) = "10-出险时市场价值"]]
2020/07/14 23:18:12:023 DEBUG com.sinosoft.test.base.TestBase:46 - Clicked on: [[[[[[InternetExplorerDriver: internet explorer on WINDOWS (91280b4c-adce-4b7c-8686-7bd65a239621)] -> id: ItemPropertyDetail]] -> name: GuItemKindValueType]] -> xpath: .//option[normalize-space(.) = "10-出险时市场价值"]]
2020/07/14 23:18:12:024 DEBUG com.sinosoft.test.base.TestBase:123 - setSelectWithStartText 结束！
2020/07/14 23:18:12:026 DEBUG com.sinosoft.test.base.TestBase:76 - Trying to find Element By : By.id: ItemPropertyDetail
2020/07/14 23:18:12:166 DEBUG com.sinosoft.test.base.TestBase:80 - Found Element By : By.id: ItemPropertyDetail
2020/07/14 23:18:12:172 DEBUG com.sinosoft.test.base.TestBase:76 - Trying to find Element By : By.name: GuItemKindSumInsured
2020/07/14 23:18:12:296 DEBUG com.sinosoft.test.base.TestBase:80 - Found Element By : By.name: GuItemKindSumInsured
2020/07/14 23:18:12:297  INFO com.sinosoft.test.base.TestBase:360 - setEditboxValue:[[[[InternetExplorerDriver: internet explorer on WINDOWS (91280b4c-adce-4b7c-8686-7bd65a239621)] -> id: ItemPropertyDetail]] -> name: GuItemKindSumInsured]：2000000
2020/07/14 23:18:13:513  INFO com.sinosoft.test.base.TestBase:363 - setEditboxValue—End:[[[[InternetExplorerDriver: internet explorer on WINDOWS (91280b4c-adce-4b7c-8686-7bd65a239621)] -> id: ItemPropertyDetail]] -> name: GuItemKindSumInsured]：2000000
2020/07/14 23:18:13:513 DEBUG com.sinosoft.test.base.TestBase:76 - Trying to find Element By : By.xpath: //table[@id='ItemPropertyDetailKind']/tbody/tr/td/input[@name='GuItemKindRate']
2020/07/14 23:18:13:609 DEBUG com.sinosoft.test.base.TestBase:80 - Found Element By : By.xpath: //table[@id='ItemPropertyDetailKind']/tbody/tr/td/input[@name='GuItemKindRate']
2020/07/14 23:18:13:611  INFO com.sinosoft.test.base.TestBase:388 - setEditboxTValue:[[InternetExplorerDriver: internet explorer on WINDOWS (91280b4c-adce-4b7c-8686-7bd65a239621)] -> xpath: //table[@id='ItemPropertyDetailKind']/tbody/tr/td/input[@name='GuItemKindRate']]->0.5
2020/07/14 23:18:13:611 DEBUG com.sinosoft.test.base.TestBase:76 - Trying to find Element By : By.xpath: //table[@id='ItemPropertyDetailKind']/tbody/tr/td/input[@name='GuItemKindRate']
2020/07/14 23:18:13:727 DEBUG com.sinosoft.test.base.TestBase:80 - Found Element By : By.xpath: //table[@id='ItemPropertyDetailKind']/tbody/tr/td/input[@name='GuItemKindRate']
2020/07/14 23:18:14:261 DEBUG com.sinosoft.test.base.TestBase:76 - Trying to find Element By : By.xpath: //table[@id='ItemPropertyDetailKind']/tbody/tr/td/input[@name='GuItemKindRate']
2020/07/14 23:18:14:427 DEBUG com.sinosoft.test.base.TestBase:80 - Found Element By : By.xpath: //table[@id='ItemPropertyDetailKind']/tbody/tr/td/input[@name='GuItemKindRate']
2020/07/14 23:18:20:122 DEBUG com.sinosoft.test.base.TestBase:76 - Trying to find Element By : By.xpath: //table[@id='ItemPropertyDetailKind']/tbody/tr/td/input[@name='GuItemKindShortRateFlag']
2020/07/14 23:18:20:206 DEBUG com.sinosoft.test.base.TestBase:80 - Found Element By : By.xpath: //table[@id='ItemPropertyDetailKind']/tbody/tr/td/input[@name='GuItemKindShortRateFlag']
2020/07/14 23:18:20:281 DEBUG com.sinosoft.test.base.TestBase:76 - Trying to find Element By : By.xpath: //table[@id='ItemPropertyDetailKind']/tbody/tr/td/input[@name='GuItemKindShortRateFlag']
2020/07/14 23:18:20:352 DEBUG com.sinosoft.test.base.TestBase:80 - Found Element By : By.xpath: //table[@id='ItemPropertyDetailKind']/tbody/tr/td/input[@name='GuItemKindShortRateFlag']
2020/07/14 23:18:20:353 DEBUG com.sinosoft.test.base.TestBase:42 - CodeSelect:开始设置[[InternetExplorerDriver: internet explorer on WINDOWS (91280b4c-adce-4b7c-8686-7bd65a239621)] -> xpath: //table[@id='ItemPropertyDetailKind']/tbody/tr/td/input[@name='GuItemKindShortRateFlag']] & Code=2
2020/07/14 23:18:20:357 DEBUG com.sinosoft.test.base.TestBase:76 - Trying to find Element By : By.xpath: //table[@id='ItemPropertyDetailKind']/tbody/tr/td/input[@name='GuItemKindShortRateFlag']
2020/07/14 23:18:20:439 DEBUG com.sinosoft.test.base.TestBase:80 - Found Element By : By.xpath: //table[@id='ItemPropertyDetailKind']/tbody/tr/td/input[@name='GuItemKindShortRateFlag']
2020/07/14 23:18:22:324 DEBUG com.sinosoft.test.base.TestBase:272 - 系统窗口【黄河财险业务系统】with handle -375883dd-3618-4e9e-96e7-a964f2a3ce2c
2020/07/14 23:18:23:009 DEBUG com.sinosoft.test.base.TestBase:272 - 系统窗口【黄河财险业务系统】with handle -375883dd-3618-4e9e-96e7-a964f2a3ce2c
2020/07/14 23:18:23:651 DEBUG com.sinosoft.test.base.TestBase:272 - 系统窗口【Code Select】with handle -86b206d2-adea-49ca-9799-ecf0a703e4d1
2020/07/14 23:18:24:192 DEBUG com.sinosoft.test.base.TestBase:69 - 初始化class com.sinosoft.test.fccp.common.CodeSelectPage
2020/07/14 23:18:24:193 DEBUG com.sinosoft.test.base.TestBase:39 - 基础码表选择！
2020/07/14 23:18:24:193 DEBUG com.sinosoft.test.base.TestBase:76 - Trying to find Element By : By.name: fieldValue
2020/07/14 23:18:24:507 DEBUG com.sinosoft.test.base.TestBase:80 - Found Element By : By.name: fieldValue
2020/07/14 23:18:24:507  INFO com.sinosoft.test.base.TestBase:360 - setEditboxValue:[[InternetExplorerDriver: internet explorer on WINDOWS (91280b4c-adce-4b7c-8686-7bd65a239621)] -> name: fieldValue]：2
2020/07/14 23:18:25:905  INFO com.sinosoft.test.base.TestBase:363 - setEditboxValue—End:[[InternetExplorerDriver: internet explorer on WINDOWS (91280b4c-adce-4b7c-8686-7bd65a239621)] -> name: fieldValue]：2
2020/07/14 23:18:25:906 DEBUG com.sinosoft.test.base.TestBase:76 - Trying to find Element By : By.xpath: //input[@value='查询(Q)']
2020/07/14 23:18:26:215 DEBUG com.sinosoft.test.base.TestBase:80 - Found Element By : By.xpath: //input[@value='查询(Q)']
2020/07/14 23:18:26:216  INFO com.sinosoft.test.base.TestBase:402 - clickButton:[[InternetExplorerDriver: internet explorer on WINDOWS (91280b4c-adce-4b7c-8686-7bd65a239621)] -> xpath: //input[@value='查询(Q)']]
2020/07/14 23:18:26:216 DEBUG com.sinosoft.test.base.TestBase:42 - Trying to click on: [[InternetExplorerDriver: internet explorer on WINDOWS (91280b4c-adce-4b7c-8686-7bd65a239621)] -> xpath: //input[@value='查询(Q)']]
2020/07/14 23:18:27:841 DEBUG com.sinosoft.test.base.TestBase:46 - Clicked on: [[InternetExplorerDriver: internet explorer on WINDOWS (91280b4c-adce-4b7c-8686-7bd65a239621)] -> xpath: //input[@value='查询(Q)']]
2020/07/14 23:18:27:841 DEBUG com.sinosoft.test.base.TestBase:76 - Trying to find Element By : By.name: codeselect
2020/07/14 23:18:28:149 DEBUG com.sinosoft.test.base.TestBase:80 - Found Element By : By.name: codeselect
2020/07/14 23:18:28:149  INFO com.sinosoft.test.base.TestBase:132 - setFuzzySelect:[[InternetExplorerDriver: internet explorer on WINDOWS (91280b4c-adce-4b7c-8686-7bd65a239621)] -> name: codeselect]->2
2020/07/14 23:18:28:720 DEBUG com.sinosoft.test.base.TestBase:76 - Trying to find Element By : By.tagName: option
2020/07/14 23:18:29:053 DEBUG com.sinosoft.test.base.TestBase:80 - Found Element By : By.tagName: option
2020/07/14 23:18:29:371  INFO com.sinosoft.test.base.TestBase:142 - 找到匹配【2】的选项：2--月比例
2020/07/14 23:18:29:371 DEBUG com.sinosoft.test.base.TestBase:76 - Trying to find Element By : By.xpath: .//option[normalize-space(.) = "2--月比例"]
2020/07/14 23:18:29:698 DEBUG com.sinosoft.test.base.TestBase:80 - Found Element By : By.xpath: .//option[normalize-space(.) = "2--月比例"]
2020/07/14 23:18:29:999 DEBUG com.sinosoft.test.base.TestBase:42 - Trying to click on: [[[[InternetExplorerDriver: internet explorer on WINDOWS (91280b4c-adce-4b7c-8686-7bd65a239621)] -> name: codeselect]] -> xpath: .//option[normalize-space(.) = "2--月比例"]]
2020/07/14 23:18:30:517 DEBUG com.sinosoft.test.base.TestBase:46 - Clicked on: [[[[InternetExplorerDriver: internet explorer on WINDOWS (91280b4c-adce-4b7c-8686-7bd65a239621)] -> name: codeselect]] -> xpath: .//option[normalize-space(.) = "2--月比例"]]
2020/07/14 23:18:30:517 DEBUG com.sinosoft.test.base.TestBase:151 - setFuzzySelect 结束！
2020/07/14 23:18:30:517 DEBUG com.sinosoft.test.base.TestBase:76 - Trying to find Element By : By.name: SelectIt
2020/07/14 23:18:30:813 DEBUG com.sinosoft.test.base.TestBase:80 - Found Element By : By.name: SelectIt
2020/07/14 23:18:30:813  INFO com.sinosoft.test.base.TestBase:416 - jsClickButton:[[InternetExplorerDriver: internet explorer on WINDOWS (91280b4c-adce-4b7c-8686-7bd65a239621)] -> name: SelectIt]
2020/07/14 23:18:30:814  INFO com.sinosoft.test.base.TestBase:144 - RunJavaScript:[[InternetExplorerDriver: internet explorer on WINDOWS (91280b4c-adce-4b7c-8686-7bd65a239621)] -> name: SelectIt]	arguments[0].click();
2020/07/14 23:18:31:678 DEBUG com.sinosoft.test.base.TestBase:272 - 系统窗口【黄河财险业务系统】with handle -375883dd-3618-4e9e-96e7-a964f2a3ce2c
2020/07/14 23:18:37:507 DEBUG com.sinosoft.test.base.TestBase:76 - Trying to find Element By : By.xpath: //table[@id='ItemPropertyDetailKind']/tbody/tr/td/input[@name='GuItemKindShortRateFlag']
2020/07/14 23:18:37:590 DEBUG com.sinosoft.test.base.TestBase:80 - Found Element By : By.xpath: //table[@id='ItemPropertyDetailKind']/tbody/tr/td/input[@name='GuItemKindShortRateFlag']
2020/07/14 23:18:37:590 DEBUG com.sinosoft.test.base.TestBase:49 - CodeSelect:设置完毕[[InternetExplorerDriver: internet explorer on WINDOWS (91280b4c-adce-4b7c-8686-7bd65a239621)] -> xpath: //table[@id='ItemPropertyDetailKind']/tbody/tr/td/input[@name='GuItemKindShortRateFlag']] & Code=2
2020/07/14 23:18:37:591 DEBUG com.sinosoft.test.base.TestBase:76 - Trying to find Element By : By.xpath: //table[@id='ItemPropertyDetailKind']/tbody/tr/td/input[@name='GuItemKindGrossPremium']
2020/07/14 23:18:37:674 DEBUG com.sinosoft.test.base.TestBase:80 - Found Element By : By.xpath: //table[@id='ItemPropertyDetailKind']/tbody/tr/td/input[@name='GuItemKindGrossPremium']
2020/07/14 23:18:37:674  INFO com.sinosoft.test.base.TestBase:388 - setEditboxTValue:[[InternetExplorerDriver: internet explorer on WINDOWS (91280b4c-adce-4b7c-8686-7bd65a239621)] -> xpath: //table[@id='ItemPropertyDetailKind']/tbody/tr/td/input[@name='GuItemKindGrossPremium']]->400
2020/07/14 23:18:37:674 DEBUG com.sinosoft.test.base.TestBase:76 - Trying to find Element By : By.xpath: //table[@id='ItemPropertyDetailKind']/tbody/tr/td/input[@name='GuItemKindGrossPremium']
2020/07/14 23:18:37:757 DEBUG com.sinosoft.test.base.TestBase:80 - Found Element By : By.xpath: //table[@id='ItemPropertyDetailKind']/tbody/tr/td/input[@name='GuItemKindGrossPremium']
2020/07/14 23:18:38:506 DEBUG com.sinosoft.test.base.TestBase:76 - Trying to find Element By : By.xpath: //table[@id='ItemPropertyDetailKind']/tbody/tr/td/input[@name='GuItemKindGrossPremium']
2020/07/14 23:18:38:613 DEBUG com.sinosoft.test.base.TestBase:80 - Found Element By : By.xpath: //table[@id='ItemPropertyDetailKind']/tbody/tr/td/input[@name='GuItemKindGrossPremium']
2020/07/14 23:18:44:340 DEBUG com.sinosoft.test.base.TestBase:234 - 开始录入营业中断险！
2020/07/14 23:18:44:341 DEBUG com.sinosoft.test.base.TestBase:76 - Trying to find Element By : By.id: ItemPropertyItem1105
2020/07/14 23:18:44:468 DEBUG com.sinosoft.test.base.TestBase:80 - Found Element By : By.id: ItemPropertyItem1105
2020/07/14 23:18:44:469  INFO com.sinosoft.test.base.TestBase:406 - clickElement:[[InternetExplorerDriver: internet explorer on WINDOWS (91280b4c-adce-4b7c-8686-7bd65a239621)] -> id: ItemPropertyItem1105]
2020/07/14 23:18:44:469 DEBUG com.sinosoft.test.base.TestBase:76 - Trying to find Element By : By.id: ItemPropertyItem1105
2020/07/14 23:18:44:569 DEBUG com.sinosoft.test.base.TestBase:80 - Found Element By : By.id: ItemPropertyItem1105
2020/07/14 23:18:44:569 DEBUG com.sinosoft.test.base.TestBase:42 - Trying to click on: [[InternetExplorerDriver: internet explorer on WINDOWS (91280b4c-adce-4b7c-8686-7bd65a239621)] -> id: ItemPropertyItem1105]
2020/07/14 23:18:46:143 DEBUG com.sinosoft.test.base.TestBase:46 - Clicked on: [[InternetExplorerDriver: internet explorer on WINDOWS (91280b4c-adce-4b7c-8686-7bd65a239621)] -> id: ItemPropertyItem1105]
2020/07/14 23:18:46:143 DEBUG com.sinosoft.test.base.TestBase:76 - Trying to find Element By : By.name: GuItemDynamic0105FieldBG
2020/07/14 23:18:46:269 DEBUG com.sinosoft.test.base.TestBase:80 - Found Element By : By.name: GuItemDynamic0105FieldBG
2020/07/14 23:18:46:270  INFO com.sinosoft.test.base.TestBase:360 - setEditboxValue:[[InternetExplorerDriver: internet explorer on WINDOWS (91280b4c-adce-4b7c-8686-7bd65a239621)] -> name: GuItemDynamic0105FieldBG]：24
2020/07/14 23:18:46:270 DEBUG com.sinosoft.test.base.TestBase:76 - Trying to find Element By : By.name: GuItemDynamic0105FieldBG
2020/07/14 23:18:46:350 DEBUG com.sinosoft.test.base.TestBase:80 - Found Element By : By.name: GuItemDynamic0105FieldBG
2020/07/14 23:18:46:708 DEBUG com.sinosoft.test.base.TestBase:76 - Trying to find Element By : By.name: GuItemDynamic0105FieldBG
2020/07/14 23:18:46:802 DEBUG com.sinosoft.test.base.TestBase:80 - Found Element By : By.name: GuItemDynamic0105FieldBG
2020/07/14 23:18:47:387 DEBUG com.sinosoft.test.base.TestBase:76 - Trying to find Element By : By.name: GuItemDynamic0105FieldBG
2020/07/14 23:18:47:584 DEBUG com.sinosoft.test.base.TestBase:80 - Found Element By : By.name: GuItemDynamic0105FieldBG
2020/07/14 23:18:47:586  INFO com.sinosoft.test.base.TestBase:363 - setEditboxValue—End:[[InternetExplorerDriver: internet explorer on WINDOWS (91280b4c-adce-4b7c-8686-7bd65a239621)] -> name: GuItemDynamic0105FieldBG]：24
2020/07/14 23:18:47:586 DEBUG com.sinosoft.test.base.TestBase:76 - Trying to find Element By : By.name: GuItemDynamic0105FieldBF
2020/07/14 23:18:47:729 DEBUG com.sinosoft.test.base.TestBase:80 - Found Element By : By.name: GuItemDynamic0105FieldBF
2020/07/14 23:18:47:771 DEBUG com.sinosoft.test.base.TestBase:76 - Trying to find Element By : By.name: GuItemDynamic0105FieldBF
2020/07/14 23:18:47:921 DEBUG com.sinosoft.test.base.TestBase:80 - Found Element By : By.name: GuItemDynamic0105FieldBF
2020/07/14 23:18:47:921 DEBUG com.sinosoft.test.base.TestBase:63 - SetCodeEditBox:开始设置:[[InternetExplorerDriver: internet explorer on WINDOWS (91280b4c-adce-4b7c-8686-7bd65a239621)] -> name: GuItemDynamic0105FieldBF] & Code=6000000
2020/07/14 23:18:47:922 DEBUG com.sinosoft.test.base.TestBase:76 - Trying to find Element By : By.name: GuItemDynamic0105FieldBF
2020/07/14 23:18:48:049 DEBUG com.sinosoft.test.base.TestBase:80 - Found Element By : By.name: GuItemDynamic0105FieldBF
2020/07/14 23:18:48:457 DEBUG com.sinosoft.test.base.TestBase:76 - Trying to find Element By : By.name: GuItemDynamic0105FieldBF
2020/07/14 23:18:48:602 DEBUG com.sinosoft.test.base.TestBase:80 - Found Element By : By.name: GuItemDynamic0105FieldBF
2020/07/14 23:18:49:439 DEBUG com.sinosoft.test.base.TestBase:76 - Trying to find Element By : By.name: GuItemDynamic0105FieldBF
2020/07/14 23:18:49:562 DEBUG com.sinosoft.test.base.TestBase:80 - Found Element By : By.name: GuItemDynamic0105FieldBF
2020/07/14 23:18:49:564 DEBUG com.sinosoft.test.base.TestBase:76 - Trying to find Element By : By.xpath: ../input[last()]
2020/07/14 23:18:49:669 DEBUG com.sinosoft.test.base.TestBase:80 - Found Element By : By.xpath: ../input[last()]
2020/07/14 23:18:49:832  INFO com.sinosoft.test.base.TestBase:71 - SetCodeEditBox:找到了Code对应的文本显示框并点击触发显示:GuItemDynamic0105FieldBF
2020/07/14 23:18:49:832 DEBUG com.sinosoft.test.base.TestBase:42 - Trying to click on: [[[[InternetExplorerDriver: internet explorer on WINDOWS (91280b4c-adce-4b7c-8686-7bd65a239621)] -> name: GuItemDynamic0105FieldBF]] -> xpath: ../input[last()]]
2020/07/14 23:18:51:153 DEBUG com.sinosoft.test.base.TestBase:46 - Clicked on: [[[[InternetExplorerDriver: internet explorer on WINDOWS (91280b4c-adce-4b7c-8686-7bd65a239621)] -> name: GuItemDynamic0105FieldBF]] -> xpath: ../input[last()]]
2020/07/14 23:18:51:353 DEBUG com.sinosoft.test.base.TestBase:76 - Trying to find Element By : By.name: GuItemDynamic0105FieldBF
2020/07/14 23:18:51:495 DEBUG com.sinosoft.test.base.TestBase:80 - Found Element By : By.name: GuItemDynamic0105FieldBF
2020/07/14 23:18:51:497 DEBUG com.sinosoft.test.base.TestBase:87 - SetCodeEditBox:设置完毕[[InternetExplorerDriver: internet explorer on WINDOWS (91280b4c-adce-4b7c-8686-7bd65a239621)] -> name: GuItemDynamic0105FieldBF],设置值 Code=6000000
2020/07/14 23:18:51:498 DEBUG com.sinosoft.test.base.TestBase:76 - Trying to find Element By : By.name: GuItemDynamic0105FieldBE
2020/07/14 23:18:51:591 DEBUG com.sinosoft.test.base.TestBase:80 - Found Element By : By.name: GuItemDynamic0105FieldBE
2020/07/14 23:18:51:633 DEBUG com.sinosoft.test.base.TestBase:76 - Trying to find Element By : By.name: GuItemDynamic0105FieldBE
2020/07/14 23:18:51:771 DEBUG com.sinosoft.test.base.TestBase:80 - Found Element By : By.name: GuItemDynamic0105FieldBE
2020/07/14 23:18:51:772 DEBUG com.sinosoft.test.base.TestBase:63 - SetCodeEditBox:开始设置:[[InternetExplorerDriver: internet explorer on WINDOWS (91280b4c-adce-4b7c-8686-7bd65a239621)] -> name: GuItemDynamic0105FieldBE] & Code=20000000
2020/07/14 23:18:51:772 DEBUG com.sinosoft.test.base.TestBase:76 - Trying to find Element By : By.name: GuItemDynamic0105FieldBE
2020/07/14 23:18:51:888 DEBUG com.sinosoft.test.base.TestBase:80 - Found Element By : By.name: GuItemDynamic0105FieldBE
2020/07/14 23:18:52:344 DEBUG com.sinosoft.test.base.TestBase:76 - Trying to find Element By : By.name: GuItemDynamic0105FieldBE
2020/07/14 23:18:52:438 DEBUG com.sinosoft.test.base.TestBase:80 - Found Element By : By.name: GuItemDynamic0105FieldBE
2020/07/14 23:18:53:283 DEBUG com.sinosoft.test.base.TestBase:76 - Trying to find Element By : By.name: GuItemDynamic0105FieldBE
2020/07/14 23:18:53:392 DEBUG com.sinosoft.test.base.TestBase:80 - Found Element By : By.name: GuItemDynamic0105FieldBE
2020/07/14 23:18:53:393 DEBUG com.sinosoft.test.base.TestBase:76 - Trying to find Element By : By.xpath: ../input[last()]
2020/07/14 23:18:53:503 DEBUG com.sinosoft.test.base.TestBase:80 - Found Element By : By.xpath: ../input[last()]
2020/07/14 23:18:53:701  INFO com.sinosoft.test.base.TestBase:71 - SetCodeEditBox:找到了Code对应的文本显示框并点击触发显示:GuItemDynamic0105FieldBE
2020/07/14 23:18:53:702 DEBUG com.sinosoft.test.base.TestBase:42 - Trying to click on: [[[[InternetExplorerDriver: internet explorer on WINDOWS (91280b4c-adce-4b7c-8686-7bd65a239621)] -> name: GuItemDynamic0105FieldBE]] -> xpath: ../input[last()]]
2020/07/14 23:18:54:978 DEBUG com.sinosoft.test.base.TestBase:46 - Clicked on: [[[[InternetExplorerDriver: internet explorer on WINDOWS (91280b4c-adce-4b7c-8686-7bd65a239621)] -> name: GuItemDynamic0105FieldBE]] -> xpath: ../input[last()]]
2020/07/14 23:18:55:180 DEBUG com.sinosoft.test.base.TestBase:76 - Trying to find Element By : By.name: GuItemDynamic0105FieldBE
2020/07/14 23:18:55:325 DEBUG com.sinosoft.test.base.TestBase:80 - Found Element By : By.name: GuItemDynamic0105FieldBE
2020/07/14 23:18:55:326 DEBUG com.sinosoft.test.base.TestBase:87 - SetCodeEditBox:设置完毕[[InternetExplorerDriver: internet explorer on WINDOWS (91280b4c-adce-4b7c-8686-7bd65a239621)] -> name: GuItemDynamic0105FieldBE],设置值 Code=20000000
2020/07/14 23:18:55:327 DEBUG com.sinosoft.test.base.TestBase:76 - Trying to find Element By : By.id: ItemPropertyDetail0105
2020/07/14 23:18:55:421 DEBUG com.sinosoft.test.base.TestBase:80 - Found Element By : By.id: ItemPropertyDetail0105
2020/07/14 23:18:55:422 DEBUG com.sinosoft.test.base.TestBase:76 - Trying to find Element By : By.name: GuItemPropertyDetail0105ItemDetailCode
2020/07/14 23:18:55:514 DEBUG com.sinosoft.test.base.TestBase:80 - Found Element By : By.name: GuItemPropertyDetail0105ItemDetailCode
2020/07/14 23:18:55:515 DEBUG com.sinosoft.test.base.TestBase:76 - Trying to find Element By : By.id: ItemPropertyDetail0105
2020/07/14 23:18:55:583 DEBUG com.sinosoft.test.base.TestBase:80 - Found Element By : By.id: ItemPropertyDetail0105
2020/07/14 23:18:55:583 DEBUG com.sinosoft.test.base.TestBase:76 - Trying to find Element By : By.name: GuItemPropertyDetail0105ItemDetailList
2020/07/14 23:18:55:653 DEBUG com.sinosoft.test.base.TestBase:80 - Found Element By : By.name: GuItemPropertyDetail0105ItemDetailList
2020/07/14 23:18:55:694 DEBUG com.sinosoft.test.base.TestBase:42 - CodeSelect:开始设置[[[[InternetExplorerDriver: internet explorer on WINDOWS (91280b4c-adce-4b7c-8686-7bd65a239621)] -> id: ItemPropertyDetail0105]] -> name: GuItemPropertyDetail0105ItemDetailCode] & Code=010056
2020/07/14 23:18:57:285 DEBUG com.sinosoft.test.base.TestBase:272 - 系统窗口【黄河财险业务系统】with handle -375883dd-3618-4e9e-96e7-a964f2a3ce2c
2020/07/14 23:18:57:990 DEBUG com.sinosoft.test.base.TestBase:272 - 系统窗口【黄河财险业务系统】with handle -375883dd-3618-4e9e-96e7-a964f2a3ce2c
2020/07/14 23:18:58:657 DEBUG com.sinosoft.test.base.TestBase:272 - 系统窗口【Code Select】with handle -145fdff7-e2c3-46f2-b500-44ff3f83547b
2020/07/14 23:18:59:179 DEBUG com.sinosoft.test.base.TestBase:69 - 初始化class com.sinosoft.test.fccp.common.CodeSelectPage
2020/07/14 23:18:59:180 DEBUG com.sinosoft.test.base.TestBase:39 - 基础码表选择！
2020/07/14 23:18:59:180 DEBUG com.sinosoft.test.base.TestBase:76 - Trying to find Element By : By.name: fieldValue
2020/07/14 23:18:59:516 DEBUG com.sinosoft.test.base.TestBase:80 - Found Element By : By.name: fieldValue
2020/07/14 23:18:59:518  INFO com.sinosoft.test.base.TestBase:360 - setEditboxValue:[[InternetExplorerDriver: internet explorer on WINDOWS (91280b4c-adce-4b7c-8686-7bd65a239621)] -> name: fieldValue]：010056
2020/07/14 23:19:01:058  INFO com.sinosoft.test.base.TestBase:363 - setEditboxValue—End:[[InternetExplorerDriver: internet explorer on WINDOWS (91280b4c-adce-4b7c-8686-7bd65a239621)] -> name: fieldValue]：010056
2020/07/14 23:19:01:058 DEBUG com.sinosoft.test.base.TestBase:76 - Trying to find Element By : By.xpath: //input[@value='查询(Q)']
2020/07/14 23:19:01:384 DEBUG com.sinosoft.test.base.TestBase:80 - Found Element By : By.xpath: //input[@value='查询(Q)']
2020/07/14 23:19:01:386  INFO com.sinosoft.test.base.TestBase:402 - clickButton:[[InternetExplorerDriver: internet explorer on WINDOWS (91280b4c-adce-4b7c-8686-7bd65a239621)] -> xpath: //input[@value='查询(Q)']]
2020/07/14 23:19:01:386 DEBUG com.sinosoft.test.base.TestBase:42 - Trying to click on: [[InternetExplorerDriver: internet explorer on WINDOWS (91280b4c-adce-4b7c-8686-7bd65a239621)] -> xpath: //input[@value='查询(Q)']]
2020/07/14 23:19:03:019 DEBUG com.sinosoft.test.base.TestBase:46 - Clicked on: [[InternetExplorerDriver: internet explorer on WINDOWS (91280b4c-adce-4b7c-8686-7bd65a239621)] -> xpath: //input[@value='查询(Q)']]
2020/07/14 23:19:03:020 DEBUG com.sinosoft.test.base.TestBase:76 - Trying to find Element By : By.name: codeselect
2020/07/14 23:19:03:323 DEBUG com.sinosoft.test.base.TestBase:80 - Found Element By : By.name: codeselect
2020/07/14 23:19:03:323  INFO com.sinosoft.test.base.TestBase:132 - setFuzzySelect:[[InternetExplorerDriver: internet explorer on WINDOWS (91280b4c-adce-4b7c-8686-7bd65a239621)] -> name: codeselect]->010056
2020/07/14 23:19:03:913 DEBUG com.sinosoft.test.base.TestBase:76 - Trying to find Element By : By.tagName: option
2020/07/14 23:19:04:243 DEBUG com.sinosoft.test.base.TestBase:80 - Found Element By : By.tagName: option
2020/07/14 23:19:04:559  INFO com.sinosoft.test.base.TestBase:142 - 找到匹配【010056】的选项：010056--营业利润
2020/07/14 23:19:04:559 DEBUG com.sinosoft.test.base.TestBase:76 - Trying to find Element By : By.xpath: .//option[normalize-space(.) = "010056--营业利润"]
2020/07/14 23:19:04:887 DEBUG com.sinosoft.test.base.TestBase:80 - Found Element By : By.xpath: .//option[normalize-space(.) = "010056--营业利润"]
2020/07/14 23:19:05:195 DEBUG com.sinosoft.test.base.TestBase:42 - Trying to click on: [[[[InternetExplorerDriver: internet explorer on WINDOWS (91280b4c-adce-4b7c-8686-7bd65a239621)] -> name: codeselect]] -> xpath: .//option[normalize-space(.) = "010056--营业利润"]]
2020/07/14 23:19:05:720 DEBUG com.sinosoft.test.base.TestBase:46 - Clicked on: [[[[InternetExplorerDriver: internet explorer on WINDOWS (91280b4c-adce-4b7c-8686-7bd65a239621)] -> name: codeselect]] -> xpath: .//option[normalize-space(.) = "010056--营业利润"]]
2020/07/14 23:19:05:720 DEBUG com.sinosoft.test.base.TestBase:151 - setFuzzySelect 结束！
2020/07/14 23:19:05:721 DEBUG com.sinosoft.test.base.TestBase:76 - Trying to find Element By : By.name: SelectIt
2020/07/14 23:19:06:016 DEBUG com.sinosoft.test.base.TestBase:80 - Found Element By : By.name: SelectIt
2020/07/14 23:19:06:016  INFO com.sinosoft.test.base.TestBase:416 - jsClickButton:[[InternetExplorerDriver: internet explorer on WINDOWS (91280b4c-adce-4b7c-8686-7bd65a239621)] -> name: SelectIt]
2020/07/14 23:19:06:016  INFO com.sinosoft.test.base.TestBase:144 - RunJavaScript:[[InternetExplorerDriver: internet explorer on WINDOWS (91280b4c-adce-4b7c-8686-7bd65a239621)] -> name: SelectIt]	arguments[0].click();
2020/07/14 23:19:06:864 DEBUG com.sinosoft.test.base.TestBase:272 - 系统窗口【黄河财险业务系统】with handle -375883dd-3618-4e9e-96e7-a964f2a3ce2c
2020/07/14 23:19:12:307 DEBUG com.sinosoft.test.base.TestBase:49 - CodeSelect:设置完毕[[[[InternetExplorerDriver: internet explorer on WINDOWS (91280b4c-adce-4b7c-8686-7bd65a239621)] -> id: ItemPropertyDetail0105]] -> name: GuItemPropertyDetail0105ItemDetailCode] & Code=010056
2020/07/14 23:19:12:308 DEBUG com.sinosoft.test.base.TestBase:76 - Trying to find Element By : By.id: ItemPropertyDetail0105
2020/07/14 23:19:12:447 DEBUG com.sinosoft.test.base.TestBase:80 - Found Element By : By.id: ItemPropertyDetail0105
2020/07/14 23:19:12:448  INFO com.sinosoft.test.base.TestBase:406 - clickElement:[[InternetExplorerDriver: internet explorer on WINDOWS (91280b4c-adce-4b7c-8686-7bd65a239621)] -> id: ItemPropertyDetail0105]
2020/07/14 23:19:12:448 DEBUG com.sinosoft.test.base.TestBase:76 - Trying to find Element By : By.id: ItemPropertyDetail0105
2020/07/14 23:19:12:571 DEBUG com.sinosoft.test.base.TestBase:80 - Found Element By : By.id: ItemPropertyDetail0105
2020/07/14 23:19:12:572 DEBUG com.sinosoft.test.base.TestBase:42 - Trying to click on: [[InternetExplorerDriver: internet explorer on WINDOWS (91280b4c-adce-4b7c-8686-7bd65a239621)] -> id: ItemPropertyDetail0105]
2020/07/14 23:19:14:069 DEBUG com.sinosoft.test.base.TestBase:46 - Clicked on: [[InternetExplorerDriver: internet explorer on WINDOWS (91280b4c-adce-4b7c-8686-7bd65a239621)] -> id: ItemPropertyDetail0105]
2020/07/14 23:19:14:069 DEBUG com.sinosoft.test.base.TestBase:76 - Trying to find Element By : By.id: ItemPropertyDetail0105
2020/07/14 23:19:14:238 DEBUG com.sinosoft.test.base.TestBase:80 - Found Element By : By.id: ItemPropertyDetail0105
2020/07/14 23:19:14:238 DEBUG com.sinosoft.test.base.TestBase:76 - Trying to find Element By : By.name: GuItemKind0105KindCode
2020/07/14 23:19:14:358 DEBUG com.sinosoft.test.base.TestBase:80 - Found Element By : By.name: GuItemKind0105KindCode
2020/07/14 23:19:14:359 DEBUG com.sinosoft.test.base.TestBase:76 - Trying to find Element By : By.id: ItemPropertyDetail0105
2020/07/14 23:19:14:466 DEBUG com.sinosoft.test.base.TestBase:80 - Found Element By : By.id: ItemPropertyDetail0105
2020/07/14 23:19:14:466 DEBUG com.sinosoft.test.base.TestBase:76 - Trying to find Element By : By.name: GuItemKind0105CalculateInd
2020/07/14 23:19:14:560 DEBUG com.sinosoft.test.base.TestBase:80 - Found Element By : By.name: GuItemKind0105CalculateInd
2020/07/14 23:19:14:560 DEBUG com.sinosoft.test.base.TestBase:76 - Trying to find Element By : By.id: ItemPropertyDetail0105
2020/07/14 23:19:14:677 DEBUG com.sinosoft.test.base.TestBase:80 - Found Element By : By.id: ItemPropertyDetail0105
2020/07/14 23:19:14:677 DEBUG com.sinosoft.test.base.TestBase:76 - Trying to find Element By : By.name: GuItemKind0105ValueType
2020/07/14 23:19:14:792 DEBUG com.sinosoft.test.base.TestBase:80 - Found Element By : By.name: GuItemKind0105ValueType
2020/07/14 23:19:14:793 DEBUG com.sinosoft.test.base.TestBase:76 - Trying to find Element By : By.id: ItemPropertyDetail0105
2020/07/14 23:19:14:887 DEBUG com.sinosoft.test.base.TestBase:80 - Found Element By : By.id: ItemPropertyDetail0105
2020/07/14 23:19:14:887 DEBUG com.sinosoft.test.base.TestBase:76 - Trying to find Element By : By.name: GuItemKind0105SumInsured
2020/07/14 23:19:15:020 DEBUG com.sinosoft.test.base.TestBase:80 - Found Element By : By.name: GuItemKind0105SumInsured
2020/07/14 23:19:15:021 DEBUG com.sinosoft.test.base.TestBase:76 - Trying to find Element By : By.id: ItemPropertyDetail0105
2020/07/14 23:19:15:138 DEBUG com.sinosoft.test.base.TestBase:80 - Found Element By : By.id: ItemPropertyDetail0105
2020/07/14 23:19:15:139 DEBUG com.sinosoft.test.base.TestBase:76 - Trying to find Element By : By.name: GuItemKind0105Rate
2020/07/14 23:19:15:269 DEBUG com.sinosoft.test.base.TestBase:80 - Found Element By : By.name: GuItemKind0105Rate
2020/07/14 23:19:15:269 DEBUG com.sinosoft.test.base.TestBase:76 - Trying to find Element By : By.id: ItemPropertyDetail0105
2020/07/14 23:19:15:411 DEBUG com.sinosoft.test.base.TestBase:80 - Found Element By : By.id: ItemPropertyDetail0105
2020/07/14 23:19:15:413 DEBUG com.sinosoft.test.base.TestBase:76 - Trying to find Element By : By.name: GuItemKind0105ShortRateFlag
2020/07/14 23:19:15:543 DEBUG com.sinosoft.test.base.TestBase:80 - Found Element By : By.name: GuItemKind0105ShortRateFlag
2020/07/14 23:19:15:543 DEBUG com.sinosoft.test.base.TestBase:76 - Trying to find Element By : By.id: ItemPropertyDetail0105
2020/07/14 23:19:15:667 DEBUG com.sinosoft.test.base.TestBase:80 - Found Element By : By.id: ItemPropertyDetail0105
2020/07/14 23:19:15:667 DEBUG com.sinosoft.test.base.TestBase:76 - Trying to find Element By : By.name: GuItemKind0105GrossPremium
2020/07/14 23:19:15:783 DEBUG com.sinosoft.test.base.TestBase:80 - Found Element By : By.name: GuItemKind0105GrossPremium
2020/07/14 23:19:15:832 DEBUG com.sinosoft.test.base.TestBase:42 - CodeSelect:开始设置[[[[InternetExplorerDriver: internet explorer on WINDOWS (91280b4c-adce-4b7c-8686-7bd65a239621)] -> id: ItemPropertyDetail0105]] -> name: GuItemKind0105KindCode] & Code=0105001
2020/07/14 23:19:17:454 DEBUG com.sinosoft.test.base.TestBase:272 - 系统窗口【黄河财险业务系统】with handle -375883dd-3618-4e9e-96e7-a964f2a3ce2c
2020/07/14 23:19:18:616 DEBUG com.sinosoft.test.base.TestBase:272 - 系统窗口【Code Select】with handle -96b07987-6762-4ba5-b231-b4a9aa639475
2020/07/14 23:19:19:139 DEBUG com.sinosoft.test.base.TestBase:69 - 初始化class com.sinosoft.test.fccp.common.CodeSelectPage
2020/07/14 23:19:19:140 DEBUG com.sinosoft.test.base.TestBase:39 - 基础码表选择！
2020/07/14 23:19:19:141 DEBUG com.sinosoft.test.base.TestBase:76 - Trying to find Element By : By.name: fieldValue
2020/07/14 23:19:19:442 DEBUG com.sinosoft.test.base.TestBase:80 - Found Element By : By.name: fieldValue
2020/07/14 23:19:19:443  INFO com.sinosoft.test.base.TestBase:360 - setEditboxValue:[[InternetExplorerDriver: internet explorer on WINDOWS (91280b4c-adce-4b7c-8686-7bd65a239621)] -> name: fieldValue]：0105001
2020/07/14 23:19:20:947  INFO com.sinosoft.test.base.TestBase:363 - setEditboxValue—End:[[InternetExplorerDriver: internet explorer on WINDOWS (91280b4c-adce-4b7c-8686-7bd65a239621)] -> name: fieldValue]：0105001
2020/07/14 23:19:20:947 DEBUG com.sinosoft.test.base.TestBase:76 - Trying to find Element By : By.xpath: //input[@value='查询(Q)']
2020/07/14 23:19:21:265 DEBUG com.sinosoft.test.base.TestBase:80 - Found Element By : By.xpath: //input[@value='查询(Q)']
2020/07/14 23:19:21:269  INFO com.sinosoft.test.base.TestBase:402 - clickButton:[[InternetExplorerDriver: internet explorer on WINDOWS (91280b4c-adce-4b7c-8686-7bd65a239621)] -> xpath: //input[@value='查询(Q)']]
2020/07/14 23:19:21:271 DEBUG com.sinosoft.test.base.TestBase:42 - Trying to click on: [[InternetExplorerDriver: internet explorer on WINDOWS (91280b4c-adce-4b7c-8686-7bd65a239621)] -> xpath: //input[@value='查询(Q)']]
2020/07/14 23:19:22:910 DEBUG com.sinosoft.test.base.TestBase:46 - Clicked on: [[InternetExplorerDriver: internet explorer on WINDOWS (91280b4c-adce-4b7c-8686-7bd65a239621)] -> xpath: //input[@value='查询(Q)']]
2020/07/14 23:19:22:910 DEBUG com.sinosoft.test.base.TestBase:76 - Trying to find Element By : By.name: codeselect
2020/07/14 23:19:23:225 DEBUG com.sinosoft.test.base.TestBase:80 - Found Element By : By.name: codeselect
2020/07/14 23:19:23:226  INFO com.sinosoft.test.base.TestBase:132 - setFuzzySelect:[[InternetExplorerDriver: internet explorer on WINDOWS (91280b4c-adce-4b7c-8686-7bd65a239621)] -> name: codeselect]->0105001
2020/07/14 23:19:23:788 DEBUG com.sinosoft.test.base.TestBase:76 - Trying to find Element By : By.tagName: option
2020/07/14 23:19:24:122 DEBUG com.sinosoft.test.base.TestBase:80 - Found Element By : By.tagName: option
2020/07/14 23:19:24:442  INFO com.sinosoft.test.base.TestBase:142 - 找到匹配【0105001】的选项：0105001--营业中断保险（2018版）条款
2020/07/14 23:19:24:442 DEBUG com.sinosoft.test.base.TestBase:76 - Trying to find Element By : By.xpath: .//option[normalize-space(.) = "0105001--营业中断保险（2018版）条款"]
2020/07/14 23:19:24:775 DEBUG com.sinosoft.test.base.TestBase:80 - Found Element By : By.xpath: .//option[normalize-space(.) = "0105001--营业中断保险（2018版）条款"]
2020/07/14 23:19:25:077 DEBUG com.sinosoft.test.base.TestBase:42 - Trying to click on: [[[[InternetExplorerDriver: internet explorer on WINDOWS (91280b4c-adce-4b7c-8686-7bd65a239621)] -> name: codeselect]] -> xpath: .//option[normalize-space(.) = "0105001--营业中断保险（2018版）条款"]]
2020/07/14 23:19:25:617 DEBUG com.sinosoft.test.base.TestBase:46 - Clicked on: [[[[InternetExplorerDriver: internet explorer on WINDOWS (91280b4c-adce-4b7c-8686-7bd65a239621)] -> name: codeselect]] -> xpath: .//option[normalize-space(.) = "0105001--营业中断保险（2018版）条款"]]
2020/07/14 23:19:25:617 DEBUG com.sinosoft.test.base.TestBase:151 - setFuzzySelect 结束！
2020/07/14 23:19:25:618 DEBUG com.sinosoft.test.base.TestBase:76 - Trying to find Element By : By.name: SelectIt
2020/07/14 23:19:25:913 DEBUG com.sinosoft.test.base.TestBase:80 - Found Element By : By.name: SelectIt
2020/07/14 23:19:25:915  INFO com.sinosoft.test.base.TestBase:416 - jsClickButton:[[InternetExplorerDriver: internet explorer on WINDOWS (91280b4c-adce-4b7c-8686-7bd65a239621)] -> name: SelectIt]
2020/07/14 23:19:25:916  INFO com.sinosoft.test.base.TestBase:144 - RunJavaScript:[[InternetExplorerDriver: internet explorer on WINDOWS (91280b4c-adce-4b7c-8686-7bd65a239621)] -> name: SelectIt]	arguments[0].click();
2020/07/14 23:19:26:833 DEBUG com.sinosoft.test.base.TestBase:272 - 系统窗口【黄河财险业务系统】with handle -375883dd-3618-4e9e-96e7-a964f2a3ce2c
2020/07/14 23:19:32:711 DEBUG com.sinosoft.test.base.TestBase:49 - CodeSelect:设置完毕[[[[InternetExplorerDriver: internet explorer on WINDOWS (91280b4c-adce-4b7c-8686-7bd65a239621)] -> id: ItemPropertyDetail0105]] -> name: GuItemKind0105KindCode] & Code=0105001
2020/07/14 23:19:32:750  INFO com.sinosoft.test.base.TestBase:96 - setSelectWithStartText:[[[[InternetExplorerDriver: internet explorer on WINDOWS (91280b4c-adce-4b7c-8686-7bd65a239621)] -> id: ItemPropertyDetail0105]] -> name: GuItemKind0105ValueType]->18
2020/07/14 23:19:32:850 DEBUG com.sinosoft.test.base.TestBase:76 - Trying to find Element By : By.tagName: option
2020/07/14 23:19:33:468 DEBUG com.sinosoft.test.base.TestBase:80 - Found Element By : By.tagName: option
2020/07/14 23:19:34:376  INFO com.sinosoft.test.base.TestBase:114 - 找到匹配【18】的选项：18-估价
2020/07/14 23:19:34:376 DEBUG com.sinosoft.test.base.TestBase:76 - Trying to find Element By : By.xpath: .//option[normalize-space(.) = "18-估价"]
2020/07/14 23:19:34:505 DEBUG com.sinosoft.test.base.TestBase:80 - Found Element By : By.xpath: .//option[normalize-space(.) = "18-估价"]
2020/07/14 23:19:34:556 DEBUG com.sinosoft.test.base.TestBase:42 - Trying to click on: [[[[[[InternetExplorerDriver: internet explorer on WINDOWS (91280b4c-adce-4b7c-8686-7bd65a239621)] -> id: ItemPropertyDetail0105]] -> name: GuItemKind0105ValueType]] -> xpath: .//option[normalize-space(.) = "18-估价"]]
2020/07/14 23:19:34:959 DEBUG com.sinosoft.test.base.TestBase:46 - Clicked on: [[[[[[InternetExplorerDriver: internet explorer on WINDOWS (91280b4c-adce-4b7c-8686-7bd65a239621)] -> id: ItemPropertyDetail0105]] -> name: GuItemKind0105ValueType]] -> xpath: .//option[normalize-space(.) = "18-估价"]]
2020/07/14 23:19:34:960 DEBUG com.sinosoft.test.base.TestBase:123 - setSelectWithStartText 结束！
2020/07/14 23:19:34:960  INFO com.sinosoft.test.base.TestBase:360 - setEditboxValue:[[[[InternetExplorerDriver: internet explorer on WINDOWS (91280b4c-adce-4b7c-8686-7bd65a239621)] -> id: ItemPropertyDetail0105]] -> name: GuItemKind0105SumInsured]：200000
2020/07/14 23:19:36:198  INFO com.sinosoft.test.base.TestBase:363 - setEditboxValue—End:[[[[InternetExplorerDriver: internet explorer on WINDOWS (91280b4c-adce-4b7c-8686-7bd65a239621)] -> id: ItemPropertyDetail0105]] -> name: GuItemKind0105SumInsured]：200000
2020/07/14 23:19:36:198  INFO com.sinosoft.test.base.TestBase:388 - setEditboxTValue:[[[[InternetExplorerDriver: internet explorer on WINDOWS (91280b4c-adce-4b7c-8686-7bd65a239621)] -> id: ItemPropertyDetail0105]] -> name: GuItemKind0105Rate]->3
2020/07/14 23:19:42:326  INFO com.sinosoft.test.base.TestBase:388 - setEditboxTValue:[[[[InternetExplorerDriver: internet explorer on WINDOWS (91280b4c-adce-4b7c-8686-7bd65a239621)] -> id: ItemPropertyDetail0105]] -> name: GuItemKind0105GrossPremium]->4000
2020/07/14 23:19:48:632 DEBUG com.sinosoft.test.base.TestBase:76 - Trying to find Element By : By.id: saveButton
2020/07/14 23:19:48:733 DEBUG com.sinosoft.test.base.TestBase:80 - Found Element By : By.id: saveButton
2020/07/14 23:19:48:733  INFO com.sinosoft.test.base.TestBase:402 - clickButton:[[InternetExplorerDriver: internet explorer on WINDOWS (91280b4c-adce-4b7c-8686-7bd65a239621)] -> id: saveButton]
2020/07/14 23:19:48:734 DEBUG com.sinosoft.test.base.TestBase:76 - Trying to find Element By : By.id: saveButton
2020/07/14 23:19:48:850 DEBUG com.sinosoft.test.base.TestBase:80 - Found Element By : By.id: saveButton
2020/07/14 23:19:48:852 DEBUG com.sinosoft.test.base.TestBase:42 - Trying to click on: [[InternetExplorerDriver: internet explorer on WINDOWS (91280b4c-adce-4b7c-8686-7bd65a239621)] -> id: saveButton]
2020/07/14 23:19:50:463 DEBUG com.sinosoft.test.base.TestBase:46 - Clicked on: [[InternetExplorerDriver: internet explorer on WINDOWS (91280b4c-adce-4b7c-8686-7bd65a239621)] -> id: saveButton]
2020/07/14 23:19:54:926 DEBUG com.sinosoft.test.base.TestBase:76 - Trying to find Element By : By.xpath: //td[text()='条款信息']
2020/07/14 23:19:55:019 DEBUG com.sinosoft.test.base.TestBase:80 - Found Element By : By.xpath: //td[text()='条款信息']
2020/07/14 23:19:55:019  INFO com.sinosoft.test.base.TestBase:402 - clickButton:[[InternetExplorerDriver: internet explorer on WINDOWS (91280b4c-adce-4b7c-8686-7bd65a239621)] -> xpath: //td[text()='条款信息']]
2020/07/14 23:19:55:019 DEBUG com.sinosoft.test.base.TestBase:42 - Trying to click on: [[InternetExplorerDriver: internet explorer on WINDOWS (91280b4c-adce-4b7c-8686-7bd65a239621)] -> xpath: //td[text()='条款信息']]
2020/07/14 23:19:57:798 DEBUG com.sinosoft.test.base.TestBase:46 - Clicked on: [[InternetExplorerDriver: internet explorer on WINDOWS (91280b4c-adce-4b7c-8686-7bd65a239621)] -> xpath: //td[text()='条款信息']]
2020/07/14 23:20:03:493 DEBUG com.sinosoft.test.base.TestBase:69 - 初始化class com.sinosoft.test.fccp.tbcl.RiskDetail_TermsPage
2020/07/14 23:20:09:097 DEBUG com.sinosoft.test.base.TestBase:76 - Trying to find Element By : By.id: saveButton
2020/07/14 23:20:09:180 DEBUG com.sinosoft.test.base.TestBase:80 - Found Element By : By.id: saveButton
2020/07/14 23:20:09:181  INFO com.sinosoft.test.base.TestBase:402 - clickButton:[[InternetExplorerDriver: internet explorer on WINDOWS (91280b4c-adce-4b7c-8686-7bd65a239621)] -> id: saveButton]
2020/07/14 23:20:09:181 DEBUG com.sinosoft.test.base.TestBase:76 - Trying to find Element By : By.id: saveButton
2020/07/14 23:20:09:283 DEBUG com.sinosoft.test.base.TestBase:80 - Found Element By : By.id: saveButton
2020/07/14 23:20:09:283 DEBUG com.sinosoft.test.base.TestBase:42 - Trying to click on: [[InternetExplorerDriver: internet explorer on WINDOWS (91280b4c-adce-4b7c-8686-7bd65a239621)] -> id: saveButton]
2020/07/14 23:20:10:738 DEBUG com.sinosoft.test.base.TestBase:46 - Clicked on: [[InternetExplorerDriver: internet explorer on WINDOWS (91280b4c-adce-4b7c-8686-7bd65a239621)] -> id: saveButton]
2020/07/14 23:20:10:739 DEBUG com.sinosoft.test.base.TestBase:88 - 截屏文件名字是：FCCB_TB_JCX_1条款信息页面
2020/07/14 23:20:13:887 DEBUG com.sinosoft.test.base.TestBase:76 - Trying to find Element By : By.xpath: //td[text()='联共保信息']
2020/07/14 23:20:13:962 DEBUG com.sinosoft.test.base.TestBase:80 - Found Element By : By.xpath: //td[text()='联共保信息']
2020/07/14 23:20:13:963  INFO com.sinosoft.test.base.TestBase:402 - clickButton:[[InternetExplorerDriver: internet explorer on WINDOWS (91280b4c-adce-4b7c-8686-7bd65a239621)] -> xpath: //td[text()='联共保信息']]
2020/07/14 23:20:13:963 DEBUG com.sinosoft.test.base.TestBase:42 - Trying to click on: [[InternetExplorerDriver: internet explorer on WINDOWS (91280b4c-adce-4b7c-8686-7bd65a239621)] -> xpath: //td[text()='联共保信息']]
2020/07/14 23:20:16:673 DEBUG com.sinosoft.test.base.TestBase:46 - Clicked on: [[InternetExplorerDriver: internet explorer on WINDOWS (91280b4c-adce-4b7c-8686-7bd65a239621)] -> xpath: //td[text()='联共保信息']]
2020/07/14 23:20:21:918 DEBUG com.sinosoft.test.base.TestBase:69 - 初始化class com.sinosoft.test.fccp.tbcl.RiskDetail_CoInsuredPage
2020/07/14 23:20:27:371 DEBUG com.sinosoft.test.base.TestBase:76 - Trying to find Element By : By.xpath: //table[@id='Coinsurance']/tbody/tr[last()]/td/p/input[@name='buttonCoinsuranceDetailInfo']
2020/07/14 23:20:27:453 DEBUG com.sinosoft.test.base.TestBase:80 - Found Element By : By.xpath: //table[@id='Coinsurance']/tbody/tr[last()]/td/p/input[@name='buttonCoinsuranceDetailInfo']
2020/07/14 23:20:27:453  INFO com.sinosoft.test.base.TestBase:416 - jsClickButton:[[InternetExplorerDriver: internet explorer on WINDOWS (91280b4c-adce-4b7c-8686-7bd65a239621)] -> xpath: //table[@id='Coinsurance']/tbody/tr[last()]/td/p/input[@name='buttonCoinsuranceDetailInfo']]
2020/07/14 23:20:27:454 DEBUG com.sinosoft.test.base.TestBase:76 - Trying to find Element By : By.xpath: //table[@id='Coinsurance']/tbody/tr[last()]/td/p/input[@name='buttonCoinsuranceDetailInfo']
2020/07/14 23:20:27:549 DEBUG com.sinosoft.test.base.TestBase:80 - Found Element By : By.xpath: //table[@id='Coinsurance']/tbody/tr[last()]/td/p/input[@name='buttonCoinsuranceDetailInfo']
2020/07/14 23:20:27:550  INFO com.sinosoft.test.base.TestBase:144 - RunJavaScript:[[InternetExplorerDriver: internet explorer on WINDOWS (91280b4c-adce-4b7c-8686-7bd65a239621)] -> xpath: //table[@id='Coinsurance']/tbody/tr[last()]/td/p/input[@name='buttonCoinsuranceDetailInfo']]	arguments[0].click();
2020/07/14 23:20:27:550 DEBUG com.sinosoft.test.base.TestBase:76 - Trying to find Element By : By.xpath: //table[@id='Coinsurance']/tbody/tr[last()]/td/p/input[@name='buttonCoinsuranceDetailInfo']
2020/07/14 23:20:27:633 DEBUG com.sinosoft.test.base.TestBase:80 - Found Element By : By.xpath: //table[@id='Coinsurance']/tbody/tr[last()]/td/p/input[@name='buttonCoinsuranceDetailInfo']
2020/07/14 23:20:27:728 DEBUG com.sinosoft.test.base.TestBase:76 - Trying to find Element By : By.xpath: //table[@id='Coinsurance']/tbody/tr[last()]/td/span[@id='span_ConinsuranceDetailInfo_SubPage']
2020/07/14 23:20:27:837 DEBUG com.sinosoft.test.base.TestBase:80 - Found Element By : By.xpath: //table[@id='Coinsurance']/tbody/tr[last()]/td/span[@id='span_ConinsuranceDetailInfo_SubPage']
2020/07/14 23:20:27:837 DEBUG com.sinosoft.test.base.TestBase:76 - Trying to find Element By : By.name: GuCoinsuranceCoinsRate
2020/07/14 23:20:27:939 DEBUG com.sinosoft.test.base.TestBase:80 - Found Element By : By.name: GuCoinsuranceCoinsRate
2020/07/14 23:20:27:940 DEBUG com.sinosoft.test.base.TestBase:76 - Trying to find Element By : By.xpath: //table[@id='Coinsurance']/tbody/tr[last()]/td/span[@id='span_ConinsuranceDetailInfo_SubPage']
2020/07/14 23:20:28:020 DEBUG com.sinosoft.test.base.TestBase:80 - Found Element By : By.xpath: //table[@id='Coinsurance']/tbody/tr[last()]/td/span[@id='span_ConinsuranceDetailInfo_SubPage']
2020/07/14 23:20:28:021 DEBUG com.sinosoft.test.base.TestBase:76 - Trying to find Element By : By.name: GuCoinsuranceCoinsPremium
2020/07/14 23:20:28:078 DEBUG com.sinosoft.test.base.TestBase:80 - Found Element By : By.name: GuCoinsuranceCoinsPremium
2020/07/14 23:20:28:080  INFO com.sinosoft.test.base.TestBase:360 - setEditboxValue:[[[[InternetExplorerDriver: internet explorer on WINDOWS (91280b4c-adce-4b7c-8686-7bd65a239621)] -> xpath: //table[@id='Coinsurance']/tbody/tr[last()]/td/span[@id='span_ConinsuranceDetailInfo_SubPage']]] -> name: GuCoinsuranceCoinsRate]：60
2020/07/14 23:20:29:075  INFO com.sinosoft.test.base.TestBase:363 - setEditboxValue—End:[[[[InternetExplorerDriver: internet explorer on WINDOWS (91280b4c-adce-4b7c-8686-7bd65a239621)] -> xpath: //table[@id='Coinsurance']/tbody/tr[last()]/td/span[@id='span_ConinsuranceDetailInfo_SubPage']]] -> name: GuCoinsuranceCoinsRate]：60
2020/07/14 23:20:29:075  INFO com.sinosoft.test.base.TestBase:406 - clickElement:[[[[InternetExplorerDriver: internet explorer on WINDOWS (91280b4c-adce-4b7c-8686-7bd65a239621)] -> xpath: //table[@id='Coinsurance']/tbody/tr[last()]/td/span[@id='span_ConinsuranceDetailInfo_SubPage']]] -> name: GuCoinsuranceCoinsPremium]
2020/07/14 23:20:29:076 DEBUG com.sinosoft.test.base.TestBase:42 - Trying to click on: [[[[InternetExplorerDriver: internet explorer on WINDOWS (91280b4c-adce-4b7c-8686-7bd65a239621)] -> xpath: //table[@id='Coinsurance']/tbody/tr[last()]/td/span[@id='span_ConinsuranceDetailInfo_SubPage']]] -> name: GuCoinsuranceCoinsPremium]
2020/07/14 23:20:30:457 DEBUG com.sinosoft.test.base.TestBase:46 - Clicked on: [[[[InternetExplorerDriver: internet explorer on WINDOWS (91280b4c-adce-4b7c-8686-7bd65a239621)] -> xpath: //table[@id='Coinsurance']/tbody/tr[last()]/td/span[@id='span_ConinsuranceDetailInfo_SubPage']]] -> name: GuCoinsuranceCoinsPremium]
2020/07/14 23:20:32:458 DEBUG com.sinosoft.test.base.TestBase:76 - Trying to find Element By : By.xpath: //table[@id='Coinsurance']/tbody/tr[last()]/td/span[@id='span_ConinsuranceDetailInfo_SubPage']
2020/07/14 23:20:32:563 DEBUG com.sinosoft.test.base.TestBase:80 - Found Element By : By.xpath: //table[@id='Coinsurance']/tbody/tr[last()]/td/span[@id='span_ConinsuranceDetailInfo_SubPage']
2020/07/14 23:20:32:563 DEBUG com.sinosoft.test.base.TestBase:76 - Trying to find Element By : By.name: button_CoinsuranceDetailInfo_Close
2020/07/14 23:20:32:667 DEBUG com.sinosoft.test.base.TestBase:80 - Found Element By : By.name: button_CoinsuranceDetailInfo_Close
2020/07/14 23:20:32:667  INFO com.sinosoft.test.base.TestBase:402 - clickButton:[[[[InternetExplorerDriver: internet explorer on WINDOWS (91280b4c-adce-4b7c-8686-7bd65a239621)] -> xpath: //table[@id='Coinsurance']/tbody/tr[last()]/td/span[@id='span_ConinsuranceDetailInfo_SubPage']]] -> name: button_CoinsuranceDetailInfo_Close]
2020/07/14 23:20:32:668 DEBUG com.sinosoft.test.base.TestBase:42 - Trying to click on: [[[[InternetExplorerDriver: internet explorer on WINDOWS (91280b4c-adce-4b7c-8686-7bd65a239621)] -> xpath: //table[@id='Coinsurance']/tbody/tr[last()]/td/span[@id='span_ConinsuranceDetailInfo_SubPage']]] -> name: button_CoinsuranceDetailInfo_Close]
2020/07/14 23:20:34:022 DEBUG com.sinosoft.test.base.TestBase:46 - Clicked on: [[[[InternetExplorerDriver: internet explorer on WINDOWS (91280b4c-adce-4b7c-8686-7bd65a239621)] -> xpath: //table[@id='Coinsurance']/tbody/tr[last()]/td/span[@id='span_ConinsuranceDetailInfo_SubPage']]] -> name: button_CoinsuranceDetailInfo_Close]
2020/07/14 23:20:34:022 DEBUG com.sinosoft.test.base.TestBase:60 - 处理完主保方信息
2020/07/14 23:20:34:022 DEBUG com.sinosoft.test.base.TestBase:76 - Trying to find Element By : By.name: buttonProductCoinsuranceAdd
2020/07/14 23:20:34:108 DEBUG com.sinosoft.test.base.TestBase:80 - Found Element By : By.name: buttonProductCoinsuranceAdd
2020/07/14 23:20:34:110  INFO com.sinosoft.test.base.TestBase:416 - jsClickButton:[[InternetExplorerDriver: internet explorer on WINDOWS (91280b4c-adce-4b7c-8686-7bd65a239621)] -> name: buttonProductCoinsuranceAdd]
2020/07/14 23:20:34:111 DEBUG com.sinosoft.test.base.TestBase:76 - Trying to find Element By : By.name: buttonProductCoinsuranceAdd
2020/07/14 23:20:34:216 DEBUG com.sinosoft.test.base.TestBase:80 - Found Element By : By.name: buttonProductCoinsuranceAdd
2020/07/14 23:20:34:216  INFO com.sinosoft.test.base.TestBase:144 - RunJavaScript:[[InternetExplorerDriver: internet explorer on WINDOWS (91280b4c-adce-4b7c-8686-7bd65a239621)] -> name: buttonProductCoinsuranceAdd]	arguments[0].click();
2020/07/14 23:20:34:218 DEBUG com.sinosoft.test.base.TestBase:76 - Trying to find Element By : By.name: buttonProductCoinsuranceAdd
2020/07/14 23:20:34:275 DEBUG com.sinosoft.test.base.TestBase:80 - Found Element By : By.name: buttonProductCoinsuranceAdd
2020/07/14 23:20:34:363 DEBUG com.sinosoft.test.base.TestBase:63 - 开始处理共保方信息
2020/07/14 23:20:34:363 DEBUG com.sinosoft.test.base.TestBase:76 - Trying to find Element By : By.xpath: //table[@id='Coinsurance']/tbody/tr[last()]/td/p/input[@name='buttonCoinsuranceDetailInfo']
2020/07/14 23:20:34:432 DEBUG com.sinosoft.test.base.TestBase:80 - Found Element By : By.xpath: //table[@id='Coinsurance']/tbody/tr[last()]/td/p/input[@name='buttonCoinsuranceDetailInfo']
2020/07/14 23:20:34:432  INFO com.sinosoft.test.base.TestBase:416 - jsClickButton:[[InternetExplorerDriver: internet explorer on WINDOWS (91280b4c-adce-4b7c-8686-7bd65a239621)] -> xpath: //table[@id='Coinsurance']/tbody/tr[last()]/td/p/input[@name='buttonCoinsuranceDetailInfo']]
2020/07/14 23:20:34:432 DEBUG com.sinosoft.test.base.TestBase:76 - Trying to find Element By : By.xpath: //table[@id='Coinsurance']/tbody/tr[last()]/td/p/input[@name='buttonCoinsuranceDetailInfo']
2020/07/14 23:20:34:491 DEBUG com.sinosoft.test.base.TestBase:80 - Found Element By : By.xpath: //table[@id='Coinsurance']/tbody/tr[last()]/td/p/input[@name='buttonCoinsuranceDetailInfo']
2020/07/14 23:20:34:492  INFO com.sinosoft.test.base.TestBase:144 - RunJavaScript:[[InternetExplorerDriver: internet explorer on WINDOWS (91280b4c-adce-4b7c-8686-7bd65a239621)] -> xpath: //table[@id='Coinsurance']/tbody/tr[last()]/td/p/input[@name='buttonCoinsuranceDetailInfo']]	arguments[0].click();
2020/07/14 23:20:34:493 DEBUG com.sinosoft.test.base.TestBase:76 - Trying to find Element By : By.xpath: //table[@id='Coinsurance']/tbody/tr[last()]/td/p/input[@name='buttonCoinsuranceDetailInfo']
2020/07/14 23:20:34:546 DEBUG com.sinosoft.test.base.TestBase:80 - Found Element By : By.xpath: //table[@id='Coinsurance']/tbody/tr[last()]/td/p/input[@name='buttonCoinsuranceDetailInfo']
2020/07/14 23:20:36:638 DEBUG com.sinosoft.test.base.TestBase:68 - 打开了共保方的页面
2020/07/14 23:20:36:638 DEBUG com.sinosoft.test.base.TestBase:76 - Trying to find Element By : By.xpath: //table[@id='Coinsurance']/tbody/tr[last()]/td/span[@id='span_ConinsuranceDetailInfo_SubPage']
2020/07/14 23:20:36:736 DEBUG com.sinosoft.test.base.TestBase:80 - Found Element By : By.xpath: //table[@id='Coinsurance']/tbody/tr[last()]/td/span[@id='span_ConinsuranceDetailInfo_SubPage']
2020/07/14 23:20:36:736 DEBUG com.sinosoft.test.base.TestBase:76 - Trying to find Element By : By.name: GuCoinsuranceCoinsCode
2020/07/14 23:20:36:831 DEBUG com.sinosoft.test.base.TestBase:80 - Found Element By : By.name: GuCoinsuranceCoinsCode
2020/07/14 23:20:36:831 DEBUG com.sinosoft.test.base.TestBase:76 - Trying to find Element By : By.xpath: //table[@id='Coinsurance']/tbody/tr[last()]/td/span[@id='span_ConinsuranceDetailInfo_SubPage']
2020/07/14 23:20:36:913 DEBUG com.sinosoft.test.base.TestBase:80 - Found Element By : By.xpath: //table[@id='Coinsurance']/tbody/tr[last()]/td/span[@id='span_ConinsuranceDetailInfo_SubPage']
2020/07/14 23:20:36:913 DEBUG com.sinosoft.test.base.TestBase:76 - Trying to find Element By : By.name: GuCoinsuranceCoinsCodeTwo
2020/07/14 23:20:36:994 DEBUG com.sinosoft.test.base.TestBase:80 - Found Element By : By.name: GuCoinsuranceCoinsCodeTwo
2020/07/14 23:20:36:995 DEBUG com.sinosoft.test.base.TestBase:76 - Trying to find Element By : By.xpath: //table[@id='Coinsurance']/tbody/tr[last()]/td/span[@id='span_ConinsuranceDetailInfo_SubPage']
2020/07/14 23:20:37:077 DEBUG com.sinosoft.test.base.TestBase:80 - Found Element By : By.xpath: //table[@id='Coinsurance']/tbody/tr[last()]/td/span[@id='span_ConinsuranceDetailInfo_SubPage']
2020/07/14 23:20:37:077 DEBUG com.sinosoft.test.base.TestBase:76 - Trying to find Element By : By.name: GuCoinsuranceCoinsCodeThree
2020/07/14 23:20:37:146 DEBUG com.sinosoft.test.base.TestBase:80 - Found Element By : By.name: GuCoinsuranceCoinsCodeThree
2020/07/14 23:20:37:147 DEBUG com.sinosoft.test.base.TestBase:76 - Trying to find Element By : By.xpath: //table[@id='Coinsurance']/tbody/tr[last()]/td/span[@id='span_ConinsuranceDetailInfo_SubPage']
2020/07/14 23:20:37:218 DEBUG com.sinosoft.test.base.TestBase:80 - Found Element By : By.xpath: //table[@id='Coinsurance']/tbody/tr[last()]/td/span[@id='span_ConinsuranceDetailInfo_SubPage']
2020/07/14 23:20:37:218 DEBUG com.sinosoft.test.base.TestBase:76 - Trying to find Element By : By.name: GuCoinsuranceCoinsRate
2020/07/14 23:20:37:288 DEBUG com.sinosoft.test.base.TestBase:80 - Found Element By : By.name: GuCoinsuranceCoinsRate
2020/07/14 23:20:37:289 DEBUG com.sinosoft.test.base.TestBase:76 - Trying to find Element By : By.xpath: //table[@id='Coinsurance']/tbody/tr[last()]/td/span[@id='span_ConinsuranceDetailInfo_SubPage']
2020/07/14 23:20:37:374 DEBUG com.sinosoft.test.base.TestBase:80 - Found Element By : By.xpath: //table[@id='Coinsurance']/tbody/tr[last()]/td/span[@id='span_ConinsuranceDetailInfo_SubPage']
2020/07/14 23:20:37:374 DEBUG com.sinosoft.test.base.TestBase:76 - Trying to find Element By : By.name: CoinsPremiumAcceptInd02
2020/07/14 23:20:37:551 DEBUG com.sinosoft.test.base.TestBase:80 - Found Element By : By.name: CoinsPremiumAcceptInd02
2020/07/14 23:20:37:603 DEBUG com.sinosoft.test.base.TestBase:63 - SetCodeEditBox:开始设置:[[[[InternetExplorerDriver: internet explorer on WINDOWS (91280b4c-adce-4b7c-8686-7bd65a239621)] -> xpath: //table[@id='Coinsurance']/tbody/tr[last()]/td/span[@id='span_ConinsuranceDetailInfo_SubPage']]] -> name: GuCoinsuranceCoinsCode] & Code=0001
2020/07/14 23:20:38:892 DEBUG com.sinosoft.test.base.TestBase:76 - Trying to find Element By : By.xpath: ../input[last()]
2020/07/14 23:20:38:985 DEBUG com.sinosoft.test.base.TestBase:80 - Found Element By : By.xpath: ../input[last()]
2020/07/14 23:20:39:207  INFO com.sinosoft.test.base.TestBase:71 - SetCodeEditBox:找到了Code对应的文本显示框并点击触发显示:GuCoinsuranceCoinsName
2020/07/14 23:20:39:209 DEBUG com.sinosoft.test.base.TestBase:42 - Trying to click on: [[[[[[InternetExplorerDriver: internet explorer on WINDOWS (91280b4c-adce-4b7c-8686-7bd65a239621)] -> xpath: //table[@id='Coinsurance']/tbody/tr[last()]/td/span[@id='span_ConinsuranceDetailInfo_SubPage']]] -> name: GuCoinsuranceCoinsCode]] -> xpath: ../input[last()]]
2020/07/14 23:20:40:598 DEBUG com.sinosoft.test.base.TestBase:46 - Clicked on: [[[[[[InternetExplorerDriver: internet explorer on WINDOWS (91280b4c-adce-4b7c-8686-7bd65a239621)] -> xpath: //table[@id='Coinsurance']/tbody/tr[last()]/td/span[@id='span_ConinsuranceDetailInfo_SubPage']]] -> name: GuCoinsuranceCoinsCode]] -> xpath: ../input[last()]]
2020/07/14 23:20:40:800 DEBUG com.sinosoft.test.base.TestBase:87 - SetCodeEditBox:设置完毕[[[[InternetExplorerDriver: internet explorer on WINDOWS (91280b4c-adce-4b7c-8686-7bd65a239621)] -> xpath: //table[@id='Coinsurance']/tbody/tr[last()]/td/span[@id='span_ConinsuranceDetailInfo_SubPage']]] -> name: GuCoinsuranceCoinsCode],设置值 Code=0001
2020/07/14 23:20:40:876 DEBUG com.sinosoft.test.base.TestBase:63 - SetCodeEditBox:开始设置:[[[[InternetExplorerDriver: internet explorer on WINDOWS (91280b4c-adce-4b7c-8686-7bd65a239621)] -> xpath: //table[@id='Coinsurance']/tbody/tr[last()]/td/span[@id='span_ConinsuranceDetailInfo_SubPage']]] -> name: GuCoinsuranceCoinsCodeTwo] & Code=000101
2020/07/14 23:20:42:190 DEBUG com.sinosoft.test.base.TestBase:76 - Trying to find Element By : By.xpath: ../input[last()]
2020/07/14 23:20:42:320 DEBUG com.sinosoft.test.base.TestBase:80 - Found Element By : By.xpath: ../input[last()]
2020/07/14 23:20:42:536  INFO com.sinosoft.test.base.TestBase:71 - SetCodeEditBox:找到了Code对应的文本显示框并点击触发显示:GuCoinsuranceCoinsNameTwo
2020/07/14 23:20:42:537 DEBUG com.sinosoft.test.base.TestBase:42 - Trying to click on: [[[[[[InternetExplorerDriver: internet explorer on WINDOWS (91280b4c-adce-4b7c-8686-7bd65a239621)] -> xpath: //table[@id='Coinsurance']/tbody/tr[last()]/td/span[@id='span_ConinsuranceDetailInfo_SubPage']]] -> name: GuCoinsuranceCoinsCodeTwo]] -> xpath: ../input[last()]]
2020/07/14 23:20:43:945 DEBUG com.sinosoft.test.base.TestBase:46 - Clicked on: [[[[[[InternetExplorerDriver: internet explorer on WINDOWS (91280b4c-adce-4b7c-8686-7bd65a239621)] -> xpath: //table[@id='Coinsurance']/tbody/tr[last()]/td/span[@id='span_ConinsuranceDetailInfo_SubPage']]] -> name: GuCoinsuranceCoinsCodeTwo]] -> xpath: ../input[last()]]
2020/07/14 23:20:44:146 DEBUG com.sinosoft.test.base.TestBase:87 - SetCodeEditBox:设置完毕[[[[InternetExplorerDriver: internet explorer on WINDOWS (91280b4c-adce-4b7c-8686-7bd65a239621)] -> xpath: //table[@id='Coinsurance']/tbody/tr[last()]/td/span[@id='span_ConinsuranceDetailInfo_SubPage']]] -> name: GuCoinsuranceCoinsCodeTwo],设置值 Code=000101
2020/07/14 23:20:44:146  INFO com.sinosoft.test.base.TestBase:360 - setEditboxValue:[[[[InternetExplorerDriver: internet explorer on WINDOWS (91280b4c-adce-4b7c-8686-7bd65a239621)] -> xpath: //table[@id='Coinsurance']/tbody/tr[last()]/td/span[@id='span_ConinsuranceDetailInfo_SubPage']]] -> name: GuCoinsuranceCoinsCodeThree]：000101001
2020/07/14 23:20:45:334  INFO com.sinosoft.test.base.TestBase:363 - setEditboxValue—End:[[[[InternetExplorerDriver: internet explorer on WINDOWS (91280b4c-adce-4b7c-8686-7bd65a239621)] -> xpath: //table[@id='Coinsurance']/tbody/tr[last()]/td/span[@id='span_ConinsuranceDetailInfo_SubPage']]] -> name: GuCoinsuranceCoinsCodeThree]：000101001
2020/07/14 23:20:45:335  INFO com.sinosoft.test.base.TestBase:360 - setEditboxValue:[[[[InternetExplorerDriver: internet explorer on WINDOWS (91280b4c-adce-4b7c-8686-7bd65a239621)] -> xpath: //table[@id='Coinsurance']/tbody/tr[last()]/td/span[@id='span_ConinsuranceDetailInfo_SubPage']]] -> name: GuCoinsuranceCoinsRate]：40
2020/07/14 23:20:46:485  INFO com.sinosoft.test.base.TestBase:363 - setEditboxValue—End:[[[[InternetExplorerDriver: internet explorer on WINDOWS (91280b4c-adce-4b7c-8686-7bd65a239621)] -> xpath: //table[@id='Coinsurance']/tbody/tr[last()]/td/span[@id='span_ConinsuranceDetailInfo_SubPage']]] -> name: GuCoinsuranceCoinsRate]：40
2020/07/14 23:20:46:486  INFO com.sinosoft.test.base.TestBase:321 - setEditboxTValue:[[[[[InternetExplorerDriver: internet explorer on WINDOWS (91280b4c-adce-4b7c-8686-7bd65a239621)] -> xpath: //table[@id='Coinsurance']/tbody/tr[last()]/td/span[@id='span_ConinsuranceDetailInfo_SubPage']]] -> name: CoinsPremiumAcceptInd02], [[[[InternetExplorerDriver: internet explorer on WINDOWS (91280b4c-adce-4b7c-8686-7bd65a239621)] -> xpath: //table[@id='Coinsurance']/tbody/tr[last()]/td/span[@id='span_ConinsuranceDetailInfo_SubPage']]] -> name: CoinsPremiumAcceptInd02]]：0
2020/07/14 23:20:46:610  INFO com.sinosoft.test.base.TestBase:144 - RunJavaScript:[[[[InternetExplorerDriver: internet explorer on WINDOWS (91280b4c-adce-4b7c-8686-7bd65a239621)] -> xpath: //table[@id='Coinsurance']/tbody/tr[last()]/td/span[@id='span_ConinsuranceDetailInfo_SubPage']]] -> name: CoinsPremiumAcceptInd02]	arguments[0].click();
2020/07/14 23:20:46:658 DEBUG com.sinosoft.test.base.TestBase:76 - Trying to find Element By : By.xpath: //table[@id='Coinsurance']/tbody/tr[last()]/td/span[@id='span_ConinsuranceDetailInfo_SubPage']
2020/07/14 23:20:46:765 DEBUG com.sinosoft.test.base.TestBase:80 - Found Element By : By.xpath: //table[@id='Coinsurance']/tbody/tr[last()]/td/span[@id='span_ConinsuranceDetailInfo_SubPage']
2020/07/14 23:20:46:766 DEBUG com.sinosoft.test.base.TestBase:76 - Trying to find Element By : By.name: button_CoinsuranceDetailInfo_Close
2020/07/14 23:20:46:884 DEBUG com.sinosoft.test.base.TestBase:80 - Found Element By : By.name: button_CoinsuranceDetailInfo_Close
2020/07/14 23:20:46:885  INFO com.sinosoft.test.base.TestBase:416 - jsClickButton:[[[[InternetExplorerDriver: internet explorer on WINDOWS (91280b4c-adce-4b7c-8686-7bd65a239621)] -> xpath: //table[@id='Coinsurance']/tbody/tr[last()]/td/span[@id='span_ConinsuranceDetailInfo_SubPage']]] -> name: button_CoinsuranceDetailInfo_Close]
2020/07/14 23:20:46:885  INFO com.sinosoft.test.base.TestBase:144 - RunJavaScript:[[[[InternetExplorerDriver: internet explorer on WINDOWS (91280b4c-adce-4b7c-8686-7bd65a239621)] -> xpath: //table[@id='Coinsurance']/tbody/tr[last()]/td/span[@id='span_ConinsuranceDetailInfo_SubPage']]] -> name: button_CoinsuranceDetailInfo_Close]	arguments[0].click();
2020/07/14 23:20:46:987 DEBUG com.sinosoft.test.base.TestBase:76 - Trying to find Element By : By.id: saveButton
2020/07/14 23:20:47:069 DEBUG com.sinosoft.test.base.TestBase:80 - Found Element By : By.id: saveButton
2020/07/14 23:20:47:070  INFO com.sinosoft.test.base.TestBase:416 - jsClickButton:[[InternetExplorerDriver: internet explorer on WINDOWS (91280b4c-adce-4b7c-8686-7bd65a239621)] -> id: saveButton]
2020/07/14 23:20:47:070 DEBUG com.sinosoft.test.base.TestBase:76 - Trying to find Element By : By.id: saveButton
2020/07/14 23:20:47:127 DEBUG com.sinosoft.test.base.TestBase:80 - Found Element By : By.id: saveButton
2020/07/14 23:20:47:128  INFO com.sinosoft.test.base.TestBase:144 - RunJavaScript:[[InternetExplorerDriver: internet explorer on WINDOWS (91280b4c-adce-4b7c-8686-7bd65a239621)] -> id: saveButton]	arguments[0].click();
2020/07/14 23:20:47:128 DEBUG com.sinosoft.test.base.TestBase:76 - Trying to find Element By : By.id: saveButton
2020/07/14 23:20:47:211 DEBUG com.sinosoft.test.base.TestBase:80 - Found Element By : By.id: saveButton
2020/07/14 23:20:47:418 DEBUG com.sinosoft.test.base.TestBase:88 - 截屏文件名字是：FCCB_TB_JCX_1联共保信息页面
2020/07/14 23:20:48:170 DEBUG com.sinosoft.test.base.TestBase:76 - Trying to find Element By : By.xpath: //td[text()='保单费用信息']
2020/07/14 23:20:48:240 DEBUG com.sinosoft.test.base.TestBase:80 - Found Element By : By.xpath: //td[text()='保单费用信息']
2020/07/14 23:20:48:241  INFO com.sinosoft.test.base.TestBase:416 - jsClickButton:[[InternetExplorerDriver: internet explorer on WINDOWS (91280b4c-adce-4b7c-8686-7bd65a239621)] -> xpath: //td[text()='保单费用信息']]
2020/07/14 23:20:48:241  INFO com.sinosoft.test.base.TestBase:144 - RunJavaScript:[[InternetExplorerDriver: internet explorer on WINDOWS (91280b4c-adce-4b7c-8686-7bd65a239621)] -> xpath: //td[text()='保单费用信息']]	arguments[0].click();
2020/07/14 23:20:49:314 DEBUG com.sinosoft.test.base.TestBase:69 - 初始化class com.sinosoft.test.fccp.tbcl.PolicyFeePage
2020/07/14 23:20:49:314 DEBUG com.sinosoft.test.base.TestBase:36 - 初始化PolicyFeePage：
2020/07/14 23:20:52:237 DEBUG com.sinosoft.test.base.TestBase:76 - Trying to find Element By : By.name: GuMainXsfInd
2020/07/14 23:20:52:364 DEBUG com.sinosoft.test.base.TestBase:80 - Found Element By : By.name: GuMainXsfInd
2020/07/14 23:20:52:365 DEBUG com.sinosoft.test.base.TestBase:76 - Trying to find Element By : By.name: GuMainFsh
2020/07/14 23:20:52:435 DEBUG com.sinosoft.test.base.TestBase:80 - Found Element By : By.name: GuMainFsh
2020/07/14 23:20:52:436  INFO com.sinosoft.test.base.TestBase:388 - setEditboxTValue:[[InternetExplorerDriver: internet explorer on WINDOWS (91280b4c-adce-4b7c-8686-7bd65a239621)] -> name: GuMainFsh]->6
2020/07/14 23:20:52:436 DEBUG com.sinosoft.test.base.TestBase:76 - Trying to find Element By : By.name: GuMainFsh
2020/07/14 23:20:52:530 DEBUG com.sinosoft.test.base.TestBase:80 - Found Element By : By.name: GuMainFsh
2020/07/14 23:20:52:957 DEBUG com.sinosoft.test.base.TestBase:76 - Trying to find Element By : By.name: GuMainFsh
2020/07/14 23:20:53:019 DEBUG com.sinosoft.test.base.TestBase:80 - Found Element By : By.name: GuMainFsh
2020/07/14 23:20:58:523 DEBUG com.sinosoft.test.base.TestBase:42 - CodeSelect:开始设置[[InternetExplorerDriver: internet explorer on WINDOWS (91280b4c-adce-4b7c-8686-7bd65a239621)] -> name: GuMainXsfInd] & Code=B
2020/07/14 23:20:59:939 DEBUG com.sinosoft.test.base.TestBase:272 - 系统窗口【黄河财险业务系统】with handle -375883dd-3618-4e9e-96e7-a964f2a3ce2c
2020/07/14 23:21:00:623 DEBUG com.sinosoft.test.base.TestBase:272 - 系统窗口【黄河财险业务系统】with handle -375883dd-3618-4e9e-96e7-a964f2a3ce2c
2020/07/14 23:21:01:294 DEBUG com.sinosoft.test.base.TestBase:272 - 系统窗口【Code Select】with handle -cda5a22d-38b0-44a0-939b-b3f5f8db0976
2020/07/14 23:21:01:817 DEBUG com.sinosoft.test.base.TestBase:69 - 初始化class com.sinosoft.test.fccp.common.CodeSelectPage
2020/07/14 23:21:01:819 DEBUG com.sinosoft.test.base.TestBase:39 - 基础码表选择！
2020/07/14 23:21:01:822 DEBUG com.sinosoft.test.base.TestBase:76 - Trying to find Element By : By.name: fieldValue
2020/07/14 23:21:02:146 DEBUG com.sinosoft.test.base.TestBase:80 - Found Element By : By.name: fieldValue
2020/07/14 23:21:02:146  INFO com.sinosoft.test.base.TestBase:360 - setEditboxValue:[[InternetExplorerDriver: internet explorer on WINDOWS (91280b4c-adce-4b7c-8686-7bd65a239621)] -> name: fieldValue]：B
2020/07/14 23:21:03:579  INFO com.sinosoft.test.base.TestBase:363 - setEditboxValue—End:[[InternetExplorerDriver: internet explorer on WINDOWS (91280b4c-adce-4b7c-8686-7bd65a239621)] -> name: fieldValue]：B
2020/07/14 23:21:03:579 DEBUG com.sinosoft.test.base.TestBase:76 - Trying to find Element By : By.xpath: //input[@value='查询(Q)']
2020/07/14 23:21:03:892 DEBUG com.sinosoft.test.base.TestBase:80 - Found Element By : By.xpath: //input[@value='查询(Q)']
2020/07/14 23:21:03:892  INFO com.sinosoft.test.base.TestBase:402 - clickButton:[[InternetExplorerDriver: internet explorer on WINDOWS (91280b4c-adce-4b7c-8686-7bd65a239621)] -> xpath: //input[@value='查询(Q)']]
2020/07/14 23:21:03:892 DEBUG com.sinosoft.test.base.TestBase:42 - Trying to click on: [[InternetExplorerDriver: internet explorer on WINDOWS (91280b4c-adce-4b7c-8686-7bd65a239621)] -> xpath: //input[@value='查询(Q)']]
2020/07/14 23:21:05:528 DEBUG com.sinosoft.test.base.TestBase:46 - Clicked on: [[InternetExplorerDriver: internet explorer on WINDOWS (91280b4c-adce-4b7c-8686-7bd65a239621)] -> xpath: //input[@value='查询(Q)']]
2020/07/14 23:21:05:528 DEBUG com.sinosoft.test.base.TestBase:76 - Trying to find Element By : By.name: codeselect
2020/07/14 23:21:05:845 DEBUG com.sinosoft.test.base.TestBase:80 - Found Element By : By.name: codeselect
2020/07/14 23:21:05:846  INFO com.sinosoft.test.base.TestBase:132 - setFuzzySelect:[[InternetExplorerDriver: internet explorer on WINDOWS (91280b4c-adce-4b7c-8686-7bd65a239621)] -> name: codeselect]->B
2020/07/14 23:21:06:457 DEBUG com.sinosoft.test.base.TestBase:76 - Trying to find Element By : By.tagName: option
2020/07/14 23:21:06:789 DEBUG com.sinosoft.test.base.TestBase:80 - Found Element By : By.tagName: option
2020/07/14 23:21:07:128  INFO com.sinosoft.test.base.TestBase:142 - 找到匹配【B】的选项：B
2020/07/14 23:21:07:128 DEBUG com.sinosoft.test.base.TestBase:76 - Trying to find Element By : By.xpath: .//option[normalize-space(.) = "B"]
2020/07/14 23:21:07:459 DEBUG com.sinosoft.test.base.TestBase:80 - Found Element By : By.xpath: .//option[normalize-space(.) = "B"]
2020/07/14 23:21:07:771 DEBUG com.sinosoft.test.base.TestBase:42 - Trying to click on: [[[[InternetExplorerDriver: internet explorer on WINDOWS (91280b4c-adce-4b7c-8686-7bd65a239621)] -> name: codeselect]] -> xpath: .//option[normalize-space(.) = "B"]]
2020/07/14 23:21:08:301 DEBUG com.sinosoft.test.base.TestBase:46 - Clicked on: [[[[InternetExplorerDriver: internet explorer on WINDOWS (91280b4c-adce-4b7c-8686-7bd65a239621)] -> name: codeselect]] -> xpath: .//option[normalize-space(.) = "B"]]
2020/07/14 23:21:08:301 DEBUG com.sinosoft.test.base.TestBase:151 - setFuzzySelect 结束！
2020/07/14 23:21:08:301 DEBUG com.sinosoft.test.base.TestBase:76 - Trying to find Element By : By.name: SelectIt
2020/07/14 23:21:08:598 DEBUG com.sinosoft.test.base.TestBase:80 - Found Element By : By.name: SelectIt
2020/07/14 23:21:08:598  INFO com.sinosoft.test.base.TestBase:416 - jsClickButton:[[InternetExplorerDriver: internet explorer on WINDOWS (91280b4c-adce-4b7c-8686-7bd65a239621)] -> name: SelectIt]
2020/07/14 23:21:08:599  INFO com.sinosoft.test.base.TestBase:144 - RunJavaScript:[[InternetExplorerDriver: internet explorer on WINDOWS (91280b4c-adce-4b7c-8686-7bd65a239621)] -> name: SelectIt]	arguments[0].click();
2020/07/14 23:21:09:446 DEBUG com.sinosoft.test.base.TestBase:272 - 系统窗口【黄河财险业务系统】with handle -375883dd-3618-4e9e-96e7-a964f2a3ce2c
2020/07/14 23:21:12:342 DEBUG com.sinosoft.test.base.TestBase:49 - CodeSelect:设置完毕[[InternetExplorerDriver: internet explorer on WINDOWS (91280b4c-adce-4b7c-8686-7bd65a239621)] -> name: GuMainXsfInd] & Code=B
2020/07/14 23:21:12:343 DEBUG com.sinosoft.test.base.TestBase:76 - Trying to find Element By : By.name: GuMainAdjustRate
2020/07/14 23:21:12:449 DEBUG com.sinosoft.test.base.TestBase:80 - Found Element By : By.name: GuMainAdjustRate
2020/07/14 23:21:12:449  INFO com.sinosoft.test.base.TestBase:360 - setEditboxValue:[[InternetExplorerDriver: internet explorer on WINDOWS (91280b4c-adce-4b7c-8686-7bd65a239621)] -> name: GuMainAdjustRate]：2
2020/07/14 23:21:12:450 DEBUG com.sinosoft.test.base.TestBase:76 - Trying to find Element By : By.name: GuMainAdjustRate
2020/07/14 23:21:12:567 DEBUG com.sinosoft.test.base.TestBase:80 - Found Element By : By.name: GuMainAdjustRate
2020/07/14 23:21:13:029 DEBUG com.sinosoft.test.base.TestBase:76 - Trying to find Element By : By.name: GuMainAdjustRate
2020/07/14 23:21:13:148 DEBUG com.sinosoft.test.base.TestBase:80 - Found Element By : By.name: GuMainAdjustRate
2020/07/14 23:21:13:605 DEBUG com.sinosoft.test.base.TestBase:76 - Trying to find Element By : By.name: GuMainAdjustRate
2020/07/14 23:21:13:704 DEBUG com.sinosoft.test.base.TestBase:80 - Found Element By : By.name: GuMainAdjustRate
2020/07/14 23:21:13:705  INFO com.sinosoft.test.base.TestBase:363 - setEditboxValue—End:[[InternetExplorerDriver: internet explorer on WINDOWS (91280b4c-adce-4b7c-8686-7bd65a239621)] -> name: GuMainAdjustRate]：2
2020/07/14 23:21:13:705 DEBUG com.sinosoft.test.base.TestBase:76 - Trying to find Element By : By.id: saveButton
2020/07/14 23:21:13:821 DEBUG com.sinosoft.test.base.TestBase:80 - Found Element By : By.id: saveButton
2020/07/14 23:21:13:821  INFO com.sinosoft.test.base.TestBase:402 - clickButton:[[InternetExplorerDriver: internet explorer on WINDOWS (91280b4c-adce-4b7c-8686-7bd65a239621)] -> id: saveButton]
2020/07/14 23:21:13:821 DEBUG com.sinosoft.test.base.TestBase:76 - Trying to find Element By : By.id: saveButton
2020/07/14 23:21:13:906 DEBUG com.sinosoft.test.base.TestBase:80 - Found Element By : By.id: saveButton
2020/07/14 23:21:13:906 DEBUG com.sinosoft.test.base.TestBase:42 - Trying to click on: [[InternetExplorerDriver: internet explorer on WINDOWS (91280b4c-adce-4b7c-8686-7bd65a239621)] -> id: saveButton]
2020/07/14 23:21:16:830 DEBUG com.sinosoft.test.base.TestBase:46 - Clicked on: [[InternetExplorerDriver: internet explorer on WINDOWS (91280b4c-adce-4b7c-8686-7bd65a239621)] -> id: saveButton]
2020/07/14 23:21:17:695  INFO com.sinosoft.test.base.TestBase:51 - 开始点击提交复核按钮
2020/07/14 23:21:17:696 DEBUG com.sinosoft.test.base.TestBase:76 - Trying to find Element By : By.name: Save
2020/07/14 23:21:17:766 DEBUG com.sinosoft.test.base.TestBase:80 - Found Element By : By.name: Save
2020/07/14 23:21:17:766  INFO com.sinosoft.test.base.TestBase:416 - jsClickButton:[[InternetExplorerDriver: internet explorer on WINDOWS (91280b4c-adce-4b7c-8686-7bd65a239621)] -> name: Save]
2020/07/14 23:21:17:766 DEBUG com.sinosoft.test.base.TestBase:76 - Trying to find Element By : By.name: Save
2020/07/14 23:21:17:833 DEBUG com.sinosoft.test.base.TestBase:80 - Found Element By : By.name: Save
2020/07/14 23:21:17:834  INFO com.sinosoft.test.base.TestBase:144 - RunJavaScript:[[InternetExplorerDriver: internet explorer on WINDOWS (91280b4c-adce-4b7c-8686-7bd65a239621)] -> name: Save]	arguments[0].click();
2020/07/14 23:21:17:835 DEBUG com.sinosoft.test.base.TestBase:76 - Trying to find Element By : By.name: Save
2020/07/14 23:21:17:962 DEBUG com.sinosoft.test.base.TestBase:80 - Found Element By : By.name: Save
2020/07/14 23:21:18:645  INFO com.sinosoft.test.base.TestBase:53 - 点击复核完毕！
2020/07/14 23:21:23:647  INFO com.sinosoft.test.base.TestBase:55 - 返回的窗口标题：
2020/07/14 23:21:23:647 DEBUG com.sinosoft.test.base.TestBase:88 - 截屏文件名字是：FCCB_TB_JCX_1_提交复核结果
2020/07/14 23:21:23:795 DEBUG com.sinosoft.test.base.TestBase:69 - 初始化class com.sinosoft.test.fccp.tbcl.SubmitReviewResult
2020/07/14 23:21:24:554 DEBUG com.sinosoft.test.base.TestBase:76 - Trying to find Element By : By.name: GuProposalProposalNo
2020/07/14 23:21:24:624 DEBUG com.sinosoft.test.base.TestBase:80 - Found Element By : By.name: GuProposalProposalNo
2020/07/14 23:21:24:624 DEBUG com.sinosoft.test.base.TestBase:76 - Trying to find Element By : By.xpath: ..
2020/07/14 23:21:24:771 DEBUG com.sinosoft.test.base.TestBase:80 - Found Element By : By.xpath: ..
2020/07/14 23:21:24:836 DEBUG com.sinosoft.test.base.TestBase:119 - 提交结果:_投保单号码 06201900101202000000000089  状态为: 待双核审核
2020/07/14 23:21:24:836  INFO com.sinosoft.test.base.TestBase:136 - 进入Finally事件:RowID:2
2020/07/14 23:21:24:837  INFO com.sinosoft.test.base.TestBase:137 - 进入Finally事件:testCaseName:FCCB_TBCL
2020/07/14 23:21:24:837  INFO com.sinosoft.test.base.TestBase:138 - 进入Finally事件:proposalNumber:06201900101202000000000089
2020/07/14 23:21:24:837  INFO com.sinosoft.test.base.TestBase:139 - 进入Finally事件:message:未知异常null
2020/07/14 23:21:24:838  INFO com.sinosoft.test.base.TestBase:140 - 进入Finally事件:screenshot:C:\Users\liu-b\git\PageObjectModel\screenshots\FCCB_TB_JCX_1_异常截屏_20200714111250344.png
2020/07/14 23:21:25:475 DEBUG freemarker.cache:45 - Couldn't find template in cache for "index.ftl"("en", UTF-8, parsed); will try to load it.
2020/07/14 23:21:25:477 DEBUG freemarker.cache:45 - TemplateLoader.findTemplateSource("index_en.ftl"): Not found
2020/07/14 23:21:25:480 DEBUG freemarker.cache:45 - TemplateLoader.findTemplateSource("index.ftl"): Found
2020/07/14 23:21:25:481 DEBUG freemarker.cache:45 - Loading template for "index.ftl"("en", UTF-8, parsed) from "jar:file:/C:/Users/liu-b/.m2/repository/com/aventstack/extentreports/3.1.3/extentreports-3.1.3.jar!/com/aventstack/extentreports/view/html-report/index.ftl"
2020/07/14 23:21:25:913 DEBUG freemarker.cache:45 - Couldn't find template in cache for "head.ftl"("en", UTF-8, parsed); will try to load it.
2020/07/14 23:21:25:916 DEBUG freemarker.cache:45 - TemplateLoader.findTemplateSource("head_en.ftl"): Not found
2020/07/14 23:21:25:918 DEBUG freemarker.cache:45 - TemplateLoader.findTemplateSource("head.ftl"): Found
2020/07/14 23:21:25:919 DEBUG freemarker.cache:45 - Loading template for "head.ftl"("en", UTF-8, parsed) from "jar:file:/C:/Users/liu-b/.m2/repository/com/aventstack/extentreports/3.1.3/extentreports-3.1.3.jar!/com/aventstack/extentreports/view/html-report/head.ftl"
2020/07/14 23:21:25:924 DEBUG freemarker.cache:45 - Couldn't find template in cache for "nav.ftl"("en", UTF-8, parsed); will try to load it.
2020/07/14 23:21:25:925 DEBUG freemarker.cache:45 - TemplateLoader.findTemplateSource("nav_en.ftl"): Not found
2020/07/14 23:21:25:925 DEBUG freemarker.cache:45 - TemplateLoader.findTemplateSource("nav.ftl"): Found
2020/07/14 23:21:25:926 DEBUG freemarker.cache:45 - Loading template for "nav.ftl"("en", UTF-8, parsed) from "jar:file:/C:/Users/liu-b/.m2/repository/com/aventstack/extentreports/3.1.3/extentreports-3.1.3.jar!/com/aventstack/extentreports/view/html-report/nav.ftl"
2020/07/14 23:21:25:945 DEBUG freemarker.cache:45 - Couldn't find template in cache for "test-view/test-view.ftl"("en", UTF-8, parsed); will try to load it.
2020/07/14 23:21:25:946 DEBUG freemarker.cache:45 - TemplateLoader.findTemplateSource("test-view/test-view_en.ftl"): Not found
2020/07/14 23:21:25:950 DEBUG freemarker.cache:45 - TemplateLoader.findTemplateSource("test-view/test-view.ftl"): Found
2020/07/14 23:21:25:951 DEBUG freemarker.cache:45 - Loading template for "test-view/test-view.ftl"("en", UTF-8, parsed) from "jar:file:/C:/Users/liu-b/.m2/repository/com/aventstack/extentreports/3.1.3/extentreports-3.1.3.jar!/com/aventstack/extentreports/view/html-report/test-view/test-view.ftl"
2020/07/14 23:21:25:961 DEBUG freemarker.cache:45 - Couldn't find template in cache for "test-view/test-view-charts.ftl"("en", UTF-8, parsed); will try to load it.
2020/07/14 23:21:25:962 DEBUG freemarker.cache:45 - TemplateLoader.findTemplateSource("test-view/test-view-charts_en.ftl"): Not found
2020/07/14 23:21:25:967 DEBUG freemarker.cache:45 - TemplateLoader.findTemplateSource("test-view/test-view-charts.ftl"): Found
2020/07/14 23:21:25:969 DEBUG freemarker.cache:45 - Loading template for "test-view/test-view-charts.ftl"("en", UTF-8, parsed) from "jar:file:/C:/Users/liu-b/.m2/repository/com/aventstack/extentreports/3.1.3/extentreports-3.1.3.jar!/com/aventstack/extentreports/view/html-report/test-view/test-view-charts.ftl"
2020/07/14 23:21:25:990 DEBUG freemarker.cache:45 - Couldn't find template in cache for "test-view/standard.ftl"("en", UTF-8, parsed); will try to load it.
2020/07/14 23:21:25:990 DEBUG freemarker.cache:45 - TemplateLoader.findTemplateSource("test-view/standard_en.ftl"): Not found
2020/07/14 23:21:25:991 DEBUG freemarker.cache:45 - TemplateLoader.findTemplateSource("test-view/standard.ftl"): Found
2020/07/14 23:21:25:991 DEBUG freemarker.cache:45 - Loading template for "test-view/standard.ftl"("en", UTF-8, parsed) from "jar:file:/C:/Users/liu-b/.m2/repository/com/aventstack/extentreports/3.1.3/extentreports-3.1.3.jar!/com/aventstack/extentreports/view/html-report/test-view/standard.ftl"
2020/07/14 23:21:26:027 DEBUG freemarker.cache:45 - Couldn't find template in cache for "category-view/category-view.ftl"("en", UTF-8, parsed); will try to load it.
2020/07/14 23:21:26:028 DEBUG freemarker.cache:45 - TemplateLoader.findTemplateSource("category-view/category-view_en.ftl"): Not found
2020/07/14 23:21:26:029 DEBUG freemarker.cache:45 - TemplateLoader.findTemplateSource("category-view/category-view.ftl"): Found
2020/07/14 23:21:26:029 DEBUG freemarker.cache:45 - Loading template for "category-view/category-view.ftl"("en", UTF-8, parsed) from "jar:file:/C:/Users/liu-b/.m2/repository/com/aventstack/extentreports/3.1.3/extentreports-3.1.3.jar!/com/aventstack/extentreports/view/html-report/category-view/category-view.ftl"
2020/07/14 23:21:26:039 DEBUG freemarker.cache:45 - Couldn't find template in cache for "author-view/author-view.ftl"("en", UTF-8, parsed); will try to load it.
2020/07/14 23:21:26:040 DEBUG freemarker.cache:45 - TemplateLoader.findTemplateSource("author-view/author-view_en.ftl"): Not found
2020/07/14 23:21:26:040 DEBUG freemarker.cache:45 - TemplateLoader.findTemplateSource("author-view/author-view.ftl"): Found
2020/07/14 23:21:26:041 DEBUG freemarker.cache:45 - Loading template for "author-view/author-view.ftl"("en", UTF-8, parsed) from "jar:file:/C:/Users/liu-b/.m2/repository/com/aventstack/extentreports/3.1.3/extentreports-3.1.3.jar!/com/aventstack/extentreports/view/html-report/author-view/author-view.ftl"
2020/07/14 23:21:26:050 DEBUG freemarker.cache:45 - Couldn't find template in cache for "exception-view/exception-view.ftl"("en", UTF-8, parsed); will try to load it.
2020/07/14 23:21:26:053 DEBUG freemarker.cache:45 - TemplateLoader.findTemplateSource("exception-view/exception-view_en.ftl"): Not found
2020/07/14 23:21:26:053 DEBUG freemarker.cache:45 - TemplateLoader.findTemplateSource("exception-view/exception-view.ftl"): Found
2020/07/14 23:21:26:054 DEBUG freemarker.cache:45 - Loading template for "exception-view/exception-view.ftl"("en", UTF-8, parsed) from "jar:file:/C:/Users/liu-b/.m2/repository/com/aventstack/extentreports/3.1.3/extentreports-3.1.3.jar!/com/aventstack/extentreports/view/html-report/exception-view/exception-view.ftl"
2020/07/14 23:21:26:060 DEBUG freemarker.cache:45 - Couldn't find template in cache for "dashboard-view/dashboard-view.ftl"("en", UTF-8, parsed); will try to load it.
2020/07/14 23:21:26:061 DEBUG freemarker.cache:45 - TemplateLoader.findTemplateSource("dashboard-view/dashboard-view_en.ftl"): Not found
2020/07/14 23:21:26:062 DEBUG freemarker.cache:45 - TemplateLoader.findTemplateSource("dashboard-view/dashboard-view.ftl"): Found
2020/07/14 23:21:26:063 DEBUG freemarker.cache:45 - Loading template for "dashboard-view/dashboard-view.ftl"("en", UTF-8, parsed) from "jar:file:/C:/Users/liu-b/.m2/repository/com/aventstack/extentreports/3.1.3/extentreports-3.1.3.jar!/com/aventstack/extentreports/view/html-report/dashboard-view/dashboard-view.ftl"
2020/07/14 23:21:26:072 DEBUG freemarker.cache:45 - Couldn't find template in cache for "logs-view/testrunner-logs-view.ftl"("en", UTF-8, parsed); will try to load it.
2020/07/14 23:21:26:074 DEBUG freemarker.cache:45 - TemplateLoader.findTemplateSource("logs-view/testrunner-logs-view_en.ftl"): Not found
2020/07/14 23:21:26:074 DEBUG freemarker.cache:45 - TemplateLoader.findTemplateSource("logs-view/testrunner-logs-view.ftl"): Found
2020/07/14 23:21:26:074 DEBUG freemarker.cache:45 - Loading template for "logs-view/testrunner-logs-view.ftl"("en", UTF-8, parsed) from "jar:file:/C:/Users/liu-b/.m2/repository/com/aventstack/extentreports/3.1.3/extentreports-3.1.3.jar!/com/aventstack/extentreports/view/html-report/logs-view/testrunner-logs-view.ftl"
